hz1x1_sensor5_presslight_domain_randomization	REAL_TEST	3	506.8	100.0	-178.07	132.24	0.62	1053
hz1x1_sensor5_presslight_domain_randomization	REAL_TEST	6	229.1	100.0	-111.12	86.49	0.61	1723
hz1x1_sensor5_presslight_domain_randomization	REAL_TEST	9	759.6	100.0	-213.93	206.36	0.82	693
hz1x1_sensor5_presslight_domain_randomization	REAL_TEST	12	839.5	100.0	-219.77	213.06	0.83	616
hz1x1_sensor5_presslight_domain_randomization	REAL_TEST	15	839.3	100.0	-219.49	212.76	0.83	616
hz1x1_sensor5_presslight_domain_randomization	REAL_TEST	18	839.3	100.0	-219.49	212.76	0.83	616
hz1x1_sensor5_presslight_domain_randomization	REAL_TEST	21	815.2	100.0	-218.27	211.22	0.82	638
hz1x1_sensor5_presslight_domain_randomization	REAL_TEST	24	839.3	100.0	-219.49	203.87	0.71	616
hz1x1_sensor5_presslight_domain_randomization	REAL_TEST	27	705.0	100.0	-221.43	212.93	0.82	806
hz1x1_sensor5_presslight_domain_randomization	REAL_TEST	30	680.6	100.0	-203.54	185.64	0.73	818
hz1x1_sensor5_presslight_domain_randomization	REAL_TEST	33	651.4	100.0	-221.51	212.31	0.83	899
hz1x1_sensor5_presslight_domain_randomization	REAL_TEST	36	492.5	100.0	-209.96	198.77	0.82	1328
hz1x1_sensor5_presslight_domain_randomization	REAL_TEST	39	137.9	100.0	-60.18	30.20	0.55	1938
hz1x1_sensor5_presslight_domain_randomization	REAL_TEST	42	852.9	100.0	-220.64	214.00	0.83	604
hz1x1_sensor5_presslight_domain_randomization	REAL_TEST	45	623.8	100.0	-220.64	211.67	0.83	960
hz1x1_sensor5_presslight_domain_randomization	REAL_TEST	48	852.9	100.0	-220.64	214.00	0.83	604
hz1x1_sensor5_presslight_domain_randomization	REAL_TEST	51	644.2	100.0	-209.51	201.08	0.81	897
hz1x1_sensor5_presslight_domain_randomization	REAL_TEST	54	852.9	100.0	-220.64	214.00	0.83	604
hz1x1_sensor5_presslight_domain_randomization	REAL_TEST	57	852.9	100.0	-220.64	214.00	0.83	604
hz1x1_sensor5_presslight_domain_randomization	REAL_TEST	60	617.1	100.0	-226.62	217.42	0.83	976
hz1x1_sensor5_presslight_domain_randomization	REAL_TEST	63	575.7	100.0	-225.50	215.02	0.83	1094
hz1x1_sensor5_presslight_domain_randomization	REAL_TEST	66	261.8	100.0	-100.68	36.22	0.56	1443
hz1x1_sensor5_presslight_domain_randomization	REAL_TEST	69	494.7	100.0	-220.17	206.87	0.82	1311
hz1x1_sensor5_presslight_domain_randomization	REAL_TEST	72	565.4	100.0	-222.95	211.81	0.83	1115
hz1x1_sensor5_presslight_domain_randomization	REAL_TEST	75	460.6	100.0	-211.46	198.27	0.81	1488
hz1x1_sensor5_presslight_domain_randomization	REAL_TEST	78	540.3	100.0	-230.09	188.19	0.70	1196
hz1x1_sensor5_presslight_domain_randomization	REAL_TEST	81	501.2	100.0	-225.04	212.41	0.82	1306
hz1x1_sensor5_presslight_domain_randomization	REAL_TEST	84	493.3	100.0	-212.01	200.31	0.82	1308
hz1x1_sensor5_presslight_domain_randomization	REAL_TEST	87	657.4	100.0	-223.33	213.81	0.83	894
hz1x1_sensor5_presslight_domain_randomization	REAL_TEST	90	852.9	100.0	-220.64	214.00	0.83	604
hz1x1_sensor5_presslight_domain_randomization	REAL_TEST	93	852.9	100.0	-220.64	214.00	0.83	604
hz1x1_sensor5_presslight_domain_randomization	REAL_TEST	96	583.4	100.0	-222.27	211.74	0.82	1060
hz1x1_sensor5_presslight_domain_randomization	REAL_TEST	99	839.3	100.0	-219.49	212.76	0.83	616
hz1x1_sensor5_presslight_domain_randomization	REAL_TEST	102	839.5	100.0	-219.77	213.06	0.83	616
hz1x1_sensor5_presslight_domain_randomization	REAL_TEST	105	839.5	100.0	-219.77	213.06	0.83	616
hz1x1_sensor5_presslight_domain_randomization	REAL_TEST	108	714.5	100.0	-211.83	204.39	0.83	757
hz1x1_sensor5_presslight_domain_randomization	REAL_TEST	111	852.9	100.0	-220.64	214.00	0.83	604
hz1x1_sensor5_presslight_domain_randomization	REAL_TEST	114	839.3	100.0	-219.49	212.76	0.83	616
hz1x1_sensor5_presslight_domain_randomization	REAL_TEST	117	839.3	100.0	-219.49	162.78	0.71	616
hz1x1_sensor5_presslight_domain_randomization	REAL_TEST	120	839.3	100.0	-219.49	212.76	0.83	616
hz1x1_sensor5_presslight_domain_randomization	REAL_TEST	123	839.5	100.0	-219.77	213.06	0.83	616
hz1x1_sensor5_presslight_domain_randomization	REAL_TEST	126	852.9	100.0	-220.64	205.11	0.71	604
hz1x1_sensor5_presslight_domain_randomization	REAL_TEST	129	852.9	100.0	-220.64	175.22	0.59	604
hz1x1_sensor5_presslight_domain_randomization	REAL_TEST	132	438.1	100.0	-201.81	188.60	0.82	1525
hz1x1_sensor5_presslight_domain_randomization	REAL_TEST	135	391.9	100.0	-181.44	167.61	0.81	1592
hz1x1_sensor5_presslight_domain_randomization	REAL_TEST	138	536.0	100.0	-161.86	152.93	0.78	956
hz1x1_sensor5_presslight_domain_randomization	REAL_TEST	141	497.3	100.0	-153.48	144.25	0.78	1000
hz1x1_sensor5_presslight_domain_randomization	REAL_TEST	144	382.1	100.0	-181.54	167.66	0.77	1588
hz1x1_sensor5_presslight_domain_randomization	REAL_TEST	147	395.7	100.0	-189.80	176.18	0.80	1572
hz1x1_sensor5_presslight_domain_randomization	REAL_TEST	150	468.6	100.0	-192.02	180.01	0.77	1336
hz1x1_sensor5_presslight_domain_randomization	REAL_TEST	153	512.7	100.0	-194.32	183.91	0.79	1122
hz1x1_sensor5_presslight_domain_randomization	REAL_TEST	156	593.5	100.0	-193.31	184.03	0.77	970
hz1x1_sensor5_presslight_domain_randomization	REAL_TEST	159	484.1	100.0	-147.19	77.72	0.52	995
hz1x1_sensor5_presslight_domain_randomization	REAL_TEST	162	1013.8	100.0	-191.87	169.19	0.61	480
hz1x1_sensor5_presslight_domain_randomization	REAL_TEST	165	544.7	100.0	-164.60	155.61	0.77	954
hz1x1_sensor5_presslight_domain_randomization	REAL_TEST	168	554.3	100.0	-167.74	158.89	0.78	950
hz1x1_sensor5_presslight_domain_randomization	REAL_TEST	171	564.3	100.0	-170.88	161.97	0.78	953
hz1x1_sensor5_presslight_domain_randomization	REAL_TEST	174	757.0	100.0	-203.29	158.25	0.69	715
hz1x1_sensor5_presslight_domain_randomization	REAL_TEST	177	777.6	100.0	-206.77	161.84	0.70	697
hz1x1_sensor5_presslight_domain_randomization	REAL_TEST	180	539.1	100.0	-172.37	162.99	0.78	1008
hz1x1_sensor5_presslight_domain_randomization	REAL_TEST	183	289.2	100.0	-142.54	127.11	0.78	1801
hz1x1_sensor5_presslight_domain_randomization	REAL_TEST	186	299.8	100.0	-152.13	137.30	0.74	1818
hz1x1_sensor5_presslight_domain_randomization	REAL_TEST	189	474.7	100.0	-182.00	156.94	0.66	1236
hz1x1_sensor5_presslight_domain_randomization	REAL_TEST	192	509.6	100.0	-197.90	116.24	0.52	1215
hz1x1_sensor5_presslight_domain_randomization	REAL_TEST	195	333.9	100.0	-170.08	155.61	0.79	1825
hz1x1_sensor5_presslight_domain_randomization	REAL_TEST	198	376.8	100.0	-195.59	144.03	0.71	1798
hz1x1_sensor5_presslight_domain_randomization	REAL_TEST	201	280.1	100.0	-112.69	50.33	0.59	1469
hz1x1_sensor5_presslight_domain_randomization	REAL_TEST	204	501.6	100.0	-164.01	154.33	0.78	1064
hz1x1_sensor5_presslight_domain_randomization	REAL_TEST	207	482.9	100.0	-162.35	151.94	0.75	1084
hz1x1_sensor5_presslight_domain_randomization	REAL_TEST	210	432.4	100.0	-165.43	154.79	0.79	1260
hz1x1_sensor5_presslight_domain_randomization	REAL_TEST	213	462.8	100.0	-207.93	196.36	0.82	1433
hz1x1_sensor5_presslight_domain_randomization	REAL_TEST	216	448.2	100.0	-148.35	98.25	0.65	1093
hz1x1_sensor5_presslight_domain_randomization	REAL_TEST	219	599.1	100.0	-213.33	173.49	0.66	1018
hz1x1_sensor5_presslight_domain_randomization	REAL_TEST	222	815.3	100.0	-218.08	211.05	0.83	638
hz1x1_sensor5_presslight_domain_randomization	REAL_TEST	225	839.5	100.0	-219.77	204.17	0.71	616
hz1x1_sensor5_presslight_domain_randomization	REAL_TEST	228	294.9	100.0	-147.31	132.07	0.76	1733
hz1x1_sensor5_presslight_domain_randomization	REAL_TEST	231	318.4	100.0	-162.32	147.96	0.75	1735
hz1x1_sensor5_presslight_domain_randomization	REAL_TEST	234	290.1	100.0	-135.04	82.62	0.62	1655
hz1x1_sensor5_presslight_domain_randomization	REAL_TEST	237	1026.8	100.0	-227.74	175.55	0.62	488
hz1x1_sensor5_presslight_domain_randomization	REAL_TEST	240	555.7	100.0	-206.98	159.05	0.70	1107
hz1x1_sensor5_presslight_domain_randomization	REAL_TEST	243	391.0	100.0	-195.16	180.97	0.81	1702
hz1x1_sensor5_presslight_domain_randomization	REAL_TEST	246	404.7	100.0	-193.77	180.25	0.80	1615
hz1x1_sensor5_presslight_domain_randomization	REAL_TEST	249	533.7	100.0	-197.84	186.73	0.78	1159
hz1x1_sensor5_presslight_domain_randomization	REAL_TEST	252	726.5	100.0	-221.85	136.70	0.58	771
hz1x1_sensor5_presslight_domain_randomization	REAL_TEST	255	436.4	100.0	-202.39	112.34	0.59	1528
hz1x1_sensor5_presslight_domain_randomization	REAL_TEST	258	514.7	100.0	-194.89	184.12	0.80	1176
hz1x1_sensor5_presslight_domain_randomization	REAL_TEST	261	680.4	100.0	-218.43	179.91	0.70	840
hz1x1_sensor5_presslight_domain_randomization	REAL_TEST	264	541.3	100.0	-196.75	185.86	0.78	1127
hz1x1_sensor5_presslight_domain_randomization	REAL_TEST	267	519.2	100.0	-156.50	147.40	0.74	961
hz1x1_sensor5_presslight_domain_randomization	REAL_TEST	270	772.5	100.0	-205.23	160.29	0.70	691
hz1x1_sensor5_presslight_domain_randomization	REAL_TEST	273	567.1	100.0	-196.48	167.11	0.65	978
hz1x1_sensor5_presslight_domain_randomization	REAL_TEST	276	504.4	100.0	-187.95	170.48	0.71	1087
hz1x1_sensor5_presslight_domain_randomization	REAL_TEST	279	535.6	100.0	-184.28	174.62	0.78	1000
hz1x1_sensor5_presslight_domain_randomization	REAL_TEST	282	551.8	100.0	-169.33	160.41	0.78	957
hz1x1_sensor5_presslight_domain_randomization	REAL_TEST	285	507.2	100.0	-194.65	143.99	0.68	1174
hz1x1_sensor5_presslight_domain_randomization	REAL_TEST	288	526.3	100.0	-158.67	149.38	0.75	970
hz1x1_sensor5_presslight_domain_randomization	REAL_TEST	291	745.4	100.0	-199.48	154.34	0.69	711
hz1x1_sensor5_presslight_domain_randomization	REAL_TEST	294	643.0	100.0	-195.28	157.23	0.68	821
hz1x1_sensor5_presslight_domain_randomization	REAL_TEST	297	674.7	100.0	-189.00	181.24	0.81	770
