MORLGrid: 16 grid policies
SIM_TRAIN step:0, travel time:135.46313706086096, q_loss:0, rewards:-44.184162, queue:34.991665, delay:0.5907369, throughput:1957, raw_metrics:{'fairness': 121.0}
SIM_TRAIN step:1, travel time:137.2894606630381, q_loss:0, rewards:-45.08502, queue:35.680557, delay:0.62156785, throughput:1964, raw_metrics:{'fairness': 155.0}
SIM_TRAIN step:2, travel time:132.0257298367145, q_loss:154.47002, rewards:-42.24056, queue:34.319443, delay:0.59416205, throughput:1933, raw_metrics:{'fairness': 159.0}
SIM_TRAIN step:3, travel time:338.2859970311727, q_loss:45.806522, rewards:-80.94642, queue:68.030556, delay:0.6873793, throughput:1751, raw_metrics:{'fairness': 174.0}
SIM_TRAIN step:4, travel time:230.65561603166748, q_loss:2.7180653, rewards:-69.323074, queue:56.205555, delay:0.6698278, throughput:1785, raw_metrics:{'fairness': 111.0}
SIM_TRAIN step:5, travel time:329.5838693715982, q_loss:0.70642525, rewards:-87.1164, queue:71.875, delay:0.71180946, throughput:1840, raw_metrics:{'fairness': 104.0}
SIM_TRAIN step:6, travel time:300.0405739732806, q_loss:0.66603976, rewards:-86.89276, queue:71.64167, delay:0.71599996, throughput:1829, raw_metrics:{'fairness': 114.0}
SIM_TRAIN step:7, travel time:179.1073725878278, q_loss:0.6232798, rewards:-63.254436, queue:51.930557, delay:0.6785319, throughput:1922, raw_metrics:{'fairness': 154.0}
SIM_TRAIN step:8, travel time:248.2345373577437, q_loss:0.5613991, rewards:-72.519165, queue:59.405556, delay:0.65933955, throughput:1789, raw_metrics:{'fairness': 89.0}
REAL_TRAIN step:1, travel time:605.8451801363194, q_loss:100, rewards:-166.15945, queue:158.63611, delay:0.719653, throughput:767, R_real:-82.5506, components:{'queue': 1.983, 'delay': 0.72, 'waiting': 79.848, 'pressure': 0.0, 'switches': 0.0}, raw_metrics:{'fairness': 99.0, 'emission': 970.843, 'fuel': 314.741, 'emergency_stops': 0.0, 'collisions': 12.0, 'ssm_conflicts': 809.0}, grid;w=queue=0.2;delay=0.2;waiting=0.2;pressure=0.2;switches=0.2
SIM_TRAIN step:9, travel time:136.40672934190994, q_loss:0, rewards:-43.2025, queue:34.494446, delay:0.62442535, throughput:1969, raw_metrics:{'fairness': 161.0}
SIM_TRAIN step:10, travel time:125.36467095497278, q_loss:0, rewards:-38.645855, queue:30.944445, delay:0.60215276, throughput:1968, raw_metrics:{'fairness': 158.0}
SIM_TRAIN step:11, travel time:148.87382483918853, q_loss:162.2466, rewards:-48.216377, queue:39.166668, delay:0.61181915, throughput:1910, raw_metrics:{'fairness': 161.0}
SIM_TRAIN step:12, travel time:363.59623948540326, q_loss:44.794846, rewards:-76.1947, queue:66.48889, delay:0.6776212, throughput:1656, raw_metrics:{'fairness': 246.0}
SIM_TRAIN step:13, travel time:479.7936665017318, q_loss:3.3845398, rewards:-104.12027, queue:94.50278, delay:0.70911944, throughput:1437, raw_metrics:{'fairness': 235.0}
SIM_TRAIN step:14, travel time:523.5096486887679, q_loss:0.9367108, rewards:-121.15306, queue:108.77778, delay:0.7023076, throughput:1482, raw_metrics:{'fairness': 324.0}
SIM_TRAIN step:15, travel time:737.8490846115784, q_loss:0.42484343, rewards:-121.78303, queue:115.416664, delay:0.7225115, throughput:1359, raw_metrics:{'fairness': 468.0}
SIM_TRAIN step:16, travel time:803.951014349332, q_loss:1.5525174, rewards:-136.57307, queue:128.84445, delay:0.70088875, throughput:1100, raw_metrics:{'fairness': 325.0}
SIM_TRAIN step:17, travel time:843.668975754577, q_loss:6.744235, rewards:-134.5606, queue:127.638885, delay:0.7180844, throughput:1051, raw_metrics:{'fairness': 306.0}
REAL_TRAIN step:2, travel time:305.1041439476554, q_loss:100, rewards:-141.2825, queue:127.94444, delay:0.7359862, throughput:1604, R_real:-47.7248, components:{'queue': 1.599, 'delay': 0.736, 'waiting': 45.389, 'pressure': 0.0, 'switches': 0.0}, raw_metrics:{'fairness': 256.0, 'emission': 900.387, 'fuel': 291.898, 'emergency_stops': 3.0, 'collisions': 5.0, 'ssm_conflicts': 1431.0}, grid;w=queue=1.0
SIM_TRAIN step:18, travel time:131.76892627412172, q_loss:0, rewards:-41.618336, queue:32.919445, delay:0.5838754, throughput:1964, raw_metrics:{'fairness': 160.0}
SIM_TRAIN step:19, travel time:133.12370113805048, q_loss:0, rewards:-43.128075, queue:34.208332, delay:0.6105614, throughput:1960, raw_metrics:{'fairness': 165.0}
SIM_TRAIN step:20, travel time:131.01731815932706, q_loss:171.3041, rewards:-42.21834, queue:34.4, delay:0.6007902, throughput:1902, raw_metrics:{'fairness': 95.0}
SIM_TRAIN step:21, travel time:422.3325086590797, q_loss:49.22029, rewards:-90.64752, queue:79.352776, delay:0.7100599, throughput:1592, raw_metrics:{'fairness': 251.0}
SIM_TRAIN step:22, travel time:749.3171697179614, q_loss:4.9864845, rewards:-131.71393, queue:125.022224, delay:0.7180263, throughput:1225, raw_metrics:{'fairness': 335.0}
SIM_TRAIN step:23, travel time:530.4913409203365, q_loss:1.5795081, rewards:-127.871346, queue:113.952774, delay:0.7347724, throughput:1480, raw_metrics:{'fairness': 357.0}
SIM_TRAIN step:24, travel time:604.9564571994063, q_loss:0.3876931, rewards:-109.87972, queue:95.80556, delay:0.6906538, throughput:1478, raw_metrics:{'fairness': 129.0}
SIM_TRAIN step:25, travel time:566.7065809005443, q_loss:0.14142378, rewards:-102.3417, queue:92.41111, delay:0.6769474, throughput:1354, raw_metrics:{'fairness': 80.0}
SIM_TRAIN step:26, travel time:413.3745670460168, q_loss:0.07567858, rewards:-92.615776, queue:80.71389, delay:0.68697655, throughput:1562, raw_metrics:{'fairness': 128.0}
REAL_TRAIN step:3, travel time:366.5143415906128, q_loss:100, rewards:-144.7956, queue:132.95277, delay:0.74810886, throughput:1299, R_real:-49.1021, components:{'queue': 1.662, 'delay': 0.748, 'waiting': 46.692, 'pressure': 0.0, 'switches': 0.0}, raw_metrics:{'fairness': 304.0, 'emission': 894.597, 'fuel': 290.022, 'emergency_stops': 3.0, 'collisions': 6.0, 'ssm_conflicts': 1170.0}, grid;w=delay=1.0
SIM_TRAIN step:27, travel time:134.84710539336962, q_loss:0, rewards:-43.52028, queue:35.086113, delay:0.6240693, throughput:1953, raw_metrics:{'fairness': 123.0}
SIM_TRAIN step:28, travel time:143.2577931716972, q_loss:0, rewards:-46.89859, queue:37.327778, delay:0.6356657, throughput:1961, raw_metrics:{'fairness': 163.0}
SIM_TRAIN step:29, travel time:128.05789213260763, q_loss:157.70755, rewards:-40.21723, queue:32.68889, delay:0.61469895, throughput:1920, raw_metrics:{'fairness': 156.0}
SIM_TRAIN step:30, travel time:250.09054923305294, q_loss:43.333878, rewards:-74.45976, queue:61.191666, delay:0.7007348, throughput:1851, raw_metrics:{'fairness': 149.0}
SIM_TRAIN step:31, travel time:265.1558634339436, q_loss:3.5996068, rewards:-82.02, queue:67.41944, delay:0.7246042, throughput:1797, raw_metrics:{'fairness': 120.0}
SIM_TRAIN step:32, travel time:185.51855517070757, q_loss:2.0717957, rewards:-65.29028, queue:51.872223, delay:0.68368757, throughput:1893, raw_metrics:{'fairness': 143.0}
SIM_TRAIN step:33, travel time:199.72686788718457, q_loss:1.7713343, rewards:-68.67499, queue:55.641666, delay:0.6891564, throughput:1915, raw_metrics:{'fairness': 143.0}
SIM_TRAIN step:34, travel time:306.15487382483917, q_loss:1.6466643, rewards:-75.82251, queue:62.16111, delay:0.67576504, throughput:1746, raw_metrics:{'fairness': 81.0}
SIM_TRAIN step:35, travel time:196.33003463631866, q_loss:1.5114428, rewards:-57.345284, queue:45.53611, delay:0.65348047, throughput:1881, raw_metrics:{'fairness': 118.0}
REAL_TRAIN step:4, travel time:105.56661713719663, q_loss:100, rewards:-41.926678, queue:24.444445, delay:0.6131605, throughput:1962, R_real:-1.7650, components:{'queue': 0.306, 'delay': 0.613, 'waiting': 0.846, 'pressure': 0.0, 'switches': 0.0}, raw_metrics:{'fairness': 158.0, 'emission': 377.665, 'fuel': 122.435, 'emergency_stops': 2.0, 'collisions': 10.0, 'ssm_conflicts': 1317.0}, grid;w=waiting=1.0
SIM_TRAIN step:36, travel time:164.90846115784265, q_loss:0, rewards:-51.486664, queue:41.238888, delay:0.6324681, throughput:1927, raw_metrics:{'fairness': 164.0}
SIM_TRAIN step:37, travel time:134.0242454230579, q_loss:0, rewards:-42.097233, queue:33.35, delay:0.5836818, throughput:1945, raw_metrics:{'fairness': 158.0}
SIM_TRAIN step:38, travel time:133.7105393369619, q_loss:168.5728, rewards:-43.806683, queue:35.825, delay:0.61386967, throughput:1909, raw_metrics:{'fairness': 100.0}
SIM_TRAIN step:39, travel time:360.8426521523998, q_loss:46.937664, rewards:-75.2086, queue:64.95556, delay:0.64867425, throughput:1685, raw_metrics:{'fairness': 227.0}
SIM_TRAIN step:40, travel time:157.33349826818406, q_loss:4.1910596, rewards:-48.874424, queue:39.816666, delay:0.6820677, throughput:1926, raw_metrics:{'fairness': 161.0}
SIM_TRAIN step:41, travel time:180.33300346363185, q_loss:2.085487, rewards:-61.237206, queue:50.288887, delay:0.6757843, throughput:1878, raw_metrics:{'fairness': 157.0}
SIM_TRAIN step:42, travel time:162.6585848589807, q_loss:2.606556, rewards:-55.767796, queue:45.608334, delay:0.6777475, throughput:1956, raw_metrics:{'fairness': 117.0}
SIM_TRAIN step:43, travel time:169.7041068777833, q_loss:2.9803426, rewards:-60.532238, queue:50.530556, delay:0.6852701, throughput:1946, raw_metrics:{'fairness': 170.0}
SIM_TRAIN step:44, travel time:123.17466600692727, q_loss:2.9055264, rewards:-38.23861, queue:31.766666, delay:0.624373, throughput:1945, raw_metrics:{'fairness': 169.0}
REAL_TRAIN step:5, travel time:505.44596651445966, q_loss:100, rewards:-174.97552, queue:166.44722, delay:0.7502822, throughput:1089, R_real:-89.3750, components:{'queue': 2.081, 'delay': 0.75, 'waiting': 86.544, 'pressure': 0.0, 'switches': 0.0}, raw_metrics:{'fairness': 451.0, 'emission': 1041.892, 'fuel': 337.774, 'emergency_stops': 0.0, 'collisions': 6.0, 'ssm_conflicts': 1120.0}, grid;w=pressure=1.0
SIM_TRAIN step:45, travel time:140.17120237506185, q_loss:0, rewards:-46.346394, queue:36.961113, delay:0.6175138, throughput:1939, raw_metrics:{'fairness': 99.0}
SIM_TRAIN step:46, travel time:140.46412666996537, q_loss:0, rewards:-45.85195, queue:36.633335, delay:0.6267729, throughput:1942, raw_metrics:{'fairness': 109.0}
SIM_TRAIN step:47, travel time:150.31420089064818, q_loss:180.99486, rewards:-49.395275, queue:39.43611, delay:0.6216161, throughput:1937, raw_metrics:{'fairness': 98.0}
SIM_TRAIN step:48, travel time:456.1588322612568, q_loss:50.803658, rewards:-84.54192, queue:78.84167, delay:0.6457041, throughput:1434, raw_metrics:{'fairness': 386.0}
SIM_TRAIN step:49, travel time:552.1068777832756, q_loss:12.5533905, rewards:-115.421364, queue:106.352776, delay:0.72028446, throughput:1373, raw_metrics:{'fairness': 251.0}
SIM_TRAIN step:50, travel time:373.15388421573476, q_loss:6.0545897, rewards:-116.76421, queue:102.8, delay:0.7463272, throughput:1578, raw_metrics:{'fairness': 201.0}
SIM_TRAIN step:51, travel time:646.5111331024245, q_loss:1.4112183, rewards:-114.00282, queue:102.361115, delay:0.693983, throughput:1344, raw_metrics:{'fairness': 63.0}
SIM_TRAIN step:52, travel time:465.7822859970312, q_loss:0.6484408, rewards:-93.53502, queue:83.25278, delay:0.68991864, throughput:1545, raw_metrics:{'fairness': 322.0}
SIM_TRAIN step:53, travel time:360.1355764473033, q_loss:0.33795854, rewards:-84.44692, queue:74.05278, delay:0.6970803, throughput:1701, raw_metrics:{'fairness': 228.0}
REAL_TRAIN step:6, travel time:243.00845253576074, q_loss:100, rewards:-91.10306, queue:77.78333, delay:0.65147763, throughput:1438, R_real:-61.6063, components:{'queue': 0.972, 'delay': 0.651, 'waiting': 59.983, 'pressure': 0.0, 'switches': 0.0}, raw_metrics:{'fairness': 543.0, 'emission': 609.839, 'fuel': 197.705, 'emergency_stops': 0.0, 'collisions': 0.0, 'ssm_conflicts': 1127.0}, grid;w=switches=1.0
SIM_TRAIN step:54, travel time:133.7357743691242, q_loss:0, rewards:-43.351944, queue:34.769444, delay:0.627924, throughput:1961, raw_metrics:{'fairness': 117.0}
SIM_TRAIN step:55, travel time:141.95546759030182, q_loss:0, rewards:-45.14278, queue:35.91111, delay:0.60132873, throughput:1958, raw_metrics:{'fairness': 159.0}
SIM_TRAIN step:56, travel time:137.41019297377537, q_loss:171.98503, rewards:-45.225834, queue:36.430557, delay:0.61677843, throughput:1931, raw_metrics:{'fairness': 102.0}
SIM_TRAIN step:57, travel time:325.02373887240356, q_loss:52.70217, rewards:-80.25556, queue:73.60555, delay:0.67066014, throughput:1524, raw_metrics:{'fairness': 183.0}
SIM_TRAIN step:58, travel time:375.7862444334488, q_loss:9.932237, rewards:-108.20025, queue:94.666664, delay:0.73444, throughput:1577, raw_metrics:{'fairness': 136.0}
SIM_TRAIN step:59, travel time:448.9079663532905, q_loss:4.5752234, rewards:-106.52254, queue:92.15278, delay:0.7479121, throughput:1522, raw_metrics:{'fairness': 189.0}
SIM_TRAIN step:60, travel time:423.8070262246413, q_loss:1.2458507, rewards:-95.30643, queue:83.416664, delay:0.6923817, throughput:1609, raw_metrics:{'fairness': 275.0}
SIM_TRAIN step:61, travel time:730.2053438891638, q_loss:0.74226785, rewards:-96.737785, queue:86.744446, delay:0.6232047, throughput:1255, raw_metrics:{'fairness': 219.0}
SIM_TRAIN step:62, travel time:326.7852548243444, q_loss:0.2869787, rewards:-89.454735, queue:77.46389, delay:0.6757838, throughput:1666, raw_metrics:{'fairness': 67.0}
REAL_TRAIN step:7, travel time:231.6154783668495, q_loss:100, rewards:-91.99109, queue:78.21667, delay:0.6569994, throughput:1535, R_real:-42.5232, components:{'queue': 0.978, 'delay': 0.657, 'waiting': 40.889, 'pressure': 0.0, 'switches': 0.0}, raw_metrics:{'fairness': 453.0, 'emission': 621.001, 'fuel': 201.323, 'emergency_stops': 3.0, 'collisions': 1.0, 'ssm_conflicts': 1099.0}, grid;w=queue=0.5;delay=0.5
SIM_TRAIN step:63, travel time:139.61949529935674, q_loss:0, rewards:-44.87583, queue:36.06111, delay:0.622471, throughput:1944, raw_metrics:{'fairness': 157.0}
SIM_TRAIN step:64, travel time:132.208312716477, q_loss:0, rewards:-42.94666, queue:34.555557, delay:0.6204425, throughput:1943, raw_metrics:{'fairness': 121.0}
SIM_TRAIN step:65, travel time:133.100445324097, q_loss:149.90555, rewards:-42.346664, queue:34.683334, delay:0.6243783, throughput:1916, raw_metrics:{'fairness': 93.0}
SIM_TRAIN step:66, travel time:319.91093518060364, q_loss:43.375298, rewards:-77.5286, queue:64.99167, delay:0.6949381, throughput:1819, raw_metrics:{'fairness': 170.0}
SIM_TRAIN step:67, travel time:197.30069238377843, q_loss:4.4859314, rewards:-67.955, queue:55.141666, delay:0.6859902, throughput:1790, raw_metrics:{'fairness': 187.0}
SIM_TRAIN step:68, travel time:433.00544285007425, q_loss:1.1261058, rewards:-93.255005, queue:79.325, delay:0.6774118, throughput:1560, raw_metrics:{'fairness': 199.0}
SIM_TRAIN step:69, travel time:237.3428995546759, q_loss:0.9566227, rewards:-62.54829, queue:51.01389, delay:0.6637175, throughput:1874, raw_metrics:{'fairness': 107.0}
SIM_TRAIN step:70, travel time:323.72983671449776, q_loss:1.0239671, rewards:-85.161705, queue:70.36389, delay:0.68968606, throughput:1761, raw_metrics:{'fairness': 84.0}
SIM_TRAIN step:71, travel time:215.41217219198415, q_loss:0.96705323, rewards:-68.2075, queue:55.519444, delay:0.6783168, throughput:1892, raw_metrics:{'fairness': 155.0}
REAL_TRAIN step:8, travel time:212.94267515923568, q_loss:100, rewards:-96.01138, queue:81.075, delay:0.66268736, throughput:1742, R_real:-14.9418, components:{'queue': 1.013, 'delay': 0.663, 'waiting': 13.266, 'pressure': 0.0, 'switches': 0.0}, raw_metrics:{'fairness': 173.0, 'emission': 657.286, 'fuel': 213.086, 'emergency_stops': 2.0, 'collisions': 10.0, 'ssm_conflicts': 1428.0}, grid;w=queue=0.5;waiting=0.5
SIM_TRAIN step:72, travel time:133.61603166749134, q_loss:0, rewards:-43.101395, queue:34.380554, delay:0.6167926, throughput:1940, raw_metrics:{'fairness': 106.0}
SIM_TRAIN step:73, travel time:126.39683325086591, q_loss:0, rewards:-39.348347, queue:31.169445, delay:0.58103114, throughput:1953, raw_metrics:{'fairness': 153.0}
SIM_TRAIN step:74, travel time:150.9752597723899, q_loss:160.70206, rewards:-49.395264, queue:39.827778, delay:0.62821394, throughput:1927, raw_metrics:{'fairness': 94.0}
SIM_TRAIN step:75, travel time:232.57347847600198, q_loss:45.870026, rewards:-67.88778, queue:57.308334, delay:0.664895, throughput:1815, raw_metrics:{'fairness': 177.0}
SIM_TRAIN step:76, travel time:254.7585353785255, q_loss:3.533765, rewards:-88.10556, queue:71.505554, delay:0.74112386, throughput:1827, raw_metrics:{'fairness': 126.0}
SIM_TRAIN step:77, travel time:253.60613557644731, q_loss:1.333412, rewards:-56.649174, queue:46.511112, delay:0.64131904, throughput:1863, raw_metrics:{'fairness': 130.0}
SIM_TRAIN step:78, travel time:372.0766947055913, q_loss:1.2668067, rewards:-100.818054, queue:87.41389, delay:0.7046897, throughput:1667, raw_metrics:{'fairness': 203.0}
SIM_TRAIN step:79, travel time:143.66798614547253, q_loss:1.3122547, rewards:-45.833344, queue:37.452778, delay:0.6297674, throughput:1973, raw_metrics:{'fairness': 156.0}
SIM_TRAIN step:80, travel time:213.1286491835725, q_loss:1.1628623, rewards:-72.65307, queue:61.430557, delay:0.6833149, throughput:1929, raw_metrics:{'fairness': 162.0}
REAL_TRAIN step:9, travel time:172.37749003984064, q_loss:100, rewards:-79.53334, queue:63.991665, delay:0.6652479, throughput:1884, R_real:-7.0931, components:{'queue': 0.8, 'delay': 0.665, 'waiting': 5.628, 'pressure': 0.0, 'switches': 0.0}, raw_metrics:{'fairness': 79.0, 'emission': 582.899, 'fuel': 188.97, 'emergency_stops': 1.0, 'collisions': 3.0, 'ssm_conflicts': 1493.0}, grid;w=queue=0.5;pressure=0.5
SIM_TRAIN step:81, travel time:153.9717961405245, q_loss:0, rewards:-48.41333, queue:38.744446, delay:0.62377834, throughput:1929, raw_metrics:{'fairness': 152.0}
SIM_TRAIN step:82, travel time:120.2914398812469, q_loss:0, rewards:-36.163326, queue:28.572222, delay:0.5850345, throughput:1971, raw_metrics:{'fairness': 159.0}
SIM_TRAIN step:83, travel time:130.12518555170706, q_loss:155.31985, rewards:-41.541115, queue:34.244446, delay:0.6201632, throughput:1884, raw_metrics:{'fairness': 96.0}
SIM_TRAIN step:84, travel time:380.86095992083125, q_loss:40.394547, rewards:-81.429436, queue:69.60555, delay:0.69869834, throughput:1687, raw_metrics:{'fairness': 211.0}
SIM_TRAIN step:85, travel time:695.9653636813458, q_loss:6.9732823, rewards:-117.32414, queue:108.01945, delay:0.7044008, throughput:1316, raw_metrics:{'fairness': 396.0}
SIM_TRAIN step:86, travel time:680.9836714497774, q_loss:6.566188, rewards:-115.797806, queue:104.76945, delay:0.7013524, throughput:1457, raw_metrics:{'fairness': 343.0}
SIM_TRAIN step:87, travel time:807.1939633844631, q_loss:1.3574005, rewards:-137.51497, queue:128.16667, delay:0.6893254, throughput:1214, raw_metrics:{'fairness': 317.0}
SIM_TRAIN step:88, travel time:642.7551928783383, q_loss:0.35594007, rewards:-112.8936, queue:104.494446, delay:0.70328665, throughput:1418, raw_metrics:{'fairness': 377.0}
SIM_TRAIN step:89, travel time:356.3142008906482, q_loss:0.16417184, rewards:-93.921104, queue:81.29444, delay:0.70078325, throughput:1621, raw_metrics:{'fairness': 196.0}
REAL_TRAIN step:10, travel time:238.25698324022346, q_loss:100, rewards:-104.77331, queue:90.68056, delay:0.68047196, throughput:1555, R_real:-14.8658, components:{'queue': 1.134, 'delay': 0.68, 'waiting': 13.052, 'pressure': 0.0, 'switches': 0.0}, raw_metrics:{'fairness': 159.0, 'emission': 690.515, 'fuel': 223.859, 'emergency_stops': 3.0, 'collisions': 6.0, 'ssm_conflicts': 1465.0}, grid;w=queue=0.5;switches=0.5
SIM_TRAIN step:90, travel time:127.72983671449778, q_loss:0, rewards:-39.861652, queue:32.094444, delay:0.5941173, throughput:1943, raw_metrics:{'fairness': 163.0}
SIM_TRAIN step:91, travel time:126.31222167243939, q_loss:0, rewards:-39.12779, queue:31.380556, delay:0.5717042, throughput:1949, raw_metrics:{'fairness': 116.0}
SIM_TRAIN step:92, travel time:135.21721919841661, q_loss:157.67969, rewards:-44.358616, queue:35.672222, delay:0.58720434, throughput:1924, raw_metrics:{'fairness': 101.0}
SIM_TRAIN step:93, travel time:366.86145472538345, q_loss:39.414555, rewards:-75.0075, queue:65.236115, delay:0.6418572, throughput:1666, raw_metrics:{'fairness': 243.0}
SIM_TRAIN step:94, travel time:261.0994557149926, q_loss:3.9335527, rewards:-73.86639, queue:62.944443, delay:0.66037965, throughput:1658, raw_metrics:{'fairness': 159.0}
SIM_TRAIN step:95, travel time:198.27412172191984, q_loss:2.3973644, rewards:-69.704475, queue:57.8, delay:0.70130455, throughput:1904, raw_metrics:{'fairness': 160.0}
SIM_TRAIN step:96, travel time:164.64819396338447, q_loss:1.9899939, rewards:-53.67474, queue:44.091667, delay:0.6770554, throughput:1938, raw_metrics:{'fairness': 146.0}
SIM_TRAIN step:97, travel time:250.75655616031668, q_loss:1.6030811, rewards:-74.02413, queue:60.18889, delay:0.67154527, throughput:1837, raw_metrics:{'fairness': 109.0}
SIM_TRAIN step:98, travel time:281.8767936665017, q_loss:1.2386075, rewards:-68.26165, queue:55.122223, delay:0.65537286, throughput:1827, raw_metrics:{'fairness': 109.0}
REAL_TRAIN step:11, travel time:110.79593858345716, q_loss:100, rewards:-44.8161, queue:27.777779, delay:0.56795627, throughput:1959, R_real:-1.8436, components:{'queue': 0.347, 'delay': 0.568, 'waiting': 0.928, 'pressure': 0.0, 'switches': 0.0}, raw_metrics:{'fairness': 132.0, 'emission': 394.638, 'fuel': 127.937, 'emergency_stops': 1.0, 'collisions': 13.0, 'ssm_conflicts': 1340.0}, grid;w=delay=0.5;waiting=0.5
SIM_TRAIN step:99, travel time:143.75507174666006, q_loss:0, rewards:-45.472225, queue:36.494446, delay:0.6020963, throughput:1944, raw_metrics:{'fairness': 161.0}
SIM_TRAIN step:100, travel time:141.63829787234042, q_loss:0, rewards:-45.643898, queue:36.47222, delay:0.5999708, throughput:1950, raw_metrics:{'fairness': 159.0}
SIM_TRAIN step:101, travel time:128.3156853043048, q_loss:146.78862, rewards:-39.903313, queue:31.908333, delay:0.59583557, throughput:1949, raw_metrics:{'fairness': 111.0}
SIM_TRAIN step:102, travel time:325.1860465116279, q_loss:38.354286, rewards:-74.39806, queue:63.0, delay:0.66941977, throughput:1756, raw_metrics:{'fairness': 194.0}
SIM_TRAIN step:103, travel time:261.83572488866895, q_loss:2.5488708, rewards:-75.06636, queue:60.63889, delay:0.7093143, throughput:1776, raw_metrics:{'fairness': 133.0}
SIM_TRAIN step:104, travel time:411.6867887184562, q_loss:1.6282858, rewards:-113.39418, queue:98.316666, delay:0.70577437, throughput:1652, raw_metrics:{'fairness': 121.0}
SIM_TRAIN step:105, travel time:366.12864918357246, q_loss:2.2256918, rewards:-87.24721, queue:73.68889, delay:0.7212553, throughput:1826, raw_metrics:{'fairness': 158.0}
SIM_TRAIN step:106, travel time:278.1741712023751, q_loss:1.6574324, rewards:-91.09305, queue:81.28889, delay:0.69676816, throughput:1700, raw_metrics:{'fairness': 339.0}
SIM_TRAIN step:107, travel time:161.02226620484907, q_loss:1.2254267, rewards:-55.110863, queue:45.675, delay:0.663434, throughput:1916, raw_metrics:{'fairness': 190.0}
REAL_TRAIN step:12, travel time:145.38038632986627, q_loss:100, rewards:-64.57889, queue:47.9, delay:0.6507526, throughput:1917, R_real:-5.9825, components:{'queue': 0.599, 'delay': 0.651, 'waiting': 4.733, 'pressure': 0.0, 'switches': 0.0}, raw_metrics:{'fairness': 152.0, 'emission': 502.546, 'fuel': 162.921, 'emergency_stops': 3.0, 'collisions': 13.0, 'ssm_conflicts': 1473.0}, grid;w=delay=0.5;pressure=0.5
SIM_TRAIN step:108, travel time:129.30925284512617, q_loss:0, rewards:-41.13111, queue:32.908333, delay:0.610425, throughput:1968, raw_metrics:{'fairness': 155.0}
SIM_TRAIN step:109, travel time:127.33795150915388, q_loss:0, rewards:-40.276672, queue:32.116665, delay:0.5974922, throughput:1953, raw_metrics:{'fairness': 157.0}
SIM_TRAIN step:110, travel time:145.63879267689262, q_loss:152.18256, rewards:-47.535553, queue:38.702778, delay:0.6165199, throughput:1891, raw_metrics:{'fairness': 79.0}
SIM_TRAIN step:111, travel time:418.53636813458684, q_loss:43.8952, rewards:-76.26887, queue:70.61667, delay:0.6469472, throughput:1475, raw_metrics:{'fairness': 367.0}
SIM_TRAIN step:112, travel time:306.66996536368134, q_loss:5.0908885, rewards:-85.94361, queue:72.01111, delay:0.6727698, throughput:1660, raw_metrics:{'fairness': 289.0}
SIM_TRAIN step:113, travel time:844.1979218208808, q_loss:2.250641, rewards:-136.6622, queue:129.875, delay:0.7053835, throughput:1129, raw_metrics:{'fairness': 503.0}
SIM_TRAIN step:114, travel time:530.2380009896091, q_loss:0.6120883, rewards:-112.88746, queue:96.647224, delay:0.7206087, throughput:1565, raw_metrics:{'fairness': 187.0}
SIM_TRAIN step:115, travel time:544.1197427016328, q_loss:0.2495728, rewards:-105.20639, queue:94.76945, delay:0.69547194, throughput:1577, raw_metrics:{'fairness': 298.0}
SIM_TRAIN step:116, travel time:410.2939139040079, q_loss:0.071995534, rewards:-126.322296, queue:110.11389, delay:0.759906, throughput:1655, raw_metrics:{'fairness': 214.0}
REAL_TRAIN step:13, travel time:873.531799729364, q_loss:100, rewards:-174.6273, queue:169.28055, delay:0.7495706, throughput:542, R_real:-162.6931, components:{'queue': 2.116, 'delay': 0.75, 'waiting': 159.828, 'pressure': 0.0, 'switches': 0.0}, raw_metrics:{'fairness': 384.0, 'emission': 997.369, 'fuel': 323.341, 'emergency_stops': 0.0, 'collisions': 2.0, 'ssm_conflicts': 310.0}, grid;w=delay=0.5;switches=0.5
SIM_TRAIN step:117, travel time:165.8911429985156, q_loss:0, rewards:-52.78501, queue:42.427776, delay:0.64528024, throughput:1908, raw_metrics:{'fairness': 84.0}
SIM_TRAIN step:118, travel time:140.32409698169224, q_loss:0, rewards:-45.224453, queue:36.261112, delay:0.6347051, throughput:1949, raw_metrics:{'fairness': 156.0}
SIM_TRAIN step:119, travel time:131.64670954972786, q_loss:179.59506, rewards:-41.71196, queue:33.475, delay:0.60128826, throughput:1955, raw_metrics:{'fairness': 158.0}
SIM_TRAIN step:120, travel time:283.7506185056902, q_loss:49.203648, rewards:-69.11834, queue:58.36111, delay:0.6867869, throughput:1776, raw_metrics:{'fairness': 202.0}
SIM_TRAIN step:121, travel time:182.9757545769421, q_loss:4.5871387, rewards:-50.154167, queue:40.747223, delay:0.6732777, throughput:1874, raw_metrics:{'fairness': 116.0}
SIM_TRAIN step:122, travel time:408.4082137555666, q_loss:2.2707603, rewards:-101.45641, queue:83.375, delay:0.74001735, throughput:1725, raw_metrics:{'fairness': 127.0}
SIM_TRAIN step:123, travel time:164.27659574468086, q_loss:2.9759777, rewards:-58.889736, queue:48.25, delay:0.7223894, throughput:1961, raw_metrics:{'fairness': 154.0}
SIM_TRAIN step:124, travel time:124.83671449777339, q_loss:2.8036249, rewards:-38.178062, queue:30.352777, delay:0.60394186, throughput:1968, raw_metrics:{'fairness': 163.0}
SIM_TRAIN step:125, travel time:120.8936170212766, q_loss:2.5798173, rewards:-36.221107, queue:28.633333, delay:0.5979745, throughput:1967, raw_metrics:{'fairness': 155.0}
REAL_TRAIN step:14, travel time:474.18759936406997, q_loss:100, rewards:-156.90028, queue:147.11111, delay:0.7509241, throughput:1016, R_real:-116.6757, components:{'queue': 1.839, 'delay': 0.751, 'waiting': 114.086, 'pressure': 0.0, 'switches': 0.0}, raw_metrics:{'fairness': 485.0, 'emission': 935.768, 'fuel': 303.37, 'emergency_stops': 0.0, 'collisions': 4.0, 'ssm_conflicts': 407.0}, grid;w=waiting=0.5;pressure=0.5
SIM_TRAIN step:126, travel time:143.1093518060366, q_loss:0, rewards:-47.27918, queue:37.591667, delay:0.6141725, throughput:1948, raw_metrics:{'fairness': 158.0}
SIM_TRAIN step:127, travel time:141.49308983218165, q_loss:0, rewards:-46.910545, queue:37.66111, delay:0.6347475, throughput:1954, raw_metrics:{'fairness': 166.0}
SIM_TRAIN step:128, travel time:123.40771895101435, q_loss:178.64224, rewards:-37.797787, queue:30.519444, delay:0.6073607, throughput:1941, raw_metrics:{'fairness': 155.0}
SIM_TRAIN step:129, travel time:372.12271152894607, q_loss:43.352055, rewards:-82.65087, queue:70.08611, delay:0.7140191, throughput:1733, raw_metrics:{'fairness': 177.0}
SIM_TRAIN step:130, travel time:266.65363681345866, q_loss:3.6010969, rewards:-83.407196, queue:67.86667, delay:0.73723304, throughput:1773, raw_metrics:{'fairness': 161.0}
SIM_TRAIN step:131, travel time:357.5279564571994, q_loss:1.1559986, rewards:-90.704185, queue:76.236115, delay:0.7189992, throughput:1710, raw_metrics:{'fairness': 124.0}
SIM_TRAIN step:132, travel time:281.7342899554676, q_loss:0.88021666, rewards:-81.44332, queue:68.21111, delay:0.68845457, throughput:1650, raw_metrics:{'fairness': 129.0}
SIM_TRAIN step:133, travel time:193.90103908955962, q_loss:1.0077732, rewards:-51.253075, queue:41.855556, delay:0.62289184, throughput:1893, raw_metrics:{'fairness': 156.0}
SIM_TRAIN step:134, travel time:298.5032162295893, q_loss:0.979378, rewards:-78.28442, queue:63.85278, delay:0.7043908, throughput:1832, raw_metrics:{'fairness': 102.0}
REAL_TRAIN step:15, travel time:470.5003965107058, q_loss:100, rewards:-155.93695, queue:145.98334, delay:0.7222643, throughput:1023, R_real:-97.6613, components:{'queue': 1.825, 'delay': 0.722, 'waiting': 95.114, 'pressure': 0.0, 'switches': 0.0}, raw_metrics:{'fairness': 85.0, 'emission': 932.592, 'fuel': 302.34, 'emergency_stops': 1.0, 'collisions': 1.0, 'ssm_conflicts': 640.0}, grid;w=waiting=0.5;switches=0.5
SIM_TRAIN step:135, travel time:124.70410687778327, q_loss:0, rewards:-38.724453, queue:31.155556, delay:0.60025424, throughput:1960, raw_metrics:{'fairness': 163.0}
SIM_TRAIN step:136, travel time:156.7610094012865, q_loss:0, rewards:-47.79252, queue:37.922222, delay:0.6125819, throughput:1947, raw_metrics:{'fairness': 158.0}
SIM_TRAIN step:137, travel time:126.56973293768546, q_loss:153.54474, rewards:-39.434723, queue:31.669445, delay:0.5741477, throughput:1925, raw_metrics:{'fairness': 101.0}
SIM_TRAIN step:138, travel time:419.17169717961406, q_loss:40.40728, rewards:-76.53581, queue:68.24722, delay:0.6586256, throughput:1584, raw_metrics:{'fairness': 280.0}
SIM_TRAIN step:139, travel time:390.7166172106825, q_loss:2.3519876, rewards:-83.704994, queue:77.30556, delay:0.6589381, throughput:1458, raw_metrics:{'fairness': 403.0}
SIM_TRAIN step:140, travel time:318.88174171202377, q_loss:0.9977347, rewards:-80.49524, queue:68.85, delay:0.68834716, throughput:1726, raw_metrics:{'fairness': 287.0}
SIM_TRAIN step:141, travel time:284.7095497278575, q_loss:0.815964, rewards:-80.02978, queue:67.316666, delay:0.6804391, throughput:1841, raw_metrics:{'fairness': 37.0}
SIM_TRAIN step:142, travel time:178.42751113310243, q_loss:0.8818721, rewards:-58.851677, queue:48.752777, delay:0.67090297, throughput:1924, raw_metrics:{'fairness': 159.0}
SIM_TRAIN step:143, travel time:128.3621969322118, q_loss:0.807888, rewards:-40.861668, queue:33.280556, delay:0.62856704, throughput:1956, raw_metrics:{'fairness': 120.0}
REAL_TRAIN step:16, travel time:120.90936106983655, q_loss:100, rewards:-50.58639, queue:33.538887, delay:0.63086224, throughput:1942, R_real:-2.6736, components:{'queue': 0.419, 'delay': 0.631, 'waiting': 1.624, 'pressure': 0.0, 'switches': 0.0}, raw_metrics:{'fairness': 153.0, 'emission': 427.569, 'fuel': 138.613, 'emergency_stops': 4.0, 'collisions': 6.0, 'ssm_conflicts': 1479.0}, grid;w=pressure=0.5;switches=0.5
SIM_TRAIN step:144, travel time:218.30232558139534, q_loss:0, rewards:-62.690838, queue:49.819443, delay:0.66706884, throughput:1885, raw_metrics:{'fairness': 111.0}
SIM_TRAIN step:145, travel time:227.38297872340425, q_loss:0, rewards:-66.11666, queue:52.775, delay:0.6647561, throughput:1875, raw_metrics:{'fairness': 100.0}
REAL_TRAIN step:18, travel time:105.56661713719663, q_loss:100, rewards:-41.926678, queue:24.444445, delay:0.6131605, throughput:1962, R_real:-1.7650, components:{'queue': 0.306, 'delay': 0.613, 'waiting': 0.846, 'pressure': 0.0, 'switches': 0.0}, raw_metrics:{'fairness': 158.0, 'emission': 377.665, 'fuel': 122.435, 'emergency_stops': 2.0, 'collisions': 10.0, 'ssm_conflicts': 1317.0}, refine;w=waiting=1.0;ckpt2
SIM_TRAIN step:146, travel time:194.30282038594754, q_loss:1.0021616, rewards:-52.342777, queue:41.816666, delay:0.65437573, throughput:1884, raw_metrics:{'fairness': 143.0}
SIM_TRAIN step:147, travel time:259.4195942602672, q_loss:0.6932237, rewards:-56.703896, queue:46.18889, delay:0.60178703, throughput:1784, raw_metrics:{'fairness': 108.0}
REAL_TRAIN step:20, travel time:165.7721644378405, q_loss:100, rewards:-75.8553, queue:59.491665, delay:0.66472334, throughput:1938, R_real:-8.1900, components:{'queue': 0.744, 'delay': 0.665, 'waiting': 6.782, 'pressure': 0.0, 'switches': 0.0}, raw_metrics:{'fairness': 168.0, 'emission': 568.915, 'fuel': 184.437, 'emergency_stops': 5.0, 'collisions': 4.0, 'ssm_conflicts': 1628.0}, refine;w=waiting=1.0;ckpt4
SIM_TRAIN step:148, travel time:183.31469569520038, q_loss:0.60752004, rewards:-61.49778, queue:48.308334, delay:0.6903772, throughput:1919, raw_metrics:{'fairness': 147.0}
SIM_TRAIN step:149, travel time:187.53092528451262, q_loss:0.5721785, rewards:-64.063354, queue:50.025, delay:0.69304985, throughput:1910, raw_metrics:{'fairness': 132.0}
REAL_TRAIN step:22, travel time:126.27736503219415, q_loss:100, rewards:-53.61581, queue:36.369446, delay:0.63064814, throughput:1951, R_real:-3.0634, components:{'queue': 0.455, 'delay': 0.631, 'waiting': 1.978, 'pressure': 0.0, 'switches': 0.0}, raw_metrics:{'fairness': 157.0, 'emission': 443.103, 'fuel': 143.649, 'emergency_stops': 2.0, 'collisions': 12.0, 'ssm_conflicts': 1442.0}, refine;w=waiting=1.0;ckpt6
SIM_TRAIN step:150, travel time:272.5586343394359, q_loss:0.5167646, rewards:-71.0236, queue:55.766666, delay:0.6680027, throughput:1837, raw_metrics:{'fairness': 85.0}
SIM_TRAIN step:151, travel time:253.04849084611578, q_loss:0.47017452, rewards:-72.40142, queue:56.730556, delay:0.69325686, throughput:1818, raw_metrics:{'fairness': 88.0}
REAL_TRAIN step:24, travel time:129.4824170381377, q_loss:100, rewards:-55.38722, queue:38.175, delay:0.660879, throughput:1953, R_real:-3.1189, components:{'queue': 0.477, 'delay': 0.661, 'waiting': 1.981, 'pressure': 0.0, 'switches': 0.0}, raw_metrics:{'fairness': 154.0, 'emission': 451.978, 'fuel': 146.526, 'emergency_stops': 1.0, 'collisions': 6.0, 'ssm_conflicts': 1453.0}, refine;w=waiting=1.0;ckpt8
SIM_TRAIN step:152, travel time:235.67441860465115, q_loss:0.39430195, rewards:-71.176895, queue:55.908333, delay:0.6927745, throughput:1860, raw_metrics:{'fairness': 126.0}
SIM_TRAIN step:153, travel time:274.99455714992575, q_loss:0.34934896, rewards:-71.21251, queue:55.8, delay:0.69453293, throughput:1826, raw_metrics:{'fairness': 95.0}
REAL_TRAIN step:26, travel time:134.37790985636454, q_loss:100, rewards:-58.083855, queue:41.15278, delay:0.6270902, throughput:1956, R_real:-3.2298, components:{'queue': 0.514, 'delay': 0.627, 'waiting': 2.088, 'pressure': 0.0, 'switches': 0.0}, raw_metrics:{'fairness': 157.0, 'emission': 467.521, 'fuel': 151.565, 'emergency_stops': 3.0, 'collisions': 10.0, 'ssm_conflicts': 1484.0}, refine;w=waiting=1.0;ckpt10
SIM_TRAIN step:154, travel time:244.77288471053933, q_loss:0.34226206, rewards:-78.01971, queue:61.041668, delay:0.7339793, throughput:1821, raw_metrics:{'fairness': 102.0}
SIM_TRAIN step:155, travel time:247.2666996536368, q_loss:0.329193, rewards:-66.60971, queue:52.316666, delay:0.6794681, throughput:1827, raw_metrics:{'fairness': 82.0}
REAL_TRAIN step:28, travel time:196.2501238236751, q_loss:100, rewards:-93.41113, queue:77.67778, delay:0.7215894, throughput:1878, R_real:-7.9159, components:{'queue': 0.971, 'delay': 0.722, 'waiting': 6.223, 'pressure': 0.0, 'switches': 0.0}, raw_metrics:{'fairness': 167.0, 'emission': 655.893, 'fuel': 212.634, 'emergency_stops': 7.0, 'collisions': 14.0, 'ssm_conflicts': 1757.0}, refine;w=waiting=1.0;ckpt12
SIM_TRAIN step:156, travel time:223.60959920831272, q_loss:0.32853094, rewards:-62.646126, queue:49.052776, delay:0.67607963, throughput:1851, raw_metrics:{'fairness': 83.0}
SIM_TRAIN step:157, travel time:223.0202869866403, q_loss:0.3017768, rewards:-64.92695, queue:51.141666, delay:0.6837803, throughput:1848, raw_metrics:{'fairness': 95.0}
REAL_TRAIN step:30, travel time:184.76036400404448, q_loss:100, rewards:-85.43358, queue:69.81389, delay:0.67948025, throughput:1812, R_real:-7.3588, components:{'queue': 0.873, 'delay': 0.679, 'waiting': 5.807, 'pressure': 0.0, 'switches': 0.0}, raw_metrics:{'fairness': 149.0, 'emission': 604.786, 'fuel': 196.066, 'emergency_stops': 6.0, 'collisions': 14.0, 'ssm_conflicts': 1693.0}, refine;w=waiting=1.0;ckpt14
SIM_TRAIN step:158, travel time:226.21870361207323, q_loss:0.29779065, rewards:-62.043056, queue:48.4, delay:0.65339696, throughput:1851, raw_metrics:{'fairness': 99.0}
SIM_TRAIN step:159, travel time:262.4933201385453, q_loss:0.27627772, rewards:-73.133606, queue:56.955555, delay:0.6984778, throughput:1835, raw_metrics:{'fairness': 94.0}
REAL_TRAIN step:32, travel time:269.6532663316583, q_loss:100, rewards:-120.1317, queue:106.41111, delay:0.6884258, throughput:1596, R_real:-38.9544, components:{'queue': 1.33, 'delay': 0.688, 'waiting': 36.936, 'pressure': 0.0, 'switches': 0.0}, raw_metrics:{'fairness': 319.0, 'emission': 781.918, 'fuel': 253.492, 'emergency_stops': 5.0, 'collisions': 0.0, 'ssm_conflicts': 1317.0}, refine;w=waiting=1.0;ckpt16
SIM_TRAIN step:160, travel time:237.6566056407719, q_loss:0.25781506, rewards:-64.81662, queue:50.577778, delay:0.67172486, throughput:1838, raw_metrics:{'fairness': 93.0}
SIM_TRAIN step:161, travel time:230.33646709549728, q_loss:0.24731384, rewards:-66.28304, queue:51.625, delay:0.68407595, throughput:1830, raw_metrics:{'fairness': 96.0}
REAL_TRAIN step:34, travel time:160.1961367013373, q_loss:100, rewards:-72.67834, queue:56.055557, delay:0.6849674, throughput:1935, R_real:-4.8167, components:{'queue': 0.701, 'delay': 0.685, 'waiting': 3.431, 'pressure': 0.0, 'switches': 0.0}, raw_metrics:{'fairness': 153.0, 'emission': 546.238, 'fuel': 177.085, 'emergency_stops': 3.0, 'collisions': 15.0, 'ssm_conflicts': 1591.0}, refine;w=waiting=1.0;ckpt18
SIM_TRAIN step:162, travel time:258.16971796140524, q_loss:0.23738208, rewards:-68.44414, queue:53.71389, delay:0.6720013, throughput:1816, raw_metrics:{'fairness': 99.0}
SIM_TRAIN step:163, travel time:272.84710539336965, q_loss:0.22462454, rewards:-72.07502, queue:56.86111, delay:0.7170116, throughput:1803, raw_metrics:{'fairness': 63.0}
REAL_TRAIN step:36, travel time:142.4051510648836, q_loss:100, rewards:-62.601097, queue:45.16111, delay:0.68407565, throughput:1955, R_real:-3.8522, components:{'queue': 0.565, 'delay': 0.684, 'waiting': 2.604, 'pressure': 0.0, 'switches': 0.0}, raw_metrics:{'fairness': 158.0, 'emission': 489.955, 'fuel': 158.838, 'emergency_stops': 4.0, 'collisions': 15.0, 'ssm_conflicts': 1510.0}, refine;w=waiting=1.0;ckpt20
SIM_TRAIN step:164, travel time:257.3755566551212, q_loss:0.22715648, rewards:-72.99916, queue:57.31111, delay:0.71696275, throughput:1823, raw_metrics:{'fairness': 81.0}
SIM_TRAIN step:165, travel time:240.6595744680851, q_loss:0.21532562, rewards:-65.98472, queue:52.205555, delay:0.6848483, throughput:1801, raw_metrics:{'fairness': 93.0}
REAL_TRAIN step:38, travel time:147.33531451213472, q_loss:100, rewards:-65.28419, queue:48.158333, delay:0.6857781, throughput:1957, R_real:-3.9438, components:{'queue': 0.602, 'delay': 0.686, 'waiting': 2.656, 'pressure': 0.0, 'switches': 0.0}, raw_metrics:{'fairness': 158.0, 'emission': 505.49, 'fuel': 163.875, 'emergency_stops': 4.0, 'collisions': 15.0, 'ssm_conflicts': 1573.0}, refine;w=waiting=1.0;ckpt22
SIM_TRAIN step:166, travel time:246.99356754082137, q_loss:0.21601738, rewards:-70.51755, queue:54.741665, delay:0.69664645, throughput:1820, raw_metrics:{'fairness': 90.0}
SIM_TRAIN step:167, travel time:237.46808510638297, q_loss:0.20623139, rewards:-70.16723, queue:54.586113, delay:0.7054774, throughput:1844, raw_metrics:{'fairness': 102.0}
REAL_TRAIN step:40, travel time:154.31797919762258, q_loss:100, rewards:-69.43779, queue:52.716667, delay:0.6978829, throughput:1934, R_real:-5.0544, components:{'queue': 0.659, 'delay': 0.698, 'waiting': 3.698, 'pressure': 0.0, 'switches': 0.0}, raw_metrics:{'fairness': 159.0, 'emission': 527.012, 'fuel': 170.852, 'emergency_stops': 4.0, 'collisions': 16.0, 'ssm_conflicts': 1497.0}, refine;w=waiting=1.0;ckpt24
SIM_TRAIN step:168, travel time:267.7748639287481, q_loss:0.19371401, rewards:-73.43499, queue:57.391666, delay:0.72884846, throughput:1815, raw_metrics:{'fairness': 81.0}
SIM_TRAIN step:169, travel time:255.1291439881247, q_loss:0.17167005, rewards:-78.26552, queue:61.483334, delay:0.7287321, throughput:1825, raw_metrics:{'fairness': 108.0}
REAL_TRAIN step:42, travel time:157.58692421991086, q_loss:100, rewards:-71.14113, queue:54.52778, delay:0.70064586, throughput:1947, R_real:-5.9461, components:{'queue': 0.682, 'delay': 0.701, 'waiting': 4.564, 'pressure': 0.0, 'switches': 0.0}, raw_metrics:{'fairness': 160.0, 'emission': 538.481, 'fuel': 174.57, 'emergency_stops': 5.0, 'collisions': 12.0, 'ssm_conflicts': 1514.0}, refine;w=waiting=1.0;ckpt26
SIM_TRAIN step:170, travel time:259.74715487382485, q_loss:0.16801861, rewards:-71.832245, queue:56.216667, delay:0.71080184, throughput:1811, raw_metrics:{'fairness': 81.0}
SIM_TRAIN step:171, travel time:237.375061850569, q_loss:0.17834197, rewards:-68.9275, queue:53.641666, delay:0.71885574, throughput:1841, raw_metrics:{'fairness': 92.0}
REAL_TRAIN step:44, travel time:149.0351659237246, q_loss:100, rewards:-66.56498, queue:49.93611, delay:0.6890987, throughput:1916, R_real:-4.6096, components:{'queue': 0.624, 'delay': 0.689, 'waiting': 3.296, 'pressure': 0.0, 'switches': 0.0}, raw_metrics:{'fairness': 145.0, 'emission': 511.89, 'fuel': 165.95, 'emergency_stops': 2.0, 'collisions': 30.0, 'ssm_conflicts': 1441.0}, refine;w=waiting=1.0;ckpt28
SIM_TRAIN step:172, travel time:236.41909945571498, q_loss:0.18528199, rewards:-67.782234, queue:53.175, delay:0.704668, throughput:1837, raw_metrics:{'fairness': 97.0}
SIM_TRAIN step:173, travel time:263.12815437902026, q_loss:0.17874965, rewards:-71.42169, queue:56.055557, delay:0.7254868, throughput:1808, raw_metrics:{'fairness': 81.0}
REAL_TRAIN step:46, travel time:140.47548291233284, q_loss:100, rewards:-61.877773, queue:44.97222, delay:0.6864453, throughput:1912, R_real:-4.2283, components:{'queue': 0.562, 'delay': 0.686, 'waiting': 2.98, 'pressure': 0.0, 'switches': 0.0}, raw_metrics:{'fairness': 168.0, 'emission': 484.459, 'fuel': 157.057, 'emergency_stops': 2.0, 'collisions': 15.0, 'ssm_conflicts': 1485.0}, refine;w=waiting=1.0;ckpt30
SIM_TRAIN step:174, travel time:230.56061355764473, q_loss:0.18626182, rewards:-66.80834, queue:51.905556, delay:0.68702954, throughput:1850, raw_metrics:{'fairness': 105.0}
SIM_TRAIN step:175, travel time:217.27709054923307, q_loss:0.18297003, rewards:-66.630005, queue:52.2, delay:0.6961221, throughput:1834, raw_metrics:{'fairness': 95.0}
REAL_TRAIN step:48, travel time:209.7401692384271, q_loss:100, rewards:-100.95498, queue:85.76111, delay:0.6784816, throughput:1821, R_real:-24.5361, components:{'queue': 1.072, 'delay': 0.678, 'waiting': 22.786, 'pressure': 0.0, 'switches': 0.0}, raw_metrics:{'fairness': 237.0, 'emission': 695.522, 'fuel': 225.482, 'emergency_stops': 4.0, 'collisions': 0.0, 'ssm_conflicts': 1587.0}, refine;w=waiting=1.0;ckpt32
SIM_TRAIN step:176, travel time:253.99109351806035, q_loss:0.17816061, rewards:-71.404175, queue:56.044445, delay:0.7024272, throughput:1796, raw_metrics:{'fairness': 96.0}
SIM_TRAIN step:177, travel time:235.03908955962396, q_loss:0.1798467, rewards:-70.67029, queue:54.947224, delay:0.70208967, throughput:1842, raw_metrics:{'fairness': 103.0}
REAL_TRAIN step:50, travel time:146.60544554455444, q_loss:100, rewards:-65.139435, queue:48.280556, delay:0.66489077, throughput:1928, R_real:-4.0543, components:{'queue': 0.604, 'delay': 0.665, 'waiting': 2.786, 'pressure': 0.0, 'switches': 0.0}, raw_metrics:{'fairness': 152.0, 'emission': 503.323, 'fuel': 163.172, 'emergency_stops': 6.0, 'collisions': 9.0, 'ssm_conflicts': 1565.0}, refine;w=waiting=1.0;ckpt34
SIM_TRAIN step:178, travel time:237.12221672439387, q_loss:0.1729635, rewards:-70.56337, queue:54.733334, delay:0.69763523, throughput:1844, raw_metrics:{'fairness': 125.0}
SIM_TRAIN step:179, travel time:241.56853043047997, q_loss:0.15956734, rewards:-72.158615, queue:56.308334, delay:0.71037555, throughput:1834, raw_metrics:{'fairness': 117.0}
REAL_TRAIN step:52, travel time:242.3271177410762, q_loss:100, rewards:-111.289764, queue:97.219444, delay:0.7205691, throughput:1702, R_real:-15.7923, components:{'queue': 1.215, 'delay': 0.721, 'waiting': 13.857, 'pressure': 0.0, 'switches': 0.0}, raw_metrics:{'fairness': 63.0, 'emission': 737.083, 'fuel': 238.956, 'emergency_stops': 4.0, 'collisions': 9.0, 'ssm_conflicts': 1454.0}, refine;w=waiting=1.0;ckpt36
SIM_TRAIN step:180, travel time:252.1860465116279, q_loss:0.14342618, rewards:-68.98415, queue:53.66111, delay:0.67580396, throughput:1830, raw_metrics:{'fairness': 115.0}
SIM_TRAIN step:181, travel time:215.99257793171697, q_loss:0.14988682, rewards:-66.34945, queue:51.969444, delay:0.678725, throughput:1831, raw_metrics:{'fairness': 128.0}
REAL_TRAIN step:54, travel time:114.23130262506191, q_loss:100, rewards:-46.729713, queue:29.063889, delay:0.672926, throughput:1960, R_real:-2.5911, components:{'queue': 0.363, 'delay': 0.673, 'waiting': 1.555, 'pressure': 0.0, 'switches': 0.0}, raw_metrics:{'fairness': 160.0, 'emission': 403.631, 'fuel': 130.853, 'emergency_stops': 3.0, 'collisions': 24.0, 'ssm_conflicts': 1381.0}, refine;w=waiting=1.0;ckpt38
SIM_TRAIN step:182, travel time:211.99307273626917, q_loss:0.14116497, rewards:-61.07611, queue:47.31389, delay:0.64575094, throughput:1864, raw_metrics:{'fairness': 119.0}
SIM_TRAIN step:183, travel time:230.02226620484907, q_loss:0.14644226, rewards:-71.38359, queue:55.947224, delay:0.70618796, throughput:1839, raw_metrics:{'fairness': 133.0}
REAL_TRAIN step:56, travel time:115.11639425458148, q_loss:100, rewards:-47.185814, queue:29.577778, delay:0.66598547, throughput:1964, R_real:-2.4262, components:{'queue': 0.37, 'delay': 0.666, 'waiting': 1.391, 'pressure': 0.0, 'switches': 0.0}, raw_metrics:{'fairness': 156.0, 'emission': 406.495, 'fuel': 131.781, 'emergency_stops': 4.0, 'collisions': 9.0, 'ssm_conflicts': 1382.0}, refine;w=waiting=1.0;ckpt40
SIM_TRAIN step:184, travel time:210.64275111331025, q_loss:0.14203987, rewards:-66.39278, queue:52.127777, delay:0.6892683, throughput:1840, raw_metrics:{'fairness': 130.0}
SIM_TRAIN step:185, travel time:211.33052944087086, q_loss:0.13469702, rewards:-64.53056, queue:49.916668, delay:0.64973545, throughput:1877, raw_metrics:{'fairness': 113.0}
REAL_TRAIN step:58, travel time:268.12361419068736, q_loss:100, rewards:-119.92995, queue:106.40278, delay:0.7331033, throughput:1634, R_real:-20.4292, components:{'queue': 1.33, 'delay': 0.733, 'waiting': 18.366, 'pressure': 0.0, 'switches': 0.0}, raw_metrics:{'fairness': 105.0, 'emission': 781.19, 'fuel': 253.255, 'emergency_stops': 2.0, 'collisions': 15.0, 'ssm_conflicts': 1509.0}, refine;w=waiting=1.0;ckpt42
SIM_TRAIN step:186, travel time:249.46165264720435, q_loss:0.13282977, rewards:-69.8011, queue:54.63889, delay:0.6784289, throughput:1828, raw_metrics:{'fairness': 113.0}
SIM_TRAIN step:187, travel time:233.95546759030182, q_loss:0.13619545, rewards:-71.0272, queue:55.416668, delay:0.6921129, throughput:1841, raw_metrics:{'fairness': 116.0}
REAL_TRAIN step:60, travel time:152.10302129767211, q_loss:100, rewards:-68.03777, queue:51.261112, delay:0.71258664, throughput:1946, R_real:-4.7943, components:{'queue': 0.641, 'delay': 0.713, 'waiting': 3.441, 'pressure': 0.0, 'switches': 0.0}, raw_metrics:{'fairness': 159.0, 'emission': 523.67, 'fuel': 169.769, 'emergency_stops': 4.0, 'collisions': 8.0, 'ssm_conflicts': 1517.0}, refine;w=waiting=1.0;ckpt44
SIM_TRAIN step:188, travel time:213.85304304799604, q_loss:0.13794482, rewards:-64.117226, queue:50.06111, delay:0.68472093, throughput:1858, raw_metrics:{'fairness': 96.0}
SIM_TRAIN step:189, travel time:216.04403760514597, q_loss:0.14874497, rewards:-66.81165, queue:52.10278, delay:0.68721396, throughput:1858, raw_metrics:{'fairness': 123.0}
REAL_TRAIN step:62, travel time:112.92818226844973, q_loss:100, rewards:-46.01221, queue:28.383333, delay:0.66367203, throughput:1954, R_real:-2.3173, components:{'queue': 0.355, 'delay': 0.664, 'waiting': 1.299, 'pressure': 0.0, 'switches': 0.0}, raw_metrics:{'fairness': 150.0, 'emission': 399.808, 'fuel': 129.614, 'emergency_stops': 3.0, 'collisions': 9.0, 'ssm_conflicts': 1346.0}, refine;w=waiting=1.0;ckpt46
SIM_TRAIN step:190, travel time:220.7961405244928, q_loss:0.1561297, rewards:-67.58221, queue:52.738888, delay:0.6913861, throughput:1833, raw_metrics:{'fairness': 121.0}
SIM_TRAIN step:191, travel time:226.63056379821958, q_loss:0.1517308, rewards:-69.22637, queue:53.88889, delay:0.70040107, throughput:1842, raw_metrics:{'fairness': 135.0}
REAL_TRAIN step:64, travel time:123.02425742574258, q_loss:100, rewards:-51.60082, queue:34.10278, delay:0.6627754, throughput:1965, R_real:-2.6810, components:{'queue': 0.426, 'delay': 0.663, 'waiting': 1.592, 'pressure': 0.0, 'switches': 0.0}, raw_metrics:{'fairness': 156.0, 'emission': 432.157, 'fuel': 140.101, 'emergency_stops': 8.0, 'collisions': 12.0, 'ssm_conflicts': 1399.0}, refine;w=waiting=1.0;ckpt48
SIM_TRAIN step:192, travel time:212.59673428995546, q_loss:0.15608013, rewards:-64.42526, queue:50.155556, delay:0.67116797, throughput:1856, raw_metrics:{'fairness': 118.0}
SIM_TRAIN step:193, travel time:226.54181098466105, q_loss:0.1550474, rewards:-68.83111, queue:53.85278, delay:0.718294, throughput:1849, raw_metrics:{'fairness': 137.0}
REAL_TRAIN step:66, travel time:124.6532937097573, q_loss:100, rewards:-52.598038, queue:35.03611, delay:0.7092676, throughput:1950, R_real:-2.8946, components:{'queue': 0.438, 'delay': 0.709, 'waiting': 1.747, 'pressure': 0.0, 'switches': 0.0}, raw_metrics:{'fairness': 153.0, 'emission': 436.261, 'fuel': 141.431, 'emergency_stops': 6.0, 'collisions': 17.0, 'ssm_conflicts': 1489.0}, refine;w=waiting=1.0;ckpt50
SIM_TRAIN step:194, travel time:212.35131123206332, q_loss:0.15324777, rewards:-66.37834, queue:51.913887, delay:0.690932, throughput:1846, raw_metrics:{'fairness': 128.0}
SIM_TRAIN step:195, travel time:235.17417120237505, q_loss:0.15744732, rewards:-67.47753, queue:52.83889, delay:0.68441695, throughput:1830, raw_metrics:{'fairness': 103.0}
REAL_TRAIN step:68, travel time:116.95690936106983, q_loss:100, rewards:-48.206657, queue:30.352777, delay:0.68249726, throughput:1959, R_real:-2.4458, components:{'queue': 0.379, 'delay': 0.682, 'waiting': 1.384, 'pressure': 0.0, 'switches': 0.0}, raw_metrics:{'fairness': 153.0, 'emission': 412.454, 'fuel': 133.713, 'emergency_stops': 6.0, 'collisions': 21.0, 'ssm_conflicts': 1447.0}, refine;w=waiting=1.0;ckpt52
SIM_TRAIN step:196, travel time:199.39782285997032, q_loss:0.15115902, rewards:-64.81723, queue:50.725, delay:0.708383, throughput:1857, raw_metrics:{'fairness': 130.0}
SIM_TRAIN step:197, travel time:214.41415141019297, q_loss:0.15497841, rewards:-69.86029, queue:54.95, delay:0.72168666, throughput:1839, raw_metrics:{'fairness': 141.0}
REAL_TRAIN step:70, travel time:117.1218424962853, q_loss:100, rewards:-48.296658, queue:30.480556, delay:0.70595765, throughput:1963, R_real:-2.4942, components:{'queue': 0.381, 'delay': 0.706, 'waiting': 1.407, 'pressure': 0.0, 'switches': 0.0}, raw_metrics:{'fairness': 154.0, 'emission': 413.43, 'fuel': 134.03, 'emergency_stops': 3.0, 'collisions': 25.0, 'ssm_conflicts': 1416.0}, refine;w=waiting=1.0;ckpt54
SIM_TRAIN step:198, travel time:217.98070262246412, q_loss:0.14151178, rewards:-69.50527, queue:54.341667, delay:0.6964176, throughput:1841, raw_metrics:{'fairness': 141.0}
SIM_TRAIN step:199, travel time:229.80950024740227, q_loss:0.13707879, rewards:-71.24557, queue:55.547222, delay:0.68692607, throughput:1844, raw_metrics:{'fairness': 153.0}
REAL_TRAIN step:72, travel time:106.41703813769193, q_loss:100, rewards:-42.296932, queue:24.622223, delay:0.66120374, throughput:1959, R_real:-1.9029, components:{'queue': 0.308, 'delay': 0.661, 'waiting': 0.934, 'pressure': 0.0, 'switches': 0.0}, raw_metrics:{'fairness': 158.0, 'emission': 380.197, 'fuel': 123.256, 'emergency_stops': 3.0, 'collisions': 33.0, 'ssm_conflicts': 1384.0}, refine;w=waiting=1.0;ckpt56
SIM_TRAIN step:200, travel time:198.416625432954, q_loss:0.14450522, rewards:-66.21527, queue:51.6, delay:0.7098461, throughput:1889, raw_metrics:{'fairness': 141.0}
SIM_TRAIN step:201, travel time:147.81048985650668, q_loss:0.15203781, rewards:-51.408062, queue:40.369446, delay:0.6809147, throughput:1922, raw_metrics:{'fairness': 154.0}
REAL_TRAIN step:74, travel time:110.1812778603269, q_loss:100, rewards:-44.410828, queue:26.616667, delay:0.67027074, throughput:1961, R_real:-2.0278, components:{'queue': 0.333, 'delay': 0.67, 'waiting': 1.025, 'pressure': 0.0, 'switches': 0.0}, raw_metrics:{'fairness': 152.0, 'emission': 391.219, 'fuel': 126.829, 'emergency_stops': 3.0, 'collisions': 11.0, 'ssm_conflicts': 1334.0}, refine;w=waiting=1.0;ckpt58
SIM_TRAIN step:202, travel time:218.4997525977239, q_loss:0.14239223, rewards:-71.67779, queue:56.244446, delay:0.6990441, throughput:1839, raw_metrics:{'fairness': 138.0}
SIM_TRAIN step:203, travel time:238.55912914398812, q_loss:0.14545846, rewards:-75.51472, queue:58.76389, delay:0.67959374, throughput:1831, raw_metrics:{'fairness': 129.0}
REAL_TRAIN step:76, travel time:123.06732673267327, q_loss:100, rewards:-51.708893, queue:34.366665, delay:0.6654717, throughput:1957, R_real:-2.5743, components:{'queue': 0.43, 'delay': 0.665, 'waiting': 1.479, 'pressure': 0.0, 'switches': 0.0}, raw_metrics:{'fairness': 155.0, 'emission': 432.101, 'fuel': 140.083, 'emergency_stops': 1.0, 'collisions': 32.0, 'ssm_conflicts': 1456.0}, refine;w=waiting=1.0;ckpt60
SIM_TRAIN step:204, travel time:221.00197921820882, q_loss:0.14898406, rewards:-68.243324, queue:53.044445, delay:0.6759143, throughput:1854, raw_metrics:{'fairness': 107.0}
SIM_TRAIN step:205, travel time:205.80059376546265, q_loss:0.15267718, rewards:-65.39975, queue:51.363888, delay:0.6846891, throughput:1851, raw_metrics:{'fairness': 133.0}
REAL_TRAIN step:78, travel time:111.42991579990094, q_loss:100, rewards:-45.186653, queue:27.652779, delay:0.62698174, throughput:1955, R_real:-2.3698, components:{'queue': 0.346, 'delay': 0.627, 'waiting': 1.397, 'pressure': 0.0, 'switches': 0.0}, raw_metrics:{'fairness': 154.0, 'emission': 395.348, 'fuel': 128.167, 'emergency_stops': 1.0, 'collisions': 28.0, 'ssm_conflicts': 1318.0}, refine;w=waiting=1.0;ckpt62
SIM_TRAIN step:206, travel time:206.85601187530926, q_loss:0.14992642, rewards:-66.474464, queue:51.816666, delay:0.669535, throughput:1867, raw_metrics:{'fairness': 160.0}
SIM_TRAIN step:207, travel time:190.95546759030182, q_loss:0.15762632, rewards:-63.651646, queue:49.697224, delay:0.7006175, throughput:1865, raw_metrics:{'fairness': 132.0}
REAL_TRAIN step:80, travel time:185.78607723577235, q_loss:100, rewards:-85.80275, queue:70.58611, delay:0.6760956, throughput:1786, R_real:-7.8293, components:{'queue': 0.882, 'delay': 0.676, 'waiting': 6.271, 'pressure': 0.0, 'switches': 0.0}, raw_metrics:{'fairness': 132.0, 'emission': 609.379, 'fuel': 197.555, 'emergency_stops': 9.0, 'collisions': 30.0, 'ssm_conflicts': 1614.0}, refine;w=waiting=1.0;ckpt64
SIM_TRAIN step:208, travel time:218.72093023255815, q_loss:0.16031852, rewards:-70.11862, queue:54.913887, delay:0.696338, throughput:1839, raw_metrics:{'fairness': 123.0}
SIM_TRAIN step:209, travel time:231.53537852548243, q_loss:0.15947333, rewards:-70.2858, queue:54.711113, delay:0.6899328, throughput:1845, raw_metrics:{'fairness': 116.0}
REAL_TRAIN step:82, travel time:107.07478949975236, q_loss:100, rewards:-42.693325, queue:24.872223, delay:0.6493038, throughput:1963, R_real:-1.8444, components:{'queue': 0.311, 'delay': 0.649, 'waiting': 0.884, 'pressure': 0.0, 'switches': 0.0}, raw_metrics:{'fairness': 156.0, 'emission': 381.65, 'fuel': 123.727, 'emergency_stops': 4.0, 'collisions': 31.0, 'ssm_conflicts': 1398.0}, refine;w=waiting=1.0;ckpt66
SIM_TRAIN step:210, travel time:203.51212271152895, q_loss:0.18300098, rewards:-65.063324, queue:50.547222, delay:0.6908952, throughput:1876, raw_metrics:{'fairness': 128.0}
SIM_TRAIN step:211, travel time:222.8955962394854, q_loss:0.17831382, rewards:-66.36861, queue:51.76389, delay:0.68412673, throughput:1855, raw_metrics:{'fairness': 129.0}
REAL_TRAIN step:84, travel time:109.08320950965825, q_loss:100, rewards:-43.786953, queue:26.194445, delay:0.62992924, throughput:1966, R_real:-1.7260, components:{'queue': 0.327, 'delay': 0.63, 'waiting': 0.769, 'pressure': 0.0, 'switches': 0.0}, raw_metrics:{'fairness': 155.0, 'emission': 389.386, 'fuel': 126.235, 'emergency_stops': 5.0, 'collisions': 25.0, 'ssm_conflicts': 1427.0}, refine;w=waiting=1.0;ckpt68
SIM_TRAIN step:212, travel time:220.5474777448071, q_loss:0.17977695, rewards:-69.28001, queue:53.658333, delay:0.6913291, throughput:1858, raw_metrics:{'fairness': 140.0}
SIM_TRAIN step:213, travel time:209.9990103908956, q_loss:0.17798936, rewards:-67.30833, queue:52.052776, delay:0.7029938, throughput:1880, raw_metrics:{'fairness': 145.0}
REAL_TRAIN step:86, travel time:111.52772277227723, q_loss:100, rewards:-45.19387, queue:27.76389, delay:0.6015759, throughput:1961, R_real:-1.8744, components:{'queue': 0.347, 'delay': 0.602, 'waiting': 0.926, 'pressure': 0.0, 'switches': 0.0}, raw_metrics:{'fairness': 155.0, 'emission': 396.451, 'fuel': 128.525, 'emergency_stops': 4.0, 'collisions': 36.0, 'ssm_conflicts': 1405.0}, refine;w=waiting=1.0;ckpt70
SIM_TRAIN step:214, travel time:218.17615042058387, q_loss:0.16825567, rewards:-68.99972, queue:53.58889, delay:0.6859305, throughput:1855, raw_metrics:{'fairness': 138.0}
SIM_TRAIN step:215, travel time:203.42949035131124, q_loss:0.17967084, rewards:-67.53636, queue:52.372223, delay:0.72835946, throughput:1873, raw_metrics:{'fairness': 145.0}
REAL_TRAIN step:88, travel time:114.95889053987122, q_loss:100, rewards:-47.160835, queue:29.51111, delay:0.6437838, throughput:1951, R_real:-2.0673, components:{'queue': 0.369, 'delay': 0.644, 'waiting': 1.055, 'pressure': 0.0, 'switches': 0.0}, raw_metrics:{'fairness': 151.0, 'emission': 407.293, 'fuel': 132.04, 'emergency_stops': 4.0, 'collisions': 33.0, 'ssm_conflicts': 1446.0}, refine;w=waiting=1.0;ckpt72
SIM_TRAIN step:216, travel time:215.62048490846115, q_loss:0.16906773, rewards:-67.49697, queue:52.422222, delay:0.70850027, throughput:1858, raw_metrics:{'fairness': 141.0}
SIM_TRAIN step:217, travel time:183.22315685304304, q_loss:0.16927114, rewards:-62.538345, queue:48.525, delay:0.68970543, throughput:1890, raw_metrics:{'fairness': 142.0}
REAL_TRAIN step:90, travel time:121.99058940069341, q_loss:100, rewards:-51.100563, queue:33.788887, delay:0.6161831, throughput:1955, R_real:-2.5780, components:{'queue': 0.422, 'delay': 0.616, 'waiting': 1.539, 'pressure': 0.0, 'switches': 0.0}, raw_metrics:{'fairness': 160.0, 'emission': 428.954, 'fuel': 139.062, 'emergency_stops': 2.0, 'collisions': 26.0, 'ssm_conflicts': 1433.0}, refine;w=waiting=1.0;ckpt74
SIM_TRAIN step:218, travel time:227.70064324591786, q_loss:0.16487329, rewards:-71.34055, queue:55.85278, delay:0.70424014, throughput:1827, raw_metrics:{'fairness': 160.0}
SIM_TRAIN step:219, travel time:194.3671449777338, q_loss:0.1679943, rewards:-65.41029, queue:50.733334, delay:0.7060769, throughput:1884, raw_metrics:{'fairness': 153.0}
REAL_TRAIN step:92, travel time:112.70579494799405, q_loss:100, rewards:-45.799736, queue:28.216667, delay:0.6150018, throughput:1963, R_real:-1.9434, components:{'queue': 0.353, 'delay': 0.615, 'waiting': 0.976, 'pressure': 0.0, 'switches': 0.0}, raw_metrics:{'fairness': 157.0, 'emission': 400.467, 'fuel': 129.827, 'emergency_stops': 7.0, 'collisions': 29.0, 'ssm_conflicts': 1388.0}, refine;w=waiting=1.0;ckpt76
SIM_TRAIN step:220, travel time:226.90400791687284, q_loss:0.16085139, rewards:-71.67806, queue:56.21389, delay:0.726012, throughput:1835, raw_metrics:{'fairness': 141.0}
SIM_TRAIN step:221, travel time:191.98861949529936, q_loss:0.16246966, rewards:-66.09167, queue:51.086113, delay:0.67326343, throughput:1884, raw_metrics:{'fairness': 154.0}
REAL_TRAIN step:94, travel time:119.41158989598812, q_loss:100, rewards:-49.560005, queue:32.10278, delay:0.62546843, throughput:1963, R_real:-2.3983, components:{'queue': 0.401, 'delay': 0.625, 'waiting': 1.372, 'pressure': 0.0, 'switches': 0.0}, raw_metrics:{'fairness': 155.0, 'emission': 420.82, 'fuel': 136.425, 'emergency_stops': 4.0, 'collisions': 24.0, 'ssm_conflicts': 1489.0}, refine;w=waiting=1.0;ckpt78
SIM_TRAIN step:222, travel time:200.8416625432954, q_loss:0.16167372, rewards:-66.738045, queue:51.480556, delay:0.6691406, throughput:1872, raw_metrics:{'fairness': 146.0}
SIM_TRAIN step:223, travel time:205.16971796140524, q_loss:0.17113838, rewards:-66.70832, queue:52.344444, delay:0.70692515, throughput:1854, raw_metrics:{'fairness': 146.0}
REAL_TRAIN step:96, travel time:112.2481426448737, q_loss:100, rewards:-45.574436, queue:28.180555, delay:0.63485587, throughput:1962, R_real:-2.0168, components:{'queue': 0.352, 'delay': 0.635, 'waiting': 1.03, 'pressure': 0.0, 'switches': 0.0}, raw_metrics:{'fairness': 158.0, 'emission': 399.147, 'fuel': 129.399, 'emergency_stops': 5.0, 'collisions': 17.0, 'ssm_conflicts': 1390.0}, refine;w=waiting=1.0;ckpt80
SIM_TRAIN step:224, travel time:202.470559129144, q_loss:0.17466797, rewards:-66.942245, queue:51.997223, delay:0.7126347, throughput:1870, raw_metrics:{'fairness': 138.0}
SIM_TRAIN step:225, travel time:199.583374567046, q_loss:0.17620248, rewards:-64.11361, queue:50.322224, delay:0.69699484, throughput:1846, raw_metrics:{'fairness': 141.0}
REAL_TRAIN step:98, travel time:131.89747399702824, q_loss:100, rewards:-56.800552, queue:39.780556, delay:0.6337167, throughput:1938, R_real:-3.6482, components:{'queue': 0.497, 'delay': 0.634, 'waiting': 2.517, 'pressure': 0.0, 'switches': 0.0}, raw_metrics:{'fairness': 151.0, 'emission': 460.163, 'fuel': 149.18, 'emergency_stops': 5.0, 'collisions': 23.0, 'ssm_conflicts': 1414.0}, refine;w=waiting=1.0;ckpt82
SIM_TRAIN step:226, travel time:178.04601682335476, q_loss:0.18779525, rewards:-63.693863, queue:49.202778, delay:0.69035304, throughput:1901, raw_metrics:{'fairness': 151.0}
SIM_TRAIN step:227, travel time:181.64918357248888, q_loss:0.1813481, rewards:-61.52251, queue:47.341667, delay:0.6612236, throughput:1900, raw_metrics:{'fairness': 145.0}
REAL_TRAIN step:100, travel time:147.41406636948986, q_loss:100, rewards:-65.454445, queue:49.244446, delay:0.63221204, throughput:1940, R_real:-4.0997, components:{'queue': 0.616, 'delay': 0.632, 'waiting': 2.852, 'pressure': 0.0, 'switches': 0.0}, raw_metrics:{'fairness': 149.0, 'emission': 508.483, 'fuel': 164.845, 'emergency_stops': 5.0, 'collisions': 29.0, 'ssm_conflicts': 1560.0}, refine;w=waiting=1.0;ckpt84
SIM_TRAIN step:228, travel time:198.3686293913904, q_loss:0.18096082, rewards:-64.915535, queue:50.505554, delay:0.697755, throughput:1854, raw_metrics:{'fairness': 138.0}
SIM_TRAIN step:229, travel time:204.78179119247898, q_loss:0.18190092, rewards:-67.21583, queue:51.947224, delay:0.69646585, throughput:1875, raw_metrics:{'fairness': 145.0}
REAL_TRAIN step:102, travel time:115.19811788013868, q_loss:100, rewards:-47.22024, queue:29.95, delay:0.6055575, throughput:1963, R_real:-2.2439, components:{'queue': 0.374, 'delay': 0.606, 'waiting': 1.264, 'pressure': 0.0, 'switches': 0.0}, raw_metrics:{'fairness': 156.0, 'emission': 408.273, 'fuel': 132.358, 'emergency_stops': 2.0, 'collisions': 20.0, 'ssm_conflicts': 1343.0}, refine;w=waiting=1.0;ckpt86
SIM_TRAIN step:230, travel time:229.43394359228105, q_loss:0.1910937, rewards:-67.63333, queue:52.994446, delay:0.68085015, throughput:1835, raw_metrics:{'fairness': 123.0}
SIM_TRAIN step:231, travel time:211.40227610094013, q_loss:0.19852409, rewards:-67.773895, queue:52.505554, delay:0.69643056, throughput:1874, raw_metrics:{'fairness': 145.0}
REAL_TRAIN step:104, travel time:128.07627538385339, q_loss:100, rewards:-54.608284, queue:37.605556, delay:0.63835543, throughput:1944, R_real:-2.7429, components:{'queue': 0.47, 'delay': 0.638, 'waiting': 1.634, 'pressure': 0.0, 'switches': 0.0}, raw_metrics:{'fairness': 153.0, 'emission': 450.447, 'fuel': 146.03, 'emergency_stops': 4.0, 'collisions': 25.0, 'ssm_conflicts': 1494.0}, refine;w=waiting=1.0;ckpt88
SIM_TRAIN step:232, travel time:194.8763600395648, q_loss:0.20612623, rewards:-62.893055, queue:48.919445, delay:0.70121574, throughput:1872, raw_metrics:{'fairness': 135.0}
SIM_TRAIN step:233, travel time:174.12617516081147, q_loss:0.21207176, rewards:-61.436386, queue:47.808334, delay:0.68883157, throughput:1894, raw_metrics:{'fairness': 138.0}
REAL_TRAIN step:106, travel time:119.34373452204062, q_loss:100, rewards:-49.610542, queue:32.572224, delay:0.61106926, throughput:1956, R_real:-2.3886, components:{'queue': 0.407, 'delay': 0.611, 'waiting': 1.37, 'pressure': 0.0, 'switches': 0.0}, raw_metrics:{'fairness': 157.0, 'emission': 421.531, 'fuel': 136.656, 'emergency_stops': 4.0, 'collisions': 21.0, 'ssm_conflicts': 1418.0}, refine;w=waiting=1.0;ckpt90
SIM_TRAIN step:234, travel time:202.43097476496783, q_loss:0.20552516, rewards:-65.88638, queue:51.08889, delay:0.69298303, throughput:1863, raw_metrics:{'fairness': 135.0}
SIM_TRAIN step:235, travel time:197.11133102424543, q_loss:0.19464523, rewards:-66.97473, queue:51.925, delay:0.7028052, throughput:1880, raw_metrics:{'fairness': 151.0}
REAL_TRAIN step:108, travel time:118.50569588905398, q_loss:100, rewards:-49.141953, queue:31.961111, delay:0.614892, throughput:1954, R_real:-2.4011, components:{'queue': 0.4, 'delay': 0.615, 'waiting': 1.387, 'pressure': 0.0, 'switches': 0.0}, raw_metrics:{'fairness': 155.0, 'emission': 419.864, 'fuel': 136.115, 'emergency_stops': 5.0, 'collisions': 27.0, 'ssm_conflicts': 1428.0}, refine;w=waiting=1.0;ckpt92
SIM_TRAIN step:236, travel time:213.38198911429984, q_loss:0.19754918, rewards:-69.971115, queue:54.141666, delay:0.706482, throughput:1881, raw_metrics:{'fairness': 137.0}
REAL_TRAIN step:109, travel time:114.62753838533928, q_loss:100, rewards:-46.96916, queue:29.461111, delay:0.6710331, throughput:1954, R_real:-2.4951, components:{'queue': 0.368, 'delay': 0.671, 'waiting': 1.456, 'pressure': 0.0, 'switches': 0.0}, raw_metrics:{'fairness': 153.0, 'emission': 405.766, 'fuel': 131.545, 'emergency_stops': 1.0, 'collisions': 29.0, 'ssm_conflicts': 1322.0}, refine;w=waiting=1.0;ckpt93
MORLGrid selected policy with R_real=-1.7260
Saved method state to data/output_data/sim2real_rewards/cityflow_presslight/hz1x1/baseline_rewards_v2_morl_grid_efficiency_aligned_s0/model/hz1x1_efficiency_aligned_presslight_morl_grid/method_state.json
real rollouts used: 63/100
REAL_TEST step:0, travel time:109.08320950965825, q_loss:100, rewards:-43.786953, queue:26.194445, delay:0.62992924, throughput:1966, R_real:-1.7260, components:{'queue': 0.327, 'delay': 0.63, 'waiting': 0.769, 'pressure': 0.0, 'switches': 0.0}, raw_metrics:{'fairness': 155.0, 'emission': 389.386, 'fuel': 126.235, 'emergency_stops': 5.0, 'collisions': 25.0, 'ssm_conflicts': 1427.0}
Total time taken: 1834.2839283943176
