tempe_16_noise5_presslight_latent_observation	SIM_TRAIN	0	1170.8	0.0	-1036.83	212.48	0.57	7675
tempe_16_noise5_presslight_latent_observation	SIM_TRAIN	1	1136.5	0.0	-971.99	209.05	0.56	7967
tempe_16_noise5_presslight_latent_observation	SIM_TRAIN	2	1117.4	4870.0	-1005.00	204.18	0.55	9556
tempe_16_noise5_presslight_latent_observation	REAL_TEST	2	1052.8	100.0	-1127.76	181.62	2.32	7250
tempe_16_noise5_presslight_latent_observation	SIM_TRAIN	3	925.0	3735.7	-1075.60	186.51	0.57	13018
tempe_16_noise5_presslight_latent_observation	SIM_TRAIN	4	768.5	2124.1	-1106.39	167.27	0.55	13269
tempe_16_noise5_presslight_latent_observation	REAL_TEST	4	597.1	100.0	-1183.65	139.03	2.28	12132
tempe_16_noise5_presslight_latent_observation	SIM_TRAIN	5	550.9	1572.2	-838.79	124.80	0.56	15667
tempe_16_noise5_presslight_latent_observation	SIM_TRAIN	6	590.6	1827.6	-798.68	121.39	0.54	15107
tempe_16_noise5_presslight_latent_observation	REAL_TEST	6	347.5	100.0	-930.77	96.28	2.21	15871
tempe_16_noise5_presslight_latent_observation	SIM_TRAIN	7	393.2	1958.2	-739.87	83.90	0.51	17880
tempe_16_noise5_presslight_latent_observation	SIM_TRAIN	8	380.1	1993.8	-666.49	83.29	0.52	18132
tempe_16_noise5_presslight_latent_observation	REAL_TEST	8	618.3	100.0	-1290.46	144.42	2.24	11700
tempe_16_noise5_presslight_latent_observation	SIM_TRAIN	9	373.9	2054.9	-734.86	79.60	0.50	18131
tempe_16_noise5_presslight_latent_observation	SIM_TRAIN	10	368.7	2034.7	-793.33	75.21	0.50	18448
tempe_16_noise5_presslight_latent_observation	REAL_TEST	10	397.2	100.0	-1028.80	108.31	2.24	14959
tempe_16_noise5_presslight_latent_observation	SIM_TRAIN	11	424.3	2075.0	-803.30	88.59	0.52	17482
tempe_16_noise5_presslight_latent_observation	SIM_TRAIN	12	360.6	2145.5	-670.03	69.24	0.49	18228
tempe_16_noise5_presslight_latent_observation	REAL_TEST	12	488.6	100.0	-875.73	105.71	2.25	12961
tempe_16_noise5_presslight_latent_observation	SIM_TRAIN	13	385.0	2274.7	-689.98	72.35	0.52	19646
tempe_16_noise5_presslight_latent_observation	SIM_TRAIN	14	289.2	2483.2	-577.72	46.28	0.46	19135
tempe_16_noise5_presslight_latent_observation	REAL_TEST	14	385.2	100.0	-753.22	89.12	2.26	14844
tempe_16_noise5_presslight_latent_observation	SIM_TRAIN	15	262.1	2572.2	-521.67	46.87	0.49	19407
tempe_16_noise5_presslight_latent_observation	SIM_TRAIN	16	301.5	2481.4	-611.50	51.06	0.49	18892
tempe_16_noise5_presslight_latent_observation	REAL_TEST	16	339.7	100.0	-861.02	92.06	2.24	15214
tempe_16_noise5_presslight_latent_observation	SIM_TRAIN	17	335.3	2378.5	-614.43	58.54	0.52	19109
tempe_16_noise5_presslight_latent_observation	SIM_TRAIN	18	266.8	2185.5	-543.77	52.31	0.50	19218
tempe_16_noise5_presslight_latent_observation	REAL_TEST	18	304.7	100.0	-638.01	75.65	2.22	16135
tempe_16_noise5_presslight_latent_observation	SIM_TRAIN	19	271.2	2007.0	-529.21	54.01	0.49	19627
tempe_16_noise5_presslight_latent_observation	SIM_TRAIN	20	231.0	1857.3	-439.94	41.52	0.46	19626
tempe_16_noise5_presslight_latent_observation	REAL_TEST	20	352.9	100.0	-591.34	85.40	2.24	15607
tempe_16_noise5_presslight_latent_observation	SIM_TRAIN	21	227.9	1840.4	-357.10	38.44	0.45	19800
tempe_16_noise5_presslight_latent_observation	SIM_TRAIN	22	258.2	1826.2	-478.98	40.00	0.44	19456
tempe_16_noise5_presslight_latent_observation	REAL_TEST	22	281.2	100.0	-532.98	75.26	2.17	16439
tempe_16_noise5_presslight_latent_observation	SIM_TRAIN	23	287.8	1816.2	-448.47	51.88	0.43	19279
tempe_16_noise5_presslight_latent_observation	SIM_TRAIN	24	217.7	1779.3	-440.22	38.12	0.45	19869
tempe_16_noise5_presslight_latent_observation	REAL_TEST	24	200.1	100.0	-520.88	56.51	2.20	17741
tempe_16_noise5_presslight_latent_observation	SIM_TRAIN	25	243.1	1672.5	-499.32	38.50	0.48	19387
tempe_16_noise5_presslight_latent_observation	SIM_TRAIN	26	234.4	1534.2	-534.14	37.44	0.42	19772
tempe_16_noise5_presslight_latent_observation	REAL_TEST	26	254.6	100.0	-763.06	74.01	2.17	16627
tempe_16_noise5_presslight_latent_observation	SIM_TRAIN	27	197.0	1382.6	-497.95	33.88	0.40	19943
tempe_16_noise5_presslight_latent_observation	SIM_TRAIN	28	224.0	1279.7	-529.17	35.73	0.41	19854
tempe_16_noise5_presslight_latent_observation	REAL_TEST	28	178.8	100.0	-600.00	58.30	2.14	18788
tempe_16_noise5_presslight_latent_observation	SIM_TRAIN	29	189.1	1211.9	-348.43	27.48	0.39	20233
tempe_16_noise5_presslight_latent_observation	SIM_TRAIN	30	204.3	1121.4	-351.43	30.94	0.40	20128
tempe_16_noise5_presslight_latent_observation	REAL_TEST	30	177.6	100.0	-520.00	56.05	2.18	18364
tempe_16_noise5_presslight_latent_observation	SIM_TRAIN	31	212.5	1097.5	-425.60	32.70	0.38	20135
tempe_16_noise5_presslight_latent_observation	SIM_TRAIN	32	188.4	1011.3	-353.19	26.46	0.37	20105
tempe_16_noise5_presslight_latent_observation	REAL_TEST	32	223.4	100.0	-432.67	60.50	2.18	17167
tempe_16_noise5_presslight_latent_observation	SIM_TRAIN	33	227.1	945.8	-377.47	31.87	0.37	19858
tempe_16_noise5_presslight_latent_observation	SIM_TRAIN	34	187.4	926.8	-406.81	33.67	0.37	20309
tempe_16_noise5_presslight_latent_observation	REAL_TEST	34	170.5	100.0	-463.16	54.03	2.16	18499
tempe_16_noise5_presslight_latent_observation	SIM_TRAIN	35	190.9	886.0	-337.73	26.02	0.35	19984
tempe_16_noise5_presslight_latent_observation	SIM_TRAIN	36	195.9	809.9	-361.25	27.83	0.36	20151
tempe_16_noise5_presslight_latent_observation	REAL_TEST	36	192.9	100.0	-437.70	55.51	2.13	18454
tempe_16_noise5_presslight_latent_observation	SIM_TRAIN	37	170.5	782.3	-397.70	31.83	0.38	20433
tempe_16_noise5_presslight_latent_observation	SIM_TRAIN	38	187.9	748.1	-399.85	31.84	0.36	20069
tempe_16_noise5_presslight_latent_observation	REAL_TEST	38	162.5	100.0	-417.39	50.24	2.17	18793
tempe_16_noise5_presslight_latent_observation	SIM_TRAIN	39	180.6	723.8	-349.84	29.89	0.36	20302
tempe_16_noise5_presslight_latent_observation	SIM_TRAIN	40	162.3	724.9	-312.41	24.54	0.35	20343
tempe_16_noise5_presslight_latent_observation	REAL_TEST	40	168.4	100.0	-425.79	52.25	2.18	19009
tempe_16_noise5_presslight_latent_observation	SIM_TRAIN	41	161.8	720.6	-352.12	23.84	0.36	20467
tempe_16_noise5_presslight_latent_observation	SIM_TRAIN	42	142.3	731.6	-310.53	23.64	0.38	20478
tempe_16_noise5_presslight_latent_observation	REAL_TEST	42	213.5	100.0	-568.32	63.77	2.16	18072
tempe_16_noise5_presslight_latent_observation	SIM_TRAIN	43	156.9	727.1	-373.35	28.76	0.38	20567
tempe_16_noise5_presslight_latent_observation	SIM_TRAIN	44	138.7	694.3	-285.97	24.02	0.38	20706
tempe_16_noise5_presslight_latent_observation	REAL_TEST	44	165.8	100.0	-517.64	53.93	2.13	18989
tempe_16_noise5_presslight_latent_observation	SIM_TRAIN	45	139.3	675.3	-292.30	23.28	0.37	20772
tempe_16_noise5_presslight_latent_observation	SIM_TRAIN	46	145.2	639.1	-326.23	24.15	0.36	20683
tempe_16_noise5_presslight_latent_observation	REAL_TEST	46	163.2	100.0	-480.45	52.65	2.14	19218
tempe_16_noise5_presslight_latent_observation	SIM_TRAIN	47	151.7	537.2	-337.58	24.29	0.38	20793
tempe_16_noise5_presslight_latent_observation	SIM_TRAIN	48	138.7	491.2	-291.57	22.07	0.36	20832
tempe_16_noise5_presslight_latent_observation	REAL_TEST	48	258.2	100.0	-579.65	70.17	2.17	17937
tempe_16_noise5_presslight_latent_observation	SIM_TRAIN	49	152.2	475.1	-322.88	25.06	0.38	20758
tempe_16_noise5_presslight_latent_observation	SIM_TRAIN	50	144.5	462.6	-308.09	23.60	0.36	20780
tempe_16_noise5_presslight_latent_observation	REAL_TEST	50	253.6	100.0	-638.04	72.12	2.17	17102
tempe_16_noise5_presslight_latent_observation	SIM_TRAIN	51	128.6	436.3	-262.46	20.35	0.38	20918
tempe_16_noise5_presslight_latent_observation	SIM_TRAIN	52	127.4	427.1	-265.42	19.53	0.36	20959
tempe_16_noise5_presslight_latent_observation	REAL_TEST	52	297.8	100.0	-744.64	81.56	2.19	16435
tempe_16_noise5_presslight_latent_observation	SIM_TRAIN	53	128.6	418.9	-268.53	18.13	0.35	20914
tempe_16_noise5_presslight_latent_observation	SIM_TRAIN	54	125.8	374.9	-239.26	18.82	0.34	20900
tempe_16_noise5_presslight_latent_observation	REAL_TEST	54	289.7	100.0	-737.44	80.72	2.18	16877
tempe_16_noise5_presslight_latent_observation	SIM_TRAIN	55	119.7	363.2	-216.21	17.59	0.32	21066
tempe_16_noise5_presslight_latent_observation	SIM_TRAIN	56	128.6	344.0	-222.53	20.30	0.36	20887
tempe_16_noise5_presslight_latent_observation	REAL_TEST	56	302.8	100.0	-801.77	84.76	2.18	16441
tempe_16_noise5_presslight_latent_observation	SIM_TRAIN	57	130.0	332.8	-294.98	21.75	0.36	20856
tempe_16_noise5_presslight_latent_observation	SIM_TRAIN	58	137.9	310.6	-297.78	23.96	0.36	20720
tempe_16_noise5_presslight_latent_observation	REAL_TEST	58	354.4	100.0	-849.15	95.02	2.21	15722
tempe_16_noise5_presslight_latent_observation	SIM_TRAIN	59	124.1	310.8	-255.62	18.06	0.33	20917
tempe_16_noise5_presslight_latent_observation	SIM_TRAIN	60	127.0	301.7	-204.17	18.08	0.32	20855
tempe_16_noise5_presslight_latent_observation	REAL_TEST	60	292.5	100.0	-816.30	84.10	2.17	16824
tempe_16_noise5_presslight_latent_observation	SIM_TRAIN	61	127.4	296.8	-237.51	18.98	0.33	20943
tempe_16_noise5_presslight_latent_observation	SIM_TRAIN	62	122.2	289.5	-241.59	16.18	0.33	20887
tempe_16_noise5_presslight_latent_observation	REAL_TEST	62	258.4	100.0	-666.73	74.75	2.17	17416
tempe_16_noise5_presslight_latent_observation	SIM_TRAIN	63	124.5	273.6	-218.89	19.74	0.32	20804
tempe_16_noise5_presslight_latent_observation	SIM_TRAIN	64	122.9	276.9	-221.90	18.88	0.34	20999
tempe_16_noise5_presslight_latent_observation	REAL_TEST	64	255.1	100.0	-621.69	72.18	2.18	17540
tempe_16_noise5_presslight_latent_observation	SIM_TRAIN	65	124.5	263.4	-208.49	16.29	0.32	20805
tempe_16_noise5_presslight_latent_observation	SIM_TRAIN	66	119.2	270.1	-232.39	17.32	0.33	21086
tempe_16_noise5_presslight_latent_observation	REAL_TEST	66	230.9	100.0	-546.53	66.10	2.17	18197
tempe_16_noise5_presslight_latent_observation	SIM_TRAIN	67	120.4	275.6	-215.53	16.45	0.33	21038
tempe_16_noise5_presslight_latent_observation	SIM_TRAIN	68	126.7	277.7	-218.38	15.15	0.32	20854
tempe_16_noise5_presslight_latent_observation	REAL_TEST	68	253.4	100.0	-615.48	72.27	2.17	17701
tempe_16_noise5_presslight_latent_observation	SIM_TRAIN	69	125.7	269.0	-239.13	18.95	0.34	20842
tempe_16_noise5_presslight_latent_observation	SIM_TRAIN	70	128.4	264.8	-240.99	16.82	0.34	20947
tempe_16_noise5_presslight_latent_observation	REAL_TEST	70	238.3	100.0	-565.24	68.10	2.16	17968
tempe_16_noise5_presslight_latent_observation	SIM_TRAIN	71	122.9	246.9	-204.68	17.56	0.35	20863
tempe_16_noise5_presslight_latent_observation	SIM_TRAIN	72	115.2	265.9	-174.41	14.00	0.33	21024
tempe_16_noise5_presslight_latent_observation	REAL_TEST	72	227.7	100.0	-601.58	68.74	2.18	18285
tempe_16_noise5_presslight_latent_observation	SIM_TRAIN	73	113.8	255.6	-199.41	14.32	0.35	20902
tempe_16_noise5_presslight_latent_observation	SIM_TRAIN	74	159.5	255.6	-373.16	25.29	0.34	20803
tempe_16_noise5_presslight_latent_observation	REAL_TEST	74	128.1	100.0	-278.47	40.34	2.14	20335
tempe_16_noise5_presslight_latent_observation	SIM_TRAIN	75	115.6	263.5	-200.08	16.72	0.37	20934
tempe_16_noise5_presslight_latent_observation	SIM_TRAIN	76	109.6	248.3	-158.74	14.61	0.34	21042
tempe_16_noise5_presslight_latent_observation	REAL_TEST	76	139.3	100.0	-244.73	42.02	2.14	20066
tempe_16_noise5_presslight_latent_observation	SIM_TRAIN	77	110.7	244.4	-157.52	14.79	0.31	21105
tempe_16_noise5_presslight_latent_observation	SIM_TRAIN	78	113.2	235.8	-177.91	15.72	0.32	21035
tempe_16_noise5_presslight_latent_observation	REAL_TEST	78	129.8	100.0	-245.02	39.87	2.14	19726
tempe_16_noise5_presslight_latent_observation	SIM_TRAIN	79	101.4	231.3	-142.90	11.07	0.30	21206
tempe_16_noise5_presslight_latent_observation	SIM_TRAIN	80	103.5	221.5	-132.68	11.32	0.33	21068
tempe_16_noise5_presslight_latent_observation	REAL_TEST	80	202.9	100.0	-352.70	55.47	2.15	19176
tempe_16_noise5_presslight_latent_observation	SIM_TRAIN	81	114.2	227.4	-146.83	16.11	0.32	21030
tempe_16_noise5_presslight_latent_observation	SIM_TRAIN	82	102.0	235.9	-149.40	11.72	0.32	20956
tempe_16_noise5_presslight_latent_observation	REAL_TEST	82	135.2	100.0	-228.84	40.92	2.14	20117
tempe_16_noise5_presslight_latent_observation	SIM_TRAIN	83	104.2	243.2	-142.20	11.02	0.32	21038
tempe_16_noise5_presslight_latent_observation	SIM_TRAIN	84	105.4	244.2	-149.00	12.95	0.34	21128
tempe_16_noise5_presslight_latent_observation	REAL_TEST	84	113.3	100.0	-220.46	36.24	2.15	20533
tempe_16_noise5_presslight_latent_observation	SIM_TRAIN	85	103.7	234.2	-146.26	10.92	0.29	21034
tempe_16_noise5_presslight_latent_observation	SIM_TRAIN	86	114.7	207.9	-161.88	14.99	0.30	21042
tempe_16_noise5_presslight_latent_observation	REAL_TEST	86	111.6	100.0	-192.92	35.13	2.14	20467
tempe_16_noise5_presslight_latent_observation	SIM_TRAIN	87	99.1	213.9	-148.84	10.48	0.32	21116
tempe_16_noise5_presslight_latent_observation	SIM_TRAIN	88	108.0	195.6	-172.14	11.08	0.30	21021
tempe_16_noise5_presslight_latent_observation	REAL_TEST	88	112.6	100.0	-203.62	36.63	2.12	20443
tempe_16_noise5_presslight_latent_observation	SIM_TRAIN	89	111.8	168.4	-181.07	12.00	0.32	21002
tempe_16_noise5_presslight_latent_observation	SIM_TRAIN	90	131.0	163.3	-214.20	15.47	0.32	20656
tempe_16_noise5_presslight_latent_observation	REAL_TEST	90	203.8	100.0	-516.83	64.90	2.15	19235
tempe_16_noise5_presslight_latent_observation	SIM_TRAIN	91	94.2	166.1	-129.02	8.64	0.30	21203
tempe_16_noise5_presslight_latent_observation	SIM_TRAIN	92	96.6	161.1	-123.45	9.53	0.30	21251
tempe_16_noise5_presslight_latent_observation	REAL_TEST	92	143.8	100.0	-248.76	42.43	2.15	20124
tempe_16_noise5_presslight_latent_observation	SIM_TRAIN	93	94.8	152.2	-128.01	9.02	0.31	21172
tempe_16_noise5_presslight_latent_observation	SIM_TRAIN	94	97.3	147.9	-125.64	9.91	0.32	21219
tempe_16_noise5_presslight_latent_observation	REAL_TEST	94	115.6	100.0	-196.73	36.42	2.14	20540
tempe_16_noise5_presslight_latent_observation	SIM_TRAIN	95	98.2	137.7	-131.14	10.09	0.31	21214
tempe_16_noise5_presslight_latent_observation	SIM_TRAIN	96	113.3	129.4	-174.62	14.04	0.34	21167
tempe_16_noise5_presslight_latent_observation	REAL_TEST	96	110.5	100.0	-180.69	34.08	2.13	20528
tempe_16_noise5_presslight_latent_observation	SIM_TRAIN	97	92.7	125.8	-115.88	8.13	0.30	21215
tempe_16_noise5_presslight_latent_observation	SIM_TRAIN	98	91.1	122.7	-112.19	7.63	0.30	21206
tempe_16_noise5_presslight_latent_observation	REAL_TEST	98	128.7	100.0	-194.33	38.19	2.17	20483
tempe_16_noise5_presslight_latent_observation	SIM_TRAIN	99	91.0	120.1	-111.75	7.62	0.31	21180
tempe_16_noise5_presslight_latent_observation	SIM_TRAIN	100	93.1	111.6	-120.55	8.28	0.33	21191
tempe_16_noise5_presslight_latent_observation	REAL_TEST	100	146.0	100.0	-267.16	42.72	2.17	19913
tempe_16_noise5_presslight_latent_observation	SIM_TRAIN	101	99.3	105.1	-134.11	10.32	0.33	21206
tempe_16_noise5_presslight_latent_observation	SIM_TRAIN	102	100.3	105.4	-128.28	10.96	0.32	21113
tempe_16_noise5_presslight_latent_observation	REAL_TEST	102	170.7	100.0	-414.71	55.66	2.16	19253
tempe_16_noise5_presslight_latent_observation	SIM_TRAIN	103	98.5	110.3	-128.96	9.02	0.33	21211
tempe_16_noise5_presslight_latent_observation	SIM_TRAIN	104	96.6	105.7	-115.71	9.55	0.33	21206
tempe_16_noise5_presslight_latent_observation	REAL_TEST	104	117.2	100.0	-203.20	35.51	2.15	20404
tempe_16_noise5_presslight_latent_observation	SIM_TRAIN	105	94.0	101.5	-121.69	8.67	0.31	21211
tempe_16_noise5_presslight_latent_observation	SIM_TRAIN	106	102.0	97.9	-144.30	9.44	0.30	21116
tempe_16_noise5_presslight_latent_observation	REAL_TEST	106	112.8	100.0	-223.99	35.98	2.15	20221
tempe_16_noise5_presslight_latent_observation	SIM_TRAIN	107	105.5	93.4	-140.84	12.07	0.32	21017
tempe_16_noise5_presslight_latent_observation	SIM_TRAIN	108	94.9	106.4	-112.95	8.92	0.31	21128
tempe_16_noise5_presslight_latent_observation	REAL_TEST	108	127.2	100.0	-268.71	38.93	2.14	19597
tempe_16_noise5_presslight_latent_observation	SIM_TRAIN	109	95.3	106.6	-127.79	9.02	0.31	21164
tempe_16_noise5_presslight_latent_observation	SIM_TRAIN	110	101.6	97.7	-136.72	11.29	0.32	21176
tempe_16_noise5_presslight_latent_observation	REAL_TEST	110	109.0	100.0	-204.63	34.82	2.14	20577
tempe_16_noise5_presslight_latent_observation	SIM_TRAIN	111	90.4	100.9	-99.23	7.31	0.30	21197
tempe_16_noise5_presslight_latent_observation	SIM_TRAIN	112	89.5	94.7	-93.25	7.03	0.30	21240
tempe_16_noise5_presslight_latent_observation	REAL_TEST	112	123.5	100.0	-228.17	36.91	2.15	19884
tempe_16_noise5_presslight_latent_observation	SIM_TRAIN	113	97.8	96.3	-135.40	9.76	0.31	21183
tempe_16_noise5_presslight_latent_observation	SIM_TRAIN	114	96.8	98.7	-117.94	8.22	0.30	21120
tempe_16_noise5_presslight_latent_observation	REAL_TEST	114	131.7	100.0	-253.54	38.87	2.14	19675
tempe_16_noise5_presslight_latent_observation	SIM_TRAIN	115	103.2	96.1	-128.04	9.23	0.30	21129
tempe_16_noise5_presslight_latent_observation	SIM_TRAIN	116	99.4	96.3	-111.69	8.18	0.30	21129
tempe_16_noise5_presslight_latent_observation	REAL_TEST	116	126.6	100.0	-248.55	38.67	2.14	19668
tempe_16_noise5_presslight_latent_observation	SIM_TRAIN	117	97.7	88.4	-109.17	8.27	0.31	21179
tempe_16_noise5_presslight_latent_observation	SIM_TRAIN	118	93.4	85.8	-102.74	7.53	0.30	21169
tempe_16_noise5_presslight_latent_observation	REAL_TEST	118	150.5	100.0	-364.49	48.14	2.17	19062
tempe_16_noise5_presslight_latent_observation	SIM_TRAIN	119	89.6	85.1	-93.80	7.14	0.31	21199
tempe_16_noise5_presslight_latent_observation	SIM_TRAIN	120	94.2	85.6	-108.41	8.26	0.31	21152
tempe_16_noise5_presslight_latent_observation	REAL_TEST	120	167.3	100.0	-404.02	52.56	2.17	18963
tempe_16_noise5_presslight_latent_observation	SIM_TRAIN	121	87.0	88.8	-79.95	6.15	0.30	21279
tempe_16_noise5_presslight_latent_observation	SIM_TRAIN	122	89.4	85.1	-91.63	6.94	0.30	21204
tempe_16_noise5_presslight_latent_observation	REAL_TEST	122	116.8	100.0	-231.06	36.59	2.14	19814
tempe_16_noise5_presslight_latent_observation	SIM_TRAIN	123	89.5	85.5	-92.27	6.91	0.30	21246
tempe_16_noise5_presslight_latent_observation	SIM_TRAIN	124	86.8	78.1	-78.81	6.05	0.30	21229
tempe_16_noise5_presslight_latent_observation	REAL_TEST	124	120.2	100.0	-249.09	37.54	2.14	19779
tempe_16_noise5_presslight_latent_observation	SIM_TRAIN	125	86.8	69.3	-78.98	6.07	0.31	21229
tempe_16_noise5_presslight_latent_observation	SIM_TRAIN	126	92.3	64.8	-106.73	8.08	0.32	21187
tempe_16_noise5_presslight_latent_observation	REAL_TEST	126	133.7	100.0	-355.35	42.91	2.14	19888
tempe_16_noise5_presslight_latent_observation	SIM_TRAIN	127	89.3	66.8	-98.27	7.05	0.31	21231
tempe_16_noise5_presslight_latent_observation	SIM_TRAIN	128	93.4	63.7	-108.21	8.08	0.32	21273
tempe_16_noise5_presslight_latent_observation	REAL_TEST	128	148.4	100.0	-311.30	48.61	2.14	19893
tempe_16_noise5_presslight_latent_observation	SIM_TRAIN	129	87.2	58.7	-82.44	6.18	0.30	21233
tempe_16_noise5_presslight_latent_observation	SIM_TRAIN	130	89.6	63.1	-93.95	7.08	0.30	21209
tempe_16_noise5_presslight_latent_observation	REAL_TEST	130	141.1	100.0	-191.81	38.27	2.16	19231
tempe_16_noise5_presslight_latent_observation	SIM_TRAIN	131	86.4	53.7	-77.52	5.99	0.31	21260
tempe_16_noise5_presslight_latent_observation	SIM_TRAIN	132	87.3	49.1	-83.70	6.22	0.31	21246
tempe_16_noise5_presslight_latent_observation	REAL_TEST	132	134.0	100.0	-267.90	43.62	2.16	20175
tempe_16_noise5_presslight_latent_observation	SIM_TRAIN	133	86.1	50.3	-76.77	5.87	0.31	21276
tempe_16_noise5_presslight_latent_observation	SIM_TRAIN	134	89.0	43.3	-94.20	7.04	0.33	21260
tempe_16_noise5_presslight_latent_observation	REAL_TEST	134	103.7	100.0	-160.72	32.68	2.15	20429
tempe_16_noise5_presslight_latent_observation	SIM_TRAIN	135	88.8	31.3	-93.62	6.87	0.31	21241
tempe_16_noise5_presslight_latent_observation	SIM_TRAIN	136	87.9	31.1	-90.27	6.53	0.32	21249
tempe_16_noise5_presslight_latent_observation	REAL_TEST	136	133.9	100.0	-283.23	40.53	2.16	19368
tempe_16_noise5_presslight_latent_observation	SIM_TRAIN	137	88.7	29.2	-96.99	6.77	0.33	21235
tempe_16_noise5_presslight_latent_observation	SIM_TRAIN	138	90.0	29.0	-100.91	7.18	0.31	21239
tempe_16_noise5_presslight_latent_observation	REAL_TEST	138	122.1	100.0	-219.51	37.08	2.16	19792
tempe_16_noise5_presslight_latent_observation	SIM_TRAIN	139	151.4	35.9	-169.50	14.63	0.34	21055
tempe_16_noise5_presslight_latent_observation	SIM_TRAIN	140	92.1	39.2	-95.70	7.99	0.33	21161
tempe_16_noise5_presslight_latent_observation	REAL_TEST	140	110.9	100.0	-187.12	34.47	2.14	20544
tempe_16_noise5_presslight_latent_observation	SIM_TRAIN	141	97.0	52.6	-120.73	9.69	0.33	21147
tempe_16_noise5_presslight_latent_observation	SIM_TRAIN	142	94.6	75.0	-110.66	8.84	0.31	21192
tempe_16_noise5_presslight_latent_observation	REAL_TEST	142	194.5	100.0	-351.07	55.00	2.15	18474
tempe_16_noise5_presslight_latent_observation	SIM_TRAIN	143	93.8	80.4	-117.15	8.69	0.32	21133
tempe_16_noise5_presslight_latent_observation	SIM_TRAIN	144	95.2	91.5	-122.38	9.15	0.33	21187
tempe_16_noise5_presslight_latent_observation	REAL_TEST	144	100.5	100.0	-185.94	32.35	2.16	20675
tempe_16_noise5_presslight_latent_observation	SIM_TRAIN	145	91.8	102.3	-106.54	7.97	0.31	21212
tempe_16_noise5_presslight_latent_observation	SIM_TRAIN	146	91.0	115.0	-99.03	7.64	0.30	21178
tempe_16_noise5_presslight_latent_observation	REAL_TEST	146	135.2	100.0	-197.03	38.56	2.14	19497
tempe_16_noise5_presslight_latent_observation	SIM_TRAIN	147	93.1	131.4	-102.89	8.36	0.31	21234
tempe_16_noise5_presslight_latent_observation	SIM_TRAIN	148	97.8	124.4	-103.16	9.94	0.32	20995
tempe_16_noise5_presslight_latent_observation	REAL_TEST	148	132.0	100.0	-198.20	39.06	2.16	20137
tempe_16_noise5_presslight_latent_observation	SIM_TRAIN	149	90.2	147.5	-98.64	7.42	0.33	21213
tempe_16_noise5_presslight_latent_observation	SIM_TRAIN	150	90.3	142.4	-99.21	7.42	0.30	21232
tempe_16_noise5_presslight_latent_observation	REAL_TEST	150	96.3	100.0	-148.92	31.04	2.15	20768
tempe_16_noise5_presslight_latent_observation	SIM_TRAIN	151	91.5	148.8	-104.72	7.83	0.32	21219
tempe_16_noise5_presslight_latent_observation	SIM_TRAIN	152	92.4	165.2	-102.24	8.17	0.34	21223
tempe_16_noise5_presslight_latent_observation	REAL_TEST	152	111.7	100.0	-174.18	33.68	2.12	20583
tempe_16_noise5_presslight_latent_observation	SIM_TRAIN	153	94.5	158.1	-125.06	8.84	0.35	21180
tempe_16_noise5_presslight_latent_observation	SIM_TRAIN	154	90.5	131.6	-104.64	7.47	0.31	21217
tempe_16_noise5_presslight_latent_observation	REAL_TEST	154	146.8	100.0	-318.95	49.03	2.16	19970
tempe_16_noise5_presslight_latent_observation	SIM_TRAIN	155	88.8	95.2	-95.97	6.96	0.32	21231
tempe_16_noise5_presslight_latent_observation	SIM_TRAIN	156	89.6	78.0	-102.30	7.27	0.32	21222
tempe_16_noise5_presslight_latent_observation	REAL_TEST	156	112.3	100.0	-172.86	33.59	2.15	20548
tempe_16_noise5_presslight_latent_observation	SIM_TRAIN	157	87.0	63.8	-85.76	6.27	0.30	21246
tempe_16_noise5_presslight_latent_observation	SIM_TRAIN	158	87.4	54.9	-87.00	6.42	0.31	21239
tempe_16_noise5_presslight_latent_observation	REAL_TEST	158	153.9	100.0	-373.97	51.91	2.15	19797
tempe_16_noise5_presslight_latent_observation	SIM_TRAIN	159	89.8	51.3	-105.66	7.23	0.30	21226
tempe_16_noise5_presslight_latent_observation	SIM_TRAIN	160	86.7	49.7	-84.66	6.12	0.30	21226
tempe_16_noise5_presslight_latent_observation	REAL_TEST	160	131.3	100.0	-230.33	37.70	2.13	19987
tempe_16_noise5_presslight_latent_observation	SIM_TRAIN	161	85.9	48.4	-77.59	5.81	0.30	21261
tempe_16_noise5_presslight_latent_observation	SIM_TRAIN	162	87.5	59.5	-76.82	6.12	0.30	21270
tempe_16_noise5_presslight_latent_observation	REAL_TEST	162	109.4	100.0	-198.75	34.86	2.12	20623
tempe_16_noise5_presslight_latent_observation	SIM_TRAIN	163	87.3	57.8	-90.79	6.37	0.30	21227
tempe_16_noise5_presslight_latent_observation	SIM_TRAIN	164	86.8	71.4	-88.70	6.17	0.29	21208
tempe_16_noise5_presslight_latent_observation	REAL_TEST	164	99.1	100.0	-146.60	31.25	2.15	20787
tempe_16_noise5_presslight_latent_observation	SIM_TRAIN	165	87.9	60.4	-91.76	6.53	0.30	21212
tempe_16_noise5_presslight_latent_observation	SIM_TRAIN	166	87.1	53.4	-84.78	6.24	0.30	21246
tempe_16_noise5_presslight_latent_observation	REAL_TEST	166	120.1	100.0	-232.24	37.83	2.13	20191
tempe_16_noise5_presslight_latent_observation	SIM_TRAIN	167	87.4	44.0	-90.43	6.33	0.29	21249
tempe_16_noise5_presslight_latent_observation	SIM_TRAIN	168	86.7	40.3	-85.18	6.13	0.29	21257
tempe_16_noise5_presslight_latent_observation	REAL_TEST	168	106.2	100.0	-179.72	33.93	2.12	20425
tempe_16_noise5_presslight_latent_observation	SIM_TRAIN	169	90.9	41.4	-106.75	7.54	0.31	21250
tempe_16_noise5_presslight_latent_observation	SIM_TRAIN	170	88.5	41.1	-87.26	6.83	0.31	21231
tempe_16_noise5_presslight_latent_observation	REAL_TEST	170	117.0	100.0	-200.80	37.23	2.13	20291
tempe_16_noise5_presslight_latent_observation	SIM_TRAIN	171	85.5	39.3	-75.23	5.69	0.29	21268
tempe_16_noise5_presslight_latent_observation	SIM_TRAIN	172	87.6	41.0	-85.14	6.51	0.31	21270
tempe_16_noise5_presslight_latent_observation	REAL_TEST	172	109.9	100.0	-155.08	33.21	2.11	20719
tempe_16_noise5_presslight_latent_observation	SIM_TRAIN	173	85.7	33.3	-79.05	5.79	0.30	21256
tempe_16_noise5_presslight_latent_observation	SIM_TRAIN	174	87.6	35.4	-88.00	6.48	0.30	21252
tempe_16_noise5_presslight_latent_observation	REAL_TEST	174	174.9	100.0	-354.63	57.01	2.16	19018
tempe_16_noise5_presslight_latent_observation	SIM_TRAIN	175	88.0	31.7	-87.85	6.63	0.31	21250
tempe_16_noise5_presslight_latent_observation	SIM_TRAIN	176	87.7	25.7	-84.63	6.54	0.31	21241
tempe_16_noise5_presslight_latent_observation	REAL_TEST	176	113.8	100.0	-130.55	32.52	2.13	20481
tempe_16_noise5_presslight_latent_observation	SIM_TRAIN	177	84.2	21.1	-63.18	5.18	0.29	21276
tempe_16_noise5_presslight_latent_observation	SIM_TRAIN	178	85.3	20.9	-64.06	5.54	0.29	21267
tempe_16_noise5_presslight_latent_observation	REAL_TEST	178	99.9	100.0	-163.12	31.82	2.12	20644
tempe_16_noise5_presslight_latent_observation	SIM_TRAIN	179	85.8	20.9	-67.24	5.71	0.30	21288
tempe_16_noise5_presslight_latent_observation	SIM_TRAIN	180	83.7	20.1	-60.70	4.98	0.30	21282
tempe_16_noise5_presslight_latent_observation	REAL_TEST	180	137.4	100.0	-171.01	37.60	2.15	19374
tempe_16_noise5_presslight_latent_observation	SIM_TRAIN	181	83.9	20.2	-59.52	4.98	0.29	21291
tempe_16_noise5_presslight_latent_observation	SIM_TRAIN	182	84.9	19.9	-66.95	5.42	0.31	21276
tempe_16_noise5_presslight_latent_observation	REAL_TEST	182	101.2	100.0	-166.34	32.53	2.13	20619
tempe_16_noise5_presslight_latent_observation	SIM_TRAIN	183	84.1	18.9	-64.46	5.13	0.30	21287
tempe_16_noise5_presslight_latent_observation	SIM_TRAIN	184	83.3	17.5	-60.25	4.79	0.29	21286
tempe_16_noise5_presslight_latent_observation	REAL_TEST	184	209.8	100.0	-336.93	59.93	2.17	18368
tempe_16_noise5_presslight_latent_observation	SIM_TRAIN	185	84.5	16.9	-68.43	5.27	0.30	21254
tempe_16_noise5_presslight_latent_observation	SIM_TRAIN	186	83.9	16.8	-65.33	5.01	0.29	21304
tempe_16_noise5_presslight_latent_observation	REAL_TEST	186	130.1	100.0	-274.44	42.27	2.15	20120
tempe_16_noise5_presslight_latent_observation	SIM_TRAIN	187	84.1	16.2	-62.54	5.05	0.30	21293
tempe_16_noise5_presslight_latent_observation	SIM_TRAIN	188	85.7	17.2	-76.07	5.69	0.29	21267
tempe_16_noise5_presslight_latent_observation	REAL_TEST	188	149.8	100.0	-220.55	41.87	2.13	19022
tempe_16_noise5_presslight_latent_observation	SIM_TRAIN	189	87.1	17.4	-85.54	6.23	0.29	21248
tempe_16_noise5_presslight_latent_observation	SIM_TRAIN	190	82.4	17.8	-55.64	4.47	0.29	21305
tempe_16_noise5_presslight_latent_observation	REAL_TEST	190	107.8	100.0	-159.23	34.26	2.13	20515
tempe_16_noise5_presslight_latent_observation	SIM_TRAIN	191	85.6	17.2	-75.83	5.74	0.31	21259
tempe_16_noise5_presslight_latent_observation	SIM_TRAIN	192	85.2	18.2	-75.40	5.58	0.29	21226
tempe_16_noise5_presslight_latent_observation	REAL_TEST	192	120.6	100.0	-253.37	39.02	2.14	20212
tempe_16_noise5_presslight_latent_observation	SIM_TRAIN	193	85.5	17.8	-75.94	5.68	0.30	21263
tempe_16_noise5_presslight_latent_observation	SIM_TRAIN	194	83.0	18.0	-60.57	4.73	0.30	21276
tempe_16_noise5_presslight_latent_observation	REAL_TEST	194	150.7	100.0	-230.10	41.68	2.14	19048
tempe_16_noise5_presslight_latent_observation	SIM_TRAIN	195	91.2	18.5	-83.57	7.91	0.30	20991
tempe_16_noise5_presslight_latent_observation	SIM_TRAIN	196	97.0	48.7	-102.03	8.30	0.30	21193
tempe_16_noise5_presslight_latent_observation	REAL_TEST	196	110.5	100.0	-231.68	35.46	2.13	20194
tempe_16_noise5_presslight_latent_observation	SIM_TRAIN	197	112.6	85.9	-133.66	14.20	0.33	20930
tempe_16_noise5_presslight_latent_observation	SIM_TRAIN	198	94.4	128.8	-102.75	9.01	0.32	21066
tempe_16_noise5_presslight_latent_observation	REAL_TEST	198	140.0	100.0	-197.31	40.54	2.18	19976
tempe_16_noise5_presslight_latent_observation	SIM_TRAIN	199	88.8	140.9	-91.31	6.86	0.31	21228
