tempe_16_combine2_presslight_latent_observation	REAL_TEST	2	855.4	100.0	-1050.70	144.08	1.37	9334
tempe_16_combine2_presslight_latent_observation	REAL_TEST	4	509.1	100.0	-1121.11	104.53	1.38	13388
tempe_16_combine2_presslight_latent_observation	REAL_TEST	6	430.2	100.0	-1305.83	102.89	1.32	15119
tempe_16_combine2_presslight_latent_observation	REAL_TEST	8	485.5	100.0	-1170.43	102.13	1.27	13465
tempe_16_combine2_presslight_latent_observation	REAL_TEST	10	423.7	100.0	-1126.76	91.04	1.30	14920
tempe_16_combine2_presslight_latent_observation	REAL_TEST	12	500.0	100.0	-896.73	96.42	1.36	12836
tempe_16_combine2_presslight_latent_observation	REAL_TEST	14	462.4	100.0	-760.95	84.11	1.32	13749
tempe_16_combine2_presslight_latent_observation	REAL_TEST	16	345.0	100.0	-796.98	64.28	1.25	15386
tempe_16_combine2_presslight_latent_observation	REAL_TEST	18	281.3	100.0	-607.53	57.42	1.28	16584
tempe_16_combine2_presslight_latent_observation	REAL_TEST	20	451.2	100.0	-793.82	88.54	1.24	14287
tempe_16_combine2_presslight_latent_observation	REAL_TEST	22	267.2	100.0	-495.28	53.72	1.31	17256
tempe_16_combine2_presslight_latent_observation	REAL_TEST	24	252.5	100.0	-638.59	52.63	1.30	17296
tempe_16_combine2_presslight_latent_observation	REAL_TEST	26	321.2	100.0	-753.59	70.56	1.25	15888
tempe_16_combine2_presslight_latent_observation	REAL_TEST	28	192.1	100.0	-641.81	41.71	1.22	18368
tempe_16_combine2_presslight_latent_observation	REAL_TEST	30	231.7	100.0	-553.78	53.60	1.27	17852
tempe_16_combine2_presslight_latent_observation	REAL_TEST	32	462.2	100.0	-708.18	81.50	1.22	14476
tempe_16_combine2_presslight_latent_observation	REAL_TEST	34	311.5	100.0	-500.45	66.77	1.24	16417
tempe_16_combine2_presslight_latent_observation	REAL_TEST	36	296.2	100.0	-537.35	61.86	1.24	17398
tempe_16_combine2_presslight_latent_observation	REAL_TEST	38	464.2	100.0	-609.57	94.05	1.27	14778
tempe_16_combine2_presslight_latent_observation	REAL_TEST	40	388.8	100.0	-527.60	88.40	1.32	16147
tempe_16_combine2_presslight_latent_observation	REAL_TEST	42	444.2	100.0	-605.70	92.44	1.23	14576
tempe_16_combine2_presslight_latent_observation	REAL_TEST	44	351.8	100.0	-646.09	66.31	1.22	16260
tempe_16_combine2_presslight_latent_observation	REAL_TEST	46	466.5	100.0	-647.26	71.37	1.20	14412
tempe_16_combine2_presslight_latent_observation	REAL_TEST	48	280.1	100.0	-506.31	62.78	1.26	18013
tempe_16_combine2_presslight_latent_observation	REAL_TEST	50	385.1	100.0	-570.38	75.64	1.24	15567
tempe_16_combine2_presslight_latent_observation	REAL_TEST	52	482.5	100.0	-825.23	93.18	1.27	14850
tempe_16_combine2_presslight_latent_observation	REAL_TEST	54	472.7	100.0	-764.21	88.54	1.30	14168
tempe_16_combine2_presslight_latent_observation	REAL_TEST	56	357.5	100.0	-623.87	78.45	1.32	16251
tempe_16_combine2_presslight_latent_observation	REAL_TEST	58	514.5	100.0	-844.25	104.91	1.32	13731
tempe_16_combine2_presslight_latent_observation	REAL_TEST	60	447.6	100.0	-763.72	101.91	1.27	15178
tempe_16_combine2_presslight_latent_observation	REAL_TEST	62	336.5	100.0	-503.53	70.25	1.27	17351
tempe_16_combine2_presslight_latent_observation	REAL_TEST	64	459.6	100.0	-728.75	87.85	1.27	14289
tempe_16_combine2_presslight_latent_observation	REAL_TEST	66	331.7	100.0	-464.76	69.26	1.29	17268
tempe_16_combine2_presslight_latent_observation	REAL_TEST	68	431.5	100.0	-571.07	83.04	1.21	15426
tempe_16_combine2_presslight_latent_observation	REAL_TEST	70	320.6	100.0	-554.45	69.61	1.29	17263
tempe_16_combine2_presslight_latent_observation	REAL_TEST	72	426.3	100.0	-689.88	103.54	1.29	15858
tempe_16_combine2_presslight_latent_observation	REAL_TEST	74	257.5	100.0	-338.27	42.89	1.24	17537
tempe_16_combine2_presslight_latent_observation	REAL_TEST	76	382.6	100.0	-543.99	84.70	1.20	16423
tempe_16_combine2_presslight_latent_observation	REAL_TEST	78	323.2	100.0	-474.36	58.94	1.22	17034
tempe_16_combine2_presslight_latent_observation	REAL_TEST	80	424.3	100.0	-640.38	92.56	1.20	15385
tempe_16_combine2_presslight_latent_observation	REAL_TEST	82	245.7	100.0	-303.98	51.01	1.24	19067
tempe_16_combine2_presslight_latent_observation	REAL_TEST	84	333.3	100.0	-346.83	57.77	1.20	16262
tempe_16_combine2_presslight_latent_observation	REAL_TEST	86	237.5	100.0	-271.35	59.30	1.28	19234
tempe_16_combine2_presslight_latent_observation	REAL_TEST	88	311.6	100.0	-486.82	64.43	1.24	16570
tempe_16_combine2_presslight_latent_observation	REAL_TEST	90	186.2	100.0	-201.29	42.60	1.18	19816
tempe_16_combine2_presslight_latent_observation	REAL_TEST	92	290.3	100.0	-327.49	62.39	1.29	17329
tempe_16_combine2_presslight_latent_observation	REAL_TEST	94	237.4	100.0	-305.83	45.90	1.17	19073
tempe_16_combine2_presslight_latent_observation	REAL_TEST	96	278.8	100.0	-234.09	59.17	1.22	17907
tempe_16_combine2_presslight_latent_observation	REAL_TEST	98	178.1	100.0	-208.23	35.13	1.25	19634
tempe_16_combine2_presslight_latent_observation	REAL_TEST	100	415.3	100.0	-550.75	85.21	1.31	15097
tempe_16_combine2_presslight_latent_observation	REAL_TEST	102	214.6	100.0	-255.01	45.04	1.25	19062
tempe_16_combine2_presslight_latent_observation	REAL_TEST	104	374.2	100.0	-368.05	71.91	1.26	15552
tempe_16_combine2_presslight_latent_observation	REAL_TEST	106	354.2	100.0	-370.32	64.40	1.26	17005
tempe_16_combine2_presslight_latent_observation	REAL_TEST	108	277.5	100.0	-384.44	62.53	1.27	18447
tempe_16_combine2_presslight_latent_observation	REAL_TEST	110	333.5	100.0	-354.52	68.80	1.26	16308
tempe_16_combine2_presslight_latent_observation	REAL_TEST	112	374.3	100.0	-497.56	76.78	1.25	15734
tempe_16_combine2_presslight_latent_observation	REAL_TEST	114	220.4	100.0	-228.87	41.04	1.24	18544
tempe_16_combine2_presslight_latent_observation	REAL_TEST	116	326.9	100.0	-360.43	72.20	1.27	16843
tempe_16_combine2_presslight_latent_observation	REAL_TEST	118	293.5	100.0	-380.93	64.81	1.27	17477
tempe_16_combine2_presslight_latent_observation	REAL_TEST	120	338.4	100.0	-335.88	76.52	1.31	17531
tempe_16_combine2_presslight_latent_observation	REAL_TEST	122	254.4	100.0	-220.11	54.44	1.20	18787
tempe_16_combine2_presslight_latent_observation	REAL_TEST	124	344.5	100.0	-453.45	68.49	1.21	16557
tempe_16_combine2_presslight_latent_observation	REAL_TEST	126	264.8	100.0	-361.30	56.82	1.18	18375
tempe_16_combine2_presslight_latent_observation	REAL_TEST	128	352.4	100.0	-479.41	73.19	1.24	17015
tempe_16_combine2_presslight_latent_observation	REAL_TEST	130	338.1	100.0	-401.76	66.71	1.25	16274
tempe_16_combine2_presslight_latent_observation	REAL_TEST	132	308.3	100.0	-291.15	69.38	1.21	18443
tempe_16_combine2_presslight_latent_observation	REAL_TEST	134	315.1	100.0	-328.39	64.46	1.28	17401
tempe_16_combine2_presslight_latent_observation	REAL_TEST	136	312.9	100.0	-445.40	60.87	1.27	17149
tempe_16_combine2_presslight_latent_observation	REAL_TEST	138	317.5	100.0	-353.51	55.05	1.28	17524
tempe_16_combine2_presslight_latent_observation	REAL_TEST	140	244.2	100.0	-262.06	58.67	1.27	18867
tempe_16_combine2_presslight_latent_observation	REAL_TEST	142	372.3	100.0	-399.29	77.16	1.29	16224
tempe_16_combine2_presslight_latent_observation	REAL_TEST	144	227.0	100.0	-283.41	49.68	1.26	19072
tempe_16_combine2_presslight_latent_observation	REAL_TEST	146	266.7	100.0	-307.79	53.13	1.23	18481
tempe_16_combine2_presslight_latent_observation	REAL_TEST	148	310.7	100.0	-629.85	77.86	1.22	17278
tempe_16_combine2_presslight_latent_observation	REAL_TEST	150	308.3	100.0	-291.89	65.30	1.25	17646
tempe_16_combine2_presslight_latent_observation	REAL_TEST	152	316.0	100.0	-482.03	62.07	1.22	17008
tempe_16_combine2_presslight_latent_observation	REAL_TEST	154	384.1	100.0	-376.47	75.40	1.24	15805
tempe_16_combine2_presslight_latent_observation	REAL_TEST	156	342.7	100.0	-463.75	75.54	1.23	16355
tempe_16_combine2_presslight_latent_observation	REAL_TEST	158	277.6	100.0	-524.61	70.80	1.25	17920
tempe_16_combine2_presslight_latent_observation	REAL_TEST	160	371.2	100.0	-464.40	77.79	1.25	15939
tempe_16_combine2_presslight_latent_observation	REAL_TEST	162	402.1	100.0	-590.89	84.97	1.18	15340
tempe_16_combine2_presslight_latent_observation	REAL_TEST	164	272.5	100.0	-470.77	60.54	1.26	17588
tempe_16_combine2_presslight_latent_observation	REAL_TEST	166	383.7	100.0	-704.33	82.64	1.18	15914
tempe_16_combine2_presslight_latent_observation	REAL_TEST	168	305.9	100.0	-350.80	78.68	1.26	17816
tempe_16_combine2_presslight_latent_observation	REAL_TEST	170	442.1	100.0	-755.64	89.71	1.25	14920
tempe_16_combine2_presslight_latent_observation	REAL_TEST	172	323.6	100.0	-382.64	78.39	1.24	17422
tempe_16_combine2_presslight_latent_observation	REAL_TEST	174	385.4	100.0	-466.29	84.66	1.28	15810
tempe_16_combine2_presslight_latent_observation	REAL_TEST	176	347.1	100.0	-527.43	79.46	1.19	17286
tempe_16_combine2_presslight_latent_observation	REAL_TEST	178	308.2	100.0	-425.67	76.47	1.26	17658
tempe_16_combine2_presslight_latent_observation	REAL_TEST	180	409.6	100.0	-634.50	97.54	1.31	15639
tempe_16_combine2_presslight_latent_observation	REAL_TEST	182	338.5	100.0	-559.91	74.29	1.23	16449
tempe_16_combine2_presslight_latent_observation	REAL_TEST	184	406.3	100.0	-682.44	91.10	1.28	15119
tempe_16_combine2_presslight_latent_observation	REAL_TEST	186	319.1	100.0	-567.21	67.67	1.20	16803
tempe_16_combine2_presslight_latent_observation	REAL_TEST	188	386.9	100.0	-511.31	85.93	1.27	15953
tempe_16_combine2_presslight_latent_observation	REAL_TEST	190	374.2	100.0	-544.93	78.29	1.25	16263
tempe_16_combine2_presslight_latent_observation	REAL_TEST	192	364.4	100.0	-552.12	82.23	1.22	16735
tempe_16_combine2_presslight_latent_observation	REAL_TEST	194	314.9	100.0	-485.06	72.22	1.31	17049
tempe_16_combine2_presslight_latent_observation	REAL_TEST	196	364.5	100.0	-604.86	72.40	1.23	16079
tempe_16_combine2_presslight_latent_observation	REAL_TEST	198	448.3	100.0	-592.40	93.75	1.25	14636
