MORLGrid: 16 grid policies
SIM_TRAIN step:0, travel time:48.097961213326705, q_loss:0, rewards:-9.245549, queue:5.672222, delay:0.32947278, throughput:1998, raw_metrics:{'fairness': 0.0}
SIM_TRAIN step:1, travel time:46.94532803180915, q_loss:0, rewards:-8.620838, queue:5.1, delay:0.30708882, throughput:2001, raw_metrics:{'fairness': 0.0}
SIM_TRAIN step:2, travel time:47.14868224763799, q_loss:283.53244, rewards:-8.957227, queue:5.602778, delay:0.32024476, throughput:1974, raw_metrics:{'fairness': 210.0}
SIM_TRAIN step:3, travel time:57.99055196419692, q_loss:36.176395, rewards:-14.009729, queue:9.702778, delay:0.33899367, throughput:1999, raw_metrics:{'fairness': 0.0}
SIM_TRAIN step:4, travel time:49.10044753853804, q_loss:0.1765891, rewards:-8.543609, queue:5.3555555, delay:0.29980567, throughput:2001, raw_metrics:{'fairness': 346.0}
SIM_TRAIN step:5, travel time:47.28145201392342, q_loss:0.06584041, rewards:-8.000001, queue:4.7611113, delay:0.32179937, throughput:1999, raw_metrics:{'fairness': 351.0}
SIM_TRAIN step:6, travel time:46.20487319741422, q_loss:0.059839822, rewards:-7.860278, queue:4.686111, delay:0.31641516, throughput:2000, raw_metrics:{'fairness': 373.0}
SIM_TRAIN step:7, travel time:48.39681750372949, q_loss:0.046533324, rewards:-8.247224, queue:4.991667, delay:0.31357455, throughput:2000, raw_metrics:{'fairness': 348.0}
SIM_TRAIN step:8, travel time:46.01591248135256, q_loss:0.040615186, rewards:-7.6455555, queue:4.508333, delay:0.31351426, throughput:2000, raw_metrics:{'fairness': 364.0}
REAL_TRAIN step:1, travel time:56.17568238213399, q_loss:100, rewards:-20.728048, queue:11.291667, delay:0.41381514, throughput:1994, R_real:-0.7529, components:{'queue': 0.141, 'delay': 0.414, 'waiting': 0.198, 'pressure': 0.0, 'switches': 0.0}, raw_metrics:{'fairness': 255.0, 'emission': 222.501, 'fuel': 72.132, 'emergency_stops': 9.0, 'collisions': 25.0, 'ssm_conflicts': 1220.0}, grid;w=queue=0.2;delay=0.2;waiting=0.2;pressure=0.2;switches=0.2
SIM_TRAIN step:9, travel time:46.564115308151095, q_loss:0, rewards:-8.231388, queue:4.741667, delay:0.31193626, throughput:2001, raw_metrics:{'fairness': 0.0}
SIM_TRAIN step:10, travel time:47.03131212723658, q_loss:0, rewards:-8.592499, queue:5.111111, delay:0.3174108, throughput:2001, raw_metrics:{'fairness': 0.0}
SIM_TRAIN step:11, travel time:45.989557434112385, q_loss:264.1024, rewards:-8.508053, queue:5.1277776, delay:0.3183365, throughput:1999, raw_metrics:{'fairness': 0.0}
SIM_TRAIN step:12, travel time:45.6227634194831, q_loss:27.197264, rewards:-8.270277, queue:4.8722224, delay:0.29889342, throughput:2002, raw_metrics:{'fairness': 0.0}
SIM_TRAIN step:13, travel time:58.51218299353555, q_loss:0.028938543, rewards:-14.395835, queue:10.605556, delay:0.39021355, throughput:1993, raw_metrics:{'fairness': 0.0}
SIM_TRAIN step:14, travel time:47.461959224266536, q_loss:0.003315215, rewards:-8.616113, queue:5.2555556, delay:0.32311758, throughput:2001, raw_metrics:{'fairness': 0.0}
SIM_TRAIN step:15, travel time:46.28145201392342, q_loss:0.0028462517, rewards:-7.9283347, queue:4.4694443, delay:0.30222383, throughput:2001, raw_metrics:{'fairness': 0.0}
SIM_TRAIN step:16, travel time:44.29935355544505, q_loss:0.0028452005, rewards:-7.675834, queue:4.2472224, delay:0.29532325, throughput:2001, raw_metrics:{'fairness': 0.0}
SIM_TRAIN step:17, travel time:46.32306163021869, q_loss:0.0030446113, rewards:-7.868614, queue:4.5416665, delay:0.29622543, throughput:2001, raw_metrics:{'fairness': 0.0}
REAL_TRAIN step:2, travel time:56.81339950372208, q_loss:100, rewards:-20.317778, queue:10.580556, delay:0.42062357, throughput:1997, R_real:-0.7307, components:{'queue': 0.132, 'delay': 0.421, 'waiting': 0.178, 'pressure': 0.0, 'switches': 0.0}, raw_metrics:{'fairness': 254.0, 'emission': 220.599, 'fuel': 71.515, 'emergency_stops': 6.0, 'collisions': 37.0, 'ssm_conflicts': 1288.0}, grid;w=queue=1.0
SIM_TRAIN step:18, travel time:46.301342615614125, q_loss:0, rewards:-8.30028, queue:4.7805557, delay:0.30574873, throughput:2001, raw_metrics:{'fairness': 0.0}
SIM_TRAIN step:19, travel time:47.128294380905025, q_loss:0, rewards:-8.460556, queue:4.9694443, delay:0.32549238, throughput:1997, raw_metrics:{'fairness': 402.0}
SIM_TRAIN step:20, travel time:49.06016907011437, q_loss:281.30432, rewards:-9.745, queue:6.366667, delay:0.32016078, throughput:1984, raw_metrics:{'fairness': 371.0}
SIM_TRAIN step:21, travel time:48.99552461461959, q_loss:32.41181, rewards:-9.72972, queue:6.025, delay:0.32457942, throughput:2001, raw_metrics:{'fairness': 0.0}
SIM_TRAIN step:22, travel time:51.890104425658876, q_loss:0.12518093, rewards:-10.521946, queue:6.8416667, delay:0.32287133, throughput:2000, raw_metrics:{'fairness': 0.0}
SIM_TRAIN step:23, travel time:54.43361511685728, q_loss:0.021647735, rewards:-10.790275, queue:6.938889, delay:0.31532106, throughput:2001, raw_metrics:{'fairness': 0.0}
SIM_TRAIN step:24, travel time:47.87866732968672, q_loss:0.019875197, rewards:-8.872786, queue:5.2694445, delay:0.29130346, throughput:2000, raw_metrics:{'fairness': 357.0}
SIM_TRAIN step:25, travel time:53.56688214818498, q_loss:0.021284234, rewards:-10.565553, queue:6.758333, delay:0.31020612, throughput:1998, raw_metrics:{'fairness': 0.0}
SIM_TRAIN step:26, travel time:47.313774241670814, q_loss:0.020901415, rewards:-8.639162, queue:5.0583334, delay:0.30271143, throughput:1999, raw_metrics:{'fairness': 337.0}
REAL_TRAIN step:3, travel time:58.13101736972705, q_loss:100, rewards:-21.83972, queue:12.316667, delay:0.40727043, throughput:1994, R_real:-0.8390, components:{'queue': 0.154, 'delay': 0.407, 'waiting': 0.278, 'pressure': 0.0, 'switches': 0.0}, raw_metrics:{'fairness': 257.0, 'emission': 228.4, 'fuel': 74.044, 'emergency_stops': 9.0, 'collisions': 38.0, 'ssm_conflicts': 1257.0}, grid;w=delay=1.0
SIM_TRAIN step:27, travel time:45.093485827946296, q_loss:0, rewards:-7.869443, queue:4.5916667, delay:0.3078431, throughput:1999, raw_metrics:{'fairness': 359.0}
SIM_TRAIN step:28, travel time:46.19681908548708, q_loss:0, rewards:-8.311942, queue:4.947222, delay:0.30980194, throughput:1996, raw_metrics:{'fairness': 0.0}
SIM_TRAIN step:29, travel time:47.843858776728, q_loss:286.77557, rewards:-9.651109, queue:6.072222, delay:0.32986933, throughput:1992, raw_metrics:{'fairness': 389.0}
SIM_TRAIN step:30, travel time:47.90054699154649, q_loss:36.319088, rewards:-9.427217, queue:5.9583335, delay:0.33313137, throughput:1995, raw_metrics:{'fairness': 0.0}
SIM_TRAIN step:31, travel time:58.47687717553456, q_loss:0.06733248, rewards:-11.775557, queue:8.125, delay:0.3545914, throughput:1987, raw_metrics:{'fairness': 315.0}
SIM_TRAIN step:32, travel time:46.53207359522626, q_loss:0.01237394, rewards:-7.793883, queue:4.397222, delay:0.3015207, throughput:2001, raw_metrics:{'fairness': 0.0}
SIM_TRAIN step:33, travel time:42.270014917951265, q_loss:0.009425564, rewards:-6.777779, queue:3.5833333, delay:0.28308836, throughput:2001, raw_metrics:{'fairness': 0.0}
SIM_TRAIN step:34, travel time:43.89507707608155, q_loss:0.008815666, rewards:-7.7102785, queue:4.1055555, delay:0.2901797, throughput:2001, raw_metrics:{'fairness': 0.0}
SIM_TRAIN step:35, travel time:45.05914512922465, q_loss:0.0072400756, rewards:-7.6797223, queue:4.188889, delay:0.29576987, throughput:2001, raw_metrics:{'fairness': 0.0}
REAL_TRAIN step:4, travel time:66.44367245657568, q_loss:100, rewards:-26.15498, queue:16.405556, delay:0.46507314, throughput:1991, R_real:-1.0792, components:{'queue': 0.205, 'delay': 0.465, 'waiting': 0.409, 'pressure': 0.0, 'switches': 0.0}, raw_metrics:{'fairness': 263.0, 'emission': 251.12, 'fuel': 81.41, 'emergency_stops': 11.0, 'collisions': 61.0, 'ssm_conflicts': 1454.0}, grid;w=waiting=1.0
SIM_TRAIN step:36, travel time:47.39283938339135, q_loss:0, rewards:-8.683887, queue:5.172222, delay:0.30993047, throughput:1999, raw_metrics:{'fairness': 384.0}
SIM_TRAIN step:37, travel time:47.218796618597715, q_loss:0, rewards:-8.783334, queue:5.2194443, delay:0.3157419, throughput:1993, raw_metrics:{'fairness': 0.0}
SIM_TRAIN step:38, travel time:47.166583789159624, q_loss:268.11206, rewards:-9.093331, queue:5.6555557, delay:0.31359297, throughput:1986, raw_metrics:{'fairness': 206.0}
SIM_TRAIN step:39, travel time:46.894082545997016, q_loss:40.762234, rewards:-9.032779, queue:5.686111, delay:0.32990932, throughput:2001, raw_metrics:{'fairness': 0.0}
SIM_TRAIN step:40, travel time:43.83490800596718, q_loss:1.3669605, rewards:-7.3066645, queue:3.9944444, delay:0.28654712, throughput:1994, raw_metrics:{'fairness': 0.0}
SIM_TRAIN step:41, travel time:43.52534791252485, q_loss:0.852685, rewards:-6.975274, queue:3.5972223, delay:0.28648975, throughput:2001, raw_metrics:{'fairness': 0.0}
SIM_TRAIN step:42, travel time:43.61760318249627, q_loss:0.7824073, rewards:-7.002225, queue:3.7222223, delay:0.28829306, throughput:2001, raw_metrics:{'fairness': 0.0}
SIM_TRAIN step:43, travel time:42.84393638170974, q_loss:0.7864287, rewards:-6.4266663, queue:3.2666667, delay:0.28082305, throughput:2001, raw_metrics:{'fairness': 0.0}
SIM_TRAIN step:44, travel time:46.3772365805169, q_loss:0.6723359, rewards:-7.043055, queue:3.775, delay:0.29626584, throughput:2001, raw_metrics:{'fairness': 0.0}
REAL_TRAIN step:5, travel time:55.697616683217475, q_loss:100, rewards:-20.168612, queue:10.358334, delay:0.4294794, throughput:1992, R_real:-0.7182, components:{'queue': 0.129, 'delay': 0.429, 'waiting': 0.159, 'pressure': 0.0, 'switches': 0.0}, raw_metrics:{'fairness': 262.0, 'emission': 219.539, 'fuel': 71.172, 'emergency_stops': 10.0, 'collisions': 62.0, 'ssm_conflicts': 1359.0}, grid;w=pressure=1.0
SIM_TRAIN step:45, travel time:47.40258449304175, q_loss:0, rewards:-9.077778, queue:5.5916667, delay:0.31529918, throughput:2001, raw_metrics:{'fairness': 0.0}
SIM_TRAIN step:46, travel time:47.2286282306163, q_loss:0, rewards:-8.393886, queue:4.888889, delay:0.32005742, throughput:2001, raw_metrics:{'fairness': 0.0}
SIM_TRAIN step:47, travel time:50.0213823968175, q_loss:273.2145, rewards:-10.030281, queue:6.463889, delay:0.32591107, throughput:1988, raw_metrics:{'fairness': 385.0}
SIM_TRAIN step:48, travel time:48.136679920477135, q_loss:27.458265, rewards:-8.786945, queue:5.3305554, delay:0.3225481, throughput:2001, raw_metrics:{'fairness': 0.0}
SIM_TRAIN step:49, travel time:57.78368970661362, q_loss:0.13067892, rewards:-12.824444, queue:9.319445, delay:0.39204183, throughput:2000, raw_metrics:{'fairness': 0.0}
SIM_TRAIN step:50, travel time:337.74801192842943, q_loss:0.01487565, rewards:-38.11082, queue:34.327778, delay:0.5106581, throughput:1511, raw_metrics:{'fairness': 219.0}
SIM_TRAIN step:51, travel time:723.9602385685885, q_loss:0.0053820144, rewards:-41.918324, queue:38.241665, delay:0.49779832, throughput:1425, raw_metrics:{'fairness': 523.0}
SIM_TRAIN step:52, travel time:452.3704624564893, q_loss:0.0043489826, rewards:-49.541397, queue:44.605556, delay:0.51664674, throughput:1438, raw_metrics:{'fairness': 287.0}
SIM_TRAIN step:53, travel time:878.7092445328032, q_loss:0.0053035105, rewards:-127.55443, queue:124.175, delay:0.5802544, throughput:1319, raw_metrics:{'fairness': 22.0}
REAL_TRAIN step:6, travel time:456.87186147186145, q_loss:100, rewards:-141.06113, queue:138.10556, delay:0.5605855, throughput:1001, R_real:-145.4855, components:{'queue': 1.726, 'delay': 0.561, 'waiting': 143.199, 'pressure': 0.0, 'switches': 0.0}, raw_metrics:{'fairness': 0.0, 'emission': 825.105, 'fuel': 267.494, 'emergency_stops': 0.0, 'collisions': 0.0, 'ssm_conflicts': 184.0}, grid;w=switches=1.0
SIM_TRAIN step:54, travel time:47.011437095972155, q_loss:0, rewards:-8.681667, queue:5.15, delay:0.3168343, throughput:2001, raw_metrics:{'fairness': 0.0}
SIM_TRAIN step:55, travel time:47.556936847339635, q_loss:0, rewards:-8.869721, queue:5.4, delay:0.3162339, throughput:1999, raw_metrics:{'fairness': 363.0}
SIM_TRAIN step:56, travel time:55.12928891098956, q_loss:276.6206, rewards:-13.105285, queue:9.286111, delay:0.35364535, throughput:1979, raw_metrics:{'fairness': 417.0}
SIM_TRAIN step:57, travel time:49.27747389358528, q_loss:36.316074, rewards:-8.916389, queue:5.436111, delay:0.30541268, throughput:2001, raw_metrics:{'fairness': 367.0}
SIM_TRAIN step:58, travel time:78.67279960218796, q_loss:0.0634354, rewards:-20.376663, queue:16.016666, delay:0.4271514, throughput:1991, raw_metrics:{'fairness': 323.0}
SIM_TRAIN step:59, travel time:49.730253353204176, q_loss:0.010070578, rewards:-9.027776, queue:5.45, delay:0.3077131, throughput:2002, raw_metrics:{'fairness': 0.0}
SIM_TRAIN step:60, travel time:49.78766782695177, q_loss:0.009294513, rewards:-9.145279, queue:5.525, delay:0.28916842, throughput:2002, raw_metrics:{'fairness': 0.0}
SIM_TRAIN step:61, travel time:46.55815109343936, q_loss:0.009990843, rewards:-7.807225, queue:4.338889, delay:0.28922805, throughput:2002, raw_metrics:{'fairness': 0.0}
SIM_TRAIN step:62, travel time:46.47687717553456, q_loss:0.009096065, rewards:-7.9491653, queue:4.427778, delay:0.28677705, throughput:2002, raw_metrics:{'fairness': 0.0}
REAL_TRAIN step:7, travel time:64.62382133995037, q_loss:100, rewards:-24.851667, queue:15.158334, delay:0.463582, throughput:1995, R_real:-1.0394, components:{'queue': 0.189, 'delay': 0.464, 'waiting': 0.386, 'pressure': 0.0, 'switches': 0.0}, raw_metrics:{'fairness': 259.0, 'emission': 244.782, 'fuel': 79.355, 'emergency_stops': 10.0, 'collisions': 38.0, 'ssm_conflicts': 1424.0}, grid;w=queue=0.5;delay=0.5
SIM_TRAIN step:63, travel time:46.14271506713078, q_loss:0, rewards:-8.248884, queue:4.888889, delay:0.3132424, throughput:1999, raw_metrics:{'fairness': 361.0}
SIM_TRAIN step:64, travel time:47.803083043262056, q_loss:0, rewards:-8.834719, queue:5.3638887, delay:0.31040242, throughput:2001, raw_metrics:{'fairness': 0.0}
SIM_TRAIN step:65, travel time:62.4012928891099, q_loss:292.78595, rewards:-14.237781, queue:10.611111, delay:0.36013505, throughput:1974, raw_metrics:{'fairness': 412.0}
SIM_TRAIN step:66, travel time:54.288413724515166, q_loss:36.271057, rewards:-12.30278, queue:8.236111, delay:0.33887902, throughput:1991, raw_metrics:{'fairness': 0.0}
SIM_TRAIN step:67, travel time:57.49428145201392, q_loss:0.058326043, rewards:-12.089719, queue:8.35, delay:0.3567768, throughput:1994, raw_metrics:{'fairness': 0.0}
SIM_TRAIN step:68, travel time:48.89905519641969, q_loss:0.021968575, rewards:-9.010001, queue:5.325, delay:0.31677407, throughput:2001, raw_metrics:{'fairness': 0.0}
SIM_TRAIN step:69, travel time:44.86623570363003, q_loss:0.017015748, rewards:-7.638615, queue:4.297222, delay:0.29524, throughput:2000, raw_metrics:{'fairness': 417.0}
SIM_TRAIN step:70, travel time:44.44505221282944, q_loss:0.015079676, rewards:-7.337502, queue:3.9472222, delay:0.28900743, throughput:2000, raw_metrics:{'fairness': 0.0}
SIM_TRAIN step:71, travel time:42.68570009930487, q_loss:0.01240462, rewards:-6.94056, queue:3.6416667, delay:0.276236, throughput:2002, raw_metrics:{'fairness': 0.0}
REAL_TRAIN step:8, travel time:70.85210918114144, q_loss:100, rewards:-27.771118, queue:17.819445, delay:0.47133094, throughput:1994, R_real:-1.1701, components:{'queue': 0.223, 'delay': 0.471, 'waiting': 0.476, 'pressure': 0.0, 'switches': 0.0}, raw_metrics:{'fairness': 250.0, 'emission': 259.911, 'fuel': 84.26, 'emergency_stops': 10.0, 'collisions': 49.0, 'ssm_conflicts': 1475.0}, grid;w=queue=0.5;waiting=0.5
SIM_TRAIN step:72, travel time:47.36648433615117, q_loss:0, rewards:-8.53778, queue:5.061111, delay:0.31948227, throughput:2001, raw_metrics:{'fairness': 0.0}
SIM_TRAIN step:73, travel time:46.73147687717553, q_loss:0, rewards:-8.606667, queue:5.1361113, delay:0.31629208, throughput:1997, raw_metrics:{'fairness': 0.0}
SIM_TRAIN step:74, travel time:65.65440079562407, q_loss:275.7668, rewards:-16.906672, queue:13.0, delay:0.3586197, throughput:1922, raw_metrics:{'fairness': 220.0}
SIM_TRAIN step:75, travel time:57.77385685884692, q_loss:36.234592, rewards:-14.890565, queue:10.458333, delay:0.34479547, throughput:2001, raw_metrics:{'fairness': 0.0}
SIM_TRAIN step:76, travel time:45.22266401590457, q_loss:0.37378168, rewards:-7.6780524, queue:4.225, delay:0.28875953, throughput:2001, raw_metrics:{'fairness': 0.0}
SIM_TRAIN step:77, travel time:42.76131277971159, q_loss:0.2504134, rewards:-6.6377773, queue:3.461111, delay:0.2845439, throughput:2001, raw_metrics:{'fairness': 0.0}
SIM_TRAIN step:78, travel time:46.157633018398805, q_loss:0.25027543, rewards:-8.061945, queue:4.5944443, delay:0.30305842, throughput:1998, raw_metrics:{'fairness': 397.0}
SIM_TRAIN step:79, travel time:45.31476877175535, q_loss:0.23733792, rewards:-7.3516655, queue:4.1666665, delay:0.3125708, throughput:1998, raw_metrics:{'fairness': 394.0}
SIM_TRAIN step:80, travel time:44.78727634194831, q_loss:0.22470705, rewards:-7.0958347, queue:3.8416667, delay:0.30051446, throughput:2002, raw_metrics:{'fairness': 0.0}
REAL_TRAIN step:9, travel time:65.83465739821251, q_loss:100, rewards:-25.603344, queue:15.686111, delay:0.4545526, throughput:1988, R_real:-1.0163, components:{'queue': 0.196, 'delay': 0.455, 'waiting': 0.366, 'pressure': 0.0, 'switches': 0.0}, raw_metrics:{'fairness': 265.0, 'emission': 248.053, 'fuel': 80.416, 'emergency_stops': 11.0, 'collisions': 56.0, 'ssm_conflicts': 1388.0}, grid;w=queue=0.5;pressure=0.5
SIM_TRAIN step:81, travel time:47.662524850894634, q_loss:0, rewards:-8.452501, queue:4.9944444, delay:0.31287113, throughput:2001, raw_metrics:{'fairness': 0.0}
SIM_TRAIN step:82, travel time:48.40676280457484, q_loss:0, rewards:-9.050837, queue:5.536111, delay:0.31573725, throughput:1999, raw_metrics:{'fairness': 352.0}
SIM_TRAIN step:83, travel time:50.34510193933367, q_loss:273.1949, rewards:-10.367222, queue:6.6222224, delay:0.33053398, throughput:1999, raw_metrics:{'fairness': 0.0}
SIM_TRAIN step:84, travel time:49.87127236580517, q_loss:33.49587, rewards:-10.419168, queue:6.8333335, delay:0.3287775, throughput:2001, raw_metrics:{'fairness': 0.0}
SIM_TRAIN step:85, travel time:60.269517652909, q_loss:0.11046901, rewards:-12.80639, queue:9.188889, delay:0.35894084, throughput:1980, raw_metrics:{'fairness': 0.0}
SIM_TRAIN step:86, travel time:69.54500248632522, q_loss:0.008446374, rewards:-16.06862, queue:12.455556, delay:0.40874523, throughput:2000, raw_metrics:{'fairness': 0.0}
SIM_TRAIN step:87, travel time:62.443063152660365, q_loss:0.0046394947, rewards:-14.620002, queue:11.019444, delay:0.40938124, throughput:2000, raw_metrics:{'fairness': 0.0}
SIM_TRAIN step:88, travel time:64.20029821073558, q_loss:0.004434909, rewards:-14.518058, queue:10.855556, delay:0.4024074, throughput:1999, raw_metrics:{'fairness': 0.0}
SIM_TRAIN step:89, travel time:63.30318091451292, q_loss:0.003690556, rewards:-14.2322235, queue:10.7277775, delay:0.40942642, throughput:1999, raw_metrics:{'fairness': 0.0}
REAL_TRAIN step:10, travel time:91.34143920595534, q_loss:100, rewards:-31.584446, queue:23.016666, delay:0.5236198, throughput:1993, R_real:-2.1135, components:{'queue': 0.288, 'delay': 0.524, 'waiting': 1.302, 'pressure': 0.0, 'switches': 0.0}, raw_metrics:{'fairness': 246.0, 'emission': 280.843, 'fuel': 91.046, 'emergency_stops': 8.0, 'collisions': 40.0, 'ssm_conflicts': 921.0}, grid;w=queue=0.5;switches=0.5
SIM_TRAIN step:90, travel time:47.78418697165589, q_loss:0, rewards:-8.802226, queue:5.286111, delay:0.3118371, throughput:1998, raw_metrics:{'fairness': 0.0}
SIM_TRAIN step:91, travel time:48.02187966185977, q_loss:0, rewards:-9.18639, queue:5.5555553, delay:0.3218309, throughput:1994, raw_metrics:{'fairness': 392.0}
SIM_TRAIN step:92, travel time:48.62754848334162, q_loss:252.54907, rewards:-9.682221, queue:6.1666665, delay:0.32668212, throughput:1971, raw_metrics:{'fairness': 407.0}
SIM_TRAIN step:93, travel time:47.8652411735455, q_loss:26.769196, rewards:-8.632781, queue:5.088889, delay:0.31143612, throughput:2000, raw_metrics:{'fairness': 378.0}
SIM_TRAIN step:94, travel time:51.81253107906514, q_loss:0.070110425, rewards:-11.165278, queue:7.4194446, delay:0.32848746, throughput:1998, raw_metrics:{'fairness': 0.0}
SIM_TRAIN step:95, travel time:43.928891098955745, q_loss:0.014556012, rewards:-7.2525024, queue:3.961111, delay:0.29508638, throughput:2001, raw_metrics:{'fairness': 0.0}
SIM_TRAIN step:96, travel time:45.04276479363501, q_loss:0.014500988, rewards:-7.317225, queue:4.013889, delay:0.2867498, throughput:2001, raw_metrics:{'fairness': 0.0}
SIM_TRAIN step:97, travel time:48.81013916500994, q_loss:0.012458921, rewards:-8.13472, queue:4.5583334, delay:0.29168636, throughput:2001, raw_metrics:{'fairness': 0.0}
SIM_TRAIN step:98, travel time:46.708747514910534, q_loss:0.011830053, rewards:-7.41444, queue:4.016667, delay:0.28389823, throughput:2001, raw_metrics:{'fairness': 0.0}
REAL_TRAIN step:11, travel time:55.6893300248139, q_loss:100, rewards:-19.95472, queue:10.419444, delay:0.40744308, throughput:1998, R_real:-0.7219, components:{'queue': 0.13, 'delay': 0.407, 'waiting': 0.184, 'pressure': 0.0, 'switches': 0.0}, raw_metrics:{'fairness': 254.0, 'emission': 218.491, 'fuel': 70.832, 'emergency_stops': 9.0, 'collisions': 44.0, 'ssm_conflicts': 1255.0}, grid;w=delay=0.5;waiting=0.5
SIM_TRAIN step:99, travel time:48.09149676777722, q_loss:0, rewards:-9.042501, queue:5.438889, delay:0.31959364, throughput:2001, raw_metrics:{'fairness': 0.0}
SIM_TRAIN step:100, travel time:46.072103431128795, q_loss:0, rewards:-8.3455515, queue:4.8694444, delay:0.31395206, throughput:1999, raw_metrics:{'fairness': 336.0}
SIM_TRAIN step:101, travel time:51.24167081054202, q_loss:300.24503, rewards:-10.761113, queue:7.1444445, delay:0.32687372, throughput:1960, raw_metrics:{'fairness': 199.0}
SIM_TRAIN step:102, travel time:52.27250124316261, q_loss:39.594055, rewards:-10.576943, queue:6.852778, delay:0.3179935, throughput:2000, raw_metrics:{'fairness': 340.0}
SIM_TRAIN step:103, travel time:48.95375435106912, q_loss:0.7252139, rewards:-8.46639, queue:5.072222, delay:0.29921544, throughput:2001, raw_metrics:{'fairness': 0.0}
SIM_TRAIN step:104, travel time:43.94878170064644, q_loss:0.3169704, rewards:-7.4583335, queue:4.1944447, delay:0.2978957, throughput:2000, raw_metrics:{'fairness': 393.0}
SIM_TRAIN step:105, travel time:45.78312655086849, q_loss:0.3073515, rewards:-7.414719, queue:4.163889, delay:0.28975615, throughput:2003, raw_metrics:{'fairness': 0.0}
SIM_TRAIN step:106, travel time:46.55793137742417, q_loss:0.2477174, rewards:-7.7225018, queue:4.313889, delay:0.2973133, throughput:1999, raw_metrics:{'fairness': 378.0}
SIM_TRAIN step:107, travel time:44.065508684863524, q_loss:0.24033009, rewards:-7.206668, queue:3.9944444, delay:0.30520022, throughput:2003, raw_metrics:{'fairness': 0.0}
REAL_TRAIN step:12, travel time:54.45409429280397, q_loss:100, rewards:-19.278328, queue:9.5222225, delay:0.41662058, throughput:1997, R_real:-0.6628, components:{'queue': 0.119, 'delay': 0.417, 'waiting': 0.127, 'pressure': 0.0, 'switches': 0.0}, raw_metrics:{'fairness': 254.0, 'emission': 214.893, 'fuel': 69.665, 'emergency_stops': 11.0, 'collisions': 33.0, 'ssm_conflicts': 1304.0}, grid;w=delay=0.5;pressure=0.5
SIM_TRAIN step:108, travel time:45.78418697165589, q_loss:0, rewards:-8.27, queue:4.9444447, delay:0.31235015, throughput:1999, raw_metrics:{'fairness': 376.0}
SIM_TRAIN step:109, travel time:47.00099453008453, q_loss:0, rewards:-8.589167, queue:5.225, delay:0.3186652, throughput:1998, raw_metrics:{'fairness': 369.0}
SIM_TRAIN step:110, travel time:52.958229736449525, q_loss:277.31958, rewards:-11.775831, queue:8.127778, delay:0.33483738, throughput:1958, raw_metrics:{'fairness': 222.0}
SIM_TRAIN step:111, travel time:60.51118846345102, q_loss:33.404114, rewards:-12.826121, queue:8.75, delay:0.33339727, throughput:2001, raw_metrics:{'fairness': 0.0}
SIM_TRAIN step:112, travel time:63.9602187966186, q_loss:0.08412914, rewards:-14.958612, queue:11.2, delay:0.39041117, throughput:2002, raw_metrics:{'fairness': 0.0}
SIM_TRAIN step:113, travel time:73.67329686723023, q_loss:0.01973317, rewards:-17.440552, queue:13.480556, delay:0.42887318, throughput:2000, raw_metrics:{'fairness': 0.0}
SIM_TRAIN step:114, travel time:66.18597712580805, q_loss:0.013102032, rewards:-19.538332, queue:15.130555, delay:0.42198765, throughput:1991, raw_metrics:{'fairness': 407.0}
SIM_TRAIN step:115, travel time:65.74838388861264, q_loss:0.0112768095, rewards:-18.326944, queue:14.133333, delay:0.41358855, throughput:1991, raw_metrics:{'fairness': 374.0}
SIM_TRAIN step:116, travel time:61.31974142217802, q_loss:0.0137511045, rewards:-15.331394, queue:11.569445, delay:0.4061155, throughput:1989, raw_metrics:{'fairness': 416.0}
REAL_TRAIN step:13, travel time:66.00695479384004, q_loss:100, rewards:-26.1, queue:17.411112, delay:0.46483824, throughput:1983, R_real:-1.1978, components:{'queue': 0.218, 'delay': 0.465, 'waiting': 0.515, 'pressure': 0.0, 'switches': 0.0}, raw_metrics:{'fairness': 267.0, 'emission': 251.489, 'fuel': 81.53, 'emergency_stops': 5.0, 'collisions': 39.0, 'ssm_conflicts': 1064.0}, grid;w=delay=0.5;switches=0.5
SIM_TRAIN step:117, travel time:46.12481352560915, q_loss:0, rewards:-8.315554, queue:4.858333, delay:0.31375745, throughput:1998, raw_metrics:{'fairness': 384.0}
SIM_TRAIN step:118, travel time:47.09845847836897, q_loss:0, rewards:-8.705556, queue:5.227778, delay:0.3249303, throughput:1995, raw_metrics:{'fairness': 391.0}
SIM_TRAIN step:119, travel time:47.83242168075584, q_loss:289.54205, rewards:-9.230557, queue:5.8444443, delay:0.32022238, throughput:1963, raw_metrics:{'fairness': 245.0}
SIM_TRAIN step:120, travel time:47.47815292949355, q_loss:32.26982, rewards:-9.42417, queue:5.8472223, delay:0.31696483, throughput:2002, raw_metrics:{'fairness': 0.0}
SIM_TRAIN step:121, travel time:45.762425447316105, q_loss:0.4826589, rewards:-7.4863877, queue:4.1583333, delay:0.29863718, throughput:2001, raw_metrics:{'fairness': 0.0}
SIM_TRAIN step:122, travel time:44.989562624254475, q_loss:0.23140678, rewards:-7.790551, queue:4.3416667, delay:0.29752955, throughput:2002, raw_metrics:{'fairness': 0.0}
SIM_TRAIN step:123, travel time:43.62115193644489, q_loss:0.21592744, rewards:-6.969169, queue:3.6722221, delay:0.292405, throughput:2002, raw_metrics:{'fairness': 0.0}
SIM_TRAIN step:124, travel time:44.457795431976166, q_loss:0.21629965, rewards:-7.2949986, queue:3.9777777, delay:0.29835293, throughput:2002, raw_metrics:{'fairness': 0.0}
SIM_TRAIN step:125, travel time:44.78816509199403, q_loss:0.18743074, rewards:-7.0099974, queue:3.7555556, delay:0.2923462, throughput:2000, raw_metrics:{'fairness': 0.0}
REAL_TRAIN step:14, travel time:62.417369727047145, q_loss:100, rewards:-23.281944, queue:13.475, delay:0.4225784, throughput:1994, R_real:-0.9591, components:{'queue': 0.168, 'delay': 0.423, 'waiting': 0.368, 'pressure': 0.0, 'switches': 0.0}, raw_metrics:{'fairness': 258.0, 'emission': 236.168, 'fuel': 76.563, 'emergency_stops': 10.0, 'collisions': 48.0, 'ssm_conflicts': 1316.0}, grid;w=waiting=0.5;pressure=0.5
SIM_TRAIN step:126, travel time:46.46842366981601, q_loss:0, rewards:-8.561941, queue:5.108333, delay:0.3257083, throughput:1996, raw_metrics:{'fairness': 378.0}
SIM_TRAIN step:127, travel time:47.80159124813525, q_loss:0, rewards:-8.481114, queue:5.0583334, delay:0.3106612, throughput:1998, raw_metrics:{'fairness': 397.0}
SIM_TRAIN step:128, travel time:56.334659373446044, q_loss:279.08685, rewards:-12.370002, queue:8.863889, delay:0.34053048, throughput:1950, raw_metrics:{'fairness': 201.0}
SIM_TRAIN step:129, travel time:51.44654400795624, q_loss:33.486324, rewards:-9.857222, queue:6.2944446, delay:0.31900206, throughput:1999, raw_metrics:{'fairness': 394.0}
SIM_TRAIN step:130, travel time:58.365987071108904, q_loss:0.08098165, rewards:-12.746113, queue:9.052778, delay:0.38106096, throughput:2000, raw_metrics:{'fairness': 0.0}
SIM_TRAIN step:131, travel time:50.52362008950771, q_loss:0.01732733, rewards:-10.294447, queue:7.0333333, delay:0.35635597, throughput:2000, raw_metrics:{'fairness': 0.0}
SIM_TRAIN step:132, travel time:49.362823061630216, q_loss:0.013294985, rewards:-10.353889, queue:7.063889, delay:0.36237696, throughput:2000, raw_metrics:{'fairness': 0.0}
SIM_TRAIN step:133, travel time:47.69617105917454, q_loss:0.011919021, rewards:-9.667499, queue:6.483333, delay:0.36798698, throughput:2000, raw_metrics:{'fairness': 0.0}
SIM_TRAIN step:134, travel time:50.03180914512922, q_loss:0.010481778, rewards:-10.314999, queue:7.05, delay:0.35842165, throughput:2000, raw_metrics:{'fairness': 0.0}
REAL_TRAIN step:15, travel time:51.25856079404466, q_loss:100, rewards:-18.046389, queue:9.061111, delay:0.41583905, throughput:1997, R_real:-0.6584, components:{'queue': 0.113, 'delay': 0.416, 'waiting': 0.129, 'pressure': 0.0, 'switches': 0.0}, raw_metrics:{'fairness': 247.0, 'emission': 206.804, 'fuel': 67.043, 'emergency_stops': 7.0, 'collisions': 14.0, 'ssm_conflicts': 1015.0}, grid;w=waiting=0.5;switches=0.5
SIM_TRAIN step:135, travel time:47.13724515166584, q_loss:0, rewards:-8.7024975, queue:5.3083334, delay:0.3178543, throughput:2001, raw_metrics:{'fairness': 0.0}
SIM_TRAIN step:136, travel time:47.7455268389662, q_loss:0, rewards:-8.611943, queue:5.1194444, delay:0.3191753, throughput:2001, raw_metrics:{'fairness': 0.0}
SIM_TRAIN step:137, travel time:48.140228741919444, q_loss:277.69235, rewards:-9.380832, queue:5.8416667, delay:0.3185683, throughput:1982, raw_metrics:{'fairness': 214.0}
SIM_TRAIN step:138, travel time:45.93638170974155, q_loss:34.663624, rewards:-8.46361, queue:5.0833335, delay:0.3127767, throughput:2001, raw_metrics:{'fairness': 0.0}
SIM_TRAIN step:139, travel time:48.35238568588469, q_loss:0.6673128, rewards:-8.598611, queue:5.2833333, delay:0.3192296, throughput:2001, raw_metrics:{'fairness': 0.0}
SIM_TRAIN step:140, travel time:44.51439920556107, q_loss:0.32944217, rewards:-7.280833, queue:4.0416665, delay:0.3030971, throughput:2002, raw_metrics:{'fairness': 0.0}
SIM_TRAIN step:141, travel time:44.732968672302334, q_loss:0.2336737, rewards:-7.393609, queue:4.1805553, delay:0.29800418, throughput:2001, raw_metrics:{'fairness': 0.0}
SIM_TRAIN step:142, travel time:45.924415713575335, q_loss:0.22141512, rewards:-7.8752766, queue:4.611111, delay:0.29744336, throughput:2001, raw_metrics:{'fairness': 0.0}
SIM_TRAIN step:143, travel time:44.64893088015913, q_loss:0.20098853, rewards:-7.437781, queue:4.336111, delay:0.3085296, throughput:2001, raw_metrics:{'fairness': 0.0}
REAL_TRAIN step:16, travel time:56.0014888337469, q_loss:100, rewards:-19.955833, queue:10.277778, delay:0.40583768, throughput:1997, R_real:-0.6907, components:{'queue': 0.128, 'delay': 0.406, 'waiting': 0.156, 'pressure': 0.0, 'switches': 0.0}, raw_metrics:{'fairness': 254.0, 'emission': 218.806, 'fuel': 70.934, 'emergency_stops': 10.0, 'collisions': 39.0, 'ssm_conflicts': 1261.0}, grid;w=pressure=0.5;switches=0.5
SIM_TRAIN step:144, travel time:51.64843361511686, q_loss:0, rewards:-11.462504, queue:7.8333335, delay:0.35991636, throughput:2000, raw_metrics:{'fairness': 0.0}
SIM_TRAIN step:145, travel time:50.192441571357534, q_loss:0, rewards:-10.173336, queue:6.8694444, delay:0.34983093, throughput:2000, raw_metrics:{'fairness': 0.0}
REAL_TRAIN step:18, travel time:51.25856079404466, q_loss:100, rewards:-18.046389, queue:9.061111, delay:0.41583905, throughput:1997, R_real:-0.6584, components:{'queue': 0.113, 'delay': 0.416, 'waiting': 0.129, 'pressure': 0.0, 'switches': 0.0}, raw_metrics:{'fairness': 247.0, 'emission': 206.804, 'fuel': 67.043, 'emergency_stops': 7.0, 'collisions': 14.0, 'ssm_conflicts': 1015.0}, refine;w=waiting=0.5;switches=0.5;ckpt2
SIM_TRAIN step:146, travel time:52.44532803180915, q_loss:0.011397978, rewards:-11.101945, queue:7.5916667, delay:0.36102444, throughput:2000, raw_metrics:{'fairness': 0.0}
SIM_TRAIN step:147, travel time:47.32421680755843, q_loss:0.009427363, rewards:-9.096941, queue:5.9972224, delay:0.35562247, throughput:2000, raw_metrics:{'fairness': 0.0}
REAL_TRAIN step:20, travel time:50.256079404466504, q_loss:100, rewards:-17.34249, queue:8.294444, delay:0.40260053, throughput:1997, R_real:-0.6285, components:{'queue': 0.104, 'delay': 0.403, 'waiting': 0.122, 'pressure': 0.0, 'switches': 0.0}, raw_metrics:{'fairness': 246.0, 'emission': 203.447, 'fuel': 65.955, 'emergency_stops': 4.0, 'collisions': 12.0, 'ssm_conflicts': 962.0}, refine;w=waiting=0.5;switches=0.5;ckpt4
SIM_TRAIN step:148, travel time:47.9433117851815, q_loss:0.0072547398, rewards:-9.345831, queue:6.2472224, delay:0.3533285, throughput:2000, raw_metrics:{'fairness': 0.0}
SIM_TRAIN step:149, travel time:47.82197911486823, q_loss:0.00644145, rewards:-9.507775, queue:6.4083333, delay:0.35750172, throughput:1999, raw_metrics:{'fairness': 0.0}
REAL_TRAIN step:22, travel time:52.157320099255585, q_loss:100, rewards:-18.453335, queue:9.508333, delay:0.4153091, throughput:1997, R_real:-0.6843, components:{'queue': 0.119, 'delay': 0.415, 'waiting': 0.15, 'pressure': 0.0, 'switches': 0.0}, raw_metrics:{'fairness': 0.0, 'emission': 209.273, 'fuel': 67.843, 'emergency_stops': 5.0, 'collisions': 27.0, 'ssm_conflicts': 1023.0}, refine;w=waiting=0.5;switches=0.5;ckpt6
SIM_TRAIN step:150, travel time:47.283300198807154, q_loss:0.006604017, rewards:-9.218608, queue:6.213889, delay:0.3460666, throughput:2000, raw_metrics:{'fairness': 0.0}
SIM_TRAIN step:151, travel time:47.86729622266402, q_loss:0.007084649, rewards:-9.690553, queue:6.4888887, delay:0.36016354, throughput:1999, raw_metrics:{'fairness': 0.0}
REAL_TRAIN step:24, travel time:50.47344913151365, q_loss:100, rewards:-17.775549, queue:8.797222, delay:0.41608408, throughput:1997, R_real:-0.6491, components:{'queue': 0.11, 'delay': 0.416, 'waiting': 0.123, 'pressure': 0.0, 'switches': 0.0}, raw_metrics:{'fairness': 247.0, 'emission': 205.688, 'fuel': 66.681, 'emergency_stops': 3.0, 'collisions': 19.0, 'ssm_conflicts': 992.0}, refine;w=waiting=0.5;switches=0.5;ckpt8
SIM_TRAIN step:152, travel time:49.153654898060665, q_loss:0.006355595, rewards:-9.857503, queue:6.65, delay:0.35728785, throughput:1999, raw_metrics:{'fairness': 0.0}
SIM_TRAIN step:153, travel time:48.05967180507211, q_loss:0.006743725, rewards:-8.917228, queue:5.766667, delay:0.34596115, throughput:2000, raw_metrics:{'fairness': 0.0}
REAL_TRAIN step:26, travel time:50.76277915632755, q_loss:100, rewards:-17.865007, queue:8.7722225, delay:0.42609432, throughput:1997, R_real:-0.6635, components:{'queue': 0.11, 'delay': 0.426, 'waiting': 0.128, 'pressure': 0.0, 'switches': 0.0}, raw_metrics:{'fairness': 0.0, 'emission': 207.034, 'fuel': 67.118, 'emergency_stops': 3.0, 'collisions': 31.0, 'ssm_conflicts': 1013.0}, refine;w=waiting=0.5;switches=0.5;ckpt10
SIM_TRAIN step:154, travel time:48.77982107355865, q_loss:0.0058153495, rewards:-9.484994, queue:6.3444443, delay:0.34636375, throughput:1999, raw_metrics:{'fairness': 0.0}
SIM_TRAIN step:155, travel time:49.05569368473396, q_loss:0.0061114905, rewards:-9.816664, queue:6.586111, delay:0.37480024, throughput:2000, raw_metrics:{'fairness': 0.0}
REAL_TRAIN step:28, travel time:50.46799007444169, q_loss:100, rewards:-17.656933, queue:8.580556, delay:0.42956764, throughput:1997, R_real:-0.6651, components:{'queue': 0.107, 'delay': 0.43, 'waiting': 0.128, 'pressure': 0.0, 'switches': 0.0}, raw_metrics:{'fairness': 247.0, 'emission': 205.285, 'fuel': 66.551, 'emergency_stops': 7.0, 'collisions': 28.0, 'ssm_conflicts': 1012.0}, refine;w=waiting=0.5;switches=0.5;ckpt12
SIM_TRAIN step:156, travel time:47.534559920437594, q_loss:0.0066269147, rewards:-9.3977785, queue:6.272222, delay:0.35157582, throughput:1999, raw_metrics:{'fairness': 0.0}
SIM_TRAIN step:157, travel time:47.74490303331676, q_loss:0.0054191025, rewards:-9.315278, queue:6.086111, delay:0.34855863, throughput:1999, raw_metrics:{'fairness': 0.0}
REAL_TRAIN step:30, travel time:51.4545905707196, q_loss:100, rewards:-18.159992, queue:8.991667, delay:0.4297377, throughput:1996, R_real:-0.6809, components:{'queue': 0.112, 'delay': 0.43, 'waiting': 0.139, 'pressure': 0.0, 'switches': 0.0}, raw_metrics:{'fairness': 254.0, 'emission': 207.734, 'fuel': 67.345, 'emergency_stops': 9.0, 'collisions': 30.0, 'ssm_conflicts': 1055.0}, refine;w=waiting=0.5;switches=0.5;ckpt14
SIM_TRAIN step:158, travel time:47.85380407757334, q_loss:0.005745099, rewards:-9.507502, queue:6.313889, delay:0.3430846, throughput:2000, raw_metrics:{'fairness': 0.0}
SIM_TRAIN step:159, travel time:47.49477871705619, q_loss:0.0059984564, rewards:-9.233886, queue:6.075, delay:0.3586001, throughput:2000, raw_metrics:{'fairness': 0.0}
REAL_TRAIN step:32, travel time:51.09429280397023, q_loss:100, rewards:-18.212784, queue:9.066667, delay:0.43722153, throughput:1997, R_real:-0.6943, components:{'queue': 0.113, 'delay': 0.437, 'waiting': 0.144, 'pressure': 0.0, 'switches': 0.0}, raw_metrics:{'fairness': 0.0, 'emission': 208.256, 'fuel': 67.514, 'emergency_stops': 5.0, 'collisions': 32.0, 'ssm_conflicts': 1050.0}, refine;w=waiting=0.5;switches=0.5;ckpt16
SIM_TRAIN step:160, travel time:46.902536051715565, q_loss:0.0068042306, rewards:-8.91, queue:5.836111, delay:0.35172865, throughput:2000, raw_metrics:{'fairness': 0.0}
SIM_TRAIN step:161, travel time:47.681253107906514, q_loss:0.0060543604, rewards:-9.241106, queue:6.072222, delay:0.34243354, throughput:2000, raw_metrics:{'fairness': 0.0}
REAL_TRAIN step:34, travel time:51.09875930521092, q_loss:100, rewards:-17.800833, queue:8.708333, delay:0.42698652, throughput:1996, R_real:-0.6711, components:{'queue': 0.109, 'delay': 0.427, 'waiting': 0.135, 'pressure': 0.0, 'switches': 0.0}, raw_metrics:{'fairness': 247.0, 'emission': 205.758, 'fuel': 66.704, 'emergency_stops': 7.0, 'collisions': 24.0, 'ssm_conflicts': 1017.0}, refine;w=waiting=0.5;switches=0.5;ckpt18
SIM_TRAIN step:162, travel time:47.25161611138737, q_loss:0.0062152497, rewards:-9.126672, queue:5.897222, delay:0.35119715, throughput:2000, raw_metrics:{'fairness': 0.0}
SIM_TRAIN step:163, travel time:47.02734957732471, q_loss:0.0060502086, rewards:-9.106387, queue:5.9444447, delay:0.34286302, throughput:2003, raw_metrics:{'fairness': 0.0}
REAL_TRAIN step:36, travel time:51.60198511166253, q_loss:100, rewards:-18.314732, queue:9.247222, delay:0.4202139, throughput:1997, R_real:-0.6916, components:{'queue': 0.116, 'delay': 0.42, 'waiting': 0.156, 'pressure': 0.0, 'switches': 0.0}, raw_metrics:{'fairness': 246.0, 'emission': 209.336, 'fuel': 67.864, 'emergency_stops': 7.0, 'collisions': 39.0, 'ssm_conflicts': 1048.0}, refine;w=waiting=0.5;switches=0.5;ckpt20
SIM_TRAIN step:164, travel time:47.77573346593734, q_loss:0.0060846983, rewards:-9.1500025, queue:6.075, delay:0.3585636, throughput:2000, raw_metrics:{'fairness': 0.0}
SIM_TRAIN step:165, travel time:48.707110890104424, q_loss:0.0053599733, rewards:-9.796388, queue:6.638889, delay:0.36193016, throughput:2000, raw_metrics:{'fairness': 0.0}
REAL_TRAIN step:38, travel time:53.97518610421836, q_loss:100, rewards:-18.80027, queue:9.758333, delay:0.42802727, throughput:1997, R_real:-0.7016, components:{'queue': 0.122, 'delay': 0.428, 'waiting': 0.152, 'pressure': 0.0, 'switches': 0.0}, raw_metrics:{'fairness': 0.0, 'emission': 211.902, 'fuel': 68.696, 'emergency_stops': 0.0, 'collisions': 26.0, 'ssm_conflicts': 1034.0}, refine;w=waiting=0.5;switches=0.5;ckpt22
SIM_TRAIN step:166, travel time:47.71258080556937, q_loss:0.0053250995, rewards:-9.304443, queue:6.161111, delay:0.34764415, throughput:1999, raw_metrics:{'fairness': 0.0}
SIM_TRAIN step:167, travel time:48.119343610144206, q_loss:0.005748735, rewards:-9.428054, queue:6.211111, delay:0.34870878, throughput:1999, raw_metrics:{'fairness': 0.0}
REAL_TRAIN step:40, travel time:1138.5288035450517, q_loss:100, rewards:-151.66724, queue:149.05278, delay:0.92641604, throughput:412, R_real:-98.3227, components:{'queue': 1.863, 'delay': 0.926, 'waiting': 95.533, 'pressure': 0.0, 'switches': 0.0}, raw_metrics:{'fairness': 114.0, 'emission': 855.806, 'fuel': 277.447, 'emergency_stops': 0.0, 'collisions': 4.0, 'ssm_conflicts': 459.0}, refine;w=waiting=0.5;switches=0.5;ckpt24
SIM_TRAIN step:168, travel time:49.76181004475385, q_loss:0.005775708, rewards:-9.701111, queue:6.536111, delay:0.35152268, throughput:2000, raw_metrics:{'fairness': 0.0}
SIM_TRAIN step:169, travel time:48.344107409249126, q_loss:0.0063425354, rewards:-9.669167, queue:6.5194445, delay:0.35378683, throughput:2000, raw_metrics:{'fairness': 0.0}
REAL_TRAIN step:42, travel time:52.10868486352357, q_loss:100, rewards:-18.303886, queue:9.222222, delay:0.4233128, throughput:1998, R_real:-0.6770, components:{'queue': 0.115, 'delay': 0.423, 'waiting': 0.138, 'pressure': 0.0, 'switches': 0.0}, raw_metrics:{'fairness': 0.0, 'emission': 209.103, 'fuel': 67.789, 'emergency_stops': 5.0, 'collisions': 20.0, 'ssm_conflicts': 1034.0}, refine;w=waiting=0.5;switches=0.5;ckpt26
SIM_TRAIN step:170, travel time:47.40775733465937, q_loss:0.006075724, rewards:-9.235277, queue:6.1666665, delay:0.3544571, throughput:2000, raw_metrics:{'fairness': 0.0}
SIM_TRAIN step:171, travel time:50.23968175037295, q_loss:0.0056729713, rewards:-10.056384, queue:6.7944446, delay:0.35624632, throughput:1999, raw_metrics:{'fairness': 0.0}
REAL_TRAIN step:44, travel time:51.66203473945409, q_loss:100, rewards:-18.301384, queue:9.311111, delay:0.43593174, throughput:1996, R_real:-0.7019, components:{'queue': 0.116, 'delay': 0.436, 'waiting': 0.15, 'pressure': 0.0, 'switches': 0.0}, raw_metrics:{'fairness': 247.0, 'emission': 209.416, 'fuel': 67.89, 'emergency_stops': 6.0, 'collisions': 24.0, 'ssm_conflicts': 1006.0}, refine;w=waiting=0.5;switches=0.5;ckpt28
SIM_TRAIN step:172, travel time:47.1516658378916, q_loss:0.0059845718, rewards:-9.175003, queue:5.983333, delay:0.3493989, throughput:2000, raw_metrics:{'fairness': 0.0}
SIM_TRAIN step:173, travel time:47.97415506958251, q_loss:0.0057479963, rewards:-9.661394, queue:6.366667, delay:0.36366254, throughput:1999, raw_metrics:{'fairness': 0.0}
REAL_TRAIN step:46, travel time:51.293300248138955, q_loss:100, rewards:-17.943884, queue:8.938889, delay:0.41700625, throughput:1997, R_real:-0.6670, components:{'queue': 0.112, 'delay': 0.417, 'waiting': 0.138, 'pressure': 0.0, 'switches': 0.0}, raw_metrics:{'fairness': 247.0, 'emission': 206.954, 'fuel': 67.092, 'emergency_stops': 5.0, 'collisions': 26.0, 'ssm_conflicts': 1032.0}, refine;w=waiting=0.5;switches=0.5;ckpt30
SIM_TRAIN step:174, travel time:48.33316757831924, q_loss:0.0058108014, rewards:-9.838884, queue:6.5583334, delay:0.35960442, throughput:2000, raw_metrics:{'fairness': 0.0}
SIM_TRAIN step:175, travel time:47.27349577324714, q_loss:0.0058933827, rewards:-9.334439, queue:6.05, delay:0.3506049, throughput:2000, raw_metrics:{'fairness': 0.0}
REAL_TRAIN step:48, travel time:51.14789081885856, q_loss:100, rewards:-17.794998, queue:8.705556, delay:0.42484587, throughput:1996, R_real:-0.6646, components:{'queue': 0.109, 'delay': 0.425, 'waiting': 0.131, 'pressure': 0.0, 'switches': 0.0}, raw_metrics:{'fairness': 248.0, 'emission': 206.239, 'fuel': 66.86, 'emergency_stops': 6.0, 'collisions': 17.0, 'ssm_conflicts': 1018.0}, refine;w=waiting=0.5;switches=0.5;ckpt32
SIM_TRAIN step:176, travel time:47.35288270377733, q_loss:0.0059716264, rewards:-9.438884, queue:6.1805553, delay:0.35681486, throughput:1999, raw_metrics:{'fairness': 0.0}
SIM_TRAIN step:177, travel time:47.84435604177026, q_loss:0.0061852415, rewards:-9.025279, queue:5.8861113, delay:0.3452042, throughput:2000, raw_metrics:{'fairness': 0.0}
REAL_TRAIN step:50, travel time:51.878908188585605, q_loss:100, rewards:-18.39444, queue:9.308333, delay:0.43551335, throughput:1993, R_real:-0.6973, components:{'queue': 0.116, 'delay': 0.436, 'waiting': 0.145, 'pressure': 0.0, 'switches': 0.0}, raw_metrics:{'fairness': 0.0, 'emission': 209.094, 'fuel': 67.786, 'emergency_stops': 2.0, 'collisions': 23.0, 'ssm_conflicts': 1015.0}, refine;w=waiting=0.5;switches=0.5;ckpt34
SIM_TRAIN step:178, travel time:47.349080059671806, q_loss:0.0061846827, rewards:-9.297775, queue:6.0944443, delay:0.35316733, throughput:2000, raw_metrics:{'fairness': 0.0}
SIM_TRAIN step:179, travel time:48.79065141720537, q_loss:0.0057627084, rewards:-9.574445, queue:6.2916665, delay:0.3574504, throughput:1999, raw_metrics:{'fairness': 0.0}
REAL_TRAIN step:52, travel time:50.73151364764268, q_loss:100, rewards:-17.667494, queue:8.533334, delay:0.42131495, throughput:1996, R_real:-0.6523, components:{'queue': 0.107, 'delay': 0.421, 'waiting': 0.124, 'pressure': 0.0, 'switches': 0.0}, raw_metrics:{'fairness': 0.0, 'emission': 205.265, 'fuel': 66.544, 'emergency_stops': 7.0, 'collisions': 14.0, 'ssm_conflicts': 1009.0}, refine;w=waiting=0.5;switches=0.5;ckpt36
SIM_TRAIN step:180, travel time:49.033316757831926, q_loss:0.005740776, rewards:-9.679166, queue:6.452778, delay:0.3391895, throughput:2000, raw_metrics:{'fairness': 0.0}
SIM_TRAIN step:181, travel time:48.21531576330184, q_loss:0.0059693116, rewards:-9.587778, queue:6.358333, delay:0.35113505, throughput:2000, raw_metrics:{'fairness': 0.0}
REAL_TRAIN step:54, travel time:52.737965260545906, q_loss:100, rewards:-18.181383, queue:9.1027775, delay:0.42802548, throughput:1997, R_real:-0.7128, components:{'queue': 0.114, 'delay': 0.428, 'waiting': 0.171, 'pressure': 0.0, 'switches': 0.0}, raw_metrics:{'fairness': 247.0, 'emission': 208.019, 'fuel': 67.437, 'emergency_stops': 5.0, 'collisions': 45.0, 'ssm_conflicts': 973.0}, refine;w=waiting=0.5;switches=0.5;ckpt38
SIM_TRAIN step:182, travel time:48.10044753853804, q_loss:0.0065695154, rewards:-9.364724, queue:6.197222, delay:0.35667187, throughput:2000, raw_metrics:{'fairness': 0.0}
SIM_TRAIN step:183, travel time:49.902038786673295, q_loss:0.0063848556, rewards:-9.848889, queue:6.766667, delay:0.35309625, throughput:2000, raw_metrics:{'fairness': 0.0}
REAL_TRAIN step:56, travel time:51.13598014888338, q_loss:100, rewards:-17.768883, queue:8.7277775, delay:0.41238555, throughput:1992, R_real:-0.6478, components:{'queue': 0.109, 'delay': 0.412, 'waiting': 0.126, 'pressure': 0.0, 'switches': 0.0}, raw_metrics:{'fairness': 247.0, 'emission': 205.449, 'fuel': 66.604, 'emergency_stops': 7.0, 'collisions': 20.0, 'ssm_conflicts': 1017.0}, refine;w=waiting=0.5;switches=0.5;ckpt40
SIM_TRAIN step:184, travel time:47.58776727996022, q_loss:0.0059107114, rewards:-9.524168, queue:6.3083334, delay:0.356319, throughput:1999, raw_metrics:{'fairness': 0.0}
SIM_TRAIN step:185, travel time:48.05121829935356, q_loss:0.0057566403, rewards:-9.332776, queue:6.138889, delay:0.3500213, throughput:2000, raw_metrics:{'fairness': 0.0}
REAL_TRAIN step:58, travel time:51.723076923076924, q_loss:100, rewards:-17.944447, queue:8.841666, delay:0.42014122, throughput:1998, R_real:-0.6838, components:{'queue': 0.111, 'delay': 0.42, 'waiting': 0.153, 'pressure': 0.0, 'switches': 0.0}, raw_metrics:{'fairness': 246.0, 'emission': 206.641, 'fuel': 66.99, 'emergency_stops': 4.0, 'collisions': 34.0, 'ssm_conflicts': 982.0}, refine;w=waiting=0.5;switches=0.5;ckpt42
SIM_TRAIN step:186, travel time:48.21183490800597, q_loss:0.0063621444, rewards:-9.355279, queue:6.2444444, delay:0.35353944, throughput:2000, raw_metrics:{'fairness': 0.0}
SIM_TRAIN step:187, travel time:48.214818498259575, q_loss:0.0068310234, rewards:-9.109161, queue:5.9888887, delay:0.35636, throughput:2000, raw_metrics:{'fairness': 0.0}
REAL_TRAIN step:60, travel time:52.55483870967742, q_loss:100, rewards:-18.327497, queue:9.247222, delay:0.42339417, throughput:1997, R_real:-0.6918, components:{'queue': 0.116, 'delay': 0.423, 'waiting': 0.153, 'pressure': 0.0, 'switches': 0.0}, raw_metrics:{'fairness': 369.0, 'emission': 208.817, 'fuel': 67.696, 'emergency_stops': 4.0, 'collisions': 48.0, 'ssm_conflicts': 1023.0}, refine;w=waiting=0.5;switches=0.5;ckpt44
SIM_TRAIN step:188, travel time:48.09145129224652, q_loss:0.0064625526, rewards:-9.728612, queue:6.513889, delay:0.35189268, throughput:2000, raw_metrics:{'fairness': 0.0}
SIM_TRAIN step:189, travel time:50.48781700646445, q_loss:0.0057237414, rewards:-9.76028, queue:6.547222, delay:0.35068598, throughput:2000, raw_metrics:{'fairness': 0.0}
REAL_TRAIN step:62, travel time:51.369727047146405, q_loss:100, rewards:-17.75444, queue:8.6472225, delay:0.41450503, throughput:1992, R_real:-0.6558, components:{'queue': 0.108, 'delay': 0.415, 'waiting': 0.133, 'pressure': 0.0, 'switches': 0.0}, raw_metrics:{'fairness': 247.0, 'emission': 205.728, 'fuel': 66.694, 'emergency_stops': 7.0, 'collisions': 18.0, 'ssm_conflicts': 1018.0}, refine;w=waiting=0.5;switches=0.5;ckpt46
SIM_TRAIN step:190, travel time:46.526603679761315, q_loss:0.0064202296, rewards:-8.885279, queue:5.822222, delay:0.34253666, throughput:2000, raw_metrics:{'fairness': 0.0}
SIM_TRAIN step:191, travel time:49.127299850820485, q_loss:0.005964707, rewards:-9.429992, queue:6.2916665, delay:0.35913837, throughput:2000, raw_metrics:{'fairness': 0.0}
REAL_TRAIN step:64, travel time:50.96774193548387, q_loss:100, rewards:-17.656382, queue:8.6027775, delay:0.42803115, throughput:1995, R_real:-0.6588, components:{'queue': 0.108, 'delay': 0.428, 'waiting': 0.123, 'pressure': 0.0, 'switches': 0.0}, raw_metrics:{'fairness': 247.0, 'emission': 205.133, 'fuel': 66.501, 'emergency_stops': 9.0, 'collisions': 18.0, 'ssm_conflicts': 986.0}, refine;w=waiting=0.5;switches=0.5;ckpt48
SIM_TRAIN step:192, travel time:48.64047737444058, q_loss:0.005529005, rewards:-9.676946, queue:6.391667, delay:0.3590683, throughput:2000, raw_metrics:{'fairness': 0.0}
SIM_TRAIN step:193, travel time:48.556163021868784, q_loss:0.0062559894, rewards:-9.552224, queue:6.325, delay:0.36343956, throughput:2000, raw_metrics:{'fairness': 0.0}
REAL_TRAIN step:66, travel time:49.691811414392056, q_loss:100, rewards:-17.137218, queue:8.083333, delay:0.4101924, throughput:1996, R_real:-0.6176, components:{'queue': 0.101, 'delay': 0.41, 'waiting': 0.106, 'pressure': 0.0, 'switches': 0.0}, raw_metrics:{'fairness': 247.0, 'emission': 202.653, 'fuel': 65.697, 'emergency_stops': 7.0, 'collisions': 31.0, 'ssm_conflicts': 997.0}, refine;w=waiting=0.5;switches=0.5;ckpt50
SIM_TRAIN step:194, travel time:48.33018398806564, q_loss:0.0064248485, rewards:-9.294164, queue:6.133333, delay:0.35124958, throughput:2000, raw_metrics:{'fairness': 0.0}
SIM_TRAIN step:195, travel time:48.35852809547489, q_loss:0.006511618, rewards:-9.580829, queue:6.388889, delay:0.35627538, throughput:2000, raw_metrics:{'fairness': 0.0}
REAL_TRAIN step:68, travel time:49.86600496277916, q_loss:100, rewards:-17.1925, queue:8.1472225, delay:0.40291545, throughput:1998, R_real:-0.6195, components:{'queue': 0.102, 'delay': 0.403, 'waiting': 0.115, 'pressure': 0.0, 'switches': 0.0}, raw_metrics:{'fairness': 0.0, 'emission': 202.656, 'fuel': 65.698, 'emergency_stops': 5.0, 'collisions': 16.0, 'ssm_conflicts': 989.0}, refine;w=waiting=0.5;switches=0.5;ckpt52
SIM_TRAIN step:196, travel time:48.65688712083541, q_loss:0.006656173, rewards:-9.67, queue:6.4083333, delay:0.3508346, throughput:2001, raw_metrics:{'fairness': 0.0}
SIM_TRAIN step:197, travel time:47.34112381899553, q_loss:0.0055058775, rewards:-9.192775, queue:6.0583334, delay:0.3468816, throughput:2000, raw_metrics:{'fairness': 0.0}
REAL_TRAIN step:70, travel time:50.883374689826304, q_loss:100, rewards:-17.711945, queue:8.683333, delay:0.41829222, throughput:1997, R_real:-0.6586, components:{'queue': 0.109, 'delay': 0.418, 'waiting': 0.132, 'pressure': 0.0, 'switches': 0.0}, raw_metrics:{'fairness': 247.0, 'emission': 205.604, 'fuel': 66.654, 'emergency_stops': 2.0, 'collisions': 16.0, 'ssm_conflicts': 995.0}, refine;w=waiting=0.5;switches=0.5;ckpt54
SIM_TRAIN step:198, travel time:48.37624254473161, q_loss:0.0063044694, rewards:-9.245562, queue:6.063889, delay:0.3471653, throughput:2000, raw_metrics:{'fairness': 0.0}
SIM_TRAIN step:199, travel time:49.4425658876181, q_loss:0.0055137845, rewards:-9.254168, queue:6.0944443, delay:0.35358354, throughput:2000, raw_metrics:{'fairness': 0.0}
REAL_TRAIN step:72, travel time:52.281885856079406, q_loss:100, rewards:-18.146393, queue:9.119445, delay:0.41835868, throughput:1997, R_real:-0.6910, components:{'queue': 0.114, 'delay': 0.418, 'waiting': 0.159, 'pressure': 0.0, 'switches': 0.0}, raw_metrics:{'fairness': 247.0, 'emission': 207.784, 'fuel': 67.361, 'emergency_stops': 5.0, 'collisions': 27.0, 'ssm_conflicts': 1001.0}, refine;w=waiting=0.5;switches=0.5;ckpt56
SIM_TRAIN step:200, travel time:48.63369781312127, q_loss:0.006242325, rewards:-9.708894, queue:6.425, delay:0.35208398, throughput:1999, raw_metrics:{'fairness': 0.0}
SIM_TRAIN step:201, travel time:47.72415506958251, q_loss:0.0064524915, rewards:-9.267499, queue:6.108333, delay:0.34265018, throughput:2000, raw_metrics:{'fairness': 0.0}
REAL_TRAIN step:74, travel time:51.53945409429281, q_loss:100, rewards:-17.958052, queue:8.902778, delay:0.42989206, throughput:1996, R_real:-0.6867, components:{'queue': 0.111, 'delay': 0.43, 'waiting': 0.146, 'pressure': 0.0, 'switches': 0.0}, raw_metrics:{'fairness': 0.0, 'emission': 206.968, 'fuel': 67.096, 'emergency_stops': 6.0, 'collisions': 31.0, 'ssm_conflicts': 981.0}, refine;w=waiting=0.5;switches=0.5;ckpt58
SIM_TRAIN step:202, travel time:47.375435106911986, q_loss:0.006542294, rewards:-9.283887, queue:6.1, delay:0.36324966, throughput:1997, raw_metrics:{'fairness': 0.0}
SIM_TRAIN step:203, travel time:48.00049701789264, q_loss:0.006042123, rewards:-9.07611, queue:5.888889, delay:0.33725733, throughput:2002, raw_metrics:{'fairness': 0.0}
REAL_TRAIN step:76, travel time:51.39007444168735, q_loss:100, rewards:-17.774445, queue:8.763889, delay:0.42401826, throughput:1997, R_real:-0.6734, components:{'queue': 0.11, 'delay': 0.424, 'waiting': 0.14, 'pressure': 0.0, 'switches': 0.0}, raw_metrics:{'fairness': 369.0, 'emission': 205.768, 'fuel': 66.707, 'emergency_stops': 6.0, 'collisions': 32.0, 'ssm_conflicts': 974.0}, refine;w=waiting=0.5;switches=0.5;ckpt60
SIM_TRAIN step:204, travel time:48.725509696668325, q_loss:0.006335385, rewards:-9.543333, queue:6.361111, delay:0.35697073, throughput:2000, raw_metrics:{'fairness': 0.0}
SIM_TRAIN step:205, travel time:46.53157633018399, q_loss:0.006173973, rewards:-8.719721, queue:5.608333, delay:0.34065917, throughput:1999, raw_metrics:{'fairness': 0.0}
REAL_TRAIN step:78, travel time:49.22233250620347, q_loss:100, rewards:-17.092768, queue:8.0, delay:0.41166285, throughput:1995, R_real:-0.6253, components:{'queue': 0.1, 'delay': 0.412, 'waiting': 0.114, 'pressure': 0.0, 'switches': 0.0}, raw_metrics:{'fairness': 247.0, 'emission': 202.314, 'fuel': 65.588, 'emergency_stops': 6.0, 'collisions': 21.0, 'ssm_conflicts': 971.0}, refine;w=waiting=0.5;switches=0.5;ckpt62
SIM_TRAIN step:206, travel time:47.871705619094975, q_loss:0.0057478985, rewards:-9.20111, queue:6.175, delay:0.34067148, throughput:2000, raw_metrics:{'fairness': 0.0}
SIM_TRAIN step:207, travel time:50.089507707608156, q_loss:0.005796402, rewards:-10.073058, queue:6.8333335, delay:0.36447105, throughput:1995, raw_metrics:{'fairness': 0.0}
REAL_TRAIN step:80, travel time:51.04565756823821, q_loss:100, rewards:-17.563614, queue:8.502778, delay:0.41827843, throughput:1997, R_real:-0.6758, components:{'queue': 0.106, 'delay': 0.418, 'waiting': 0.151, 'pressure': 0.0, 'switches': 0.0}, raw_metrics:{'fairness': 246.0, 'emission': 204.764, 'fuel': 66.382, 'emergency_stops': 7.0, 'collisions': 15.0, 'ssm_conflicts': 983.0}, refine;w=waiting=0.5;switches=0.5;ckpt64
SIM_TRAIN step:208, travel time:49.12226640159046, q_loss:0.00614645, rewards:-9.5958395, queue:6.413889, delay:0.3645913, throughput:2000, raw_metrics:{'fairness': 0.0}
SIM_TRAIN step:209, travel time:49.053704624564894, q_loss:0.0055664885, rewards:-9.667223, queue:6.563889, delay:0.37246764, throughput:1999, raw_metrics:{'fairness': 0.0}
REAL_TRAIN step:82, travel time:52.23771712158809, q_loss:100, rewards:-18.070833, queue:9.072222, delay:0.42123878, throughput:1997, R_real:-0.6926, components:{'queue': 0.113, 'delay': 0.421, 'waiting': 0.158, 'pressure': 0.0, 'switches': 0.0}, raw_metrics:{'fairness': 368.0, 'emission': 207.475, 'fuel': 67.261, 'emergency_stops': 4.0, 'collisions': 26.0, 'ssm_conflicts': 993.0}, refine;w=waiting=0.5;switches=0.5;ckpt66
SIM_TRAIN step:210, travel time:46.78081510934393, q_loss:0.0058309487, rewards:-8.98055, queue:5.883333, delay:0.3474329, throughput:1999, raw_metrics:{'fairness': 0.0}
SIM_TRAIN step:211, travel time:48.993038289408254, q_loss:0.0060739145, rewards:-9.523608, queue:6.3944445, delay:0.3457758, throughput:2000, raw_metrics:{'fairness': 0.0}
REAL_TRAIN step:84, travel time:53.671464019851115, q_loss:100, rewards:-19.21888, queue:10.336111, delay:0.416969, throughput:1994, R_real:-0.7283, components:{'queue': 0.129, 'delay': 0.417, 'waiting': 0.182, 'pressure': 0.0, 'switches': 0.0}, raw_metrics:{'fairness': 247.0, 'emission': 214.14, 'fuel': 69.422, 'emergency_stops': 3.0, 'collisions': 30.0, 'ssm_conflicts': 995.0}, refine;w=waiting=0.5;switches=0.5;ckpt68
SIM_TRAIN step:212, travel time:49.22526106414719, q_loss:0.006755662, rewards:-9.984721, queue:6.8166666, delay:0.37416008, throughput:2000, raw_metrics:{'fairness': 0.0}
SIM_TRAIN step:213, travel time:47.33548707753479, q_loss:0.005614551, rewards:-8.99166, queue:5.922222, delay:0.33838442, throughput:2000, raw_metrics:{'fairness': 0.0}
REAL_TRAIN step:86, travel time:50.184119106699754, q_loss:100, rewards:-17.313337, queue:8.377778, delay:0.40970132, throughput:1993, R_real:-0.6264, components:{'queue': 0.105, 'delay': 0.41, 'waiting': 0.112, 'pressure': 0.0, 'switches': 0.0}, raw_metrics:{'fairness': 247.0, 'emission': 203.4, 'fuel': 65.94, 'emergency_stops': 5.0, 'collisions': 55.0, 'ssm_conflicts': 1028.0}, refine;w=waiting=0.5;switches=0.5;ckpt70
SIM_TRAIN step:214, travel time:47.036779324055665, q_loss:0.0063028005, rewards:-8.839171, queue:5.6583333, delay:0.3397821, throughput:1999, raw_metrics:{'fairness': 0.0}
SIM_TRAIN step:215, travel time:47.29572564612326, q_loss:0.0059505445, rewards:-9.422495, queue:6.288889, delay:0.34651658, throughput:2000, raw_metrics:{'fairness': 0.0}
REAL_TRAIN step:88, travel time:52.102233250620344, q_loss:100, rewards:-18.344995, queue:9.244445, delay:0.43947893, throughput:1997, R_real:-0.7152, components:{'queue': 0.116, 'delay': 0.439, 'waiting': 0.16, 'pressure': 0.0, 'switches': 0.0}, raw_metrics:{'fairness': 368.0, 'emission': 209.27, 'fuel': 67.843, 'emergency_stops': 4.0, 'collisions': 21.0, 'ssm_conflicts': 1024.0}, refine;w=waiting=0.5;switches=0.5;ckpt72
SIM_TRAIN step:216, travel time:48.10740924912979, q_loss:0.006066018, rewards:-9.509443, queue:6.325, delay:0.36306953, throughput:1999, raw_metrics:{'fairness': 0.0}
SIM_TRAIN step:217, travel time:47.96817503729488, q_loss:0.0067021395, rewards:-9.692777, queue:6.4972224, delay:0.34448054, throughput:2000, raw_metrics:{'fairness': 0.0}
REAL_TRAIN step:90, travel time:53.01985111662531, q_loss:100, rewards:-18.478893, queue:9.447222, delay:0.42381722, throughput:1997, R_real:-0.7005, components:{'queue': 0.118, 'delay': 0.424, 'waiting': 0.159, 'pressure': 0.0, 'switches': 0.0}, raw_metrics:{'fairness': 246.0, 'emission': 209.877, 'fuel': 68.039, 'emergency_stops': 7.0, 'collisions': 25.0, 'ssm_conflicts': 1006.0}, refine;w=waiting=0.5;switches=0.5;ckpt74
SIM_TRAIN step:218, travel time:47.57533565390353, q_loss:0.005959936, rewards:-9.06306, queue:5.9055557, delay:0.34318456, throughput:2000, raw_metrics:{'fairness': 0.0}
SIM_TRAIN step:219, travel time:47.97664015904572, q_loss:0.0058812033, rewards:-9.160279, queue:5.9666667, delay:0.34410086, throughput:1999, raw_metrics:{'fairness': 0.0}
REAL_TRAIN step:92, travel time:51.32109181141439, q_loss:100, rewards:-17.652775, queue:8.6, delay:0.41660792, throughput:1996, R_real:-0.6583, components:{'queue': 0.108, 'delay': 0.417, 'waiting': 0.134, 'pressure': 0.0, 'switches': 0.0}, raw_metrics:{'fairness': 368.0, 'emission': 205.396, 'fuel': 66.587, 'emergency_stops': 9.0, 'collisions': 15.0, 'ssm_conflicts': 999.0}, refine;w=waiting=0.5;switches=0.5;ckpt76
SIM_TRAIN step:220, travel time:47.35604177026355, q_loss:0.0060715782, rewards:-8.823332, queue:5.8055553, delay:0.35247338, throughput:2000, raw_metrics:{'fairness': 0.0}
SIM_TRAIN step:221, travel time:48.31858846918489, q_loss:0.0066263643, rewards:-9.320278, queue:6.116667, delay:0.3462692, throughput:2000, raw_metrics:{'fairness': 0.0}
REAL_TRAIN step:94, travel time:52.696277915632756, q_loss:100, rewards:-18.243889, queue:9.177778, delay:0.4323367, throughput:1996, R_real:-0.7036, components:{'queue': 0.115, 'delay': 0.432, 'waiting': 0.157, 'pressure': 0.0, 'switches': 0.0}, raw_metrics:{'fairness': 368.0, 'emission': 208.213, 'fuel': 67.5, 'emergency_stops': 4.0, 'collisions': 21.0, 'ssm_conflicts': 988.0}, refine;w=waiting=0.5;switches=0.5;ckpt78
SIM_TRAIN step:222, travel time:49.25808055693685, q_loss:0.0058023413, rewards:-9.188058, queue:5.975, delay:0.34941846, throughput:2000, raw_metrics:{'fairness': 0.0}
SIM_TRAIN step:223, travel time:47.87077534791253, q_loss:0.005620149, rewards:-9.424999, queue:6.336111, delay:0.35322067, throughput:2000, raw_metrics:{'fairness': 0.0}
REAL_TRAIN step:96, travel time:51.66153846153846, q_loss:100, rewards:-17.98778, queue:8.963889, delay:0.4211795, throughput:1996, R_real:-0.6753, components:{'queue': 0.112, 'delay': 0.421, 'waiting': 0.142, 'pressure': 0.0, 'switches': 0.0}, raw_metrics:{'fairness': 368.0, 'emission': 207.28, 'fuel': 67.197, 'emergency_stops': 3.0, 'collisions': 28.0, 'ssm_conflicts': 945.0}, refine;w=waiting=0.5;switches=0.5;ckpt80
SIM_TRAIN step:224, travel time:48.29487817006464, q_loss:0.0056472295, rewards:-9.431113, queue:6.236111, delay:0.35063595, throughput:2000, raw_metrics:{'fairness': 0.0}
SIM_TRAIN step:225, travel time:49.27996021879662, q_loss:0.0058217533, rewards:-9.580277, queue:6.2944446, delay:0.34774527, throughput:2000, raw_metrics:{'fairness': 0.0}
REAL_TRAIN step:98, travel time:53.473945409429284, q_loss:100, rewards:-18.259443, queue:9.2, delay:0.41339424, throughput:1997, R_real:-0.6843, components:{'queue': 0.115, 'delay': 0.413, 'waiting': 0.156, 'pressure': 0.0, 'switches': 0.0}, raw_metrics:{'fairness': 247.0, 'emission': 208.828, 'fuel': 67.699, 'emergency_stops': 5.0, 'collisions': 12.0, 'ssm_conflicts': 1027.0}, refine;w=waiting=0.5;switches=0.5;ckpt82
SIM_TRAIN step:226, travel time:49.63021868787276, q_loss:0.005280732, rewards:-9.4816675, queue:6.3777776, delay:0.35438755, throughput:1999, raw_metrics:{'fairness': 0.0}
SIM_TRAIN step:227, travel time:48.09145129224652, q_loss:0.0055308486, rewards:-9.039997, queue:5.9083333, delay:0.3412042, throughput:2000, raw_metrics:{'fairness': 0.0}
REAL_TRAIN step:100, travel time:51.79454094292804, q_loss:100, rewards:-18.120827, queue:9.127778, delay:0.41397884, throughput:1994, R_real:-0.6788, components:{'queue': 0.114, 'delay': 0.414, 'waiting': 0.151, 'pressure': 0.0, 'switches': 0.0}, raw_metrics:{'fairness': 247.0, 'emission': 208.035, 'fuel': 67.442, 'emergency_stops': 4.0, 'collisions': 23.0, 'ssm_conflicts': 1015.0}, refine;w=waiting=0.5;switches=0.5;ckpt84
SIM_TRAIN step:228, travel time:47.54821073558648, q_loss:0.0057809763, rewards:-9.073606, queue:6.0277777, delay:0.3505051, throughput:1999, raw_metrics:{'fairness': 0.0}
SIM_TRAIN step:229, travel time:47.86573843858777, q_loss:0.0057304897, rewards:-9.086388, queue:5.938889, delay:0.34421206, throughput:2000, raw_metrics:{'fairness': 0.0}
REAL_TRAIN step:102, travel time:51.6272952853598, q_loss:100, rewards:-17.941671, queue:8.872222, delay:0.43787116, throughput:1996, R_real:-0.6871, components:{'queue': 0.111, 'delay': 0.438, 'waiting': 0.138, 'pressure': 0.0, 'switches': 0.0}, raw_metrics:{'fairness': 368.0, 'emission': 207.058, 'fuel': 67.126, 'emergency_stops': 5.0, 'collisions': 16.0, 'ssm_conflicts': 989.0}, refine;w=waiting=0.5;switches=0.5;ckpt86
SIM_TRAIN step:230, travel time:49.49826302729529, q_loss:0.005690335, rewards:-9.689445, queue:6.5444446, delay:0.3533756, throughput:1997, raw_metrics:{'fairness': 0.0}
SIM_TRAIN step:231, travel time:48.018896071606164, q_loss:0.0056438274, rewards:-9.223057, queue:6.0972223, delay:0.35094595, throughput:2000, raw_metrics:{'fairness': 0.0}
REAL_TRAIN step:104, travel time:50.12258064516129, q_loss:100, rewards:-17.34305, queue:8.366667, delay:0.41135576, throughput:1998, R_real:-0.6424, components:{'queue': 0.105, 'delay': 0.411, 'waiting': 0.126, 'pressure': 0.0, 'switches': 0.0}, raw_metrics:{'fairness': 247.0, 'emission': 203.85, 'fuel': 66.086, 'emergency_stops': 4.0, 'collisions': 45.0, 'ssm_conflicts': 977.0}, refine;w=waiting=0.5;switches=0.5;ckpt88
SIM_TRAIN step:232, travel time:46.77125808055694, q_loss:0.005436443, rewards:-9.089438, queue:5.8694444, delay:0.33687267, throughput:2000, raw_metrics:{'fairness': 0.0}
SIM_TRAIN step:233, travel time:47.95574341123819, q_loss:0.0059432825, rewards:-9.005272, queue:5.836111, delay:0.34229225, throughput:2000, raw_metrics:{'fairness': 0.0}
REAL_TRAIN step:106, travel time:51.728039702233254, q_loss:100, rewards:-17.663328, queue:8.561111, delay:0.40917525, throughput:1997, R_real:-0.6482, components:{'queue': 0.107, 'delay': 0.409, 'waiting': 0.132, 'pressure': 0.0, 'switches': 0.0}, raw_metrics:{'fairness': 369.0, 'emission': 205.575, 'fuel': 66.645, 'emergency_stops': 6.0, 'collisions': 34.0, 'ssm_conflicts': 1007.0}, refine;w=waiting=0.5;switches=0.5;ckpt90
SIM_TRAIN step:234, travel time:48.00347912524851, q_loss:0.005590324, rewards:-9.157499, queue:6.013889, delay:0.3503386, throughput:1999, raw_metrics:{'fairness': 0.0}
SIM_TRAIN step:235, travel time:47.989060169070115, q_loss:0.0060243555, rewards:-9.175274, queue:6.0194445, delay:0.34365872, throughput:2000, raw_metrics:{'fairness': 0.0}
REAL_TRAIN step:108, travel time:51.49181141439206, q_loss:100, rewards:-17.795835, queue:8.691667, delay:0.42497036, throughput:1997, R_real:-0.6636, components:{'queue': 0.109, 'delay': 0.425, 'waiting': 0.13, 'pressure': 0.0, 'switches': 0.0}, raw_metrics:{'fairness': 369.0, 'emission': 206.142, 'fuel': 66.828, 'emergency_stops': 9.0, 'collisions': 18.0, 'ssm_conflicts': 1008.0}, refine;w=waiting=0.5;switches=0.5;ckpt92
SIM_TRAIN step:236, travel time:48.08200795228628, q_loss:0.0061385054, rewards:-9.436111, queue:6.272222, delay:0.3576544, throughput:1999, raw_metrics:{'fairness': 0.0}
REAL_TRAIN step:109, travel time:51.796029776674935, q_loss:100, rewards:-17.793337, queue:8.725, delay:0.41789028, throughput:1997, R_real:-0.6692, components:{'queue': 0.109, 'delay': 0.418, 'waiting': 0.142, 'pressure': 0.0, 'switches': 0.0}, raw_metrics:{'fairness': 247.0, 'emission': 206.394, 'fuel': 66.91, 'emergency_stops': 5.0, 'collisions': 23.0, 'ssm_conflicts': 1027.0}, refine;w=waiting=0.5;switches=0.5;ckpt93
MORLGrid selected policy with R_real=-0.6176
Saved method state to data/output_data/sim2real_rewards/cityflow_presslight/cologne1/baseline_rewards_v2_morl_grid_efficiency_aligned_s0/model/cologne1_efficiency_aligned_presslight_morl_grid/method_state.json
real rollouts used: 63/100
REAL_TEST step:0, travel time:50.050124069478905, q_loss:100, rewards:-17.275276, queue:8.233334, delay:0.41040358, throughput:1997, R_real:-0.6237, components:{'queue': 0.103, 'delay': 0.41, 'waiting': 0.11, 'pressure': 0.0, 'switches': 0.0}, raw_metrics:{'fairness': 247.0, 'emission': 204.108, 'fuel': 66.169, 'emergency_stops': 9.0, 'collisions': 35.0, 'ssm_conflicts': 999.0}
Total time taken: 1622.946016073227
