bullhead_3_flexible_presslight_ugat	REAL_TRAIN	0	274.7	100.0	-95.63	35.94	0.66	3246	0.2463	0.1343
bullhead_3_flexible_presslight_ugat	REAL_TRAIN	1	274.7	100.0	-95.63	35.94	0.66	3246	0.2463	0.1343
bullhead_3_flexible_presslight_ugat	REAL_TRAIN	2	224.0	100.0	-91.79	27.31	0.61	3311	0.2491	0.1269
bullhead_3_flexible_presslight_ugat	REAL_TRAIN	3	247.5	100.0	-94.24	31.40	0.65	3262	0.2407	0.1417
bullhead_3_flexible_presslight_ugat	REAL_TRAIN	4	209.5	100.0	-79.20	23.33	0.61	3475	0.2556	0.1407
bullhead_3_flexible_presslight_ugat	REAL_TRAIN	5	218.6	100.0	-75.75	25.21	0.63	3458	0.2528	0.1435
bullhead_3_flexible_presslight_ugat	REAL_TRAIN	6	223.6	100.0	-77.02	26.02	0.64	3413	0.2481	0.1444
bullhead_3_flexible_presslight_ugat	REAL_TRAIN	7	199.6	100.0	-72.76	21.28	0.59	3500	0.2491	0.1426
bullhead_3_flexible_presslight_ugat	REAL_TRAIN	8	502.9	100.0	-340.54	117.20	0.76	2816	0.2370	0.1667
bullhead_3_flexible_presslight_ugat	REAL_TRAIN	9	232.7	100.0	-125.72	38.89	0.68	3640	0.3037	0.1231
bullhead_3_flexible_presslight_ugat	REAL_TRAIN	10	245.5	100.0	-97.95	32.09	0.67	3466	0.2583	0.1370
bullhead_3_flexible_presslight_ugat	REAL_TRAIN	11	153.3	100.0	-42.89	7.94	0.61	4174	0.4111	0.0676
bullhead_3_flexible_presslight_ugat	REAL_TRAIN	12	149.5	100.0	-40.95	6.85	0.62	4150	0.3769	0.0796
bullhead_3_flexible_presslight_ugat	REAL_TRAIN	13	144.2	100.0	-38.53	5.39	0.58	4193	0.3139	0.1046
bullhead_3_flexible_presslight_ugat	REAL_TRAIN	14	227.6	100.0	-81.85	28.25	0.70	3690	0.2704	0.1398
bullhead_3_flexible_presslight_ugat	REAL_TRAIN	15	204.5	100.0	-94.31	28.02	0.65	3958	0.2889	0.1296
bullhead_3_flexible_presslight_ugat	REAL_TRAIN	16	294.1	100.0	-150.02	54.79	0.73	3742	0.2731	0.1352
bullhead_3_flexible_presslight_ugat	REAL_TRAIN	17	218.6	100.0	-71.68	25.51	0.66	3968	0.2417	0.1519
bullhead_3_flexible_presslight_ugat	REAL_TRAIN	18	294.6	100.0	-142.05	51.94	0.77	3537	0.2546	0.1593
bullhead_3_flexible_presslight_ugat	REAL_TRAIN	19	176.6	100.0	-66.00	16.68	0.63	4055	0.3222	0.1111
bullhead_3_flexible_presslight_ugat	REAL_TRAIN	20	313.2	100.0	-214.58	71.87	0.70	3788	0.2778	0.1398
bullhead_3_flexible_presslight_ugat	REAL_TRAIN	21	524.0	100.0	-93.21	85.64	0.71	2817	0.2222	0.1574
bullhead_3_flexible_presslight_ugat	REAL_TRAIN	22	475.4	100.0	-93.66	76.88	0.70	2996	0.2324	0.1556
bullhead_3_flexible_presslight_ugat	REAL_TRAIN	23	149.8	100.0	-41.85	6.88	0.57	4171	0.3213	0.1231
bullhead_3_flexible_presslight_ugat	REAL_TRAIN	24	149.5	100.0	-40.03	6.57	0.56	4183	0.3250	0.1194
bullhead_3_flexible_presslight_ugat	REAL_TRAIN	25	152.8	100.0	-42.89	7.74	0.58	4184	0.2944	0.1398
bullhead_3_flexible_presslight_ugat	REAL_TRAIN	26	154.6	100.0	-46.28	8.84	0.57	4155	0.3185	0.1426
bullhead_3_flexible_presslight_ugat	REAL_TRAIN	27	152.3	100.0	-41.25	7.40	0.57	4186	0.2991	0.1213
bullhead_3_flexible_presslight_ugat	REAL_TRAIN	28	187.8	100.0	-75.32	20.16	0.63	3985	0.2685	0.1278
bullhead_3_flexible_presslight_ugat	REAL_TRAIN	29	207.6	100.0	-81.51	25.93	0.68	3919	0.2583	0.1333
bullhead_3_flexible_presslight_ugat	REAL_TRAIN	30	145.7	100.0	-36.49	5.45	0.57	4180	0.2194	0.1454
bullhead_3_flexible_presslight_ugat	REAL_TRAIN	31	150.2	100.0	-37.89	7.06	0.60	4158	0.2324	0.1426
bullhead_3_flexible_presslight_ugat	REAL_TRAIN	32	170.1	100.0	-67.90	15.42	0.65	4122	0.2343	0.1500
bullhead_3_flexible_presslight_ugat	REAL_TRAIN	33	152.2	100.0	-48.03	8.42	0.61	4132	0.2259	0.1444
bullhead_3_flexible_presslight_ugat	REAL_TRAIN	34	151.9	100.0	-47.71	8.31	0.61	4128	0.2139	0.1491
bullhead_3_flexible_presslight_ugat	REAL_TRAIN	35	152.0	100.0	-48.90	8.53	0.60	4135	0.2444	0.1324
bullhead_3_flexible_presslight_ugat	REAL_TRAIN	36	148.9	100.0	-45.28	7.35	0.58	4169	0.2194	0.1444
bullhead_3_flexible_presslight_ugat	REAL_TRAIN	37	152.9	100.0	-50.10	9.02	0.60	4121	0.2241	0.1454
bullhead_3_flexible_presslight_ugat	REAL_TRAIN	38	365.2	100.0	-267.94	85.70	0.73	3147	0.2380	0.1639
bullhead_3_flexible_presslight_ugat	REAL_TRAIN	39	217.8	100.0	-101.26	27.26	0.65	3334	0.2222	0.1546
bullhead_3_flexible_presslight_ugat	REAL_TRAIN	40	150.9	100.0	-47.92	8.25	0.59	4130	0.1954	0.1509
bullhead_3_flexible_presslight_ugat	REAL_TRAIN	41	223.0	100.0	-104.26	28.33	0.65	3277	0.2250	0.1509
bullhead_3_flexible_presslight_ugat	REAL_TRAIN	42	200.4	100.0	-88.38	22.78	0.63	3474	0.2111	0.1556
bullhead_3_flexible_presslight_ugat	REAL_TRAIN	43	217.9	100.0	-91.48	26.06	0.64	3409	0.2111	0.1537
bullhead_3_flexible_presslight_ugat	REAL_TRAIN	44	498.2	100.0	-351.31	117.21	0.78	2754	0.2343	0.1657
bullhead_3_flexible_presslight_ugat	REAL_TRAIN	45	265.6	100.0	-98.07	34.57	0.68	3278	0.2083	0.1593
bullhead_3_flexible_presslight_ugat	REAL_TRAIN	46	200.0	100.0	-89.63	23.56	0.65	3624	0.3130	0.1185
bullhead_3_flexible_presslight_ugat	REAL_TRAIN	47	156.0	100.0	-53.43	10.08	0.64	4111	0.2435	0.1380
bullhead_3_flexible_presslight_ugat	REAL_TRAIN	48	151.3	100.0	-47.48	8.22	0.61	4120	0.1991	0.1481
bullhead_3_flexible_presslight_ugat	REAL_TRAIN	49	339.8	100.0	-72.65	46.12	0.62	3081	0.2000	0.1519
bullhead_3_flexible_presslight_ugat	REAL_TRAIN	50	679.0	100.0	-102.82	94.93	0.65	2282	0.1787	0.1667
bullhead_3_flexible_presslight_ugat	REAL_TRAIN	51	485.0	100.0	-83.98	69.83	0.62	2660	0.1843	0.1602
bullhead_3_flexible_presslight_ugat	REAL_TRAIN	52	194.7	100.0	-72.60	19.86	0.60	3603	0.2611	0.1333
bullhead_3_flexible_presslight_ugat	REAL_TRAIN	53	164.9	100.0	-54.20	12.14	0.57	3919	0.2139	0.1417
bullhead_3_flexible_presslight_ugat	REAL_TRAIN	54	145.3	100.0	-36.58	5.51	0.54	4176	0.2037	0.1454
bullhead_3_flexible_presslight_ugat	REAL_TRAIN	55	151.0	100.0	-45.45	8.08	0.60	4128	0.2241	0.1472
bullhead_3_flexible_presslight_ugat	REAL_TRAIN	56	151.8	100.0	-41.46	7.60	0.56	4183	0.2148	0.1398
bullhead_3_flexible_presslight_ugat	REAL_TRAIN	57	145.2	100.0	-36.27	5.51	0.54	4184	0.1898	0.1472
bullhead_3_flexible_presslight_ugat	REAL_TRAIN	58	149.4	100.0	-39.69	7.02	0.55	4185	0.2231	0.1306
bullhead_3_flexible_presslight_ugat	REAL_TRAIN	59	201.1	100.0	-87.26	23.11	0.63	3510	0.2157	0.1500
bullhead_3_flexible_presslight_ugat	REAL_TRAIN	60	153.6	100.0	-44.40	8.49	0.59	4137	0.2185	0.1343
bullhead_3_flexible_presslight_ugat	REAL_TRAIN	61	147.9	100.0	-37.35	6.25	0.54	4193	0.2028	0.1454
bullhead_3_flexible_presslight_ugat	REAL_TRAIN	62	501.1	100.0	-62.18	76.79	0.65	3063	0.1796	0.1648
bullhead_3_flexible_presslight_ugat	REAL_TRAIN	63	159.6	100.0	-52.68	10.84	0.61	4050	0.2361	0.1324
bullhead_3_flexible_presslight_ugat	REAL_TRAIN	64	217.0	100.0	-97.30	26.71	0.64	3351	0.2028	0.1556
bullhead_3_flexible_presslight_ugat	REAL_TRAIN	65	214.4	100.0	-80.63	25.76	0.63	3802	0.2213	0.1417
bullhead_3_flexible_presslight_ugat	REAL_TRAIN	66	223.6	100.0	-85.04	27.80	0.65	3851	0.2037	0.1537
bullhead_3_flexible_presslight_ugat	REAL_TRAIN	67	152.1	100.0	-44.50	8.07	0.59	4144	0.1481	0.1657
bullhead_3_flexible_presslight_ugat	REAL_TRAIN	68	264.0	100.0	-93.84	34.13	0.67	3350	0.1806	0.1639
bullhead_3_flexible_presslight_ugat	REAL_TRAIN	69	313.7	100.0	-96.41	43.29	0.67	3242	0.1926	0.1630
bullhead_3_flexible_presslight_ugat	REAL_TRAIN	70	156.9	100.0	-47.79	9.91	0.61	4028	0.2074	0.1463
bullhead_3_flexible_presslight_ugat	REAL_TRAIN	71	357.0	100.0	-100.48	49.92	0.66	3118	0.2028	0.1556
bullhead_3_flexible_presslight_ugat	REAL_TRAIN	72	280.7	100.0	-83.76	36.91	0.66	3541	0.2009	0.1565
bullhead_3_flexible_presslight_ugat	REAL_TRAIN	73	364.8	100.0	-94.24	53.18	0.67	3424	0.2046	0.1528
bullhead_3_flexible_presslight_ugat	REAL_TRAIN	74	283.8	100.0	-90.94	39.86	0.65	3713	0.2148	0.1565
bullhead_3_flexible_presslight_ugat	REAL_TRAIN	75	258.5	100.0	-87.39	35.01	0.68	3780	0.2324	0.1500
bullhead_3_flexible_presslight_ugat	REAL_TRAIN	76	375.2	100.0	-94.18	55.06	0.67	3401	0.1935	0.1620
bullhead_3_flexible_presslight_ugat	REAL_TRAIN	77	293.9	100.0	-79.51	39.61	0.64	3619	0.2019	0.1556
bullhead_3_flexible_presslight_ugat	REAL_TRAIN	78	595.3	100.0	-348.57	137.72	0.81	2893	0.2176	0.1806
bullhead_3_flexible_presslight_ugat	REAL_TRAIN	79	333.2	100.0	-92.22	47.43	0.67	3544	0.2250	0.1546
bullhead_3_flexible_presslight_ugat	REAL_TRAIN	80	539.7	100.0	-190.54	100.47	0.79	3044	0.2231	0.1657
bullhead_3_flexible_presslight_ugat	REAL_TRAIN	81	504.9	100.0	-346.86	126.78	0.80	3211	0.2222	0.1769
bullhead_3_flexible_presslight_ugat	REAL_TRAIN	82	208.7	100.0	-68.43	22.68	0.63	4113	0.2148	0.1389
bullhead_3_flexible_presslight_ugat	REAL_TRAIN	83	147.5	100.0	-42.84	6.71	0.58	4109	0.2361	0.1333
bullhead_3_flexible_presslight_ugat	REAL_TRAIN	84	149.3	100.0	-42.09	7.16	0.58	4120	0.2991	0.1093
bullhead_3_flexible_presslight_ugat	REAL_TRAIN	85	337.7	100.0	-157.26	62.56	0.74	3456	0.2111	0.1556
bullhead_3_flexible_presslight_ugat	REAL_TRAIN	86	287.0	100.0	-88.68	39.39	0.67	3712	0.2065	0.1463
bullhead_3_flexible_presslight_ugat	REAL_TRAIN	87	559.0	100.0	-350.70	128.93	0.79	2736	0.2185	0.1741
bullhead_3_flexible_presslight_ugat	REAL_TRAIN	88	244.7	100.0	-80.30	30.05	0.66	3508	0.2602	0.1361
bullhead_3_flexible_presslight_ugat	REAL_TRAIN	89	512.9	100.0	-343.78	119.75	0.78	2815	0.2287	0.1731
bullhead_3_flexible_presslight_ugat	REAL_TRAIN	90	157.8	100.0	-52.48	10.49	0.61	4033	0.3065	0.1250
bullhead_3_flexible_presslight_ugat	REAL_TRAIN	91	223.9	100.0	-98.48	27.52	0.63	3288	0.2491	0.1315
bullhead_3_flexible_presslight_ugat	REAL_TRAIN	92	212.9	100.0	-72.61	22.96	0.65	3659	0.3380	0.0954
bullhead_3_flexible_presslight_ugat	REAL_TRAIN	93	235.1	100.0	-91.55	28.73	0.65	3358	0.3370	0.1046
bullhead_3_flexible_presslight_ugat	REAL_TRAIN	94	223.2	100.0	-101.82	28.04	0.64	3302	0.3833	0.1102
bullhead_3_flexible_presslight_ugat	REAL_TRAIN	95	221.6	100.0	-101.27	27.68	0.64	3299	0.2759	0.1444
bullhead_3_flexible_presslight_ugat	REAL_TRAIN	96	357.9	100.0	-158.01	56.94	0.73	3121	0.3130	0.1306
bullhead_3_flexible_presslight_ugat	REAL_TRAIN	97	440.1	100.0	-230.40	83.62	0.78	2831	0.3389	0.1380
bullhead_3_flexible_presslight_ugat	REAL_TRAIN	98	348.7	100.0	-100.93	48.60	0.66	3172	0.2972	0.1333
bullhead_3_flexible_presslight_ugat	REAL_TRAIN	99	414.8	100.0	-144.28	67.52	0.74	2958	0.3028	0.1417
