cologne3_dz20_presslight_latent_observation	REAL_TEST	2	1692.2	100.0	-161.85	55.63	0.79	350
cologne3_dz20_presslight_latent_observation	REAL_TEST	4	398.5	100.0	-82.77	27.56	0.51	1700
cologne3_dz20_presslight_latent_observation	REAL_TEST	6	940.1	100.0	-152.70	53.12	0.71	889
cologne3_dz20_presslight_latent_observation	REAL_TEST	8	1745.1	100.0	-181.86	61.49	0.93	303
cologne3_dz20_presslight_latent_observation	REAL_TEST	10	1152.3	100.0	-166.26	62.59	0.87	680
cologne3_dz20_presslight_latent_observation	REAL_TEST	12	173.0	100.0	-70.38	21.51	0.54	2508
cologne3_dz20_presslight_latent_observation	REAL_TEST	14	780.2	100.0	-150.46	52.79	0.76	1078
cologne3_dz20_presslight_latent_observation	REAL_TEST	16	199.2	100.0	-75.59	24.46	0.54	2305
cologne3_dz20_presslight_latent_observation	REAL_TEST	18	183.3	100.0	-62.01	18.69	0.55	2452
cologne3_dz20_presslight_latent_observation	REAL_TEST	20	158.2	100.0	-52.50	18.01	0.51	2510
cologne3_dz20_presslight_latent_observation	REAL_TEST	22	142.0	100.0	-54.85	16.23	0.48	2548
cologne3_dz20_presslight_latent_observation	REAL_TEST	24	133.7	100.0	-54.34	15.93	0.48	2657
cologne3_dz20_presslight_latent_observation	REAL_TEST	26	173.0	100.0	-54.35	16.17	0.47	2463
cologne3_dz20_presslight_latent_observation	REAL_TEST	28	177.0	100.0	-72.01	22.06	0.52	2494
cologne3_dz20_presslight_latent_observation	REAL_TEST	30	187.3	100.0	-69.13	21.12	0.53	2449
cologne3_dz20_presslight_latent_observation	REAL_TEST	32	151.0	100.0	-57.36	17.16	0.47	2495
cologne3_dz20_presslight_latent_observation	REAL_TEST	34	183.7	100.0	-69.26	21.18	0.51	2451
cologne3_dz20_presslight_latent_observation	REAL_TEST	36	840.3	100.0	-110.85	39.20	0.68	918
cologne3_dz20_presslight_latent_observation	REAL_TEST	38	170.5	100.0	-71.54	21.97	0.52	2489
cologne3_dz20_presslight_latent_observation	REAL_TEST	40	204.2	100.0	-63.56	19.80	0.50	2356
cologne3_dz20_presslight_latent_observation	REAL_TEST	42	166.5	100.0	-65.90	20.02	0.50	2493
cologne3_dz20_presslight_latent_observation	REAL_TEST	44	608.6	100.0	-111.60	40.23	0.64	1424
cologne3_dz20_presslight_latent_observation	REAL_TEST	46	195.7	100.0	-77.59	24.70	0.52	2297
cologne3_dz20_presslight_latent_observation	REAL_TEST	48	168.7	100.0	-54.86	16.32	0.47	2444
cologne3_dz20_presslight_latent_observation	REAL_TEST	50	157.2	100.0	-61.88	18.75	0.50	2465
cologne3_dz20_presslight_latent_observation	REAL_TEST	52	223.3	100.0	-77.00	23.81	0.57	2360
cologne3_dz20_presslight_latent_observation	REAL_TEST	54	154.2	100.0	-59.26	17.90	0.48	2469
cologne3_dz20_presslight_latent_observation	REAL_TEST	56	229.0	100.0	-84.19	26.25	0.61	2355
cologne3_dz20_presslight_latent_observation	REAL_TEST	58	153.4	100.0	-58.58	17.60	0.50	2494
cologne3_dz20_presslight_latent_observation	REAL_TEST	60	222.8	100.0	-75.70	23.38	0.55	2262
cologne3_dz20_presslight_latent_observation	REAL_TEST	62	158.2	100.0	-61.78	18.75	0.50	2467
cologne3_dz20_presslight_latent_observation	REAL_TEST	64	186.5	100.0	-60.06	17.89	0.50	2486
cologne3_dz20_presslight_latent_observation	REAL_TEST	66	153.4	100.0	-67.53	20.75	0.47	2491
cologne3_dz20_presslight_latent_observation	REAL_TEST	68	188.4	100.0	-52.82	15.58	0.46	2469
cologne3_dz20_presslight_latent_observation	REAL_TEST	70	131.6	100.0	-48.58	14.29	0.41	2610
cologne3_dz20_presslight_latent_observation	REAL_TEST	72	478.1	100.0	-84.46	32.00	0.55	1680
cologne3_dz20_presslight_latent_observation	REAL_TEST	74	198.5	100.0	-64.85	19.78	0.54	2382
cologne3_dz20_presslight_latent_observation	REAL_TEST	76	185.8	100.0	-52.92	16.49	0.43	2358
cologne3_dz20_presslight_latent_observation	REAL_TEST	78	1057.1	100.0	-109.81	40.25	0.67	790
cologne3_dz20_presslight_latent_observation	REAL_TEST	80	437.2	100.0	-90.27	32.71	0.55	1753
cologne3_dz20_presslight_latent_observation	REAL_TEST	82	142.4	100.0	-52.50	15.94	0.47	2609
cologne3_dz20_presslight_latent_observation	REAL_TEST	84	454.3	100.0	-99.43	34.85	0.61	1661
cologne3_dz20_presslight_latent_observation	REAL_TEST	86	213.0	100.0	-92.19	29.24	0.56	2328
cologne3_dz20_presslight_latent_observation	REAL_TEST	88	435.1	100.0	-108.95	39.33	0.60	1736
cologne3_dz20_presslight_latent_observation	REAL_TEST	90	97.2	100.0	-27.50	6.83	0.38	2776
cologne3_dz20_presslight_latent_observation	REAL_TEST	92	555.9	100.0	-112.28	40.80	0.64	1444
cologne3_dz20_presslight_latent_observation	REAL_TEST	94	554.4	100.0	-71.12	24.46	0.45	1310
cologne3_dz20_presslight_latent_observation	REAL_TEST	96	529.5	100.0	-101.11	37.30	0.60	1498
cologne3_dz20_presslight_latent_observation	REAL_TEST	98	100.7	100.0	-27.32	7.22	0.33	2749
cologne3_dz20_presslight_latent_observation	REAL_TEST	100	489.2	100.0	-110.07	39.72	0.74	1573
cologne3_dz20_presslight_latent_observation	REAL_TEST	102	642.4	100.0	-59.68	21.81	0.46	1217
cologne3_dz20_presslight_latent_observation	REAL_TEST	104	211.4	100.0	-58.43	17.56	0.46	2338
cologne3_dz20_presslight_latent_observation	REAL_TEST	106	191.7	100.0	-54.17	17.19	0.45	2330
cologne3_dz20_presslight_latent_observation	REAL_TEST	108	428.1	100.0	-108.09	39.56	0.59	1760
cologne3_dz20_presslight_latent_observation	REAL_TEST	110	128.9	100.0	-23.52	5.44	0.32	2738
cologne3_dz20_presslight_latent_observation	REAL_TEST	112	478.4	100.0	-83.57	29.13	0.53	1598
cologne3_dz20_presslight_latent_observation	REAL_TEST	114	123.8	100.0	-30.07	9.98	0.32	2596
cologne3_dz20_presslight_latent_observation	REAL_TEST	116	225.9	100.0	-67.00	20.83	0.50	2431
cologne3_dz20_presslight_latent_observation	REAL_TEST	118	94.5	100.0	-24.82	6.30	0.31	2748
cologne3_dz20_presslight_latent_observation	REAL_TEST	120	230.4	100.0	-55.81	17.82	0.41	2367
cologne3_dz20_presslight_latent_observation	REAL_TEST	122	97.4	100.0	-25.32	6.52	0.30	2756
cologne3_dz20_presslight_latent_observation	REAL_TEST	124	119.4	100.0	-14.29	2.27	0.28	2678
cologne3_dz20_presslight_latent_observation	REAL_TEST	126	94.2	100.0	-24.65	6.30	0.30	2752
cologne3_dz20_presslight_latent_observation	REAL_TEST	128	236.0	100.0	-55.43	18.05	0.43	2293
cologne3_dz20_presslight_latent_observation	REAL_TEST	130	94.8	100.0	-24.41	6.25	0.30	2756
cologne3_dz20_presslight_latent_observation	REAL_TEST	132	120.9	100.0	-15.92	2.84	0.30	2751
cologne3_dz20_presslight_latent_observation	REAL_TEST	134	359.9	100.0	-50.86	16.51	0.43	1855
cologne3_dz20_presslight_latent_observation	REAL_TEST	136	226.4	100.0	-55.75	16.74	0.43	2174
cologne3_dz20_presslight_latent_observation	REAL_TEST	138	167.1	100.0	-47.79	13.85	0.45	2487
cologne3_dz20_presslight_latent_observation	REAL_TEST	140	267.1	100.0	-68.37	21.10	0.51	2160
cologne3_dz20_presslight_latent_observation	REAL_TEST	142	216.5	100.0	-49.28	17.70	0.45	2290
cologne3_dz20_presslight_latent_observation	REAL_TEST	144	332.8	100.0	-36.43	12.44	0.34	1729
cologne3_dz20_presslight_latent_observation	REAL_TEST	146	95.8	100.0	-27.70	7.27	0.34	2740
cologne3_dz20_presslight_latent_observation	REAL_TEST	148	466.2	100.0	-94.75	33.38	0.57	1722
cologne3_dz20_presslight_latent_observation	REAL_TEST	150	91.9	100.0	-23.39	5.87	0.30	2745
cologne3_dz20_presslight_latent_observation	REAL_TEST	152	342.7	100.0	-69.72	24.75	0.51	1956
cologne3_dz20_presslight_latent_observation	REAL_TEST	154	125.6	100.0	-46.48	13.44	0.42	2557
cologne3_dz20_presslight_latent_observation	REAL_TEST	156	492.9	100.0	-104.13	37.62	0.63	1609
cologne3_dz20_presslight_latent_observation	REAL_TEST	158	181.4	100.0	-35.17	10.61	0.39	2437
cologne3_dz20_presslight_latent_observation	REAL_TEST	160	519.1	100.0	-98.30	35.20	0.55	1524
cologne3_dz20_presslight_latent_observation	REAL_TEST	162	95.2	100.0	-24.89	6.39	0.30	2746
cologne3_dz20_presslight_latent_observation	REAL_TEST	164	514.0	100.0	-97.53	34.87	0.56	1607
cologne3_dz20_presslight_latent_observation	REAL_TEST	166	148.4	100.0	-58.50	17.63	0.47	2461
cologne3_dz20_presslight_latent_observation	REAL_TEST	168	424.0	100.0	-105.59	38.93	0.58	1746
cologne3_dz20_presslight_latent_observation	REAL_TEST	170	136.6	100.0	-23.08	5.84	0.32	2687
cologne3_dz20_presslight_latent_observation	REAL_TEST	172	398.5	100.0	-96.09	35.10	0.53	1828
cologne3_dz20_presslight_latent_observation	REAL_TEST	174	90.0	100.0	-22.44	5.59	0.29	2753
cologne3_dz20_presslight_latent_observation	REAL_TEST	176	444.9	100.0	-95.87	35.82	0.58	1721
cologne3_dz20_presslight_latent_observation	REAL_TEST	178	165.8	100.0	-47.87	14.60	0.42	2466
cologne3_dz20_presslight_latent_observation	REAL_TEST	180	433.2	100.0	-108.09	39.88	0.60	1734
cologne3_dz20_presslight_latent_observation	REAL_TEST	182	519.7	100.0	-94.35	32.50	0.58	1505
cologne3_dz20_presslight_latent_observation	REAL_TEST	184	486.1	100.0	-105.49	38.32	0.62	1598
cologne3_dz20_presslight_latent_observation	REAL_TEST	186	277.6	100.0	-83.98	27.85	0.51	2095
cologne3_dz20_presslight_latent_observation	REAL_TEST	188	430.2	100.0	-103.89	38.51	0.58	1748
cologne3_dz20_presslight_latent_observation	REAL_TEST	190	904.0	100.0	-121.80	41.42	0.67	878
cologne3_dz20_presslight_latent_observation	REAL_TEST	192	474.7	100.0	-102.89	37.42	0.60	1630
cologne3_dz20_presslight_latent_observation	REAL_TEST	194	264.4	100.0	-83.71	29.89	0.53	1996
cologne3_dz20_presslight_latent_observation	REAL_TEST	196	519.1	100.0	-103.60	37.77	0.60	1554
cologne3_dz20_presslight_latent_observation	REAL_TEST	198	294.5	100.0	-81.86	28.05	0.52	2047
