hz4x4_noise5_dqn_latent_observation	SIM_TRAIN	0	909.4	0.0	-372.42	23.18	0.16	2152
hz4x4_noise5_dqn_latent_observation	SIM_TRAIN	1	906.0	0.0	-380.79	23.69	0.17	2214
hz4x4_noise5_dqn_latent_observation	SIM_TRAIN	2	881.4	185.7	-344.91	21.45	0.17	2305
hz4x4_noise5_dqn_latent_observation	REAL_TEST	2	1554.6	100.0	-1311.93	81.88	2.12	629
hz4x4_noise5_dqn_latent_observation	SIM_TRAIN	3	1217.8	157.9	-624.80	39.05	0.24	2307
hz4x4_noise5_dqn_latent_observation	SIM_TRAIN	4	1092.6	95.5	-523.76	32.74	0.23	2314
hz4x4_noise5_dqn_latent_observation	REAL_TEST	4	1381.6	100.0	-1170.29	73.39	2.16	877
hz4x4_noise5_dqn_latent_observation	SIM_TRAIN	5	957.4	51.8	-464.44	29.00	0.23	2511
hz4x4_noise5_dqn_latent_observation	SIM_TRAIN	6	855.4	55.0	-421.10	26.28	0.24	2776
hz4x4_noise5_dqn_latent_observation	REAL_TEST	6	1267.5	100.0	-1207.15	75.52	2.14	1048
hz4x4_noise5_dqn_latent_observation	SIM_TRAIN	7	777.0	64.6	-353.23	22.00	0.24	2839
hz4x4_noise5_dqn_latent_observation	SIM_TRAIN	8	734.9	67.5	-328.39	20.46	0.25	2888
hz4x4_noise5_dqn_latent_observation	REAL_TEST	8	1369.4	100.0	-1250.47	78.18	2.18	927
hz4x4_noise5_dqn_latent_observation	SIM_TRAIN	9	755.7	71.3	-341.72	21.28	0.25	2884
hz4x4_noise5_dqn_latent_observation	SIM_TRAIN	10	756.1	75.7	-342.02	21.31	0.24	2839
hz4x4_noise5_dqn_latent_observation	REAL_TEST	10	1171.9	100.0	-1008.05	63.03	2.12	1154
hz4x4_noise5_dqn_latent_observation	SIM_TRAIN	11	688.3	79.5	-277.14	17.24	0.24	2883
hz4x4_noise5_dqn_latent_observation	SIM_TRAIN	12	756.5	81.0	-325.21	20.26	0.24	2881
hz4x4_noise5_dqn_latent_observation	REAL_TEST	12	1160.5	100.0	-1100.72	68.57	2.14	1247
hz4x4_noise5_dqn_latent_observation	SIM_TRAIN	13	755.1	83.9	-355.19	22.13	0.25	2815
hz4x4_noise5_dqn_latent_observation	SIM_TRAIN	14	725.8	87.3	-314.02	19.54	0.24	2886
hz4x4_noise5_dqn_latent_observation	REAL_TEST	14	1119.6	100.0	-1074.20	67.15	2.16	1231
hz4x4_noise5_dqn_latent_observation	SIM_TRAIN	15	698.1	90.9	-310.19	19.31	0.23	2827
hz4x4_noise5_dqn_latent_observation	SIM_TRAIN	16	674.7	91.6	-288.83	17.95	0.24	2823
hz4x4_noise5_dqn_latent_observation	REAL_TEST	16	1098.8	100.0	-1042.95	65.28	2.13	1393
hz4x4_noise5_dqn_latent_observation	SIM_TRAIN	17	749.4	92.7	-313.72	19.51	0.24	2877
hz4x4_noise5_dqn_latent_observation	SIM_TRAIN	18	714.3	89.5	-307.53	19.12	0.24	2869
hz4x4_noise5_dqn_latent_observation	REAL_TEST	18	960.0	100.0	-925.95	57.65	2.15	1580
hz4x4_noise5_dqn_latent_observation	SIM_TRAIN	19	652.8	87.9	-268.07	16.63	0.23	2889
hz4x4_noise5_dqn_latent_observation	SIM_TRAIN	20	588.9	84.2	-215.99	13.37	0.23	2867
hz4x4_noise5_dqn_latent_observation	REAL_TEST	20	1264.3	100.0	-1107.99	69.31	2.15	1007
hz4x4_noise5_dqn_latent_observation	SIM_TRAIN	21	654.2	79.5	-228.74	14.17	0.24	2888
hz4x4_noise5_dqn_latent_observation	SIM_TRAIN	22	590.6	74.5	-234.78	14.56	0.23	2887
hz4x4_noise5_dqn_latent_observation	REAL_TEST	22	967.9	100.0	-926.53	57.98	2.13	1519
hz4x4_noise5_dqn_latent_observation	SIM_TRAIN	23	557.0	70.4	-203.03	12.57	0.22	2880
hz4x4_noise5_dqn_latent_observation	SIM_TRAIN	24	523.9	66.4	-177.51	10.94	0.21	2908
hz4x4_noise5_dqn_latent_observation	REAL_TEST	24	833.5	100.0	-818.77	51.00	2.13	1828
hz4x4_noise5_dqn_latent_observation	SIM_TRAIN	25	523.7	61.5	-168.33	10.37	0.22	2890
hz4x4_noise5_dqn_latent_observation	SIM_TRAIN	26	554.0	57.9	-196.86	12.18	0.22	2882
hz4x4_noise5_dqn_latent_observation	REAL_TEST	26	830.4	100.0	-795.26	49.52	2.13	1878
hz4x4_noise5_dqn_latent_observation	SIM_TRAIN	27	519.9	53.0	-172.38	10.64	0.21	2918
hz4x4_noise5_dqn_latent_observation	SIM_TRAIN	28	590.2	49.1	-198.59	12.28	0.21	2830
hz4x4_noise5_dqn_latent_observation	REAL_TEST	28	790.5	100.0	-768.94	47.93	2.16	1965
hz4x4_noise5_dqn_latent_observation	SIM_TRAIN	29	533.0	45.5	-175.71	10.83	0.21	2904
hz4x4_noise5_dqn_latent_observation	SIM_TRAIN	30	514.6	43.7	-163.18	10.05	0.20	2906
hz4x4_noise5_dqn_latent_observation	REAL_TEST	30	719.2	100.0	-704.09	43.90	2.13	2083
hz4x4_noise5_dqn_latent_observation	SIM_TRAIN	31	544.2	40.3	-175.87	10.84	0.21	2907
hz4x4_noise5_dqn_latent_observation	SIM_TRAIN	32	507.2	37.8	-150.42	9.24	0.20	2923
hz4x4_noise5_dqn_latent_observation	REAL_TEST	32	766.7	100.0	-747.38	46.50	2.14	1987
hz4x4_noise5_dqn_latent_observation	SIM_TRAIN	33	546.6	36.9	-168.67	10.38	0.20	2909
hz4x4_noise5_dqn_latent_observation	SIM_TRAIN	34	509.5	34.9	-150.50	9.24	0.20	2915
hz4x4_noise5_dqn_latent_observation	REAL_TEST	34	760.4	100.0	-740.98	46.06	2.13	1986
hz4x4_noise5_dqn_latent_observation	SIM_TRAIN	35	551.0	33.5	-180.71	11.13	0.20	2905
hz4x4_noise5_dqn_latent_observation	SIM_TRAIN	36	495.1	34.3	-145.74	8.97	0.19	2902
hz4x4_noise5_dqn_latent_observation	REAL_TEST	36	691.3	100.0	-686.55	42.70	2.13	2149
hz4x4_noise5_dqn_latent_observation	SIM_TRAIN	37	499.5	33.7	-146.23	8.99	0.20	2907
hz4x4_noise5_dqn_latent_observation	SIM_TRAIN	38	493.3	33.9	-145.86	8.97	0.19	2862
hz4x4_noise5_dqn_latent_observation	REAL_TEST	38	643.2	100.0	-636.79	39.61	2.14	2183
hz4x4_noise5_dqn_latent_observation	SIM_TRAIN	39	535.2	33.2	-158.83	9.77	0.19	2917
hz4x4_noise5_dqn_latent_observation	SIM_TRAIN	40	476.5	33.5	-131.52	8.07	0.19	2913
hz4x4_noise5_dqn_latent_observation	REAL_TEST	40	690.3	100.0	-680.07	42.17	2.14	2117
hz4x4_noise5_dqn_latent_observation	SIM_TRAIN	41	496.5	31.7	-134.78	8.25	0.18	2916
hz4x4_noise5_dqn_latent_observation	SIM_TRAIN	42	495.7	31.8	-155.04	9.56	0.18	2913
hz4x4_noise5_dqn_latent_observation	REAL_TEST	42	650.2	100.0	-645.17	40.47	2.12	2175
hz4x4_noise5_dqn_latent_observation	SIM_TRAIN	43	477.7	31.0	-137.13	8.43	0.18	2880
hz4x4_noise5_dqn_latent_observation	SIM_TRAIN	44	467.9	30.4	-122.98	7.53	0.17	2920
hz4x4_noise5_dqn_latent_observation	REAL_TEST	44	869.3	100.0	-846.43	53.08	2.13	1743
hz4x4_noise5_dqn_latent_observation	SIM_TRAIN	45	540.8	29.8	-160.86	9.92	0.17	2847
hz4x4_noise5_dqn_latent_observation	SIM_TRAIN	46	479.9	29.3	-136.95	8.42	0.18	2907
hz4x4_noise5_dqn_latent_observation	REAL_TEST	46	703.0	100.0	-702.23	44.00	2.10	2088
hz4x4_noise5_dqn_latent_observation	SIM_TRAIN	47	510.5	29.1	-155.09	9.55	0.17	2914
hz4x4_noise5_dqn_latent_observation	SIM_TRAIN	48	462.8	29.4	-120.58	7.39	0.17	2927
hz4x4_noise5_dqn_latent_observation	REAL_TEST	48	745.0	100.0	-727.42	45.43	2.15	1999
hz4x4_noise5_dqn_latent_observation	SIM_TRAIN	49	452.1	28.1	-110.82	6.77	0.17	2921
hz4x4_noise5_dqn_latent_observation	SIM_TRAIN	50	476.9	27.6	-119.74	7.32	0.17	2920
hz4x4_noise5_dqn_latent_observation	REAL_TEST	50	647.8	100.0	-646.80	40.19	2.12	2243
hz4x4_noise5_dqn_latent_observation	SIM_TRAIN	51	424.5	26.5	-90.62	5.50	0.16	2921
hz4x4_noise5_dqn_latent_observation	SIM_TRAIN	52	434.0	26.3	-95.25	5.78	0.16	2917
hz4x4_noise5_dqn_latent_observation	REAL_TEST	52	631.4	100.0	-646.36	40.42	2.13	2213
hz4x4_noise5_dqn_latent_observation	SIM_TRAIN	53	415.4	25.2	-79.80	4.81	0.15	2922
hz4x4_noise5_dqn_latent_observation	SIM_TRAIN	54	462.5	22.7	-108.83	6.62	0.16	2927
hz4x4_noise5_dqn_latent_observation	REAL_TEST	54	569.2	100.0	-578.31	36.07	2.11	2390
hz4x4_noise5_dqn_latent_observation	SIM_TRAIN	55	453.9	22.6	-104.33	6.35	0.16	2911
hz4x4_noise5_dqn_latent_observation	SIM_TRAIN	56	425.9	22.6	-84.84	5.11	0.15	2920
hz4x4_noise5_dqn_latent_observation	REAL_TEST	56	694.4	100.0	-696.50	43.44	2.11	2117
hz4x4_noise5_dqn_latent_observation	SIM_TRAIN	57	436.2	22.0	-90.99	5.50	0.15	2920
hz4x4_noise5_dqn_latent_observation	SIM_TRAIN	58	428.1	21.4	-89.96	5.44	0.16	2890
hz4x4_noise5_dqn_latent_observation	REAL_TEST	58	653.2	100.0	-653.63	41.11	2.10	2196
hz4x4_noise5_dqn_latent_observation	SIM_TRAIN	59	415.0	18.9	-82.38	4.97	0.16	2891
hz4x4_noise5_dqn_latent_observation	SIM_TRAIN	60	417.1	17.4	-83.82	5.08	0.15	2919
hz4x4_noise5_dqn_latent_observation	REAL_TEST	60	645.7	100.0	-655.33	41.05	2.11	2242
hz4x4_noise5_dqn_latent_observation	SIM_TRAIN	61	419.2	16.7	-81.00	4.88	0.15	2902
hz4x4_noise5_dqn_latent_observation	SIM_TRAIN	62	436.2	16.3	-97.60	5.94	0.16	2902
hz4x4_noise5_dqn_latent_observation	REAL_TEST	62	665.5	100.0	-671.47	42.34	2.13	2141
hz4x4_noise5_dqn_latent_observation	SIM_TRAIN	63	422.2	16.1	-84.08	5.09	0.15	2925
hz4x4_noise5_dqn_latent_observation	SIM_TRAIN	64	425.8	15.5	-82.87	5.01	0.15	2918
hz4x4_noise5_dqn_latent_observation	REAL_TEST	64	581.6	100.0	-584.90	36.34	2.14	2368
hz4x4_noise5_dqn_latent_observation	SIM_TRAIN	65	428.5	15.7	-88.59	5.38	0.15	2921
hz4x4_noise5_dqn_latent_observation	SIM_TRAIN	66	406.6	16.2	-69.68	4.18	0.15	2924
hz4x4_noise5_dqn_latent_observation	REAL_TEST	66	658.0	100.0	-664.23	41.60	2.13	2149
hz4x4_noise5_dqn_latent_observation	SIM_TRAIN	67	407.1	15.5	-64.92	3.88	0.14	2907
hz4x4_noise5_dqn_latent_observation	SIM_TRAIN	68	430.3	14.3	-81.85	4.94	0.15	2924
hz4x4_noise5_dqn_latent_observation	REAL_TEST	68	665.7	100.0	-666.24	41.47	2.14	2191
hz4x4_noise5_dqn_latent_observation	SIM_TRAIN	69	471.9	13.0	-116.19	7.10	0.16	2914
hz4x4_noise5_dqn_latent_observation	SIM_TRAIN	70	446.7	12.1	-95.68	5.81	0.15	2917
hz4x4_noise5_dqn_latent_observation	REAL_TEST	70	559.5	100.0	-572.73	35.60	2.10	2366
hz4x4_noise5_dqn_latent_observation	SIM_TRAIN	71	388.4	13.1	-56.06	3.33	0.14	2921
hz4x4_noise5_dqn_latent_observation	SIM_TRAIN	72	398.0	13.1	-64.19	3.83	0.14	2919
hz4x4_noise5_dqn_latent_observation	REAL_TEST	72	653.4	100.0	-658.19	41.21	2.12	2247
hz4x4_noise5_dqn_latent_observation	SIM_TRAIN	73	417.2	12.4	-77.45	4.67	0.14	2922
hz4x4_noise5_dqn_latent_observation	SIM_TRAIN	74	392.9	12.2	-57.63	3.42	0.14	2918
hz4x4_noise5_dqn_latent_observation	REAL_TEST	74	527.0	100.0	-551.75	34.42	2.09	2461
hz4x4_noise5_dqn_latent_observation	SIM_TRAIN	75	394.8	12.0	-60.24	3.59	0.14	2927
hz4x4_noise5_dqn_latent_observation	SIM_TRAIN	76	393.0	11.4	-60.00	3.58	0.14	2918
hz4x4_noise5_dqn_latent_observation	REAL_TEST	76	560.0	100.0	-574.81	35.83	2.13	2376
hz4x4_noise5_dqn_latent_observation	SIM_TRAIN	77	401.1	11.0	-67.30	4.04	0.14	2926
hz4x4_noise5_dqn_latent_observation	SIM_TRAIN	78	382.9	10.6	-53.25	3.16	0.14	2925
hz4x4_noise5_dqn_latent_observation	REAL_TEST	78	836.1	100.0	-793.04	49.43	2.13	1813
hz4x4_noise5_dqn_latent_observation	SIM_TRAIN	79	485.9	10.1	-99.51	6.06	0.14	2853
hz4x4_noise5_dqn_latent_observation	SIM_TRAIN	80	401.9	9.3	-71.38	4.30	0.14	2925
hz4x4_noise5_dqn_latent_observation	REAL_TEST	80	621.5	100.0	-632.72	39.39	2.11	2230
hz4x4_noise5_dqn_latent_observation	SIM_TRAIN	81	400.7	9.1	-66.06	3.96	0.14	2922
hz4x4_noise5_dqn_latent_observation	SIM_TRAIN	82	395.1	9.5	-59.30	3.53	0.14	2911
hz4x4_noise5_dqn_latent_observation	REAL_TEST	82	608.8	100.0	-619.61	38.78	2.12	2332
hz4x4_noise5_dqn_latent_observation	SIM_TRAIN	83	425.8	9.1	-79.89	4.83	0.15	2921
hz4x4_noise5_dqn_latent_observation	SIM_TRAIN	84	401.5	8.9	-62.75	3.75	0.13	2926
hz4x4_noise5_dqn_latent_observation	REAL_TEST	84	576.1	100.0	-592.74	36.83	2.11	2369
hz4x4_noise5_dqn_latent_observation	SIM_TRAIN	85	407.9	7.9	-71.50	4.30	0.13	2917
hz4x4_noise5_dqn_latent_observation	SIM_TRAIN	86	402.9	8.9	-61.14	3.64	0.13	2927
hz4x4_noise5_dqn_latent_observation	REAL_TEST	86	613.5	100.0	-631.77	39.47	2.10	2316
hz4x4_noise5_dqn_latent_observation	SIM_TRAIN	87	382.1	9.0	-46.70	2.74	0.13	2924
hz4x4_noise5_dqn_latent_observation	SIM_TRAIN	88	416.0	7.8	-68.96	4.14	0.13	2894
hz4x4_noise5_dqn_latent_observation	REAL_TEST	88	582.8	100.0	-605.41	37.66	2.11	2349
hz4x4_noise5_dqn_latent_observation	SIM_TRAIN	89	399.6	8.1	-59.11	3.52	0.12	2922
hz4x4_noise5_dqn_latent_observation	SIM_TRAIN	90	401.1	8.4	-64.12	3.83	0.13	2931
hz4x4_noise5_dqn_latent_observation	REAL_TEST	90	510.2	100.0	-536.47	33.51	2.08	2531
hz4x4_noise5_dqn_latent_observation	SIM_TRAIN	91	380.8	8.4	-47.26	2.78	0.13	2920
hz4x4_noise5_dqn_latent_observation	SIM_TRAIN	92	377.9	8.2	-46.63	2.75	0.12	2927
hz4x4_noise5_dqn_latent_observation	REAL_TEST	92	642.6	100.0	-663.34	41.02	2.10	2262
hz4x4_noise5_dqn_latent_observation	SIM_TRAIN	93	376.7	7.7	-44.52	2.62	0.13	2923
hz4x4_noise5_dqn_latent_observation	SIM_TRAIN	94	404.1	6.9	-64.06	3.83	0.14	2917
hz4x4_noise5_dqn_latent_observation	REAL_TEST	94	568.4	100.0	-592.23	36.93	2.10	2435
hz4x4_noise5_dqn_latent_observation	SIM_TRAIN	95	385.0	6.5	-53.24	3.17	0.13	2919
hz4x4_noise5_dqn_latent_observation	SIM_TRAIN	96	378.5	6.1	-47.27	2.78	0.13	2924
hz4x4_noise5_dqn_latent_observation	REAL_TEST	96	703.6	100.0	-722.27	45.10	2.10	2047
hz4x4_noise5_dqn_latent_observation	SIM_TRAIN	97	381.4	5.6	-48.54	2.87	0.12	2926
hz4x4_noise5_dqn_latent_observation	SIM_TRAIN	98	398.0	5.3	-52.33	3.11	0.13	2931
hz4x4_noise5_dqn_latent_observation	REAL_TEST	98	597.5	100.0	-618.76	38.72	2.10	2284
hz4x4_noise5_dqn_latent_observation	SIM_TRAIN	99	399.8	4.8	-65.35	3.93	0.13	2916
hz4x4_noise5_dqn_latent_observation	SIM_TRAIN	100	408.4	4.7	-70.02	4.21	0.13	2925
hz4x4_noise5_dqn_latent_observation	REAL_TEST	100	614.7	100.0	-632.73	39.47	2.12	2255
hz4x4_noise5_dqn_latent_observation	SIM_TRAIN	101	391.0	4.3	-56.57	3.38	0.14	2929
hz4x4_noise5_dqn_latent_observation	SIM_TRAIN	102	378.7	4.3	-49.53	2.94	0.13	2925
hz4x4_noise5_dqn_latent_observation	REAL_TEST	102	514.6	100.0	-538.32	33.22	2.09	2505
hz4x4_noise5_dqn_latent_observation	SIM_TRAIN	103	378.3	4.2	-48.09	2.84	0.13	2924
hz4x4_noise5_dqn_latent_observation	SIM_TRAIN	104	381.1	4.1	-45.49	2.68	0.13	2915
hz4x4_noise5_dqn_latent_observation	REAL_TEST	104	465.9	100.0	-502.93	31.21	2.11	2570
hz4x4_noise5_dqn_latent_observation	SIM_TRAIN	105	380.9	3.8	-47.40	2.80	0.13	2925
hz4x4_noise5_dqn_latent_observation	SIM_TRAIN	106	375.6	3.7	-42.22	2.48	0.13	2925
hz4x4_noise5_dqn_latent_observation	REAL_TEST	106	651.1	100.0	-678.36	42.23	2.10	2179
hz4x4_noise5_dqn_latent_observation	SIM_TRAIN	107	368.5	3.4	-40.11	2.35	0.12	2922
hz4x4_noise5_dqn_latent_observation	SIM_TRAIN	108	371.4	3.3	-40.61	2.38	0.12	2921
hz4x4_noise5_dqn_latent_observation	REAL_TEST	108	495.1	100.0	-527.29	32.74	2.12	2539
hz4x4_noise5_dqn_latent_observation	SIM_TRAIN	109	373.5	2.9	-43.01	2.54	0.13	2923
hz4x4_noise5_dqn_latent_observation	SIM_TRAIN	110	377.7	2.7	-44.42	2.62	0.13	2917
hz4x4_noise5_dqn_latent_observation	REAL_TEST	110	588.4	100.0	-617.72	38.38	2.11	2324
hz4x4_noise5_dqn_latent_observation	SIM_TRAIN	111	370.1	2.5	-42.35	2.50	0.12	2920
hz4x4_noise5_dqn_latent_observation	SIM_TRAIN	112	370.6	2.3	-42.00	2.47	0.12	2931
hz4x4_noise5_dqn_latent_observation	REAL_TEST	112	511.5	100.0	-539.66	33.81	2.11	2519
hz4x4_noise5_dqn_latent_observation	SIM_TRAIN	113	365.8	2.2	-39.40	2.31	0.12	2929
hz4x4_noise5_dqn_latent_observation	SIM_TRAIN	114	373.1	2.0	-41.99	2.47	0.12	2920
hz4x4_noise5_dqn_latent_observation	REAL_TEST	114	678.3	100.0	-710.59	44.43	2.10	2084
hz4x4_noise5_dqn_latent_observation	SIM_TRAIN	115	371.7	1.8	-40.64	2.39	0.12	2920
hz4x4_noise5_dqn_latent_observation	SIM_TRAIN	116	366.9	1.7	-38.96	2.29	0.12	2921
hz4x4_noise5_dqn_latent_observation	REAL_TEST	116	444.4	100.0	-484.41	30.06	2.08	2614
hz4x4_noise5_dqn_latent_observation	SIM_TRAIN	117	369.9	1.6	-38.93	2.27	0.12	2924
hz4x4_noise5_dqn_latent_observation	SIM_TRAIN	118	386.8	1.6	-40.71	2.39	0.12	2914
hz4x4_noise5_dqn_latent_observation	REAL_TEST	118	636.2	100.0	-663.28	41.22	2.08	2201
hz4x4_noise5_dqn_latent_observation	SIM_TRAIN	119	373.3	1.5	-38.54	2.26	0.12	2924
hz4x4_noise5_dqn_latent_observation	SIM_TRAIN	120	375.6	1.5	-42.17	2.48	0.12	2923
hz4x4_noise5_dqn_latent_observation	REAL_TEST	120	450.4	100.0	-485.93	30.29	2.09	2628
hz4x4_noise5_dqn_latent_observation	SIM_TRAIN	121	370.9	1.5	-39.57	2.32	0.12	2924
hz4x4_noise5_dqn_latent_observation	SIM_TRAIN	122	368.9	1.5	-39.25	2.31	0.12	2923
hz4x4_noise5_dqn_latent_observation	REAL_TEST	122	671.0	100.0	-699.86	43.91	2.13	2110
hz4x4_noise5_dqn_latent_observation	SIM_TRAIN	123	375.4	1.4	-39.39	2.30	0.12	2925
hz4x4_noise5_dqn_latent_observation	SIM_TRAIN	124	373.8	1.4	-38.61	2.26	0.12	2929
hz4x4_noise5_dqn_latent_observation	REAL_TEST	124	560.2	100.0	-590.88	36.74	2.08	2399
hz4x4_noise5_dqn_latent_observation	SIM_TRAIN	125	379.7	1.4	-40.04	2.35	0.12	2922
hz4x4_noise5_dqn_latent_observation	SIM_TRAIN	126	371.2	1.4	-38.68	2.26	0.12	2926
hz4x4_noise5_dqn_latent_observation	REAL_TEST	126	528.5	100.0	-551.36	34.10	2.10	2508
hz4x4_noise5_dqn_latent_observation	SIM_TRAIN	127	372.4	1.4	-38.47	2.25	0.12	2922
hz4x4_noise5_dqn_latent_observation	SIM_TRAIN	128	371.3	1.3	-38.98	2.29	0.12	2914
hz4x4_noise5_dqn_latent_observation	REAL_TEST	128	515.1	100.0	-542.04	33.72	2.13	2503
hz4x4_noise5_dqn_latent_observation	SIM_TRAIN	129	371.6	1.3	-39.11	2.29	0.12	2927
hz4x4_noise5_dqn_latent_observation	SIM_TRAIN	130	372.8	1.3	-37.39	2.19	0.12	2925
hz4x4_noise5_dqn_latent_observation	REAL_TEST	130	633.6	100.0	-662.54	41.67	2.09	2269
hz4x4_noise5_dqn_latent_observation	SIM_TRAIN	131	391.3	1.2	-43.38	2.56	0.13	2922
hz4x4_noise5_dqn_latent_observation	SIM_TRAIN	132	367.4	1.2	-39.73	2.33	0.12	2930
hz4x4_noise5_dqn_latent_observation	REAL_TEST	132	544.5	100.0	-572.91	35.42	2.10	2467
hz4x4_noise5_dqn_latent_observation	SIM_TRAIN	133	373.3	1.2	-38.61	2.26	0.12	2926
hz4x4_noise5_dqn_latent_observation	SIM_TRAIN	134	377.8	1.2	-40.65	2.39	0.12	2926
hz4x4_noise5_dqn_latent_observation	REAL_TEST	134	499.7	100.0	-529.24	33.11	2.10	2544
hz4x4_noise5_dqn_latent_observation	SIM_TRAIN	135	376.8	1.2	-41.01	2.41	0.12	2923
hz4x4_noise5_dqn_latent_observation	SIM_TRAIN	136	379.6	1.2	-38.55	2.26	0.12	2927
hz4x4_noise5_dqn_latent_observation	REAL_TEST	136	522.2	100.0	-553.91	34.39	2.09	2484
hz4x4_noise5_dqn_latent_observation	SIM_TRAIN	137	375.9	1.3	-40.30	2.38	0.12	2930
hz4x4_noise5_dqn_latent_observation	SIM_TRAIN	138	379.8	1.3	-41.46	2.44	0.12	2925
hz4x4_noise5_dqn_latent_observation	REAL_TEST	138	587.5	100.0	-609.59	37.87	2.10	2345
hz4x4_noise5_dqn_latent_observation	SIM_TRAIN	139	379.5	1.3	-41.45	2.44	0.12	2930
hz4x4_noise5_dqn_latent_observation	SIM_TRAIN	140	364.6	1.3	-37.04	2.17	0.12	2929
hz4x4_noise5_dqn_latent_observation	REAL_TEST	140	497.0	100.0	-524.06	32.56	2.11	2567
hz4x4_noise5_dqn_latent_observation	SIM_TRAIN	141	375.5	1.4	-39.69	2.32	0.12	2929
hz4x4_noise5_dqn_latent_observation	SIM_TRAIN	142	379.5	1.4	-43.01	2.53	0.12	2925
hz4x4_noise5_dqn_latent_observation	REAL_TEST	142	470.8	100.0	-507.13	31.65	2.11	2597
hz4x4_noise5_dqn_latent_observation	SIM_TRAIN	143	381.7	1.4	-41.03	2.42	0.12	2922
hz4x4_noise5_dqn_latent_observation	SIM_TRAIN	144	372.8	1.4	-39.22	2.31	0.12	2926
hz4x4_noise5_dqn_latent_observation	REAL_TEST	144	556.7	100.0	-588.47	36.49	2.10	2458
hz4x4_noise5_dqn_latent_observation	SIM_TRAIN	145	370.1	1.4	-37.24	2.17	0.12	2927
hz4x4_noise5_dqn_latent_observation	SIM_TRAIN	146	382.9	1.4	-39.76	2.34	0.12	2920
hz4x4_noise5_dqn_latent_observation	REAL_TEST	146	516.8	100.0	-549.24	33.94	2.10	2461
hz4x4_noise5_dqn_latent_observation	SIM_TRAIN	147	373.5	1.4	-37.12	2.17	0.12	2928
hz4x4_noise5_dqn_latent_observation	SIM_TRAIN	148	387.8	1.4	-40.92	2.41	0.12	2925
hz4x4_noise5_dqn_latent_observation	REAL_TEST	148	451.0	100.0	-491.30	30.70	2.09	2616
hz4x4_noise5_dqn_latent_observation	SIM_TRAIN	149	379.2	1.3	-36.46	2.13	0.12	2927
hz4x4_noise5_dqn_latent_observation	SIM_TRAIN	150	377.0	1.3	-38.78	2.27	0.12	2932
hz4x4_noise5_dqn_latent_observation	REAL_TEST	150	554.6	100.0	-585.18	36.40	2.10	2440
hz4x4_noise5_dqn_latent_observation	SIM_TRAIN	151	382.7	1.3	-37.61	2.21	0.12	2924
hz4x4_noise5_dqn_latent_observation	SIM_TRAIN	152	385.7	1.3	-38.35	2.25	0.12	2925
hz4x4_noise5_dqn_latent_observation	REAL_TEST	152	457.2	100.0	-495.91	30.72	2.06	2596
hz4x4_noise5_dqn_latent_observation	SIM_TRAIN	153	376.6	1.3	-37.62	2.21	0.12	2925
hz4x4_noise5_dqn_latent_observation	SIM_TRAIN	154	390.3	1.2	-40.50	2.38	0.12	2926
hz4x4_noise5_dqn_latent_observation	REAL_TEST	154	521.9	100.0	-550.00	34.11	2.11	2451
hz4x4_noise5_dqn_latent_observation	SIM_TRAIN	155	373.4	1.2	-36.97	2.16	0.11	2925
hz4x4_noise5_dqn_latent_observation	SIM_TRAIN	156	375.0	1.2	-38.11	2.24	0.12	2925
hz4x4_noise5_dqn_latent_observation	REAL_TEST	156	738.2	100.0	-764.75	47.99	2.09	1920
hz4x4_noise5_dqn_latent_observation	SIM_TRAIN	157	374.3	1.2	-37.38	2.19	0.12	2927
hz4x4_noise5_dqn_latent_observation	SIM_TRAIN	158	381.3	1.2	-39.26	2.31	0.12	2928
hz4x4_noise5_dqn_latent_observation	REAL_TEST	158	534.7	100.0	-569.94	35.86	2.12	2427
hz4x4_noise5_dqn_latent_observation	SIM_TRAIN	159	372.4	1.2	-37.30	2.18	0.12	2926
hz4x4_noise5_dqn_latent_observation	SIM_TRAIN	160	373.7	1.1	-36.94	2.17	0.12	2931
hz4x4_noise5_dqn_latent_observation	REAL_TEST	160	546.8	100.0	-574.96	35.65	2.11	2469
hz4x4_noise5_dqn_latent_observation	SIM_TRAIN	161	374.4	1.2	-39.03	2.29	0.12	2925
hz4x4_noise5_dqn_latent_observation	SIM_TRAIN	162	369.4	1.2	-36.83	2.15	0.12	2930
hz4x4_noise5_dqn_latent_observation	REAL_TEST	162	510.8	100.0	-551.29	34.46	2.07	2474
hz4x4_noise5_dqn_latent_observation	SIM_TRAIN	163	366.7	1.2	-36.81	2.15	0.12	2920
hz4x4_noise5_dqn_latent_observation	SIM_TRAIN	164	369.9	1.2	-36.30	2.12	0.12	2923
hz4x4_noise5_dqn_latent_observation	REAL_TEST	164	730.3	100.0	-754.08	46.97	2.09	2070
hz4x4_noise5_dqn_latent_observation	SIM_TRAIN	165	369.2	1.2	-35.93	2.10	0.12	2913
hz4x4_noise5_dqn_latent_observation	SIM_TRAIN	166	371.6	1.2	-39.24	2.32	0.12	2926
hz4x4_noise5_dqn_latent_observation	REAL_TEST	166	675.6	100.0	-701.93	43.70	2.10	2210
hz4x4_noise5_dqn_latent_observation	SIM_TRAIN	167	362.8	1.2	-35.45	2.07	0.12	2928
hz4x4_noise5_dqn_latent_observation	SIM_TRAIN	168	375.0	1.2	-38.14	2.24	0.12	2927
hz4x4_noise5_dqn_latent_observation	REAL_TEST	168	595.3	100.0	-627.50	39.16	2.10	2230
hz4x4_noise5_dqn_latent_observation	SIM_TRAIN	169	365.9	1.2	-36.09	2.11	0.12	2926
hz4x4_noise5_dqn_latent_observation	SIM_TRAIN	170	370.9	1.2	-39.42	2.31	0.12	2930
hz4x4_noise5_dqn_latent_observation	REAL_TEST	170	531.6	100.0	-571.33	35.54	2.07	2472
hz4x4_noise5_dqn_latent_observation	SIM_TRAIN	171	370.9	1.2	-37.42	2.20	0.12	2927
hz4x4_noise5_dqn_latent_observation	SIM_TRAIN	172	367.2	1.2	-37.27	2.19	0.12	2922
hz4x4_noise5_dqn_latent_observation	REAL_TEST	172	549.0	100.0	-567.87	35.40	2.11	2435
hz4x4_noise5_dqn_latent_observation	SIM_TRAIN	173	385.4	1.2	-40.75	2.40	0.12	2929
hz4x4_noise5_dqn_latent_observation	SIM_TRAIN	174	368.4	1.2	-39.08	2.30	0.12	2932
hz4x4_noise5_dqn_latent_observation	REAL_TEST	174	500.0	100.0	-534.81	33.59	2.07	2520
hz4x4_noise5_dqn_latent_observation	SIM_TRAIN	175	378.0	1.2	-38.71	2.27	0.11	2929
hz4x4_noise5_dqn_latent_observation	SIM_TRAIN	176	365.6	1.2	-36.04	2.11	0.11	2925
hz4x4_noise5_dqn_latent_observation	REAL_TEST	176	626.8	100.0	-645.29	39.80	2.14	2241
hz4x4_noise5_dqn_latent_observation	SIM_TRAIN	177	367.4	1.2	-36.17	2.11	0.11	2932
hz4x4_noise5_dqn_latent_observation	SIM_TRAIN	178	372.8	1.2	-37.23	2.18	0.12	2922
hz4x4_noise5_dqn_latent_observation	REAL_TEST	178	445.1	100.0	-486.62	30.42	2.09	2616
hz4x4_noise5_dqn_latent_observation	SIM_TRAIN	179	372.0	1.2	-37.82	2.21	0.12	2923
hz4x4_noise5_dqn_latent_observation	SIM_TRAIN	180	372.8	1.2	-37.17	2.18	0.12	2920
hz4x4_noise5_dqn_latent_observation	REAL_TEST	180	585.7	100.0	-623.67	38.94	2.10	2296
hz4x4_noise5_dqn_latent_observation	SIM_TRAIN	181	375.6	1.2	-38.99	2.30	0.12	2927
hz4x4_noise5_dqn_latent_observation	SIM_TRAIN	182	374.8	1.2	-38.69	2.27	0.12	2912
hz4x4_noise5_dqn_latent_observation	REAL_TEST	182	613.5	100.0	-641.30	40.03	2.11	2280
hz4x4_noise5_dqn_latent_observation	SIM_TRAIN	183	372.5	1.2	-38.22	2.24	0.12	2925
hz4x4_noise5_dqn_latent_observation	SIM_TRAIN	184	366.8	1.2	-35.12	2.05	0.11	2929
hz4x4_noise5_dqn_latent_observation	REAL_TEST	184	419.1	100.0	-467.13	29.04	2.08	2668
hz4x4_noise5_dqn_latent_observation	SIM_TRAIN	185	374.5	1.2	-38.21	2.24	0.12	2925
hz4x4_noise5_dqn_latent_observation	SIM_TRAIN	186	370.3	1.2	-35.84	2.09	0.11	2927
hz4x4_noise5_dqn_latent_observation	REAL_TEST	186	647.0	100.0	-673.07	41.84	2.11	2238
hz4x4_noise5_dqn_latent_observation	SIM_TRAIN	187	368.3	1.2	-35.98	2.10	0.11	2927
hz4x4_noise5_dqn_latent_observation	SIM_TRAIN	188	371.5	1.2	-35.86	2.10	0.11	2925
hz4x4_noise5_dqn_latent_observation	REAL_TEST	188	541.9	100.0	-568.25	35.40	2.10	2468
hz4x4_noise5_dqn_latent_observation	SIM_TRAIN	189	375.9	1.2	-35.76	2.09	0.11	2924
hz4x4_noise5_dqn_latent_observation	SIM_TRAIN	190	383.6	1.2	-39.10	2.30	0.12	2927
hz4x4_noise5_dqn_latent_observation	REAL_TEST	190	456.6	100.0	-498.69	30.81	2.10	2619
hz4x4_noise5_dqn_latent_observation	SIM_TRAIN	191	366.7	1.2	-35.31	2.07	0.11	2922
hz4x4_noise5_dqn_latent_observation	SIM_TRAIN	192	367.2	1.2	-36.16	2.12	0.11	2921
hz4x4_noise5_dqn_latent_observation	REAL_TEST	192	534.2	100.0	-561.78	34.85	2.11	2499
hz4x4_noise5_dqn_latent_observation	SIM_TRAIN	193	367.7	1.2	-35.43	2.07	0.11	2929
hz4x4_noise5_dqn_latent_observation	SIM_TRAIN	194	367.8	1.2	-35.05	2.04	0.11	2929
hz4x4_noise5_dqn_latent_observation	REAL_TEST	194	441.0	100.0	-484.60	30.10	2.11	2629
hz4x4_noise5_dqn_latent_observation	SIM_TRAIN	195	367.0	1.2	-35.46	2.08	0.11	2927
hz4x4_noise5_dqn_latent_observation	SIM_TRAIN	196	367.9	1.2	-35.08	2.05	0.11	2924
hz4x4_noise5_dqn_latent_observation	REAL_TEST	196	480.7	100.0	-521.60	32.48	2.10	2586
hz4x4_noise5_dqn_latent_observation	SIM_TRAIN	197	375.5	1.2	-37.11	2.17	0.12	2925
hz4x4_noise5_dqn_latent_observation	SIM_TRAIN	198	370.8	1.2	-35.60	2.08	0.11	2927
hz4x4_noise5_dqn_latent_observation	REAL_TEST	198	516.2	100.0	-546.25	34.11	2.09	2498
hz4x4_noise5_dqn_latent_observation	SIM_TRAIN	199	371.8	1.1	-35.69	2.09	0.11	2923
