hz4x4_combine1_dqn_latent_observation	REAL_TEST	2	1596.6	100.0	-1188.75	74.31	1.25	559
hz4x4_combine1_dqn_latent_observation	REAL_TEST	4	1397.0	100.0	-1048.41	65.74	1.32	844
hz4x4_combine1_dqn_latent_observation	REAL_TEST	6	1444.8	100.0	-1201.28	75.19	1.31	757
hz4x4_combine1_dqn_latent_observation	REAL_TEST	8	1484.3	100.0	-1183.79	74.05	1.32	741
hz4x4_combine1_dqn_latent_observation	REAL_TEST	10	1172.0	100.0	-786.68	49.20	1.25	1166
hz4x4_combine1_dqn_latent_observation	REAL_TEST	12	1157.2	100.0	-950.56	59.32	1.30	1304
hz4x4_combine1_dqn_latent_observation	REAL_TEST	14	1197.5	100.0	-938.95	58.75	1.27	1142
hz4x4_combine1_dqn_latent_observation	REAL_TEST	16	1172.0	100.0	-895.96	56.08	1.26	1209
hz4x4_combine1_dqn_latent_observation	REAL_TEST	18	1145.2	100.0	-841.29	52.50	1.29	1296
hz4x4_combine1_dqn_latent_observation	REAL_TEST	20	1283.0	100.0	-891.04	55.77	1.26	1047
hz4x4_combine1_dqn_latent_observation	REAL_TEST	22	1027.8	100.0	-757.50	47.33	1.27	1420
hz4x4_combine1_dqn_latent_observation	REAL_TEST	24	1117.3	100.0	-864.59	53.97	1.26	1294
hz4x4_combine1_dqn_latent_observation	REAL_TEST	26	887.0	100.0	-692.95	43.25	1.29	1788
hz4x4_combine1_dqn_latent_observation	REAL_TEST	28	1122.5	100.0	-734.33	45.91	1.27	1293
hz4x4_combine1_dqn_latent_observation	REAL_TEST	30	830.6	100.0	-609.75	38.04	1.28	1849
hz4x4_combine1_dqn_latent_observation	REAL_TEST	32	913.1	100.0	-746.67	46.63	1.31	1748
hz4x4_combine1_dqn_latent_observation	REAL_TEST	34	968.2	100.0	-779.60	48.57	1.32	1626
hz4x4_combine1_dqn_latent_observation	REAL_TEST	36	796.7	100.0	-626.82	39.05	1.23	1951
hz4x4_combine1_dqn_latent_observation	REAL_TEST	38	1112.9	100.0	-690.69	43.11	1.30	1302
hz4x4_combine1_dqn_latent_observation	REAL_TEST	40	842.1	100.0	-561.08	34.94	1.24	1882
hz4x4_combine1_dqn_latent_observation	REAL_TEST	42	771.8	100.0	-598.50	37.46	1.28	1997
hz4x4_combine1_dqn_latent_observation	REAL_TEST	44	1034.1	100.0	-836.34	52.38	1.28	1501
hz4x4_combine1_dqn_latent_observation	REAL_TEST	46	916.4	100.0	-696.05	43.65	1.29	1742
hz4x4_combine1_dqn_latent_observation	REAL_TEST	48	848.1	100.0	-626.92	39.12	1.29	1883
hz4x4_combine1_dqn_latent_observation	REAL_TEST	50	1084.4	100.0	-806.61	50.38	1.29	1400
hz4x4_combine1_dqn_latent_observation	REAL_TEST	52	824.0	100.0	-584.64	36.53	1.23	1917
hz4x4_combine1_dqn_latent_observation	REAL_TEST	54	841.3	100.0	-671.51	41.94	1.27	1840
hz4x4_combine1_dqn_latent_observation	REAL_TEST	56	1066.0	100.0	-822.94	51.43	1.28	1445
hz4x4_combine1_dqn_latent_observation	REAL_TEST	58	1063.8	100.0	-776.59	48.67	1.24	1476
hz4x4_combine1_dqn_latent_observation	REAL_TEST	60	1062.2	100.0	-796.86	49.92	1.24	1489
hz4x4_combine1_dqn_latent_observation	REAL_TEST	62	871.7	100.0	-632.24	39.71	1.27	1796
hz4x4_combine1_dqn_latent_observation	REAL_TEST	64	887.2	100.0	-727.66	45.44	1.28	1776
hz4x4_combine1_dqn_latent_observation	REAL_TEST	66	948.4	100.0	-629.03	39.39	1.27	1727
hz4x4_combine1_dqn_latent_observation	REAL_TEST	68	1011.4	100.0	-753.79	47.07	1.24	1562
hz4x4_combine1_dqn_latent_observation	REAL_TEST	70	691.1	100.0	-543.32	33.82	1.27	2147
hz4x4_combine1_dqn_latent_observation	REAL_TEST	72	939.6	100.0	-720.37	45.03	1.28	1676
hz4x4_combine1_dqn_latent_observation	REAL_TEST	74	800.0	100.0	-636.67	39.80	1.26	1977
hz4x4_combine1_dqn_latent_observation	REAL_TEST	76	798.2	100.0	-650.40	40.53	1.25	2000
hz4x4_combine1_dqn_latent_observation	REAL_TEST	78	936.4	100.0	-731.85	45.72	1.26	1616
hz4x4_combine1_dqn_latent_observation	REAL_TEST	80	906.8	100.0	-741.63	46.26	1.28	1802
hz4x4_combine1_dqn_latent_observation	REAL_TEST	82	721.1	100.0	-548.67	34.27	1.26	2120
hz4x4_combine1_dqn_latent_observation	REAL_TEST	84	905.6	100.0	-713.09	44.47	1.28	1800
hz4x4_combine1_dqn_latent_observation	REAL_TEST	86	942.9	100.0	-772.04	48.26	1.26	1606
hz4x4_combine1_dqn_latent_observation	REAL_TEST	88	723.0	100.0	-558.51	34.74	1.25	2120
hz4x4_combine1_dqn_latent_observation	REAL_TEST	90	793.1	100.0	-610.42	38.08	1.24	2065
hz4x4_combine1_dqn_latent_observation	REAL_TEST	92	825.6	100.0	-638.44	39.76	1.20	1903
hz4x4_combine1_dqn_latent_observation	REAL_TEST	94	752.7	100.0	-613.31	38.27	1.26	2020
hz4x4_combine1_dqn_latent_observation	REAL_TEST	96	897.2	100.0	-739.42	46.19	1.27	1779
hz4x4_combine1_dqn_latent_observation	REAL_TEST	98	642.7	100.0	-447.03	27.98	1.23	2273
hz4x4_combine1_dqn_latent_observation	REAL_TEST	100	866.9	100.0	-682.65	42.60	1.26	1907
hz4x4_combine1_dqn_latent_observation	REAL_TEST	102	706.1	100.0	-567.06	35.15	1.25	2121
hz4x4_combine1_dqn_latent_observation	REAL_TEST	104	831.1	100.0	-676.94	42.20	1.26	1936
hz4x4_combine1_dqn_latent_observation	REAL_TEST	106	685.2	100.0	-530.42	33.07	1.25	2203
hz4x4_combine1_dqn_latent_observation	REAL_TEST	108	735.3	100.0	-584.27	36.40	1.27	2079
hz4x4_combine1_dqn_latent_observation	REAL_TEST	110	765.7	100.0	-593.43	36.93	1.24	2035
hz4x4_combine1_dqn_latent_observation	REAL_TEST	112	770.0	100.0	-588.78	36.81	1.26	2034
hz4x4_combine1_dqn_latent_observation	REAL_TEST	114	784.6	100.0	-588.14	36.76	1.27	1980
hz4x4_combine1_dqn_latent_observation	REAL_TEST	116	756.9	100.0	-549.41	34.24	1.20	2072
hz4x4_combine1_dqn_latent_observation	REAL_TEST	118	753.4	100.0	-577.26	36.00	1.21	2053
hz4x4_combine1_dqn_latent_observation	REAL_TEST	120	729.2	100.0	-578.76	36.13	1.25	2099
hz4x4_combine1_dqn_latent_observation	REAL_TEST	122	809.1	100.0	-540.08	33.85	1.21	1963
hz4x4_combine1_dqn_latent_observation	REAL_TEST	124	858.4	100.0	-603.03	37.59	1.21	1862
hz4x4_combine1_dqn_latent_observation	REAL_TEST	126	670.9	100.0	-524.30	32.53	1.26	2222
hz4x4_combine1_dqn_latent_observation	REAL_TEST	128	670.3	100.0	-531.68	33.04	1.27	2241
hz4x4_combine1_dqn_latent_observation	REAL_TEST	130	684.7	100.0	-522.77	32.80	1.23	2222
hz4x4_combine1_dqn_latent_observation	REAL_TEST	132	575.0	100.0	-420.33	26.00	1.24	2386
hz4x4_combine1_dqn_latent_observation	REAL_TEST	134	672.7	100.0	-511.61	31.96	1.22	2248
hz4x4_combine1_dqn_latent_observation	REAL_TEST	136	726.6	100.0	-534.01	33.22	1.23	2091
hz4x4_combine1_dqn_latent_observation	REAL_TEST	138	822.8	100.0	-537.38	33.46	1.22	1844
hz4x4_combine1_dqn_latent_observation	REAL_TEST	140	798.3	100.0	-630.30	39.36	1.24	1962
hz4x4_combine1_dqn_latent_observation	REAL_TEST	142	682.2	100.0	-499.07	31.15	1.21	2128
hz4x4_combine1_dqn_latent_observation	REAL_TEST	144	696.4	100.0	-553.39	34.45	1.28	2193
hz4x4_combine1_dqn_latent_observation	REAL_TEST	146	768.2	100.0	-596.57	37.11	1.28	1958
hz4x4_combine1_dqn_latent_observation	REAL_TEST	148	644.4	100.0	-498.56	31.13	1.24	2258
hz4x4_combine1_dqn_latent_observation	REAL_TEST	150	887.7	100.0	-579.93	36.16	1.26	1773
hz4x4_combine1_dqn_latent_observation	REAL_TEST	152	670.3	100.0	-524.23	32.62	1.25	2187
hz4x4_combine1_dqn_latent_observation	REAL_TEST	154	879.8	100.0	-673.80	41.96	1.26	1872
hz4x4_combine1_dqn_latent_observation	REAL_TEST	156	777.4	100.0	-527.93	33.02	1.23	2016
hz4x4_combine1_dqn_latent_observation	REAL_TEST	158	649.6	100.0	-523.33	32.81	1.27	2208
hz4x4_combine1_dqn_latent_observation	REAL_TEST	160	745.7	100.0	-549.17	34.19	1.23	2087
hz4x4_combine1_dqn_latent_observation	REAL_TEST	162	621.3	100.0	-479.34	29.94	1.25	2351
hz4x4_combine1_dqn_latent_observation	REAL_TEST	164	588.7	100.0	-450.49	27.98	1.21	2352
hz4x4_combine1_dqn_latent_observation	REAL_TEST	166	734.3	100.0	-600.37	37.42	1.26	2111
hz4x4_combine1_dqn_latent_observation	REAL_TEST	168	602.9	100.0	-441.38	27.46	1.25	2322
hz4x4_combine1_dqn_latent_observation	REAL_TEST	170	589.2	100.0	-456.74	28.43	1.24	2344
hz4x4_combine1_dqn_latent_observation	REAL_TEST	172	667.5	100.0	-527.15	32.87	1.26	2207
hz4x4_combine1_dqn_latent_observation	REAL_TEST	174	828.0	100.0	-550.66	34.52	1.21	1882
hz4x4_combine1_dqn_latent_observation	REAL_TEST	176	779.0	100.0	-514.17	31.74	1.26	2029
hz4x4_combine1_dqn_latent_observation	REAL_TEST	178	675.7	100.0	-499.59	31.23	1.21	2199
hz4x4_combine1_dqn_latent_observation	REAL_TEST	180	751.3	100.0	-609.63	38.06	1.26	2051
hz4x4_combine1_dqn_latent_observation	REAL_TEST	182	727.3	100.0	-553.58	34.49	1.24	2132
hz4x4_combine1_dqn_latent_observation	REAL_TEST	184	615.4	100.0	-355.93	22.15	1.21	2323
hz4x4_combine1_dqn_latent_observation	REAL_TEST	186	609.4	100.0	-460.83	28.57	1.25	2351
hz4x4_combine1_dqn_latent_observation	REAL_TEST	188	671.7	100.0	-535.39	33.39	1.27	2237
hz4x4_combine1_dqn_latent_observation	REAL_TEST	190	672.6	100.0	-495.79	30.76	1.25	2191
hz4x4_combine1_dqn_latent_observation	REAL_TEST	192	673.1	100.0	-515.90	32.12	1.26	2200
hz4x4_combine1_dqn_latent_observation	REAL_TEST	194	720.4	100.0	-579.92	36.11	1.27	2187
hz4x4_combine1_dqn_latent_observation	REAL_TEST	196	710.2	100.0	-569.29	35.52	1.28	2176
hz4x4_combine1_dqn_latent_observation	REAL_TEST	198	586.9	100.0	-450.39	28.08	1.25	2373
