bullhead_1_noise20_dqn_latent_observation	REAL_TEST	2	1031.2	100.0	-308.93	268.54	8.51	579
bullhead_1_noise20_dqn_latent_observation	REAL_TEST	4	290.7	100.0	-155.99	111.10	8.51	1180
bullhead_1_noise20_dqn_latent_observation	REAL_TEST	6	161.4	100.0	-115.51	74.91	8.46	1277
bullhead_1_noise20_dqn_latent_observation	REAL_TEST	8	365.0	100.0	-172.74	132.75	8.77	1118
bullhead_1_noise20_dqn_latent_observation	REAL_TEST	10	140.7	100.0	-105.63	69.40	8.33	1323
bullhead_1_noise20_dqn_latent_observation	REAL_TEST	12	157.1	100.0	-114.54	69.65	9.03	1275
bullhead_1_noise20_dqn_latent_observation	REAL_TEST	14	154.3	100.0	-116.50	67.31	8.66	1276
bullhead_1_noise20_dqn_latent_observation	REAL_TEST	16	155.9	100.0	-115.54	74.02	8.24	1276
bullhead_1_noise20_dqn_latent_observation	REAL_TEST	18	280.4	100.0	-145.50	110.29	8.74	1216
bullhead_1_noise20_dqn_latent_observation	REAL_TEST	20	292.8	100.0	-150.63	108.15	8.34	1211
bullhead_1_noise20_dqn_latent_observation	REAL_TEST	22	201.1	100.0	-118.83	87.75	8.53	1323
bullhead_1_noise20_dqn_latent_observation	REAL_TEST	24	200.8	100.0	-117.77	86.63	8.66	1303
bullhead_1_noise20_dqn_latent_observation	REAL_TEST	26	139.5	100.0	-101.01	68.84	8.09	1367
bullhead_1_noise20_dqn_latent_observation	REAL_TEST	28	2635.0	100.0	-532.16	489.55	8.46	12
bullhead_1_noise20_dqn_latent_observation	REAL_TEST	30	162.2	100.0	-115.73	72.18	9.27	1274
bullhead_1_noise20_dqn_latent_observation	REAL_TEST	32	140.2	100.0	-107.12	68.26	8.40	1337
bullhead_1_noise20_dqn_latent_observation	REAL_TEST	34	143.6	100.0	-106.34	71.95	8.39	1344
bullhead_1_noise20_dqn_latent_observation	REAL_TEST	36	146.8	100.0	-108.55	70.08	8.61	1330
bullhead_1_noise20_dqn_latent_observation	REAL_TEST	38	136.0	100.0	-103.41	67.47	7.80	1360
bullhead_1_noise20_dqn_latent_observation	REAL_TEST	40	148.1	100.0	-108.93	70.18	8.29	1332
bullhead_1_noise20_dqn_latent_observation	REAL_TEST	42	162.5	100.0	-115.15	71.16	8.71	1277
bullhead_1_noise20_dqn_latent_observation	REAL_TEST	44	159.4	100.0	-113.84	75.07	8.75	1322
bullhead_1_noise20_dqn_latent_observation	REAL_TEST	46	162.6	100.0	-117.43	71.66	8.08	1292
bullhead_1_noise20_dqn_latent_observation	REAL_TEST	48	135.1	100.0	-101.47	66.65	8.45	1364
bullhead_1_noise20_dqn_latent_observation	REAL_TEST	50	160.8	100.0	-108.07	72.34	7.78	1368
bullhead_1_noise20_dqn_latent_observation	REAL_TEST	52	149.9	100.0	-104.54	70.11	8.16	1368
bullhead_1_noise20_dqn_latent_observation	REAL_TEST	54	160.8	100.0	-109.93	73.54	8.92	1359
bullhead_1_noise20_dqn_latent_observation	REAL_TEST	56	147.2	100.0	-102.41	69.86	8.32	1371
bullhead_1_noise20_dqn_latent_observation	REAL_TEST	58	163.1	100.0	-105.21	73.28	8.20	1360
bullhead_1_noise20_dqn_latent_observation	REAL_TEST	60	159.6	100.0	-104.80	75.91	8.27	1353
bullhead_1_noise20_dqn_latent_observation	REAL_TEST	62	653.1	100.0	-248.96	212.97	8.26	830
bullhead_1_noise20_dqn_latent_observation	REAL_TEST	64	247.8	100.0	-132.11	100.61	8.39	1302
bullhead_1_noise20_dqn_latent_observation	REAL_TEST	66	176.4	100.0	-109.74	80.01	8.04	1363
bullhead_1_noise20_dqn_latent_observation	REAL_TEST	68	1068.1	100.0	-374.43	336.45	8.61	508
bullhead_1_noise20_dqn_latent_observation	REAL_TEST	70	284.0	100.0	-142.26	109.36	8.41	1228
bullhead_1_noise20_dqn_latent_observation	REAL_TEST	72	383.4	100.0	-179.94	139.61	8.18	1202
bullhead_1_noise20_dqn_latent_observation	REAL_TEST	74	749.9	100.0	-297.35	257.93	8.16	829
bullhead_1_noise20_dqn_latent_observation	REAL_TEST	76	417.0	100.0	-189.80	154.96	8.28	1281
bullhead_1_noise20_dqn_latent_observation	REAL_TEST	78	302.1	100.0	-148.53	119.19	8.66	1288
bullhead_1_noise20_dqn_latent_observation	REAL_TEST	80	280.3	100.0	-141.49	106.93	8.45	1306
bullhead_1_noise20_dqn_latent_observation	REAL_TEST	82	523.1	100.0	-228.16	197.82	8.44	1229
bullhead_1_noise20_dqn_latent_observation	REAL_TEST	84	303.1	100.0	-148.04	115.23	8.09	1306
bullhead_1_noise20_dqn_latent_observation	REAL_TEST	86	262.7	100.0	-133.02	98.59	8.31	1307
bullhead_1_noise20_dqn_latent_observation	REAL_TEST	88	392.7	100.0	-178.63	150.57	8.34	1220
bullhead_1_noise20_dqn_latent_observation	REAL_TEST	90	1326.7	100.0	-411.08	381.85	8.04	383
bullhead_1_noise20_dqn_latent_observation	REAL_TEST	92	412.4	100.0	-188.41	157.95	8.20	1146
bullhead_1_noise20_dqn_latent_observation	REAL_TEST	94	414.6	100.0	-190.79	155.74	7.89	1208
bullhead_1_noise20_dqn_latent_observation	REAL_TEST	96	614.9	100.0	-265.81	232.74	8.30	960
bullhead_1_noise20_dqn_latent_observation	REAL_TEST	98	327.0	100.0	-155.70	124.33	8.75	1241
bullhead_1_noise20_dqn_latent_observation	REAL_TEST	100	210.8	100.0	-120.23	85.42	8.37	1343
bullhead_1_noise20_dqn_latent_observation	REAL_TEST	102	298.0	100.0	-143.65	112.01	8.36	1279
bullhead_1_noise20_dqn_latent_observation	REAL_TEST	104	247.2	100.0	-129.79	97.38	8.02	1318
bullhead_1_noise20_dqn_latent_observation	REAL_TEST	106	277.3	100.0	-138.05	106.28	8.32	1323
bullhead_1_noise20_dqn_latent_observation	REAL_TEST	108	207.2	100.0	-117.56	85.13	8.11	1341
bullhead_1_noise20_dqn_latent_observation	REAL_TEST	110	220.9	100.0	-121.45	88.02	8.53	1325
bullhead_1_noise20_dqn_latent_observation	REAL_TEST	112	207.1	100.0	-117.12	86.48	7.97	1332
bullhead_1_noise20_dqn_latent_observation	REAL_TEST	114	219.6	100.0	-121.08	90.62	8.18	1317
bullhead_1_noise20_dqn_latent_observation	REAL_TEST	116	207.8	100.0	-117.05	83.56	7.85	1326
bullhead_1_noise20_dqn_latent_observation	REAL_TEST	118	273.4	100.0	-138.58	109.61	8.02	1247
bullhead_1_noise20_dqn_latent_observation	REAL_TEST	120	202.2	100.0	-115.88	82.24	8.24	1340
bullhead_1_noise20_dqn_latent_observation	REAL_TEST	122	244.4	100.0	-130.44	99.32	8.13	1285
bullhead_1_noise20_dqn_latent_observation	REAL_TEST	124	228.4	100.0	-121.27	95.04	8.14	1335
bullhead_1_noise20_dqn_latent_observation	REAL_TEST	126	278.3	100.0	-139.85	106.48	7.81	1336
bullhead_1_noise20_dqn_latent_observation	REAL_TEST	128	204.7	100.0	-117.67	86.10	7.94	1320
bullhead_1_noise20_dqn_latent_observation	REAL_TEST	130	173.1	100.0	-108.79	74.39	8.25	1329
bullhead_1_noise20_dqn_latent_observation	REAL_TEST	132	216.7	100.0	-121.24	85.43	8.00	1320
bullhead_1_noise20_dqn_latent_observation	REAL_TEST	134	164.5	100.0	-105.90	75.43	8.39	1359
bullhead_1_noise20_dqn_latent_observation	REAL_TEST	136	167.8	100.0	-107.34	75.41	8.55	1365
bullhead_1_noise20_dqn_latent_observation	REAL_TEST	138	174.6	100.0	-109.78	75.47	8.42	1351
bullhead_1_noise20_dqn_latent_observation	REAL_TEST	140	166.8	100.0	-108.26	75.50	7.91	1350
bullhead_1_noise20_dqn_latent_observation	REAL_TEST	142	168.8	100.0	-106.68	77.13	8.28	1356
bullhead_1_noise20_dqn_latent_observation	REAL_TEST	144	171.4	100.0	-108.05	77.78	8.43	1362
bullhead_1_noise20_dqn_latent_observation	REAL_TEST	146	163.8	100.0	-105.89	71.13	8.02	1347
bullhead_1_noise20_dqn_latent_observation	REAL_TEST	148	168.2	100.0	-109.61	77.04	8.06	1352
bullhead_1_noise20_dqn_latent_observation	REAL_TEST	150	184.3	100.0	-110.64	78.98	8.43	1340
bullhead_1_noise20_dqn_latent_observation	REAL_TEST	152	145.7	100.0	-101.36	69.57	8.08	1364
bullhead_1_noise20_dqn_latent_observation	REAL_TEST	154	160.5	100.0	-105.18	70.70	8.47	1364
bullhead_1_noise20_dqn_latent_observation	REAL_TEST	156	164.6	100.0	-108.53	75.60	8.56	1345
bullhead_1_noise20_dqn_latent_observation	REAL_TEST	158	178.7	100.0	-111.21	77.20	8.60	1359
bullhead_1_noise20_dqn_latent_observation	REAL_TEST	160	169.6	100.0	-107.68	74.92	8.14	1344
bullhead_1_noise20_dqn_latent_observation	REAL_TEST	162	178.1	100.0	-109.77	76.84	7.78	1328
bullhead_1_noise20_dqn_latent_observation	REAL_TEST	164	174.5	100.0	-109.59	76.09	8.08	1355
bullhead_1_noise20_dqn_latent_observation	REAL_TEST	166	185.0	100.0	-111.47	77.34	8.25	1322
bullhead_1_noise20_dqn_latent_observation	REAL_TEST	168	165.2	100.0	-108.96	77.60	8.46	1342
bullhead_1_noise20_dqn_latent_observation	REAL_TEST	170	202.1	100.0	-117.37	85.40	8.34	1340
bullhead_1_noise20_dqn_latent_observation	REAL_TEST	172	173.1	100.0	-108.20	79.58	7.97	1335
bullhead_1_noise20_dqn_latent_observation	REAL_TEST	174	186.2	100.0	-113.63	80.16	8.21	1340
bullhead_1_noise20_dqn_latent_observation	REAL_TEST	176	189.9	100.0	-113.58	81.42	8.45	1334
bullhead_1_noise20_dqn_latent_observation	REAL_TEST	178	149.0	100.0	-103.84	69.88	8.45	1350
bullhead_1_noise20_dqn_latent_observation	REAL_TEST	180	179.8	100.0	-110.30	74.71	8.75	1357
bullhead_1_noise20_dqn_latent_observation	REAL_TEST	182	175.8	100.0	-111.37	77.05	8.61	1336
bullhead_1_noise20_dqn_latent_observation	REAL_TEST	184	168.0	100.0	-109.69	77.16	7.86	1340
bullhead_1_noise20_dqn_latent_observation	REAL_TEST	186	173.9	100.0	-110.58	75.57	7.95	1344
bullhead_1_noise20_dqn_latent_observation	REAL_TEST	188	163.1	100.0	-106.01	72.55	8.26	1349
bullhead_1_noise20_dqn_latent_observation	REAL_TEST	190	182.5	100.0	-113.89	78.83	7.89	1320
bullhead_1_noise20_dqn_latent_observation	REAL_TEST	192	188.4	100.0	-115.33	83.93	8.39	1343
bullhead_1_noise20_dqn_latent_observation	REAL_TEST	194	184.2	100.0	-113.31	76.62	8.25	1337
bullhead_1_noise20_dqn_latent_observation	REAL_TEST	196	184.9	100.0	-112.90	79.60	8.22	1324
bullhead_1_noise20_dqn_latent_observation	REAL_TEST	198	171.8	100.0	-110.44	74.36	8.05	1349
