ingolstadt1_dz50_presslight_latent_observation	REAL_TEST	2	158.2	100.0	-5.92	2.38	0.28	1138
ingolstadt1_dz50_presslight_latent_observation	REAL_TEST	4	158.2	100.0	-5.92	2.38	0.28	1138
ingolstadt1_dz50_presslight_latent_observation	REAL_TEST	6	158.2	100.0	-5.92	2.38	0.28	1138
ingolstadt1_dz50_presslight_latent_observation	REAL_TEST	8	158.2	100.0	-5.92	2.38	0.28	1138
ingolstadt1_dz50_presslight_latent_observation	REAL_TEST	10	135.9	100.0	-7.03	3.39	0.27	1325
ingolstadt1_dz50_presslight_latent_observation	REAL_TEST	12	252.7	100.0	-53.54	52.66	0.43	788
ingolstadt1_dz50_presslight_latent_observation	REAL_TEST	14	57.1	100.0	-9.86	5.97	0.27	1689
ingolstadt1_dz50_presslight_latent_observation	REAL_TEST	16	240.7	100.0	-51.62	50.71	0.36	804
ingolstadt1_dz50_presslight_latent_observation	REAL_TEST	18	150.0	100.0	-6.59	3.00	0.28	1217
ingolstadt1_dz50_presslight_latent_observation	REAL_TEST	20	51.3	100.0	-7.36	3.24	0.27	1691
ingolstadt1_dz50_presslight_latent_observation	REAL_TEST	22	36.1	100.0	-5.29	1.37	0.15	1704
ingolstadt1_dz50_presslight_latent_observation	REAL_TEST	24	69.9	100.0	-6.97	3.04	0.28	1648
ingolstadt1_dz50_presslight_latent_observation	REAL_TEST	26	147.4	100.0	-6.10	2.50	0.28	1214
ingolstadt1_dz50_presslight_latent_observation	REAL_TEST	28	158.2	100.0	-5.92	2.39	0.28	1138
ingolstadt1_dz50_presslight_latent_observation	REAL_TEST	30	142.8	100.0	-6.02	2.50	0.25	1225
ingolstadt1_dz50_presslight_latent_observation	REAL_TEST	32	144.5	100.0	-6.29	2.75	0.25	1219
ingolstadt1_dz50_presslight_latent_observation	REAL_TEST	34	111.2	100.0	-6.55	2.71	0.25	1588
ingolstadt1_dz50_presslight_latent_observation	REAL_TEST	36	37.0	100.0	-5.32	1.37	0.15	1702
ingolstadt1_dz50_presslight_latent_observation	REAL_TEST	38	57.0	100.0	-6.12	2.24	0.22	1691
ingolstadt1_dz50_presslight_latent_observation	REAL_TEST	40	158.2	100.0	-5.92	2.38	0.28	1138
ingolstadt1_dz50_presslight_latent_observation	REAL_TEST	42	41.0	100.0	-5.40	1.44	0.16	1700
ingolstadt1_dz50_presslight_latent_observation	REAL_TEST	44	158.2	100.0	-5.92	2.38	0.28	1138
ingolstadt1_dz50_presslight_latent_observation	REAL_TEST	46	152.6	100.0	-6.41	2.93	0.28	1153
ingolstadt1_dz50_presslight_latent_observation	REAL_TEST	48	147.1	100.0	-6.26	2.73	0.28	1225
ingolstadt1_dz50_presslight_latent_observation	REAL_TEST	50	156.6	100.0	-6.85	3.34	0.28	1145
ingolstadt1_dz50_presslight_latent_observation	REAL_TEST	52	154.4	100.0	-6.42	2.91	0.28	1152
ingolstadt1_dz50_presslight_latent_observation	REAL_TEST	54	156.6	100.0	-6.85	3.34	0.28	1145
ingolstadt1_dz50_presslight_latent_observation	REAL_TEST	56	150.8	100.0	-6.15	2.63	0.25	1161
ingolstadt1_dz50_presslight_latent_observation	REAL_TEST	58	158.2	100.0	-5.92	2.38	0.28	1138
ingolstadt1_dz50_presslight_latent_observation	REAL_TEST	60	158.2	100.0	-5.92	2.38	0.28	1138
ingolstadt1_dz50_presslight_latent_observation	REAL_TEST	62	131.4	100.0	-6.56	2.92	0.27	1350
ingolstadt1_dz50_presslight_latent_observation	REAL_TEST	64	79.3	100.0	-6.53	2.59	0.24	1669
ingolstadt1_dz50_presslight_latent_observation	REAL_TEST	66	158.2	100.0	-5.92	2.38	0.28	1138
ingolstadt1_dz50_presslight_latent_observation	REAL_TEST	68	89.7	100.0	-6.48	2.56	0.23	1587
ingolstadt1_dz50_presslight_latent_observation	REAL_TEST	70	97.3	100.0	-6.66	2.78	0.25	1635
ingolstadt1_dz50_presslight_latent_observation	REAL_TEST	72	105.9	100.0	-6.71	2.81	0.24	1562
ingolstadt1_dz50_presslight_latent_observation	REAL_TEST	74	63.2	100.0	-6.01	2.14	0.22	1647
ingolstadt1_dz50_presslight_latent_observation	REAL_TEST	76	127.7	100.0	-5.32	1.68	0.20	1298
ingolstadt1_dz50_presslight_latent_observation	REAL_TEST	78	135.7	100.0	-6.31	2.69	0.26	1308
ingolstadt1_dz50_presslight_latent_observation	REAL_TEST	80	158.2	100.0	-5.92	2.38	0.28	1138
ingolstadt1_dz50_presslight_latent_observation	REAL_TEST	82	158.2	100.0	-5.92	2.39	0.28	1138
ingolstadt1_dz50_presslight_latent_observation	REAL_TEST	84	141.7	100.0	-6.19	2.64	0.25	1247
ingolstadt1_dz50_presslight_latent_observation	REAL_TEST	86	158.2	100.0	-5.92	2.39	0.28	1138
ingolstadt1_dz50_presslight_latent_observation	REAL_TEST	88	135.7	100.0	-6.31	2.69	0.26	1308
ingolstadt1_dz50_presslight_latent_observation	REAL_TEST	90	82.4	100.0	-5.41	1.73	0.19	1408
ingolstadt1_dz50_presslight_latent_observation	REAL_TEST	92	128.4	100.0	-5.19	1.58	0.19	1250
ingolstadt1_dz50_presslight_latent_observation	REAL_TEST	94	38.9	100.0	-5.47	1.54	0.17	1703
ingolstadt1_dz50_presslight_latent_observation	REAL_TEST	96	39.5	100.0	-5.32	1.38	0.16	1704
ingolstadt1_dz50_presslight_latent_observation	REAL_TEST	98	40.0	100.0	-5.34	1.41	0.16	1704
ingolstadt1_dz50_presslight_latent_observation	REAL_TEST	100	40.7	100.0	-5.35	1.42	0.16	1702
ingolstadt1_dz50_presslight_latent_observation	REAL_TEST	102	37.2	100.0	-5.28	1.32	0.16	1703
ingolstadt1_dz50_presslight_latent_observation	REAL_TEST	104	37.7	100.0	-5.28	1.31	0.15	1700
ingolstadt1_dz50_presslight_latent_observation	REAL_TEST	106	87.6	100.0	-5.58	1.90	0.20	1420
ingolstadt1_dz50_presslight_latent_observation	REAL_TEST	108	40.7	100.0	-5.29	1.36	0.16	1703
ingolstadt1_dz50_presslight_latent_observation	REAL_TEST	110	40.1	100.0	-5.28	1.40	0.16	1704
ingolstadt1_dz50_presslight_latent_observation	REAL_TEST	112	38.2	100.0	-5.36	1.46	0.16	1702
ingolstadt1_dz50_presslight_latent_observation	REAL_TEST	114	38.4	100.0	-5.36	1.49	0.15	1701
ingolstadt1_dz50_presslight_latent_observation	REAL_TEST	116	82.5	100.0	-6.58	2.69	0.23	1592
ingolstadt1_dz50_presslight_latent_observation	REAL_TEST	118	38.8	100.0	-5.46	1.51	0.16	1703
ingolstadt1_dz50_presslight_latent_observation	REAL_TEST	120	39.0	100.0	-5.41	1.51	0.16	1698
ingolstadt1_dz50_presslight_latent_observation	REAL_TEST	122	65.1	100.0	-6.03	2.15	0.19	1656
ingolstadt1_dz50_presslight_latent_observation	REAL_TEST	124	37.3	100.0	-5.32	1.47	0.15	1702
ingolstadt1_dz50_presslight_latent_observation	REAL_TEST	126	38.1	100.0	-5.33	1.42	0.15	1704
ingolstadt1_dz50_presslight_latent_observation	REAL_TEST	128	37.3	100.0	-5.28	1.32	0.15	1702
ingolstadt1_dz50_presslight_latent_observation	REAL_TEST	130	37.5	100.0	-5.21	1.28	0.15	1704
ingolstadt1_dz50_presslight_latent_observation	REAL_TEST	132	36.7	100.0	-5.28	1.27	0.14	1703
ingolstadt1_dz50_presslight_latent_observation	REAL_TEST	134	37.7	100.0	-5.27	1.28	0.15	1702
ingolstadt1_dz50_presslight_latent_observation	REAL_TEST	136	41.7	100.0	-5.77	1.91	0.19	1697
ingolstadt1_dz50_presslight_latent_observation	REAL_TEST	138	37.1	100.0	-5.30	1.34	0.15	1704
ingolstadt1_dz50_presslight_latent_observation	REAL_TEST	140	37.0	100.0	-5.58	1.57	0.15	1704
ingolstadt1_dz50_presslight_latent_observation	REAL_TEST	142	38.9	100.0	-5.50	1.55	0.15	1704
ingolstadt1_dz50_presslight_latent_observation	REAL_TEST	144	39.1	100.0	-5.49	1.54	0.16	1703
ingolstadt1_dz50_presslight_latent_observation	REAL_TEST	146	38.7	100.0	-5.40	1.52	0.16	1702
ingolstadt1_dz50_presslight_latent_observation	REAL_TEST	148	150.3	100.0	-5.25	1.71	0.20	1151
ingolstadt1_dz50_presslight_latent_observation	REAL_TEST	150	37.8	100.0	-5.38	1.44	0.15	1702
ingolstadt1_dz50_presslight_latent_observation	REAL_TEST	152	38.5	100.0	-5.26	1.29	0.15	1700
ingolstadt1_dz50_presslight_latent_observation	REAL_TEST	154	158.2	100.0	-5.92	2.38	0.28	1138
ingolstadt1_dz50_presslight_latent_observation	REAL_TEST	156	36.8	100.0	-5.41	1.46	0.15	1702
ingolstadt1_dz50_presslight_latent_observation	REAL_TEST	158	36.7	100.0	-5.29	1.32	0.15	1702
ingolstadt1_dz50_presslight_latent_observation	REAL_TEST	160	158.2	100.0	-5.92	2.38	0.28	1138
ingolstadt1_dz50_presslight_latent_observation	REAL_TEST	162	38.5	100.0	-5.27	1.35	0.15	1703
ingolstadt1_dz50_presslight_latent_observation	REAL_TEST	164	39.8	100.0	-5.81	1.78	0.16	1701
ingolstadt1_dz50_presslight_latent_observation	REAL_TEST	166	158.2	100.0	-5.92	2.38	0.28	1138
ingolstadt1_dz50_presslight_latent_observation	REAL_TEST	168	38.8	100.0	-5.45	1.51	0.16	1701
ingolstadt1_dz50_presslight_latent_observation	REAL_TEST	170	158.2	100.0	-5.92	2.38	0.28	1138
ingolstadt1_dz50_presslight_latent_observation	REAL_TEST	172	38.4	100.0	-5.41	1.49	0.16	1702
ingolstadt1_dz50_presslight_latent_observation	REAL_TEST	174	41.4	100.0	-5.50	1.59	0.17	1662
ingolstadt1_dz50_presslight_latent_observation	REAL_TEST	176	38.1	100.0	-5.40	1.50	0.16	1701
ingolstadt1_dz50_presslight_latent_observation	REAL_TEST	178	158.2	100.0	-5.92	2.38	0.28	1138
ingolstadt1_dz50_presslight_latent_observation	REAL_TEST	180	44.4	100.0	-5.53	1.59	0.17	1704
ingolstadt1_dz50_presslight_latent_observation	REAL_TEST	182	39.4	100.0	-5.48	1.53	0.16	1703
ingolstadt1_dz50_presslight_latent_observation	REAL_TEST	184	38.0	100.0	-5.34	1.42	0.15	1701
ingolstadt1_dz50_presslight_latent_observation	REAL_TEST	186	158.2	100.0	-5.92	2.38	0.28	1138
ingolstadt1_dz50_presslight_latent_observation	REAL_TEST	188	37.8	100.0	-5.39	1.45	0.15	1701
ingolstadt1_dz50_presslight_latent_observation	REAL_TEST	190	158.2	100.0	-5.92	2.38	0.28	1138
ingolstadt1_dz50_presslight_latent_observation	REAL_TEST	192	36.2	100.0	-5.37	1.40	0.15	1701
ingolstadt1_dz50_presslight_latent_observation	REAL_TEST	194	132.3	100.0	-6.62	2.93	0.26	1328
ingolstadt1_dz50_presslight_latent_observation	REAL_TEST	196	38.3	100.0	-5.43	1.47	0.15	1701
ingolstadt1_dz50_presslight_latent_observation	REAL_TEST	198	67.9	100.0	-6.97	3.02	0.24	1667
