RewardInference: 18 probes (components ['queue', 'delay', 'waiting', 'pressure', 'switches', 'fairness'] x 3 repeats, capped at 99 by real budget)
SIM_TRAIN step:0, travel time:991.3982624599909, q_loss:0.20485204, rewards:-168.72159, queue:234.7426, delay:0.7678588, throughput:3260, raw_metrics:{'fairness': 1853.667}
SIM_TRAIN step:1, travel time:307.9478260869565, q_loss:0.093589395, rewards:-45.02778, queue:30.711111, delay:0.7358291, throughput:4067, raw_metrics:{'fairness': 2271.333}
SIM_TRAIN step:2, travel time:256.9894712748913, q_loss:0.070042536, rewards:-37.176422, queue:39.75741, delay:0.7321433, throughput:4186, raw_metrics:{'fairness': 2684.0}
REAL_TRAIN step:1, travel time:212.02805755395684, q_loss:100, rewards:-99.026375, queue:30.536112, delay:0.7643918, throughput:3909, R_real:-178.4593, components:{'queue': 0.569, 'delay': 0.0, 'waiting': 141.09, 'pressure': 0.0, 'switches': 0.0, 'fairness': 36.8}, raw_metrics:{'fairness': 742.0, 'emission': 1615.578, 'fuel': 523.754, 'emergency_stops': 13.0, 'collisions': 0.0, 'ssm_conflicts': 736.0}, probe[queue]
SIM_TRAIN step:3, travel time:1300.0867673992675, q_loss:0.08941027, rewards:-190.57689, queue:258.975, delay:0.716969, throughput:1905, raw_metrics:{'fairness': 1079.667}
SIM_TRAIN step:4, travel time:1201.5753205128206, q_loss:0.022345567, rewards:-192.05247, queue:271.4, delay:0.69085324, throughput:1413, raw_metrics:{'fairness': 959.667}
SIM_TRAIN step:5, travel time:1095.6144688644688, q_loss:0.025560863, rewards:-171.09808, queue:251.10185, delay:0.6494259, throughput:2031, raw_metrics:{'fairness': 1036.667}
REAL_TRAIN step:2, travel time:980.0689177968447, q_loss:100, rewards:-298.2389, queue:233.61852, delay:0.836451, throughput:2052, R_real:-697.2706, components:{'queue': 3.674, 'delay': 0.0, 'waiting': 672.783, 'pressure': 0.0, 'switches': 0.0, 'fairness': 20.814}, raw_metrics:{'fairness': 458.667, 'emission': 5538.133, 'fuel': 1795.426, 'emergency_stops': 6.0, 'collisions': 0.0, 'ssm_conflicts': 1754.0}, probe[delay]
SIM_TRAIN step:6, travel time:1444.3665293040292, q_loss:3177.3132, rewards:-206.65025, queue:283.01944, delay:0.76778495, throughput:1425, raw_metrics:{'fairness': 643.333}
SIM_TRAIN step:7, travel time:1219.2777014652015, q_loss:824.07104, rewards:-217.3214, queue:233.5287, delay:0.7515268, throughput:1753, raw_metrics:{'fairness': 889.333}
SIM_TRAIN step:8, travel time:1028.1059496567507, q_loss:864.47894, rewards:-208.15382, queue:170.51852, delay:0.7607692, throughput:2034, raw_metrics:{'fairness': 1059.667}
REAL_TRAIN step:3, travel time:933.256729475101, q_loss:100, rewards:-252.67104, queue:187.30278, delay:0.7985312, throughput:1754, R_real:-685.4949, components:{'queue': 2.866, 'delay': 0.0, 'waiting': 665.842, 'pressure': 0.0, 'switches': 0.0, 'fairness': 16.787}, raw_metrics:{'fairness': 277.0, 'emission': 4385.14, 'fuel': 1421.634, 'emergency_stops': 0.0, 'collisions': 0.0, 'ssm_conflicts': 1202.0}, probe[waiting]
SIM_TRAIN step:9, travel time:1238.9718471046006, q_loss:10.670382, rewards:-203.82439, queue:242.30649, delay:0.7713879, throughput:2103, raw_metrics:{'fairness': 1162.0}
SIM_TRAIN step:10, travel time:395.930876630808, q_loss:3.467087, rewards:-89.02971, queue:50.81296, delay:0.76624787, throughput:3714, raw_metrics:{'fairness': 1423.0}
SIM_TRAIN step:11, travel time:328.05996795605404, q_loss:4.158171, rewards:-91.08025, queue:56.460186, delay:0.8647346, throughput:3969, raw_metrics:{'fairness': 2252.333}
REAL_TRAIN step:4, travel time:316.4788975021533, q_loss:100, rewards:-128.81305, queue:50.711113, delay:0.74086523, throughput:3163, R_real:-228.2208, components:{'queue': 0.807, 'delay': 0.0, 'waiting': 206.569, 'pressure': 0.0, 'switches': 0.0, 'fairness': 20.845}, raw_metrics:{'fairness': 438.667, 'emission': 1916.104, 'fuel': 621.183, 'emergency_stops': 8.0, 'collisions': 0.0, 'ssm_conflicts': 1320.0}, probe[pressure]
SIM_TRAIN step:12, travel time:1184.695512820513, q_loss:0.052731317, rewards:-102.25579, queue:244.27592, delay:0.830517, throughput:2158, raw_metrics:{'fairness': 1069.333}
SIM_TRAIN step:13, travel time:1003.883295194508, q_loss:0.024518931, rewards:-232.40723, queue:199.98518, delay:0.83533514, throughput:2011, raw_metrics:{'fairness': 174.0}
SIM_TRAIN step:14, travel time:1185.5620421245421, q_loss:0.0130831, rewards:-217.18585, queue:220.86296, delay:0.859476, throughput:1794, raw_metrics:{'fairness': 125.667}
REAL_TRAIN step:5, travel time:1711.7022332506203, q_loss:100, rewards:-119.32808, queue:266.08517, delay:0.8448839, throughput:620, R_real:-1056.3757, components:{'queue': 3.947, 'delay': 0.0, 'waiting': 1046.465, 'pressure': 0.0, 'switches': 0.0, 'fairness': 5.964}, raw_metrics:{'fairness': 246.333, 'emission': 5333.299, 'fuel': 1729.024, 'emergency_stops': 0.0, 'collisions': 0.0, 'ssm_conflicts': 1163.0}, probe[switches]
SIM_TRAIN step:15, travel time:1012.0624428179323, q_loss:9.318907, rewards:-55.01416, queue:178.2713, delay:0.7662704, throughput:2926, raw_metrics:{'fairness': 1695.333}
SIM_TRAIN step:16, travel time:1666.070512820513, q_loss:8.0256, rewards:-238.48354, queue:342.34445, delay:0.7335645, throughput:632, raw_metrics:{'fairness': 563.333}
SIM_TRAIN step:17, travel time:1611.276327838828, q_loss:5.0613623, rewards:-246.11581, queue:314.01666, delay:0.78925294, throughput:571, raw_metrics:{'fairness': 370.667}
REAL_TRAIN step:6, travel time:1574.2635796972395, q_loss:100, rewards:-374.71225, queue:283.7139, delay:0.9027813, throughput:1409, R_real:-1069.6325, components:{'queue': 4.599, 'delay': 0.0, 'waiting': 1055.175, 'pressure': 0.0, 'switches': 0.0, 'fairness': 9.859}, raw_metrics:{'fairness': 142.333, 'emission': 5488.395, 'fuel': 1779.304, 'emergency_stops': 4.0, 'collisions': 0.0, 'ssm_conflicts': 1459.0}, probe[fairness]
SIM_TRAIN step:18, travel time:1107.9194323643853, q_loss:0.26063675, rewards:-195.38004, queue:222.23703, delay:0.7165889, throughput:2933, raw_metrics:{'fairness': 1396.0}
SIM_TRAIN step:19, travel time:635.2171624713959, q_loss:0.098813824, rewards:-62.432774, queue:89.57315, delay:0.7253969, throughput:3637, raw_metrics:{'fairness': 2126.333}
SIM_TRAIN step:20, travel time:272.74107142857144, q_loss:0.095496155, rewards:-45.66528, queue:49.42315, delay:0.7088557, throughput:4112, raw_metrics:{'fairness': 2572.667}
REAL_TRAIN step:7, travel time:1028.3396099529255, q_loss:100, rewards:-314.37543, queue:188.23056, delay:0.82961583, throughput:1717, R_real:-702.3733, components:{'queue': 3.036, 'delay': 0.0, 'waiting': 681.246, 'pressure': 0.0, 'switches': 0.0, 'fairness': 18.091}, raw_metrics:{'fairness': 492.667, 'emission': 4764.845, 'fuel': 1544.732, 'emergency_stops': 4.0, 'collisions': 0.0, 'ssm_conflicts': 1201.0}, probe[queue]
SIM_TRAIN step:21, travel time:1189.722717913521, q_loss:0.036871646, rewards:-202.48972, queue:212.64166, delay:0.701035, throughput:2042, raw_metrics:{'fairness': 917.0}
SIM_TRAIN step:22, travel time:802.0968406593406, q_loss:0.026996458, rewards:-161.68503, queue:148.21481, delay:0.6680196, throughput:2712, raw_metrics:{'fairness': 990.333}
SIM_TRAIN step:23, travel time:1018.6946669718471, q_loss:0.030855285, rewards:-179.31999, queue:188.15834, delay:0.61070275, throughput:2008, raw_metrics:{'fairness': 780.0}
REAL_TRAIN step:8, travel time:2199.5587934560326, q_loss:100, rewards:-345.51917, queue:353.08704, delay:0.8088016, throughput:191, R_real:-1459.5789, components:{'queue': 5.573, 'delay': 0.0, 'waiting': 1446.749, 'pressure': 0.0, 'switches': 0.0, 'fairness': 7.256}, raw_metrics:{'fairness': 71.333, 'emission': 6608.878, 'fuel': 2142.561, 'emergency_stops': 0.0, 'collisions': 0.0, 'ssm_conflicts': 1513.0}, probe[delay]
SIM_TRAIN step:24, travel time:1321.503434065934, q_loss:590.7438, rewards:-178.283, queue:255.86852, delay:0.75830084, throughput:1867, raw_metrics:{'fairness': 1255.333}
SIM_TRAIN step:25, travel time:845.2197802197802, q_loss:172.93652, rewards:-71.98429, queue:160.65186, delay:0.8312486, throughput:3600, raw_metrics:{'fairness': 2261.333}
SIM_TRAIN step:26, travel time:242.8178906428735, q_loss:161.97687, rewards:-61.919174, queue:37.31852, delay:0.8081794, throughput:4172, raw_metrics:{'fairness': 3019.0}
REAL_TRAIN step:9, travel time:1528.6254375729288, q_loss:100, rewards:-313.85107, queue:310.47128, delay:0.78676045, throughput:888, R_real:-1229.1532, components:{'queue': 4.876, 'delay': 0.0, 'waiting': 1219.126, 'pressure': 0.0, 'switches': 0.0, 'fairness': 5.151}, raw_metrics:{'fairness': 56.0, 'emission': 6096.073, 'fuel': 1976.311, 'emergency_stops': 1.0, 'collisions': 0.0, 'ssm_conflicts': 1428.0}, probe[waiting]
SIM_TRAIN step:27, travel time:1309.6229133318088, q_loss:5.641405, rewards:-180.73026, queue:243.90092, delay:0.7269205, throughput:2659, raw_metrics:{'fairness': 922.0}
SIM_TRAIN step:28, travel time:495.5636446886447, q_loss:4.4532876, rewards:-70.77444, queue:65.07222, delay:0.7427551, throughput:3439, raw_metrics:{'fairness': 1753.0}
SIM_TRAIN step:29, travel time:552.0975274725274, q_loss:4.879887, rewards:-105.88444, queue:50.987038, delay:0.83401525, throughput:3202, raw_metrics:{'fairness': 633.0}
REAL_TRAIN step:10, travel time:1366.6580600139566, q_loss:100, rewards:-360.9495, queue:230.34814, delay:0.8521155, throughput:1060, R_real:-881.2680, components:{'queue': 3.698, 'delay': 0.0, 'waiting': 855.297, 'pressure': 0.0, 'switches': 0.0, 'fairness': 22.272}, raw_metrics:{'fairness': 457.333, 'emission': 6060.947, 'fuel': 1964.922, 'emergency_stops': 2.0, 'collisions': 0.0, 'ssm_conflicts': 1546.0}, probe[pressure]
SIM_TRAIN step:30, travel time:1379.3905677655678, q_loss:0.033694196, rewards:-221.91081, queue:286.30463, delay:0.89753115, throughput:1058, raw_metrics:{'fairness': 633.0}
SIM_TRAIN step:31, travel time:1263.3049450549452, q_loss:0.018541707, rewards:-217.13055, queue:293.4111, delay:0.88945746, throughput:1210, raw_metrics:{'fairness': 984.0}
SIM_TRAIN step:32, travel time:1534.315705128205, q_loss:0.012365786, rewards:-251.31111, queue:252.50462, delay:0.9176096, throughput:808, raw_metrics:{'fairness': 179.0}
REAL_TRAIN step:11, travel time:1561.8500506585613, q_loss:100, rewards:-136.34138, queue:237.22314, delay:0.9008166, throughput:670, R_real:-958.2074, components:{'queue': 3.633, 'delay': 0.0, 'waiting': 946.337, 'pressure': 0.0, 'switches': 0.0, 'fairness': 8.238}, raw_metrics:{'fairness': 251.333, 'emission': 4780.279, 'fuel': 1549.738, 'emergency_stops': 0.0, 'collisions': 0.0, 'ssm_conflicts': 1093.0}, probe[switches]
SIM_TRAIN step:33, travel time:344.40613553113553, q_loss:47.432415, rewards:-46.37581, queue:74.17037, delay:0.7893168, throughput:3619, raw_metrics:{'fairness': 893.667}
SIM_TRAIN step:34, travel time:1380.5847069597069, q_loss:18.108032, rewards:-218.68555, queue:292.44907, delay:0.8097692, throughput:1108, raw_metrics:{'fairness': 260.0}
SIM_TRAIN step:35, travel time:1447.565705128205, q_loss:16.298744, rewards:-243.9276, queue:307.3287, delay:0.8340329, throughput:997, raw_metrics:{'fairness': 140.0}
REAL_TRAIN step:12, travel time:1607.5214990138068, q_loss:100, rewards:-361.89053, queue:347.69537, delay:0.7651851, throughput:863, R_real:-1448.9525, components:{'queue': 5.471, 'delay': 0.0, 'waiting': 1441.336, 'pressure': 0.0, 'switches': 0.0, 'fairness': 2.145}, raw_metrics:{'fairness': 49.667, 'emission': 6311.413, 'fuel': 2046.123, 'emergency_stops': 0.0, 'collisions': 0.0, 'ssm_conflicts': 1408.0}, probe[fairness]
SIM_TRAIN step:36, travel time:553.433836996337, q_loss:0.023803385, rewards:-50.4231, queue:70.71018, delay:0.7362316, throughput:3789, raw_metrics:{'fairness': 2163.667}
SIM_TRAIN step:37, travel time:247.8919661249714, q_loss:0.007968244, rewards:-33.82277, queue:14.000926, delay:0.6859266, throughput:4132, raw_metrics:{'fairness': 681.333}
SIM_TRAIN step:38, travel time:176.28192219679633, q_loss:0.0064276997, rewards:-24.68527, queue:10.389814, delay:0.6260266, throughput:4233, raw_metrics:{'fairness': 525.0}
REAL_TRAIN step:13, travel time:349.80561172901923, q_loss:100, rewards:-88.8875, queue:54.791668, delay:0.66870904, throughput:3534, R_real:-143.4209, components:{'queue': 0.857, 'delay': 0.0, 'waiting': 114.29, 'pressure': 0.0, 'switches': 0.0, 'fairness': 28.274}, raw_metrics:{'fairness': 597.667, 'emission': 2317.473, 'fuel': 751.303, 'emergency_stops': 7.0, 'collisions': 0.0, 'ssm_conflicts': 1328.0}, probe[queue]
SIM_TRAIN step:39, travel time:1067.608466819222, q_loss:0.063601404, rewards:-220.73587, queue:233.08704, delay:0.80826586, throughput:1920, raw_metrics:{'fairness': 1379.667}
SIM_TRAIN step:40, travel time:1289.293956043956, q_loss:0.024561504, rewards:-193.21974, queue:268.20926, delay:0.771504, throughput:1460, raw_metrics:{'fairness': 719.667}
SIM_TRAIN step:41, travel time:1069.7102974828376, q_loss:0.027917685, rewards:-185.45642, queue:234.425, delay:0.7101099, throughput:2361, raw_metrics:{'fairness': 1703.333}
REAL_TRAIN step:14, travel time:726.9249099473539, q_loss:100, rewards:-286.4528, queue:167.20833, delay:0.78375876, throughput:2574, R_real:-588.6982, components:{'queue': 2.714, 'delay': 0.0, 'waiting': 551.494, 'pressure': 0.0, 'switches': 0.0, 'fairness': 34.489}, raw_metrics:{'fairness': 622.0, 'emission': 4072.554, 'fuel': 1320.291, 'emergency_stops': 1.0, 'collisions': 0.0, 'ssm_conflicts': 1443.0}, probe[delay]
SIM_TRAIN step:42, travel time:1296.9530677655678, q_loss:514.77924, rewards:-220.50555, queue:240.81944, delay:0.83686554, throughput:2281, raw_metrics:{'fairness': 1050.333}
SIM_TRAIN step:43, travel time:348.6310368505379, q_loss:178.84993, rewards:-78.81137, queue:73.888885, delay:0.7953557, throughput:3741, raw_metrics:{'fairness': 1123.0}
SIM_TRAIN step:44, travel time:812.1423340961098, q_loss:152.37433, rewards:-139.11015, queue:142.31667, delay:0.85313904, throughput:2574, raw_metrics:{'fairness': 951.0}
REAL_TRAIN step:15, travel time:741.9288206559665, q_loss:100, rewards:-235.90974, queue:155.40834, delay:0.78104484, throughput:1565, R_real:-505.5319, components:{'queue': 2.632, 'delay': 0.0, 'waiting': 487.185, 'pressure': 0.0, 'switches': 0.0, 'fairness': 15.715}, raw_metrics:{'fairness': 179.333, 'emission': 3378.706, 'fuel': 1095.354, 'emergency_stops': 3.0, 'collisions': 0.0, 'ssm_conflicts': 1272.0}, probe[waiting]
SIM_TRAIN step:45, travel time:1060.341876430206, q_loss:74.788475, rewards:-191.22101, queue:231.57315, delay:0.8023826, throughput:2860, raw_metrics:{'fairness': 808.333}
SIM_TRAIN step:46, travel time:619.3695054945055, q_loss:9.812849, rewards:-96.37041, queue:100.44259, delay:0.7046719, throughput:3493, raw_metrics:{'fairness': 2332.667}
SIM_TRAIN step:47, travel time:565.6294346532387, q_loss:7.536075, rewards:-65.59977, queue:81.42963, delay:0.7426083, throughput:3394, raw_metrics:{'fairness': 1575.0}
REAL_TRAIN step:16, travel time:535.3692933992439, q_loss:100, rewards:-115.24056, queue:87.34259, delay:0.7273747, throughput:2629, R_real:-349.0833, components:{'queue': 1.417, 'delay': 0.0, 'waiting': 319.056, 'pressure': 0.0, 'switches': 0.0, 'fairness': 28.611}, raw_metrics:{'fairness': 393.667, 'emission': 2878.174, 'fuel': 933.081, 'emergency_stops': 5.0, 'collisions': 1.0, 'ssm_conflicts': 859.0}, probe[pressure]
SIM_TRAIN step:48, travel time:1053.654532967033, q_loss:0.03002597, rewards:-219.64171, queue:196.34074, delay:0.82229364, throughput:1894, raw_metrics:{'fairness': 109.333}
SIM_TRAIN step:49, travel time:1375.4397893772893, q_loss:0.024014182, rewards:-174.02553, queue:277.82037, delay:0.8468609, throughput:983, raw_metrics:{'fairness': 479.0}
SIM_TRAIN step:50, travel time:1652.8463827838827, q_loss:0.015424019, rewards:-231.54501, queue:318.88333, delay:0.9010249, throughput:471, raw_metrics:{'fairness': 238.333}
REAL_TRAIN step:17, travel time:1656.4222222222222, q_loss:100, rewards:-122.78254, queue:225.42963, delay:0.8580755, throughput:713, R_real:-897.7145, components:{'queue': 3.311, 'delay': 0.0, 'waiting': 885.916, 'pressure': 0.0, 'switches': 0.0, 'fairness': 8.488}, raw_metrics:{'fairness': 259.333, 'emission': 5191.645, 'fuel': 1683.101, 'emergency_stops': 0.0, 'collisions': 0.0, 'ssm_conflicts': 1065.0}, probe[switches]
SIM_TRAIN step:51, travel time:1285.1965675057209, q_loss:2.5413163, rewards:-197.03928, queue:236.77592, delay:0.69293445, throughput:1713, raw_metrics:{'fairness': 791.333}
SIM_TRAIN step:52, travel time:1367.9507783882784, q_loss:2.0900757, rewards:-221.85742, queue:302.28888, delay:0.75941086, throughput:1344, raw_metrics:{'fairness': 233.333}
SIM_TRAIN step:53, travel time:1407.246336996337, q_loss:1.7515589, rewards:-240.24353, queue:317.92407, delay:0.79229033, throughput:1326, raw_metrics:{'fairness': 252.0}
REAL_TRAIN step:18, travel time:919.0006765899865, q_loss:100, rewards:-239.33328, queue:209.72037, delay:0.82705724, throughput:1778, R_real:-710.9714, components:{'queue': 3.153, 'delay': 0.0, 'waiting': 692.304, 'pressure': 0.0, 'switches': 0.0, 'fairness': 15.515}, raw_metrics:{'fairness': 269.333, 'emission': 4291.132, 'fuel': 1391.157, 'emergency_stops': 2.0, 'collisions': 0.0, 'ssm_conflicts': 1524.0}, probe[fairness]
RewardInference identified ŵ: {'queue': 0.5, 'delay': 0.0, 'waiting': 1.0, 'pressure': 0.0, 'switches': 0.0, 'fairness': 2.0}
RewardInference: renormalized actionable ŵ (max->1): {'queue': 0.25, 'waiting': 0.5, 'fairness': 1.0}
REAL_TRAIN step:0, travel time:146.96124390809933, q_loss:100, rewards:-36.52334, queue:7.172222, delay:0.57660383, throughput:4142, R_real:-36.0458, components:{'queue': 0.146, 'delay': 0.0, 'waiting': 4.434, 'pressure': 0.0, 'switches': 0.0, 'fairness': 31.465}, raw_metrics:{'fairness': 549.667, 'emission': 1243.123, 'fuel': 403.006, 'emergency_stops': 9.0, 'collisions': 0.0, 'ssm_conflicts': 531.0}, final;warmstart
SIM_TRAIN step:54, travel time:130.28571428571428, q_loss:0, rewards:-4.553051, queue:3.75, delay:0.5684924, throughput:4293, raw_metrics:{'fairness': 876.333}
SIM_TRAIN step:55, travel time:129.1162471395881, q_loss:0, rewards:-3.7408333, queue:3.2935185, delay:0.56264615, throughput:4303, raw_metrics:{'fairness': 492.667}
REAL_TRAIN step:2, travel time:146.96124390809933, q_loss:100, rewards:-36.52334, queue:7.172222, delay:0.57660383, throughput:4142, R_real:-36.0458, components:{'queue': 0.146, 'delay': 0.0, 'waiting': 4.434, 'pressure': 0.0, 'switches': 0.0, 'fairness': 31.465}, raw_metrics:{'fairness': 549.667, 'emission': 1243.123, 'fuel': 403.006, 'emergency_stops': 9.0, 'collisions': 0.0, 'ssm_conflicts': 531.0}, final;ckpt
SIM_TRAIN step:56, travel time:132.35591668574045, q_loss:50.02358, rewards:-6.9355536, queue:4.5935187, delay:0.5832224, throughput:4277, raw_metrics:{'fairness': 519.0}
SIM_TRAIN step:57, travel time:194.1294602012809, q_loss:45.976223, rewards:-54.05334, queue:24.702778, delay:0.5953943, throughput:4203, raw_metrics:{'fairness': 364.667}
REAL_TRAIN step:4, travel time:1213.5252488020642, q_loss:100, rewards:-249.64273, queue:213.81482, delay:0.81729126, throughput:919, R_real:-700.9093, components:{'queue': 3.418, 'delay': 0.0, 'waiting': 678.362, 'pressure': 0.0, 'switches': 0.0, 'fairness': 19.129}, raw_metrics:{'fairness': 214.0, 'emission': 5129.88, 'fuel': 1663.076, 'emergency_stops': 2.0, 'collisions': 0.0, 'ssm_conflicts': 1578.0}, final;ckpt
SIM_TRAIN step:58, travel time:201.09977116704806, q_loss:47.26279, rewards:-82.08194, queue:28.05, delay:0.56443, throughput:4204, raw_metrics:{'fairness': 126.333}
SIM_TRAIN step:59, travel time:193.81972088766872, q_loss:46.364037, rewards:-75.856964, queue:24.999075, delay:0.56811696, throughput:4221, raw_metrics:{'fairness': 562.667}
REAL_TRAIN step:6, travel time:2218.987367357251, q_loss:100, rewards:-378.2542, queue:312.60648, delay:0.9002905, throughput:176, R_real:-1280.9596, components:{'queue': 5.085, 'delay': 0.0, 'waiting': 1265.882, 'pressure': 0.0, 'switches': 0.0, 'fairness': 9.993}, raw_metrics:{'fairness': 116.333, 'emission': 6748.552, 'fuel': 2187.842, 'emergency_stops': 0.0, 'collisions': 0.0, 'ssm_conflicts': 1523.0}, final;ckpt
SIM_TRAIN step:60, travel time:177.18406593406593, q_loss:47.70379, rewards:-53.092514, queue:18.860186, delay:0.5385313, throughput:4265, raw_metrics:{'fairness': 578.0}
SIM_TRAIN step:61, travel time:179.43445435827041, q_loss:46.91391, rewards:-55.790825, queue:19.780556, delay:0.5631024, throughput:4251, raw_metrics:{'fairness': 1006.667}
REAL_TRAIN step:8, travel time:1957.0887959088795, q_loss:100, rewards:-373.46518, queue:298.375, delay:0.89778024, throughput:342, R_real:-1194.7505, components:{'queue': 4.879, 'delay': 0.0, 'waiting': 1175.996, 'pressure': 0.0, 'switches': 0.0, 'fairness': 13.876}, raw_metrics:{'fairness': 151.667, 'emission': 6482.821, 'fuel': 2101.694, 'emergency_stops': 1.0, 'collisions': 0.0, 'ssm_conflicts': 1541.0}, final;ckpt
SIM_TRAIN step:62, travel time:168.16868848706798, q_loss:46.835526, rewards:-46.98084, queue:16.38889, delay:0.5520398, throughput:4230, raw_metrics:{'fairness': 597.0}
SIM_TRAIN step:63, travel time:178.26430205949657, q_loss:45.251377, rewards:-58.098606, queue:19.682407, delay:0.5661261, throughput:4229, raw_metrics:{'fairness': 617.667}
REAL_TRAIN step:10, travel time:2038.469260326609, q_loss:100, rewards:-368.37354, queue:299.48798, delay:0.8892801, throughput:277, R_real:-1193.1661, components:{'queue': 4.878, 'delay': 0.0, 'waiting': 1176.502, 'pressure': 0.0, 'switches': 0.0, 'fairness': 11.786}, raw_metrics:{'fairness': 133.333, 'emission': 6529.933, 'fuel': 2116.967, 'emergency_stops': 1.0, 'collisions': 0.0, 'ssm_conflicts': 1608.0}, final;ckpt
SIM_TRAIN step:64, travel time:182.3354691075515, q_loss:43.771057, rewards:-62.67803, queue:20.539814, delay:0.55685014, throughput:4243, raw_metrics:{'fairness': 347.333}
SIM_TRAIN step:65, travel time:192.14275909402883, q_loss:43.608086, rewards:-75.93665, queue:24.211111, delay:0.55379343, throughput:4241, raw_metrics:{'fairness': 620.0}
REAL_TRAIN step:12, travel time:2037.208273208273, q_loss:100, rewards:-356.0555, queue:304.60278, delay:0.8941016, throughput:274, R_real:-1182.5996, components:{'queue': 4.901, 'delay': 0.0, 'waiting': 1166.838, 'pressure': 0.0, 'switches': 0.0, 'fairness': 10.86}, raw_metrics:{'fairness': 111.333, 'emission': 6517.212, 'fuel': 2112.843, 'emergency_stops': 2.0, 'collisions': 0.0, 'ssm_conflicts': 1592.0}, final;ckpt
SIM_TRAIN step:66, travel time:182.0341039139391, q_loss:41.69356, rewards:-65.42888, queue:21.086111, delay:0.5751112, throughput:4222, raw_metrics:{'fairness': 729.0}
SIM_TRAIN step:67, travel time:191.25337605859465, q_loss:38.18988, rewards:-75.58363, queue:24.141666, delay:0.55726534, throughput:4210, raw_metrics:{'fairness': 630.0}
REAL_TRAIN step:14, travel time:1856.5755362848015, q_loss:100, rewards:-369.11197, queue:320.46945, delay:0.9054726, throughput:387, R_real:-1230.4836, components:{'queue': 5.149, 'delay': 0.0, 'waiting': 1214.985, 'pressure': 0.0, 'switches': 0.0, 'fairness': 10.35}, raw_metrics:{'fairness': 98.667, 'emission': 6268.088, 'fuel': 2032.078, 'emergency_stops': 3.0, 'collisions': 0.0, 'ssm_conflicts': 1645.0}, final;ckpt
SIM_TRAIN step:68, travel time:194.88260869565218, q_loss:37.681908, rewards:-79.05417, queue:25.497223, delay:0.5580283, throughput:4204, raw_metrics:{'fairness': 952.333}
SIM_TRAIN step:69, travel time:188.59885583524027, q_loss:36.35618, rewards:-69.77245, queue:23.051851, delay:0.5462045, throughput:4236, raw_metrics:{'fairness': 346.0}
REAL_TRAIN step:16, travel time:2224.5808413583377, q_loss:100, rewards:-379.73837, queue:311.3139, delay:0.90214044, throughput:165, R_real:-1282.3953, components:{'queue': 5.069, 'delay': 0.0, 'waiting': 1267.207, 'pressure': 0.0, 'switches': 0.0, 'fairness': 10.119}, raw_metrics:{'fairness': 118.0, 'emission': 6745.486, 'fuel': 2186.848, 'emergency_stops': 0.0, 'collisions': 0.0, 'ssm_conflicts': 1547.0}, final;ckpt
SIM_TRAIN step:70, travel time:166.56463051933196, q_loss:36.096203, rewards:-43.408615, queue:15.764814, delay:0.5415741, throughput:4255, raw_metrics:{'fairness': 144.0}
SIM_TRAIN step:71, travel time:169.46361556064073, q_loss:36.42293, rewards:-48.265545, queue:16.698149, delay:0.5566702, throughput:4268, raw_metrics:{'fairness': 0.0}
REAL_TRAIN step:18, travel time:2007.5011887779362, q_loss:100, rewards:-365.83087, queue:318.01944, delay:0.90888196, throughput:299, R_real:-1223.0642, components:{'queue': 5.097, 'delay': 0.0, 'waiting': 1207.873, 'pressure': 0.0, 'switches': 0.0, 'fairness': 10.094}, raw_metrics:{'fairness': 97.667, 'emission': 6496.683, 'fuel': 2106.188, 'emergency_stops': 3.0, 'collisions': 0.0, 'ssm_conflicts': 1589.0}, final;ckpt
SIM_TRAIN step:72, travel time:161.53421835660333, q_loss:33.59221, rewards:-40.15111, queue:13.813889, delay:0.55199486, throughput:4268, raw_metrics:{'fairness': 395.0}
SIM_TRAIN step:73, travel time:169.10004578754578, q_loss:30.237337, rewards:-47.656403, queue:16.810184, delay:0.56644493, throughput:4238, raw_metrics:{'fairness': 579.667}
REAL_TRAIN step:20, travel time:1847.5203366058906, q_loss:100, rewards:-362.19858, queue:312.74258, delay:0.8936962, throughput:394, R_real:-1223.0477, components:{'queue': 5.018, 'delay': 0.0, 'waiting': 1207.74, 'pressure': 0.0, 'switches': 0.0, 'fairness': 10.29}, raw_metrics:{'fairness': 98.0, 'emission': 6090.449, 'fuel': 1974.488, 'emergency_stops': 0.0, 'collisions': 0.0, 'ssm_conflicts': 1532.0}, final;ckpt
SIM_TRAIN step:74, travel time:159.75766590389017, q_loss:26.569872, rewards:-39.97388, queue:13.735186, delay:0.5657496, throughput:4248, raw_metrics:{'fairness': 28.333}
SIM_TRAIN step:75, travel time:177.34439359267733, q_loss:23.443014, rewards:-56.29806, queue:19.041666, delay:0.5809304, throughput:4254, raw_metrics:{'fairness': 251.333}
REAL_TRAIN step:22, travel time:1441.0461095100864, q_loss:100, rewards:-350.25305, queue:276.30185, delay:0.8572893, throughput:753, R_real:-1033.1140, components:{'queue': 4.47, 'delay': 0.0, 'waiting': 1010.909, 'pressure': 0.0, 'switches': 0.0, 'fairness': 17.735}, raw_metrics:{'fairness': 192.667, 'emission': 5423.18, 'fuel': 1758.163, 'emergency_stops': 0.0, 'collisions': 0.0, 'ssm_conflicts': 1610.0}, final;ckpt
SIM_TRAIN step:76, travel time:161.82375829709315, q_loss:21.651466, rewards:-41.26638, queue:14.205556, delay:0.5691807, throughput:4244, raw_metrics:{'fairness': 619.333}
SIM_TRAIN step:77, travel time:166.85599816849816, q_loss:20.787634, rewards:-45.65583, queue:16.096296, delay:0.5831795, throughput:4253, raw_metrics:{'fairness': 234.667}
REAL_TRAIN step:24, travel time:1782.3804497475905, q_loss:100, rewards:-357.56, queue:299.15, delay:0.88631743, throughput:459, R_real:-1161.4795, components:{'queue': 4.823, 'delay': 0.0, 'waiting': 1144.447, 'pressure': 0.0, 'switches': 0.0, 'fairness': 12.209}, raw_metrics:{'fairness': 117.0, 'emission': 5990.107, 'fuel': 1941.958, 'emergency_stops': 0.0, 'collisions': 0.0, 'ssm_conflicts': 1590.0}, final;ckpt
SIM_TRAIN step:78, travel time:159.03981693363843, q_loss:19.69246, rewards:-38.18249, queue:13.281482, delay:0.5682021, throughput:4271, raw_metrics:{'fairness': 207.333}
SIM_TRAIN step:79, travel time:154.51635781285748, q_loss:17.82697, rewards:-33.5725, queue:11.509259, delay:0.5599351, throughput:4278, raw_metrics:{'fairness': 359.0}
REAL_TRAIN step:26, travel time:972.5288495575221, q_loss:100, rewards:-182.55981, queue:176.15463, delay:0.79364556, throughput:1381, R_real:-591.0193, components:{'queue': 2.653, 'delay': 0.0, 'waiting': 566.899, 'pressure': 0.0, 'switches': 0.0, 'fairness': 21.468}, raw_metrics:{'fairness': 359.667, 'emission': 4321.696, 'fuel': 1401.066, 'emergency_stops': 5.0, 'collisions': 0.0, 'ssm_conflicts': 1670.0}, final;ckpt
SIM_TRAIN step:80, travel time:170.69169146257724, q_loss:17.07114, rewards:-55.379166, queue:17.553703, delay:0.56665117, throughput:4233, raw_metrics:{'fairness': 386.333}
SIM_TRAIN step:81, travel time:161.68947368421053, q_loss:16.301168, rewards:-43.758057, queue:14.5222225, delay:0.560652, throughput:4245, raw_metrics:{'fairness': 233.667}
REAL_TRAIN step:28, travel time:2188.314475025484, q_loss:100, rewards:-371.72748, queue:344.8898, delay:0.916371, throughput:160, R_real:-1369.6089, components:{'queue': 5.47, 'delay': 0.0, 'waiting': 1357.443, 'pressure': 0.0, 'switches': 0.0, 'fairness': 6.696}, raw_metrics:{'fairness': 61.667, 'emission': 6597.652, 'fuel': 2138.921, 'emergency_stops': 0.0, 'collisions': 0.0, 'ssm_conflicts': 1546.0}, final;ckpt
SIM_TRAIN step:82, travel time:168.169184981685, q_loss:15.742684, rewards:-51.766407, queue:16.668518, delay:0.5745156, throughput:4269, raw_metrics:{'fairness': 234.667}
SIM_TRAIN step:83, travel time:159.61487414187644, q_loss:14.880236, rewards:-41.14306, queue:13.536111, delay:0.5585514, throughput:4271, raw_metrics:{'fairness': 471.0}
REAL_TRAIN step:30, travel time:1390.0691699604743, q_loss:100, rewards:-302.9253, queue:264.63702, delay:0.8299657, throughput:748, R_real:-925.7141, components:{'queue': 4.14, 'delay': 0.0, 'waiting': 904.509, 'pressure': 0.0, 'switches': 0.0, 'fairness': 17.065}, raw_metrics:{'fairness': 212.667, 'emission': 5456.934, 'fuel': 1769.105, 'emergency_stops': 3.0, 'collisions': 0.0, 'ssm_conflicts': 1708.0}, final;ckpt
SIM_TRAIN step:84, travel time:156.5200274662394, q_loss:14.638585, rewards:-36.843052, queue:12.337037, delay:0.55769914, throughput:4274, raw_metrics:{'fairness': 685.333}
SIM_TRAIN step:85, travel time:152.64988558352402, q_loss:14.60722, rewards:-31.59055, queue:11.232408, delay:0.5494441, throughput:4274, raw_metrics:{'fairness': 25.667}
REAL_TRAIN step:32, travel time:2196.1216768916156, q_loss:100, rewards:-363.55133, queue:347.08704, delay:0.8950224, throughput:158, R_real:-1387.0472, components:{'queue': 5.504, 'delay': 0.0, 'waiting': 1375.785, 'pressure': 0.0, 'switches': 0.0, 'fairness': 5.758}, raw_metrics:{'fairness': 52.667, 'emission': 6599.807, 'fuel': 2139.62, 'emergency_stops': 0.0, 'collisions': 0.0, 'ssm_conflicts': 1567.0}, final;ckpt
SIM_TRAIN step:86, travel time:157.57240905971173, q_loss:14.481973, rewards:-37.21916, queue:12.746296, delay:0.56152815, throughput:4283, raw_metrics:{'fairness': 0.0}
SIM_TRAIN step:87, travel time:159.79079880979629, q_loss:13.838453, rewards:-39.235283, queue:13.542593, delay:0.56824017, throughput:4258, raw_metrics:{'fairness': 352.0}
REAL_TRAIN step:34, travel time:1752.8677390527257, q_loss:100, rewards:-343.21918, queue:308.37036, delay:0.8663855, throughput:443, R_real:-1149.4371, components:{'queue': 4.864, 'delay': 0.0, 'waiting': 1131.982, 'pressure': 0.0, 'switches': 0.0, 'fairness': 12.591}, raw_metrics:{'fairness': 133.333, 'emission': 6048.134, 'fuel': 1960.77, 'emergency_stops': 0.0, 'collisions': 0.0, 'ssm_conflicts': 1622.0}, final;ckpt
SIM_TRAIN step:88, travel time:165.96795605401692, q_loss:13.188916, rewards:-35.62306, queue:13.452778, delay:0.56066096, throughput:4281, raw_metrics:{'fairness': 899.0}
SIM_TRAIN step:89, travel time:185.43327992675668, q_loss:13.656886, rewards:-35.489162, queue:17.333334, delay:0.5692976, throughput:4252, raw_metrics:{'fairness': 181.0}
REAL_TRAIN step:36, travel time:1960.9461904761904, q_loss:100, rewards:-356.03473, queue:331.28333, delay:0.8919164, throughput:298, R_real:-1263.7391, components:{'queue': 5.216, 'delay': 0.0, 'waiting': 1249.119, 'pressure': 0.0, 'switches': 0.0, 'fairness': 9.404}, raw_metrics:{'fairness': 93.333, 'emission': 6336.238, 'fuel': 2054.172, 'emergency_stops': 2.0, 'collisions': 0.0, 'ssm_conflicts': 1583.0}, final;ckpt
SIM_TRAIN step:90, travel time:181.51110093842985, q_loss:14.369941, rewards:-28.12721, queue:12.089815, delay:0.5558242, throughput:4228, raw_metrics:{'fairness': 181.0}
SIM_TRAIN step:91, travel time:182.31609063859005, q_loss:14.650996, rewards:-33.81945, queue:13.110186, delay:0.56048816, throughput:4215, raw_metrics:{'fairness': 648.667}
REAL_TRAIN step:38, travel time:1168.4642313546424, q_loss:100, rewards:-223.51671, queue:206.14537, delay:0.8147231, throughput:994, R_real:-697.8338, components:{'queue': 3.167, 'delay': 0.0, 'waiting': 675.078, 'pressure': 0.0, 'switches': 0.0, 'fairness': 19.589}, raw_metrics:{'fairness': 271.667, 'emission': 4797.485, 'fuel': 1555.315, 'emergency_stops': 2.0, 'collisions': 0.0, 'ssm_conflicts': 1533.0}, final;ckpt
SIM_TRAIN step:92, travel time:164.59395742732892, q_loss:14.681375, rewards:-37.381947, queue:13.8546295, delay:0.5604809, throughput:4243, raw_metrics:{'fairness': 197.0}
SIM_TRAIN step:93, travel time:155.52391851682307, q_loss:14.659393, rewards:-28.15249, queue:10.581482, delay:0.548657, throughput:4284, raw_metrics:{'fairness': 156.667}
REAL_TRAIN step:40, travel time:1189.519801980198, q_loss:100, rewards:-234.39557, queue:214.17685, delay:0.8193873, throughput:962, R_real:-723.9471, components:{'queue': 3.297, 'delay': 0.0, 'waiting': 701.095, 'pressure': 0.0, 'switches': 0.0, 'fairness': 19.555}, raw_metrics:{'fairness': 266.0, 'emission': 4874.776, 'fuel': 1580.373, 'emergency_stops': 1.0, 'collisions': 0.0, 'ssm_conflicts': 1536.0}, final;ckpt
SIM_TRAIN step:94, travel time:146.67093821510298, q_loss:14.421466, rewards:-22.963064, queue:8.783334, delay:0.5522321, throughput:4278, raw_metrics:{'fairness': 155.0}
SIM_TRAIN step:95, travel time:145.58562271062272, q_loss:14.9214325, rewards:-21.478603, queue:8.331482, delay:0.54831237, throughput:4296, raw_metrics:{'fairness': 27.333}
REAL_TRAIN step:42, travel time:1212.4316223304609, q_loss:100, rewards:-252.61862, queue:225.03703, delay:0.81239784, throughput:946, R_real:-746.1640, components:{'queue': 3.488, 'delay': 0.0, 'waiting': 724.115, 'pressure': 0.0, 'switches': 0.0, 'fairness': 18.561}, raw_metrics:{'fairness': 252.667, 'emission': 5046.139, 'fuel': 1635.927, 'emergency_stops': 3.0, 'collisions': 0.0, 'ssm_conflicts': 1714.0}, final;ckpt
SIM_TRAIN step:96, travel time:174.5096109839817, q_loss:15.39728, rewards:-29.030827, queue:11.111111, delay:0.5402629, throughput:4223, raw_metrics:{'fairness': 183.333}
SIM_TRAIN step:97, travel time:195.63486616334936, q_loss:15.027408, rewards:-38.047504, queue:13.708333, delay:0.5464989, throughput:4175, raw_metrics:{'fairness': 177.0}
REAL_TRAIN step:44, travel time:1076.8645871559634, q_loss:100, rewards:-214.13147, queue:191.21759, delay:0.8069333, throughput:1148, R_real:-630.2475, components:{'queue': 2.931, 'delay': 0.0, 'waiting': 606.042, 'pressure': 0.0, 'switches': 0.0, 'fairness': 21.274}, raw_metrics:{'fairness': 309.333, 'emission': 4599.581, 'fuel': 1491.156, 'emergency_stops': 3.0, 'collisions': 0.0, 'ssm_conflicts': 1482.0}, final;ckpt
SIM_TRAIN step:98, travel time:205.26424159231297, q_loss:14.676007, rewards:-30.645834, queue:11.612963, delay:0.53993565, throughput:4179, raw_metrics:{'fairness': 327.0}
SIM_TRAIN step:99, travel time:202.4956501831502, q_loss:14.763105, rewards:-36.48611, queue:13.5212965, delay:0.5491013, throughput:4127, raw_metrics:{'fairness': 306.333}
REAL_TRAIN step:46, travel time:1532.4727793696275, q_loss:100, rewards:-346.53336, queue:273.5, delay:0.8774692, throughput:659, R_real:-980.0285, components:{'queue': 4.322, 'delay': 0.0, 'waiting': 958.549, 'pressure': 0.0, 'switches': 0.0, 'fairness': 17.158}, raw_metrics:{'fairness': 207.0, 'emission': 5785.188, 'fuel': 1875.524, 'emergency_stops': 1.0, 'collisions': 0.0, 'ssm_conflicts': 1695.0}, final;ckpt
SIM_TRAIN step:100, travel time:196.18352402745995, q_loss:15.086117, rewards:-35.021946, queue:12.912037, delay:0.5542927, throughput:4165, raw_metrics:{'fairness': 166.667}
SIM_TRAIN step:101, travel time:224.56649118791486, q_loss:14.601215, rewards:-45.46306, queue:16.410185, delay:0.57032186, throughput:4092, raw_metrics:{'fairness': 0.0}
REAL_TRAIN step:48, travel time:1130.3167608286253, q_loss:100, rewards:-226.55063, queue:199.75, delay:0.8164653, throughput:1060, R_real:-685.1849, components:{'queue': 3.069, 'delay': 0.0, 'waiting': 662.347, 'pressure': 0.0, 'switches': 0.0, 'fairness': 19.768}, raw_metrics:{'fairness': 297.333, 'emission': 4695.522, 'fuel': 1522.259, 'emergency_stops': 3.0, 'collisions': 2.0, 'ssm_conflicts': 1513.0}, final;ckpt
SIM_TRAIN step:102, travel time:193.75852597848478, q_loss:15.56344, rewards:-37.314182, queue:13.990741, delay:0.5822544, throughput:4191, raw_metrics:{'fairness': 179.0}
SIM_TRAIN step:103, travel time:219.03818015546412, q_loss:15.208238, rewards:-40.75278, queue:16.117592, delay:0.58418256, throughput:4072, raw_metrics:{'fairness': 335.0}
REAL_TRAIN step:50, travel time:1053.1335289801907, q_loss:100, rewards:-213.101, queue:182.42592, delay:0.8105491, throughput:1214, R_real:-633.3990, components:{'queue': 2.794, 'delay': 0.0, 'waiting': 610.025, 'pressure': 0.0, 'switches': 0.0, 'fairness': 20.58}, raw_metrics:{'fairness': 339.333, 'emission': 4506.939, 'fuel': 1461.121, 'emergency_stops': 3.0, 'collisions': 0.0, 'ssm_conflicts': 1554.0}, final;ckpt
SIM_TRAIN step:104, travel time:248.53775743707095, q_loss:14.65423, rewards:-44.383343, queue:17.51111, delay:0.5982716, throughput:4046, raw_metrics:{'fairness': 161.0}
SIM_TRAIN step:105, travel time:273.11902037079426, q_loss:14.208858, rewards:-55.81333, queue:20.983334, delay:0.6155268, throughput:3994, raw_metrics:{'fairness': 140.667}
REAL_TRAIN step:52, travel time:1177.3219567690558, q_loss:100, rewards:-258.59924, queue:218.8176, delay:0.84702706, throughput:985, R_real:-755.2683, components:{'queue': 3.373, 'delay': 0.0, 'waiting': 731.969, 'pressure': 0.0, 'switches': 0.0, 'fairness': 19.927}, raw_metrics:{'fairness': 286.667, 'emission': 4849.113, 'fuel': 1572.053, 'emergency_stops': 1.0, 'collisions': 0.0, 'ssm_conflicts': 1504.0}, final;ckpt
SIM_TRAIN step:106, travel time:283.4129489819263, q_loss:13.431844, rewards:-51.148346, queue:19.894444, delay:0.6055858, throughput:3984, raw_metrics:{'fairness': 658.0}
SIM_TRAIN step:107, travel time:319.575188830396, q_loss:13.142305, rewards:-48.56972, queue:20.03426, delay:0.6077505, throughput:3810, raw_metrics:{'fairness': 85.0}
REAL_TRAIN step:54, travel time:1169.0257380772143, q_loss:100, rewards:-254.37923, queue:215.54259, delay:0.8437181, throughput:997, R_real:-741.7943, components:{'queue': 3.325, 'delay': 0.0, 'waiting': 718.455, 'pressure': 0.0, 'switches': 0.0, 'fairness': 20.014}, raw_metrics:{'fairness': 289.333, 'emission': 4825.937, 'fuel': 1564.539, 'emergency_stops': 1.0, 'collisions': 0.0, 'ssm_conflicts': 1583.0}, final;ckpt
SIM_TRAIN step:108, travel time:351.6240274599542, q_loss:13.285485, rewards:-51.70499, queue:22.3, delay:0.6028569, throughput:3757, raw_metrics:{'fairness': 41.333}
SIM_TRAIN step:109, travel time:312.06295787545787, q_loss:12.692175, rewards:-43.245827, queue:20.403704, delay:0.6004243, throughput:3848, raw_metrics:{'fairness': 93.667}
REAL_TRAIN step:56, travel time:1101.1152705707932, q_loss:100, rewards:-247.53352, queue:208.20741, delay:0.82665586, throughput:1112, R_real:-726.2049, components:{'queue': 3.204, 'delay': 0.0, 'waiting': 702.431, 'pressure': 0.0, 'switches': 0.0, 'fairness': 20.571}, raw_metrics:{'fairness': 321.333, 'emission': 4651.135, 'fuel': 1507.869, 'emergency_stops': 2.0, 'collisions': 0.0, 'ssm_conflicts': 1514.0}, final;ckpt
SIM_TRAIN step:110, travel time:386.8997711670481, q_loss:12.095743, rewards:-53.141666, queue:25.091667, delay:0.6106946, throughput:3689, raw_metrics:{'fairness': 41.0}
SIM_TRAIN step:111, travel time:382.12099725526076, q_loss:11.807739, rewards:-34.030834, queue:18.618519, delay:0.60557276, throughput:3706, raw_metrics:{'fairness': 13.333}
REAL_TRAIN step:58, travel time:1091.339207048458, q_loss:100, rewards:-243.55951, queue:207.85185, delay:0.8179861, throughput:1112, R_real:-702.0194, components:{'queue': 3.198, 'delay': 0.0, 'waiting': 678.319, 'pressure': 0.0, 'switches': 0.0, 'fairness': 20.503}, raw_metrics:{'fairness': 310.0, 'emission': 4657.063, 'fuel': 1509.791, 'emergency_stops': 5.0, 'collisions': 0.0, 'ssm_conflicts': 1603.0}, final;ckpt
SIM_TRAIN step:112, travel time:377.7860082304527, q_loss:11.9274235, rewards:-35.388046, queue:18.897223, delay:0.59098554, throughput:3661, raw_metrics:{'fairness': 159.0}
SIM_TRAIN step:113, travel time:392.20086936627774, q_loss:12.072009, rewards:-30.739166, queue:18.407408, delay:0.58933246, throughput:3627, raw_metrics:{'fairness': 164.333}
REAL_TRAIN step:60, travel time:1429.6947580645162, q_loss:100, rewards:-296.65448, queue:262.88702, delay:0.82516557, throughput:683, R_real:-910.3268, components:{'queue': 4.118, 'delay': 0.0, 'waiting': 890.476, 'pressure': 0.0, 'switches': 0.0, 'fairness': 15.733}, raw_metrics:{'fairness': 190.333, 'emission': 5487.139, 'fuel': 1778.898, 'emergency_stops': 1.0, 'collisions': 0.0, 'ssm_conflicts': 1697.0}, final;ckpt
SIM_TRAIN step:114, travel time:421.8649885583524, q_loss:11.7892885, rewards:-37.262783, queue:17.425, delay:0.5876176, throughput:3593, raw_metrics:{'fairness': 27.0}
SIM_TRAIN step:115, travel time:378.76773455377577, q_loss:11.335243, rewards:-36.34667, queue:17.786112, delay:0.58871496, throughput:3665, raw_metrics:{'fairness': 639.0}
REAL_TRAIN step:62, travel time:1844.514205868654, q_loss:100, rewards:-336.5839, queue:318.65277, delay:0.8414328, throughput:366, R_real:-1208.9354, components:{'queue': 5.021, 'delay': 0.0, 'waiting': 1194.194, 'pressure': 0.0, 'switches': 0.0, 'fairness': 9.72}, raw_metrics:{'fairness': 100.333, 'emission': 6098.378, 'fuel': 1977.059, 'emergency_stops': 1.0, 'collisions': 1.0, 'ssm_conflicts': 1620.0}, final;ckpt
SIM_TRAIN step:116, travel time:393.51556064073225, q_loss:16.206665, rewards:-101.41222, queue:58.108334, delay:0.6799434, throughput:3925, raw_metrics:{'fairness': 272.333}
SIM_TRAIN step:117, travel time:352.9361263736264, q_loss:20.627264, rewards:-76.25362, queue:37.27222, delay:0.6299007, throughput:3886, raw_metrics:{'fairness': 233.0}
REAL_TRAIN step:64, travel time:1161.7246688148944, q_loss:100, rewards:-245.4722, queue:207.625, delay:0.78342927, throughput:1547, R_real:-576.1033, components:{'queue': 3.355, 'delay': 0.0, 'waiting': 555.681, 'pressure': 0.0, 'switches': 0.0, 'fairness': 17.067}, raw_metrics:{'fairness': 301.667, 'emission': 5029.265, 'fuel': 1630.455, 'emergency_stops': 1.0, 'collisions': 0.0, 'ssm_conflicts': 1737.0}, final;ckpt
SIM_TRAIN step:118, travel time:373.88604118993135, q_loss:23.504622, rewards:-33.41416, queue:21.367592, delay:0.62948316, throughput:3766, raw_metrics:{'fairness': 188.667}
SIM_TRAIN step:119, travel time:362.60091533180776, q_loss:24.206656, rewards:-28.73444, queue:17.00926, delay:0.606893, throughput:3775, raw_metrics:{'fairness': 520.333}
REAL_TRAIN step:66, travel time:427.0769670958512, q_loss:100, rewards:-103.50388, queue:62.967594, delay:0.6194322, throughput:2923, R_real:-220.0635, components:{'queue': 1.002, 'delay': 0.0, 'waiting': 201.756, 'pressure': 0.0, 'switches': 0.0, 'fairness': 17.306}, raw_metrics:{'fairness': 344.333, 'emission': 2360.552, 'fuel': 765.27, 'emergency_stops': 17.0, 'collisions': 0.0, 'ssm_conflicts': 1304.0}, final;ckpt
SIM_TRAIN step:120, travel time:350.89931350114415, q_loss:21.677252, rewards:-28.276947, queue:15.016666, delay:0.5932987, throughput:3757, raw_metrics:{'fairness': 59.333}
SIM_TRAIN step:121, travel time:326.7415884641795, q_loss:21.117249, rewards:-28.576384, queue:13.350926, delay:0.59151316, throughput:3802, raw_metrics:{'fairness': 471.0}
REAL_TRAIN step:68, travel time:1074.6788454512239, q_loss:100, rewards:-295.27362, queue:211.3537, delay:0.837041, throughput:1379, R_real:-663.9174, components:{'queue': 3.51, 'delay': 0.0, 'waiting': 640.487, 'pressure': 0.0, 'switches': 0.0, 'fairness': 19.921}, raw_metrics:{'fairness': 305.333, 'emission': 4574.157, 'fuel': 1482.912, 'emergency_stops': 2.0, 'collisions': 0.0, 'ssm_conflicts': 1926.0}, final;ckpt
SIM_TRAIN step:122, travel time:341.6371336996337, q_loss:20.757135, rewards:-34.46666, queue:14.481482, delay:0.58444375, throughput:3784, raw_metrics:{'fairness': 40.0}
SIM_TRAIN step:123, travel time:317.77335164835165, q_loss:20.019285, rewards:-35.057507, queue:13.817593, delay:0.588964, throughput:3816, raw_metrics:{'fairness': 63.667}
REAL_TRAIN step:70, travel time:1289.126209977662, q_loss:100, rewards:-331.91324, queue:230.81389, delay:0.8415439, throughput:1354, R_real:-737.1442, components:{'queue': 3.825, 'delay': 0.0, 'waiting': 713.772, 'pressure': 0.0, 'switches': 0.0, 'fairness': 19.548}, raw_metrics:{'fairness': 324.667, 'emission': 5355.408, 'fuel': 1736.19, 'emergency_stops': 0.0, 'collisions': 0.0, 'ssm_conflicts': 1830.0}, final;ckpt
SIM_TRAIN step:124, travel time:284.31098398169337, q_loss:19.605007, rewards:-42.605003, queue:15.222222, delay:0.59667337, throughput:3910, raw_metrics:{'fairness': 458.333}
SIM_TRAIN step:125, travel time:269.52140077821014, q_loss:19.155125, rewards:-35.65166, queue:13.113889, delay:0.61703455, throughput:3968, raw_metrics:{'fairness': 286.0}
REAL_TRAIN step:72, travel time:887.1411003236246, q_loss:100, rewards:-119.856674, queue:154.26389, delay:0.7559387, throughput:1936, R_real:-407.3883, components:{'queue': 2.329, 'delay': 0.0, 'waiting': 382.885, 'pressure': 0.0, 'switches': 0.0, 'fairness': 22.174}, raw_metrics:{'fairness': 425.667, 'emission': 4316.648, 'fuel': 1399.428, 'emergency_stops': 1.0, 'collisions': 0.0, 'ssm_conflicts': 1616.0}, final;ckpt
SIM_TRAIN step:126, travel time:298.80128205128204, q_loss:18.175323, rewards:-43.99057, queue:15.937963, delay:0.6271896, throughput:3900, raw_metrics:{'fairness': 463.667}
SIM_TRAIN step:127, travel time:315.1189659116907, q_loss:17.298658, rewards:-49.57971, queue:17.635185, delay:0.62210006, throughput:3828, raw_metrics:{'fairness': 784.333}
REAL_TRAIN step:74, travel time:478.7121332275971, q_loss:100, rewards:-106.566925, queue:79.828705, delay:0.6823916, throughput:3188, R_real:-182.9603, components:{'queue': 1.208, 'delay': 0.0, 'waiting': 160.526, 'pressure': 0.0, 'switches': 0.0, 'fairness': 21.226}, raw_metrics:{'fairness': 521.0, 'emission': 2967.159, 'fuel': 961.929, 'emergency_stops': 11.0, 'collisions': 0.0, 'ssm_conflicts': 1378.0}, final;ckpt
SIM_TRAIN step:128, travel time:262.1441977569238, q_loss:17.034115, rewards:-42.936665, queue:15.112037, delay:0.62644356, throughput:3976, raw_metrics:{'fairness': 289.667}
SIM_TRAIN step:129, travel time:286.92422161172163, q_loss:15.6121025, rewards:-44.912514, queue:16.00926, delay:0.6408591, throughput:3930, raw_metrics:{'fairness': 272.333}
REAL_TRAIN step:76, travel time:521.5280536912752, q_loss:100, rewards:-99.16, queue:88.501854, delay:0.7137165, throughput:3157, R_real:-211.3669, components:{'queue': 1.305, 'delay': 0.0, 'waiting': 186.264, 'pressure': 0.0, 'switches': 0.0, 'fairness': 23.797}, raw_metrics:{'fairness': 592.667, 'emission': 3178.103, 'fuel': 1030.316, 'emergency_stops': 3.0, 'collisions': 0.0, 'ssm_conflicts': 1333.0}, final;ckpt
SIM_TRAIN step:130, travel time:304.28548534798534, q_loss:13.827653, rewards:-37.953613, queue:14.043518, delay:0.62403846, throughput:3851, raw_metrics:{'fairness': 92.0}
SIM_TRAIN step:131, travel time:351.44037537193867, q_loss:11.295486, rewards:-37.299732, queue:14.683333, delay:0.62266326, throughput:3765, raw_metrics:{'fairness': 60.667}
REAL_TRAIN step:78, travel time:522.7062604807155, q_loss:100, rewards:-97.07864, queue:92.25092, delay:0.7096746, throughput:2944, R_real:-195.9526, components:{'queue': 1.321, 'delay': 0.0, 'waiting': 171.195, 'pressure': 0.0, 'switches': 0.0, 'fairness': 23.437}, raw_metrics:{'fairness': 437.667, 'emission': 3057.178, 'fuel': 991.113, 'emergency_stops': 2.0, 'collisions': 0.0, 'ssm_conflicts': 1447.0}, final;ckpt
SIM_TRAIN step:132, travel time:346.73696248856356, q_loss:9.154695, rewards:-38.387497, queue:15.194445, delay:0.63246053, throughput:3736, raw_metrics:{'fairness': 663.667}
SIM_TRAIN step:133, travel time:334.64774547951475, q_loss:8.147612, rewards:-37.07999, queue:14.332407, delay:0.61944133, throughput:3785, raw_metrics:{'fairness': 219.333}
REAL_TRAIN step:80, travel time:860.7375459712471, q_loss:100, rewards:-108.79082, queue:139.20833, delay:0.7506652, throughput:1856, R_real:-497.7491, components:{'queue': 2.108, 'delay': 0.0, 'waiting': 471.68, 'pressure': 0.0, 'switches': 0.0, 'fairness': 23.962}, raw_metrics:{'fairness': 412.333, 'emission': 4070.494, 'fuel': 1319.627, 'emergency_stops': 4.0, 'collisions': 0.0, 'ssm_conflicts': 1247.0}, final;ckpt
SIM_TRAIN step:134, travel time:376.3666742961776, q_loss:7.1839337, rewards:-35.717506, queue:14.87963, delay:0.61690784, throughput:3691, raw_metrics:{'fairness': 40.0}
SIM_TRAIN step:135, travel time:386.33279926756694, q_loss:6.9401927, rewards:-36.359444, queue:15.123148, delay:0.6174697, throughput:3642, raw_metrics:{'fairness': 25.0}
REAL_TRAIN step:82, travel time:966.6456310679612, q_loss:100, rewards:-159.46855, queue:167.78703, delay:0.7920706, throughput:1507, R_real:-538.2938, components:{'queue': 2.576, 'delay': 0.0, 'waiting': 514.153, 'pressure': 0.0, 'switches': 0.0, 'fairness': 21.565}, raw_metrics:{'fairness': 329.333, 'emission': 4386.675, 'fuel': 1422.132, 'emergency_stops': 2.0, 'collisions': 0.0, 'ssm_conflicts': 1449.0}, final;ckpt
SIM_TRAIN step:136, travel time:374.895881006865, q_loss:6.8102617, rewards:-33.30028, queue:13.723148, delay:0.6167467, throughput:3745, raw_metrics:{'fairness': 207.0}
SIM_TRAIN step:137, travel time:358.4286041189931, q_loss:6.5559564, rewards:-36.97973, queue:15.060185, delay:0.61862373, throughput:3702, raw_metrics:{'fairness': 652.0}
REAL_TRAIN step:84, travel time:1008.8892857142857, q_loss:100, rewards:-168.25659, queue:167.51944, delay:0.78337187, throughput:1297, R_real:-531.9790, components:{'queue': 2.533, 'delay': 0.0, 'waiting': 508.897, 'pressure': 0.0, 'switches': 0.0, 'fairness': 20.549}, raw_metrics:{'fairness': 318.0, 'emission': 4433.552, 'fuel': 1437.329, 'emergency_stops': 8.0, 'collisions': 0.0, 'ssm_conflicts': 1384.0}, final;ckpt
SIM_TRAIN step:138, travel time:305.45870510180737, q_loss:6.9260488, rewards:-25.650557, queue:11.362963, delay:0.61288786, throughput:3851, raw_metrics:{'fairness': 90.667}
SIM_TRAIN step:139, travel time:334.7405628002745, q_loss:7.1328297, rewards:-33.514442, queue:13.831482, delay:0.60685843, throughput:3722, raw_metrics:{'fairness': 502.667}
REAL_TRAIN step:86, travel time:1222.2619869581895, q_loss:100, rewards:-235.09726, queue:216.79723, delay:0.82845885, throughput:917, R_real:-704.3218, components:{'queue': 3.302, 'delay': 0.0, 'waiting': 682.718, 'pressure': 0.0, 'switches': 0.0, 'fairness': 18.302}, raw_metrics:{'fairness': 244.333, 'emission': 4968.02, 'fuel': 1610.602, 'emergency_stops': 1.0, 'collisions': 0.0, 'ssm_conflicts': 1521.0}, final;ckpt
SIM_TRAIN step:140, travel time:289.9050343249428, q_loss:7.0544405, rewards:-27.01639, queue:10.937963, delay:0.60494554, throughput:3910, raw_metrics:{'fairness': 794.0}
SIM_TRAIN step:141, travel time:326.3344014648661, q_loss:7.0456657, rewards:-32.269444, queue:12.975926, delay:0.6249575, throughput:3818, raw_metrics:{'fairness': 76.0}
REAL_TRAIN step:88, travel time:1158.6099210823, q_loss:100, rewards:-226.03752, queue:205.76666, delay:0.8214847, throughput:1009, R_real:-657.7285, components:{'queue': 3.123, 'delay': 0.0, 'waiting': 635.091, 'pressure': 0.0, 'switches': 0.0, 'fairness': 19.514}, raw_metrics:{'fairness': 263.667, 'emission': 4816.838, 'fuel': 1561.59, 'emergency_stops': 1.0, 'collisions': 0.0, 'ssm_conflicts': 1518.0}, final;ckpt
SIM_TRAIN step:142, travel time:344.6907759212634, q_loss:7.1175494, rewards:-35.09222, queue:13.615741, delay:0.62893295, throughput:3793, raw_metrics:{'fairness': 75.667}
SIM_TRAIN step:143, travel time:299.8503089951934, q_loss:6.979251, rewards:-36.73111, queue:13.612963, delay:0.6271476, throughput:3898, raw_metrics:{'fairness': 102.333}
REAL_TRAIN step:90, travel time:1142.1961367013373, q_loss:100, rewards:-215.77086, queue:203.6926, delay:0.813974, throughput:1020, R_real:-632.1019, components:{'queue': 3.096, 'delay': 0.0, 'waiting': 609.383, 'pressure': 0.0, 'switches': 0.0, 'fairness': 19.623}, raw_metrics:{'fairness': 250.667, 'emission': 4803.565, 'fuel': 1557.286, 'emergency_stops': 5.0, 'collisions': 0.0, 'ssm_conflicts': 1594.0}, final;ckpt
SIM_TRAIN step:144, travel time:376.34332799267565, q_loss:6.698053, rewards:-67.93305, queue:22.887037, delay:0.6640141, throughput:3705, raw_metrics:{'fairness': 754.0}
SIM_TRAIN step:145, travel time:368.6220238095238, q_loss:6.4607067, rewards:-61.182228, queue:21.121296, delay:0.6434321, throughput:3736, raw_metrics:{'fairness': 205.667}
REAL_TRAIN step:92, travel time:987.3712976022567, q_loss:100, rewards:-200.58836, queue:184.5176, delay:0.7916158, throughput:1234, R_real:-551.4174, components:{'queue': 2.792, 'delay': 0.0, 'waiting': 526.7, 'pressure': 0.0, 'switches': 0.0, 'fairness': 21.926}, raw_metrics:{'fairness': 296.333, 'emission': 4399.718, 'fuel': 1426.361, 'emergency_stops': 3.0, 'collisions': 0.0, 'ssm_conflicts': 1573.0}, final;ckpt
SIM_TRAIN step:146, travel time:375.3452380952381, q_loss:6.2211556, rewards:-51.529438, queue:18.234259, delay:0.63024104, throughput:3700, raw_metrics:{'fairness': 192.667}
SIM_TRAIN step:147, travel time:368.5490959029526, q_loss:6.3566914, rewards:-56.057247, queue:19.57037, delay:0.63945293, throughput:3696, raw_metrics:{'fairness': 25.333}
REAL_TRAIN step:94, travel time:1221.3956422018348, q_loss:100, rewards:-235.3989, queue:220.12593, delay:0.82794344, throughput:912, R_real:-707.0880, components:{'queue': 3.352, 'delay': 0.0, 'waiting': 684.878, 'pressure': 0.0, 'switches': 0.0, 'fairness': 18.859}, raw_metrics:{'fairness': 238.333, 'emission': 4979.916, 'fuel': 1614.458, 'emergency_stops': 2.0, 'collisions': 1.0, 'ssm_conflicts': 1582.0}, final;ckpt
SIM_TRAIN step:148, travel time:306.36011904761904, q_loss:6.2183657, rewards:-50.862488, queue:17.498148, delay:0.6405201, throughput:3888, raw_metrics:{'fairness': 233.333}
SIM_TRAIN step:149, travel time:326.7019913023575, q_loss:6.2433205, rewards:-49.110844, queue:17.292593, delay:0.63903785, throughput:3808, raw_metrics:{'fairness': 51.667}
REAL_TRAIN step:96, travel time:1131.1660475482913, q_loss:100, rewards:-209.3489, queue:199.10278, delay:0.81449914, throughput:1045, R_real:-616.6115, components:{'queue': 3.022, 'delay': 0.0, 'waiting': 593.132, 'pressure': 0.0, 'switches': 0.0, 'fairness': 20.458}, raw_metrics:{'fairness': 261.667, 'emission': 4758.386, 'fuel': 1542.639, 'emergency_stops': 2.0, 'collisions': 0.0, 'ssm_conflicts': 1576.0}, final;ckpt
SIM_TRAIN step:150, travel time:346.14001372683595, q_loss:6.109149, rewards:-51.182247, queue:17.922222, delay:0.6502907, throughput:3795, raw_metrics:{'fairness': 79.667}
SIM_TRAIN step:151, travel time:331.9501029983978, q_loss:5.7917666, rewards:-50.45111, queue:17.862038, delay:0.64817494, throughput:3819, raw_metrics:{'fairness': 231.0}
REAL_TRAIN step:98, travel time:1294.1245816288583, q_loss:100, rewards:-292.7122, queue:243.36945, delay:0.8641094, throughput:1182, R_real:-772.3699, components:{'queue': 3.891, 'delay': 0.0, 'waiting': 751.608, 'pressure': 0.0, 'switches': 0.0, 'fairness': 16.871}, raw_metrics:{'fairness': 310.0, 'emission': 5407.088, 'fuel': 1752.945, 'emergency_stops': 2.0, 'collisions': 0.0, 'ssm_conflicts': 1626.0}, final;ckpt
SIM_TRAIN step:152, travel time:330.0993362325475, q_loss:5.5659266, rewards:-54.496944, queue:18.825926, delay:0.6600174, throughput:3832, raw_metrics:{'fairness': 245.0}
SIM_TRAIN step:153, travel time:377.79624542124543, q_loss:5.586981, rewards:-57.99915, queue:20.333334, delay:0.6655079, throughput:3706, raw_metrics:{'fairness': 757.0}
REAL_TRAIN step:100, travel time:1330.1624251497005, q_loss:100, rewards:-337.42416, queue:249.69815, delay:0.87124497, throughput:1157, R_real:-844.6855, components:{'queue': 4.078, 'delay': 0.0, 'waiting': 823.516, 'pressure': 0.0, 'switches': 0.0, 'fairness': 17.092}, raw_metrics:{'fairness': 226.333, 'emission': 5530.855, 'fuel': 1793.069, 'emergency_stops': 1.0, 'collisions': 0.0, 'ssm_conflicts': 1685.0}, final;ckpt
SIM_TRAIN step:154, travel time:389.56969558251313, q_loss:5.508909, rewards:-64.31334, queue:23.976852, delay:0.6683796, throughput:3642, raw_metrics:{'fairness': 191.667}
SIM_TRAIN step:155, travel time:306.1185897435897, q_loss:5.2791257, rewards:-55.559727, queue:20.693518, delay:0.65647244, throughput:3830, raw_metrics:{'fairness': 98.0}
REAL_TRAIN step:102, travel time:529.570708410719, q_loss:100, rewards:-109.017494, queue:90.63796, delay:0.6820149, throughput:3095, R_real:-175.1026, components:{'queue': 1.33, 'delay': 0.0, 'waiting': 154.494, 'pressure': 0.0, 'switches': 0.0, 'fairness': 19.278}, raw_metrics:{'fairness': 502.667, 'emission': 3261.677, 'fuel': 1057.41, 'emergency_stops': 5.0, 'collisions': 0.0, 'ssm_conflicts': 1889.0}, final;ckpt
SIM_TRAIN step:156, travel time:316.4466819221968, q_loss:5.4665203, rewards:-49.033592, queue:17.685184, delay:0.6538467, throughput:3857, raw_metrics:{'fairness': 600.333}
SIM_TRAIN step:157, travel time:310.34729853479854, q_loss:5.634526, rewards:-53.865826, queue:19.349073, delay:0.6498941, throughput:3868, raw_metrics:{'fairness': 257.667}
REAL_TRAIN step:104, travel time:954.5155938951559, q_loss:100, rewards:-237.31944, queue:185.35278, delay:0.82222277, throughput:1358, R_real:-471.9892, components:{'queue': 2.889, 'delay': 0.0, 'waiting': 447.069, 'pressure': 0.0, 'switches': 0.0, 'fairness': 22.031}, raw_metrics:{'fairness': 294.0, 'emission': 4509.501, 'fuel': 1461.951, 'emergency_stops': 3.0, 'collisions': 0.0, 'ssm_conflicts': 1786.0}, final;ckpt
SIM_TRAIN step:158, travel time:322.0352402745995, q_loss:5.6792884, rewards:-48.41026, queue:17.764814, delay:0.6570888, throughput:3846, raw_metrics:{'fairness': 219.0}
SIM_TRAIN step:159, travel time:341.282967032967, q_loss:6.012127, rewards:-47.53056, queue:17.42963, delay:0.66118485, throughput:3771, raw_metrics:{'fairness': 220.667}
REAL_TRAIN step:106, travel time:399.876737004632, q_loss:100, rewards:-117.86333, queue:68.239815, delay:0.6930798, throughput:3264, R_real:-127.2013, components:{'queue': 1.044, 'delay': 0.0, 'waiting': 104.795, 'pressure': 0.0, 'switches': 0.0, 'fairness': 21.362}, raw_metrics:{'fairness': 433.0, 'emission': 2591.923, 'fuel': 840.279, 'emergency_stops': 12.0, 'collisions': 0.0, 'ssm_conflicts': 1829.0}, final;ckpt
SIM_TRAIN step:160, travel time:322.6655985351339, q_loss:6.025867, rewards:-51.12224, queue:18.560184, delay:0.6574091, throughput:3834, raw_metrics:{'fairness': 240.333}
SIM_TRAIN step:161, travel time:340.8756868131868, q_loss:6.014349, rewards:-44.363342, queue:16.581482, delay:0.6590682, throughput:3811, raw_metrics:{'fairness': 229.0}
REAL_TRAIN step:108, travel time:947.0689893066575, q_loss:100, rewards:-194.90192, queue:182.14815, delay:0.8048068, throughput:1307, R_real:-519.6774, components:{'queue': 2.762, 'delay': 0.0, 'waiting': 494.543, 'pressure': 0.0, 'switches': 0.0, 'fairness': 22.372}, raw_metrics:{'fairness': 308.0, 'emission': 4317.525, 'fuel': 1399.714, 'emergency_stops': 2.0, 'collisions': 0.0, 'ssm_conflicts': 1488.0}, final;ckpt
SIM_TRAIN step:162, travel time:297.3266239707228, q_loss:6.0597177, rewards:-36.394447, queue:15.455556, delay:0.65958536, throughput:3848, raw_metrics:{'fairness': 790.333}
SIM_TRAIN step:163, travel time:290.29823758297096, q_loss:6.646002, rewards:-53.276367, queue:19.599073, delay:0.69250876, throughput:3971, raw_metrics:{'fairness': 296.0}
REAL_TRAIN step:110, travel time:828.8670109748225, q_loss:100, rewards:-186.89114, queue:165.20741, delay:0.780967, throughput:1556, R_real:-429.9506, components:{'queue': 2.529, 'delay': 0.0, 'waiting': 404.342, 'pressure': 0.0, 'switches': 0.0, 'fairness': 23.08}, raw_metrics:{'fairness': 321.0, 'emission': 4042.502, 'fuel': 1310.553, 'emergency_stops': 1.0, 'collisions': 0.0, 'ssm_conflicts': 1443.0}, final;ckpt
SIM_TRAIN step:164, travel time:306.2711670480549, q_loss:7.0083804, rewards:-55.536655, queue:20.125925, delay:0.68553704, throughput:3853, raw_metrics:{'fairness': 272.0}
SIM_TRAIN step:165, travel time:338.3106684981685, q_loss:6.667327, rewards:-56.082508, queue:20.125925, delay:0.68762153, throughput:3825, raw_metrics:{'fairness': 243.667}
REAL_TRAIN step:112, travel time:1615.2434928631403, q_loss:100, rewards:-305.77032, queue:303.69724, delay:0.8821263, throughput:638, R_real:-1049.7151, components:{'queue': 4.717, 'delay': 0.0, 'waiting': 1032.944, 'pressure': 0.0, 'switches': 0.0, 'fairness': 12.054}, raw_metrics:{'fairness': 141.0, 'emission': 5896.436, 'fuel': 1911.589, 'emergency_stops': 1.0, 'collisions': 0.0, 'ssm_conflicts': 1575.0}, final;ckpt
SIM_TRAIN step:166, travel time:359.12545787545787, q_loss:6.424679, rewards:-55.238346, queue:19.712963, delay:0.6883797, throughput:3734, raw_metrics:{'fairness': 208.0}
SIM_TRAIN step:167, travel time:297.7718013275349, q_loss:6.4414477, rewards:-54.24833, queue:19.566668, delay:0.6913544, throughput:3835, raw_metrics:{'fairness': 239.667}
REAL_TRAIN step:114, travel time:475.2596941561988, q_loss:100, rewards:-127.18197, queue:88.09352, delay:0.75792474, throughput:2439, R_real:-166.5468, components:{'queue': 1.383, 'delay': 0.0, 'waiting': 138.15, 'pressure': 0.0, 'switches': 0.0, 'fairness': 27.014}, raw_metrics:{'fairness': 464.667, 'emission': 2850.329, 'fuel': 924.055, 'emergency_stops': 3.0, 'collisions': 0.0, 'ssm_conflicts': 1551.0}, final;ckpt
SIM_TRAIN step:168, travel time:280.97435897435895, q_loss:6.4479723, rewards:-42.1525, queue:15.7, delay:0.6575694, throughput:3862, raw_metrics:{'fairness': 223.0}
SIM_TRAIN step:169, travel time:306.04988558352403, q_loss:6.344852, rewards:-43.850006, queue:17.1, delay:0.6624135, throughput:3822, raw_metrics:{'fairness': 241.667}
REAL_TRAIN step:116, travel time:985.6589415427188, q_loss:100, rewards:-197.08331, queue:194.94629, delay:0.82547843, throughput:1312, R_real:-558.0355, components:{'queue': 2.958, 'delay': 0.0, 'waiting': 532.615, 'pressure': 0.0, 'switches': 0.0, 'fairness': 22.463}, raw_metrics:{'fairness': 300.0, 'emission': 4450.85, 'fuel': 1442.937, 'emergency_stops': 3.0, 'collisions': 0.0, 'ssm_conflicts': 1490.0}, final;ckpt
SIM_TRAIN step:170, travel time:285.8945080091533, q_loss:6.365945, rewards:-48.761406, queue:17.964815, delay:0.66754687, throughput:3890, raw_metrics:{'fairness': 265.0}
SIM_TRAIN step:171, travel time:321.6225120109815, q_loss:6.107641, rewards:-57.58807, queue:20.558332, delay:0.68759686, throughput:3846, raw_metrics:{'fairness': 270.0}
REAL_TRAIN step:118, travel time:921.2038670284938, q_loss:100, rewards:-180.33583, queue:179.75462, delay:0.8107014, throughput:1536, R_real:-525.3051, components:{'queue': 2.675, 'delay': 0.0, 'waiting': 499.054, 'pressure': 0.0, 'switches': 0.0, 'fairness': 23.576}, raw_metrics:{'fairness': 359.333, 'emission': 4243.731, 'fuel': 1375.789, 'emergency_stops': 0.0, 'collisions': 0.0, 'ssm_conflicts': 1439.0}, final;ckpt
SIM_TRAIN step:172, travel time:328.5338827838828, q_loss:6.115574, rewards:-50.847782, queue:18.436111, delay:0.6785818, throughput:3790, raw_metrics:{'fairness': 241.333}
SIM_TRAIN step:173, travel time:336.757326007326, q_loss:6.0323935, rewards:-49.26917, queue:18.293518, delay:0.6652738, throughput:3755, raw_metrics:{'fairness': 222.0}
REAL_TRAIN step:120, travel time:864.7045681893965, q_loss:100, rewards:-168.36803, queue:169.27592, delay:0.7804533, throughput:1572, R_real:-486.1326, components:{'queue': 2.508, 'delay': 0.0, 'waiting': 459.921, 'pressure': 0.0, 'switches': 0.0, 'fairness': 23.704}, raw_metrics:{'fairness': 372.667, 'emission': 4080.91, 'fuel': 1323.004, 'emergency_stops': 2.0, 'collisions': 0.0, 'ssm_conflicts': 1470.0}, final;ckpt
SIM_TRAIN step:174, travel time:294.6100686498856, q_loss:5.8044252, rewards:-47.169174, queue:17.290741, delay:0.6507649, throughput:3840, raw_metrics:{'fairness': 250.0}
SIM_TRAIN step:175, travel time:302.7633867276888, q_loss:5.8387127, rewards:-49.056953, queue:17.92037, delay:0.6686864, throughput:3848, raw_metrics:{'fairness': 251.333}
REAL_TRAIN step:122, travel time:1285.196188340807, q_loss:100, rewards:-273.01276, queue:267.06482, delay:0.84141034, throughput:869, R_real:-841.7840, components:{'queue': 4.138, 'delay': 0.0, 'waiting': 821.701, 'pressure': 0.0, 'switches': 0.0, 'fairness': 15.945}, raw_metrics:{'fairness': 184.333, 'emission': 5343.357, 'fuel': 1732.284, 'emergency_stops': 0.0, 'collisions': 0.0, 'ssm_conflicts': 1697.0}, final;ckpt
SIM_TRAIN step:176, travel time:296.1670480549199, q_loss:5.7751565, rewards:-52.11111, queue:18.887037, delay:0.6642041, throughput:3836, raw_metrics:{'fairness': 243.667}
SIM_TRAIN step:177, travel time:326.8027459954233, q_loss:5.5204377, rewards:-48.733604, queue:18.477777, delay:0.68593097, throughput:3745, raw_metrics:{'fairness': 233.333}
REAL_TRAIN step:124, travel time:770.086915594603, q_loss:100, rewards:-142.36858, queue:159.57777, delay:0.77423286, throughput:2014, R_real:-461.6587, components:{'queue': 2.358, 'delay': 0.0, 'waiting': 434.848, 'pressure': 0.0, 'switches': 0.0, 'fairness': 24.452}, raw_metrics:{'fairness': 446.667, 'emission': 3876.217, 'fuel': 1256.643, 'emergency_stops': 1.0, 'collisions': 0.0, 'ssm_conflicts': 1370.0}, final;ckpt
SIM_TRAIN step:178, travel time:298.7553215838865, q_loss:5.5745473, rewards:-43.975567, queue:16.668518, delay:0.6666086, throughput:3819, raw_metrics:{'fairness': 238.333}
SIM_TRAIN step:179, travel time:282.9350114416476, q_loss:5.3824735, rewards:-46.106674, queue:17.10463, delay:0.6621887, throughput:3841, raw_metrics:{'fairness': 945.0}
REAL_TRAIN step:126, travel time:863.5634304207119, q_loss:100, rewards:-166.2614, queue:180.95093, delay:0.77050394, throughput:1875, R_real:-557.5606, components:{'queue': 2.662, 'delay': 0.0, 'waiting': 535.096, 'pressure': 0.0, 'switches': 0.0, 'fairness': 19.803}, raw_metrics:{'fairness': 322.667, 'emission': 4169.899, 'fuel': 1351.853, 'emergency_stops': 8.0, 'collisions': 0.0, 'ssm_conflicts': 1452.0}, final;ckpt
SIM_TRAIN step:180, travel time:207.45296406500344, q_loss:5.713135, rewards:-43.87639, queue:15.999074, delay:0.652528, throughput:4024, raw_metrics:{'fairness': 303.667}
SIM_TRAIN step:181, travel time:340.86538461538464, q_loss:6.7345543, rewards:-99.35472, queue:53.587963, delay:0.7048941, throughput:4002, raw_metrics:{'fairness': 302.0}
REAL_TRAIN step:128, travel time:1019.7167411481608, q_loss:100, rewards:-204.41417, queue:205.40555, delay:0.81002444, throughput:1347, R_real:-628.1198, components:{'queue': 3.07, 'delay': 0.0, 'waiting': 604.811, 'pressure': 0.0, 'switches': 0.0, 'fairness': 20.239}, raw_metrics:{'fairness': 323.0, 'emission': 4634.341, 'fuel': 1502.424, 'emergency_stops': 8.0, 'collisions': 0.0, 'ssm_conflicts': 1663.0}, final;ckpt
SIM_TRAIN step:182, travel time:276.16773455377574, q_loss:8.760633, rewards:-29.592773, queue:12.682407, delay:0.649092, throughput:3826, raw_metrics:{'fairness': 246.0}
SIM_TRAIN step:183, travel time:300.98466117216117, q_loss:8.779267, rewards:-33.010826, queue:13.559259, delay:0.6522896, throughput:3792, raw_metrics:{'fairness': 229.667}
REAL_TRAIN step:130, travel time:168.17057866604694, q_loss:100, rewards:-62.33332, queue:15.139814, delay:0.579282, throughput:4103, R_real:-39.6974, components:{'queue': 0.264, 'delay': 0.0, 'waiting': 17.463, 'pressure': 0.0, 'switches': 0.0, 'fairness': 21.97}, raw_metrics:{'fairness': 393.667, 'emission': 1380.016, 'fuel': 447.386, 'emergency_stops': 8.0, 'collisions': 0.0, 'ssm_conflicts': 817.0}, final;ckpt
SIM_TRAIN step:184, travel time:244.13890160183067, q_loss:8.375444, rewards:-35.00917, queue:13.813889, delay:0.6498841, throughput:3907, raw_metrics:{'fairness': 269.333}
SIM_TRAIN step:185, travel time:273.3799496452277, q_loss:8.274797, rewards:-40.38277, queue:15.475926, delay:0.6588367, throughput:3859, raw_metrics:{'fairness': 251.667}
REAL_TRAIN step:132, travel time:816.7591240875912, q_loss:100, rewards:-157.80882, queue:165.15277, delay:0.78750545, throughput:1936, R_real:-495.6443, components:{'queue': 2.419, 'delay': 0.0, 'waiting': 469.961, 'pressure': 0.0, 'switches': 0.0, 'fairness': 23.265}, raw_metrics:{'fairness': 434.333, 'emission': 4047.833, 'fuel': 1312.28, 'emergency_stops': 7.0, 'collisions': 0.0, 'ssm_conflicts': 1581.0}, final;ckpt
SIM_TRAIN step:186, travel time:249.96154726482033, q_loss:8.2504015, rewards:-41.043068, queue:15.556481, delay:0.6411357, throughput:3888, raw_metrics:{'fairness': 281.333}
SIM_TRAIN step:187, travel time:185.6425629290618, q_loss:8.281256, rewards:-37.76501, queue:14.560185, delay:0.6444071, throughput:4046, raw_metrics:{'fairness': 671.333}
REAL_TRAIN step:134, travel time:1432.0116134384073, q_loss:100, rewards:-223.12273, queue:238.68796, delay:0.86396587, throughput:833, R_real:-801.7103, components:{'queue': 3.62, 'delay': 0.0, 'waiting': 782.104, 'pressure': 0.0, 'switches': 0.0, 'fairness': 15.987}, raw_metrics:{'fairness': 214.667, 'emission': 5315.909, 'fuel': 1723.385, 'emergency_stops': 2.0, 'collisions': 0.0, 'ssm_conflicts': 1514.0}, final;ckpt
SIM_TRAIN step:188, travel time:306.05124685426676, q_loss:8.388506, rewards:-46.454716, queue:17.055555, delay:0.64301485, throughput:3876, raw_metrics:{'fairness': 235.0}
SIM_TRAIN step:189, travel time:175.53067765567766, q_loss:8.890036, rewards:-42.19639, queue:15.462037, delay:0.6344311, throughput:4128, raw_metrics:{'fairness': 341.0}
REAL_TRAIN step:136, travel time:1494.040083507307, q_loss:100, rewards:-234.89941, queue:258.44815, delay:0.87528914, throughput:814, R_real:-886.3217, components:{'queue': 3.923, 'delay': 0.0, 'waiting': 867.707, 'pressure': 0.0, 'switches': 0.0, 'fairness': 14.692}, raw_metrics:{'fairness': 206.0, 'emission': 5492.303, 'fuel': 1780.571, 'emergency_stops': 2.0, 'collisions': 0.0, 'ssm_conflicts': 1548.0}, final;ckpt
SIM_TRAIN step:190, travel time:157.13089244851258, q_loss:9.456037, rewards:-37.41945, queue:14.149074, delay:0.61767477, throughput:4243, raw_metrics:{'fairness': 378.667}
SIM_TRAIN step:191, travel time:248.8480201419089, q_loss:9.74957, rewards:-56.606113, queue:19.867592, delay:0.6549772, throughput:3927, raw_metrics:{'fairness': 278.333}
REAL_TRAIN step:138, travel time:1485.4530853761623, q_loss:100, rewards:-229.12381, queue:246.98796, delay:0.8737025, throughput:786, R_real:-843.6604, components:{'queue': 3.741, 'delay': 0.0, 'waiting': 824.355, 'pressure': 0.0, 'switches': 0.0, 'fairness': 15.564}, raw_metrics:{'fairness': 209.333, 'emission': 5403.91, 'fuel': 1751.914, 'emergency_stops': 0.0, 'collisions': 0.0, 'ssm_conflicts': 1489.0}, final;ckpt
SIM_TRAIN step:192, travel time:170.08855835240274, q_loss:10.162878, rewards:-46.987236, queue:16.633333, delay:0.65029544, throughput:4136, raw_metrics:{'fairness': 349.333}
SIM_TRAIN step:193, travel time:257.31029748283754, q_loss:10.845213, rewards:-53.566654, queue:19.106482, delay:0.68059456, throughput:3964, raw_metrics:{'fairness': 623.0}
REAL_TRAIN step:140, travel time:1333.7191370355574, q_loss:100, rewards:-215.5992, queue:229.50278, delay:0.85423535, throughput:922, R_real:-751.7469, components:{'queue': 3.473, 'delay': 0.0, 'waiting': 730.691, 'pressure': 0.0, 'switches': 0.0, 'fairness': 17.583}, raw_metrics:{'fairness': 228.0, 'emission': 5152.819, 'fuel': 1670.512, 'emergency_stops': 3.0, 'collisions': 0.0, 'ssm_conflicts': 1557.0}, final;ckpt
SIM_TRAIN step:194, travel time:252.90414092884924, q_loss:10.610616, rewards:-48.712765, queue:17.339815, delay:0.6509317, throughput:3950, raw_metrics:{'fairness': 287.0}
SIM_TRAIN step:195, travel time:165.3422619047619, q_loss:9.521891, rewards:-41.188057, queue:14.902778, delay:0.62553495, throughput:4165, raw_metrics:{'fairness': 1039.0}
REAL_TRAIN step:142, travel time:1070.9875330562902, q_loss:100, rewards:-165.85974, queue:190.72408, delay:0.81366444, throughput:1213, R_real:-612.8691, components:{'queue': 2.804, 'delay': 0.0, 'waiting': 588.848, 'pressure': 0.0, 'switches': 0.0, 'fairness': 21.216}, raw_metrics:{'fairness': 283.667, 'emission': 4421.352, 'fuel': 1433.374, 'emergency_stops': 3.0, 'collisions': 0.0, 'ssm_conflicts': 1624.0}, final;ckpt
SIM_TRAIN step:196, travel time:241.7994964522774, q_loss:8.583932, rewards:-61.600273, queue:21.175, delay:0.67034876, throughput:3973, raw_metrics:{'fairness': 293.333}
SIM_TRAIN step:197, travel time:156.01945525291828, q_loss:8.670101, rewards:-36.39944, queue:13.471296, delay:0.6187595, throughput:4263, raw_metrics:{'fairness': 614.333}
REAL_TRAIN step:144, travel time:1352.6714570858283, q_loss:100, rewards:-250.59941, queue:243.35648, delay:0.8592905, throughput:721, R_real:-800.8573, components:{'queue': 3.742, 'delay': 0.0, 'waiting': 779.348, 'pressure': 0.0, 'switches': 0.0, 'fairness': 17.767}, raw_metrics:{'fairness': 199.333, 'emission': 5262.619, 'fuel': 1706.109, 'emergency_stops': 0.0, 'collisions': 0.0, 'ssm_conflicts': 1686.0}, final;ckpt
SIM_TRAIN step:198, travel time:170.08424908424908, q_loss:9.275138, rewards:-40.79555, queue:15.057407, delay:0.6256196, throughput:4155, raw_metrics:{'fairness': 323.0}
SIM_TRAIN step:199, travel time:176.47893772893772, q_loss:9.44277, rewards:-40.06639, queue:14.919444, delay:0.6265567, throughput:4186, raw_metrics:{'fairness': 335.0}
REAL_TRAIN step:146, travel time:979.7157244964262, q_loss:100, rewards:-289.15582, queue:223.92314, delay:0.7513785, throughput:1602, R_real:-717.9195, components:{'queue': 3.471, 'delay': 0.0, 'waiting': 699.033, 'pressure': 0.0, 'switches': 0.0, 'fairness': 15.415}, raw_metrics:{'fairness': 219.0, 'emission': 4708.196, 'fuel': 1526.367, 'emergency_stops': 6.0, 'collisions': 0.0, 'ssm_conflicts': 1566.0}, final;ckpt
SIM_TRAIN step:200, travel time:155.9029304029304, q_loss:9.571544, rewards:-30.907495, queue:13.388889, delay:0.6188633, throughput:4282, raw_metrics:{'fairness': 429.667}
SIM_TRAIN step:201, travel time:278.058352402746, q_loss:9.718072, rewards:-57.117496, queue:21.423147, delay:0.6546728, throughput:3804, raw_metrics:{'fairness': 245.333}
REAL_TRAIN step:148, travel time:1295.3810492069947, q_loss:100, rewards:-156.67082, queue:221.23425, delay:0.801414, throughput:1013, R_real:-743.1016, components:{'queue': 3.31, 'delay': 0.0, 'waiting': 723.811, 'pressure': 0.0, 'switches': 0.0, 'fairness': 15.98}, raw_metrics:{'fairness': 238.667, 'emission': 4947.887, 'fuel': 1604.074, 'emergency_stops': 2.0, 'collisions': 0.0, 'ssm_conflicts': 1513.0}, final;ckpt
SIM_TRAIN step:202, travel time:181.44586861982148, q_loss:9.789191, rewards:-34.341106, queue:15.500926, delay:0.6356325, throughput:4063, raw_metrics:{'fairness': 325.0}
SIM_TRAIN step:203, travel time:149.41020361473346, q_loss:11.330704, rewards:-22.303614, queue:11.435185, delay:0.62268656, throughput:4263, raw_metrics:{'fairness': 358.0}
REAL_TRAIN step:150, travel time:1617.7266782911945, q_loss:100, rewards:-257.8003, queue:285.14816, delay:0.798068, throughput:548, R_real:-985.7868, components:{'queue': 4.413, 'delay': 0.0, 'waiting': 971.075, 'pressure': 0.0, 'switches': 0.0, 'fairness': 10.299}, raw_metrics:{'fairness': 110.0, 'emission': 5723.169, 'fuel': 1855.418, 'emergency_stops': 1.0, 'collisions': 0.0, 'ssm_conflicts': 1614.0}, final;ckpt
SIM_TRAIN step:204, travel time:152.9496452277409, q_loss:11.009761, rewards:-28.997776, queue:12.413889, delay:0.6029986, throughput:4247, raw_metrics:{'fairness': 600.0}
SIM_TRAIN step:205, travel time:150.60402838178072, q_loss:10.422656, rewards:-29.070545, queue:11.437963, delay:0.6082272, throughput:4274, raw_metrics:{'fairness': 608.667}
REAL_TRAIN step:152, travel time:1459.409829059829, q_loss:100, rewards:-168.73663, queue:244.47963, delay:0.80753595, throughput:856, R_real:-847.9186, components:{'queue': 3.671, 'delay': 0.0, 'waiting': 830.144, 'pressure': 0.0, 'switches': 0.0, 'fairness': 14.103}, raw_metrics:{'fairness': 205.0, 'emission': 5266.094, 'fuel': 1707.235, 'emergency_stops': 2.0, 'collisions': 0.0, 'ssm_conflicts': 1504.0}, final;ckpt
SIM_TRAIN step:206, travel time:243.6619363698787, q_loss:9.9805355, rewards:-45.678337, queue:17.126852, delay:0.66123426, throughput:3892, raw_metrics:{'fairness': 931.667}
SIM_TRAIN step:207, travel time:168.0613553113553, q_loss:9.701622, rewards:-40.589443, queue:15.800926, delay:0.63381135, throughput:4131, raw_metrics:{'fairness': 609.667}
REAL_TRAIN step:154, travel time:1589.332075471698, q_loss:100, rewards:-313.51608, queue:266.92407, delay:0.76058143, throughput:626, R_real:-964.2198, components:{'queue': 4.245, 'delay': 0.0, 'waiting': 945.749, 'pressure': 0.0, 'switches': 0.0, 'fairness': 14.225}, raw_metrics:{'fairness': 159.333, 'emission': 5856.207, 'fuel': 1898.548, 'emergency_stops': 0.0, 'collisions': 0.0, 'ssm_conflicts': 1563.0}, final;ckpt
SIM_TRAIN step:208, travel time:149.7955586080586, q_loss:9.942339, rewards:-27.504454, queue:11.198148, delay:0.61362463, throughput:4280, raw_metrics:{'fairness': 181.333}
REAL_TRAIN step:155, travel time:1754.054959785523, q_loss:100, rewards:-322.16058, queue:298.40555, delay:0.7629323, throughput:478, R_real:-1102.4709, components:{'queue': 4.706, 'delay': 0.0, 'waiting': 1086.908, 'pressure': 0.0, 'switches': 0.0, 'fairness': 10.857}, raw_metrics:{'fairness': 118.0, 'emission': 6053.952, 'fuel': 1962.656, 'emergency_stops': 2.0, 'collisions': 0.0, 'ssm_conflicts': 1560.0}, final;ckpt
RewardInference-Final: deploying best checkpoint R_real=-36.0458
Saved method state to data/output_data/sim2real_rewards/cityflow_presslight/bullhead_3/baseline_rewards_v2_reward_inference_fairness_heavy_s0/model/bullhead_3_fairness_heavy_presslight_reward_inference/method_state.json
real rollouts used: 97/100
REAL_TEST step:0, travel time:146.96124390809933, q_loss:100, rewards:-36.52334, queue:7.172222, delay:0.57660383, throughput:4142, R_real:-36.0458, components:{'queue': 0.146, 'delay': 0.0, 'waiting': 4.434, 'pressure': 0.0, 'switches': 0.0, 'fairness': 31.465}, raw_metrics:{'fairness': 549.667, 'emission': 1243.123, 'fuel': 403.006, 'emergency_stops': 9.0, 'collisions': 0.0, 'ssm_conflicts': 531.0}
Total time taken: 5694.66221165657
