tempe_1x1_setting4_presslight_ugat	SIM_TEST	0	143.0	100.0	-10.38	5.47	0.36	1875
tempe_1x1_setting4_presslight_ugat	REAL_TRAIN	0	344.9	100.0	-136.56	93.12	0.65	1504
tempe_1x1_setting4_presslight_ugat	SIM_TRAIN	0	198.4	0.0	-41.19	33.16	0.46	1836
tempe_1x1_setting4_presslight_ugat	SIM_TEST	1	142.6	100.0	-10.31	5.33	0.36	1873
tempe_1x1_setting4_presslight_ugat	REAL_TRAIN	1	344.9	100.0	-136.56	93.12	0.65	1504
tempe_1x1_setting4_presslight_ugat	SIM_TRAIN	0	1068.8	0.0	-448.10	437.32	0.76	826
tempe_1x1_setting4_presslight_ugat	SIM_TEST	2	143.2	100.0	-10.49	5.57	0.37	1871
tempe_1x1_setting4_presslight_ugat	REAL_TRAIN	2	344.9	100.0	-136.56	93.12	0.65	1504
tempe_1x1_setting4_presslight_ugat	SIM_TRAIN	0	244.2	321.7	-74.36	65.15	0.50	1574
tempe_1x1_setting4_presslight_ugat	SIM_TEST	3	516.3	100.0	-225.33	208.75	0.66	1463
tempe_1x1_setting4_presslight_ugat	REAL_TRAIN	3	581.3	100.0	-260.33	218.13	0.67	1274
tempe_1x1_setting4_presslight_ugat	SIM_TRAIN	0	151.5	80.7	-14.97	9.69	0.41	1872
tempe_1x1_setting4_presslight_ugat	SIM_TEST	4	148.8	100.0	-13.55	8.63	0.42	1869
tempe_1x1_setting4_presslight_ugat	REAL_TRAIN	4	232.4	100.0	-77.74	33.52	0.64	1666
tempe_1x1_setting4_presslight_ugat	SIM_TRAIN	0	860.2	63.6	-423.18	411.21	0.70	916
tempe_1x1_setting4_presslight_ugat	SIM_TEST	5	148.4	100.0	-13.24	8.34	0.42	1873
tempe_1x1_setting4_presslight_ugat	REAL_TRAIN	5	434.7	100.0	-185.14	142.72	0.64	1386
tempe_1x1_setting4_presslight_ugat	SIM_TRAIN	0	147.7	60.5	-12.82	8.03	0.42	1869
tempe_1x1_setting4_presslight_ugat	SIM_TEST	6	146.4	100.0	-11.96	7.26	0.41	1871
tempe_1x1_setting4_presslight_ugat	REAL_TRAIN	6	546.5	100.0	-243.57	202.23	0.65	1262
tempe_1x1_setting4_presslight_ugat	SIM_TRAIN	0	144.6	51.4	-11.11	6.35	0.40	1873
tempe_1x1_setting4_presslight_ugat	SIM_TEST	7	144.4	100.0	-11.10	6.20	0.38	1872
tempe_1x1_setting4_presslight_ugat	REAL_TRAIN	7	567.7	100.0	-254.62	213.27	0.66	1248
tempe_1x1_setting4_presslight_ugat	SIM_TRAIN	0	744.4	65.9	-355.49	338.84	0.74	1187
tempe_1x1_setting4_presslight_ugat	SIM_TEST	8	624.8	100.0	-289.30	272.87	0.68	1305
tempe_1x1_setting4_presslight_ugat	REAL_TRAIN	8	727.5	100.0	-337.76	297.74	0.67	1114
tempe_1x1_setting4_presslight_ugat	SIM_TRAIN	0	167.4	111.9	-23.57	18.00	0.48	1868
tempe_1x1_setting4_presslight_ugat	SIM_TEST	9	150.4	100.0	-14.57	9.25	0.44	1870
tempe_1x1_setting4_presslight_ugat	REAL_TRAIN	9	566.9	100.0	-240.99	201.96	0.74	895
tempe_1x1_setting4_presslight_ugat	SIM_TRAIN	0	147.9	99.5	-12.92	7.84	0.42	1869
tempe_1x1_setting4_presslight_ugat	SIM_TEST	10	145.4	100.0	-11.68	6.50	0.38	1873
tempe_1x1_setting4_presslight_ugat	REAL_TRAIN	10	679.8	100.0	-290.91	253.14	0.77	798
tempe_1x1_setting4_presslight_ugat	SIM_TRAIN	0	154.3	65.5	-16.64	11.57	0.45	1863
tempe_1x1_setting4_presslight_ugat	SIM_TEST	11	145.7	100.0	-11.86	6.58	0.36	1873
tempe_1x1_setting4_presslight_ugat	REAL_TRAIN	11	277.6	100.0	-99.99	54.38	0.64	1615
tempe_1x1_setting4_presslight_ugat	SIM_TRAIN	0	152.9	56.3	-15.77	10.53	0.42	1868
tempe_1x1_setting4_presslight_ugat	SIM_TEST	12	145.2	100.0	-11.68	6.42	0.36	1875
tempe_1x1_setting4_presslight_ugat	REAL_TRAIN	12	276.4	100.0	-99.68	54.16	0.67	1608
tempe_1x1_setting4_presslight_ugat	SIM_TRAIN	0	173.2	59.1	-26.71	20.61	0.48	1851
tempe_1x1_setting4_presslight_ugat	SIM_TEST	13	144.6	100.0	-11.20	6.10	0.37	1873
tempe_1x1_setting4_presslight_ugat	REAL_TRAIN	13	289.8	100.0	-106.30	60.67	0.65	1544
tempe_1x1_setting4_presslight_ugat	SIM_TRAIN	0	696.0	63.5	-335.10	320.62	0.64	1045
tempe_1x1_setting4_presslight_ugat	SIM_TEST	14	145.1	100.0	-11.57	6.40	0.36	1872
tempe_1x1_setting4_presslight_ugat	REAL_TRAIN	14	289.7	100.0	-106.41	60.11	0.68	1586
tempe_1x1_setting4_presslight_ugat	SIM_TRAIN	0	145.1	64.3	-11.49	6.34	0.37	1875
tempe_1x1_setting4_presslight_ugat	SIM_TEST	15	144.7	100.0	-11.37	6.21	0.37	1873
tempe_1x1_setting4_presslight_ugat	REAL_TRAIN	15	477.3	100.0	-205.45	161.82	0.67	1379
tempe_1x1_setting4_presslight_ugat	SIM_TRAIN	0	144.4	49.6	-11.15	6.11	0.37	1873
tempe_1x1_setting4_presslight_ugat	SIM_TEST	16	144.2	100.0	-11.11	5.99	0.36	1868
tempe_1x1_setting4_presslight_ugat	REAL_TRAIN	16	364.6	100.0	-144.65	97.31	0.70	1510
tempe_1x1_setting4_presslight_ugat	SIM_TRAIN	0	1085.5	49.2	-541.01	523.77	0.70	672
tempe_1x1_setting4_presslight_ugat	SIM_TEST	17	143.8	100.0	-10.78	5.87	0.37	1875
tempe_1x1_setting4_presslight_ugat	REAL_TRAIN	17	273.5	100.0	-98.05	52.53	0.69	1601
tempe_1x1_setting4_presslight_ugat	SIM_TRAIN	0	143.6	65.7	-10.76	5.78	0.36	1872
tempe_1x1_setting4_presslight_ugat	SIM_TEST	18	143.5	100.0	-10.68	5.67	0.35	1875
tempe_1x1_setting4_presslight_ugat	REAL_TRAIN	18	271.4	100.0	-97.03	51.81	0.68	1581
tempe_1x1_setting4_presslight_ugat	SIM_TRAIN	0	143.4	49.5	-10.54	5.60	0.35	1875
tempe_1x1_setting4_presslight_ugat	SIM_TEST	19	143.5	100.0	-10.58	5.67	0.36	1876
tempe_1x1_setting4_presslight_ugat	REAL_TRAIN	19	326.8	100.0	-124.76	81.81	0.74	1257
tempe_1x1_setting4_presslight_ugat	SIM_TRAIN	0	716.2	43.0	-348.92	333.42	0.64	936
tempe_1x1_setting4_presslight_ugat	SIM_TEST	20	143.1	100.0	-10.33	5.42	0.35	1875
tempe_1x1_setting4_presslight_ugat	REAL_TRAIN	20	233.7	100.0	-77.95	33.70	0.64	1648
tempe_1x1_setting4_presslight_ugat	SIM_TRAIN	0	143.8	43.1	-10.81	5.84	0.36	1874
tempe_1x1_setting4_presslight_ugat	SIM_TEST	21	143.4	100.0	-10.54	5.55	0.36	1873
tempe_1x1_setting4_presslight_ugat	REAL_TRAIN	21	237.9	100.0	-79.90	35.36	0.67	1655
tempe_1x1_setting4_presslight_ugat	SIM_TRAIN	0	143.4	38.8	-10.61	5.66	0.36	1874
tempe_1x1_setting4_presslight_ugat	SIM_TEST	22	143.9	100.0	-10.85	5.88	0.36	1871
tempe_1x1_setting4_presslight_ugat	REAL_TRAIN	22	308.1	100.0	-114.79	70.26	0.71	1416
tempe_1x1_setting4_presslight_ugat	SIM_TRAIN	0	203.9	33.8	-44.43	36.21	0.51	1820
tempe_1x1_setting4_presslight_ugat	SIM_TEST	23	143.2	100.0	-10.58	5.68	0.37	1875
tempe_1x1_setting4_presslight_ugat	REAL_TRAIN	23	401.0	100.0	-165.29	119.62	0.65	1462
tempe_1x1_setting4_presslight_ugat	SIM_TRAIN	0	151.0	33.3	-14.73	9.21	0.39	1872
tempe_1x1_setting4_presslight_ugat	SIM_TEST	24	143.5	100.0	-10.64	5.77	0.37	1872
tempe_1x1_setting4_presslight_ugat	REAL_TRAIN	24	307.0	100.0	-115.00	69.09	0.71	1592
tempe_1x1_setting4_presslight_ugat	SIM_TRAIN	0	150.1	34.4	-14.26	8.74	0.38	1864
tempe_1x1_setting4_presslight_ugat	SIM_TEST	25	143.8	100.0	-10.71	5.84	0.36	1872
tempe_1x1_setting4_presslight_ugat	REAL_TRAIN	25	425.9	100.0	-178.61	133.80	0.66	1439
tempe_1x1_setting4_presslight_ugat	SIM_TRAIN	0	149.1	33.0	-13.73	8.56	0.40	1869
tempe_1x1_setting4_presslight_ugat	SIM_TEST	26	143.8	100.0	-10.83	5.82	0.36	1872
tempe_1x1_setting4_presslight_ugat	REAL_TRAIN	26	461.2	100.0	-197.76	154.67	0.67	1388
tempe_1x1_setting4_presslight_ugat	SIM_TRAIN	0	147.6	30.9	-12.91	7.60	0.37	1867
tempe_1x1_setting4_presslight_ugat	SIM_TEST	27	143.1	100.0	-10.35	5.44	0.36	1873
tempe_1x1_setting4_presslight_ugat	REAL_TRAIN	27	386.5	100.0	-157.01	110.97	0.69	1486
tempe_1x1_setting4_presslight_ugat	SIM_TRAIN	0	150.4	27.0	-14.48	9.13	0.40	1869
tempe_1x1_setting4_presslight_ugat	SIM_TEST	28	143.2	100.0	-10.48	5.62	0.37	1872
tempe_1x1_setting4_presslight_ugat	REAL_TRAIN	28	436.3	100.0	-184.01	139.64	0.68	1413
tempe_1x1_setting4_presslight_ugat	SIM_TRAIN	0	151.2	26.6	-14.81	9.54	0.42	1868
tempe_1x1_setting4_presslight_ugat	SIM_TEST	29	144.0	100.0	-10.88	6.02	0.39	1872
tempe_1x1_setting4_presslight_ugat	REAL_TRAIN	29	433.0	100.0	-181.39	135.55	0.68	1430
tempe_1x1_setting4_presslight_ugat	SIM_TRAIN	0	149.3	27.3	-13.83	8.62	0.40	1868
tempe_1x1_setting4_presslight_ugat	SIM_TEST	30	144.5	100.0	-11.17	6.30	0.39	1875
tempe_1x1_setting4_presslight_ugat	REAL_TRAIN	30	493.2	100.0	-214.22	170.28	0.69	1347
tempe_1x1_setting4_presslight_ugat	SIM_TRAIN	0	148.0	23.5	-13.11	7.90	0.39	1870
tempe_1x1_setting4_presslight_ugat	SIM_TEST	31	143.6	100.0	-10.71	5.79	0.37	1874
tempe_1x1_setting4_presslight_ugat	REAL_TRAIN	31	526.1	100.0	-231.63	189.37	0.69	1293
tempe_1x1_setting4_presslight_ugat	SIM_TRAIN	0	150.1	17.1	-14.21	8.71	0.39	1874
tempe_1x1_setting4_presslight_ugat	SIM_TEST	32	144.9	100.0	-11.41	6.51	0.39	1873
tempe_1x1_setting4_presslight_ugat	REAL_TRAIN	32	747.7	100.0	-325.92	288.43	0.82	742
tempe_1x1_setting4_presslight_ugat	SIM_TRAIN	0	149.0	17.9	-13.54	8.50	0.40	1875
tempe_1x1_setting4_presslight_ugat	SIM_TEST	33	145.4	100.0	-11.63	6.72	0.40	1871
tempe_1x1_setting4_presslight_ugat	REAL_TRAIN	33	351.7	100.0	-137.47	90.08	0.72	1536
tempe_1x1_setting4_presslight_ugat	SIM_TRAIN	0	148.3	15.2	-13.33	8.09	0.39	1872
tempe_1x1_setting4_presslight_ugat	SIM_TEST	34	145.8	100.0	-11.98	6.99	0.40	1868
tempe_1x1_setting4_presslight_ugat	REAL_TRAIN	34	553.3	100.0	-238.87	197.27	0.79	964
tempe_1x1_setting4_presslight_ugat	SIM_TRAIN	0	146.8	11.5	-12.45	7.35	0.39	1872
tempe_1x1_setting4_presslight_ugat	SIM_TEST	35	147.8	100.0	-12.96	8.11	0.43	1867
tempe_1x1_setting4_presslight_ugat	REAL_TRAIN	35	559.9	100.0	-241.25	200.52	0.79	949
tempe_1x1_setting4_presslight_ugat	SIM_TRAIN	0	147.3	11.3	-12.51	7.61	0.40	1871
tempe_1x1_setting4_presslight_ugat	SIM_TEST	36	148.2	100.0	-13.14	8.22	0.42	1870
tempe_1x1_setting4_presslight_ugat	REAL_TRAIN	36	670.7	100.0	-289.01	250.61	0.79	827
tempe_1x1_setting4_presslight_ugat	SIM_TRAIN	0	147.2	10.0	-12.74	7.66	0.40	1871
tempe_1x1_setting4_presslight_ugat	SIM_TEST	37	146.9	100.0	-12.34	7.50	0.41	1873
tempe_1x1_setting4_presslight_ugat	REAL_TRAIN	37	397.6	100.0	-162.72	116.84	0.71	1445
tempe_1x1_setting4_presslight_ugat	SIM_TRAIN	0	148.0	8.3	-13.08	7.98	0.39	1870
tempe_1x1_setting4_presslight_ugat	SIM_TEST	38	148.7	100.0	-13.69	8.59	0.44	1874
tempe_1x1_setting4_presslight_ugat	REAL_TRAIN	38	454.8	100.0	-188.73	146.33	0.77	1126
tempe_1x1_setting4_presslight_ugat	SIM_TRAIN	0	147.8	7.6	-12.83	7.99	0.42	1872
tempe_1x1_setting4_presslight_ugat	SIM_TEST	39	146.9	100.0	-12.43	7.47	0.41	1874
tempe_1x1_setting4_presslight_ugat	REAL_TRAIN	39	632.7	100.0	-276.72	237.80	0.80	852
tempe_1x1_setting4_presslight_ugat	SIM_TRAIN	0	145.8	7.4	-11.83	6.91	0.39	1872
tempe_1x1_setting4_presslight_ugat	SIM_TEST	40	146.8	100.0	-12.38	7.43	0.41	1872
tempe_1x1_setting4_presslight_ugat	REAL_TRAIN	40	558.9	100.0	-247.63	204.28	0.71	1303
tempe_1x1_setting4_presslight_ugat	SIM_TRAIN	0	146.7	6.8	-12.33	7.10	0.38	1874
tempe_1x1_setting4_presslight_ugat	SIM_TEST	41	148.7	100.0	-13.55	8.59	0.43	1867
tempe_1x1_setting4_presslight_ugat	REAL_TRAIN	41	1386.6	100.0	-569.14	539.65	0.89	308
tempe_1x1_setting4_presslight_ugat	SIM_TRAIN	0	145.4	6.7	-11.67	6.76	0.39	1871
tempe_1x1_setting4_presslight_ugat	SIM_TEST	42	146.2	100.0	-11.99	7.15	0.40	1871
tempe_1x1_setting4_presslight_ugat	REAL_TRAIN	42	336.8	100.0	-129.14	83.30	0.72	1564
tempe_1x1_setting4_presslight_ugat	SIM_TRAIN	0	145.4	6.6	-11.66	6.71	0.38	1874
tempe_1x1_setting4_presslight_ugat	SIM_TEST	43	144.2	100.0	-11.09	6.13	0.38	1874
tempe_1x1_setting4_presslight_ugat	REAL_TRAIN	43	1187.9	100.0	-497.87	466.16	0.87	413
tempe_1x1_setting4_presslight_ugat	SIM_TRAIN	0	146.5	5.9	-12.22	7.13	0.38	1870
tempe_1x1_setting4_presslight_ugat	SIM_TEST	44	145.1	100.0	-11.57	6.68	0.40	1875
tempe_1x1_setting4_presslight_ugat	REAL_TRAIN	44	548.6	100.0	-236.43	194.42	0.79	988
tempe_1x1_setting4_presslight_ugat	SIM_TRAIN	0	145.8	5.8	-11.87	6.95	0.39	1874
tempe_1x1_setting4_presslight_ugat	SIM_TEST	45	146.3	100.0	-12.09	7.24	0.41	1871
tempe_1x1_setting4_presslight_ugat	REAL_TRAIN	45	351.5	100.0	-137.27	89.34	0.71	1519
tempe_1x1_setting4_presslight_ugat	SIM_TRAIN	0	149.4	5.6	-13.76	8.69	0.41	1871
tempe_1x1_setting4_presslight_ugat	SIM_TEST	46	146.4	100.0	-12.19	7.31	0.41	1871
tempe_1x1_setting4_presslight_ugat	REAL_TRAIN	46	344.8	100.0	-134.12	87.04	0.72	1515
tempe_1x1_setting4_presslight_ugat	SIM_TRAIN	0	149.0	5.5	-13.77	8.46	0.39	1865
tempe_1x1_setting4_presslight_ugat	SIM_TEST	47	144.8	100.0	-11.34	6.38	0.39	1870
tempe_1x1_setting4_presslight_ugat	REAL_TRAIN	47	668.6	100.0	-290.82	249.41	0.81	851
tempe_1x1_setting4_presslight_ugat	SIM_TRAIN	0	147.0	5.4	-12.62	7.34	0.38	1875
tempe_1x1_setting4_presslight_ugat	SIM_TEST	48	145.2	100.0	-11.47	6.66	0.41	1873
tempe_1x1_setting4_presslight_ugat	REAL_TRAIN	48	491.8	100.0	-206.89	164.52	0.75	1042
tempe_1x1_setting4_presslight_ugat	SIM_TRAIN	0	148.5	5.4	-13.42	8.14	0.39	1870
tempe_1x1_setting4_presslight_ugat	SIM_TEST	49	144.9	100.0	-11.26	6.46	0.40	1875
tempe_1x1_setting4_presslight_ugat	REAL_TRAIN	49	1016.6	100.0	-441.15	405.27	0.87	554
tempe_1x1_setting4_presslight_ugat	SIM_TRAIN	0	148.7	5.7	-13.39	8.07	0.39	1870
tempe_1x1_setting4_presslight_ugat	SIM_TEST	50	144.7	100.0	-11.19	6.34	0.40	1875
tempe_1x1_setting4_presslight_ugat	REAL_TRAIN	50	410.9	100.0	-167.23	117.50	0.71	1466
tempe_1x1_setting4_presslight_ugat	SIM_TRAIN	0	153.2	6.2	-15.83	10.43	0.41	1868
tempe_1x1_setting4_presslight_ugat	SIM_TEST	51	144.7	100.0	-11.30	6.42	0.39	1870
tempe_1x1_setting4_presslight_ugat	REAL_TRAIN	51	1295.4	100.0	-537.04	506.81	0.88	352
tempe_1x1_setting4_presslight_ugat	SIM_TRAIN	0	149.1	6.3	-13.62	8.36	0.39	1868
tempe_1x1_setting4_presslight_ugat	SIM_TEST	52	143.9	100.0	-10.86	5.91	0.37	1874
tempe_1x1_setting4_presslight_ugat	REAL_TRAIN	52	1311.0	100.0	-541.65	511.58	0.88	344
tempe_1x1_setting4_presslight_ugat	SIM_TRAIN	0	150.4	6.6	-14.36	8.92	0.39	1867
tempe_1x1_setting4_presslight_ugat	SIM_TEST	53	147.8	100.0	-12.71	7.96	0.43	1875
tempe_1x1_setting4_presslight_ugat	REAL_TRAIN	53	896.3	100.0	-382.78	347.12	0.85	626
tempe_1x1_setting4_presslight_ugat	SIM_TRAIN	0	154.9	7.0	-16.87	11.38	0.44	1866
tempe_1x1_setting4_presslight_ugat	SIM_TEST	54	146.7	100.0	-12.14	7.36	0.42	1873
tempe_1x1_setting4_presslight_ugat	REAL_TRAIN	54	683.1	100.0	-293.12	254.81	0.80	800
tempe_1x1_setting4_presslight_ugat	SIM_TRAIN	0	154.1	7.6	-16.29	11.07	0.43	1871
tempe_1x1_setting4_presslight_ugat	SIM_TEST	55	145.7	100.0	-11.77	6.92	0.41	1873
tempe_1x1_setting4_presslight_ugat	REAL_TRAIN	55	1028.5	100.0	-436.02	401.67	0.87	528
tempe_1x1_setting4_presslight_ugat	SIM_TRAIN	0	147.2	7.8	-12.65	7.58	0.40	1873
tempe_1x1_setting4_presslight_ugat	SIM_TEST	56	146.5	100.0	-12.26	7.36	0.41	1870
tempe_1x1_setting4_presslight_ugat	REAL_TRAIN	56	1197.7	100.0	-500.48	469.08	0.88	406
tempe_1x1_setting4_presslight_ugat	SIM_TRAIN	0	144.9	8.0	-11.37	6.38	0.39	1874
tempe_1x1_setting4_presslight_ugat	SIM_TEST	57	147.6	100.0	-12.86	7.94	0.43	1873
tempe_1x1_setting4_presslight_ugat	REAL_TRAIN	57	1652.0	100.0	-650.26	623.44	0.92	179
tempe_1x1_setting4_presslight_ugat	SIM_TRAIN	0	145.5	7.7	-11.66	6.71	0.39	1873
tempe_1x1_setting4_presslight_ugat	SIM_TEST	58	146.6	100.0	-12.30	7.42	0.42	1872
tempe_1x1_setting4_presslight_ugat	REAL_TRAIN	58	1725.1	100.0	-671.46	645.35	0.92	150
tempe_1x1_setting4_presslight_ugat	SIM_TRAIN	0	147.5	7.6	-12.77	7.67	0.39	1875
tempe_1x1_setting4_presslight_ugat	SIM_TEST	59	144.3	100.0	-11.02	6.19	0.39	1873
tempe_1x1_setting4_presslight_ugat	REAL_TRAIN	59	1658.9	100.0	-651.50	624.84	0.91	175
tempe_1x1_setting4_presslight_ugat	SIM_TRAIN	0	147.4	7.7	-12.76	7.67	0.40	1873
tempe_1x1_setting4_presslight_ugat	SIM_TEST	60	144.0	100.0	-10.97	6.07	0.38	1875
tempe_1x1_setting4_presslight_ugat	REAL_TRAIN	60	372.9	100.0	-146.20	99.38	0.74	1547
tempe_1x1_setting4_presslight_ugat	SIM_TRAIN	0	145.2	7.8	-11.54	6.51	0.38	1875
tempe_1x1_setting4_presslight_ugat	SIM_TEST	61	144.6	100.0	-11.43	6.39	0.39	1871
tempe_1x1_setting4_presslight_ugat	REAL_TRAIN	61	1370.2	100.0	-561.72	532.36	0.89	307
tempe_1x1_setting4_presslight_ugat	SIM_TRAIN	0	146.1	7.3	-12.10	7.08	0.39	1874
tempe_1x1_setting4_presslight_ugat	SIM_TEST	62	144.1	100.0	-10.93	6.07	0.39	1873
tempe_1x1_setting4_presslight_ugat	REAL_TRAIN	62	1686.2	100.0	-659.83	633.25	0.92	168
tempe_1x1_setting4_presslight_ugat	SIM_TRAIN	0	145.4	7.3	-11.66	6.59	0.37	1872
tempe_1x1_setting4_presslight_ugat	SIM_TEST	63	143.7	100.0	-10.68	5.80	0.37	1872
tempe_1x1_setting4_presslight_ugat	REAL_TRAIN	63	1186.7	100.0	-496.62	465.02	0.88	415
tempe_1x1_setting4_presslight_ugat	SIM_TRAIN	0	146.0	7.1	-11.89	6.84	0.38	1871
tempe_1x1_setting4_presslight_ugat	SIM_TEST	64	143.8	100.0	-10.70	5.85	0.37	1876
tempe_1x1_setting4_presslight_ugat	REAL_TRAIN	64	1543.9	100.0	-615.30	587.73	0.90	229
tempe_1x1_setting4_presslight_ugat	SIM_TRAIN	0	148.4	7.1	-13.29	8.04	0.39	1875
tempe_1x1_setting4_presslight_ugat	SIM_TEST	65	143.8	100.0	-10.70	5.91	0.38	1872
tempe_1x1_setting4_presslight_ugat	REAL_TRAIN	65	1512.9	100.0	-603.93	575.89	0.90	247
tempe_1x1_setting4_presslight_ugat	SIM_TRAIN	0	144.6	6.5	-11.22	6.14	0.37	1874
tempe_1x1_setting4_presslight_ugat	SIM_TEST	66	145.0	100.0	-11.39	6.43	0.39	1874
tempe_1x1_setting4_presslight_ugat	REAL_TRAIN	66	403.3	100.0	-163.21	115.34	0.73	1376
tempe_1x1_setting4_presslight_ugat	SIM_TRAIN	0	144.3	6.5	-11.12	6.12	0.37	1872
tempe_1x1_setting4_presslight_ugat	SIM_TEST	67	143.0	100.0	-10.42	5.49	0.37	1875
tempe_1x1_setting4_presslight_ugat	REAL_TRAIN	67	830.7	100.0	-358.30	321.40	0.83	675
tempe_1x1_setting4_presslight_ugat	SIM_TRAIN	0	145.8	6.1	-11.92	6.74	0.37	1871
tempe_1x1_setting4_presslight_ugat	SIM_TEST	68	143.5	100.0	-10.61	5.72	0.38	1873
tempe_1x1_setting4_presslight_ugat	REAL_TRAIN	68	485.0	100.0	-204.96	161.64	0.77	1119
tempe_1x1_setting4_presslight_ugat	SIM_TRAIN	0	146.6	5.7	-12.43	7.18	0.38	1866
tempe_1x1_setting4_presslight_ugat	SIM_TEST	69	143.2	100.0	-10.41	5.55	0.36	1874
tempe_1x1_setting4_presslight_ugat	REAL_TRAIN	69	1546.3	100.0	-615.37	587.78	0.91	227
tempe_1x1_setting4_presslight_ugat	SIM_TRAIN	0	146.0	5.3	-11.99	6.89	0.38	1874
tempe_1x1_setting4_presslight_ugat	SIM_TEST	70	143.5	100.0	-10.60	5.67	0.37	1874
tempe_1x1_setting4_presslight_ugat	REAL_TRAIN	70	346.5	100.0	-133.98	86.39	0.71	1553
tempe_1x1_setting4_presslight_ugat	SIM_TRAIN	0	146.7	5.1	-12.41	7.19	0.37	1871
tempe_1x1_setting4_presslight_ugat	SIM_TEST	71	143.6	100.0	-10.67	5.81	0.37	1871
tempe_1x1_setting4_presslight_ugat	REAL_TRAIN	71	369.2	100.0	-146.34	97.11	0.72	1487
tempe_1x1_setting4_presslight_ugat	SIM_TRAIN	0	146.4	5.0	-12.29	7.07	0.37	1870
tempe_1x1_setting4_presslight_ugat	SIM_TEST	72	144.1	100.0	-10.90	6.01	0.38	1874
tempe_1x1_setting4_presslight_ugat	REAL_TRAIN	72	1198.5	100.0	-503.23	471.23	0.88	412
tempe_1x1_setting4_presslight_ugat	SIM_TRAIN	0	146.4	5.1	-12.21	7.12	0.38	1872
tempe_1x1_setting4_presslight_ugat	SIM_TEST	73	143.7	100.0	-10.69	5.84	0.38	1874
tempe_1x1_setting4_presslight_ugat	REAL_TRAIN	73	1022.3	100.0	-435.30	401.58	0.86	525
tempe_1x1_setting4_presslight_ugat	SIM_TRAIN	0	147.1	5.1	-12.45	7.39	0.40	1875
tempe_1x1_setting4_presslight_ugat	SIM_TEST	74	143.6	100.0	-10.64	5.76	0.38	1875
tempe_1x1_setting4_presslight_ugat	REAL_TRAIN	74	1543.9	100.0	-621.70	593.65	0.91	226
tempe_1x1_setting4_presslight_ugat	SIM_TRAIN	0	147.8	5.0	-12.72	7.61	0.39	1874
tempe_1x1_setting4_presslight_ugat	SIM_TEST	75	144.1	100.0	-10.87	5.99	0.38	1873
tempe_1x1_setting4_presslight_ugat	REAL_TRAIN	75	380.8	100.0	-151.60	106.84	0.74	1288
tempe_1x1_setting4_presslight_ugat	SIM_TRAIN	0	147.1	5.3	-12.69	7.34	0.37	1871
tempe_1x1_setting4_presslight_ugat	SIM_TEST	76	144.8	100.0	-11.35	6.38	0.39	1874
tempe_1x1_setting4_presslight_ugat	REAL_TRAIN	76	608.3	100.0	-263.97	223.68	0.80	889
tempe_1x1_setting4_presslight_ugat	SIM_TRAIN	0	144.3	5.2	-11.04	6.09	0.37	1872
tempe_1x1_setting4_presslight_ugat	SIM_TEST	77	143.2	100.0	-10.54	5.64	0.37	1875
tempe_1x1_setting4_presslight_ugat	REAL_TRAIN	77	965.9	100.0	-414.77	379.83	0.85	571
tempe_1x1_setting4_presslight_ugat	SIM_TRAIN	0	145.2	5.3	-11.57	6.36	0.37	1874
tempe_1x1_setting4_presslight_ugat	SIM_TEST	78	143.2	100.0	-10.41	5.54	0.36	1874
tempe_1x1_setting4_presslight_ugat	REAL_TRAIN	78	340.3	100.0	-131.57	86.18	0.72	1382
tempe_1x1_setting4_presslight_ugat	SIM_TRAIN	0	144.0	4.9	-10.92	5.88	0.36	1874
tempe_1x1_setting4_presslight_ugat	SIM_TEST	79	143.4	100.0	-10.50	5.58	0.36	1873
tempe_1x1_setting4_presslight_ugat	REAL_TRAIN	79	557.6	100.0	-241.57	200.78	0.79	936
tempe_1x1_setting4_presslight_ugat	SIM_TRAIN	0	146.5	4.8	-12.34	7.02	0.37	1871
tempe_1x1_setting4_presslight_ugat	SIM_TEST	80	143.3	100.0	-10.49	5.49	0.35	1873
tempe_1x1_setting4_presslight_ugat	REAL_TRAIN	80	1032.3	100.0	-438.71	405.41	0.85	514
tempe_1x1_setting4_presslight_ugat	SIM_TRAIN	0	144.1	5.1	-10.86	5.89	0.37	1875
tempe_1x1_setting4_presslight_ugat	SIM_TEST	81	143.2	100.0	-10.43	5.58	0.36	1873
tempe_1x1_setting4_presslight_ugat	REAL_TRAIN	81	440.9	100.0	-181.32	138.44	0.76	1106
tempe_1x1_setting4_presslight_ugat	SIM_TRAIN	0	144.4	5.1	-11.12	6.11	0.38	1873
tempe_1x1_setting4_presslight_ugat	SIM_TEST	82	143.2	100.0	-10.49	5.57	0.35	1873
tempe_1x1_setting4_presslight_ugat	REAL_TRAIN	82	307.2	100.0	-114.25	67.28	0.70	1586
tempe_1x1_setting4_presslight_ugat	SIM_TRAIN	0	146.5	5.3	-12.29	7.05	0.37	1872
tempe_1x1_setting4_presslight_ugat	SIM_TEST	83	143.2	100.0	-10.46	5.58	0.36	1876
tempe_1x1_setting4_presslight_ugat	REAL_TRAIN	83	314.1	100.0	-118.16	71.93	0.70	1524
tempe_1x1_setting4_presslight_ugat	SIM_TRAIN	0	145.9	5.1	-11.79	6.71	0.37	1874
tempe_1x1_setting4_presslight_ugat	SIM_TEST	84	143.2	100.0	-10.49	5.57	0.36	1876
tempe_1x1_setting4_presslight_ugat	REAL_TRAIN	84	1227.8	100.0	-519.59	488.49	0.88	389
tempe_1x1_setting4_presslight_ugat	SIM_TRAIN	0	146.5	5.1	-12.11	7.03	0.39	1875
tempe_1x1_setting4_presslight_ugat	SIM_TEST	85	143.4	100.0	-10.63	5.67	0.37	1875
tempe_1x1_setting4_presslight_ugat	REAL_TRAIN	85	1566.9	100.0	-623.41	595.88	0.91	213
tempe_1x1_setting4_presslight_ugat	SIM_TRAIN	0	147.8	5.0	-12.92	7.79	0.40	1873
tempe_1x1_setting4_presslight_ugat	SIM_TEST	86	143.2	100.0	-10.46	5.54	0.36	1871
tempe_1x1_setting4_presslight_ugat	REAL_TRAIN	86	383.9	100.0	-154.02	107.37	0.75	1335
tempe_1x1_setting4_presslight_ugat	SIM_TRAIN	0	146.2	5.0	-12.08	6.92	0.37	1874
tempe_1x1_setting4_presslight_ugat	SIM_TEST	87	143.3	100.0	-10.55	5.64	0.37	1874
tempe_1x1_setting4_presslight_ugat	REAL_TRAIN	87	339.3	100.0	-130.33	82.76	0.72	1551
tempe_1x1_setting4_presslight_ugat	SIM_TRAIN	0	145.4	4.7	-11.54	6.47	0.38	1871
tempe_1x1_setting4_presslight_ugat	SIM_TEST	88	143.2	100.0	-10.51	5.58	0.37	1875
tempe_1x1_setting4_presslight_ugat	REAL_TRAIN	88	548.5	100.0	-236.03	192.70	0.79	991
tempe_1x1_setting4_presslight_ugat	SIM_TRAIN	0	144.3	4.8	-11.03	6.05	0.37	1874
tempe_1x1_setting4_presslight_ugat	SIM_TEST	89	143.1	100.0	-10.35	5.48	0.36	1874
tempe_1x1_setting4_presslight_ugat	REAL_TRAIN	89	326.3	100.0	-123.98	77.10	0.71	1571
tempe_1x1_setting4_presslight_ugat	SIM_TRAIN	0	146.3	4.6	-12.24	7.09	0.37	1875
tempe_1x1_setting4_presslight_ugat	SIM_TEST	90	143.8	100.0	-10.88	5.97	0.38	1875
tempe_1x1_setting4_presslight_ugat	REAL_TRAIN	90	1335.1	100.0	-546.01	516.40	0.88	328
tempe_1x1_setting4_presslight_ugat	SIM_TRAIN	0	146.5	4.5	-12.14	7.06	0.38	1870
tempe_1x1_setting4_presslight_ugat	SIM_TEST	91	143.2	100.0	-10.41	5.49	0.36	1875
tempe_1x1_setting4_presslight_ugat	REAL_TRAIN	91	1530.0	100.0	-618.02	589.90	0.91	236
tempe_1x1_setting4_presslight_ugat	SIM_TRAIN	0	144.4	5.0	-11.12	6.17	0.37	1874
tempe_1x1_setting4_presslight_ugat	SIM_TEST	92	143.6	100.0	-10.77	5.82	0.36	1876
tempe_1x1_setting4_presslight_ugat	REAL_TRAIN	92	801.1	100.0	-345.10	308.66	0.82	690
tempe_1x1_setting4_presslight_ugat	SIM_TRAIN	0	144.4	4.5	-11.03	6.05	0.37	1874
tempe_1x1_setting4_presslight_ugat	SIM_TEST	93	143.7	100.0	-10.75	5.78	0.36	1872
tempe_1x1_setting4_presslight_ugat	REAL_TRAIN	93	898.9	100.0	-387.55	351.14	0.84	614
tempe_1x1_setting4_presslight_ugat	SIM_TRAIN	0	144.5	4.5	-11.12	6.10	0.37	1875
tempe_1x1_setting4_presslight_ugat	SIM_TEST	94	143.4	100.0	-10.58	5.70	0.37	1874
tempe_1x1_setting4_presslight_ugat	REAL_TRAIN	94	401.0	100.0	-162.45	116.91	0.75	1295
tempe_1x1_setting4_presslight_ugat	SIM_TRAIN	0	144.2	4.2	-10.90	5.96	0.37	1871
tempe_1x1_setting4_presslight_ugat	SIM_TEST	95	143.5	100.0	-10.64	5.71	0.37	1872
tempe_1x1_setting4_presslight_ugat	REAL_TRAIN	95	906.3	100.0	-414.15	343.12	0.87	903
tempe_1x1_setting4_presslight_ugat	SIM_TRAIN	0	145.0	4.5	-11.40	6.43	0.37	1875
tempe_1x1_setting4_presslight_ugat	SIM_TEST	96	143.6	100.0	-10.74	5.84	0.37	1872
tempe_1x1_setting4_presslight_ugat	REAL_TRAIN	96	281.4	100.0	-101.70	55.49	0.68	1606
tempe_1x1_setting4_presslight_ugat	SIM_TRAIN	0	145.0	4.2	-11.44	6.39	0.37	1874
tempe_1x1_setting4_presslight_ugat	SIM_TEST	97	143.3	100.0	-10.57	5.62	0.36	1874
tempe_1x1_setting4_presslight_ugat	REAL_TRAIN	97	864.9	100.0	-373.39	337.76	0.82	637
tempe_1x1_setting4_presslight_ugat	SIM_TRAIN	0	146.5	4.4	-12.12	7.21	0.38	1871
tempe_1x1_setting4_presslight_ugat	SIM_TEST	98	143.6	100.0	-10.67	5.76	0.37	1875
tempe_1x1_setting4_presslight_ugat	REAL_TRAIN	98	285.8	100.0	-104.13	58.41	0.68	1570
tempe_1x1_setting4_presslight_ugat	SIM_TRAIN	0	144.3	4.2	-11.21	6.17	0.36	1872
tempe_1x1_setting4_presslight_ugat	SIM_TEST	99	142.8	100.0	-10.31	5.46	0.36	1876
tempe_1x1_setting4_presslight_ugat	REAL_TRAIN	99	352.8	100.0	-136.07	92.41	0.72	1258
tempe_1x1_setting4_presslight_ugat	SIM_TRAIN	0	144.6	4.3	-11.15	6.11	0.37	1874
