RewardInference: 15 probes (components ['queue', 'delay', 'waiting', 'pressure', 'switches'] x 3 repeats, capped at 99 by real budget)
SIM_TRAIN step:0, travel time:964.8097554196776, q_loss:0.061830174, rewards:-741.73785, queue:168.94218, delay:0.5288742, throughput:13805, raw_metrics:{'fairness': 426.688}
SIM_TRAIN step:1, travel time:180.87552097804945, q_loss:0.036054045, rewards:-360.13803, queue:32.087154, delay:0.38080725, throughput:20592, raw_metrics:{'fairness': 957.312}
SIM_TRAIN step:2, travel time:138.22384326802833, q_loss:0.029411348, rewards:-151.69499, queue:17.30625, delay:0.34726343, throughput:20927, raw_metrics:{'fairness': 570.562}
REAL_TRAIN step:1, travel time:294.95361139369277, q_loss:100, rewards:-501.056, queue:61.519966, delay:0.4200811, throughput:17313, R_real:-8.2756, components:{'queue': 3.128, 'delay': 0.0, 'waiting': 0.0, 'pressure': 0.0, 'switches': 0.0, 'ssm_conflicts': 5.147, 'collisions': 0.0}, raw_metrics:{'fairness': 161.125, 'emission': 9787.0, 'fuel': 3172.864, 'emergency_stops': 55.0, 'collisions': 2.0, 'ssm_conflicts': 9265.0}, probe[queue]
SIM_TRAIN step:3, travel time:997.9742900819938, q_loss:0.017689893, rewards:-1004.5686, queue:187.3165, delay:0.52948487, throughput:12971, raw_metrics:{'fairness': 658.5}
SIM_TRAIN step:4, travel time:491.04432607688744, q_loss:0.012450125, rewards:-525.746, queue:108.66632, delay:0.40410444, throughput:16290, raw_metrics:{'fairness': 681.812}
SIM_TRAIN step:5, travel time:323.8336497939147, q_loss:0.0136784315, rewards:-428.1974, queue:77.79497, delay:0.35175472, throughput:19494, raw_metrics:{'fairness': 951.375}
REAL_TRAIN step:2, travel time:744.9163836091639, q_loss:100, rewards:-944.63336, queue:124.06857, delay:0.4733762, throughput:10255, R_real:-11.5186, components:{'queue': 7.077, 'delay': 0.0, 'waiting': 0.0, 'pressure': 0.0, 'switches': 0.0, 'ssm_conflicts': 4.442, 'collisions': 0.0}, raw_metrics:{'fairness': 239.688, 'emission': 16345.707, 'fuel': 5299.172, 'emergency_stops': 30.0, 'collisions': 1.0, 'ssm_conflicts': 7995.0}, probe[delay]
SIM_TRAIN step:6, travel time:1013.458146106453, q_loss:1073.9698, rewards:-1114.2147, queue:193.333, delay:0.544663, throughput:11830, raw_metrics:{'fairness': 479.125}
SIM_TRAIN step:7, travel time:862.7299675775822, q_loss:398.1978, rewards:-1069.7709, queue:147.8802, delay:0.4958514, throughput:14103, raw_metrics:{'fairness': 597.625}
SIM_TRAIN step:8, travel time:642.9550296406077, q_loss:318.5724, rewards:-826.04517, queue:126.55486, delay:0.49167702, throughput:15097, raw_metrics:{'fairness': 553.875}
REAL_TRAIN step:3, travel time:633.5381165919282, q_loss:100, rewards:-1096.1697, queue:133.53784, delay:0.4976354, throughput:11863, R_real:-11.4351, components:{'queue': 6.84, 'delay': 0.0, 'waiting': 0.0, 'pressure': 0.0, 'switches': 0.0, 'ssm_conflicts': 4.596, 'collisions': 0.0}, raw_metrics:{'fairness': 255.438, 'emission': 16194.431, 'fuel': 5250.128, 'emergency_stops': 43.0, 'collisions': 1.0, 'ssm_conflicts': 8272.0}, probe[waiting]
SIM_TRAIN step:9, travel time:926.5468315730961, q_loss:15.129868, rewards:-882.83386, queue:176.48299, delay:0.5246325, throughput:11947, raw_metrics:{'fairness': 488.5}
SIM_TRAIN step:10, travel time:374.07594702232103, q_loss:4.328708, rewards:-637.4789, queue:82.01302, delay:0.4324207, throughput:19129, raw_metrics:{'fairness': 905.812}
SIM_TRAIN step:11, travel time:194.87108723837747, q_loss:5.421966, rewards:-380.15503, queue:34.43125, delay:0.39411056, throughput:20404, raw_metrics:{'fairness': 545.625}
REAL_TRAIN step:4, travel time:274.38862631498705, q_loss:100, rewards:-551.44135, queue:59.015972, delay:0.3936957, throughput:17179, R_real:-9.2287, components:{'queue': 3.045, 'delay': 0.0, 'waiting': 0.0, 'pressure': 0.0, 'switches': 0.0, 'ssm_conflicts': 6.183, 'collisions': 0.0}, raw_metrics:{'fairness': 217.062, 'emission': 9175.814, 'fuel': 2974.72, 'emergency_stops': 52.0, 'collisions': 3.0, 'ssm_conflicts': 11130.0}, probe[pressure]
SIM_TRAIN step:12, travel time:1018.0980310400741, q_loss:0.03279659, rewards:-1330.2561, queue:204.96198, delay:0.5816693, throughput:8749, raw_metrics:{'fairness': 708.562}
SIM_TRAIN step:13, travel time:1234.0315467642563, q_loss:0.017243952, rewards:-1359.605, queue:241.8132, delay:0.5983603, throughput:7562, raw_metrics:{'fairness': 501.0}
SIM_TRAIN step:14, travel time:1258.1170202909293, q_loss:0.009482176, rewards:-1796.0363, queue:243.57951, delay:0.6190302, throughput:7735, raw_metrics:{'fairness': 578.25}
REAL_TRAIN step:5, travel time:1048.262638623327, q_loss:100, rewards:-1576.9913, queue:193.05885, delay:0.63166696, throughput:7686, R_real:-14.1448, components:{'queue': 10.184, 'delay': 0.0, 'waiting': 0.0, 'pressure': 0.0, 'switches': 0.0, 'ssm_conflicts': 3.961, 'collisions': 0.0}, raw_metrics:{'fairness': 197.938, 'emission': 21367.17, 'fuel': 6927.106, 'emergency_stops': 0.0, 'collisions': 0.0, 'ssm_conflicts': 7130.0}, probe[switches]
SIM_TRAIN step:15, travel time:779.8853582843115, q_loss:0.044300653, rewards:-702.0076, queue:136.71129, delay:0.5214486, throughput:14179, raw_metrics:{'fairness': 603.562}
SIM_TRAIN step:16, travel time:174.10554346315936, q_loss:0.03344197, rewards:-225.35533, queue:30.902605, delay:0.35564253, throughput:20822, raw_metrics:{'fairness': 427.938}
SIM_TRAIN step:17, travel time:100.9587366276108, q_loss:0.032217372, rewards:-106.343056, queue:11.016146, delay:0.3253172, throughput:21211, raw_metrics:{'fairness': 560.562}
REAL_TRAIN step:6, travel time:257.6934884630426, q_loss:100, rewards:-385.96497, queue:55.736805, delay:0.40248808, throughput:18199, R_real:-7.7221, components:{'queue': 2.815, 'delay': 0.0, 'waiting': 0.0, 'pressure': 0.0, 'switches': 0.0, 'ssm_conflicts': 4.907, 'collisions': 0.0}, raw_metrics:{'fairness': 225.188, 'emission': 9031.097, 'fuel': 2927.805, 'emergency_stops': 74.0, 'collisions': 2.0, 'ssm_conflicts': 8833.0}, probe[queue]
SIM_TRAIN step:18, travel time:1040.559712896504, q_loss:0.016975826, rewards:-1144.8256, queue:194.89288, delay:0.5009712, throughput:12195, raw_metrics:{'fairness': 438.438}
SIM_TRAIN step:19, travel time:487.68082248876954, q_loss:0.011983698, rewards:-496.111, queue:95.18298, delay:0.39496806, throughput:16667, raw_metrics:{'fairness': 408.688}
SIM_TRAIN step:20, travel time:338.35744720266763, q_loss:0.015809756, rewards:-554.24634, queue:73.9441, delay:0.3257859, throughput:18069, raw_metrics:{'fairness': 770.188}
REAL_TRAIN step:7, travel time:439.252785247791, q_loss:100, rewards:-591.88306, queue:92.082985, delay:0.41147646, throughput:15034, R_real:-10.8282, components:{'queue': 4.663, 'delay': 0.0, 'waiting': 0.0, 'pressure': 0.0, 'switches': 0.0, 'ssm_conflicts': 6.165, 'collisions': 0.0}, raw_metrics:{'fairness': 317.125, 'emission': 13068.287, 'fuel': 4236.642, 'emergency_stops': 56.0, 'collisions': 6.0, 'ssm_conflicts': 11097.0}, probe[delay]
SIM_TRAIN step:21, travel time:856.7950250138966, q_loss:1080.937, rewards:-1046.0897, queue:164.67813, delay:0.539799, throughput:13917, raw_metrics:{'fairness': 813.125}
SIM_TRAIN step:22, travel time:355.58066756168694, q_loss:376.5657, rewards:-549.5584, queue:70.75295, delay:0.4589676, throughput:19587, raw_metrics:{'fairness': 1022.812}
SIM_TRAIN step:23, travel time:354.5843404176506, q_loss:208.82716, rewards:-451.60873, queue:59.13993, delay:0.43728888, throughput:19340, raw_metrics:{'fairness': 720.125}
REAL_TRAIN step:8, travel time:428.80016533480295, q_loss:100, rewards:-1017.89386, queue:97.56302, delay:0.47170058, throughput:14939, R_real:-9.0192, components:{'queue': 5.275, 'delay': 0.0, 'waiting': 0.0, 'pressure': 0.0, 'switches': 0.0, 'ssm_conflicts': 3.744, 'collisions': 0.0}, raw_metrics:{'fairness': 100.625, 'emission': 12672.902, 'fuel': 4108.464, 'emergency_stops': 16.0, 'collisions': 0.0, 'ssm_conflicts': 6740.0}, probe[waiting]
SIM_TRAIN step:24, travel time:978.5840937514475, q_loss:18.936853, rewards:-1119.0035, queue:200.38507, delay:0.5727695, throughput:13325, raw_metrics:{'fairness': 723.5}
SIM_TRAIN step:25, travel time:606.3141269106068, q_loss:5.1737537, rewards:-667.1776, queue:123.67309, delay:0.5059165, throughput:15424, raw_metrics:{'fairness': 834.625}
SIM_TRAIN step:26, travel time:346.3663687306071, q_loss:5.891158, rewards:-418.27283, queue:61.354168, delay:0.44288847, throughput:19576, raw_metrics:{'fairness': 435.438}
REAL_TRAIN step:9, travel time:391.2708219626678, q_loss:100, rewards:-1019.9358, queue:91.14323, delay:0.46205944, throughput:15292, R_real:-8.6592, components:{'queue': 4.855, 'delay': 0.0, 'waiting': 0.0, 'pressure': 0.0, 'switches': 0.0, 'ssm_conflicts': 3.804, 'collisions': 0.0}, raw_metrics:{'fairness': 180.812, 'emission': 11785.745, 'fuel': 3820.852, 'emergency_stops': 34.0, 'collisions': 1.0, 'ssm_conflicts': 6848.0}, probe[pressure]
SIM_TRAIN step:27, travel time:1102.522929405225, q_loss:0.044453677, rewards:-1141.3899, queue:221.98264, delay:0.5358557, throughput:9233, raw_metrics:{'fairness': 585.688}
SIM_TRAIN step:28, travel time:1156.6140448397257, q_loss:0.015549779, rewards:-1279.3474, queue:223.67274, delay:0.5809103, throughput:7683, raw_metrics:{'fairness': 516.75}
SIM_TRAIN step:29, travel time:1280.9762356974104, q_loss:0.008992565, rewards:-1462.9548, queue:249.85121, delay:0.60368496, throughput:6644, raw_metrics:{'fairness': 455.938}
REAL_TRAIN step:10, travel time:1025.3487784330243, q_loss:100, rewards:-1433.1135, queue:182.01146, delay:0.59065986, throughput:7577, R_real:-13.8361, components:{'queue': 9.4, 'delay': 0.0, 'waiting': 0.0, 'pressure': 0.0, 'switches': 0.0, 'ssm_conflicts': 4.436, 'collisions': 0.0}, raw_metrics:{'fairness': 210.375, 'emission': 20934.563, 'fuel': 6786.858, 'emergency_stops': 5.0, 'collisions': 2.0, 'ssm_conflicts': 7985.0}, probe[switches]
SIM_TRAIN step:30, travel time:999.1851148573546, q_loss:0.05262654, rewards:-1072.0302, queue:179.46892, delay:0.51812506, throughput:13793, raw_metrics:{'fairness': 674.938}
SIM_TRAIN step:31, travel time:404.1400185270959, q_loss:0.03251935, rewards:-458.02136, queue:72.344795, delay:0.43989673, throughput:17650, raw_metrics:{'fairness': 723.0}
SIM_TRAIN step:32, travel time:151.16205826501783, q_loss:0.036606513, rewards:-348.7147, queue:26.886457, delay:0.3391963, throughput:20741, raw_metrics:{'fairness': 393.812}
REAL_TRAIN step:11, travel time:147.5362949502678, q_loss:100, rewards:-299.59857, queue:24.890104, delay:0.3455556, throughput:19858, R_real:-5.5218, components:{'queue': 1.185, 'delay': 0.0, 'waiting': 0.0, 'pressure': 0.0, 'switches': 0.0, 'ssm_conflicts': 4.337, 'collisions': 0.0}, raw_metrics:{'fairness': 163.188, 'emission': 5752.96, 'fuel': 1865.051, 'emergency_stops': 69.0, 'collisions': 2.0, 'ssm_conflicts': 7807.0}, probe[queue]
SIM_TRAIN step:33, travel time:738.5898837370884, q_loss:0.017955411, rewards:-847.68976, queue:156.07083, delay:0.480542, throughput:14830, raw_metrics:{'fairness': 835.188}
SIM_TRAIN step:34, travel time:748.3285787060621, q_loss:0.011544015, rewards:-669.6658, queue:149.24358, delay:0.47125593, throughput:12951, raw_metrics:{'fairness': 621.062}
SIM_TRAIN step:35, travel time:405.9532277484486, q_loss:0.014848323, rewards:-471.25647, queue:92.739235, delay:0.39626, throughput:17012, raw_metrics:{'fairness': 965.688}
REAL_TRAIN step:12, travel time:762.676502583628, q_loss:100, rewards:-1083.211, queue:151.71475, delay:0.46089935, throughput:10257, R_real:-12.3063, components:{'queue': 7.535, 'delay': 0.0, 'waiting': 0.0, 'pressure': 0.0, 'switches': 0.0, 'ssm_conflicts': 4.772, 'collisions': 0.0}, raw_metrics:{'fairness': 219.062, 'emission': 17672.939, 'fuel': 5729.454, 'emergency_stops': 18.0, 'collisions': 5.0, 'ssm_conflicts': 8589.0}, probe[delay]
SIM_TRAIN step:36, travel time:1077.8403131659409, q_loss:1531.5537, rewards:-919.06213, queue:186.22917, delay:0.52529764, throughput:10131, raw_metrics:{'fairness': 372.25}
SIM_TRAIN step:37, travel time:782.2319948126534, q_loss:640.80054, rewards:-948.587, queue:137.1816, delay:0.5253962, throughput:14156, raw_metrics:{'fairness': 649.812}
SIM_TRAIN step:38, travel time:639.9456592235708, q_loss:372.559, rewards:-786.9275, queue:115.640976, delay:0.48632228, throughput:15342, raw_metrics:{'fairness': 558.812}
REAL_TRAIN step:13, travel time:637.7103540329244, q_loss:100, rewards:-1030.5349, queue:140.64288, delay:0.5362511, throughput:12214, R_real:-11.3421, components:{'queue': 7.402, 'delay': 0.0, 'waiting': 0.0, 'pressure': 0.0, 'switches': 0.0, 'ssm_conflicts': 3.94, 'collisions': 0.0}, raw_metrics:{'fairness': 167.5, 'emission': 15966.78, 'fuel': 5176.325, 'emergency_stops': 19.0, 'collisions': 6.0, 'ssm_conflicts': 7092.0}, probe[waiting]
SIM_TRAIN step:39, travel time:1104.908560311284, q_loss:17.160885, rewards:-1252.5355, queue:209.62483, delay:0.56277055, throughput:9989, raw_metrics:{'fairness': 600.062}
SIM_TRAIN step:40, travel time:454.3333642003889, q_loss:5.7163982, rewards:-607.92786, queue:93.44149, delay:0.46388957, throughput:18477, raw_metrics:{'fairness': 952.25}
SIM_TRAIN step:41, travel time:198.15435557819663, q_loss:7.372261, rewards:-438.90833, queue:36.008854, delay:0.40348777, throughput:20779, raw_metrics:{'fairness': 1228.688}
REAL_TRAIN step:14, travel time:519.700552692045, q_loss:100, rewards:-807.78107, queue:108.75052, delay:0.49611294, throughput:12679, R_real:-11.6533, components:{'queue': 6.124, 'delay': 0.0, 'waiting': 0.0, 'pressure': 0.0, 'switches': 0.0, 'ssm_conflicts': 5.529, 'collisions': 0.0}, raw_metrics:{'fairness': 256.562, 'emission': 13522.095, 'fuel': 4383.768, 'emergency_stops': 34.0, 'collisions': 0.0, 'ssm_conflicts': 9952.0}, probe[pressure]
SIM_TRAIN step:42, travel time:1087.631057166682, q_loss:0.037999194, rewards:-1126.0292, queue:210.58768, delay:0.53795487, throughput:9642, raw_metrics:{'fairness': 479.875}
SIM_TRAIN step:43, travel time:1196.979340374282, q_loss:0.019967042, rewards:-1307.9557, queue:226.87274, delay:0.57547355, throughput:8106, raw_metrics:{'fairness': 547.938}
SIM_TRAIN step:44, travel time:1250.0750845337905, q_loss:0.0124011785, rewards:-1519.5269, queue:241.38472, delay:0.59368443, throughput:7341, raw_metrics:{'fairness': 359.812}
REAL_TRAIN step:15, travel time:1107.2967583093969, q_loss:100, rewards:-1571.2643, queue:199.66006, delay:0.58599687, throughput:7025, R_real:-13.8579, components:{'queue': 10.487, 'delay': 0.0, 'waiting': 0.0, 'pressure': 0.0, 'switches': 0.0, 'ssm_conflicts': 3.371, 'collisions': 0.0}, raw_metrics:{'fairness': 117.25, 'emission': 21016.05, 'fuel': 6813.278, 'emergency_stops': 4.0, 'collisions': 0.0, 'ssm_conflicts': 6067.0}, probe[switches]
RewardInference identified ŵ: {'queue': 0.5, 'delay': 0.0, 'waiting': 0.0, 'pressure': 0.0, 'switches': 0.0, 'ssm_conflicts': 2.0, 'collisions': 0.0}
RewardInference: identified but SIM-UNOBSERVABLE (irreducible gap): {'ssm_conflicts': 2.0, 'collisions': 0.0}
RewardInference: renormalized actionable ŵ (max->1): {'queue': 1.0}
REAL_TRAIN step:0, travel time:91.71799906498364, q_loss:100, rewards:-92.93305, queue:4.5666666, delay:0.21076344, throughput:20853, R_real:-4.0705, components:{'queue': 0.216, 'delay': 0.0, 'waiting': 0.0, 'pressure': 0.0, 'switches': 0.0, 'ssm_conflicts': 3.854, 'collisions': 0.0}, raw_metrics:{'fairness': 171.375, 'emission': 4052.416, 'fuel': 1313.744, 'emergency_stops': 152.0, 'collisions': 3.0, 'ssm_conflicts': 6938.0}, final;warmstart
SIM_TRAIN step:45, travel time:77.30476455063203, q_loss:0, rewards:-30.953613, queue:2.415625, delay:0.22216055, throughput:21328, raw_metrics:{'fairness': 263.188}
SIM_TRAIN step:46, travel time:77.19560083352629, q_loss:0, rewards:-30.453878, queue:2.3600695, delay:0.22138536, throughput:21328, raw_metrics:{'fairness': 357.562}
REAL_TRAIN step:2, travel time:91.71799906498364, q_loss:100, rewards:-92.93305, queue:4.5666666, delay:0.21076344, throughput:20853, R_real:-4.0705, components:{'queue': 0.216, 'delay': 0.0, 'waiting': 0.0, 'pressure': 0.0, 'switches': 0.0, 'ssm_conflicts': 3.854, 'collisions': 0.0}, raw_metrics:{'fairness': 171.375, 'emission': 4052.416, 'fuel': 1313.744, 'emergency_stops': 152.0, 'collisions': 3.0, 'ssm_conflicts': 6938.0}, final;ckpt
SIM_TRAIN step:47, travel time:77.33354940272247, q_loss:6.0606294, rewards:-31.128334, queue:2.4293404, delay:0.22081175, throughput:21280, raw_metrics:{'fairness': 752.375}
SIM_TRAIN step:48, travel time:413.6598286640426, q_loss:72.08911, rewards:-315.2264, queue:69.344795, delay:0.37175176, throughput:17727, raw_metrics:{'fairness': 1041.688}
REAL_TRAIN step:4, travel time:391.2654839386941, q_loss:100, rewards:-822.73254, queue:88.64965, delay:0.35804164, throughput:15666, R_real:-9.3822, components:{'queue': 3.919, 'delay': 0.0, 'waiting': 0.0, 'pressure': 0.0, 'switches': 0.0, 'ssm_conflicts': 5.463, 'collisions': 0.0}, raw_metrics:{'fairness': 253.938, 'emission': 12231.477, 'fuel': 3965.355, 'emergency_stops': 55.0, 'collisions': 7.0, 'ssm_conflicts': 9834.0}, final;ckpt
SIM_TRAIN step:49, travel time:609.5664798777382, q_loss:37.811394, rewards:-709.65826, queue:128.12274, delay:0.500573, throughput:15744, raw_metrics:{'fairness': 1058.0}
SIM_TRAIN step:50, travel time:466.1005232208177, q_loss:23.093988, rewards:-696.06104, queue:96.91354, delay:0.41186967, throughput:18274, raw_metrics:{'fairness': 941.875}
REAL_TRAIN step:6, travel time:296.4180827996571, q_loss:100, rewards:-482.64697, queue:59.997047, delay:0.4038056, throughput:18001, R_real:-9.7955, components:{'queue': 3.169, 'delay': 0.0, 'waiting': 0.0, 'pressure': 0.0, 'switches': 0.0, 'ssm_conflicts': 6.627, 'collisions': 0.0}, raw_metrics:{'fairness': 303.438, 'emission': 10024.459, 'fuel': 3249.844, 'emergency_stops': 56.0, 'collisions': 4.0, 'ssm_conflicts': 11928.0}, final;ckpt
SIM_TRAIN step:51, travel time:419.8235212376673, q_loss:15.041116, rewards:-496.12375, queue:90.073265, delay:0.4143515, throughput:16966, raw_metrics:{'fairness': 1195.0}
SIM_TRAIN step:52, travel time:394.47821053119065, q_loss:11.839016, rewards:-436.967, queue:77.286804, delay:0.38906175, throughput:17927, raw_metrics:{'fairness': 1341.625}
REAL_TRAIN step:8, travel time:461.31186404560225, q_loss:100, rewards:-816.0327, queue:105.232635, delay:0.4252574, throughput:15516, R_real:-11.1875, components:{'queue': 5.173, 'delay': 0.0, 'waiting': 0.0, 'pressure': 0.0, 'switches': 0.0, 'ssm_conflicts': 6.014, 'collisions': 0.0}, raw_metrics:{'fairness': 301.062, 'emission': 14097.522, 'fuel': 4570.314, 'emergency_stops': 69.0, 'collisions': 9.0, 'ssm_conflicts': 10826.0}, final;ckpt
SIM_TRAIN step:53, travel time:434.77334630350197, q_loss:12.225978, rewards:-492.98386, queue:93.79549, delay:0.4437918, throughput:17011, raw_metrics:{'fairness': 1112.5}
SIM_TRAIN step:54, travel time:391.5361426256078, q_loss:8.815772, rewards:-486.81525, queue:80.25139, delay:0.4568022, throughput:18178, raw_metrics:{'fairness': 763.75}
REAL_TRAIN step:10, travel time:313.3675733715104, q_loss:100, rewards:-762.697, queue:75.324135, delay:0.38921425, throughput:17033, R_real:-9.4050, components:{'queue': 3.632, 'delay': 0.0, 'waiting': 0.0, 'pressure': 0.0, 'switches': 0.0, 'ssm_conflicts': 5.773, 'collisions': 0.0}, raw_metrics:{'fairness': 243.125, 'emission': 10288.224, 'fuel': 3335.359, 'emergency_stops': 79.0, 'collisions': 5.0, 'ssm_conflicts': 10391.0}, final;ckpt
SIM_TRAIN step:55, travel time:401.4847628751389, q_loss:7.5055203, rewards:-479.82617, queue:60.605904, delay:0.39587063, throughput:17351, raw_metrics:{'fairness': 683.5}
SIM_TRAIN step:56, travel time:204.0828432507525, q_loss:6.6905193, rewards:-365.30246, queue:38.789932, delay:0.37647918, throughput:20148, raw_metrics:{'fairness': 965.125}
REAL_TRAIN step:12, travel time:404.207948786343, q_loss:100, rewards:-688.4425, queue:90.96146, delay:0.42422706, throughput:15962, R_real:-10.3718, components:{'queue': 4.485, 'delay': 0.0, 'waiting': 0.0, 'pressure': 0.0, 'switches': 0.0, 'ssm_conflicts': 5.887, 'collisions': 0.0}, raw_metrics:{'fairness': 225.375, 'emission': 12479.705, 'fuel': 4045.825, 'emergency_stops': 72.0, 'collisions': 5.0, 'ssm_conflicts': 10597.0}, final;ckpt
SIM_TRAIN step:57, travel time:222.74507896808856, q_loss:6.2650094, rewards:-387.65213, queue:40.210068, delay:0.36420262, throughput:19824, raw_metrics:{'fairness': 1242.938}
SIM_TRAIN step:58, travel time:193.45735716270025, q_loss:5.4315243, rewards:-410.2475, queue:40.257637, delay:0.37582377, throughput:20213, raw_metrics:{'fairness': 767.938}
REAL_TRAIN step:14, travel time:363.88659684756163, q_loss:100, rewards:-698.80884, queue:88.99167, delay:0.4276833, throughput:16258, R_real:-10.0897, components:{'queue': 4.713, 'delay': 0.0, 'waiting': 0.0, 'pressure': 0.0, 'switches': 0.0, 'ssm_conflicts': 5.377, 'collisions': 0.0}, raw_metrics:{'fairness': 264.0, 'emission': 11399.296, 'fuel': 3695.564, 'emergency_stops': 61.0, 'collisions': 2.0, 'ssm_conflicts': 9679.0}, final;ckpt
SIM_TRAIN step:59, travel time:300.91332129462427, q_loss:5.067144, rewards:-421.45547, queue:60.780903, delay:0.3956928, throughput:18434, raw_metrics:{'fairness': 902.0}
SIM_TRAIN step:60, travel time:180.16205954530722, q_loss:5.022899, rewards:-265.7095, queue:34.585938, delay:0.3507863, throughput:20904, raw_metrics:{'fairness': 625.312}
REAL_TRAIN step:16, travel time:357.3639889491021, q_loss:100, rewards:-727.2358, queue:77.22986, delay:0.40652996, throughput:16084, R_real:-9.4904, components:{'queue': 3.762, 'delay': 0.0, 'waiting': 0.0, 'pressure': 0.0, 'switches': 0.0, 'ssm_conflicts': 5.729, 'collisions': 0.0}, raw_metrics:{'fairness': 262.25, 'emission': 11168.525, 'fuel': 3620.748, 'emergency_stops': 52.0, 'collisions': 1.0, 'ssm_conflicts': 10312.0}, final;ckpt
SIM_TRAIN step:61, travel time:173.16235991479115, q_loss:4.607284, rewards:-253.8222, queue:32.859898, delay:0.3478045, throughput:20774, raw_metrics:{'fairness': 975.5}
SIM_TRAIN step:62, travel time:171.1514562207714, q_loss:3.999787, rewards:-277.09814, queue:32.857986, delay:0.36824858, throughput:20764, raw_metrics:{'fairness': 794.375}
REAL_TRAIN step:18, travel time:460.34137988178753, q_loss:100, rewards:-686.37897, queue:98.17066, delay:0.4397078, throughput:14502, R_real:-10.3756, components:{'queue': 4.885, 'delay': 0.0, 'waiting': 0.0, 'pressure': 0.0, 'switches': 0.0, 'ssm_conflicts': 5.491, 'collisions': 0.0}, raw_metrics:{'fairness': 318.938, 'emission': 13569.623, 'fuel': 4399.173, 'emergency_stops': 51.0, 'collisions': 3.0, 'ssm_conflicts': 9884.0}, final;ckpt
SIM_TRAIN step:63, travel time:238.33112613446934, q_loss:3.7086728, rewards:-260.22186, queue:49.362328, delay:0.37364605, throughput:19802, raw_metrics:{'fairness': 908.875}
SIM_TRAIN step:64, travel time:264.5156300652989, q_loss:3.704299, rewards:-244.88008, queue:46.2908, delay:0.3789644, throughput:19668, raw_metrics:{'fairness': 825.875}
REAL_TRAIN step:20, travel time:523.9523753871326, q_loss:100, rewards:-690.2443, queue:109.61094, delay:0.46732873, throughput:13357, R_real:-11.5313, components:{'queue': 5.662, 'delay': 0.0, 'waiting': 0.0, 'pressure': 0.0, 'switches': 0.0, 'ssm_conflicts': 5.869, 'collisions': 0.0}, raw_metrics:{'fairness': 348.75, 'emission': 14461.023, 'fuel': 4688.16, 'emergency_stops': 47.0, 'collisions': 5.0, 'ssm_conflicts': 10565.0}, final;ckpt
SIM_TRAIN step:65, travel time:317.29025384472857, q_loss:3.1739855, rewards:-309.50336, queue:63.66927, delay:0.39497817, throughput:19241, raw_metrics:{'fairness': 855.25}
SIM_TRAIN step:66, travel time:214.28974905083805, q_loss:2.9208958, rewards:-270.66336, queue:45.642536, delay:0.3807873, throughput:20000, raw_metrics:{'fairness': 999.688}
REAL_TRAIN step:22, travel time:402.1628459371375, q_loss:100, rewards:-579.381, queue:86.13698, delay:0.42687407, throughput:15075, R_real:-9.2557, components:{'queue': 4.348, 'delay': 0.0, 'waiting': 0.0, 'pressure': 0.0, 'switches': 0.0, 'ssm_conflicts': 4.907, 'collisions': 0.0}, raw_metrics:{'fairness': 218.438, 'emission': 11947.332, 'fuel': 3873.236, 'emergency_stops': 53.0, 'collisions': 6.0, 'ssm_conflicts': 8833.0}, final;ckpt
SIM_TRAIN step:67, travel time:244.8171923486638, q_loss:2.4056442, rewards:-259.8487, queue:50.249653, delay:0.3929561, throughput:19645, raw_metrics:{'fairness': 1005.125}
SIM_TRAIN step:68, travel time:220.39280422300425, q_loss:1.8340349, rewards:-196.11188, queue:44.982464, delay:0.38938394, throughput:20498, raw_metrics:{'fairness': 1072.625}
REAL_TRAIN step:24, travel time:504.12595164139105, q_loss:100, rewards:-613.82935, queue:103.75434, delay:0.4442528, throughput:13282, R_real:-9.8219, components:{'queue': 5.332, 'delay': 0.0, 'waiting': 0.0, 'pressure': 0.0, 'switches': 0.0, 'ssm_conflicts': 4.49, 'collisions': 0.0}, raw_metrics:{'fairness': 185.25, 'emission': 13361.219, 'fuel': 4331.613, 'emergency_stops': 39.0, 'collisions': 1.0, 'ssm_conflicts': 8082.0}, final;ckpt
SIM_TRAIN step:69, travel time:272.5870994628635, q_loss:1.6563077, rewards:-320.1839, queue:54.321182, delay:0.42234665, throughput:20565, raw_metrics:{'fairness': 1208.0}
SIM_TRAIN step:70, travel time:238.7951461257005, q_loss:1.508121, rewards:-227.31671, queue:47.71198, delay:0.4002066, throughput:19278, raw_metrics:{'fairness': 908.188}
REAL_TRAIN step:26, travel time:374.78869661851087, q_loss:100, rewards:-728.41425, queue:84.33576, delay:0.39029974, throughput:15857, R_real:-9.3623, components:{'queue': 3.935, 'delay': 0.0, 'waiting': 0.0, 'pressure': 0.0, 'switches': 0.0, 'ssm_conflicts': 5.428, 'collisions': 0.0}, raw_metrics:{'fairness': 167.312, 'emission': 11693.099, 'fuel': 3790.813, 'emergency_stops': 65.0, 'collisions': 5.0, 'ssm_conflicts': 9770.0}, final;ckpt
SIM_TRAIN step:71, travel time:285.7492475109979, q_loss:1.3937644, rewards:-274.62347, queue:54.194965, delay:0.39946032, throughput:19654, raw_metrics:{'fairness': 856.5}
SIM_TRAIN step:72, travel time:286.20457492128173, q_loss:1.3147142, rewards:-309.05225, queue:53.322395, delay:0.38337064, throughput:20145, raw_metrics:{'fairness': 853.438}
REAL_TRAIN step:28, travel time:240.12023445463814, q_loss:100, rewards:-495.3776, queue:50.181076, delay:0.36822712, throughput:17977, R_real:-7.7325, components:{'queue': 2.474, 'delay': 0.0, 'waiting': 0.0, 'pressure': 0.0, 'switches': 0.0, 'ssm_conflicts': 5.259, 'collisions': 0.0}, raw_metrics:{'fairness': 317.5, 'emission': 8183.843, 'fuel': 2653.129, 'emergency_stops': 81.0, 'collisions': 6.0, 'ssm_conflicts': 9466.0}, final;ckpt
SIM_TRAIN step:73, travel time:265.326695072249, q_loss:1.1818541, rewards:-287.09473, queue:44.712326, delay:0.37162954, throughput:19960, raw_metrics:{'fairness': 970.562}
SIM_TRAIN step:74, travel time:298.89624345731625, q_loss:1.0702767, rewards:-251.3745, queue:54.848785, delay:0.39283228, throughput:18978, raw_metrics:{'fairness': 1177.312}
REAL_TRAIN step:30, travel time:410.2397936039918, q_loss:100, rewards:-675.5674, queue:88.90764, delay:0.43182892, throughput:14334, R_real:-9.5924, components:{'queue': 4.472, 'delay': 0.0, 'waiting': 0.0, 'pressure': 0.0, 'switches': 0.0, 'ssm_conflicts': 5.121, 'collisions': 0.0}, raw_metrics:{'fairness': 198.125, 'emission': 11850.105, 'fuel': 3841.716, 'emergency_stops': 64.0, 'collisions': 4.0, 'ssm_conflicts': 9217.0}, final;ckpt
SIM_TRAIN step:75, travel time:342.5924965261695, q_loss:1.1133107, rewards:-377.57996, queue:60.06059, delay:0.38772967, throughput:17860, raw_metrics:{'fairness': 742.062}
SIM_TRAIN step:76, travel time:373.2761256253474, q_loss:1.0718461, rewards:-483.98688, queue:69.860245, delay:0.38725042, throughput:17741, raw_metrics:{'fairness': 978.5}
REAL_TRAIN step:32, travel time:397.3188288579748, q_loss:100, rewards:-809.7936, queue:91.276215, delay:0.42258814, throughput:15300, R_real:-9.6575, components:{'queue': 4.407, 'delay': 0.0, 'waiting': 0.0, 'pressure': 0.0, 'switches': 0.0, 'ssm_conflicts': 5.25, 'collisions': 0.0}, raw_metrics:{'fairness': 285.188, 'emission': 12090.666, 'fuel': 3919.703, 'emergency_stops': 54.0, 'collisions': 0.0, 'ssm_conflicts': 9450.0}, final;ckpt
SIM_TRAIN step:77, travel time:253.09772137828824, q_loss:1.0327615, rewards:-364.48456, queue:52.0592, delay:0.40136406, throughput:20345, raw_metrics:{'fairness': 1259.5}
SIM_TRAIN step:78, travel time:259.7973974252107, q_loss:0.9347352, rewards:-327.27368, queue:50.48125, delay:0.3995631, throughput:19375, raw_metrics:{'fairness': 943.0}
REAL_TRAIN step:34, travel time:492.19191978079635, q_loss:100, rewards:-797.15393, queue:105.16545, delay:0.47142076, throughput:13969, R_real:-10.9000, components:{'queue': 5.739, 'delay': 0.0, 'waiting': 0.0, 'pressure': 0.0, 'switches': 0.0, 'ssm_conflicts': 5.161, 'collisions': 0.0}, raw_metrics:{'fairness': 214.625, 'emission': 13670.134, 'fuel': 4431.76, 'emergency_stops': 32.0, 'collisions': 4.0, 'ssm_conflicts': 9290.0}, final;ckpt
SIM_TRAIN step:79, travel time:413.5870803426719, q_loss:0.92144006, rewards:-445.26657, queue:73.95955, delay:0.42028114, throughput:17126, raw_metrics:{'fairness': 932.062}
SIM_TRAIN step:80, travel time:351.7214580149136, q_loss:0.94561803, rewards:-406.21832, queue:60.893055, delay:0.41324824, throughput:19103, raw_metrics:{'fairness': 774.625}
REAL_TRAIN step:36, travel time:699.1884934112213, q_loss:100, rewards:-974.38367, queue:133.93663, delay:0.48473418, throughput:11122, R_real:-11.0713, components:{'queue': 6.9, 'delay': 0.0, 'waiting': 0.0, 'pressure': 0.0, 'switches': 0.0, 'ssm_conflicts': 4.171, 'collisions': 0.0}, raw_metrics:{'fairness': 164.375, 'emission': 16338.742, 'fuel': 5296.912, 'emergency_stops': 21.0, 'collisions': 4.0, 'ssm_conflicts': 7508.0}, final;ckpt
SIM_TRAIN step:81, travel time:343.4375086825654, q_loss:0.9510759, rewards:-343.80374, queue:57.677776, delay:0.38773176, throughput:18383, raw_metrics:{'fairness': 1043.062}
SIM_TRAIN step:82, travel time:440.1719299870346, q_loss:0.92710555, rewards:-410.1025, queue:73.59653, delay:0.41490462, throughput:18124, raw_metrics:{'fairness': 1003.75}
REAL_TRAIN step:38, travel time:410.88548683404775, q_loss:100, rewards:-671.1933, queue:85.11649, delay:0.4194603, throughput:15063, R_real:-9.8233, components:{'queue': 4.409, 'delay': 0.0, 'waiting': 0.0, 'pressure': 0.0, 'switches': 0.0, 'ssm_conflicts': 5.414, 'collisions': 0.0}, raw_metrics:{'fairness': 181.5, 'emission': 12093.807, 'fuel': 3920.723, 'emergency_stops': 40.0, 'collisions': 2.0, 'ssm_conflicts': 9745.0}, final;ckpt
SIM_TRAIN step:83, travel time:320.2799722157907, q_loss:0.92122567, rewards:-311.84634, queue:56.22934, delay:0.38481572, throughput:18489, raw_metrics:{'fairness': 834.562}
SIM_TRAIN step:84, travel time:343.1378687537628, q_loss:0.87074876, rewards:-418.54773, queue:65.73802, delay:0.3993227, throughput:18817, raw_metrics:{'fairness': 918.75}
REAL_TRAIN step:40, travel time:497.57234591610154, q_loss:100, rewards:-852.5339, queue:104.40816, delay:0.45196465, throughput:13733, R_real:-10.5658, components:{'queue': 5.747, 'delay': 0.0, 'waiting': 0.0, 'pressure': 0.0, 'switches': 0.0, 'ssm_conflicts': 4.819, 'collisions': 0.0}, raw_metrics:{'fairness': 166.438, 'emission': 13387.494, 'fuel': 4340.131, 'emergency_stops': 35.0, 'collisions': 2.0, 'ssm_conflicts': 8674.0}, final;ckpt
SIM_TRAIN step:85, travel time:363.80512084452266, q_loss:0.8523478, rewards:-395.58914, queue:65.73055, delay:0.39354292, throughput:18998, raw_metrics:{'fairness': 855.0}
SIM_TRAIN step:86, travel time:349.3157967859955, q_loss:0.8392455, rewards:-352.05777, queue:61.734898, delay:0.39261287, throughput:19471, raw_metrics:{'fairness': 882.438}
REAL_TRAIN step:42, travel time:551.3373183309892, q_loss:100, rewards:-732.9691, queue:109.171524, delay:0.464868, throughput:13278, R_real:-11.6927, components:{'queue': 6.107, 'delay': 0.0, 'waiting': 0.0, 'pressure': 0.0, 'switches': 0.0, 'ssm_conflicts': 5.586, 'collisions': 0.0}, raw_metrics:{'fairness': 271.688, 'emission': 15134.514, 'fuel': 4906.503, 'emergency_stops': 35.0, 'collisions': 12.0, 'ssm_conflicts': 10054.0}, final;ckpt
SIM_TRAIN step:87, travel time:442.1518688342365, q_loss:0.8462295, rewards:-380.5506, queue:75.801216, delay:0.40536118, throughput:16488, raw_metrics:{'fairness': 872.062}
SIM_TRAIN step:88, travel time:433.59837925445703, q_loss:0.99804986, rewards:-327.72333, queue:75.33507, delay:0.4023872, throughput:17143, raw_metrics:{'fairness': 517.625}
REAL_TRAIN step:44, travel time:476.7731121679619, q_loss:100, rewards:-834.12976, queue:98.94462, delay:0.47911724, throughput:13417, R_real:-10.7659, components:{'queue': 5.131, 'delay': 0.0, 'waiting': 0.0, 'pressure': 0.0, 'switches': 0.0, 'ssm_conflicts': 5.635, 'collisions': 0.0}, raw_metrics:{'fairness': 255.25, 'emission': 13340.156, 'fuel': 4324.783, 'emergency_stops': 31.0, 'collisions': 1.0, 'ssm_conflicts': 10143.0}, final;ckpt
SIM_TRAIN step:89, travel time:490.13229571984436, q_loss:1.0337712, rewards:-487.14536, queue:87.80972, delay:0.4232468, throughput:15736, raw_metrics:{'fairness': 658.25}
SIM_TRAIN step:90, travel time:385.73852637428797, q_loss:0.8551602, rewards:-370.6364, queue:72.40018, delay:0.38980585, throughput:17699, raw_metrics:{'fairness': 943.875}
REAL_TRAIN step:46, travel time:404.82527028502784, q_loss:100, rewards:-765.0376, queue:85.150345, delay:0.4712307, throughput:15060, R_real:-10.0084, components:{'queue': 4.613, 'delay': 0.0, 'waiting': 0.0, 'pressure': 0.0, 'switches': 0.0, 'ssm_conflicts': 5.395, 'collisions': 0.0}, raw_metrics:{'fairness': 246.062, 'emission': 12162.688, 'fuel': 3943.052, 'emergency_stops': 33.0, 'collisions': 6.0, 'ssm_conflicts': 9711.0}, final;ckpt
SIM_TRAIN step:91, travel time:361.0450650734102, q_loss:0.80927604, rewards:-290.37418, queue:63.09861, delay:0.37683097, throughput:17836, raw_metrics:{'fairness': 680.625}
SIM_TRAIN step:92, travel time:362.3782644934247, q_loss:0.7814163, rewards:-293.61102, queue:65.34618, delay:0.39121857, throughput:18032, raw_metrics:{'fairness': 719.875}
REAL_TRAIN step:48, travel time:478.4207810484344, q_loss:100, rewards:-996.44135, queue:101.797745, delay:0.4749323, throughput:14000, R_real:-11.2753, components:{'queue': 5.41, 'delay': 0.0, 'waiting': 0.0, 'pressure': 0.0, 'switches': 0.0, 'ssm_conflicts': 5.866, 'collisions': 0.0}, raw_metrics:{'fairness': 348.5, 'emission': 13278.327, 'fuel': 4304.737, 'emergency_stops': 42.0, 'collisions': 3.0, 'ssm_conflicts': 10558.0}, final;ckpt
SIM_TRAIN step:93, travel time:402.07190147692023, q_loss:0.74555695, rewards:-442.40244, queue:74.54583, delay:0.41478288, throughput:18100, raw_metrics:{'fairness': 796.312}
SIM_TRAIN step:94, travel time:406.46399629543873, q_loss:0.6940627, rewards:-437.15247, queue:77.864586, delay:0.3989936, throughput:17524, raw_metrics:{'fairness': 678.688}
REAL_TRAIN step:50, travel time:732.5572635369062, q_loss:100, rewards:-1128.7941, queue:139.97275, delay:0.52004075, throughput:10815, R_real:-12.7391, components:{'queue': 7.299, 'delay': 0.0, 'waiting': 0.0, 'pressure': 0.0, 'switches': 0.0, 'ssm_conflicts': 5.44, 'collisions': 0.0}, raw_metrics:{'fairness': 246.75, 'emission': 16803.588, 'fuel': 5447.61, 'emergency_stops': 44.0, 'collisions': 2.0, 'ssm_conflicts': 9792.0}, final;ckpt
SIM_TRAIN step:95, travel time:381.7325398295665, q_loss:0.6823515, rewards:-359.71378, queue:68.78611, delay:0.38977525, throughput:17564, raw_metrics:{'fairness': 910.938}
SIM_TRAIN step:96, travel time:343.54582079184996, q_loss:0.6604855, rewards:-357.21832, queue:63.76493, delay:0.38781577, throughput:18104, raw_metrics:{'fairness': 527.062}
REAL_TRAIN step:52, travel time:419.97026431718064, q_loss:100, rewards:-775.2784, queue:84.967705, delay:0.4607535, throughput:14268, R_real:-9.8103, components:{'queue': 4.917, 'delay': 0.0, 'waiting': 0.0, 'pressure': 0.0, 'switches': 0.0, 'ssm_conflicts': 4.893, 'collisions': 0.0}, raw_metrics:{'fairness': 192.125, 'emission': 11884.198, 'fuel': 3852.77, 'emergency_stops': 36.0, 'collisions': 2.0, 'ssm_conflicts': 8807.0}, final;ckpt
SIM_TRAIN step:97, travel time:370.51303904766314, q_loss:0.6019442, rewards:-353.368, queue:70.37934, delay:0.38568184, throughput:18058, raw_metrics:{'fairness': 780.125}
SIM_TRAIN step:98, travel time:462.59660985550204, q_loss:0.58450645, rewards:-443.67578, queue:88.60573, delay:0.4037496, throughput:16473, raw_metrics:{'fairness': 871.625}
REAL_TRAIN step:54, travel time:467.6063638058542, q_loss:100, rewards:-724.92474, queue:91.99635, delay:0.46439183, throughput:13093, R_real:-9.8420, components:{'queue': 5.135, 'delay': 0.0, 'waiting': 0.0, 'pressure': 0.0, 'switches': 0.0, 'ssm_conflicts': 4.707, 'collisions': 0.0}, raw_metrics:{'fairness': 221.625, 'emission': 12232.09, 'fuel': 3965.555, 'emergency_stops': 38.0, 'collisions': 5.0, 'ssm_conflicts': 8472.0}, final;ckpt
SIM_TRAIN step:99, travel time:444.8265641643125, q_loss:0.56512594, rewards:-427.37128, queue:83.87101, delay:0.40677515, throughput:16496, raw_metrics:{'fairness': 846.062}
SIM_TRAIN step:100, travel time:442.6247105677503, q_loss:0.55882007, rewards:-454.95047, queue:86.41389, delay:0.42147475, throughput:17172, raw_metrics:{'fairness': 1105.438}
REAL_TRAIN step:56, travel time:413.5221540922421, q_loss:100, rewards:-758.87415, queue:87.87205, delay:0.47133848, throughput:15409, R_real:-10.2454, components:{'queue': 4.742, 'delay': 0.0, 'waiting': 0.0, 'pressure': 0.0, 'switches': 0.0, 'ssm_conflicts': 5.503, 'collisions': 0.0}, raw_metrics:{'fairness': 221.75, 'emission': 12705.09, 'fuel': 4118.895, 'emergency_stops': 66.0, 'collisions': 7.0, 'ssm_conflicts': 9906.0}, final;ckpt
SIM_TRAIN step:101, travel time:549.2374490552056, q_loss:0.5451876, rewards:-548.1086, queue:104.748436, delay:0.4275183, throughput:15287, raw_metrics:{'fairness': 546.875}
SIM_TRAIN step:102, travel time:435.56722085861156, q_loss:0.5225382, rewards:-466.08514, queue:83.863365, delay:0.39341685, throughput:16671, raw_metrics:{'fairness': 699.0}
REAL_TRAIN step:58, travel time:490.40263949988423, q_loss:100, rewards:-636.50946, queue:93.125694, delay:0.4408512, throughput:14270, R_real:-9.8735, components:{'queue': 5.12, 'delay': 0.0, 'waiting': 0.0, 'pressure': 0.0, 'switches': 0.0, 'ssm_conflicts': 4.753, 'collisions': 0.0}, raw_metrics:{'fairness': 163.625, 'emission': 13685.004, 'fuel': 4436.58, 'emergency_stops': 51.0, 'collisions': 2.0, 'ssm_conflicts': 8556.0}, final;ckpt
SIM_TRAIN step:103, travel time:482.4448818897638, q_loss:0.5032823, rewards:-511.24417, queue:94.385414, delay:0.42168438, throughput:15939, raw_metrics:{'fairness': 922.312}
SIM_TRAIN step:104, travel time:410.38888374247335, q_loss:0.4886467, rewards:-420.5633, queue:77.74184, delay:0.38458014, throughput:17208, raw_metrics:{'fairness': 912.562}
REAL_TRAIN step:60, travel time:341.1490974159255, q_loss:100, rewards:-557.59863, queue:72.85694, delay:0.4567817, throughput:16518, R_real:-9.9558, components:{'queue': 4.277, 'delay': 0.0, 'waiting': 0.0, 'pressure': 0.0, 'switches': 0.0, 'ssm_conflicts': 5.678, 'collisions': 0.0}, raw_metrics:{'fairness': 245.438, 'emission': 10806.474, 'fuel': 3503.374, 'emergency_stops': 56.0, 'collisions': 6.0, 'ssm_conflicts': 10221.0}, final;ckpt
SIM_TRAIN step:105, travel time:403.14058736335, q_loss:0.47382778, rewards:-332.8958, queue:67.87448, delay:0.38681182, throughput:17500, raw_metrics:{'fairness': 703.312}
SIM_TRAIN step:106, travel time:421.34182373917474, q_loss:0.6525951, rewards:-460.47906, queue:79.473785, delay:0.3928793, throughput:17256, raw_metrics:{'fairness': 635.75}
REAL_TRAIN step:62, travel time:400.5227579990987, q_loss:100, rewards:-807.2367, queue:83.14792, delay:0.45674327, throughput:14991, R_real:-9.1032, components:{'queue': 4.558, 'delay': 0.0, 'waiting': 0.0, 'pressure': 0.0, 'switches': 0.0, 'ssm_conflicts': 4.546, 'collisions': 0.0}, raw_metrics:{'fairness': 246.75, 'emission': 11680.517, 'fuel': 3786.737, 'emergency_stops': 35.0, 'collisions': 3.0, 'ssm_conflicts': 8182.0}, final;ckpt
SIM_TRAIN step:107, travel time:441.61529912946844, q_loss:2.5456815, rewards:-472.16693, queue:83.05399, delay:0.38477427, throughput:16915, raw_metrics:{'fairness': 553.5}
SIM_TRAIN step:108, travel time:501.71562225001156, q_loss:2.1254008, rewards:-453.1436, queue:93.25746, delay:0.41412005, throughput:15995, raw_metrics:{'fairness': 616.125}
REAL_TRAIN step:64, travel time:645.1562420705404, q_loss:100, rewards:-761.7757, queue:127.248436, delay:0.5123763, throughput:11975, R_real:-12.7409, components:{'queue': 6.895, 'delay': 0.0, 'waiting': 0.0, 'pressure': 0.0, 'switches': 0.0, 'ssm_conflicts': 5.846, 'collisions': 0.0}, raw_metrics:{'fairness': 215.938, 'emission': 16211.372, 'fuel': 5255.613, 'emergency_stops': 30.0, 'collisions': 5.0, 'ssm_conflicts': 10523.0}, final;ckpt
SIM_TRAIN step:109, travel time:447.3771653543307, q_loss:0.97294474, rewards:-402.2394, queue:82.75035, delay:0.39312184, throughput:16918, raw_metrics:{'fairness': 589.938}
SIM_TRAIN step:110, travel time:416.54281480109296, q_loss:0.7523332, rewards:-387.34366, queue:78.32361, delay:0.3814627, throughput:17168, raw_metrics:{'fairness': 692.625}
REAL_TRAIN step:66, travel time:580.2622279285889, q_loss:100, rewards:-947.06665, queue:119.72066, delay:0.49150968, throughput:12526, R_real:-12.2670, components:{'queue': 6.237, 'delay': 0.0, 'waiting': 0.0, 'pressure': 0.0, 'switches': 0.0, 'ssm_conflicts': 6.03, 'collisions': 0.0}, raw_metrics:{'fairness': 214.375, 'emission': 15246.637, 'fuel': 4942.852, 'emergency_stops': 34.0, 'collisions': 1.0, 'ssm_conflicts': 10854.0}, final;ckpt
SIM_TRAIN step:111, travel time:450.90931826602446, q_loss:0.6634872, rewards:-475.0862, queue:86.436806, delay:0.39986178, throughput:16492, raw_metrics:{'fairness': 441.75}
SIM_TRAIN step:112, travel time:399.38184344603985, q_loss:0.5837762, rewards:-332.64777, queue:73.67431, delay:0.38143298, throughput:17631, raw_metrics:{'fairness': 641.875}
REAL_TRAIN step:68, travel time:580.6819687647894, q_loss:100, rewards:-810.53314, queue:107.76823, delay:0.49030614, throughput:11556, R_real:-10.7116, components:{'queue': 5.845, 'delay': 0.0, 'waiting': 0.0, 'pressure': 0.0, 'switches': 0.0, 'ssm_conflicts': 4.867, 'collisions': 0.0}, raw_metrics:{'fairness': 205.0, 'emission': 13796.887, 'fuel': 4472.855, 'emergency_stops': 40.0, 'collisions': 5.0, 'ssm_conflicts': 8760.0}, final;ckpt
SIM_TRAIN step:113, travel time:394.6613567955545, q_loss:0.5468467, rewards:-402.36462, queue:72.96181, delay:0.3739403, throughput:17539, raw_metrics:{'fairness': 884.625}
SIM_TRAIN step:114, travel time:419.98508706928493, q_loss:0.48932248, rewards:-382.64908, queue:77.90226, delay:0.38715222, throughput:16825, raw_metrics:{'fairness': 749.938}
REAL_TRAIN step:70, travel time:541.108889860686, q_loss:100, rewards:-865.5064, queue:102.73125, delay:0.47621349, throughput:12334, R_real:-10.2607, components:{'queue': 5.521, 'delay': 0.0, 'waiting': 0.0, 'pressure': 0.0, 'switches': 0.0, 'ssm_conflicts': 4.739, 'collisions': 0.0}, raw_metrics:{'fairness': 324.562, 'emission': 13931.094, 'fuel': 4516.364, 'emergency_stops': 41.0, 'collisions': 3.0, 'ssm_conflicts': 8531.0}, final;ckpt
SIM_TRAIN step:115, travel time:412.01315119240564, q_loss:0.4090577, rewards:-335.40247, queue:71.74722, delay:0.37986416, throughput:17360, raw_metrics:{'fairness': 733.438}
SIM_TRAIN step:116, travel time:444.0445576655859, q_loss:0.39578706, rewards:-428.2091, queue:81.94514, delay:0.4027028, throughput:16266, raw_metrics:{'fairness': 839.312}
REAL_TRAIN step:72, travel time:536.4117462705277, q_loss:100, rewards:-986.6501, queue:104.082115, delay:0.4910903, throughput:12563, R_real:-10.9161, components:{'queue': 5.74, 'delay': 0.0, 'waiting': 0.0, 'pressure': 0.0, 'switches': 0.0, 'ssm_conflicts': 5.176, 'collisions': 0.0}, raw_metrics:{'fairness': 235.812, 'emission': 13822.919, 'fuel': 4481.294, 'emergency_stops': 32.0, 'collisions': 4.0, 'ssm_conflicts': 9317.0}, final;ckpt
SIM_TRAIN step:117, travel time:407.5184824902724, q_loss:0.3795937, rewards:-377.8937, queue:75.88299, delay:0.38372388, throughput:16773, raw_metrics:{'fairness': 585.562}
SIM_TRAIN step:118, travel time:434.51167207040294, q_loss:0.366841, rewards:-425.39517, queue:79.34201, delay:0.3899205, throughput:16386, raw_metrics:{'fairness': 682.188}
REAL_TRAIN step:74, travel time:652.751155624037, q_loss:100, rewards:-1032.144, queue:128.8052, delay:0.479373, throughput:11453, R_real:-12.3936, components:{'queue': 7.153, 'delay': 0.0, 'waiting': 0.0, 'pressure': 0.0, 'switches': 0.0, 'ssm_conflicts': 5.241, 'collisions': 0.0}, raw_metrics:{'fairness': 191.688, 'emission': 16202.096, 'fuel': 5252.611, 'emergency_stops': 36.0, 'collisions': 4.0, 'ssm_conflicts': 9433.0}, final;ckpt
SIM_TRAIN step:119, travel time:410.8296522665185, q_loss:0.35702515, rewards:-362.4681, queue:72.75972, delay:0.3797193, throughput:17681, raw_metrics:{'fairness': 649.562}
SIM_TRAIN step:120, travel time:407.8597702214398, q_loss:0.35141894, rewards:-369.77634, queue:73.87274, delay:0.38664174, throughput:16762, raw_metrics:{'fairness': 673.812}
REAL_TRAIN step:76, travel time:457.84916748285997, q_loss:100, rewards:-766.8828, queue:88.54236, delay:0.44832528, throughput:13055, R_real:-9.8760, components:{'queue': 4.959, 'delay': 0.0, 'waiting': 0.0, 'pressure': 0.0, 'switches': 0.0, 'ssm_conflicts': 4.917, 'collisions': 0.0}, raw_metrics:{'fairness': 165.0, 'emission': 12176.119, 'fuel': 3947.41, 'emergency_stops': 32.0, 'collisions': 4.0, 'ssm_conflicts': 8850.0}, final;ckpt
SIM_TRAIN step:121, travel time:444.756889444676, q_loss:0.34962475, rewards:-467.4675, queue:85.316666, delay:0.38586032, throughput:16546, raw_metrics:{'fairness': 965.188}
SIM_TRAIN step:122, travel time:424.91956843859975, q_loss:0.341529, rewards:-378.27588, queue:77.61285, delay:0.381861, throughput:17452, raw_metrics:{'fairness': 441.375}
REAL_TRAIN step:78, travel time:538.3183447000347, q_loss:100, rewards:-1063.3171, queue:118.71215, delay:0.44821677, throughput:13002, R_real:-12.0365, components:{'queue': 6.037, 'delay': 0.0, 'waiting': 0.0, 'pressure': 0.0, 'switches': 0.0, 'ssm_conflicts': 5.999, 'collisions': 0.0}, raw_metrics:{'fairness': 249.125, 'emission': 15008.693, 'fuel': 4865.714, 'emergency_stops': 45.0, 'collisions': 3.0, 'ssm_conflicts': 10799.0}, final;ckpt
SIM_TRAIN step:123, travel time:441.4848555020378, q_loss:0.3338816, rewards:-352.45242, queue:78.150696, delay:0.39100528, throughput:16400, raw_metrics:{'fairness': 838.5}
SIM_TRAIN step:124, travel time:389.2654100866021, q_loss:0.33122155, rewards:-319.5288, queue:68.2783, delay:0.3651613, throughput:17608, raw_metrics:{'fairness': 616.125}
REAL_TRAIN step:80, travel time:537.74453125, q_loss:100, rewards:-666.1201, queue:101.045135, delay:0.4846072, throughput:13677, R_real:-10.7993, components:{'queue': 5.384, 'delay': 0.0, 'waiting': 0.0, 'pressure': 0.0, 'switches': 0.0, 'ssm_conflicts': 5.415, 'collisions': 0.0}, raw_metrics:{'fairness': 207.375, 'emission': 14453.829, 'fuel': 4685.829, 'emergency_stops': 32.0, 'collisions': 0.0, 'ssm_conflicts': 9747.0}, final;ckpt
SIM_TRAIN step:125, travel time:419.73567955545263, q_loss:0.33063394, rewards:-374.05756, queue:74.49757, delay:0.3779419, throughput:17145, raw_metrics:{'fairness': 774.625}
SIM_TRAIN step:126, travel time:381.8938446574962, q_loss:0.3284117, rewards:-280.06787, queue:65.49219, delay:0.3672932, throughput:17577, raw_metrics:{'fairness': 923.688}
REAL_TRAIN step:82, travel time:517.8772015357425, q_loss:100, rewards:-876.5913, queue:104.501564, delay:0.46730837, throughput:12904, R_real:-11.1396, components:{'queue': 5.845, 'delay': 0.0, 'waiting': 0.0, 'pressure': 0.0, 'switches': 0.0, 'ssm_conflicts': 5.294, 'collisions': 0.0}, raw_metrics:{'fairness': 226.375, 'emission': 13733.466, 'fuel': 4452.294, 'emergency_stops': 51.0, 'collisions': 3.0, 'ssm_conflicts': 9530.0}, final;ckpt
SIM_TRAIN step:127, travel time:415.33385819478536, q_loss:0.322876, rewards:-385.02087, queue:75.1066, delay:0.3733042, throughput:17654, raw_metrics:{'fairness': 708.312}
SIM_TRAIN step:128, travel time:370.53480294539895, q_loss:0.3150839, rewards:-284.17667, queue:62.33698, delay:0.3550565, throughput:17830, raw_metrics:{'fairness': 685.125}
REAL_TRAIN step:84, travel time:687.621107266436, q_loss:100, rewards:-840.0007, queue:120.67049, delay:0.47164673, throughput:10199, R_real:-11.2213, components:{'queue': 6.674, 'delay': 0.0, 'waiting': 0.0, 'pressure': 0.0, 'switches': 0.0, 'ssm_conflicts': 4.547, 'collisions': 0.0}, raw_metrics:{'fairness': 186.812, 'emission': 15762.864, 'fuel': 5110.217, 'emergency_stops': 34.0, 'collisions': 1.0, 'ssm_conflicts': 8185.0}, final;ckpt
SIM_TRAIN step:129, travel time:411.6748633879781, q_loss:0.3140964, rewards:-317.86948, queue:72.99462, delay:0.37394693, throughput:17022, raw_metrics:{'fairness': 894.562}
SIM_TRAIN step:130, travel time:407.8575795470335, q_loss:0.32305998, rewards:-384.7571, queue:73.0125, delay:0.37477744, throughput:17242, raw_metrics:{'fairness': 597.0}
REAL_TRAIN step:86, travel time:508.0826055312955, q_loss:100, rewards:-950.1937, queue:102.75729, delay:0.45247015, throughput:12791, R_real:-10.3541, components:{'queue': 5.738, 'delay': 0.0, 'waiting': 0.0, 'pressure': 0.0, 'switches': 0.0, 'ssm_conflicts': 4.616, 'collisions': 0.0}, raw_metrics:{'fairness': 228.812, 'emission': 13509.831, 'fuel': 4379.794, 'emergency_stops': 37.0, 'collisions': 2.0, 'ssm_conflicts': 8309.0}, final;ckpt
SIM_TRAIN step:131, travel time:403.029403593258, q_loss:0.3173305, rewards:-402.06976, queue:73.7085, delay:0.37639424, throughput:17278, raw_metrics:{'fairness': 581.438}
SIM_TRAIN step:132, travel time:413.9919888863163, q_loss:0.3198405, rewards:-372.25812, queue:77.06632, delay:0.3732874, throughput:17070, raw_metrics:{'fairness': 832.062}
REAL_TRAIN step:88, travel time:769.1900107123728, q_loss:100, rewards:-1007.65875, queue:144.61198, delay:0.52186084, throughput:10454, R_real:-12.5977, components:{'queue': 7.933, 'delay': 0.0, 'waiting': 0.0, 'pressure': 0.0, 'switches': 0.0, 'ssm_conflicts': 4.664, 'collisions': 0.0}, raw_metrics:{'fairness': 248.938, 'emission': 18136.576, 'fuel': 5879.76, 'emergency_stops': 26.0, 'collisions': 1.0, 'ssm_conflicts': 8396.0}, final;ckpt
SIM_TRAIN step:133, travel time:397.52246202297147, q_loss:0.34482712, rewards:-342.97098, queue:69.15347, delay:0.3739551, throughput:17695, raw_metrics:{'fairness': 818.062}
SIM_TRAIN step:134, travel time:427.424813596999, q_loss:0.33848125, rewards:-422.48532, queue:79.0415, delay:0.38222492, throughput:17021, raw_metrics:{'fairness': 850.375}
REAL_TRAIN step:90, travel time:545.8600242548031, q_loss:100, rewards:-840.9036, queue:102.550865, delay:0.4640898, throughput:12316, R_real:-10.1993, components:{'queue': 5.842, 'delay': 0.0, 'waiting': 0.0, 'pressure': 0.0, 'switches': 0.0, 'ssm_conflicts': 4.357, 'collisions': 0.0}, raw_metrics:{'fairness': 234.062, 'emission': 13758.808, 'fuel': 4460.511, 'emergency_stops': 34.0, 'collisions': 4.0, 'ssm_conflicts': 7843.0}, final;ckpt
SIM_TRAIN step:135, travel time:430.9428002408411, q_loss:0.32389107, rewards:-408.92166, queue:77.9191, delay:0.3774553, throughput:16791, raw_metrics:{'fairness': 453.562}
SIM_TRAIN step:136, travel time:374.96860238955264, q_loss:0.31230742, rewards:-309.6069, queue:62.832985, delay:0.35925004, throughput:17893, raw_metrics:{'fairness': 527.688}
REAL_TRAIN step:92, travel time:622.9184933621489, q_loss:100, rewards:-1018.82117, queue:120.78906, delay:0.48622054, throughput:12357, R_real:-12.0281, components:{'queue': 6.586, 'delay': 0.0, 'waiting': 0.0, 'pressure': 0.0, 'switches': 0.0, 'ssm_conflicts': 5.442, 'collisions': 0.0}, raw_metrics:{'fairness': 308.312, 'emission': 16143.264, 'fuel': 5233.536, 'emergency_stops': 31.0, 'collisions': 2.0, 'ssm_conflicts': 9795.0}, final;ckpt
SIM_TRAIN step:137, travel time:376.3810913470447, q_loss:0.30018076, rewards:-320.29416, queue:63.927776, delay:0.35200816, throughput:17324, raw_metrics:{'fairness': 412.0}
SIM_TRAIN step:138, travel time:430.42861773558695, q_loss:0.2905835, rewards:-387.46698, queue:77.30017, delay:0.38049835, throughput:16661, raw_metrics:{'fairness': 498.562}
REAL_TRAIN step:94, travel time:777.0798808556729, q_loss:100, rewards:-1166.7524, queue:150.27744, delay:0.48677522, throughput:9318, R_real:-12.9111, components:{'queue': 7.868, 'delay': 0.0, 'waiting': 0.0, 'pressure': 0.0, 'switches': 0.0, 'ssm_conflicts': 5.043, 'collisions': 0.0}, raw_metrics:{'fairness': 236.562, 'emission': 18099.724, 'fuel': 5867.815, 'emergency_stops': 41.0, 'collisions': 1.0, 'ssm_conflicts': 9077.0}, final;ckpt
SIM_TRAIN step:139, travel time:388.87468160978096, q_loss:0.28646407, rewards:-339.39307, queue:69.57136, delay:0.36302215, throughput:17456, raw_metrics:{'fairness': 809.375}
SIM_TRAIN step:140, travel time:363.86242185691134, q_loss:0.29921457, rewards:-264.81558, queue:58.912674, delay:0.35509452, throughput:18109, raw_metrics:{'fairness': 739.062}
REAL_TRAIN step:96, travel time:739.351999450323, q_loss:100, rewards:-1313.7556, queue:141.76059, delay:0.4957495, throughput:10133, R_real:-12.4670, components:{'queue': 7.66, 'delay': 0.0, 'waiting': 0.0, 'pressure': 0.0, 'switches': 0.0, 'ssm_conflicts': 4.807, 'collisions': 0.0}, raw_metrics:{'fairness': 195.938, 'emission': 17043.027, 'fuel': 5525.238, 'emergency_stops': 29.0, 'collisions': 1.0, 'ssm_conflicts': 8652.0}, final;ckpt
SIM_TRAIN step:141, travel time:384.82735145649053, q_loss:0.2857335, rewards:-342.2568, queue:66.6184, delay:0.35704616, throughput:17578, raw_metrics:{'fairness': 396.562}
SIM_TRAIN step:142, travel time:392.1467006251447, q_loss:0.2662631, rewards:-354.64645, queue:68.31076, delay:0.36424032, throughput:17254, raw_metrics:{'fairness': 602.125}
REAL_TRAIN step:98, travel time:499.9332150623784, q_loss:100, rewards:-731.3967, queue:105.160416, delay:0.45510542, throughput:13932, R_real:-11.1002, components:{'queue': 5.689, 'delay': 0.0, 'waiting': 0.0, 'pressure': 0.0, 'switches': 0.0, 'ssm_conflicts': 5.412, 'collisions': 0.0}, raw_metrics:{'fairness': 235.188, 'emission': 14109.028, 'fuel': 4574.046, 'emergency_stops': 70.0, 'collisions': 4.0, 'ssm_conflicts': 9741.0}, final;ckpt
SIM_TRAIN step:143, travel time:443.54907137233107, q_loss:0.2579136, rewards:-326.94022, queue:75.7618, delay:0.37933502, throughput:16705, raw_metrics:{'fairness': 447.312}
SIM_TRAIN step:144, travel time:399.1584699453552, q_loss:0.24839066, rewards:-289.7469, queue:67.10694, delay:0.36114994, throughput:17110, raw_metrics:{'fairness': 680.188}
REAL_TRAIN step:100, travel time:495.94439843842423, q_loss:100, rewards:-847.2157, queue:100.994965, delay:0.4602402, throughput:13804, R_real:-10.5745, components:{'queue': 5.676, 'delay': 0.0, 'waiting': 0.0, 'pressure': 0.0, 'switches': 0.0, 'ssm_conflicts': 4.899, 'collisions': 0.0}, raw_metrics:{'fairness': 206.688, 'emission': 13560.366, 'fuel': 4396.174, 'emergency_stops': 38.0, 'collisions': 3.0, 'ssm_conflicts': 8818.0}, final;ckpt
SIM_TRAIN step:145, travel time:425.8254526930024, q_loss:0.24692427, rewards:-412.83087, queue:76.78472, delay:0.36168534, throughput:17140, raw_metrics:{'fairness': 564.938}
SIM_TRAIN step:146, travel time:387.25356613560575, q_loss:0.24376573, rewards:-309.1552, queue:65.70364, delay:0.34509847, throughput:17828, raw_metrics:{'fairness': 348.312}
REAL_TRAIN step:102, travel time:570.756867112101, q_loss:100, rewards:-821.1519, queue:114.13802, delay:0.4821344, throughput:12475, R_real:-10.7031, components:{'queue': 6.26, 'delay': 0.0, 'waiting': 0.0, 'pressure': 0.0, 'switches': 0.0, 'ssm_conflicts': 4.443, 'collisions': 0.0}, raw_metrics:{'fairness': 239.812, 'emission': 14764.24, 'fuel': 4786.465, 'emergency_stops': 26.0, 'collisions': 4.0, 'ssm_conflicts': 7997.0}, final;ckpt
SIM_TRAIN step:147, travel time:439.55953318204973, q_loss:0.23276506, rewards:-417.20477, queue:82.13733, delay:0.3843938, throughput:16127, raw_metrics:{'fairness': 703.562}
SIM_TRAIN step:148, travel time:423.5512897698328, q_loss:0.22908117, rewards:-385.09363, queue:75.43038, delay:0.35313442, throughput:17046, raw_metrics:{'fairness': 382.562}
REAL_TRAIN step:104, travel time:456.80862078994824, q_loss:100, rewards:-755.9634, queue:90.16163, delay:0.4585706, throughput:14117, R_real:-10.2744, components:{'queue': 5.016, 'delay': 0.0, 'waiting': 0.0, 'pressure': 0.0, 'switches': 0.0, 'ssm_conflicts': 5.258, 'collisions': 0.0}, raw_metrics:{'fairness': 230.125, 'emission': 12785.533, 'fuel': 4144.977, 'emergency_stops': 41.0, 'collisions': 0.0, 'ssm_conflicts': 9465.0}, final;ckpt
SIM_TRAIN step:149, travel time:437.796906834599, q_loss:0.228341, rewards:-503.2177, queue:83.85069, delay:0.36693925, throughput:17350, raw_metrics:{'fairness': 492.312}
SIM_TRAIN step:150, travel time:399.15900880037054, q_loss:0.2280323, rewards:-390.89923, queue:70.34757, delay:0.35076922, throughput:17360, raw_metrics:{'fairness': 546.188}
REAL_TRAIN step:106, travel time:564.1659020458773, q_loss:100, rewards:-911.20416, queue:113.45677, delay:0.44248834, throughput:12947, R_real:-10.7627, components:{'queue': 5.894, 'delay': 0.0, 'waiting': 0.0, 'pressure': 0.0, 'switches': 0.0, 'ssm_conflicts': 4.868, 'collisions': 0.0}, raw_metrics:{'fairness': 178.062, 'emission': 14625.996, 'fuel': 4741.645, 'emergency_stops': 45.0, 'collisions': 7.0, 'ssm_conflicts': 8763.0}, final;ckpt
SIM_TRAIN step:151, travel time:402.6776434625538, q_loss:0.23525676, rewards:-388.16336, queue:71.053474, delay:0.35652995, throughput:17445, raw_metrics:{'fairness': 498.562}
SIM_TRAIN step:152, travel time:421.1076488563756, q_loss:0.23334609, rewards:-388.37863, queue:73.406944, delay:0.35934862, throughput:17106, raw_metrics:{'fairness': 550.562}
REAL_TRAIN step:108, travel time:361.4431856233955, q_loss:100, rewards:-645.5678, queue:73.07465, delay:0.39310548, throughput:15026, R_real:-8.9940, components:{'queue': 4.025, 'delay': 0.0, 'waiting': 0.0, 'pressure': 0.0, 'switches': 0.0, 'ssm_conflicts': 4.969, 'collisions': 0.0}, raw_metrics:{'fairness': 242.125, 'emission': 10737.88, 'fuel': 3481.137, 'emergency_stops': 62.0, 'collisions': 3.0, 'ssm_conflicts': 8945.0}, final;ckpt
SIM_TRAIN step:153, travel time:383.5294989348893, q_loss:0.23099127, rewards:-303.2048, queue:64.99948, delay:0.35628822, throughput:17866, raw_metrics:{'fairness': 859.188}
SIM_TRAIN step:154, travel time:415.2462372065021, q_loss:0.23094818, rewards:-378.83463, queue:72.91736, delay:0.35207897, throughput:17352, raw_metrics:{'fairness': 563.312}
REAL_TRAIN step:110, travel time:444.86235362997655, q_loss:100, rewards:-809.24634, queue:87.3401, delay:0.436753, throughput:13971, R_real:-9.6489, components:{'queue': 4.87, 'delay': 0.0, 'waiting': 0.0, 'pressure': 0.0, 'switches': 0.0, 'ssm_conflicts': 4.779, 'collisions': 0.0}, raw_metrics:{'fairness': 206.0, 'emission': 12393.538, 'fuel': 4017.894, 'emergency_stops': 56.0, 'collisions': 3.0, 'ssm_conflicts': 8602.0}, final;ckpt
SIM_TRAIN step:155, travel time:381.6186307207708, q_loss:0.22804329, rewards:-350.04837, queue:68.10382, delay:0.37187967, throughput:17332, raw_metrics:{'fairness': 669.812}
SIM_TRAIN step:156, travel time:379.164844835572, q_loss:0.2292344, rewards:-322.37723, queue:62.54514, delay:0.3444641, throughput:17495, raw_metrics:{'fairness': 815.062}
REAL_TRAIN step:112, travel time:438.6740222461428, q_loss:100, rewards:-833.56335, queue:91.20573, delay:0.44492602, throughput:14079, R_real:-10.0498, components:{'queue': 5.326, 'delay': 0.0, 'waiting': 0.0, 'pressure': 0.0, 'switches': 0.0, 'ssm_conflicts': 4.723, 'collisions': 0.0}, raw_metrics:{'fairness': 242.312, 'emission': 11973.861, 'fuel': 3881.837, 'emergency_stops': 49.0, 'collisions': 2.0, 'ssm_conflicts': 8502.0}, final;ckpt
SIM_TRAIN step:157, travel time:401.92067975551026, q_loss:0.23168482, rewards:-378.97522, queue:70.89358, delay:0.3701194, throughput:17885, raw_metrics:{'fairness': 622.438}
SIM_TRAIN step:158, travel time:370.442015561319, q_loss:0.23489715, rewards:-346.22934, queue:65.34375, delay:0.3574591, throughput:17865, raw_metrics:{'fairness': 560.625}
REAL_TRAIN step:114, travel time:469.54938340184424, q_loss:100, rewards:-901.35815, queue:97.28732, delay:0.43805364, throughput:14732, R_real:-10.0251, components:{'queue': 5.056, 'delay': 0.0, 'waiting': 0.0, 'pressure': 0.0, 'switches': 0.0, 'ssm_conflicts': 4.969, 'collisions': 0.0}, raw_metrics:{'fairness': 175.062, 'emission': 13701.234, 'fuel': 4441.84, 'emergency_stops': 52.0, 'collisions': 4.0, 'ssm_conflicts': 8944.0}, final;ckpt
SIM_TRAIN step:159, travel time:387.8846848515723, q_loss:0.23348673, rewards:-322.04144, queue:66.13924, delay:0.36434743, throughput:17400, raw_metrics:{'fairness': 763.438}
SIM_TRAIN step:160, travel time:376.5266984670958, q_loss:0.22913957, rewards:-351.95074, queue:64.68264, delay:0.36670685, throughput:17897, raw_metrics:{'fairness': 736.562}
REAL_TRAIN step:116, travel time:459.72568172568174, q_loss:100, rewards:-943.0943, queue:100.75382, delay:0.44631287, throughput:13668, R_real:-10.2833, components:{'queue': 5.403, 'delay': 0.0, 'waiting': 0.0, 'pressure': 0.0, 'switches': 0.0, 'ssm_conflicts': 4.881, 'collisions': 0.0}, raw_metrics:{'fairness': 198.562, 'emission': 12827.183, 'fuel': 4158.48, 'emergency_stops': 49.0, 'collisions': 4.0, 'ssm_conflicts': 8785.0}, final;ckpt
SIM_TRAIN step:161, travel time:403.63312184504235, q_loss:0.23009811, rewards:-366.01294, queue:70.94844, delay:0.3668279, throughput:17532, raw_metrics:{'fairness': 661.812}
SIM_TRAIN step:162, travel time:370.3235471173883, q_loss:0.22883089, rewards:-317.0478, queue:62.689064, delay:0.3665576, throughput:18157, raw_metrics:{'fairness': 676.062}
REAL_TRAIN step:118, travel time:538.6883901855176, q_loss:100, rewards:-843.5201, queue:110.50087, delay:0.44055516, throughput:13450, R_real:-10.8776, components:{'queue': 5.8, 'delay': 0.0, 'waiting': 0.0, 'pressure': 0.0, 'switches': 0.0, 'ssm_conflicts': 5.077, 'collisions': 0.0}, raw_metrics:{'fairness': 202.312, 'emission': 14489.467, 'fuel': 4697.383, 'emergency_stops': 38.0, 'collisions': 5.0, 'ssm_conflicts': 9139.0}, final;ckpt
SIM_TRAIN step:163, travel time:409.75936646135324, q_loss:0.22467728, rewards:-380.03607, queue:72.6559, delay:0.36179182, throughput:16783, raw_metrics:{'fairness': 396.375}
SIM_TRAIN step:164, travel time:394.4153040900459, q_loss:0.22461082, rewards:-401.85226, queue:71.22587, delay:0.3648469, throughput:17514, raw_metrics:{'fairness': 382.688}
REAL_TRAIN step:120, travel time:497.6035760765009, q_loss:100, rewards:-717.9125, queue:101.92743, delay:0.4367728, throughput:14273, R_real:-10.6896, components:{'queue': 5.524, 'delay': 0.0, 'waiting': 0.0, 'pressure': 0.0, 'switches': 0.0, 'ssm_conflicts': 5.166, 'collisions': 0.0}, raw_metrics:{'fairness': 222.5, 'emission': 14198.6, 'fuel': 4603.084, 'emergency_stops': 50.0, 'collisions': 4.0, 'ssm_conflicts': 9298.0}, final;ckpt
SIM_TRAIN step:165, travel time:429.59296994396334, q_loss:0.22160704, rewards:-446.26254, queue:79.26701, delay:0.37790227, throughput:16549, raw_metrics:{'fairness': 488.0}
SIM_TRAIN step:166, travel time:382.98832847019594, q_loss:0.21574612, rewards:-353.41302, queue:66.70989, delay:0.3577873, throughput:17662, raw_metrics:{'fairness': 544.312}
REAL_TRAIN step:122, travel time:397.02529035059155, q_loss:100, rewards:-618.56213, queue:83.50694, delay:0.4096492, throughput:15642, R_real:-9.0957, components:{'queue': 4.605, 'delay': 0.0, 'waiting': 0.0, 'pressure': 0.0, 'switches': 0.0, 'ssm_conflicts': 4.491, 'collisions': 0.0}, raw_metrics:{'fairness': 242.938, 'emission': 11978.214, 'fuel': 3883.246, 'emergency_stops': 62.0, 'collisions': 2.0, 'ssm_conflicts': 8084.0}, final;ckpt
SIM_TRAIN step:167, travel time:400.03191440085226, q_loss:0.21373956, rewards:-347.19034, queue:68.479, delay:0.37462965, throughput:17020, raw_metrics:{'fairness': 566.812}
SIM_TRAIN step:168, travel time:361.12401593035105, q_loss:0.21294062, rewards:-368.22803, queue:62.81979, delay:0.35816926, throughput:17885, raw_metrics:{'fairness': 490.938}
REAL_TRAIN step:124, travel time:358.151372212693, q_loss:100, rewards:-702.7744, queue:76.97795, delay:0.40229794, throughput:15550, R_real:-9.1169, components:{'queue': 4.279, 'delay': 0.0, 'waiting': 0.0, 'pressure': 0.0, 'switches': 0.0, 'ssm_conflicts': 4.838, 'collisions': 0.0}, raw_metrics:{'fairness': 223.938, 'emission': 11055.329, 'fuel': 3584.053, 'emergency_stops': 46.0, 'collisions': 2.0, 'ssm_conflicts': 8709.0}, final;ckpt
SIM_TRAIN step:169, travel time:366.9738755847886, q_loss:0.2098058, rewards:-328.25998, queue:62.926563, delay:0.36270955, throughput:17751, raw_metrics:{'fairness': 414.062}
SIM_TRAIN step:170, travel time:459.51097628751387, q_loss:0.20874485, rewards:-450.4129, queue:87.74861, delay:0.39123398, throughput:15977, raw_metrics:{'fairness': 475.812}
REAL_TRAIN step:126, travel time:522.8273597643305, q_loss:100, rewards:-1032.8064, queue:104.70521, delay:0.4097636, throughput:12664, R_real:-9.6028, components:{'queue': 5.756, 'delay': 0.0, 'waiting': 0.0, 'pressure': 0.0, 'switches': 0.0, 'ssm_conflicts': 3.847, 'collisions': 0.0}, raw_metrics:{'fairness': 187.25, 'emission': 13703.071, 'fuel': 4442.442, 'emergency_stops': 46.0, 'collisions': 1.0, 'ssm_conflicts': 6924.0}, final;ckpt
SIM_TRAIN step:171, travel time:371.8937204779105, q_loss:0.20759855, rewards:-290.0783, queue:62.633507, delay:0.35679924, throughput:18197, raw_metrics:{'fairness': 651.562}
SIM_TRAIN step:172, travel time:411.5832136736301, q_loss:0.3381462, rewards:-342.01495, queue:67.51753, delay:0.3750529, throughput:17834, raw_metrics:{'fairness': 527.125}
REAL_TRAIN step:128, travel time:499.5360153027676, q_loss:100, rewards:-1002.1365, queue:102.546524, delay:0.41528693, throughput:13298, R_real:-9.9326, components:{'queue': 5.715, 'delay': 0.0, 'waiting': 0.0, 'pressure': 0.0, 'switches': 0.0, 'ssm_conflicts': 4.217, 'collisions': 0.0}, raw_metrics:{'fairness': 206.438, 'emission': 13481.765, 'fuel': 4370.694, 'emergency_stops': 43.0, 'collisions': 1.0, 'ssm_conflicts': 7591.0}, final;ckpt
SIM_TRAIN step:173, travel time:410.2466533882996, q_loss:0.25626323, rewards:-425.7013, queue:71.824135, delay:0.37165624, throughput:17181, raw_metrics:{'fairness': 521.625}
SIM_TRAIN step:174, travel time:387.3326694149799, q_loss:0.28614575, rewards:-408.6309, queue:65.56059, delay:0.3713559, throughput:17525, raw_metrics:{'fairness': 606.312}
REAL_TRAIN step:130, travel time:374.8275842790854, q_loss:100, rewards:-683.25055, queue:77.233505, delay:0.39987937, throughput:14869, R_real:-9.0271, components:{'queue': 4.224, 'delay': 0.0, 'waiting': 0.0, 'pressure': 0.0, 'switches': 0.0, 'ssm_conflicts': 4.803, 'collisions': 0.0}, raw_metrics:{'fairness': 227.25, 'emission': 11060.845, 'fuel': 3585.842, 'emergency_stops': 48.0, 'collisions': 3.0, 'ssm_conflicts': 8645.0}, final;ckpt
SIM_TRAIN step:175, travel time:349.5158630911028, q_loss:0.2962371, rewards:-345.82443, queue:58.71493, delay:0.36147994, throughput:18124, raw_metrics:{'fairness': 431.0}
SIM_TRAIN step:176, travel time:465.05730300643904, q_loss:0.33839217, rewards:-465.61914, queue:83.37691, delay:0.38975826, throughput:16364, raw_metrics:{'fairness': 502.875}
REAL_TRAIN step:132, travel time:397.65808886601474, q_loss:100, rewards:-678.611, queue:81.259026, delay:0.42214736, throughput:14408, R_real:-9.4674, components:{'queue': 4.508, 'delay': 0.0, 'waiting': 0.0, 'pressure': 0.0, 'switches': 0.0, 'ssm_conflicts': 4.959, 'collisions': 0.0}, raw_metrics:{'fairness': 207.562, 'emission': 11420.015, 'fuel': 3702.284, 'emergency_stops': 53.0, 'collisions': 1.0, 'ssm_conflicts': 8927.0}, final;ckpt
SIM_TRAIN step:177, travel time:376.2046307015513, q_loss:0.2706393, rewards:-354.57654, queue:65.06875, delay:0.35263497, throughput:17511, raw_metrics:{'fairness': 708.938}
SIM_TRAIN step:178, travel time:365.92660677903314, q_loss:0.30916432, rewards:-403.2867, queue:62.227257, delay:0.35208493, throughput:17871, raw_metrics:{'fairness': 513.75}
REAL_TRAIN step:134, travel time:408.3368830290737, q_loss:100, rewards:-676.832, queue:83.25712, delay:0.4148591, throughput:14582, R_real:-9.8755, components:{'queue': 4.818, 'delay': 0.0, 'waiting': 0.0, 'pressure': 0.0, 'switches': 0.0, 'ssm_conflicts': 5.057, 'collisions': 0.0}, raw_metrics:{'fairness': 217.0, 'emission': 11890.881, 'fuel': 3854.936, 'emergency_stops': 62.0, 'collisions': 5.0, 'ssm_conflicts': 9103.0}, final;ckpt
SIM_TRAIN step:179, travel time:378.1927476497013, q_loss:0.30119, rewards:-374.97696, queue:65.49045, delay:0.36790755, throughput:17937, raw_metrics:{'fairness': 502.938}
SIM_TRAIN step:180, travel time:437.3334722608132, q_loss:0.29798084, rewards:-451.0191, queue:80.965454, delay:0.38074484, throughput:16558, raw_metrics:{'fairness': 499.938}
REAL_TRAIN step:136, travel time:586.6650022122495, q_loss:100, rewards:-958.04767, queue:111.13351, delay:0.44424602, throughput:12186, R_real:-10.1176, components:{'queue': 6.161, 'delay': 0.0, 'waiting': 0.0, 'pressure': 0.0, 'switches': 0.0, 'ssm_conflicts': 3.956, 'collisions': 0.0}, raw_metrics:{'fairness': 229.562, 'emission': 14850.466, 'fuel': 4814.42, 'emergency_stops': 33.0, 'collisions': 5.0, 'ssm_conflicts': 7121.0}, final;ckpt
SIM_TRAIN step:181, travel time:368.0258916164891, q_loss:0.24790749, rewards:-394.96167, queue:64.49393, delay:0.36081085, throughput:17662, raw_metrics:{'fairness': 561.5}
SIM_TRAIN step:182, travel time:457.7509147329906, q_loss:0.21469273, rewards:-448.456, queue:80.58524, delay:0.38423628, throughput:16172, raw_metrics:{'fairness': 428.188}
REAL_TRAIN step:138, travel time:375.9733191035219, q_loss:100, rewards:-597.71936, queue:73.65868, delay:0.42283407, throughput:15129, R_real:-8.8580, components:{'queue': 4.217, 'delay': 0.0, 'waiting': 0.0, 'pressure': 0.0, 'switches': 0.0, 'ssm_conflicts': 4.641, 'collisions': 0.0}, raw_metrics:{'fairness': 260.812, 'emission': 11066.403, 'fuel': 3587.642, 'emergency_stops': 58.0, 'collisions': 0.0, 'ssm_conflicts': 8354.0}, final;ckpt
SIM_TRAIN step:183, travel time:356.6901278014447, q_loss:0.18444404, rewards:-364.86285, queue:61.659374, delay:0.36174926, throughput:17740, raw_metrics:{'fairness': 455.5}
SIM_TRAIN step:184, travel time:399.1178023810627, q_loss:0.17256477, rewards:-366.41718, queue:70.189064, delay:0.37283063, throughput:16828, raw_metrics:{'fairness': 428.875}
REAL_TRAIN step:140, travel time:361.91468907932324, q_loss:100, rewards:-607.04297, queue:71.27743, delay:0.39424604, throughput:15421, R_real:-8.7814, components:{'queue': 3.909, 'delay': 0.0, 'waiting': 0.0, 'pressure': 0.0, 'switches': 0.0, 'ssm_conflicts': 4.873, 'collisions': 0.0}, raw_metrics:{'fairness': 239.812, 'emission': 10942.622, 'fuel': 3547.514, 'emergency_stops': 66.0, 'collisions': 2.0, 'ssm_conflicts': 8771.0}, final;ckpt
SIM_TRAIN step:185, travel time:331.6850196804816, q_loss:0.16340302, rewards:-258.21045, queue:54.750347, delay:0.34373468, throughput:18263, raw_metrics:{'fairness': 519.625}
SIM_TRAIN step:186, travel time:375.7653051773641, q_loss:0.15251398, rewards:-343.11493, queue:65.31059, delay:0.35009003, throughput:17759, raw_metrics:{'fairness': 499.0}
REAL_TRAIN step:142, travel time:468.98425330172705, q_loss:100, rewards:-825.6814, queue:94.98733, delay:0.41044956, throughput:14378, R_real:-10.2283, components:{'queue': 4.894, 'delay': 0.0, 'waiting': 0.0, 'pressure': 0.0, 'switches': 0.0, 'ssm_conflicts': 5.334, 'collisions': 0.0}, raw_metrics:{'fairness': 226.938, 'emission': 13521.981, 'fuel': 4383.729, 'emergency_stops': 48.0, 'collisions': 1.0, 'ssm_conflicts': 9601.0}, final;ckpt
SIM_TRAIN step:187, travel time:404.12027602815857, q_loss:0.14794423, rewards:-387.72943, queue:70.985245, delay:0.36839914, throughput:17149, raw_metrics:{'fairness': 597.75}
SIM_TRAIN step:188, travel time:337.54745032652494, q_loss:0.14786033, rewards:-270.2692, queue:53.519966, delay:0.3458518, throughput:17961, raw_metrics:{'fairness': 690.312}
REAL_TRAIN step:144, travel time:461.0658819496029, q_loss:100, rewards:-726.625, queue:98.52118, delay:0.41124633, throughput:14530, R_real:-10.1924, components:{'queue': 5.125, 'delay': 0.0, 'waiting': 0.0, 'pressure': 0.0, 'switches': 0.0, 'ssm_conflicts': 5.068, 'collisions': 0.0}, raw_metrics:{'fairness': 173.562, 'emission': 13076.56, 'fuel': 4239.324, 'emergency_stops': 43.0, 'collisions': 2.0, 'ssm_conflicts': 9122.0}, final;ckpt
SIM_TRAIN step:189, travel time:352.7604557454495, q_loss:0.14634061, rewards:-317.58304, queue:62.409027, delay:0.35960126, throughput:18057, raw_metrics:{'fairness': 672.625}
SIM_TRAIN step:190, travel time:359.95483392782694, q_loss:0.14347368, rewards:-316.50717, queue:61.78941, delay:0.35886547, throughput:17674, raw_metrics:{'fairness': 585.125}
REAL_TRAIN step:146, travel time:381.55503997316487, q_loss:100, rewards:-544.3456, queue:78.72274, delay:0.40866166, throughput:15445, R_real:-9.0425, components:{'queue': 4.181, 'delay': 0.0, 'waiting': 0.0, 'pressure': 0.0, 'switches': 0.0, 'ssm_conflicts': 4.862, 'collisions': 0.0}, raw_metrics:{'fairness': 155.875, 'emission': 11264.811, 'fuel': 3651.966, 'emergency_stops': 50.0, 'collisions': 5.0, 'ssm_conflicts': 8751.0}, final;ckpt
SIM_TRAIN step:191, travel time:376.14255939974987, q_loss:0.14176486, rewards:-295.92987, queue:64.39757, delay:0.35486174, throughput:17131, raw_metrics:{'fairness': 386.938}
SIM_TRAIN step:192, travel time:342.036026858069, q_loss:0.13990569, rewards:-278.37872, queue:56.706944, delay:0.34161505, throughput:17848, raw_metrics:{'fairness': 620.312}
REAL_TRAIN step:148, travel time:409.6599235783322, q_loss:100, rewards:-732.0139, queue:83.7776, delay:0.39458397, throughput:14959, R_real:-9.5695, components:{'queue': 4.598, 'delay': 0.0, 'waiting': 0.0, 'pressure': 0.0, 'switches': 0.0, 'ssm_conflicts': 4.972, 'collisions': 0.0}, raw_metrics:{'fairness': 172.812, 'emission': 11978.431, 'fuel': 3883.318, 'emergency_stops': 57.0, 'collisions': 10.0, 'ssm_conflicts': 8949.0}, final;ckpt
SIM_TRAIN step:193, travel time:336.4025468858532, q_loss:0.13705266, rewards:-291.76718, queue:55.89722, delay:0.3415226, throughput:18308, raw_metrics:{'fairness': 499.0}
SIM_TRAIN step:194, travel time:379.9451623361586, q_loss:0.13368498, rewards:-251.19522, queue:62.432117, delay:0.34542346, throughput:17400, raw_metrics:{'fairness': 387.188}
REAL_TRAIN step:150, travel time:414.59040506902016, q_loss:100, rewards:-703.6847, queue:86.063545, delay:0.3856699, throughput:14693, R_real:-9.5218, components:{'queue': 4.809, 'delay': 0.0, 'waiting': 0.0, 'pressure': 0.0, 'switches': 0.0, 'ssm_conflicts': 4.713, 'collisions': 0.0}, raw_metrics:{'fairness': 195.25, 'emission': 11981.308, 'fuel': 3884.251, 'emergency_stops': 49.0, 'collisions': 0.0, 'ssm_conflicts': 8483.0}, final;ckpt
SIM_TRAIN step:195, travel time:350.4394795332469, q_loss:0.13370392, rewards:-281.473, queue:57.436283, delay:0.33436245, throughput:18003, raw_metrics:{'fairness': 470.5}
SIM_TRAIN step:196, travel time:359.44267456936467, q_loss:0.13348344, rewards:-334.6708, queue:61.045486, delay:0.34375036, throughput:17851, raw_metrics:{'fairness': 569.062}
REAL_TRAIN step:152, travel time:326.38962425277543, q_loss:100, rewards:-637.1528, queue:67.24132, delay:0.37195104, throughput:16801, R_real:-8.6019, components:{'queue': 3.625, 'delay': 0.0, 'waiting': 0.0, 'pressure': 0.0, 'switches': 0.0, 'ssm_conflicts': 4.977, 'collisions': 0.0}, raw_metrics:{'fairness': 235.25, 'emission': 10250.396, 'fuel': 3323.097, 'emergency_stops': 56.0, 'collisions': 6.0, 'ssm_conflicts': 8958.0}, final;ckpt
SIM_TRAIN step:197, travel time:356.754584182256, q_loss:0.13296774, rewards:-332.0782, queue:58.66528, delay:0.34877893, throughput:18328, raw_metrics:{'fairness': 527.812}
SIM_TRAIN step:198, travel time:313.05076424270493, q_loss:0.13084513, rewards:-298.00604, queue:54.62986, delay:0.3403166, throughput:18657, raw_metrics:{'fairness': 480.125}
REAL_TRAIN step:154, travel time:316.69309106501584, q_loss:100, rewards:-420.01324, queue:64.31875, delay:0.386388, throughput:16236, R_real:-9.2834, components:{'queue': 3.928, 'delay': 0.0, 'waiting': 0.0, 'pressure': 0.0, 'switches': 0.0, 'ssm_conflicts': 5.355, 'collisions': 0.0}, raw_metrics:{'fairness': 219.688, 'emission': 9926.873, 'fuel': 3218.214, 'emergency_stops': 53.0, 'collisions': 2.0, 'ssm_conflicts': 9639.0}, final;ckpt
SIM_TRAIN step:199, travel time:349.78731879023667, q_loss:0.13210373, rewards:-339.55002, queue:62.84184, delay:0.3477948, throughput:18553, raw_metrics:{'fairness': 634.438}
REAL_TRAIN step:155, travel time:389.2380443944928, q_loss:100, rewards:-778.7726, queue:84.04271, delay:0.38936496, throughput:15140, R_real:-9.1281, components:{'queue': 4.692, 'delay': 0.0, 'waiting': 0.0, 'pressure': 0.0, 'switches': 0.0, 'ssm_conflicts': 4.436, 'collisions': 0.0}, raw_metrics:{'fairness': 189.312, 'emission': 11425.444, 'fuel': 3704.043, 'emergency_stops': 73.0, 'collisions': 4.0, 'ssm_conflicts': 7985.0}, final;ckpt
RewardInference-Final: deploying best checkpoint R_real=-4.0705
Saved method state to data/output_data/sim2real_rewards/cityflow_presslight/tempe_16/baseline_rewards_v2_reward_inference_physical_safety_heavy_s0/model/tempe_16_physical_safety_heavy_presslight_reward_inference/method_state.json
real rollouts used: 94/100
REAL_TEST step:0, travel time:91.71799906498364, q_loss:100, rewards:-92.93305, queue:4.5666666, delay:0.21076344, throughput:20853, R_real:-4.0705, components:{'queue': 0.216, 'delay': 0.0, 'waiting': 0.0, 'pressure': 0.0, 'switches': 0.0, 'ssm_conflicts': 3.854, 'collisions': 0.0}, raw_metrics:{'fairness': 171.375, 'emission': 4052.416, 'fuel': 1313.744, 'emergency_stops': 152.0, 'collisions': 3.0, 'ssm_conflicts': 6938.0}
Total time taken: 62116.98505091667
