tempe_16_flexible_presslight_dr_noshield	SIM_TRAIN	0	149.2	0.0	-126.40	24.94	0.32	20203	0.3500	0.1286
tempe_16_flexible_presslight_dr_noshield	SIM_TRAIN	1	89.6	0.0	-61.30	6.58	0.27	21264	0.3293	0.0965
tempe_16_flexible_presslight_dr_noshield	SIM_TRAIN	2	104.4	915.0	-85.35	12.08	0.31	21216	0.3484	0.1168
tempe_16_flexible_presslight_dr_noshield	SIM_TRAIN	3	99.3	1163.8	-111.18	10.21	0.28	21260	0.2955	0.1179
tempe_16_flexible_presslight_dr_noshield	REAL_TEST	3	130.2	100.0	-263.50	17.95	0.30	20245	0.2321	0.0997
tempe_16_flexible_presslight_dr_noshield	SIM_TRAIN	4	97.5	733.6	-95.11	9.53	0.28	21253	0.3182	0.1167
tempe_16_flexible_presslight_dr_noshield	SIM_TRAIN	5	101.0	628.7	-79.06	10.74	0.31	21212	0.3719	0.1498
tempe_16_flexible_presslight_dr_noshield	SIM_TRAIN	6	91.7	636.0	-81.32	7.47	0.31	21226	0.3790	0.1226
tempe_16_flexible_presslight_dr_noshield	REAL_TEST	6	89.5	100.0	-121.19	5.26	0.25	20865	0.2747	0.0783
tempe_16_flexible_presslight_dr_noshield	SIM_TRAIN	7	101.4	670.6	-58.71	10.54	0.29	21241	0.3441	0.1250
tempe_16_flexible_presslight_dr_noshield	SIM_TRAIN	8	91.7	705.4	-67.68	7.44	0.28	21254	0.3316	0.1281
tempe_16_flexible_presslight_dr_noshield	SIM_TRAIN	9	92.4	569.5	-61.75	7.68	0.29	21284	0.3497	0.1208
tempe_16_flexible_presslight_dr_noshield	REAL_TEST	9	88.8	100.0	-123.71	5.11	0.26	20880	0.2601	0.0821
tempe_16_flexible_presslight_dr_noshield	SIM_TRAIN	10	99.5	555.1	-114.01	9.14	0.29	21248	0.3288	0.1292
tempe_16_flexible_presslight_dr_noshield	SIM_TRAIN	11	93.5	583.2	-98.00	8.24	0.27	21217	0.2970	0.1196
tempe_16_flexible_presslight_dr_noshield	SIM_TRAIN	12	102.8	633.8	-68.00	11.38	0.28	21222	0.3276	0.1264
tempe_16_flexible_presslight_dr_noshield	REAL_TEST	12	90.9	100.0	-126.74	5.68	0.26	20866	0.2595	0.0842
tempe_16_flexible_presslight_dr_noshield	SIM_TRAIN	13	87.5	606.2	-56.76	5.91	0.28	21279	0.3149	0.1062
tempe_16_flexible_presslight_dr_noshield	SIM_TRAIN	14	94.8	386.9	-68.93	8.66	0.30	21236	0.3295	0.1243
tempe_16_flexible_presslight_dr_noshield	SIM_TRAIN	15	94.9	233.2	-66.63	8.57	0.29	21215	0.3470	0.1328
tempe_16_flexible_presslight_dr_noshield	REAL_TEST	15	89.3	100.0	-115.52	4.94	0.26	20825	0.2309	0.0797
tempe_16_flexible_presslight_dr_noshield	SIM_TRAIN	16	123.3	244.5	-129.14	10.52	0.31	20858	0.3656	0.1332
tempe_16_flexible_presslight_dr_noshield	SIM_TRAIN	17	90.1	242.5	-79.39	6.95	0.29	21258	0.3172	0.1266
tempe_16_flexible_presslight_dr_noshield	SIM_TRAIN	18	90.1	253.6	-64.33	6.82	0.29	21265	0.3295	0.1319
tempe_16_flexible_presslight_dr_noshield	REAL_TEST	18	89.3	100.0	-115.80	4.97	0.25	20791	0.2491	0.0873
tempe_16_flexible_presslight_dr_noshield	SIM_TRAIN	19	90.0	241.5	-61.03	6.81	0.29	21280	0.3163	0.1273
tempe_16_flexible_presslight_dr_noshield	SIM_TRAIN	20	95.6	224.5	-80.85	8.90	0.30	21253	0.3663	0.1443
tempe_16_flexible_presslight_dr_noshield	SIM_TRAIN	21	91.1	174.3	-68.25	7.12	0.29	21285	0.3608	0.1382
tempe_16_flexible_presslight_dr_noshield	REAL_TEST	21	90.9	100.0	-117.67	5.36	0.25	20820	0.2309	0.0845
tempe_16_flexible_presslight_dr_noshield	SIM_TRAIN	22	87.1	135.9	-59.78	5.84	0.27	21287	0.2554	0.1109
tempe_16_flexible_presslight_dr_noshield	SIM_TRAIN	23	93.9	129.4	-83.33	8.27	0.30	21269	0.3429	0.1316
tempe_16_flexible_presslight_dr_noshield	SIM_TRAIN	24	89.0	127.1	-58.42	6.54	0.28	21283	0.2913	0.1205
tempe_16_flexible_presslight_dr_noshield	REAL_TEST	24	89.6	100.0	-111.96	4.83	0.25	20788	0.2406	0.0877
tempe_16_flexible_presslight_dr_noshield	SIM_TRAIN	25	98.3	124.6	-79.39	9.70	0.32	21210	0.3898	0.1561
tempe_16_flexible_presslight_dr_noshield	SIM_TRAIN	26	87.0	127.5	-59.06	5.77	0.28	21248	0.2806	0.1108
tempe_16_flexible_presslight_dr_noshield	SIM_TRAIN	27	98.0	131.6	-94.97	9.68	0.32	21228	0.3533	0.1403
tempe_16_flexible_presslight_dr_noshield	REAL_TEST	27	88.8	100.0	-111.38	4.58	0.25	20753	0.2318	0.0783
tempe_16_flexible_presslight_dr_noshield	SIM_TRAIN	28	90.5	128.2	-73.70	6.99	0.29	21283	0.3061	0.1222
tempe_16_flexible_presslight_dr_noshield	SIM_TRAIN	29	86.0	102.4	-53.41	5.38	0.28	21279	0.2753	0.1002
tempe_16_flexible_presslight_dr_noshield	SIM_TRAIN	30	104.1	91.7	-93.64	11.80	0.29	21229	0.3229	0.1448
tempe_16_flexible_presslight_dr_noshield	REAL_TEST	30	86.3	100.0	-110.18	4.14	0.24	20808	0.2502	0.0807
tempe_16_flexible_presslight_dr_noshield	SIM_TRAIN	31	86.0	99.4	-54.97	5.41	0.28	21300	0.2479	0.1045
tempe_16_flexible_presslight_dr_noshield	SIM_TRAIN	32	92.0	101.4	-65.30	7.50	0.28	21251	0.3076	0.1243
tempe_16_flexible_presslight_dr_noshield	SIM_TRAIN	33	86.8	104.9	-57.88	5.74	0.28	21278	0.2849	0.1010
tempe_16_flexible_presslight_dr_noshield	REAL_TEST	33	87.4	100.0	-114.73	4.44	0.24	20847	0.2307	0.0816
tempe_16_flexible_presslight_dr_noshield	SIM_TRAIN	34	96.2	105.6	-82.99	8.18	0.30	21178	0.3167	0.1252
tempe_16_flexible_presslight_dr_noshield	SIM_TRAIN	35	98.7	105.2	-84.28	9.97	0.31	21245	0.3523	0.1328
tempe_16_flexible_presslight_dr_noshield	SIM_TRAIN	36	94.3	110.6	-90.32	8.44	0.30	21225	0.3214	0.1335
tempe_16_flexible_presslight_dr_noshield	REAL_TEST	36	87.2	100.0	-120.51	4.53	0.24	20832	0.2384	0.0859
tempe_16_flexible_presslight_dr_noshield	SIM_TRAIN	37	103.9	109.0	-151.65	12.05	0.34	21201	0.3597	0.1462
tempe_16_flexible_presslight_dr_noshield	SIM_TRAIN	38	93.5	112.8	-68.47	8.04	0.31	21248	0.3425	0.1399
tempe_16_flexible_presslight_dr_noshield	SIM_TRAIN	39	102.7	116.1	-92.59	11.20	0.30	21245	0.2944	0.1293
tempe_16_flexible_presslight_dr_noshield	REAL_TEST	39	90.8	100.0	-109.63	4.95	0.24	20803	0.2437	0.0891
tempe_16_flexible_presslight_dr_noshield	SIM_TRAIN	40	98.0	126.8	-78.46	9.72	0.30	21184	0.3288	0.1418
tempe_16_flexible_presslight_dr_noshield	SIM_TRAIN	41	115.6	190.6	-208.66	16.60	0.31	20974	0.3396	0.1398
tempe_16_flexible_presslight_dr_noshield	SIM_TRAIN	42	91.5	166.2	-75.96	7.33	0.29	21263	0.3033	0.1295
tempe_16_flexible_presslight_dr_noshield	REAL_TEST	42	88.9	100.0	-111.47	4.69	0.25	20864	0.2439	0.0858
tempe_16_flexible_presslight_dr_noshield	SIM_TRAIN	43	86.8	171.9	-59.38	5.76	0.29	21272	0.2901	0.1128
tempe_16_flexible_presslight_dr_noshield	SIM_TRAIN	44	92.4	148.4	-78.55	7.75	0.31	21234	0.3125	0.1319
tempe_16_flexible_presslight_dr_noshield	SIM_TRAIN	45	94.7	145.4	-72.46	8.62	0.29	21166	0.3089	0.1418
tempe_16_flexible_presslight_dr_noshield	REAL_TEST	45	88.1	100.0	-108.60	4.49	0.24	20855	0.2517	0.0792
tempe_16_flexible_presslight_dr_noshield	SIM_TRAIN	46	91.1	156.4	-65.62	7.04	0.28	21253	0.2766	0.1207
tempe_16_flexible_presslight_dr_noshield	SIM_TRAIN	47	94.2	158.3	-87.84	8.47	0.31	21185	0.3444	0.1345
tempe_16_flexible_presslight_dr_noshield	SIM_TRAIN	48	89.3	172.7	-57.89	6.53	0.28	21290	0.2917	0.1238
tempe_16_flexible_presslight_dr_noshield	REAL_TEST	48	89.0	100.0	-110.64	4.63	0.24	20829	0.2359	0.0818
tempe_16_flexible_presslight_dr_noshield	SIM_TRAIN	49	122.8	196.0	-209.56	16.27	0.29	20879	0.2958	0.1269
tempe_16_flexible_presslight_dr_noshield	SIM_TRAIN	50	90.4	201.3	-69.99	7.05	0.30	21260	0.3144	0.1337
tempe_16_flexible_presslight_dr_noshield	SIM_TRAIN	51	89.6	210.8	-70.08	6.74	0.29	21258	0.3339	0.1274
tempe_16_flexible_presslight_dr_noshield	REAL_TEST	51	88.6	100.0	-106.13	4.54	0.24	20837	0.2656	0.0866
tempe_16_flexible_presslight_dr_noshield	SIM_TRAIN	52	103.3	207.3	-103.01	11.63	0.31	21207	0.3599	0.1635
tempe_16_flexible_presslight_dr_noshield	SIM_TRAIN	53	92.2	208.8	-69.64	7.64	0.29	21288	0.3328	0.1356
tempe_16_flexible_presslight_dr_noshield	SIM_TRAIN	54	102.3	208.9	-86.78	10.94	0.31	21228	0.3359	0.1415
tempe_16_flexible_presslight_dr_noshield	REAL_TEST	54	89.3	100.0	-113.92	4.80	0.25	20789	0.2538	0.0891
tempe_16_flexible_presslight_dr_noshield	SIM_TRAIN	55	92.2	171.6	-85.87	7.66	0.31	21253	0.3109	0.1101
tempe_16_flexible_presslight_dr_noshield	SIM_TRAIN	56	89.5	157.1	-71.17	6.66	0.27	21279	0.2899	0.1200
tempe_16_flexible_presslight_dr_noshield	SIM_TRAIN	57	99.3	145.4	-109.62	10.37	0.30	21177	0.3542	0.1495
tempe_16_flexible_presslight_dr_noshield	REAL_TEST	57	89.2	100.0	-106.68	4.57	0.23	20800	0.2571	0.0753
tempe_16_flexible_presslight_dr_noshield	SIM_TRAIN	58	116.5	161.7	-83.10	15.51	0.31	21190	0.3247	0.1269
tempe_16_flexible_presslight_dr_noshield	SIM_TRAIN	59	104.2	162.8	-99.34	9.76	0.31	21239	0.3773	0.1628
tempe_16_flexible_presslight_dr_noshield	SIM_TRAIN	60	87.6	144.1	-55.58	6.02	0.28	21269	0.2736	0.1111
tempe_16_flexible_presslight_dr_noshield	REAL_TEST	60	89.4	100.0	-107.94	4.69	0.24	20812	0.2344	0.0785
tempe_16_flexible_presslight_dr_noshield	SIM_TRAIN	61	95.2	150.8	-79.43	8.66	0.30	21238	0.3040	0.1380
tempe_16_flexible_presslight_dr_noshield	SIM_TRAIN	62	88.0	166.0	-60.07	6.09	0.28	21256	0.2733	0.1155
tempe_16_flexible_presslight_dr_noshield	SIM_TRAIN	63	95.5	187.7	-72.71	8.82	0.29	21157	0.3205	0.1241
tempe_16_flexible_presslight_dr_noshield	REAL_TEST	63	90.9	100.0	-107.49	4.94	0.24	20831	0.2417	0.0806
tempe_16_flexible_presslight_dr_noshield	SIM_TRAIN	64	93.5	254.4	-68.59	8.06	0.29	21235	0.3134	0.1293
tempe_16_flexible_presslight_dr_noshield	SIM_TRAIN	65	87.9	289.9	-67.19	6.15	0.29	21264	0.2726	0.1083
tempe_16_flexible_presslight_dr_noshield	SIM_TRAIN	66	96.2	269.5	-97.47	8.81	0.30	21218	0.3384	0.1365
tempe_16_flexible_presslight_dr_noshield	REAL_TEST	66	87.9	100.0	-111.14	4.45	0.24	20857	0.2472	0.0865
tempe_16_flexible_presslight_dr_noshield	SIM_TRAIN	67	87.4	255.6	-61.34	5.91	0.27	21277	0.2724	0.1130
tempe_16_flexible_presslight_dr_noshield	SIM_TRAIN	68	88.7	237.6	-68.02	6.35	0.28	21274	0.2936	0.1208
tempe_16_flexible_presslight_dr_noshield	SIM_TRAIN	69	89.0	236.9	-62.96	6.42	0.29	21267	0.3234	0.1222
tempe_16_flexible_presslight_dr_noshield	REAL_TEST	69	88.0	100.0	-110.58	4.46	0.24	20836	0.2288	0.0898
tempe_16_flexible_presslight_dr_noshield	SIM_TRAIN	70	91.4	246.3	-65.61	7.35	0.29	21267	0.3071	0.1285
tempe_16_flexible_presslight_dr_noshield	SIM_TRAIN	71	94.9	245.5	-71.12	8.58	0.30	21222	0.3332	0.1394
tempe_16_flexible_presslight_dr_noshield	SIM_TRAIN	72	88.1	245.3	-60.78	6.18	0.27	21276	0.2661	0.1219
tempe_16_flexible_presslight_dr_noshield	REAL_TEST	72	88.1	100.0	-116.25	4.65	0.25	20841	0.2130	0.0873
tempe_16_flexible_presslight_dr_noshield	SIM_TRAIN	73	94.8	221.9	-100.49	8.58	0.31	21228	0.3451	0.1385
tempe_16_flexible_presslight_dr_noshield	SIM_TRAIN	74	92.2	231.2	-70.31	7.57	0.29	21276	0.3174	0.1410
tempe_16_flexible_presslight_dr_noshield	SIM_TRAIN	75	89.3	205.5	-66.59	6.67	0.29	21263	0.2797	0.1253
tempe_16_flexible_presslight_dr_noshield	REAL_TEST	75	87.0	100.0	-113.06	4.34	0.24	20819	0.2266	0.0842
tempe_16_flexible_presslight_dr_noshield	SIM_TRAIN	76	88.5	196.2	-64.87	6.26	0.29	21280	0.2845	0.1115
tempe_16_flexible_presslight_dr_noshield	SIM_TRAIN	77	88.6	147.3	-55.71	6.28	0.27	21294	0.2707	0.1156
tempe_16_flexible_presslight_dr_noshield	SIM_TRAIN	78	87.9	107.6	-59.70	6.04	0.27	21280	0.2682	0.1168
tempe_16_flexible_presslight_dr_noshield	REAL_TEST	78	88.1	100.0	-116.10	4.71	0.25	20802	0.2267	0.0839
tempe_16_flexible_presslight_dr_noshield	SIM_TRAIN	79	93.0	88.2	-70.31	7.92	0.28	21254	0.3135	0.1385
tempe_16_flexible_presslight_dr_noshield	SIM_TRAIN	80	117.3	129.1	-209.59	17.49	0.30	20765	0.3330	0.1398
tempe_16_flexible_presslight_dr_noshield	SIM_TRAIN	81	88.7	179.7	-71.90	6.41	0.28	21254	0.3064	0.1144
tempe_16_flexible_presslight_dr_noshield	REAL_TEST	81	87.0	100.0	-116.94	4.50	0.24	20903	0.2274	0.0825
tempe_16_flexible_presslight_dr_noshield	SIM_TRAIN	82	94.9	191.7	-88.30	8.65	0.31	21215	0.3689	0.1344
tempe_16_flexible_presslight_dr_noshield	SIM_TRAIN	83	87.7	189.9	-53.90	5.92	0.27	21274	0.2753	0.1002
tempe_16_flexible_presslight_dr_noshield	SIM_TRAIN	84	93.6	171.3	-69.90	8.04	0.29	21227	0.3429	0.1401
tempe_16_flexible_presslight_dr_noshield	REAL_TEST	84	90.9	100.0	-125.05	5.52	0.25	20823	0.2259	0.0780
tempe_16_flexible_presslight_dr_noshield	SIM_TRAIN	85	89.8	156.4	-64.77	6.80	0.29	21248	0.3427	0.1257
tempe_16_flexible_presslight_dr_noshield	SIM_TRAIN	86	92.1	153.9	-75.31	7.56	0.29	21262	0.3403	0.1328
tempe_16_flexible_presslight_dr_noshield	SIM_TRAIN	87	90.8	135.8	-71.58	7.14	0.29	21271	0.3194	0.1222
tempe_16_flexible_presslight_dr_noshield	REAL_TEST	87	88.4	100.0	-119.43	4.83	0.24	20835	0.2373	0.0837
tempe_16_flexible_presslight_dr_noshield	SIM_TRAIN	88	91.3	126.8	-82.96	7.34	0.30	21230	0.3207	0.1214
tempe_16_flexible_presslight_dr_noshield	SIM_TRAIN	89	90.1	110.0	-73.56	6.90	0.28	21284	0.2866	0.1281
tempe_16_flexible_presslight_dr_noshield	SIM_TRAIN	90	97.9	106.3	-93.01	9.57	0.30	21237	0.3271	0.1439
tempe_16_flexible_presslight_dr_noshield	REAL_TEST	90	88.8	100.0	-112.56	4.63	0.24	20875	0.2517	0.0819
tempe_16_flexible_presslight_dr_noshield	SIM_TRAIN	91	91.3	110.4	-75.41	7.38	0.29	21229	0.3307	0.1352
tempe_16_flexible_presslight_dr_noshield	SIM_TRAIN	92	88.9	116.2	-60.43	6.41	0.27	21282	0.2993	0.1106
tempe_16_flexible_presslight_dr_noshield	SIM_TRAIN	93	98.3	119.2	-108.26	9.86	0.31	21223	0.3536	0.1498
tempe_16_flexible_presslight_dr_noshield	REAL_TEST	93	88.1	100.0	-111.70	4.48	0.24	20882	0.2250	0.0813
tempe_16_flexible_presslight_dr_noshield	SIM_TRAIN	94	91.3	87.8	-81.15	7.37	0.29	21255	0.3203	0.1385
tempe_16_flexible_presslight_dr_noshield	SIM_TRAIN	95	90.6	80.4	-66.27	7.09	0.28	21262	0.3160	0.1240
tempe_16_flexible_presslight_dr_noshield	SIM_TRAIN	96	87.5	81.0	-65.08	5.90	0.26	21271	0.2752	0.1049
tempe_16_flexible_presslight_dr_noshield	REAL_TEST	96	88.9	100.0	-111.61	4.64	0.24	20817	0.2418	0.0866
tempe_16_flexible_presslight_dr_noshield	SIM_TRAIN	97	99.2	94.4	-75.04	10.00	0.30	21239	0.3686	0.1467
tempe_16_flexible_presslight_dr_noshield	SIM_TRAIN	98	90.2	116.2	-66.30	6.92	0.29	21266	0.3325	0.1200
tempe_16_flexible_presslight_dr_noshield	SIM_TRAIN	99	86.4	123.4	-59.80	5.54	0.27	21284	0.2910	0.1028
tempe_16_flexible_presslight_dr_noshield	REAL_TEST	99	88.5	100.0	-114.72	4.75	0.24	20843	0.2366	0.0870
tempe_16_flexible_presslight_dr_noshield	SIM_TRAIN	100	86.2	129.1	-61.27	5.46	0.27	21292	0.2800	0.1019
tempe_16_flexible_presslight_dr_noshield	SIM_TRAIN	101	95.9	134.8	-69.35	8.97	0.30	21280	0.3363	0.1285
tempe_16_flexible_presslight_dr_noshield	SIM_TRAIN	102	110.5	143.2	-154.50	14.15	0.32	21207	0.3736	0.1526
tempe_16_flexible_presslight_dr_noshield	REAL_TEST	102	89.5	100.0	-115.44	5.04	0.25	20833	0.2446	0.0927
tempe_16_flexible_presslight_dr_noshield	SIM_TRAIN	103	93.7	164.0	-77.25	8.16	0.30	21239	0.3628	0.1391
tempe_16_flexible_presslight_dr_noshield	SIM_TRAIN	104	88.9	147.8	-60.53	6.43	0.28	21279	0.3035	0.1220
tempe_16_flexible_presslight_dr_noshield	SIM_TRAIN	105	100.5	154.1	-120.21	10.69	0.33	21207	0.3892	0.1509
tempe_16_flexible_presslight_dr_noshield	REAL_TEST	105	89.3	100.0	-115.48	4.91	0.24	20813	0.2295	0.0903
tempe_16_flexible_presslight_dr_noshield	SIM_TRAIN	106	91.7	162.7	-75.46	7.42	0.30	21261	0.3424	0.1276
tempe_16_flexible_presslight_dr_noshield	SIM_TRAIN	107	95.7	152.1	-92.67	8.91	0.32	21228	0.3750	0.1502
tempe_16_flexible_presslight_dr_noshield	SIM_TRAIN	108	95.6	173.3	-73.56	8.69	0.29	21245	0.3470	0.1523
tempe_16_flexible_presslight_dr_noshield	REAL_TEST	108	90.8	100.0	-115.68	5.20	0.25	20817	0.2559	0.0943
tempe_16_flexible_presslight_dr_noshield	SIM_TRAIN	109	88.1	202.7	-65.93	6.17	0.28	21262	0.2785	0.1122
tempe_16_flexible_presslight_dr_noshield	SIM_TRAIN	110	88.1	188.0	-64.57	6.13	0.28	21270	0.2861	0.1174
tempe_16_flexible_presslight_dr_noshield	SIM_TRAIN	111	90.9	153.6	-68.97	7.11	0.30	21282	0.3245	0.1264
tempe_16_flexible_presslight_dr_noshield	REAL_TEST	111	90.7	100.0	-114.02	5.01	0.24	20812	0.2424	0.0872
tempe_16_flexible_presslight_dr_noshield	SIM_TRAIN	112	108.7	133.5	-86.77	9.55	0.30	21158	0.3769	0.1507
tempe_16_flexible_presslight_dr_noshield	SIM_TRAIN	113	96.6	128.7	-91.01	9.30	0.32	21217	0.4071	0.1460
tempe_16_flexible_presslight_dr_noshield	SIM_TRAIN	114	87.6	124.3	-58.26	5.87	0.27	21279	0.2983	0.1135
tempe_16_flexible_presslight_dr_noshield	REAL_TEST	114	89.1	100.0	-112.44	4.92	0.24	20819	0.2557	0.0892
tempe_16_flexible_presslight_dr_noshield	SIM_TRAIN	115	91.1	118.0	-75.89	7.26	0.29	21238	0.3210	0.1278
tempe_16_flexible_presslight_dr_noshield	SIM_TRAIN	116	89.8	103.3	-59.22	6.68	0.27	21277	0.3109	0.1328
tempe_16_flexible_presslight_dr_noshield	SIM_TRAIN	117	90.1	92.2	-69.64	6.85	0.28	21253	0.2990	0.1222
tempe_16_flexible_presslight_dr_noshield	REAL_TEST	117	88.3	100.0	-111.30	4.72	0.24	20828	0.2271	0.0830
tempe_16_flexible_presslight_dr_noshield	SIM_TRAIN	118	93.6	88.9	-75.62	8.17	0.30	21244	0.3328	0.1436
tempe_16_flexible_presslight_dr_noshield	SIM_TRAIN	119	92.7	86.5	-75.69	7.86	0.30	21216	0.3363	0.1396
tempe_16_flexible_presslight_dr_noshield	SIM_TRAIN	120	93.5	91.3	-62.88	7.79	0.28	21259	0.2936	0.1222
tempe_16_flexible_presslight_dr_noshield	REAL_TEST	120	89.0	100.0	-117.27	5.06	0.24	20871	0.2328	0.0967
tempe_16_flexible_presslight_dr_noshield	SIM_TRAIN	121	87.0	99.6	-52.62	5.70	0.26	21277	0.2861	0.1017
tempe_16_flexible_presslight_dr_noshield	SIM_TRAIN	122	88.8	92.0	-58.75	6.46	0.29	21281	0.3163	0.1259
tempe_16_flexible_presslight_dr_noshield	SIM_TRAIN	123	91.7	84.7	-64.81	7.40	0.28	21060	0.3153	0.1193
tempe_16_flexible_presslight_dr_noshield	REAL_TEST	123	88.4	100.0	-113.59	4.92	0.25	20838	0.2297	0.0934
tempe_16_flexible_presslight_dr_noshield	SIM_TRAIN	124	90.8	85.4	-67.16	7.09	0.29	21241	0.3280	0.1304
tempe_16_flexible_presslight_dr_noshield	SIM_TRAIN	125	92.8	89.8	-62.54	7.70	0.28	21258	0.3285	0.1306
tempe_16_flexible_presslight_dr_noshield	SIM_TRAIN	126	94.5	90.1	-78.05	8.39	0.30	21239	0.3474	0.1385
tempe_16_flexible_presslight_dr_noshield	REAL_TEST	126	89.2	100.0	-120.73	5.24	0.25	20777	0.2155	0.0891
tempe_16_flexible_presslight_dr_noshield	SIM_TRAIN	127	93.6	94.1	-92.28	7.65	0.29	21253	0.3165	0.1224
tempe_16_flexible_presslight_dr_noshield	SIM_TRAIN	128	89.4	100.4	-70.01	6.70	0.29	21262	0.3134	0.1226
tempe_16_flexible_presslight_dr_noshield	SIM_TRAIN	129	98.9	108.8	-82.25	10.01	0.29	21251	0.3148	0.1316
tempe_16_flexible_presslight_dr_noshield	REAL_TEST	129	89.2	100.0	-111.96	4.98	0.24	20812	0.2304	0.0872
tempe_16_flexible_presslight_dr_noshield	SIM_TRAIN	130	91.1	136.2	-74.67	7.22	0.28	21266	0.3280	0.1257
tempe_16_flexible_presslight_dr_noshield	SIM_TRAIN	131	92.2	155.1	-66.07	7.57	0.27	21273	0.2991	0.1201
tempe_16_flexible_presslight_dr_noshield	SIM_TRAIN	132	87.3	164.0	-59.19	5.85	0.28	21285	0.3005	0.1130
tempe_16_flexible_presslight_dr_noshield	REAL_TEST	132	88.9	100.0	-109.45	4.69	0.24	20836	0.2418	0.0868
tempe_16_flexible_presslight_dr_noshield	SIM_TRAIN	133	90.1	172.1	-68.77	6.84	0.30	21262	0.3311	0.1219
tempe_16_flexible_presslight_dr_noshield	SIM_TRAIN	134	93.8	176.4	-90.80	8.32	0.33	21250	0.3766	0.1380
tempe_16_flexible_presslight_dr_noshield	SIM_TRAIN	135	91.9	187.9	-70.13	7.48	0.29	21250	0.3425	0.1313
tempe_16_flexible_presslight_dr_noshield	REAL_TEST	135	88.3	100.0	-111.21	4.66	0.24	20807	0.2453	0.0785
tempe_16_flexible_presslight_dr_noshield	SIM_TRAIN	136	88.8	201.7	-59.47	6.35	0.28	21279	0.3198	0.1149
tempe_16_flexible_presslight_dr_noshield	SIM_TRAIN	137	93.9	184.6	-63.87	8.20	0.28	21256	0.3314	0.1437
tempe_16_flexible_presslight_dr_noshield	SIM_TRAIN	138	87.2	172.0	-62.57	5.86	0.28	21270	0.3153	0.1115
tempe_16_flexible_presslight_dr_noshield	REAL_TEST	138	89.1	100.0	-109.67	4.72	0.24	20785	0.2375	0.0889
tempe_16_flexible_presslight_dr_noshield	SIM_TRAIN	139	90.7	173.7	-67.65	7.06	0.29	21232	0.3281	0.1182
tempe_16_flexible_presslight_dr_noshield	SIM_TRAIN	140	89.6	168.6	-56.80	6.57	0.27	21250	0.3325	0.1172
tempe_16_flexible_presslight_dr_noshield	SIM_TRAIN	141	89.7	191.0	-71.08	6.81	0.27	21244	0.2979	0.1073
tempe_16_flexible_presslight_dr_noshield	REAL_TEST	141	90.0	100.0	-111.09	4.91	0.24	20801	0.2215	0.0872
tempe_16_flexible_presslight_dr_noshield	SIM_TRAIN	142	308.7	206.1	-297.71	40.77	0.35	19156	0.3788	0.1493
tempe_16_flexible_presslight_dr_noshield	SIM_TRAIN	143	88.6	157.4	-60.45	6.30	0.27	21281	0.2943	0.1137
tempe_16_flexible_presslight_dr_noshield	SIM_TRAIN	144	84.5	95.6	-52.65	4.84	0.26	21294	0.2387	0.0913
tempe_16_flexible_presslight_dr_noshield	REAL_TEST	144	89.9	100.0	-110.57	5.13	0.24	20820	0.2252	0.1005
tempe_16_flexible_presslight_dr_noshield	SIM_TRAIN	145	92.5	91.1	-64.81	7.63	0.28	21276	0.3253	0.1273
tempe_16_flexible_presslight_dr_noshield	SIM_TRAIN	146	85.7	90.1	-54.02	5.36	0.26	21275	0.2700	0.0964
tempe_16_flexible_presslight_dr_noshield	SIM_TRAIN	147	97.1	100.3	-72.69	9.34	0.29	21265	0.3432	0.1262
tempe_16_flexible_presslight_dr_noshield	REAL_TEST	147	89.2	100.0	-110.25	5.00	0.24	20816	0.2259	0.0958
tempe_16_flexible_presslight_dr_noshield	SIM_TRAIN	148	87.8	122.9	-59.61	6.02	0.26	21283	0.2840	0.1050
tempe_16_flexible_presslight_dr_noshield	SIM_TRAIN	149	94.1	134.0	-83.32	8.12	0.30	21254	0.3344	0.1370
tempe_16_flexible_presslight_dr_noshield	SIM_TRAIN	150	103.1	158.7	-95.42	11.52	0.30	21219	0.3503	0.1500
tempe_16_flexible_presslight_dr_noshield	REAL_TEST	150	89.3	100.0	-108.75	5.07	0.24	20798	0.2458	0.0807
tempe_16_flexible_presslight_dr_noshield	SIM_TRAIN	151	88.6	140.2	-68.13	6.33	0.29	21258	0.3130	0.1215
tempe_16_flexible_presslight_dr_noshield	SIM_TRAIN	152	95.4	137.1	-82.23	8.83	0.32	21254	0.3632	0.1401
tempe_16_flexible_presslight_dr_noshield	SIM_TRAIN	153	115.5	211.1	-99.90	8.60	0.30	20934	0.3512	0.1365
tempe_16_flexible_presslight_dr_noshield	REAL_TEST	153	89.4	100.0	-111.46	5.13	0.25	20804	0.2332	0.0776
tempe_16_flexible_presslight_dr_noshield	SIM_TRAIN	154	98.5	208.2	-80.48	9.77	0.30	21184	0.3906	0.1540
tempe_16_flexible_presslight_dr_noshield	SIM_TRAIN	155	90.0	199.3	-64.29	6.80	0.29	21261	0.3285	0.1302
tempe_16_flexible_presslight_dr_noshield	SIM_TRAIN	156	109.1	184.0	-87.64	13.60	0.32	21112	0.4016	0.1630
tempe_16_flexible_presslight_dr_noshield	REAL_TEST	156	89.2	100.0	-112.15	5.01	0.25	20789	0.2622	0.0917
tempe_16_flexible_presslight_dr_noshield	SIM_TRAIN	157	90.1	200.1	-65.47	6.94	0.27	21249	0.2917	0.1170
tempe_16_flexible_presslight_dr_noshield	SIM_TRAIN	158	94.2	198.4	-70.77	8.25	0.28	21249	0.3389	0.1387
tempe_16_flexible_presslight_dr_noshield	SIM_TRAIN	159	87.1	199.4	-60.44	5.79	0.28	21282	0.2851	0.1092
tempe_16_flexible_presslight_dr_noshield	REAL_TEST	159	88.7	100.0	-110.03	4.81	0.24	20819	0.2359	0.0828
tempe_16_flexible_presslight_dr_noshield	SIM_TRAIN	160	90.3	196.2	-69.55	6.99	0.30	21258	0.3345	0.1290
tempe_16_flexible_presslight_dr_noshield	SIM_TRAIN	161	91.6	192.9	-75.27	7.39	0.28	21272	0.3113	0.1302
tempe_16_flexible_presslight_dr_noshield	SIM_TRAIN	162	97.0	182.1	-76.32	9.38	0.31	21254	0.3481	0.1437
tempe_16_flexible_presslight_dr_noshield	REAL_TEST	162	92.2	100.0	-107.18	5.25	0.24	20823	0.2354	0.0842
tempe_16_flexible_presslight_dr_noshield	SIM_TRAIN	163	97.7	201.5	-87.94	9.69	0.31	21209	0.3304	0.1359
tempe_16_flexible_presslight_dr_noshield	SIM_TRAIN	164	92.4	196.7	-77.43	7.75	0.31	21258	0.3302	0.1253
tempe_16_flexible_presslight_dr_noshield	SIM_TRAIN	165	89.7	173.7	-55.06	6.76	0.27	21240	0.2788	0.1151
tempe_16_flexible_presslight_dr_noshield	REAL_TEST	165	95.3	100.0	-108.15	5.88	0.25	20792	0.2484	0.0816
tempe_16_flexible_presslight_dr_noshield	SIM_TRAIN	166	133.0	194.7	-121.29	18.77	0.30	21246	0.3068	0.1306
tempe_16_flexible_presslight_dr_noshield	SIM_TRAIN	167	89.9	206.0	-69.19	6.79	0.27	21279	0.2920	0.1200
tempe_16_flexible_presslight_dr_noshield	SIM_TRAIN	168	87.2	197.6	-53.58	5.73	0.27	21288	0.2958	0.1049
tempe_16_flexible_presslight_dr_noshield	REAL_TEST	168	89.9	100.0	-108.36	4.94	0.25	20835	0.2484	0.0894
tempe_16_flexible_presslight_dr_noshield	SIM_TRAIN	169	88.2	197.9	-66.83	6.17	0.28	21283	0.3040	0.1099
tempe_16_flexible_presslight_dr_noshield	SIM_TRAIN	170	90.4	185.5	-68.86	6.96	0.31	21265	0.3241	0.1205
tempe_16_flexible_presslight_dr_noshield	SIM_TRAIN	171	172.3	158.4	-289.91	31.98	0.33	20282	0.4021	0.1691
tempe_16_flexible_presslight_dr_noshield	REAL_TEST	171	92.0	100.0	-110.84	5.39	0.25	20792	0.2306	0.0884
tempe_16_flexible_presslight_dr_noshield	SIM_TRAIN	172	94.0	197.8	-75.44	8.32	0.31	21224	0.3497	0.1437
tempe_16_flexible_presslight_dr_noshield	SIM_TRAIN	173	86.0	187.2	-53.97	5.41	0.26	21287	0.2542	0.1019
tempe_16_flexible_presslight_dr_noshield	SIM_TRAIN	174	90.1	225.3	-60.51	6.81	0.28	21278	0.2967	0.1139
tempe_16_flexible_presslight_dr_noshield	REAL_TEST	174	91.9	100.0	-112.53	5.32	0.25	20791	0.2255	0.0878
tempe_16_flexible_presslight_dr_noshield	SIM_TRAIN	175	89.9	229.2	-68.54	6.78	0.28	21273	0.2967	0.1203
tempe_16_flexible_presslight_dr_noshield	SIM_TRAIN	176	92.3	322.8	-70.68	7.67	0.29	21233	0.3227	0.1262
tempe_16_flexible_presslight_dr_noshield	SIM_TRAIN	177	95.1	371.2	-62.89	8.65	0.31	21245	0.3285	0.1333
tempe_16_flexible_presslight_dr_noshield	REAL_TEST	177	106.2	100.0	-114.52	7.92	0.25	20680	0.2281	0.0962
tempe_16_flexible_presslight_dr_noshield	SIM_TRAIN	178	97.7	358.3	-70.72	9.63	0.29	21236	0.3490	0.1351
tempe_16_flexible_presslight_dr_noshield	SIM_TRAIN	179	87.0	371.5	-63.04	5.81	0.28	21282	0.2717	0.1153
tempe_16_flexible_presslight_dr_noshield	SIM_TRAIN	180	87.3	258.2	-57.84	5.91	0.27	21263	0.2602	0.1057
tempe_16_flexible_presslight_dr_noshield	REAL_TEST	180	92.7	100.0	-116.55	5.63	0.25	20776	0.2156	0.0920
tempe_16_flexible_presslight_dr_noshield	SIM_TRAIN	181	104.5	190.9	-76.76	11.92	0.32	21185	0.3729	0.1573
tempe_16_flexible_presslight_dr_noshield	SIM_TRAIN	182	90.9	202.4	-70.64	7.22	0.31	21236	0.3465	0.1356
tempe_16_flexible_presslight_dr_noshield	SIM_TRAIN	183	85.4	198.6	-54.21	5.18	0.26	21297	0.2611	0.1033
tempe_16_flexible_presslight_dr_noshield	REAL_TEST	183	89.3	100.0	-111.16	4.90	0.25	20855	0.2342	0.0847
tempe_16_flexible_presslight_dr_noshield	SIM_TRAIN	184	89.5	201.7	-69.75	6.68	0.29	21264	0.3191	0.1165
tempe_16_flexible_presslight_dr_noshield	SIM_TRAIN	185	90.5	174.6	-58.67	6.95	0.28	21261	0.3181	0.1257
tempe_16_flexible_presslight_dr_noshield	SIM_TRAIN	186	86.3	184.7	-56.01	5.46	0.26	21283	0.2748	0.1069
tempe_16_flexible_presslight_dr_noshield	REAL_TEST	186	88.8	100.0	-107.41	4.72	0.25	20811	0.2377	0.0847
tempe_16_flexible_presslight_dr_noshield	SIM_TRAIN	187	90.4	198.1	-64.17	6.93	0.30	21255	0.3375	0.1247
tempe_16_flexible_presslight_dr_noshield	SIM_TRAIN	188	91.8	213.2	-72.79	7.47	0.28	21255	0.3299	0.1345
tempe_16_flexible_presslight_dr_noshield	SIM_TRAIN	189	85.5	229.0	-53.69	5.22	0.27	21276	0.2774	0.1021
tempe_16_flexible_presslight_dr_noshield	REAL_TEST	189	89.4	100.0	-112.46	4.82	0.25	20805	0.2458	0.0854
tempe_16_flexible_presslight_dr_noshield	SIM_TRAIN	190	96.6	225.9	-88.45	9.23	0.33	21249	0.3812	0.1465
tempe_16_flexible_presslight_dr_noshield	SIM_TRAIN	191	87.6	235.7	-65.64	6.06	0.29	21276	0.2986	0.1128
tempe_16_flexible_presslight_dr_noshield	SIM_TRAIN	192	87.9	269.5	-65.70	6.16	0.27	21245	0.2731	0.1122
tempe_16_flexible_presslight_dr_noshield	REAL_TEST	192	89.1	100.0	-110.17	4.75	0.24	20840	0.2465	0.0851
tempe_16_flexible_presslight_dr_noshield	SIM_TRAIN	193	93.4	309.5	-65.56	8.05	0.28	21268	0.3385	0.1309
tempe_16_flexible_presslight_dr_noshield	SIM_TRAIN	194	88.4	338.1	-58.46	6.21	0.28	21247	0.3031	0.1137
tempe_16_flexible_presslight_dr_noshield	SIM_TRAIN	195	93.9	258.9	-86.86	8.45	0.27	21169	0.3003	0.1273
tempe_16_flexible_presslight_dr_noshield	REAL_TEST	195	89.7	100.0	-111.95	4.88	0.25	20820	0.2382	0.0859
tempe_16_flexible_presslight_dr_noshield	SIM_TRAIN	196	93.0	92.3	-85.66	8.00	0.29	21222	0.3387	0.1196
tempe_16_flexible_presslight_dr_noshield	SIM_TRAIN	197	87.1	84.7	-56.95	5.76	0.27	21271	0.2936	0.1127
tempe_16_flexible_presslight_dr_noshield	SIM_TRAIN	198	89.8	84.6	-72.74	6.84	0.29	21247	0.3333	0.1252
tempe_16_flexible_presslight_dr_noshield	REAL_TEST	198	90.8	100.0	-114.30	5.12	0.25	20790	0.2297	0.0835
tempe_16_flexible_presslight_dr_noshield	SIM_TRAIN	199	90.8	90.7	-55.34	7.02	0.28	21287	0.3339	0.1245
tempe_16_flexible_presslight_dr_noshield	SIM_TRAIN	200	92.8	105.1	-72.14	7.81	0.30	21233	0.3292	0.1302
tempe_16_flexible_presslight_dr_noshield	SIM_TRAIN	201	89.9	107.2	-60.49	6.75	0.29	21274	0.3021	0.1203
tempe_16_flexible_presslight_dr_noshield	REAL_TEST	201	88.9	100.0	-113.85	4.77	0.24	20821	0.2358	0.0865
tempe_16_flexible_presslight_dr_noshield	SIM_TRAIN	202	86.2	108.8	-55.08	5.48	0.26	21279	0.2686	0.0993
tempe_16_flexible_presslight_dr_noshield	SIM_TRAIN	203	89.1	109.2	-56.30	6.42	0.28	21244	0.3146	0.1122
tempe_16_flexible_presslight_dr_noshield	SIM_TRAIN	204	93.6	106.7	-73.83	8.06	0.30	21286	0.3328	0.1262
tempe_16_flexible_presslight_dr_noshield	REAL_TEST	204	91.1	100.0	-109.30	5.05	0.24	20828	0.2285	0.0911
tempe_16_flexible_presslight_dr_noshield	SIM_TRAIN	205	89.3	122.9	-53.87	6.57	0.26	21279	0.2733	0.1149
tempe_16_flexible_presslight_dr_noshield	SIM_TRAIN	206	89.9	138.0	-63.34	6.84	0.30	21289	0.3139	0.1146
tempe_16_flexible_presslight_dr_noshield	SIM_TRAIN	207	87.6	148.4	-60.18	5.96	0.27	21264	0.3038	0.1090
tempe_16_flexible_presslight_dr_noshield	REAL_TEST	207	90.6	100.0	-111.97	5.11	0.25	20776	0.2285	0.0951
tempe_16_flexible_presslight_dr_noshield	SIM_TRAIN	208	89.6	145.1	-59.62	6.67	0.29	21287	0.3146	0.1194
tempe_16_flexible_presslight_dr_noshield	SIM_TRAIN	209	88.8	141.7	-61.22	6.40	0.28	21276	0.2845	0.1271
tempe_16_flexible_presslight_dr_noshield	SIM_TRAIN	210	88.5	129.0	-59.39	6.27	0.28	21281	0.2891	0.1181
tempe_16_flexible_presslight_dr_noshield	REAL_TEST	210	91.2	100.0	-111.90	5.30	0.25	20786	0.2229	0.1002
tempe_16_flexible_presslight_dr_noshield	SIM_TRAIN	211	89.2	118.6	-60.77	6.58	0.29	21280	0.2955	0.1198
tempe_16_flexible_presslight_dr_noshield	SIM_TRAIN	212	117.8	129.7	-102.03	10.37	0.30	20893	0.3139	0.1339
tempe_16_flexible_presslight_dr_noshield	SIM_TRAIN	213	95.0	163.3	-69.64	8.51	0.28	21256	0.3250	0.1391
tempe_16_flexible_presslight_dr_noshield	REAL_TEST	213	90.0	100.0	-113.74	5.15	0.25	20783	0.2031	0.0957
tempe_16_flexible_presslight_dr_noshield	SIM_TRAIN	214	87.2	173.0	-59.54	5.84	0.27	21273	0.2733	0.1054
tempe_16_flexible_presslight_dr_noshield	SIM_TRAIN	215	85.2	183.7	-52.87	5.13	0.26	21287	0.2408	0.1026
tempe_16_flexible_presslight_dr_noshield	SIM_TRAIN	216	99.7	194.6	-90.06	7.57	0.29	21113	0.3040	0.1224
tempe_16_flexible_presslight_dr_noshield	REAL_TEST	216	92.0	100.0	-113.14	5.40	0.25	20797	0.2089	0.1003
tempe_16_flexible_presslight_dr_noshield	SIM_TRAIN	217	91.1	191.3	-80.24	7.34	0.32	21218	0.3583	0.1250
tempe_16_flexible_presslight_dr_noshield	SIM_TRAIN	218	96.0	194.2	-80.51	8.56	0.30	21261	0.3260	0.1429
tempe_16_flexible_presslight_dr_noshield	SIM_TRAIN	219	85.5	187.7	-55.48	5.25	0.26	21295	0.2562	0.0958
tempe_16_flexible_presslight_dr_noshield	REAL_TEST	219	89.3	100.0	-113.53	5.03	0.24	20869	0.2099	0.0901
tempe_16_flexible_presslight_dr_noshield	SIM_TRAIN	220	93.5	187.7	-75.71	8.08	0.30	21249	0.3372	0.1450
tempe_16_flexible_presslight_dr_noshield	SIM_TRAIN	221	88.8	199.3	-70.09	6.44	0.29	21254	0.3000	0.1179
tempe_16_flexible_presslight_dr_noshield	SIM_TRAIN	222	87.7	196.1	-64.06	6.02	0.28	21251	0.2906	0.1043
tempe_16_flexible_presslight_dr_noshield	REAL_TEST	222	91.1	100.0	-117.94	5.60	0.25	20803	0.2398	0.1010
tempe_16_flexible_presslight_dr_noshield	SIM_TRAIN	223	86.2	220.0	-58.48	5.53	0.27	21288	0.2707	0.0990
tempe_16_flexible_presslight_dr_noshield	SIM_TRAIN	224	92.0	217.9	-60.29	7.55	0.29	21251	0.3021	0.1259
tempe_16_flexible_presslight_dr_noshield	SIM_TRAIN	225	85.7	214.1	-59.64	5.31	0.26	21283	0.2609	0.0988
tempe_16_flexible_presslight_dr_noshield	REAL_TEST	225	91.2	100.0	-114.29	5.54	0.25	20834	0.2155	0.0983
tempe_16_flexible_presslight_dr_noshield	SIM_TRAIN	226	86.1	184.9	-57.03	5.44	0.27	21276	0.2599	0.1033
tempe_16_flexible_presslight_dr_noshield	SIM_TRAIN	227	91.1	89.6	-70.30	7.18	0.30	21258	0.3288	0.1243
tempe_16_flexible_presslight_dr_noshield	SIM_TRAIN	228	88.4	70.0	-55.09	6.28	0.27	21282	0.2722	0.1094
tempe_16_flexible_presslight_dr_noshield	REAL_TEST	228	92.9	100.0	-114.15	5.86	0.26	20788	0.2019	0.1064
tempe_16_flexible_presslight_dr_noshield	SIM_TRAIN	229	92.4	70.0	-85.58	7.83	0.30	21202	0.3160	0.1292
tempe_16_flexible_presslight_dr_noshield	SIM_TRAIN	230	96.9	77.2	-90.00	9.35	0.31	21232	0.3609	0.1571
tempe_16_flexible_presslight_dr_noshield	SIM_TRAIN	231	115.8	97.3	-190.08	14.76	0.30	20996	0.3444	0.1467
tempe_16_flexible_presslight_dr_noshield	REAL_TEST	231	90.2	100.0	-111.55	5.20	0.25	20823	0.2241	0.0922
tempe_16_flexible_presslight_dr_noshield	SIM_TRAIN	232	93.2	98.1	-77.72	7.92	0.29	21253	0.3247	0.1366
tempe_16_flexible_presslight_dr_noshield	SIM_TRAIN	233	105.2	108.4	-104.22	12.06	0.31	21175	0.3464	0.1490
tempe_16_flexible_presslight_dr_noshield	SIM_TRAIN	234	87.1	127.2	-60.47	5.81	0.27	21253	0.2760	0.1132
tempe_16_flexible_presslight_dr_noshield	REAL_TEST	234	92.2	100.0	-110.98	5.66	0.25	20832	0.2330	0.0835
tempe_16_flexible_presslight_dr_noshield	SIM_TRAIN	235	90.8	145.0	-79.23	7.20	0.29	21249	0.3248	0.1297
tempe_16_flexible_presslight_dr_noshield	SIM_TRAIN	236	92.8	149.5	-69.98	7.81	0.29	21258	0.3241	0.1328
tempe_16_flexible_presslight_dr_noshield	SIM_TRAIN	237	123.0	169.9	-130.53	11.28	0.30	20916	0.3276	0.1377
tempe_16_flexible_presslight_dr_noshield	REAL_TEST	237	90.0	100.0	-111.46	5.09	0.25	20811	0.2085	0.0911
tempe_16_flexible_presslight_dr_noshield	SIM_TRAIN	238	109.6	198.7	-89.56	7.75	0.30	21016	0.3172	0.1191
tempe_16_flexible_presslight_dr_noshield	SIM_TRAIN	239	89.0	180.4	-71.17	6.51	0.30	21274	0.3151	0.1168
tempe_16_flexible_presslight_dr_noshield	SIM_TRAIN	240	88.6	251.5	-65.08	6.38	0.28	21277	0.2816	0.1174
tempe_16_flexible_presslight_dr_noshield	REAL_TEST	240	91.7	100.0	-108.87	5.32	0.25	20809	0.2290	0.0865
tempe_16_flexible_presslight_dr_noshield	SIM_TRAIN	241	88.0	419.0	-61.91	6.15	0.28	21232	0.2962	0.1273
tempe_16_flexible_presslight_dr_noshield	SIM_TRAIN	242	92.5	741.8	-69.59	7.74	0.29	21265	0.3122	0.1260
tempe_16_flexible_presslight_dr_noshield	SIM_TRAIN	243	116.0	1099.4	-134.76	13.52	0.28	20947	0.2333	0.1148
tempe_16_flexible_presslight_dr_noshield	REAL_TEST	243	94.5	100.0	-111.62	5.96	0.25	20830	0.2269	0.0927
tempe_16_flexible_presslight_dr_noshield	SIM_TRAIN	244	104.9	1223.8	-82.73	12.33	0.29	21148	0.2941	0.1300
tempe_16_flexible_presslight_dr_noshield	SIM_TRAIN	245	97.7	1955.2	-94.27	9.53	0.29	21233	0.3141	0.1257
tempe_16_flexible_presslight_dr_noshield	SIM_TRAIN	246	101.3	1697.5	-80.20	10.82	0.31	21248	0.3609	0.1470
tempe_16_flexible_presslight_dr_noshield	REAL_TEST	246	91.1	100.0	-108.57	5.17	0.25	20842	0.2210	0.0948
tempe_16_flexible_presslight_dr_noshield	SIM_TRAIN	247	90.8	1117.1	-67.27	7.14	0.28	21271	0.2675	0.1175
tempe_16_flexible_presslight_dr_noshield	SIM_TRAIN	248	96.5	634.3	-81.52	9.13	0.29	21266	0.3318	0.1415
tempe_16_flexible_presslight_dr_noshield	SIM_TRAIN	249	91.5	544.3	-66.80	7.44	0.28	21262	0.3003	0.1248
tempe_16_flexible_presslight_dr_noshield	REAL_TEST	249	88.9	100.0	-105.96	4.52	0.24	20841	0.2325	0.0868
tempe_16_flexible_presslight_dr_noshield	SIM_TRAIN	250	89.8	410.5	-62.13	6.66	0.27	21270	0.2873	0.1207
tempe_16_flexible_presslight_dr_noshield	SIM_TRAIN	251	94.9	334.8	-85.45	8.69	0.29	21175	0.3283	0.1434
tempe_16_flexible_presslight_dr_noshield	SIM_TRAIN	252	94.3	298.7	-94.08	8.48	0.31	21194	0.3503	0.1297
tempe_16_flexible_presslight_dr_noshield	REAL_TEST	252	89.3	100.0	-108.59	4.74	0.24	20888	0.2097	0.0915
tempe_16_flexible_presslight_dr_noshield	SIM_TRAIN	253	85.0	299.9	-52.85	5.05	0.26	21287	0.2644	0.1003
tempe_16_flexible_presslight_dr_noshield	SIM_TRAIN	254	90.9	278.7	-70.04	7.11	0.29	21242	0.3047	0.1226
tempe_16_flexible_presslight_dr_noshield	SIM_TRAIN	255	89.0	287.1	-61.33	6.42	0.28	21264	0.2878	0.1288
tempe_16_flexible_presslight_dr_noshield	REAL_TEST	255	88.0	100.0	-107.58	4.44	0.24	20843	0.2245	0.0938
tempe_16_flexible_presslight_dr_noshield	SIM_TRAIN	256	167.3	271.7	-139.57	19.09	0.34	20769	0.3465	0.1545
tempe_16_flexible_presslight_dr_noshield	SIM_TRAIN	257	102.1	280.3	-70.18	11.06	0.30	21218	0.3620	0.1519
tempe_16_flexible_presslight_dr_noshield	SIM_TRAIN	258	88.3	307.5	-60.81	6.27	0.28	21264	0.2710	0.0986
tempe_16_flexible_presslight_dr_noshield	REAL_TEST	258	89.0	100.0	-109.06	4.69	0.24	20837	0.2135	0.0913
tempe_16_flexible_presslight_dr_noshield	SIM_TRAIN	259	93.6	298.7	-75.72	8.03	0.28	21224	0.3231	0.1314
tempe_16_flexible_presslight_dr_noshield	SIM_TRAIN	260	91.3	261.7	-58.97	7.25	0.27	21252	0.2998	0.1167
tempe_16_flexible_presslight_dr_noshield	SIM_TRAIN	261	90.4	230.4	-65.89	6.93	0.28	21276	0.3203	0.1240
tempe_16_flexible_presslight_dr_noshield	REAL_TEST	261	90.6	100.0	-109.75	5.10	0.25	20797	0.2325	0.0833
tempe_16_flexible_presslight_dr_noshield	SIM_TRAIN	262	86.6	218.0	-56.47	5.59	0.26	21292	0.2715	0.1066
tempe_16_flexible_presslight_dr_noshield	SIM_TRAIN	263	95.1	210.4	-87.26	8.69	0.31	21195	0.3512	0.1283
tempe_16_flexible_presslight_dr_noshield	SIM_TRAIN	264	90.2	209.6	-68.16	6.97	0.29	21246	0.3174	0.1184
tempe_16_flexible_presslight_dr_noshield	REAL_TEST	264	89.4	100.0	-110.93	4.87	0.24	20820	0.2335	0.0903
tempe_16_flexible_presslight_dr_noshield	SIM_TRAIN	265	86.6	202.1	-58.31	5.66	0.28	21268	0.2910	0.1089
tempe_16_flexible_presslight_dr_noshield	SIM_TRAIN	266	97.2	213.1	-79.91	9.69	0.32	21186	0.3627	0.1382
tempe_16_flexible_presslight_dr_noshield	SIM_TRAIN	267	87.1	209.2	-57.64	5.74	0.27	21276	0.2882	0.1165
tempe_16_flexible_presslight_dr_noshield	REAL_TEST	267	90.1	100.0	-110.75	4.95	0.24	20824	0.2500	0.0905
tempe_16_flexible_presslight_dr_noshield	SIM_TRAIN	268	88.7	188.7	-61.25	6.38	0.28	21255	0.3189	0.1193
tempe_16_flexible_presslight_dr_noshield	SIM_TRAIN	269	92.4	190.3	-75.31	7.69	0.30	21232	0.3352	0.1398
tempe_16_flexible_presslight_dr_noshield	SIM_TRAIN	270	97.7	193.4	-90.83	9.55	0.30	21269	0.3507	0.1481
tempe_16_flexible_presslight_dr_noshield	REAL_TEST	270	90.1	100.0	-113.80	5.16	0.25	20818	0.2405	0.0958
tempe_16_flexible_presslight_dr_noshield	SIM_TRAIN	271	89.4	164.2	-68.96	6.66	0.29	21251	0.2938	0.1168
tempe_16_flexible_presslight_dr_noshield	SIM_TRAIN	272	97.5	142.7	-69.16	9.47	0.31	21231	0.3717	0.1519
tempe_16_flexible_presslight_dr_noshield	SIM_TRAIN	273	90.7	138.1	-67.70	7.01	0.27	21261	0.2776	0.1276
tempe_16_flexible_presslight_dr_noshield	REAL_TEST	273	91.1	100.0	-111.83	5.26	0.25	20826	0.2208	0.0924
tempe_16_flexible_presslight_dr_noshield	SIM_TRAIN	274	87.4	122.4	-62.60	5.91	0.29	21287	0.2844	0.1134
tempe_16_flexible_presslight_dr_noshield	SIM_TRAIN	275	88.1	124.2	-59.24	6.16	0.27	21274	0.2859	0.1205
tempe_16_flexible_presslight_dr_noshield	SIM_TRAIN	276	91.5	122.0	-67.74	7.37	0.28	21241	0.3167	0.1347
tempe_16_flexible_presslight_dr_noshield	REAL_TEST	276	90.7	100.0	-110.50	5.09	0.24	20851	0.2363	0.0894
tempe_16_flexible_presslight_dr_noshield	SIM_TRAIN	277	91.1	141.5	-56.06	7.16	0.28	21239	0.3094	0.1174
tempe_16_flexible_presslight_dr_noshield	SIM_TRAIN	278	91.2	136.3	-68.30	7.26	0.29	21266	0.3057	0.1229
tempe_16_flexible_presslight_dr_noshield	SIM_TRAIN	279	108.3	130.6	-110.04	12.58	0.29	21252	0.2885	0.1165
tempe_16_flexible_presslight_dr_noshield	REAL_TEST	279	90.2	100.0	-110.98	4.94	0.24	20857	0.2472	0.0786
tempe_16_flexible_presslight_dr_noshield	SIM_TRAIN	280	91.9	130.0	-72.06	7.52	0.29	21252	0.2995	0.1352
tempe_16_flexible_presslight_dr_noshield	SIM_TRAIN	281	91.4	143.5	-59.84	7.29	0.28	21246	0.2977	0.1234
tempe_16_flexible_presslight_dr_noshield	SIM_TRAIN	282	88.6	133.6	-62.36	6.38	0.27	21262	0.2771	0.1193
tempe_16_flexible_presslight_dr_noshield	REAL_TEST	282	90.0	100.0	-110.32	4.81	0.24	20810	0.2616	0.0821
tempe_16_flexible_presslight_dr_noshield	SIM_TRAIN	283	92.8	134.5	-63.26	7.70	0.29	21264	0.3373	0.1399
tempe_16_flexible_presslight_dr_noshield	SIM_TRAIN	284	87.9	110.3	-62.02	6.10	0.28	21261	0.2727	0.1128
tempe_16_flexible_presslight_dr_noshield	SIM_TRAIN	285	98.9	101.5	-81.73	10.09	0.32	21240	0.3540	0.1540
tempe_16_flexible_presslight_dr_noshield	REAL_TEST	285	90.8	100.0	-110.78	4.94	0.24	20827	0.2392	0.0804
tempe_16_flexible_presslight_dr_noshield	SIM_TRAIN	286	88.9	108.9	-61.42	6.34	0.27	21249	0.2990	0.1149
tempe_16_flexible_presslight_dr_noshield	SIM_TRAIN	287	91.3	107.5	-60.34	7.18	0.28	21244	0.2981	0.1283
tempe_16_flexible_presslight_dr_noshield	SIM_TRAIN	288	87.5	107.5	-63.76	6.01	0.29	21277	0.3061	0.1227
tempe_16_flexible_presslight_dr_noshield	REAL_TEST	288	89.9	100.0	-108.22	4.75	0.23	20832	0.2648	0.0731
tempe_16_flexible_presslight_dr_noshield	SIM_TRAIN	289	105.6	111.2	-142.54	12.54	0.29	21171	0.3224	0.1380
tempe_16_flexible_presslight_dr_noshield	SIM_TRAIN	290	92.0	125.3	-65.62	7.51	0.28	21259	0.3354	0.1382
tempe_16_flexible_presslight_dr_noshield	SIM_TRAIN	291	90.2	123.8	-66.99	6.90	0.28	21252	0.3049	0.1243
tempe_16_flexible_presslight_dr_noshield	REAL_TEST	291	90.4	100.0	-106.80	4.86	0.24	20860	0.2733	0.0774
tempe_16_flexible_presslight_dr_noshield	SIM_TRAIN	292	89.0	118.9	-66.27	6.38	0.29	21255	0.3293	0.1116
tempe_16_flexible_presslight_dr_noshield	SIM_TRAIN	293	117.7	161.5	-125.33	16.64	0.29	21255	0.3137	0.1299
tempe_16_flexible_presslight_dr_noshield	SIM_TRAIN	294	89.7	197.9	-59.58	6.69	0.26	21277	0.2939	0.1120
tempe_16_flexible_presslight_dr_noshield	REAL_TEST	294	92.8	100.0	-109.31	5.38	0.24	20856	0.2311	0.0802
tempe_16_flexible_presslight_dr_noshield	SIM_TRAIN	295	98.1	218.7	-104.97	8.77	0.28	21280	0.3009	0.1128
tempe_16_flexible_presslight_dr_noshield	SIM_TRAIN	296	90.9	238.9	-62.03	7.07	0.28	21262	0.3229	0.1319
tempe_16_flexible_presslight_dr_noshield	SIM_TRAIN	297	90.3	233.9	-64.91	6.89	0.28	21274	0.3252	0.1214
tempe_16_flexible_presslight_dr_noshield	REAL_TEST	297	91.0	100.0	-110.01	5.05	0.24	20822	0.2260	0.0950
tempe_16_flexible_presslight_dr_noshield	SIM_TRAIN	298	90.2	200.1	-69.51	6.91	0.27	21242	0.2873	0.1113
tempe_16_flexible_presslight_dr_noshield	SIM_TRAIN	299	89.7	209.5	-68.91	6.76	0.28	21266	0.3269	0.1208
