tempe_16_sensor20_dqn_latent_observation	REAL_TEST	2	1506.4	100.0	-2207.56	175.66	0.49	3914
tempe_16_sensor20_dqn_latent_observation	REAL_TEST	4	608.1	100.0	-1329.91	113.72	0.40	12149
tempe_16_sensor20_dqn_latent_observation	REAL_TEST	6	363.7	100.0	-798.41	66.15	0.43	15527
tempe_16_sensor20_dqn_latent_observation	REAL_TEST	8	404.6	100.0	-976.28	75.29	0.42	15159
tempe_16_sensor20_dqn_latent_observation	REAL_TEST	10	482.4	100.0	-1167.07	97.03	0.42	14126
tempe_16_sensor20_dqn_latent_observation	REAL_TEST	12	363.9	100.0	-873.29	67.21	0.36	15423
tempe_16_sensor20_dqn_latent_observation	REAL_TEST	14	359.7	100.0	-725.18	61.52	0.35	15165
tempe_16_sensor20_dqn_latent_observation	REAL_TEST	16	418.8	100.0	-937.45	70.96	0.34	14403
tempe_16_sensor20_dqn_latent_observation	REAL_TEST	18	791.0	100.0	-1360.72	107.00	0.37	9466
tempe_16_sensor20_dqn_latent_observation	REAL_TEST	20	314.9	100.0	-480.60	39.23	0.25	16449
tempe_16_sensor20_dqn_latent_observation	REAL_TEST	22	343.6	100.0	-827.06	59.51	0.32	15835
tempe_16_sensor20_dqn_latent_observation	REAL_TEST	24	198.6	100.0	-348.77	29.90	0.23	18337
tempe_16_sensor20_dqn_latent_observation	REAL_TEST	26	221.2	100.0	-434.74	33.14	0.28	17975
tempe_16_sensor20_dqn_latent_observation	REAL_TEST	28	222.4	100.0	-378.47	28.31	0.28	17352
tempe_16_sensor20_dqn_latent_observation	REAL_TEST	30	141.1	100.0	-166.88	15.33	0.23	19672
tempe_16_sensor20_dqn_latent_observation	REAL_TEST	32	416.7	100.0	-708.36	50.51	0.31	14211
tempe_16_sensor20_dqn_latent_observation	REAL_TEST	34	370.2	100.0	-648.00	50.17	0.31	14720
tempe_16_sensor20_dqn_latent_observation	REAL_TEST	36	423.9	100.0	-735.85	58.39	0.31	14674
tempe_16_sensor20_dqn_latent_observation	REAL_TEST	38	330.8	100.0	-586.51	41.86	0.31	16027
tempe_16_sensor20_dqn_latent_observation	REAL_TEST	40	252.2	100.0	-513.40	36.67	0.28	17427
tempe_16_sensor20_dqn_latent_observation	REAL_TEST	42	140.1	100.0	-244.25	16.89	0.24	19864
tempe_16_sensor20_dqn_latent_observation	REAL_TEST	44	164.9	100.0	-247.17	18.53	0.23	19228
tempe_16_sensor20_dqn_latent_observation	REAL_TEST	46	139.1	100.0	-171.05	13.98	0.25	20206
tempe_16_sensor20_dqn_latent_observation	REAL_TEST	48	292.4	100.0	-512.95	39.45	0.25	16804
tempe_16_sensor20_dqn_latent_observation	REAL_TEST	50	129.6	100.0	-182.23	12.42	0.23	19871
tempe_16_sensor20_dqn_latent_observation	REAL_TEST	52	259.9	100.0	-553.85	39.14	0.29	17080
tempe_16_sensor20_dqn_latent_observation	REAL_TEST	54	133.1	100.0	-156.81	13.25	0.23	20099
tempe_16_sensor20_dqn_latent_observation	REAL_TEST	56	390.6	100.0	-699.42	51.19	0.31	14594
tempe_16_sensor20_dqn_latent_observation	REAL_TEST	58	257.2	100.0	-385.35	29.20	0.25	17031
tempe_16_sensor20_dqn_latent_observation	REAL_TEST	60	319.1	100.0	-623.85	44.68	0.30	15538
tempe_16_sensor20_dqn_latent_observation	REAL_TEST	62	156.9	100.0	-195.81	14.22	0.22	19651
tempe_16_sensor20_dqn_latent_observation	REAL_TEST	64	213.0	100.0	-416.45	36.63	0.25	18892
tempe_16_sensor20_dqn_latent_observation	REAL_TEST	66	302.4	100.0	-531.79	39.34	0.28	16033
tempe_16_sensor20_dqn_latent_observation	REAL_TEST	68	203.8	100.0	-379.63	32.78	0.26	18710
tempe_16_sensor20_dqn_latent_observation	REAL_TEST	70	281.5	100.0	-396.39	31.49	0.27	17284
tempe_16_sensor20_dqn_latent_observation	REAL_TEST	72	219.2	100.0	-342.19	23.69	0.24	18584
tempe_16_sensor20_dqn_latent_observation	REAL_TEST	74	240.0	100.0	-403.98	33.19	0.26	17470
tempe_16_sensor20_dqn_latent_observation	REAL_TEST	76	241.3	100.0	-492.50	32.97	0.29	17238
tempe_16_sensor20_dqn_latent_observation	REAL_TEST	78	165.6	100.0	-276.51	19.85	0.24	19345
tempe_16_sensor20_dqn_latent_observation	REAL_TEST	80	493.0	100.0	-790.05	69.97	0.32	13355
tempe_16_sensor20_dqn_latent_observation	REAL_TEST	82	649.5	100.0	-1121.40	87.24	0.34	11070
tempe_16_sensor20_dqn_latent_observation	REAL_TEST	84	192.4	100.0	-259.66	19.87	0.25	18480
tempe_16_sensor20_dqn_latent_observation	REAL_TEST	86	468.7	100.0	-964.64	74.15	0.34	13380
tempe_16_sensor20_dqn_latent_observation	REAL_TEST	88	119.3	100.0	-165.00	11.05	0.24	20226
tempe_16_sensor20_dqn_latent_observation	REAL_TEST	90	710.5	100.0	-1046.30	82.19	0.31	10605
tempe_16_sensor20_dqn_latent_observation	REAL_TEST	92	244.8	100.0	-362.81	28.72	0.28	18025
tempe_16_sensor20_dqn_latent_observation	REAL_TEST	94	146.2	100.0	-196.41	13.83	0.21	19699
tempe_16_sensor20_dqn_latent_observation	REAL_TEST	96	226.6	100.0	-457.06	34.17	0.27	17548
tempe_16_sensor20_dqn_latent_observation	REAL_TEST	98	137.7	100.0	-202.32	14.37	0.22	20134
tempe_16_sensor20_dqn_latent_observation	REAL_TEST	100	206.6	100.0	-291.72	23.57	0.25	18235
tempe_16_sensor20_dqn_latent_observation	REAL_TEST	102	275.9	100.0	-480.93	36.85	0.26	17661
tempe_16_sensor20_dqn_latent_observation	REAL_TEST	104	230.6	100.0	-366.88	29.17	0.24	17554
tempe_16_sensor20_dqn_latent_observation	REAL_TEST	106	291.4	100.0	-583.26	42.17	0.30	16721
tempe_16_sensor20_dqn_latent_observation	REAL_TEST	108	161.7	100.0	-202.68	15.94	0.24	19712
tempe_16_sensor20_dqn_latent_observation	REAL_TEST	110	421.8	100.0	-778.42	61.94	0.29	14171
tempe_16_sensor20_dqn_latent_observation	REAL_TEST	112	226.3	100.0	-410.14	30.19	0.26	17767
tempe_16_sensor20_dqn_latent_observation	REAL_TEST	114	368.4	100.0	-685.20	51.91	0.29	15120
tempe_16_sensor20_dqn_latent_observation	REAL_TEST	116	185.2	100.0	-301.77	24.59	0.24	19351
tempe_16_sensor20_dqn_latent_observation	REAL_TEST	118	310.7	100.0	-539.28	40.37	0.29	16002
tempe_16_sensor20_dqn_latent_observation	REAL_TEST	120	200.4	100.0	-389.30	26.41	0.25	18152
tempe_16_sensor20_dqn_latent_observation	REAL_TEST	122	412.6	100.0	-830.58	69.77	0.30	15021
tempe_16_sensor20_dqn_latent_observation	REAL_TEST	124	178.8	100.0	-200.26	19.52	0.21	19667
tempe_16_sensor20_dqn_latent_observation	REAL_TEST	126	323.4	100.0	-592.12	43.11	0.27	16439
tempe_16_sensor20_dqn_latent_observation	REAL_TEST	128	305.6	100.0	-452.19	35.74	0.27	15988
tempe_16_sensor20_dqn_latent_observation	REAL_TEST	130	187.1	100.0	-266.78	20.33	0.24	18762
tempe_16_sensor20_dqn_latent_observation	REAL_TEST	132	196.6	100.0	-362.19	23.90	0.25	18147
tempe_16_sensor20_dqn_latent_observation	REAL_TEST	134	145.2	100.0	-229.26	16.88	0.25	19510
tempe_16_sensor20_dqn_latent_observation	REAL_TEST	136	236.2	100.0	-422.49	30.69	0.28	17818
tempe_16_sensor20_dqn_latent_observation	REAL_TEST	138	220.3	100.0	-339.84	30.57	0.25	18369
tempe_16_sensor20_dqn_latent_observation	REAL_TEST	140	254.2	100.0	-476.77	34.55	0.28	17157
tempe_16_sensor20_dqn_latent_observation	REAL_TEST	142	243.5	100.0	-489.18	39.71	0.29	17703
tempe_16_sensor20_dqn_latent_observation	REAL_TEST	144	294.7	100.0	-536.74	38.21	0.28	16335
tempe_16_sensor20_dqn_latent_observation	REAL_TEST	146	153.8	100.0	-244.60	19.30	0.26	19568
tempe_16_sensor20_dqn_latent_observation	REAL_TEST	148	454.2	100.0	-869.66	62.62	0.31	14349
tempe_16_sensor20_dqn_latent_observation	REAL_TEST	150	215.5	100.0	-423.31	33.01	0.25	18130
tempe_16_sensor20_dqn_latent_observation	REAL_TEST	152	341.9	100.0	-661.25	46.62	0.31	15550
tempe_16_sensor20_dqn_latent_observation	REAL_TEST	154	127.4	100.0	-182.10	12.98	0.24	20398
tempe_16_sensor20_dqn_latent_observation	REAL_TEST	156	295.9	100.0	-664.46	47.45	0.32	16307
tempe_16_sensor20_dqn_latent_observation	REAL_TEST	158	139.3	100.0	-230.41	17.38	0.24	19854
tempe_16_sensor20_dqn_latent_observation	REAL_TEST	160	231.6	100.0	-492.93	36.00	0.28	17829
tempe_16_sensor20_dqn_latent_observation	REAL_TEST	162	192.2	100.0	-416.60	29.59	0.28	18617
tempe_16_sensor20_dqn_latent_observation	REAL_TEST	164	412.4	100.0	-674.68	53.70	0.29	14638
tempe_16_sensor20_dqn_latent_observation	REAL_TEST	166	163.6	100.0	-344.16	23.74	0.26	19509
tempe_16_sensor20_dqn_latent_observation	REAL_TEST	168	396.7	100.0	-700.73	59.47	0.30	15279
tempe_16_sensor20_dqn_latent_observation	REAL_TEST	170	187.9	100.0	-259.41	25.90	0.22	19656
tempe_16_sensor20_dqn_latent_observation	REAL_TEST	172	371.2	100.0	-637.25	56.45	0.28	15502
tempe_16_sensor20_dqn_latent_observation	REAL_TEST	174	196.1	100.0	-276.92	21.86	0.23	18559
tempe_16_sensor20_dqn_latent_observation	REAL_TEST	176	199.4	100.0	-212.90	17.91	0.19	19075
tempe_16_sensor20_dqn_latent_observation	REAL_TEST	178	346.7	100.0	-760.16	54.53	0.31	14887
tempe_16_sensor20_dqn_latent_observation	REAL_TEST	180	219.2	100.0	-267.76	22.72	0.25	18241
tempe_16_sensor20_dqn_latent_observation	REAL_TEST	182	438.3	100.0	-933.19	65.71	0.33	13106
tempe_16_sensor20_dqn_latent_observation	REAL_TEST	184	236.2	100.0	-297.00	28.23	0.27	17791
tempe_16_sensor20_dqn_latent_observation	REAL_TEST	186	232.8	100.0	-520.54	35.33	0.29	17571
tempe_16_sensor20_dqn_latent_observation	REAL_TEST	188	199.1	100.0	-352.51	29.51	0.25	18540
tempe_16_sensor20_dqn_latent_observation	REAL_TEST	190	198.8	100.0	-360.51	31.32	0.25	19076
tempe_16_sensor20_dqn_latent_observation	REAL_TEST	192	140.4	100.0	-221.93	17.05	0.25	20100
tempe_16_sensor20_dqn_latent_observation	REAL_TEST	194	127.8	100.0	-208.48	14.41	0.27	20623
tempe_16_sensor20_dqn_latent_observation	REAL_TEST	196	198.9	100.0	-315.33	21.67	0.25	18380
tempe_16_sensor20_dqn_latent_observation	REAL_TEST	198	299.6	100.0	-506.43	39.47	0.28	17013
