ingolstadt1_combine3_dqn_latent_observation	REAL_TEST	1	301.9	100.0	-31.67	24.33	1.23	626
ingolstadt1_combine3_dqn_latent_observation	REAL_TEST	2	450.1	100.0	-50.46	44.07	1.03	624
ingolstadt1_combine3_dqn_latent_observation	REAL_TEST	3	158.2	100.0	-13.80	11.45	1.16	1138
ingolstadt1_combine3_dqn_latent_observation	REAL_TEST	4	158.2	100.0	-15.18	12.32	1.27	1138
ingolstadt1_combine3_dqn_latent_observation	REAL_TEST	5	130.4	100.0	-15.46	12.98	1.25	1350
ingolstadt1_combine3_dqn_latent_observation	REAL_TEST	6	103.1	100.0	-11.49	9.45	0.99	1498
ingolstadt1_combine3_dqn_latent_observation	REAL_TEST	7	53.7	100.0	-10.25	9.02	0.80	1682
ingolstadt1_combine3_dqn_latent_observation	REAL_TEST	8	96.0	100.0	-16.55	13.84	1.36	1497
ingolstadt1_combine3_dqn_latent_observation	REAL_TEST	9	57.0	100.0	-14.60	12.34	1.19	1700
ingolstadt1_combine3_dqn_latent_observation	REAL_TEST	10	43.5	100.0	-12.56	10.68	0.98	1703
ingolstadt1_combine3_dqn_latent_observation	REAL_TEST	11	41.0	100.0	-14.38	11.99	1.17	1705
ingolstadt1_combine3_dqn_latent_observation	REAL_TEST	12	45.0	100.0	-10.32	8.22	0.83	1700
ingolstadt1_combine3_dqn_latent_observation	REAL_TEST	13	40.7	100.0	-14.23	11.96	1.21	1703
ingolstadt1_combine3_dqn_latent_observation	REAL_TEST	14	42.6	100.0	-17.16	14.96	1.25	1703
ingolstadt1_combine3_dqn_latent_observation	REAL_TEST	15	42.5	100.0	-12.62	10.40	1.08	1697
ingolstadt1_combine3_dqn_latent_observation	REAL_TEST	16	40.6	100.0	-10.53	9.32	0.84	1695
ingolstadt1_combine3_dqn_latent_observation	REAL_TEST	17	42.6	100.0	-17.57	15.06	1.35	1704
ingolstadt1_combine3_dqn_latent_observation	REAL_TEST	18	42.9	100.0	-14.82	11.84	1.18	1698
ingolstadt1_combine3_dqn_latent_observation	REAL_TEST	19	44.8	100.0	-15.31	12.90	1.09	1692
ingolstadt1_combine3_dqn_latent_observation	REAL_TEST	20	44.3	100.0	-10.56	8.42	0.88	1697
ingolstadt1_combine3_dqn_latent_observation	REAL_TEST	21	93.7	100.0	-19.54	16.37	0.94	1683
ingolstadt1_combine3_dqn_latent_observation	REAL_TEST	22	42.9	100.0	-13.62	11.31	0.97	1701
ingolstadt1_combine3_dqn_latent_observation	REAL_TEST	23	132.2	100.0	-16.95	12.90	0.87	1604
ingolstadt1_combine3_dqn_latent_observation	REAL_TEST	24	43.2	100.0	-12.87	11.02	1.04	1702
ingolstadt1_combine3_dqn_latent_observation	REAL_TEST	25	41.5	100.0	-13.39	11.43	1.01	1701
ingolstadt1_combine3_dqn_latent_observation	REAL_TEST	26	43.9	100.0	-16.66	14.54	1.19	1699
ingolstadt1_combine3_dqn_latent_observation	REAL_TEST	27	40.3	100.0	-13.06	10.99	1.03	1702
ingolstadt1_combine3_dqn_latent_observation	REAL_TEST	28	52.6	100.0	-19.65	16.83	1.22	1703
ingolstadt1_combine3_dqn_latent_observation	REAL_TEST	29	46.1	100.0	-15.92	13.77	1.18	1696
ingolstadt1_combine3_dqn_latent_observation	REAL_TEST	30	42.8	100.0	-14.01	11.49	1.02	1694
ingolstadt1_combine3_dqn_latent_observation	REAL_TEST	31	42.6	100.0	-16.26	13.49	1.24	1704
ingolstadt1_combine3_dqn_latent_observation	REAL_TEST	32	41.5	100.0	-12.22	10.10	0.91	1698
ingolstadt1_combine3_dqn_latent_observation	REAL_TEST	33	41.7	100.0	-12.78	10.24	1.05	1703
ingolstadt1_combine3_dqn_latent_observation	REAL_TEST	34	79.3	100.0	-17.94	15.00	0.97	1684
ingolstadt1_combine3_dqn_latent_observation	REAL_TEST	35	39.3	100.0	-13.50	11.01	1.04	1703
ingolstadt1_combine3_dqn_latent_observation	REAL_TEST	36	45.2	100.0	-15.01	12.66	1.04	1704
ingolstadt1_combine3_dqn_latent_observation	REAL_TEST	37	46.1	100.0	-10.77	9.55	0.79	1693
ingolstadt1_combine3_dqn_latent_observation	REAL_TEST	38	46.6	100.0	-14.25	12.35	1.15	1702
ingolstadt1_combine3_dqn_latent_observation	REAL_TEST	39	42.6	100.0	-11.64	9.08	0.96	1702
ingolstadt1_combine3_dqn_latent_observation	REAL_TEST	40	44.6	100.0	-14.70	12.57	1.04	1699
ingolstadt1_combine3_dqn_latent_observation	REAL_TEST	41	71.6	100.0	-14.19	10.83	0.93	1695
ingolstadt1_combine3_dqn_latent_observation	REAL_TEST	42	47.4	100.0	-19.18	16.77	1.34	1693
ingolstadt1_combine3_dqn_latent_observation	REAL_TEST	43	59.1	100.0	-14.50	12.20	1.06	1701
ingolstadt1_combine3_dqn_latent_observation	REAL_TEST	44	42.8	100.0	-17.33	15.11	1.41	1700
ingolstadt1_combine3_dqn_latent_observation	REAL_TEST	45	44.9	100.0	-14.49	12.27	1.09	1702
ingolstadt1_combine3_dqn_latent_observation	REAL_TEST	46	41.5	100.0	-14.80	12.44	1.18	1703
ingolstadt1_combine3_dqn_latent_observation	REAL_TEST	47	48.3	100.0	-12.38	10.18	0.88	1700
ingolstadt1_combine3_dqn_latent_observation	REAL_TEST	48	61.2	100.0	-13.80	11.13	0.92	1701
ingolstadt1_combine3_dqn_latent_observation	REAL_TEST	49	43.0	100.0	-17.59	14.57	1.34	1695
ingolstadt1_combine3_dqn_latent_observation	REAL_TEST	50	44.2	100.0	-18.45	15.30	1.35	1693
ingolstadt1_combine3_dqn_latent_observation	REAL_TEST	51	72.4	100.0	-10.76	8.93	0.91	1649
ingolstadt1_combine3_dqn_latent_observation	REAL_TEST	52	41.7	100.0	-14.85	12.20	1.17	1702
ingolstadt1_combine3_dqn_latent_observation	REAL_TEST	53	66.3	100.0	-17.96	14.63	1.13	1697
ingolstadt1_combine3_dqn_latent_observation	REAL_TEST	54	44.6	100.0	-11.11	9.73	0.90	1698
ingolstadt1_combine3_dqn_latent_observation	REAL_TEST	55	41.3	100.0	-14.94	12.32	1.21	1700
ingolstadt1_combine3_dqn_latent_observation	REAL_TEST	56	45.7	100.0	-18.20	14.77	1.32	1695
ingolstadt1_combine3_dqn_latent_observation	REAL_TEST	57	47.4	100.0	-7.78	6.38	0.54	1698
ingolstadt1_combine3_dqn_latent_observation	REAL_TEST	58	43.1	100.0	-18.19	14.94	1.32	1700
ingolstadt1_combine3_dqn_latent_observation	REAL_TEST	59	59.9	100.0	-16.91	14.57	0.94	1697
ingolstadt1_combine3_dqn_latent_observation	REAL_TEST	60	43.5	100.0	-17.72	14.51	1.41	1703
ingolstadt1_combine3_dqn_latent_observation	REAL_TEST	61	47.3	100.0	-9.21	7.66	0.75	1694
ingolstadt1_combine3_dqn_latent_observation	REAL_TEST	62	46.9	100.0	-14.48	12.01	1.05	1704
ingolstadt1_combine3_dqn_latent_observation	REAL_TEST	63	46.8	100.0	-16.36	13.33	1.07	1691
ingolstadt1_combine3_dqn_latent_observation	REAL_TEST	64	56.6	100.0	-16.27	12.91	1.13	1697
ingolstadt1_combine3_dqn_latent_observation	REAL_TEST	65	40.2	100.0	-13.68	11.92	1.10	1705
ingolstadt1_combine3_dqn_latent_observation	REAL_TEST	66	65.8	100.0	-11.27	9.37	0.97	1650
ingolstadt1_combine3_dqn_latent_observation	REAL_TEST	67	41.5	100.0	-13.74	11.62	1.06	1702
ingolstadt1_combine3_dqn_latent_observation	REAL_TEST	68	43.2	100.0	-11.86	9.55	0.91	1696
ingolstadt1_combine3_dqn_latent_observation	REAL_TEST	69	41.6	100.0	-13.23	10.81	1.05	1698
ingolstadt1_combine3_dqn_latent_observation	REAL_TEST	70	42.3	100.0	-15.69	12.80	1.22	1701
ingolstadt1_combine3_dqn_latent_observation	REAL_TEST	71	47.2	100.0	-14.24	11.20	0.97	1703
ingolstadt1_combine3_dqn_latent_observation	REAL_TEST	72	39.8	100.0	-14.77	12.27	1.12	1705
ingolstadt1_combine3_dqn_latent_observation	REAL_TEST	73	42.4	100.0	-11.75	9.68	0.97	1700
ingolstadt1_combine3_dqn_latent_observation	REAL_TEST	74	43.1	100.0	-15.37	12.61	1.12	1696
ingolstadt1_combine3_dqn_latent_observation	REAL_TEST	75	41.2	100.0	-11.19	9.35	0.92	1700
ingolstadt1_combine3_dqn_latent_observation	REAL_TEST	76	44.0	100.0	-16.27	13.75	1.19	1703
ingolstadt1_combine3_dqn_latent_observation	REAL_TEST	77	64.3	100.0	-11.42	9.57	0.92	1681
ingolstadt1_combine3_dqn_latent_observation	REAL_TEST	78	45.4	100.0	-10.62	8.95	0.88	1688
ingolstadt1_combine3_dqn_latent_observation	REAL_TEST	79	44.4	100.0	-17.14	13.87	1.20	1691
ingolstadt1_combine3_dqn_latent_observation	REAL_TEST	80	46.2	100.0	-17.31	14.64	1.24	1704
ingolstadt1_combine3_dqn_latent_observation	REAL_TEST	81	49.0	100.0	-16.38	13.75	1.12	1700
ingolstadt1_combine3_dqn_latent_observation	REAL_TEST	82	42.8	100.0	-13.39	11.32	1.14	1696
ingolstadt1_combine3_dqn_latent_observation	REAL_TEST	83	44.9	100.0	-12.71	11.27	1.00	1682
ingolstadt1_combine3_dqn_latent_observation	REAL_TEST	84	67.7	100.0	-9.51	7.77	0.76	1681
ingolstadt1_combine3_dqn_latent_observation	REAL_TEST	85	40.8	100.0	-15.55	12.96	1.18	1697
ingolstadt1_combine3_dqn_latent_observation	REAL_TEST	86	44.2	100.0	-13.74	10.98	1.07	1698
ingolstadt1_combine3_dqn_latent_observation	REAL_TEST	87	43.8	100.0	-15.38	13.14	1.20	1703
ingolstadt1_combine3_dqn_latent_observation	REAL_TEST	88	44.4	100.0	-16.14	12.92	1.21	1690
ingolstadt1_combine3_dqn_latent_observation	REAL_TEST	89	41.9	100.0	-16.97	14.52	1.29	1692
ingolstadt1_combine3_dqn_latent_observation	REAL_TEST	90	51.5	100.0	-14.46	11.93	1.06	1696
ingolstadt1_combine3_dqn_latent_observation	REAL_TEST	91	42.8	100.0	-15.09	12.68	1.21	1705
ingolstadt1_combine3_dqn_latent_observation	REAL_TEST	92	50.1	100.0	-15.73	13.21	1.17	1686
ingolstadt1_combine3_dqn_latent_observation	REAL_TEST	93	55.9	100.0	-20.13	16.71	1.15	1688
ingolstadt1_combine3_dqn_latent_observation	REAL_TEST	94	68.7	100.0	-12.79	10.59	1.03	1679
ingolstadt1_combine3_dqn_latent_observation	REAL_TEST	95	52.0	100.0	-13.38	10.63	0.95	1696
ingolstadt1_combine3_dqn_latent_observation	REAL_TEST	96	50.6	100.0	-17.70	15.37	1.08	1699
ingolstadt1_combine3_dqn_latent_observation	REAL_TEST	97	46.6	100.0	-12.73	11.16	1.01	1703
ingolstadt1_combine3_dqn_latent_observation	REAL_TEST	98	42.4	100.0	-17.51	15.06	1.30	1704
ingolstadt1_combine3_dqn_latent_observation	REAL_TEST	99	47.8	100.0	-13.58	10.75	1.11	1702
ingolstadt1_combine3_dqn_latent_observation	REAL_TEST	100	45.4	100.0	-11.46	9.60	0.92	1701
ingolstadt1_combine3_dqn_latent_observation	REAL_TEST	101	43.5	100.0	-14.09	12.11	1.06	1698
ingolstadt1_combine3_dqn_latent_observation	REAL_TEST	102	107.9	100.0	-6.36	5.44	0.51	1520
ingolstadt1_combine3_dqn_latent_observation	REAL_TEST	103	42.8	100.0	-12.06	10.00	0.93	1700
ingolstadt1_combine3_dqn_latent_observation	REAL_TEST	104	42.5	100.0	-17.78	14.65	1.34	1699
ingolstadt1_combine3_dqn_latent_observation	REAL_TEST	105	74.5	100.0	-19.49	16.45	0.92	1701
ingolstadt1_combine3_dqn_latent_observation	REAL_TEST	106	44.3	100.0	-15.59	12.95	1.11	1699
ingolstadt1_combine3_dqn_latent_observation	REAL_TEST	107	40.4	100.0	-15.55	13.33	1.21	1704
ingolstadt1_combine3_dqn_latent_observation	REAL_TEST	108	43.1	100.0	-13.85	10.92	1.16	1701
ingolstadt1_combine3_dqn_latent_observation	REAL_TEST	109	57.5	100.0	-21.34	18.24	1.23	1697
ingolstadt1_combine3_dqn_latent_observation	REAL_TEST	110	45.4	100.0	-15.73	13.84	1.04	1703
ingolstadt1_combine3_dqn_latent_observation	REAL_TEST	111	45.2	100.0	-6.23	4.75	0.56	1704
ingolstadt1_combine3_dqn_latent_observation	REAL_TEST	112	45.2	100.0	-13.28	11.71	1.02	1703
ingolstadt1_combine3_dqn_latent_observation	REAL_TEST	113	50.3	100.0	-17.73	15.54	1.16	1701
ingolstadt1_combine3_dqn_latent_observation	REAL_TEST	114	45.5	100.0	-14.86	13.11	1.01	1703
ingolstadt1_combine3_dqn_latent_observation	REAL_TEST	115	57.9	100.0	-16.50	13.98	0.98	1694
ingolstadt1_combine3_dqn_latent_observation	REAL_TEST	116	57.9	100.0	-15.14	13.25	0.81	1683
ingolstadt1_combine3_dqn_latent_observation	REAL_TEST	117	49.5	100.0	-19.86	17.18	1.35	1700
ingolstadt1_combine3_dqn_latent_observation	REAL_TEST	118	42.6	100.0	-16.06	14.38	1.15	1705
ingolstadt1_combine3_dqn_latent_observation	REAL_TEST	119	80.9	100.0	-29.33	25.69	1.19	1699
ingolstadt1_combine3_dqn_latent_observation	REAL_TEST	120	43.9	100.0	-12.87	10.79	0.92	1698
ingolstadt1_combine3_dqn_latent_observation	REAL_TEST	121	48.3	100.0	-16.70	14.65	1.18	1690
ingolstadt1_combine3_dqn_latent_observation	REAL_TEST	122	44.6	100.0	-14.66	13.11	1.04	1692
ingolstadt1_combine3_dqn_latent_observation	REAL_TEST	123	52.2	100.0	-20.08	16.78	1.25	1703
ingolstadt1_combine3_dqn_latent_observation	REAL_TEST	124	47.2	100.0	-13.86	12.13	0.91	1702
ingolstadt1_combine3_dqn_latent_observation	REAL_TEST	125	41.1	100.0	-10.20	8.84	0.86	1697
ingolstadt1_combine3_dqn_latent_observation	REAL_TEST	126	100.6	100.0	-23.52	19.44	1.01	1689
ingolstadt1_combine3_dqn_latent_observation	REAL_TEST	127	43.2	100.0	-15.91	13.17	1.16	1704
ingolstadt1_combine3_dqn_latent_observation	REAL_TEST	128	67.5	100.0	-15.03	13.03	0.94	1692
ingolstadt1_combine3_dqn_latent_observation	REAL_TEST	129	43.4	100.0	-14.39	12.30	1.15	1698
ingolstadt1_combine3_dqn_latent_observation	REAL_TEST	130	47.3	100.0	-14.61	12.49	0.93	1705
ingolstadt1_combine3_dqn_latent_observation	REAL_TEST	131	42.9	100.0	-12.21	11.12	0.87	1704
ingolstadt1_combine3_dqn_latent_observation	REAL_TEST	132	43.8	100.0	-16.05	13.58	1.18	1704
ingolstadt1_combine3_dqn_latent_observation	REAL_TEST	133	45.8	100.0	-6.90	5.33	0.52	1703
ingolstadt1_combine3_dqn_latent_observation	REAL_TEST	134	54.1	100.0	-20.18	16.89	1.22	1698
ingolstadt1_combine3_dqn_latent_observation	REAL_TEST	135	49.3	100.0	-12.08	10.01	0.79	1703
ingolstadt1_combine3_dqn_latent_observation	REAL_TEST	136	59.9	100.0	-22.40	18.86	1.13	1705
ingolstadt1_combine3_dqn_latent_observation	REAL_TEST	137	43.0	100.0	-13.02	10.84	1.05	1702
ingolstadt1_combine3_dqn_latent_observation	REAL_TEST	138	46.1	100.0	-15.09	12.88	1.06	1701
ingolstadt1_combine3_dqn_latent_observation	REAL_TEST	139	44.8	100.0	-17.29	14.47	1.16	1699
ingolstadt1_combine3_dqn_latent_observation	REAL_TEST	140	44.6	100.0	-15.94	13.83	1.12	1702
ingolstadt1_combine3_dqn_latent_observation	REAL_TEST	141	45.1	100.0	-15.92	13.29	1.16	1695
ingolstadt1_combine3_dqn_latent_observation	REAL_TEST	142	45.5	100.0	-16.94	14.04	1.19	1699
ingolstadt1_combine3_dqn_latent_observation	REAL_TEST	143	66.8	100.0	-25.59	21.56	1.23	1685
ingolstadt1_combine3_dqn_latent_observation	REAL_TEST	144	43.7	100.0	-10.20	8.61	0.77	1698
ingolstadt1_combine3_dqn_latent_observation	REAL_TEST	145	48.9	100.0	-13.71	11.06	0.80	1688
ingolstadt1_combine3_dqn_latent_observation	REAL_TEST	146	65.5	100.0	-10.78	9.02	0.75	1705
ingolstadt1_combine3_dqn_latent_observation	REAL_TEST	147	47.0	100.0	-12.99	10.79	0.97	1684
ingolstadt1_combine3_dqn_latent_observation	REAL_TEST	148	46.2	100.0	-13.91	11.91	1.05	1702
ingolstadt1_combine3_dqn_latent_observation	REAL_TEST	149	42.4	100.0	-12.76	11.14	1.13	1700
ingolstadt1_combine3_dqn_latent_observation	REAL_TEST	150	45.2	100.0	-18.51	15.48	1.38	1699
ingolstadt1_combine3_dqn_latent_observation	REAL_TEST	151	45.3	100.0	-8.84	6.72	0.68	1701
ingolstadt1_combine3_dqn_latent_observation	REAL_TEST	152	48.2	100.0	-18.92	16.24	1.29	1700
ingolstadt1_combine3_dqn_latent_observation	REAL_TEST	153	48.0	100.0	-9.47	7.54	0.83	1704
ingolstadt1_combine3_dqn_latent_observation	REAL_TEST	154	42.8	100.0	-14.87	12.44	1.16	1700
ingolstadt1_combine3_dqn_latent_observation	REAL_TEST	155	45.7	100.0	-9.94	8.18	0.78	1703
ingolstadt1_combine3_dqn_latent_observation	REAL_TEST	156	49.6	100.0	-13.68	12.14	1.08	1678
ingolstadt1_combine3_dqn_latent_observation	REAL_TEST	157	43.4	100.0	-16.52	12.83	1.27	1696
ingolstadt1_combine3_dqn_latent_observation	REAL_TEST	158	41.8	100.0	-16.67	13.66	1.32	1703
ingolstadt1_combine3_dqn_latent_observation	REAL_TEST	159	44.0	100.0	-11.69	9.71	0.90	1704
ingolstadt1_combine3_dqn_latent_observation	REAL_TEST	160	43.0	100.0	-15.50	12.97	1.18	1699
ingolstadt1_combine3_dqn_latent_observation	REAL_TEST	161	44.0	100.0	-14.70	12.29	1.19	1697
ingolstadt1_combine3_dqn_latent_observation	REAL_TEST	162	42.2	100.0	-12.83	11.61	0.96	1701
ingolstadt1_combine3_dqn_latent_observation	REAL_TEST	163	41.6	100.0	-11.99	9.34	0.95	1702
ingolstadt1_combine3_dqn_latent_observation	REAL_TEST	164	45.4	100.0	-10.35	9.46	0.77	1702
ingolstadt1_combine3_dqn_latent_observation	REAL_TEST	165	45.0	100.0	-15.55	13.30	1.09	1699
ingolstadt1_combine3_dqn_latent_observation	REAL_TEST	166	48.0	100.0	-15.78	13.72	1.16	1695
ingolstadt1_combine3_dqn_latent_observation	REAL_TEST	167	43.7	100.0	-14.70	12.14	1.05	1703
ingolstadt1_combine3_dqn_latent_observation	REAL_TEST	168	44.6	100.0	-12.99	11.06	1.00	1705
ingolstadt1_combine3_dqn_latent_observation	REAL_TEST	169	46.2	100.0	-12.63	10.16	1.07	1695
ingolstadt1_combine3_dqn_latent_observation	REAL_TEST	170	61.4	100.0	-21.13	17.65	1.11	1694
ingolstadt1_combine3_dqn_latent_observation	REAL_TEST	171	46.4	100.0	-13.97	11.67	1.08	1704
ingolstadt1_combine3_dqn_latent_observation	REAL_TEST	172	49.5	100.0	-13.27	10.88	1.07	1660
ingolstadt1_combine3_dqn_latent_observation	REAL_TEST	173	55.6	100.0	-12.59	11.04	0.95	1697
ingolstadt1_combine3_dqn_latent_observation	REAL_TEST	174	52.1	100.0	-16.81	14.26	1.05	1702
ingolstadt1_combine3_dqn_latent_observation	REAL_TEST	175	41.9	100.0	-15.04	12.36	1.18	1694
ingolstadt1_combine3_dqn_latent_observation	REAL_TEST	176	47.8	100.0	-19.63	16.38	1.33	1689
ingolstadt1_combine3_dqn_latent_observation	REAL_TEST	177	43.8	100.0	-14.96	12.93	1.16	1699
ingolstadt1_combine3_dqn_latent_observation	REAL_TEST	178	44.1	100.0	-11.75	9.80	0.95	1694
ingolstadt1_combine3_dqn_latent_observation	REAL_TEST	179	56.0	100.0	-17.46	14.69	1.05	1699
ingolstadt1_combine3_dqn_latent_observation	REAL_TEST	180	48.8	100.0	-14.00	12.58	1.03	1701
ingolstadt1_combine3_dqn_latent_observation	REAL_TEST	181	49.7	100.0	-10.98	9.49	0.61	1681
ingolstadt1_combine3_dqn_latent_observation	REAL_TEST	182	46.1	100.0	-11.35	9.56	0.94	1704
ingolstadt1_combine3_dqn_latent_observation	REAL_TEST	183	50.0	100.0	-12.70	10.41	0.94	1692
ingolstadt1_combine3_dqn_latent_observation	REAL_TEST	184	52.2	100.0	-11.74	9.93	0.67	1696
ingolstadt1_combine3_dqn_latent_observation	REAL_TEST	185	48.2	100.0	-11.17	9.52	0.90	1701
ingolstadt1_combine3_dqn_latent_observation	REAL_TEST	186	45.3	100.0	-17.07	13.90	1.29	1691
ingolstadt1_combine3_dqn_latent_observation	REAL_TEST	187	46.3	100.0	-13.57	11.04	1.08	1704
ingolstadt1_combine3_dqn_latent_observation	REAL_TEST	188	45.4	100.0	-14.48	11.87	1.01	1703
ingolstadt1_combine3_dqn_latent_observation	REAL_TEST	189	45.3	100.0	-15.91	13.34	1.09	1699
ingolstadt1_combine3_dqn_latent_observation	REAL_TEST	190	44.0	100.0	-13.37	11.41	1.02	1702
ingolstadt1_combine3_dqn_latent_observation	REAL_TEST	191	68.8	100.0	-22.90	18.79	1.11	1703
ingolstadt1_combine3_dqn_latent_observation	REAL_TEST	192	48.4	100.0	-13.53	11.34	0.90	1703
ingolstadt1_combine3_dqn_latent_observation	REAL_TEST	193	38.6	100.0	-13.43	11.13	1.09	1702
ingolstadt1_combine3_dqn_latent_observation	REAL_TEST	194	51.6	100.0	-18.34	15.54	1.11	1699
ingolstadt1_combine3_dqn_latent_observation	REAL_TEST	195	47.1	100.0	-13.87	11.23	0.93	1698
ingolstadt1_combine3_dqn_latent_observation	REAL_TEST	196	47.4	100.0	-11.87	10.32	0.90	1704
ingolstadt1_combine3_dqn_latent_observation	REAL_TEST	197	44.1	100.0	-10.52	9.62	0.75	1698
ingolstadt1_combine3_dqn_latent_observation	REAL_TEST	198	43.1	100.0	-10.95	9.43	0.87	1691
ingolstadt1_combine3_dqn_latent_observation	REAL_TEST	199	57.1	100.0	-18.55	15.91	1.14	1700
