ingolstadt1_dz10_dqn_latent_observation	REAL_TEST	1	301.9	100.0	-23.59	17.73	0.37	626
ingolstadt1_dz10_dqn_latent_observation	REAL_TEST	2	449.8	100.0	-88.87	83.43	0.47	624
ingolstadt1_dz10_dqn_latent_observation	REAL_TEST	3	158.2	100.0	-3.01	2.38	0.28	1138
ingolstadt1_dz10_dqn_latent_observation	REAL_TEST	4	158.2	100.0	-3.01	2.38	0.28	1138
ingolstadt1_dz10_dqn_latent_observation	REAL_TEST	5	158.2	100.0	-3.01	2.38	0.28	1138
ingolstadt1_dz10_dqn_latent_observation	REAL_TEST	6	158.2	100.0	-3.01	2.38	0.28	1138
ingolstadt1_dz10_dqn_latent_observation	REAL_TEST	7	158.2	100.0	-3.01	2.38	0.28	1138
ingolstadt1_dz10_dqn_latent_observation	REAL_TEST	8	157.4	100.0	-2.80	2.19	0.28	1138
ingolstadt1_dz10_dqn_latent_observation	REAL_TEST	9	157.1	100.0	-2.81	2.19	0.28	1139
ingolstadt1_dz10_dqn_latent_observation	REAL_TEST	10	147.8	100.0	-3.99	3.09	0.29	1145
ingolstadt1_dz10_dqn_latent_observation	REAL_TEST	11	46.7	100.0	-7.41	5.86	0.26	1696
ingolstadt1_dz10_dqn_latent_observation	REAL_TEST	12	38.0	100.0	-1.79	1.57	0.18	1704
ingolstadt1_dz10_dqn_latent_observation	REAL_TEST	13	39.6	100.0	-2.91	2.59	0.18	1703
ingolstadt1_dz10_dqn_latent_observation	REAL_TEST	14	37.6	100.0	-1.85	1.61	0.18	1704
ingolstadt1_dz10_dqn_latent_observation	REAL_TEST	15	39.3	100.0	-2.81	2.46	0.18	1703
ingolstadt1_dz10_dqn_latent_observation	REAL_TEST	16	37.1	100.0	-1.75	1.57	0.16	1701
ingolstadt1_dz10_dqn_latent_observation	REAL_TEST	17	36.9	100.0	-2.00	1.77	0.18	1705
ingolstadt1_dz10_dqn_latent_observation	REAL_TEST	18	37.4	100.0	-2.01	1.91	0.14	1703
ingolstadt1_dz10_dqn_latent_observation	REAL_TEST	19	41.0	100.0	-4.08	3.52	0.20	1704
ingolstadt1_dz10_dqn_latent_observation	REAL_TEST	20	37.7	100.0	-2.02	1.89	0.14	1701
ingolstadt1_dz10_dqn_latent_observation	REAL_TEST	21	37.8	100.0	-2.10	1.93	0.15	1701
ingolstadt1_dz10_dqn_latent_observation	REAL_TEST	22	37.4	100.0	-2.02	1.90	0.14	1704
ingolstadt1_dz10_dqn_latent_observation	REAL_TEST	23	37.3	100.0	-1.97	1.87	0.14	1702
ingolstadt1_dz10_dqn_latent_observation	REAL_TEST	24	37.4	100.0	-2.23	2.04	0.14	1704
ingolstadt1_dz10_dqn_latent_observation	REAL_TEST	25	37.2	100.0	-2.00	1.84	0.14	1703
ingolstadt1_dz10_dqn_latent_observation	REAL_TEST	26	37.1	100.0	-2.07	1.92	0.14	1704
ingolstadt1_dz10_dqn_latent_observation	REAL_TEST	27	37.4	100.0	-2.01	1.91	0.14	1703
ingolstadt1_dz10_dqn_latent_observation	REAL_TEST	28	39.5	100.0	-2.91	2.63	0.18	1703
ingolstadt1_dz10_dqn_latent_observation	REAL_TEST	29	37.4	100.0	-1.90	1.69	0.17	1704
ingolstadt1_dz10_dqn_latent_observation	REAL_TEST	30	36.6	100.0	-1.91	1.73	0.15	1701
ingolstadt1_dz10_dqn_latent_observation	REAL_TEST	31	36.6	100.0	-1.91	1.73	0.15	1701
ingolstadt1_dz10_dqn_latent_observation	REAL_TEST	32	37.2	100.0	-1.96	1.83	0.14	1700
ingolstadt1_dz10_dqn_latent_observation	REAL_TEST	33	37.5	100.0	-2.05	1.90	0.14	1700
ingolstadt1_dz10_dqn_latent_observation	REAL_TEST	34	37.4	100.0	-1.98	1.86	0.14	1701
ingolstadt1_dz10_dqn_latent_observation	REAL_TEST	35	36.8	100.0	-2.01	1.87	0.14	1703
ingolstadt1_dz10_dqn_latent_observation	REAL_TEST	36	36.8	100.0	-1.93	1.79	0.14	1704
ingolstadt1_dz10_dqn_latent_observation	REAL_TEST	37	37.4	100.0	-2.02	1.84	0.15	1705
ingolstadt1_dz10_dqn_latent_observation	REAL_TEST	38	37.3	100.0	-2.06	1.89	0.15	1705
ingolstadt1_dz10_dqn_latent_observation	REAL_TEST	39	36.9	100.0	-2.04	1.89	0.15	1704
ingolstadt1_dz10_dqn_latent_observation	REAL_TEST	40	38.0	100.0	-2.14	1.95	0.15	1702
ingolstadt1_dz10_dqn_latent_observation	REAL_TEST	41	37.2	100.0	-1.98	1.80	0.15	1705
ingolstadt1_dz10_dqn_latent_observation	REAL_TEST	42	37.9	100.0	-2.49	2.23	0.15	1701
ingolstadt1_dz10_dqn_latent_observation	REAL_TEST	43	39.5	100.0	-2.76	2.58	0.17	1705
ingolstadt1_dz10_dqn_latent_observation	REAL_TEST	44	37.5	100.0	-1.99	1.84	0.15	1701
ingolstadt1_dz10_dqn_latent_observation	REAL_TEST	45	39.6	100.0	-2.98	2.74	0.18	1705
ingolstadt1_dz10_dqn_latent_observation	REAL_TEST	46	37.5	100.0	-1.99	1.84	0.15	1701
ingolstadt1_dz10_dqn_latent_observation	REAL_TEST	47	38.3	100.0	-1.86	1.68	0.15	1703
ingolstadt1_dz10_dqn_latent_observation	REAL_TEST	48	41.9	100.0	-3.40	3.08	0.19	1705
ingolstadt1_dz10_dqn_latent_observation	REAL_TEST	49	39.7	100.0	-2.57	2.17	0.21	1702
ingolstadt1_dz10_dqn_latent_observation	REAL_TEST	50	38.2	100.0	-1.98	1.79	0.15	1704
ingolstadt1_dz10_dqn_latent_observation	REAL_TEST	51	37.6	100.0	-2.09	1.89	0.15	1701
ingolstadt1_dz10_dqn_latent_observation	REAL_TEST	52	41.4	100.0	-3.96	3.47	0.19	1704
ingolstadt1_dz10_dqn_latent_observation	REAL_TEST	53	39.8	100.0	-2.83	2.40	0.20	1702
ingolstadt1_dz10_dqn_latent_observation	REAL_TEST	54	37.4	100.0	-2.09	1.89	0.15	1702
ingolstadt1_dz10_dqn_latent_observation	REAL_TEST	55	39.4	100.0	-2.52	2.14	0.20	1702
ingolstadt1_dz10_dqn_latent_observation	REAL_TEST	56	41.5	100.0	-4.34	3.58	0.21	1697
ingolstadt1_dz10_dqn_latent_observation	REAL_TEST	57	40.5	100.0	-3.13	2.82	0.18	1704
ingolstadt1_dz10_dqn_latent_observation	REAL_TEST	58	39.2	100.0	-2.95	2.68	0.18	1703
ingolstadt1_dz10_dqn_latent_observation	REAL_TEST	59	41.0	100.0	-3.66	3.22	0.19	1705
ingolstadt1_dz10_dqn_latent_observation	REAL_TEST	60	40.8	100.0	-3.64	3.14	0.21	1701
ingolstadt1_dz10_dqn_latent_observation	REAL_TEST	61	41.5	100.0	-3.25	2.88	0.20	1704
ingolstadt1_dz10_dqn_latent_observation	REAL_TEST	62	37.9	100.0	-2.04	1.84	0.15	1704
ingolstadt1_dz10_dqn_latent_observation	REAL_TEST	63	40.6	100.0	-2.85	2.49	0.18	1701
ingolstadt1_dz10_dqn_latent_observation	REAL_TEST	64	41.1	100.0	-2.55	2.21	0.20	1702
ingolstadt1_dz10_dqn_latent_observation	REAL_TEST	65	37.4	100.0	-1.94	1.75	0.15	1701
ingolstadt1_dz10_dqn_latent_observation	REAL_TEST	66	38.5	100.0	-2.04	1.83	0.17	1703
ingolstadt1_dz10_dqn_latent_observation	REAL_TEST	67	36.5	100.0	-1.90	1.73	0.15	1702
ingolstadt1_dz10_dqn_latent_observation	REAL_TEST	68	36.6	100.0	-2.04	1.83	0.15	1702
ingolstadt1_dz10_dqn_latent_observation	REAL_TEST	69	38.0	100.0	-2.20	1.97	0.17	1702
ingolstadt1_dz10_dqn_latent_observation	REAL_TEST	70	37.6	100.0	-1.90	1.72	0.14	1704
ingolstadt1_dz10_dqn_latent_observation	REAL_TEST	71	39.1	100.0	-2.27	2.06	0.16	1700
ingolstadt1_dz10_dqn_latent_observation	REAL_TEST	72	39.6	100.0	-2.83	2.52	0.18	1702
ingolstadt1_dz10_dqn_latent_observation	REAL_TEST	73	39.4	100.0	-2.24	2.05	0.17	1702
ingolstadt1_dz10_dqn_latent_observation	REAL_TEST	74	39.4	100.0	-2.24	2.05	0.17	1702
ingolstadt1_dz10_dqn_latent_observation	REAL_TEST	75	37.5	100.0	-2.00	1.85	0.14	1704
ingolstadt1_dz10_dqn_latent_observation	REAL_TEST	76	37.4	100.0	-2.07	1.88	0.15	1700
ingolstadt1_dz10_dqn_latent_observation	REAL_TEST	77	39.4	100.0	-2.24	2.05	0.17	1702
ingolstadt1_dz10_dqn_latent_observation	REAL_TEST	78	37.5	100.0	-2.00	1.85	0.14	1704
ingolstadt1_dz10_dqn_latent_observation	REAL_TEST	79	39.4	100.0	-2.34	2.15	0.16	1699
ingolstadt1_dz10_dqn_latent_observation	REAL_TEST	80	37.9	100.0	-2.29	2.10	0.17	1702
ingolstadt1_dz10_dqn_latent_observation	REAL_TEST	81	37.1	100.0	-1.94	1.78	0.15	1703
ingolstadt1_dz10_dqn_latent_observation	REAL_TEST	82	37.7	100.0	-1.87	1.73	0.14	1703
ingolstadt1_dz10_dqn_latent_observation	REAL_TEST	83	38.3	100.0	-2.39	2.11	0.16	1705
ingolstadt1_dz10_dqn_latent_observation	REAL_TEST	84	38.9	100.0	-2.24	1.92	0.18	1697
ingolstadt1_dz10_dqn_latent_observation	REAL_TEST	85	36.6	100.0	-1.92	1.77	0.14	1702
ingolstadt1_dz10_dqn_latent_observation	REAL_TEST	86	39.5	100.0	-2.63	2.39	0.17	1701
ingolstadt1_dz10_dqn_latent_observation	REAL_TEST	87	36.6	100.0	-1.92	1.77	0.14	1702
ingolstadt1_dz10_dqn_latent_observation	REAL_TEST	88	39.0	100.0	-2.45	2.20	0.16	1701
ingolstadt1_dz10_dqn_latent_observation	REAL_TEST	89	36.6	100.0	-1.90	1.74	0.14	1702
ingolstadt1_dz10_dqn_latent_observation	REAL_TEST	90	38.4	100.0	-2.15	1.94	0.16	1704
ingolstadt1_dz10_dqn_latent_observation	REAL_TEST	91	39.7	100.0	-2.95	2.62	0.19	1703
ingolstadt1_dz10_dqn_latent_observation	REAL_TEST	92	39.3	100.0	-2.13	1.94	0.17	1702
ingolstadt1_dz10_dqn_latent_observation	REAL_TEST	93	37.7	100.0	-2.08	1.93	0.15	1699
ingolstadt1_dz10_dqn_latent_observation	REAL_TEST	94	36.5	100.0	-1.98	1.82	0.14	1701
ingolstadt1_dz10_dqn_latent_observation	REAL_TEST	95	37.4	100.0	-2.01	1.91	0.14	1703
ingolstadt1_dz10_dqn_latent_observation	REAL_TEST	96	39.4	100.0	-2.24	2.09	0.15	1703
ingolstadt1_dz10_dqn_latent_observation	REAL_TEST	97	39.3	100.0	-2.75	2.55	0.17	1704
ingolstadt1_dz10_dqn_latent_observation	REAL_TEST	98	39.4	100.0	-2.57	2.44	0.16	1703
ingolstadt1_dz10_dqn_latent_observation	REAL_TEST	99	37.4	100.0	-2.01	1.91	0.14	1703
ingolstadt1_dz10_dqn_latent_observation	REAL_TEST	100	37.9	100.0	-2.34	2.19	0.15	1704
ingolstadt1_dz10_dqn_latent_observation	REAL_TEST	101	37.9	100.0	-2.34	2.19	0.15	1704
ingolstadt1_dz10_dqn_latent_observation	REAL_TEST	102	37.1	100.0	-1.95	1.81	0.14	1703
ingolstadt1_dz10_dqn_latent_observation	REAL_TEST	103	38.0	100.0	-2.32	2.15	0.15	1704
ingolstadt1_dz10_dqn_latent_observation	REAL_TEST	104	37.6	100.0	-2.19	2.03	0.15	1703
ingolstadt1_dz10_dqn_latent_observation	REAL_TEST	105	37.9	100.0	-2.34	2.19	0.15	1704
ingolstadt1_dz10_dqn_latent_observation	REAL_TEST	106	39.7	100.0	-2.58	2.38	0.17	1704
ingolstadt1_dz10_dqn_latent_observation	REAL_TEST	107	37.6	100.0	-2.16	2.00	0.14	1701
ingolstadt1_dz10_dqn_latent_observation	REAL_TEST	108	37.4	100.0	-2.01	1.91	0.14	1703
ingolstadt1_dz10_dqn_latent_observation	REAL_TEST	109	39.3	100.0	-2.59	2.42	0.17	1702
ingolstadt1_dz10_dqn_latent_observation	REAL_TEST	110	38.2	100.0	-2.21	2.08	0.15	1702
ingolstadt1_dz10_dqn_latent_observation	REAL_TEST	111	36.9	100.0	-2.13	1.99	0.15	1700
ingolstadt1_dz10_dqn_latent_observation	REAL_TEST	112	37.4	100.0	-2.12	1.86	0.18	1703
ingolstadt1_dz10_dqn_latent_observation	REAL_TEST	113	37.7	100.0	-1.87	1.73	0.14	1703
ingolstadt1_dz10_dqn_latent_observation	REAL_TEST	114	38.2	100.0	-2.36	2.12	0.18	1698
ingolstadt1_dz10_dqn_latent_observation	REAL_TEST	115	38.8	100.0	-3.05	2.86	0.16	1704
ingolstadt1_dz10_dqn_latent_observation	REAL_TEST	116	36.9	100.0	-1.98	1.86	0.14	1702
ingolstadt1_dz10_dqn_latent_observation	REAL_TEST	117	37.1	100.0	-2.00	1.86	0.14	1704
ingolstadt1_dz10_dqn_latent_observation	REAL_TEST	118	37.1	100.0	-2.01	1.88	0.14	1703
ingolstadt1_dz10_dqn_latent_observation	REAL_TEST	119	37.0	100.0	-2.08	1.94	0.14	1701
ingolstadt1_dz10_dqn_latent_observation	REAL_TEST	120	39.7	100.0	-2.48	2.33	0.16	1705
ingolstadt1_dz10_dqn_latent_observation	REAL_TEST	121	37.3	100.0	-1.93	1.81	0.14	1704
ingolstadt1_dz10_dqn_latent_observation	REAL_TEST	122	37.1	100.0	-1.99	1.84	0.14	1702
ingolstadt1_dz10_dqn_latent_observation	REAL_TEST	123	37.3	100.0	-1.93	1.81	0.14	1704
ingolstadt1_dz10_dqn_latent_observation	REAL_TEST	124	39.9	100.0	-2.63	2.41	0.17	1703
ingolstadt1_dz10_dqn_latent_observation	REAL_TEST	125	37.7	100.0	-2.03	1.86	0.14	1702
ingolstadt1_dz10_dqn_latent_observation	REAL_TEST	126	39.3	100.0	-2.72	2.45	0.17	1700
ingolstadt1_dz10_dqn_latent_observation	REAL_TEST	127	37.4	100.0	-2.01	1.91	0.14	1703
ingolstadt1_dz10_dqn_latent_observation	REAL_TEST	128	37.0	100.0	-1.99	1.84	0.15	1702
ingolstadt1_dz10_dqn_latent_observation	REAL_TEST	129	36.5	100.0	-1.91	1.76	0.14	1701
ingolstadt1_dz10_dqn_latent_observation	REAL_TEST	130	37.4	100.0	-2.01	1.91	0.14	1703
ingolstadt1_dz10_dqn_latent_observation	REAL_TEST	131	37.0	100.0	-2.21	2.06	0.14	1701
ingolstadt1_dz10_dqn_latent_observation	REAL_TEST	132	37.9	100.0	-2.06	1.91	0.14	1705
ingolstadt1_dz10_dqn_latent_observation	REAL_TEST	133	37.0	100.0	-1.96	1.80	0.14	1704
ingolstadt1_dz10_dqn_latent_observation	REAL_TEST	134	37.0	100.0	-1.96	1.80	0.14	1704
ingolstadt1_dz10_dqn_latent_observation	REAL_TEST	135	38.1	100.0	-2.29	2.14	0.15	1703
ingolstadt1_dz10_dqn_latent_observation	REAL_TEST	136	40.3	100.0	-3.09	2.77	0.18	1704
ingolstadt1_dz10_dqn_latent_observation	REAL_TEST	137	37.4	100.0	-2.01	1.91	0.14	1703
ingolstadt1_dz10_dqn_latent_observation	REAL_TEST	138	39.3	100.0	-2.48	2.29	0.17	1705
ingolstadt1_dz10_dqn_latent_observation	REAL_TEST	139	37.9	100.0	-2.29	2.11	0.16	1701
ingolstadt1_dz10_dqn_latent_observation	REAL_TEST	140	37.8	100.0	-2.05	1.91	0.14	1705
ingolstadt1_dz10_dqn_latent_observation	REAL_TEST	141	37.8	100.0	-2.08	1.93	0.15	1705
ingolstadt1_dz10_dqn_latent_observation	REAL_TEST	142	39.1	100.0	-2.65	2.42	0.17	1702
ingolstadt1_dz10_dqn_latent_observation	REAL_TEST	143	39.0	100.0	-2.47	2.27	0.16	1703
ingolstadt1_dz10_dqn_latent_observation	REAL_TEST	144	38.4	100.0	-2.40	2.17	0.16	1705
ingolstadt1_dz10_dqn_latent_observation	REAL_TEST	145	38.6	100.0	-2.37	2.16	0.16	1704
ingolstadt1_dz10_dqn_latent_observation	REAL_TEST	146	39.5	100.0	-2.68	2.47	0.17	1703
ingolstadt1_dz10_dqn_latent_observation	REAL_TEST	147	39.8	100.0	-2.79	2.58	0.17	1703
ingolstadt1_dz10_dqn_latent_observation	REAL_TEST	148	37.6	100.0	-2.01	1.88	0.14	1703
ingolstadt1_dz10_dqn_latent_observation	REAL_TEST	149	39.4	100.0	-2.14	1.96	0.16	1696
ingolstadt1_dz10_dqn_latent_observation	REAL_TEST	150	39.5	100.0	-2.68	2.47	0.17	1703
ingolstadt1_dz10_dqn_latent_observation	REAL_TEST	151	37.0	100.0	-1.89	1.75	0.14	1701
ingolstadt1_dz10_dqn_latent_observation	REAL_TEST	152	37.7	100.0	-1.87	1.73	0.14	1703
ingolstadt1_dz10_dqn_latent_observation	REAL_TEST	153	40.9	100.0	-3.13	2.89	0.18	1703
ingolstadt1_dz10_dqn_latent_observation	REAL_TEST	154	37.7	100.0	-1.87	1.73	0.14	1703
ingolstadt1_dz10_dqn_latent_observation	REAL_TEST	155	38.7	100.0	-1.94	1.69	0.17	1702
ingolstadt1_dz10_dqn_latent_observation	REAL_TEST	156	41.8	100.0	-3.49	3.26	0.19	1704
ingolstadt1_dz10_dqn_latent_observation	REAL_TEST	157	39.3	100.0	-2.79	2.60	0.16	1704
ingolstadt1_dz10_dqn_latent_observation	REAL_TEST	158	37.2	100.0	-1.98	1.84	0.14	1702
ingolstadt1_dz10_dqn_latent_observation	REAL_TEST	159	37.7	100.0	-1.87	1.73	0.14	1703
ingolstadt1_dz10_dqn_latent_observation	REAL_TEST	160	39.7	100.0	-2.66	2.47	0.16	1705
ingolstadt1_dz10_dqn_latent_observation	REAL_TEST	161	37.7	100.0	-1.87	1.73	0.14	1703
ingolstadt1_dz10_dqn_latent_observation	REAL_TEST	162	40.4	100.0	-3.15	2.95	0.18	1700
ingolstadt1_dz10_dqn_latent_observation	REAL_TEST	163	37.1	100.0	-1.97	1.83	0.14	1704
ingolstadt1_dz10_dqn_latent_observation	REAL_TEST	164	42.3	100.0	-3.60	3.36	0.18	1702
ingolstadt1_dz10_dqn_latent_observation	REAL_TEST	165	37.7	100.0	-1.87	1.73	0.14	1703
ingolstadt1_dz10_dqn_latent_observation	REAL_TEST	166	41.0	100.0	-3.05	2.81	0.17	1704
ingolstadt1_dz10_dqn_latent_observation	REAL_TEST	167	39.7	100.0	-2.93	2.72	0.17	1702
ingolstadt1_dz10_dqn_latent_observation	REAL_TEST	168	37.7	100.0	-1.87	1.73	0.14	1703
ingolstadt1_dz10_dqn_latent_observation	REAL_TEST	169	40.5	100.0	-3.22	2.91	0.18	1703
ingolstadt1_dz10_dqn_latent_observation	REAL_TEST	170	37.1	100.0	-2.01	1.86	0.14	1700
ingolstadt1_dz10_dqn_latent_observation	REAL_TEST	171	37.7	100.0	-1.87	1.73	0.14	1703
ingolstadt1_dz10_dqn_latent_observation	REAL_TEST	172	37.0	100.0	-1.90	1.77	0.14	1704
ingolstadt1_dz10_dqn_latent_observation	REAL_TEST	173	38.2	100.0	-2.11	1.94	0.15	1701
ingolstadt1_dz10_dqn_latent_observation	REAL_TEST	174	36.9	100.0	-1.89	1.77	0.14	1703
ingolstadt1_dz10_dqn_latent_observation	REAL_TEST	175	38.9	100.0	-2.33	2.10	0.16	1703
ingolstadt1_dz10_dqn_latent_observation	REAL_TEST	176	37.2	100.0	-2.10	1.94	0.15	1703
ingolstadt1_dz10_dqn_latent_observation	REAL_TEST	177	39.0	100.0	-2.43	2.20	0.16	1699
ingolstadt1_dz10_dqn_latent_observation	REAL_TEST	178	37.0	100.0	-1.83	1.69	0.14	1704
ingolstadt1_dz10_dqn_latent_observation	REAL_TEST	179	39.4	100.0	-2.52	2.31	0.16	1704
ingolstadt1_dz10_dqn_latent_observation	REAL_TEST	180	40.5	100.0	-2.81	2.46	0.17	1698
ingolstadt1_dz10_dqn_latent_observation	REAL_TEST	181	37.0	100.0	-1.83	1.69	0.14	1704
ingolstadt1_dz10_dqn_latent_observation	REAL_TEST	182	37.3	100.0	-1.96	1.81	0.14	1702
ingolstadt1_dz10_dqn_latent_observation	REAL_TEST	183	36.1	100.0	-1.62	1.42	0.15	1704
ingolstadt1_dz10_dqn_latent_observation	REAL_TEST	184	37.9	100.0	-2.51	2.27	0.16	1704
ingolstadt1_dz10_dqn_latent_observation	REAL_TEST	185	38.2	100.0	-2.53	2.29	0.16	1699
ingolstadt1_dz10_dqn_latent_observation	REAL_TEST	186	36.4	100.0	-1.72	1.55	0.15	1703
ingolstadt1_dz10_dqn_latent_observation	REAL_TEST	187	38.3	100.0	-2.50	2.26	0.17	1703
ingolstadt1_dz10_dqn_latent_observation	REAL_TEST	188	38.2	100.0	-2.43	2.20	0.16	1703
ingolstadt1_dz10_dqn_latent_observation	REAL_TEST	189	37.2	100.0	-1.87	1.73	0.15	1704
ingolstadt1_dz10_dqn_latent_observation	REAL_TEST	190	36.6	100.0	-1.79	1.61	0.16	1704
ingolstadt1_dz10_dqn_latent_observation	REAL_TEST	191	36.8	100.0	-1.93	1.79	0.14	1704
ingolstadt1_dz10_dqn_latent_observation	REAL_TEST	192	37.1	100.0	-1.99	1.86	0.14	1703
ingolstadt1_dz10_dqn_latent_observation	REAL_TEST	193	36.7	100.0	-1.93	1.78	0.15	1703
ingolstadt1_dz10_dqn_latent_observation	REAL_TEST	194	36.9	100.0	-1.93	1.71	0.16	1702
ingolstadt1_dz10_dqn_latent_observation	REAL_TEST	195	37.1	100.0	-1.82	1.64	0.15	1703
ingolstadt1_dz10_dqn_latent_observation	REAL_TEST	196	37.1	100.0	-1.85	1.64	0.16	1704
ingolstadt1_dz10_dqn_latent_observation	REAL_TEST	197	36.8	100.0	-1.93	1.79	0.14	1704
ingolstadt1_dz10_dqn_latent_observation	REAL_TEST	198	38.3	100.0	-2.17	2.00	0.15	1700
ingolstadt1_dz10_dqn_latent_observation	REAL_TEST	199	37.4	100.0	-2.01	1.83	0.15	1702
