bullhead_1_setting4_dqn_domain_randomization	SIM_TRAIN	0	527.4	0.0	-133.86	131.06	0.64	1078
bullhead_1_setting4_dqn_domain_randomization	SIM_TRAIN	1	541.1	0.0	-130.04	127.46	0.65	1080
bullhead_1_setting4_dqn_domain_randomization	SIM_TRAIN	2	300.5	463.8	-59.94	58.04	0.64	1399
bullhead_1_setting4_dqn_domain_randomization	SIM_TRAIN	3	131.4	146.1	-10.23	6.61	0.59	1395
bullhead_1_setting4_dqn_domain_randomization	REAL_TEST	3	184.4	100.0	-27.68	15.54	0.74	1138
bullhead_1_setting4_dqn_domain_randomization	SIM_TRAIN	4	125.9	107.9	-7.26	4.56	0.62	1397
bullhead_1_setting4_dqn_domain_randomization	SIM_TRAIN	5	124.9	96.4	-6.34	4.23	0.61	1400
bullhead_1_setting4_dqn_domain_randomization	SIM_TRAIN	6	125.7	86.0	-6.83	4.93	0.59	1389
bullhead_1_setting4_dqn_domain_randomization	REAL_TEST	6	187.2	100.0	-23.24	17.69	0.72	1125
bullhead_1_setting4_dqn_domain_randomization	SIM_TRAIN	7	265.1	80.6	-60.12	55.66	0.60	1268
bullhead_1_setting4_dqn_domain_randomization	SIM_TRAIN	8	187.9	75.7	-27.67	19.38	0.68	1398
bullhead_1_setting4_dqn_domain_randomization	SIM_TRAIN	9	123.0	76.4	-6.49	3.70	0.65	1397
bullhead_1_setting4_dqn_domain_randomization	REAL_TEST	9	161.0	100.0	-14.67	8.74	0.78	1195
bullhead_1_setting4_dqn_domain_randomization	SIM_TRAIN	10	140.2	70.9	-11.32	9.04	0.61	1398
bullhead_1_setting4_dqn_domain_randomization	SIM_TRAIN	11	142.2	68.5	-10.25	8.95	0.53	1396
bullhead_1_setting4_dqn_domain_randomization	SIM_TRAIN	12	124.8	64.8	-5.28	4.06	0.52	1397
bullhead_1_setting4_dqn_domain_randomization	REAL_TEST	12	173.6	100.0	-19.80	12.37	0.73	1178
bullhead_1_setting4_dqn_domain_randomization	SIM_TRAIN	13	123.7	59.8	-5.40	3.82	0.55	1398
bullhead_1_setting4_dqn_domain_randomization	SIM_TRAIN	14	123.4	54.0	-4.90	3.31	0.54	1397
bullhead_1_setting4_dqn_domain_randomization	SIM_TRAIN	15	120.6	34.5	-3.85	2.72	0.51	1398
bullhead_1_setting4_dqn_domain_randomization	REAL_TEST	15	157.5	100.0	-9.42	6.94	0.65	1190
bullhead_1_setting4_dqn_domain_randomization	SIM_TRAIN	16	125.1	15.1	-5.24	3.38	0.56	1394
bullhead_1_setting4_dqn_domain_randomization	SIM_TRAIN	17	124.4	10.2	-4.38	2.98	0.53	1399
bullhead_1_setting4_dqn_domain_randomization	SIM_TRAIN	18	120.3	8.8	-3.03	2.19	0.47	1397
bullhead_1_setting4_dqn_domain_randomization	REAL_TEST	18	1781.6	100.0	-395.31	378.00	0.94	152
bullhead_1_setting4_dqn_domain_randomization	SIM_TRAIN	19	121.4	8.2	-2.79	2.03	0.48	1399
bullhead_1_setting4_dqn_domain_randomization	SIM_TRAIN	20	120.6	7.9	-2.82	2.04	0.47	1398
bullhead_1_setting4_dqn_domain_randomization	SIM_TRAIN	21	120.0	7.1	-2.09	1.57	0.47	1399
bullhead_1_setting4_dqn_domain_randomization	REAL_TEST	21	1477.4	100.0	-355.80	339.78	0.91	229
bullhead_1_setting4_dqn_domain_randomization	SIM_TRAIN	22	119.3	5.6	-2.85	2.08	0.46	1399
bullhead_1_setting4_dqn_domain_randomization	SIM_TRAIN	23	119.2	3.8	-2.73	2.03	0.45	1399
bullhead_1_setting4_dqn_domain_randomization	SIM_TRAIN	24	120.1	3.2	-2.20	1.58	0.46	1399
bullhead_1_setting4_dqn_domain_randomization	REAL_TEST	24	159.6	100.0	-8.24	6.87	0.62	1188
bullhead_1_setting4_dqn_domain_randomization	SIM_TRAIN	25	119.0	2.5	-2.43	1.73	0.45	1399
bullhead_1_setting4_dqn_domain_randomization	SIM_TRAIN	26	118.4	2.3	-2.63	1.95	0.44	1392
bullhead_1_setting4_dqn_domain_randomization	SIM_TRAIN	27	122.2	2.1	-2.31	1.72	0.48	1399
bullhead_1_setting4_dqn_domain_randomization	REAL_TEST	27	1195.3	100.0	-312.23	296.15	0.91	314
bullhead_1_setting4_dqn_domain_randomization	SIM_TRAIN	28	120.3	1.9	-3.06	2.15	0.47	1399
bullhead_1_setting4_dqn_domain_randomization	SIM_TRAIN	29	119.8	1.8	-2.90	1.98	0.49	1399
bullhead_1_setting4_dqn_domain_randomization	SIM_TRAIN	30	119.8	1.7	-2.73	2.06	0.45	1399
bullhead_1_setting4_dqn_domain_randomization	REAL_TEST	30	1194.3	100.0	-313.74	296.98	0.93	319
bullhead_1_setting4_dqn_domain_randomization	SIM_TRAIN	31	119.2	1.5	-2.50	1.65	0.47	1399
bullhead_1_setting4_dqn_domain_randomization	SIM_TRAIN	32	119.4	1.4	-2.54	1.88	0.46	1399
bullhead_1_setting4_dqn_domain_randomization	SIM_TRAIN	33	115.3	1.4	-1.20	0.92	0.41	1400
bullhead_1_setting4_dqn_domain_randomization	REAL_TEST	33	154.1	100.0	-7.25	5.81	0.60	1191
bullhead_1_setting4_dqn_domain_randomization	SIM_TRAIN	34	121.6	1.3	-2.91	2.24	0.46	1396
bullhead_1_setting4_dqn_domain_randomization	SIM_TRAIN	35	120.8	1.3	-1.99	1.58	0.46	1399
bullhead_1_setting4_dqn_domain_randomization	SIM_TRAIN	36	120.0	1.3	-2.91	2.19	0.45	1399
bullhead_1_setting4_dqn_domain_randomization	REAL_TEST	36	154.1	100.0	-6.99	5.79	0.59	1187
bullhead_1_setting4_dqn_domain_randomization	SIM_TRAIN	37	120.6	1.2	-3.09	2.17	0.48	1397
bullhead_1_setting4_dqn_domain_randomization	SIM_TRAIN	38	118.9	1.2	-2.45	1.76	0.45	1399
bullhead_1_setting4_dqn_domain_randomization	SIM_TRAIN	39	122.7	1.3	-2.69	2.17	0.46	1399
bullhead_1_setting4_dqn_domain_randomization	REAL_TEST	39	155.3	100.0	-7.99	6.42	0.61	1185
bullhead_1_setting4_dqn_domain_randomization	SIM_TRAIN	40	119.0	1.3	-2.20	1.77	0.43	1399
bullhead_1_setting4_dqn_domain_randomization	SIM_TRAIN	41	119.5	1.2	-2.37	1.98	0.44	1399
bullhead_1_setting4_dqn_domain_randomization	SIM_TRAIN	42	119.4	1.2	-2.80	2.13	0.44	1399
bullhead_1_setting4_dqn_domain_randomization	REAL_TEST	42	155.7	100.0	-9.14	7.27	0.63	1190
bullhead_1_setting4_dqn_domain_randomization	SIM_TRAIN	43	119.4	1.1	-2.20	1.57	0.45	1399
bullhead_1_setting4_dqn_domain_randomization	SIM_TRAIN	44	120.4	1.1	-3.16	2.42	0.45	1398
bullhead_1_setting4_dqn_domain_randomization	SIM_TRAIN	45	122.0	1.1	-2.77	2.18	0.45	1398
bullhead_1_setting4_dqn_domain_randomization	REAL_TEST	45	159.7	100.0	-9.00	7.49	0.62	1186
bullhead_1_setting4_dqn_domain_randomization	SIM_TRAIN	46	120.2	1.2	-3.27	2.35	0.46	1399
bullhead_1_setting4_dqn_domain_randomization	SIM_TRAIN	47	119.9	1.3	-2.06	1.64	0.46	1397
bullhead_1_setting4_dqn_domain_randomization	SIM_TRAIN	48	122.4	1.2	-2.83	2.17	0.46	1399
bullhead_1_setting4_dqn_domain_randomization	REAL_TEST	48	165.0	100.0	-11.17	8.91	0.65	1183
bullhead_1_setting4_dqn_domain_randomization	SIM_TRAIN	49	119.8	1.1	-2.52	1.86	0.46	1399
bullhead_1_setting4_dqn_domain_randomization	SIM_TRAIN	50	119.2	1.2	-2.12	1.59	0.44	1398
bullhead_1_setting4_dqn_domain_randomization	SIM_TRAIN	51	119.6	1.0	-2.14	1.52	0.45	1397
bullhead_1_setting4_dqn_domain_randomization	REAL_TEST	51	943.3	100.0	-266.62	250.10	0.93	408
bullhead_1_setting4_dqn_domain_randomization	SIM_TRAIN	52	119.2	1.0	-2.85	1.93	0.47	1399
bullhead_1_setting4_dqn_domain_randomization	SIM_TRAIN	53	120.2	1.1	-2.10	1.63	0.45	1391
bullhead_1_setting4_dqn_domain_randomization	SIM_TRAIN	54	123.7	1.1	-2.78	2.01	0.48	1399
bullhead_1_setting4_dqn_domain_randomization	REAL_TEST	54	153.8	100.0	-8.94	6.95	0.63	1193
bullhead_1_setting4_dqn_domain_randomization	SIM_TRAIN	55	120.1	1.1	-2.56	1.89	0.46	1396
bullhead_1_setting4_dqn_domain_randomization	SIM_TRAIN	56	120.0	1.1	-2.64	1.96	0.45	1399
bullhead_1_setting4_dqn_domain_randomization	SIM_TRAIN	57	119.3	1.2	-2.31	1.69	0.44	1399
bullhead_1_setting4_dqn_domain_randomization	REAL_TEST	57	154.0	100.0	-9.41	7.09	0.67	1189
bullhead_1_setting4_dqn_domain_randomization	SIM_TRAIN	58	120.0	1.1	-3.20	2.31	0.46	1399
bullhead_1_setting4_dqn_domain_randomization	SIM_TRAIN	59	120.8	1.2	-2.57	1.94	0.46	1399
bullhead_1_setting4_dqn_domain_randomization	SIM_TRAIN	60	122.4	1.1	-2.22	1.64	0.46	1397
bullhead_1_setting4_dqn_domain_randomization	REAL_TEST	60	155.4	100.0	-7.96	6.52	0.58	1190
bullhead_1_setting4_dqn_domain_randomization	SIM_TRAIN	61	120.8	1.1	-3.17	2.46	0.45	1398
bullhead_1_setting4_dqn_domain_randomization	SIM_TRAIN	62	119.9	1.1	-2.56	1.76	0.46	1399
bullhead_1_setting4_dqn_domain_randomization	SIM_TRAIN	63	119.8	1.1	-2.43	1.85	0.44	1398
bullhead_1_setting4_dqn_domain_randomization	REAL_TEST	63	1102.0	100.0	-315.38	300.29	0.91	422
bullhead_1_setting4_dqn_domain_randomization	SIM_TRAIN	64	119.5	1.2	-2.64	2.15	0.45	1398
bullhead_1_setting4_dqn_domain_randomization	SIM_TRAIN	65	119.7	1.2	-2.74	2.06	0.44	1398
bullhead_1_setting4_dqn_domain_randomization	SIM_TRAIN	66	120.4	1.2	-2.76	2.07	0.44	1399
bullhead_1_setting4_dqn_domain_randomization	REAL_TEST	66	155.2	100.0	-9.18	7.18	0.63	1188
bullhead_1_setting4_dqn_domain_randomization	SIM_TRAIN	67	116.6	1.2	-1.65	1.11	0.42	1400
bullhead_1_setting4_dqn_domain_randomization	SIM_TRAIN	68	119.7	1.2	-2.99	2.23	0.46	1400
bullhead_1_setting4_dqn_domain_randomization	SIM_TRAIN	69	118.5	1.2	-2.47	2.02	0.42	1400
bullhead_1_setting4_dqn_domain_randomization	REAL_TEST	69	150.5	100.0	-7.02	5.69	0.58	1190
bullhead_1_setting4_dqn_domain_randomization	SIM_TRAIN	70	119.7	1.2	-2.62	1.98	0.46	1398
bullhead_1_setting4_dqn_domain_randomization	SIM_TRAIN	71	120.2	1.2	-3.20	2.41	0.47	1399
bullhead_1_setting4_dqn_domain_randomization	SIM_TRAIN	72	119.4	1.2	-2.53	1.93	0.44	1398
bullhead_1_setting4_dqn_domain_randomization	REAL_TEST	72	153.7	100.0	-8.92	6.80	0.65	1194
bullhead_1_setting4_dqn_domain_randomization	SIM_TRAIN	73	119.7	1.2	-2.47	1.94	0.45	1400
bullhead_1_setting4_dqn_domain_randomization	SIM_TRAIN	74	119.8	1.2	-2.76	2.17	0.44	1396
bullhead_1_setting4_dqn_domain_randomization	SIM_TRAIN	75	118.6	1.1	-2.51	1.89	0.45	1399
bullhead_1_setting4_dqn_domain_randomization	REAL_TEST	75	154.2	100.0	-9.09	7.05	0.62	1193
bullhead_1_setting4_dqn_domain_randomization	SIM_TRAIN	76	118.9	1.1	-2.52	1.86	0.44	1399
bullhead_1_setting4_dqn_domain_randomization	SIM_TRAIN	77	119.3	1.1	-2.35	1.67	0.45	1399
bullhead_1_setting4_dqn_domain_randomization	SIM_TRAIN	78	119.7	1.1	-2.26	1.80	0.44	1399
bullhead_1_setting4_dqn_domain_randomization	REAL_TEST	78	156.8	100.0	-9.78	7.61	0.63	1189
bullhead_1_setting4_dqn_domain_randomization	SIM_TRAIN	79	119.7	1.0	-2.76	2.22	0.44	1399
bullhead_1_setting4_dqn_domain_randomization	SIM_TRAIN	80	113.9	1.0	-0.85	0.58	0.38	1400
bullhead_1_setting4_dqn_domain_randomization	SIM_TRAIN	81	120.4	1.0	-2.32	1.84	0.44	1399
bullhead_1_setting4_dqn_domain_randomization	REAL_TEST	81	158.3	100.0	-10.14	8.02	0.63	1191
bullhead_1_setting4_dqn_domain_randomization	SIM_TRAIN	82	120.0	1.0	-1.81	1.47	0.44	1399
bullhead_1_setting4_dqn_domain_randomization	SIM_TRAIN	83	119.7	1.0	-2.76	2.08	0.44	1399
bullhead_1_setting4_dqn_domain_randomization	SIM_TRAIN	84	119.7	1.0	-2.80	2.00	0.46	1399
bullhead_1_setting4_dqn_domain_randomization	REAL_TEST	84	1133.8	100.0	-348.34	330.02	0.96	648
bullhead_1_setting4_dqn_domain_randomization	SIM_TRAIN	85	118.7	0.9	-2.50	2.00	0.43	1399
bullhead_1_setting4_dqn_domain_randomization	SIM_TRAIN	86	122.9	0.9	-2.88	2.31	0.46	1399
bullhead_1_setting4_dqn_domain_randomization	SIM_TRAIN	87	121.5	1.0	-2.64	2.09	0.45	1399
bullhead_1_setting4_dqn_domain_randomization	REAL_TEST	87	984.6	100.0	-262.39	242.38	0.97	943
bullhead_1_setting4_dqn_domain_randomization	SIM_TRAIN	88	118.9	1.0	-2.30	1.89	0.42	1399
bullhead_1_setting4_dqn_domain_randomization	SIM_TRAIN	89	122.6	0.9	-3.27	2.49	0.47	1398
bullhead_1_setting4_dqn_domain_randomization	SIM_TRAIN	90	121.1	1.1	-3.22	2.43	0.46	1399
bullhead_1_setting4_dqn_domain_randomization	REAL_TEST	90	2208.0	100.0	-441.72	423.63	0.96	68
bullhead_1_setting4_dqn_domain_randomization	SIM_TRAIN	91	119.5	1.1	-2.70	2.08	0.44	1399
bullhead_1_setting4_dqn_domain_randomization	SIM_TRAIN	92	119.3	1.0	-2.95	2.20	0.46	1399
bullhead_1_setting4_dqn_domain_randomization	SIM_TRAIN	93	119.5	1.1	-2.57	1.98	0.45	1399
bullhead_1_setting4_dqn_domain_randomization	REAL_TEST	93	2562.4	100.0	-472.97	453.77	0.97	8
bullhead_1_setting4_dqn_domain_randomization	SIM_TRAIN	94	117.8	1.1	-2.16	1.77	0.42	1399
bullhead_1_setting4_dqn_domain_randomization	SIM_TRAIN	95	123.7	1.1	-2.54	1.95	0.47	1399
bullhead_1_setting4_dqn_domain_randomization	SIM_TRAIN	96	120.6	1.1	-3.10	2.27	0.47	1399
bullhead_1_setting4_dqn_domain_randomization	REAL_TEST	96	161.6	100.0	-9.54	8.59	0.59	1189
bullhead_1_setting4_dqn_domain_randomization	SIM_TRAIN	97	120.2	1.2	-3.28	2.52	0.45	1399
bullhead_1_setting4_dqn_domain_randomization	SIM_TRAIN	98	119.4	1.1	-2.44	1.77	0.45	1399
bullhead_1_setting4_dqn_domain_randomization	SIM_TRAIN	99	119.2	1.2	-2.15	1.54	0.45	1396
bullhead_1_setting4_dqn_domain_randomization	REAL_TEST	99	380.0	100.0	-98.97	91.08	0.76	763
bullhead_1_setting4_dqn_domain_randomization	SIM_TRAIN	100	121.8	1.1	-2.30	2.01	0.47	1399
bullhead_1_setting4_dqn_domain_randomization	SIM_TRAIN	101	120.1	1.1	-2.86	2.24	0.44	1400
bullhead_1_setting4_dqn_domain_randomization	SIM_TRAIN	102	119.8	1.1	-2.88	2.15	0.46	1399
bullhead_1_setting4_dqn_domain_randomization	REAL_TEST	102	164.5	100.0	-10.75	9.24	0.63	1187
bullhead_1_setting4_dqn_domain_randomization	SIM_TRAIN	103	120.7	1.1	-2.08	1.69	0.46	1399
bullhead_1_setting4_dqn_domain_randomization	SIM_TRAIN	104	119.7	1.1	-2.60	1.92	0.46	1399
bullhead_1_setting4_dqn_domain_randomization	SIM_TRAIN	105	119.2	1.0	-2.61	2.05	0.44	1399
bullhead_1_setting4_dqn_domain_randomization	REAL_TEST	105	191.8	100.0	-20.85	17.70	0.68	1190
bullhead_1_setting4_dqn_domain_randomization	SIM_TRAIN	106	120.2	1.0	-2.88	2.26	0.44	1399
bullhead_1_setting4_dqn_domain_randomization	SIM_TRAIN	107	119.6	1.0	-2.24	1.67	0.44	1399
bullhead_1_setting4_dqn_domain_randomization	SIM_TRAIN	108	119.2	1.0	-2.69	1.96	0.45	1399
bullhead_1_setting4_dqn_domain_randomization	REAL_TEST	108	158.5	100.0	-9.92	7.98	0.64	1195
bullhead_1_setting4_dqn_domain_randomization	SIM_TRAIN	109	120.5	1.1	-3.29	2.49	0.46	1399
bullhead_1_setting4_dqn_domain_randomization	SIM_TRAIN	110	119.4	1.0	-2.45	1.85	0.44	1400
bullhead_1_setting4_dqn_domain_randomization	SIM_TRAIN	111	116.8	1.0	-1.37	0.99	0.45	1400
bullhead_1_setting4_dqn_domain_randomization	REAL_TEST	111	156.0	100.0	-8.42	7.12	0.59	1192
bullhead_1_setting4_dqn_domain_randomization	SIM_TRAIN	112	117.7	0.9	-2.17	1.70	0.42	1398
bullhead_1_setting4_dqn_domain_randomization	SIM_TRAIN	113	119.9	0.9	-2.69	2.03	0.44	1398
bullhead_1_setting4_dqn_domain_randomization	SIM_TRAIN	114	120.1	0.9	-2.11	1.63	0.44	1399
bullhead_1_setting4_dqn_domain_randomization	REAL_TEST	114	157.0	100.0	-8.86	7.50	0.60	1190
bullhead_1_setting4_dqn_domain_randomization	SIM_TRAIN	115	121.5	0.9	-2.70	2.15	0.45	1394
bullhead_1_setting4_dqn_domain_randomization	SIM_TRAIN	116	121.6	0.9	-2.82	2.24	0.45	1399
bullhead_1_setting4_dqn_domain_randomization	SIM_TRAIN	117	119.0	1.0	-2.24	1.60	0.45	1399
bullhead_1_setting4_dqn_domain_randomization	REAL_TEST	117	157.5	100.0	-9.56	7.63	0.63	1193
bullhead_1_setting4_dqn_domain_randomization	SIM_TRAIN	118	118.5	0.9	-1.95	1.35	0.44	1398
bullhead_1_setting4_dqn_domain_randomization	SIM_TRAIN	119	120.5	0.9	-1.94	1.61	0.45	1399
bullhead_1_setting4_dqn_domain_randomization	SIM_TRAIN	120	113.6	0.9	-0.69	0.59	0.36	1400
bullhead_1_setting4_dqn_domain_randomization	REAL_TEST	120	161.2	100.0	-11.68	8.54	0.65	1190
bullhead_1_setting4_dqn_domain_randomization	SIM_TRAIN	121	120.9	0.9	-2.27	1.75	0.44	1399
bullhead_1_setting4_dqn_domain_randomization	SIM_TRAIN	122	120.4	0.8	-2.56	1.93	0.45	1399
bullhead_1_setting4_dqn_domain_randomization	SIM_TRAIN	123	119.4	0.8	-2.69	2.05	0.45	1399
bullhead_1_setting4_dqn_domain_randomization	REAL_TEST	123	154.7	100.0	-8.43	6.75	0.60	1191
bullhead_1_setting4_dqn_domain_randomization	SIM_TRAIN	124	123.1	0.9	-2.93	2.38	0.46	1398
bullhead_1_setting4_dqn_domain_randomization	SIM_TRAIN	125	120.3	0.9	-2.31	1.86	0.47	1399
bullhead_1_setting4_dqn_domain_randomization	SIM_TRAIN	126	120.0	0.9	-3.13	2.27	0.47	1399
bullhead_1_setting4_dqn_domain_randomization	REAL_TEST	126	155.0	100.0	-8.77	6.81	0.60	1191
bullhead_1_setting4_dqn_domain_randomization	SIM_TRAIN	127	119.5	0.9	-2.36	1.89	0.43	1398
bullhead_1_setting4_dqn_domain_randomization	SIM_TRAIN	128	119.5	1.0	-2.51	1.93	0.44	1399
bullhead_1_setting4_dqn_domain_randomization	SIM_TRAIN	129	119.2	1.0	-2.31	1.84	0.43	1400
bullhead_1_setting4_dqn_domain_randomization	REAL_TEST	129	154.7	100.0	-7.76	6.20	0.58	1189
bullhead_1_setting4_dqn_domain_randomization	SIM_TRAIN	130	119.2	1.0	-2.88	2.01	0.47	1399
bullhead_1_setting4_dqn_domain_randomization	SIM_TRAIN	131	119.4	1.0	-2.50	1.90	0.45	1398
bullhead_1_setting4_dqn_domain_randomization	SIM_TRAIN	132	120.0	1.0	-1.84	1.56	0.45	1399
bullhead_1_setting4_dqn_domain_randomization	REAL_TEST	132	152.8	100.0	-8.01	6.33	0.58	1191
bullhead_1_setting4_dqn_domain_randomization	SIM_TRAIN	133	122.2	1.0	-2.67	1.89	0.46	1399
bullhead_1_setting4_dqn_domain_randomization	SIM_TRAIN	134	120.4	1.1	-2.72	1.83	0.46	1398
bullhead_1_setting4_dqn_domain_randomization	SIM_TRAIN	135	123.0	1.1	-3.24	2.38	0.48	1399
bullhead_1_setting4_dqn_domain_randomization	REAL_TEST	135	155.7	100.0	-8.83	6.86	0.60	1190
bullhead_1_setting4_dqn_domain_randomization	SIM_TRAIN	136	118.9	1.2	-2.45	1.82	0.44	1399
bullhead_1_setting4_dqn_domain_randomization	SIM_TRAIN	137	118.8	1.2	-2.51	1.93	0.44	1399
bullhead_1_setting4_dqn_domain_randomization	SIM_TRAIN	138	116.4	1.1	-1.84	1.28	0.42	1400
bullhead_1_setting4_dqn_domain_randomization	REAL_TEST	138	154.7	100.0	-8.24	6.67	0.58	1191
bullhead_1_setting4_dqn_domain_randomization	SIM_TRAIN	139	118.9	1.1	-2.33	1.74	0.44	1398
bullhead_1_setting4_dqn_domain_randomization	SIM_TRAIN	140	124.1	1.1	-2.48	2.00	0.50	1398
bullhead_1_setting4_dqn_domain_randomization	SIM_TRAIN	141	120.2	1.0	-2.65	2.08	0.44	1399
bullhead_1_setting4_dqn_domain_randomization	REAL_TEST	141	157.0	100.0	-9.37	7.82	0.58	1194
bullhead_1_setting4_dqn_domain_randomization	SIM_TRAIN	142	119.4	1.0	-2.30	1.66	0.45	1399
bullhead_1_setting4_dqn_domain_randomization	SIM_TRAIN	143	118.8	1.1	-2.56	1.92	0.45	1398
bullhead_1_setting4_dqn_domain_randomization	SIM_TRAIN	144	120.0	1.0	-2.61	1.95	0.45	1399
bullhead_1_setting4_dqn_domain_randomization	REAL_TEST	144	176.9	100.0	-16.56	13.24	0.74	1185
bullhead_1_setting4_dqn_domain_randomization	SIM_TRAIN	145	119.1	1.0	-2.66	2.11	0.43	1399
bullhead_1_setting4_dqn_domain_randomization	SIM_TRAIN	146	119.1	1.0	-2.39	1.79	0.44	1399
bullhead_1_setting4_dqn_domain_randomization	SIM_TRAIN	147	119.8	1.0	-2.40	1.74	0.45	1399
bullhead_1_setting4_dqn_domain_randomization	REAL_TEST	147	157.4	100.0	-10.44	7.77	0.66	1194
bullhead_1_setting4_dqn_domain_randomization	SIM_TRAIN	148	119.6	1.0	-1.85	1.46	0.45	1399
bullhead_1_setting4_dqn_domain_randomization	SIM_TRAIN	149	118.7	0.9	-2.23	1.70	0.44	1399
bullhead_1_setting4_dqn_domain_randomization	SIM_TRAIN	150	121.4	0.9	-2.06	1.66	0.47	1399
bullhead_1_setting4_dqn_domain_randomization	REAL_TEST	150	156.2	100.0	-11.37	7.49	0.71	1195
bullhead_1_setting4_dqn_domain_randomization	SIM_TRAIN	151	122.6	0.9	-2.83	2.24	0.46	1398
bullhead_1_setting4_dqn_domain_randomization	SIM_TRAIN	152	119.2	0.8	-2.58	1.91	0.44	1399
bullhead_1_setting4_dqn_domain_randomization	SIM_TRAIN	153	119.9	0.9	-2.60	1.93	0.45	1399
bullhead_1_setting4_dqn_domain_randomization	REAL_TEST	153	156.5	100.0	-10.12	7.78	0.64	1188
bullhead_1_setting4_dqn_domain_randomization	SIM_TRAIN	154	116.5	0.9	-1.04	0.78	0.44	1400
bullhead_1_setting4_dqn_domain_randomization	SIM_TRAIN	155	120.3	0.9	-2.69	1.89	0.46	1399
bullhead_1_setting4_dqn_domain_randomization	SIM_TRAIN	156	112.5	0.9	-0.27	0.11	0.38	1400
bullhead_1_setting4_dqn_domain_randomization	REAL_TEST	156	154.5	100.0	-9.54	7.36	0.65	1194
bullhead_1_setting4_dqn_domain_randomization	SIM_TRAIN	157	119.5	0.9	-2.50	1.93	0.45	1399
bullhead_1_setting4_dqn_domain_randomization	SIM_TRAIN	158	120.8	0.9	-2.79	2.23	0.45	1399
bullhead_1_setting4_dqn_domain_randomization	SIM_TRAIN	159	119.2	0.9	-2.13	1.57	0.44	1398
bullhead_1_setting4_dqn_domain_randomization	REAL_TEST	159	154.1	100.0	-7.91	6.80	0.53	1189
bullhead_1_setting4_dqn_domain_randomization	SIM_TRAIN	160	120.6	1.0	-3.65	2.59	0.47	1400
bullhead_1_setting4_dqn_domain_randomization	SIM_TRAIN	161	119.3	1.1	-2.33	1.68	0.45	1399
bullhead_1_setting4_dqn_domain_randomization	SIM_TRAIN	162	120.2	1.0	-2.11	1.62	0.44	1398
bullhead_1_setting4_dqn_domain_randomization	REAL_TEST	162	152.4	100.0	-6.79	6.22	0.49	1192
bullhead_1_setting4_dqn_domain_randomization	SIM_TRAIN	163	120.1	1.1	-2.86	2.22	0.44	1400
bullhead_1_setting4_dqn_domain_randomization	SIM_TRAIN	164	122.0	1.1	-2.61	1.89	0.45	1399
bullhead_1_setting4_dqn_domain_randomization	SIM_TRAIN	165	118.8	1.1	-2.48	1.95	0.44	1398
bullhead_1_setting4_dqn_domain_randomization	REAL_TEST	165	2069.7	100.0	-460.87	440.77	0.99	166
bullhead_1_setting4_dqn_domain_randomization	SIM_TRAIN	166	119.5	1.1	-2.38	1.84	0.43	1398
bullhead_1_setting4_dqn_domain_randomization	SIM_TRAIN	167	119.6	1.2	-2.12	1.61	0.44	1399
bullhead_1_setting4_dqn_domain_randomization	SIM_TRAIN	168	118.7	1.1	-2.47	1.89	0.44	1399
bullhead_1_setting4_dqn_domain_randomization	REAL_TEST	168	154.0	100.0	-11.58	7.36	0.76	1189
bullhead_1_setting4_dqn_domain_randomization	SIM_TRAIN	169	119.4	1.1	-2.51	1.94	0.44	1396
bullhead_1_setting4_dqn_domain_randomization	SIM_TRAIN	170	121.1	1.0	-2.68	2.07	0.45	1399
bullhead_1_setting4_dqn_domain_randomization	SIM_TRAIN	171	120.3	1.1	-2.77	2.07	0.45	1399
bullhead_1_setting4_dqn_domain_randomization	REAL_TEST	171	152.9	100.0	-10.91	7.19	0.71	1192
bullhead_1_setting4_dqn_domain_randomization	SIM_TRAIN	172	118.8	1.1	-2.58	1.89	0.44	1399
bullhead_1_setting4_dqn_domain_randomization	SIM_TRAIN	173	120.1	1.1	-2.67	2.04	0.44	1396
bullhead_1_setting4_dqn_domain_randomization	SIM_TRAIN	174	119.3	0.9	-1.98	1.49	0.45	1398
bullhead_1_setting4_dqn_domain_randomization	REAL_TEST	174	153.5	100.0	-11.69	7.46	0.73	1188
bullhead_1_setting4_dqn_domain_randomization	SIM_TRAIN	175	119.0	0.9	-2.63	2.04	0.44	1399
bullhead_1_setting4_dqn_domain_randomization	SIM_TRAIN	176	119.7	0.9	-2.81	2.21	0.44	1396
bullhead_1_setting4_dqn_domain_randomization	SIM_TRAIN	177	119.8	0.9	-2.70	2.05	0.44	1399
bullhead_1_setting4_dqn_domain_randomization	REAL_TEST	177	2061.0	100.0	-460.39	440.29	0.99	173
bullhead_1_setting4_dqn_domain_randomization	SIM_TRAIN	178	119.8	0.9	-2.39	1.80	0.44	1399
bullhead_1_setting4_dqn_domain_randomization	SIM_TRAIN	179	119.8	0.9	-2.83	2.13	0.44	1399
bullhead_1_setting4_dqn_domain_randomization	SIM_TRAIN	180	120.4	0.9	-1.93	1.50	0.45	1399
bullhead_1_setting4_dqn_domain_randomization	REAL_TEST	180	153.2	100.0	-10.27	7.11	0.67	1189
bullhead_1_setting4_dqn_domain_randomization	SIM_TRAIN	181	118.6	0.9	-2.25	1.61	0.44	1398
bullhead_1_setting4_dqn_domain_randomization	SIM_TRAIN	182	120.6	0.9	-2.67	2.11	0.43	1399
bullhead_1_setting4_dqn_domain_randomization	SIM_TRAIN	183	120.1	0.9	-2.66	1.88	0.45	1398
bullhead_1_setting4_dqn_domain_randomization	REAL_TEST	183	153.3	100.0	-10.48	7.07	0.71	1191
bullhead_1_setting4_dqn_domain_randomization	SIM_TRAIN	184	118.6	0.9	-2.42	1.81	0.45	1399
bullhead_1_setting4_dqn_domain_randomization	SIM_TRAIN	185	119.7	0.9	-2.29	1.74	0.45	1399
bullhead_1_setting4_dqn_domain_randomization	SIM_TRAIN	186	118.6	0.9	-2.46	1.96	0.42	1399
bullhead_1_setting4_dqn_domain_randomization	REAL_TEST	186	150.6	100.0	-7.60	5.84	0.63	1189
bullhead_1_setting4_dqn_domain_randomization	SIM_TRAIN	187	119.2	0.8	-2.20	1.85	0.45	1399
bullhead_1_setting4_dqn_domain_randomization	SIM_TRAIN	188	120.1	0.8	-2.86	2.18	0.45	1399
bullhead_1_setting4_dqn_domain_randomization	SIM_TRAIN	189	119.7	0.8	-1.77	1.44	0.44	1398
bullhead_1_setting4_dqn_domain_randomization	REAL_TEST	189	152.6	100.0	-10.29	6.90	0.71	1192
bullhead_1_setting4_dqn_domain_randomization	SIM_TRAIN	190	120.3	0.9	-2.49	1.99	0.45	1399
bullhead_1_setting4_dqn_domain_randomization	SIM_TRAIN	191	119.9	0.8	-2.52	1.96	0.44	1398
bullhead_1_setting4_dqn_domain_randomization	SIM_TRAIN	192	120.3	0.9	-3.00	2.18	0.45	1399
bullhead_1_setting4_dqn_domain_randomization	REAL_TEST	192	151.3	100.0	-7.58	5.61	0.62	1183
bullhead_1_setting4_dqn_domain_randomization	SIM_TRAIN	193	120.0	0.9	-2.40	1.80	0.45	1399
bullhead_1_setting4_dqn_domain_randomization	SIM_TRAIN	194	122.4	0.9	-2.80	2.32	0.51	1399
bullhead_1_setting4_dqn_domain_randomization	SIM_TRAIN	195	118.6	1.0	-2.43	1.91	0.44	1399
bullhead_1_setting4_dqn_domain_randomization	REAL_TEST	195	150.7	100.0	-8.40	6.31	0.65	1192
bullhead_1_setting4_dqn_domain_randomization	SIM_TRAIN	196	123.3	1.0	-2.58	2.14	0.50	1399
bullhead_1_setting4_dqn_domain_randomization	SIM_TRAIN	197	118.6	1.0	-2.41	1.91	0.44	1396
bullhead_1_setting4_dqn_domain_randomization	SIM_TRAIN	198	119.6	0.9	-2.56	1.99	0.44	1400
bullhead_1_setting4_dqn_domain_randomization	REAL_TEST	198	152.2	100.0	-8.79	6.49	0.67	1189
bullhead_1_setting4_dqn_domain_randomization	SIM_TRAIN	199	122.8	0.9	-2.45	1.71	0.45	1399
bullhead_1_setting4_dqn_domain_randomization	SIM_TRAIN	200	121.0	1.0	-2.66	2.09	0.44	1399
bullhead_1_setting4_dqn_domain_randomization	SIM_TRAIN	201	118.4	1.0	-2.20	1.55	0.44	1400
bullhead_1_setting4_dqn_domain_randomization	REAL_TEST	201	153.0	100.0	-10.20	7.07	0.68	1190
bullhead_1_setting4_dqn_domain_randomization	SIM_TRAIN	202	119.7	1.0	-2.45	1.71	0.44	1400
bullhead_1_setting4_dqn_domain_randomization	SIM_TRAIN	203	119.1	0.9	-2.65	2.05	0.43	1399
bullhead_1_setting4_dqn_domain_randomization	SIM_TRAIN	204	119.1	0.9	-2.30	1.80	0.44	1399
bullhead_1_setting4_dqn_domain_randomization	REAL_TEST	204	155.1	100.0	-10.21	7.32	0.68	1191
bullhead_1_setting4_dqn_domain_randomization	SIM_TRAIN	205	121.5	0.9	-2.51	2.09	0.43	1399
bullhead_1_setting4_dqn_domain_randomization	SIM_TRAIN	206	119.6	1.0	-2.52	1.97	0.45	1399
bullhead_1_setting4_dqn_domain_randomization	SIM_TRAIN	207	119.3	0.9	-2.11	1.60	0.44	1399
bullhead_1_setting4_dqn_domain_randomization	REAL_TEST	207	153.2	100.0	-10.31	7.04	0.70	1190
bullhead_1_setting4_dqn_domain_randomization	SIM_TRAIN	208	121.2	0.9	-3.00	2.30	0.46	1399
bullhead_1_setting4_dqn_domain_randomization	SIM_TRAIN	209	118.4	0.9	-2.44	1.92	0.42	1399
bullhead_1_setting4_dqn_domain_randomization	SIM_TRAIN	210	120.3	0.9	-2.52	1.81	0.45	1399
bullhead_1_setting4_dqn_domain_randomization	REAL_TEST	210	154.9	100.0	-11.02	7.46	0.70	1188
bullhead_1_setting4_dqn_domain_randomization	SIM_TRAIN	211	121.6	0.9	-2.84	2.30	0.45	1399
bullhead_1_setting4_dqn_domain_randomization	SIM_TRAIN	212	119.4	0.9	-2.10	1.51	0.45	1400
bullhead_1_setting4_dqn_domain_randomization	SIM_TRAIN	213	119.0	0.9	-2.62	1.93	0.44	1399
bullhead_1_setting4_dqn_domain_randomization	REAL_TEST	213	157.1	100.0	-11.80	8.14	0.70	1192
bullhead_1_setting4_dqn_domain_randomization	SIM_TRAIN	214	119.6	0.9	-2.78	2.08	0.45	1399
bullhead_1_setting4_dqn_domain_randomization	SIM_TRAIN	215	116.7	0.9	-1.26	0.93	0.43	1400
bullhead_1_setting4_dqn_domain_randomization	SIM_TRAIN	216	120.3	0.9	-2.88	2.21	0.45	1399
bullhead_1_setting4_dqn_domain_randomization	REAL_TEST	216	153.9	100.0	-9.99	6.83	0.69	1187
bullhead_1_setting4_dqn_domain_randomization	SIM_TRAIN	217	120.1	0.9	-2.42	1.86	0.43	1400
bullhead_1_setting4_dqn_domain_randomization	SIM_TRAIN	218	124.3	1.0	-3.16	2.52	0.46	1398
bullhead_1_setting4_dqn_domain_randomization	SIM_TRAIN	219	124.3	1.0	-3.11	2.51	0.46	1399
bullhead_1_setting4_dqn_domain_randomization	REAL_TEST	219	154.5	100.0	-10.92	7.42	0.70	1186
bullhead_1_setting4_dqn_domain_randomization	SIM_TRAIN	220	119.9	1.0	-2.83	2.10	0.44	1396
bullhead_1_setting4_dqn_domain_randomization	SIM_TRAIN	221	122.1	1.1	-2.93	2.30	0.46	1399
bullhead_1_setting4_dqn_domain_randomization	SIM_TRAIN	222	122.1	1.1	-2.50	1.88	0.45	1399
bullhead_1_setting4_dqn_domain_randomization	REAL_TEST	222	152.7	100.0	-9.23	6.66	0.65	1190
bullhead_1_setting4_dqn_domain_randomization	SIM_TRAIN	223	120.0	1.2	-3.08	2.27	0.46	1396
bullhead_1_setting4_dqn_domain_randomization	SIM_TRAIN	224	119.8	1.2	-2.95	2.29	0.43	1399
bullhead_1_setting4_dqn_domain_randomization	SIM_TRAIN	225	119.7	1.2	-2.75	2.09	0.44	1399
bullhead_1_setting4_dqn_domain_randomization	REAL_TEST	225	151.9	100.0	-8.73	6.65	0.62	1190
bullhead_1_setting4_dqn_domain_randomization	SIM_TRAIN	226	119.7	1.1	-3.08	2.23	0.45	1399
bullhead_1_setting4_dqn_domain_randomization	SIM_TRAIN	227	119.8	1.2	-2.38	1.82	0.44	1399
bullhead_1_setting4_dqn_domain_randomization	SIM_TRAIN	228	116.0	1.2	-1.32	0.97	0.42	1400
bullhead_1_setting4_dqn_domain_randomization	REAL_TEST	228	150.3	100.0	-8.78	6.18	0.62	1184
bullhead_1_setting4_dqn_domain_randomization	SIM_TRAIN	229	119.1	1.1	-2.59	2.07	0.42	1400
bullhead_1_setting4_dqn_domain_randomization	SIM_TRAIN	230	120.1	1.1	-2.74	2.07	0.44	1399
bullhead_1_setting4_dqn_domain_randomization	SIM_TRAIN	231	120.4	1.1	-2.25	1.75	0.46	1399
bullhead_1_setting4_dqn_domain_randomization	REAL_TEST	231	152.8	100.0	-9.17	6.78	0.62	1191
bullhead_1_setting4_dqn_domain_randomization	SIM_TRAIN	232	119.3	1.1	-2.80	2.14	0.45	1396
bullhead_1_setting4_dqn_domain_randomization	SIM_TRAIN	233	119.2	1.1	-2.82	2.14	0.45	1398
bullhead_1_setting4_dqn_domain_randomization	SIM_TRAIN	234	119.4	1.0	-1.96	1.50	0.44	1399
bullhead_1_setting4_dqn_domain_randomization	REAL_TEST	234	152.7	100.0	-9.31	6.91	0.62	1190
bullhead_1_setting4_dqn_domain_randomization	SIM_TRAIN	235	120.7	1.0	-3.41	2.53	0.46	1399
bullhead_1_setting4_dqn_domain_randomization	SIM_TRAIN	236	120.1	1.0	-3.13	2.39	0.44	1400
bullhead_1_setting4_dqn_domain_randomization	SIM_TRAIN	237	119.8	1.0	-2.40	1.97	0.42	1399
bullhead_1_setting4_dqn_domain_randomization	REAL_TEST	237	152.1	100.0	-9.73	6.72	0.65	1191
bullhead_1_setting4_dqn_domain_randomization	SIM_TRAIN	238	124.5	1.0	-2.48	1.99	0.46	1399
bullhead_1_setting4_dqn_domain_randomization	SIM_TRAIN	239	119.7	0.9	-2.53	1.94	0.44	1399
bullhead_1_setting4_dqn_domain_randomization	SIM_TRAIN	240	119.3	0.9	-2.49	1.84	0.44	1400
bullhead_1_setting4_dqn_domain_randomization	REAL_TEST	240	151.5	100.0	-9.52	6.38	0.67	1192
bullhead_1_setting4_dqn_domain_randomization	SIM_TRAIN	241	119.0	1.0	-2.42	1.78	0.44	1399
bullhead_1_setting4_dqn_domain_randomization	SIM_TRAIN	242	119.2	0.9	-2.28	1.64	0.44	1399
bullhead_1_setting4_dqn_domain_randomization	SIM_TRAIN	243	119.6	1.0	-2.70	2.04	0.44	1398
bullhead_1_setting4_dqn_domain_randomization	REAL_TEST	243	151.8	100.0	-9.61	6.40	0.65	1188
bullhead_1_setting4_dqn_domain_randomization	SIM_TRAIN	244	119.5	1.0	-2.14	1.61	0.43	1398
bullhead_1_setting4_dqn_domain_randomization	SIM_TRAIN	245	119.5	1.0	-2.79	2.11	0.45	1399
bullhead_1_setting4_dqn_domain_randomization	SIM_TRAIN	246	120.2	0.9	-1.84	1.53	0.45	1399
bullhead_1_setting4_dqn_domain_randomization	REAL_TEST	246	152.6	100.0	-10.21	6.82	0.68	1191
bullhead_1_setting4_dqn_domain_randomization	SIM_TRAIN	247	122.3	0.9	-2.62	2.09	0.45	1399
bullhead_1_setting4_dqn_domain_randomization	SIM_TRAIN	248	120.1	0.9	-2.91	2.16	0.44	1394
bullhead_1_setting4_dqn_domain_randomization	SIM_TRAIN	249	120.7	0.9	-3.25	2.41	0.46	1399
bullhead_1_setting4_dqn_domain_randomization	REAL_TEST	249	152.4	100.0	-10.13	6.89	0.68	1189
bullhead_1_setting4_dqn_domain_randomization	SIM_TRAIN	250	123.9	0.9	-2.91	2.19	0.47	1399
bullhead_1_setting4_dqn_domain_randomization	SIM_TRAIN	251	120.5	1.0	-2.76	2.20	0.44	1399
bullhead_1_setting4_dqn_domain_randomization	SIM_TRAIN	252	122.1	1.0	-2.77	2.31	0.49	1399
bullhead_1_setting4_dqn_domain_randomization	REAL_TEST	252	152.9	100.0	-9.65	6.85	0.64	1189
bullhead_1_setting4_dqn_domain_randomization	SIM_TRAIN	253	119.1	1.0	-2.65	2.06	0.44	1399
bullhead_1_setting4_dqn_domain_randomization	SIM_TRAIN	254	120.5	1.0	-2.58	2.08	0.44	1399
bullhead_1_setting4_dqn_domain_randomization	SIM_TRAIN	255	119.9	1.0	-2.33	1.80	0.44	1399
bullhead_1_setting4_dqn_domain_randomization	REAL_TEST	255	153.0	100.0	-11.02	7.22	0.68	1185
bullhead_1_setting4_dqn_domain_randomization	SIM_TRAIN	256	120.8	1.0	-2.06	1.57	0.46	1399
bullhead_1_setting4_dqn_domain_randomization	SIM_TRAIN	257	119.1	1.1	-2.67	2.04	0.45	1399
bullhead_1_setting4_dqn_domain_randomization	SIM_TRAIN	258	123.2	1.1	-2.65	2.10	0.45	1399
bullhead_1_setting4_dqn_domain_randomization	REAL_TEST	258	148.6	100.0	-7.58	5.45	0.64	1198
bullhead_1_setting4_dqn_domain_randomization	SIM_TRAIN	259	119.2	1.1	-2.72	2.04	0.44	1399
bullhead_1_setting4_dqn_domain_randomization	SIM_TRAIN	260	119.6	1.1	-2.42	2.00	0.44	1399
bullhead_1_setting4_dqn_domain_randomization	SIM_TRAIN	261	118.7	1.1	-2.37	1.78	0.44	1399
bullhead_1_setting4_dqn_domain_randomization	REAL_TEST	261	151.4	100.0	-9.56	6.45	0.69	1191
bullhead_1_setting4_dqn_domain_randomization	SIM_TRAIN	262	119.1	1.1	-2.12	1.51	0.44	1399
bullhead_1_setting4_dqn_domain_randomization	SIM_TRAIN	263	119.6	1.0	-2.86	2.20	0.45	1399
bullhead_1_setting4_dqn_domain_randomization	SIM_TRAIN	264	120.0	1.0	-2.43	1.92	0.44	1399
bullhead_1_setting4_dqn_domain_randomization	REAL_TEST	264	152.5	100.0	-10.94	6.93	0.69	1187
bullhead_1_setting4_dqn_domain_randomization	SIM_TRAIN	265	119.3	1.0	-1.92	1.47	0.45	1396
bullhead_1_setting4_dqn_domain_randomization	SIM_TRAIN	266	121.7	0.9	-3.09	2.30	0.47	1399
bullhead_1_setting4_dqn_domain_randomization	SIM_TRAIN	267	114.6	0.9	-1.06	0.78	0.38	1400
bullhead_1_setting4_dqn_domain_randomization	REAL_TEST	267	148.4	100.0	-7.21	5.15	0.62	1193
bullhead_1_setting4_dqn_domain_randomization	SIM_TRAIN	268	120.2	1.0	-3.08	2.33	0.45	1399
bullhead_1_setting4_dqn_domain_randomization	SIM_TRAIN	269	119.9	1.0	-2.64	2.05	0.43	1399
bullhead_1_setting4_dqn_domain_randomization	SIM_TRAIN	270	120.7	1.0	-3.33	2.48	0.46	1393
bullhead_1_setting4_dqn_domain_randomization	REAL_TEST	270	152.0	100.0	-9.93	6.41	0.67	1189
bullhead_1_setting4_dqn_domain_randomization	SIM_TRAIN	271	121.4	1.0	-1.91	1.61	0.45	1399
bullhead_1_setting4_dqn_domain_randomization	SIM_TRAIN	272	122.0	1.0	-2.41	1.78	0.45	1399
bullhead_1_setting4_dqn_domain_randomization	SIM_TRAIN	273	120.5	1.1	-3.24	2.39	0.46	1399
bullhead_1_setting4_dqn_domain_randomization	REAL_TEST	273	149.6	100.0	-9.01	5.94	0.67	1189
bullhead_1_setting4_dqn_domain_randomization	SIM_TRAIN	274	120.6	1.0	-2.41	1.93	0.44	1399
bullhead_1_setting4_dqn_domain_randomization	SIM_TRAIN	275	120.7	1.1	-2.99	2.30	0.45	1399
bullhead_1_setting4_dqn_domain_randomization	SIM_TRAIN	276	118.6	1.1	-2.41	1.98	0.41	1394
bullhead_1_setting4_dqn_domain_randomization	REAL_TEST	276	148.9	100.0	-8.44	5.45	0.67	1191
bullhead_1_setting4_dqn_domain_randomization	SIM_TRAIN	277	120.0	1.0	-2.08	1.74	0.43	1399
bullhead_1_setting4_dqn_domain_randomization	SIM_TRAIN	278	119.1	1.1	-2.34	1.75	0.43	1399
bullhead_1_setting4_dqn_domain_randomization	SIM_TRAIN	279	122.9	1.1	-3.08	2.46	0.46	1398
bullhead_1_setting4_dqn_domain_randomization	REAL_TEST	279	152.7	100.0	-10.60	6.69	0.73	1189
bullhead_1_setting4_dqn_domain_randomization	SIM_TRAIN	280	118.7	1.1	-2.52	1.94	0.44	1399
bullhead_1_setting4_dqn_domain_randomization	SIM_TRAIN	281	122.0	1.0	-2.82	2.22	0.46	1399
bullhead_1_setting4_dqn_domain_randomization	SIM_TRAIN	282	119.6	1.0	-2.52	2.01	0.43	1400
bullhead_1_setting4_dqn_domain_randomization	REAL_TEST	282	149.6	100.0	-9.19	5.80	0.68	1186
bullhead_1_setting4_dqn_domain_randomization	SIM_TRAIN	283	122.2	1.1	-2.58	2.08	0.45	1398
bullhead_1_setting4_dqn_domain_randomization	SIM_TRAIN	284	119.9	1.0	-2.56	2.01	0.44	1398
bullhead_1_setting4_dqn_domain_randomization	SIM_TRAIN	285	119.1	0.9	-2.28	1.73	0.43	1397
bullhead_1_setting4_dqn_domain_randomization	REAL_TEST	285	153.6	100.0	-11.77	7.19	0.74	1196
bullhead_1_setting4_dqn_domain_randomization	SIM_TRAIN	286	117.6	1.0	-2.12	1.69	0.42	1399
bullhead_1_setting4_dqn_domain_randomization	SIM_TRAIN	287	118.7	0.9	-2.55	1.91	0.44	1400
bullhead_1_setting4_dqn_domain_randomization	SIM_TRAIN	288	121.5	0.9	-2.53	2.00	0.45	1399
bullhead_1_setting4_dqn_domain_randomization	REAL_TEST	288	161.4	100.0	-15.80	9.09	0.75	1191
bullhead_1_setting4_dqn_domain_randomization	SIM_TRAIN	289	120.9	0.9	-3.22	2.44	0.45	1399
bullhead_1_setting4_dqn_domain_randomization	SIM_TRAIN	290	120.0	0.9	-2.57	1.94	0.44	1399
bullhead_1_setting4_dqn_domain_randomization	SIM_TRAIN	291	116.2	0.9	-1.34	0.94	0.44	1400
bullhead_1_setting4_dqn_domain_randomization	REAL_TEST	291	157.6	100.0	-14.00	8.60	0.69	1193
bullhead_1_setting4_dqn_domain_randomization	SIM_TRAIN	292	118.9	0.9	-2.12	1.59	0.44	1399
bullhead_1_setting4_dqn_domain_randomization	SIM_TRAIN	293	118.9	0.9	-2.71	2.06	0.45	1399
bullhead_1_setting4_dqn_domain_randomization	SIM_TRAIN	294	119.0	0.9	-2.51	1.91	0.44	1399
bullhead_1_setting4_dqn_domain_randomization	REAL_TEST	294	149.3	100.0	-7.72	4.84	0.63	1189
bullhead_1_setting4_dqn_domain_randomization	SIM_TRAIN	295	120.4	0.9	-2.69	1.99	0.45	1399
bullhead_1_setting4_dqn_domain_randomization	SIM_TRAIN	296	119.3	0.9	-2.42	1.89	0.43	1400
bullhead_1_setting4_dqn_domain_randomization	SIM_TRAIN	297	121.4	0.9	-2.25	1.94	0.47	1396
bullhead_1_setting4_dqn_domain_randomization	REAL_TEST	297	154.7	100.0	-10.81	7.41	0.65	1194
bullhead_1_setting4_dqn_domain_randomization	SIM_TRAIN	298	120.9	0.9	-2.53	1.95	0.44	1400
bullhead_1_setting4_dqn_domain_randomization	SIM_TRAIN	299	119.9	0.9	-2.24	1.67	0.44	1399
bullhead_1_setting4_dqn_domain_randomization	REAL_TEST	300	153.0	100.0	-10.65	6.39	0.68	1194
