PRLight neighbor topology (radius=600): {0: []}
PRLight (one-shot neighbor-aware prediction): m=2 decision(s) of assumed delay (sim_delay=20, real_delay=60)
replay_curve: 99 checkpoints from data/output_data/sim2real_actions/cityflow_dqn/cologne1/action_delay_optimized_s0_prlight_s0/model/cologne1_setting1_dqn_prlight -> eval real_setting=setting4
REAL_TEST step:3, travel time:130.0977011494253, q_loss:100, rewards:-71.78791232638889, queue:47.894444444444446, delay:0.6010025024414063, throughput:1845, violation_rate:0.0000, forceoff_rate:0.0000, violations:0, force_offs:0
REAL_TEST step:6, travel time:105.45144628099173, q_loss:100, rewards:-52.36334092881945, queue:34.90833333333333, delay:0.5662910885281033, throughput:1868, violation_rate:0.0000, forceoff_rate:0.0000, violations:0, force_offs:0
REAL_TEST step:9, travel time:194.29756637168143, q_loss:100, rewards:-119.20166015625, queue:79.5, delay:0.6019584231906467, throughput:1741, violation_rate:0.0000, forceoff_rate:0.0000, violations:0, force_offs:0
REAL_TEST step:12, travel time:104.89811912225706, q_loss:100, rewards:-51.530826822916666, queue:34.43055555555556, delay:0.5785358428955079, throughput:1845, violation_rate:0.0000, forceoff_rate:0.0000, violations:0, force_offs:0
REAL_TEST step:15, travel time:104.37229660144182, q_loss:100, rewards:-49.17581922743056, queue:32.825, delay:0.5742056952582465, throughput:1873, violation_rate:0.0000, forceoff_rate:0.0000, violations:0, force_offs:0
REAL_TEST step:18, travel time:102.10521042084169, q_loss:100, rewards:-51.07457139756944, queue:34.083333333333336, delay:0.5726257748074002, throughput:1935, violation_rate:0.0000, forceoff_rate:0.0000, violations:0, force_offs:0
REAL_TEST step:21, travel time:196.36454293628807, q_loss:100, rewards:-119.89501953125, queue:79.96666666666667, delay:0.6039522382948134, throughput:1737, violation_rate:0.0000, forceoff_rate:0.0000, violations:0, force_offs:0
REAL_TEST step:24, travel time:122.02258726899385, q_loss:100, rewards:-68.03166232638888, queue:45.388888888888886, delay:0.5828718821207682, throughput:1881, violation_rate:0.0000, forceoff_rate:0.0000, violations:0, force_offs:0
REAL_TEST step:27, travel time:96.54642857142858, q_loss:100, rewards:-44.62332356770833, queue:29.8, delay:0.5456685384114583, throughput:1898, violation_rate:0.0000, forceoff_rate:0.0000, violations:0, force_offs:0
REAL_TEST step:30, travel time:110.01880877742947, q_loss:100, rewards:-53.98874782986111, queue:36.03333333333333, delay:0.5809072706434462, throughput:1845, violation_rate:0.0000, forceoff_rate:0.0000, violations:0, force_offs:0
REAL_TEST step:33, travel time:115.78279118572928, q_loss:100, rewards:-57.20250108506944, queue:38.15833333333333, delay:0.5562785254584418, throughput:1829, violation_rate:0.0000, forceoff_rate:0.0000, violations:0, force_offs:0
REAL_TEST step:36, travel time:136.14909885308575, q_loss:100, rewards:-67.72496202256944, queue:45.18055555555556, delay:0.569341532389323, throughput:1744, violation_rate:0.0000, forceoff_rate:0.0000, violations:0, force_offs:0
REAL_TEST step:39, travel time:121.72933549432739, q_loss:100, rewards:-60.129161241319444, queue:40.11666666666667, delay:0.5458118862575955, throughput:1776, violation_rate:0.0000, forceoff_rate:0.0000, violations:0, force_offs:0
REAL_TEST step:42, travel time:96.30015552099533, q_loss:100, rewards:-46.34916449652778, queue:30.93888888888889, delay:0.5537076314290365, throughput:1858, violation_rate:0.0000, forceoff_rate:0.0000, violations:0, force_offs:0
REAL_TEST step:45, travel time:104.77063740856845, q_loss:100, rewards:-51.31458333333333, queue:34.25277777777778, delay:0.5462674034966363, throughput:1845, violation_rate:0.0000, forceoff_rate:0.0000, violations:0, force_offs:0
REAL_TEST step:48, travel time:139.38944281524925, q_loss:100, rewards:-50.78167860243055, queue:33.875, delay:0.5451954311794704, throughput:1614, violation_rate:0.0000, forceoff_rate:0.0000, violations:0, force_offs:0
REAL_TEST step:51, travel time:113.71266735324407, q_loss:100, rewards:-60.65166558159722, queue:40.53055555555556, delay:0.5706956651475694, throughput:1873, violation_rate:0.0000, forceoff_rate:0.0000, violations:0, force_offs:0
REAL_TEST step:54, travel time:111.16117404737385, q_loss:100, rewards:-57.900830078125, queue:38.63611111111111, delay:0.5749219682481553, throughput:1873, violation_rate:0.0000, forceoff_rate:0.0000, violations:0, force_offs:0
REAL_TEST step:57, travel time:108.06989543203082, q_loss:100, rewards:-49.422509765625, queue:33.03333333333333, delay:0.5431625366210937, throughput:1732, violation_rate:0.0000, forceoff_rate:0.0000, violations:0, force_offs:0
REAL_TEST step:60, travel time:117.4223635400106, q_loss:100, rewards:-58.44375542534722, queue:39.019444444444446, delay:0.5750096215142144, throughput:1813, violation_rate:0.0000, forceoff_rate:0.0000, violations:0, force_offs:0
REAL_TEST step:63, travel time:121.8018018018018, q_loss:100, rewards:-61.43459201388889, queue:41.00555555555555, delay:0.5857417636447483, throughput:1812, violation_rate:0.0000, forceoff_rate:0.0000, violations:0, force_offs:0
REAL_TEST step:66, travel time:115.65543259557344, q_loss:100, rewards:-61.51083441840278, queue:41.03055555555556, delay:0.5609934912787543, throughput:1952, violation_rate:0.0000, forceoff_rate:0.0000, violations:0, force_offs:0
REAL_TEST step:69, travel time:132.5862857142857, q_loss:100, rewards:-62.08127712673611, queue:41.44444444444444, delay:0.565202882554796, throughput:1661, violation_rate:0.0000, forceoff_rate:0.0000, violations:0, force_offs:0
REAL_TEST step:72, travel time:116.2605671482076, q_loss:100, rewards:-61.09582248263889, queue:40.81111111111111, delay:0.5763224707709418, throughput:1787, violation_rate:0.0000, forceoff_rate:0.0000, violations:0, force_offs:0
REAL_TEST step:75, travel time:119.51287332646756, q_loss:100, rewards:-65.09168294270833, queue:43.43611111111111, delay:0.5949381510416667, throughput:1873, violation_rate:0.0000, forceoff_rate:0.0000, violations:0, force_offs:0
REAL_TEST step:78, travel time:110.82904222451081, q_loss:100, rewards:-57.00459526909722, queue:38.02777777777778, delay:0.5813698238796658, throughput:1873, violation_rate:0.0000, forceoff_rate:0.0000, violations:0, force_offs:0
REAL_TEST step:81, travel time:115.92064315352697, q_loss:100, rewards:-63.81042751736111, queue:42.56666666666667, delay:0.5577365451388889, throughput:1885, violation_rate:0.0000, forceoff_rate:0.0000, violations:0, force_offs:0
REAL_TEST step:84, travel time:124.91606591143152, q_loss:100, rewards:-70.45460611979166, queue:47.00833333333333, delay:0.5986593458387587, throughput:1873, violation_rate:0.0000, forceoff_rate:0.0000, violations:0, force_offs:0
REAL_TEST step:87, travel time:151.72532188841203, q_loss:100, rewards:-89.07207573784723, queue:59.43333333333333, delay:0.593795649210612, throughput:1779, violation_rate:0.0000, forceoff_rate:0.0000, violations:0, force_offs:0
REAL_TEST step:90, travel time:107.14168377823408, q_loss:100, rewards:-54.784993489583336, queue:36.55555555555556, delay:0.573534181382921, throughput:1881, violation_rate:0.0000, forceoff_rate:0.0000, violations:0, force_offs:0
REAL_TEST step:93, travel time:108.38722966014419, q_loss:100, rewards:-54.70164388020833, queue:36.541666666666664, delay:0.5765382130940755, throughput:1873, violation_rate:0.0000, forceoff_rate:0.0000, violations:0, force_offs:0
REAL_TEST step:96, travel time:120.27379679144386, q_loss:100, rewards:-64.18001844618055, queue:42.88611111111111, delay:0.5607838100857205, throughput:1789, violation_rate:0.0000, forceoff_rate:0.0000, violations:0, force_offs:0
REAL_TEST step:99, travel time:137.56469951272334, q_loss:100, rewards:-76.48540581597223, queue:51.05277777777778, delay:0.5840599907769097, throughput:1761, violation_rate:0.0000, forceoff_rate:0.0000, violations:0, force_offs:0
REAL_TEST step:102, travel time:121.44017325392528, q_loss:100, rewards:-63.14000108506944, queue:42.15555555555556, delay:0.58775757683648, throughput:1760, violation_rate:0.0000, forceoff_rate:0.0000, violations:0, force_offs:0
REAL_TEST step:105, travel time:110.22192513368984, q_loss:100, rewards:-56.72791341145833, queue:37.87777777777778, delay:0.566009521484375, throughput:1789, violation_rate:0.0000, forceoff_rate:0.0000, violations:0, force_offs:0
REAL_TEST step:108, travel time:107.09038662486938, q_loss:100, rewards:-55.49958224826389, queue:37.047222222222224, delay:0.5630326165093316, throughput:1845, violation_rate:0.0000, forceoff_rate:0.0000, violations:0, force_offs:0
REAL_TEST step:111, travel time:112.53613531522296, q_loss:100, rewards:-59.21208767361111, queue:39.50277777777778, delay:0.597640864054362, throughput:1890, violation_rate:0.0000, forceoff_rate:0.0000, violations:0, force_offs:0
REAL_TEST step:114, travel time:125.7656836461126, q_loss:100, rewards:-61.289990234375, queue:40.922222222222224, delay:0.5814398023817274, throughput:1788, violation_rate:0.0000, forceoff_rate:0.0000, violations:0, force_offs:0
REAL_TEST step:117, travel time:130.54843669912864, q_loss:100, rewards:-74.84331597222223, queue:49.93333333333333, delay:0.5997550116644965, throughput:1891, violation_rate:0.0000, forceoff_rate:0.0000, violations:0, force_offs:0
REAL_TEST step:120, travel time:111.52490039840637, q_loss:100, rewards:-56.664990234375, queue:37.861111111111114, delay:0.5915701972113715, throughput:1946, violation_rate:0.0000, forceoff_rate:0.0000, violations:0, force_offs:0
REAL_TEST step:123, travel time:167.2060481804203, q_loss:100, rewards:-103.86586371527778, queue:69.28333333333333, delay:0.6254794650607639, throughput:1892, violation_rate:0.0000, forceoff_rate:0.0000, violations:0, force_offs:0
REAL_TEST step:126, travel time:185.17590497737555, q_loss:100, rewards:-65.96915690104167, queue:44.05555555555556, delay:0.5831578572591146, throughput:1655, violation_rate:0.0000, forceoff_rate:0.0000, violations:0, force_offs:0
REAL_TEST step:129, travel time:161.8643586833144, q_loss:100, rewards:-82.72249891493055, queue:55.2, delay:0.6110716501871745, throughput:1673, violation_rate:0.0000, forceoff_rate:0.0000, violations:0, force_offs:0
REAL_TEST step:132, travel time:150.88571428571427, q_loss:100, rewards:-73.76999782986111, queue:49.21666666666667, delay:0.5930482228597005, throughput:1697, violation_rate:0.0000, forceoff_rate:0.0000, violations:0, force_offs:0
REAL_TEST step:135, travel time:136.88928150765608, q_loss:100, rewards:-57.665852864583336, queue:38.49166666666667, delay:0.5574066585964627, throughput:1605, violation_rate:0.0000, forceoff_rate:0.0000, violations:0, force_offs:0
REAL_TEST step:138, travel time:84.25725929699439, q_loss:100, rewards:-40.352490234375, queue:26.925, delay:0.5317477756076389, throughput:1904, violation_rate:0.0000, forceoff_rate:0.0000, violations:0, force_offs:0
REAL_TEST step:141, travel time:127.37513751375137, q_loss:100, rewards:-61.45415581597222, queue:41.041666666666664, delay:0.5616562313503689, throughput:1732, violation_rate:0.0000, forceoff_rate:0.0000, violations:0, force_offs:0
REAL_TEST step:144, travel time:129.21324354657688, q_loss:100, rewards:-60.339984809027776, queue:40.25833333333333, delay:0.5769649929470486, throughput:1695, violation_rate:0.0000, forceoff_rate:0.0000, violations:0, force_offs:0
REAL_TEST step:147, travel time:112.5851409978308, q_loss:100, rewards:-56.49165581597222, queue:37.68333333333333, delay:0.5543132781982422, throughput:1759, violation_rate:0.0000, forceoff_rate:0.0000, violations:0, force_offs:0
REAL_TEST step:150, travel time:124.23223480947478, q_loss:100, rewards:-67.59789496527777, queue:45.16388888888889, delay:0.6013390011257596, throughput:1873, violation_rate:0.0000, forceoff_rate:0.0000, violations:0, force_offs:0
REAL_TEST step:153, travel time:114.81337480559876, q_loss:100, rewards:-57.475835503472226, queue:38.34444444444444, delay:0.6121700286865235, throughput:1858, violation_rate:0.0000, forceoff_rate:0.0000, violations:0, force_offs:0
REAL_TEST step:156, travel time:110.12002096436059, q_loss:100, rewards:-50.993321397569446, queue:34.03333333333333, delay:0.5726259019639757, throughput:1828, violation_rate:0.0000, forceoff_rate:0.0000, violations:0, force_offs:0
REAL_TEST step:159, travel time:115.54583772391992, q_loss:100, rewards:-55.940402560763886, queue:37.33611111111111, delay:0.5796204037136502, throughput:1820, violation_rate:0.0000, forceoff_rate:0.0000, violations:0, force_offs:0
REAL_TEST step:162, travel time:115.17879098360656, q_loss:100, rewards:-57.19792751736111, queue:38.15, delay:0.5986028883192275, throughput:1894, violation_rate:0.0000, forceoff_rate:0.0000, violations:0, force_offs:0
REAL_TEST step:165, travel time:120.76610857432775, q_loss:100, rewards:-65.02625325520833, queue:43.36666666666667, delay:0.6102174970838758, throughput:1915, violation_rate:0.0000, forceoff_rate:0.0000, violations:0, force_offs:0
REAL_TEST step:168, travel time:119.06570841889118, q_loss:100, rewards:-65.17752278645834, queue:43.49722222222222, delay:0.5956244150797526, throughput:1881, violation_rate:0.0000, forceoff_rate:0.0000, violations:0, force_offs:0
REAL_TEST step:171, travel time:127.20288362512873, q_loss:100, rewards:-70.88583984375, queue:47.28055555555556, delay:0.5925207349989149, throughput:1873, violation_rate:0.0000, forceoff_rate:0.0000, violations:0, force_offs:0
REAL_TEST step:174, travel time:134.37085062240664, q_loss:100, rewards:-72.86582573784722, queue:48.63611111111111, delay:0.5992046780056424, throughput:1859, violation_rate:0.0000, forceoff_rate:0.0000, violations:0, force_offs:0
REAL_TEST step:177, travel time:168.5585874799358, q_loss:100, rewards:-103.48373480902778, queue:69.03333333333333, delay:0.6047128041585287, throughput:1787, violation_rate:0.0000, forceoff_rate:0.0000, violations:0, force_offs:0
REAL_TEST step:180, travel time:144.96759017250392, q_loss:100, rewards:-85.333349609375, queue:56.94444444444444, delay:0.605708016289605, throughput:1875, violation_rate:0.0000, forceoff_rate:0.0000, violations:0, force_offs:0
REAL_TEST step:183, travel time:164.69341894060994, q_loss:100, rewards:-99.19500868055556, queue:66.21111111111111, delay:0.6012226952446832, throughput:1787, violation_rate:0.0000, forceoff_rate:0.0000, violations:0, force_offs:0
REAL_TEST step:186, travel time:126.28039702233251, q_loss:100, rewards:-74.23043619791666, queue:49.50277777777778, delay:0.5919467078314887, throughput:1982, violation_rate:0.0000, forceoff_rate:0.0000, violations:0, force_offs:0
REAL_TEST step:189, travel time:165.17656500802568, q_loss:100, rewards:-99.1783420138889, queue:66.19722222222222, delay:0.6061149597167969, throughput:1787, violation_rate:0.0000, forceoff_rate:0.0000, violations:0, force_offs:0
REAL_TEST step:192, travel time:132.70396523628463, q_loss:100, rewards:-67.92708875868055, queue:45.352777777777774, delay:0.5992542690700955, throughput:1756, violation_rate:0.0000, forceoff_rate:0.0000, violations:0, force_offs:0
REAL_TEST step:195, travel time:129.41368584758942, q_loss:100, rewards:-69.80543077256945, queue:46.611111111111114, delay:0.6054873996310763, throughput:1858, violation_rate:0.0000, forceoff_rate:0.0000, violations:0, force_offs:0
REAL_TEST step:198, travel time:130.875935828877, q_loss:100, rewards:-73.60749782986112, queue:49.108333333333334, delay:0.5868921067979601, throughput:1789, violation_rate:0.0000, forceoff_rate:0.0000, violations:0, force_offs:0
REAL_TEST step:201, travel time:113.53186151530356, q_loss:100, rewards:-62.05042317708333, queue:41.361111111111114, delay:0.579958979288737, throughput:1949, violation_rate:0.0000, forceoff_rate:0.0000, violations:0, force_offs:0
REAL_TEST step:204, travel time:109.91583166332666, q_loss:100, rewards:-57.637928602430556, queue:38.44722222222222, delay:0.591676754421658, throughput:1938, violation_rate:0.0000, forceoff_rate:0.0000, violations:0, force_offs:0
REAL_TEST step:207, travel time:150.80720917531403, q_loss:100, rewards:-81.70000542534723, queue:54.53888888888889, delay:0.6126591152615017, throughput:1744, violation_rate:0.0000, forceoff_rate:0.0000, violations:0, force_offs:0
REAL_TEST step:210, travel time:161.43458731049972, q_loss:100, rewards:-76.52418077256945, queue:51.06388888888889, delay:0.5951150682237413, throughput:1695, violation_rate:0.0000, forceoff_rate:0.0000, violations:0, force_offs:0
REAL_TEST step:213, travel time:126.37826755509995, q_loss:100, rewards:-69.8245822482639, queue:46.55277777777778, delay:0.6010621388753256, throughput:1898, violation_rate:0.0000, forceoff_rate:0.0000, violations:0, force_offs:0
REAL_TEST step:216, travel time:120.71830985915493, q_loss:100, rewards:-68.51624348958333, queue:45.67777777777778, delay:0.5994915008544922, throughput:1923, violation_rate:0.0000, forceoff_rate:0.0000, violations:0, force_offs:0
REAL_TEST step:219, travel time:149.40164383561643, q_loss:100, rewards:-79.38709852430556, queue:52.98888888888889, delay:0.603030776977539, throughput:1738, violation_rate:0.0000, forceoff_rate:0.0000, violations:0, force_offs:0
REAL_TEST step:222, travel time:118.10712455151204, q_loss:100, rewards:-63.692111545138886, queue:42.458333333333336, delay:0.6013003455268012, throughput:1898, violation_rate:0.0000, forceoff_rate:0.0000, violations:0, force_offs:0
REAL_TEST step:225, travel time:124.5468982630273, q_loss:100, rewards:-72.34958224826389, queue:48.24166666666667, delay:0.6039621988932292, throughput:1983, violation_rate:0.0000, forceoff_rate:0.0000, violations:0, force_offs:0
REAL_TEST step:228, travel time:167.23444206008583, q_loss:100, rewards:-100.83206380208334, queue:67.28055555555555, delay:0.6132135603162977, throughput:1779, violation_rate:0.0000, forceoff_rate:0.0000, violations:0, force_offs:0
REAL_TEST step:231, travel time:133.34154929577466, q_loss:100, rewards:-79.03542209201389, queue:52.75833333333333, delay:0.6038099077012804, throughput:1928, violation_rate:0.0000, forceoff_rate:0.0000, violations:0, force_offs:0
REAL_TEST step:234, travel time:179.0971488912355, q_loss:100, rewards:-107.53168402777777, queue:71.73055555555555, delay:0.631091054280599, throughput:1815, violation_rate:0.0000, forceoff_rate:0.0000, violations:0, force_offs:0
REAL_TEST step:237, travel time:177.59874608150471, q_loss:100, rewards:-109.70870225694445, queue:73.175, delay:0.6277334849039714, throughput:1845, violation_rate:0.0000, forceoff_rate:0.0000, violations:0, force_offs:0
REAL_TEST step:240, travel time:156.34386920980927, q_loss:100, rewards:-83.50039605034722, queue:55.725, delay:0.6117375691731771, throughput:1750, violation_rate:0.0000, forceoff_rate:0.0000, violations:0, force_offs:0
REAL_TEST step:243, travel time:137.93474883480062, q_loss:100, rewards:-82.19500325520833, queue:54.825, delay:0.5979200998942057, throughput:1863, violation_rate:0.0000, forceoff_rate:0.0000, violations:0, force_offs:0
REAL_TEST step:246, travel time:152.72345934748836, q_loss:100, rewards:-90.21210394965277, queue:60.227777777777774, delay:0.6020854949951172, throughput:1860, violation_rate:0.0000, forceoff_rate:0.0000, violations:0, force_offs:0
REAL_TEST step:249, travel time:174.89928453494772, q_loss:100, rewards:-99.76500651041667, queue:66.54722222222222, delay:0.6086366017659505, throughput:1730, violation_rate:0.0000, forceoff_rate:0.0000, violations:0, force_offs:0
REAL_TEST step:252, travel time:140.47648902821317, q_loss:100, rewards:-78.66039496527777, queue:52.49166666666667, delay:0.6014222462972005, throughput:1845, violation_rate:0.0000, forceoff_rate:0.0000, violations:0, force_offs:0
REAL_TEST step:255, travel time:138.1570996978852, q_loss:100, rewards:-82.42418619791667, queue:54.99722222222222, delay:0.6055590311686198, throughput:1922, violation_rate:0.0000, forceoff_rate:0.0000, violations:0, force_offs:0
REAL_TEST step:258, travel time:135.5151364764268, q_loss:100, rewards:-81.64876844618055, queue:54.43611111111111, delay:0.6072458902994792, throughput:1982, violation_rate:0.0000, forceoff_rate:0.0000, violations:0, force_offs:0
REAL_TEST step:261, travel time:145.46619411123228, q_loss:100, rewards:-76.63625759548611, queue:51.147222222222226, delay:0.5862756941053603, throughput:1752, violation_rate:0.0000, forceoff_rate:0.0000, violations:0, force_offs:0
REAL_TEST step:264, travel time:122.05274043433299, q_loss:100, rewards:-68.28790147569444, queue:45.516666666666666, delay:0.6011597951253255, throughput:1877, violation_rate:0.0000, forceoff_rate:0.0000, violations:0, force_offs:0
REAL_TEST step:267, travel time:144.67189132706375, q_loss:100, rewards:-83.80419379340277, queue:55.91388888888889, delay:0.607764392428928, throughput:1852, violation_rate:0.0000, forceoff_rate:0.0000, violations:0, force_offs:0
REAL_TEST step:270, travel time:137.05461102524472, q_loss:100, rewards:-78.14624565972223, queue:52.141666666666666, delay:0.6108259836832682, throughput:1879, violation_rate:0.0000, forceoff_rate:0.0000, violations:0, force_offs:0
REAL_TEST step:273, travel time:127.67610710607622, q_loss:100, rewards:-72.33875868055556, queue:48.266666666666666, delay:0.618402820163303, throughput:1873, violation_rate:0.0000, forceoff_rate:0.0000, violations:0, force_offs:0
REAL_TEST step:276, travel time:139.49351995852774, q_loss:100, rewards:-81.94086371527777, queue:54.672222222222224, delay:0.6002263810899523, throughput:1858, violation_rate:0.0000, forceoff_rate:0.0000, violations:0, force_offs:0
REAL_TEST step:279, travel time:120.54493207941483, q_loss:100, rewards:-64.225830078125, queue:42.84444444444444, delay:0.594416512383355, throughput:1845, violation_rate:0.0000, forceoff_rate:0.0000, violations:0, force_offs:0
REAL_TEST step:282, travel time:146.46729957805908, q_loss:100, rewards:-80.96250542534722, queue:54.047222222222224, delay:0.5884738074408637, throughput:1819, violation_rate:0.0000, forceoff_rate:0.0000, violations:0, force_offs:0
REAL_TEST step:285, travel time:132.86361348766985, q_loss:100, rewards:-80.06165364583333, queue:53.41111111111111, delay:0.6086132049560546, throughput:1922, violation_rate:0.0000, forceoff_rate:0.0000, violations:0, force_offs:0
REAL_TEST step:288, travel time:134.48171368861023, q_loss:100, rewards:-75.79167209201388, queue:50.583333333333336, delay:0.603761249118381, throughput:1845, violation_rate:0.0000, forceoff_rate:0.0000, violations:0, force_offs:0
REAL_TEST step:291, travel time:118.844, q_loss:100, rewards:-67.0, queue:44.69166666666667, delay:0.5925736321343316, throughput:1957, violation_rate:0.0000, forceoff_rate:0.0000, violations:0, force_offs:0
REAL_TEST step:294, travel time:155.99344620425995, q_loss:100, rewards:-86.43377278645833, queue:57.675, delay:0.6133730994330512, throughput:1743, violation_rate:0.0000, forceoff_rate:0.0000, violations:0, force_offs:0
REAL_TEST step:297, travel time:139.53933161953728, q_loss:100, rewards:-73.55707465277777, queue:49.044444444444444, delay:0.6289834340413412, throughput:1899, violation_rate:0.0000, forceoff_rate:0.0000, violations:0, force_offs:0
Total time taken: 382.69249272346497
