RewardInference: 15 probes (components ['queue', 'delay', 'waiting', 'pressure', 'switches'] x 3 repeats, capped at 99 by real budget)
SIM_TRAIN step:0, travel time:139.4575, q_loss:0.0036944791, rewards:-38.977226, queue:13.813889, delay:0.35031444, throughput:2764, raw_metrics:{'fairness': 132.0}
SIM_TRAIN step:1, travel time:56.30142857142857, q_loss:0.0030400348, rewards:-3.6274993, queue:1.8481481, delay:0.18446401, throughput:2784, raw_metrics:{'fairness': 24.333}
SIM_TRAIN step:2, travel time:65.12816851124599, q_loss:0.0032136322, rewards:-6.3886123, queue:3.5157406, delay:0.18365239, throughput:2786, raw_metrics:{'fairness': 36.333}
REAL_TRAIN step:1, travel time:125.59655898876404, q_loss:100, rewards:-50.28139, queue:14.425926, delay:0.4744245, throughput:2736, R_real:-0.8762, components:{'queue': 0.39, 'delay': 0.0, 'waiting': 0.0, 'pressure': 0.0, 'switches': 0.0, 'ssm_conflicts': 0.486, 'collisions': 0.0}, raw_metrics:{'fairness': 6.333, 'emission': 393.777, 'fuel': 127.659, 'emergency_stops': 7.0, 'collisions': 0.0, 'ssm_conflicts': 875.0}, probe[queue]
SIM_TRAIN step:3, travel time:464.9910778015703, q_loss:0.014500732, rewards:-46.58889, queue:17.683332, delay:0.39029616, throughput:2744, raw_metrics:{'fairness': 152.0}
SIM_TRAIN step:4, travel time:133.03283369022128, q_loss:0.028128797, rewards:-7.302223, queue:2.9712963, delay:0.18633556, throughput:2791, raw_metrics:{'fairness': 0.0}
SIM_TRAIN step:5, travel time:62.65428571428571, q_loss:0.02075617, rewards:-1.4811112, queue:1.812037, delay:0.1637937, throughput:2765, raw_metrics:{'fairness': 65.333}
REAL_TRAIN step:2, travel time:963.7687074829932, q_loss:100, rewards:-168.76277, queue:60.153706, delay:0.8206282, throughput:815, R_real:-1.8902, components:{'queue': 1.705, 'delay': 0.0, 'waiting': 0.0, 'pressure': 0.0, 'switches': 0.0, 'ssm_conflicts': 0.186, 'collisions': 0.0}, raw_metrics:{'fairness': 56.667, 'emission': 1151.382, 'fuel': 373.271, 'emergency_stops': 2.0, 'collisions': 1.0, 'ssm_conflicts': 334.0}, probe[delay]
SIM_TRAIN step:6, travel time:305.5596428571429, q_loss:39.88073, rewards:-67.23195, queue:23.114815, delay:0.43120998, throughput:2777, raw_metrics:{'fairness': 36.0}
SIM_TRAIN step:7, travel time:71.13847251962883, q_loss:18.974928, rewards:-10.781945, queue:4.263889, delay:0.23529416, throughput:2785, raw_metrics:{'fairness': 68.0}
SIM_TRAIN step:8, travel time:64.76857142857143, q_loss:22.838476, rewards:-10.664442, queue:4.174074, delay:0.21723369, throughput:2778, raw_metrics:{'fairness': 48.333}
REAL_TRAIN step:3, travel time:177.1082118188795, q_loss:100, rewards:-65.9386, queue:20.109259, delay:0.47305167, throughput:2459, R_real:-0.9321, components:{'queue': 0.619, 'delay': 0.0, 'waiting': 0.0, 'pressure': 0.0, 'switches': 0.0, 'ssm_conflicts': 0.313, 'collisions': 0.0}, raw_metrics:{'fairness': 48.0, 'emission': 491.701, 'fuel': 159.406, 'emergency_stops': 1.0, 'collisions': 0.0, 'ssm_conflicts': 564.0}, probe[waiting]
SIM_TRAIN step:9, travel time:359.6858264905391, q_loss:1.0595425, rewards:-70.51888, queue:24.077778, delay:0.46085584, throughput:2750, raw_metrics:{'fairness': 79.667}
SIM_TRAIN step:10, travel time:70.30157030692362, q_loss:0.27342665, rewards:-12.3324995, queue:4.7203703, delay:0.21611008, throughput:2784, raw_metrics:{'fairness': 55.667}
SIM_TRAIN step:11, travel time:67.27990003570153, q_loss:0.17915666, rewards:-6.628056, queue:3.363889, delay:0.19099367, throughput:2785, raw_metrics:{'fairness': 49.667}
REAL_TRAIN step:4, travel time:919.990625, q_loss:100, rewards:-160.45361, queue:58.86759, delay:0.8572019, throughput:966, R_real:-1.9723, components:{'queue': 1.683, 'delay': 0.0, 'waiting': 0.0, 'pressure': 0.0, 'switches': 0.0, 'ssm_conflicts': 0.289, 'collisions': 0.0}, raw_metrics:{'fairness': 103.333, 'emission': 1163.295, 'fuel': 377.133, 'emergency_stops': 2.0, 'collisions': 0.0, 'ssm_conflicts': 520.0}, probe[pressure]
SIM_TRAIN step:12, travel time:945.48, q_loss:0.032079797, rewards:-111.63639, queue:44.80648, delay:0.54284805, throughput:1558, raw_metrics:{'fairness': 216.667}
SIM_TRAIN step:13, travel time:1188.955357142857, q_loss:0.01436326, rewards:-151.1814, queue:52.432407, delay:0.54772466, throughput:1210, raw_metrics:{'fairness': 174.333}
SIM_TRAIN step:14, travel time:1298.2556229917886, q_loss:0.0047696955, rewards:-146.01003, queue:51.20741, delay:0.5636168, throughput:1023, raw_metrics:{'fairness': 137.667}
REAL_TRAIN step:5, travel time:2092.247435897436, q_loss:100, rewards:-179.30417, queue:61.335186, delay:0.8154085, throughput:171, R_real:-1.8528, components:{'queue': 1.74, 'delay': 0.0, 'waiting': 0.0, 'pressure': 0.0, 'switches': 0.0, 'ssm_conflicts': 0.113, 'collisions': 0.0}, raw_metrics:{'fairness': 2.0, 'emission': 1051.791, 'fuel': 340.985, 'emergency_stops': 0.0, 'collisions': 0.0, 'ssm_conflicts': 203.0}, probe[switches]
SIM_TRAIN step:15, travel time:938.8051391862955, q_loss:0.0199803, rewards:-92.42891, queue:41.02778, delay:0.5548716, throughput:1725, raw_metrics:{'fairness': 179.333}
SIM_TRAIN step:16, travel time:329.0017857142857, q_loss:0.013439632, rewards:-34.275852, queue:14.525926, delay:0.3386765, throughput:2710, raw_metrics:{'fairness': 61.0}
SIM_TRAIN step:17, travel time:79.8343448768297, q_loss:0.014003677, rewards:-12.668612, queue:5.6361113, delay:0.2373866, throughput:2788, raw_metrics:{'fairness': 6.333}
REAL_TRAIN step:6, travel time:1002.3, q_loss:100, rewards:-131.98637, queue:47.791668, delay:0.78452903, throughput:825, R_real:-1.5103, components:{'queue': 1.274, 'delay': 0.0, 'waiting': 0.0, 'pressure': 0.0, 'switches': 0.0, 'ssm_conflicts': 0.237, 'collisions': 0.0}, raw_metrics:{'fairness': 85.333, 'emission': 970.192, 'fuel': 314.531, 'emergency_stops': 0.0, 'collisions': 0.0, 'ssm_conflicts': 426.0}, probe[queue]
SIM_TRAIN step:18, travel time:387.65512317029635, q_loss:0.012793272, rewards:-66.78304, queue:24.578703, delay:0.4678771, throughput:2766, raw_metrics:{'fairness': 59.333}
SIM_TRAIN step:19, travel time:95.82464285714286, q_loss:0.021342395, rewards:-25.429728, queue:9.509259, delay:0.25798705, throughput:2781, raw_metrics:{'fairness': 42.667}
SIM_TRAIN step:20, travel time:60.64119957158158, q_loss:0.020687876, rewards:-4.2816663, queue:2.0370371, delay:0.1717733, throughput:2775, raw_metrics:{'fairness': 0.0}
REAL_TRAIN step:7, travel time:133.15079969535415, q_loss:100, rewards:-48.63917, queue:14.224074, delay:0.38763377, throughput:2515, R_real:-0.8490, components:{'queue': 0.5, 'delay': 0.0, 'waiting': 0.0, 'pressure': 0.0, 'switches': 0.0, 'ssm_conflicts': 0.349, 'collisions': 0.0}, raw_metrics:{'fairness': 47.333, 'emission': 404.16, 'fuel': 131.025, 'emergency_stops': 3.0, 'collisions': 0.0, 'ssm_conflicts': 628.0}, probe[delay]
SIM_TRAIN step:21, travel time:459.5053571428571, q_loss:55.242027, rewards:-71.77583, queue:25.632408, delay:0.46942443, throughput:2386, raw_metrics:{'fairness': 155.667}
SIM_TRAIN step:22, travel time:245.3475, q_loss:27.41957, rewards:-39.912773, queue:13.533334, delay:0.32385677, throughput:2773, raw_metrics:{'fairness': 0.0}
SIM_TRAIN step:23, travel time:90.37857142857143, q_loss:31.376421, rewards:-16.734169, queue:6.8398147, delay:0.25570127, throughput:2754, raw_metrics:{'fairness': 220.333}
REAL_TRAIN step:8, travel time:561.8525737131434, q_loss:100, rewards:-104.76167, queue:36.68704, delay:0.6589093, throughput:1437, R_real:-1.3329, components:{'queue': 0.973, 'delay': 0.0, 'waiting': 0.0, 'pressure': 0.0, 'switches': 0.0, 'ssm_conflicts': 0.36, 'collisions': 0.0}, raw_metrics:{'fairness': 50.667, 'emission': 747.582, 'fuel': 242.361, 'emergency_stops': 4.0, 'collisions': 0.0, 'ssm_conflicts': 648.0}, probe[waiting]
SIM_TRAIN step:24, travel time:549.0125, q_loss:0.58720833, rewards:-76.33471, queue:28.086111, delay:0.47795653, throughput:2212, raw_metrics:{'fairness': 160.333}
SIM_TRAIN step:25, travel time:472.1882142857143, q_loss:0.5495663, rewards:-45.79861, queue:19.813889, delay:0.33688644, throughput:2010, raw_metrics:{'fairness': 236.667}
SIM_TRAIN step:26, travel time:95.50910389146733, q_loss:0.62379164, rewards:-5.161944, queue:2.3351853, delay:0.1849944, throughput:2783, raw_metrics:{'fairness': 69.0}
REAL_TRAIN step:9, travel time:800.2004759071981, q_loss:100, rewards:-128.94223, queue:43.31389, delay:0.74938554, throughput:1028, R_real:-1.3636, components:{'queue': 1.1, 'delay': 0.0, 'waiting': 0.0, 'pressure': 0.0, 'switches': 0.0, 'ssm_conflicts': 0.264, 'collisions': 0.0}, raw_metrics:{'fairness': 57.333, 'emission': 818.004, 'fuel': 265.192, 'emergency_stops': 0.0, 'collisions': 0.0, 'ssm_conflicts': 475.0}, probe[pressure]
SIM_TRAIN step:27, travel time:894.5946428571428, q_loss:0.028429896, rewards:-96.1125, queue:37.148148, delay:0.5125478, throughput:1541, raw_metrics:{'fairness': 112.333}
SIM_TRAIN step:28, travel time:1233.975357142857, q_loss:0.009061518, rewards:-126.06696, queue:48.580555, delay:0.5213476, throughput:1151, raw_metrics:{'fairness': 150.667}
SIM_TRAIN step:29, travel time:1327.5967857142857, q_loss:0.0020469066, rewards:-120.46615, queue:47.192593, delay:0.586951, throughput:1081, raw_metrics:{'fairness': 207.667}
REAL_TRAIN step:10, travel time:1514.9929328621909, q_loss:100, rewards:-106.30057, queue:43.63889, delay:0.7143945, throughput:422, R_real:-1.2387, components:{'queue': 1.095, 'delay': 0.0, 'waiting': 0.0, 'pressure': 0.0, 'switches': 0.0, 'ssm_conflicts': 0.143, 'collisions': 0.0}, raw_metrics:{'fairness': 91.333, 'emission': 980.146, 'fuel': 317.758, 'emergency_stops': 0.0, 'collisions': 0.0, 'ssm_conflicts': 258.0}, probe[switches]
SIM_TRAIN step:30, travel time:761.3114285714286, q_loss:0.02102564, rewards:-117.32335, queue:39.22963, delay:0.5485225, throughput:2041, raw_metrics:{'fairness': 126.667}
SIM_TRAIN step:31, travel time:804.7242857142858, q_loss:0.022993818, rewards:-66.11971, queue:27.077778, delay:0.3577517, throughput:1702, raw_metrics:{'fairness': 224.333}
SIM_TRAIN step:32, travel time:647.9585714285714, q_loss:0.029313214, rewards:-55.713318, queue:23.518518, delay:0.3567146, throughput:1839, raw_metrics:{'fairness': 192.667}
REAL_TRAIN step:11, travel time:442.39026717557255, q_loss:100, rewards:-81.83583, queue:26.544445, delay:0.58858544, throughput:1633, R_real:-1.0087, components:{'queue': 0.62, 'delay': 0.0, 'waiting': 0.0, 'pressure': 0.0, 'switches': 0.0, 'ssm_conflicts': 0.388, 'collisions': 0.0}, raw_metrics:{'fairness': 44.667, 'emission': 559.701, 'fuel': 181.451, 'emergency_stops': 1.0, 'collisions': 0.0, 'ssm_conflicts': 699.0}, probe[queue]
SIM_TRAIN step:33, travel time:817.0825, q_loss:0.0125557445, rewards:-94.87416, queue:34.823147, delay:0.49293542, throughput:1964, raw_metrics:{'fairness': 97.667}
SIM_TRAIN step:34, travel time:474.88357142857143, q_loss:0.019283684, rewards:-47.568336, queue:19.720371, delay:0.36105925, throughput:2273, raw_metrics:{'fairness': 232.0}
SIM_TRAIN step:35, travel time:104.09285714285714, q_loss:0.023354145, rewards:-14.507777, queue:5.639815, delay:0.21857612, throughput:2782, raw_metrics:{'fairness': 40.0}
REAL_TRAIN step:12, travel time:789.8579545454545, q_loss:100, rewards:-78.39445, queue:29.512037, delay:0.5501677, throughput:1036, R_real:-0.9391, components:{'queue': 0.687, 'delay': 0.0, 'waiting': 0.0, 'pressure': 0.0, 'switches': 0.0, 'ssm_conflicts': 0.252, 'collisions': 0.0}, raw_metrics:{'fairness': 23.667, 'emission': 641.481, 'fuel': 207.964, 'emergency_stops': 1.0, 'collisions': 0.0, 'ssm_conflicts': 453.0}, probe[delay]
SIM_TRAIN step:36, travel time:360.4127097465191, q_loss:9.096228, rewards:-72.15336, queue:24.792593, delay:0.42558798, throughput:2742, raw_metrics:{'fairness': 94.667}
SIM_TRAIN step:37, travel time:75.335, q_loss:4.643437, rewards:-13.285833, queue:5.001852, delay:0.2405955, throughput:2790, raw_metrics:{'fairness': 4.333}
SIM_TRAIN step:38, travel time:64.51713062098501, q_loss:6.3996677, rewards:-6.16139, queue:2.624074, delay:0.20996515, throughput:2763, raw_metrics:{'fairness': 83.667}
REAL_TRAIN step:13, travel time:943.4386852085967, q_loss:100, rewards:-112.77666, queue:45.24259, delay:0.71582204, throughput:929, R_real:-1.4613, components:{'queue': 1.272, 'delay': 0.0, 'waiting': 0.0, 'pressure': 0.0, 'switches': 0.0, 'ssm_conflicts': 0.189, 'collisions': 0.0}, raw_metrics:{'fairness': 44.0, 'emission': 1016.821, 'fuel': 329.648, 'emergency_stops': 0.0, 'collisions': 0.0, 'ssm_conflicts': 340.0}, probe[waiting]
SIM_TRAIN step:39, travel time:458.5825, q_loss:0.42263448, rewards:-49.444435, queue:18.749075, delay:0.4058811, throughput:2695, raw_metrics:{'fairness': 184.667}
SIM_TRAIN step:40, travel time:66.73535714285714, q_loss:0.20941763, rewards:-10.305831, queue:4.108333, delay:0.2009443, throughput:2791, raw_metrics:{'fairness': 19.333}
SIM_TRAIN step:41, travel time:67.00285714285714, q_loss:0.16797689, rewards:-7.4324985, queue:3.8435185, delay:0.18689533, throughput:2783, raw_metrics:{'fairness': 36.667}
REAL_TRAIN step:14, travel time:452.0158084914182, q_loss:100, rewards:-121.80611, queue:43.81852, delay:0.70105386, throughput:1674, R_real:-1.5852, components:{'queue': 1.327, 'delay': 0.0, 'waiting': 0.0, 'pressure': 0.0, 'switches': 0.0, 'ssm_conflicts': 0.258, 'collisions': 0.0}, raw_metrics:{'fairness': 155.0, 'emission': 964.185, 'fuel': 312.583, 'emergency_stops': 5.0, 'collisions': 0.0, 'ssm_conflicts': 464.0}, probe[pressure]
SIM_TRAIN step:42, travel time:815.4164285714286, q_loss:0.018374983, rewards:-101.85613, queue:36.788887, delay:0.43861577, throughput:1694, raw_metrics:{'fairness': 44.667}
SIM_TRAIN step:43, travel time:965.7, q_loss:0.007164533, rewards:-101.85167, queue:39.288887, delay:0.48342043, throughput:1473, raw_metrics:{'fairness': 88.667}
SIM_TRAIN step:44, travel time:974.7582142857143, q_loss:0.0021038041, rewards:-103.45084, queue:40.952778, delay:0.5024793, throughput:1473, raw_metrics:{'fairness': 78.667}
REAL_TRAIN step:15, travel time:1574.3612964728313, q_loss:100, rewards:-185.315, queue:63.641666, delay:0.8806618, throughput:418, R_real:-1.9099, components:{'queue': 1.784, 'delay': 0.0, 'waiting': 0.0, 'pressure': 0.0, 'switches': 0.0, 'ssm_conflicts': 0.126, 'collisions': 0.0}, raw_metrics:{'fairness': 79.333, 'emission': 1160.233, 'fuel': 376.141, 'emergency_stops': 0.0, 'collisions': 0.0, 'ssm_conflicts': 227.0}, probe[switches]
RewardInference identified ŵ: {'queue': 0.5, 'delay': 0.0, 'waiting': 0.0, 'pressure': 0.0, 'switches': 0.0, 'ssm_conflicts': 2.0, 'collisions': 0.0}
RewardInference: identified but SIM-UNOBSERVABLE (irreducible gap): {'ssm_conflicts': 2.0}
RewardInference: renormalized actionable ŵ (max->1): {'queue': 1.0}
REAL_TRAIN step:0, travel time:71.21743697478992, q_loss:100, rewards:-11.917779, queue:1.4833333, delay:0.22769423, throughput:2812, R_real:-0.3571, components:{'queue': 0.034, 'delay': 0.0, 'waiting': 0.0, 'pressure': 0.0, 'switches': 0.0, 'ssm_conflicts': 0.323, 'collisions': 0.0}, raw_metrics:{'fairness': 0.0, 'emission': 181.014, 'fuel': 58.683, 'emergency_stops': 6.0, 'collisions': 0.0, 'ssm_conflicts': 581.0}, final;warmstart
SIM_TRAIN step:45, travel time:61.1675, q_loss:0, rewards:-7.978612, queue:3.3722222, delay:0.17329365, throughput:2783, raw_metrics:{'fairness': 67.333}
SIM_TRAIN step:46, travel time:56.371295965726524, q_loss:0, rewards:-0.32472178, queue:0.8518519, delay:0.13498732, throughput:2791, raw_metrics:{'fairness': 0.0}
REAL_TRAIN step:2, travel time:71.21743697478992, q_loss:100, rewards:-11.917779, queue:1.4833333, delay:0.22769423, throughput:2812, R_real:-0.3571, components:{'queue': 0.034, 'delay': 0.0, 'waiting': 0.0, 'pressure': 0.0, 'switches': 0.0, 'ssm_conflicts': 0.323, 'collisions': 0.0}, raw_metrics:{'fairness': 0.0, 'emission': 181.014, 'fuel': 58.683, 'emergency_stops': 6.0, 'collisions': 0.0, 'ssm_conflicts': 581.0}, final;ckpt
SIM_TRAIN step:47, travel time:62.589285714285715, q_loss:11.315593, rewards:-5.0780563, queue:2.4, delay:0.15765326, throughput:2789, raw_metrics:{'fairness': 0.0}
SIM_TRAIN step:48, travel time:62.424188369603996, q_loss:2.2850707, rewards:1.3586105, queue:1.3740741, delay:0.14977573, throughput:2790, raw_metrics:{'fairness': 25.0}
REAL_TRAIN step:4, travel time:604.4285004965243, q_loss:100, rewards:-124.4175, queue:43.816666, delay:0.66834646, throughput:1393, R_real:-1.6223, components:{'queue': 1.319, 'delay': 0.0, 'waiting': 0.0, 'pressure': 0.0, 'switches': 0.0, 'ssm_conflicts': 0.303, 'collisions': 0.0}, raw_metrics:{'fairness': 92.0, 'emission': 993.538, 'fuel': 322.099, 'emergency_stops': 1.0, 'collisions': 1.0, 'ssm_conflicts': 546.0}, final;ckpt
SIM_TRAIN step:49, travel time:78.48071428571428, q_loss:0.13250811, rewards:-19.966108, queue:7.435185, delay:0.23182927, throughput:2745, raw_metrics:{'fairness': 25.0}
SIM_TRAIN step:50, travel time:65.54623348803999, q_loss:0.039169956, rewards:-11.240834, queue:4.361111, delay:0.19164513, throughput:2779, raw_metrics:{'fairness': 41.0}
REAL_TRAIN step:6, travel time:258.9865971705138, q_loss:100, rewards:-95.398056, queue:30.76111, delay:0.57523793, throughput:2425, R_real:-1.4652, components:{'queue': 0.978, 'delay': 0.0, 'waiting': 0.0, 'pressure': 0.0, 'switches': 0.0, 'ssm_conflicts': 0.487, 'collisions': 0.0}, raw_metrics:{'fairness': 49.667, 'emission': 694.64, 'fuel': 225.197, 'emergency_stops': 5.0, 'collisions': 0.0, 'ssm_conflicts': 877.0}, final;ckpt
SIM_TRAIN step:51, travel time:52.51731524455552, q_loss:0.022718115, rewards:-0.9866676, queue:1.0203704, delay:0.14800812, throughput:2791, raw_metrics:{'fairness': 0.0}
SIM_TRAIN step:52, travel time:61.89928571428572, q_loss:0.0141597595, rewards:-8.033888, queue:3.350926, delay:0.17848386, throughput:2792, raw_metrics:{'fairness': 0.0}
REAL_TRAIN step:8, travel time:588.6331006979062, q_loss:100, rewards:-96.91222, queue:33.182407, delay:0.63333607, throughput:1431, R_real:-1.2063, components:{'queue': 0.862, 'delay': 0.0, 'waiting': 0.0, 'pressure': 0.0, 'switches': 0.0, 'ssm_conflicts': 0.344, 'collisions': 0.0}, raw_metrics:{'fairness': 53.0, 'emission': 687.747, 'fuel': 222.963, 'emergency_stops': 1.0, 'collisions': 1.0, 'ssm_conflicts': 619.0}, final;ckpt
SIM_TRAIN step:53, travel time:63.3075, q_loss:0.0111948475, rewards:-8.70361, queue:3.5555556, delay:0.17504086, throughput:2791, raw_metrics:{'fairness': 0.0}
SIM_TRAIN step:54, travel time:62.38557657979293, q_loss:0.010106498, rewards:-2.356111, queue:1.9222223, delay:0.16853699, throughput:2770, raw_metrics:{'fairness': 47.333}
REAL_TRAIN step:10, travel time:228.31799016163035, q_loss:100, rewards:-82.642494, queue:25.987963, delay:0.5463171, throughput:2712, R_real:-1.3469, components:{'queue': 0.802, 'delay': 0.0, 'waiting': 0.0, 'pressure': 0.0, 'switches': 0.0, 'ssm_conflicts': 0.544, 'collisions': 0.0}, raw_metrics:{'fairness': 19.667, 'emission': 631.152, 'fuel': 204.615, 'emergency_stops': 3.0, 'collisions': 1.0, 'ssm_conflicts': 980.0}, final;ckpt
SIM_TRAIN step:55, travel time:64.29703677258122, q_loss:0.0085382145, rewards:-10.2125, queue:4.0805554, delay:0.17349447, throughput:2782, raw_metrics:{'fairness': 36.333}
SIM_TRAIN step:56, travel time:55.83857142857143, q_loss:0.008718813, rewards:0.8025001, queue:1.2731482, delay:0.15032448, throughput:2785, raw_metrics:{'fairness': 0.0}
REAL_TRAIN step:12, travel time:258.95070921985814, q_loss:100, rewards:-86.26807, queue:28.180555, delay:0.58045655, throughput:2652, R_real:-1.4070, components:{'queue': 0.863, 'delay': 0.0, 'waiting': 0.0, 'pressure': 0.0, 'switches': 0.0, 'ssm_conflicts': 0.544, 'collisions': 0.0}, raw_metrics:{'fairness': 41.0, 'emission': 694.713, 'fuel': 225.221, 'emergency_stops': 6.0, 'collisions': 1.0, 'ssm_conflicts': 979.0}, final;ckpt
SIM_TRAIN step:57, travel time:65.09603712959657, q_loss:0.006431754, rewards:-7.730277, queue:3.25, delay:0.17437585, throughput:2789, raw_metrics:{'fairness': 18.0}
SIM_TRAIN step:58, travel time:65.95285714285714, q_loss:0.005982323, rewards:-10.553888, queue:4.2148147, delay:0.1797713, throughput:2780, raw_metrics:{'fairness': 29.0}
REAL_TRAIN step:14, travel time:210.21254101348887, q_loss:100, rewards:-60.572777, queue:21.037037, delay:0.50994694, throughput:2422, R_real:-1.0679, components:{'queue': 0.666, 'delay': 0.0, 'waiting': 0.0, 'pressure': 0.0, 'switches': 0.0, 'ssm_conflicts': 0.402, 'collisions': 0.0}, raw_metrics:{'fairness': 28.667, 'emission': 556.887, 'fuel': 180.539, 'emergency_stops': 5.0, 'collisions': 1.0, 'ssm_conflicts': 724.0}, final;ckpt
SIM_TRAIN step:59, travel time:62.97572295608711, q_loss:0.005466032, rewards:-8.934999, queue:3.6620371, delay:0.18101798, throughput:2780, raw_metrics:{'fairness': 17.0}
SIM_TRAIN step:60, travel time:62.38928571428571, q_loss:0.005357566, rewards:-8.813333, queue:3.6212964, delay:0.17401941, throughput:2783, raw_metrics:{'fairness': 44.333}
REAL_TRAIN step:16, travel time:303.1082118188795, q_loss:100, rewards:-61.790005, queue:21.73889, delay:0.5236621, throughput:2169, R_real:-1.0729, components:{'queue': 0.638, 'delay': 0.0, 'waiting': 0.0, 'pressure': 0.0, 'switches': 0.0, 'ssm_conflicts': 0.434, 'collisions': 0.0}, raw_metrics:{'fairness': 109.667, 'emission': 632.095, 'fuel': 204.921, 'emergency_stops': 6.0, 'collisions': 0.0, 'ssm_conflicts': 782.0}, final;ckpt
SIM_TRAIN step:61, travel time:64.21892857142858, q_loss:0.0053108097, rewards:-9.511388, queue:3.8546295, delay:0.17249033, throughput:2785, raw_metrics:{'fairness': 27.0}
SIM_TRAIN step:62, travel time:63.09210996072831, q_loss:0.0055710897, rewards:-9.32861, queue:3.7916667, delay:0.176289, throughput:2784, raw_metrics:{'fairness': 30.0}
REAL_TRAIN step:18, travel time:552.2859273993038, q_loss:100, rewards:-99.04528, queue:34.49352, delay:0.61187667, throughput:1376, R_real:-1.2380, components:{'queue': 0.897, 'delay': 0.0, 'waiting': 0.0, 'pressure': 0.0, 'switches': 0.0, 'ssm_conflicts': 0.341, 'collisions': 0.0}, raw_metrics:{'fairness': 94.333, 'emission': 798.522, 'fuel': 258.876, 'emergency_stops': 2.0, 'collisions': 1.0, 'ssm_conflicts': 614.0}, final;ckpt
SIM_TRAIN step:63, travel time:64.91431631560157, q_loss:0.0053148596, rewards:-7.714722, queue:3.2601852, delay:0.17941734, throughput:2777, raw_metrics:{'fairness': 39.333}
SIM_TRAIN step:64, travel time:53.730357142857144, q_loss:0.0048627146, rewards:-2.0141668, queue:1.3925925, delay:0.15340927, throughput:2784, raw_metrics:{'fairness': 0.0}
REAL_TRAIN step:20, travel time:121.1733193277311, q_loss:100, rewards:-43.823612, queue:12.262037, delay:0.4602257, throughput:2751, R_real:-0.8847, components:{'queue': 0.35, 'delay': 0.0, 'waiting': 0.0, 'pressure': 0.0, 'switches': 0.0, 'ssm_conflicts': 0.535, 'collisions': 0.0}, raw_metrics:{'fairness': 19.667, 'emission': 361.494, 'fuel': 117.193, 'emergency_stops': 6.0, 'collisions': 2.0, 'ssm_conflicts': 963.0}, final;ckpt
SIM_TRAIN step:65, travel time:53.692609782220636, q_loss:0.0047901357, rewards:-1.9463881, queue:1.312037, delay:0.15192801, throughput:2783, raw_metrics:{'fairness': 0.0}
SIM_TRAIN step:66, travel time:67.85755087468762, q_loss:0.004599509, rewards:-3.485279, queue:2.8111112, delay:0.16963919, throughput:2791, raw_metrics:{'fairness': 0.0}
REAL_TRAIN step:22, travel time:618.7097256857855, q_loss:100, rewards:-129.32416, queue:44.782406, delay:0.6829276, throughput:1362, R_real:-1.4958, components:{'queue': 1.14, 'delay': 0.0, 'waiting': 0.0, 'pressure': 0.0, 'switches': 0.0, 'ssm_conflicts': 0.356, 'collisions': 0.0}, raw_metrics:{'fairness': 134.333, 'emission': 961.052, 'fuel': 311.567, 'emergency_stops': 0.0, 'collisions': 0.0, 'ssm_conflicts': 641.0}, final;ckpt
SIM_TRAIN step:67, travel time:58.609207708779444, q_loss:0.005510183, rewards:-1.9347218, queue:1.3296297, delay:0.14877982, throughput:2780, raw_metrics:{'fairness': 0.0}
SIM_TRAIN step:68, travel time:67.26178571428571, q_loss:0.005657205, rewards:-6.1072226, queue:3.151852, delay:0.19291942, throughput:2780, raw_metrics:{'fairness': 67.333}
REAL_TRAIN step:24, travel time:514.1851015801354, q_loss:100, rewards:-107.62528, queue:37.137035, delay:0.6545839, throughput:1599, R_real:-1.3598, components:{'queue': 0.96, 'delay': 0.0, 'waiting': 0.0, 'pressure': 0.0, 'switches': 0.0, 'ssm_conflicts': 0.4, 'collisions': 0.0}, raw_metrics:{'fairness': 167.0, 'emission': 856.883, 'fuel': 277.796, 'emergency_stops': 1.0, 'collisions': 0.0, 'ssm_conflicts': 720.0}, final;ckpt
SIM_TRAIN step:69, travel time:57.992145662263475, q_loss:0.0071255434, rewards:-2.044166, queue:2.0314815, delay:0.16597672, throughput:2777, raw_metrics:{'fairness': 10.333}
SIM_TRAIN step:70, travel time:63.17565155301678, q_loss:0.0057440884, rewards:-8.857775, queue:3.6305556, delay:0.16523702, throughput:2791, raw_metrics:{'fairness': 0.0}
REAL_TRAIN step:26, travel time:563.3114669421487, q_loss:100, rewards:-59.981945, queue:20.721296, delay:0.45101732, throughput:1346, R_real:-0.7269, components:{'queue': 0.43, 'delay': 0.0, 'waiting': 0.0, 'pressure': 0.0, 'switches': 0.0, 'ssm_conflicts': 0.297, 'collisions': 0.0}, raw_metrics:{'fairness': 48.667, 'emission': 491.444, 'fuel': 159.323, 'emergency_stops': 1.0, 'collisions': 0.0, 'ssm_conflicts': 534.0}, final;ckpt
SIM_TRAIN step:71, travel time:55.89964285714286, q_loss:0.0056507923, rewards:-0.6524994, queue:0.9157407, delay:0.14009006, throughput:2790, raw_metrics:{'fairness': 0.0}
SIM_TRAIN step:72, travel time:57.75857142857143, q_loss:0.005045875, rewards:-1.892777, queue:1.3342593, delay:0.14754799, throughput:2779, raw_metrics:{'fairness': 0.0}
REAL_TRAIN step:28, travel time:203.2102321582115, q_loss:100, rewards:-13.414446, queue:2.1740742, delay:0.2740713, throughput:2176, R_real:-0.3615, components:{'queue': 0.049, 'delay': 0.0, 'waiting': 0.0, 'pressure': 0.0, 'switches': 0.0, 'ssm_conflicts': 0.312, 'collisions': 0.0}, raw_metrics:{'fairness': 0.0, 'emission': 167.017, 'fuel': 54.145, 'emergency_stops': 3.0, 'collisions': 0.0, 'ssm_conflicts': 562.0}, final;ckpt
SIM_TRAIN step:73, travel time:64.93964285714286, q_loss:0.0047307834, rewards:-7.6788874, queue:3.2462964, delay:0.17648886, throughput:2783, raw_metrics:{'fairness': 49.667}
SIM_TRAIN step:74, travel time:61.62241256245539, q_loss:0.004139439, rewards:-8.269166, queue:3.4074075, delay:0.16963126, throughput:2787, raw_metrics:{'fairness': 0.0}
REAL_TRAIN step:30, travel time:76.93417366946778, q_loss:100, rewards:-16.29139, queue:2.973148, delay:0.27647534, throughput:2810, R_real:-0.4611, components:{'queue': 0.074, 'delay': 0.0, 'waiting': 0.0, 'pressure': 0.0, 'switches': 0.0, 'ssm_conflicts': 0.387, 'collisions': 0.0}, raw_metrics:{'fairness': 41.667, 'emission': 205.795, 'fuel': 66.716, 'emergency_stops': 6.0, 'collisions': 0.0, 'ssm_conflicts': 697.0}, final;ckpt
SIM_TRAIN step:75, travel time:53.42, q_loss:0.0046050805, rewards:-1.9816657, queue:1.3370371, delay:0.15641652, throughput:2784, raw_metrics:{'fairness': 0.0}
SIM_TRAIN step:76, travel time:52.410357142857144, q_loss:0.0042635673, rewards:-0.6597223, queue:0.9157407, delay:0.14025383, throughput:2790, raw_metrics:{'fairness': 0.0}
REAL_TRAIN step:32, travel time:426.41377716134997, q_loss:100, rewards:-119.266396, queue:40.805557, delay:0.6420841, throughput:1635, R_real:-1.5488, components:{'queue': 1.214, 'delay': 0.0, 'waiting': 0.0, 'pressure': 0.0, 'switches': 0.0, 'ssm_conflicts': 0.335, 'collisions': 0.0}, raw_metrics:{'fairness': 66.333, 'emission': 863.866, 'fuel': 280.06, 'emergency_stops': 1.0, 'collisions': 1.0, 'ssm_conflicts': 603.0}, final;ckpt
SIM_TRAIN step:77, travel time:67.10464285714286, q_loss:0.0036857005, rewards:-6.1577773, queue:3.4148147, delay:0.18223566, throughput:2781, raw_metrics:{'fairness': 54.0}
SIM_TRAIN step:78, travel time:62.568214285714284, q_loss:0.0043342765, rewards:-5.8933344, queue:2.6333334, delay:0.16746317, throughput:2790, raw_metrics:{'fairness': 0.0}
REAL_TRAIN step:34, travel time:552.7446916076846, q_loss:100, rewards:-102.68138, queue:35.086113, delay:0.60589194, throughput:1351, R_real:-1.1866, components:{'queue': 0.931, 'delay': 0.0, 'waiting': 0.0, 'pressure': 0.0, 'switches': 0.0, 'ssm_conflicts': 0.256, 'collisions': 0.0}, raw_metrics:{'fairness': 58.0, 'emission': 709.211, 'fuel': 229.922, 'emergency_stops': 2.0, 'collisions': 1.0, 'ssm_conflicts': 460.0}, final;ckpt
SIM_TRAIN step:79, travel time:64.71642857142857, q_loss:0.0041354722, rewards:-9.840837, queue:3.9694445, delay:0.17871241, throughput:2783, raw_metrics:{'fairness': 35.667}
SIM_TRAIN step:80, travel time:69.84571428571428, q_loss:0.00368248, rewards:-3.9686124, queue:3.8222222, delay:0.17056601, throughput:2773, raw_metrics:{'fairness': 22.667}
REAL_TRAIN step:36, travel time:408.160409556314, q_loss:100, rewards:-107.85333, queue:38.587036, delay:0.61735743, throughput:1825, R_real:-1.4925, components:{'queue': 1.125, 'delay': 0.0, 'waiting': 0.0, 'pressure': 0.0, 'switches': 0.0, 'ssm_conflicts': 0.367, 'collisions': 0.0}, raw_metrics:{'fairness': 195.667, 'emission': 890.676, 'fuel': 288.751, 'emergency_stops': 2.0, 'collisions': 0.0, 'ssm_conflicts': 661.0}, final;ckpt
SIM_TRAIN step:81, travel time:64.57800785433774, q_loss:0.004011365, rewards:-6.5252786, queue:2.837037, delay:0.16884746, throughput:2792, raw_metrics:{'fairness': 0.0}
SIM_TRAIN step:82, travel time:67.25142857142858, q_loss:0.0039825183, rewards:-6.5433345, queue:4.016667, delay:0.1913124, throughput:2770, raw_metrics:{'fairness': 219.667}
REAL_TRAIN step:38, travel time:203.37259970457902, q_loss:100, rewards:-65.32112, queue:21.900927, delay:0.4847714, throughput:2396, R_real:-0.9769, components:{'queue': 0.609, 'delay': 0.0, 'waiting': 0.0, 'pressure': 0.0, 'switches': 0.0, 'ssm_conflicts': 0.368, 'collisions': 0.0}, raw_metrics:{'fairness': 49.667, 'emission': 537.815, 'fuel': 174.356, 'emergency_stops': 3.0, 'collisions': 0.0, 'ssm_conflicts': 662.0}, final;ckpt
SIM_TRAIN step:83, travel time:65.75, q_loss:0.0039554248, rewards:-7.033056, queue:3.9064815, delay:0.17873439, throughput:2778, raw_metrics:{'fairness': 34.667}
SIM_TRAIN step:84, travel time:56.90539093181007, q_loss:0.0044206255, rewards:-1.9458334, queue:1.3425926, delay:0.15267603, throughput:2785, raw_metrics:{'fairness': 0.0}
REAL_TRAIN step:40, travel time:418.3455788124733, q_loss:100, rewards:-108.2861, queue:39.081482, delay:0.6348012, throughput:1783, R_real:-1.4455, components:{'queue': 1.104, 'delay': 0.0, 'waiting': 0.0, 'pressure': 0.0, 'switches': 0.0, 'ssm_conflicts': 0.341, 'collisions': 0.0}, raw_metrics:{'fairness': 197.0, 'emission': 900.602, 'fuel': 291.969, 'emergency_stops': 8.0, 'collisions': 0.0, 'ssm_conflicts': 614.0}, final;ckpt
SIM_TRAIN step:85, travel time:64.53535714285714, q_loss:0.004683091, rewards:-9.799167, queue:3.975926, delay:0.17862926, throughput:2783, raw_metrics:{'fairness': 63.0}
SIM_TRAIN step:86, travel time:63.7529453766512, q_loss:0.0048909215, rewards:-5.7866673, queue:2.5907407, delay:0.1757634, throughput:2785, raw_metrics:{'fairness': 57.0}
REAL_TRAIN step:42, travel time:824.7654320987655, q_loss:100, rewards:-145.27693, queue:50.24259, delay:0.7406817, throughput:1039, R_real:-1.6243, components:{'queue': 1.362, 'delay': 0.0, 'waiting': 0.0, 'pressure': 0.0, 'switches': 0.0, 'ssm_conflicts': 0.263, 'collisions': 0.0}, raw_metrics:{'fairness': 112.667, 'emission': 981.411, 'fuel': 318.167, 'emergency_stops': 4.0, 'collisions': 0.0, 'ssm_conflicts': 473.0}, final;ckpt
SIM_TRAIN step:87, travel time:62.94680471260264, q_loss:0.004777482, rewards:-6.084444, queue:3.351852, delay:0.16715613, throughput:2786, raw_metrics:{'fairness': 168.0}
SIM_TRAIN step:88, travel time:75.37558014994644, q_loss:0.00469223, rewards:-3.1630554, queue:3.7564814, delay:0.18069609, throughput:2770, raw_metrics:{'fairness': 63.0}
REAL_TRAIN step:44, travel time:414.2362473347548, q_loss:100, rewards:-110.06779, queue:39.65926, delay:0.6453135, throughput:1814, R_real:-1.5485, components:{'queue': 1.165, 'delay': 0.0, 'waiting': 0.0, 'pressure': 0.0, 'switches': 0.0, 'ssm_conflicts': 0.383, 'collisions': 0.0}, raw_metrics:{'fairness': 194.333, 'emission': 908.155, 'fuel': 294.418, 'emergency_stops': 3.0, 'collisions': 1.0, 'ssm_conflicts': 690.0}, final;ckpt
SIM_TRAIN step:89, travel time:55.4127097465191, q_loss:0.004436902, rewards:1.7391671, queue:0.99351853, delay:0.15862124, throughput:2792, raw_metrics:{'fairness': 9.0}
SIM_TRAIN step:90, travel time:62.22642857142857, q_loss:0.004298461, rewards:-6.0577774, queue:2.7175925, delay:0.16258363, throughput:2791, raw_metrics:{'fairness': 0.0}
REAL_TRAIN step:46, travel time:390.9609507640068, q_loss:100, rewards:-105.12751, queue:36.642593, delay:0.6032752, throughput:1847, R_real:-1.4340, components:{'queue': 1.107, 'delay': 0.0, 'waiting': 0.0, 'pressure': 0.0, 'switches': 0.0, 'ssm_conflicts': 0.327, 'collisions': 0.0}, raw_metrics:{'fairness': 132.0, 'emission': 842.531, 'fuel': 273.143, 'emergency_stops': 4.0, 'collisions': 0.0, 'ssm_conflicts': 588.0}, final;ckpt
SIM_TRAIN step:91, travel time:52.152142857142856, q_loss:0.0040518795, rewards:-1.3697208, queue:1.1518519, delay:0.15102373, throughput:2785, raw_metrics:{'fairness': 0.0}
SIM_TRAIN step:92, travel time:59.10035714285714, q_loss:0.003852699, rewards:-1.1041667, queue:1.4898148, delay:0.16074792, throughput:2776, raw_metrics:{'fairness': 71.0}
REAL_TRAIN step:48, travel time:833.740321620012, q_loss:100, rewards:-149.17332, queue:49.863888, delay:0.79042506, throughput:1031, R_real:-1.6219, components:{'queue': 1.347, 'delay': 0.0, 'waiting': 0.0, 'pressure': 0.0, 'switches': 0.0, 'ssm_conflicts': 0.274, 'collisions': 0.0}, raw_metrics:{'fairness': 89.333, 'emission': 947.072, 'fuel': 307.035, 'emergency_stops': 1.0, 'collisions': 0.0, 'ssm_conflicts': 494.0}, final;ckpt
SIM_TRAIN step:93, travel time:66.01, q_loss:0.0043674326, rewards:-6.7505546, queue:3.7722223, delay:0.16976072, throughput:2780, raw_metrics:{'fairness': 16.667}
SIM_TRAIN step:94, travel time:66.73259550160657, q_loss:0.004564041, rewards:-5.4494433, queue:3.2472222, delay:0.1847037, throughput:2782, raw_metrics:{'fairness': 45.667}
REAL_TRAIN step:50, travel time:402.811377245509, q_loss:100, rewards:-112.0039, queue:39.02037, delay:0.6239287, throughput:1830, R_real:-1.5159, components:{'queue': 1.175, 'delay': 0.0, 'waiting': 0.0, 'pressure': 0.0, 'switches': 0.0, 'ssm_conflicts': 0.341, 'collisions': 0.0}, raw_metrics:{'fairness': 126.333, 'emission': 870.981, 'fuel': 282.366, 'emergency_stops': 3.0, 'collisions': 0.0, 'ssm_conflicts': 614.0}, final;ckpt
SIM_TRAIN step:95, travel time:60.207142857142856, q_loss:0.0043707187, rewards:-6.9769444, queue:2.9981482, delay:0.17402333, throughput:2784, raw_metrics:{'fairness': 21.333}
SIM_TRAIN step:96, travel time:64.33142857142857, q_loss:0.0045259926, rewards:-7.7749987, queue:3.2759259, delay:0.17260163, throughput:2783, raw_metrics:{'fairness': 50.0}
REAL_TRAIN step:52, travel time:449.29977528089887, q_loss:100, rewards:-120.101944, queue:41.47778, delay:0.65433943, throughput:1664, R_real:-1.5778, components:{'queue': 1.261, 'delay': 0.0, 'waiting': 0.0, 'pressure': 0.0, 'switches': 0.0, 'ssm_conflicts': 0.317, 'collisions': 0.0}, raw_metrics:{'fairness': 155.333, 'emission': 905.495, 'fuel': 293.556, 'emergency_stops': 5.0, 'collisions': 0.0, 'ssm_conflicts': 570.0}, final;ckpt
SIM_TRAIN step:97, travel time:57.18571428571428, q_loss:0.0044841142, rewards:1.529445, queue:1.2212963, delay:0.15043259, throughput:2788, raw_metrics:{'fairness': 0.0}
SIM_TRAIN step:98, travel time:56.135357142857146, q_loss:0.0038037114, rewards:0.4338889, queue:1.3416667, delay:0.14698279, throughput:2782, raw_metrics:{'fairness': 0.0}
REAL_TRAIN step:54, travel time:429.25067024128685, q_loss:100, rewards:-117.02917, queue:41.43889, delay:0.64850706, throughput:1729, R_real:-1.6617, components:{'queue': 1.258, 'delay': 0.0, 'waiting': 0.0, 'pressure': 0.0, 'switches': 0.0, 'ssm_conflicts': 0.403, 'collisions': 0.0}, raw_metrics:{'fairness': 149.0, 'emission': 917.097, 'fuel': 297.317, 'emergency_stops': 3.0, 'collisions': 1.0, 'ssm_conflicts': 726.0}, final;ckpt
SIM_TRAIN step:99, travel time:57.45340949660835, q_loss:0.0036816092, rewards:-5.1594453, queue:2.4166667, delay:0.15977035, throughput:2791, raw_metrics:{'fairness': 0.0}
SIM_TRAIN step:100, travel time:60.03141735094609, q_loss:0.0032956419, rewards:-6.8977785, queue:3.0037036, delay:0.16311932, throughput:2789, raw_metrics:{'fairness': 0.0}
REAL_TRAIN step:56, travel time:423.0338831921534, q_loss:100, rewards:-115.70389, queue:40.81204, delay:0.65802485, throughput:1734, R_real:-1.5903, components:{'queue': 1.252, 'delay': 0.0, 'waiting': 0.0, 'pressure': 0.0, 'switches': 0.0, 'ssm_conflicts': 0.338, 'collisions': 0.0}, raw_metrics:{'fairness': 150.333, 'emission': 902.578, 'fuel': 292.61, 'emergency_stops': 3.0, 'collisions': 0.0, 'ssm_conflicts': 609.0}, final;ckpt
SIM_TRAIN step:101, travel time:61.273473759371655, q_loss:0.0033470474, rewards:-8.000833, queue:3.3527777, delay:0.16739878, throughput:2788, raw_metrics:{'fairness': 29.333}
SIM_TRAIN step:102, travel time:57.877857142857145, q_loss:0.0031161662, rewards:-5.7144437, queue:2.5805554, delay:0.16100998, throughput:2787, raw_metrics:{'fairness': 22.333}
REAL_TRAIN step:58, travel time:391.1852337265181, q_loss:100, rewards:-109.72528, queue:36.932407, delay:0.58110553, throughput:1795, R_real:-1.3812, components:{'queue': 1.128, 'delay': 0.0, 'waiting': 0.0, 'pressure': 0.0, 'switches': 0.0, 'ssm_conflicts': 0.253, 'collisions': 0.0}, raw_metrics:{'fairness': 95.333, 'emission': 821.321, 'fuel': 266.267, 'emergency_stops': 1.0, 'collisions': 0.0, 'ssm_conflicts': 456.0}, final;ckpt
SIM_TRAIN step:103, travel time:58.64178571428572, q_loss:0.003278707, rewards:-6.568333, queue:2.8453703, delay:0.17115337, throughput:2784, raw_metrics:{'fairness': 47.333}
SIM_TRAIN step:104, travel time:65.90964285714286, q_loss:0.0037072236, rewards:-8.175834, queue:3.386111, delay:0.17090538, throughput:2779, raw_metrics:{'fairness': 55.667}
REAL_TRAIN step:60, travel time:397.86977351916374, q_loss:100, rewards:-107.16249, queue:37.449074, delay:0.60102963, throughput:1770, R_real:-1.4230, components:{'queue': 1.038, 'delay': 0.0, 'waiting': 0.0, 'pressure': 0.0, 'switches': 0.0, 'ssm_conflicts': 0.385, 'collisions': 0.0}, raw_metrics:{'fairness': 146.667, 'emission': 844.394, 'fuel': 273.747, 'emergency_stops': 4.0, 'collisions': 0.0, 'ssm_conflicts': 693.0}, final;ckpt
SIM_TRAIN step:105, travel time:63.87, q_loss:0.003642118, rewards:-4.4094434, queue:3.1972222, delay:0.19064783, throughput:2780, raw_metrics:{'fairness': 42.0}
SIM_TRAIN step:106, travel time:57.145305248125666, q_loss:0.003943746, rewards:-1.9522222, queue:1.3314815, delay:0.14485781, throughput:2784, raw_metrics:{'fairness': 0.0}
REAL_TRAIN step:62, travel time:386.42114236999146, q_loss:100, rewards:-93.260284, queue:33.405556, delay:0.5218734, throughput:1843, R_real:-1.2416, components:{'queue': 0.908, 'delay': 0.0, 'waiting': 0.0, 'pressure': 0.0, 'switches': 0.0, 'ssm_conflicts': 0.334, 'collisions': 0.0}, raw_metrics:{'fairness': 130.333, 'emission': 809.155, 'fuel': 262.323, 'emergency_stops': 2.0, 'collisions': 0.0, 'ssm_conflicts': 601.0}, final;ckpt
SIM_TRAIN step:107, travel time:67.265, q_loss:0.003930939, rewards:-4.5247235, queue:3.024074, delay:0.17450313, throughput:2790, raw_metrics:{'fairness': 13.667}
SIM_TRAIN step:108, travel time:65.45055337379507, q_loss:0.0039181444, rewards:-7.889722, queue:3.2935185, delay:0.17409386, throughput:2785, raw_metrics:{'fairness': 48.333}
REAL_TRAIN step:64, travel time:367.1546477699041, q_loss:100, rewards:-95.84861, queue:33.64722, delay:0.5633391, throughput:1892, R_real:-1.3017, components:{'queue': 0.923, 'delay': 0.0, 'waiting': 0.0, 'pressure': 0.0, 'switches': 0.0, 'ssm_conflicts': 0.378, 'collisions': 0.0}, raw_metrics:{'fairness': 191.0, 'emission': 800.655, 'fuel': 259.567, 'emergency_stops': 6.0, 'collisions': 0.0, 'ssm_conflicts': 681.0}, final;ckpt
SIM_TRAIN step:109, travel time:64.54892857142858, q_loss:0.0037746606, rewards:-6.7891674, queue:3.5972223, delay:0.17649761, throughput:2784, raw_metrics:{'fairness': 87.667}
SIM_TRAIN step:110, travel time:68.23491610139236, q_loss:0.0037982995, rewards:-6.698334, queue:3.425926, delay:0.17880137, throughput:2785, raw_metrics:{'fairness': 46.333}
REAL_TRAIN step:66, travel time:382.0430153321976, q_loss:100, rewards:-92.186935, queue:33.252777, delay:0.5162684, throughput:1852, R_real:-1.2179, components:{'queue': 0.904, 'delay': 0.0, 'waiting': 0.0, 'pressure': 0.0, 'switches': 0.0, 'ssm_conflicts': 0.314, 'collisions': 0.0}, raw_metrics:{'fairness': 131.0, 'emission': 806.511, 'fuel': 261.466, 'emergency_stops': 1.0, 'collisions': 2.0, 'ssm_conflicts': 566.0}, final;ckpt
SIM_TRAIN step:111, travel time:72.73535714285714, q_loss:0.003915757, rewards:-8.280833, queue:3.9175925, delay:0.17245907, throughput:2768, raw_metrics:{'fairness': 14.0}
SIM_TRAIN step:112, travel time:75.8286937901499, q_loss:0.004087957, rewards:-3.796112, queue:3.9120371, delay:0.17491633, throughput:2775, raw_metrics:{'fairness': 53.0}
REAL_TRAIN step:68, travel time:352.2818737270876, q_loss:100, rewards:-104.918045, queue:36.65926, delay:0.5925, throughput:1966, R_real:-1.5048, components:{'queue': 1.065, 'delay': 0.0, 'waiting': 0.0, 'pressure': 0.0, 'switches': 0.0, 'ssm_conflicts': 0.439, 'collisions': 0.0}, raw_metrics:{'fairness': 175.333, 'emission': 841.895, 'fuel': 272.937, 'emergency_stops': 4.0, 'collisions': 0.0, 'ssm_conflicts': 791.0}, final;ckpt
SIM_TRAIN step:113, travel time:64.29142857142857, q_loss:0.0040758667, rewards:-6.679445, queue:2.901852, delay:0.16295281, throughput:2790, raw_metrics:{'fairness': 0.0}
SIM_TRAIN step:114, travel time:68.30121341898644, q_loss:0.0039150924, rewards:-6.8483343, queue:4.0277777, delay:0.17295142, throughput:2782, raw_metrics:{'fairness': 79.333}
REAL_TRAIN step:70, travel time:351.4599820143885, q_loss:100, rewards:-51.62111, queue:16.665741, delay:0.4148794, throughput:1734, R_real:-0.6436, components:{'queue': 0.345, 'delay': 0.0, 'waiting': 0.0, 'pressure': 0.0, 'switches': 0.0, 'ssm_conflicts': 0.299, 'collisions': 0.0}, raw_metrics:{'fairness': 34.667, 'emission': 405.718, 'fuel': 131.531, 'emergency_stops': 2.0, 'collisions': 0.0, 'ssm_conflicts': 538.0}, final;ckpt
SIM_TRAIN step:115, travel time:65.59228846840413, q_loss:0.0036091637, rewards:-8.040001, queue:3.3314815, delay:0.17280121, throughput:2780, raw_metrics:{'fairness': 60.333}
SIM_TRAIN step:116, travel time:58.67583006069261, q_loss:0.004086404, rewards:-6.413891, queue:2.8111112, delay:0.1738891, throughput:2784, raw_metrics:{'fairness': 45.0}
REAL_TRAIN step:72, travel time:344.47397695669446, q_loss:100, rewards:-96.50944, queue:33.125, delay:0.56740713, throughput:2004, R_real:-1.4031, components:{'queue': 0.958, 'delay': 0.0, 'waiting': 0.0, 'pressure': 0.0, 'switches': 0.0, 'ssm_conflicts': 0.446, 'collisions': 0.0}, raw_metrics:{'fairness': 173.0, 'emission': 790.001, 'fuel': 256.113, 'emergency_stops': 2.0, 'collisions': 1.0, 'ssm_conflicts': 802.0}, final;ckpt
SIM_TRAIN step:117, travel time:66.00357142857143, q_loss:0.003993708, rewards:-6.6830544, queue:3.8222222, delay:0.17308071, throughput:2782, raw_metrics:{'fairness': 78.667}
SIM_TRAIN step:118, travel time:62.26231263383298, q_loss:0.0039289636, rewards:-9.360275, queue:3.7759259, delay:0.17427343, throughput:2781, raw_metrics:{'fairness': 40.0}
REAL_TRAIN step:74, travel time:400.687925170068, q_loss:100, rewards:-104.099144, queue:37.096294, delay:0.62061316, throughput:1826, R_real:-1.3653, components:{'queue': 1.071, 'delay': 0.0, 'waiting': 0.0, 'pressure': 0.0, 'switches': 0.0, 'ssm_conflicts': 0.294, 'collisions': 0.0}, raw_metrics:{'fairness': 195.667, 'emission': 862.417, 'fuel': 279.59, 'emergency_stops': 1.0, 'collisions': 0.0, 'ssm_conflicts': 530.0}, final;ckpt
SIM_TRAIN step:119, travel time:58.215357142857144, q_loss:0.0038650094, rewards:-1.693611, queue:1.2638888, delay:0.13951537, throughput:2785, raw_metrics:{'fairness': 0.0}
SIM_TRAIN step:120, travel time:58.03678571428571, q_loss:0.0040768003, rewards:-5.6341667, queue:2.5490742, delay:0.15729684, throughput:2790, raw_metrics:{'fairness': 0.0}
REAL_TRAIN step:76, travel time:365.69896907216497, q_loss:100, rewards:-92.92444, queue:32.753704, delay:0.5497636, throughput:1925, R_real:-1.2494, components:{'queue': 0.916, 'delay': 0.0, 'waiting': 0.0, 'pressure': 0.0, 'switches': 0.0, 'ssm_conflicts': 0.333, 'collisions': 0.0}, raw_metrics:{'fairness': 127.333, 'emission': 796.669, 'fuel': 258.275, 'emergency_stops': 4.0, 'collisions': 1.0, 'ssm_conflicts': 600.0}, final;ckpt
SIM_TRAIN step:121, travel time:64.72571428571429, q_loss:0.004029704, rewards:-5.0819445, queue:3.3324075, delay:0.17096515, throughput:2787, raw_metrics:{'fairness': 23.667}
SIM_TRAIN step:122, travel time:60.53159585862192, q_loss:0.0039264197, rewards:-7.8772225, queue:3.2990742, delay:0.16224442, throughput:2791, raw_metrics:{'fairness': 19.0}
REAL_TRAIN step:78, travel time:363.28785357737104, q_loss:100, rewards:-95.622795, queue:33.70741, delay:0.5603894, throughput:1901, R_real:-1.3295, components:{'queue': 0.928, 'delay': 0.0, 'waiting': 0.0, 'pressure': 0.0, 'switches': 0.0, 'ssm_conflicts': 0.402, 'collisions': 0.0}, raw_metrics:{'fairness': 190.333, 'emission': 805.631, 'fuel': 261.18, 'emergency_stops': 4.0, 'collisions': 0.0, 'ssm_conflicts': 723.0}, final;ckpt
SIM_TRAIN step:123, travel time:52.14642857142857, q_loss:0.004105575, rewards:-0.4919442, queue:0.86944443, delay:0.13485342, throughput:2788, raw_metrics:{'fairness': 0.0}
SIM_TRAIN step:124, travel time:59.41842199214566, q_loss:0.0039833197, rewards:-7.0583324, queue:3.0138888, delay:0.16653202, throughput:2791, raw_metrics:{'fairness': 0.0}
REAL_TRAIN step:80, travel time:392.9740756481088, q_loss:100, rewards:-103.58807, queue:36.636112, delay:0.60361695, throughput:1846, R_real:-1.3865, components:{'queue': 1.03, 'delay': 0.0, 'waiting': 0.0, 'pressure': 0.0, 'switches': 0.0, 'ssm_conflicts': 0.357, 'collisions': 0.0}, raw_metrics:{'fairness': 135.0, 'emission': 843.99, 'fuel': 273.616, 'emergency_stops': 2.0, 'collisions': 0.0, 'ssm_conflicts': 642.0}, final;ckpt
SIM_TRAIN step:125, travel time:63.2225, q_loss:0.00393581, rewards:-8.662225, queue:3.574074, delay:0.16422604, throughput:2786, raw_metrics:{'fairness': 57.667}
SIM_TRAIN step:126, travel time:53.14, q_loss:0.0040626694, rewards:-2.0413885, queue:1.325926, delay:0.15050209, throughput:2784, raw_metrics:{'fairness': 0.0}
REAL_TRAIN step:82, travel time:403.693947144075, q_loss:100, rewards:-104.85917, queue:37.621296, delay:0.6144678, throughput:1813, R_real:-1.4162, components:{'queue': 1.092, 'delay': 0.0, 'waiting': 0.0, 'pressure': 0.0, 'switches': 0.0, 'ssm_conflicts': 0.324, 'collisions': 0.0}, raw_metrics:{'fairness': 198.333, 'emission': 870.511, 'fuel': 282.214, 'emergency_stops': 3.0, 'collisions': 0.0, 'ssm_conflicts': 583.0}, final;ckpt
SIM_TRAIN step:127, travel time:58.0825, q_loss:0.0039857584, rewards:-6.244165, queue:2.787963, delay:0.16630432, throughput:2783, raw_metrics:{'fairness': 57.333}
SIM_TRAIN step:128, travel time:65.6325, q_loss:0.003953782, rewards:-6.6883326, queue:3.6648147, delay:0.18688646, throughput:2789, raw_metrics:{'fairness': 68.0}
REAL_TRAIN step:84, travel time:391.82227891156464, q_loss:100, rewards:-99.99304, queue:35.362965, delay:0.5910122, throughput:1846, R_real:-1.2843, components:{'queue': 1.0, 'delay': 0.0, 'waiting': 0.0, 'pressure': 0.0, 'switches': 0.0, 'ssm_conflicts': 0.284, 'collisions': 0.0}, raw_metrics:{'fairness': 199.667, 'emission': 830.166, 'fuel': 269.134, 'emergency_stops': 4.0, 'collisions': 2.0, 'ssm_conflicts': 512.0}, final;ckpt
SIM_TRAIN step:129, travel time:67.65714285714286, q_loss:0.0040459014, rewards:-4.5424986, queue:3.7055554, delay:0.17126939, throughput:2783, raw_metrics:{'fairness': 82.333}
SIM_TRAIN step:130, travel time:65.36201356658336, q_loss:0.0039804196, rewards:-5.4369454, queue:3.4814816, delay:0.16775806, throughput:2791, raw_metrics:{'fairness': 0.0}
REAL_TRAIN step:86, travel time:393.1044142614601, q_loss:100, rewards:-101.74528, queue:36.585186, delay:0.60493326, throughput:1839, R_real:-1.3794, components:{'queue': 1.054, 'delay': 0.0, 'waiting': 0.0, 'pressure': 0.0, 'switches': 0.0, 'ssm_conflicts': 0.325, 'collisions': 0.0}, raw_metrics:{'fairness': 198.0, 'emission': 854.918, 'fuel': 277.159, 'emergency_stops': 5.0, 'collisions': 1.0, 'ssm_conflicts': 585.0}, final;ckpt
SIM_TRAIN step:131, travel time:54.830714285714286, q_loss:0.0035362584, rewards:0.4225006, queue:1.2185185, delay:0.14857796, throughput:2783, raw_metrics:{'fairness': 0.0}
SIM_TRAIN step:132, travel time:64.46535714285714, q_loss:0.0035524473, rewards:-7.0533338, queue:3.7759259, delay:0.17972438, throughput:2782, raw_metrics:{'fairness': 63.333}
REAL_TRAIN step:88, travel time:402.7912228376651, q_loss:100, rewards:-109.90222, queue:39.274075, delay:0.6402575, throughput:1825, R_real:-1.4597, components:{'queue': 1.118, 'delay': 0.0, 'waiting': 0.0, 'pressure': 0.0, 'switches': 0.0, 'ssm_conflicts': 0.342, 'collisions': 0.0}, raw_metrics:{'fairness': 200.0, 'emission': 892.143, 'fuel': 289.227, 'emergency_stops': 7.0, 'collisions': 3.0, 'ssm_conflicts': 615.0}, final;ckpt
SIM_TRAIN step:133, travel time:63.46788008565311, q_loss:0.003350843, rewards:-5.947222, queue:3.412963, delay:0.16577557, throughput:2785, raw_metrics:{'fairness': 45.667}
SIM_TRAIN step:134, travel time:59.83535714285714, q_loss:0.0035566725, rewards:-6.771667, queue:2.9537036, delay:0.171281, throughput:2783, raw_metrics:{'fairness': 47.333}
REAL_TRAIN step:90, travel time:393.45845760545376, q_loss:100, rewards:-100.981094, queue:35.698147, delay:0.6027797, throughput:1843, R_real:-1.3544, components:{'queue': 1.019, 'delay': 0.0, 'waiting': 0.0, 'pressure': 0.0, 'switches': 0.0, 'ssm_conflicts': 0.336, 'collisions': 0.0}, raw_metrics:{'fairness': 200.0, 'emission': 840.068, 'fuel': 272.345, 'emergency_stops': 2.0, 'collisions': 0.0, 'ssm_conflicts': 604.0}, final;ckpt
SIM_TRAIN step:135, travel time:59.84898250624777, q_loss:0.0034872103, rewards:-7.063888, queue:3.0212963, delay:0.17673837, throughput:2782, raw_metrics:{'fairness': 42.667}
SIM_TRAIN step:136, travel time:66.665, q_loss:0.0033197398, rewards:-7.498611, queue:3.9740741, delay:0.16623893, throughput:2782, raw_metrics:{'fairness': 49.0}
REAL_TRAIN step:92, travel time:210.74620229714708, q_loss:100, rewards:-64.42166, queue:22.087963, delay:0.47147053, throughput:2384, R_real:-0.9602, components:{'queue': 0.577, 'delay': 0.0, 'waiting': 0.0, 'pressure': 0.0, 'switches': 0.0, 'ssm_conflicts': 0.383, 'collisions': 0.0}, raw_metrics:{'fairness': 56.333, 'emission': 548.646, 'fuel': 177.867, 'emergency_stops': 4.0, 'collisions': 0.0, 'ssm_conflicts': 690.0}, final;ckpt
SIM_TRAIN step:137, travel time:53.00214209210996, q_loss:0.003658553, rewards:-1.8475, queue:1.3194444, delay:0.14723279, throughput:2783, raw_metrics:{'fairness': 0.0}
SIM_TRAIN step:138, travel time:62.44234202070689, q_loss:0.004029239, rewards:-8.354446, queue:3.4712963, delay:0.16318525, throughput:2790, raw_metrics:{'fairness': 0.0}
REAL_TRAIN step:94, travel time:188.52536997885835, q_loss:100, rewards:-59.08306, queue:19.2, delay:0.44381505, throughput:2686, R_real:-0.8693, components:{'queue': 0.494, 'delay': 0.0, 'waiting': 0.0, 'pressure': 0.0, 'switches': 0.0, 'ssm_conflicts': 0.376, 'collisions': 0.0}, raw_metrics:{'fairness': 0.0, 'emission': 508.913, 'fuel': 164.985, 'emergency_stops': 3.0, 'collisions': 2.0, 'ssm_conflicts': 676.0}, final;ckpt
SIM_TRAIN step:139, travel time:64.24571428571429, q_loss:0.0040567196, rewards:-6.3913913, queue:3.536111, delay:0.17079544, throughput:2781, raw_metrics:{'fairness': 41.667}
SIM_TRAIN step:140, travel time:55.79507318814709, q_loss:0.0038692853, rewards:0.39555612, queue:1.3731482, delay:0.14417908, throughput:2780, raw_metrics:{'fairness': 0.0}
REAL_TRAIN step:96, travel time:397.272, q_loss:100, rewards:-98.77055, queue:35.76389, delay:0.65576965, throughput:1842, R_real:-1.2816, components:{'queue': 0.978, 'delay': 0.0, 'waiting': 0.0, 'pressure': 0.0, 'switches': 0.0, 'ssm_conflicts': 0.304, 'collisions': 0.0}, raw_metrics:{'fairness': 192.333, 'emission': 848.433, 'fuel': 275.056, 'emergency_stops': 3.0, 'collisions': 0.0, 'ssm_conflicts': 547.0}, final;ckpt
SIM_TRAIN step:141, travel time:64.98857142857143, q_loss:0.003579493, rewards:-4.7686114, queue:3.3055556, delay:0.15534854, throughput:2791, raw_metrics:{'fairness': 0.0}
SIM_TRAIN step:142, travel time:52.72448251249108, q_loss:0.0039771427, rewards:-1.373332, queue:1.1453704, delay:0.13964546, throughput:2785, raw_metrics:{'fairness': 0.0}
REAL_TRAIN step:98, travel time:150.5094537815126, q_loss:100, rewards:-42.89917, queue:12.2287035, delay:0.3936328, throughput:2776, R_real:-0.7600, components:{'queue': 0.322, 'delay': 0.0, 'waiting': 0.0, 'pressure': 0.0, 'switches': 0.0, 'ssm_conflicts': 0.438, 'collisions': 0.0}, raw_metrics:{'fairness': 9.667, 'emission': 377.407, 'fuel': 122.352, 'emergency_stops': 7.0, 'collisions': 0.0, 'ssm_conflicts': 789.0}, final;ckpt
SIM_TRAIN step:143, travel time:62.46233488039986, q_loss:0.0037047537, rewards:-5.3599987, queue:3.2166667, delay:0.16934852, throughput:2785, raw_metrics:{'fairness': 44.0}
SIM_TRAIN step:144, travel time:64.83464285714285, q_loss:0.0037532598, rewards:-6.3380566, queue:3.5564816, delay:0.1680158, throughput:2785, raw_metrics:{'fairness': 36.333}
REAL_TRAIN step:100, travel time:656.5985552115583, q_loss:100, rewards:-96.04138, queue:38.76389, delay:0.6344261, throughput:1311, R_real:-1.4754, components:{'queue': 1.126, 'delay': 0.0, 'waiting': 0.0, 'pressure': 0.0, 'switches': 0.0, 'ssm_conflicts': 0.349, 'collisions': 0.0}, raw_metrics:{'fairness': 126.0, 'emission': 962.773, 'fuel': 312.125, 'emergency_stops': 0.0, 'collisions': 1.0, 'ssm_conflicts': 629.0}, final;ckpt
SIM_TRAIN step:145, travel time:62.53873616565512, q_loss:0.0037895467, rewards:-3.6080565, queue:2.8018517, delay:0.18926182, throughput:2779, raw_metrics:{'fairness': 11.667}
SIM_TRAIN step:146, travel time:54.97216274089936, q_loss:0.0038224794, rewards:0.45861164, queue:1.3018519, delay:0.14371815, throughput:2781, raw_metrics:{'fairness': 0.0}
REAL_TRAIN step:102, travel time:103.21988795518207, q_loss:100, rewards:-32.385277, queue:8.441667, delay:0.33711854, throughput:2729, R_real:-0.6663, components:{'queue': 0.22, 'delay': 0.0, 'waiting': 0.0, 'pressure': 0.0, 'switches': 0.0, 'ssm_conflicts': 0.447, 'collisions': 0.0}, raw_metrics:{'fairness': 41.667, 'emission': 292.823, 'fuel': 94.93, 'emergency_stops': 7.0, 'collisions': 0.0, 'ssm_conflicts': 804.0}, final;ckpt
SIM_TRAIN step:147, travel time:65.53428571428572, q_loss:0.0038463464, rewards:-8.327224, queue:3.4296296, delay:0.16777568, throughput:2784, raw_metrics:{'fairness': 62.667}
SIM_TRAIN step:148, travel time:64.74866119243127, q_loss:0.003767613, rewards:-6.3561125, queue:3.5796297, delay:0.16931722, throughput:2785, raw_metrics:{'fairness': 47.0}
REAL_TRAIN step:104, travel time:301.1434184675835, q_loss:100, rewards:-85.09999, queue:29.514814, delay:0.47634572, throughput:2085, R_real:-1.1982, components:{'queue': 0.778, 'delay': 0.0, 'waiting': 0.0, 'pressure': 0.0, 'switches': 0.0, 'ssm_conflicts': 0.42, 'collisions': 0.0}, raw_metrics:{'fairness': 119.0, 'emission': 719.92, 'fuel': 233.393, 'emergency_stops': 3.0, 'collisions': 0.0, 'ssm_conflicts': 756.0}, final;ckpt
SIM_TRAIN step:149, travel time:64.78071428571428, q_loss:0.003879992, rewards:-6.5361104, queue:3.5851853, delay:0.17143758, throughput:2787, raw_metrics:{'fairness': 33.667}
SIM_TRAIN step:150, travel time:56.93002499107462, q_loss:0.0035974134, rewards:-1.7230561, queue:1.2666667, delay:0.13982995, throughput:2781, raw_metrics:{'fairness': 0.0}
REAL_TRAIN step:106, travel time:334.3176806859943, q_loss:100, rewards:-87.916664, queue:31.035185, delay:0.5268835, throughput:1993, R_real:-1.1313, components:{'queue': 0.819, 'delay': 0.0, 'waiting': 0.0, 'pressure': 0.0, 'switches': 0.0, 'ssm_conflicts': 0.313, 'collisions': 0.0}, raw_metrics:{'fairness': 119.333, 'emission': 752.957, 'fuel': 244.104, 'emergency_stops': 3.0, 'collisions': 0.0, 'ssm_conflicts': 563.0}, final;ckpt
SIM_TRAIN step:151, travel time:64.21464285714286, q_loss:0.0034247607, rewards:-7.139167, queue:3.0805554, delay:0.16901788, throughput:2790, raw_metrics:{'fairness': 0.0}
SIM_TRAIN step:152, travel time:59.56928571428571, q_loss:0.0031454526, rewards:-6.9219413, queue:2.9972222, delay:0.16857705, throughput:2785, raw_metrics:{'fairness': 40.0}
REAL_TRAIN step:108, travel time:323.26290894757585, q_loss:100, rewards:-95.919174, queue:32.994446, delay:0.5579852, throughput:2083, R_real:-1.3134, components:{'queue': 0.901, 'delay': 0.0, 'waiting': 0.0, 'pressure': 0.0, 'switches': 0.0, 'ssm_conflicts': 0.413, 'collisions': 0.0}, raw_metrics:{'fairness': 80.667, 'emission': 786.173, 'fuel': 254.872, 'emergency_stops': 2.0, 'collisions': 0.0, 'ssm_conflicts': 743.0}, final;ckpt
SIM_TRAIN step:153, travel time:62.79785714285714, q_loss:0.0037971798, rewards:-4.7247205, queue:3.0722222, delay:0.16868629, throughput:2783, raw_metrics:{'fairness': 39.0}
SIM_TRAIN step:154, travel time:58.8711174580507, q_loss:0.0034738833, rewards:-6.2802787, queue:2.775, delay:0.17149451, throughput:2785, raw_metrics:{'fairness': 43.667}
REAL_TRAIN step:110, travel time:284.87244328746743, q_loss:100, rewards:-83.72834, queue:27.878704, delay:0.56188977, throughput:2288, R_real:-1.2010, components:{'queue': 0.759, 'delay': 0.0, 'waiting': 0.0, 'pressure': 0.0, 'switches': 0.0, 'ssm_conflicts': 0.442, 'collisions': 0.0}, raw_metrics:{'fairness': 149.0, 'emission': 689.762, 'fuel': 223.616, 'emergency_stops': 9.0, 'collisions': 1.0, 'ssm_conflicts': 796.0}, final;ckpt
SIM_TRAIN step:155, travel time:63.78785714285714, q_loss:0.0034931942, rewards:-5.4330564, queue:3.3537037, delay:0.16644636, throughput:2783, raw_metrics:{'fairness': 71.0}
SIM_TRAIN step:156, travel time:58.871071428571426, q_loss:0.0034767676, rewards:1.3030564, queue:1.3388889, delay:0.14692704, throughput:2783, raw_metrics:{'fairness': 0.0}
REAL_TRAIN step:112, travel time:379.5978947368421, q_loss:100, rewards:-99.30972, queue:35.085186, delay:0.60826087, throughput:1851, R_real:-1.3808, components:{'queue': 0.998, 'delay': 0.0, 'waiting': 0.0, 'pressure': 0.0, 'switches': 0.0, 'ssm_conflicts': 0.383, 'collisions': 0.0}, raw_metrics:{'fairness': 183.667, 'emission': 821.511, 'fuel': 266.328, 'emergency_stops': 1.0, 'collisions': 0.0, 'ssm_conflicts': 689.0}, final;ckpt
SIM_TRAIN step:157, travel time:61.43892857142857, q_loss:0.0033707868, rewards:-8.439163, queue:3.4981482, delay:0.17010985, throughput:2784, raw_metrics:{'fairness': 69.0}
SIM_TRAIN step:158, travel time:62.635714285714286, q_loss:0.0033342503, rewards:-5.036945, queue:3.1074073, delay:0.17190318, throughput:2785, raw_metrics:{'fairness': 45.333}
REAL_TRAIN step:114, travel time:185.41390489913545, q_loss:100, rewards:-52.68195, queue:16.29537, delay:0.42567557, throughput:2561, R_real:-0.8801, components:{'queue': 0.44, 'delay': 0.0, 'waiting': 0.0, 'pressure': 0.0, 'switches': 0.0, 'ssm_conflicts': 0.441, 'collisions': 0.0}, raw_metrics:{'fairness': 15.0, 'emission': 465.453, 'fuel': 150.896, 'emergency_stops': 5.0, 'collisions': 1.0, 'ssm_conflicts': 793.0}, final;ckpt
SIM_TRAIN step:159, travel time:59.33023920028561, q_loss:0.0032526993, rewards:-6.5827794, queue:2.899074, delay:0.16607413, throughput:2783, raw_metrics:{'fairness': 44.0}
SIM_TRAIN step:160, travel time:64.09210996072831, q_loss:0.003145437, rewards:-6.161112, queue:3.4861112, delay:0.1655705, throughput:2786, raw_metrics:{'fairness': 24.333}
REAL_TRAIN step:116, travel time:368.70285714285717, q_loss:100, rewards:-99.63751, queue:35.099075, delay:0.6131573, throughput:1937, R_real:-1.4670, components:{'queue': 1.011, 'delay': 0.0, 'waiting': 0.0, 'pressure': 0.0, 'switches': 0.0, 'ssm_conflicts': 0.456, 'collisions': 0.0}, raw_metrics:{'fairness': 187.667, 'emission': 828.697, 'fuel': 268.658, 'emergency_stops': 8.0, 'collisions': 0.0, 'ssm_conflicts': 820.0}, final;ckpt
SIM_TRAIN step:161, travel time:64.92392857142858, q_loss:0.0033084105, rewards:-6.173333, queue:3.5805554, delay:0.16865504, throughput:2786, raw_metrics:{'fairness': 40.333}
SIM_TRAIN step:162, travel time:64.49268118529096, q_loss:0.0034954508, rewards:-5.4741673, queue:3.35, delay:0.16893704, throughput:2785, raw_metrics:{'fairness': 53.333}
REAL_TRAIN step:118, travel time:379.5160751565762, q_loss:100, rewards:-99.89777, queue:35.058334, delay:0.5980755, throughput:1892, R_real:-1.4107, components:{'queue': 0.998, 'delay': 0.0, 'waiting': 0.0, 'pressure': 0.0, 'switches': 0.0, 'ssm_conflicts': 0.413, 'collisions': 0.0}, raw_metrics:{'fairness': 128.667, 'emission': 828.638, 'fuel': 268.639, 'emergency_stops': 5.0, 'collisions': 2.0, 'ssm_conflicts': 743.0}, final;ckpt
SIM_TRAIN step:163, travel time:52.68857142857143, q_loss:0.0033512423, rewards:-1.5569438, queue:1.1953703, delay:0.1439764, throughput:2784, raw_metrics:{'fairness': 0.0}
SIM_TRAIN step:164, travel time:65.35331905781585, q_loss:0.00348154, rewards:-6.775, queue:3.6592593, delay:0.16421682, throughput:2787, raw_metrics:{'fairness': 48.0}
REAL_TRAIN step:120, travel time:325.9948596283116, q_loss:100, rewards:-101.374435, queue:34.305557, delay:0.58399326, throughput:2047, R_real:-1.4992, components:{'queue': 1.015, 'delay': 0.0, 'waiting': 0.0, 'pressure': 0.0, 'switches': 0.0, 'ssm_conflicts': 0.484, 'collisions': 0.0}, raw_metrics:{'fairness': 171.333, 'emission': 793.19, 'fuel': 257.147, 'emergency_stops': 1.0, 'collisions': 0.0, 'ssm_conflicts': 871.0}, final;ckpt
SIM_TRAIN step:165, travel time:62.495714285714286, q_loss:0.0033260114, rewards:-2.5261102, queue:2.6777778, delay:0.16076426, throughput:2788, raw_metrics:{'fairness': 33.667}
SIM_TRAIN step:166, travel time:64.19428571428571, q_loss:0.00329736, rewards:-5.365276, queue:3.3601851, delay:0.1726642, throughput:2781, raw_metrics:{'fairness': 64.333}
REAL_TRAIN step:122, travel time:321.15883757961785, q_loss:100, rewards:-94.43943, queue:31.88611, delay:0.57492405, throughput:2047, R_real:-1.3464, components:{'queue': 0.921, 'delay': 0.0, 'waiting': 0.0, 'pressure': 0.0, 'switches': 0.0, 'ssm_conflicts': 0.426, 'collisions': 0.0}, raw_metrics:{'fairness': 123.667, 'emission': 747.182, 'fuel': 242.231, 'emergency_stops': 5.0, 'collisions': 0.0, 'ssm_conflicts': 766.0}, final;ckpt
SIM_TRAIN step:167, travel time:58.70796144234202, q_loss:0.0033487608, rewards:0.6255561, queue:1.1277778, delay:0.13634802, throughput:2786, raw_metrics:{'fairness': 0.0}
SIM_TRAIN step:168, travel time:59.03426124197002, q_loss:0.0031698397, rewards:0.45694453, queue:1.1666666, delay:0.1373354, throughput:2781, raw_metrics:{'fairness': 0.0}
REAL_TRAIN step:124, travel time:297.7999226006192, q_loss:100, rewards:-92.61166, queue:30.514814, delay:0.53215843, throughput:2136, R_real:-1.2848, components:{'queue': 0.896, 'delay': 0.0, 'waiting': 0.0, 'pressure': 0.0, 'switches': 0.0, 'ssm_conflicts': 0.389, 'collisions': 0.0}, raw_metrics:{'fairness': 119.0, 'emission': 709.969, 'fuel': 230.167, 'emergency_stops': 0.0, 'collisions': 0.0, 'ssm_conflicts': 700.0}, final;ckpt
SIM_TRAIN step:169, travel time:51.687611567297395, q_loss:0.0032986042, rewards:-0.45361108, queue:0.86203706, delay:0.13099124, throughput:2789, raw_metrics:{'fairness': 0.0}
SIM_TRAIN step:170, travel time:66.83321428571429, q_loss:0.0032011094, rewards:-2.7730546, queue:2.7407408, delay:0.15778807, throughput:2786, raw_metrics:{'fairness': 25.0}
REAL_TRAIN step:126, travel time:437.94499105545617, q_loss:100, rewards:-118.46833, queue:41.84815, delay:0.6519323, throughput:1704, R_real:-1.5636, components:{'queue': 1.27, 'delay': 0.0, 'waiting': 0.0, 'pressure': 0.0, 'switches': 0.0, 'ssm_conflicts': 0.293, 'collisions': 0.0}, raw_metrics:{'fairness': 164.333, 'emission': 919.055, 'fuel': 297.952, 'emergency_stops': 5.0, 'collisions': 0.0, 'ssm_conflicts': 528.0}, final;ckpt
SIM_TRAIN step:171, travel time:64.24098536237058, q_loss:0.0029526039, rewards:-7.043332, queue:3.0462964, delay:0.1646267, throughput:2783, raw_metrics:{'fairness': 40.0}
SIM_TRAIN step:172, travel time:61.38214285714286, q_loss:0.0031515518, rewards:0.23861186, queue:1.325926, delay:0.14550762, throughput:2783, raw_metrics:{'fairness': 0.0}
REAL_TRAIN step:128, travel time:293.7902834008097, q_loss:100, rewards:-116.172775, queue:38.350925, delay:0.6032062, throughput:2129, R_real:-1.5024, components:{'queue': 1.179, 'delay': 0.0, 'waiting': 0.0, 'pressure': 0.0, 'switches': 0.0, 'ssm_conflicts': 0.324, 'collisions': 0.0}, raw_metrics:{'fairness': 44.333, 'emission': 784.131, 'fuel': 254.21, 'emergency_stops': 5.0, 'collisions': 0.0, 'ssm_conflicts': 583.0}, final;ckpt
SIM_TRAIN step:173, travel time:62.4925, q_loss:0.0032909059, rewards:-3.5013893, queue:2.8787036, delay:0.16784205, throughput:2785, raw_metrics:{'fairness': 45.667}
SIM_TRAIN step:174, travel time:65.28785714285715, q_loss:0.002903587, rewards:-5.9477777, queue:3.4777777, delay:0.16443607, throughput:2790, raw_metrics:{'fairness': 0.0}
REAL_TRAIN step:130, travel time:72.44642857142857, q_loss:100, rewards:-12.960002, queue:1.8398148, delay:0.23207098, throughput:2812, R_real:-0.4421, components:{'queue': 0.047, 'delay': 0.0, 'waiting': 0.0, 'pressure': 0.0, 'switches': 0.0, 'ssm_conflicts': 0.396, 'collisions': 0.0}, raw_metrics:{'fairness': 0.0, 'emission': 188.156, 'fuel': 60.998, 'emergency_stops': 5.0, 'collisions': 0.0, 'ssm_conflicts': 712.0}, final;ckpt
SIM_TRAIN step:175, travel time:63.24892857142857, q_loss:0.0027183536, rewards:-5.631665, queue:3.3296297, delay:0.17045347, throughput:2782, raw_metrics:{'fairness': 53.333}
SIM_TRAIN step:176, travel time:64.23821428571429, q_loss:0.003015406, rewards:-5.9461102, queue:3.4824073, delay:0.16696554, throughput:2783, raw_metrics:{'fairness': 40.333}
REAL_TRAIN step:132, travel time:709.776193088316, q_loss:100, rewards:-99.80361, queue:40.919445, delay:0.65440345, throughput:1172, R_real:-1.4200, components:{'queue': 1.158, 'delay': 0.0, 'waiting': 0.0, 'pressure': 0.0, 'switches': 0.0, 'ssm_conflicts': 0.262, 'collisions': 0.0}, raw_metrics:{'fairness': 93.333, 'emission': 964.194, 'fuel': 312.586, 'emergency_stops': 2.0, 'collisions': 0.0, 'ssm_conflicts': 471.0}, final;ckpt
SIM_TRAIN step:177, travel time:63.223214285714285, q_loss:0.002940585, rewards:-2.603888, queue:2.762963, delay:0.1739556, throughput:2790, raw_metrics:{'fairness': 17.667}
SIM_TRAIN step:178, travel time:60.5625, q_loss:0.0027930983, rewards:-7.5325, queue:3.1407406, delay:0.17035067, throughput:2786, raw_metrics:{'fairness': 42.0}
REAL_TRAIN step:134, travel time:232.16149773071103, q_loss:100, rewards:-84.87222, queue:28.262037, delay:0.54057693, throughput:2311, R_real:-1.2657, components:{'queue': 0.871, 'delay': 0.0, 'waiting': 0.0, 'pressure': 0.0, 'switches': 0.0, 'ssm_conflicts': 0.394, 'collisions': 0.0}, raw_metrics:{'fairness': 72.0, 'emission': 622.804, 'fuel': 201.909, 'emergency_stops': 4.0, 'collisions': 1.0, 'ssm_conflicts': 710.0}, final;ckpt
SIM_TRAIN step:179, travel time:63.909642857142856, q_loss:0.0028420205, rewards:-4.429445, queue:3.0953703, delay:0.16393065, throughput:2789, raw_metrics:{'fairness': 19.0}
SIM_TRAIN step:180, travel time:53.10424848268475, q_loss:0.0030017393, rewards:-1.688611, queue:1.2879629, delay:0.14620112, throughput:2783, raw_metrics:{'fairness': 68.0}
REAL_TRAIN step:136, travel time:637.7318727177882, q_loss:100, rewards:-126.631676, queue:44.91574, delay:0.67810994, throughput:1315, R_real:-1.5936, components:{'queue': 1.289, 'delay': 0.0, 'waiting': 0.0, 'pressure': 0.0, 'switches': 0.0, 'ssm_conflicts': 0.305, 'collisions': 0.0}, raw_metrics:{'fairness': 123.0, 'emission': 942.74, 'fuel': 305.63, 'emergency_stops': 0.0, 'collisions': 1.0, 'ssm_conflicts': 549.0}, final;ckpt
SIM_TRAIN step:181, travel time:57.01714285714286, q_loss:0.002719125, rewards:0.32694414, queue:1.5361111, delay:0.15003999, throughput:2775, raw_metrics:{'fairness': 50.333}
SIM_TRAIN step:182, travel time:65.63905747947162, q_loss:0.0029513678, rewards:-6.5761094, queue:3.675926, delay:0.17279539, throughput:2786, raw_metrics:{'fairness': 44.333}
REAL_TRAIN step:138, travel time:637.4543080939948, q_loss:100, rewards:-126.56584, queue:44.836113, delay:0.68994105, throughput:1312, R_real:-1.5512, components:{'queue': 1.295, 'delay': 0.0, 'waiting': 0.0, 'pressure': 0.0, 'switches': 0.0, 'ssm_conflicts': 0.257, 'collisions': 0.0}, raw_metrics:{'fairness': 123.667, 'emission': 937.127, 'fuel': 303.811, 'emergency_stops': 3.0, 'collisions': 0.0, 'ssm_conflicts': 462.0}, final;ckpt
SIM_TRAIN step:183, travel time:59.107142857142854, q_loss:0.0031082064, rewards:-6.0727777, queue:2.7009258, delay:0.16611286, throughput:2783, raw_metrics:{'fairness': 29.667}
SIM_TRAIN step:184, travel time:52.37901498929336, q_loss:0.0031936557, rewards:-1.6736108, queue:1.2342592, delay:0.14505301, throughput:2784, raw_metrics:{'fairness': 60.333}
REAL_TRAIN step:140, travel time:278.59992372234933, q_loss:100, rewards:-105.30888, queue:33.851852, delay:0.5702073, throughput:2240, R_real:-1.4105, components:{'queue': 1.012, 'delay': 0.0, 'waiting': 0.0, 'pressure': 0.0, 'switches': 0.0, 'ssm_conflicts': 0.398, 'collisions': 0.0}, raw_metrics:{'fairness': 48.0, 'emission': 716.262, 'fuel': 232.207, 'emergency_stops': 3.0, 'collisions': 0.0, 'ssm_conflicts': 717.0}, final;ckpt
SIM_TRAIN step:185, travel time:67.04285714285714, q_loss:0.0032741688, rewards:-5.687499, queue:3.1796296, delay:0.16698301, throughput:2779, raw_metrics:{'fairness': 48.0}
SIM_TRAIN step:186, travel time:61.745357142857145, q_loss:0.0031820629, rewards:-3.3774998, queue:2.7416666, delay:0.15679663, throughput:2792, raw_metrics:{'fairness': 0.0}
REAL_TRAIN step:142, travel time:537.3755912961211, q_loss:100, rewards:-117.39222, queue:39.26389, delay:0.651374, throughput:1512, R_real:-1.4960, components:{'queue': 1.121, 'delay': 0.0, 'waiting': 0.0, 'pressure': 0.0, 'switches': 0.0, 'ssm_conflicts': 0.375, 'collisions': 0.0}, raw_metrics:{'fairness': 111.333, 'emission': 855.793, 'fuel': 277.443, 'emergency_stops': 2.0, 'collisions': 0.0, 'ssm_conflicts': 675.0}, final;ckpt
SIM_TRAIN step:187, travel time:66.08711174580507, q_loss:0.0029465423, rewards:-4.2763886, queue:2.987037, delay:0.16246234, throughput:2783, raw_metrics:{'fairness': 194.0}
SIM_TRAIN step:188, travel time:62.839642857142856, q_loss:0.002952118, rewards:-5.444167, queue:3.2703705, delay:0.16526683, throughput:2783, raw_metrics:{'fairness': 40.0}
REAL_TRAIN step:144, travel time:567.175572519084, q_loss:100, rewards:-117.81417, queue:41.12037, delay:0.68407524, throughput:1477, R_real:-1.5716, components:{'queue': 1.187, 'delay': 0.0, 'waiting': 0.0, 'pressure': 0.0, 'switches': 0.0, 'ssm_conflicts': 0.385, 'collisions': 0.0}, raw_metrics:{'fairness': 120.333, 'emission': 924.54, 'fuel': 299.73, 'emergency_stops': 3.0, 'collisions': 1.0, 'ssm_conflicts': 693.0}, final;ckpt
SIM_TRAIN step:189, travel time:60.16285714285714, q_loss:0.0031231188, rewards:-7.4647236, queue:3.2, delay:0.17027643, throughput:2783, raw_metrics:{'fairness': 39.333}
SIM_TRAIN step:190, travel time:62.30571428571429, q_loss:0.003060768, rewards:-9.36472, queue:3.8055556, delay:0.17020974, throughput:2779, raw_metrics:{'fairness': 56.333}
REAL_TRAIN step:146, travel time:598.0755642787046, q_loss:100, rewards:-123.42111, queue:42.971294, delay:0.6785373, throughput:1413, R_real:-1.5855, components:{'queue': 1.21, 'delay': 0.0, 'waiting': 0.0, 'pressure': 0.0, 'switches': 0.0, 'ssm_conflicts': 0.375, 'collisions': 0.0}, raw_metrics:{'fairness': 132.667, 'emission': 909.117, 'fuel': 294.73, 'emergency_stops': 2.0, 'collisions': 0.0, 'ssm_conflicts': 675.0}, final;ckpt
SIM_TRAIN step:191, travel time:61.6875, q_loss:0.0033241687, rewards:-8.803887, queue:3.6268518, delay:0.16901766, throughput:2783, raw_metrics:{'fairness': 34.667}
SIM_TRAIN step:192, travel time:66.11531595858622, q_loss:0.0033252048, rewards:-6.6105566, queue:3.651852, delay:0.16482057, throughput:2790, raw_metrics:{'fairness': 0.0}
REAL_TRAIN step:148, travel time:591.0019342359768, q_loss:100, rewards:-104.41471, queue:38.203705, delay:0.6554709, throughput:1426, R_real:-1.3519, components:{'queue': 1.031, 'delay': 0.0, 'waiting': 0.0, 'pressure': 0.0, 'switches': 0.0, 'ssm_conflicts': 0.321, 'collisions': 0.0}, raw_metrics:{'fairness': 147.333, 'emission': 865.782, 'fuel': 280.681, 'emergency_stops': 3.0, 'collisions': 1.0, 'ssm_conflicts': 578.0}, final;ckpt
SIM_TRAIN step:193, travel time:55.370357142857145, q_loss:0.003090085, rewards:-0.13444418, queue:1.2953703, delay:0.14294823, throughput:2780, raw_metrics:{'fairness': 33.667}
SIM_TRAIN step:194, travel time:57.34332619557459, q_loss:0.0033117859, rewards:2.7741666, queue:1.062037, delay:0.14044476, throughput:2789, raw_metrics:{'fairness': 0.0}
REAL_TRAIN step:150, travel time:667.1674903898956, q_loss:100, rewards:-130.73389, queue:46.364815, delay:0.7160736, throughput:1214, R_real:-1.6775, components:{'queue': 1.364, 'delay': 0.0, 'waiting': 0.0, 'pressure': 0.0, 'switches': 0.0, 'ssm_conflicts': 0.313, 'collisions': 0.0}, raw_metrics:{'fairness': 122.667, 'emission': 960.102, 'fuel': 311.259, 'emergency_stops': 5.0, 'collisions': 0.0, 'ssm_conflicts': 564.0}, final;ckpt
SIM_TRAIN step:195, travel time:62.598571428571425, q_loss:0.0035255975, rewards:-5.767501, queue:3.2287037, delay:0.16723593, throughput:2784, raw_metrics:{'fairness': 42.0}
SIM_TRAIN step:196, travel time:67.1, q_loss:0.0033791908, rewards:-5.3436117, queue:3.2444444, delay:0.17071602, throughput:2783, raw_metrics:{'fairness': 50.0}
REAL_TRAIN step:152, travel time:356.7072463768116, q_loss:100, rewards:-99.92555, queue:33.802776, delay:0.5938972, throughput:1922, R_real:-1.3493, components:{'queue': 1.032, 'delay': 0.0, 'waiting': 0.0, 'pressure': 0.0, 'switches': 0.0, 'ssm_conflicts': 0.317, 'collisions': 0.0}, raw_metrics:{'fairness': 91.0, 'emission': 782.827, 'fuel': 253.787, 'emergency_stops': 5.0, 'collisions': 2.0, 'ssm_conflicts': 571.0}, final;ckpt
SIM_TRAIN step:197, travel time:65.59671663097787, q_loss:0.0031397305, rewards:-7.833056, queue:3.9120371, delay:0.16643366, throughput:2785, raw_metrics:{'fairness': 44.0}
SIM_TRAIN step:198, travel time:65.5825, q_loss:0.003300984, rewards:-6.563889, queue:3.598148, delay:0.16493434, throughput:2792, raw_metrics:{'fairness': 0.0}
REAL_TRAIN step:154, travel time:454.958904109589, q_loss:100, rewards:-119.65639, queue:43.00741, delay:0.70247555, throughput:1658, R_real:-1.6389, components:{'queue': 1.314, 'delay': 0.0, 'waiting': 0.0, 'pressure': 0.0, 'switches': 0.0, 'ssm_conflicts': 0.325, 'collisions': 0.0}, raw_metrics:{'fairness': 145.667, 'emission': 952.342, 'fuel': 308.744, 'emergency_stops': 2.0, 'collisions': 0.0, 'ssm_conflicts': 585.0}, final;ckpt
SIM_TRAIN step:199, travel time:57.6825, q_loss:0.0033001998, rewards:-1.7616664, queue:1.275, delay:0.14494248, throughput:2782, raw_metrics:{'fairness': 87.0}
REAL_TRAIN step:155, travel time:689.4656862745098, q_loss:100, rewards:-97.89222, queue:39.482407, delay:0.62307036, throughput:1190, R_real:-1.3658, components:{'queue': 1.092, 'delay': 0.0, 'waiting': 0.0, 'pressure': 0.0, 'switches': 0.0, 'ssm_conflicts': 0.274, 'collisions': 0.0}, raw_metrics:{'fairness': 97.667, 'emission': 931.656, 'fuel': 302.037, 'emergency_stops': 2.0, 'collisions': 0.0, 'ssm_conflicts': 493.0}, final;ckpt
RewardInference-Final: deploying best checkpoint R_real=-0.3571
Saved method state to data/output_data/sim2real_rewards/cityflow_presslight/cologne3/baseline_rewards_v2_reward_inference_physical_safety_heavy_s0/model/cologne3_physical_safety_heavy_presslight_reward_inference/method_state.json
real rollouts used: 94/100
REAL_TEST step:0, travel time:71.21743697478992, q_loss:100, rewards:-11.917779, queue:1.4833333, delay:0.22769423, throughput:2812, R_real:-0.3571, components:{'queue': 0.034, 'delay': 0.0, 'waiting': 0.0, 'pressure': 0.0, 'switches': 0.0, 'ssm_conflicts': 0.323, 'collisions': 0.0}, raw_metrics:{'fairness': 0.0, 'emission': 181.014, 'fuel': 58.683, 'emergency_stops': 6.0, 'collisions': 0.0, 'ssm_conflicts': 581.0}
Total time taken: 3753.2708537578583
