RewardInference: 18 probes (components ['queue', 'delay', 'waiting', 'pressure', 'switches', 'fairness'] x 3 repeats, capped at 99 by real budget)
SIM_TRAIN step:0, travel time:42.521865889212826, q_loss:0.0019218831, rewards:-4.7167606, queue:4.4666667, delay:0.15070407, throughput:1707, raw_metrics:{'fairness': 0.0}
SIM_TRAIN step:1, travel time:41.16851311953353, q_loss:0.00023457139, rewards:-0.7417589, queue:0.63055557, delay:0.10179983, throughput:1705, raw_metrics:{'fairness': 0.0}
SIM_TRAIN step:2, travel time:36.28104956268221, q_loss:0.00015874956, rewards:-0.7424073, queue:0.65833336, delay:0.09544576, throughput:1707, raw_metrics:{'fairness': 0.0}
REAL_TRAIN step:1, travel time:43.183090379008746, q_loss:100, rewards:-2.1037035, queue:1.75, delay:0.20282307, throughput:1701, R_real:-0.5817, components:{'queue': 0.009, 'delay': 0.0, 'waiting': 0.03, 'pressure': 0.0, 'switches': 0.0, 'fairness': 0.542}, raw_metrics:{'fairness': 0.0, 'emission': 84.223, 'fuel': 27.304, 'emergency_stops': 4.0, 'collisions': 0.0, 'ssm_conflicts': 247.0}, probe[queue]
SIM_TRAIN step:3, travel time:38.85247813411079, q_loss:0.0036549817, rewards:-3.4164808, queue:3.3305554, delay:0.13050312, throughput:1707, raw_metrics:{'fairness': 0.0}
SIM_TRAIN step:4, travel time:144.33411078717202, q_loss:0.005146016, rewards:-1.0235184, queue:0.8833333, delay:0.12698247, throughput:1707, raw_metrics:{'fairness': 0.0}
SIM_TRAIN step:5, travel time:31.29737609329446, q_loss:0.00526465, rewards:-0.6688887, queue:0.64444447, delay:0.08231422, throughput:1707, raw_metrics:{'fairness': 0.0}
REAL_TRAIN step:2, travel time:340.01543942992873, q_loss:100, rewards:-77.334465, queue:72.255554, delay:0.46121198, throughput:752, R_real:-94.1300, components:{'queue': 0.323, 'delay': 0.0, 'waiting': 93.431, 'pressure': 0.0, 'switches': 0.0, 'fairness': 0.376}, raw_metrics:{'fairness': 8.0, 'emission': 418.204, 'fuel': 135.579, 'emergency_stops': 1.0, 'collisions': 0.0, 'ssm_conflicts': 167.0}, probe[delay]
SIM_TRAIN step:6, travel time:63.16793002915452, q_loss:0.0020712526, rewards:-4.526576, queue:3.6944444, delay:0.19349019, throughput:1706, raw_metrics:{'fairness': 0.0}
SIM_TRAIN step:7, travel time:34.963848396501454, q_loss:0.0005289199, rewards:-1.1130549, queue:1.0805556, delay:0.111913554, throughput:1707, raw_metrics:{'fairness': 0.0}
SIM_TRAIN step:8, travel time:32.412827988338194, q_loss:0.00024245953, rewards:-0.8251849, queue:0.775, delay:0.09966115, throughput:1707, raw_metrics:{'fairness': 0.0}
REAL_TRAIN step:3, travel time:43.43032069970845, q_loss:100, rewards:-1.8437043, queue:1.5805556, delay:0.17921467, throughput:1697, R_real:-0.6134, components:{'queue': 0.008, 'delay': 0.0, 'waiting': 0.041, 'pressure': 0.0, 'switches': 0.0, 'fairness': 0.565}, raw_metrics:{'fairness': 0.0, 'emission': 81.905, 'fuel': 26.552, 'emergency_stops': 6.0, 'collisions': 0.0, 'ssm_conflicts': 181.0}, probe[waiting]
SIM_TRAIN step:9, travel time:90.49854227405248, q_loss:0.2810556, rewards:-5.4226933, queue:5.236111, delay:0.17406458, throughput:1559, raw_metrics:{'fairness': 0.0}
SIM_TRAIN step:10, travel time:283.7451895043732, q_loss:0.29864913, rewards:-1.5103711, queue:1.1916667, delay:0.1656187, throughput:1502, raw_metrics:{'fairness': 0.0}
SIM_TRAIN step:11, travel time:39.20816326530612, q_loss:0.24209629, rewards:-0.618796, queue:0.55, delay:0.08879303, throughput:1706, raw_metrics:{'fairness': 0.0}
REAL_TRAIN step:4, travel time:51.713119533527696, q_loss:100, rewards:-2.5567584, queue:2.0416667, delay:0.19229667, throughput:1702, R_real:-0.6750, components:{'queue': 0.011, 'delay': 0.0, 'waiting': 0.066, 'pressure': 0.0, 'switches': 0.0, 'fairness': 0.598}, raw_metrics:{'fairness': 0.0, 'emission': 85.034, 'fuel': 27.567, 'emergency_stops': 4.0, 'collisions': 0.0, 'ssm_conflicts': 250.0}, probe[pressure]
SIM_TRAIN step:12, travel time:260.11603498542274, q_loss:0.08154176, rewards:-11.992595, queue:9.088889, delay:0.3074043, throughput:1331, raw_metrics:{'fairness': 339.0}
SIM_TRAIN step:13, travel time:877.1481049562682, q_loss:0.01427129, rewards:-20.577105, queue:15.45, delay:0.38010144, throughput:854, raw_metrics:{'fairness': 106.0}
SIM_TRAIN step:14, travel time:919.7122888759465, q_loss:0.0013482341, rewards:-20.11544, queue:15.133333, delay:0.3594713, throughput:954, raw_metrics:{'fairness': 789.0}
REAL_TRAIN step:5, travel time:297.88028169014086, q_loss:100, rewards:-24.372532, queue:18.330555, delay:0.46790442, throughput:649, R_real:-35.8334, components:{'queue': 0.102, 'delay': 0.0, 'waiting': 34.794, 'pressure': 0.0, 'switches': 0.0, 'fairness': 0.938}, raw_metrics:{'fairness': 1.0, 'emission': 133.482, 'fuel': 43.274, 'emergency_stops': 0.0, 'collisions': 0.0, 'ssm_conflicts': 41.0}, probe[switches]
SIM_TRAIN step:15, travel time:45.61829836829837, q_loss:0.015828678, rewards:-6.154536, queue:6.013889, delay:0.15199256, throughput:1698, raw_metrics:{'fairness': 0.0}
SIM_TRAIN step:16, travel time:100.88163265306123, q_loss:0.25483695, rewards:-26.090462, queue:26.052778, delay:0.23953766, throughput:1664, raw_metrics:{'fairness': 0.0}
SIM_TRAIN step:17, travel time:42.12244897959184, q_loss:0.17540607, rewards:-4.546297, queue:4.5277777, delay:0.12846416, throughput:1707, raw_metrics:{'fairness': 0.0}
REAL_TRAIN step:6, travel time:335.48474178403757, q_loss:100, rewards:-75.97437, queue:71.83611, delay:0.46427304, throughput:763, R_real:-92.2880, components:{'queue': 0.317, 'delay': 0.0, 'waiting': 91.277, 'pressure': 0.0, 'switches': 0.0, 'fairness': 0.694}, raw_metrics:{'fairness': 19.0, 'emission': 416.243, 'fuel': 134.944, 'emergency_stops': 0.0, 'collisions': 0.0, 'ssm_conflicts': 154.0}, probe[fairness]
SIM_TRAIN step:18, travel time:81.98075801749272, q_loss:0.0006723789, rewards:-1.8817596, queue:1.7166667, delay:0.14241312, throughput:1707, raw_metrics:{'fairness': 0.0}
SIM_TRAIN step:19, travel time:41.886880466472306, q_loss:0.00012757126, rewards:-0.7901854, queue:0.7111111, delay:0.10494019, throughput:1706, raw_metrics:{'fairness': 0.0}
SIM_TRAIN step:20, travel time:33.64606413994169, q_loss:9.9366436e-05, rewards:-0.6891668, queue:0.65, delay:0.09204671, throughput:1707, raw_metrics:{'fairness': 0.0}
REAL_TRAIN step:7, travel time:41.99883381924198, q_loss:100, rewards:-2.373056, queue:1.9472222, delay:0.21357697, throughput:1704, R_real:-0.8282, components:{'queue': 0.01, 'delay': 0.0, 'waiting': 0.035, 'pressure': 0.0, 'switches': 0.0, 'fairness': 0.783}, raw_metrics:{'fairness': 0.0, 'emission': 85.622, 'fuel': 27.757, 'emergency_stops': 5.0, 'collisions': 0.0, 'ssm_conflicts': 273.0}, probe[queue]
SIM_TRAIN step:21, travel time:46.10903790087463, q_loss:0.0052648084, rewards:-5.8403707, queue:5.8055553, delay:0.14793819, throughput:1688, raw_metrics:{'fairness': 0.0}
SIM_TRAIN step:22, travel time:35.072886297376094, q_loss:0.0035061105, rewards:-0.5008336, queue:0.46944445, delay:0.084965944, throughput:1706, raw_metrics:{'fairness': 0.0}
SIM_TRAIN step:23, travel time:31.034985422740526, q_loss:0.00317493, rewards:-0.45453706, queue:0.44166666, delay:0.075742655, throughput:1707, raw_metrics:{'fairness': 0.0}
REAL_TRAIN step:8, travel time:49.69446064139942, q_loss:100, rewards:-3.694534, queue:2.9527779, delay:0.20464179, throughput:1705, R_real:-0.9294, components:{'queue': 0.015, 'delay': 0.0, 'waiting': 0.088, 'pressure': 0.0, 'switches': 0.0, 'fairness': 0.826}, raw_metrics:{'fairness': 0.0, 'emission': 89.991, 'fuel': 29.174, 'emergency_stops': 0.0, 'collisions': 0.0, 'ssm_conflicts': 294.0}, probe[delay]
SIM_TRAIN step:24, travel time:36.60291545189504, q_loss:0.00033311968, rewards:-2.120278, queue:2.0472221, delay:0.12399962, throughput:1705, raw_metrics:{'fairness': 0.0}
SIM_TRAIN step:25, travel time:34.9667638483965, q_loss:0.00014886908, rewards:-0.9032404, queue:0.8277778, delay:0.103725836, throughput:1707, raw_metrics:{'fairness': 0.0}
SIM_TRAIN step:26, travel time:34.10612244897959, q_loss:0.000108572014, rewards:-1.1598148, queue:1.0805556, delay:0.10260647, throughput:1707, raw_metrics:{'fairness': 0.0}
REAL_TRAIN step:9, travel time:38.04723032069971, q_loss:100, rewards:-2.606481, queue:2.3416667, delay:0.17654583, throughput:1704, R_real:-0.7504, components:{'queue': 0.011, 'delay': 0.0, 'waiting': 0.03, 'pressure': 0.0, 'switches': 0.0, 'fairness': 0.709}, raw_metrics:{'fairness': 0.0, 'emission': 88.037, 'fuel': 28.54, 'emergency_stops': 4.0, 'collisions': 0.0, 'ssm_conflicts': 379.0}, probe[waiting]
SIM_TRAIN step:27, travel time:69.14693877551021, q_loss:0.17125225, rewards:-4.6595407, queue:4.3333335, delay:0.17655534, throughput:1696, raw_metrics:{'fairness': 0.0}
SIM_TRAIN step:28, travel time:159.56151603498543, q_loss:0.22648597, rewards:-1.0636108, queue:0.93333334, delay:0.13202621, throughput:1707, raw_metrics:{'fairness': 0.0}
SIM_TRAIN step:29, travel time:41.30612244897959, q_loss:0.19127524, rewards:-0.6871293, queue:0.63611114, delay:0.0914708, throughput:1706, raw_metrics:{'fairness': 0.0}
REAL_TRAIN step:10, travel time:43.60408163265306, q_loss:100, rewards:-1.7983335, queue:1.5055555, delay:0.17874096, throughput:1705, R_real:-0.5820, components:{'queue': 0.008, 'delay': 0.0, 'waiting': 0.034, 'pressure': 0.0, 'switches': 0.0, 'fairness': 0.54}, raw_metrics:{'fairness': 0.0, 'emission': 81.673, 'fuel': 26.477, 'emergency_stops': 6.0, 'collisions': 0.0, 'ssm_conflicts': 176.0}, probe[pressure]
SIM_TRAIN step:30, travel time:94.38775510204081, q_loss:0.08072388, rewards:-19.25259, queue:19.247223, delay:0.18812193, throughput:1596, raw_metrics:{'fairness': 0.0}
SIM_TRAIN step:31, travel time:361.98950437317785, q_loss:0.023983303, rewards:-1.5469444, queue:1.2611111, delay:0.157786, throughput:1326, raw_metrics:{'fairness': 0.0}
SIM_TRAIN step:32, travel time:376.38309037900876, q_loss:0.0038419664, rewards:-1.4084283, queue:1.1555556, delay:0.15831868, throughput:1383, raw_metrics:{'fairness': 0.0}
REAL_TRAIN step:11, travel time:158.18524727577537, q_loss:100, rewards:-3.0107439, queue:2.3833334, delay:0.28350767, throughput:1138, R_real:-4.5407, components:{'queue': 0.013, 'delay': 0.0, 'waiting': 3.411, 'pressure': 0.0, 'switches': 0.0, 'fairness': 1.117}, raw_metrics:{'fairness': 0.0, 'emission': 71.737, 'fuel': 23.256, 'emergency_stops': 0.0, 'collisions': 0.0, 'ssm_conflicts': 120.0}, probe[switches]
SIM_TRAIN step:33, travel time:64.47288629737609, q_loss:0.047072668, rewards:-13.165461, queue:13.119445, delay:0.2057725, throughput:1703, raw_metrics:{'fairness': 0.0}
SIM_TRAIN step:34, travel time:106.0466472303207, q_loss:0.08047237, rewards:-28.457514, queue:28.48889, delay:0.24878275, throughput:1672, raw_metrics:{'fairness': 0.0}
SIM_TRAIN step:35, travel time:464.7027972027972, q_loss:0.04909808, rewards:-51.72622, queue:51.76389, delay:0.2724928, throughput:1314, raw_metrics:{'fairness': 0.0}
REAL_TRAIN step:12, travel time:411.3630319148936, q_loss:100, rewards:-84.57358, queue:79.30556, delay:0.4685229, throughput:659, R_real:-119.3724, components:{'queue': 0.353, 'delay': 0.0, 'waiting': 118.748, 'pressure': 0.0, 'switches': 0.0, 'fairness': 0.272}, raw_metrics:{'fairness': 7.0, 'emission': 451.433, 'fuel': 146.352, 'emergency_stops': 1.0, 'collisions': 0.0, 'ssm_conflicts': 87.0}, probe[fairness]
SIM_TRAIN step:36, travel time:41.79533527696793, q_loss:0.0012528042, rewards:-4.118244, queue:4.0555553, delay:0.14431478, throughput:1706, raw_metrics:{'fairness': 0.0}
SIM_TRAIN step:37, travel time:38.83556851311953, q_loss:0.00021039732, rewards:-0.8063888, queue:0.7027778, delay:0.10447569, throughput:1707, raw_metrics:{'fairness': 0.0}
SIM_TRAIN step:38, travel time:31.8, q_loss:0.0001653692, rewards:-0.6799075, queue:0.64166665, delay:0.088255376, throughput:1706, raw_metrics:{'fairness': 0.0}
REAL_TRAIN step:13, travel time:41.777842565597666, q_loss:100, rewards:-2.6712961, queue:2.1777778, delay:0.19545425, throughput:1704, R_real:-0.7862, components:{'queue': 0.011, 'delay': 0.0, 'waiting': 0.041, 'pressure': 0.0, 'switches': 0.0, 'fairness': 0.734}, raw_metrics:{'fairness': 0.0, 'emission': 86.529, 'fuel': 28.051, 'emergency_stops': 4.0, 'collisions': 0.0, 'ssm_conflicts': 323.0}, probe[queue]
SIM_TRAIN step:39, travel time:88.24023323615161, q_loss:0.007982148, rewards:-3.2694452, queue:2.9083333, delay:0.17000717, throughput:1707, raw_metrics:{'fairness': 0.0}
SIM_TRAIN step:40, travel time:30.66064139941691, q_loss:0.0071684346, rewards:-0.40824068, queue:0.37777779, delay:0.078188814, throughput:1706, raw_metrics:{'fairness': 0.0}
SIM_TRAIN step:41, travel time:31.00874635568513, q_loss:0.003827205, rewards:-0.45370376, queue:0.40833333, delay:0.079082616, throughput:1707, raw_metrics:{'fairness': 0.0}
REAL_TRAIN step:14, travel time:39.820991253644316, q_loss:100, rewards:-1.9892591, queue:1.7472222, delay:0.16466245, throughput:1702, R_real:-0.7035, components:{'queue': 0.008, 'delay': 0.0, 'waiting': 0.029, 'pressure': 0.0, 'switches': 0.0, 'fairness': 0.667}, raw_metrics:{'fairness': 0.0, 'emission': 83.422, 'fuel': 27.044, 'emergency_stops': 5.0, 'collisions': 0.0, 'ssm_conflicts': 265.0}, probe[delay]
SIM_TRAIN step:42, travel time:48.87638483965014, q_loss:0.001739873, rewards:-4.056945, queue:3.6194444, delay:0.18382834, throughput:1707, raw_metrics:{'fairness': 0.0}
SIM_TRAIN step:43, travel time:35.56909620991254, q_loss:0.00046979124, rewards:-1.3439814, queue:1.2583333, delay:0.114279926, throughput:1706, raw_metrics:{'fairness': 0.0}
SIM_TRAIN step:44, travel time:33.63906705539359, q_loss:0.00024163643, rewards:-1.0484257, queue:1.0, delay:0.10079689, throughput:1706, raw_metrics:{'fairness': 0.0}
REAL_TRAIN step:15, travel time:41.03731778425656, q_loss:100, rewards:-2.4520364, queue:2.1, delay:0.20713378, throughput:1705, R_real:-0.9426, components:{'queue': 0.01, 'delay': 0.0, 'waiting': 0.025, 'pressure': 0.0, 'switches': 0.0, 'fairness': 0.907}, raw_metrics:{'fairness': 0.0, 'emission': 88.352, 'fuel': 28.642, 'emergency_stops': 3.0, 'collisions': 0.0, 'ssm_conflicts': 401.0}, probe[waiting]
SIM_TRAIN step:45, travel time:82.27172011661807, q_loss:0.22979787, rewards:-3.258247, queue:3.1388888, delay:0.12926424, throughput:1599, raw_metrics:{'fairness': 0.0}
SIM_TRAIN step:46, travel time:431.31545189504374, q_loss:0.3666999, rewards:-1.7421305, queue:1.4305556, delay:0.1678091, throughput:1368, raw_metrics:{'fairness': 0.0}
SIM_TRAIN step:47, travel time:42.45072886297376, q_loss:0.28497118, rewards:-0.5274075, queue:0.50277776, delay:0.08556792, throughput:1706, raw_metrics:{'fairness': 0.0}
REAL_TRAIN step:16, travel time:54.5137026239067, q_loss:100, rewards:-2.4778714, queue:1.9666667, delay:0.20162226, throughput:1696, R_real:-0.4165, components:{'queue': 0.01, 'delay': 0.0, 'waiting': 0.069, 'pressure': 0.0, 'switches': 0.0, 'fairness': 0.337}, raw_metrics:{'fairness': 0.0, 'emission': 84.327, 'fuel': 27.338, 'emergency_stops': 2.0, 'collisions': 0.0, 'ssm_conflicts': 211.0}, probe[pressure]
SIM_TRAIN step:48, travel time:255.67249417249417, q_loss:0.06698159, rewards:-12.273708, queue:9.25, delay:0.31109813, throughput:1352, raw_metrics:{'fairness': 682.0}
SIM_TRAIN step:49, travel time:776.4536443148688, q_loss:0.01231624, rewards:-20.509222, queue:15.3527775, delay:0.33891806, throughput:924, raw_metrics:{'fairness': 78.0}
SIM_TRAIN step:50, travel time:925.2874635568513, q_loss:0.0022015295, rewards:-21.713055, queue:16.311111, delay:0.3963914, throughput:804, raw_metrics:{'fairness': 82.0}
REAL_TRAIN step:17, travel time:301.91970802919707, q_loss:100, rewards:-23.587685, queue:17.733334, delay:0.36658117, throughput:626, R_real:-35.5966, components:{'queue': 0.098, 'delay': 0.0, 'waiting': 34.632, 'pressure': 0.0, 'switches': 0.0, 'fairness': 0.866}, raw_metrics:{'fairness': 0.0, 'emission': 129.146, 'fuel': 41.868, 'emergency_stops': 0.0, 'collisions': 0.0, 'ssm_conflicts': 16.0}, probe[switches]
SIM_TRAIN step:51, travel time:49.81049562682216, q_loss:0.39580387, rewards:-7.4584265, queue:7.388889, delay:0.17901728, throughput:1683, raw_metrics:{'fairness': 0.0}
SIM_TRAIN step:52, travel time:417.73819241982505, q_loss:0.25727892, rewards:-50.357883, queue:50.43889, delay:0.26940915, throughput:1329, raw_metrics:{'fairness': 0.0}
SIM_TRAIN step:53, travel time:282.799416909621, q_loss:0.1308321, rewards:-45.03417, queue:45.144444, delay:0.25600535, throughput:1443, raw_metrics:{'fairness': 0.0}
REAL_TRAIN step:18, travel time:394.2354497354497, q_loss:100, rewards:-81.38229, queue:76.11389, delay:0.47107315, throughput:667, R_real:-113.7580, components:{'queue': 0.34, 'delay': 0.0, 'waiting': 113.375, 'pressure': 0.0, 'switches': 0.0, 'fairness': 0.044}, raw_metrics:{'fairness': 1.0, 'emission': 434.479, 'fuel': 140.856, 'emergency_stops': 0.0, 'collisions': 0.0, 'ssm_conflicts': 113.0}, probe[fairness]
RewardInference identified ŵ: {'queue': 0.5, 'delay': 0.0, 'waiting': 1.0, 'pressure': 0.0, 'switches': 0.0, 'fairness': 2.0}
RewardInference: renormalized actionable ŵ (max->1): {'queue': 0.25, 'waiting': 0.5, 'fairness': 1.0}
REAL_TRAIN step:0, travel time:35.95393586005831, q_loss:100, rewards:-1.4119443, queue:1.2416667, delay:0.15489978, throughput:1704, R_real:-0.6571, components:{'queue': 0.006, 'delay': 0.0, 'waiting': 0.011, 'pressure': 0.0, 'switches': 0.0, 'fairness': 0.64}, raw_metrics:{'fairness': 0.0, 'emission': 80.832, 'fuel': 26.205, 'emergency_stops': 2.0, 'collisions': 0.0, 'ssm_conflicts': 280.0}, final;warmstart
SIM_TRAIN step:54, travel time:36.90145772594752, q_loss:0, rewards:-1.4387033, queue:1.3555555, delay:0.114461124, throughput:1707, raw_metrics:{'fairness': 0.0}
SIM_TRAIN step:55, travel time:36.32536443148688, q_loss:0, rewards:-1.596852, queue:1.5527778, delay:0.11163576, throughput:1706, raw_metrics:{'fairness': 0.0}
REAL_TRAIN step:2, travel time:35.95393586005831, q_loss:100, rewards:-1.4119443, queue:1.2416667, delay:0.15489978, throughput:1704, R_real:-0.6571, components:{'queue': 0.006, 'delay': 0.0, 'waiting': 0.011, 'pressure': 0.0, 'switches': 0.0, 'fairness': 0.64}, raw_metrics:{'fairness': 0.0, 'emission': 80.832, 'fuel': 26.205, 'emergency_stops': 2.0, 'collisions': 0.0, 'ssm_conflicts': 280.0}, final;ckpt
SIM_TRAIN step:56, travel time:37.55743440233236, q_loss:1.8367428, rewards:-1.0496294, queue:0.98333335, delay:0.100570045, throughput:1705, raw_metrics:{'fairness': 0.0}
SIM_TRAIN step:57, travel time:68.13877551020408, q_loss:0.323578, rewards:-12.569353, queue:12.508333, delay:0.16277434, throughput:1707, raw_metrics:{'fairness': 0.0}
REAL_TRAIN step:4, travel time:67.42191142191142, q_loss:100, rewards:-14.741108, queue:13.255555, delay:0.278386, throughput:1698, R_real:-3.7009, components:{'queue': 0.061, 'delay': 0.0, 'waiting': 1.972, 'pressure': 0.0, 'switches': 0.0, 'fairness': 1.668}, raw_metrics:{'fairness': 0.0, 'emission': 148.039, 'fuel': 47.993, 'emergency_stops': 6.0, 'collisions': 0.0, 'ssm_conflicts': 533.0}, final;ckpt
SIM_TRAIN step:58, travel time:32.27463556851312, q_loss:0.15516081, rewards:-0.90027773, queue:0.8666667, delay:0.083679594, throughput:1707, raw_metrics:{'fairness': 0.0}
SIM_TRAIN step:59, travel time:36.80758017492711, q_loss:0.14460243, rewards:-2.5301845, queue:2.5, delay:0.10399354, throughput:1707, raw_metrics:{'fairness': 0.0}
REAL_TRAIN step:6, travel time:60.22915451895044, q_loss:100, rewards:-13.773964, queue:12.436111, delay:0.25685033, throughput:1703, R_real:-3.0487, components:{'queue': 0.057, 'delay': 0.0, 'waiting': 1.655, 'pressure': 0.0, 'switches': 0.0, 'fairness': 1.336}, raw_metrics:{'fairness': 0.0, 'emission': 142.243, 'fuel': 46.114, 'emergency_stops': 5.0, 'collisions': 0.0, 'ssm_conflicts': 522.0}, final;ckpt
SIM_TRAIN step:60, travel time:38.857725947521864, q_loss:0.14168839, rewards:-3.2, queue:3.2361112, delay:0.12443578, throughput:1707, raw_metrics:{'fairness': 0.0}
SIM_TRAIN step:61, travel time:36.06064139941691, q_loss:0.14632978, rewards:-2.3602774, queue:2.3833334, delay:0.11221813, throughput:1706, raw_metrics:{'fairness': 0.0}
REAL_TRAIN step:8, travel time:79.39788110653325, q_loss:100, rewards:-24.686216, queue:22.169445, delay:0.33762157, throughput:1655, R_real:-5.2939, components:{'queue': 0.103, 'delay': 0.0, 'waiting': 2.331, 'pressure': 0.0, 'switches': 0.0, 'fairness': 2.86}, raw_metrics:{'fairness': 170.0, 'emission': 193.058, 'fuel': 62.587, 'emergency_stops': 2.0, 'collisions': 0.0, 'ssm_conflicts': 701.0}, final;ckpt
SIM_TRAIN step:62, travel time:34.710204081632654, q_loss:0.124838926, rewards:-1.7359257, queue:1.7388889, delay:0.10382826, throughput:1707, raw_metrics:{'fairness': 0.0}
SIM_TRAIN step:63, travel time:38.2, q_loss:0.12430176, rewards:-2.8075922, queue:2.7833333, delay:0.11199544, throughput:1707, raw_metrics:{'fairness': 0.0}
REAL_TRAIN step:10, travel time:40.077551020408166, q_loss:100, rewards:-3.191019, queue:2.9666667, delay:0.16938458, throughput:1704, R_real:-0.8283, components:{'queue': 0.013, 'delay': 0.0, 'waiting': 0.069, 'pressure': 0.0, 'switches': 0.0, 'fairness': 0.746}, raw_metrics:{'fairness': 0.0, 'emission': 91.504, 'fuel': 29.664, 'emergency_stops': 3.0, 'collisions': 0.0, 'ssm_conflicts': 412.0}, final;ckpt
SIM_TRAIN step:64, travel time:37.910204081632656, q_loss:0.12640184, rewards:-2.9322221, queue:2.9555554, delay:0.11080509, throughput:1707, raw_metrics:{'fairness': 0.0}
SIM_TRAIN step:65, travel time:38.01516034985423, q_loss:0.119232155, rewards:-2.8871298, queue:2.875, delay:0.116620995, throughput:1707, raw_metrics:{'fairness': 0.0}
REAL_TRAIN step:12, travel time:45.08804664723032, q_loss:100, rewards:-5.9480543, queue:5.3333335, delay:0.18823944, throughput:1704, R_real:-1.4339, components:{'queue': 0.025, 'delay': 0.0, 'waiting': 0.221, 'pressure': 0.0, 'switches': 0.0, 'fairness': 1.189}, raw_metrics:{'fairness': 0.0, 'emission': 104.567, 'fuel': 33.899, 'emergency_stops': 2.0, 'collisions': 0.0, 'ssm_conflicts': 480.0}, final;ckpt
SIM_TRAIN step:66, travel time:35.815160349854224, q_loss:0.10873394, rewards:-2.1394439, queue:2.1861112, delay:0.10675939, throughput:1707, raw_metrics:{'fairness': 0.0}
SIM_TRAIN step:67, travel time:35.55860058309038, q_loss:0.10057422, rewards:-1.947222, queue:1.9694444, delay:0.10038737, throughput:1707, raw_metrics:{'fairness': 0.0}
REAL_TRAIN step:14, travel time:41.14344023323615, q_loss:100, rewards:-3.7762983, queue:3.5416667, delay:0.17454645, throughput:1702, R_real:-0.8122, components:{'queue': 0.016, 'delay': 0.0, 'waiting': 0.076, 'pressure': 0.0, 'switches': 0.0, 'fairness': 0.72}, raw_metrics:{'fairness': 0.0, 'emission': 95.255, 'fuel': 30.88, 'emergency_stops': 2.0, 'collisions': 0.0, 'ssm_conflicts': 464.0}, final;ckpt
SIM_TRAIN step:68, travel time:39.38192419825073, q_loss:0.10638953, rewards:-3.2373145, queue:3.1916666, delay:0.12069429, throughput:1707, raw_metrics:{'fairness': 0.0}
SIM_TRAIN step:69, travel time:35.994169096209916, q_loss:0.11503855, rewards:-2.1377778, queue:2.1194444, delay:0.103998385, throughput:1707, raw_metrics:{'fairness': 0.0}
REAL_TRAIN step:16, travel time:39.0268221574344, q_loss:100, rewards:-2.5358324, queue:2.3055556, delay:0.16313483, throughput:1705, R_real:-0.6863, components:{'queue': 0.011, 'delay': 0.0, 'waiting': 0.035, 'pressure': 0.0, 'switches': 0.0, 'fairness': 0.64}, raw_metrics:{'fairness': 0.0, 'emission': 87.685, 'fuel': 28.426, 'emergency_stops': 4.0, 'collisions': 0.0, 'ssm_conflicts': 387.0}, final;ckpt
SIM_TRAIN step:70, travel time:36.38775510204081, q_loss:0.10023446, rewards:-2.4374075, queue:2.4555554, delay:0.107145965, throughput:1707, raw_metrics:{'fairness': 0.0}
SIM_TRAIN step:71, travel time:34.89795918367347, q_loss:0.075894564, rewards:-1.7762966, queue:1.7722223, delay:0.10289724, throughput:1705, raw_metrics:{'fairness': 0.0}
REAL_TRAIN step:18, travel time:66.03731778425656, q_loss:100, rewards:-16.548332, queue:14.9777775, delay:0.2719154, throughput:1701, R_real:-3.4519, components:{'queue': 0.069, 'delay': 0.0, 'waiting': 1.33, 'pressure': 0.0, 'switches': 0.0, 'fairness': 2.053}, raw_metrics:{'fairness': 0.0, 'emission': 156.343, 'fuel': 50.685, 'emergency_stops': 2.0, 'collisions': 0.0, 'ssm_conflicts': 607.0}, final;ckpt
SIM_TRAIN step:72, travel time:39.46588921282799, q_loss:0.08330194, rewards:-3.237963, queue:3.2333333, delay:0.11342855, throughput:1707, raw_metrics:{'fairness': 0.0}
SIM_TRAIN step:73, travel time:38.98250728862974, q_loss:0.07072266, rewards:-2.8534257, queue:2.6333334, delay:0.106452994, throughput:1707, raw_metrics:{'fairness': 0.0}
REAL_TRAIN step:20, travel time:39.310204081632655, q_loss:100, rewards:-3.0608344, queue:2.8805556, delay:0.15485282, throughput:1701, R_real:-0.4753, components:{'queue': 0.013, 'delay': 0.0, 'waiting': 0.058, 'pressure': 0.0, 'switches': 0.0, 'fairness': 0.405}, raw_metrics:{'fairness': 0.0, 'emission': 90.4, 'fuel': 29.306, 'emergency_stops': 2.0, 'collisions': 0.0, 'ssm_conflicts': 390.0}, final;ckpt
SIM_TRAIN step:74, travel time:34.33819241982507, q_loss:0.06158068, rewards:-1.6619443, queue:1.6805556, delay:0.101226, throughput:1705, raw_metrics:{'fairness': 0.0}
SIM_TRAIN step:75, travel time:38.267638483965015, q_loss:0.053258937, rewards:-2.778981, queue:2.7916667, delay:0.106947, throughput:1703, raw_metrics:{'fairness': 0.0}
REAL_TRAIN step:22, travel time:55.49406880189798, q_loss:100, rewards:-12.110928, queue:10.841666, delay:0.24454361, throughput:1633, R_real:-3.1131, components:{'queue': 0.051, 'delay': 0.0, 'waiting': 0.993, 'pressure': 0.0, 'switches': 0.0, 'fairness': 2.07}, raw_metrics:{'fairness': 174.0, 'emission': 131.74, 'fuel': 42.708, 'emergency_stops': 3.0, 'collisions': 0.0, 'ssm_conflicts': 601.0}, final;ckpt
SIM_TRAIN step:76, travel time:39.31603498542274, q_loss:0.053225692, rewards:-3.2465732, queue:3.238889, delay:0.108974926, throughput:1707, raw_metrics:{'fairness': 0.0}
SIM_TRAIN step:77, travel time:36.267638483965015, q_loss:0.054517597, rewards:-2.3311105, queue:2.3055556, delay:0.105290055, throughput:1707, raw_metrics:{'fairness': 0.0}
REAL_TRAIN step:24, travel time:38.88921282798834, q_loss:100, rewards:-2.561389, queue:2.4305556, delay:0.15346766, throughput:1702, R_real:-0.5244, components:{'queue': 0.011, 'delay': 0.0, 'waiting': 0.034, 'pressure': 0.0, 'switches': 0.0, 'fairness': 0.479}, raw_metrics:{'fairness': 0.0, 'emission': 88.781, 'fuel': 28.782, 'emergency_stops': 7.0, 'collisions': 0.0, 'ssm_conflicts': 421.0}, final;ckpt
SIM_TRAIN step:78, travel time:36.819825072886296, q_loss:0.051879734, rewards:-2.6080556, queue:2.588889, delay:0.10622797, throughput:1706, raw_metrics:{'fairness': 0.0}
SIM_TRAIN step:79, travel time:36.59125364431487, q_loss:0.04682599, rewards:-2.3962033, queue:2.375, delay:0.10304451, throughput:1707, raw_metrics:{'fairness': 0.0}
REAL_TRAIN step:26, travel time:38.97959183673469, q_loss:100, rewards:-2.5682416, queue:2.4277778, delay:0.15213752, throughput:1703, R_real:-0.5149, components:{'queue': 0.011, 'delay': 0.0, 'waiting': 0.034, 'pressure': 0.0, 'switches': 0.0, 'fairness': 0.471}, raw_metrics:{'fairness': 0.0, 'emission': 88.574, 'fuel': 28.714, 'emergency_stops': 5.0, 'collisions': 0.0, 'ssm_conflicts': 408.0}, final;ckpt
SIM_TRAIN step:80, travel time:33.4064139941691, q_loss:0.04774067, rewards:-1.3287958, queue:1.3638889, delay:0.093895465, throughput:1705, raw_metrics:{'fairness': 0.0}
SIM_TRAIN step:81, travel time:35.25597667638484, q_loss:0.050144535, rewards:-1.8699995, queue:1.8611112, delay:0.09627157, throughput:1707, raw_metrics:{'fairness': 0.0}
REAL_TRAIN step:28, travel time:39.51253644314869, q_loss:100, rewards:-2.8285189, queue:2.6444445, delay:0.155761, throughput:1702, R_real:-0.5304, components:{'queue': 0.012, 'delay': 0.0, 'waiting': 0.046, 'pressure': 0.0, 'switches': 0.0, 'fairness': 0.473}, raw_metrics:{'fairness': 0.0, 'emission': 89.868, 'fuel': 29.134, 'emergency_stops': 8.0, 'collisions': 0.0, 'ssm_conflicts': 415.0}, final;ckpt
SIM_TRAIN step:82, travel time:33.7271137026239, q_loss:0.040220566, rewards:-1.3474071, queue:1.3944445, delay:0.09663502, throughput:1707, raw_metrics:{'fairness': 0.0}
SIM_TRAIN step:83, travel time:33.262390670553934, q_loss:0.041925065, rewards:-1.3626847, queue:1.3527777, delay:0.094615586, throughput:1705, raw_metrics:{'fairness': 0.0}
REAL_TRAIN step:30, travel time:38.20932944606414, q_loss:100, rewards:-2.6170375, queue:2.4472222, delay:0.14920904, throughput:1702, R_real:-0.4772, components:{'queue': 0.011, 'delay': 0.0, 'waiting': 0.05, 'pressure': 0.0, 'switches': 0.0, 'fairness': 0.416}, raw_metrics:{'fairness': 0.0, 'emission': 88.273, 'fuel': 28.617, 'emergency_stops': 6.0, 'collisions': 0.0, 'ssm_conflicts': 402.0}, final;ckpt
SIM_TRAIN step:84, travel time:32.921865889212825, q_loss:0.036348768, rewards:-1.3034261, queue:1.3083333, delay:0.0926741, throughput:1707, raw_metrics:{'fairness': 0.0}
SIM_TRAIN step:85, travel time:35.08104956268222, q_loss:0.04129094, rewards:-1.7518518, queue:1.7555555, delay:0.09952608, throughput:1707, raw_metrics:{'fairness': 0.0}
REAL_TRAIN step:32, travel time:37.479883381924196, q_loss:100, rewards:-2.1490736, queue:1.9972222, delay:0.15080026, throughput:1702, R_real:-0.4997, components:{'queue': 0.009, 'delay': 0.0, 'waiting': 0.024, 'pressure': 0.0, 'switches': 0.0, 'fairness': 0.466}, raw_metrics:{'fairness': 0.0, 'emission': 85.881, 'fuel': 27.841, 'emergency_stops': 5.0, 'collisions': 0.0, 'ssm_conflicts': 388.0}, final;ckpt
SIM_TRAIN step:86, travel time:35.38134110787172, q_loss:0.051952727, rewards:-2.060093, queue:2.0722222, delay:0.0938195, throughput:1707, raw_metrics:{'fairness': 0.0}
SIM_TRAIN step:87, travel time:32.9667638483965, q_loss:0.050784428, rewards:-1.1111108, queue:1.1194445, delay:0.08893984, throughput:1707, raw_metrics:{'fairness': 0.0}
REAL_TRAIN step:34, travel time:36.9731778425656, q_loss:100, rewards:-2.150371, queue:1.9777777, delay:0.15021732, throughput:1704, R_real:-0.4660, components:{'queue': 0.009, 'delay': 0.0, 'waiting': 0.023, 'pressure': 0.0, 'switches': 0.0, 'fairness': 0.434}, raw_metrics:{'fairness': 0.0, 'emission': 85.95, 'fuel': 27.864, 'emergency_stops': 3.0, 'collisions': 0.0, 'ssm_conflicts': 386.0}, final;ckpt
SIM_TRAIN step:88, travel time:32.179008746355684, q_loss:0.05271813, rewards:-0.96777767, queue:0.9611111, delay:0.0898564, throughput:1704, raw_metrics:{'fairness': 0.0}
SIM_TRAIN step:89, travel time:32.96268221574344, q_loss:0.055770684, rewards:-1.134722, queue:1.1138889, delay:0.09213801, throughput:1706, raw_metrics:{'fairness': 0.0}
REAL_TRAIN step:36, travel time:86.12910798122066, q_loss:100, rewards:-27.904543, queue:25.75, delay:0.33845356, throughput:1649, R_real:-7.5772, components:{'queue': 0.116, 'delay': 0.0, 'waiting': 4.736, 'pressure': 0.0, 'switches': 0.0, 'fairness': 2.724}, raw_metrics:{'fairness': 154.0, 'emission': 212.334, 'fuel': 68.837, 'emergency_stops': 4.0, 'collisions': 0.0, 'ssm_conflicts': 586.0}, final;ckpt
SIM_TRAIN step:90, travel time:31.90612244897959, q_loss:0.05870809, rewards:-0.83259237, queue:0.81666666, delay:0.087057225, throughput:1707, raw_metrics:{'fairness': 0.0}
SIM_TRAIN step:91, travel time:32.88746355685131, q_loss:0.04498016, rewards:-1.2765738, queue:1.2805556, delay:0.09006485, throughput:1705, raw_metrics:{'fairness': 0.0}
REAL_TRAIN step:38, travel time:39.517201166180755, q_loss:100, rewards:-3.184168, queue:2.9277778, delay:0.18746276, throughput:1704, R_real:-0.7458, components:{'queue': 0.013, 'delay': 0.0, 'waiting': 0.038, 'pressure': 0.0, 'switches': 0.0, 'fairness': 0.695}, raw_metrics:{'fairness': 0.0, 'emission': 92.59, 'fuel': 30.016, 'emergency_stops': 3.0, 'collisions': 0.0, 'ssm_conflicts': 482.0}, final;ckpt
SIM_TRAIN step:92, travel time:33.9201166180758, q_loss:0.050821796, rewards:-1.5580554, queue:1.5611111, delay:0.09040476, throughput:1706, raw_metrics:{'fairness': 0.0}
SIM_TRAIN step:93, travel time:47.86997084548105, q_loss:0.04581069, rewards:-6.9525003, queue:6.925, delay:0.12526609, throughput:1706, raw_metrics:{'fairness': 0.0}
REAL_TRAIN step:40, travel time:74.22507288629738, q_loss:100, rewards:-20.889156, queue:18.930555, delay:0.30812487, throughput:1704, R_real:-5.2778, components:{'queue': 0.087, 'delay': 0.0, 'waiting': 3.444, 'pressure': 0.0, 'switches': 0.0, 'fairness': 1.747}, raw_metrics:{'fairness': 0.0, 'emission': 176.991, 'fuel': 57.379, 'emergency_stops': 2.0, 'collisions': 0.0, 'ssm_conflicts': 500.0}, final;ckpt
SIM_TRAIN step:94, travel time:35.541690962099125, q_loss:0.058053736, rewards:-1.6844445, queue:1.65, delay:0.10198288, throughput:1707, raw_metrics:{'fairness': 0.0}
SIM_TRAIN step:95, travel time:34.82390670553936, q_loss:0.06420251, rewards:-1.6474991, queue:1.6222222, delay:0.101664074, throughput:1704, raw_metrics:{'fairness': 0.0}
REAL_TRAIN step:42, travel time:104.62624487404804, q_loss:100, rewards:-36.593704, queue:33.872223, delay:0.40379062, throughput:1659, R_real:-9.2862, components:{'queue': 0.152, 'delay': 0.0, 'waiting': 6.482, 'pressure': 0.0, 'switches': 0.0, 'fairness': 2.651}, raw_metrics:{'fairness': 158.0, 'emission': 257.166, 'fuel': 83.371, 'emergency_stops': 0.0, 'collisions': 2.0, 'ssm_conflicts': 674.0}, final;ckpt
SIM_TRAIN step:96, travel time:36.65189504373178, q_loss:0.055923108, rewards:-2.535371, queue:2.5055556, delay:0.10362243, throughput:1707, raw_metrics:{'fairness': 0.0}
SIM_TRAIN step:97, travel time:35.7597667638484, q_loss:0.042417143, rewards:-2.151759, queue:2.1583333, delay:0.096175715, throughput:1707, raw_metrics:{'fairness': 0.0}
REAL_TRAIN step:44, travel time:176.58775510204083, q_loss:100, rewards:-53.693157, queue:49.791668, delay:0.39124602, throughput:1139, R_real:-28.0427, components:{'queue': 0.224, 'delay': 0.0, 'waiting': 25.361, 'pressure': 0.0, 'switches': 0.0, 'fairness': 2.458}, raw_metrics:{'fairness': 91.0, 'emission': 315.796, 'fuel': 102.379, 'emergency_stops': 2.0, 'collisions': 0.0, 'ssm_conflicts': 421.0}, final;ckpt
SIM_TRAIN step:98, travel time:31.813411078717202, q_loss:0.047727533, rewards:-0.82462955, queue:0.8361111, delay:0.08529631, throughput:1707, raw_metrics:{'fairness': 0.0}
SIM_TRAIN step:99, travel time:36.59008746355685, q_loss:0.034731988, rewards:-2.3841672, queue:2.3833334, delay:0.100765035, throughput:1707, raw_metrics:{'fairness': 0.0}
REAL_TRAIN step:46, travel time:72.36621382161843, q_loss:100, rewards:-17.609997, queue:16.266666, delay:0.26549035, throughput:1648, R_real:-4.8106, components:{'queue': 0.074, 'delay': 0.0, 'waiting': 3.229, 'pressure': 0.0, 'switches': 0.0, 'fairness': 1.508}, raw_metrics:{'fairness': 175.0, 'emission': 161.191, 'fuel': 52.257, 'emergency_stops': 9.0, 'collisions': 0.0, 'ssm_conflicts': 519.0}, final;ckpt
SIM_TRAIN step:100, travel time:32.668221574344024, q_loss:0.031389903, rewards:-1.0484257, queue:1.0555556, delay:0.08537657, throughput:1707, raw_metrics:{'fairness': 0.0}
SIM_TRAIN step:101, travel time:33.4868804664723, q_loss:0.030612998, rewards:-1.2652771, queue:1.2361112, delay:0.09322058, throughput:1706, raw_metrics:{'fairness': 0.0}
REAL_TRAIN step:48, travel time:381.04285714285714, q_loss:100, rewards:-79.58102, queue:74.66111, delay:0.46566722, throughput:679, R_real:-109.1299, components:{'queue': 0.332, 'delay': 0.0, 'waiting': 107.985, 'pressure': 0.0, 'switches': 0.0, 'fairness': 0.813}, raw_metrics:{'fairness': 21.0, 'emission': 427.456, 'fuel': 138.579, 'emergency_stops': 0.0, 'collisions': 0.0, 'ssm_conflicts': 102.0}, final;ckpt
SIM_TRAIN step:102, travel time:32.310204081632655, q_loss:0.025330374, rewards:-0.96916646, queue:0.9638889, delay:0.08701164, throughput:1705, raw_metrics:{'fairness': 0.0}
SIM_TRAIN step:103, travel time:32.798833819241985, q_loss:0.026785789, rewards:-1.1376851, queue:1.1194445, delay:0.08944627, throughput:1707, raw_metrics:{'fairness': 0.0}
REAL_TRAIN step:50, travel time:41.15451895043732, q_loss:100, rewards:-3.6530569, queue:3.425, delay:0.17914161, throughput:1703, R_real:-0.8047, components:{'queue': 0.015, 'delay': 0.0, 'waiting': 0.07, 'pressure': 0.0, 'switches': 0.0, 'fairness': 0.719}, raw_metrics:{'fairness': 0.0, 'emission': 94.587, 'fuel': 30.664, 'emergency_stops': 5.0, 'collisions': 0.0, 'ssm_conflicts': 482.0}, final;ckpt
SIM_TRAIN step:104, travel time:33.533527696793, q_loss:0.023283161, rewards:-1.3514813, queue:1.3833333, delay:0.09397954, throughput:1706, raw_metrics:{'fairness': 0.0}
SIM_TRAIN step:105, travel time:34.415743440233236, q_loss:0.041444235, rewards:-1.6700921, queue:1.6833333, delay:0.09281535, throughput:1706, raw_metrics:{'fairness': 0.0}
REAL_TRAIN step:52, travel time:40.69912536443149, q_loss:100, rewards:-3.6161146, queue:3.325, delay:0.1715072, throughput:1704, R_real:-0.7235, components:{'queue': 0.015, 'delay': 0.0, 'waiting': 0.058, 'pressure': 0.0, 'switches': 0.0, 'fairness': 0.651}, raw_metrics:{'fairness': 0.0, 'emission': 94.998, 'fuel': 30.797, 'emergency_stops': 5.0, 'collisions': 0.0, 'ssm_conflicts': 485.0}, final;ckpt
SIM_TRAIN step:106, travel time:33.881632653061224, q_loss:0.029877456, rewards:-1.4465735, queue:1.4444444, delay:0.09402985, throughput:1707, raw_metrics:{'fairness': 0.0}
SIM_TRAIN step:107, travel time:33.47230320699708, q_loss:0.029728327, rewards:-1.3291667, queue:1.3277777, delay:0.094096206, throughput:1707, raw_metrics:{'fairness': 0.0}
REAL_TRAIN step:54, travel time:38.054810495626825, q_loss:100, rewards:-2.5463893, queue:2.3888888, delay:0.15308146, throughput:1702, R_real:-0.5239, components:{'queue': 0.011, 'delay': 0.0, 'waiting': 0.034, 'pressure': 0.0, 'switches': 0.0, 'fairness': 0.479}, raw_metrics:{'fairness': 0.0, 'emission': 88.513, 'fuel': 28.695, 'emergency_stops': 4.0, 'collisions': 0.0, 'ssm_conflicts': 417.0}, final;ckpt
SIM_TRAIN step:108, travel time:33.96326530612245, q_loss:0.023745378, rewards:-1.3137959, queue:1.2888889, delay:0.093121596, throughput:1706, raw_metrics:{'fairness': 0.0}
SIM_TRAIN step:109, travel time:33.9002915451895, q_loss:0.021126918, rewards:-1.5777769, queue:1.55, delay:0.091763765, throughput:1706, raw_metrics:{'fairness': 0.0}
REAL_TRAIN step:56, travel time:42.36326530612245, q_loss:100, rewards:-3.8670363, queue:3.6, delay:0.18063793, throughput:1702, R_real:-0.8308, components:{'queue': 0.016, 'delay': 0.0, 'waiting': 0.091, 'pressure': 0.0, 'switches': 0.0, 'fairness': 0.724}, raw_metrics:{'fairness': 0.0, 'emission': 96.315, 'fuel': 31.224, 'emergency_stops': 2.0, 'collisions': 0.0, 'ssm_conflicts': 507.0}, final;ckpt
SIM_TRAIN step:110, travel time:31.545772594752187, q_loss:0.02174668, rewards:-0.6950926, queue:0.73333335, delay:0.08287055, throughput:1705, raw_metrics:{'fairness': 0.0}
SIM_TRAIN step:111, travel time:33.40408163265306, q_loss:0.027690597, rewards:-1.2960187, queue:1.2916666, delay:0.089584805, throughput:1707, raw_metrics:{'fairness': 0.0}
REAL_TRAIN step:58, travel time:38.83440233236151, q_loss:100, rewards:-2.9193516, queue:2.7583334, delay:0.16018261, throughput:1700, R_real:-0.6278, components:{'queue': 0.012, 'delay': 0.0, 'waiting': 0.065, 'pressure': 0.0, 'switches': 0.0, 'fairness': 0.551}, raw_metrics:{'fairness': 0.0, 'emission': 90.52, 'fuel': 29.345, 'emergency_stops': 3.0, 'collisions': 0.0, 'ssm_conflicts': 436.0}, final;ckpt
SIM_TRAIN step:112, travel time:33.36793002915452, q_loss:0.049633678, rewards:-1.177593, queue:1.1944444, delay:0.095758945, throughput:1707, raw_metrics:{'fairness': 0.0}
SIM_TRAIN step:113, travel time:33.14752186588921, q_loss:0.07006023, rewards:-1.316203, queue:1.2861111, delay:0.09122409, throughput:1705, raw_metrics:{'fairness': 0.0}
REAL_TRAIN step:60, travel time:41.00058309037901, q_loss:100, rewards:-3.8282406, queue:3.4277778, delay:0.19978504, throughput:1705, R_real:-1.3154, components:{'queue': 0.016, 'delay': 0.0, 'waiting': 0.055, 'pressure': 0.0, 'switches': 0.0, 'fairness': 1.244}, raw_metrics:{'fairness': 0.0, 'emission': 95.827, 'fuel': 31.066, 'emergency_stops': 5.0, 'collisions': 0.0, 'ssm_conflicts': 553.0}, final;ckpt
SIM_TRAIN step:114, travel time:33.225072886297376, q_loss:0.06291176, rewards:-1.1723145, queue:1.1861111, delay:0.09080471, throughput:1707, raw_metrics:{'fairness': 0.0}
SIM_TRAIN step:115, travel time:32.13469387755102, q_loss:0.059049986, rewards:-0.78796333, queue:0.8, delay:0.082346834, throughput:1707, raw_metrics:{'fairness': 0.0}
REAL_TRAIN step:62, travel time:36.82857142857143, q_loss:100, rewards:-1.7263883, queue:1.5805556, delay:0.14808382, throughput:1704, R_real:-0.5584, components:{'queue': 0.007, 'delay': 0.0, 'waiting': 0.02, 'pressure': 0.0, 'switches': 0.0, 'fairness': 0.531}, raw_metrics:{'fairness': 0.0, 'emission': 82.801, 'fuel': 26.843, 'emergency_stops': 4.0, 'collisions': 0.0, 'ssm_conflicts': 308.0}, final;ckpt
SIM_TRAIN step:116, travel time:34.668221574344024, q_loss:0.066462696, rewards:-1.6299994, queue:1.6222222, delay:0.09974282, throughput:1707, raw_metrics:{'fairness': 0.0}
SIM_TRAIN step:117, travel time:35.30320699708455, q_loss:0.07126519, rewards:-1.601759, queue:1.5583333, delay:0.09810801, throughput:1706, raw_metrics:{'fairness': 0.0}
REAL_TRAIN step:64, travel time:40.50437317784257, q_loss:100, rewards:-3.1724997, queue:3.0083334, delay:0.16727452, throughput:1705, R_real:-0.6749, components:{'queue': 0.013, 'delay': 0.0, 'waiting': 0.087, 'pressure': 0.0, 'switches': 0.0, 'fairness': 0.574}, raw_metrics:{'fairness': 0.0, 'emission': 92.061, 'fuel': 29.845, 'emergency_stops': 4.0, 'collisions': 0.0, 'ssm_conflicts': 418.0}, final;ckpt
SIM_TRAIN step:118, travel time:33.79008746355685, q_loss:0.07798548, rewards:-1.4246292, queue:1.4222223, delay:0.0891235, throughput:1707, raw_metrics:{'fairness': 0.0}
SIM_TRAIN step:119, travel time:35.82915451895044, q_loss:0.09620046, rewards:-2.3817594, queue:2.4, delay:0.09522878, throughput:1707, raw_metrics:{'fairness': 0.0}
REAL_TRAIN step:66, travel time:56.075218658892126, q_loss:100, rewards:-11.898515, queue:10.572222, delay:0.25847995, throughput:1705, R_real:-2.5564, components:{'queue': 0.05, 'delay': 0.0, 'waiting': 0.571, 'pressure': 0.0, 'switches': 0.0, 'fairness': 1.935}, raw_metrics:{'fairness': 0.0, 'emission': 132.248, 'fuel': 42.873, 'emergency_stops': 3.0, 'collisions': 0.0, 'ssm_conflicts': 588.0}, final;ckpt
SIM_TRAIN step:120, travel time:32.86064139941691, q_loss:0.09962523, rewards:-1.3077774, queue:1.2944444, delay:0.09099785, throughput:1707, raw_metrics:{'fairness': 0.0}
SIM_TRAIN step:121, travel time:34.058892128279886, q_loss:0.09065827, rewards:-1.5724075, queue:1.5694444, delay:0.08737871, throughput:1707, raw_metrics:{'fairness': 0.0}
REAL_TRAIN step:68, travel time:41.59650145772595, q_loss:100, rewards:-3.7766662, queue:3.5722222, delay:0.16238227, throughput:1705, R_real:-0.6927, components:{'queue': 0.016, 'delay': 0.0, 'waiting': 0.178, 'pressure': 0.0, 'switches': 0.0, 'fairness': 0.499}, raw_metrics:{'fairness': 0.0, 'emission': 94.061, 'fuel': 30.493, 'emergency_stops': 6.0, 'collisions': 0.0, 'ssm_conflicts': 398.0}, final;ckpt
SIM_TRAIN step:122, travel time:33.46938775510204, q_loss:0.09513909, rewards:-1.3048147, queue:1.2944444, delay:0.08887836, throughput:1707, raw_metrics:{'fairness': 0.0}
SIM_TRAIN step:123, travel time:33.647230320699705, q_loss:0.112270124, rewards:-1.3032403, queue:1.3666667, delay:0.08997483, throughput:1704, raw_metrics:{'fairness': 0.0}
REAL_TRAIN step:70, travel time:54.691545189504374, q_loss:100, rewards:-10.709816, queue:9.613889, delay:0.24214695, throughput:1701, R_real:-1.8842, components:{'queue': 0.044, 'delay': 0.0, 'waiting': 0.463, 'pressure': 0.0, 'switches': 0.0, 'fairness': 1.376}, raw_metrics:{'fairness': 0.0, 'emission': 127.191, 'fuel': 41.234, 'emergency_stops': 5.0, 'collisions': 0.0, 'ssm_conflicts': 574.0}, final;ckpt
SIM_TRAIN step:124, travel time:34.398250728862976, q_loss:0.11385353, rewards:-1.5966666, queue:1.6083333, delay:0.10380316, throughput:1706, raw_metrics:{'fairness': 0.0}
SIM_TRAIN step:125, travel time:32.802915451895046, q_loss:0.101612136, rewards:-1.1468517, queue:1.1305555, delay:0.08574719, throughput:1704, raw_metrics:{'fairness': 0.0}
REAL_TRAIN step:72, travel time:61.439067055393586, q_loss:100, rewards:-15.910185, queue:13.633333, delay:0.29804343, throughput:1690, R_real:-3.2981, components:{'queue': 0.066, 'delay': 0.0, 'waiting': 0.926, 'pressure': 0.0, 'switches': 0.0, 'fairness': 2.307}, raw_metrics:{'fairness': 165.0, 'emission': 149.347, 'fuel': 48.417, 'emergency_stops': 2.0, 'collisions': 0.0, 'ssm_conflicts': 665.0}, final;ckpt
SIM_TRAIN step:126, travel time:34.066472303207, q_loss:0.10901129, rewards:-1.6373146, queue:1.6583333, delay:0.09585258, throughput:1706, raw_metrics:{'fairness': 0.0}
SIM_TRAIN step:127, travel time:34.49271137026239, q_loss:0.09054106, rewards:-1.469537, queue:1.4666667, delay:0.09513405, throughput:1707, raw_metrics:{'fairness': 0.0}
REAL_TRAIN step:74, travel time:45.66180758017493, q_loss:100, rewards:-7.3508377, queue:6.358333, delay:0.20882156, throughput:1704, R_real:-1.3419, components:{'queue': 0.031, 'delay': 0.0, 'waiting': 0.342, 'pressure': 0.0, 'switches': 0.0, 'fairness': 0.97}, raw_metrics:{'fairness': 0.0, 'emission': 109.582, 'fuel': 35.525, 'emergency_stops': 2.0, 'collisions': 0.0, 'ssm_conflicts': 477.0}, final;ckpt
SIM_TRAIN step:128, travel time:34.910204081632656, q_loss:0.10270235, rewards:-1.9227777, queue:1.8833333, delay:0.09862372, throughput:1707, raw_metrics:{'fairness': 0.0}
SIM_TRAIN step:129, travel time:36.86472303206997, q_loss:0.100183114, rewards:-2.6438901, queue:2.6527777, delay:0.1043355, throughput:1705, raw_metrics:{'fairness': 0.0}
REAL_TRAIN step:76, travel time:67.95772166764533, q_loss:100, rewards:-18.812502, queue:16.705555, delay:0.30943733, throughput:1665, R_real:-3.7390, components:{'queue': 0.078, 'delay': 0.0, 'waiting': 1.332, 'pressure': 0.0, 'switches': 0.0, 'fairness': 2.329}, raw_metrics:{'fairness': 172.0, 'emission': 164.363, 'fuel': 53.285, 'emergency_stops': 3.0, 'collisions': 0.0, 'ssm_conflicts': 628.0}, final;ckpt
SIM_TRAIN step:130, travel time:36.39591836734694, q_loss:0.07490884, rewards:-2.4096296, queue:2.4222221, delay:0.10231999, throughput:1707, raw_metrics:{'fairness': 0.0}
SIM_TRAIN step:131, travel time:33.70204081632653, q_loss:0.07945459, rewards:-1.5341663, queue:1.5111111, delay:0.09871776, throughput:1707, raw_metrics:{'fairness': 0.0}
REAL_TRAIN step:78, travel time:39.18600583090379, q_loss:100, rewards:-3.0082405, queue:2.8722222, delay:0.15780166, throughput:1704, R_real:-0.6282, components:{'queue': 0.013, 'delay': 0.0, 'waiting': 0.054, 'pressure': 0.0, 'switches': 0.0, 'fairness': 0.562}, raw_metrics:{'fairness': 0.0, 'emission': 90.599, 'fuel': 29.371, 'emergency_stops': 3.0, 'collisions': 0.0, 'ssm_conflicts': 373.0}, final;ckpt
SIM_TRAIN step:132, travel time:32.51078717201166, q_loss:0.07897723, rewards:-1.0395368, queue:1.0166667, delay:0.091313355, throughput:1706, raw_metrics:{'fairness': 0.0}
SIM_TRAIN step:133, travel time:33.118950437317785, q_loss:0.0897464, rewards:-1.4762962, queue:1.3722222, delay:0.096017845, throughput:1707, raw_metrics:{'fairness': 0.0}
REAL_TRAIN step:80, travel time:63.48677248677249, q_loss:100, rewards:-17.16592, queue:14.919444, delay:0.30121163, throughput:1665, R_real:-3.4124, components:{'queue': 0.072, 'delay': 0.0, 'waiting': 1.239, 'pressure': 0.0, 'switches': 0.0, 'fairness': 2.102}, raw_metrics:{'fairness': 176.0, 'emission': 154.91, 'fuel': 50.22, 'emergency_stops': 1.0, 'collisions': 0.0, 'ssm_conflicts': 633.0}, final;ckpt
SIM_TRAIN step:134, travel time:34.25422740524781, q_loss:0.060003266, rewards:-1.6818523, queue:1.6444445, delay:0.09983913, throughput:1706, raw_metrics:{'fairness': 0.0}
SIM_TRAIN step:135, travel time:32.53702623906705, q_loss:0.09441983, rewards:-1.1597221, queue:1.1388888, delay:0.088993065, throughput:1707, raw_metrics:{'fairness': 0.0}
REAL_TRAIN step:82, travel time:43.97667638483965, q_loss:100, rewards:-5.2575, queue:4.5666666, delay:0.19575223, throughput:1703, R_real:-1.2052, components:{'queue': 0.022, 'delay': 0.0, 'waiting': 0.201, 'pressure': 0.0, 'switches': 0.0, 'fairness': 0.982}, raw_metrics:{'fairness': 0.0, 'emission': 100.264, 'fuel': 32.504, 'emergency_stops': 2.0, 'collisions': 0.0, 'ssm_conflicts': 457.0}, final;ckpt
SIM_TRAIN step:136, travel time:35.60932944606414, q_loss:0.09199943, rewards:-2.0320368, queue:1.9861112, delay:0.100469865, throughput:1707, raw_metrics:{'fairness': 0.0}
SIM_TRAIN step:137, travel time:35.689212827988335, q_loss:0.083382376, rewards:-2.1097221, queue:2.0416667, delay:0.101044245, throughput:1705, raw_metrics:{'fairness': 0.0}
REAL_TRAIN step:84, travel time:45.85306122448979, q_loss:100, rewards:-7.566947, queue:6.4555554, delay:0.24016581, throughput:1704, R_real:-1.5837, components:{'queue': 0.031, 'delay': 0.0, 'waiting': 0.172, 'pressure': 0.0, 'switches': 0.0, 'fairness': 1.38}, raw_metrics:{'fairness': 0.0, 'emission': 111.241, 'fuel': 36.063, 'emergency_stops': 3.0, 'collisions': 0.0, 'ssm_conflicts': 609.0}, final;ckpt
SIM_TRAIN step:138, travel time:35.79183673469388, q_loss:0.073265605, rewards:-2.296297, queue:2.275, delay:0.10150896, throughput:1706, raw_metrics:{'fairness': 0.0}
SIM_TRAIN step:139, travel time:35.68513119533527, q_loss:0.074979976, rewards:-2.0299077, queue:2.0055556, delay:0.105395086, throughput:1707, raw_metrics:{'fairness': 0.0}
REAL_TRAIN step:86, travel time:43.61529480443666, q_loss:100, rewards:-6.418242, queue:5.322222, delay:0.22313167, throughput:1684, R_real:-1.1863, components:{'queue': 0.027, 'delay': 0.0, 'waiting': 0.18, 'pressure': 0.0, 'switches': 0.0, 'fairness': 0.98}, raw_metrics:{'fairness': 0.0, 'emission': 103.472, 'fuel': 33.544, 'emergency_stops': 5.0, 'collisions': 0.0, 'ssm_conflicts': 471.0}, final;ckpt
SIM_TRAIN step:140, travel time:37.76326530612245, q_loss:0.06964787, rewards:-2.500833, queue:2.1416667, delay:0.11077405, throughput:1706, raw_metrics:{'fairness': 0.0}
SIM_TRAIN step:141, travel time:35.29620991253644, q_loss:0.07648195, rewards:-2.0988889, queue:2.0833333, delay:0.09721836, throughput:1707, raw_metrics:{'fairness': 0.0}
REAL_TRAIN step:88, travel time:65.17358270017533, q_loss:100, rewards:-14.594901, queue:12.447222, delay:0.29541358, throughput:1682, R_real:-3.3820, components:{'queue': 0.061, 'delay': 0.0, 'waiting': 1.024, 'pressure': 0.0, 'switches': 0.0, 'fairness': 2.297}, raw_metrics:{'fairness': 0.0, 'emission': 142.889, 'fuel': 46.323, 'emergency_stops': 6.0, 'collisions': 0.0, 'ssm_conflicts': 649.0}, final;ckpt
SIM_TRAIN step:142, travel time:33.542857142857144, q_loss:0.06498759, rewards:-1.4434259, queue:1.4361111, delay:0.08891612, throughput:1706, raw_metrics:{'fairness': 0.0}
SIM_TRAIN step:143, travel time:33.12361516034986, q_loss:0.070549615, rewards:-1.1882403, queue:1.175, delay:0.09473657, throughput:1707, raw_metrics:{'fairness': 0.0}
REAL_TRAIN step:90, travel time:54.52536443148688, q_loss:100, rewards:-10.57314, queue:9.663889, delay:0.23245572, throughput:1702, R_real:-2.2315, components:{'queue': 0.044, 'delay': 0.0, 'waiting': 0.956, 'pressure': 0.0, 'switches': 0.0, 'fairness': 1.232}, raw_metrics:{'fairness': 0.0, 'emission': 127.496, 'fuel': 41.333, 'emergency_stops': 0.0, 'collisions': 0.0, 'ssm_conflicts': 475.0}, final;ckpt
SIM_TRAIN step:144, travel time:34.14344023323615, q_loss:0.079206534, rewards:-1.4082407, queue:1.4138889, delay:0.09195945, throughput:1706, raw_metrics:{'fairness': 0.0}
SIM_TRAIN step:145, travel time:35.62215743440233, q_loss:0.07092731, rewards:-1.9662964, queue:1.95, delay:0.099502385, throughput:1707, raw_metrics:{'fairness': 0.0}
REAL_TRAIN step:92, travel time:58.18775510204082, q_loss:100, rewards:-13.032962, queue:11.338889, delay:0.26800746, throughput:1680, R_real:-2.5769, components:{'queue': 0.054, 'delay': 0.0, 'waiting': 0.672, 'pressure': 0.0, 'switches': 0.0, 'fairness': 1.851}, raw_metrics:{'fairness': 164.0, 'emission': 135.875, 'fuel': 44.049, 'emergency_stops': 5.0, 'collisions': 0.0, 'ssm_conflicts': 578.0}, final;ckpt
SIM_TRAIN step:146, travel time:34.95568513119534, q_loss:0.062054507, rewards:-1.9535178, queue:1.9138889, delay:0.10360343, throughput:1707, raw_metrics:{'fairness': 0.0}
SIM_TRAIN step:147, travel time:34.74518950437318, q_loss:0.055414602, rewards:-1.8955553, queue:1.8388889, delay:0.09601192, throughput:1706, raw_metrics:{'fairness': 0.0}
REAL_TRAIN step:94, travel time:46.21749271137026, q_loss:100, rewards:-6.3544426, queue:5.7083335, delay:0.19527626, throughput:1701, R_real:-1.1189, components:{'queue': 0.026, 'delay': 0.0, 'waiting': 0.263, 'pressure': 0.0, 'switches': 0.0, 'fairness': 0.829}, raw_metrics:{'fairness': 0.0, 'emission': 105.615, 'fuel': 34.239, 'emergency_stops': 5.0, 'collisions': 0.0, 'ssm_conflicts': 407.0}, final;ckpt
SIM_TRAIN step:148, travel time:33.25131195335277, q_loss:0.057548884, rewards:-1.3887963, queue:1.3805555, delay:0.08955524, throughput:1706, raw_metrics:{'fairness': 0.0}
SIM_TRAIN step:149, travel time:33.27638483965015, q_loss:0.04138186, rewards:-1.2294441, queue:1.2416667, delay:0.0876031, throughput:1707, raw_metrics:{'fairness': 0.0}
REAL_TRAIN step:96, travel time:68.31246342890579, q_loss:100, rewards:-19.245005, queue:17.225, delay:0.32545516, throughput:1670, R_real:-3.5642, components:{'queue': 0.08, 'delay': 0.0, 'waiting': 1.119, 'pressure': 0.0, 'switches': 0.0, 'fairness': 2.366}, raw_metrics:{'fairness': 167.0, 'emission': 167.735, 'fuel': 54.378, 'emergency_stops': 1.0, 'collisions': 0.0, 'ssm_conflicts': 707.0}, final;ckpt
SIM_TRAIN step:150, travel time:33.523032069970846, q_loss:0.04209582, rewards:-1.415185, queue:1.3972223, delay:0.093046635, throughput:1707, raw_metrics:{'fairness': 0.0}
SIM_TRAIN step:151, travel time:38.66530612244898, q_loss:0.04999481, rewards:-3.4494452, queue:3.4055555, delay:0.1086473, throughput:1705, raw_metrics:{'fairness': 0.0}
REAL_TRAIN step:98, travel time:115.76851311953352, q_loss:100, rewards:-41.291294, queue:39.833332, delay:0.38356256, throughput:1674, R_real:-9.4151, components:{'queue': 0.172, 'delay': 0.0, 'waiting': 7.838, 'pressure': 0.0, 'switches': 0.0, 'fairness': 1.406}, raw_metrics:{'fairness': 0.0, 'emission': 292.354, 'fuel': 94.779, 'emergency_stops': 5.0, 'collisions': 0.0, 'ssm_conflicts': 871.0}, final;ckpt
SIM_TRAIN step:152, travel time:31.20116618075802, q_loss:0.055002052, rewards:-0.69268525, queue:0.7111111, delay:0.082423955, throughput:1707, raw_metrics:{'fairness': 0.0}
SIM_TRAIN step:153, travel time:33.966180758017494, q_loss:0.055066723, rewards:-1.3365738, queue:1.3194444, delay:0.093906336, throughput:1707, raw_metrics:{'fairness': 0.0}
REAL_TRAIN step:100, travel time:254.64105504587155, q_loss:100, rewards:-58.496815, queue:54.033333, delay:0.42420587, throughput:798, R_real:-68.9571, components:{'queue': 0.244, 'delay': 0.0, 'waiting': 68.527, 'pressure': 0.0, 'switches': 0.0, 'fairness': 0.186}, raw_metrics:{'fairness': 4.0, 'emission': 320.383, 'fuel': 103.866, 'emergency_stops': 0.0, 'collisions': 0.0, 'ssm_conflicts': 147.0}, final;ckpt
SIM_TRAIN step:154, travel time:33.87871720116618, q_loss:0.056224726, rewards:-1.5087967, queue:1.5055555, delay:0.09531014, throughput:1707, raw_metrics:{'fairness': 0.0}
SIM_TRAIN step:155, travel time:32.779008746355686, q_loss:0.04038015, rewards:-1.1086113, queue:1.1, delay:0.093340926, throughput:1707, raw_metrics:{'fairness': 0.0}
REAL_TRAIN step:102, travel time:49.84615384615385, q_loss:100, rewards:-7.8413887, queue:7.266667, delay:0.1987529, throughput:1702, R_real:-1.2908, components:{'queue': 0.033, 'delay': 0.0, 'waiting': 0.462, 'pressure': 0.0, 'switches': 0.0, 'fairness': 0.796}, raw_metrics:{'fairness': 0.0, 'emission': 114.003, 'fuel': 36.958, 'emergency_stops': 3.0, 'collisions': 0.0, 'ssm_conflicts': 424.0}, final;ckpt
SIM_TRAIN step:156, travel time:32.72128279883382, q_loss:0.031110568, rewards:-0.86027753, queue:0.83055556, delay:0.08712923, throughput:1707, raw_metrics:{'fairness': 0.0}
SIM_TRAIN step:157, travel time:31.264139941690964, q_loss:0.037346665, rewards:-0.6329631, queue:0.60833335, delay:0.081889145, throughput:1707, raw_metrics:{'fairness': 0.0}
REAL_TRAIN step:104, travel time:65.3137026239067, q_loss:100, rewards:-17.270369, queue:15.583333, delay:0.288942, throughput:1695, R_real:-3.2715, components:{'queue': 0.072, 'delay': 0.0, 'waiting': 1.246, 'pressure': 0.0, 'switches': 0.0, 'fairness': 1.953}, raw_metrics:{'fairness': 161.0, 'emission': 160.357, 'fuel': 51.986, 'emergency_stops': 5.0, 'collisions': 0.0, 'ssm_conflicts': 657.0}, final;ckpt
SIM_TRAIN step:158, travel time:34.07930029154519, q_loss:0.044828795, rewards:-1.6599997, queue:1.6083333, delay:0.0980404, throughput:1707, raw_metrics:{'fairness': 0.0}
SIM_TRAIN step:159, travel time:33.05539358600583, q_loss:0.045837592, rewards:-1.2468516, queue:1.2722223, delay:0.09264871, throughput:1705, raw_metrics:{'fairness': 0.0}
REAL_TRAIN step:106, travel time:45.95102040816327, q_loss:100, rewards:-6.6470356, queue:5.991667, delay:0.2141791, throughput:1703, R_real:-1.3837, components:{'queue': 0.028, 'delay': 0.0, 'waiting': 0.198, 'pressure': 0.0, 'switches': 0.0, 'fairness': 1.158}, raw_metrics:{'fairness': 0.0, 'emission': 107.732, 'fuel': 34.925, 'emergency_stops': 2.0, 'collisions': 0.0, 'ssm_conflicts': 536.0}, final;ckpt
SIM_TRAIN step:160, travel time:32.629154518950436, q_loss:0.042240694, rewards:-1.153888, queue:1.1416667, delay:0.08908699, throughput:1706, raw_metrics:{'fairness': 0.0}
SIM_TRAIN step:161, travel time:32.38775510204081, q_loss:0.045362018, rewards:-0.98796266, queue:0.9583333, delay:0.08869981, throughput:1707, raw_metrics:{'fairness': 0.0}
REAL_TRAIN step:108, travel time:41.89096209912537, q_loss:100, rewards:-3.908707, queue:3.6583333, delay:0.16985367, throughput:1701, R_real:-0.7850, components:{'queue': 0.016, 'delay': 0.0, 'waiting': 0.154, 'pressure': 0.0, 'switches': 0.0, 'fairness': 0.615}, raw_metrics:{'fairness': 0.0, 'emission': 94.495, 'fuel': 30.634, 'emergency_stops': 3.0, 'collisions': 0.0, 'ssm_conflicts': 379.0}, final;ckpt
SIM_TRAIN step:162, travel time:32.15043731778426, q_loss:0.05196083, rewards:-0.80870336, queue:0.7888889, delay:0.086775824, throughput:1706, raw_metrics:{'fairness': 0.0}
SIM_TRAIN step:163, travel time:31.369096209912538, q_loss:0.050133616, rewards:-0.6160186, queue:0.6388889, delay:0.079651386, throughput:1706, raw_metrics:{'fairness': 0.0}
REAL_TRAIN step:110, travel time:43.01398601398601, q_loss:100, rewards:-4.4639826, queue:4.175, delay:0.17454705, throughput:1704, R_real:-0.8230, components:{'queue': 0.019, 'delay': 0.0, 'waiting': 0.195, 'pressure': 0.0, 'switches': 0.0, 'fairness': 0.609}, raw_metrics:{'fairness': 0.0, 'emission': 97.316, 'fuel': 31.548, 'emergency_stops': 3.0, 'collisions': 0.0, 'ssm_conflicts': 398.0}, final;ckpt
SIM_TRAIN step:164, travel time:33.30204081632653, q_loss:0.048029784, rewards:-1.1706479, queue:1.1611111, delay:0.08827814, throughput:1704, raw_metrics:{'fairness': 0.0}
SIM_TRAIN step:165, travel time:32.69387755102041, q_loss:0.04597117, rewards:-1.1493517, queue:1.1472223, delay:0.090624616, throughput:1707, raw_metrics:{'fairness': 0.0}
REAL_TRAIN step:112, travel time:53.96734693877551, q_loss:100, rewards:-10.176761, queue:9.2722225, delay:0.2540296, throughput:1700, R_real:-2.1863, components:{'queue': 0.042, 'delay': 0.0, 'waiting': 0.686, 'pressure': 0.0, 'switches': 0.0, 'fairness': 1.459}, raw_metrics:{'fairness': 0.0, 'emission': 126.718, 'fuel': 41.081, 'emergency_stops': 5.0, 'collisions': 0.0, 'ssm_conflicts': 625.0}, final;ckpt
SIM_TRAIN step:166, travel time:32.25072886297376, q_loss:0.058946323, rewards:-1.0273148, queue:1.025, delay:0.08942499, throughput:1707, raw_metrics:{'fairness': 0.0}
SIM_TRAIN step:167, travel time:33.696209912536446, q_loss:0.04903967, rewards:-1.3577776, queue:1.3416667, delay:0.0895899, throughput:1706, raw_metrics:{'fairness': 0.0}
REAL_TRAIN step:114, travel time:126.6198250728863, q_loss:100, rewards:-45.60823, queue:44.03611, delay:0.36710685, throughput:1685, R_real:-11.2786, components:{'queue': 0.19, 'delay': 0.0, 'waiting': 10.211, 'pressure': 0.0, 'switches': 0.0, 'fairness': 0.878}, raw_metrics:{'fairness': 0.0, 'emission': 313.129, 'fuel': 101.514, 'emergency_stops': 1.0, 'collisions': 0.0, 'ssm_conflicts': 743.0}, final;ckpt
SIM_TRAIN step:168, travel time:32.689212827988335, q_loss:0.04709496, rewards:-1.0974997, queue:1.0833334, delay:0.086680345, throughput:1706, raw_metrics:{'fairness': 0.0}
SIM_TRAIN step:169, travel time:34.72886297376093, q_loss:0.0437483, rewards:-1.7700922, queue:1.7638888, delay:0.09569231, throughput:1707, raw_metrics:{'fairness': 0.0}
REAL_TRAIN step:116, travel time:113.95029585798817, q_loss:100, rewards:-41.231308, queue:38.655556, delay:0.39538494, throughput:1629, R_real:-10.9977, components:{'queue': 0.172, 'delay': 0.0, 'waiting': 8.681, 'pressure': 0.0, 'switches': 0.0, 'fairness': 2.144}, raw_metrics:{'fairness': 162.0, 'emission': 283.068, 'fuel': 91.768, 'emergency_stops': 1.0, 'collisions': 0.0, 'ssm_conflicts': 724.0}, final;ckpt
SIM_TRAIN step:170, travel time:36.373760932944606, q_loss:0.05170787, rewards:-2.5300925, queue:2.538889, delay:0.10011129, throughput:1707, raw_metrics:{'fairness': 0.0}
SIM_TRAIN step:171, travel time:35.78542274052478, q_loss:0.049792957, rewards:-2.2057412, queue:2.1944444, delay:0.10229294, throughput:1707, raw_metrics:{'fairness': 0.0}
REAL_TRAIN step:118, travel time:39.089795918367344, q_loss:100, rewards:-2.6113882, queue:2.4, delay:0.16219494, throughput:1702, R_real:-0.6418, components:{'queue': 0.011, 'delay': 0.0, 'waiting': 0.042, 'pressure': 0.0, 'switches': 0.0, 'fairness': 0.589}, raw_metrics:{'fairness': 0.0, 'emission': 87.148, 'fuel': 28.252, 'emergency_stops': 0.0, 'collisions': 0.0, 'ssm_conflicts': 322.0}, final;ckpt
SIM_TRAIN step:172, travel time:34.02332361516035, q_loss:0.059124906, rewards:-1.651945, queue:1.6333333, delay:0.094436914, throughput:1707, raw_metrics:{'fairness': 0.0}
SIM_TRAIN step:173, travel time:33.51253644314869, q_loss:0.04748121, rewards:-1.311111, queue:1.3055556, delay:0.08879598, throughput:1707, raw_metrics:{'fairness': 0.0}
REAL_TRAIN step:120, travel time:48.21282798833819, q_loss:100, rewards:-7.251943, queue:6.6, delay:0.20145601, throughput:1705, R_real:-2.1774, components:{'queue': 0.03, 'delay': 0.0, 'waiting': 0.73, 'pressure': 0.0, 'switches': 0.0, 'fairness': 1.417}, raw_metrics:{'fairness': 0.0, 'emission': 109.689, 'fuel': 35.56, 'emergency_stops': 4.0, 'collisions': 0.0, 'ssm_conflicts': 361.0}, final;ckpt
SIM_TRAIN step:174, travel time:34.349854227405245, q_loss:0.048359405, rewards:-1.6056485, queue:1.5972222, delay:0.09055284, throughput:1707, raw_metrics:{'fairness': 0.0}
SIM_TRAIN step:175, travel time:32.436734693877554, q_loss:0.049813133, rewards:-1.0336108, queue:1.0416666, delay:0.08657186, throughput:1706, raw_metrics:{'fairness': 0.0}
REAL_TRAIN step:122, travel time:38.72536443148688, q_loss:100, rewards:-2.397037, queue:2.1861112, delay:0.16411087, throughput:1698, R_real:-0.5886, components:{'queue': 0.01, 'delay': 0.0, 'waiting': 0.031, 'pressure': 0.0, 'switches': 0.0, 'fairness': 0.548}, raw_metrics:{'fairness': 0.0, 'emission': 86.991, 'fuel': 28.201, 'emergency_stops': 3.0, 'collisions': 0.0, 'ssm_conflicts': 367.0}, final;ckpt
SIM_TRAIN step:176, travel time:33.59766763848396, q_loss:0.040691316, rewards:-1.4369446, queue:1.4277778, delay:0.08573186, throughput:1706, raw_metrics:{'fairness': 0.0}
SIM_TRAIN step:177, travel time:31.5865889212828, q_loss:0.03966894, rewards:-0.71370375, queue:0.7027778, delay:0.07640352, throughput:1707, raw_metrics:{'fairness': 0.0}
REAL_TRAIN step:124, travel time:38.5865889212828, q_loss:100, rewards:-2.2843516, queue:2.0583334, delay:0.16811466, throughput:1700, R_real:-0.6572, components:{'queue': 0.01, 'delay': 0.0, 'waiting': 0.03, 'pressure': 0.0, 'switches': 0.0, 'fairness': 0.617}, raw_metrics:{'fairness': 0.0, 'emission': 85.841, 'fuel': 27.828, 'emergency_stops': 5.0, 'collisions': 0.0, 'ssm_conflicts': 343.0}, final;ckpt
SIM_TRAIN step:178, travel time:31.97667638483965, q_loss:0.03524765, rewards:-0.8871295, queue:0.825, delay:0.085003, throughput:1707, raw_metrics:{'fairness': 0.0}
SIM_TRAIN step:179, travel time:33.3533527696793, q_loss:0.04385368, rewards:-1.2909255, queue:1.2222222, delay:0.091355935, throughput:1707, raw_metrics:{'fairness': 0.0}
REAL_TRAIN step:126, travel time:46.38134110787172, q_loss:100, rewards:-6.234998, queue:5.3166666, delay:0.22249803, throughput:1702, R_real:-1.6535, components:{'queue': 0.026, 'delay': 0.0, 'waiting': 0.225, 'pressure': 0.0, 'switches': 0.0, 'fairness': 1.403}, raw_metrics:{'fairness': 0.0, 'emission': 103.898, 'fuel': 33.682, 'emergency_stops': 1.0, 'collisions': 0.0, 'ssm_conflicts': 466.0}, final;ckpt
SIM_TRAIN step:180, travel time:32.183673469387756, q_loss:0.044409785, rewards:-1.0224996, queue:0.9777778, delay:0.084757105, throughput:1706, raw_metrics:{'fairness': 0.0}
SIM_TRAIN step:181, travel time:33.563265306122446, q_loss:0.039814916, rewards:-1.6623143, queue:1.3777778, delay:0.09493158, throughput:1707, raw_metrics:{'fairness': 0.0}
REAL_TRAIN step:128, travel time:38.36559766763848, q_loss:100, rewards:-2.337131, queue:2.1055555, delay:0.17053062, throughput:1690, R_real:-0.6095, components:{'queue': 0.01, 'delay': 0.0, 'waiting': 0.034, 'pressure': 0.0, 'switches': 0.0, 'fairness': 0.566}, raw_metrics:{'fairness': 0.0, 'emission': 84.995, 'fuel': 27.554, 'emergency_stops': 2.0, 'collisions': 0.0, 'ssm_conflicts': 305.0}, final;ckpt
SIM_TRAIN step:182, travel time:32.207580174927116, q_loss:0.043344814, rewards:-0.96203667, queue:0.98888886, delay:0.083181225, throughput:1706, raw_metrics:{'fairness': 0.0}
SIM_TRAIN step:183, travel time:32.310787172011665, q_loss:0.043243345, rewards:-0.911852, queue:0.90833336, delay:0.084706776, throughput:1707, raw_metrics:{'fairness': 0.0}
REAL_TRAIN step:130, travel time:39.692711370262394, q_loss:100, rewards:-2.6381476, queue:2.3444445, delay:0.17376205, throughput:1703, R_real:-0.7118, components:{'queue': 0.011, 'delay': 0.0, 'waiting': 0.042, 'pressure': 0.0, 'switches': 0.0, 'fairness': 0.659}, raw_metrics:{'fairness': 0.0, 'emission': 87.15, 'fuel': 28.253, 'emergency_stops': 5.0, 'collisions': 0.0, 'ssm_conflicts': 307.0}, final;ckpt
SIM_TRAIN step:184, travel time:32.06180758017493, q_loss:0.06573975, rewards:-1.0006481, queue:0.96944445, delay:0.08504625, throughput:1706, raw_metrics:{'fairness': 0.0}
SIM_TRAIN step:185, travel time:33.5930029154519, q_loss:0.054705057, rewards:-1.3205553, queue:1.2888889, delay:0.0875453, throughput:1706, raw_metrics:{'fairness': 0.0}
REAL_TRAIN step:132, travel time:42.67930029154519, q_loss:100, rewards:-4.446853, queue:3.9222221, delay:0.20742899, throughput:1696, R_real:-1.2123, components:{'queue': 0.018, 'delay': 0.0, 'waiting': 0.078, 'pressure': 0.0, 'switches': 0.0, 'fairness': 1.115}, raw_metrics:{'fairness': 0.0, 'emission': 96.613, 'fuel': 31.321, 'emergency_stops': 3.0, 'collisions': 0.0, 'ssm_conflicts': 468.0}, final;ckpt
SIM_TRAIN step:186, travel time:32.670553935860056, q_loss:0.057346515, rewards:-1.1726844, queue:1.1611111, delay:0.08813615, throughput:1707, raw_metrics:{'fairness': 0.0}
SIM_TRAIN step:187, travel time:33.59591836734694, q_loss:0.06318602, rewards:-1.503518, queue:1.5, delay:0.09580549, throughput:1706, raw_metrics:{'fairness': 0.0}
REAL_TRAIN step:134, travel time:169.4, q_loss:100, rewards:-48.162033, queue:44.511112, delay:0.3549991, throughput:1082, R_real:-35.7116, components:{'queue': 0.201, 'delay': 0.0, 'waiting': 33.751, 'pressure': 0.0, 'switches': 0.0, 'fairness': 1.759}, raw_metrics:{'fairness': 66.0, 'emission': 284.683, 'fuel': 92.292, 'emergency_stops': 2.0, 'collisions': 0.0, 'ssm_conflicts': 270.0}, final;ckpt
SIM_TRAIN step:188, travel time:32.55801749271137, q_loss:0.066035844, rewards:-1.2842587, queue:1.2555555, delay:0.093300015, throughput:1707, raw_metrics:{'fairness': 0.0}
SIM_TRAIN step:189, travel time:34.756851311953355, q_loss:0.0628082, rewards:-1.442037, queue:1.4055556, delay:0.09572223, throughput:1707, raw_metrics:{'fairness': 0.0}
REAL_TRAIN step:136, travel time:62.141107871720116, q_loss:100, rewards:-15.181756, queue:13.655556, delay:0.26356745, throughput:1697, R_real:-2.8276, components:{'queue': 0.063, 'delay': 0.0, 'waiting': 1.293, 'pressure': 0.0, 'switches': 0.0, 'fairness': 1.472}, raw_metrics:{'fairness': 0.0, 'emission': 149.305, 'fuel': 48.403, 'emergency_stops': 5.0, 'collisions': 0.0, 'ssm_conflicts': 545.0}, final;ckpt
SIM_TRAIN step:190, travel time:37.89446064139942, q_loss:0.06562896, rewards:-3.1682403, queue:3.1333334, delay:0.11426417, throughput:1706, raw_metrics:{'fairness': 0.0}
SIM_TRAIN step:191, travel time:34.457725947521865, q_loss:0.07206952, rewards:-1.7448149, queue:1.7027777, delay:0.09313245, throughput:1707, raw_metrics:{'fairness': 0.0}
REAL_TRAIN step:138, travel time:85.36384976525821, q_loss:100, rewards:-25.848434, queue:24.066668, delay:0.32076266, throughput:1643, R_real:-6.0282, components:{'queue': 0.108, 'delay': 0.0, 'waiting': 3.985, 'pressure': 0.0, 'switches': 0.0, 'fairness': 1.936}, raw_metrics:{'fairness': 148.0, 'emission': 204.338, 'fuel': 66.244, 'emergency_stops': 4.0, 'collisions': 0.0, 'ssm_conflicts': 613.0}, final;ckpt
SIM_TRAIN step:192, travel time:31.88396501457726, q_loss:0.07085371, rewards:-0.9139813, queue:0.84444445, delay:0.08888262, throughput:1707, raw_metrics:{'fairness': 0.0}
SIM_TRAIN step:193, travel time:31.69271137026239, q_loss:0.07068702, rewards:-0.68879634, queue:0.63055557, delay:0.08207142, throughput:1706, raw_metrics:{'fairness': 0.0}
REAL_TRAIN step:140, travel time:82.82215743440233, q_loss:100, rewards:-23.674723, queue:21.897223, delay:0.29400742, throughput:1704, R_real:-4.7744, components:{'queue': 0.099, 'delay': 0.0, 'waiting': 2.816, 'pressure': 0.0, 'switches': 0.0, 'fairness': 1.86}, raw_metrics:{'fairness': 0.0, 'emission': 194.343, 'fuel': 63.004, 'emergency_stops': 4.0, 'collisions': 0.0, 'ssm_conflicts': 592.0}, final;ckpt
SIM_TRAIN step:194, travel time:32.65189504373178, q_loss:0.06751011, rewards:-1.1051852, queue:1.0638889, delay:0.094661765, throughput:1704, raw_metrics:{'fairness': 0.0}
SIM_TRAIN step:195, travel time:41.43148688046647, q_loss:0.09141488, rewards:-4.3915744, queue:4.391667, delay:0.122158185, throughput:1706, raw_metrics:{'fairness': 0.0}
REAL_TRAIN step:142, travel time:102.97842565597668, q_loss:100, rewards:-32.5511, queue:30.683332, delay:0.34525606, throughput:1686, R_real:-8.3278, components:{'queue': 0.135, 'delay': 0.0, 'waiting': 6.254, 'pressure': 0.0, 'switches': 0.0, 'fairness': 1.938}, raw_metrics:{'fairness': 163.0, 'emission': 241.325, 'fuel': 78.235, 'emergency_stops': 2.0, 'collisions': 0.0, 'ssm_conflicts': 656.0}, final;ckpt
SIM_TRAIN step:196, travel time:36.589504373177846, q_loss:0.09191816, rewards:-2.3973145, queue:2.3777778, delay:0.098028235, throughput:1707, raw_metrics:{'fairness': 0.0}
SIM_TRAIN step:197, travel time:37.44897959183673, q_loss:0.07494001, rewards:-2.5481489, queue:2.5416667, delay:0.09942896, throughput:1707, raw_metrics:{'fairness': 0.0}
REAL_TRAIN step:144, travel time:293.2669082125604, q_loss:100, rewards:-64.92316, queue:59.98611, delay:0.43348783, throughput:748, R_real:-80.6223, components:{'queue': 0.271, 'delay': 0.0, 'waiting': 79.056, 'pressure': 0.0, 'switches': 0.0, 'fairness': 1.296}, raw_metrics:{'fairness': 36.0, 'emission': 350.6, 'fuel': 113.662, 'emergency_stops': 0.0, 'collisions': 0.0, 'ssm_conflicts': 127.0}, final;ckpt
SIM_TRAIN step:198, travel time:31.53469387755102, q_loss:0.07600696, rewards:-0.68074065, queue:0.6722222, delay:0.08544028, throughput:1707, raw_metrics:{'fairness': 0.0}
SIM_TRAIN step:199, travel time:30.565597667638485, q_loss:0.06519078, rewards:-0.5260185, queue:0.5083333, delay:0.07769248, throughput:1707, raw_metrics:{'fairness': 0.0}
REAL_TRAIN step:146, travel time:77.55685131195335, q_loss:100, rewards:-23.814999, queue:21.052778, delay:0.3475731, throughput:1691, R_real:-4.8105, components:{'queue': 0.099, 'delay': 0.0, 'waiting': 1.908, 'pressure': 0.0, 'switches': 0.0, 'fairness': 2.804}, raw_metrics:{'fairness': 160.0, 'emission': 190.416, 'fuel': 61.731, 'emergency_stops': 6.0, 'collisions': 0.0, 'ssm_conflicts': 725.0}, final;ckpt
SIM_TRAIN step:200, travel time:33.74752186588921, q_loss:0.055573653, rewards:-1.1765736, queue:1.1277778, delay:0.088575915, throughput:1707, raw_metrics:{'fairness': 0.0}
SIM_TRAIN step:201, travel time:35.05539358600583, q_loss:0.058369674, rewards:-1.8548157, queue:1.8583333, delay:0.09617143, throughput:1707, raw_metrics:{'fairness': 0.0}
REAL_TRAIN step:148, travel time:49.037624926513814, q_loss:100, rewards:-8.296388, queue:7.1194444, delay:0.23279887, throughput:1663, R_real:-1.6671, components:{'queue': 0.035, 'delay': 0.0, 'waiting': 0.383, 'pressure': 0.0, 'switches': 0.0, 'fairness': 1.249}, raw_metrics:{'fairness': 174.0, 'emission': 111.897, 'fuel': 36.276, 'emergency_stops': 4.0, 'collisions': 0.0, 'ssm_conflicts': 483.0}, final;ckpt
SIM_TRAIN step:202, travel time:43.38833819241982, q_loss:0.061322562, rewards:-3.0548162, queue:3.0222223, delay:0.10419028, throughput:1707, raw_metrics:{'fairness': 0.0}
SIM_TRAIN step:203, travel time:31.388338192419827, q_loss:0.06328268, rewards:-0.7627776, queue:0.7138889, delay:0.08786309, throughput:1707, raw_metrics:{'fairness': 0.0}
REAL_TRAIN step:150, travel time:41.85247813411079, q_loss:100, rewards:-3.9342604, queue:3.338889, delay:0.18985131, throughput:1701, R_real:-0.7646, components:{'queue': 0.017, 'delay': 0.0, 'waiting': 0.088, 'pressure': 0.0, 'switches': 0.0, 'fairness': 0.66}, raw_metrics:{'fairness': 0.0, 'emission': 91.936, 'fuel': 29.804, 'emergency_stops': 4.0, 'collisions': 0.0, 'ssm_conflicts': 349.0}, final;ckpt
SIM_TRAIN step:204, travel time:31.91195335276968, q_loss:0.090106934, rewards:-0.773611, queue:0.75277776, delay:0.08185103, throughput:1706, raw_metrics:{'fairness': 0.0}
SIM_TRAIN step:205, travel time:32.712536443148686, q_loss:0.09305774, rewards:-0.92851835, queue:0.9138889, delay:0.08459276, throughput:1706, raw_metrics:{'fairness': 0.0}
REAL_TRAIN step:152, travel time:38.626239067055394, q_loss:100, rewards:-2.14537, queue:1.9111111, delay:0.16405031, throughput:1704, R_real:-0.6806, components:{'queue': 0.009, 'delay': 0.0, 'waiting': 0.031, 'pressure': 0.0, 'switches': 0.0, 'fairness': 0.641}, raw_metrics:{'fairness': 0.0, 'emission': 84.082, 'fuel': 27.258, 'emergency_stops': 5.0, 'collisions': 0.0, 'ssm_conflicts': 261.0}, final;ckpt
SIM_TRAIN step:206, travel time:31.151020408163266, q_loss:0.09264913, rewards:-0.63509256, queue:0.6527778, delay:0.07807929, throughput:1707, raw_metrics:{'fairness': 0.0}
SIM_TRAIN step:207, travel time:33.29795918367347, q_loss:0.08810602, rewards:-1.3594437, queue:1.3888888, delay:0.0896414, throughput:1704, raw_metrics:{'fairness': 0.0}
REAL_TRAIN step:154, travel time:42.63206997084548, q_loss:100, rewards:-4.6824994, queue:4.072222, delay:0.20400204, throughput:1700, R_real:-1.2475, components:{'queue': 0.019, 'delay': 0.0, 'waiting': 0.102, 'pressure': 0.0, 'switches': 0.0, 'fairness': 1.126}, raw_metrics:{'fairness': 157.0, 'emission': 97.435, 'fuel': 31.587, 'emergency_stops': 6.0, 'collisions': 0.0, 'ssm_conflicts': 471.0}, final;ckpt
SIM_TRAIN step:208, travel time:33.524198250728865, q_loss:0.08669951, rewards:-1.5514812, queue:1.5611111, delay:0.09195666, throughput:1707, raw_metrics:{'fairness': 0.0}
REAL_TRAIN step:155, travel time:43.42798833819242, q_loss:100, rewards:-5.794167, queue:4.927778, delay:0.21211244, throughput:1703, R_real:-1.6075, components:{'queue': 0.024, 'delay': 0.0, 'waiting': 0.251, 'pressure': 0.0, 'switches': 0.0, 'fairness': 1.333}, raw_metrics:{'fairness': 0.0, 'emission': 101.592, 'fuel': 32.935, 'emergency_stops': 2.0, 'collisions': 0.0, 'ssm_conflicts': 428.0}, final;ckpt
RewardInference-Final: deploying best checkpoint R_real=-0.4660
Saved method state to data/output_data/sim2real_rewards/cityflow_dqn/ingolstadt1/baseline_rewards_v2_reward_inference_fairness_heavy_s0/model/ingolstadt1_fairness_heavy_dqn_reward_inference/method_state.json
real rollouts used: 97/100
REAL_TEST step:0, travel time:36.9731778425656, q_loss:100, rewards:-2.150371, queue:1.9777777, delay:0.15021732, throughput:1704, R_real:-0.4660, components:{'queue': 0.009, 'delay': 0.0, 'waiting': 0.023, 'pressure': 0.0, 'switches': 0.0, 'fairness': 0.434}, raw_metrics:{'fairness': 0.0, 'emission': 85.95, 'fuel': 27.864, 'emergency_stops': 3.0, 'collisions': 0.0, 'ssm_conflicts': 386.0}
Total time taken: 1678.7656016349792
