tempe_16_setting2_presslight_ugat	SIM_TEST	0	76.2	100.0	-29.03	2.14	0.22	21333
tempe_16_setting2_presslight_ugat	REAL_TRAIN	0	102.6	100.0	-123.30	5.60	0.25	18730
tempe_16_setting2_presslight_ugat	SIM_TRAIN	0	189.8	0.0	-138.59	33.41	0.33	20262
tempe_16_setting2_presslight_ugat	SIM_TEST	1	76.3	100.0	-29.12	2.14	0.22	21334
tempe_16_setting2_presslight_ugat	REAL_TRAIN	1	102.6	100.0	-123.30	5.60	0.25	18730
tempe_16_setting2_presslight_ugat	SIM_TRAIN	0	585.3	0.0	-1170.24	105.57	0.46	14998
tempe_16_setting2_presslight_ugat	SIM_TEST	2	76.2	100.0	-28.30	2.10	0.22	21333
tempe_16_setting2_presslight_ugat	REAL_TRAIN	2	102.6	100.0	-123.30	5.60	0.25	18730
tempe_16_setting2_presslight_ugat	SIM_TRAIN	0	517.2	5243.3	-971.36	95.44	0.43	15735
tempe_16_setting2_presslight_ugat	SIM_TEST	3	356.2	100.0	-636.20	74.03	0.43	18612
tempe_16_setting2_presslight_ugat	REAL_TRAIN	3	375.7	100.0	-692.13	72.86	0.42	14839
tempe_16_setting2_presslight_ugat	SIM_TRAIN	0	437.4	8959.3	-594.54	78.44	0.45	16474
tempe_16_setting2_presslight_ugat	SIM_TEST	4	380.6	100.0	-448.33	52.16	0.41	17412
tempe_16_setting2_presslight_ugat	REAL_TRAIN	4	235.9	100.0	-404.85	36.34	0.40	15613
tempe_16_setting2_presslight_ugat	SIM_TRAIN	0	428.0	5018.1	-433.68	61.47	0.42	16782
tempe_16_setting2_presslight_ugat	SIM_TEST	5	531.8	100.0	-454.09	82.49	0.43	15984
tempe_16_setting2_presslight_ugat	REAL_TRAIN	5	313.3	100.0	-365.72	47.79	0.41	14908
tempe_16_setting2_presslight_ugat	SIM_TRAIN	0	514.5	3049.1	-915.82	94.91	0.42	16085
tempe_16_setting2_presslight_ugat	SIM_TEST	6	216.0	100.0	-452.17	38.18	0.33	19575
tempe_16_setting2_presslight_ugat	REAL_TRAIN	6	201.2	100.0	-489.52	34.02	0.35	16999
tempe_16_setting2_presslight_ugat	SIM_TRAIN	0	121.7	2232.3	-204.06	18.21	0.35	20984
tempe_16_setting2_presslight_ugat	SIM_TEST	7	187.5	100.0	-159.79	33.42	0.31	19940
tempe_16_setting2_presslight_ugat	REAL_TRAIN	7	222.2	100.0	-239.96	30.24	0.34	17159
tempe_16_setting2_presslight_ugat	SIM_TRAIN	0	146.2	1681.7	-129.89	24.10	0.33	20063
tempe_16_setting2_presslight_ugat	SIM_TEST	8	106.8	100.0	-118.09	11.02	0.29	20903
tempe_16_setting2_presslight_ugat	REAL_TRAIN	8	143.1	100.0	-239.38	19.03	0.33	18048
tempe_16_setting2_presslight_ugat	SIM_TRAIN	0	335.6	1272.8	-622.35	78.66	0.44	17892
tempe_16_setting2_presslight_ugat	SIM_TEST	9	90.9	100.0	-93.74	7.58	0.30	21218
tempe_16_setting2_presslight_ugat	REAL_TRAIN	9	131.2	100.0	-217.03	15.64	0.33	18298
tempe_16_setting2_presslight_ugat	SIM_TRAIN	0	90.8	1086.4	-93.58	7.60	0.31	21224
tempe_16_setting2_presslight_ugat	SIM_TEST	10	91.6	100.0	-91.45	7.83	0.29	21168
tempe_16_setting2_presslight_ugat	REAL_TRAIN	10	120.0	100.0	-186.35	11.93	0.32	18476
tempe_16_setting2_presslight_ugat	SIM_TRAIN	0	96.9	919.7	-115.21	9.98	0.30	21022
tempe_16_setting2_presslight_ugat	SIM_TEST	11	89.9	100.0	-87.78	7.17	0.29	21193
tempe_16_setting2_presslight_ugat	REAL_TRAIN	11	117.8	100.0	-194.58	11.54	0.32	18500
tempe_16_setting2_presslight_ugat	SIM_TRAIN	0	121.4	904.1	-217.74	17.99	0.33	20813
tempe_16_setting2_presslight_ugat	SIM_TEST	12	87.7	100.0	-79.15	6.37	0.28	21219
tempe_16_setting2_presslight_ugat	REAL_TRAIN	12	108.3	100.0	-168.64	8.84	0.30	18549
tempe_16_setting2_presslight_ugat	SIM_TRAIN	0	83.6	903.1	-65.18	4.88	0.27	21269
tempe_16_setting2_presslight_ugat	SIM_TEST	13	82.2	100.0	-59.47	4.30	0.26	21293
tempe_16_setting2_presslight_ugat	REAL_TRAIN	13	104.1	100.0	-144.62	6.93	0.29	18720
tempe_16_setting2_presslight_ugat	SIM_TRAIN	0	81.6	811.0	-59.50	4.15	0.27	21296
tempe_16_setting2_presslight_ugat	SIM_TEST	14	81.6	100.0	-56.22	4.06	0.25	21291
tempe_16_setting2_presslight_ugat	REAL_TRAIN	14	101.8	100.0	-144.54	6.49	0.28	18712
tempe_16_setting2_presslight_ugat	SIM_TRAIN	0	164.4	564.6	-296.45	23.12	0.30	20139
tempe_16_setting2_presslight_ugat	SIM_TEST	15	80.2	100.0	-48.00	3.44	0.25	21306
tempe_16_setting2_presslight_ugat	REAL_TRAIN	15	141.5	100.0	-194.91	16.89	0.31	17914
tempe_16_setting2_presslight_ugat	SIM_TRAIN	0	80.7	374.0	-50.36	3.70	0.26	21318
tempe_16_setting2_presslight_ugat	SIM_TEST	16	79.7	100.0	-44.44	3.27	0.25	21309
tempe_16_setting2_presslight_ugat	REAL_TRAIN	16	134.3	100.0	-182.78	14.83	0.33	17914
tempe_16_setting2_presslight_ugat	SIM_TRAIN	0	79.5	299.3	-43.43	3.26	0.26	21312
tempe_16_setting2_presslight_ugat	SIM_TEST	17	78.2	100.0	-38.48	2.74	0.24	21316
tempe_16_setting2_presslight_ugat	REAL_TRAIN	17	103.0	100.0	-143.57	6.48	0.30	18751
tempe_16_setting2_presslight_ugat	SIM_TRAIN	0	144.8	234.5	-263.14	20.22	0.30	20241
tempe_16_setting2_presslight_ugat	SIM_TEST	18	87.4	100.0	-53.38	5.69	0.25	20901
tempe_16_setting2_presslight_ugat	REAL_TRAIN	18	108.1	100.0	-166.63	8.20	0.31	18775
tempe_16_setting2_presslight_ugat	SIM_TRAIN	0	103.1	210.8	-86.57	8.81	0.29	21289
tempe_16_setting2_presslight_ugat	SIM_TEST	19	79.0	100.0	-46.36	3.06	0.24	21316
tempe_16_setting2_presslight_ugat	REAL_TRAIN	19	114.7	100.0	-180.61	10.19	0.33	18704
tempe_16_setting2_presslight_ugat	SIM_TRAIN	0	78.6	181.4	-44.64	2.98	0.24	21319
tempe_16_setting2_presslight_ugat	SIM_TEST	20	77.7	100.0	-40.48	2.71	0.24	21315
tempe_16_setting2_presslight_ugat	REAL_TRAIN	20	126.2	100.0	-204.64	13.17	0.32	18534
tempe_16_setting2_presslight_ugat	SIM_TRAIN	0	78.1	145.3	-39.52	2.78	0.24	21324
tempe_16_setting2_presslight_ugat	SIM_TEST	21	77.7	100.0	-38.94	2.60	0.24	21323
tempe_16_setting2_presslight_ugat	REAL_TRAIN	21	142.1	100.0	-207.99	16.52	0.32	18617
tempe_16_setting2_presslight_ugat	SIM_TRAIN	0	79.5	125.3	-44.55	3.35	0.25	21310
tempe_16_setting2_presslight_ugat	SIM_TEST	22	154.2	100.0	-148.96	10.24	0.27	20376
tempe_16_setting2_presslight_ugat	REAL_TRAIN	22	184.2	100.0	-302.79	27.82	0.35	17469
tempe_16_setting2_presslight_ugat	SIM_TRAIN	0	121.8	92.4	-120.68	8.38	0.27	20604
tempe_16_setting2_presslight_ugat	SIM_TEST	23	78.6	100.0	-42.94	2.89	0.23	21314
tempe_16_setting2_presslight_ugat	REAL_TRAIN	23	127.5	100.0	-210.09	14.44	0.32	18400
tempe_16_setting2_presslight_ugat	SIM_TRAIN	0	79.6	65.3	-43.27	3.30	0.25	21310
tempe_16_setting2_presslight_ugat	SIM_TEST	24	77.8	100.0	-40.37	2.65	0.23	21322
tempe_16_setting2_presslight_ugat	REAL_TRAIN	24	183.9	100.0	-297.50	27.04	0.33	16994
tempe_16_setting2_presslight_ugat	SIM_TRAIN	0	225.8	58.3	-375.69	34.75	0.30	19480
tempe_16_setting2_presslight_ugat	SIM_TEST	25	78.8	100.0	-45.77	3.02	0.24	21315
tempe_16_setting2_presslight_ugat	REAL_TRAIN	25	155.5	100.0	-208.35	19.20	0.33	17778
tempe_16_setting2_presslight_ugat	SIM_TRAIN	0	78.4	50.4	-40.88	2.96	0.25	21316
tempe_16_setting2_presslight_ugat	SIM_TEST	26	78.7	100.0	-45.46	3.04	0.25	21316
tempe_16_setting2_presslight_ugat	REAL_TRAIN	26	180.3	100.0	-293.28	27.63	0.36	17294
tempe_16_setting2_presslight_ugat	SIM_TRAIN	0	80.3	48.3	-44.13	3.58	0.25	21322
tempe_16_setting2_presslight_ugat	SIM_TEST	27	77.4	100.0	-40.27	2.61	0.24	21318
tempe_16_setting2_presslight_ugat	REAL_TRAIN	27	160.9	100.0	-274.22	23.25	0.35	17894
tempe_16_setting2_presslight_ugat	SIM_TRAIN	0	78.0	47.5	-40.09	2.78	0.25	21323
tempe_16_setting2_presslight_ugat	SIM_TEST	28	77.5	100.0	-40.57	2.63	0.24	21317
tempe_16_setting2_presslight_ugat	REAL_TRAIN	28	104.5	100.0	-149.60	6.77	0.30	18749
tempe_16_setting2_presslight_ugat	SIM_TRAIN	0	77.2	45.4	-37.07	2.53	0.24	21326
tempe_16_setting2_presslight_ugat	SIM_TEST	29	77.4	100.0	-39.51	2.57	0.24	21331
tempe_16_setting2_presslight_ugat	REAL_TRAIN	29	199.2	100.0	-310.20	27.72	0.35	16604
tempe_16_setting2_presslight_ugat	SIM_TRAIN	0	77.4	42.0	-36.59	2.57	0.24	21333
tempe_16_setting2_presslight_ugat	SIM_TEST	30	77.5	100.0	-38.99	2.62	0.24	21316
tempe_16_setting2_presslight_ugat	REAL_TRAIN	30	145.6	100.0	-241.19	17.56	0.33	17634
tempe_16_setting2_presslight_ugat	SIM_TRAIN	0	78.2	40.4	-39.97	2.88	0.24	21319
tempe_16_setting2_presslight_ugat	SIM_TEST	31	77.4	100.0	-36.24	2.59	0.24	21325
tempe_16_setting2_presslight_ugat	REAL_TRAIN	31	376.9	100.0	-593.33	66.05	0.44	14172
tempe_16_setting2_presslight_ugat	SIM_TRAIN	0	77.8	39.0	-38.46	2.71	0.25	21331
tempe_16_setting2_presslight_ugat	SIM_TEST	32	76.7	100.0	-33.04	2.36	0.23	21327
tempe_16_setting2_presslight_ugat	REAL_TRAIN	32	378.5	100.0	-589.82	67.21	0.44	14339
tempe_16_setting2_presslight_ugat	SIM_TRAIN	0	77.4	31.7	-36.16	2.57	0.24	21325
tempe_16_setting2_presslight_ugat	SIM_TEST	33	77.0	100.0	-34.73	2.44	0.24	21325
tempe_16_setting2_presslight_ugat	REAL_TRAIN	33	328.8	100.0	-581.33	60.73	0.43	14687
tempe_16_setting2_presslight_ugat	SIM_TRAIN	0	77.2	30.6	-35.54	2.52	0.24	21322
tempe_16_setting2_presslight_ugat	SIM_TEST	34	76.8	100.0	-34.73	2.37	0.24	21320
tempe_16_setting2_presslight_ugat	REAL_TRAIN	34	345.9	100.0	-543.77	60.43	0.44	14683
tempe_16_setting2_presslight_ugat	SIM_TRAIN	0	77.9	28.5	-38.61	2.73	0.24	21320
tempe_16_setting2_presslight_ugat	SIM_TEST	35	119.6	100.0	-223.65	13.98	0.24	20614
tempe_16_setting2_presslight_ugat	REAL_TRAIN	35	408.4	100.0	-778.26	80.68	0.44	13552
tempe_16_setting2_presslight_ugat	SIM_TRAIN	0	78.3	27.7	-39.32	2.86	0.24	21310
tempe_16_setting2_presslight_ugat	SIM_TEST	36	76.4	100.0	-32.53	2.25	0.23	21326
tempe_16_setting2_presslight_ugat	REAL_TRAIN	36	252.3	100.0	-495.51	50.05	0.38	16234
tempe_16_setting2_presslight_ugat	SIM_TRAIN	0	78.0	26.2	-40.14	2.80	0.23	21320
tempe_16_setting2_presslight_ugat	SIM_TEST	37	76.5	100.0	-31.06	2.25	0.23	21330
tempe_16_setting2_presslight_ugat	REAL_TRAIN	37	206.3	100.0	-434.12	38.47	0.32	17099
tempe_16_setting2_presslight_ugat	SIM_TRAIN	0	77.0	23.7	-35.60	2.46	0.23	21324
tempe_16_setting2_presslight_ugat	SIM_TEST	38	77.1	100.0	-33.49	2.48	0.23	21324
tempe_16_setting2_presslight_ugat	REAL_TRAIN	38	171.0	100.0	-297.06	25.26	0.34	17459
tempe_16_setting2_presslight_ugat	SIM_TRAIN	0	162.9	19.9	-262.86	20.38	0.27	20204
tempe_16_setting2_presslight_ugat	SIM_TEST	39	76.7	100.0	-34.52	2.38	0.23	21323
tempe_16_setting2_presslight_ugat	REAL_TRAIN	39	190.6	100.0	-301.98	28.49	0.35	17061
tempe_16_setting2_presslight_ugat	SIM_TRAIN	0	76.9	17.6	-34.33	2.42	0.23	21320
tempe_16_setting2_presslight_ugat	SIM_TEST	40	151.8	100.0	-134.32	8.97	0.26	20400
tempe_16_setting2_presslight_ugat	REAL_TRAIN	40	257.1	100.0	-415.42	42.49	0.40	15790
tempe_16_setting2_presslight_ugat	SIM_TRAIN	0	78.3	14.4	-40.14	2.81	0.23	21328
tempe_16_setting2_presslight_ugat	SIM_TEST	41	76.2	100.0	-30.76	2.15	0.22	21319
tempe_16_setting2_presslight_ugat	REAL_TRAIN	41	224.3	100.0	-345.48	34.03	0.36	16755
tempe_16_setting2_presslight_ugat	SIM_TRAIN	0	138.1	13.0	-216.20	16.81	0.26	20367
tempe_16_setting2_presslight_ugat	SIM_TEST	42	76.4	100.0	-32.62	2.25	0.23	21321
tempe_16_setting2_presslight_ugat	REAL_TRAIN	42	337.9	100.0	-447.18	55.13	0.39	14773
tempe_16_setting2_presslight_ugat	SIM_TRAIN	0	76.4	13.4	-31.96	2.25	0.23	21327
tempe_16_setting2_presslight_ugat	SIM_TEST	43	76.5	100.0	-31.51	2.25	0.22	21332
tempe_16_setting2_presslight_ugat	REAL_TRAIN	43	258.0	100.0	-343.98	39.23	0.34	16294
tempe_16_setting2_presslight_ugat	SIM_TRAIN	0	76.5	12.7	-32.08	2.26	0.22	21330
tempe_16_setting2_presslight_ugat	SIM_TEST	44	76.1	100.0	-31.12	2.16	0.23	21333
tempe_16_setting2_presslight_ugat	REAL_TRAIN	44	327.3	100.0	-397.55	49.32	0.38	15026
tempe_16_setting2_presslight_ugat	SIM_TRAIN	0	175.3	13.1	-279.45	22.08	0.27	20147
tempe_16_setting2_presslight_ugat	SIM_TEST	45	76.6	100.0	-31.21	2.29	0.23	21333
tempe_16_setting2_presslight_ugat	REAL_TRAIN	45	295.2	100.0	-391.75	47.56	0.35	15483
tempe_16_setting2_presslight_ugat	SIM_TRAIN	0	76.7	13.8	-31.51	2.30	0.22	21327
tempe_16_setting2_presslight_ugat	SIM_TEST	46	76.7	100.0	-32.09	2.33	0.23	21325
tempe_16_setting2_presslight_ugat	REAL_TRAIN	46	307.7	100.0	-496.33	54.68	0.34	15714
tempe_16_setting2_presslight_ugat	SIM_TRAIN	0	76.4	13.9	-31.80	2.25	0.23	21325
tempe_16_setting2_presslight_ugat	SIM_TEST	47	76.2	100.0	-30.94	2.15	0.22	21336
tempe_16_setting2_presslight_ugat	REAL_TRAIN	47	341.1	100.0	-573.24	61.02	0.36	15360
tempe_16_setting2_presslight_ugat	SIM_TRAIN	0	77.1	13.1	-34.51	2.45	0.23	21330
tempe_16_setting2_presslight_ugat	SIM_TEST	48	76.2	100.0	-30.90	2.18	0.23	21329
tempe_16_setting2_presslight_ugat	REAL_TRAIN	48	331.7	100.0	-542.27	60.63	0.37	15505
tempe_16_setting2_presslight_ugat	SIM_TRAIN	0	180.5	13.8	-294.65	23.04	0.27	20096
tempe_16_setting2_presslight_ugat	SIM_TEST	49	76.6	100.0	-33.81	2.31	0.22	21326
tempe_16_setting2_presslight_ugat	REAL_TRAIN	49	310.5	100.0	-532.29	57.11	0.36	15583
tempe_16_setting2_presslight_ugat	SIM_TRAIN	0	76.9	14.4	-34.53	2.42	0.23	21321
tempe_16_setting2_presslight_ugat	SIM_TEST	50	76.4	100.0	-32.61	2.24	0.23	21329
tempe_16_setting2_presslight_ugat	REAL_TRAIN	50	336.9	100.0	-580.45	63.38	0.40	14826
tempe_16_setting2_presslight_ugat	SIM_TRAIN	0	76.6	13.9	-32.59	2.27	0.23	21329
tempe_16_setting2_presslight_ugat	SIM_TEST	51	76.3	100.0	-30.70	2.18	0.23	21337
tempe_16_setting2_presslight_ugat	REAL_TRAIN	51	376.1	100.0	-622.59	70.14	0.39	14677
tempe_16_setting2_presslight_ugat	SIM_TRAIN	0	93.9	14.4	-98.49	7.50	0.24	20809
tempe_16_setting2_presslight_ugat	SIM_TEST	52	76.5	100.0	-30.63	2.23	0.22	21337
tempe_16_setting2_presslight_ugat	REAL_TRAIN	52	267.6	100.0	-529.80	51.04	0.34	16142
tempe_16_setting2_presslight_ugat	SIM_TRAIN	0	90.5	14.8	-98.47	6.84	0.24	20849
tempe_16_setting2_presslight_ugat	SIM_TEST	53	76.2	100.0	-31.45	2.18	0.23	21333
tempe_16_setting2_presslight_ugat	REAL_TRAIN	53	343.8	100.0	-557.39	63.36	0.40	14703
tempe_16_setting2_presslight_ugat	SIM_TRAIN	0	76.3	17.1	-30.63	2.17	0.22	21326
tempe_16_setting2_presslight_ugat	SIM_TEST	54	76.4	100.0	-31.72	2.24	0.23	21330
tempe_16_setting2_presslight_ugat	REAL_TRAIN	54	319.3	100.0	-522.09	57.55	0.37	15235
tempe_16_setting2_presslight_ugat	SIM_TRAIN	0	76.4	16.2	-31.46	2.23	0.23	21326
tempe_16_setting2_presslight_ugat	SIM_TEST	55	76.4	100.0	-31.45	2.23	0.22	21334
tempe_16_setting2_presslight_ugat	REAL_TRAIN	55	352.5	100.0	-541.92	66.15	0.40	14736
tempe_16_setting2_presslight_ugat	SIM_TRAIN	0	96.8	15.5	-126.36	8.55	0.24	20722
tempe_16_setting2_presslight_ugat	SIM_TEST	56	76.2	100.0	-31.62	2.16	0.22	21332
tempe_16_setting2_presslight_ugat	REAL_TRAIN	56	338.3	100.0	-587.71	63.28	0.41	14576
tempe_16_setting2_presslight_ugat	SIM_TRAIN	0	76.7	17.1	-32.11	2.29	0.22	21318
tempe_16_setting2_presslight_ugat	SIM_TEST	57	453.7	100.0	-575.14	83.19	0.33	16310
tempe_16_setting2_presslight_ugat	REAL_TRAIN	57	307.5	100.0	-491.10	56.71	0.39	15485
tempe_16_setting2_presslight_ugat	SIM_TRAIN	0	76.8	17.1	-32.97	2.37	0.23	21318
tempe_16_setting2_presslight_ugat	SIM_TEST	58	76.8	100.0	-31.85	2.30	0.22	21332
tempe_16_setting2_presslight_ugat	REAL_TRAIN	58	345.3	100.0	-545.91	64.46	0.40	14257
tempe_16_setting2_presslight_ugat	SIM_TRAIN	0	86.8	28.3	-38.44	4.89	0.23	21145
tempe_16_setting2_presslight_ugat	SIM_TEST	59	76.7	100.0	-34.70	2.36	0.23	21324
tempe_16_setting2_presslight_ugat	REAL_TRAIN	59	307.4	100.0	-508.92	54.38	0.39	14914
tempe_16_setting2_presslight_ugat	SIM_TRAIN	0	77.6	50.9	-37.05	2.60	0.23	21328
tempe_16_setting2_presslight_ugat	SIM_TEST	60	76.7	100.0	-32.63	2.33	0.23	21329
tempe_16_setting2_presslight_ugat	REAL_TRAIN	60	208.1	100.0	-421.08	38.52	0.31	16660
tempe_16_setting2_presslight_ugat	SIM_TRAIN	0	78.3	50.2	-37.06	2.86	0.23	21326
tempe_16_setting2_presslight_ugat	SIM_TEST	61	76.7	100.0	-33.22	2.34	0.23	21324
tempe_16_setting2_presslight_ugat	REAL_TRAIN	61	236.9	100.0	-471.41	44.96	0.34	16090
tempe_16_setting2_presslight_ugat	SIM_TRAIN	0	77.1	57.6	-34.24	2.44	0.23	21324
tempe_16_setting2_presslight_ugat	SIM_TEST	62	76.8	100.0	-34.06	2.39	0.23	21326
tempe_16_setting2_presslight_ugat	REAL_TRAIN	62	332.6	100.0	-582.06	62.73	0.37	15010
tempe_16_setting2_presslight_ugat	SIM_TRAIN	0	85.1	52.1	-69.20	5.09	0.24	20969
tempe_16_setting2_presslight_ugat	SIM_TEST	63	76.7	100.0	-32.92	2.34	0.23	21327
tempe_16_setting2_presslight_ugat	REAL_TRAIN	63	335.5	100.0	-565.65	61.19	0.35	14930
tempe_16_setting2_presslight_ugat	SIM_TRAIN	0	77.1	51.7	-34.26	2.47	0.23	21324
tempe_16_setting2_presslight_ugat	SIM_TEST	64	76.7	100.0	-35.11	2.35	0.23	21324
tempe_16_setting2_presslight_ugat	REAL_TRAIN	64	199.6	100.0	-439.04	36.42	0.30	16996
tempe_16_setting2_presslight_ugat	SIM_TRAIN	0	77.6	53.7	-34.75	2.60	0.23	21331
tempe_16_setting2_presslight_ugat	SIM_TEST	65	76.5	100.0	-31.32	2.23	0.23	21328
tempe_16_setting2_presslight_ugat	REAL_TRAIN	65	175.6	100.0	-375.77	28.84	0.30	17302
tempe_16_setting2_presslight_ugat	SIM_TRAIN	0	78.2	52.2	-37.99	2.84	0.23	21297
tempe_16_setting2_presslight_ugat	SIM_TEST	66	76.7	100.0	-31.83	2.30	0.22	21327
tempe_16_setting2_presslight_ugat	REAL_TRAIN	66	191.3	100.0	-331.08	28.96	0.32	16759
tempe_16_setting2_presslight_ugat	SIM_TRAIN	0	77.8	46.1	-37.70	2.70	0.23	21321
tempe_16_setting2_presslight_ugat	SIM_TEST	67	107.1	100.0	-122.91	13.10	0.27	20847
tempe_16_setting2_presslight_ugat	REAL_TRAIN	67	285.6	100.0	-532.92	55.20	0.35	15590
tempe_16_setting2_presslight_ugat	SIM_TRAIN	0	76.5	47.9	-31.79	2.25	0.23	21325
tempe_16_setting2_presslight_ugat	SIM_TEST	68	76.8	100.0	-34.40	2.39	0.23	21320
tempe_16_setting2_presslight_ugat	REAL_TRAIN	68	299.5	100.0	-552.46	54.58	0.38	14781
tempe_16_setting2_presslight_ugat	SIM_TRAIN	0	77.3	45.9	-36.24	2.54	0.23	21327
tempe_16_setting2_presslight_ugat	SIM_TEST	69	77.1	100.0	-34.87	2.50	0.23	21323
tempe_16_setting2_presslight_ugat	REAL_TRAIN	69	225.0	100.0	-494.92	43.14	0.31	16694
tempe_16_setting2_presslight_ugat	SIM_TRAIN	0	76.5	45.6	-32.32	2.26	0.22	21328
tempe_16_setting2_presslight_ugat	SIM_TEST	70	76.5	100.0	-32.00	2.25	0.23	21331
tempe_16_setting2_presslight_ugat	REAL_TRAIN	70	226.6	100.0	-511.08	44.04	0.31	16667
tempe_16_setting2_presslight_ugat	SIM_TRAIN	0	77.4	44.8	-35.65	2.55	0.23	21330
tempe_16_setting2_presslight_ugat	SIM_TEST	71	76.2	100.0	-29.91	2.14	0.22	21338
tempe_16_setting2_presslight_ugat	REAL_TRAIN	71	232.1	100.0	-508.54	44.96	0.32	16554
tempe_16_setting2_presslight_ugat	SIM_TRAIN	0	159.3	43.4	-253.05	19.41	0.26	20297
tempe_16_setting2_presslight_ugat	SIM_TEST	72	125.7	100.0	-176.19	18.11	0.27	20600
tempe_16_setting2_presslight_ugat	REAL_TRAIN	72	230.7	100.0	-508.08	44.21	0.31	16627
tempe_16_setting2_presslight_ugat	SIM_TRAIN	0	77.0	29.9	-33.08	2.38	0.23	21332
tempe_16_setting2_presslight_ugat	SIM_TEST	73	76.5	100.0	-30.21	2.19	0.22	21324
tempe_16_setting2_presslight_ugat	REAL_TRAIN	73	248.1	100.0	-518.13	49.25	0.32	16283
tempe_16_setting2_presslight_ugat	SIM_TRAIN	0	77.1	12.4	-32.41	2.43	0.22	21329
tempe_16_setting2_presslight_ugat	SIM_TEST	74	76.9	100.0	-35.03	2.38	0.22	21331
tempe_16_setting2_presslight_ugat	REAL_TRAIN	74	227.2	100.0	-489.76	43.14	0.31	16621
tempe_16_setting2_presslight_ugat	SIM_TRAIN	0	77.3	10.4	-35.38	2.51	0.23	21332
tempe_16_setting2_presslight_ugat	SIM_TEST	75	76.7	100.0	-33.32	2.35	0.22	21325
tempe_16_setting2_presslight_ugat	REAL_TRAIN	75	250.1	100.0	-549.87	50.13	0.32	16299
tempe_16_setting2_presslight_ugat	SIM_TRAIN	0	79.2	12.5	-41.91	3.15	0.23	21326
tempe_16_setting2_presslight_ugat	SIM_TEST	76	76.8	100.0	-34.44	2.36	0.23	21327
tempe_16_setting2_presslight_ugat	REAL_TRAIN	76	243.3	100.0	-496.66	46.20	0.32	16260
tempe_16_setting2_presslight_ugat	SIM_TRAIN	0	86.4	10.1	-72.25	5.42	0.24	21312
tempe_16_setting2_presslight_ugat	SIM_TEST	77	76.5	100.0	-32.41	2.25	0.23	21324
tempe_16_setting2_presslight_ugat	REAL_TRAIN	77	244.7	100.0	-528.74	47.50	0.32	16420
tempe_16_setting2_presslight_ugat	SIM_TRAIN	0	78.6	10.4	-42.22	3.00	0.23	21327
tempe_16_setting2_presslight_ugat	SIM_TEST	78	76.5	100.0	-31.90	2.24	0.22	21330
tempe_16_setting2_presslight_ugat	REAL_TRAIN	78	197.7	100.0	-386.85	36.07	0.30	17489
tempe_16_setting2_presslight_ugat	SIM_TRAIN	0	76.6	12.2	-31.67	2.27	0.22	21338
tempe_16_setting2_presslight_ugat	SIM_TEST	79	76.4	100.0	-30.16	2.19	0.22	21332
tempe_16_setting2_presslight_ugat	REAL_TRAIN	79	214.7	100.0	-334.14	37.02	0.29	16638
tempe_16_setting2_presslight_ugat	SIM_TRAIN	0	76.5	11.2	-30.31	2.22	0.22	21326
tempe_16_setting2_presslight_ugat	SIM_TEST	80	76.5	100.0	-30.10	2.24	0.22	21324
tempe_16_setting2_presslight_ugat	REAL_TRAIN	80	164.5	100.0	-306.90	27.30	0.26	17742
tempe_16_setting2_presslight_ugat	SIM_TRAIN	0	76.8	10.9	-32.24	2.36	0.22	21328
tempe_16_setting2_presslight_ugat	SIM_TEST	81	76.3	100.0	-31.14	2.20	0.22	21329
tempe_16_setting2_presslight_ugat	REAL_TRAIN	81	211.8	100.0	-344.95	37.25	0.28	16898
tempe_16_setting2_presslight_ugat	SIM_TRAIN	0	77.1	11.0	-34.59	2.45	0.23	21322
tempe_16_setting2_presslight_ugat	SIM_TEST	82	76.5	100.0	-31.33	2.24	0.22	21332
tempe_16_setting2_presslight_ugat	REAL_TRAIN	82	180.6	100.0	-320.58	31.58	0.27	17511
tempe_16_setting2_presslight_ugat	SIM_TRAIN	0	83.0	11.7	-70.88	4.65	0.23	21259
tempe_16_setting2_presslight_ugat	SIM_TEST	83	98.1	100.0	-147.27	9.28	0.24	20917
tempe_16_setting2_presslight_ugat	REAL_TRAIN	83	174.1	100.0	-317.02	29.62	0.27	17441
tempe_16_setting2_presslight_ugat	SIM_TRAIN	0	81.4	12.1	-55.86	3.98	0.23	21314
tempe_16_setting2_presslight_ugat	SIM_TEST	84	85.7	100.0	-68.61	5.86	0.24	21021
tempe_16_setting2_presslight_ugat	REAL_TRAIN	84	342.5	100.0	-679.09	70.95	0.35	15085
tempe_16_setting2_presslight_ugat	SIM_TRAIN	0	77.3	12.7	-34.14	2.53	0.22	21319
tempe_16_setting2_presslight_ugat	SIM_TEST	85	76.4	100.0	-29.73	2.23	0.22	21327
tempe_16_setting2_presslight_ugat	REAL_TRAIN	85	245.2	100.0	-348.40	48.22	0.29	16389
tempe_16_setting2_presslight_ugat	SIM_TRAIN	0	76.9	11.0	-32.27	2.37	0.22	21329
tempe_16_setting2_presslight_ugat	SIM_TEST	86	76.7	100.0	-30.33	2.30	0.22	21322
tempe_16_setting2_presslight_ugat	REAL_TRAIN	86	251.7	100.0	-424.52	48.54	0.32	16377
tempe_16_setting2_presslight_ugat	SIM_TRAIN	0	77.5	10.0	-36.63	2.59	0.23	21326
tempe_16_setting2_presslight_ugat	SIM_TEST	87	76.7	100.0	-30.88	2.30	0.22	21327
tempe_16_setting2_presslight_ugat	REAL_TRAIN	87	244.0	100.0	-367.60	44.74	0.32	16658
tempe_16_setting2_presslight_ugat	SIM_TRAIN	0	77.5	9.2	-35.30	2.58	0.22	21325
tempe_16_setting2_presslight_ugat	SIM_TEST	88	80.0	100.0	-39.36	3.70	0.23	21096
tempe_16_setting2_presslight_ugat	REAL_TRAIN	88	187.4	100.0	-349.86	34.59	0.27	17334
tempe_16_setting2_presslight_ugat	SIM_TRAIN	0	79.9	9.5	-42.53	3.40	0.23	21331
tempe_16_setting2_presslight_ugat	SIM_TEST	89	76.6	100.0	-31.39	2.23	0.22	21327
tempe_16_setting2_presslight_ugat	REAL_TRAIN	89	181.9	100.0	-338.88	33.13	0.27	17391
tempe_16_setting2_presslight_ugat	SIM_TRAIN	0	87.6	13.2	-75.87	6.14	0.24	21289
tempe_16_setting2_presslight_ugat	SIM_TEST	90	76.3	100.0	-29.89	2.16	0.22	21331
tempe_16_setting2_presslight_ugat	REAL_TRAIN	90	227.7	100.0	-345.31	40.80	0.29	16514
tempe_16_setting2_presslight_ugat	SIM_TRAIN	0	93.8	16.7	-98.10	8.03	0.24	21200
tempe_16_setting2_presslight_ugat	SIM_TEST	91	76.6	100.0	-32.76	2.28	0.22	21326
tempe_16_setting2_presslight_ugat	REAL_TRAIN	91	205.2	100.0	-343.85	37.14	0.29	17055
tempe_16_setting2_presslight_ugat	SIM_TRAIN	0	81.3	22.3	-50.69	3.92	0.23	21313
tempe_16_setting2_presslight_ugat	SIM_TEST	92	76.6	100.0	-34.17	2.29	0.22	21334
tempe_16_setting2_presslight_ugat	REAL_TRAIN	92	234.9	100.0	-350.63	41.83	0.30	16558
tempe_16_setting2_presslight_ugat	SIM_TRAIN	0	77.1	24.7	-35.20	2.44	0.22	21333
tempe_16_setting2_presslight_ugat	SIM_TEST	93	115.2	100.0	-97.33	13.95	0.25	20310
tempe_16_setting2_presslight_ugat	REAL_TRAIN	93	175.7	100.0	-325.69	30.97	0.26	17620
tempe_16_setting2_presslight_ugat	SIM_TRAIN	0	76.9	27.4	-33.54	2.34	0.22	21333
tempe_16_setting2_presslight_ugat	SIM_TEST	94	76.7	100.0	-31.57	2.30	0.22	21327
tempe_16_setting2_presslight_ugat	REAL_TRAIN	94	196.4	100.0	-354.90	36.94	0.28	17218
tempe_16_setting2_presslight_ugat	SIM_TRAIN	0	119.2	29.9	-173.09	16.64	0.24	20625
tempe_16_setting2_presslight_ugat	SIM_TEST	95	211.2	100.0	-237.98	35.17	0.29	18933
tempe_16_setting2_presslight_ugat	REAL_TRAIN	95	132.4	100.0	-174.06	15.76	0.27	18116
tempe_16_setting2_presslight_ugat	SIM_TRAIN	0	77.0	34.6	-34.17	2.44	0.22	21333
tempe_16_setting2_presslight_ugat	SIM_TEST	96	76.6	100.0	-32.68	2.28	0.23	21333
tempe_16_setting2_presslight_ugat	REAL_TRAIN	96	132.0	100.0	-163.96	15.47	0.26	18163
tempe_16_setting2_presslight_ugat	SIM_TRAIN	0	77.7	35.8	-34.80	2.64	0.23	21336
tempe_16_setting2_presslight_ugat	SIM_TEST	97	76.6	100.0	-32.38	2.27	0.22	21332
tempe_16_setting2_presslight_ugat	REAL_TRAIN	97	164.8	100.0	-324.26	26.95	0.27	17637
tempe_16_setting2_presslight_ugat	SIM_TRAIN	0	81.6	38.1	-52.70	4.03	0.23	21310
tempe_16_setting2_presslight_ugat	SIM_TEST	98	76.5	100.0	-31.11	2.21	0.22	21334
tempe_16_setting2_presslight_ugat	REAL_TRAIN	98	164.2	100.0	-321.55	26.67	0.28	17689
tempe_16_setting2_presslight_ugat	SIM_TRAIN	0	86.9	39.5	-68.93	5.68	0.24	21327
tempe_16_setting2_presslight_ugat	SIM_TEST	99	76.6	100.0	-30.91	2.26	0.22	21330
tempe_16_setting2_presslight_ugat	REAL_TRAIN	99	162.5	100.0	-314.74	25.72	0.27	17543
tempe_16_setting2_presslight_ugat	SIM_TRAIN	0	77.3	39.7	-34.13	2.50	0.22	21332
