bullhead_1_setting3_presslight_gat	SIM_TEST	0	121.0	100.0	-5.67	3.09	0.63	1399
bullhead_1_setting3_presslight_gat	REAL_TRAIN	0	140.7	100.0	-31.29	7.24	0.60	1303
bullhead_1_setting3_presslight_gat	SIM_TRAIN	0	373.8	0.0	-68.57	66.31	0.90	1195
bullhead_1_setting3_presslight_gat	SIM_TEST	1	120.8	100.0	-5.59	3.03	0.62	1399
bullhead_1_setting3_presslight_gat	REAL_TRAIN	1	140.7	100.0	-31.29	7.24	0.60	1303
bullhead_1_setting3_presslight_gat	SIM_TRAIN	0	373.8	0.0	-68.55	66.31	0.90	1195
bullhead_1_setting3_presslight_gat	SIM_TEST	2	120.8	100.0	-5.56	3.04	0.63	1398
bullhead_1_setting3_presslight_gat	REAL_TRAIN	2	140.7	100.0	-31.29	7.24	0.60	1303
bullhead_1_setting3_presslight_gat	SIM_TRAIN	0	373.8	6.2	-68.56	66.31	0.90	1195
bullhead_1_setting3_presslight_gat	SIM_TEST	3	124.4	100.0	-7.03	4.34	0.76	1397
bullhead_1_setting3_presslight_gat	REAL_TRAIN	3	143.4	100.0	-32.46	8.22	0.72	1303
bullhead_1_setting3_presslight_gat	SIM_TRAIN	0	359.2	4.3	-62.78	60.25	0.90	1207
bullhead_1_setting3_presslight_gat	SIM_TEST	4	141.9	100.0	-14.01	11.45	0.77	1390
bullhead_1_setting3_presslight_gat	REAL_TRAIN	4	204.9	100.0	-53.65	27.79	0.88	1230
bullhead_1_setting3_presslight_gat	SIM_TRAIN	0	373.8	3.5	-68.56	66.31	0.90	1195
bullhead_1_setting3_presslight_gat	SIM_TEST	5	136.9	100.0	-12.05	9.52	0.77	1391
bullhead_1_setting3_presslight_gat	REAL_TRAIN	5	145.1	100.0	-33.22	8.74	0.72	1306
bullhead_1_setting3_presslight_gat	SIM_TRAIN	0	373.8	2.7	-68.56	66.31	0.90	1195
bullhead_1_setting3_presslight_gat	SIM_TEST	6	136.8	100.0	-11.95	9.40	0.78	1395
bullhead_1_setting3_presslight_gat	REAL_TRAIN	6	146.9	100.0	-33.75	9.39	0.76	1303
bullhead_1_setting3_presslight_gat	SIM_TRAIN	0	375.8	3.6	-70.89	68.02	0.91	1197
bullhead_1_setting3_presslight_gat	SIM_TEST	7	131.3	100.0	-9.69	7.00	0.78	1393
bullhead_1_setting3_presslight_gat	REAL_TRAIN	7	145.0	100.0	-32.57	8.28	0.80	1299
bullhead_1_setting3_presslight_gat	SIM_TRAIN	0	202.3	4.1	-21.59	18.70	0.77	1342
bullhead_1_setting3_presslight_gat	SIM_TEST	8	128.0	100.0	-8.50	5.98	0.81	1395
bullhead_1_setting3_presslight_gat	REAL_TRAIN	8	137.1	100.0	-29.98	5.30	0.78	1308
bullhead_1_setting3_presslight_gat	SIM_TRAIN	0	261.0	5.5	-46.62	44.07	0.80	1282
bullhead_1_setting3_presslight_gat	SIM_TEST	9	128.8	100.0	-8.75	6.20	0.72	1395
bullhead_1_setting3_presslight_gat	REAL_TRAIN	9	157.7	100.0	-35.94	11.06	0.64	1265
bullhead_1_setting3_presslight_gat	SIM_TRAIN	0	256.9	5.9	-43.21	39.94	0.74	1289
bullhead_1_setting3_presslight_gat	SIM_TEST	10	915.4	100.0	-216.90	213.47	0.92	766
bullhead_1_setting3_presslight_gat	REAL_TRAIN	10	190.0	100.0	-47.89	22.73	0.85	1249
bullhead_1_setting3_presslight_gat	SIM_TRAIN	0	382.9	14.5	-73.38	64.89	0.92	1243
bullhead_1_setting3_presslight_gat	SIM_TEST	11	337.0	100.0	-74.39	67.54	0.93	1217
bullhead_1_setting3_presslight_gat	REAL_TRAIN	11	312.3	100.0	-92.05	64.92	0.89	1151
bullhead_1_setting3_presslight_gat	SIM_TRAIN	0	268.4	18.6	-47.69	43.87	0.69	1293
bullhead_1_setting3_presslight_gat	SIM_TEST	12	402.8	100.0	-84.04	76.49	0.95	1238
bullhead_1_setting3_presslight_gat	REAL_TRAIN	12	405.3	100.0	-122.35	93.23	0.97	1113
bullhead_1_setting3_presslight_gat	SIM_TRAIN	0	541.9	20.8	-140.26	128.59	0.96	1083
bullhead_1_setting3_presslight_gat	SIM_TEST	13	138.8	100.0	-12.75	9.93	0.87	1389
bullhead_1_setting3_presslight_gat	REAL_TRAIN	13	1407.5	100.0	-343.19	326.58	0.98	461
bullhead_1_setting3_presslight_gat	SIM_TRAIN	0	263.5	26.0	-61.04	58.39	0.67	1282
bullhead_1_setting3_presslight_gat	SIM_TEST	14	146.9	100.0	-13.44	10.86	0.87	1387
bullhead_1_setting3_presslight_gat	REAL_TRAIN	14	159.0	100.0	-38.12	14.11	0.75	1280
bullhead_1_setting3_presslight_gat	SIM_TRAIN	0	170.5	30.7	-25.24	22.55	0.59	1361
bullhead_1_setting3_presslight_gat	SIM_TEST	15	196.4	100.0	-19.25	16.54	0.82	1346
bullhead_1_setting3_presslight_gat	REAL_TRAIN	15	186.1	100.0	-47.39	23.61	0.72	1246
bullhead_1_setting3_presslight_gat	SIM_TRAIN	0	310.5	29.8	-64.45	61.75	0.69	1242
bullhead_1_setting3_presslight_gat	SIM_TEST	16	144.2	100.0	-14.88	12.33	0.88	1390
bullhead_1_setting3_presslight_gat	REAL_TRAIN	16	165.4	100.0	-40.93	16.77	0.79	1298
bullhead_1_setting3_presslight_gat	SIM_TRAIN	0	319.8	30.1	-73.56	68.96	0.71	1239
bullhead_1_setting3_presslight_gat	SIM_TEST	17	138.4	100.0	-12.63	10.09	0.85	1395
bullhead_1_setting3_presslight_gat	REAL_TRAIN	17	158.4	100.0	-38.17	13.82	0.74	1298
bullhead_1_setting3_presslight_gat	SIM_TRAIN	0	162.5	29.0	-22.15	19.35	0.73	1382
bullhead_1_setting3_presslight_gat	SIM_TEST	18	134.0	100.0	-10.89	8.39	0.82	1391
bullhead_1_setting3_presslight_gat	REAL_TRAIN	18	168.3	100.0	-41.76	17.41	0.68	1291
bullhead_1_setting3_presslight_gat	SIM_TRAIN	0	172.8	30.4	-26.15	23.19	0.55	1369
bullhead_1_setting3_presslight_gat	SIM_TEST	19	128.5	100.0	-8.69	6.22	0.82	1398
bullhead_1_setting3_presslight_gat	REAL_TRAIN	19	169.5	100.0	-42.35	18.06	0.74	1293
bullhead_1_setting3_presslight_gat	SIM_TRAIN	0	152.7	30.1	-18.27	15.59	0.60	1380
bullhead_1_setting3_presslight_gat	SIM_TEST	20	128.4	100.0	-8.66	6.19	0.81	1394
bullhead_1_setting3_presslight_gat	REAL_TRAIN	20	179.9	100.0	-46.27	21.96	0.83	1284
bullhead_1_setting3_presslight_gat	SIM_TRAIN	0	153.2	27.8	-18.40	15.64	0.69	1386
bullhead_1_setting3_presslight_gat	SIM_TEST	21	126.5	100.0	-7.85	5.30	0.73	1395
bullhead_1_setting3_presslight_gat	REAL_TRAIN	21	182.6	100.0	-47.36	23.28	0.79	1288
bullhead_1_setting3_presslight_gat	SIM_TRAIN	0	141.2	26.5	-13.60	10.83	0.62	1389
bullhead_1_setting3_presslight_gat	SIM_TEST	22	128.8	100.0	-8.75	6.11	0.74	1396
bullhead_1_setting3_presslight_gat	REAL_TRAIN	22	187.7	100.0	-49.36	25.17	0.83	1285
bullhead_1_setting3_presslight_gat	SIM_TRAIN	0	133.6	25.6	-10.64	7.97	0.68	1394
bullhead_1_setting3_presslight_gat	SIM_TEST	23	123.3	100.0	-6.58	3.99	0.73	1396
bullhead_1_setting3_presslight_gat	REAL_TRAIN	23	184.3	100.0	-48.05	23.91	0.83	1284
bullhead_1_setting3_presslight_gat	SIM_TRAIN	0	134.2	23.9	-10.87	8.07	0.69	1391
bullhead_1_setting3_presslight_gat	SIM_TEST	24	125.7	100.0	-7.60	4.86	0.78	1395
bullhead_1_setting3_presslight_gat	REAL_TRAIN	24	202.8	100.0	-53.66	29.64	0.82	1241
bullhead_1_setting3_presslight_gat	SIM_TRAIN	0	140.9	21.9	-13.32	10.16	0.86	1390
bullhead_1_setting3_presslight_gat	SIM_TEST	25	125.6	100.0	-7.37	4.62	0.77	1397
bullhead_1_setting3_presslight_gat	REAL_TRAIN	25	207.6	100.0	-55.61	31.73	0.82	1237
bullhead_1_setting3_presslight_gat	SIM_TRAIN	0	145.7	17.8	-15.12	11.71	0.86	1384
bullhead_1_setting3_presslight_gat	SIM_TEST	26	130.1	100.0	-9.25	6.17	0.78	1395
bullhead_1_setting3_presslight_gat	REAL_TRAIN	26	191.0	100.0	-49.19	25.26	0.83	1243
bullhead_1_setting3_presslight_gat	SIM_TRAIN	0	176.3	15.6	-17.19	13.46	0.86	1362
bullhead_1_setting3_presslight_gat	SIM_TEST	27	124.1	100.0	-6.85	4.06	0.79	1396
bullhead_1_setting3_presslight_gat	REAL_TRAIN	27	230.7	100.0	-63.07	39.42	0.82	1204
bullhead_1_setting3_presslight_gat	SIM_TRAIN	0	134.9	11.0	-11.07	8.07	0.86	1395
bullhead_1_setting3_presslight_gat	SIM_TEST	28	124.9	100.0	-7.16	4.38	0.80	1394
bullhead_1_setting3_presslight_gat	REAL_TRAIN	28	231.5	100.0	-62.46	38.75	0.82	1189
bullhead_1_setting3_presslight_gat	SIM_TRAIN	0	136.5	9.8	-11.76	8.77	0.86	1394
bullhead_1_setting3_presslight_gat	SIM_TEST	29	126.8	100.0	-7.91	5.18	0.86	1395
bullhead_1_setting3_presslight_gat	REAL_TRAIN	29	227.4	100.0	-60.71	37.07	0.82	1183
bullhead_1_setting3_presslight_gat	SIM_TRAIN	0	131.0	8.9	-9.54	6.83	0.85	1397
bullhead_1_setting3_presslight_gat	SIM_TEST	30	130.3	100.0	-9.34	6.49	0.87	1395
bullhead_1_setting3_presslight_gat	REAL_TRAIN	30	235.3	100.0	-63.80	40.25	0.82	1184
bullhead_1_setting3_presslight_gat	SIM_TRAIN	0	130.7	7.4	-9.54	6.77	0.87	1393
bullhead_1_setting3_presslight_gat	SIM_TEST	31	128.4	100.0	-8.54	5.66	0.86	1394
bullhead_1_setting3_presslight_gat	REAL_TRAIN	31	201.6	100.0	-53.03	29.12	0.83	1238
bullhead_1_setting3_presslight_gat	SIM_TRAIN	0	139.3	5.9	-12.86	10.03	0.86	1393
bullhead_1_setting3_presslight_gat	SIM_TEST	32	125.9	100.0	-7.62	4.68	0.81	1397
bullhead_1_setting3_presslight_gat	REAL_TRAIN	32	207.2	100.0	-55.15	31.26	0.82	1233
bullhead_1_setting3_presslight_gat	SIM_TRAIN	0	126.6	5.6	-7.85	5.12	0.83	1397
bullhead_1_setting3_presslight_gat	SIM_TEST	33	125.2	100.0	-7.25	4.42	0.83	1397
bullhead_1_setting3_presslight_gat	REAL_TRAIN	33	141.4	100.0	-31.35	6.78	0.80	1307
bullhead_1_setting3_presslight_gat	SIM_TRAIN	0	125.2	5.1	-7.25	4.61	0.79	1399
bullhead_1_setting3_presslight_gat	SIM_TEST	34	123.5	100.0	-6.65	3.96	0.82	1397
bullhead_1_setting3_presslight_gat	REAL_TRAIN	34	147.4	100.0	-34.02	9.65	0.76	1300
bullhead_1_setting3_presslight_gat	SIM_TRAIN	0	124.2	5.0	-6.91	4.37	0.74	1395
bullhead_1_setting3_presslight_gat	SIM_TEST	35	124.2	100.0	-6.86	4.21	0.80	1396
bullhead_1_setting3_presslight_gat	REAL_TRAIN	35	189.9	100.0	-49.98	25.75	0.83	1271
bullhead_1_setting3_presslight_gat	SIM_TRAIN	0	126.8	5.1	-7.97	5.32	0.73	1395
bullhead_1_setting3_presslight_gat	SIM_TEST	36	122.3	100.0	-6.14	3.51	0.76	1396
bullhead_1_setting3_presslight_gat	REAL_TRAIN	36	146.4	100.0	-33.57	9.33	0.74	1302
bullhead_1_setting3_presslight_gat	SIM_TRAIN	0	131.0	4.7	-9.55	7.00	0.67	1395
bullhead_1_setting3_presslight_gat	SIM_TEST	37	123.3	100.0	-6.61	4.10	0.74	1397
bullhead_1_setting3_presslight_gat	REAL_TRAIN	37	144.5	100.0	-32.84	8.71	0.67	1303
bullhead_1_setting3_presslight_gat	SIM_TRAIN	0	133.8	4.6	-10.75	8.07	0.59	1391
bullhead_1_setting3_presslight_gat	SIM_TEST	38	128.1	100.0	-8.46	6.03	0.80	1398
bullhead_1_setting3_presslight_gat	REAL_TRAIN	38	151.2	100.0	-35.47	11.44	0.72	1305
bullhead_1_setting3_presslight_gat	SIM_TRAIN	0	256.6	4.9	-54.34	52.16	0.77	1258
bullhead_1_setting3_presslight_gat	SIM_TEST	39	119.5	100.0	-5.04	2.52	0.62	1399
bullhead_1_setting3_presslight_gat	REAL_TRAIN	39	146.6	100.0	-33.47	9.19	0.65	1302
bullhead_1_setting3_presslight_gat	SIM_TRAIN	0	233.9	5.3	-48.62	46.43	0.72	1276
bullhead_1_setting3_presslight_gat	SIM_TEST	40	121.0	100.0	-5.66	3.13	0.70	1398
bullhead_1_setting3_presslight_gat	REAL_TRAIN	40	145.6	100.0	-33.32	9.01	0.75	1304
bullhead_1_setting3_presslight_gat	SIM_TRAIN	0	133.8	5.0	-10.70	8.03	0.58	1390
bullhead_1_setting3_presslight_gat	SIM_TEST	41	120.2	100.0	-5.29	2.63	0.63	1398
bullhead_1_setting3_presslight_gat	REAL_TRAIN	41	143.0	100.0	-32.28	8.05	0.65	1306
bullhead_1_setting3_presslight_gat	SIM_TRAIN	0	183.3	4.8	-29.69	27.26	0.69	1309
bullhead_1_setting3_presslight_gat	SIM_TEST	42	119.8	100.0	-5.12	2.39	0.55	1399
bullhead_1_setting3_presslight_gat	REAL_TRAIN	42	143.7	100.0	-32.54	8.31	0.62	1302
bullhead_1_setting3_presslight_gat	SIM_TRAIN	0	249.2	4.8	-51.88	49.62	0.77	1263
bullhead_1_setting3_presslight_gat	SIM_TEST	43	120.2	100.0	-5.23	2.58	0.63	1399
bullhead_1_setting3_presslight_gat	REAL_TRAIN	43	143.0	100.0	-32.24	7.92	0.65	1302
bullhead_1_setting3_presslight_gat	SIM_TRAIN	0	136.9	4.9	-12.03	9.47	0.61	1361
bullhead_1_setting3_presslight_gat	SIM_TEST	44	123.3	100.0	-6.51	3.42	0.67	1397
bullhead_1_setting3_presslight_gat	REAL_TRAIN	44	141.0	100.0	-31.44	7.08	0.63	1306
bullhead_1_setting3_presslight_gat	SIM_TRAIN	0	122.5	5.0	-6.17	3.34	0.61	1398
bullhead_1_setting3_presslight_gat	SIM_TEST	45	119.2	100.0	-4.90	2.22	0.54	1398
bullhead_1_setting3_presslight_gat	REAL_TRAIN	45	140.6	100.0	-31.22	7.24	0.61	1305
bullhead_1_setting3_presslight_gat	SIM_TRAIN	0	230.3	4.7	-47.99	45.83	0.70	1281
bullhead_1_setting3_presslight_gat	SIM_TEST	46	119.3	100.0	-4.96	2.34	0.48	1399
bullhead_1_setting3_presslight_gat	REAL_TRAIN	46	142.3	100.0	-31.92	7.74	0.57	1303
bullhead_1_setting3_presslight_gat	SIM_TRAIN	0	239.6	4.6	-52.24	50.19	0.71	1279
bullhead_1_setting3_presslight_gat	SIM_TEST	47	119.9	100.0	-5.14	2.58	0.53	1398
bullhead_1_setting3_presslight_gat	REAL_TRAIN	47	141.2	100.0	-31.46	7.37	0.61	1303
bullhead_1_setting3_presslight_gat	SIM_TRAIN	0	243.2	4.9	-52.39	50.28	0.75	1271
bullhead_1_setting3_presslight_gat	SIM_TEST	48	119.8	100.0	-5.13	2.49	0.58	1399
bullhead_1_setting3_presslight_gat	REAL_TRAIN	48	140.0	100.0	-30.99	6.50	0.60	1303
bullhead_1_setting3_presslight_gat	SIM_TRAIN	0	257.9	5.1	-55.16	53.02	0.76	1258
bullhead_1_setting3_presslight_gat	SIM_TEST	49	119.7	100.0	-5.11	2.41	0.55	1399
bullhead_1_setting3_presslight_gat	REAL_TRAIN	49	139.8	100.0	-30.95	6.79	0.55	1304
bullhead_1_setting3_presslight_gat	SIM_TRAIN	0	249.7	5.1	-54.56	52.40	0.75	1269
bullhead_1_setting3_presslight_gat	SIM_TEST	50	118.8	100.0	-4.79	2.10	0.49	1398
bullhead_1_setting3_presslight_gat	REAL_TRAIN	50	140.7	100.0	-31.22	6.92	0.57	1306
bullhead_1_setting3_presslight_gat	SIM_TRAIN	0	236.0	5.4	-51.51	49.41	0.70	1288
bullhead_1_setting3_presslight_gat	SIM_TEST	51	123.1	100.0	-6.48	3.59	0.71	1395
bullhead_1_setting3_presslight_gat	REAL_TRAIN	51	138.4	100.0	-30.32	5.97	0.64	1303
bullhead_1_setting3_presslight_gat	SIM_TRAIN	0	124.1	5.6	-6.88	4.05	0.61	1398
bullhead_1_setting3_presslight_gat	SIM_TEST	52	119.9	100.0	-5.25	2.69	0.56	1398
bullhead_1_setting3_presslight_gat	REAL_TRAIN	52	141.1	100.0	-31.37	7.14	0.57	1300
bullhead_1_setting3_presslight_gat	SIM_TRAIN	0	229.1	5.8	-48.68	46.50	0.68	1306
bullhead_1_setting3_presslight_gat	SIM_TEST	53	119.2	100.0	-4.90	2.34	0.53	1398
bullhead_1_setting3_presslight_gat	REAL_TRAIN	53	140.6	100.0	-31.12	6.87	0.56	1304
bullhead_1_setting3_presslight_gat	SIM_TRAIN	0	213.2	6.3	-42.18	39.21	0.54	1344
bullhead_1_setting3_presslight_gat	SIM_TEST	54	121.6	100.0	-5.89	3.06	0.58	1397
bullhead_1_setting3_presslight_gat	REAL_TRAIN	54	139.1	100.0	-30.56	6.67	0.57	1302
bullhead_1_setting3_presslight_gat	SIM_TRAIN	0	173.0	7.7	-26.20	23.36	0.52	1361
bullhead_1_setting3_presslight_gat	SIM_TEST	55	120.5	100.0	-5.40	2.82	0.50	1399
bullhead_1_setting3_presslight_gat	REAL_TRAIN	55	142.3	100.0	-31.71	7.31	0.47	1302
bullhead_1_setting3_presslight_gat	SIM_TRAIN	0	220.8	7.5	-45.35	42.71	0.58	1306
bullhead_1_setting3_presslight_gat	SIM_TEST	56	123.6	100.0	-6.66	3.69	0.70	1399
bullhead_1_setting3_presslight_gat	REAL_TRAIN	56	143.3	100.0	-32.16	8.04	0.60	1303
bullhead_1_setting3_presslight_gat	SIM_TRAIN	0	128.7	7.7	-8.60	5.73	0.59	1396
bullhead_1_setting3_presslight_gat	SIM_TEST	57	204.4	100.0	-19.60	15.16	0.86	1341
bullhead_1_setting3_presslight_gat	REAL_TRAIN	57	141.0	100.0	-31.17	7.13	0.66	1305
bullhead_1_setting3_presslight_gat	SIM_TRAIN	0	131.4	8.9	-9.83	6.42	0.67	1397
bullhead_1_setting3_presslight_gat	SIM_TEST	58	204.2	100.0	-19.55	15.17	0.87	1338
bullhead_1_setting3_presslight_gat	REAL_TRAIN	58	143.3	100.0	-32.23	7.92	0.72	1302
bullhead_1_setting3_presslight_gat	SIM_TRAIN	0	127.8	9.3	-8.34	5.26	0.69	1396
bullhead_1_setting3_presslight_gat	SIM_TEST	59	130.0	100.0	-9.25	6.14	0.86	1396
bullhead_1_setting3_presslight_gat	REAL_TRAIN	59	144.4	100.0	-32.75	8.76	0.68	1300
bullhead_1_setting3_presslight_gat	SIM_TRAIN	0	131.5	8.7	-9.80	7.23	0.61	1395
bullhead_1_setting3_presslight_gat	SIM_TEST	60	121.0	100.0	-5.63	2.95	0.69	1399
bullhead_1_setting3_presslight_gat	REAL_TRAIN	60	145.0	100.0	-32.82	8.41	0.60	1303
bullhead_1_setting3_presslight_gat	SIM_TRAIN	0	203.1	8.7	-38.31	35.70	0.61	1337
bullhead_1_setting3_presslight_gat	SIM_TEST	61	123.6	100.0	-6.67	3.85	0.71	1398
bullhead_1_setting3_presslight_gat	REAL_TRAIN	61	140.9	100.0	-31.33	7.41	0.60	1300
bullhead_1_setting3_presslight_gat	SIM_TRAIN	0	200.0	8.7	-36.99	34.28	0.60	1347
bullhead_1_setting3_presslight_gat	SIM_TEST	62	121.6	100.0	-5.88	3.12	0.68	1399
bullhead_1_setting3_presslight_gat	REAL_TRAIN	62	142.6	100.0	-32.02	7.70	0.62	1308
bullhead_1_setting3_presslight_gat	SIM_TRAIN	0	186.3	9.0	-31.48	28.62	0.58	1357
bullhead_1_setting3_presslight_gat	SIM_TEST	63	122.0	100.0	-6.02	3.31	0.68	1399
bullhead_1_setting3_presslight_gat	REAL_TRAIN	63	143.1	100.0	-32.23	8.08	0.65	1302
bullhead_1_setting3_presslight_gat	SIM_TRAIN	0	178.6	9.6	-28.72	26.15	0.59	1323
bullhead_1_setting3_presslight_gat	SIM_TEST	64	124.1	100.0	-6.85	4.04	0.74	1398
bullhead_1_setting3_presslight_gat	REAL_TRAIN	64	142.8	100.0	-31.92	7.79	0.63	1304
bullhead_1_setting3_presslight_gat	SIM_TRAIN	0	173.3	9.4	-26.44	23.74	0.58	1347
bullhead_1_setting3_presslight_gat	SIM_TEST	65	127.6	100.0	-8.29	5.41	0.79	1395
bullhead_1_setting3_presslight_gat	REAL_TRAIN	65	142.3	100.0	-31.78	7.53	0.63	1302
bullhead_1_setting3_presslight_gat	SIM_TRAIN	0	181.2	9.7	-29.45	26.62	0.58	1365
bullhead_1_setting3_presslight_gat	SIM_TEST	66	123.6	100.0	-6.66	3.87	0.74	1398
bullhead_1_setting3_presslight_gat	REAL_TRAIN	66	143.1	100.0	-31.96	7.75	0.70	1302
bullhead_1_setting3_presslight_gat	SIM_TRAIN	0	144.4	9.4	-14.93	12.31	0.55	1385
bullhead_1_setting3_presslight_gat	SIM_TEST	67	126.1	100.0	-7.67	4.83	0.77	1396
bullhead_1_setting3_presslight_gat	REAL_TRAIN	67	142.4	100.0	-31.80	7.44	0.67	1304
bullhead_1_setting3_presslight_gat	SIM_TRAIN	0	146.8	9.4	-15.88	13.16	0.55	1388
bullhead_1_setting3_presslight_gat	SIM_TEST	68	127.4	100.0	-8.21	5.34	0.78	1396
bullhead_1_setting3_presslight_gat	REAL_TRAIN	68	143.2	100.0	-32.08	7.97	0.71	1304
bullhead_1_setting3_presslight_gat	SIM_TRAIN	0	139.9	9.8	-13.10	10.58	0.55	1392
bullhead_1_setting3_presslight_gat	SIM_TEST	69	122.5	100.0	-6.29	3.70	0.66	1397
bullhead_1_setting3_presslight_gat	REAL_TRAIN	69	145.0	100.0	-32.60	8.23	0.67	1304
bullhead_1_setting3_presslight_gat	SIM_TRAIN	0	159.2	9.5	-20.80	18.15	0.61	1376
bullhead_1_setting3_presslight_gat	SIM_TEST	70	123.1	100.0	-6.51	3.77	0.67	1397
bullhead_1_setting3_presslight_gat	REAL_TRAIN	70	142.6	100.0	-31.74	7.48	0.60	1302
bullhead_1_setting3_presslight_gat	SIM_TRAIN	0	151.7	9.2	-17.78	15.02	0.56	1387
bullhead_1_setting3_presslight_gat	SIM_TEST	71	121.6	100.0	-5.86	3.34	0.66	1397
bullhead_1_setting3_presslight_gat	REAL_TRAIN	71	155.3	100.0	-36.27	11.28	0.69	1300
bullhead_1_setting3_presslight_gat	SIM_TRAIN	0	147.9	9.5	-16.27	13.54	0.56	1378
bullhead_1_setting3_presslight_gat	SIM_TEST	72	121.9	100.0	-6.01	3.48	0.61	1396
bullhead_1_setting3_presslight_gat	REAL_TRAIN	72	142.7	100.0	-31.60	6.99	0.63	1302
bullhead_1_setting3_presslight_gat	SIM_TRAIN	0	145.8	9.3	-15.51	12.78	0.52	1387
bullhead_1_setting3_presslight_gat	SIM_TEST	73	122.4	100.0	-6.22	3.85	0.60	1396
bullhead_1_setting3_presslight_gat	REAL_TRAIN	73	163.2	100.0	-39.24	14.37	0.68	1288
bullhead_1_setting3_presslight_gat	SIM_TRAIN	0	178.3	8.6	-28.67	25.39	0.51	1340
bullhead_1_setting3_presslight_gat	SIM_TEST	74	123.6	100.0	-6.63	4.21	0.52	1396
bullhead_1_setting3_presslight_gat	REAL_TRAIN	74	145.1	100.0	-32.42	7.26	0.60	1303
bullhead_1_setting3_presslight_gat	SIM_TRAIN	0	196.3	9.4	-36.12	32.51	0.60	1326
bullhead_1_setting3_presslight_gat	SIM_TEST	75	433.8	100.0	-115.07	100.95	0.82	1221
bullhead_1_setting3_presslight_gat	REAL_TRAIN	75	221.0	100.0	-61.30	35.82	0.74	1255
bullhead_1_setting3_presslight_gat	SIM_TRAIN	0	148.2	10.9	-16.64	12.94	0.62	1391
bullhead_1_setting3_presslight_gat	SIM_TEST	76	126.1	100.0	-7.71	5.28	0.60	1397
bullhead_1_setting3_presslight_gat	REAL_TRAIN	76	142.6	100.0	-31.99	8.00	0.52	1302
bullhead_1_setting3_presslight_gat	SIM_TRAIN	0	189.8	12.3	-33.46	30.21	0.58	1340
bullhead_1_setting3_presslight_gat	SIM_TEST	77	126.7	100.0	-7.92	5.09	0.72	1397
bullhead_1_setting3_presslight_gat	REAL_TRAIN	77	134.1	100.0	-28.72	4.28	0.53	1308
bullhead_1_setting3_presslight_gat	SIM_TRAIN	0	126.9	12.2	-8.03	5.08	0.62	1392
bullhead_1_setting3_presslight_gat	SIM_TEST	78	131.1	100.0	-9.65	6.59	0.72	1398
bullhead_1_setting3_presslight_gat	REAL_TRAIN	78	135.1	100.0	-29.15	5.01	0.52	1306
bullhead_1_setting3_presslight_gat	SIM_TRAIN	0	126.7	12.3	-7.93	4.94	0.59	1397
bullhead_1_setting3_presslight_gat	SIM_TEST	79	1023.8	100.0	-199.54	191.62	0.72	687
bullhead_1_setting3_presslight_gat	REAL_TRAIN	79	220.4	100.0	-58.71	32.98	0.83	1228
bullhead_1_setting3_presslight_gat	SIM_TRAIN	0	808.1	34.3	-255.45	239.63	0.74	745
bullhead_1_setting3_presslight_gat	SIM_TEST	80	158.7	100.0	-20.73	16.95	0.86	1388
bullhead_1_setting3_presslight_gat	REAL_TRAIN	80	140.5	100.0	-30.99	6.72	0.60	1306
bullhead_1_setting3_presslight_gat	SIM_TRAIN	0	123.6	64.4	-6.68	3.96	0.58	1398
bullhead_1_setting3_presslight_gat	SIM_TEST	81	923.4	100.0	-176.23	167.20	0.91	743
bullhead_1_setting3_presslight_gat	REAL_TRAIN	81	153.6	100.0	-35.19	9.78	0.74	1298
bullhead_1_setting3_presslight_gat	SIM_TRAIN	0	124.8	64.4	-7.16	3.99	0.63	1398
bullhead_1_setting3_presslight_gat	SIM_TEST	82	127.5	100.0	-8.31	5.42	0.77	1395
bullhead_1_setting3_presslight_gat	REAL_TRAIN	82	146.6	100.0	-32.60	7.53	0.67	1302
bullhead_1_setting3_presslight_gat	SIM_TRAIN	0	123.8	65.5	-6.79	4.00	0.60	1396
bullhead_1_setting3_presslight_gat	SIM_TEST	83	128.4	100.0	-8.66	5.43	0.77	1396
bullhead_1_setting3_presslight_gat	REAL_TRAIN	83	179.3	100.0	-45.08	19.84	0.79	1283
bullhead_1_setting3_presslight_gat	SIM_TRAIN	0	121.2	56.9	-5.63	2.99	0.57	1398
bullhead_1_setting3_presslight_gat	SIM_TEST	84	123.4	100.0	-6.57	3.54	0.58	1399
bullhead_1_setting3_presslight_gat	REAL_TRAIN	84	145.6	100.0	-32.81	8.41	0.74	1305
bullhead_1_setting3_presslight_gat	SIM_TRAIN	0	127.1	60.0	-8.04	5.37	0.51	1395
bullhead_1_setting3_presslight_gat	SIM_TEST	85	121.5	100.0	-5.82	2.93	0.57	1397
bullhead_1_setting3_presslight_gat	REAL_TRAIN	85	386.9	100.0	-116.68	91.44	0.95	1128
bullhead_1_setting3_presslight_gat	SIM_TRAIN	0	122.1	61.1	-6.13	3.38	0.58	1396
bullhead_1_setting3_presslight_gat	SIM_TEST	86	120.2	100.0	-5.29	2.53	0.53	1399
bullhead_1_setting3_presslight_gat	REAL_TRAIN	86	168.0	100.0	-41.76	17.61	0.81	1291
bullhead_1_setting3_presslight_gat	SIM_TRAIN	0	207.7	62.7	-40.33	37.64	0.61	1309
bullhead_1_setting3_presslight_gat	SIM_TEST	87	121.1	100.0	-5.64	2.74	0.49	1399
bullhead_1_setting3_presslight_gat	REAL_TRAIN	87	150.5	100.0	-35.12	10.90	0.74	1305
bullhead_1_setting3_presslight_gat	SIM_TRAIN	0	134.2	67.0	-10.82	8.13	0.52	1391
bullhead_1_setting3_presslight_gat	SIM_TEST	88	120.6	100.0	-5.41	2.48	0.52	1399
bullhead_1_setting3_presslight_gat	REAL_TRAIN	88	150.3	100.0	-35.05	10.92	0.74	1299
bullhead_1_setting3_presslight_gat	SIM_TRAIN	0	143.4	59.9	-14.46	11.77	0.57	1381
bullhead_1_setting3_presslight_gat	SIM_TEST	89	122.8	100.0	-6.35	3.28	0.64	1398
bullhead_1_setting3_presslight_gat	REAL_TRAIN	89	148.5	100.0	-34.22	10.07	0.72	1301
bullhead_1_setting3_presslight_gat	SIM_TRAIN	0	147.7	60.0	-16.24	13.11	0.57	1389
bullhead_1_setting3_presslight_gat	SIM_TEST	90	119.8	100.0	-5.09	2.27	0.52	1398
bullhead_1_setting3_presslight_gat	REAL_TRAIN	90	158.4	100.0	-38.21	14.03	0.75	1302
bullhead_1_setting3_presslight_gat	SIM_TRAIN	0	202.1	56.5	-37.84	34.77	0.64	1309
bullhead_1_setting3_presslight_gat	SIM_TEST	91	121.1	100.0	-5.60	2.63	0.59	1398
bullhead_1_setting3_presslight_gat	REAL_TRAIN	91	177.1	100.0	-43.98	20.19	0.71	1246
bullhead_1_setting3_presslight_gat	SIM_TRAIN	0	192.0	51.0	-33.98	31.25	0.62	1324
bullhead_1_setting3_presslight_gat	SIM_TEST	92	120.9	100.0	-5.49	2.56	0.57	1398
bullhead_1_setting3_presslight_gat	REAL_TRAIN	92	169.7	100.0	-42.39	18.12	0.68	1296
bullhead_1_setting3_presslight_gat	SIM_TRAIN	0	186.9	55.5	-31.95	29.52	0.62	1328
bullhead_1_setting3_presslight_gat	SIM_TEST	93	120.3	100.0	-5.31	2.33	0.50	1397
bullhead_1_setting3_presslight_gat	REAL_TRAIN	93	184.7	100.0	-47.17	23.18	0.72	1255
bullhead_1_setting3_presslight_gat	SIM_TRAIN	0	178.5	26.8	-28.49	26.18	0.60	1342
bullhead_1_setting3_presslight_gat	SIM_TEST	94	121.9	100.0	-5.96	2.90	0.58	1398
bullhead_1_setting3_presslight_gat	REAL_TRAIN	94	188.3	100.0	-48.42	24.48	0.77	1252
bullhead_1_setting3_presslight_gat	SIM_TRAIN	0	179.3	7.4	-28.90	26.57	0.70	1336
bullhead_1_setting3_presslight_gat	SIM_TEST	95	121.2	100.0	-5.69	2.83	0.63	1396
bullhead_1_setting3_presslight_gat	REAL_TRAIN	95	169.5	100.0	-42.36	18.41	0.74	1291
bullhead_1_setting3_presslight_gat	SIM_TRAIN	0	187.9	6.6	-32.48	30.29	0.73	1322
bullhead_1_setting3_presslight_gat	SIM_TEST	96	139.3	100.0	-13.09	9.07	0.77	1390
bullhead_1_setting3_presslight_gat	REAL_TRAIN	96	159.2	100.0	-38.29	13.82	0.64	1296
bullhead_1_setting3_presslight_gat	SIM_TRAIN	0	146.5	6.9	-15.80	13.39	0.58	1361
bullhead_1_setting3_presslight_gat	SIM_TEST	97	124.9	100.0	-7.20	3.97	0.67	1396
bullhead_1_setting3_presslight_gat	REAL_TRAIN	97	165.2	100.0	-40.51	16.56	0.65	1293
bullhead_1_setting3_presslight_gat	SIM_TRAIN	0	203.8	6.5	-38.66	36.49	0.68	1317
bullhead_1_setting3_presslight_gat	SIM_TEST	98	138.6	100.0	-12.80	8.87	0.77	1394
bullhead_1_setting3_presslight_gat	REAL_TRAIN	98	155.6	100.0	-36.89	12.57	0.63	1297
bullhead_1_setting3_presslight_gat	SIM_TRAIN	0	205.5	6.9	-39.32	36.99	0.65	1322
bullhead_1_setting3_presslight_gat	SIM_TEST	99	127.5	100.0	-8.26	4.86	0.70	1396
bullhead_1_setting3_presslight_gat	REAL_TRAIN	99	168.8	100.0	-41.98	17.60	0.65	1296
bullhead_1_setting3_presslight_gat	SIM_TRAIN	0	193.7	7.0	-34.65	32.46	0.66	1324
