cologne3_dz10_presslight_latent_observation	REAL_TEST	2	1015.3	100.0	-124.10	43.83	0.58	864
cologne3_dz10_presslight_latent_observation	REAL_TEST	4	937.0	100.0	-159.96	55.40	0.77	905
cologne3_dz10_presslight_latent_observation	REAL_TEST	6	1206.5	100.0	-180.07	61.44	0.83	685
cologne3_dz10_presslight_latent_observation	REAL_TEST	8	1166.2	100.0	-172.44	58.56	0.83	713
cologne3_dz10_presslight_latent_observation	REAL_TEST	10	1174.1	100.0	-176.11	60.10	0.83	708
cologne3_dz10_presslight_latent_observation	REAL_TEST	12	1020.2	100.0	-127.71	45.10	0.65	864
cologne3_dz10_presslight_latent_observation	REAL_TEST	14	1180.7	100.0	-145.46	50.61	0.67	689
cologne3_dz10_presslight_latent_observation	REAL_TEST	16	1225.4	100.0	-140.86	49.94	0.72	660
cologne3_dz10_presslight_latent_observation	REAL_TEST	18	809.8	100.0	-133.58	47.02	0.61	1059
cologne3_dz10_presslight_latent_observation	REAL_TEST	20	1038.5	100.0	-159.67	55.01	0.73	862
cologne3_dz10_presslight_latent_observation	REAL_TEST	22	952.6	100.0	-76.13	33.16	0.52	869
cologne3_dz10_presslight_latent_observation	REAL_TEST	24	1085.5	100.0	-88.08	37.88	0.62	791
cologne3_dz10_presslight_latent_observation	REAL_TEST	26	1030.1	100.0	-158.43	54.58	0.73	867
cologne3_dz10_presslight_latent_observation	REAL_TEST	28	625.9	100.0	-89.58	31.31	0.47	1206
cologne3_dz10_presslight_latent_observation	REAL_TEST	30	1038.5	100.0	-159.67	55.01	0.73	862
cologne3_dz10_presslight_latent_observation	REAL_TEST	32	622.4	100.0	-90.72	31.30	0.47	1210
cologne3_dz10_presslight_latent_observation	REAL_TEST	34	818.0	100.0	-149.02	52.35	0.69	1169
cologne3_dz10_presslight_latent_observation	REAL_TEST	36	505.3	100.0	-96.27	31.42	0.52	1422
cologne3_dz10_presslight_latent_observation	REAL_TEST	38	989.3	100.0	-125.21	45.52	0.69	923
cologne3_dz10_presslight_latent_observation	REAL_TEST	40	809.8	100.0	-133.58	47.02	0.61	1059
cologne3_dz10_presslight_latent_observation	REAL_TEST	42	1047.0	100.0	-125.01	46.93	0.72	835
cologne3_dz10_presslight_latent_observation	REAL_TEST	44	809.8	100.0	-133.58	47.02	0.61	1059
cologne3_dz10_presslight_latent_observation	REAL_TEST	46	1261.2	100.0	-135.59	51.48	0.75	595
cologne3_dz10_presslight_latent_observation	REAL_TEST	48	809.8	100.0	-133.58	47.02	0.61	1059
cologne3_dz10_presslight_latent_observation	REAL_TEST	50	1056.3	100.0	-117.60	45.83	0.68	819
cologne3_dz10_presslight_latent_observation	REAL_TEST	52	809.8	100.0	-133.58	47.02	0.61	1059
cologne3_dz10_presslight_latent_observation	REAL_TEST	54	1048.7	100.0	-116.74	45.58	0.68	838
cologne3_dz10_presslight_latent_observation	REAL_TEST	56	807.5	100.0	-134.08	47.13	0.61	1057
cologne3_dz10_presslight_latent_observation	REAL_TEST	58	1064.6	100.0	-118.30	46.08	0.68	811
cologne3_dz10_presslight_latent_observation	REAL_TEST	60	809.8	100.0	-133.58	47.02	0.61	1059
cologne3_dz10_presslight_latent_observation	REAL_TEST	62	978.3	100.0	-121.40	44.47	0.67	936
cologne3_dz10_presslight_latent_observation	REAL_TEST	64	809.8	100.0	-133.58	47.02	0.61	1059
cologne3_dz10_presslight_latent_observation	REAL_TEST	66	982.4	100.0	-124.41	49.99	0.76	895
cologne3_dz10_presslight_latent_observation	REAL_TEST	68	816.0	100.0	-133.81	47.10	0.61	1039
cologne3_dz10_presslight_latent_observation	REAL_TEST	70	989.2	100.0	-124.26	45.00	0.68	924
cologne3_dz10_presslight_latent_observation	REAL_TEST	72	809.8	100.0	-133.59	47.02	0.61	1059
cologne3_dz10_presslight_latent_observation	REAL_TEST	74	979.5	100.0	-121.84	44.39	0.67	934
cologne3_dz10_presslight_latent_observation	REAL_TEST	76	815.6	100.0	-133.39	46.94	0.62	1039
cologne3_dz10_presslight_latent_observation	REAL_TEST	78	988.3	100.0	-124.13	45.20	0.68	926
cologne3_dz10_presslight_latent_observation	REAL_TEST	80	772.7	100.0	-137.70	47.66	0.61	1136
cologne3_dz10_presslight_latent_observation	REAL_TEST	82	989.3	100.0	-124.30	45.02	0.68	924
cologne3_dz10_presslight_latent_observation	REAL_TEST	84	779.6	100.0	-137.07	47.45	0.61	1123
cologne3_dz10_presslight_latent_observation	REAL_TEST	86	914.1	100.0	-87.63	35.44	0.62	1056
cologne3_dz10_presslight_latent_observation	REAL_TEST	88	809.8	100.0	-133.58	47.02	0.61	1059
cologne3_dz10_presslight_latent_observation	REAL_TEST	90	838.3	100.0	-70.50	30.66	0.59	1119
cologne3_dz10_presslight_latent_observation	REAL_TEST	92	809.8	100.0	-133.58	47.02	0.61	1059
cologne3_dz10_presslight_latent_observation	REAL_TEST	94	809.5	100.0	-60.95	27.95	0.53	1146
cologne3_dz10_presslight_latent_observation	REAL_TEST	96	809.8	100.0	-133.58	47.02	0.61	1059
cologne3_dz10_presslight_latent_observation	REAL_TEST	98	826.9	100.0	-50.61	25.33	0.48	1080
cologne3_dz10_presslight_latent_observation	REAL_TEST	100	809.8	100.0	-133.58	47.02	0.61	1059
cologne3_dz10_presslight_latent_observation	REAL_TEST	102	870.3	100.0	-102.86	39.84	0.68	1048
cologne3_dz10_presslight_latent_observation	REAL_TEST	104	911.5	100.0	-153.69	53.00	0.71	929
cologne3_dz10_presslight_latent_observation	REAL_TEST	106	672.0	100.0	-87.79	35.12	0.58	1345
cologne3_dz10_presslight_latent_observation	REAL_TEST	108	434.9	100.0	-76.98	24.61	0.43	1572
cologne3_dz10_presslight_latent_observation	REAL_TEST	110	841.9	100.0	-102.81	37.90	0.62	1118
cologne3_dz10_presslight_latent_observation	REAL_TEST	112	405.4	100.0	-82.29	26.01	0.51	1773
cologne3_dz10_presslight_latent_observation	REAL_TEST	114	823.7	100.0	-58.08	27.26	0.47	1096
cologne3_dz10_presslight_latent_observation	REAL_TEST	116	1143.9	100.0	-132.66	49.07	0.73	760
cologne3_dz10_presslight_latent_observation	REAL_TEST	118	769.6	100.0	-62.65	27.87	0.48	1139
cologne3_dz10_presslight_latent_observation	REAL_TEST	120	1364.6	100.0	-166.13	59.35	0.76	571
cologne3_dz10_presslight_latent_observation	REAL_TEST	122	740.3	100.0	-94.97	38.41	0.64	1117
cologne3_dz10_presslight_latent_observation	REAL_TEST	124	1351.2	100.0	-159.99	57.53	0.76	579
cologne3_dz10_presslight_latent_observation	REAL_TEST	126	94.8	100.0	-13.76	2.14	0.26	2778
cologne3_dz10_presslight_latent_observation	REAL_TEST	128	499.3	100.0	-94.07	30.78	0.47	1433
cologne3_dz10_presslight_latent_observation	REAL_TEST	130	707.7	100.0	-106.49	38.98	0.62	1297
cologne3_dz10_presslight_latent_observation	REAL_TEST	132	499.3	100.0	-94.07	30.78	0.47	1433
cologne3_dz10_presslight_latent_observation	REAL_TEST	134	800.2	100.0	-138.76	51.28	0.75	1099
cologne3_dz10_presslight_latent_observation	REAL_TEST	136	384.8	100.0	-69.25	22.00	0.42	1730
cologne3_dz10_presslight_latent_observation	REAL_TEST	138	698.4	100.0	-106.62	39.11	0.61	1283
cologne3_dz10_presslight_latent_observation	REAL_TEST	140	377.4	100.0	-67.17	21.22	0.43	1739
cologne3_dz10_presslight_latent_observation	REAL_TEST	142	717.3	100.0	-104.53	40.64	0.63	1266
cologne3_dz10_presslight_latent_observation	REAL_TEST	144	497.4	100.0	-93.46	30.76	0.47	1442
cologne3_dz10_presslight_latent_observation	REAL_TEST	146	780.5	100.0	-125.46	45.67	0.62	1251
cologne3_dz10_presslight_latent_observation	REAL_TEST	148	392.5	100.0	-66.69	21.29	0.41	1672
cologne3_dz10_presslight_latent_observation	REAL_TEST	150	962.5	100.0	-118.83	44.17	0.65	985
cologne3_dz10_presslight_latent_observation	REAL_TEST	152	374.6	100.0	-58.46	18.50	0.36	1707
cologne3_dz10_presslight_latent_observation	REAL_TEST	154	782.0	100.0	-119.02	41.85	0.54	1144
cologne3_dz10_presslight_latent_observation	REAL_TEST	156	1141.4	100.0	-85.70	37.95	0.63	721
cologne3_dz10_presslight_latent_observation	REAL_TEST	158	1164.0	100.0	-144.85	50.38	0.67	706
cologne3_dz10_presslight_latent_observation	REAL_TEST	160	1135.9	100.0	-127.40	47.68	0.69	759
cologne3_dz10_presslight_latent_observation	REAL_TEST	162	866.7	100.0	-82.33	33.67	0.52	973
cologne3_dz10_presslight_latent_observation	REAL_TEST	164	986.5	100.0	-96.67	36.47	0.62	897
cologne3_dz10_presslight_latent_observation	REAL_TEST	166	1015.3	100.0	-124.10	43.83	0.58	864
cologne3_dz10_presslight_latent_observation	REAL_TEST	168	1128.8	100.0	-88.59	37.94	0.61	729
cologne3_dz10_presslight_latent_observation	REAL_TEST	170	768.7	100.0	-73.49	30.67	0.55	1188
cologne3_dz10_presslight_latent_observation	REAL_TEST	172	1128.6	100.0	-127.57	47.46	0.67	762
cologne3_dz10_presslight_latent_observation	REAL_TEST	174	542.9	100.0	-111.50	40.09	0.60	1482
cologne3_dz10_presslight_latent_observation	REAL_TEST	176	989.6	100.0	-96.94	37.29	0.62	899
cologne3_dz10_presslight_latent_observation	REAL_TEST	178	270.7	100.0	-42.16	12.63	0.39	1962
cologne3_dz10_presslight_latent_observation	REAL_TEST	180	1033.0	100.0	-91.61	35.87	0.60	857
cologne3_dz10_presslight_latent_observation	REAL_TEST	182	118.3	100.0	-30.46	8.19	0.30	2622
cologne3_dz10_presslight_latent_observation	REAL_TEST	184	1042.8	100.0	-91.93	37.00	0.63	852
cologne3_dz10_presslight_latent_observation	REAL_TEST	186	902.4	100.0	-70.82	31.97	0.49	967
cologne3_dz10_presslight_latent_observation	REAL_TEST	188	1056.1	100.0	-93.49	37.52	0.63	838
cologne3_dz10_presslight_latent_observation	REAL_TEST	190	925.5	100.0	-64.61	31.98	0.51	934
cologne3_dz10_presslight_latent_observation	REAL_TEST	192	1130.7	100.0	-90.55	38.28	0.62	734
cologne3_dz10_presslight_latent_observation	REAL_TEST	194	875.0	100.0	-71.78	32.01	0.52	1017
cologne3_dz10_presslight_latent_observation	REAL_TEST	196	1103.1	100.0	-92.59	38.39	0.64	770
cologne3_dz10_presslight_latent_observation	REAL_TEST	198	893.7	100.0	-88.23	36.06	0.57	1043
