cologne3_dz20_presslight_latent_observation	REAL_TEST	2	1015.3	100.0	-124.10	43.83	0.58	864
cologne3_dz20_presslight_latent_observation	REAL_TEST	4	909.3	100.0	-158.25	55.36	0.79	922
cologne3_dz20_presslight_latent_observation	REAL_TEST	6	1206.5	100.0	-180.07	61.44	0.83	685
cologne3_dz20_presslight_latent_observation	REAL_TEST	8	1162.1	100.0	-159.35	54.55	0.78	713
cologne3_dz20_presslight_latent_observation	REAL_TEST	10	1198.6	100.0	-156.87	54.65	0.81	683
cologne3_dz20_presslight_latent_observation	REAL_TEST	12	764.6	100.0	-94.53	35.25	0.59	1171
cologne3_dz20_presslight_latent_observation	REAL_TEST	14	1172.1	100.0	-154.20	52.84	0.77	702
cologne3_dz20_presslight_latent_observation	REAL_TEST	16	441.7	100.0	-80.62	25.82	0.49	1568
cologne3_dz20_presslight_latent_observation	REAL_TEST	18	1196.4	100.0	-158.04	55.04	0.77	684
cologne3_dz20_presslight_latent_observation	REAL_TEST	20	1015.3	100.0	-124.10	43.83	0.58	864
cologne3_dz20_presslight_latent_observation	REAL_TEST	22	972.9	100.0	-78.13	35.43	0.60	942
cologne3_dz20_presslight_latent_observation	REAL_TEST	24	408.2	100.0	-79.89	25.38	0.51	1694
cologne3_dz20_presslight_latent_observation	REAL_TEST	26	884.1	100.0	-110.12	41.65	0.58	1040
cologne3_dz20_presslight_latent_observation	REAL_TEST	28	1410.9	100.0	-126.01	50.21	0.75	517
cologne3_dz20_presslight_latent_observation	REAL_TEST	30	1020.2	100.0	-123.80	44.00	0.59	862
cologne3_dz20_presslight_latent_observation	REAL_TEST	32	1269.9	100.0	-129.80	49.37	0.78	646
cologne3_dz20_presslight_latent_observation	REAL_TEST	34	824.4	100.0	-119.51	45.37	0.68	1171
cologne3_dz20_presslight_latent_observation	REAL_TEST	36	1037.8	100.0	-91.84	37.48	0.66	858
cologne3_dz20_presslight_latent_observation	REAL_TEST	38	971.2	100.0	-127.84	46.50	0.74	949
cologne3_dz20_presslight_latent_observation	REAL_TEST	40	1352.9	100.0	-162.47	59.15	0.80	567
cologne3_dz20_presslight_latent_observation	REAL_TEST	42	767.1	100.0	-125.09	44.42	0.77	1210
cologne3_dz20_presslight_latent_observation	REAL_TEST	44	1257.2	100.0	-148.61	54.26	0.79	664
cologne3_dz20_presslight_latent_observation	REAL_TEST	46	487.9	100.0	-104.13	38.02	0.60	1585
cologne3_dz20_presslight_latent_observation	REAL_TEST	48	1078.7	100.0	-99.53	39.54	0.62	822
cologne3_dz20_presslight_latent_observation	REAL_TEST	50	280.9	100.0	-81.71	26.31	0.52	2129
cologne3_dz20_presslight_latent_observation	REAL_TEST	52	1076.1	100.0	-90.67	35.89	0.60	766
cologne3_dz20_presslight_latent_observation	REAL_TEST	54	1192.0	100.0	-114.28	43.21	0.72	644
cologne3_dz20_presslight_latent_observation	REAL_TEST	56	1755.6	100.0	-149.33	56.05	0.83	307
cologne3_dz20_presslight_latent_observation	REAL_TEST	58	1507.2	100.0	-132.91	49.53	0.73	464
cologne3_dz20_presslight_latent_observation	REAL_TEST	60	1348.3	100.0	-111.70	43.64	0.67	523
cologne3_dz20_presslight_latent_observation	REAL_TEST	62	1186.6	100.0	-159.31	54.59	0.75	693
cologne3_dz20_presslight_latent_observation	REAL_TEST	64	238.8	100.0	-51.86	15.47	0.40	2217
cologne3_dz20_presslight_latent_observation	REAL_TEST	66	392.0	100.0	-73.88	23.47	0.43	1722
cologne3_dz20_presslight_latent_observation	REAL_TEST	68	146.9	100.0	-49.69	14.30	0.47	2708
cologne3_dz20_presslight_latent_observation	REAL_TEST	70	434.9	100.0	-76.79	24.56	0.43	1572
cologne3_dz20_presslight_latent_observation	REAL_TEST	72	831.2	100.0	-61.08	28.41	0.48	1077
cologne3_dz20_presslight_latent_observation	REAL_TEST	74	1114.3	100.0	-133.71	47.25	0.73	769
cologne3_dz20_presslight_latent_observation	REAL_TEST	76	853.6	100.0	-82.82	33.99	0.54	995
cologne3_dz20_presslight_latent_observation	REAL_TEST	78	1173.4	100.0	-130.66	47.88	0.76	713
cologne3_dz20_presslight_latent_observation	REAL_TEST	80	837.9	100.0	-68.56	30.70	0.55	1096
cologne3_dz20_presslight_latent_observation	REAL_TEST	82	1145.6	100.0	-128.04	46.30	0.71	739
cologne3_dz20_presslight_latent_observation	REAL_TEST	84	1160.3	100.0	-114.57	42.90	0.71	688
cologne3_dz20_presslight_latent_observation	REAL_TEST	86	915.0	100.0	-108.82	39.43	0.71	921
cologne3_dz20_presslight_latent_observation	REAL_TEST	88	382.0	100.0	-82.36	28.76	0.54	1882
cologne3_dz20_presslight_latent_observation	REAL_TEST	90	816.5	100.0	-58.02	27.33	0.47	1101
cologne3_dz20_presslight_latent_observation	REAL_TEST	92	422.4	100.0	-88.01	28.02	0.58	1768
cologne3_dz20_presslight_latent_observation	REAL_TEST	94	811.9	100.0	-52.06	26.14	0.47	1102
cologne3_dz20_presslight_latent_observation	REAL_TEST	96	926.5	100.0	-105.71	37.91	0.69	976
cologne3_dz20_presslight_latent_observation	REAL_TEST	98	802.7	100.0	-53.14	25.87	0.46	1111
cologne3_dz20_presslight_latent_observation	REAL_TEST	100	467.4	100.0	-88.72	29.88	0.60	1588
cologne3_dz20_presslight_latent_observation	REAL_TEST	102	904.8	100.0	-76.37	33.84	0.61	979
cologne3_dz20_presslight_latent_observation	REAL_TEST	104	373.3	100.0	-73.82	23.14	0.53	1862
cologne3_dz20_presslight_latent_observation	REAL_TEST	106	259.5	100.0	-39.71	11.19	0.40	2167
cologne3_dz20_presslight_latent_observation	REAL_TEST	108	845.9	100.0	-74.39	31.79	0.62	1120
cologne3_dz20_presslight_latent_observation	REAL_TEST	110	446.1	100.0	-69.21	23.16	0.53	1601
cologne3_dz20_presslight_latent_observation	REAL_TEST	112	249.7	100.0	-44.75	13.70	0.38	2018
cologne3_dz20_presslight_latent_observation	REAL_TEST	114	1261.2	100.0	-125.76	47.18	0.72	651
cologne3_dz20_presslight_latent_observation	REAL_TEST	116	547.1	100.0	-96.51	35.49	0.62	1494
cologne3_dz20_presslight_latent_observation	REAL_TEST	118	803.0	100.0	-74.29	32.13	0.61	1120
cologne3_dz20_presslight_latent_observation	REAL_TEST	120	1150.7	100.0	-129.25	46.51	0.75	731
cologne3_dz20_presslight_latent_observation	REAL_TEST	122	219.8	100.0	-82.77	25.84	0.56	2390
cologne3_dz20_presslight_latent_observation	REAL_TEST	124	1176.8	100.0	-131.74	47.28	0.75	711
cologne3_dz20_presslight_latent_observation	REAL_TEST	126	97.1	100.0	-13.98	2.19	0.26	2774
cologne3_dz20_presslight_latent_observation	REAL_TEST	128	477.0	100.0	-102.10	32.91	0.61	1580
cologne3_dz20_presslight_latent_observation	REAL_TEST	130	304.9	100.0	-54.28	17.83	0.41	2107
cologne3_dz20_presslight_latent_observation	REAL_TEST	132	1020.8	100.0	-129.22	44.12	0.71	842
cologne3_dz20_presslight_latent_observation	REAL_TEST	134	726.1	100.0	-104.65	34.78	0.62	1142
cologne3_dz20_presslight_latent_observation	REAL_TEST	136	364.4	100.0	-61.43	19.22	0.45	1875
cologne3_dz20_presslight_latent_observation	REAL_TEST	138	678.9	100.0	-78.17	32.48	0.62	1331
cologne3_dz20_presslight_latent_observation	REAL_TEST	140	708.8	100.0	-132.32	45.27	0.63	1247
cologne3_dz20_presslight_latent_observation	REAL_TEST	142	437.0	100.0	-79.19	27.10	0.55	1622
cologne3_dz20_presslight_latent_observation	REAL_TEST	144	752.6	100.0	-127.24	44.57	0.62	1140
cologne3_dz20_presslight_latent_observation	REAL_TEST	146	722.7	100.0	-79.43	31.75	0.51	1337
cologne3_dz20_presslight_latent_observation	REAL_TEST	148	752.3	100.0	-129.31	44.73	0.64	1142
cologne3_dz20_presslight_latent_observation	REAL_TEST	150	902.1	100.0	-99.42	38.69	0.69	1085
cologne3_dz20_presslight_latent_observation	REAL_TEST	152	396.3	100.0	-59.41	19.95	0.41	1664
cologne3_dz20_presslight_latent_observation	REAL_TEST	154	731.6	100.0	-114.41	39.23	0.58	1253
cologne3_dz20_presslight_latent_observation	REAL_TEST	156	416.7	100.0	-81.99	25.93	0.52	1781
cologne3_dz20_presslight_latent_observation	REAL_TEST	158	756.0	100.0	-67.50	28.72	0.51	1152
cologne3_dz20_presslight_latent_observation	REAL_TEST	160	1074.2	100.0	-127.76	45.65	0.72	812
cologne3_dz20_presslight_latent_observation	REAL_TEST	162	827.7	100.0	-74.79	31.05	0.56	1091
cologne3_dz20_presslight_latent_observation	REAL_TEST	164	1060.0	100.0	-94.18	37.92	0.62	838
cologne3_dz20_presslight_latent_observation	REAL_TEST	166	777.5	100.0	-71.10	30.02	0.56	1136
cologne3_dz20_presslight_latent_observation	REAL_TEST	168	1057.4	100.0	-90.10	36.07	0.58	793
cologne3_dz20_presslight_latent_observation	REAL_TEST	170	824.2	100.0	-60.30	28.61	0.53	1106
cologne3_dz20_presslight_latent_observation	REAL_TEST	172	1041.4	100.0	-95.91	38.27	0.66	854
cologne3_dz20_presslight_latent_observation	REAL_TEST	174	217.8	100.0	-43.96	13.67	0.37	2218
cologne3_dz20_presslight_latent_observation	REAL_TEST	176	1038.1	100.0	-92.92	37.54	0.65	853
cologne3_dz20_presslight_latent_observation	REAL_TEST	178	479.8	100.0	-59.43	20.91	0.41	1632
cologne3_dz20_presslight_latent_observation	REAL_TEST	180	1058.7	100.0	-99.32	39.66	0.68	849
cologne3_dz20_presslight_latent_observation	REAL_TEST	182	92.5	100.0	-15.57	2.75	0.27	2782
cologne3_dz20_presslight_latent_observation	REAL_TEST	184	688.3	100.0	-73.82	31.52	0.56	1336
cologne3_dz20_presslight_latent_observation	REAL_TEST	186	314.1	100.0	-39.98	11.73	0.30	1878
cologne3_dz20_presslight_latent_observation	REAL_TEST	188	901.8	100.0	-83.17	33.40	0.56	1065
cologne3_dz20_presslight_latent_observation	REAL_TEST	190	235.6	100.0	-36.32	10.31	0.34	2140
cologne3_dz20_presslight_latent_observation	REAL_TEST	192	576.2	100.0	-67.41	28.41	0.57	1505
cologne3_dz20_presslight_latent_observation	REAL_TEST	194	325.3	100.0	-56.33	19.24	0.43	1833
cologne3_dz20_presslight_latent_observation	REAL_TEST	196	721.2	100.0	-90.97	35.16	0.62	1341
cologne3_dz20_presslight_latent_observation	REAL_TEST	198	401.6	100.0	-43.00	14.81	0.40	1662
