hz1x1_dz20_dqn_latent_observation	REAL_TEST	2	852.9	100.0	-320.33	214.00	0.83	604
hz1x1_dz20_dqn_latent_observation	REAL_TEST	4	3142.8	100.0	-334.17	223.08	0.73	16
hz1x1_dz20_dqn_latent_observation	REAL_TEST	6	852.9	100.0	-320.33	214.00	0.83	604
hz1x1_dz20_dqn_latent_observation	REAL_TEST	8	799.5	100.0	-306.26	204.59	0.82	633
hz1x1_dz20_dqn_latent_observation	REAL_TEST	10	799.5	100.0	-306.26	204.59	0.82	633
hz1x1_dz20_dqn_latent_observation	REAL_TEST	12	799.5	100.0	-306.26	204.59	0.82	633
hz1x1_dz20_dqn_latent_observation	REAL_TEST	14	799.5	100.0	-306.26	204.59	0.82	633
hz1x1_dz20_dqn_latent_observation	REAL_TEST	16	886.1	100.0	-277.57	185.22	0.76	576
hz1x1_dz20_dqn_latent_observation	REAL_TEST	18	870.7	100.0	-275.75	184.01	0.76	587
hz1x1_dz20_dqn_latent_observation	REAL_TEST	20	799.5	100.0	-306.26	204.59	0.82	633
hz1x1_dz20_dqn_latent_observation	REAL_TEST	22	799.5	100.0	-306.26	204.59	0.82	633
hz1x1_dz20_dqn_latent_observation	REAL_TEST	24	799.5	100.0	-306.26	204.59	0.82	633
hz1x1_dz20_dqn_latent_observation	REAL_TEST	26	799.5	100.0	-306.26	204.59	0.82	633
hz1x1_dz20_dqn_latent_observation	REAL_TEST	28	354.9	100.0	-180.94	120.57	0.68	1242
hz1x1_dz20_dqn_latent_observation	REAL_TEST	30	885.6	100.0	-262.87	175.48	0.76	560
hz1x1_dz20_dqn_latent_observation	REAL_TEST	32	1068.6	100.0	-273.65	182.69	0.76	436
hz1x1_dz20_dqn_latent_observation	REAL_TEST	34	1063.7	100.0	-267.97	178.88	0.76	436
hz1x1_dz20_dqn_latent_observation	REAL_TEST	36	799.5	100.0	-306.26	204.59	0.82	633
hz1x1_dz20_dqn_latent_observation	REAL_TEST	38	799.5	100.0	-306.26	204.59	0.82	633
hz1x1_dz20_dqn_latent_observation	REAL_TEST	40	793.6	100.0	-305.75	204.24	0.82	640
hz1x1_dz20_dqn_latent_observation	REAL_TEST	42	476.0	100.0	-293.25	195.74	0.80	1233
hz1x1_dz20_dqn_latent_observation	REAL_TEST	44	692.1	100.0	-278.83	186.22	0.79	746
hz1x1_dz20_dqn_latent_observation	REAL_TEST	46	735.2	100.0	-295.03	197.09	0.81	684
hz1x1_dz20_dqn_latent_observation	REAL_TEST	48	510.0	100.0	-222.61	148.63	0.77	924
hz1x1_dz20_dqn_latent_observation	REAL_TEST	50	455.9	100.0	-281.52	188.02	0.77	1239
hz1x1_dz20_dqn_latent_observation	REAL_TEST	52	545.2	100.0	-230.44	153.87	0.78	871
hz1x1_dz20_dqn_latent_observation	REAL_TEST	54	753.6	100.0	-294.55	196.79	0.82	659
hz1x1_dz20_dqn_latent_observation	REAL_TEST	56	1017.7	100.0	-269.49	179.89	0.76	466
hz1x1_dz20_dqn_latent_observation	REAL_TEST	58	511.8	100.0	-217.53	145.22	0.76	903
hz1x1_dz20_dqn_latent_observation	REAL_TEST	60	486.3	100.0	-296.92	198.24	0.79	1225
hz1x1_dz20_dqn_latent_observation	REAL_TEST	62	723.5	100.0	-286.29	191.25	0.80	692
hz1x1_dz20_dqn_latent_observation	REAL_TEST	64	445.6	100.0	-238.90	159.08	0.80	1225
hz1x1_dz20_dqn_latent_observation	REAL_TEST	66	619.6	100.0	-327.28	217.93	0.84	1142
hz1x1_dz20_dqn_latent_observation	REAL_TEST	68	399.9	100.0	-208.94	139.09	0.75	1192
hz1x1_dz20_dqn_latent_observation	REAL_TEST	70	430.2	100.0	-259.73	173.39	0.71	1336
hz1x1_dz20_dqn_latent_observation	REAL_TEST	72	799.5	100.0	-306.26	204.59	0.82	633
hz1x1_dz20_dqn_latent_observation	REAL_TEST	74	799.5	100.0	-306.26	204.59	0.82	633
hz1x1_dz20_dqn_latent_observation	REAL_TEST	76	799.5	100.0	-306.26	204.59	0.82	633
hz1x1_dz20_dqn_latent_observation	REAL_TEST	78	799.5	100.0	-306.26	204.59	0.82	633
hz1x1_dz20_dqn_latent_observation	REAL_TEST	80	799.5	100.0	-306.26	204.59	0.82	633
hz1x1_dz20_dqn_latent_observation	REAL_TEST	82	799.5	100.0	-306.26	204.59	0.82	633
hz1x1_dz20_dqn_latent_observation	REAL_TEST	84	799.5	100.0	-306.26	204.59	0.82	633
hz1x1_dz20_dqn_latent_observation	REAL_TEST	86	799.5	100.0	-306.26	204.59	0.82	633
hz1x1_dz20_dqn_latent_observation	REAL_TEST	88	799.5	100.0	-306.26	204.59	0.82	633
hz1x1_dz20_dqn_latent_observation	REAL_TEST	90	799.5	100.0	-306.26	204.59	0.82	633
hz1x1_dz20_dqn_latent_observation	REAL_TEST	92	724.9	100.0	-288.83	192.96	0.81	682
hz1x1_dz20_dqn_latent_observation	REAL_TEST	94	799.5	100.0	-306.26	204.59	0.82	633
hz1x1_dz20_dqn_latent_observation	REAL_TEST	96	799.5	100.0	-306.26	204.59	0.82	633
hz1x1_dz20_dqn_latent_observation	REAL_TEST	98	799.5	100.0	-306.26	204.59	0.82	633
hz1x1_dz20_dqn_latent_observation	REAL_TEST	100	799.5	100.0	-306.26	204.59	0.82	633
hz1x1_dz20_dqn_latent_observation	REAL_TEST	102	799.5	100.0	-306.26	204.59	0.82	633
hz1x1_dz20_dqn_latent_observation	REAL_TEST	104	799.5	100.0	-306.26	204.59	0.82	633
hz1x1_dz20_dqn_latent_observation	REAL_TEST	106	799.5	100.0	-306.26	204.59	0.82	633
hz1x1_dz20_dqn_latent_observation	REAL_TEST	108	799.5	100.0	-306.26	204.59	0.82	633
hz1x1_dz20_dqn_latent_observation	REAL_TEST	110	799.5	100.0	-306.26	204.59	0.82	633
hz1x1_dz20_dqn_latent_observation	REAL_TEST	112	799.5	100.0	-306.26	204.59	0.82	633
hz1x1_dz20_dqn_latent_observation	REAL_TEST	114	773.8	100.0	-307.14	205.17	0.82	667
hz1x1_dz20_dqn_latent_observation	REAL_TEST	116	756.2	100.0	-286.18	191.16	0.61	644
hz1x1_dz20_dqn_latent_observation	REAL_TEST	118	799.5	100.0	-306.26	204.59	0.82	633
hz1x1_dz20_dqn_latent_observation	REAL_TEST	120	787.9	100.0	-306.37	204.65	0.82	648
hz1x1_dz20_dqn_latent_observation	REAL_TEST	122	799.5	100.0	-306.26	204.59	0.82	633
hz1x1_dz20_dqn_latent_observation	REAL_TEST	124	736.0	100.0	-314.54	210.11	0.83	729
hz1x1_dz20_dqn_latent_observation	REAL_TEST	126	799.5	100.0	-306.26	204.59	0.82	633
hz1x1_dz20_dqn_latent_observation	REAL_TEST	128	799.5	100.0	-306.26	204.59	0.82	633
hz1x1_dz20_dqn_latent_observation	REAL_TEST	130	799.5	100.0	-306.26	204.59	0.82	633
hz1x1_dz20_dqn_latent_observation	REAL_TEST	132	799.5	100.0	-306.26	204.59	0.82	633
hz1x1_dz20_dqn_latent_observation	REAL_TEST	134	799.5	100.0	-306.26	204.59	0.82	633
hz1x1_dz20_dqn_latent_observation	REAL_TEST	136	799.5	100.0	-306.26	204.59	0.82	633
hz1x1_dz20_dqn_latent_observation	REAL_TEST	138	716.3	100.0	-295.39	197.33	0.81	710
hz1x1_dz20_dqn_latent_observation	REAL_TEST	140	799.5	100.0	-306.26	204.59	0.82	633
hz1x1_dz20_dqn_latent_observation	REAL_TEST	142	462.3	100.0	-265.25	176.82	0.80	1247
hz1x1_dz20_dqn_latent_observation	REAL_TEST	144	797.1	100.0	-305.66	204.19	0.82	636
hz1x1_dz20_dqn_latent_observation	REAL_TEST	146	772.2	100.0	-311.52	208.09	0.83	680
hz1x1_dz20_dqn_latent_observation	REAL_TEST	148	799.5	100.0	-306.26	204.59	0.82	633
hz1x1_dz20_dqn_latent_observation	REAL_TEST	150	803.8	100.0	-310.91	207.68	0.83	639
hz1x1_dz20_dqn_latent_observation	REAL_TEST	152	688.7	100.0	-289.87	193.60	0.80	752
hz1x1_dz20_dqn_latent_observation	REAL_TEST	154	767.8	100.0	-308.61	206.14	0.82	676
hz1x1_dz20_dqn_latent_observation	REAL_TEST	156	791.6	100.0	-303.00	202.40	0.82	637
hz1x1_dz20_dqn_latent_observation	REAL_TEST	158	769.3	100.0	-307.06	205.09	0.83	673
hz1x1_dz20_dqn_latent_observation	REAL_TEST	160	719.6	100.0	-299.40	199.98	0.82	726
hz1x1_dz20_dqn_latent_observation	REAL_TEST	162	764.2	100.0	-298.37	199.30	0.83	660
hz1x1_dz20_dqn_latent_observation	REAL_TEST	164	258.4	100.0	-163.77	108.91	0.78	1785
hz1x1_dz20_dqn_latent_observation	REAL_TEST	166	770.0	100.0	-310.98	207.73	0.82	681
hz1x1_dz20_dqn_latent_observation	REAL_TEST	168	769.0	100.0	-309.00	206.40	0.82	677
hz1x1_dz20_dqn_latent_observation	REAL_TEST	170	623.1	100.0	-273.56	182.68	0.81	814
hz1x1_dz20_dqn_latent_observation	REAL_TEST	172	699.1	100.0	-305.01	203.67	0.82	780
hz1x1_dz20_dqn_latent_observation	REAL_TEST	174	799.5	100.0	-306.26	204.59	0.82	633
hz1x1_dz20_dqn_latent_observation	REAL_TEST	176	799.5	100.0	-306.26	204.59	0.82	633
hz1x1_dz20_dqn_latent_observation	REAL_TEST	178	799.5	100.0	-306.26	204.59	0.82	633
hz1x1_dz20_dqn_latent_observation	REAL_TEST	180	799.5	100.0	-306.26	204.59	0.82	633
hz1x1_dz20_dqn_latent_observation	REAL_TEST	182	799.5	100.0	-306.26	204.59	0.82	633
hz1x1_dz20_dqn_latent_observation	REAL_TEST	184	799.5	100.0	-306.26	204.59	0.82	633
hz1x1_dz20_dqn_latent_observation	REAL_TEST	186	799.5	100.0	-306.26	204.59	0.82	633
hz1x1_dz20_dqn_latent_observation	REAL_TEST	188	799.5	100.0	-306.26	204.59	0.82	633
hz1x1_dz20_dqn_latent_observation	REAL_TEST	190	799.5	100.0	-306.26	204.59	0.82	633
hz1x1_dz20_dqn_latent_observation	REAL_TEST	192	799.5	100.0	-306.26	204.59	0.82	633
hz1x1_dz20_dqn_latent_observation	REAL_TEST	194	799.5	100.0	-306.26	204.59	0.82	633
hz1x1_dz20_dqn_latent_observation	REAL_TEST	196	799.5	100.0	-306.26	204.59	0.82	633
hz1x1_dz20_dqn_latent_observation	REAL_TEST	198	799.5	100.0	-306.26	204.59	0.82	633
