tempe_1x1_setting2_presslight_prlight	REAL_TEST	3	819.9	100.0	-410.67	380.63	0.75	1303	0.0000	0.0000
tempe_1x1_setting2_presslight_prlight	REAL_TEST	6	398.2	100.0	-187.84	153.61	0.63	1246	0.0000	0.0000
tempe_1x1_setting2_presslight_prlight	REAL_TEST	9	278.7	100.0	-114.26	77.41	0.57	1751	0.0000	0.0000
tempe_1x1_setting2_presslight_prlight	REAL_TEST	12	418.9	100.0	-190.22	155.99	0.60	1646	0.0000	0.0000
tempe_1x1_setting2_presslight_prlight	REAL_TEST	15	531.1	100.0	-237.34	205.15	0.64	1506	0.0000	0.0000
tempe_1x1_setting2_presslight_prlight	REAL_TEST	18	277.8	100.0	-112.70	76.25	0.58	1803	0.0000	0.0000
tempe_1x1_setting2_presslight_prlight	REAL_TEST	21	305.9	100.0	-128.44	92.08	0.61	1767	0.0000	0.0000
tempe_1x1_setting2_presslight_prlight	REAL_TEST	24	315.5	100.0	-137.19	101.08	0.56	1579	0.0000	0.0000
tempe_1x1_setting2_presslight_prlight	REAL_TEST	27	306.3	100.0	-130.99	94.76	0.58	1618	0.0000	0.0000
tempe_1x1_setting2_presslight_prlight	REAL_TEST	30	307.8	100.0	-129.02	92.19	0.57	1772	0.0000	0.0000
tempe_1x1_setting2_presslight_prlight	REAL_TEST	33	250.4	100.0	-98.35	60.61	0.57	1799	0.0000	0.0000
tempe_1x1_setting2_presslight_prlight	REAL_TEST	36	239.0	100.0	-93.68	56.07	0.58	1725	0.0000	0.0000
tempe_1x1_setting2_presslight_prlight	REAL_TEST	39	279.9	100.0	-117.96	80.98	0.58	1608	0.0000	0.0000
tempe_1x1_setting2_presslight_prlight	REAL_TEST	42	248.9	100.0	-99.29	62.34	0.57	1710	0.0000	0.0000
tempe_1x1_setting2_presslight_prlight	REAL_TEST	45	224.2	100.0	-84.34	46.71	0.56	1787	0.0000	0.0000
tempe_1x1_setting2_presslight_prlight	REAL_TEST	48	221.7	100.0	-85.63	48.16	0.57	1677	0.0000	0.0000
tempe_1x1_setting2_presslight_prlight	REAL_TEST	51	233.9	100.0	-90.77	53.37	0.58	1736	0.0000	0.0000
tempe_1x1_setting2_presslight_prlight	REAL_TEST	54	224.8	100.0	-85.07	47.43	0.58	1781	0.0000	0.0000
tempe_1x1_setting2_presslight_prlight	REAL_TEST	57	229.6	100.0	-88.31	50.58	0.60	1748	0.0000	0.0000
tempe_1x1_setting2_presslight_prlight	REAL_TEST	60	201.4	100.0	-72.25	34.16	0.58	1797	0.0000	0.0000
tempe_1x1_setting2_presslight_prlight	REAL_TEST	63	243.4	100.0	-96.69	59.03	0.59	1697	0.0000	0.0000
tempe_1x1_setting2_presslight_prlight	REAL_TEST	66	236.5	100.0	-92.74	55.14	0.59	1725	0.0000	0.0000
tempe_1x1_setting2_presslight_prlight	REAL_TEST	69	254.6	100.0	-103.17	66.35	0.56	1631	0.0000	0.0000
tempe_1x1_setting2_presslight_prlight	REAL_TEST	72	223.0	100.0	-86.66	49.27	0.58	1655	0.0000	0.0000
tempe_1x1_setting2_presslight_prlight	REAL_TEST	75	219.1	100.0	-82.94	45.07	0.57	1718	0.0000	0.0000
tempe_1x1_setting2_presslight_prlight	REAL_TEST	78	210.7	100.0	-77.20	39.40	0.57	1792	0.0000	0.0000
tempe_1x1_setting2_presslight_prlight	REAL_TEST	81	233.7	100.0	-89.99	52.55	0.57	1782	0.0000	0.0000
tempe_1x1_setting2_presslight_prlight	REAL_TEST	84	222.9	100.0	-85.50	47.83	0.58	1717	0.0000	0.0000
tempe_1x1_setting2_presslight_prlight	REAL_TEST	87	248.8	100.0	-98.35	60.99	0.58	1727	0.0000	0.0000
tempe_1x1_setting2_presslight_prlight	REAL_TEST	90	241.8	100.0	-94.22	56.92	0.57	1748	0.0000	0.0000
tempe_1x1_setting2_presslight_prlight	REAL_TEST	93	198.5	100.0	-70.62	32.62	0.57	1800	0.0000	0.0000
tempe_1x1_setting2_presslight_prlight	REAL_TEST	96	214.7	100.0	-79.39	41.58	0.57	1794	0.0000	0.0000
tempe_1x1_setting2_presslight_prlight	REAL_TEST	99	229.5	100.0	-88.87	51.33	0.58	1726	0.0000	0.0000
tempe_1x1_setting2_presslight_prlight	REAL_TEST	102	216.6	100.0	-81.56	43.82	0.59	1755	0.0000	0.0000
tempe_1x1_setting2_presslight_prlight	REAL_TEST	105	229.9	100.0	-89.06	51.56	0.59	1716	0.0000	0.0000
tempe_1x1_setting2_presslight_prlight	REAL_TEST	108	224.6	100.0	-85.30	47.62	0.58	1766	0.0000	0.0000
tempe_1x1_setting2_presslight_prlight	REAL_TEST	111	242.4	100.0	-94.04	56.42	0.58	1788	0.0000	0.0000
tempe_1x1_setting2_presslight_prlight	REAL_TEST	114	288.9	100.0	-120.43	83.28	0.58	1673	0.0000	0.0000
tempe_1x1_setting2_presslight_prlight	REAL_TEST	117	237.5	100.0	-92.95	55.43	0.59	1744	0.0000	0.0000
tempe_1x1_setting2_presslight_prlight	REAL_TEST	120	331.4	100.0	-142.11	105.96	0.59	1763	0.0000	0.0000
tempe_1x1_setting2_presslight_prlight	REAL_TEST	123	280.3	100.0	-115.25	78.43	0.60	1726	0.0000	0.0000
tempe_1x1_setting2_presslight_prlight	REAL_TEST	126	257.4	100.0	-102.09	64.89	0.58	1801	0.0000	0.0000
tempe_1x1_setting2_presslight_prlight	REAL_TEST	129	289.9	100.0	-119.91	82.97	0.61	1747	0.0000	0.0000
tempe_1x1_setting2_presslight_prlight	REAL_TEST	132	411.4	100.0	-187.41	152.60	0.62	1553	0.0000	0.0000
tempe_1x1_setting2_presslight_prlight	REAL_TEST	135	238.5	100.0	-92.53	55.04	0.60	1780	0.0000	0.0000
tempe_1x1_setting2_presslight_prlight	REAL_TEST	138	387.5	100.0	-172.52	138.04	0.61	1602	0.0000	0.0000
tempe_1x1_setting2_presslight_prlight	REAL_TEST	141	241.2	100.0	-93.89	56.25	0.60	1767	0.0000	0.0000
tempe_1x1_setting2_presslight_prlight	REAL_TEST	144	225.0	100.0	-85.44	47.61	0.59	1772	0.0000	0.0000
tempe_1x1_setting2_presslight_prlight	REAL_TEST	147	264.5	100.0	-107.18	69.59	0.59	1720	0.0000	0.0000
tempe_1x1_setting2_presslight_prlight	REAL_TEST	150	224.1	100.0	-84.58	46.90	0.58	1789	0.0000	0.0000
tempe_1x1_setting2_presslight_prlight	REAL_TEST	153	258.7	100.0	-106.75	69.74	0.59	1590	0.0000	0.0000
tempe_1x1_setting2_presslight_prlight	REAL_TEST	156	246.1	100.0	-96.25	58.91	0.58	1782	0.0000	0.0000
tempe_1x1_setting2_presslight_prlight	REAL_TEST	159	258.4	100.0	-104.42	67.37	0.59	1718	0.0000	0.0000
tempe_1x1_setting2_presslight_prlight	REAL_TEST	162	229.1	100.0	-87.66	49.83	0.59	1733	0.0000	0.0000
tempe_1x1_setting2_presslight_prlight	REAL_TEST	165	252.5	100.0	-100.54	63.01	0.59	1726	0.0000	0.0000
tempe_1x1_setting2_presslight_prlight	REAL_TEST	168	276.4	100.0	-113.27	76.38	0.60	1750	0.0000	0.0000
tempe_1x1_setting2_presslight_prlight	REAL_TEST	171	246.1	100.0	-98.49	60.84	0.59	1685	0.0000	0.0000
tempe_1x1_setting2_presslight_prlight	REAL_TEST	174	265.0	100.0	-107.71	70.18	0.59	1710	0.0000	0.0000
tempe_1x1_setting2_presslight_prlight	REAL_TEST	177	233.1	100.0	-90.65	52.88	0.59	1738	0.0000	0.0000
tempe_1x1_setting2_presslight_prlight	REAL_TEST	180	222.0	100.0	-84.55	46.74	0.59	1730	0.0000	0.0000
tempe_1x1_setting2_presslight_prlight	REAL_TEST	183	216.6	100.0	-81.29	43.44	0.58	1759	0.0000	0.0000
tempe_1x1_setting2_presslight_prlight	REAL_TEST	186	249.3	100.0	-98.51	60.98	0.58	1768	0.0000	0.0000
tempe_1x1_setting2_presslight_prlight	REAL_TEST	189	240.7	100.0	-93.84	56.25	0.59	1745	0.0000	0.0000
tempe_1x1_setting2_presslight_prlight	REAL_TEST	192	235.9	100.0	-91.39	53.75	0.58	1734	0.0000	0.0000
tempe_1x1_setting2_presslight_prlight	REAL_TEST	195	219.4	100.0	-83.01	45.11	0.56	1743	0.0000	0.0000
tempe_1x1_setting2_presslight_prlight	REAL_TEST	198	252.3	100.0	-101.91	64.79	0.58	1657	0.0000	0.0000
tempe_1x1_setting2_presslight_prlight	REAL_TEST	201	291.3	100.0	-121.39	84.63	0.58	1739	0.0000	0.0000
tempe_1x1_setting2_presslight_prlight	REAL_TEST	204	245.1	100.0	-97.21	59.74	0.58	1714	0.0000	0.0000
tempe_1x1_setting2_presslight_prlight	REAL_TEST	207	244.1	100.0	-96.79	59.16	0.58	1714	0.0000	0.0000
tempe_1x1_setting2_presslight_prlight	REAL_TEST	210	219.3	100.0	-82.01	44.12	0.57	1788	0.0000	0.0000
tempe_1x1_setting2_presslight_prlight	REAL_TEST	213	210.7	100.0	-78.22	40.29	0.57	1747	0.0000	0.0000
tempe_1x1_setting2_presslight_prlight	REAL_TEST	216	227.5	100.0	-87.24	49.35	0.57	1753	0.0000	0.0000
tempe_1x1_setting2_presslight_prlight	REAL_TEST	219	244.8	100.0	-95.75	58.05	0.58	1763	0.0000	0.0000
tempe_1x1_setting2_presslight_prlight	REAL_TEST	222	228.9	100.0	-88.24	50.44	0.57	1729	0.0000	0.0000
tempe_1x1_setting2_presslight_prlight	REAL_TEST	225	209.4	100.0	-76.21	38.13	0.55	1808	0.0000	0.0000
tempe_1x1_setting2_presslight_prlight	REAL_TEST	228	273.2	100.0	-112.34	74.86	0.58	1703	0.0000	0.0000
tempe_1x1_setting2_presslight_prlight	REAL_TEST	231	199.0	100.0	-71.09	33.06	0.56	1797	0.0000	0.0000
tempe_1x1_setting2_presslight_prlight	REAL_TEST	234	206.7	100.0	-75.54	37.65	0.57	1779	0.0000	0.0000
tempe_1x1_setting2_presslight_prlight	REAL_TEST	237	209.8	100.0	-76.67	38.83	0.56	1792	0.0000	0.0000
tempe_1x1_setting2_presslight_prlight	REAL_TEST	240	208.3	100.0	-76.12	38.14	0.57	1793	0.0000	0.0000
tempe_1x1_setting2_presslight_prlight	REAL_TEST	243	231.7	100.0	-87.98	50.33	0.57	1822	0.0000	0.0000
tempe_1x1_setting2_presslight_prlight	REAL_TEST	246	227.5	100.0	-86.75	49.09	0.58	1759	0.0000	0.0000
tempe_1x1_setting2_presslight_prlight	REAL_TEST	249	215.6	100.0	-80.98	43.26	0.57	1734	0.0000	0.0000
tempe_1x1_setting2_presslight_prlight	REAL_TEST	252	222.1	100.0	-84.02	46.24	0.58	1767	0.0000	0.0000
tempe_1x1_setting2_presslight_prlight	REAL_TEST	255	229.6	100.0	-87.91	50.42	0.57	1764	0.0000	0.0000
tempe_1x1_setting2_presslight_prlight	REAL_TEST	258	240.7	100.0	-96.05	58.29	0.58	1681	0.0000	0.0000
tempe_1x1_setting2_presslight_prlight	REAL_TEST	261	276.1	100.0	-115.86	78.97	0.58	1623	0.0000	0.0000
tempe_1x1_setting2_presslight_prlight	REAL_TEST	264	242.6	100.0	-96.02	58.76	0.58	1706	0.0000	0.0000
tempe_1x1_setting2_presslight_prlight	REAL_TEST	267	242.3	100.0	-95.08	57.60	0.58	1749	0.0000	0.0000
tempe_1x1_setting2_presslight_prlight	REAL_TEST	270	225.9	100.0	-85.37	47.72	0.57	1803	0.0000	0.0000
tempe_1x1_setting2_presslight_prlight	REAL_TEST	273	245.4	100.0	-98.51	61.25	0.57	1653	0.0000	0.0000
tempe_1x1_setting2_presslight_prlight	REAL_TEST	276	254.6	100.0	-103.45	66.07	0.57	1652	0.0000	0.0000
tempe_1x1_setting2_presslight_prlight	REAL_TEST	279	296.7	100.0	-123.00	86.46	0.58	1795	0.0000	0.0000
tempe_1x1_setting2_presslight_prlight	REAL_TEST	282	279.1	100.0	-113.46	76.21	0.58	1800	0.0000	0.0000
tempe_1x1_setting2_presslight_prlight	REAL_TEST	285	331.7	100.0	-146.74	110.17	0.59	1581	0.0000	0.0000
tempe_1x1_setting2_presslight_prlight	REAL_TEST	288	230.2	100.0	-88.65	50.91	0.57	1728	0.0000	0.0000
tempe_1x1_setting2_presslight_prlight	REAL_TEST	291	201.4	100.0	-71.89	33.87	0.56	1795	0.0000	0.0000
tempe_1x1_setting2_presslight_prlight	REAL_TEST	294	255.6	100.0	-102.12	64.97	0.57	1704	0.0000	0.0000
tempe_1x1_setting2_presslight_prlight	REAL_TEST	297	365.6	100.0	-165.29	129.97	0.60	1466	0.0000	0.0000
