tempe_1x1_setting4_presslight_prlight	REAL_TEST	3	1207.7	100.0	-568.15	544.01	0.75	802	0.0000	0.0000
tempe_1x1_setting4_presslight_prlight	REAL_TEST	6	303.5	100.0	-129.51	92.14	0.65	1636	0.0000	0.0000
tempe_1x1_setting4_presslight_prlight	REAL_TEST	9	306.6	100.0	-129.07	91.73	0.65	1759	0.0000	0.0000
tempe_1x1_setting4_presslight_prlight	REAL_TEST	12	271.0	100.0	-111.44	74.17	0.63	1706	0.0000	0.0000
tempe_1x1_setting4_presslight_prlight	REAL_TEST	15	314.2	100.0	-135.12	97.92	0.65	1670	0.0000	0.0000
tempe_1x1_setting4_presslight_prlight	REAL_TEST	18	299.0	100.0	-128.53	91.92	0.63	1584	0.0000	0.0000
tempe_1x1_setting4_presslight_prlight	REAL_TEST	21	320.8	100.0	-140.22	104.11	0.62	1512	0.0000	0.0000
tempe_1x1_setting4_presslight_prlight	REAL_TEST	24	301.0	100.0	-126.71	89.10	0.64	1745	0.0000	0.0000
tempe_1x1_setting4_presslight_prlight	REAL_TEST	27	303.2	100.0	-127.32	89.74	0.63	1745	0.0000	0.0000
tempe_1x1_setting4_presslight_prlight	REAL_TEST	30	313.8	100.0	-134.76	97.41	0.63	1681	0.0000	0.0000
tempe_1x1_setting4_presslight_prlight	REAL_TEST	33	319.8	100.0	-136.86	99.70	0.64	1703	0.0000	0.0000
tempe_1x1_setting4_presslight_prlight	REAL_TEST	36	285.9	100.0	-121.13	84.03	0.64	1602	0.0000	0.0000
tempe_1x1_setting4_presslight_prlight	REAL_TEST	39	269.5	100.0	-109.55	72.04	0.64	1759	0.0000	0.0000
tempe_1x1_setting4_presslight_prlight	REAL_TEST	42	288.2	100.0	-120.88	83.61	0.66	1687	0.0000	0.0000
tempe_1x1_setting4_presslight_prlight	REAL_TEST	45	268.0	100.0	-108.11	70.62	0.64	1794	0.0000	0.0000
tempe_1x1_setting4_presslight_prlight	REAL_TEST	48	300.9	100.0	-125.86	88.47	0.64	1779	0.0000	0.0000
tempe_1x1_setting4_presslight_prlight	REAL_TEST	51	328.5	100.0	-143.15	105.87	0.65	1612	0.0000	0.0000
tempe_1x1_setting4_presslight_prlight	REAL_TEST	54	300.8	100.0	-125.93	88.81	0.64	1747	0.0000	0.0000
tempe_1x1_setting4_presslight_prlight	REAL_TEST	57	301.4	100.0	-126.39	89.28	0.65	1766	0.0000	0.0000
tempe_1x1_setting4_presslight_prlight	REAL_TEST	60	271.2	100.0	-110.96	73.36	0.65	1735	0.0000	0.0000
tempe_1x1_setting4_presslight_prlight	REAL_TEST	63	355.5	100.0	-156.07	119.18	0.68	1677	0.0000	0.0000
tempe_1x1_setting4_presslight_prlight	REAL_TEST	66	370.3	100.0	-164.47	127.42	0.67	1629	0.0000	0.0000
tempe_1x1_setting4_presslight_prlight	REAL_TEST	69	316.0	100.0	-133.93	96.63	0.67	1777	0.0000	0.0000
tempe_1x1_setting4_presslight_prlight	REAL_TEST	72	291.7	100.0	-123.54	86.59	0.64	1583	0.0000	0.0000
tempe_1x1_setting4_presslight_prlight	REAL_TEST	75	396.3	100.0	-178.61	142.62	0.68	1660	0.0000	0.0000
tempe_1x1_setting4_presslight_prlight	REAL_TEST	78	450.0	100.0	-206.37	171.03	0.68	1693	0.0000	0.0000
tempe_1x1_setting4_presslight_prlight	REAL_TEST	81	495.2	100.0	-229.94	194.71	0.70	1736	0.0000	0.0000
tempe_1x1_setting4_presslight_prlight	REAL_TEST	84	314.7	100.0	-134.35	96.88	0.65	1694	0.0000	0.0000
tempe_1x1_setting4_presslight_prlight	REAL_TEST	87	558.1	100.0	-265.40	230.92	0.71	1609	0.0000	0.0000
tempe_1x1_setting4_presslight_prlight	REAL_TEST	90	373.0	100.0	-164.31	128.09	0.68	1773	0.0000	0.0000
tempe_1x1_setting4_presslight_prlight	REAL_TEST	93	336.3	100.0	-144.75	108.17	0.67	1778	0.0000	0.0000
tempe_1x1_setting4_presslight_prlight	REAL_TEST	96	402.2	100.0	-179.49	143.43	0.68	1770	0.0000	0.0000
tempe_1x1_setting4_presslight_prlight	REAL_TEST	99	602.5	100.0	-277.56	245.07	0.71	1243	0.0000	0.0000
tempe_1x1_setting4_presslight_prlight	REAL_TEST	102	656.2	100.0	-305.28	273.33	0.71	1128	0.0000	0.0000
tempe_1x1_setting4_presslight_prlight	REAL_TEST	105	330.9	100.0	-143.76	106.80	0.66	1677	0.0000	0.0000
tempe_1x1_setting4_presslight_prlight	REAL_TEST	108	492.1	100.0	-228.40	193.28	0.70	1729	0.0000	0.0000
tempe_1x1_setting4_presslight_prlight	REAL_TEST	111	541.3	100.0	-251.73	217.73	0.69	1632	0.0000	0.0000
tempe_1x1_setting4_presslight_prlight	REAL_TEST	114	475.1	100.0	-219.64	184.39	0.69	1721	0.0000	0.0000
tempe_1x1_setting4_presslight_prlight	REAL_TEST	117	334.2	100.0	-143.26	106.48	0.67	1772	0.0000	0.0000
tempe_1x1_setting4_presslight_prlight	REAL_TEST	120	574.8	100.0	-269.93	236.74	0.70	1279	0.0000	0.0000
tempe_1x1_setting4_presslight_prlight	REAL_TEST	123	568.9	100.0	-268.62	235.74	0.71	1228	0.0000	0.0000
tempe_1x1_setting4_presslight_prlight	REAL_TEST	126	292.0	100.0	-123.05	85.80	0.66	1684	0.0000	0.0000
tempe_1x1_setting4_presslight_prlight	REAL_TEST	129	476.4	100.0	-224.48	189.54	0.70	1438	0.0000	0.0000
tempe_1x1_setting4_presslight_prlight	REAL_TEST	132	365.3	100.0	-161.59	125.38	0.67	1706	0.0000	0.0000
tempe_1x1_setting4_presslight_prlight	REAL_TEST	135	296.3	100.0	-124.84	87.56	0.66	1649	0.0000	0.0000
tempe_1x1_setting4_presslight_prlight	REAL_TEST	138	362.4	100.0	-160.60	124.17	0.67	1611	0.0000	0.0000
tempe_1x1_setting4_presslight_prlight	REAL_TEST	141	359.1	100.0	-156.70	119.77	0.67	1727	0.0000	0.0000
tempe_1x1_setting4_presslight_prlight	REAL_TEST	144	360.8	100.0	-160.06	123.17	0.68	1649	0.0000	0.0000
tempe_1x1_setting4_presslight_prlight	REAL_TEST	147	279.5	100.0	-115.29	77.75	0.65	1737	0.0000	0.0000
tempe_1x1_setting4_presslight_prlight	REAL_TEST	150	285.7	100.0	-119.54	82.28	0.64	1688	0.0000	0.0000
tempe_1x1_setting4_presslight_prlight	REAL_TEST	153	348.4	100.0	-155.50	118.67	0.66	1559	0.0000	0.0000
tempe_1x1_setting4_presslight_prlight	REAL_TEST	156	548.2	100.0	-261.33	227.01	0.70	1585	0.0000	0.0000
tempe_1x1_setting4_presslight_prlight	REAL_TEST	159	452.5	100.0	-207.20	171.93	0.70	1721	0.0000	0.0000
tempe_1x1_setting4_presslight_prlight	REAL_TEST	162	429.2	100.0	-197.18	161.04	0.68	1577	0.0000	0.0000
tempe_1x1_setting4_presslight_prlight	REAL_TEST	165	319.1	100.0	-137.64	100.20	0.65	1666	0.0000	0.0000
tempe_1x1_setting4_presslight_prlight	REAL_TEST	168	506.6	100.0	-238.21	203.46	0.70	1629	0.0000	0.0000
tempe_1x1_setting4_presslight_prlight	REAL_TEST	171	545.0	100.0	-257.52	224.50	0.70	1416	0.0000	0.0000
tempe_1x1_setting4_presslight_prlight	REAL_TEST	174	476.3	100.0	-222.94	188.38	0.69	1570	0.0000	0.0000
tempe_1x1_setting4_presslight_prlight	REAL_TEST	177	450.8	100.0	-206.92	171.51	0.69	1695	0.0000	0.0000
tempe_1x1_setting4_presslight_prlight	REAL_TEST	180	384.4	100.0	-171.34	135.49	0.67	1696	0.0000	0.0000
tempe_1x1_setting4_presslight_prlight	REAL_TEST	183	417.1	100.0	-189.46	154.34	0.67	1688	0.0000	0.0000
tempe_1x1_setting4_presslight_prlight	REAL_TEST	186	497.9	100.0	-233.50	199.14	0.70	1625	0.0000	0.0000
tempe_1x1_setting4_presslight_prlight	REAL_TEST	189	498.0	100.0	-233.88	199.36	0.69	1621	0.0000	0.0000
tempe_1x1_setting4_presslight_prlight	REAL_TEST	192	278.7	100.0	-116.39	79.23	0.64	1655	0.0000	0.0000
tempe_1x1_setting4_presslight_prlight	REAL_TEST	195	282.9	100.0	-116.43	78.99	0.63	1775	0.0000	0.0000
tempe_1x1_setting4_presslight_prlight	REAL_TEST	198	346.3	100.0	-149.91	113.05	0.65	1724	0.0000	0.0000
tempe_1x1_setting4_presslight_prlight	REAL_TEST	201	320.7	100.0	-136.18	99.09	0.65	1751	0.0000	0.0000
tempe_1x1_setting4_presslight_prlight	REAL_TEST	204	293.9	100.0	-122.08	84.78	0.65	1763	0.0000	0.0000
tempe_1x1_setting4_presslight_prlight	REAL_TEST	207	331.6	100.0	-145.89	109.41	0.65	1595	0.0000	0.0000
tempe_1x1_setting4_presslight_prlight	REAL_TEST	210	310.2	100.0	-132.27	95.25	0.65	1715	0.0000	0.0000
tempe_1x1_setting4_presslight_prlight	REAL_TEST	213	281.5	100.0	-118.38	80.97	0.64	1627	0.0000	0.0000
tempe_1x1_setting4_presslight_prlight	REAL_TEST	216	316.6	100.0	-135.36	98.15	0.66	1720	0.0000	0.0000
tempe_1x1_setting4_presslight_prlight	REAL_TEST	219	314.1	100.0	-132.33	95.23	0.65	1786	0.0000	0.0000
tempe_1x1_setting4_presslight_prlight	REAL_TEST	222	250.8	100.0	-98.77	60.98	0.63	1789	0.0000	0.0000
tempe_1x1_setting4_presslight_prlight	REAL_TEST	225	269.1	100.0	-109.20	71.80	0.64	1746	0.0000	0.0000
tempe_1x1_setting4_presslight_prlight	REAL_TEST	228	310.2	100.0	-130.84	93.58	0.64	1781	0.0000	0.0000
tempe_1x1_setting4_presslight_prlight	REAL_TEST	231	328.9	100.0	-140.70	103.66	0.65	1763	0.0000	0.0000
tempe_1x1_setting4_presslight_prlight	REAL_TEST	234	304.9	100.0	-129.48	92.55	0.65	1705	0.0000	0.0000
tempe_1x1_setting4_presslight_prlight	REAL_TEST	237	266.4	100.0	-108.10	70.99	0.63	1714	0.0000	0.0000
tempe_1x1_setting4_presslight_prlight	REAL_TEST	240	252.4	100.0	-99.98	62.54	0.62	1761	0.0000	0.0000
tempe_1x1_setting4_presslight_prlight	REAL_TEST	243	289.8	100.0	-120.21	83.33	0.64	1761	0.0000	0.0000
tempe_1x1_setting4_presslight_prlight	REAL_TEST	246	351.8	100.0	-153.72	117.18	0.67	1745	0.0000	0.0000
tempe_1x1_setting4_presslight_prlight	REAL_TEST	249	287.0	100.0	-118.92	81.74	0.64	1751	0.0000	0.0000
tempe_1x1_setting4_presslight_prlight	REAL_TEST	252	281.2	100.0	-114.73	77.60	0.64	1785	0.0000	0.0000
tempe_1x1_setting4_presslight_prlight	REAL_TEST	255	322.8	100.0	-137.52	100.49	0.66	1759	0.0000	0.0000
tempe_1x1_setting4_presslight_prlight	REAL_TEST	258	305.3	100.0	-128.00	90.69	0.66	1753	0.0000	0.0000
tempe_1x1_setting4_presslight_prlight	REAL_TEST	261	297.3	100.0	-124.84	87.47	0.66	1740	0.0000	0.0000
tempe_1x1_setting4_presslight_prlight	REAL_TEST	264	356.1	100.0	-156.28	119.54	0.67	1671	0.0000	0.0000
tempe_1x1_setting4_presslight_prlight	REAL_TEST	267	302.1	100.0	-125.76	88.24	0.65	1799	0.0000	0.0000
tempe_1x1_setting4_presslight_prlight	REAL_TEST	270	497.7	100.0	-232.83	197.84	0.69	1646	0.0000	0.0000
tempe_1x1_setting4_presslight_prlight	REAL_TEST	273	558.1	100.0	-265.21	230.69	0.70	1647	0.0000	0.0000
tempe_1x1_setting4_presslight_prlight	REAL_TEST	276	524.5	100.0	-246.01	211.59	0.69	1623	0.0000	0.0000
tempe_1x1_setting4_presslight_prlight	REAL_TEST	279	540.2	100.0	-253.41	219.63	0.70	1333	0.0000	0.0000
tempe_1x1_setting4_presslight_prlight	REAL_TEST	282	549.9	100.0	-256.74	223.64	0.69	1230	0.0000	0.0000
tempe_1x1_setting4_presslight_prlight	REAL_TEST	285	530.7	100.0	-246.82	213.52	0.69	1237	0.0000	0.0000
tempe_1x1_setting4_presslight_prlight	REAL_TEST	288	371.5	100.0	-164.64	128.22	0.66	1688	0.0000	0.0000
tempe_1x1_setting4_presslight_prlight	REAL_TEST	291	580.8	100.0	-267.98	235.31	0.70	1272	0.0000	0.0000
tempe_1x1_setting4_presslight_prlight	REAL_TEST	294	578.1	100.0	-267.83	234.76	0.70	1274	0.0000	0.0000
tempe_1x1_setting4_presslight_prlight	REAL_TEST	297	540.0	100.0	-243.75	211.35	0.69	1227	0.0000	0.0000
