bullhead_3_combine1_presslight_latent_observation	REAL_TEST	2	568.3	100.0	-304.79	130.07	1.53	2679
bullhead_3_combine1_presslight_latent_observation	REAL_TEST	4	316.5	100.0	-151.13	60.10	1.45	3028
bullhead_3_combine1_presslight_latent_observation	REAL_TEST	6	684.7	100.0	-350.16	155.70	1.59	2406
bullhead_3_combine1_presslight_latent_observation	REAL_TEST	8	804.3	100.0	-125.60	98.58	1.59	2183
bullhead_3_combine1_presslight_latent_observation	REAL_TEST	10	960.0	100.0	-126.99	118.35	1.59	1706
bullhead_3_combine1_presslight_latent_observation	REAL_TEST	12	370.7	100.0	-112.49	66.06	1.60	3118
bullhead_3_combine1_presslight_latent_observation	REAL_TEST	14	336.2	100.0	-112.40	60.89	1.59	3454
bullhead_3_combine1_presslight_latent_observation	REAL_TEST	16	400.6	100.0	-112.37	63.15	1.35	3071
bullhead_3_combine1_presslight_latent_observation	REAL_TEST	18	326.8	100.0	-112.41	58.40	1.64	3335
bullhead_3_combine1_presslight_latent_observation	REAL_TEST	20	239.1	100.0	-94.33	46.84	1.60	3771
bullhead_3_combine1_presslight_latent_observation	REAL_TEST	22	453.0	100.0	-130.66	67.13	1.47	2761
bullhead_3_combine1_presslight_latent_observation	REAL_TEST	24	443.2	100.0	-113.03	62.70	1.59	2817
bullhead_3_combine1_presslight_latent_observation	REAL_TEST	26	845.3	100.0	-118.63	104.79	1.57	1880
bullhead_3_combine1_presslight_latent_observation	REAL_TEST	28	559.4	100.0	-120.45	85.04	1.65	2415
bullhead_3_combine1_presslight_latent_observation	REAL_TEST	30	904.8	100.0	-120.95	103.56	1.50	1833
bullhead_3_combine1_presslight_latent_observation	REAL_TEST	32	877.7	100.0	-114.18	110.04	1.59	1832
bullhead_3_combine1_presslight_latent_observation	REAL_TEST	34	710.4	100.0	-114.54	99.96	1.56	2134
bullhead_3_combine1_presslight_latent_observation	REAL_TEST	36	657.2	100.0	-114.60	92.95	1.56	2206
bullhead_3_combine1_presslight_latent_observation	REAL_TEST	38	219.2	100.0	-105.15	38.65	1.55	3803
bullhead_3_combine1_presslight_latent_observation	REAL_TEST	40	236.6	100.0	-123.47	35.93	1.40	3718
bullhead_3_combine1_presslight_latent_observation	REAL_TEST	42	234.9	100.0	-122.04	44.44	1.66	3748
bullhead_3_combine1_presslight_latent_observation	REAL_TEST	44	304.8	100.0	-123.48	58.91	1.57	3662
bullhead_3_combine1_presslight_latent_observation	REAL_TEST	46	289.0	100.0	-121.89	57.86	1.66	3697
bullhead_3_combine1_presslight_latent_observation	REAL_TEST	48	303.5	100.0	-122.10	56.54	1.43	3669
bullhead_3_combine1_presslight_latent_observation	REAL_TEST	50	294.5	100.0	-123.27	59.23	1.63	3683
bullhead_3_combine1_presslight_latent_observation	REAL_TEST	52	302.9	100.0	-112.88	51.47	1.62	3674
bullhead_3_combine1_presslight_latent_observation	REAL_TEST	54	267.7	100.0	-117.08	42.59	1.32	3673
bullhead_3_combine1_presslight_latent_observation	REAL_TEST	56	226.2	100.0	-110.81	37.13	1.56	3744
bullhead_3_combine1_presslight_latent_observation	REAL_TEST	58	233.7	100.0	-112.78	31.75	1.37	3773
bullhead_3_combine1_presslight_latent_observation	REAL_TEST	60	276.2	100.0	-109.43	52.51	1.58	3668
bullhead_3_combine1_presslight_latent_observation	REAL_TEST	62	225.2	100.0	-112.62	36.25	1.51	3797
bullhead_3_combine1_presslight_latent_observation	REAL_TEST	64	293.3	100.0	-107.38	38.50	1.53	3700
bullhead_3_combine1_presslight_latent_observation	REAL_TEST	66	223.0	100.0	-109.78	36.47	1.47	3783
bullhead_3_combine1_presslight_latent_observation	REAL_TEST	68	219.3	100.0	-110.78	35.13	1.55	3813
bullhead_3_combine1_presslight_latent_observation	REAL_TEST	70	211.2	100.0	-107.44	34.43	1.43	3898
bullhead_3_combine1_presslight_latent_observation	REAL_TEST	72	221.6	100.0	-109.47	36.63	1.56	3921
bullhead_3_combine1_presslight_latent_observation	REAL_TEST	74	180.4	100.0	-69.11	24.23	1.39	3975
bullhead_3_combine1_presslight_latent_observation	REAL_TEST	76	200.7	100.0	-95.42	29.62	1.51	3959
bullhead_3_combine1_presslight_latent_observation	REAL_TEST	78	182.5	100.0	-80.73	25.62	1.48	4009
bullhead_3_combine1_presslight_latent_observation	REAL_TEST	80	221.6	100.0	-80.47	25.29	1.43	3817
bullhead_3_combine1_presslight_latent_observation	REAL_TEST	82	168.5	100.0	-64.24	21.76	1.48	4068
bullhead_3_combine1_presslight_latent_observation	REAL_TEST	84	221.5	100.0	-92.56	39.60	1.46	3876
bullhead_3_combine1_presslight_latent_observation	REAL_TEST	86	201.7	100.0	-97.38	32.99	1.52	3949
bullhead_3_combine1_presslight_latent_observation	REAL_TEST	88	211.6	100.0	-85.71	38.88	1.62	3912
bullhead_3_combine1_presslight_latent_observation	REAL_TEST	90	190.4	100.0	-89.36	30.11	1.66	3949
bullhead_3_combine1_presslight_latent_observation	REAL_TEST	92	195.7	100.0	-99.76	31.01	1.45	3937
bullhead_3_combine1_presslight_latent_observation	REAL_TEST	94	187.4	100.0	-73.29	23.70	1.42	3947
bullhead_3_combine1_presslight_latent_observation	REAL_TEST	96	195.6	100.0	-83.91	32.81	1.61	4005
bullhead_3_combine1_presslight_latent_observation	REAL_TEST	98	172.4	100.0	-74.16	23.74	1.49	4075
bullhead_3_combine1_presslight_latent_observation	REAL_TEST	100	200.7	100.0	-77.20	34.74	1.53	3930
bullhead_3_combine1_presslight_latent_observation	REAL_TEST	102	264.9	100.0	-87.90	40.91	1.51	3836
bullhead_3_combine1_presslight_latent_observation	REAL_TEST	104	201.5	100.0	-96.21	29.00	1.53	3896
bullhead_3_combine1_presslight_latent_observation	REAL_TEST	106	175.7	100.0	-75.45	20.68	1.42	3990
bullhead_3_combine1_presslight_latent_observation	REAL_TEST	108	172.5	100.0	-69.75	21.80	1.54	4055
bullhead_3_combine1_presslight_latent_observation	REAL_TEST	110	235.4	100.0	-65.97	41.40	1.45	3992
bullhead_3_combine1_presslight_latent_observation	REAL_TEST	112	214.7	100.0	-88.84	39.87	1.68	3912
bullhead_3_combine1_presslight_latent_observation	REAL_TEST	114	181.0	100.0	-83.80	26.93	1.57	4019
bullhead_3_combine1_presslight_latent_observation	REAL_TEST	116	227.3	100.0	-56.67	37.55	1.34	4059
bullhead_3_combine1_presslight_latent_observation	REAL_TEST	118	167.6	100.0	-67.21	21.99	1.51	4043
bullhead_3_combine1_presslight_latent_observation	REAL_TEST	120	171.4	100.0	-72.42	22.94	1.47	4046
bullhead_3_combine1_presslight_latent_observation	REAL_TEST	122	172.9	100.0	-74.06	24.34	1.56	4034
bullhead_3_combine1_presslight_latent_observation	REAL_TEST	124	167.6	100.0	-68.74	22.15	1.51	4047
bullhead_3_combine1_presslight_latent_observation	REAL_TEST	126	165.4	100.0	-65.78	21.09	1.49	4057
bullhead_3_combine1_presslight_latent_observation	REAL_TEST	128	169.9	100.0	-67.22	23.00	1.52	4029
bullhead_3_combine1_presslight_latent_observation	REAL_TEST	130	185.0	100.0	-86.88	27.05	1.50	4002
bullhead_3_combine1_presslight_latent_observation	REAL_TEST	132	191.7	100.0	-96.97	31.33	1.60	4037
bullhead_3_combine1_presslight_latent_observation	REAL_TEST	134	323.5	100.0	-55.78	46.42	1.53	3825
bullhead_3_combine1_presslight_latent_observation	REAL_TEST	136	195.1	100.0	-61.84	32.90	1.52	4062
bullhead_3_combine1_presslight_latent_observation	REAL_TEST	138	294.8	100.0	-93.68	51.15	1.46	3581
bullhead_3_combine1_presslight_latent_observation	REAL_TEST	140	605.8	100.0	-86.71	85.39	1.50	2741
bullhead_3_combine1_presslight_latent_observation	REAL_TEST	142	190.5	100.0	-61.68	31.16	1.43	3969
bullhead_3_combine1_presslight_latent_observation	REAL_TEST	144	599.3	100.0	-77.82	103.53	1.42	3006
bullhead_3_combine1_presslight_latent_observation	REAL_TEST	146	878.1	100.0	-180.21	131.33	1.46	2032
bullhead_3_combine1_presslight_latent_observation	REAL_TEST	148	188.0	100.0	-57.05	30.51	1.55	4014
bullhead_3_combine1_presslight_latent_observation	REAL_TEST	150	417.6	100.0	-60.18	64.47	1.55	3546
bullhead_3_combine1_presslight_latent_observation	REAL_TEST	152	254.3	100.0	-107.93	44.95	1.49	3559
bullhead_3_combine1_presslight_latent_observation	REAL_TEST	154	666.0	100.0	-92.07	115.54	1.40	2859
bullhead_3_combine1_presslight_latent_observation	REAL_TEST	156	731.4	100.0	-95.05	102.28	1.28	2664
bullhead_3_combine1_presslight_latent_observation	REAL_TEST	158	514.8	100.0	-101.02	106.99	1.53	3064
bullhead_3_combine1_presslight_latent_observation	REAL_TEST	160	240.9	100.0	-95.18	30.91	1.35	3465
bullhead_3_combine1_presslight_latent_observation	REAL_TEST	162	615.7	100.0	-71.68	90.00	1.47	3003
bullhead_3_combine1_presslight_latent_observation	REAL_TEST	164	473.0	100.0	-70.39	80.42	1.41	3381
bullhead_3_combine1_presslight_latent_observation	REAL_TEST	166	491.6	100.0	-66.09	78.16	1.58	3429
bullhead_3_combine1_presslight_latent_observation	REAL_TEST	168	498.9	100.0	-126.10	84.92	1.42	2987
bullhead_3_combine1_presslight_latent_observation	REAL_TEST	170	812.6	100.0	-85.19	118.57	1.47	2304
bullhead_3_combine1_presslight_latent_observation	REAL_TEST	172	377.2	100.0	-94.07	68.93	1.64	3170
bullhead_3_combine1_presslight_latent_observation	REAL_TEST	174	216.5	100.0	-75.93	39.92	1.53	3981
bullhead_3_combine1_presslight_latent_observation	REAL_TEST	176	228.1	100.0	-94.48	43.06	1.53	3931
bullhead_3_combine1_presslight_latent_observation	REAL_TEST	178	669.1	100.0	-75.15	108.55	1.60	2891
bullhead_3_combine1_presslight_latent_observation	REAL_TEST	180	229.7	100.0	-55.36	25.46	1.41	3952
bullhead_3_combine1_presslight_latent_observation	REAL_TEST	182	638.8	100.0	-93.39	102.42	1.67	2846
bullhead_3_combine1_presslight_latent_observation	REAL_TEST	184	583.1	100.0	-64.98	103.02	1.60	3073
bullhead_3_combine1_presslight_latent_observation	REAL_TEST	186	660.3	100.0	-214.29	88.95	1.41	2931
bullhead_3_combine1_presslight_latent_observation	REAL_TEST	188	182.8	100.0	-52.13	28.88	1.50	4099
bullhead_3_combine1_presslight_latent_observation	REAL_TEST	190	504.1	100.0	-71.72	86.48	1.55	3299
bullhead_3_combine1_presslight_latent_observation	REAL_TEST	192	503.1	100.0	-92.48	81.44	1.55	3237
bullhead_3_combine1_presslight_latent_observation	REAL_TEST	194	587.5	100.0	-66.97	89.06	1.50	3071
bullhead_3_combine1_presslight_latent_observation	REAL_TEST	196	695.1	100.0	-169.55	114.11	1.57	2547
bullhead_3_combine1_presslight_latent_observation	REAL_TEST	198	638.6	100.0	-73.44	90.87	1.49	2761
