hz1x1_noise3_dqn_latent_observation	REAL_TEST	2	874.5	100.0	-267.34	178.73	1.65	570
hz1x1_noise3_dqn_latent_observation	REAL_TEST	4	839.3	100.0	-321.62	215.01	1.66	616
hz1x1_noise3_dqn_latent_observation	REAL_TEST	6	852.9	100.0	-323.07	216.76	1.73	604
hz1x1_noise3_dqn_latent_observation	REAL_TEST	8	799.5	100.0	-309.46	207.23	1.69	633
hz1x1_noise3_dqn_latent_observation	REAL_TEST	10	796.9	100.0	-309.29	207.01	1.68	637
hz1x1_noise3_dqn_latent_observation	REAL_TEST	12	763.0	100.0	-302.76	201.92	1.74	664
hz1x1_noise3_dqn_latent_observation	REAL_TEST	14	757.8	100.0	-305.21	203.39	1.72	678
hz1x1_noise3_dqn_latent_observation	REAL_TEST	16	704.0	100.0	-368.20	246.34	1.66	932
hz1x1_noise3_dqn_latent_observation	REAL_TEST	18	427.1	100.0	-274.43	183.31	1.67	1407
hz1x1_noise3_dqn_latent_observation	REAL_TEST	20	578.0	100.0	-354.16	235.53	1.64	1158
hz1x1_noise3_dqn_latent_observation	REAL_TEST	22	515.3	100.0	-335.60	224.55	1.70	1299
hz1x1_noise3_dqn_latent_observation	REAL_TEST	24	461.1	100.0	-274.25	183.12	1.71	1308
hz1x1_noise3_dqn_latent_observation	REAL_TEST	26	865.5	100.0	-264.08	176.39	1.60	573
hz1x1_noise3_dqn_latent_observation	REAL_TEST	28	324.8	100.0	-205.41	136.78	1.62	1536
hz1x1_noise3_dqn_latent_observation	REAL_TEST	30	457.9	100.0	-272.55	181.78	1.76	1212
hz1x1_noise3_dqn_latent_observation	REAL_TEST	32	475.3	100.0	-250.26	166.38	1.60	1200
hz1x1_noise3_dqn_latent_observation	REAL_TEST	34	469.5	100.0	-276.07	185.40	1.64	1197
hz1x1_noise3_dqn_latent_observation	REAL_TEST	36	312.8	100.0	-192.83	128.92	1.65	1520
hz1x1_noise3_dqn_latent_observation	REAL_TEST	38	311.7	100.0	-198.92	132.63	1.56	1531
hz1x1_noise3_dqn_latent_observation	REAL_TEST	40	434.6	100.0	-254.48	169.86	1.63	1213
hz1x1_noise3_dqn_latent_observation	REAL_TEST	42	214.0	100.0	-134.14	89.18	1.65	1824
hz1x1_noise3_dqn_latent_observation	REAL_TEST	44	233.0	100.0	-146.11	97.83	1.66	1814
hz1x1_noise3_dqn_latent_observation	REAL_TEST	46	287.0	100.0	-169.80	112.78	1.60	1584
hz1x1_noise3_dqn_latent_observation	REAL_TEST	48	296.5	100.0	-179.49	119.20	1.63	1596
hz1x1_noise3_dqn_latent_observation	REAL_TEST	50	331.4	100.0	-216.06	143.92	1.53	1569
hz1x1_noise3_dqn_latent_observation	REAL_TEST	52	540.5	100.0	-269.66	179.99	1.60	1030
hz1x1_noise3_dqn_latent_observation	REAL_TEST	54	324.3	100.0	-211.21	141.19	1.68	1527
hz1x1_noise3_dqn_latent_observation	REAL_TEST	56	323.8	100.0	-209.75	140.48	1.62	1551
hz1x1_noise3_dqn_latent_observation	REAL_TEST	58	312.2	100.0	-202.89	135.35	1.63	1555
hz1x1_noise3_dqn_latent_observation	REAL_TEST	60	327.5	100.0	-213.15	143.01	1.63	1517
hz1x1_noise3_dqn_latent_observation	REAL_TEST	62	305.9	100.0	-180.47	119.88	1.58	1510
hz1x1_noise3_dqn_latent_observation	REAL_TEST	64	188.8	100.0	-113.28	75.87	1.60	1926
hz1x1_noise3_dqn_latent_observation	REAL_TEST	66	362.0	100.0	-237.68	159.13	1.59	1435
hz1x1_noise3_dqn_latent_observation	REAL_TEST	68	237.8	100.0	-149.92	99.23	1.63	1783
hz1x1_noise3_dqn_latent_observation	REAL_TEST	70	152.1	100.0	-81.83	54.58	1.61	1942
hz1x1_noise3_dqn_latent_observation	REAL_TEST	72	135.8	100.0	-66.58	42.74	1.56	1929
hz1x1_noise3_dqn_latent_observation	REAL_TEST	74	156.6	100.0	-85.17	55.58	1.56	1927
hz1x1_noise3_dqn_latent_observation	REAL_TEST	76	120.2	100.0	-53.48	35.12	1.55	1953
hz1x1_noise3_dqn_latent_observation	REAL_TEST	78	203.2	100.0	-125.27	83.54	1.66	1901
hz1x1_noise3_dqn_latent_observation	REAL_TEST	80	124.3	100.0	-57.25	37.12	1.57	1958
hz1x1_noise3_dqn_latent_observation	REAL_TEST	82	189.8	100.0	-114.54	76.69	1.59	1884
hz1x1_noise3_dqn_latent_observation	REAL_TEST	84	160.9	100.0	-88.74	58.65	1.61	1917
hz1x1_noise3_dqn_latent_observation	REAL_TEST	86	128.8	100.0	-60.25	39.68	1.59	1950
hz1x1_noise3_dqn_latent_observation	REAL_TEST	88	218.7	100.0	-134.76	90.30	1.59	1826
hz1x1_noise3_dqn_latent_observation	REAL_TEST	90	149.3	100.0	-78.68	52.59	1.52	1918
hz1x1_noise3_dqn_latent_observation	REAL_TEST	92	140.9	100.0	-70.50	47.09	1.61	1952
hz1x1_noise3_dqn_latent_observation	REAL_TEST	94	183.8	100.0	-109.06	72.12	1.51	1872
hz1x1_noise3_dqn_latent_observation	REAL_TEST	96	154.8	100.0	-83.41	55.14	1.63	1937
hz1x1_noise3_dqn_latent_observation	REAL_TEST	98	168.6	100.0	-95.43	63.26	1.69	1895
hz1x1_noise3_dqn_latent_observation	REAL_TEST	100	148.8	100.0	-78.76	51.36	1.59	1927
hz1x1_noise3_dqn_latent_observation	REAL_TEST	102	161.5	100.0	-89.74	59.36	1.57	1903
hz1x1_noise3_dqn_latent_observation	REAL_TEST	104	197.5	100.0	-118.28	78.64	1.54	1837
hz1x1_noise3_dqn_latent_observation	REAL_TEST	106	174.8	100.0	-101.40	67.12	1.61	1887
hz1x1_noise3_dqn_latent_observation	REAL_TEST	108	171.1	100.0	-97.52	64.58	1.59	1906
hz1x1_noise3_dqn_latent_observation	REAL_TEST	110	200.3	100.0	-123.31	81.93	1.60	1892
hz1x1_noise3_dqn_latent_observation	REAL_TEST	112	128.1	100.0	-60.41	40.30	1.51	1952
hz1x1_noise3_dqn_latent_observation	REAL_TEST	114	271.3	100.0	-160.44	107.30	1.55	1587
hz1x1_noise3_dqn_latent_observation	REAL_TEST	116	217.4	100.0	-133.78	88.63	1.53	1831
hz1x1_noise3_dqn_latent_observation	REAL_TEST	118	298.8	100.0	-194.17	130.00	1.59	1713
hz1x1_noise3_dqn_latent_observation	REAL_TEST	120	244.6	100.0	-154.57	102.72	1.63	1799
hz1x1_noise3_dqn_latent_observation	REAL_TEST	122	205.9	100.0	-125.25	83.36	1.54	1835
hz1x1_noise3_dqn_latent_observation	REAL_TEST	124	218.2	100.0	-138.15	92.63	1.59	1903
hz1x1_noise3_dqn_latent_observation	REAL_TEST	126	274.5	100.0	-175.93	117.03	1.54	1713
hz1x1_noise3_dqn_latent_observation	REAL_TEST	128	130.6	100.0	-63.51	42.35	1.55	1950
hz1x1_noise3_dqn_latent_observation	REAL_TEST	130	218.4	100.0	-138.06	91.39	1.60	1860
hz1x1_noise3_dqn_latent_observation	REAL_TEST	132	225.9	100.0	-144.60	95.60	1.59	1867
hz1x1_noise3_dqn_latent_observation	REAL_TEST	134	228.4	100.0	-143.43	95.70	1.55	1834
hz1x1_noise3_dqn_latent_observation	REAL_TEST	136	139.0	100.0	-70.23	46.91	1.62	1952
hz1x1_noise3_dqn_latent_observation	REAL_TEST	138	187.5	100.0	-111.71	74.00	1.63	1913
hz1x1_noise3_dqn_latent_observation	REAL_TEST	140	256.7	100.0	-165.68	110.41	1.59	1786
hz1x1_noise3_dqn_latent_observation	REAL_TEST	142	291.6	100.0	-191.73	128.65	1.62	1722
hz1x1_noise3_dqn_latent_observation	REAL_TEST	144	225.4	100.0	-139.69	93.81	1.61	1798
hz1x1_noise3_dqn_latent_observation	REAL_TEST	146	132.7	100.0	-64.70	42.41	1.54	1942
hz1x1_noise3_dqn_latent_observation	REAL_TEST	148	183.0	100.0	-107.96	71.91	1.58	1899
hz1x1_noise3_dqn_latent_observation	REAL_TEST	150	154.3	100.0	-82.88	54.94	1.58	1936
hz1x1_noise3_dqn_latent_observation	REAL_TEST	152	163.4	100.0	-90.58	60.31	1.55	1926
hz1x1_noise3_dqn_latent_observation	REAL_TEST	154	182.3	100.0	-107.93	71.26	1.62	1900
hz1x1_noise3_dqn_latent_observation	REAL_TEST	156	208.7	100.0	-128.70	85.83	1.63	1875
hz1x1_noise3_dqn_latent_observation	REAL_TEST	158	167.3	100.0	-94.67	63.08	1.64	1887
hz1x1_noise3_dqn_latent_observation	REAL_TEST	160	148.3	100.0	-77.63	51.47	1.58	1944
hz1x1_noise3_dqn_latent_observation	REAL_TEST	162	176.2	100.0	-101.20	66.60	1.59	1915
hz1x1_noise3_dqn_latent_observation	REAL_TEST	164	152.5	100.0	-81.69	53.91	1.57	1918
hz1x1_noise3_dqn_latent_observation	REAL_TEST	166	188.7	100.0	-110.89	73.18	1.59	1874
hz1x1_noise3_dqn_latent_observation	REAL_TEST	168	209.6	100.0	-127.34	84.82	1.59	1837
hz1x1_noise3_dqn_latent_observation	REAL_TEST	170	140.7	100.0	-71.65	47.49	1.60	1928
hz1x1_noise3_dqn_latent_observation	REAL_TEST	172	152.3	100.0	-80.91	54.49	1.56	1938
hz1x1_noise3_dqn_latent_observation	REAL_TEST	174	208.0	100.0	-130.29	87.01	1.59	1828
hz1x1_noise3_dqn_latent_observation	REAL_TEST	176	244.8	100.0	-159.02	105.57	1.62	1800
hz1x1_noise3_dqn_latent_observation	REAL_TEST	178	180.0	100.0	-106.39	70.85	1.63	1897
hz1x1_noise3_dqn_latent_observation	REAL_TEST	180	189.1	100.0	-113.45	75.06	1.66	1888
hz1x1_noise3_dqn_latent_observation	REAL_TEST	182	202.4	100.0	-125.68	83.41	1.65	1883
hz1x1_noise3_dqn_latent_observation	REAL_TEST	184	211.6	100.0	-134.23	89.17	1.58	1854
hz1x1_noise3_dqn_latent_observation	REAL_TEST	186	129.5	100.0	-61.88	40.67	1.52	1947
hz1x1_noise3_dqn_latent_observation	REAL_TEST	188	265.7	100.0	-176.05	117.04	1.64	1806
hz1x1_noise3_dqn_latent_observation	REAL_TEST	190	163.9	100.0	-92.21	61.12	1.55	1921
hz1x1_noise3_dqn_latent_observation	REAL_TEST	192	202.3	100.0	-124.51	83.20	1.63	1894
hz1x1_noise3_dqn_latent_observation	REAL_TEST	194	199.3	100.0	-123.05	81.33	1.60	1898
hz1x1_noise3_dqn_latent_observation	REAL_TEST	196	184.2	100.0	-110.04	73.02	1.59	1884
hz1x1_noise3_dqn_latent_observation	REAL_TEST	198	171.2	100.0	-98.09	64.56	1.57	1892
