bullhead_3_sensor5_dqn_domain_randomization	REAL_TEST	3	257.6	100.0	-169.12	38.92	0.64	3748
bullhead_3_sensor5_dqn_domain_randomization	REAL_TEST	6	349.3	100.0	-241.58	56.98	0.85	3064
bullhead_3_sensor5_dqn_domain_randomization	REAL_TEST	9	231.1	100.0	-162.41	38.42	0.79	3799
bullhead_3_sensor5_dqn_domain_randomization	REAL_TEST	12	228.1	100.0	-144.33	32.30	0.77	3766
bullhead_3_sensor5_dqn_domain_randomization	REAL_TEST	15	227.7	100.0	-149.78	31.73	0.71	3810
bullhead_3_sensor5_dqn_domain_randomization	REAL_TEST	18	1099.8	100.0	-709.28	181.45	0.64	1458
bullhead_3_sensor5_dqn_domain_randomization	REAL_TEST	21	208.6	100.0	-121.11	30.75	0.74	3930
bullhead_3_sensor5_dqn_domain_randomization	REAL_TEST	24	1587.4	100.0	-899.38	231.56	0.78	842
bullhead_3_sensor5_dqn_domain_randomization	REAL_TEST	27	287.0	100.0	-174.41	50.01	0.79	3826
bullhead_3_sensor5_dqn_domain_randomization	REAL_TEST	30	520.7	100.0	-284.54	81.87	0.80	2442
bullhead_3_sensor5_dqn_domain_randomization	REAL_TEST	33	1033.1	100.0	-488.10	130.17	0.88	1498
bullhead_3_sensor5_dqn_domain_randomization	REAL_TEST	36	663.0	100.0	-436.25	113.32	0.83	1947
bullhead_3_sensor5_dqn_domain_randomization	REAL_TEST	39	1250.7	100.0	-656.83	171.47	0.79	1241
bullhead_3_sensor5_dqn_domain_randomization	REAL_TEST	42	638.9	100.0	-362.18	95.93	0.79	2168
bullhead_3_sensor5_dqn_domain_randomization	REAL_TEST	45	880.6	100.0	-458.05	115.06	0.80	1807
bullhead_3_sensor5_dqn_domain_randomization	REAL_TEST	48	1252.0	100.0	-552.96	147.00	0.88	1224
bullhead_3_sensor5_dqn_domain_randomization	REAL_TEST	51	1017.9	100.0	-495.38	131.78	0.87	1494
bullhead_3_sensor5_dqn_domain_randomization	REAL_TEST	54	669.9	100.0	-377.75	97.41	0.79	2289
bullhead_3_sensor5_dqn_domain_randomization	REAL_TEST	57	435.5	100.0	-264.30	71.70	0.78	2652
bullhead_3_sensor5_dqn_domain_randomization	REAL_TEST	60	424.8	100.0	-257.94	68.79	0.78	3053
bullhead_3_sensor5_dqn_domain_randomization	REAL_TEST	63	1102.8	100.0	-518.30	137.73	0.88	1402
bullhead_3_sensor5_dqn_domain_randomization	REAL_TEST	66	1104.1	100.0	-531.36	140.91	0.85	1388
bullhead_3_sensor5_dqn_domain_randomization	REAL_TEST	69	667.0	100.0	-381.70	103.41	0.77	2034
bullhead_3_sensor5_dqn_domain_randomization	REAL_TEST	72	369.5	100.0	-227.46	60.61	0.77	3166
bullhead_3_sensor5_dqn_domain_randomization	REAL_TEST	75	684.9	100.0	-409.75	99.78	0.75	2008
bullhead_3_sensor5_dqn_domain_randomization	REAL_TEST	78	964.5	100.0	-698.88	171.85	0.81	1482
bullhead_3_sensor5_dqn_domain_randomization	REAL_TEST	81	949.8	100.0	-695.52	171.64	0.82	1506
bullhead_3_sensor5_dqn_domain_randomization	REAL_TEST	84	245.8	100.0	-180.56	40.97	0.74	3749
bullhead_3_sensor5_dqn_domain_randomization	REAL_TEST	87	380.6	100.0	-232.87	58.14	0.79	3142
bullhead_3_sensor5_dqn_domain_randomization	REAL_TEST	90	441.4	100.0	-288.25	76.26	0.82	2785
bullhead_3_sensor5_dqn_domain_randomization	REAL_TEST	93	672.3	100.0	-348.52	88.06	0.79	2070
bullhead_3_sensor5_dqn_domain_randomization	REAL_TEST	96	704.7	100.0	-398.47	110.60	0.76	1919
bullhead_3_sensor5_dqn_domain_randomization	REAL_TEST	99	534.1	100.0	-332.54	89.54	0.82	2523
bullhead_3_sensor5_dqn_domain_randomization	REAL_TEST	102	740.4	100.0	-414.22	109.25	0.87	1947
bullhead_3_sensor5_dqn_domain_randomization	REAL_TEST	105	1107.9	100.0	-481.36	125.10	0.81	1386
bullhead_3_sensor5_dqn_domain_randomization	REAL_TEST	108	1047.3	100.0	-476.66	127.26	0.82	1460
bullhead_3_sensor5_dqn_domain_randomization	REAL_TEST	111	1083.4	100.0	-467.30	124.94	0.84	1407
bullhead_3_sensor5_dqn_domain_randomization	REAL_TEST	114	1075.0	100.0	-490.49	130.99	0.79	1401
bullhead_3_sensor5_dqn_domain_randomization	REAL_TEST	117	1129.0	100.0	-527.93	140.83	0.85	1346
bullhead_3_sensor5_dqn_domain_randomization	REAL_TEST	120	1113.8	100.0	-526.73	140.73	0.85	1344
bullhead_3_sensor5_dqn_domain_randomization	REAL_TEST	123	1027.2	100.0	-494.90	130.08	0.82	1476
bullhead_3_sensor5_dqn_domain_randomization	REAL_TEST	126	1095.9	100.0	-515.51	136.23	0.87	1373
bullhead_3_sensor5_dqn_domain_randomization	REAL_TEST	129	1083.5	100.0	-549.75	149.38	0.73	1338
bullhead_3_sensor5_dqn_domain_randomization	REAL_TEST	132	1245.4	100.0	-546.23	143.86	0.85	1217
bullhead_3_sensor5_dqn_domain_randomization	REAL_TEST	135	1000.2	100.0	-601.79	158.65	0.88	1452
bullhead_3_sensor5_dqn_domain_randomization	REAL_TEST	138	1095.6	100.0	-652.78	172.48	0.86	1264
bullhead_3_sensor5_dqn_domain_randomization	REAL_TEST	141	1141.2	100.0	-808.82	203.56	0.75	1140
bullhead_3_sensor5_dqn_domain_randomization	REAL_TEST	144	773.4	100.0	-400.62	108.24	0.67	1861
bullhead_3_sensor5_dqn_domain_randomization	REAL_TEST	147	1501.1	100.0	-718.43	188.58	0.80	782
bullhead_3_sensor5_dqn_domain_randomization	REAL_TEST	150	413.0	100.0	-283.78	74.87	0.77	3181
bullhead_3_sensor5_dqn_domain_randomization	REAL_TEST	153	1736.0	100.0	-988.96	267.05	0.68	576
bullhead_3_sensor5_dqn_domain_randomization	REAL_TEST	156	1592.4	100.0	-911.24	228.81	0.85	781
bullhead_3_sensor5_dqn_domain_randomization	REAL_TEST	159	1319.7	100.0	-779.69	194.38	0.82	1007
bullhead_3_sensor5_dqn_domain_randomization	REAL_TEST	162	895.2	100.0	-524.70	130.88	0.69	1524
bullhead_3_sensor5_dqn_domain_randomization	REAL_TEST	165	1769.3	100.0	-969.01	242.54	0.78	703
bullhead_3_sensor5_dqn_domain_randomization	REAL_TEST	168	248.5	100.0	-183.51	43.06	0.71	3807
bullhead_3_sensor5_dqn_domain_randomization	REAL_TEST	171	1369.3	100.0	-578.42	154.03	0.84	1104
bullhead_3_sensor5_dqn_domain_randomization	REAL_TEST	174	232.0	100.0	-171.60	38.82	0.74	3777
bullhead_3_sensor5_dqn_domain_randomization	REAL_TEST	177	666.1	100.0	-382.21	97.89	0.83	2208
bullhead_3_sensor5_dqn_domain_randomization	REAL_TEST	180	243.8	100.0	-182.83	41.55	0.71	3755
bullhead_3_sensor5_dqn_domain_randomization	REAL_TEST	183	1380.4	100.0	-887.07	214.99	0.76	1210
bullhead_3_sensor5_dqn_domain_randomization	REAL_TEST	186	719.5	100.0	-389.45	98.63	0.81	2073
bullhead_3_sensor5_dqn_domain_randomization	REAL_TEST	189	843.0	100.0	-440.15	114.83	0.80	1759
bullhead_3_sensor5_dqn_domain_randomization	REAL_TEST	192	367.0	100.0	-242.11	63.56	0.79	3198
bullhead_3_sensor5_dqn_domain_randomization	REAL_TEST	195	271.5	100.0	-199.42	47.61	0.79	3757
bullhead_3_sensor5_dqn_domain_randomization	REAL_TEST	198	354.5	100.0	-232.99	61.33	0.78	3214
bullhead_3_sensor5_dqn_domain_randomization	REAL_TEST	201	229.2	100.0	-164.27	37.45	0.74	3845
bullhead_3_sensor5_dqn_domain_randomization	REAL_TEST	204	1007.6	100.0	-463.90	116.56	0.70	1653
bullhead_3_sensor5_dqn_domain_randomization	REAL_TEST	207	754.5	100.0	-594.51	142.88	0.73	2712
bullhead_3_sensor5_dqn_domain_randomization	REAL_TEST	210	1248.0	100.0	-555.13	147.59	0.84	1212
bullhead_3_sensor5_dqn_domain_randomization	REAL_TEST	213	241.1	100.0	-169.84	38.03	0.75	3722
bullhead_3_sensor5_dqn_domain_randomization	REAL_TEST	216	1203.2	100.0	-594.43	148.39	0.76	1277
bullhead_3_sensor5_dqn_domain_randomization	REAL_TEST	219	289.5	100.0	-159.73	46.11	0.66	3724
bullhead_3_sensor5_dqn_domain_randomization	REAL_TEST	222	541.5	100.0	-427.46	100.71	0.74	3118
bullhead_3_sensor5_dqn_domain_randomization	REAL_TEST	225	797.8	100.0	-455.95	114.90	0.82	1949
bullhead_3_sensor5_dqn_domain_randomization	REAL_TEST	228	590.4	100.0	-334.87	83.06	0.76	2349
bullhead_3_sensor5_dqn_domain_randomization	REAL_TEST	231	761.6	100.0	-416.46	103.04	0.79	1999
bullhead_3_sensor5_dqn_domain_randomization	REAL_TEST	234	941.5	100.0	-383.95	94.83	0.75	1686
bullhead_3_sensor5_dqn_domain_randomization	REAL_TEST	237	823.0	100.0	-538.58	131.82	0.85	1968
bullhead_3_sensor5_dqn_domain_randomization	REAL_TEST	240	913.8	100.0	-537.60	135.94	0.81	1812
bullhead_3_sensor5_dqn_domain_randomization	REAL_TEST	243	843.0	100.0	-420.67	107.30	0.76	1785
bullhead_3_sensor5_dqn_domain_randomization	REAL_TEST	246	250.1	100.0	-145.10	33.68	0.74	3784
bullhead_3_sensor5_dqn_domain_randomization	REAL_TEST	249	225.0	100.0	-151.50	35.98	0.77	3848
bullhead_3_sensor5_dqn_domain_randomization	REAL_TEST	252	513.0	100.0	-314.97	81.60	0.78	2487
bullhead_3_sensor5_dqn_domain_randomization	REAL_TEST	255	550.2	100.0	-326.25	82.46	0.76	2443
bullhead_3_sensor5_dqn_domain_randomization	REAL_TEST	258	898.5	100.0	-478.63	120.50	0.76	1779
bullhead_3_sensor5_dqn_domain_randomization	REAL_TEST	261	415.6	100.0	-308.53	79.81	0.79	2757
bullhead_3_sensor5_dqn_domain_randomization	REAL_TEST	264	223.8	100.0	-133.71	33.51	0.75	3868
bullhead_3_sensor5_dqn_domain_randomization	REAL_TEST	267	280.1	100.0	-175.75	48.10	0.80	3795
bullhead_3_sensor5_dqn_domain_randomization	REAL_TEST	270	547.1	100.0	-270.95	70.11	0.65	2480
bullhead_3_sensor5_dqn_domain_randomization	REAL_TEST	273	284.3	100.0	-178.96	47.49	0.79	3830
bullhead_3_sensor5_dqn_domain_randomization	REAL_TEST	276	664.8	100.0	-400.24	105.29	0.69	2468
bullhead_3_sensor5_dqn_domain_randomization	REAL_TEST	279	492.0	100.0	-365.07	88.34	0.78	2925
bullhead_3_sensor5_dqn_domain_randomization	REAL_TEST	282	446.9	100.0	-351.93	85.28	0.80	3318
bullhead_3_sensor5_dqn_domain_randomization	REAL_TEST	285	264.0	100.0	-156.64	40.95	0.73	3840
bullhead_3_sensor5_dqn_domain_randomization	REAL_TEST	288	424.7	100.0	-321.38	76.32	0.80	3343
bullhead_3_sensor5_dqn_domain_randomization	REAL_TEST	291	313.3	100.0	-205.80	48.91	0.74	3585
bullhead_3_sensor5_dqn_domain_randomization	REAL_TEST	294	229.4	100.0	-145.03	36.28	0.79	3790
bullhead_3_sensor5_dqn_domain_randomization	REAL_TEST	297	221.8	100.0	-139.40	35.07	0.78	3873
