bullhead_3_noise20_dqn_latent_observation	REAL_TEST	2	628.4	100.0	-758.11	188.07	8.28	2287
bullhead_3_noise20_dqn_latent_observation	REAL_TEST	4	540.9	100.0	-768.92	176.15	8.59	2591
bullhead_3_noise20_dqn_latent_observation	REAL_TEST	6	232.8	100.0	-386.55	96.08	8.37	3773
bullhead_3_noise20_dqn_latent_observation	REAL_TEST	8	242.7	100.0	-401.72	96.09	8.36	3737
bullhead_3_noise20_dqn_latent_observation	REAL_TEST	10	368.4	100.0	-413.12	103.85	8.14	3204
bullhead_3_noise20_dqn_latent_observation	REAL_TEST	12	193.9	100.0	-357.39	85.89	8.17	3851
bullhead_3_noise20_dqn_latent_observation	REAL_TEST	14	196.9	100.0	-354.60	83.72	8.17	3863
bullhead_3_noise20_dqn_latent_observation	REAL_TEST	16	438.5	100.0	-560.42	131.18	8.30	2861
bullhead_3_noise20_dqn_latent_observation	REAL_TEST	18	283.0	100.0	-412.73	103.58	8.35	3338
bullhead_3_noise20_dqn_latent_observation	REAL_TEST	20	227.9	100.0	-382.37	90.23	8.25	3305
bullhead_3_noise20_dqn_latent_observation	REAL_TEST	22	764.0	100.0	-728.77	180.00	8.17	1970
bullhead_3_noise20_dqn_latent_observation	REAL_TEST	24	200.8	100.0	-361.83	88.79	8.20	3912
bullhead_3_noise20_dqn_latent_observation	REAL_TEST	26	225.7	100.0	-368.42	93.45	8.22	3633
bullhead_3_noise20_dqn_latent_observation	REAL_TEST	28	238.7	100.0	-368.46	90.03	8.39	3402
bullhead_3_noise20_dqn_latent_observation	REAL_TEST	30	202.8	100.0	-351.63	86.18	8.38	3442
bullhead_3_noise20_dqn_latent_observation	REAL_TEST	32	290.4	100.0	-377.55	95.31	8.24	3325
bullhead_3_noise20_dqn_latent_observation	REAL_TEST	34	748.7	100.0	-701.34	169.73	8.37	2021
bullhead_3_noise20_dqn_latent_observation	REAL_TEST	36	1116.7	100.0	-965.56	231.71	8.20	1417
bullhead_3_noise20_dqn_latent_observation	REAL_TEST	38	1075.9	100.0	-1002.25	242.85	8.06	1379
bullhead_3_noise20_dqn_latent_observation	REAL_TEST	40	1249.8	100.0	-980.96	237.98	8.29	1322
bullhead_3_noise20_dqn_latent_observation	REAL_TEST	42	1231.1	100.0	-963.72	233.04	8.39	1324
bullhead_3_noise20_dqn_latent_observation	REAL_TEST	44	1140.1	100.0	-942.43	227.86	8.46	1435
bullhead_3_noise20_dqn_latent_observation	REAL_TEST	46	1225.1	100.0	-968.14	234.43	8.43	1337
bullhead_3_noise20_dqn_latent_observation	REAL_TEST	48	1064.5	100.0	-1032.52	251.19	8.29	1385
bullhead_3_noise20_dqn_latent_observation	REAL_TEST	50	1052.1	100.0	-994.66	239.88	8.24	1439
bullhead_3_noise20_dqn_latent_observation	REAL_TEST	52	1158.7	100.0	-966.65	233.94	8.32	1355
bullhead_3_noise20_dqn_latent_observation	REAL_TEST	54	1144.9	100.0	-1055.09	256.49	8.45	1286
bullhead_3_noise20_dqn_latent_observation	REAL_TEST	56	1036.1	100.0	-877.57	209.90	8.34	1553
bullhead_3_noise20_dqn_latent_observation	REAL_TEST	58	1174.0	100.0	-1017.18	248.64	8.36	1282
bullhead_3_noise20_dqn_latent_observation	REAL_TEST	60	1292.5	100.0	-1030.70	252.03	8.33	1230
bullhead_3_noise20_dqn_latent_observation	REAL_TEST	62	1135.3	100.0	-1026.62	251.60	8.24	1295
bullhead_3_noise20_dqn_latent_observation	REAL_TEST	64	1325.9	100.0	-1130.55	277.23	8.40	1082
bullhead_3_noise20_dqn_latent_observation	REAL_TEST	66	1232.1	100.0	-1057.77	256.07	8.45	1223
bullhead_3_noise20_dqn_latent_observation	REAL_TEST	68	1365.3	100.0	-1094.84	267.19	8.42	1008
bullhead_3_noise20_dqn_latent_observation	REAL_TEST	70	1354.4	100.0	-996.67	246.39	8.57	1096
bullhead_3_noise20_dqn_latent_observation	REAL_TEST	72	1667.8	100.0	-1144.70	288.38	8.31	761
bullhead_3_noise20_dqn_latent_observation	REAL_TEST	74	1349.4	100.0	-991.73	247.12	8.73	1091
bullhead_3_noise20_dqn_latent_observation	REAL_TEST	76	1475.9	100.0	-1066.76	265.01	8.13	936
bullhead_3_noise20_dqn_latent_observation	REAL_TEST	78	1466.2	100.0	-1027.07	253.23	8.28	979
bullhead_3_noise20_dqn_latent_observation	REAL_TEST	80	1574.7	100.0	-1059.72	264.01	8.31	863
bullhead_3_noise20_dqn_latent_observation	REAL_TEST	82	1490.3	100.0	-1041.48	257.01	8.51	927
bullhead_3_noise20_dqn_latent_observation	REAL_TEST	84	1374.2	100.0	-1078.20	274.49	8.40	1018
bullhead_3_noise20_dqn_latent_observation	REAL_TEST	86	1541.5	100.0	-1061.71	263.59	8.81	904
bullhead_3_noise20_dqn_latent_observation	REAL_TEST	88	1258.0	100.0	-972.82	242.18	8.34	1182
bullhead_3_noise20_dqn_latent_observation	REAL_TEST	90	1438.2	100.0	-1030.42	253.04	8.45	998
bullhead_3_noise20_dqn_latent_observation	REAL_TEST	92	1101.5	100.0	-924.93	228.84	8.39	1391
bullhead_3_noise20_dqn_latent_observation	REAL_TEST	94	1073.5	100.0	-895.47	220.23	8.37	1411
bullhead_3_noise20_dqn_latent_observation	REAL_TEST	96	977.0	100.0	-836.40	207.09	8.46	1578
bullhead_3_noise20_dqn_latent_observation	REAL_TEST	98	1056.1	100.0	-912.85	221.33	8.19	1518
bullhead_3_noise20_dqn_latent_observation	REAL_TEST	100	765.7	100.0	-756.67	183.98	8.41	1944
bullhead_3_noise20_dqn_latent_observation	REAL_TEST	102	773.1	100.0	-725.64	180.05	8.39	1876
bullhead_3_noise20_dqn_latent_observation	REAL_TEST	104	420.5	100.0	-446.77	113.37	8.40	3081
bullhead_3_noise20_dqn_latent_observation	REAL_TEST	106	905.4	100.0	-712.13	178.14	8.08	1741
bullhead_3_noise20_dqn_latent_observation	REAL_TEST	108	1046.0	100.0	-790.27	198.14	8.31	1580
bullhead_3_noise20_dqn_latent_observation	REAL_TEST	110	353.4	100.0	-405.08	103.47	8.28	3352
bullhead_3_noise20_dqn_latent_observation	REAL_TEST	112	216.4	100.0	-333.62	86.77	8.26	4081
bullhead_3_noise20_dqn_latent_observation	REAL_TEST	114	418.6	100.0	-454.47	114.70	8.30	3005
bullhead_3_noise20_dqn_latent_observation	REAL_TEST	116	253.3	100.0	-348.75	89.88	8.22	3835
bullhead_3_noise20_dqn_latent_observation	REAL_TEST	118	213.8	100.0	-334.95	83.84	8.00	4064
bullhead_3_noise20_dqn_latent_observation	REAL_TEST	120	184.5	100.0	-320.56	83.75	8.25	4107
bullhead_3_noise20_dqn_latent_observation	REAL_TEST	122	208.6	100.0	-329.59	81.94	8.17	4117
bullhead_3_noise20_dqn_latent_observation	REAL_TEST	124	241.4	100.0	-348.93	89.00	8.38	3849
bullhead_3_noise20_dqn_latent_observation	REAL_TEST	126	227.0	100.0	-335.53	86.42	8.25	4006
bullhead_3_noise20_dqn_latent_observation	REAL_TEST	128	378.1	100.0	-420.92	112.33	8.33	3220
bullhead_3_noise20_dqn_latent_observation	REAL_TEST	130	500.8	100.0	-479.94	130.84	8.07	2834
bullhead_3_noise20_dqn_latent_observation	REAL_TEST	132	482.2	100.0	-471.64	128.43	8.43	2849
bullhead_3_noise20_dqn_latent_observation	REAL_TEST	134	176.2	100.0	-323.15	79.03	8.03	4089
bullhead_3_noise20_dqn_latent_observation	REAL_TEST	136	189.9	100.0	-329.24	80.40	8.33	4021
bullhead_3_noise20_dqn_latent_observation	REAL_TEST	138	312.2	100.0	-390.85	102.55	8.28	3235
bullhead_3_noise20_dqn_latent_observation	REAL_TEST	140	380.3	100.0	-417.97	111.70	8.22	3272
bullhead_3_noise20_dqn_latent_observation	REAL_TEST	142	477.7	100.0	-464.32	124.39	8.51	2908
bullhead_3_noise20_dqn_latent_observation	REAL_TEST	144	464.4	100.0	-457.79	125.61	8.21	2885
bullhead_3_noise20_dqn_latent_observation	REAL_TEST	146	393.3	100.0	-421.51	110.38	8.14	3030
bullhead_3_noise20_dqn_latent_observation	REAL_TEST	148	427.0	100.0	-441.23	120.78	8.36	2939
bullhead_3_noise20_dqn_latent_observation	REAL_TEST	150	485.2	100.0	-476.89	130.34	8.30	2795
bullhead_3_noise20_dqn_latent_observation	REAL_TEST	152	630.7	100.0	-586.93	161.22	8.22	2452
bullhead_3_noise20_dqn_latent_observation	REAL_TEST	154	303.5	100.0	-419.52	109.50	8.61	3595
bullhead_3_noise20_dqn_latent_observation	REAL_TEST	156	476.2	100.0	-536.85	147.65	8.27	2794
bullhead_3_noise20_dqn_latent_observation	REAL_TEST	158	746.1	100.0	-685.66	193.10	8.29	2251
bullhead_3_noise20_dqn_latent_observation	REAL_TEST	160	616.5	100.0	-612.03	174.77	8.30	2459
bullhead_3_noise20_dqn_latent_observation	REAL_TEST	162	400.2	100.0	-487.31	132.45	8.21	3094
bullhead_3_noise20_dqn_latent_observation	REAL_TEST	164	289.0	100.0	-405.19	108.79	8.10	3651
bullhead_3_noise20_dqn_latent_observation	REAL_TEST	166	602.0	100.0	-614.96	171.43	8.15	2512
bullhead_3_noise20_dqn_latent_observation	REAL_TEST	168	373.5	100.0	-464.15	123.02	8.21	3220
bullhead_3_noise20_dqn_latent_observation	REAL_TEST	170	634.3	100.0	-603.43	168.39	8.17	2499
bullhead_3_noise20_dqn_latent_observation	REAL_TEST	172	542.7	100.0	-590.43	166.74	8.48	2625
bullhead_3_noise20_dqn_latent_observation	REAL_TEST	174	387.9	100.0	-483.33	130.03	8.32	3213
bullhead_3_noise20_dqn_latent_observation	REAL_TEST	176	696.7	100.0	-661.83	188.26	8.52	2304
bullhead_3_noise20_dqn_latent_observation	REAL_TEST	178	664.9	100.0	-651.39	186.11	8.22	2417
bullhead_3_noise20_dqn_latent_observation	REAL_TEST	180	695.3	100.0	-604.62	168.57	8.27	2395
bullhead_3_noise20_dqn_latent_observation	REAL_TEST	182	713.8	100.0	-689.97	194.03	8.16	2227
bullhead_3_noise20_dqn_latent_observation	REAL_TEST	184	567.7	100.0	-576.71	162.08	8.28	2616
bullhead_3_noise20_dqn_latent_observation	REAL_TEST	186	550.4	100.0	-571.53	160.25	8.22	2595
bullhead_3_noise20_dqn_latent_observation	REAL_TEST	188	462.3	100.0	-516.03	140.40	8.64	2861
bullhead_3_noise20_dqn_latent_observation	REAL_TEST	190	624.0	100.0	-614.99	172.70	8.34	2473
bullhead_3_noise20_dqn_latent_observation	REAL_TEST	192	525.0	100.0	-576.35	161.49	8.32	2573
bullhead_3_noise20_dqn_latent_observation	REAL_TEST	194	469.5	100.0	-529.61	146.58	7.99	2799
bullhead_3_noise20_dqn_latent_observation	REAL_TEST	196	596.7	100.0	-626.54	168.06	8.36	2266
bullhead_3_noise20_dqn_latent_observation	REAL_TEST	198	469.6	100.0	-522.98	137.86	8.36	2669
