bullhead_3_combine4_dqn_latent_observation	REAL_TEST	2	815.8	100.0	-623.52	162.63	1.77	2001
bullhead_3_combine4_dqn_latent_observation	REAL_TEST	4	310.2	100.0	-277.64	61.24	2.14	3067
bullhead_3_combine4_dqn_latent_observation	REAL_TEST	6	228.5	100.0	-158.73	36.07	1.76	3732
bullhead_3_combine4_dqn_latent_observation	REAL_TEST	8	246.2	100.0	-189.99	45.32	1.99	3712
bullhead_3_combine4_dqn_latent_observation	REAL_TEST	10	688.9	100.0	-371.19	101.44	1.76	2580
bullhead_3_combine4_dqn_latent_observation	REAL_TEST	12	590.4	100.0	-252.19	70.06	1.61	2650
bullhead_3_combine4_dqn_latent_observation	REAL_TEST	14	445.5	100.0	-336.39	81.66	1.99	3186
bullhead_3_combine4_dqn_latent_observation	REAL_TEST	16	863.6	100.0	-403.99	105.22	1.67	2076
bullhead_3_combine4_dqn_latent_observation	REAL_TEST	18	753.7	100.0	-525.67	125.86	1.82	2435
bullhead_3_combine4_dqn_latent_observation	REAL_TEST	20	711.9	100.0	-517.53	127.63	1.95	2535
bullhead_3_combine4_dqn_latent_observation	REAL_TEST	22	1316.7	100.0	-694.72	178.92	2.03	1338
bullhead_3_combine4_dqn_latent_observation	REAL_TEST	24	1917.0	100.0	-842.79	217.33	1.98	611
bullhead_3_combine4_dqn_latent_observation	REAL_TEST	26	1738.1	100.0	-683.91	183.14	1.46	651
bullhead_3_combine4_dqn_latent_observation	REAL_TEST	28	2057.5	100.0	-645.34	162.71	1.65	347
bullhead_3_combine4_dqn_latent_observation	REAL_TEST	30	1594.2	100.0	-777.39	195.15	1.64	782
bullhead_3_combine4_dqn_latent_observation	REAL_TEST	32	2156.4	100.0	-1039.00	254.44	2.10	279
bullhead_3_combine4_dqn_latent_observation	REAL_TEST	34	1999.4	100.0	-911.38	236.69	2.10	389
bullhead_3_combine4_dqn_latent_observation	REAL_TEST	36	2248.5	100.0	-958.65	255.36	1.64	208
bullhead_3_combine4_dqn_latent_observation	REAL_TEST	38	2230.8	100.0	-1042.47	267.27	2.05	213
bullhead_3_combine4_dqn_latent_observation	REAL_TEST	40	1561.0	100.0	-728.61	193.95	1.60	871
bullhead_3_combine4_dqn_latent_observation	REAL_TEST	42	2273.4	100.0	-1079.05	279.42	1.72	223
bullhead_3_combine4_dqn_latent_observation	REAL_TEST	44	1721.6	100.0	-805.48	204.51	1.84	670
bullhead_3_combine4_dqn_latent_observation	REAL_TEST	46	2303.9	100.0	-1013.35	265.12	1.76	239
bullhead_3_combine4_dqn_latent_observation	REAL_TEST	48	2135.3	100.0	-794.50	203.51	1.61	280
bullhead_3_combine4_dqn_latent_observation	REAL_TEST	50	2164.2	100.0	-651.61	182.94	1.67	264
bullhead_3_combine4_dqn_latent_observation	REAL_TEST	52	1087.5	100.0	-579.64	151.40	1.70	1572
bullhead_3_combine4_dqn_latent_observation	REAL_TEST	54	1499.9	100.0	-871.85	211.39	1.73	936
bullhead_3_combine4_dqn_latent_observation	REAL_TEST	56	1733.8	100.0	-699.79	184.52	1.82	687
bullhead_3_combine4_dqn_latent_observation	REAL_TEST	58	1437.1	100.0	-627.74	155.73	1.49	1127
bullhead_3_combine4_dqn_latent_observation	REAL_TEST	60	1441.6	100.0	-630.41	170.01	1.75	1015
bullhead_3_combine4_dqn_latent_observation	REAL_TEST	62	1327.1	100.0	-781.64	189.39	1.55	1263
bullhead_3_combine4_dqn_latent_observation	REAL_TEST	64	1048.3	100.0	-736.18	178.31	1.91	1772
bullhead_3_combine4_dqn_latent_observation	REAL_TEST	66	1149.0	100.0	-498.98	125.91	2.15	1467
bullhead_3_combine4_dqn_latent_observation	REAL_TEST	68	1219.0	100.0	-941.70	225.84	2.15	1267
bullhead_3_combine4_dqn_latent_observation	REAL_TEST	70	927.4	100.0	-633.93	150.94	1.85	1941
bullhead_3_combine4_dqn_latent_observation	REAL_TEST	72	1865.4	100.0	-801.29	207.20	1.83	570
bullhead_3_combine4_dqn_latent_observation	REAL_TEST	74	1313.7	100.0	-803.05	197.71	2.05	1300
bullhead_3_combine4_dqn_latent_observation	REAL_TEST	76	1554.3	100.0	-712.01	178.49	1.53	818
bullhead_3_combine4_dqn_latent_observation	REAL_TEST	78	1338.8	100.0	-863.76	221.32	1.65	1274
bullhead_3_combine4_dqn_latent_observation	REAL_TEST	80	1196.7	100.0	-555.28	133.85	1.85	1437
bullhead_3_combine4_dqn_latent_observation	REAL_TEST	82	1643.4	100.0	-774.29	193.99	1.60	850
bullhead_3_combine4_dqn_latent_observation	REAL_TEST	84	1221.9	100.0	-365.72	103.03	1.84	1500
bullhead_3_combine4_dqn_latent_observation	REAL_TEST	86	1283.0	100.0	-657.10	159.96	1.53	1358
bullhead_3_combine4_dqn_latent_observation	REAL_TEST	88	1489.0	100.0	-794.91	193.92	2.06	998
bullhead_3_combine4_dqn_latent_observation	REAL_TEST	90	1542.9	100.0	-601.42	162.44	1.70	1121
bullhead_3_combine4_dqn_latent_observation	REAL_TEST	92	1493.3	100.0	-767.23	187.31	1.78	996
bullhead_3_combine4_dqn_latent_observation	REAL_TEST	94	1326.8	100.0	-501.96	140.63	1.70	1312
bullhead_3_combine4_dqn_latent_observation	REAL_TEST	96	1294.3	100.0	-918.46	228.59	1.49	1393
bullhead_3_combine4_dqn_latent_observation	REAL_TEST	98	907.2	100.0	-376.04	101.45	1.50	2184
bullhead_3_combine4_dqn_latent_observation	REAL_TEST	100	1486.8	100.0	-532.64	129.19	1.30	927
bullhead_3_combine4_dqn_latent_observation	REAL_TEST	102	842.7	100.0	-661.72	161.83	1.74	2303
bullhead_3_combine4_dqn_latent_observation	REAL_TEST	104	864.9	100.0	-640.46	156.01	2.14	2437
bullhead_3_combine4_dqn_latent_observation	REAL_TEST	106	922.7	100.0	-706.65	167.93	2.00	2076
bullhead_3_combine4_dqn_latent_observation	REAL_TEST	108	1065.1	100.0	-425.30	104.62	1.25	1735
bullhead_3_combine4_dqn_latent_observation	REAL_TEST	110	522.3	100.0	-540.24	125.38	1.72	3262
bullhead_3_combine4_dqn_latent_observation	REAL_TEST	112	566.3	100.0	-536.83	127.30	1.62	2890
bullhead_3_combine4_dqn_latent_observation	REAL_TEST	114	862.6	100.0	-668.27	166.90	1.53	2264
bullhead_3_combine4_dqn_latent_observation	REAL_TEST	116	724.2	100.0	-358.05	85.91	1.47	2467
bullhead_3_combine4_dqn_latent_observation	REAL_TEST	118	419.8	100.0	-478.50	111.29	1.75	3294
bullhead_3_combine4_dqn_latent_observation	REAL_TEST	120	392.3	100.0	-467.51	110.32	1.86	3612
bullhead_3_combine4_dqn_latent_observation	REAL_TEST	122	1003.4	100.0	-530.67	125.36	1.07	1573
bullhead_3_combine4_dqn_latent_observation	REAL_TEST	124	691.3	100.0	-469.84	116.38	1.90	2670
bullhead_3_combine4_dqn_latent_observation	REAL_TEST	126	1169.0	100.0	-524.41	134.39	1.70	1517
bullhead_3_combine4_dqn_latent_observation	REAL_TEST	128	455.0	100.0	-336.58	81.72	1.89	3555
bullhead_3_combine4_dqn_latent_observation	REAL_TEST	130	1005.4	100.0	-717.65	184.81	1.96	2033
bullhead_3_combine4_dqn_latent_observation	REAL_TEST	132	534.6	100.0	-323.76	79.73	1.91	3095
bullhead_3_combine4_dqn_latent_observation	REAL_TEST	134	896.8	100.0	-570.07	136.52	1.33	1999
bullhead_3_combine4_dqn_latent_observation	REAL_TEST	136	669.3	100.0	-402.67	95.95	1.38	2895
bullhead_3_combine4_dqn_latent_observation	REAL_TEST	138	479.6	100.0	-457.30	108.08	1.67	2971
bullhead_3_combine4_dqn_latent_observation	REAL_TEST	140	649.1	100.0	-353.85	87.93	1.74	2912
bullhead_3_combine4_dqn_latent_observation	REAL_TEST	142	622.1	100.0	-476.14	114.10	1.66	3058
bullhead_3_combine4_dqn_latent_observation	REAL_TEST	144	346.9	100.0	-242.56	58.14	1.46	3728
bullhead_3_combine4_dqn_latent_observation	REAL_TEST	146	794.3	100.0	-421.79	106.95	1.27	2477
bullhead_3_combine4_dqn_latent_observation	REAL_TEST	148	327.9	100.0	-267.31	65.27	1.58	3696
bullhead_3_combine4_dqn_latent_observation	REAL_TEST	150	1194.9	100.0	-757.94	190.41	1.75	1621
bullhead_3_combine4_dqn_latent_observation	REAL_TEST	152	521.4	100.0	-325.66	77.25	1.62	3211
bullhead_3_combine4_dqn_latent_observation	REAL_TEST	154	986.6	100.0	-551.05	139.25	1.82	2068
bullhead_3_combine4_dqn_latent_observation	REAL_TEST	156	1507.9	100.0	-600.60	149.31	1.45	931
bullhead_3_combine4_dqn_latent_observation	REAL_TEST	158	665.8	100.0	-382.66	100.69	1.71	2857
bullhead_3_combine4_dqn_latent_observation	REAL_TEST	160	768.2	100.0	-503.80	122.79	1.73	2429
bullhead_3_combine4_dqn_latent_observation	REAL_TEST	162	567.9	100.0	-444.18	106.95	1.73	3053
bullhead_3_combine4_dqn_latent_observation	REAL_TEST	164	798.3	100.0	-593.81	149.67	1.87	2374
bullhead_3_combine4_dqn_latent_observation	REAL_TEST	166	870.6	100.0	-624.03	148.88	1.75	2110
bullhead_3_combine4_dqn_latent_observation	REAL_TEST	168	768.6	100.0	-404.17	97.97	1.58	2688
bullhead_3_combine4_dqn_latent_observation	REAL_TEST	170	1386.5	100.0	-700.63	184.80	1.95	1309
bullhead_3_combine4_dqn_latent_observation	REAL_TEST	172	937.6	100.0	-516.98	127.08	1.81	2104
bullhead_3_combine4_dqn_latent_observation	REAL_TEST	174	907.9	100.0	-361.35	88.65	1.40	2063
bullhead_3_combine4_dqn_latent_observation	REAL_TEST	176	925.1	100.0	-681.84	167.85	2.01	2170
bullhead_3_combine4_dqn_latent_observation	REAL_TEST	178	896.2	100.0	-479.95	128.01	1.85	2263
bullhead_3_combine4_dqn_latent_observation	REAL_TEST	180	872.9	100.0	-316.68	90.33	1.63	2283
bullhead_3_combine4_dqn_latent_observation	REAL_TEST	182	1583.6	100.0	-845.79	213.39	2.01	938
bullhead_3_combine4_dqn_latent_observation	REAL_TEST	184	784.5	100.0	-480.76	126.03	1.81	2578
bullhead_3_combine4_dqn_latent_observation	REAL_TEST	186	486.3	100.0	-276.52	66.45	1.31	3314
bullhead_3_combine4_dqn_latent_observation	REAL_TEST	188	1168.3	100.0	-653.09	159.89	1.71	1489
bullhead_3_combine4_dqn_latent_observation	REAL_TEST	190	1004.4	100.0	-536.30	141.67	1.83	2038
bullhead_3_combine4_dqn_latent_observation	REAL_TEST	192	886.7	100.0	-686.63	173.41	1.80	2393
bullhead_3_combine4_dqn_latent_observation	REAL_TEST	194	946.4	100.0	-665.56	161.42	1.95	2001
bullhead_3_combine4_dqn_latent_observation	REAL_TEST	196	800.5	100.0	-476.30	119.79	1.94	2357
bullhead_3_combine4_dqn_latent_observation	REAL_TEST	198	1330.1	100.0	-752.09	185.82	2.02	1362
