bullhead_1_setting3_dqn_prlight	REAL_TEST	3	382.2	100.0	-120.84	111.57	0.72	1071	0.0000	0.0000
bullhead_1_setting3_dqn_prlight	REAL_TEST	6	352.9	100.0	-111.83	99.49	0.77	923	0.0000	0.0000
bullhead_1_setting3_dqn_prlight	REAL_TEST	9	211.1	100.0	-48.30	37.69	0.76	1286	0.0000	0.0000
bullhead_1_setting3_dqn_prlight	REAL_TEST	12	225.5	100.0	-58.91	45.45	0.77	1104	0.0000	0.0000
bullhead_1_setting3_dqn_prlight	REAL_TEST	15	281.5	100.0	-83.17	70.31	0.78	1100	0.0000	0.0000
bullhead_1_setting3_dqn_prlight	REAL_TEST	18	341.4	100.0	-108.19	95.88	0.77	980	0.0000	0.0000
bullhead_1_setting3_dqn_prlight	REAL_TEST	21	316.0	100.0	-91.71	79.31	0.76	1211	0.0000	0.0000
bullhead_1_setting3_dqn_prlight	REAL_TEST	24	312.7	100.0	-95.22	82.88	0.78	953	0.0000	0.0000
bullhead_1_setting3_dqn_prlight	REAL_TEST	27	353.6	100.0	-110.74	97.59	0.79	1212	0.0000	0.0000
bullhead_1_setting3_dqn_prlight	REAL_TEST	30	302.7	100.0	-88.78	76.82	0.77	1235	0.0000	0.0000
bullhead_1_setting3_dqn_prlight	REAL_TEST	33	309.2	100.0	-92.43	79.77	0.77	1119	0.0000	0.0000
bullhead_1_setting3_dqn_prlight	REAL_TEST	36	452.0	100.0	-148.22	135.23	0.79	797	0.0000	0.0000
bullhead_1_setting3_dqn_prlight	REAL_TEST	39	488.1	100.0	-159.00	147.67	0.79	771	0.0000	0.0000
bullhead_1_setting3_dqn_prlight	REAL_TEST	42	482.2	100.0	-156.25	146.83	0.76	782	0.0000	0.0000
bullhead_1_setting3_dqn_prlight	REAL_TEST	45	358.6	100.0	-113.76	101.94	0.78	1144	0.0000	0.0000
bullhead_1_setting3_dqn_prlight	REAL_TEST	48	257.9	100.0	-68.54	56.76	0.77	1330	0.0000	0.0000
bullhead_1_setting3_dqn_prlight	REAL_TEST	51	185.7	100.0	-38.68	27.23	0.75	1321	0.0000	0.0000
bullhead_1_setting3_dqn_prlight	REAL_TEST	54	171.8	100.0	-34.64	21.69	0.75	1341	0.0000	0.0000
bullhead_1_setting3_dqn_prlight	REAL_TEST	57	212.3	100.0	-52.16	38.21	0.77	1359	0.0000	0.0000
bullhead_1_setting3_dqn_prlight	REAL_TEST	60	263.1	100.0	-68.80	57.55	0.76	1264	0.0000	0.0000
bullhead_1_setting3_dqn_prlight	REAL_TEST	63	224.8	100.0	-54.17	43.18	0.75	1309	0.0000	0.0000
bullhead_1_setting3_dqn_prlight	REAL_TEST	66	219.8	100.0	-54.85	41.16	0.78	1315	0.0000	0.0000
bullhead_1_setting3_dqn_prlight	REAL_TEST	69	207.1	100.0	-46.93	36.05	0.75	1332	0.0000	0.0000
bullhead_1_setting3_dqn_prlight	REAL_TEST	72	174.6	100.0	-34.76	22.73	0.77	1325	0.0000	0.0000
bullhead_1_setting3_dqn_prlight	REAL_TEST	75	176.1	100.0	-36.20	23.14	0.78	1330	0.0000	0.0000
bullhead_1_setting3_dqn_prlight	REAL_TEST	78	180.5	100.0	-37.84	24.99	0.78	1335	0.0000	0.0000
bullhead_1_setting3_dqn_prlight	REAL_TEST	81	182.5	100.0	-38.65	26.00	0.78	1324	0.0000	0.0000
bullhead_1_setting3_dqn_prlight	REAL_TEST	84	193.2	100.0	-40.66	30.13	0.75	1355	0.0000	0.0000
bullhead_1_setting3_dqn_prlight	REAL_TEST	87	178.3	100.0	-35.70	24.39	0.76	1344	0.0000	0.0000
bullhead_1_setting3_dqn_prlight	REAL_TEST	90	209.3	100.0	-50.94	34.65	0.83	1251	0.0000	0.0000
bullhead_1_setting3_dqn_prlight	REAL_TEST	93	205.0	100.0	-51.30	31.88	0.87	1244	0.0000	0.0000
bullhead_1_setting3_dqn_prlight	REAL_TEST	96	180.3	100.0	-35.99	24.91	0.75	1336	0.0000	0.0000
bullhead_1_setting3_dqn_prlight	REAL_TEST	99	211.7	100.0	-49.04	40.57	0.70	1245	0.0000	0.0000
bullhead_1_setting3_dqn_prlight	REAL_TEST	102	216.5	100.0	-51.25	40.09	0.75	1307	0.0000	0.0000
bullhead_1_setting3_dqn_prlight	REAL_TEST	105	180.4	100.0	-37.27	24.90	0.78	1331	0.0000	0.0000
bullhead_1_setting3_dqn_prlight	REAL_TEST	108	175.9	100.0	-35.51	23.22	0.78	1322	0.0000	0.0000
bullhead_1_setting3_dqn_prlight	REAL_TEST	111	200.7	100.0	-45.23	33.41	0.79	1333	0.0000	0.0000
bullhead_1_setting3_dqn_prlight	REAL_TEST	114	225.3	100.0	-53.20	43.34	0.75	1311	0.0000	0.0000
bullhead_1_setting3_dqn_prlight	REAL_TEST	117	188.2	100.0	-41.62	28.41	0.79	1310	0.0000	0.0000
bullhead_1_setting3_dqn_prlight	REAL_TEST	120	193.1	100.0	-43.15	30.00	0.77	1321	0.0000	0.0000
bullhead_1_setting3_dqn_prlight	REAL_TEST	123	195.8	100.0	-44.75	34.09	0.76	1226	0.0000	0.0000
bullhead_1_setting3_dqn_prlight	REAL_TEST	126	241.4	100.0	-63.39	54.12	0.73	1166	0.0000	0.0000
bullhead_1_setting3_dqn_prlight	REAL_TEST	129	209.3	100.0	-48.87	36.86	0.78	1306	0.0000	0.0000
bullhead_1_setting3_dqn_prlight	REAL_TEST	132	212.2	100.0	-51.17	40.82	0.75	1214	0.0000	0.0000
bullhead_1_setting3_dqn_prlight	REAL_TEST	135	180.7	100.0	-36.36	25.01	0.77	1321	0.0000	0.0000
bullhead_1_setting3_dqn_prlight	REAL_TEST	138	176.9	100.0	-34.59	23.66	0.74	1329	0.0000	0.0000
bullhead_1_setting3_dqn_prlight	REAL_TEST	141	186.1	100.0	-39.13	28.39	0.77	1296	0.0000	0.0000
bullhead_1_setting3_dqn_prlight	REAL_TEST	144	198.2	100.0	-43.46	32.30	0.75	1320	0.0000	0.0000
bullhead_1_setting3_dqn_prlight	REAL_TEST	147	188.1	100.0	-40.40	28.00	0.76	1322	0.0000	0.0000
bullhead_1_setting3_dqn_prlight	REAL_TEST	150	171.7	100.0	-35.64	21.33	0.78	1320	0.0000	0.0000
bullhead_1_setting3_dqn_prlight	REAL_TEST	153	205.7	100.0	-47.97	34.46	0.81	1300	0.0000	0.0000
bullhead_1_setting3_dqn_prlight	REAL_TEST	156	212.5	100.0	-49.71	38.14	0.76	1313	0.0000	0.0000
bullhead_1_setting3_dqn_prlight	REAL_TEST	159	171.1	100.0	-32.51	21.23	0.75	1341	0.0000	0.0000
bullhead_1_setting3_dqn_prlight	REAL_TEST	162	185.6	100.0	-37.26	27.12	0.73	1304	0.0000	0.0000
bullhead_1_setting3_dqn_prlight	REAL_TEST	165	198.7	100.0	-44.12	32.84	0.74	1298	0.0000	0.0000
bullhead_1_setting3_dqn_prlight	REAL_TEST	168	217.9	100.0	-50.13	40.35	0.76	1311	0.0000	0.0000
bullhead_1_setting3_dqn_prlight	REAL_TEST	171	192.1	100.0	-40.59	30.23	0.75	1285	0.0000	0.0000
bullhead_1_setting3_dqn_prlight	REAL_TEST	174	215.7	100.0	-49.36	39.29	0.74	1292	0.0000	0.0000
bullhead_1_setting3_dqn_prlight	REAL_TEST	177	195.6	100.0	-41.25	29.51	0.73	1255	0.0000	0.0000
bullhead_1_setting3_dqn_prlight	REAL_TEST	180	175.9	100.0	-34.10	23.07	0.73	1325	0.0000	0.0000
bullhead_1_setting3_dqn_prlight	REAL_TEST	183	172.2	100.0	-32.30	20.82	0.73	1305	0.0000	0.0000
bullhead_1_setting3_dqn_prlight	REAL_TEST	186	179.6	100.0	-38.65	23.31	0.79	1294	0.0000	0.0000
bullhead_1_setting3_dqn_prlight	REAL_TEST	189	197.1	100.0	-43.21	31.89	0.74	1227	0.0000	0.0000
bullhead_1_setting3_dqn_prlight	REAL_TEST	192	195.8	100.0	-44.40	32.09	0.74	1283	0.0000	0.0000
bullhead_1_setting3_dqn_prlight	REAL_TEST	195	190.3	100.0	-40.88	28.97	0.74	1338	0.0000	0.0000
bullhead_1_setting3_dqn_prlight	REAL_TEST	198	223.0	100.0	-52.81	42.16	0.74	1314	0.0000	0.0000
bullhead_1_setting3_dqn_prlight	REAL_TEST	201	176.8	100.0	-36.79	23.72	0.75	1326	0.0000	0.0000
bullhead_1_setting3_dqn_prlight	REAL_TEST	204	175.6	100.0	-33.06	23.57	0.72	1321	0.0000	0.0000
bullhead_1_setting3_dqn_prlight	REAL_TEST	207	234.6	100.0	-59.73	49.36	0.75	1228	0.0000	0.0000
bullhead_1_setting3_dqn_prlight	REAL_TEST	210	210.1	100.0	-49.19	37.74	0.76	1306	0.0000	0.0000
bullhead_1_setting3_dqn_prlight	REAL_TEST	213	256.6	100.0	-68.44	56.91	0.77	1222	0.0000	0.0000
bullhead_1_setting3_dqn_prlight	REAL_TEST	216	191.9	100.0	-38.96	29.43	0.72	1311	0.0000	0.0000
bullhead_1_setting3_dqn_prlight	REAL_TEST	219	194.4	100.0	-39.73	30.53	0.74	1331	0.0000	0.0000
bullhead_1_setting3_dqn_prlight	REAL_TEST	222	186.1	100.0	-37.97	27.77	0.73	1303	0.0000	0.0000
bullhead_1_setting3_dqn_prlight	REAL_TEST	225	191.2	100.0	-40.09	30.43	0.72	1280	0.0000	0.0000
bullhead_1_setting3_dqn_prlight	REAL_TEST	228	211.2	100.0	-47.19	37.63	0.74	1312	0.0000	0.0000
bullhead_1_setting3_dqn_prlight	REAL_TEST	231	198.1	100.0	-41.87	32.18	0.73	1301	0.0000	0.0000
bullhead_1_setting3_dqn_prlight	REAL_TEST	234	203.4	100.0	-43.56	34.26	0.74	1314	0.0000	0.0000
bullhead_1_setting3_dqn_prlight	REAL_TEST	237	217.0	100.0	-50.87	40.46	0.74	1236	0.0000	0.0000
bullhead_1_setting3_dqn_prlight	REAL_TEST	240	190.2	100.0	-39.33	27.57	0.72	1278	0.0000	0.0000
bullhead_1_setting3_dqn_prlight	REAL_TEST	243	181.9	100.0	-38.71	25.68	0.76	1320	0.0000	0.0000
bullhead_1_setting3_dqn_prlight	REAL_TEST	246	188.6	100.0	-38.58	26.95	0.72	1247	0.0000	0.0000
bullhead_1_setting3_dqn_prlight	REAL_TEST	249	189.8	100.0	-38.72	27.07	0.71	1267	0.0000	0.0000
bullhead_1_setting3_dqn_prlight	REAL_TEST	252	185.2	100.0	-38.08	25.61	0.73	1270	0.0000	0.0000
bullhead_1_setting3_dqn_prlight	REAL_TEST	255	221.8	100.0	-54.22	43.85	0.73	1241	0.0000	0.0000
bullhead_1_setting3_dqn_prlight	REAL_TEST	258	234.4	100.0	-59.93	49.58	0.75	1205	0.0000	0.0000
bullhead_1_setting3_dqn_prlight	REAL_TEST	261	283.9	100.0	-78.54	67.32	0.74	1160	0.0000	0.0000
bullhead_1_setting3_dqn_prlight	REAL_TEST	264	211.1	100.0	-47.76	38.02	0.74	1304	0.0000	0.0000
bullhead_1_setting3_dqn_prlight	REAL_TEST	267	200.8	100.0	-42.76	33.51	0.72	1261	0.0000	0.0000
bullhead_1_setting3_dqn_prlight	REAL_TEST	270	206.3	100.0	-43.58	35.73	0.71	1310	0.0000	0.0000
bullhead_1_setting3_dqn_prlight	REAL_TEST	273	183.1	100.0	-35.60	26.22	0.71	1318	0.0000	0.0000
bullhead_1_setting3_dqn_prlight	REAL_TEST	276	191.6	100.0	-38.57	30.00	0.71	1308	0.0000	0.0000
bullhead_1_setting3_dqn_prlight	REAL_TEST	279	201.3	100.0	-42.33	33.55	0.72	1301	0.0000	0.0000
bullhead_1_setting3_dqn_prlight	REAL_TEST	282	210.3	100.0	-46.71	36.91	0.73	1297	0.0000	0.0000
bullhead_1_setting3_dqn_prlight	REAL_TEST	285	184.3	100.0	-35.49	27.08	0.71	1309	0.0000	0.0000
bullhead_1_setting3_dqn_prlight	REAL_TEST	288	187.6	100.0	-38.92	28.64	0.72	1294	0.0000	0.0000
bullhead_1_setting3_dqn_prlight	REAL_TEST	291	183.9	100.0	-34.08	26.62	0.68	1325	0.0000	0.0000
bullhead_1_setting3_dqn_prlight	REAL_TEST	294	210.0	100.0	-42.35	36.97	0.67	1319	0.0000	0.0000
bullhead_1_setting3_dqn_prlight	REAL_TEST	297	199.6	100.0	-39.12	33.00	0.69	1310	0.0000	0.0000
