bullhead_3_barrier_leading_lagging_fixed_dqn_ugat_shield	REAL_TRAIN	0	683.9	100.0	-315.23	93.46	0.60	2338	0.0000	0.1315
bullhead_3_barrier_leading_lagging_fixed_dqn_ugat_shield	REAL_TRAIN	1	683.9	100.0	-315.23	93.46	0.60	2338	0.0000	0.1315
bullhead_3_barrier_leading_lagging_fixed_dqn_ugat_shield	REAL_TRAIN	2	684.9	100.0	-315.24	92.87	0.63	2344	0.0000	0.1352
bullhead_3_barrier_leading_lagging_fixed_dqn_ugat_shield	REAL_TRAIN	3	253.8	100.0	-106.90	29.67	0.57	3904	0.0000	0.1278
bullhead_3_barrier_leading_lagging_fixed_dqn_ugat_shield	REAL_TRAIN	4	361.4	100.0	-165.43	49.13	0.55	3686	0.0000	0.1250
bullhead_3_barrier_leading_lagging_fixed_dqn_ugat_shield	REAL_TRAIN	5	305.9	100.0	-139.25	40.58	0.59	3868	0.0000	0.1139
bullhead_3_barrier_leading_lagging_fixed_dqn_ugat_shield	REAL_TRAIN	6	216.8	100.0	-73.63	21.13	0.56	3961	0.0000	0.0898
bullhead_3_barrier_leading_lagging_fixed_dqn_ugat_shield	REAL_TRAIN	7	315.9	100.0	-151.29	42.79	0.64	3886	0.0000	0.1278
bullhead_3_barrier_leading_lagging_fixed_dqn_ugat_shield	REAL_TRAIN	8	284.7	100.0	-130.48	36.26	0.64	3851	0.0000	0.1324
bullhead_3_barrier_leading_lagging_fixed_dqn_ugat_shield	REAL_TRAIN	9	265.9	100.0	-117.33	32.62	0.59	3924	0.0000	0.1315
bullhead_3_barrier_leading_lagging_fixed_dqn_ugat_shield	REAL_TRAIN	10	251.1	100.0	-106.65	29.72	0.62	3972	0.0000	0.1093
bullhead_3_barrier_leading_lagging_fixed_dqn_ugat_shield	REAL_TRAIN	11	187.7	100.0	-55.42	15.09	0.58	4143	0.0000	0.0861
bullhead_3_barrier_leading_lagging_fixed_dqn_ugat_shield	REAL_TRAIN	12	238.3	100.0	-100.85	27.08	0.61	3991	0.0000	0.0963
bullhead_3_barrier_leading_lagging_fixed_dqn_ugat_shield	REAL_TRAIN	13	231.6	100.0	-95.39	25.61	0.63	3934	0.0000	0.0954
bullhead_3_barrier_leading_lagging_fixed_dqn_ugat_shield	REAL_TRAIN	14	237.5	100.0	-97.60	26.58	0.65	3901	0.0000	0.0935
bullhead_3_barrier_leading_lagging_fixed_dqn_ugat_shield	REAL_TRAIN	15	252.3	100.0	-109.76	30.00	0.63	3992	0.0000	0.1120
bullhead_3_barrier_leading_lagging_fixed_dqn_ugat_shield	REAL_TRAIN	16	286.4	100.0	-128.26	36.42	0.63	3870	0.0000	0.1139
bullhead_3_barrier_leading_lagging_fixed_dqn_ugat_shield	REAL_TRAIN	17	287.4	100.0	-127.33	36.21	0.64	3803	0.0000	0.1046
bullhead_3_barrier_leading_lagging_fixed_dqn_ugat_shield	REAL_TRAIN	18	366.8	100.0	-182.17	52.48	0.62	3747	0.0000	0.1093
bullhead_3_barrier_leading_lagging_fixed_dqn_ugat_shield	REAL_TRAIN	19	283.7	100.0	-126.21	35.72	0.63	3859	0.0000	0.1167
bullhead_3_barrier_leading_lagging_fixed_dqn_ugat_shield	REAL_TRAIN	20	277.3	100.0	-122.87	34.55	0.63	3835	0.0000	0.1176
bullhead_3_barrier_leading_lagging_fixed_dqn_ugat_shield	REAL_TRAIN	21	272.0	100.0	-119.55	33.58	0.64	3908	0.0000	0.1278
bullhead_3_barrier_leading_lagging_fixed_dqn_ugat_shield	REAL_TRAIN	22	245.7	100.0	-104.01	28.53	0.62	3943	0.0000	0.1185
bullhead_3_barrier_leading_lagging_fixed_dqn_ugat_shield	REAL_TRAIN	23	222.2	100.0	-88.95	23.67	0.61	3966	0.0000	0.1231
bullhead_3_barrier_leading_lagging_fixed_dqn_ugat_shield	REAL_TRAIN	24	242.8	100.0	-101.65	27.95	0.61	3925	0.0000	0.1259
bullhead_3_barrier_leading_lagging_fixed_dqn_ugat_shield	REAL_TRAIN	25	200.6	100.0	-65.47	17.89	0.58	4126	0.0000	0.1185
bullhead_3_barrier_leading_lagging_fixed_dqn_ugat_shield	REAL_TRAIN	26	225.0	100.0	-85.73	23.72	0.59	3958	0.0000	0.1176
bullhead_3_barrier_leading_lagging_fixed_dqn_ugat_shield	REAL_TRAIN	27	245.4	100.0	-104.11	28.59	0.62	3910	0.0000	0.1111
bullhead_3_barrier_leading_lagging_fixed_dqn_ugat_shield	REAL_TRAIN	28	243.4	100.0	-100.24	27.87	0.61	3931	0.0000	0.1130
bullhead_3_barrier_leading_lagging_fixed_dqn_ugat_shield	REAL_TRAIN	29	222.1	100.0	-85.51	23.60	0.58	4052	0.0000	0.0972
bullhead_3_barrier_leading_lagging_fixed_dqn_ugat_shield	REAL_TRAIN	30	249.1	100.0	-102.41	28.69	0.61	3944	0.0000	0.0954
bullhead_3_barrier_leading_lagging_fixed_dqn_ugat_shield	REAL_TRAIN	31	206.8	100.0	-71.76	19.79	0.59	4106	0.0000	0.0907
bullhead_3_barrier_leading_lagging_fixed_dqn_ugat_shield	REAL_TRAIN	32	194.4	100.0	-60.92	16.86	0.58	4159	0.0000	0.0759
bullhead_3_barrier_leading_lagging_fixed_dqn_ugat_shield	REAL_TRAIN	33	244.3	100.0	-97.04	27.57	0.60	3920	0.0000	0.0852
bullhead_3_barrier_leading_lagging_fixed_dqn_ugat_shield	REAL_TRAIN	34	236.7	100.0	-93.24	26.42	0.59	3925	0.0000	0.0648
bullhead_3_barrier_leading_lagging_fixed_dqn_ugat_shield	REAL_TRAIN	35	200.2	100.0	-69.27	18.74	0.58	4086	0.0000	0.0926
bullhead_3_barrier_leading_lagging_fixed_dqn_ugat_shield	REAL_TRAIN	36	190.1	100.0	-56.91	15.79	0.57	4069	0.0000	0.0759
bullhead_3_barrier_leading_lagging_fixed_dqn_ugat_shield	REAL_TRAIN	37	265.5	100.0	-114.72	32.44	0.62	3919	0.0000	0.0861
bullhead_3_barrier_leading_lagging_fixed_dqn_ugat_shield	REAL_TRAIN	38	225.1	100.0	-89.32	24.21	0.60	3998	0.0000	0.0861
bullhead_3_barrier_leading_lagging_fixed_dqn_ugat_shield	REAL_TRAIN	39	201.8	100.0	-61.77	17.52	0.57	4115	0.0000	0.0750
bullhead_3_barrier_leading_lagging_fixed_dqn_ugat_shield	REAL_TRAIN	40	219.4	100.0	-77.29	21.71	0.58	4143	0.0000	0.0898
bullhead_3_barrier_leading_lagging_fixed_dqn_ugat_shield	REAL_TRAIN	41	187.1	100.0	-49.02	14.08	0.56	4115	0.0000	0.0963
bullhead_3_barrier_leading_lagging_fixed_dqn_ugat_shield	REAL_TRAIN	42	215.1	100.0	-77.16	21.33	0.59	4173	0.0000	0.0963
bullhead_3_barrier_leading_lagging_fixed_dqn_ugat_shield	REAL_TRAIN	43	191.1	100.0	-60.92	15.91	0.62	4109	0.0000	0.1000
bullhead_3_barrier_leading_lagging_fixed_dqn_ugat_shield	REAL_TRAIN	44	228.4	100.0	-94.99	24.77	0.60	3959	0.0000	0.1185
bullhead_3_barrier_leading_lagging_fixed_dqn_ugat_shield	REAL_TRAIN	45	211.1	100.0	-73.01	20.34	0.60	4080	0.0000	0.0981
bullhead_3_barrier_leading_lagging_fixed_dqn_ugat_shield	REAL_TRAIN	46	195.6	100.0	-102.40	20.25	0.66	3941	0.0000	0.1250
bullhead_3_barrier_leading_lagging_fixed_dqn_ugat_shield	REAL_TRAIN	47	221.3	100.0	-91.93	23.94	0.61	3959	0.0000	0.1065
bullhead_3_barrier_leading_lagging_fixed_dqn_ugat_shield	REAL_TRAIN	48	227.9	100.0	-95.60	25.21	0.59	3950	0.0000	0.0861
bullhead_3_barrier_leading_lagging_fixed_dqn_ugat_shield	REAL_TRAIN	49	225.5	100.0	-111.10	25.20	0.62	3894	0.0000	0.1028
bullhead_3_barrier_leading_lagging_fixed_dqn_ugat_shield	REAL_TRAIN	50	197.5	100.0	-92.86	19.85	0.62	3969	0.0000	0.1046
bullhead_3_barrier_leading_lagging_fixed_dqn_ugat_shield	REAL_TRAIN	51	190.1	100.0	-69.07	17.42	0.59	4034	0.0000	0.0806
bullhead_3_barrier_leading_lagging_fixed_dqn_ugat_shield	REAL_TRAIN	52	191.8	100.0	-73.19	18.22	0.60	4029	0.0000	0.0769
bullhead_3_barrier_leading_lagging_fixed_dqn_ugat_shield	REAL_TRAIN	53	186.6	100.0	-69.24	17.01	0.59	4038	0.0000	0.0898
bullhead_3_barrier_leading_lagging_fixed_dqn_ugat_shield	REAL_TRAIN	54	179.9	100.0	-66.21	15.90	0.59	3994	0.0000	0.0981
bullhead_3_barrier_leading_lagging_fixed_dqn_ugat_shield	REAL_TRAIN	55	179.4	100.0	-65.76	15.68	0.58	3997	0.0000	0.1111
bullhead_3_barrier_leading_lagging_fixed_dqn_ugat_shield	REAL_TRAIN	56	181.3	100.0	-67.37	16.20	0.60	4013	0.0000	0.0935
bullhead_3_barrier_leading_lagging_fixed_dqn_ugat_shield	REAL_TRAIN	57	182.1	100.0	-68.58	16.58	0.60	3978	0.0000	0.1139
bullhead_3_barrier_leading_lagging_fixed_dqn_ugat_shield	REAL_TRAIN	58	181.7	100.0	-67.88	16.36	0.58	4006	0.0000	0.1065
bullhead_3_barrier_leading_lagging_fixed_dqn_ugat_shield	REAL_TRAIN	59	181.9	100.0	-67.98	16.42	0.58	3988	0.0000	0.1093
bullhead_3_barrier_leading_lagging_fixed_dqn_ugat_shield	REAL_TRAIN	60	183.3	100.0	-69.18	16.82	0.59	3987	0.0000	0.1046
bullhead_3_barrier_leading_lagging_fixed_dqn_ugat_shield	REAL_TRAIN	61	182.8	100.0	-69.36	16.74	0.59	4012	0.0000	0.1093
bullhead_3_barrier_leading_lagging_fixed_dqn_ugat_shield	REAL_TRAIN	62	181.9	100.0	-67.84	16.36	0.58	3968	0.0000	0.1056
bullhead_3_barrier_leading_lagging_fixed_dqn_ugat_shield	REAL_TRAIN	63	183.8	100.0	-69.57	16.92	0.59	3986	0.0000	0.1019
bullhead_3_barrier_leading_lagging_fixed_dqn_ugat_shield	REAL_TRAIN	64	184.8	100.0	-70.30	17.15	0.59	4001	0.0000	0.1093
bullhead_3_barrier_leading_lagging_fixed_dqn_ugat_shield	REAL_TRAIN	65	184.6	100.0	-70.23	17.10	0.59	3974	0.0000	0.1093
bullhead_3_barrier_leading_lagging_fixed_dqn_ugat_shield	REAL_TRAIN	66	713.7	100.0	-339.30	99.31	0.65	2301	0.0000	0.1315
bullhead_3_barrier_leading_lagging_fixed_dqn_ugat_shield	REAL_TRAIN	67	180.3	100.0	-67.22	16.14	0.57	4001	0.0000	0.1046
bullhead_3_barrier_leading_lagging_fixed_dqn_ugat_shield	REAL_TRAIN	68	192.6	100.0	-71.43	18.22	0.58	4040	0.0000	0.0981
bullhead_3_barrier_leading_lagging_fixed_dqn_ugat_shield	REAL_TRAIN	69	192.0	100.0	-71.48	18.03	0.58	4019	0.0000	0.1028
bullhead_3_barrier_leading_lagging_fixed_dqn_ugat_shield	REAL_TRAIN	70	192.5	100.0	-74.57	18.65	0.59	4016	0.0000	0.1037
bullhead_3_barrier_leading_lagging_fixed_dqn_ugat_shield	REAL_TRAIN	71	382.0	100.0	-183.81	52.80	0.62	3800	0.0000	0.1046
bullhead_3_barrier_leading_lagging_fixed_dqn_ugat_shield	REAL_TRAIN	72	201.7	100.0	-78.31	20.08	0.60	4018	0.0000	0.0972
bullhead_3_barrier_leading_lagging_fixed_dqn_ugat_shield	REAL_TRAIN	73	214.5	100.0	-88.07	22.88	0.59	4004	0.0000	0.1037
bullhead_3_barrier_leading_lagging_fixed_dqn_ugat_shield	REAL_TRAIN	74	192.3	100.0	-76.29	18.92	0.60	4031	0.0000	0.1120
bullhead_3_barrier_leading_lagging_fixed_dqn_ugat_shield	REAL_TRAIN	75	197.5	100.0	-56.54	16.43	0.56	4145	0.0000	0.0824
bullhead_3_barrier_leading_lagging_fixed_dqn_ugat_shield	REAL_TRAIN	76	214.5	100.0	-73.88	21.00	0.57	4045	0.0000	0.0824
bullhead_3_barrier_leading_lagging_fixed_dqn_ugat_shield	REAL_TRAIN	77	204.3	100.0	-73.11	19.77	0.57	4112	0.0000	0.0907
bullhead_3_barrier_leading_lagging_fixed_dqn_ugat_shield	REAL_TRAIN	78	237.6	100.0	-91.23	26.11	0.57	4003	0.0000	0.0861
bullhead_3_barrier_leading_lagging_fixed_dqn_ugat_shield	REAL_TRAIN	79	195.3	100.0	-55.29	15.97	0.57	4133	0.0000	0.0667
bullhead_3_barrier_leading_lagging_fixed_dqn_ugat_shield	REAL_TRAIN	80	195.4	100.0	-57.19	16.34	0.56	4134	0.0000	0.0815
bullhead_3_barrier_leading_lagging_fixed_dqn_ugat_shield	REAL_TRAIN	81	198.5	100.0	-77.12	19.59	0.60	4007	0.0000	0.1065
bullhead_3_barrier_leading_lagging_fixed_dqn_ugat_shield	REAL_TRAIN	82	203.5	100.0	-64.13	18.25	0.58	4141	0.0000	0.0704
bullhead_3_barrier_leading_lagging_fixed_dqn_ugat_shield	REAL_TRAIN	83	197.6	100.0	-60.32	17.04	0.56	4125	0.0000	0.0852
bullhead_3_barrier_leading_lagging_fixed_dqn_ugat_shield	REAL_TRAIN	84	231.0	100.0	-91.68	25.57	0.57	4008	0.0000	0.1037
bullhead_3_barrier_leading_lagging_fixed_dqn_ugat_shield	REAL_TRAIN	85	186.2	100.0	-51.91	14.52	0.57	4135	0.0000	0.0843
bullhead_3_barrier_leading_lagging_fixed_dqn_ugat_shield	REAL_TRAIN	86	198.6	100.0	-68.62	18.47	0.58	4110	0.0000	0.1074
bullhead_3_barrier_leading_lagging_fixed_dqn_ugat_shield	REAL_TRAIN	87	196.7	100.0	-61.47	17.10	0.56	4086	0.0000	0.0935
bullhead_3_barrier_leading_lagging_fixed_dqn_ugat_shield	REAL_TRAIN	88	216.2	100.0	-88.00	23.33	0.58	4089	0.0000	0.1222
bullhead_3_barrier_leading_lagging_fixed_dqn_ugat_shield	REAL_TRAIN	89	223.7	100.0	-85.66	23.69	0.57	3991	0.0000	0.1009
bullhead_3_barrier_leading_lagging_fixed_dqn_ugat_shield	REAL_TRAIN	90	197.7	100.0	-79.48	19.95	0.59	4010	0.0000	0.1204
bullhead_3_barrier_leading_lagging_fixed_dqn_ugat_shield	REAL_TRAIN	91	248.7	100.0	-105.37	29.10	0.58	3887	0.0000	0.1102
bullhead_3_barrier_leading_lagging_fixed_dqn_ugat_shield	REAL_TRAIN	92	199.1	100.0	-80.97	20.34	0.59	4026	0.0000	0.1204
bullhead_3_barrier_leading_lagging_fixed_dqn_ugat_shield	REAL_TRAIN	93	200.0	100.0	-81.51	20.46	0.60	4023	0.0000	0.1130
bullhead_3_barrier_leading_lagging_fixed_dqn_ugat_shield	REAL_TRAIN	94	263.8	100.0	-116.35	31.92	0.57	3849	0.0000	0.1083
bullhead_3_barrier_leading_lagging_fixed_dqn_ugat_shield	REAL_TRAIN	95	276.6	100.0	-124.32	34.71	0.59	3908	0.0000	0.1111
bullhead_3_barrier_leading_lagging_fixed_dqn_ugat_shield	REAL_TRAIN	96	202.6	100.0	-83.13	21.03	0.59	4045	0.0000	0.1167
bullhead_3_barrier_leading_lagging_fixed_dqn_ugat_shield	REAL_TRAIN	97	435.6	100.0	-216.34	63.52	0.61	3464	0.0000	0.0963
bullhead_3_barrier_leading_lagging_fixed_dqn_ugat_shield	REAL_TRAIN	98	744.9	100.0	-361.11	104.88	0.66	2196	0.0000	0.1231
bullhead_3_barrier_leading_lagging_fixed_dqn_ugat_shield	REAL_TRAIN	99	434.8	100.0	-209.32	63.26	0.58	3319	0.0000	0.1074
