ingolstadt1_setting1_dqn_delayed_q	SIM_TRAIN	0	153.5	0.0	-4.25	3.86	0.19	1687	0.0000	0.0000
ingolstadt1_setting1_dqn_delayed_q	SIM_TRAIN	1	41.2	0.0	-2.36	2.14	0.13	1707	0.0000	0.0000
ingolstadt1_setting1_dqn_delayed_q	SIM_TRAIN	2	60.8	5.1	-2.03	1.76	0.16	1701	0.0000	0.0000
ingolstadt1_setting1_dqn_delayed_q	SIM_TRAIN	3	306.9	4.4	-1.43	1.20	0.15	1448	0.0000	0.0000
ingolstadt1_setting1_dqn_delayed_q	REAL_TEST	3	62.2	100.0	-3.47	2.93	0.22	1699	0.0000	0.0000
ingolstadt1_setting1_dqn_delayed_q	SIM_TRAIN	4	55.6	3.7	-2.06	1.87	0.13	1705	0.0000	0.0000
ingolstadt1_setting1_dqn_delayed_q	SIM_TRAIN	5	111.3	3.9	-3.10	2.75	0.14	1707	0.0000	0.0000
ingolstadt1_setting1_dqn_delayed_q	SIM_TRAIN	6	77.7	3.4	-0.91	0.82	0.11	1566	0.0000	0.0000
ingolstadt1_setting1_dqn_delayed_q	REAL_TEST	6	65.5	100.0	-6.34	5.38	0.27	1686	0.0000	0.0000
ingolstadt1_setting1_dqn_delayed_q	SIM_TRAIN	7	119.7	2.9	-3.25	3.11	0.15	1702	0.0000	0.0000
ingolstadt1_setting1_dqn_delayed_q	SIM_TRAIN	8	100.7	3.3	-2.03	1.93	0.13	1690	0.0000	0.0000
ingolstadt1_setting1_dqn_delayed_q	SIM_TRAIN	9	133.6	3.6	-1.94	1.75	0.15	1639	0.0000	0.0000
ingolstadt1_setting1_dqn_delayed_q	REAL_TEST	9	78.4	100.0	-10.80	9.29	0.29	1695	0.0000	0.0000
ingolstadt1_setting1_dqn_delayed_q	SIM_TRAIN	10	145.9	3.2	-2.23	2.03	0.15	1644	0.0000	0.0000
ingolstadt1_setting1_dqn_delayed_q	SIM_TRAIN	11	118.3	3.4	-2.05	1.92	0.14	1707	0.0000	0.0000
ingolstadt1_setting1_dqn_delayed_q	SIM_TRAIN	12	153.5	3.3	-3.22	3.06	0.16	1706	0.0000	0.0000
ingolstadt1_setting1_dqn_delayed_q	REAL_TEST	12	88.2	100.0	-9.59	8.34	0.30	1690	0.0000	0.0000
ingolstadt1_setting1_dqn_delayed_q	SIM_TRAIN	13	103.7	3.3	-2.44	2.23	0.15	1707	0.0000	0.0000
ingolstadt1_setting1_dqn_delayed_q	SIM_TRAIN	14	146.0	3.1	-3.07	2.84	0.17	1652	0.0000	0.0000
ingolstadt1_setting1_dqn_delayed_q	SIM_TRAIN	15	88.1	3.2	-1.65	1.49	0.13	1542	0.0000	0.0000
ingolstadt1_setting1_dqn_delayed_q	REAL_TEST	15	71.8	100.0	-7.15	6.24	0.26	1702	0.0000	0.0000
ingolstadt1_setting1_dqn_delayed_q	SIM_TRAIN	16	93.0	3.4	-2.03	1.91	0.13	1707	0.0000	0.0000
ingolstadt1_setting1_dqn_delayed_q	SIM_TRAIN	17	216.6	3.9	-1.99	1.77	0.14	1591	0.0000	0.0000
ingolstadt1_setting1_dqn_delayed_q	SIM_TRAIN	18	146.2	3.8	-1.91	1.68	0.16	1623	0.0000	0.0000
ingolstadt1_setting1_dqn_delayed_q	REAL_TEST	18	77.5	100.0	-6.51	5.41	0.28	1702	0.0000	0.0000
ingolstadt1_setting1_dqn_delayed_q	SIM_TRAIN	19	145.2	3.5	-2.18	2.06	0.15	1707	0.0000	0.0000
ingolstadt1_setting1_dqn_delayed_q	SIM_TRAIN	20	96.9	3.5	-3.16	2.74	0.13	1523	0.0000	0.0000
ingolstadt1_setting1_dqn_delayed_q	SIM_TRAIN	21	142.7	3.7	-2.82	2.52	0.16	1651	0.0000	0.0000
ingolstadt1_setting1_dqn_delayed_q	REAL_TEST	21	46.4	100.0	-4.11	3.45	0.22	1702	0.0000	0.0000
ingolstadt1_setting1_dqn_delayed_q	SIM_TRAIN	22	100.6	3.7	-3.17	2.88	0.17	1706	0.0000	0.0000
ingolstadt1_setting1_dqn_delayed_q	SIM_TRAIN	23	139.9	3.1	-2.62	2.31	0.17	1556	0.0000	0.0000
ingolstadt1_setting1_dqn_delayed_q	SIM_TRAIN	24	51.9	2.9	-1.43	1.32	0.11	1706	0.0000	0.0000
ingolstadt1_setting1_dqn_delayed_q	REAL_TEST	24	45.1	100.0	-4.00	3.38	0.22	1699	0.0000	0.0000
ingolstadt1_setting1_dqn_delayed_q	SIM_TRAIN	25	169.4	2.8	-1.76	1.56	0.14	1635	0.0000	0.0000
ingolstadt1_setting1_dqn_delayed_q	SIM_TRAIN	26	193.6	2.4	-2.55	2.24	0.17	1493	0.0000	0.0000
ingolstadt1_setting1_dqn_delayed_q	SIM_TRAIN	27	160.8	2.7	-2.09	1.87	0.14	1675	0.0000	0.0000
ingolstadt1_setting1_dqn_delayed_q	REAL_TEST	27	44.7	100.0	-3.93	3.29	0.22	1703	0.0000	0.0000
ingolstadt1_setting1_dqn_delayed_q	SIM_TRAIN	28	150.8	2.5	-1.76	1.55	0.14	1638	0.0000	0.0000
ingolstadt1_setting1_dqn_delayed_q	SIM_TRAIN	29	89.6	2.5	-1.16	1.03	0.11	1525	0.0000	0.0000
ingolstadt1_setting1_dqn_delayed_q	SIM_TRAIN	30	64.4	2.2	-1.92	1.79	0.12	1705	0.0000	0.0000
ingolstadt1_setting1_dqn_delayed_q	REAL_TEST	30	48.2	100.0	-3.91	3.22	0.23	1703	0.0000	0.0000
ingolstadt1_setting1_dqn_delayed_q	SIM_TRAIN	31	94.4	2.1	-1.30	1.13	0.11	1543	0.0000	0.0000
ingolstadt1_setting1_dqn_delayed_q	SIM_TRAIN	32	154.7	2.1	-2.24	2.00	0.16	1674	0.0000	0.0000
ingolstadt1_setting1_dqn_delayed_q	SIM_TRAIN	33	81.0	2.4	-1.94	1.74	0.15	1702	0.0000	0.0000
ingolstadt1_setting1_dqn_delayed_q	REAL_TEST	33	47.0	100.0	-3.78	3.17	0.22	1704	0.0000	0.0000
ingolstadt1_setting1_dqn_delayed_q	SIM_TRAIN	34	179.2	2.5	-1.43	1.26	0.13	1587	0.0000	0.0000
ingolstadt1_setting1_dqn_delayed_q	SIM_TRAIN	35	121.0	2.5	-1.72	1.54	0.13	1705	0.0000	0.0000
ingolstadt1_setting1_dqn_delayed_q	SIM_TRAIN	36	128.4	2.3	-0.98	0.83	0.12	1461	0.0000	0.0000
ingolstadt1_setting1_dqn_delayed_q	REAL_TEST	36	49.4	100.0	-4.01	3.33	0.22	1699	0.0000	0.0000
ingolstadt1_setting1_dqn_delayed_q	SIM_TRAIN	37	108.0	2.5	-2.30	2.17	0.13	1706	0.0000	0.0000
ingolstadt1_setting1_dqn_delayed_q	SIM_TRAIN	38	119.5	2.6	-1.97	1.84	0.13	1706	0.0000	0.0000
ingolstadt1_setting1_dqn_delayed_q	SIM_TRAIN	39	172.1	2.9	-1.97	1.77	0.14	1707	0.0000	0.0000
ingolstadt1_setting1_dqn_delayed_q	REAL_TEST	39	60.0	100.0	-5.28	4.41	0.25	1702	0.0000	0.0000
ingolstadt1_setting1_dqn_delayed_q	SIM_TRAIN	40	135.2	2.3	-1.95	1.73	0.15	1676	0.0000	0.0000
ingolstadt1_setting1_dqn_delayed_q	SIM_TRAIN	41	140.9	2.1	-2.25	2.01	0.16	1605	0.0000	0.0000
ingolstadt1_setting1_dqn_delayed_q	SIM_TRAIN	42	99.9	2.3	-1.83	1.66	0.13	1707	0.0000	0.0000
ingolstadt1_setting1_dqn_delayed_q	REAL_TEST	42	50.4	100.0	-5.11	4.57	0.23	1703	0.0000	0.0000
ingolstadt1_setting1_dqn_delayed_q	SIM_TRAIN	43	164.2	2.3	-1.60	1.43	0.14	1688	0.0000	0.0000
ingolstadt1_setting1_dqn_delayed_q	SIM_TRAIN	44	138.8	2.3	-1.95	1.79	0.15	1704	0.0000	0.0000
ingolstadt1_setting1_dqn_delayed_q	SIM_TRAIN	45	98.8	2.5	-1.57	1.44	0.13	1680	0.0000	0.0000
ingolstadt1_setting1_dqn_delayed_q	REAL_TEST	45	52.2	100.0	-5.93	5.00	0.26	1697	0.0000	0.0000
ingolstadt1_setting1_dqn_delayed_q	SIM_TRAIN	46	133.9	2.4	-2.74	2.54	0.16	1706	0.0000	0.0000
ingolstadt1_setting1_dqn_delayed_q	SIM_TRAIN	47	175.7	2.2	-1.89	1.62	0.15	1568	0.0000	0.0000
ingolstadt1_setting1_dqn_delayed_q	SIM_TRAIN	48	124.2	2.4	-2.14	1.94	0.15	1616	0.0000	0.0000
ingolstadt1_setting1_dqn_delayed_q	REAL_TEST	48	47.0	100.0	-4.01	3.35	0.23	1672	0.0000	0.0000
ingolstadt1_setting1_dqn_delayed_q	SIM_TRAIN	49	123.4	2.5	-1.88	1.67	0.15	1700	0.0000	0.0000
ingolstadt1_setting1_dqn_delayed_q	SIM_TRAIN	50	128.7	2.4	-2.28	2.05	0.16	1578	0.0000	0.0000
ingolstadt1_setting1_dqn_delayed_q	SIM_TRAIN	51	124.5	2.5	-2.07	1.88	0.14	1706	0.0000	0.0000
ingolstadt1_setting1_dqn_delayed_q	REAL_TEST	51	47.2	100.0	-4.05	3.33	0.23	1692	0.0000	0.0000
ingolstadt1_setting1_dqn_delayed_q	SIM_TRAIN	52	143.4	2.2	-2.20	2.06	0.15	1701	0.0000	0.0000
ingolstadt1_setting1_dqn_delayed_q	SIM_TRAIN	53	175.7	2.3	-2.27	2.02	0.16	1640	0.0000	0.0000
ingolstadt1_setting1_dqn_delayed_q	SIM_TRAIN	54	170.6	2.7	-1.45	1.26	0.14	1601	0.0000	0.0000
ingolstadt1_setting1_dqn_delayed_q	REAL_TEST	54	47.5	100.0	-3.62	3.01	0.22	1692	0.0000	0.0000
ingolstadt1_setting1_dqn_delayed_q	SIM_TRAIN	55	160.5	2.9	-2.00	1.81	0.14	1688	0.0000	0.0000
ingolstadt1_setting1_dqn_delayed_q	SIM_TRAIN	56	123.0	2.8	-1.63	1.52	0.14	1705	0.0000	0.0000
ingolstadt1_setting1_dqn_delayed_q	SIM_TRAIN	57	74.7	2.7	-2.00	1.83	0.14	1702	0.0000	0.0000
ingolstadt1_setting1_dqn_delayed_q	REAL_TEST	57	57.5	100.0	-4.52	3.72	0.24	1671	0.0000	0.0000
ingolstadt1_setting1_dqn_delayed_q	SIM_TRAIN	58	127.5	2.8	-2.38	2.17	0.15	1665	0.0000	0.0000
ingolstadt1_setting1_dqn_delayed_q	SIM_TRAIN	59	138.6	2.8	-2.09	1.88	0.15	1637	0.0000	0.0000
ingolstadt1_setting1_dqn_delayed_q	SIM_TRAIN	60	125.1	3.1	-2.34	2.22	0.15	1705	0.0000	0.0000
ingolstadt1_setting1_dqn_delayed_q	REAL_TEST	60	73.7	100.0	-6.89	5.84	0.29	1703	0.0000	0.0000
ingolstadt1_setting1_dqn_delayed_q	SIM_TRAIN	61	70.5	2.9	-2.64	2.40	0.13	1667	0.0000	0.0000
ingolstadt1_setting1_dqn_delayed_q	SIM_TRAIN	62	63.8	3.2	-2.10	1.92	0.14	1706	0.0000	0.0000
ingolstadt1_setting1_dqn_delayed_q	SIM_TRAIN	63	57.1	2.8	-2.70	2.51	0.14	1688	0.0000	0.0000
ingolstadt1_setting1_dqn_delayed_q	REAL_TEST	63	45.3	100.0	-4.32	3.69	0.23	1671	0.0000	0.0000
ingolstadt1_setting1_dqn_delayed_q	SIM_TRAIN	64	77.0	2.8	-1.54	1.34	0.12	1629	0.0000	0.0000
ingolstadt1_setting1_dqn_delayed_q	SIM_TRAIN	65	84.1	3.4	-2.57	2.29	0.16	1706	0.0000	0.0000
ingolstadt1_setting1_dqn_delayed_q	SIM_TRAIN	66	126.4	3.5	-2.53	2.36	0.15	1707	0.0000	0.0000
ingolstadt1_setting1_dqn_delayed_q	REAL_TEST	66	47.2	100.0	-4.87	4.11	0.24	1691	0.0000	0.0000
ingolstadt1_setting1_dqn_delayed_q	SIM_TRAIN	67	159.4	3.0	-1.70	1.48	0.15	1617	0.0000	0.0000
ingolstadt1_setting1_dqn_delayed_q	SIM_TRAIN	68	52.3	3.0	-1.89	1.71	0.14	1704	0.0000	0.0000
ingolstadt1_setting1_dqn_delayed_q	SIM_TRAIN	69	125.4	2.9	-3.51	3.30	0.16	1707	0.0000	0.0000
ingolstadt1_setting1_dqn_delayed_q	REAL_TEST	69	69.2	100.0	-8.97	7.95	0.28	1673	0.0000	0.0000
ingolstadt1_setting1_dqn_delayed_q	SIM_TRAIN	70	80.3	3.2	-2.97	2.76	0.15	1707	0.0000	0.0000
ingolstadt1_setting1_dqn_delayed_q	SIM_TRAIN	71	137.9	3.5	-3.80	3.64	0.16	1707	0.0000	0.0000
ingolstadt1_setting1_dqn_delayed_q	SIM_TRAIN	72	162.6	3.4	-2.33	2.08	0.15	1611	0.0000	0.0000
ingolstadt1_setting1_dqn_delayed_q	REAL_TEST	72	55.8	100.0	-5.70	4.96	0.26	1700	0.0000	0.0000
ingolstadt1_setting1_dqn_delayed_q	SIM_TRAIN	73	103.4	3.9	-3.07	2.91	0.15	1705	0.0000	0.0000
ingolstadt1_setting1_dqn_delayed_q	SIM_TRAIN	74	94.9	3.4	-1.24	1.10	0.12	1511	0.0000	0.0000
ingolstadt1_setting1_dqn_delayed_q	SIM_TRAIN	75	92.4	3.6	-2.11	1.97	0.13	1705	0.0000	0.0000
ingolstadt1_setting1_dqn_delayed_q	REAL_TEST	75	64.7	100.0	-5.79	5.10	0.25	1701	0.0000	0.0000
ingolstadt1_setting1_dqn_delayed_q	SIM_TRAIN	76	89.5	3.5	-1.13	1.02	0.11	1530	0.0000	0.0000
ingolstadt1_setting1_dqn_delayed_q	SIM_TRAIN	77	119.4	3.6	-2.18	2.04	0.14	1643	0.0000	0.0000
ingolstadt1_setting1_dqn_delayed_q	SIM_TRAIN	78	86.0	4.0	-1.72	1.59	0.12	1540	0.0000	0.0000
ingolstadt1_setting1_dqn_delayed_q	REAL_TEST	78	55.8	100.0	-3.75	3.23	0.23	1702	0.0000	0.0000
ingolstadt1_setting1_dqn_delayed_q	SIM_TRAIN	79	125.1	3.4	-2.34	2.16	0.15	1694	0.0000	0.0000
ingolstadt1_setting1_dqn_delayed_q	SIM_TRAIN	80	31.5	3.9	-0.55	0.53	0.08	1688	0.0000	0.0000
ingolstadt1_setting1_dqn_delayed_q	SIM_TRAIN	81	101.8	3.9	-2.13	1.97	0.14	1706	0.0000	0.0000
ingolstadt1_setting1_dqn_delayed_q	REAL_TEST	81	59.2	100.0	-5.54	4.94	0.25	1698	0.0000	0.0000
ingolstadt1_setting1_dqn_delayed_q	SIM_TRAIN	82	156.0	4.5	-2.38	2.19	0.15	1624	0.0000	0.0000
ingolstadt1_setting1_dqn_delayed_q	SIM_TRAIN	83	79.3	3.6	-1.12	1.01	0.10	1549	0.0000	0.0000
ingolstadt1_setting1_dqn_delayed_q	SIM_TRAIN	84	164.5	3.7	-2.02	1.85	0.15	1567	0.0000	0.0000
ingolstadt1_setting1_dqn_delayed_q	REAL_TEST	84	62.1	100.0	-5.94	5.28	0.26	1697	0.0000	0.0000
ingolstadt1_setting1_dqn_delayed_q	SIM_TRAIN	85	77.5	3.5	-1.65	1.52	0.12	1585	0.0000	0.0000
ingolstadt1_setting1_dqn_delayed_q	SIM_TRAIN	86	128.5	3.6	-2.86	2.71	0.15	1705	0.0000	0.0000
ingolstadt1_setting1_dqn_delayed_q	SIM_TRAIN	87	114.2	3.9	-2.67	2.53	0.14	1707	0.0000	0.0000
ingolstadt1_setting1_dqn_delayed_q	REAL_TEST	87	56.8	100.0	-4.96	4.39	0.24	1701	0.0000	0.0000
ingolstadt1_setting1_dqn_delayed_q	SIM_TRAIN	88	88.3	4.2	-0.87	0.78	0.11	1535	0.0000	0.0000
ingolstadt1_setting1_dqn_delayed_q	SIM_TRAIN	89	106.3	3.5	-3.23	3.11	0.14	1702	0.0000	0.0000
ingolstadt1_setting1_dqn_delayed_q	SIM_TRAIN	90	105.7	4.0	-2.07	1.91	0.13	1704	0.0000	0.0000
ingolstadt1_setting1_dqn_delayed_q	REAL_TEST	90	50.6	100.0	-3.72	3.20	0.22	1697	0.0000	0.0000
ingolstadt1_setting1_dqn_delayed_q	SIM_TRAIN	91	111.9	3.8	-3.53	3.27	0.16	1688	0.0000	0.0000
ingolstadt1_setting1_dqn_delayed_q	SIM_TRAIN	92	128.6	4.0	-2.44	2.23	0.15	1688	0.0000	0.0000
ingolstadt1_setting1_dqn_delayed_q	SIM_TRAIN	93	84.1	4.0	-1.53	1.39	0.12	1541	0.0000	0.0000
ingolstadt1_setting1_dqn_delayed_q	REAL_TEST	93	52.0	100.0	-3.39	2.96	0.22	1702	0.0000	0.0000
ingolstadt1_setting1_dqn_delayed_q	SIM_TRAIN	94	46.2	4.5	-1.40	1.31	0.10	1707	0.0000	0.0000
ingolstadt1_setting1_dqn_delayed_q	SIM_TRAIN	95	122.5	4.1	-2.07	1.94	0.14	1703	0.0000	0.0000
ingolstadt1_setting1_dqn_delayed_q	SIM_TRAIN	96	88.4	4.4	-1.42	1.27	0.12	1530	0.0000	0.0000
ingolstadt1_setting1_dqn_delayed_q	REAL_TEST	96	49.4	100.0	-3.88	3.39	0.22	1700	0.0000	0.0000
ingolstadt1_setting1_dqn_delayed_q	SIM_TRAIN	97	122.8	4.7	-2.01	1.84	0.15	1705	0.0000	0.0000
ingolstadt1_setting1_dqn_delayed_q	SIM_TRAIN	98	131.9	4.5	-1.79	1.64	0.14	1705	0.0000	0.0000
ingolstadt1_setting1_dqn_delayed_q	SIM_TRAIN	99	113.3	4.4	-1.44	1.29	0.13	1658	0.0000	0.0000
ingolstadt1_setting1_dqn_delayed_q	REAL_TEST	99	51.3	100.0	-3.96	3.48	0.23	1703	0.0000	0.0000
ingolstadt1_setting1_dqn_delayed_q	SIM_TRAIN	100	133.0	4.2	-1.52	1.34	0.13	1650	0.0000	0.0000
ingolstadt1_setting1_dqn_delayed_q	SIM_TRAIN	101	134.0	4.0	-1.60	1.40	0.13	1651	0.0000	0.0000
ingolstadt1_setting1_dqn_delayed_q	SIM_TRAIN	102	126.0	3.6	-1.80	1.64	0.14	1707	0.0000	0.0000
ingolstadt1_setting1_dqn_delayed_q	REAL_TEST	102	45.9	100.0	-3.51	3.16	0.21	1695	0.0000	0.0000
ingolstadt1_setting1_dqn_delayed_q	SIM_TRAIN	103	37.1	3.7	-1.82	1.71	0.11	1706	0.0000	0.0000
ingolstadt1_setting1_dqn_delayed_q	SIM_TRAIN	104	127.5	3.6	-2.19	2.01	0.16	1688	0.0000	0.0000
ingolstadt1_setting1_dqn_delayed_q	SIM_TRAIN	105	119.8	3.6	-2.52	2.32	0.14	1679	0.0000	0.0000
ingolstadt1_setting1_dqn_delayed_q	REAL_TEST	105	52.4	100.0	-3.62	3.18	0.22	1703	0.0000	0.0000
ingolstadt1_setting1_dqn_delayed_q	SIM_TRAIN	106	128.0	3.3	-1.82	1.68	0.14	1706	0.0000	0.0000
ingolstadt1_setting1_dqn_delayed_q	SIM_TRAIN	107	87.7	3.3	-1.77	1.58	0.13	1707	0.0000	0.0000
ingolstadt1_setting1_dqn_delayed_q	SIM_TRAIN	108	83.7	3.4	-1.17	1.02	0.13	1693	0.0000	0.0000
ingolstadt1_setting1_dqn_delayed_q	REAL_TEST	108	50.3	100.0	-3.52	3.03	0.22	1701	0.0000	0.0000
ingolstadt1_setting1_dqn_delayed_q	SIM_TRAIN	109	163.2	3.3	-1.92	1.73	0.15	1706	0.0000	0.0000
ingolstadt1_setting1_dqn_delayed_q	SIM_TRAIN	110	65.3	3.3	-1.21	1.09	0.12	1707	0.0000	0.0000
ingolstadt1_setting1_dqn_delayed_q	SIM_TRAIN	111	119.8	3.3	-1.93	1.75	0.15	1646	0.0000	0.0000
ingolstadt1_setting1_dqn_delayed_q	REAL_TEST	111	45.0	100.0	-4.09	3.64	0.22	1701	0.0000	0.0000
ingolstadt1_setting1_dqn_delayed_q	SIM_TRAIN	112	127.8	3.3	-1.54	1.36	0.13	1655	0.0000	0.0000
ingolstadt1_setting1_dqn_delayed_q	SIM_TRAIN	113	106.6	3.4	-2.28	2.11	0.14	1705	0.0000	0.0000
ingolstadt1_setting1_dqn_delayed_q	SIM_TRAIN	114	121.7	3.7	-1.79	1.66	0.14	1706	0.0000	0.0000
ingolstadt1_setting1_dqn_delayed_q	REAL_TEST	114	55.4	100.0	-3.58	3.16	0.22	1702	0.0000	0.0000
ingolstadt1_setting1_dqn_delayed_q	SIM_TRAIN	115	97.1	3.7	-1.96	1.87	0.13	1706	0.0000	0.0000
ingolstadt1_setting1_dqn_delayed_q	SIM_TRAIN	116	136.4	4.2	-2.21	2.07	0.15	1706	0.0000	0.0000
ingolstadt1_setting1_dqn_delayed_q	SIM_TRAIN	117	75.5	4.1	-2.39	2.30	0.12	1705	0.0000	0.0000
ingolstadt1_setting1_dqn_delayed_q	REAL_TEST	117	45.4	100.0	-3.70	3.27	0.22	1700	0.0000	0.0000
ingolstadt1_setting1_dqn_delayed_q	SIM_TRAIN	118	82.1	4.0	-2.27	2.12	0.15	1706	0.0000	0.0000
ingolstadt1_setting1_dqn_delayed_q	SIM_TRAIN	119	114.0	3.8	-2.04	1.91	0.14	1707	0.0000	0.0000
ingolstadt1_setting1_dqn_delayed_q	SIM_TRAIN	120	88.1	3.4	-2.23	2.10	0.13	1706	0.0000	0.0000
ingolstadt1_setting1_dqn_delayed_q	REAL_TEST	120	50.5	100.0	-4.23	3.79	0.23	1699	0.0000	0.0000
ingolstadt1_setting1_dqn_delayed_q	SIM_TRAIN	121	125.1	3.2	-1.80	1.65	0.13	1706	0.0000	0.0000
ingolstadt1_setting1_dqn_delayed_q	SIM_TRAIN	122	120.0	3.6	-2.57	2.48	0.15	1704	0.0000	0.0000
ingolstadt1_setting1_dqn_delayed_q	SIM_TRAIN	123	132.6	3.3	-2.49	2.31	0.15	1664	0.0000	0.0000
ingolstadt1_setting1_dqn_delayed_q	REAL_TEST	123	45.9	100.0	-3.64	3.20	0.21	1695	0.0000	0.0000
ingolstadt1_setting1_dqn_delayed_q	SIM_TRAIN	124	167.4	3.5	-1.61	1.41	0.14	1604	0.0000	0.0000
ingolstadt1_setting1_dqn_delayed_q	SIM_TRAIN	125	59.8	3.6	-1.64	1.50	0.13	1704	0.0000	0.0000
ingolstadt1_setting1_dqn_delayed_q	SIM_TRAIN	126	162.8	3.1	-2.15	1.93	0.16	1707	0.0000	0.0000
ingolstadt1_setting1_dqn_delayed_q	REAL_TEST	126	53.1	100.0	-4.77	4.18	0.24	1698	0.0000	0.0000
ingolstadt1_setting1_dqn_delayed_q	SIM_TRAIN	127	129.6	3.0	-1.50	1.37	0.13	1705	0.0000	0.0000
ingolstadt1_setting1_dqn_delayed_q	SIM_TRAIN	128	122.8	2.8	-1.95	1.77	0.14	1596	0.0000	0.0000
ingolstadt1_setting1_dqn_delayed_q	SIM_TRAIN	129	112.8	2.5	-2.17	1.99	0.14	1702	0.0000	0.0000
ingolstadt1_setting1_dqn_delayed_q	REAL_TEST	129	57.7	100.0	-4.11	3.58	0.24	1700	0.0000	0.0000
ingolstadt1_setting1_dqn_delayed_q	SIM_TRAIN	130	103.0	2.6	-2.09	1.96	0.14	1706	0.0000	0.0000
ingolstadt1_setting1_dqn_delayed_q	SIM_TRAIN	131	87.9	3.0	-1.38	1.25	0.12	1548	0.0000	0.0000
ingolstadt1_setting1_dqn_delayed_q	SIM_TRAIN	132	117.0	2.9	-1.97	1.80	0.13	1705	0.0000	0.0000
ingolstadt1_setting1_dqn_delayed_q	REAL_TEST	132	64.6	100.0	-4.82	4.19	0.25	1703	0.0000	0.0000
ingolstadt1_setting1_dqn_delayed_q	SIM_TRAIN	133	116.7	3.0	-2.36	2.15	0.15	1618	0.0000	0.0000
ingolstadt1_setting1_dqn_delayed_q	SIM_TRAIN	134	177.9	3.1	-1.99	1.83	0.14	1681	0.0000	0.0000
ingolstadt1_setting1_dqn_delayed_q	SIM_TRAIN	135	119.2	3.3	-2.32	2.23	0.13	1706	0.0000	0.0000
ingolstadt1_setting1_dqn_delayed_q	REAL_TEST	135	64.2	100.0	-4.40	3.86	0.24	1687	0.0000	0.0000
ingolstadt1_setting1_dqn_delayed_q	SIM_TRAIN	136	111.4	3.4	-1.98	1.86	0.14	1707	0.0000	0.0000
ingolstadt1_setting1_dqn_delayed_q	SIM_TRAIN	137	52.7	3.6	-1.05	0.96	0.10	1639	0.0000	0.0000
ingolstadt1_setting1_dqn_delayed_q	SIM_TRAIN	138	125.5	3.5	-2.05	1.96	0.14	1705	0.0000	0.0000
ingolstadt1_setting1_dqn_delayed_q	REAL_TEST	138	63.4	100.0	-4.69	4.13	0.24	1703	0.0000	0.0000
ingolstadt1_setting1_dqn_delayed_q	SIM_TRAIN	139	160.8	3.5	-1.85	1.64	0.14	1558	0.0000	0.0000
ingolstadt1_setting1_dqn_delayed_q	SIM_TRAIN	140	200.1	3.4	-2.00	1.88	0.14	1668	0.0000	0.0000
ingolstadt1_setting1_dqn_delayed_q	SIM_TRAIN	141	89.1	3.6	-1.45	1.34	0.11	1707	0.0000	0.0000
ingolstadt1_setting1_dqn_delayed_q	REAL_TEST	141	51.6	100.0	-4.14	3.50	0.23	1703	0.0000	0.0000
ingolstadt1_setting1_dqn_delayed_q	SIM_TRAIN	142	65.3	3.8	-2.10	2.00	0.14	1705	0.0000	0.0000
ingolstadt1_setting1_dqn_delayed_q	SIM_TRAIN	143	132.4	4.0	-1.56	1.42	0.13	1706	0.0000	0.0000
ingolstadt1_setting1_dqn_delayed_q	SIM_TRAIN	144	98.9	3.8	-1.74	1.64	0.13	1707	0.0000	0.0000
ingolstadt1_setting1_dqn_delayed_q	REAL_TEST	144	70.1	100.0	-3.74	3.18	0.25	1703	0.0000	0.0000
ingolstadt1_setting1_dqn_delayed_q	SIM_TRAIN	145	96.9	3.6	-1.74	1.59	0.13	1707	0.0000	0.0000
ingolstadt1_setting1_dqn_delayed_q	SIM_TRAIN	146	131.1	3.7	-2.20	1.99	0.15	1599	0.0000	0.0000
ingolstadt1_setting1_dqn_delayed_q	SIM_TRAIN	147	117.1	3.3	-2.20	2.02	0.15	1679	0.0000	0.0000
ingolstadt1_setting1_dqn_delayed_q	REAL_TEST	147	59.4	100.0	-3.99	3.42	0.24	1699	0.0000	0.0000
ingolstadt1_setting1_dqn_delayed_q	SIM_TRAIN	148	96.5	3.7	-1.02	0.86	0.12	1521	0.0000	0.0000
ingolstadt1_setting1_dqn_delayed_q	SIM_TRAIN	149	107.0	2.9	-1.58	1.42	0.13	1707	0.0000	0.0000
ingolstadt1_setting1_dqn_delayed_q	SIM_TRAIN	150	138.9	2.9	-1.51	1.32	0.14	1671	0.0000	0.0000
ingolstadt1_setting1_dqn_delayed_q	REAL_TEST	150	63.6	100.0	-3.90	3.42	0.23	1697	0.0000	0.0000
ingolstadt1_setting1_dqn_delayed_q	SIM_TRAIN	151	81.9	2.7	-1.47	1.33	0.12	1707	0.0000	0.0000
ingolstadt1_setting1_dqn_delayed_q	SIM_TRAIN	152	90.4	2.8	-1.19	1.02	0.11	1528	0.0000	0.0000
ingolstadt1_setting1_dqn_delayed_q	SIM_TRAIN	153	195.2	2.7	-1.70	1.47	0.13	1641	0.0000	0.0000
ingolstadt1_setting1_dqn_delayed_q	REAL_TEST	153	47.9	100.0	-3.33	2.83	0.22	1697	0.0000	0.0000
ingolstadt1_setting1_dqn_delayed_q	SIM_TRAIN	154	87.9	2.7	-1.66	1.50	0.13	1606	0.0000	0.0000
ingolstadt1_setting1_dqn_delayed_q	SIM_TRAIN	155	109.0	2.9	-1.78	1.58	0.14	1657	0.0000	0.0000
ingolstadt1_setting1_dqn_delayed_q	SIM_TRAIN	156	101.6	2.7	-1.67	1.58	0.13	1704	0.0000	0.0000
ingolstadt1_setting1_dqn_delayed_q	REAL_TEST	156	76.4	100.0	-3.72	3.16	0.25	1690	0.0000	0.0000
ingolstadt1_setting1_dqn_delayed_q	SIM_TRAIN	157	99.2	2.3	-1.46	1.28	0.13	1665	0.0000	0.0000
ingolstadt1_setting1_dqn_delayed_q	SIM_TRAIN	158	61.9	2.3	-1.97	1.80	0.13	1698	0.0000	0.0000
ingolstadt1_setting1_dqn_delayed_q	SIM_TRAIN	159	89.8	2.3	-1.75	1.56	0.13	1707	0.0000	0.0000
ingolstadt1_setting1_dqn_delayed_q	REAL_TEST	159	51.6	100.0	-3.33	2.82	0.23	1697	0.0000	0.0000
ingolstadt1_setting1_dqn_delayed_q	SIM_TRAIN	160	35.0	1.9	-1.12	1.01	0.10	1704	0.0000	0.0000
ingolstadt1_setting1_dqn_delayed_q	SIM_TRAIN	161	81.7	2.0	-1.63	1.44	0.12	1707	0.0000	0.0000
ingolstadt1_setting1_dqn_delayed_q	SIM_TRAIN	162	147.7	2.0	-1.92	1.71	0.15	1548	0.0000	0.0000
ingolstadt1_setting1_dqn_delayed_q	REAL_TEST	162	47.9	100.0	-2.92	2.50	0.22	1696	0.0000	0.0000
ingolstadt1_setting1_dqn_delayed_q	SIM_TRAIN	163	99.0	2.0	-1.70	1.51	0.14	1706	0.0000	0.0000
ingolstadt1_setting1_dqn_delayed_q	SIM_TRAIN	164	47.4	1.9	-1.15	1.04	0.11	1643	0.0000	0.0000
ingolstadt1_setting1_dqn_delayed_q	SIM_TRAIN	165	97.9	2.0	-1.18	1.04	0.12	1525	0.0000	0.0000
ingolstadt1_setting1_dqn_delayed_q	REAL_TEST	165	67.7	100.0	-4.73	4.04	0.25	1702	0.0000	0.0000
ingolstadt1_setting1_dqn_delayed_q	SIM_TRAIN	166	65.7	1.9	-1.52	1.36	0.12	1707	0.0000	0.0000
ingolstadt1_setting1_dqn_delayed_q	SIM_TRAIN	167	117.6	2.1	-2.76	2.59	0.14	1667	0.0000	0.0000
ingolstadt1_setting1_dqn_delayed_q	SIM_TRAIN	168	95.3	2.1	-1.51	1.34	0.13	1707	0.0000	0.0000
ingolstadt1_setting1_dqn_delayed_q	REAL_TEST	168	62.5	100.0	-4.69	4.09	0.24	1700	0.0000	0.0000
ingolstadt1_setting1_dqn_delayed_q	SIM_TRAIN	169	98.7	2.0	-1.57	1.38	0.13	1690	0.0000	0.0000
ingolstadt1_setting1_dqn_delayed_q	SIM_TRAIN	170	131.6	2.1	-1.82	1.64	0.15	1656	0.0000	0.0000
ingolstadt1_setting1_dqn_delayed_q	SIM_TRAIN	171	66.5	2.0	-1.32	1.24	0.11	1707	0.0000	0.0000
ingolstadt1_setting1_dqn_delayed_q	REAL_TEST	171	67.4	100.0	-4.78	4.09	0.25	1697	0.0000	0.0000
ingolstadt1_setting1_dqn_delayed_q	SIM_TRAIN	172	147.3	2.0	-2.02	1.79	0.16	1648	0.0000	0.0000
ingolstadt1_setting1_dqn_delayed_q	SIM_TRAIN	173	129.1	2.2	-1.63	1.41	0.15	1536	0.0000	0.0000
ingolstadt1_setting1_dqn_delayed_q	SIM_TRAIN	174	112.1	2.2	-1.52	1.34	0.13	1704	0.0000	0.0000
ingolstadt1_setting1_dqn_delayed_q	REAL_TEST	174	51.5	100.0	-4.01	3.37	0.22	1703	0.0000	0.0000
ingolstadt1_setting1_dqn_delayed_q	SIM_TRAIN	175	111.8	2.1	-1.79	1.63	0.13	1705	0.0000	0.0000
ingolstadt1_setting1_dqn_delayed_q	SIM_TRAIN	176	142.3	2.2	-1.54	1.36	0.13	1706	0.0000	0.0000
ingolstadt1_setting1_dqn_delayed_q	SIM_TRAIN	177	129.4	2.3	-1.82	1.63	0.15	1707	0.0000	0.0000
ingolstadt1_setting1_dqn_delayed_q	REAL_TEST	177	51.8	100.0	-3.45	2.99	0.22	1704	0.0000	0.0000
ingolstadt1_setting1_dqn_delayed_q	SIM_TRAIN	178	168.2	2.4	-1.59	1.39	0.14	1707	0.0000	0.0000
ingolstadt1_setting1_dqn_delayed_q	SIM_TRAIN	179	103.4	2.4	-1.82	1.66	0.13	1690	0.0000	0.0000
ingolstadt1_setting1_dqn_delayed_q	SIM_TRAIN	180	115.1	2.4	-2.32	2.06	0.14	1707	0.0000	0.0000
ingolstadt1_setting1_dqn_delayed_q	REAL_TEST	180	44.1	100.0	-2.96	2.58	0.21	1698	0.0000	0.0000
ingolstadt1_setting1_dqn_delayed_q	SIM_TRAIN	181	101.0	2.8	-2.36	2.21	0.14	1706	0.0000	0.0000
ingolstadt1_setting1_dqn_delayed_q	SIM_TRAIN	182	220.0	2.5	-1.46	1.23	0.14	1588	0.0000	0.0000
ingolstadt1_setting1_dqn_delayed_q	SIM_TRAIN	183	117.9	2.8	-1.58	1.42	0.13	1671	0.0000	0.0000
ingolstadt1_setting1_dqn_delayed_q	REAL_TEST	183	62.1	100.0	-3.27	2.76	0.23	1698	0.0000	0.0000
ingolstadt1_setting1_dqn_delayed_q	SIM_TRAIN	184	122.9	2.6	-1.25	1.08	0.13	1570	0.0000	0.0000
ingolstadt1_setting1_dqn_delayed_q	SIM_TRAIN	185	171.4	2.5	-1.42	1.18	0.14	1558	0.0000	0.0000
ingolstadt1_setting1_dqn_delayed_q	SIM_TRAIN	186	103.8	2.7	-1.70	1.53	0.14	1630	0.0000	0.0000
ingolstadt1_setting1_dqn_delayed_q	REAL_TEST	186	66.9	100.0	-4.15	3.60	0.23	1701	0.0000	0.0000
ingolstadt1_setting1_dqn_delayed_q	SIM_TRAIN	187	149.9	2.6	-1.77	1.56	0.13	1651	0.0000	0.0000
ingolstadt1_setting1_dqn_delayed_q	SIM_TRAIN	188	138.5	2.4	-1.98	1.73	0.15	1655	0.0000	0.0000
ingolstadt1_setting1_dqn_delayed_q	SIM_TRAIN	189	146.3	2.6	-1.48	1.32	0.14	1621	0.0000	0.0000
ingolstadt1_setting1_dqn_delayed_q	REAL_TEST	189	59.2	100.0	-3.35	2.83	0.23	1703	0.0000	0.0000
ingolstadt1_setting1_dqn_delayed_q	SIM_TRAIN	190	177.8	2.5	-2.36	2.12	0.16	1665	0.0000	0.0000
ingolstadt1_setting1_dqn_delayed_q	SIM_TRAIN	191	77.9	2.3	-1.29	1.14	0.12	1707	0.0000	0.0000
ingolstadt1_setting1_dqn_delayed_q	SIM_TRAIN	192	100.3	2.5	-1.49	1.34	0.12	1707	0.0000	0.0000
ingolstadt1_setting1_dqn_delayed_q	REAL_TEST	192	45.0	100.0	-3.39	2.93	0.23	1700	0.0000	0.0000
ingolstadt1_setting1_dqn_delayed_q	SIM_TRAIN	193	152.5	2.5	-2.03	1.84	0.15	1675	0.0000	0.0000
ingolstadt1_setting1_dqn_delayed_q	SIM_TRAIN	194	144.8	2.2	-1.92	1.72	0.15	1672	0.0000	0.0000
ingolstadt1_setting1_dqn_delayed_q	SIM_TRAIN	195	96.3	2.3	-1.51	1.38	0.13	1707	0.0000	0.0000
ingolstadt1_setting1_dqn_delayed_q	REAL_TEST	195	46.1	100.0	-3.25	2.79	0.21	1702	0.0000	0.0000
ingolstadt1_setting1_dqn_delayed_q	SIM_TRAIN	196	180.5	2.3	-1.53	1.34	0.14	1662	0.0000	0.0000
ingolstadt1_setting1_dqn_delayed_q	SIM_TRAIN	197	123.3	2.1	-2.05	1.91	0.15	1663	0.0000	0.0000
ingolstadt1_setting1_dqn_delayed_q	SIM_TRAIN	198	102.3	2.3	-1.53	1.36	0.13	1705	0.0000	0.0000
ingolstadt1_setting1_dqn_delayed_q	REAL_TEST	198	66.1	100.0	-3.56	3.05	0.23	1693	0.0000	0.0000
ingolstadt1_setting1_dqn_delayed_q	SIM_TRAIN	199	125.0	2.6	-1.63	1.51	0.13	1707	0.0000	0.0000
ingolstadt1_setting1_dqn_delayed_q	SIM_TRAIN	200	142.9	2.2	-1.61	1.46	0.13	1706	0.0000	0.0000
ingolstadt1_setting1_dqn_delayed_q	SIM_TRAIN	201	74.8	2.1	-1.82	1.70	0.12	1688	0.0000	0.0000
ingolstadt1_setting1_dqn_delayed_q	REAL_TEST	201	43.6	100.0	-3.27	2.77	0.22	1693	0.0000	0.0000
ingolstadt1_setting1_dqn_delayed_q	SIM_TRAIN	202	94.7	2.1	-1.44	1.26	0.14	1694	0.0000	0.0000
ingolstadt1_setting1_dqn_delayed_q	SIM_TRAIN	203	82.0	2.0	-1.06	0.94	0.11	1541	0.0000	0.0000
ingolstadt1_setting1_dqn_delayed_q	SIM_TRAIN	204	66.0	2.1	-1.19	1.06	0.12	1706	0.0000	0.0000
ingolstadt1_setting1_dqn_delayed_q	REAL_TEST	204	53.9	100.0	-3.59	3.03	0.23	1704	0.0000	0.0000
ingolstadt1_setting1_dqn_delayed_q	SIM_TRAIN	205	177.9	2.1	-2.20	1.96	0.16	1582	0.0000	0.0000
ingolstadt1_setting1_dqn_delayed_q	SIM_TRAIN	206	99.4	2.2	-2.08	1.92	0.14	1707	0.0000	0.0000
ingolstadt1_setting1_dqn_delayed_q	SIM_TRAIN	207	89.4	1.9	-1.09	0.96	0.11	1529	0.0000	0.0000
ingolstadt1_setting1_dqn_delayed_q	REAL_TEST	207	44.4	100.0	-3.05	2.62	0.21	1700	0.0000	0.0000
ingolstadt1_setting1_dqn_delayed_q	SIM_TRAIN	208	80.8	1.9	-1.28	1.12	0.12	1603	0.0000	0.0000
ingolstadt1_setting1_dqn_delayed_q	SIM_TRAIN	209	127.0	1.7	-1.67	1.49	0.15	1544	0.0000	0.0000
ingolstadt1_setting1_dqn_delayed_q	SIM_TRAIN	210	101.0	1.8	-1.45	1.26	0.14	1705	0.0000	0.0000
ingolstadt1_setting1_dqn_delayed_q	REAL_TEST	210	50.9	100.0	-4.32	3.77	0.23	1697	0.0000	0.0000
ingolstadt1_setting1_dqn_delayed_q	SIM_TRAIN	211	169.0	1.7	-1.55	1.39	0.14	1612	0.0000	0.0000
ingolstadt1_setting1_dqn_delayed_q	SIM_TRAIN	212	124.4	1.7	-2.73	2.54	0.15	1706	0.0000	0.0000
ingolstadt1_setting1_dqn_delayed_q	SIM_TRAIN	213	153.7	1.8	-2.00	1.85	0.14	1673	0.0000	0.0000
ingolstadt1_setting1_dqn_delayed_q	REAL_TEST	213	45.2	100.0	-3.81	3.32	0.22	1702	0.0000	0.0000
ingolstadt1_setting1_dqn_delayed_q	SIM_TRAIN	214	99.1	2.1	-2.02	1.82	0.14	1706	0.0000	0.0000
ingolstadt1_setting1_dqn_delayed_q	SIM_TRAIN	215	81.0	2.1	-1.53	1.41	0.11	1549	0.0000	0.0000
ingolstadt1_setting1_dqn_delayed_q	SIM_TRAIN	216	176.9	2.1	-1.60	1.42	0.14	1559	0.0000	0.0000
ingolstadt1_setting1_dqn_delayed_q	REAL_TEST	216	41.1	100.0	-3.62	3.11	0.22	1696	0.0000	0.0000
ingolstadt1_setting1_dqn_delayed_q	SIM_TRAIN	217	130.1	2.1	-1.92	1.74	0.14	1671	0.0000	0.0000
ingolstadt1_setting1_dqn_delayed_q	SIM_TRAIN	218	128.3	2.3	-1.61	1.45	0.13	1704	0.0000	0.0000
ingolstadt1_setting1_dqn_delayed_q	SIM_TRAIN	219	93.9	2.4	-1.35	1.22	0.11	1529	0.0000	0.0000
ingolstadt1_setting1_dqn_delayed_q	REAL_TEST	219	46.1	100.0	-3.48	3.01	0.21	1701	0.0000	0.0000
ingolstadt1_setting1_dqn_delayed_q	SIM_TRAIN	220	161.0	2.3	-1.48	1.23	0.14	1604	0.0000	0.0000
ingolstadt1_setting1_dqn_delayed_q	SIM_TRAIN	221	96.5	2.2	-2.05	1.89	0.14	1688	0.0000	0.0000
ingolstadt1_setting1_dqn_delayed_q	SIM_TRAIN	222	114.3	2.5	-1.66	1.51	0.14	1707	0.0000	0.0000
ingolstadt1_setting1_dqn_delayed_q	REAL_TEST	222	49.0	100.0	-2.79	2.36	0.21	1703	0.0000	0.0000
ingolstadt1_setting1_dqn_delayed_q	SIM_TRAIN	223	126.2	2.5	-2.02	1.81	0.15	1633	0.0000	0.0000
ingolstadt1_setting1_dqn_delayed_q	SIM_TRAIN	224	89.9	2.9	-1.70	1.59	0.12	1526	0.0000	0.0000
ingolstadt1_setting1_dqn_delayed_q	SIM_TRAIN	225	99.2	2.9	-1.61	1.45	0.13	1662	0.0000	0.0000
ingolstadt1_setting1_dqn_delayed_q	REAL_TEST	225	55.6	100.0	-3.34	2.85	0.22	1701	0.0000	0.0000
ingolstadt1_setting1_dqn_delayed_q	SIM_TRAIN	226	47.7	2.7	-1.36	1.22	0.12	1688	0.0000	0.0000
ingolstadt1_setting1_dqn_delayed_q	SIM_TRAIN	227	81.0	2.7	-1.92	1.81	0.13	1707	0.0000	0.0000
ingolstadt1_setting1_dqn_delayed_q	SIM_TRAIN	228	126.2	2.4	-1.81	1.62	0.14	1707	0.0000	0.0000
ingolstadt1_setting1_dqn_delayed_q	REAL_TEST	228	44.6	100.0	-2.95	2.56	0.21	1694	0.0000	0.0000
ingolstadt1_setting1_dqn_delayed_q	SIM_TRAIN	229	175.2	2.9	-2.25	2.06	0.16	1648	0.0000	0.0000
ingolstadt1_setting1_dqn_delayed_q	SIM_TRAIN	230	44.5	2.8	-1.03	0.95	0.11	1688	0.0000	0.0000
ingolstadt1_setting1_dqn_delayed_q	SIM_TRAIN	231	119.6	2.6	-1.86	1.72	0.13	1690	0.0000	0.0000
ingolstadt1_setting1_dqn_delayed_q	REAL_TEST	231	48.1	100.0	-3.44	3.01	0.23	1702	0.0000	0.0000
ingolstadt1_setting1_dqn_delayed_q	SIM_TRAIN	232	139.4	3.3	-2.24	2.07	0.15	1706	0.0000	0.0000
ingolstadt1_setting1_dqn_delayed_q	SIM_TRAIN	233	99.4	3.3	-2.31	2.14	0.14	1706	0.0000	0.0000
ingolstadt1_setting1_dqn_delayed_q	SIM_TRAIN	234	112.4	3.6	-1.78	1.66	0.13	1705	0.0000	0.0000
ingolstadt1_setting1_dqn_delayed_q	REAL_TEST	234	75.8	100.0	-4.21	3.61	0.24	1702	0.0000	0.0000
ingolstadt1_setting1_dqn_delayed_q	SIM_TRAIN	235	99.3	3.5	-1.56	1.45	0.13	1707	0.0000	0.0000
ingolstadt1_setting1_dqn_delayed_q	SIM_TRAIN	236	99.5	3.5	-1.81	1.66	0.12	1707	0.0000	0.0000
ingolstadt1_setting1_dqn_delayed_q	SIM_TRAIN	237	180.2	3.8	-1.60	1.41	0.14	1681	0.0000	0.0000
ingolstadt1_setting1_dqn_delayed_q	REAL_TEST	237	46.9	100.0	-4.19	3.69	0.22	1703	0.0000	0.0000
ingolstadt1_setting1_dqn_delayed_q	SIM_TRAIN	238	151.8	3.3	-3.49	3.26	0.16	1606	0.0000	0.0000
ingolstadt1_setting1_dqn_delayed_q	SIM_TRAIN	239	126.6	3.6	-1.97	1.80	0.15	1675	0.0000	0.0000
ingolstadt1_setting1_dqn_delayed_q	SIM_TRAIN	240	117.5	4.1	-2.22	2.06	0.14	1707	0.0000	0.0000
ingolstadt1_setting1_dqn_delayed_q	REAL_TEST	240	50.7	100.0	-3.75	3.30	0.21	1699	0.0000	0.0000
ingolstadt1_setting1_dqn_delayed_q	SIM_TRAIN	241	34.6	3.9	-1.59	1.53	0.10	1704	0.0000	0.0000
ingolstadt1_setting1_dqn_delayed_q	SIM_TRAIN	242	96.5	3.6	-1.77	1.62	0.14	1684	0.0000	0.0000
ingolstadt1_setting1_dqn_delayed_q	SIM_TRAIN	243	104.4	3.1	-1.50	1.35	0.13	1669	0.0000	0.0000
ingolstadt1_setting1_dqn_delayed_q	REAL_TEST	243	46.7	100.0	-3.76	3.24	0.22	1671	0.0000	0.0000
ingolstadt1_setting1_dqn_delayed_q	SIM_TRAIN	244	187.0	3.1	-1.83	1.61	0.14	1678	0.0000	0.0000
ingolstadt1_setting1_dqn_delayed_q	SIM_TRAIN	245	86.8	3.0	-1.93	1.77	0.14	1692	0.0000	0.0000
ingolstadt1_setting1_dqn_delayed_q	SIM_TRAIN	246	122.7	3.0	-1.91	1.74	0.14	1572	0.0000	0.0000
ingolstadt1_setting1_dqn_delayed_q	REAL_TEST	246	54.3	100.0	-3.41	2.93	0.22	1700	0.0000	0.0000
ingolstadt1_setting1_dqn_delayed_q	SIM_TRAIN	247	98.6	3.5	-1.69	1.54	0.14	1675	0.0000	0.0000
ingolstadt1_setting1_dqn_delayed_q	SIM_TRAIN	248	115.1	3.5	-1.89	1.69	0.14	1620	0.0000	0.0000
ingolstadt1_setting1_dqn_delayed_q	SIM_TRAIN	249	121.4	3.2	-1.81	1.64	0.14	1638	0.0000	0.0000
ingolstadt1_setting1_dqn_delayed_q	REAL_TEST	249	77.4	100.0	-4.27	3.63	0.26	1701	0.0000	0.0000
ingolstadt1_setting1_dqn_delayed_q	SIM_TRAIN	250	121.1	3.2	-1.73	1.52	0.14	1690	0.0000	0.0000
ingolstadt1_setting1_dqn_delayed_q	SIM_TRAIN	251	96.5	3.5	-2.28	2.07	0.14	1688	0.0000	0.0000
ingolstadt1_setting1_dqn_delayed_q	SIM_TRAIN	252	122.9	3.4	-1.73	1.63	0.14	1707	0.0000	0.0000
ingolstadt1_setting1_dqn_delayed_q	REAL_TEST	252	43.9	100.0	-3.29	2.84	0.22	1695	0.0000	0.0000
ingolstadt1_setting1_dqn_delayed_q	SIM_TRAIN	253	35.2	3.5	-0.89	0.82	0.09	1707	0.0000	0.0000
ingolstadt1_setting1_dqn_delayed_q	SIM_TRAIN	254	94.9	2.8	-1.83	1.72	0.12	1705	0.0000	0.0000
ingolstadt1_setting1_dqn_delayed_q	SIM_TRAIN	255	96.3	3.1	-1.31	1.17	0.11	1509	0.0000	0.0000
ingolstadt1_setting1_dqn_delayed_q	REAL_TEST	255	45.3	100.0	-3.03	2.59	0.21	1703	0.0000	0.0000
ingolstadt1_setting1_dqn_delayed_q	SIM_TRAIN	256	120.1	3.2	-1.85	1.64	0.15	1597	0.0000	0.0000
ingolstadt1_setting1_dqn_delayed_q	SIM_TRAIN	257	92.1	3.1	-1.50	1.32	0.13	1688	0.0000	0.0000
ingolstadt1_setting1_dqn_delayed_q	SIM_TRAIN	258	154.3	3.2	-1.61	1.43	0.14	1605	0.0000	0.0000
ingolstadt1_setting1_dqn_delayed_q	REAL_TEST	258	53.9	100.0	-3.25	2.79	0.22	1698	0.0000	0.0000
ingolstadt1_setting1_dqn_delayed_q	SIM_TRAIN	259	122.8	3.0	-1.92	1.76	0.14	1705	0.0000	0.0000
ingolstadt1_setting1_dqn_delayed_q	SIM_TRAIN	260	132.6	2.4	-1.89	1.68	0.15	1642	0.0000	0.0000
ingolstadt1_setting1_dqn_delayed_q	SIM_TRAIN	261	189.1	2.6	-1.48	1.25	0.14	1500	0.0000	0.0000
ingolstadt1_setting1_dqn_delayed_q	REAL_TEST	261	45.0	100.0	-2.99	2.53	0.21	1680	0.0000	0.0000
ingolstadt1_setting1_dqn_delayed_q	SIM_TRAIN	262	83.8	2.7	-1.47	1.30	0.12	1543	0.0000	0.0000
ingolstadt1_setting1_dqn_delayed_q	SIM_TRAIN	263	193.7	2.2	-1.61	1.39	0.15	1664	0.0000	0.0000
ingolstadt1_setting1_dqn_delayed_q	SIM_TRAIN	264	110.4	2.3	-1.98	1.78	0.14	1649	0.0000	0.0000
ingolstadt1_setting1_dqn_delayed_q	REAL_TEST	264	45.8	100.0	-3.49	2.96	0.23	1702	0.0000	0.0000
ingolstadt1_setting1_dqn_delayed_q	SIM_TRAIN	265	136.9	2.3	-1.63	1.44	0.15	1707	0.0000	0.0000
ingolstadt1_setting1_dqn_delayed_q	SIM_TRAIN	266	165.0	2.3	-1.52	1.36	0.15	1707	0.0000	0.0000
ingolstadt1_setting1_dqn_delayed_q	SIM_TRAIN	267	130.6	2.0	-1.91	1.74	0.14	1688	0.0000	0.0000
ingolstadt1_setting1_dqn_delayed_q	REAL_TEST	267	49.0	100.0	-3.64	3.12	0.22	1702	0.0000	0.0000
ingolstadt1_setting1_dqn_delayed_q	SIM_TRAIN	268	81.4	1.9	-1.13	1.00	0.11	1534	0.0000	0.0000
ingolstadt1_setting1_dqn_delayed_q	SIM_TRAIN	269	143.7	1.8	-1.81	1.70	0.14	1673	0.0000	0.0000
ingolstadt1_setting1_dqn_delayed_q	SIM_TRAIN	270	126.1	2.0	-1.75	1.57	0.14	1688	0.0000	0.0000
ingolstadt1_setting1_dqn_delayed_q	REAL_TEST	270	54.8	100.0	-3.63	3.09	0.23	1701	0.0000	0.0000
ingolstadt1_setting1_dqn_delayed_q	SIM_TRAIN	271	150.4	1.9	-1.74	1.49	0.15	1559	0.0000	0.0000
ingolstadt1_setting1_dqn_delayed_q	SIM_TRAIN	272	134.9	2.2	-1.45	1.27	0.13	1658	0.0000	0.0000
ingolstadt1_setting1_dqn_delayed_q	SIM_TRAIN	273	170.9	1.9	-1.78	1.55	0.15	1642	0.0000	0.0000
ingolstadt1_setting1_dqn_delayed_q	REAL_TEST	273	45.6	100.0	-3.01	2.57	0.21	1696	0.0000	0.0000
ingolstadt1_setting1_dqn_delayed_q	SIM_TRAIN	274	155.3	2.1	-1.94	1.74	0.15	1704	0.0000	0.0000
ingolstadt1_setting1_dqn_delayed_q	SIM_TRAIN	275	148.2	1.9	-1.38	1.18	0.14	1627	0.0000	0.0000
ingolstadt1_setting1_dqn_delayed_q	SIM_TRAIN	276	105.4	2.0	-1.36	1.19	0.13	1634	0.0000	0.0000
ingolstadt1_setting1_dqn_delayed_q	REAL_TEST	276	49.7	100.0	-3.41	2.85	0.22	1703	0.0000	0.0000
ingolstadt1_setting1_dqn_delayed_q	SIM_TRAIN	277	100.3	2.1	-1.85	1.71	0.13	1707	0.0000	0.0000
ingolstadt1_setting1_dqn_delayed_q	SIM_TRAIN	278	118.6	2.1	-1.80	1.62	0.14	1698	0.0000	0.0000
ingolstadt1_setting1_dqn_delayed_q	SIM_TRAIN	279	131.4	2.3	-1.84	1.65	0.14	1688	0.0000	0.0000
ingolstadt1_setting1_dqn_delayed_q	REAL_TEST	279	47.8	100.0	-3.23	2.71	0.22	1703	0.0000	0.0000
ingolstadt1_setting1_dqn_delayed_q	SIM_TRAIN	280	123.0	2.6	-1.84	1.70	0.14	1705	0.0000	0.0000
ingolstadt1_setting1_dqn_delayed_q	SIM_TRAIN	281	195.3	2.7	-1.93	1.76	0.15	1672	0.0000	0.0000
ingolstadt1_setting1_dqn_delayed_q	SIM_TRAIN	282	141.8	2.9	-1.48	1.33	0.14	1677	0.0000	0.0000
ingolstadt1_setting1_dqn_delayed_q	REAL_TEST	282	49.3	100.0	-3.29	2.77	0.22	1698	0.0000	0.0000
ingolstadt1_setting1_dqn_delayed_q	SIM_TRAIN	283	114.9	2.6	-1.65	1.51	0.14	1704	0.0000	0.0000
ingolstadt1_setting1_dqn_delayed_q	SIM_TRAIN	284	154.0	2.5	-1.67	1.46	0.14	1663	0.0000	0.0000
ingolstadt1_setting1_dqn_delayed_q	SIM_TRAIN	285	170.6	2.6	-1.22	1.05	0.14	1595	0.0000	0.0000
ingolstadt1_setting1_dqn_delayed_q	REAL_TEST	285	46.4	100.0	-3.20	2.71	0.22	1697	0.0000	0.0000
ingolstadt1_setting1_dqn_delayed_q	SIM_TRAIN	286	110.5	2.8	-1.61	1.49	0.13	1704	0.0000	0.0000
ingolstadt1_setting1_dqn_delayed_q	SIM_TRAIN	287	218.6	2.5	-1.69	1.47	0.16	1603	0.0000	0.0000
ingolstadt1_setting1_dqn_delayed_q	SIM_TRAIN	288	143.3	2.7	-1.73	1.52	0.15	1629	0.0000	0.0000
ingolstadt1_setting1_dqn_delayed_q	REAL_TEST	288	47.7	100.0	-3.19	2.69	0.22	1703	0.0000	0.0000
ingolstadt1_setting1_dqn_delayed_q	SIM_TRAIN	289	181.7	2.8	-1.91	1.67	0.15	1655	0.0000	0.0000
ingolstadt1_setting1_dqn_delayed_q	SIM_TRAIN	290	103.6	3.1	-1.57	1.42	0.14	1705	0.0000	0.0000
ingolstadt1_setting1_dqn_delayed_q	SIM_TRAIN	291	137.0	3.0	-1.51	1.36	0.13	1651	0.0000	0.0000
ingolstadt1_setting1_dqn_delayed_q	REAL_TEST	291	52.8	100.0	-3.28	2.77	0.22	1702	0.0000	0.0000
ingolstadt1_setting1_dqn_delayed_q	SIM_TRAIN	292	82.5	2.7	-1.11	1.01	0.11	1596	0.0000	0.0000
ingolstadt1_setting1_dqn_delayed_q	SIM_TRAIN	293	141.0	2.6	-1.79	1.58	0.14	1675	0.0000	0.0000
ingolstadt1_setting1_dqn_delayed_q	SIM_TRAIN	294	136.0	2.4	-1.83	1.63	0.15	1616	0.0000	0.0000
ingolstadt1_setting1_dqn_delayed_q	REAL_TEST	294	47.9	100.0	-3.36	2.86	0.21	1703	0.0000	0.0000
ingolstadt1_setting1_dqn_delayed_q	SIM_TRAIN	295	79.6	2.2	-1.81	1.65	0.14	1704	0.0000	0.0000
ingolstadt1_setting1_dqn_delayed_q	SIM_TRAIN	296	110.5	2.2	-1.82	1.67	0.14	1696	0.0000	0.0000
ingolstadt1_setting1_dqn_delayed_q	SIM_TRAIN	297	163.0	2.3	-1.81	1.57	0.15	1635	0.0000	0.0000
ingolstadt1_setting1_dqn_delayed_q	REAL_TEST	297	49.1	100.0	-3.26	2.81	0.21	1705	0.0000	0.0000
ingolstadt1_setting1_dqn_delayed_q	SIM_TRAIN	298	91.3	2.0	-2.17	1.97	0.14	1707	0.0000	0.0000
ingolstadt1_setting1_dqn_delayed_q	SIM_TRAIN	299	117.2	2.2	-1.99	1.82	0.14	1690	0.0000	0.0000
