ingolstadt1_combine2_dqn_latent_observation	REAL_TEST	2	143.5	100.0	-30.93	26.20	1.16	1279
ingolstadt1_combine2_dqn_latent_observation	REAL_TEST	4	158.2	100.0	-13.41	10.61	1.13	1138
ingolstadt1_combine2_dqn_latent_observation	REAL_TEST	6	117.2	100.0	-15.33	12.81	1.23	1454
ingolstadt1_combine2_dqn_latent_observation	REAL_TEST	8	56.8	100.0	-16.71	13.78	1.34	1678
ingolstadt1_combine2_dqn_latent_observation	REAL_TEST	10	49.2	100.0	-14.65	12.49	1.21	1680
ingolstadt1_combine2_dqn_latent_observation	REAL_TEST	12	43.5	100.0	-12.52	10.29	1.10	1704
ingolstadt1_combine2_dqn_latent_observation	REAL_TEST	14	62.7	100.0	-15.02	12.98	1.24	1671
ingolstadt1_combine2_dqn_latent_observation	REAL_TEST	16	54.4	100.0	-16.14	13.59	1.33	1678
ingolstadt1_combine2_dqn_latent_observation	REAL_TEST	18	49.9	100.0	-16.79	14.23	1.34	1700
ingolstadt1_combine2_dqn_latent_observation	REAL_TEST	20	44.9	100.0	-15.26	12.84	1.13	1703
ingolstadt1_combine2_dqn_latent_observation	REAL_TEST	22	40.9	100.0	-14.23	11.92	1.15	1704
ingolstadt1_combine2_dqn_latent_observation	REAL_TEST	24	57.2	100.0	-11.27	9.01	0.83	1698
ingolstadt1_combine2_dqn_latent_observation	REAL_TEST	26	60.9	100.0	-16.19	13.24	1.38	1682
ingolstadt1_combine2_dqn_latent_observation	REAL_TEST	28	45.0	100.0	-15.82	13.72	1.24	1702
ingolstadt1_combine2_dqn_latent_observation	REAL_TEST	30	125.2	100.0	-13.54	11.29	1.17	1358
ingolstadt1_combine2_dqn_latent_observation	REAL_TEST	32	41.5	100.0	-11.89	10.28	0.98	1689
ingolstadt1_combine2_dqn_latent_observation	REAL_TEST	34	62.0	100.0	-16.11	13.72	1.35	1643
ingolstadt1_combine2_dqn_latent_observation	REAL_TEST	36	50.4	100.0	-16.03	12.96	1.32	1690
ingolstadt1_combine2_dqn_latent_observation	REAL_TEST	38	40.0	100.0	-16.16	13.28	1.33	1705
ingolstadt1_combine2_dqn_latent_observation	REAL_TEST	40	48.8	100.0	-12.03	9.76	0.99	1691
ingolstadt1_combine2_dqn_latent_observation	REAL_TEST	42	41.5	100.0	-14.43	11.90	1.12	1702
ingolstadt1_combine2_dqn_latent_observation	REAL_TEST	44	41.3	100.0	-13.08	10.71	1.07	1703
ingolstadt1_combine2_dqn_latent_observation	REAL_TEST	46	42.5	100.0	-12.81	10.23	1.09	1704
ingolstadt1_combine2_dqn_latent_observation	REAL_TEST	48	88.8	100.0	-14.76	12.30	1.23	1669
ingolstadt1_combine2_dqn_latent_observation	REAL_TEST	50	43.9	100.0	-14.29	12.19	1.12	1702
ingolstadt1_combine2_dqn_latent_observation	REAL_TEST	52	45.1	100.0	-14.59	12.60	1.18	1692
ingolstadt1_combine2_dqn_latent_observation	REAL_TEST	54	76.1	100.0	-14.78	12.27	1.20	1660
ingolstadt1_combine2_dqn_latent_observation	REAL_TEST	56	48.6	100.0	-16.22	13.69	1.31	1704
ingolstadt1_combine2_dqn_latent_observation	REAL_TEST	58	98.5	100.0	-14.95	12.55	1.19	1490
ingolstadt1_combine2_dqn_latent_observation	REAL_TEST	60	68.2	100.0	-15.29	12.51	1.18	1669
ingolstadt1_combine2_dqn_latent_observation	REAL_TEST	62	63.4	100.0	-15.07	12.21	1.26	1669
ingolstadt1_combine2_dqn_latent_observation	REAL_TEST	64	102.5	100.0	-16.63	13.34	1.37	1529
ingolstadt1_combine2_dqn_latent_observation	REAL_TEST	66	128.0	100.0	-15.02	11.79	1.22	1369
ingolstadt1_combine2_dqn_latent_observation	REAL_TEST	68	80.2	100.0	-14.91	12.00	1.21	1666
ingolstadt1_combine2_dqn_latent_observation	REAL_TEST	70	86.2	100.0	-13.42	10.78	1.05	1590
ingolstadt1_combine2_dqn_latent_observation	REAL_TEST	72	105.6	100.0	-16.58	13.81	1.30	1500
ingolstadt1_combine2_dqn_latent_observation	REAL_TEST	74	136.6	100.0	-12.81	10.98	1.04	1299
ingolstadt1_combine2_dqn_latent_observation	REAL_TEST	76	117.5	100.0	-13.56	11.71	1.16	1444
ingolstadt1_combine2_dqn_latent_observation	REAL_TEST	78	123.2	100.0	-15.46	12.85	1.23	1386
ingolstadt1_combine2_dqn_latent_observation	REAL_TEST	80	92.6	100.0	-14.80	12.53	1.21	1605
ingolstadt1_combine2_dqn_latent_observation	REAL_TEST	82	70.3	100.0	-13.58	10.31	1.08	1661
ingolstadt1_combine2_dqn_latent_observation	REAL_TEST	84	92.6	100.0	-16.46	14.18	1.35	1649
ingolstadt1_combine2_dqn_latent_observation	REAL_TEST	86	96.1	100.0	-16.47	14.02	1.30	1566
ingolstadt1_combine2_dqn_latent_observation	REAL_TEST	88	70.5	100.0	-15.90	13.78	1.42	1607
ingolstadt1_combine2_dqn_latent_observation	REAL_TEST	90	88.3	100.0	-16.06	13.51	1.39	1608
ingolstadt1_combine2_dqn_latent_observation	REAL_TEST	92	77.8	100.0	-16.36	13.34	1.36	1615
ingolstadt1_combine2_dqn_latent_observation	REAL_TEST	94	81.9	100.0	-14.76	12.13	1.28	1538
ingolstadt1_combine2_dqn_latent_observation	REAL_TEST	96	135.1	100.0	-13.62	11.08	1.04	1291
ingolstadt1_combine2_dqn_latent_observation	REAL_TEST	98	128.1	100.0	-16.60	13.67	1.34	1351
ingolstadt1_combine2_dqn_latent_observation	REAL_TEST	100	110.1	100.0	-16.52	13.67	1.35	1478
ingolstadt1_combine2_dqn_latent_observation	REAL_TEST	102	127.7	100.0	-13.83	11.13	1.12	1348
ingolstadt1_combine2_dqn_latent_observation	REAL_TEST	104	81.5	100.0	-16.33	13.03	1.35	1639
ingolstadt1_combine2_dqn_latent_observation	REAL_TEST	106	84.0	100.0	-14.69	12.23	1.23	1648
ingolstadt1_combine2_dqn_latent_observation	REAL_TEST	108	107.2	100.0	-16.59	13.41	1.35	1478
ingolstadt1_combine2_dqn_latent_observation	REAL_TEST	110	74.1	100.0	-16.31	13.19	1.35	1666
ingolstadt1_combine2_dqn_latent_observation	REAL_TEST	112	142.7	100.0	-17.06	13.65	1.33	1241
ingolstadt1_combine2_dqn_latent_observation	REAL_TEST	114	113.7	100.0	-13.04	11.05	1.03	1479
ingolstadt1_combine2_dqn_latent_observation	REAL_TEST	116	102.4	100.0	-16.38	13.38	1.33	1539
ingolstadt1_combine2_dqn_latent_observation	REAL_TEST	118	101.2	100.0	-13.73	11.73	1.08	1546
ingolstadt1_combine2_dqn_latent_observation	REAL_TEST	120	124.3	100.0	-16.50	13.45	1.40	1360
ingolstadt1_combine2_dqn_latent_observation	REAL_TEST	122	69.0	100.0	-13.37	10.91	1.10	1704
ingolstadt1_combine2_dqn_latent_observation	REAL_TEST	124	135.4	100.0	-16.82	14.10	1.32	1322
ingolstadt1_combine2_dqn_latent_observation	REAL_TEST	126	108.6	100.0	-16.73	13.71	1.32	1472
ingolstadt1_combine2_dqn_latent_observation	REAL_TEST	128	108.4	100.0	-15.44	12.58	1.25	1482
ingolstadt1_combine2_dqn_latent_observation	REAL_TEST	130	102.7	100.0	-16.18	14.31	1.33	1513
ingolstadt1_combine2_dqn_latent_observation	REAL_TEST	132	107.5	100.0	-12.35	10.40	1.05	1499
ingolstadt1_combine2_dqn_latent_observation	REAL_TEST	134	115.9	100.0	-15.22	12.55	1.21	1455
ingolstadt1_combine2_dqn_latent_observation	REAL_TEST	136	61.4	100.0	-11.10	8.95	0.90	1657
ingolstadt1_combine2_dqn_latent_observation	REAL_TEST	138	127.5	100.0	-14.67	11.73	1.18	1377
ingolstadt1_combine2_dqn_latent_observation	REAL_TEST	140	61.0	100.0	-16.36	13.14	1.32	1675
ingolstadt1_combine2_dqn_latent_observation	REAL_TEST	142	88.2	100.0	-15.16	11.74	1.26	1638
ingolstadt1_combine2_dqn_latent_observation	REAL_TEST	144	70.6	100.0	-16.75	13.57	1.29	1658
ingolstadt1_combine2_dqn_latent_observation	REAL_TEST	146	73.3	100.0	-16.15	13.10	1.34	1630
ingolstadt1_combine2_dqn_latent_observation	REAL_TEST	148	95.4	100.0	-17.02	13.92	1.29	1561
ingolstadt1_combine2_dqn_latent_observation	REAL_TEST	150	106.5	100.0	-14.59	12.26	1.17	1571
ingolstadt1_combine2_dqn_latent_observation	REAL_TEST	152	121.7	100.0	-16.70	13.70	1.34	1416
ingolstadt1_combine2_dqn_latent_observation	REAL_TEST	154	142.8	100.0	-13.66	11.43	1.13	1234
ingolstadt1_combine2_dqn_latent_observation	REAL_TEST	156	98.2	100.0	-14.75	12.07	1.23	1560
ingolstadt1_combine2_dqn_latent_observation	REAL_TEST	158	109.2	100.0	-15.01	12.20	1.18	1487
ingolstadt1_combine2_dqn_latent_observation	REAL_TEST	160	111.6	100.0	-15.30	12.88	1.25	1517
ingolstadt1_combine2_dqn_latent_observation	REAL_TEST	162	132.2	100.0	-14.85	12.45	1.20	1376
ingolstadt1_combine2_dqn_latent_observation	REAL_TEST	164	57.7	100.0	-14.61	12.20	1.24	1676
ingolstadt1_combine2_dqn_latent_observation	REAL_TEST	166	50.7	100.0	-16.37	14.07	1.27	1694
ingolstadt1_combine2_dqn_latent_observation	REAL_TEST	168	113.7	100.0	-12.15	9.90	1.03	1491
ingolstadt1_combine2_dqn_latent_observation	REAL_TEST	170	98.0	100.0	-15.22	12.53	1.19	1561
ingolstadt1_combine2_dqn_latent_observation	REAL_TEST	172	46.3	100.0	-13.18	10.61	1.06	1685
ingolstadt1_combine2_dqn_latent_observation	REAL_TEST	174	105.7	100.0	-16.38	14.10	1.29	1619
ingolstadt1_combine2_dqn_latent_observation	REAL_TEST	176	51.0	100.0	-14.39	11.56	1.18	1701
ingolstadt1_combine2_dqn_latent_observation	REAL_TEST	178	51.0	100.0	-16.11	13.86	1.28	1687
ingolstadt1_combine2_dqn_latent_observation	REAL_TEST	180	44.4	100.0	-15.05	12.45	1.20	1700
ingolstadt1_combine2_dqn_latent_observation	REAL_TEST	182	45.1	100.0	-16.89	13.97	1.32	1694
ingolstadt1_combine2_dqn_latent_observation	REAL_TEST	184	115.7	100.0	-14.98	12.56	1.17	1484
ingolstadt1_combine2_dqn_latent_observation	REAL_TEST	186	67.3	100.0	-13.64	11.42	1.11	1657
ingolstadt1_combine2_dqn_latent_observation	REAL_TEST	188	42.7	100.0	-14.53	11.97	1.19	1691
ingolstadt1_combine2_dqn_latent_observation	REAL_TEST	190	116.8	100.0	-13.83	11.05	1.08	1436
ingolstadt1_combine2_dqn_latent_observation	REAL_TEST	192	43.4	100.0	-14.78	12.80	1.17	1704
ingolstadt1_combine2_dqn_latent_observation	REAL_TEST	194	110.7	100.0	-16.65	14.34	1.28	1469
ingolstadt1_combine2_dqn_latent_observation	REAL_TEST	196	54.6	100.0	-16.00	13.76	1.30	1699
ingolstadt1_combine2_dqn_latent_observation	REAL_TEST	198	46.7	100.0	-14.37	11.66	1.20	1693
