tempe_16_flexible_dqn_dr	SIM_TRAIN	0	102.0	0.0	-143.53	10.83	0.30	21197	0.0000	0.0569
tempe_16_flexible_dqn_dr	SIM_TRAIN	1	98.7	0.0	-131.25	9.65	0.29	21203	0.0000	0.0583
tempe_16_flexible_dqn_dr	SIM_TRAIN	2	97.6	6.1	-127.96	9.28	0.30	21234	0.0000	0.0618
tempe_16_flexible_dqn_dr	SIM_TRAIN	3	91.7	4.8	-89.94	7.49	0.27	21265	0.0000	0.0769
tempe_16_flexible_dqn_dr	REAL_TEST	3	87.3	100.0	-51.15	4.62	0.23	20874	0.0000	0.0703
tempe_16_flexible_dqn_dr	SIM_TRAIN	4	86.3	3.8	-70.16	5.46	0.27	21271	0.0000	0.0583
tempe_16_flexible_dqn_dr	SIM_TRAIN	5	98.5	3.6	-128.58	9.74	0.30	21227	0.0000	0.0786
tempe_16_flexible_dqn_dr	SIM_TRAIN	6	89.4	3.4	-91.96	6.65	0.30	21266	0.0000	0.0736
tempe_16_flexible_dqn_dr	REAL_TEST	6	87.0	100.0	-46.68	4.20	0.23	20908	0.0000	0.0531
tempe_16_flexible_dqn_dr	SIM_TRAIN	7	89.0	3.1	-85.95	6.35	0.27	21281	0.0000	0.0700
tempe_16_flexible_dqn_dr	SIM_TRAIN	8	88.7	2.9	-83.49	6.26	0.27	21271	0.0000	0.0674
tempe_16_flexible_dqn_dr	SIM_TRAIN	9	89.3	2.8	-85.24	6.47	0.27	21259	0.0000	0.0599
tempe_16_flexible_dqn_dr	REAL_TEST	9	88.5	100.0	-49.16	4.52	0.23	20891	0.0000	0.0516
tempe_16_flexible_dqn_dr	SIM_TRAIN	10	89.4	2.7	-86.55	6.54	0.28	21267	0.0000	0.0707
tempe_16_flexible_dqn_dr	SIM_TRAIN	11	86.2	2.6	-71.96	5.37	0.25	21282	0.0000	0.0625
tempe_16_flexible_dqn_dr	SIM_TRAIN	12	88.1	2.5	-79.21	5.99	0.26	21281	0.0000	0.0639
tempe_16_flexible_dqn_dr	REAL_TEST	12	87.1	100.0	-47.43	4.31	0.23	20877	0.0000	0.0526
tempe_16_flexible_dqn_dr	SIM_TRAIN	13	85.4	2.3	-66.69	5.07	0.26	21284	0.0000	0.0538
tempe_16_flexible_dqn_dr	SIM_TRAIN	14	88.3	2.2	-81.02	6.18	0.27	21269	0.0000	0.0675
tempe_16_flexible_dqn_dr	SIM_TRAIN	15	93.4	2.1	-106.93	7.93	0.27	21249	0.0000	0.0656
tempe_16_flexible_dqn_dr	REAL_TEST	15	87.1	100.0	-47.74	4.35	0.23	20884	0.0000	0.0550
tempe_16_flexible_dqn_dr	SIM_TRAIN	16	94.2	2.1	-88.80	6.52	0.27	21237	0.0000	0.0655
tempe_16_flexible_dqn_dr	SIM_TRAIN	17	85.9	2.0	-73.18	5.32	0.27	21293	0.0000	0.0661
tempe_16_flexible_dqn_dr	SIM_TRAIN	18	86.6	1.9	-75.70	5.49	0.27	21268	0.0000	0.0641
tempe_16_flexible_dqn_dr	REAL_TEST	18	87.6	100.0	-47.12	4.30	0.23	20901	0.0000	0.0568
tempe_16_flexible_dqn_dr	SIM_TRAIN	19	88.9	1.7	-86.55	6.42	0.27	21242	0.0000	0.0663
tempe_16_flexible_dqn_dr	SIM_TRAIN	20	88.6	1.7	-86.74	6.27	0.28	21263	0.0000	0.0729
tempe_16_flexible_dqn_dr	SIM_TRAIN	21	87.8	1.6	-81.39	5.85	0.28	21282	0.0000	0.0658
tempe_16_flexible_dqn_dr	REAL_TEST	21	88.1	100.0	-50.26	4.54	0.23	20860	0.0000	0.0498
tempe_16_flexible_dqn_dr	SIM_TRAIN	22	85.8	1.7	-65.85	5.17	0.25	21294	0.0000	0.0602
tempe_16_flexible_dqn_dr	SIM_TRAIN	23	87.9	1.7	-79.60	6.01	0.29	21273	0.0000	0.0700
tempe_16_flexible_dqn_dr	SIM_TRAIN	24	86.7	1.6	-74.93	5.55	0.26	21287	0.0000	0.0635
tempe_16_flexible_dqn_dr	REAL_TEST	24	87.0	100.0	-45.55	4.22	0.22	20879	0.0000	0.0563
tempe_16_flexible_dqn_dr	SIM_TRAIN	25	92.3	1.6	-109.72	7.49	0.31	21272	0.0000	0.0752
tempe_16_flexible_dqn_dr	SIM_TRAIN	26	85.1	1.6	-64.61	4.99	0.25	21289	0.0000	0.0573
tempe_16_flexible_dqn_dr	SIM_TRAIN	27	89.8	1.6	-89.91	6.68	0.29	21265	0.0000	0.0707
tempe_16_flexible_dqn_dr	REAL_TEST	27	87.4	100.0	-46.73	4.27	0.23	20878	0.0000	0.0549
tempe_16_flexible_dqn_dr	SIM_TRAIN	28	86.6	1.5	-74.84	5.49	0.27	21288	0.0000	0.0644
tempe_16_flexible_dqn_dr	SIM_TRAIN	29	85.1	1.5	-65.45	4.96	0.26	21272	0.0000	0.0575
tempe_16_flexible_dqn_dr	SIM_TRAIN	30	88.2	1.4	-80.19	6.06	0.26	21291	0.0000	0.0623
tempe_16_flexible_dqn_dr	REAL_TEST	30	87.7	100.0	-47.46	4.33	0.22	20881	0.0000	0.0595
tempe_16_flexible_dqn_dr	SIM_TRAIN	31	85.3	1.3	-65.68	5.01	0.26	21298	0.0000	0.0608
tempe_16_flexible_dqn_dr	SIM_TRAIN	32	88.2	1.4	-78.76	5.97	0.26	21286	0.0000	0.0622
tempe_16_flexible_dqn_dr	SIM_TRAIN	33	85.3	1.3	-69.06	5.11	0.26	21287	0.0000	0.0660
tempe_16_flexible_dqn_dr	REAL_TEST	33	87.8	100.0	-48.55	4.42	0.23	20885	0.0000	0.0578
tempe_16_flexible_dqn_dr	SIM_TRAIN	34	88.7	1.3	-85.54	6.28	0.28	21282	0.0000	0.0745
tempe_16_flexible_dqn_dr	SIM_TRAIN	35	93.1	1.3	-111.08	7.86	0.29	21255	0.0000	0.0826
tempe_16_flexible_dqn_dr	SIM_TRAIN	36	89.3	1.3	-84.11	6.49	0.26	21279	0.0000	0.0651
tempe_16_flexible_dqn_dr	REAL_TEST	36	87.8	100.0	-47.83	4.32	0.23	20853	0.0000	0.0538
tempe_16_flexible_dqn_dr	SIM_TRAIN	37	90.2	1.3	-89.74	6.86	0.29	21254	0.0000	0.0705
tempe_16_flexible_dqn_dr	SIM_TRAIN	38	89.1	1.4	-85.34	6.36	0.28	21274	0.0000	0.0681
tempe_16_flexible_dqn_dr	SIM_TRAIN	39	88.1	1.4	-83.97	6.11	0.27	21270	0.0000	0.0682
tempe_16_flexible_dqn_dr	REAL_TEST	39	87.6	100.0	-47.14	4.28	0.22	20875	0.0000	0.0528
tempe_16_flexible_dqn_dr	SIM_TRAIN	40	92.9	1.4	-104.28	7.69	0.29	21247	0.0000	0.0741
tempe_16_flexible_dqn_dr	SIM_TRAIN	41	90.7	1.5	-98.48	7.03	0.28	21286	0.0000	0.0748
tempe_16_flexible_dqn_dr	SIM_TRAIN	42	86.3	1.4	-74.61	5.43	0.27	21280	0.0000	0.0700
tempe_16_flexible_dqn_dr	REAL_TEST	42	87.4	100.0	-47.02	4.26	0.22	20853	0.0000	0.0575
tempe_16_flexible_dqn_dr	SIM_TRAIN	43	85.6	1.4	-69.75	5.22	0.27	21280	0.0000	0.0660
tempe_16_flexible_dqn_dr	SIM_TRAIN	44	87.4	1.4	-77.40	5.82	0.27	21277	0.0000	0.0719
tempe_16_flexible_dqn_dr	SIM_TRAIN	45	88.0	1.4	-81.66	6.02	0.28	21290	0.0000	0.0757
tempe_16_flexible_dqn_dr	REAL_TEST	45	86.7	100.0	-46.03	4.12	0.23	20885	0.0000	0.0524
tempe_16_flexible_dqn_dr	SIM_TRAIN	46	87.2	1.4	-75.82	5.69	0.26	21290	0.0000	0.0623
tempe_16_flexible_dqn_dr	SIM_TRAIN	47	88.4	1.3	-87.37	6.23	0.28	21279	0.0000	0.0674
tempe_16_flexible_dqn_dr	SIM_TRAIN	48	86.3	1.4	-69.69	5.37	0.26	21292	0.0000	0.0616
tempe_16_flexible_dqn_dr	REAL_TEST	48	87.3	100.0	-47.17	4.24	0.22	20896	0.0000	0.0474
tempe_16_flexible_dqn_dr	SIM_TRAIN	49	86.9	1.3	-74.00	5.51	0.26	21307	0.0000	0.0630
tempe_16_flexible_dqn_dr	SIM_TRAIN	50	87.0	1.3	-78.84	5.71	0.28	21291	0.0000	0.0738
tempe_16_flexible_dqn_dr	SIM_TRAIN	51	86.7	1.3	-76.77	5.59	0.28	21254	0.0000	0.0714
tempe_16_flexible_dqn_dr	REAL_TEST	51	87.0	100.0	-46.71	4.22	0.22	20877	0.0000	0.0521
tempe_16_flexible_dqn_dr	SIM_TRAIN	52	92.5	1.3	-102.03	7.59	0.29	21245	0.0000	0.0773
tempe_16_flexible_dqn_dr	SIM_TRAIN	53	88.4	1.3	-84.90	6.14	0.28	21285	0.0000	0.0696
tempe_16_flexible_dqn_dr	SIM_TRAIN	54	103.1	1.7	-135.51	9.65	0.29	21247	0.0000	0.0729
tempe_16_flexible_dqn_dr	REAL_TEST	54	86.9	100.0	-45.77	4.14	0.23	20881	0.0000	0.0542
tempe_16_flexible_dqn_dr	SIM_TRAIN	55	85.3	1.5	-67.48	5.07	0.27	21266	0.0000	0.0597
tempe_16_flexible_dqn_dr	SIM_TRAIN	56	85.9	1.5	-67.79	5.19	0.25	21286	0.0000	0.0585
tempe_16_flexible_dqn_dr	SIM_TRAIN	57	87.9	1.5	-83.00	6.01	0.28	21271	0.0000	0.0682
tempe_16_flexible_dqn_dr	REAL_TEST	57	87.0	100.0	-46.59	4.18	0.23	20867	0.0000	0.0576
tempe_16_flexible_dqn_dr	SIM_TRAIN	58	88.8	1.5	-85.41	6.27	0.27	21285	0.0000	0.0623
tempe_16_flexible_dqn_dr	SIM_TRAIN	59	99.0	1.6	-104.47	7.46	0.28	21149	0.0000	0.0733
tempe_16_flexible_dqn_dr	SIM_TRAIN	60	87.2	1.5	-78.85	5.71	0.27	21285	0.0000	0.0682
tempe_16_flexible_dqn_dr	REAL_TEST	60	86.4	100.0	-44.76	4.06	0.22	20862	0.0000	0.0516
tempe_16_flexible_dqn_dr	SIM_TRAIN	61	90.3	1.5	-98.48	6.82	0.29	21232	0.0000	0.0696
tempe_16_flexible_dqn_dr	SIM_TRAIN	62	86.2	1.5	-74.88	5.37	0.27	21298	0.0000	0.0641
tempe_16_flexible_dqn_dr	SIM_TRAIN	63	88.2	1.5	-80.71	6.02	0.28	21277	0.0000	0.0628
tempe_16_flexible_dqn_dr	REAL_TEST	63	86.2	100.0	-44.03	3.97	0.22	20904	0.0000	0.0568
tempe_16_flexible_dqn_dr	SIM_TRAIN	64	93.8	1.6	-101.57	7.97	0.27	21272	0.0000	0.0623
tempe_16_flexible_dqn_dr	SIM_TRAIN	65	85.9	1.8	-68.10	5.30	0.26	21287	0.0000	0.0635
tempe_16_flexible_dqn_dr	SIM_TRAIN	66	105.8	1.9	-125.89	8.74	0.28	21143	0.0000	0.0719
tempe_16_flexible_dqn_dr	REAL_TEST	66	86.5	100.0	-45.85	4.13	0.23	20887	0.0000	0.0556
tempe_16_flexible_dqn_dr	SIM_TRAIN	67	85.6	2.5	-69.65	5.09	0.26	21284	0.0000	0.0578
tempe_16_flexible_dqn_dr	SIM_TRAIN	68	86.1	2.1	-69.10	5.28	0.26	21286	0.0000	0.0556
tempe_16_flexible_dqn_dr	SIM_TRAIN	69	87.1	1.7	-77.75	5.64	0.27	21299	0.0000	0.0672
tempe_16_flexible_dqn_dr	REAL_TEST	69	86.0	100.0	-44.21	3.99	0.23	20914	0.0000	0.0571
tempe_16_flexible_dqn_dr	SIM_TRAIN	70	86.5	1.7	-73.88	5.54	0.27	21273	0.0000	0.0677
tempe_16_flexible_dqn_dr	SIM_TRAIN	71	89.7	1.7	-85.55	6.57	0.28	21283	0.0000	0.0720
tempe_16_flexible_dqn_dr	SIM_TRAIN	72	85.2	1.6	-65.10	4.99	0.25	21307	0.0000	0.0554
tempe_16_flexible_dqn_dr	REAL_TEST	72	86.2	100.0	-44.46	4.05	0.23	20880	0.0000	0.0557
tempe_16_flexible_dqn_dr	SIM_TRAIN	73	90.2	1.6	-98.50	6.93	0.29	21249	0.0000	0.0767
tempe_16_flexible_dqn_dr	SIM_TRAIN	74	88.4	1.6	-83.82	6.13	0.28	21278	0.0000	0.0773
tempe_16_flexible_dqn_dr	SIM_TRAIN	75	86.3	1.6	-71.86	5.42	0.27	21269	0.0000	0.0668
tempe_16_flexible_dqn_dr	REAL_TEST	75	86.7	100.0	-45.32	4.12	0.23	20880	0.0000	0.0540
tempe_16_flexible_dqn_dr	SIM_TRAIN	76	86.1	1.5	-69.26	5.28	0.26	21279	0.0000	0.0641
tempe_16_flexible_dqn_dr	SIM_TRAIN	77	86.5	1.5	-71.53	5.49	0.26	21281	0.0000	0.0686
tempe_16_flexible_dqn_dr	SIM_TRAIN	78	86.9	1.3	-73.52	5.58	0.26	21258	0.0000	0.0701
tempe_16_flexible_dqn_dr	REAL_TEST	78	87.2	100.0	-46.94	4.18	0.23	20857	0.0000	0.0536
tempe_16_flexible_dqn_dr	SIM_TRAIN	79	90.1	1.2	-88.97	6.63	0.27	21278	0.0000	0.0741
tempe_16_flexible_dqn_dr	SIM_TRAIN	80	86.4	1.2	-75.22	5.51	0.28	21281	0.0000	0.0752
tempe_16_flexible_dqn_dr	SIM_TRAIN	81	90.2	1.1	-84.48	6.83	0.27	21282	0.0000	0.0599
tempe_16_flexible_dqn_dr	REAL_TEST	81	86.8	100.0	-45.95	4.11	0.23	20886	0.0000	0.0542
tempe_16_flexible_dqn_dr	SIM_TRAIN	82	90.7	1.1	-100.01	7.00	0.30	21275	0.0000	0.0684
tempe_16_flexible_dqn_dr	SIM_TRAIN	83	85.2	1.1	-65.87	5.00	0.26	21301	0.0000	0.0601
tempe_16_flexible_dqn_dr	SIM_TRAIN	84	89.2	1.1	-85.73	6.33	0.27	21282	0.0000	0.0665
tempe_16_flexible_dqn_dr	REAL_TEST	84	86.6	100.0	-45.71	4.11	0.23	20876	0.0000	0.0467
tempe_16_flexible_dqn_dr	SIM_TRAIN	85	86.7	1.2	-75.62	5.58	0.27	21267	0.0000	0.0696
tempe_16_flexible_dqn_dr	SIM_TRAIN	86	86.8	1.2	-76.23	5.60	0.27	21264	0.0000	0.0700
tempe_16_flexible_dqn_dr	SIM_TRAIN	87	86.5	1.1	-74.99	5.49	0.27	21258	0.0000	0.0632
tempe_16_flexible_dqn_dr	REAL_TEST	87	86.7	100.0	-45.85	4.15	0.23	20867	0.0000	0.0446
tempe_16_flexible_dqn_dr	SIM_TRAIN	88	87.5	1.1	-79.33	5.85	0.27	21297	0.0000	0.0755
tempe_16_flexible_dqn_dr	SIM_TRAIN	89	86.8	1.1	-77.13	5.66	0.26	21282	0.0000	0.0670
tempe_16_flexible_dqn_dr	SIM_TRAIN	90	91.2	1.2	-99.18	7.30	0.28	21227	0.0000	0.0726
tempe_16_flexible_dqn_dr	REAL_TEST	90	86.7	100.0	-44.96	4.09	0.23	20889	0.0000	0.0503
tempe_16_flexible_dqn_dr	SIM_TRAIN	91	87.2	1.2	-76.59	5.76	0.27	21274	0.0000	0.0648
tempe_16_flexible_dqn_dr	SIM_TRAIN	92	85.8	1.2	-68.60	5.23	0.26	21288	0.0000	0.0602
tempe_16_flexible_dqn_dr	SIM_TRAIN	93	91.3	1.2	-95.13	7.20	0.29	21264	0.0000	0.0717
tempe_16_flexible_dqn_dr	REAL_TEST	93	87.0	100.0	-45.07	4.17	0.23	20884	0.0000	0.0479
tempe_16_flexible_dqn_dr	SIM_TRAIN	94	88.2	1.2	-84.20	6.11	0.28	21278	0.0000	0.0688
tempe_16_flexible_dqn_dr	SIM_TRAIN	95	86.8	1.2	-71.59	5.57	0.26	21281	0.0000	0.0661
tempe_16_flexible_dqn_dr	SIM_TRAIN	96	85.8	1.2	-66.73	5.15	0.25	21274	0.0000	0.0601
tempe_16_flexible_dqn_dr	REAL_TEST	96	86.9	100.0	-44.86	4.13	0.22	20899	0.0000	0.0563
tempe_16_flexible_dqn_dr	SIM_TRAIN	97	92.0	1.2	-102.40	7.34	0.28	21222	0.0000	0.0762
tempe_16_flexible_dqn_dr	SIM_TRAIN	98	101.8	1.8	-143.38	10.13	0.28	21282	0.0000	0.0826
tempe_16_flexible_dqn_dr	SIM_TRAIN	99	85.0	2.8	-66.96	4.99	0.25	21285	0.0000	0.0623
tempe_16_flexible_dqn_dr	REAL_TEST	99	86.6	100.0	-45.37	4.12	0.22	20860	0.0000	0.0476
tempe_16_flexible_dqn_dr	SIM_TRAIN	100	85.0	3.2	-64.75	4.94	0.26	21301	0.0000	0.0616
tempe_16_flexible_dqn_dr	SIM_TRAIN	101	88.0	3.5	-82.77	6.04	0.27	21279	0.0000	0.0755
tempe_16_flexible_dqn_dr	SIM_TRAIN	102	91.8	3.3	-96.46	7.36	0.28	21276	0.0000	0.0826
tempe_16_flexible_dqn_dr	REAL_TEST	102	86.7	100.0	-44.62	4.09	0.22	20847	0.0000	0.0543
tempe_16_flexible_dqn_dr	SIM_TRAIN	103	88.4	3.4	-80.31	6.10	0.27	21279	0.0000	0.0656
tempe_16_flexible_dqn_dr	SIM_TRAIN	104	87.3	3.1	-81.66	5.75	0.27	21283	0.0000	0.0700
tempe_16_flexible_dqn_dr	SIM_TRAIN	105	92.1	3.4	-102.99	7.51	0.30	21254	0.0000	0.0814
tempe_16_flexible_dqn_dr	REAL_TEST	105	86.4	100.0	-43.96	4.05	0.22	20903	0.0000	0.0550
tempe_16_flexible_dqn_dr	SIM_TRAIN	106	87.2	3.3	-75.39	5.72	0.27	21277	0.0000	0.0668
tempe_16_flexible_dqn_dr	SIM_TRAIN	107	89.7	3.0	-93.49	6.68	0.29	21274	0.0000	0.0780
tempe_16_flexible_dqn_dr	SIM_TRAIN	108	90.2	3.4	-91.35	6.70	0.27	21252	0.0000	0.0819
tempe_16_flexible_dqn_dr	REAL_TEST	108	86.3	100.0	-44.31	4.05	0.23	20889	0.0000	0.0545
tempe_16_flexible_dqn_dr	SIM_TRAIN	109	86.8	3.1	-72.64	5.55	0.27	21285	0.0000	0.0627
tempe_16_flexible_dqn_dr	SIM_TRAIN	110	86.1	3.2	-72.62	5.33	0.27	21294	0.0000	0.0694
tempe_16_flexible_dqn_dr	SIM_TRAIN	111	87.7	2.8	-81.08	5.89	0.28	21260	0.0000	0.0708
tempe_16_flexible_dqn_dr	REAL_TEST	111	87.0	100.0	-45.65	4.17	0.22	20875	0.0000	0.0575
tempe_16_flexible_dqn_dr	SIM_TRAIN	112	90.1	1.8	-94.61	6.75	0.29	21275	0.0000	0.0804
tempe_16_flexible_dqn_dr	SIM_TRAIN	113	89.5	1.3	-91.04	6.55	0.29	21289	0.0000	0.0731
tempe_16_flexible_dqn_dr	SIM_TRAIN	114	85.4	1.3	-66.21	5.05	0.26	21293	0.0000	0.0575
tempe_16_flexible_dqn_dr	REAL_TEST	114	86.2	100.0	-44.08	4.03	0.22	20866	0.0000	0.0561
tempe_16_flexible_dqn_dr	SIM_TRAIN	115	87.7	1.3	-77.84	5.87	0.27	21279	0.0000	0.0656
tempe_16_flexible_dqn_dr	SIM_TRAIN	116	88.9	1.3	-85.30	6.26	0.27	21280	0.0000	0.0752
tempe_16_flexible_dqn_dr	SIM_TRAIN	117	87.5	1.3	-75.53	5.79	0.26	21290	0.0000	0.0599
tempe_16_flexible_dqn_dr	REAL_TEST	117	86.2	100.0	-44.21	4.03	0.22	20892	0.0000	0.0552
tempe_16_flexible_dqn_dr	SIM_TRAIN	118	90.5	1.3	-89.23	6.88	0.27	21259	0.0000	0.0703
tempe_16_flexible_dqn_dr	SIM_TRAIN	119	89.5	1.3	-86.29	6.62	0.28	21269	0.0000	0.0703
tempe_16_flexible_dqn_dr	SIM_TRAIN	120	86.1	1.3	-72.61	5.26	0.26	21286	0.0000	0.0543
tempe_16_flexible_dqn_dr	REAL_TEST	120	86.4	100.0	-45.32	4.11	0.23	20889	0.0000	0.0557
tempe_16_flexible_dqn_dr	SIM_TRAIN	121	85.7	1.3	-67.06	5.12	0.26	21297	0.0000	0.0573
tempe_16_flexible_dqn_dr	SIM_TRAIN	122	86.8	1.2	-78.75	5.64	0.27	21283	0.0000	0.0715
tempe_16_flexible_dqn_dr	SIM_TRAIN	123	85.3	1.2	-66.81	5.03	0.26	21280	0.0000	0.0597
tempe_16_flexible_dqn_dr	REAL_TEST	123	86.9	100.0	-46.04	4.12	0.23	20893	0.0000	0.0580
tempe_16_flexible_dqn_dr	SIM_TRAIN	124	87.4	1.2	-77.21	5.79	0.28	21281	0.0000	0.0660
tempe_16_flexible_dqn_dr	SIM_TRAIN	125	88.0	1.2	-78.64	5.95	0.26	21270	0.0000	0.0646
tempe_16_flexible_dqn_dr	SIM_TRAIN	126	90.1	1.2	-91.95	6.75	0.28	21249	0.0000	0.0785
tempe_16_flexible_dqn_dr	REAL_TEST	126	86.3	100.0	-44.92	4.05	0.22	20890	0.0000	0.0561
tempe_16_flexible_dqn_dr	SIM_TRAIN	127	87.6	1.1	-77.84	5.82	0.28	21284	0.0000	0.0738
tempe_16_flexible_dqn_dr	SIM_TRAIN	128	86.7	1.2	-76.21	5.66	0.27	21277	0.0000	0.0719
tempe_16_flexible_dqn_dr	SIM_TRAIN	129	234.0	14.3	-441.66	33.73	0.31	19602	0.0000	0.0807
tempe_16_flexible_dqn_dr	REAL_TEST	129	87.0	100.0	-46.66	4.19	0.23	20813	0.0000	0.0613
tempe_16_flexible_dqn_dr	SIM_TRAIN	130	87.1	56.7	-76.68	5.69	0.27	21283	0.0000	0.0694
tempe_16_flexible_dqn_dr	SIM_TRAIN	131	87.4	58.6	-74.20	5.85	0.26	21259	0.0000	0.0689
tempe_16_flexible_dqn_dr	SIM_TRAIN	132	86.3	52.8	-73.07	5.44	0.27	21285	0.0000	0.0729
tempe_16_flexible_dqn_dr	REAL_TEST	132	87.5	100.0	-52.19	4.41	0.24	20809	0.0000	0.0611
tempe_16_flexible_dqn_dr	SIM_TRAIN	133	87.5	48.6	-77.88	5.81	0.28	21289	0.0000	0.0670
tempe_16_flexible_dqn_dr	SIM_TRAIN	134	89.5	42.4	-92.13	6.63	0.31	21242	0.0000	0.0887
tempe_16_flexible_dqn_dr	SIM_TRAIN	135	89.2	39.3	-83.88	6.42	0.27	21273	0.0000	0.0806
tempe_16_flexible_dqn_dr	REAL_TEST	135	86.4	100.0	-45.23	4.08	0.23	20866	0.0000	0.0606
tempe_16_flexible_dqn_dr	SIM_TRAIN	136	86.2	37.3	-70.96	5.37	0.27	21280	0.0000	0.0653
tempe_16_flexible_dqn_dr	SIM_TRAIN	137	93.1	33.5	-99.76	7.86	0.28	21278	0.0000	0.0700
tempe_16_flexible_dqn_dr	SIM_TRAIN	138	85.7	34.5	-70.80	5.29	0.27	21284	0.0000	0.0733
tempe_16_flexible_dqn_dr	REAL_TEST	138	85.8	100.0	-43.74	3.94	0.23	20854	0.0000	0.0533
tempe_16_flexible_dqn_dr	SIM_TRAIN	139	86.5	30.5	-75.64	5.54	0.28	21272	0.0000	0.0668
tempe_16_flexible_dqn_dr	SIM_TRAIN	140	86.8	31.0	-77.27	5.52	0.27	21262	0.0000	0.0679
tempe_16_flexible_dqn_dr	SIM_TRAIN	141	86.2	27.9	-71.39	5.39	0.26	21284	0.0000	0.0658
tempe_16_flexible_dqn_dr	REAL_TEST	141	86.1	100.0	-44.22	3.98	0.23	20894	0.0000	0.0531
tempe_16_flexible_dqn_dr	SIM_TRAIN	142	94.7	27.9	-108.82	8.12	0.27	21231	0.0000	0.0677
tempe_16_flexible_dqn_dr	SIM_TRAIN	143	86.0	14.4	-69.53	5.30	0.26	21278	0.0000	0.0665
tempe_16_flexible_dqn_dr	SIM_TRAIN	144	84.4	1.5	-61.32	4.70	0.25	21290	0.0000	0.0578
tempe_16_flexible_dqn_dr	REAL_TEST	144	86.1	100.0	-43.53	3.97	0.22	20845	0.0000	0.0554
tempe_16_flexible_dqn_dr	SIM_TRAIN	145	90.2	1.4	-86.87	6.68	0.26	21261	0.0000	0.0665
tempe_16_flexible_dqn_dr	SIM_TRAIN	146	85.1	1.4	-68.53	5.01	0.25	21296	0.0000	0.0639
tempe_16_flexible_dqn_dr	SIM_TRAIN	147	91.9	1.4	-97.77	7.34	0.27	21283	0.0000	0.0703
tempe_16_flexible_dqn_dr	REAL_TEST	147	86.3	100.0	-44.37	4.02	0.22	20854	0.0000	0.0524
tempe_16_flexible_dqn_dr	SIM_TRAIN	148	92.4	1.5	-90.42	7.08	0.26	21248	0.0000	0.0656
tempe_16_flexible_dqn_dr	SIM_TRAIN	149	88.8	1.6	-88.07	6.32	0.29	21261	0.0000	0.0750
tempe_16_flexible_dqn_dr	SIM_TRAIN	150	89.7	1.5	-87.79	6.66	0.28	21257	0.0000	0.0766
tempe_16_flexible_dqn_dr	REAL_TEST	150	86.4	100.0	-44.74	4.04	0.22	20878	0.0000	0.0523
tempe_16_flexible_dqn_dr	SIM_TRAIN	151	87.9	1.5	-84.91	6.01	0.28	21262	0.0000	0.0682
tempe_16_flexible_dqn_dr	SIM_TRAIN	152	93.2	1.5	-101.95	7.94	0.28	21238	0.0000	0.0677
tempe_16_flexible_dqn_dr	SIM_TRAIN	153	90.8	1.6	-89.91	6.41	0.28	21176	0.0000	0.0733
tempe_16_flexible_dqn_dr	REAL_TEST	153	86.0	100.0	-44.27	4.02	0.23	20904	0.0000	0.0568
tempe_16_flexible_dqn_dr	SIM_TRAIN	154	91.5	1.6	-99.25	7.14	0.28	21286	0.0000	0.0745
tempe_16_flexible_dqn_dr	SIM_TRAIN	155	85.9	1.6	-73.19	5.25	0.27	21286	0.0000	0.0620
tempe_16_flexible_dqn_dr	SIM_TRAIN	156	93.4	1.5	-108.85	7.90	0.29	21256	0.0000	0.0698
tempe_16_flexible_dqn_dr	REAL_TEST	156	86.2	100.0	-44.57	4.05	0.22	20890	0.0000	0.0575
tempe_16_flexible_dqn_dr	SIM_TRAIN	157	86.3	1.6	-69.39	5.34	0.26	21263	0.0000	0.0615
tempe_16_flexible_dqn_dr	SIM_TRAIN	158	90.1	1.6	-86.33	6.66	0.27	21274	0.0000	0.0698
tempe_16_flexible_dqn_dr	SIM_TRAIN	159	85.2	1.6	-66.29	5.01	0.26	21298	0.0000	0.0651
tempe_16_flexible_dqn_dr	REAL_TEST	159	86.8	100.0	-45.51	4.14	0.23	20854	0.0000	0.0576
tempe_16_flexible_dqn_dr	SIM_TRAIN	160	87.7	1.5	-79.03	5.91	0.27	21275	0.0000	0.0710
tempe_16_flexible_dqn_dr	SIM_TRAIN	161	89.6	1.5	-86.22	6.55	0.26	21240	0.0000	0.0722
tempe_16_flexible_dqn_dr	SIM_TRAIN	162	91.5	1.4	-100.69	7.27	0.28	21248	0.0000	0.0696
tempe_16_flexible_dqn_dr	REAL_TEST	162	86.0	100.0	-43.34	3.94	0.22	20896	0.0000	0.0602
tempe_16_flexible_dqn_dr	SIM_TRAIN	163	87.4	1.4	-81.24	5.76	0.28	21287	0.0000	0.0705
tempe_16_flexible_dqn_dr	SIM_TRAIN	164	88.2	1.3	-81.91	6.12	0.29	21283	0.0000	0.0755
tempe_16_flexible_dqn_dr	SIM_TRAIN	165	87.0	1.3	-74.51	5.65	0.26	21274	0.0000	0.0675
tempe_16_flexible_dqn_dr	REAL_TEST	165	86.0	100.0	-43.82	3.98	0.22	20882	0.0000	0.0578
tempe_16_flexible_dqn_dr	SIM_TRAIN	166	88.6	1.3	-88.31	6.25	0.28	21268	0.0000	0.0734
tempe_16_flexible_dqn_dr	SIM_TRAIN	167	86.1	1.3	-68.62	5.32	0.26	21295	0.0000	0.0606
tempe_16_flexible_dqn_dr	SIM_TRAIN	168	85.3	1.3	-69.74	5.03	0.26	21289	0.0000	0.0667
tempe_16_flexible_dqn_dr	REAL_TEST	168	86.5	100.0	-45.49	4.13	0.23	20903	0.0000	0.0658
tempe_16_flexible_dqn_dr	SIM_TRAIN	169	86.0	1.3	-70.49	5.33	0.28	21273	0.0000	0.0694
tempe_16_flexible_dqn_dr	SIM_TRAIN	170	86.2	1.2	-75.39	5.40	0.28	21293	0.0000	0.0736
tempe_16_flexible_dqn_dr	SIM_TRAIN	171	89.8	1.2	-91.45	6.58	0.28	21273	0.0000	0.0726
tempe_16_flexible_dqn_dr	REAL_TEST	171	86.0	100.0	-44.23	4.05	0.23	20900	0.0000	0.0672
tempe_16_flexible_dqn_dr	SIM_TRAIN	172	89.0	1.2	-89.49	6.43	0.29	21284	0.0000	0.0717
tempe_16_flexible_dqn_dr	SIM_TRAIN	173	84.7	1.2	-62.10	4.79	0.25	21284	0.0000	0.0599
tempe_16_flexible_dqn_dr	SIM_TRAIN	174	88.2	1.2	-81.40	6.04	0.28	21283	0.0000	0.0701
tempe_16_flexible_dqn_dr	REAL_TEST	174	85.9	100.0	-43.42	4.01	0.22	20906	0.0000	0.0623
tempe_16_flexible_dqn_dr	SIM_TRAIN	175	87.7	1.2	-75.72	5.84	0.27	21285	0.0000	0.0599
tempe_16_flexible_dqn_dr	SIM_TRAIN	176	89.5	1.2	-86.23	6.57	0.28	21246	0.0000	0.0722
tempe_16_flexible_dqn_dr	SIM_TRAIN	177	88.4	1.2	-86.98	6.12	0.28	21267	0.0000	0.0714
tempe_16_flexible_dqn_dr	REAL_TEST	177	86.1	100.0	-43.87	4.04	0.23	20866	0.0000	0.0571
tempe_16_flexible_dqn_dr	SIM_TRAIN	178	93.2	1.2	-102.47	7.87	0.28	21245	0.0000	0.0760
tempe_16_flexible_dqn_dr	SIM_TRAIN	179	85.3	1.2	-66.33	5.10	0.26	21298	0.0000	0.0639
tempe_16_flexible_dqn_dr	SIM_TRAIN	180	85.0	1.2	-68.56	4.93	0.26	21293	0.0000	0.0646
tempe_16_flexible_dqn_dr	REAL_TEST	180	85.6	100.0	-42.29	3.89	0.22	20894	0.0000	0.0595
tempe_16_flexible_dqn_dr	SIM_TRAIN	181	96.7	1.3	-128.43	9.01	0.29	21208	0.0000	0.0773
tempe_16_flexible_dqn_dr	SIM_TRAIN	182	88.2	1.4	-81.13	6.07	0.28	21266	0.0000	0.0743
tempe_16_flexible_dqn_dr	SIM_TRAIN	183	84.6	1.4	-61.75	4.80	0.25	21289	0.0000	0.0590
tempe_16_flexible_dqn_dr	REAL_TEST	183	85.7	100.0	-42.42	3.88	0.22	20888	0.0000	0.0554
tempe_16_flexible_dqn_dr	SIM_TRAIN	184	89.0	1.4	-89.05	6.45	0.29	21264	0.0000	0.0778
tempe_16_flexible_dqn_dr	SIM_TRAIN	185	86.9	1.4	-76.94	5.55	0.26	21280	0.0000	0.0635
tempe_16_flexible_dqn_dr	SIM_TRAIN	186	85.7	1.4	-71.32	5.15	0.26	21289	0.0000	0.0641
tempe_16_flexible_dqn_dr	REAL_TEST	186	86.0	100.0	-42.56	3.90	0.22	20898	0.0000	0.0530
tempe_16_flexible_dqn_dr	SIM_TRAIN	187	86.5	1.4	-75.44	5.43	0.27	21272	0.0000	0.0639
tempe_16_flexible_dqn_dr	SIM_TRAIN	188	88.4	1.4	-80.62	6.11	0.26	21249	0.0000	0.0689
tempe_16_flexible_dqn_dr	SIM_TRAIN	189	86.0	1.4	-73.37	5.35	0.26	21285	0.0000	0.0677
tempe_16_flexible_dqn_dr	REAL_TEST	189	85.8	100.0	-42.52	3.87	0.22	20915	0.0000	0.0530
tempe_16_flexible_dqn_dr	SIM_TRAIN	190	90.0	1.3	-88.02	6.75	0.29	21258	0.0000	0.0710
tempe_16_flexible_dqn_dr	SIM_TRAIN	191	85.7	1.3	-72.41	5.31	0.27	21288	0.0000	0.0696
tempe_16_flexible_dqn_dr	SIM_TRAIN	192	84.7	1.3	-62.69	4.84	0.25	21272	0.0000	0.0599
tempe_16_flexible_dqn_dr	REAL_TEST	192	86.2	100.0	-43.46	4.00	0.22	20904	0.0000	0.0516
tempe_16_flexible_dqn_dr	SIM_TRAIN	193	89.4	1.3	-84.85	6.51	0.27	21253	0.0000	0.0722
tempe_16_flexible_dqn_dr	SIM_TRAIN	194	86.2	1.3	-75.69	5.37	0.26	21280	0.0000	0.0667
tempe_16_flexible_dqn_dr	SIM_TRAIN	195	85.7	1.2	-67.49	5.18	0.25	21285	0.0000	0.0616
tempe_16_flexible_dqn_dr	REAL_TEST	195	86.9	100.0	-45.04	4.08	0.22	20871	0.0000	0.0557
tempe_16_flexible_dqn_dr	SIM_TRAIN	196	89.1	1.1	-86.50	6.49	0.27	21249	0.0000	0.0590
tempe_16_flexible_dqn_dr	SIM_TRAIN	197	85.5	1.1	-69.90	5.07	0.26	21286	0.0000	0.0670
tempe_16_flexible_dqn_dr	SIM_TRAIN	198	87.4	1.1	-79.79	5.82	0.28	21259	0.0000	0.0745
tempe_16_flexible_dqn_dr	REAL_TEST	198	86.4	100.0	-43.99	4.05	0.22	20872	0.0000	0.0571
tempe_16_flexible_dqn_dr	SIM_TRAIN	199	86.2	1.1	-70.81	5.32	0.26	21287	0.0000	0.0620
tempe_16_flexible_dqn_dr	SIM_TRAIN	200	88.8	1.1	-83.35	6.25	0.27	21263	0.0000	0.0698
tempe_16_flexible_dqn_dr	SIM_TRAIN	201	88.0	1.1	-81.94	5.97	0.26	21279	0.0000	0.0688
tempe_16_flexible_dqn_dr	REAL_TEST	201	86.5	100.0	-43.93	4.01	0.22	20902	0.0000	0.0547
tempe_16_flexible_dqn_dr	SIM_TRAIN	202	84.5	1.1	-61.37	4.74	0.25	21282	0.0000	0.0608
tempe_16_flexible_dqn_dr	SIM_TRAIN	203	88.4	1.1	-85.54	6.17	0.27	21256	0.0000	0.0755
tempe_16_flexible_dqn_dr	SIM_TRAIN	204	88.0	1.1	-85.16	6.03	0.28	21250	0.0000	0.0715
tempe_16_flexible_dqn_dr	REAL_TEST	204	85.4	100.0	-42.47	3.87	0.22	20880	0.0000	0.0576
tempe_16_flexible_dqn_dr	SIM_TRAIN	205	85.7	1.1	-67.85	5.19	0.25	21287	0.0000	0.0585
tempe_16_flexible_dqn_dr	SIM_TRAIN	206	86.1	1.1	-72.39	5.36	0.28	21275	0.0000	0.0689
tempe_16_flexible_dqn_dr	SIM_TRAIN	207	86.0	1.1	-73.14	5.35	0.26	21280	0.0000	0.0651
tempe_16_flexible_dqn_dr	REAL_TEST	207	86.3	100.0	-43.85	3.97	0.22	20889	0.0000	0.0583
tempe_16_flexible_dqn_dr	SIM_TRAIN	208	85.9	1.1	-71.35	5.27	0.27	21299	0.0000	0.0708
tempe_16_flexible_dqn_dr	SIM_TRAIN	209	87.2	1.1	-76.49	5.74	0.26	21288	0.0000	0.0712
tempe_16_flexible_dqn_dr	SIM_TRAIN	210	86.0	1.1	-73.72	5.34	0.27	21288	0.0000	0.0656
tempe_16_flexible_dqn_dr	REAL_TEST	210	86.5	100.0	-43.98	4.02	0.23	20888	0.0000	0.0601
tempe_16_flexible_dqn_dr	SIM_TRAIN	211	88.6	1.1	-85.17	6.25	0.27	21282	0.0000	0.0663
tempe_16_flexible_dqn_dr	SIM_TRAIN	212	117.1	1.1	-104.89	8.50	0.28	20942	0.0000	0.0774
tempe_16_flexible_dqn_dr	SIM_TRAIN	213	88.1	1.2	-83.29	5.98	0.26	21268	0.0000	0.0707
tempe_16_flexible_dqn_dr	REAL_TEST	213	86.2	100.0	-43.45	3.95	0.23	20877	0.0000	0.0599
tempe_16_flexible_dqn_dr	SIM_TRAIN	214	85.3	1.2	-65.82	5.05	0.26	21287	0.0000	0.0595
tempe_16_flexible_dqn_dr	SIM_TRAIN	215	84.2	1.2	-61.01	4.66	0.26	21297	0.0000	0.0595
tempe_16_flexible_dqn_dr	SIM_TRAIN	216	86.1	1.2	-72.15	5.40	0.28	21268	0.0000	0.0663
tempe_16_flexible_dqn_dr	REAL_TEST	216	86.4	100.0	-44.03	3.97	0.22	20872	0.0000	0.0580
tempe_16_flexible_dqn_dr	SIM_TRAIN	217	87.2	1.2	-82.86	5.84	0.30	21287	0.0000	0.0653
tempe_16_flexible_dqn_dr	SIM_TRAIN	218	87.8	1.2	-78.11	5.94	0.28	21243	0.0000	0.0681
tempe_16_flexible_dqn_dr	SIM_TRAIN	219	85.3	1.2	-65.32	5.00	0.25	21290	0.0000	0.0625
tempe_16_flexible_dqn_dr	REAL_TEST	219	86.1	100.0	-43.29	3.94	0.22	20901	0.0000	0.0575
tempe_16_flexible_dqn_dr	SIM_TRAIN	220	90.8	1.2	-95.85	7.03	0.29	21272	0.0000	0.0814
tempe_16_flexible_dqn_dr	SIM_TRAIN	221	85.9	1.2	-75.13	5.28	0.27	21283	0.0000	0.0665
tempe_16_flexible_dqn_dr	SIM_TRAIN	222	86.3	1.2	-77.87	5.47	0.27	21293	0.0000	0.0630
tempe_16_flexible_dqn_dr	REAL_TEST	222	85.9	100.0	-42.95	3.89	0.22	20878	0.0000	0.0590
tempe_16_flexible_dqn_dr	SIM_TRAIN	223	84.4	1.2	-62.52	4.76	0.26	21273	0.0000	0.0597
tempe_16_flexible_dqn_dr	SIM_TRAIN	224	89.5	1.2	-87.87	6.56	0.27	21281	0.0000	0.0717
tempe_16_flexible_dqn_dr	SIM_TRAIN	225	84.9	1.2	-66.26	4.94	0.25	21293	0.0000	0.0649
tempe_16_flexible_dqn_dr	REAL_TEST	225	85.7	100.0	-42.24	3.86	0.22	20903	0.0000	0.0595
tempe_16_flexible_dqn_dr	SIM_TRAIN	226	85.4	1.1	-65.72	5.06	0.26	21313	0.0000	0.0575
tempe_16_flexible_dqn_dr	SIM_TRAIN	227	88.3	1.1	-83.39	6.14	0.29	21278	0.0000	0.0731
tempe_16_flexible_dqn_dr	SIM_TRAIN	228	85.8	1.0	-66.70	5.24	0.25	21298	0.0000	0.0552
tempe_16_flexible_dqn_dr	REAL_TEST	228	85.9	100.0	-43.05	3.91	0.22	20883	0.0000	0.0590
tempe_16_flexible_dqn_dr	SIM_TRAIN	229	88.8	1.1	-84.28	6.30	0.27	21275	0.0000	0.0720
tempe_16_flexible_dqn_dr	SIM_TRAIN	230	89.8	1.1	-88.73	6.68	0.28	21265	0.0000	0.0788
tempe_16_flexible_dqn_dr	SIM_TRAIN	231	87.6	1.1	-81.38	5.95	0.29	21289	0.0000	0.0767
tempe_16_flexible_dqn_dr	REAL_TEST	231	85.5	100.0	-42.74	3.88	0.23	20894	0.0000	0.0590
tempe_16_flexible_dqn_dr	SIM_TRAIN	232	90.4	1.1	-90.95	6.89	0.28	21223	0.0000	0.0766
tempe_16_flexible_dqn_dr	SIM_TRAIN	233	124.9	1.1	-116.84	9.01	0.29	20907	0.0000	0.0825
tempe_16_flexible_dqn_dr	SIM_TRAIN	234	85.9	1.2	-69.30	5.27	0.27	21287	0.0000	0.0668
tempe_16_flexible_dqn_dr	REAL_TEST	234	85.6	100.0	-43.10	3.90	0.22	20865	0.0000	0.0559
tempe_16_flexible_dqn_dr	SIM_TRAIN	235	87.1	1.2	-73.99	5.78	0.27	21257	0.0000	0.0681
tempe_16_flexible_dqn_dr	SIM_TRAIN	236	90.7	1.2	-93.44	6.92	0.28	21282	0.0000	0.0771
tempe_16_flexible_dqn_dr	SIM_TRAIN	237	92.8	1.2	-107.42	7.63	0.29	21219	0.0000	0.0778
tempe_16_flexible_dqn_dr	REAL_TEST	237	85.5	100.0	-42.85	3.90	0.22	20901	0.0000	0.0583
tempe_16_flexible_dqn_dr	SIM_TRAIN	238	112.5	1.2	-101.57	7.17	0.29	20972	0.0000	0.0674
tempe_16_flexible_dqn_dr	SIM_TRAIN	239	86.4	1.2	-72.07	5.45	0.28	21290	0.0000	0.0698
tempe_16_flexible_dqn_dr	SIM_TRAIN	240	86.3	1.2	-70.69	5.44	0.26	21282	0.0000	0.0694
tempe_16_flexible_dqn_dr	REAL_TEST	240	85.4	100.0	-42.53	3.84	0.22	20882	0.0000	0.0535
tempe_16_flexible_dqn_dr	SIM_TRAIN	241	87.2	1.2	-74.88	5.72	0.27	21249	0.0000	0.0658
tempe_16_flexible_dqn_dr	SIM_TRAIN	242	86.3	1.2	-71.35	5.44	0.26	21281	0.0000	0.0653
tempe_16_flexible_dqn_dr	SIM_TRAIN	243	84.9	1.2	-65.07	4.91	0.26	21300	0.0000	0.0635
tempe_16_flexible_dqn_dr	REAL_TEST	243	87.0	100.0	-45.13	4.09	0.22	20878	0.0000	0.0481
tempe_16_flexible_dqn_dr	SIM_TRAIN	244	90.3	1.2	-90.79	6.77	0.27	21282	0.0000	0.0677
tempe_16_flexible_dqn_dr	SIM_TRAIN	245	89.0	1.2	-81.56	6.32	0.27	21271	0.0000	0.0649
tempe_16_flexible_dqn_dr	SIM_TRAIN	246	97.0	1.3	-125.18	9.12	0.30	21283	0.0000	0.0854
tempe_16_flexible_dqn_dr	REAL_TEST	246	86.3	100.0	-44.54	4.03	0.22	20864	0.0000	0.0507
tempe_16_flexible_dqn_dr	SIM_TRAIN	247	85.1	1.3	-63.92	5.00	0.25	21287	0.0000	0.0604
tempe_16_flexible_dqn_dr	SIM_TRAIN	248	93.1	1.3	-100.87	7.89	0.29	21242	0.0000	0.0793
tempe_16_flexible_dqn_dr	SIM_TRAIN	249	86.5	1.3	-73.86	5.48	0.27	21290	0.0000	0.0698
tempe_16_flexible_dqn_dr	REAL_TEST	249	86.9	100.0	-45.21	4.06	0.22	20832	0.0000	0.0578
tempe_16_flexible_dqn_dr	SIM_TRAIN	250	87.3	1.3	-77.25	5.74	0.26	21280	0.0000	0.0660
tempe_16_flexible_dqn_dr	SIM_TRAIN	251	87.2	1.3	-79.00	5.71	0.27	21269	0.0000	0.0670
tempe_16_flexible_dqn_dr	SIM_TRAIN	252	89.4	1.2	-88.45	6.49	0.29	21286	0.0000	0.0691
tempe_16_flexible_dqn_dr	REAL_TEST	252	86.7	100.0	-45.04	4.05	0.22	20877	0.0000	0.0601
tempe_16_flexible_dqn_dr	SIM_TRAIN	253	84.8	1.2	-62.71	4.83	0.25	21281	0.0000	0.0597
tempe_16_flexible_dqn_dr	SIM_TRAIN	254	88.1	1.2	-83.95	6.02	0.28	21267	0.0000	0.0667
tempe_16_flexible_dqn_dr	SIM_TRAIN	255	87.9	1.3	-79.46	5.90	0.27	21294	0.0000	0.0660
tempe_16_flexible_dqn_dr	REAL_TEST	255	87.2	100.0	-46.32	4.11	0.22	20898	0.0000	0.0578
tempe_16_flexible_dqn_dr	SIM_TRAIN	256	107.9	2.1	-165.80	11.65	0.30	21269	0.0000	0.0799
tempe_16_flexible_dqn_dr	SIM_TRAIN	257	91.8	3.2	-102.17	7.27	0.29	21276	0.0000	0.0755
tempe_16_flexible_dqn_dr	SIM_TRAIN	258	84.6	2.8	-64.05	4.84	0.26	21286	0.0000	0.0561
tempe_16_flexible_dqn_dr	REAL_TEST	258	87.5	100.0	-46.72	4.22	0.23	20909	0.0000	0.0474
tempe_16_flexible_dqn_dr	SIM_TRAIN	259	106.9	5.0	-151.55	11.85	0.28	21270	0.0000	0.0747
tempe_16_flexible_dqn_dr	SIM_TRAIN	260	86.0	7.1	-68.91	5.25	0.25	21272	0.0000	0.0514
tempe_16_flexible_dqn_dr	SIM_TRAIN	261	86.9	7.5	-77.94	5.58	0.27	21294	0.0000	0.0632
tempe_16_flexible_dqn_dr	REAL_TEST	261	86.6	100.0	-44.18	3.99	0.22	20897	0.0000	0.0500
tempe_16_flexible_dqn_dr	SIM_TRAIN	262	85.4	8.8	-66.14	5.05	0.25	21272	0.0000	0.0571
tempe_16_flexible_dqn_dr	SIM_TRAIN	263	88.4	9.0	-86.58	6.21	0.29	21274	0.0000	0.0646
tempe_16_flexible_dqn_dr	SIM_TRAIN	264	86.7	9.8	-75.97	5.63	0.27	21263	0.0000	0.0684
tempe_16_flexible_dqn_dr	REAL_TEST	264	87.1	100.0	-45.41	4.10	0.23	20833	0.0000	0.0554
tempe_16_flexible_dqn_dr	SIM_TRAIN	265	85.9	11.5	-68.56	5.27	0.27	21286	0.0000	0.0597
tempe_16_flexible_dqn_dr	SIM_TRAIN	266	89.5	12.1	-91.28	6.68	0.29	21269	0.0000	0.0774
tempe_16_flexible_dqn_dr	SIM_TRAIN	267	85.6	11.5	-70.38	5.13	0.26	21280	0.0000	0.0599
tempe_16_flexible_dqn_dr	REAL_TEST	267	86.9	100.0	-45.05	4.12	0.23	20860	0.0000	0.0505
tempe_16_flexible_dqn_dr	SIM_TRAIN	268	87.3	10.6	-78.54	5.79	0.27	21267	0.0000	0.0701
tempe_16_flexible_dqn_dr	SIM_TRAIN	269	89.2	11.9	-90.70	6.56	0.29	21242	0.0000	0.0719
tempe_16_flexible_dqn_dr	SIM_TRAIN	270	102.2	11.0	-136.31	11.13	0.29	21225	0.0000	0.0845
tempe_16_flexible_dqn_dr	REAL_TEST	270	87.4	100.0	-46.06	4.19	0.23	20871	0.0000	0.0557
tempe_16_flexible_dqn_dr	SIM_TRAIN	271	85.9	9.7	-70.39	5.29	0.27	21290	0.0000	0.0681
tempe_16_flexible_dqn_dr	SIM_TRAIN	272	91.3	9.2	-100.32	7.13	0.29	21269	0.0000	0.0748
tempe_16_flexible_dqn_dr	SIM_TRAIN	273	90.4	4.9	-88.42	6.71	0.26	21257	0.0000	0.0672
tempe_16_flexible_dqn_dr	REAL_TEST	273	86.2	100.0	-43.99	4.03	0.23	20849	0.0000	0.0573
tempe_16_flexible_dqn_dr	SIM_TRAIN	274	86.1	1.3	-70.98	5.39	0.27	21284	0.0000	0.0679
tempe_16_flexible_dqn_dr	SIM_TRAIN	275	85.2	1.2	-68.24	5.00	0.26	21280	0.0000	0.0637
tempe_16_flexible_dqn_dr	SIM_TRAIN	276	89.4	1.3	-86.00	6.57	0.28	21259	0.0000	0.0764
tempe_16_flexible_dqn_dr	REAL_TEST	276	86.4	100.0	-43.66	4.03	0.22	20878	0.0000	0.0530
tempe_16_flexible_dqn_dr	SIM_TRAIN	277	88.3	1.3	-81.35	6.12	0.27	21283	0.0000	0.0686
tempe_16_flexible_dqn_dr	SIM_TRAIN	278	87.6	1.3	-75.64	5.90	0.27	21288	0.0000	0.0696
tempe_16_flexible_dqn_dr	SIM_TRAIN	279	87.3	1.3	-80.39	5.74	0.27	21250	0.0000	0.0688
tempe_16_flexible_dqn_dr	REAL_TEST	279	86.1	100.0	-43.69	3.98	0.22	20874	0.0000	0.0542
tempe_16_flexible_dqn_dr	SIM_TRAIN	280	88.4	1.3	-80.39	6.21	0.27	21266	0.0000	0.0757
tempe_16_flexible_dqn_dr	SIM_TRAIN	281	88.2	1.3	-80.25	6.08	0.26	21281	0.0000	0.0679
tempe_16_flexible_dqn_dr	SIM_TRAIN	282	87.8	1.2	-81.47	6.00	0.26	21280	0.0000	0.0707
tempe_16_flexible_dqn_dr	REAL_TEST	282	86.2	100.0	-44.02	4.01	0.22	20893	0.0000	0.0538
tempe_16_flexible_dqn_dr	SIM_TRAIN	283	87.9	1.3	-82.07	5.92	0.27	21259	0.0000	0.0606
tempe_16_flexible_dqn_dr	SIM_TRAIN	284	85.6	1.2	-68.35	5.17	0.26	21281	0.0000	0.0632
tempe_16_flexible_dqn_dr	SIM_TRAIN	285	89.7	1.2	-91.88	6.58	0.29	21281	0.0000	0.0748
tempe_16_flexible_dqn_dr	REAL_TEST	285	86.3	100.0	-43.48	3.97	0.22	20877	0.0000	0.0576
tempe_16_flexible_dqn_dr	SIM_TRAIN	286	86.0	1.2	-71.42	5.26	0.26	21285	0.0000	0.0606
tempe_16_flexible_dqn_dr	SIM_TRAIN	287	87.4	1.1	-78.58	5.71	0.26	21254	0.0000	0.0656
tempe_16_flexible_dqn_dr	SIM_TRAIN	288	86.4	1.1	-74.08	5.50	0.28	21268	0.0000	0.0771
tempe_16_flexible_dqn_dr	REAL_TEST	288	86.5	100.0	-44.37	4.06	0.22	20864	0.0000	0.0554
tempe_16_flexible_dqn_dr	SIM_TRAIN	289	133.6	2.6	-239.74	18.12	0.29	20203	0.0000	0.0769
tempe_16_flexible_dqn_dr	SIM_TRAIN	290	88.7	11.4	-84.89	6.23	0.28	21287	0.0000	0.0684
tempe_16_flexible_dqn_dr	SIM_TRAIN	291	87.4	12.1	-77.97	5.78	0.27	21298	0.0000	0.0688
tempe_16_flexible_dqn_dr	REAL_TEST	291	87.0	100.0	-45.38	4.16	0.23	20860	0.0000	0.0590
tempe_16_flexible_dqn_dr	SIM_TRAIN	292	85.8	13.4	-69.24	5.23	0.27	21281	0.0000	0.0646
tempe_16_flexible_dqn_dr	SIM_TRAIN	293	96.6	14.5	-101.92	7.91	0.27	21240	0.0000	0.0724
tempe_16_flexible_dqn_dr	SIM_TRAIN	294	86.3	13.7	-71.42	5.38	0.26	21269	0.0000	0.0609
tempe_16_flexible_dqn_dr	REAL_TEST	294	88.2	100.0	-48.32	4.30	0.23	20857	0.0000	0.0545
tempe_16_flexible_dqn_dr	SIM_TRAIN	295	86.2	13.7	-75.57	5.42	0.27	21268	0.0000	0.0694
tempe_16_flexible_dqn_dr	SIM_TRAIN	296	89.0	13.4	-87.56	6.31	0.27	21279	0.0000	0.0733
tempe_16_flexible_dqn_dr	SIM_TRAIN	297	87.7	13.3	-81.33	5.91	0.28	21268	0.0000	0.0681
tempe_16_flexible_dqn_dr	REAL_TEST	297	86.4	100.0	-45.00	4.04	0.22	20872	0.0000	0.0592
tempe_16_flexible_dqn_dr	SIM_TRAIN	298	87.1	12.8	-75.35	5.69	0.26	21292	0.0000	0.0639
tempe_16_flexible_dqn_dr	SIM_TRAIN	299	87.2	12.6	-78.06	5.77	0.27	21275	0.0000	0.0743
