exp_name	mode	step	travel_time	loss	rewards	queue	delay	throughput	train_reward	R_real	components	detail	fairness	emission	fuel	emergency_stops	ssm_conflicts	collisions	phi_raw
ingolstadt7_emission_heavy_dqn_morl_grid	SIM_TRAIN	0	75.3	0.0	-6.83	0.97	0.07	3011	-0.20	0.0000			0.0000						
ingolstadt7_emission_heavy_dqn_morl_grid	SIM_TRAIN	1	71.3	0.0	-6.09	0.91	0.07	3012	-0.19	0.0000			0.0000						
ingolstadt7_emission_heavy_dqn_morl_grid	SIM_TRAIN	2	74.0	1.2	-7.59	1.08	0.07	3011	-0.20	0.0000			0.0000						
ingolstadt7_emission_heavy_dqn_morl_grid	SIM_TRAIN	3	233.0	0.2	-38.21	5.37	0.13	2791	-0.54	0.0000			72.8571						
ingolstadt7_emission_heavy_dqn_morl_grid	SIM_TRAIN	4	151.9	0.1	-8.68	1.23	0.08	2862	-0.13	0.0000			154.0000						
ingolstadt7_emission_heavy_dqn_morl_grid	SIM_TRAIN	5	191.5	0.1	-7.93	1.18	0.08	2836	-0.12	0.0000			23.8571						
ingolstadt7_emission_heavy_dqn_morl_grid	SIM_TRAIN	6	179.8	0.0	-6.48	0.98	0.07	2850	-0.11	0.0000			0.0000						
ingolstadt7_emission_heavy_dqn_morl_grid	SIM_TRAIN	7	131.9	0.0	-11.23	1.64	0.09	2964	-0.14	0.0000			0.0000						
ingolstadt7_emission_heavy_dqn_morl_grid	SIM_TRAIN	8	99.1	0.0	-6.62	0.98	0.07	3010	-0.10	0.0000			64.4286						
ingolstadt7_emission_heavy_dqn_morl_grid	REAL_TRAIN	1	284.4	100.0	-72.61	9.20	0.22	2099		-2.4884	queue=0.3024;delay=0.0;waiting=0.0;pressure=0.0;switches=0.0;emission=2.186	grid;w=queue=0.2;delay=0.2;waiting=0.2;pressure=0.2;switches=0.2	63.4286	491.1573	159.2291	7.0000	616.0000	12.0000	queue=6.0481;delay=1.5737;waiting=1158.3534;pressure=81.7472;switches=1.0806;emission=10.93
ingolstadt7_emission_heavy_dqn_morl_grid	SIM_TRAIN	9	72.3	0.0	-7.10	1.01	0.07	3012	-0.01	0.0000			0.0000						
ingolstadt7_emission_heavy_dqn_morl_grid	SIM_TRAIN	10	71.6	0.0	-6.33	0.93	0.07	3011	-0.01	0.0000			0.0000						
ingolstadt7_emission_heavy_dqn_morl_grid	SIM_TRAIN	11	70.5	1.3	-6.28	0.90	0.07	3011	-0.01	0.0000			0.0000						
ingolstadt7_emission_heavy_dqn_morl_grid	SIM_TRAIN	12	400.3	0.1	-64.48	8.66	0.16	2194	-0.08	0.0000			157.4286						
ingolstadt7_emission_heavy_dqn_morl_grid	SIM_TRAIN	13	223.8	0.0	-30.93	4.33	0.14	2903	-0.04	0.0000			66.8571						
ingolstadt7_emission_heavy_dqn_morl_grid	SIM_TRAIN	14	78.1	0.0	-9.74	1.32	0.09	3012	-0.01	0.0000			26.4286						
ingolstadt7_emission_heavy_dqn_morl_grid	SIM_TRAIN	15	70.6	0.0	-6.90	0.96	0.07	3011	-0.01	0.0000			0.0000						
ingolstadt7_emission_heavy_dqn_morl_grid	SIM_TRAIN	16	218.7	0.0	-32.16	4.50	0.13	2774	-0.04	0.0000			61.5714						
ingolstadt7_emission_heavy_dqn_morl_grid	SIM_TRAIN	17	135.9	0.0	-17.73	2.53	0.10	3011	-0.02	0.0000			22.5714						
ingolstadt7_emission_heavy_dqn_morl_grid	REAL_TRAIN	2	845.6	100.0	-157.45	20.49	0.32	898		-4.7731	queue=0.6575;delay=0.0;waiting=0.0;pressure=0.0;switches=0.0;emission=4.1156	grid;w=queue=1.0	85.2857	1048.8719	340.0383	7.0000	393.0000	4.0000	queue=13.1504;delay=2.2196;waiting=18371.1694;pressure=167.875;switches=1.4056;emission=20.5778
ingolstadt7_emission_heavy_dqn_morl_grid	SIM_TRAIN	18	71.4	0.0	-6.57	0.93	0.07	3011	-0.07	0.0000			95.5714						
ingolstadt7_emission_heavy_dqn_morl_grid	SIM_TRAIN	19	70.2	0.0	-6.65	0.93	0.07	3012	-0.07	0.0000			0.0000						
ingolstadt7_emission_heavy_dqn_morl_grid	SIM_TRAIN	20	71.1	1.7	-6.77	0.96	0.07	3012	-0.07	0.0000			0.0000						
ingolstadt7_emission_heavy_dqn_morl_grid	SIM_TRAIN	21	76.1	0.1	-8.87	1.25	0.07	3011	-0.07	0.0000			0.0000						
ingolstadt7_emission_heavy_dqn_morl_grid	SIM_TRAIN	22	104.8	0.0	-5.15	0.75	0.06	3012	-0.06	0.0000			0.0000						
ingolstadt7_emission_heavy_dqn_morl_grid	SIM_TRAIN	23	67.7	0.0	-3.85	0.57	0.05	3012	-0.05	0.0000			0.0000						
ingolstadt7_emission_heavy_dqn_morl_grid	SIM_TRAIN	24	65.0	0.0	-3.36	0.50	0.05	3011	-0.05	0.0000			0.0000						
ingolstadt7_emission_heavy_dqn_morl_grid	SIM_TRAIN	25	65.3	0.0	-3.41	0.50	0.05	3012	-0.05	0.0000			0.0000						
ingolstadt7_emission_heavy_dqn_morl_grid	SIM_TRAIN	26	70.6	0.0	-3.42	0.51	0.05	3012	-0.05	0.0000			74.7143						
ingolstadt7_emission_heavy_dqn_morl_grid	REAL_TRAIN	3	400.1	100.0	-61.97	8.79	0.20	1837		-2.1744	queue=0.2593;delay=0.0;waiting=0.0;pressure=0.0;switches=0.0;emission=1.9151	grid;w=delay=1.0	35.8571	536.0883	173.7960	13.0000	428.0000	7.0000	queue=5.1867;delay=1.3839;waiting=4214.4365;pressure=66.4111;switches=1.8306;emission=9.5755
ingolstadt7_emission_heavy_dqn_morl_grid	SIM_TRAIN	27	77.0	0.0	-7.72	1.10	0.07	3012	-0.01	0.0000			0.0000						
ingolstadt7_emission_heavy_dqn_morl_grid	SIM_TRAIN	28	74.6	0.0	-6.87	0.98	0.07	3012	-0.01	0.0000			37.1429						
ingolstadt7_emission_heavy_dqn_morl_grid	SIM_TRAIN	29	80.0	1.5	-7.16	0.98	0.07	3012	-0.01	0.0000			68.8571						
ingolstadt7_emission_heavy_dqn_morl_grid	SIM_TRAIN	30	103.1	0.1	-21.88	3.06	0.11	3012	-0.12	0.0000			24.0000						
ingolstadt7_emission_heavy_dqn_morl_grid	SIM_TRAIN	31	76.1	0.0	-8.94	1.24	0.08	3012	-0.01	0.0000			0.0000						
ingolstadt7_emission_heavy_dqn_morl_grid	SIM_TRAIN	32	74.6	0.0	-7.76	1.09	0.08	3012	-0.01	0.0000			0.0000						
ingolstadt7_emission_heavy_dqn_morl_grid	SIM_TRAIN	33	73.8	0.0	-6.55	0.96	0.07	3012	-0.01	0.0000			0.0000						
ingolstadt7_emission_heavy_dqn_morl_grid	SIM_TRAIN	34	71.3	0.0	-6.69	0.94	0.07	3010	-0.01	0.0000			0.0000						
ingolstadt7_emission_heavy_dqn_morl_grid	SIM_TRAIN	35	69.7	0.0	-6.27	0.88	0.07	3012	-0.01	0.0000			65.0000						
ingolstadt7_emission_heavy_dqn_morl_grid	REAL_TRAIN	4	764.9	100.0	-126.55	17.93	0.30	1310		-4.0315	queue=0.528;delay=0.0;waiting=0.0;pressure=0.0;switches=0.0;emission=3.5035	grid;w=waiting=1.0	59.4286	1013.2829	328.5000	12.0000	576.0000	0.0000	queue=10.5592;delay=2.0889;waiting=12492.6324;pressure=130.9278;switches=2.0833;emission=17.5175
ingolstadt7_emission_heavy_dqn_morl_grid	SIM_TRAIN	36	73.2	0.0	-7.06	1.01	0.07	3011	-0.25	0.0000			0.0000						
ingolstadt7_emission_heavy_dqn_morl_grid	SIM_TRAIN	37	74.3	0.0	-6.57	0.94	0.07	3012	-0.24	0.0000			66.5714						
ingolstadt7_emission_heavy_dqn_morl_grid	SIM_TRAIN	38	74.2	1.6	-6.70	0.95	0.07	3011	-0.23	0.0000			80.2857						
ingolstadt7_emission_heavy_dqn_morl_grid	SIM_TRAIN	39	74.5	0.2	-6.50	0.95	0.07	3012	-0.22	0.0000			0.0000						
ingolstadt7_emission_heavy_dqn_morl_grid	SIM_TRAIN	40	69.8	0.0	-5.03	0.75	0.06	3012	-0.21	0.0000			62.2857						
ingolstadt7_emission_heavy_dqn_morl_grid	SIM_TRAIN	41	68.8	0.0	-4.89	0.73	0.06	3012	-0.21	0.0000			0.0000						
ingolstadt7_emission_heavy_dqn_morl_grid	SIM_TRAIN	42	67.8	0.0	-4.61	0.69	0.06	3012	-0.20	0.0000			65.2857						
ingolstadt7_emission_heavy_dqn_morl_grid	SIM_TRAIN	43	71.2	0.0	-4.99	0.74	0.06	3012	-0.20	0.0000			0.0000						
ingolstadt7_emission_heavy_dqn_morl_grid	SIM_TRAIN	44	66.8	0.0	-4.41	0.65	0.06	3012	-0.19	0.0000			0.0000						
ingolstadt7_emission_heavy_dqn_morl_grid	REAL_TRAIN	5	229.5	100.0	-68.92	9.48	0.20	2416		-2.4545	queue=0.2873;delay=0.0;waiting=0.0;pressure=0.0;switches=0.0;emission=2.1672	grid;w=pressure=1.0	90.2857	573.4788	185.9171	23.0000	906.0000	2.0000	queue=5.7457;delay=1.4234;waiting=795.3641;pressure=52.5333;switches=2.7583;emission=10.8361
ingolstadt7_emission_heavy_dqn_morl_grid	SIM_TRAIN	45	71.8	0.0	-6.45	0.92	0.07	3012	-0.64	0.0000			0.0000						
ingolstadt7_emission_heavy_dqn_morl_grid	SIM_TRAIN	46	72.5	0.0	-7.08	1.00	0.07	3012	-0.65	0.0000			0.0000						
ingolstadt7_emission_heavy_dqn_morl_grid	SIM_TRAIN	47	71.7	1.6	-6.78	0.98	0.07	3012	-0.65	0.0000			0.0000						
ingolstadt7_emission_heavy_dqn_morl_grid	SIM_TRAIN	48	144.1	0.3	-16.08	2.43	0.08	2883	-0.30	0.0000			43.4286						
ingolstadt7_emission_heavy_dqn_morl_grid	SIM_TRAIN	49	343.9	0.0	-50.62	6.48	0.15	2584	-0.14	0.0000			103.0000						
ingolstadt7_emission_heavy_dqn_morl_grid	SIM_TRAIN	50	367.9	0.0	-56.19	7.14	0.17	2561	-0.13	0.0000			0.0000						
ingolstadt7_emission_heavy_dqn_morl_grid	SIM_TRAIN	51	370.8	0.0	-91.79	12.03	0.20	2654	-0.10	0.0000			258.8571						
ingolstadt7_emission_heavy_dqn_morl_grid	SIM_TRAIN	52	848.4	0.0	-149.04	19.43	0.27	1959	-0.10	0.0000			161.7143						
ingolstadt7_emission_heavy_dqn_morl_grid	SIM_TRAIN	53	909.7	0.0	-150.40	19.37	0.28	1704	-0.09	0.0000			140.1429						
ingolstadt7_emission_heavy_dqn_morl_grid	REAL_TRAIN	6	1323.7	100.0	-192.13	24.78	0.33	416		-5.7559	queue=0.802;delay=0.0;waiting=0.0;pressure=0.0;switches=0.0;emission=4.954	grid;w=switches=1.0	93.4286	1100.9710	356.9287	0.0000	346.0000	1.0000	queue=16.0397;delay=2.2906;waiting=22977.7143;pressure=130.0333;switches=0.0111;emission=24.7698
ingolstadt7_emission_heavy_dqn_morl_grid	SIM_TRAIN	54	74.0	0.0	-6.99	1.00	0.07	3012	-0.04	0.0000			0.0000						
ingolstadt7_emission_heavy_dqn_morl_grid	SIM_TRAIN	55	72.0	0.0	-7.22	1.01	0.07	3012	-0.04	0.0000			0.0000						
ingolstadt7_emission_heavy_dqn_morl_grid	SIM_TRAIN	56	72.8	1.7	-6.70	0.95	0.07	3012	-0.04	0.0000			67.0000						
ingolstadt7_emission_heavy_dqn_morl_grid	SIM_TRAIN	57	284.3	0.1	-52.41	6.98	0.14	2486	-0.10	0.0000			211.1429						
ingolstadt7_emission_heavy_dqn_morl_grid	SIM_TRAIN	58	140.1	0.0	-20.28	2.86	0.09	3012	-0.06	0.0000			0.0000						
ingolstadt7_emission_heavy_dqn_morl_grid	SIM_TRAIN	59	166.0	0.0	-19.92	2.88	0.10	3012	-0.06	0.0000			10.7143						
ingolstadt7_emission_heavy_dqn_morl_grid	SIM_TRAIN	60	73.3	0.0	-6.82	0.97	0.06	3012	-0.04	0.0000			63.8571						
ingolstadt7_emission_heavy_dqn_morl_grid	SIM_TRAIN	61	70.7	0.0	-4.51	0.66	0.05	3011	-0.03	0.0000			75.7143						
ingolstadt7_emission_heavy_dqn_morl_grid	SIM_TRAIN	62	67.8	0.0	-3.78	0.57	0.05	3011	-0.03	0.0000			14.2857						
ingolstadt7_emission_heavy_dqn_morl_grid	REAL_TRAIN	7	747.2	100.0	-138.53	18.43	0.31	942		-4.2123	queue=0.5792;delay=0.0;waiting=0.0;pressure=0.0;switches=0.0;emission=3.6332	grid;w=queue=0.5;delay=0.5	77.1429	944.1645	306.0926	10.0000	374.0000	6.0000	queue=11.5833;delay=2.1515;waiting=12806.0059;pressure=125.5722;switches=1.4778;emission=18.1658
ingolstadt7_emission_heavy_dqn_morl_grid	SIM_TRAIN	63	74.2	0.0	-6.35	0.90	0.07	3011	-0.01	0.0000			63.0000						
ingolstadt7_emission_heavy_dqn_morl_grid	SIM_TRAIN	64	72.5	0.0	-7.14	1.02	0.07	3011	-0.01	0.0000			48.4286						
ingolstadt7_emission_heavy_dqn_morl_grid	SIM_TRAIN	65	70.1	1.5	-6.25	0.88	0.07	3011	-0.01	0.0000			0.0000						
ingolstadt7_emission_heavy_dqn_morl_grid	SIM_TRAIN	66	215.0	0.1	-46.86	6.35	0.15	2745	-0.28	0.0000			213.2857						
ingolstadt7_emission_heavy_dqn_morl_grid	SIM_TRAIN	67	80.1	0.0	-11.26	1.53	0.09	3011	-0.03	0.0000			0.0000						
ingolstadt7_emission_heavy_dqn_morl_grid	SIM_TRAIN	68	79.4	0.0	-9.62	1.39	0.09	3012	-0.01	0.0000			0.0000						
ingolstadt7_emission_heavy_dqn_morl_grid	SIM_TRAIN	69	87.0	0.0	-9.72	1.38	0.09	3012	-0.02	0.0000			63.2857						
ingolstadt7_emission_heavy_dqn_morl_grid	SIM_TRAIN	70	73.7	0.0	-7.51	1.08	0.07	3012	-0.01	0.0000			22.0000						
ingolstadt7_emission_heavy_dqn_morl_grid	SIM_TRAIN	71	73.4	0.0	-7.35	1.05	0.07	3011	-0.01	0.0000			0.0000						
ingolstadt7_emission_heavy_dqn_morl_grid	REAL_TRAIN	8	742.7	100.0	-158.65	20.91	0.37	1039		-4.8410	queue=0.6627;delay=0.0;waiting=0.0;pressure=0.0;switches=0.0;emission=4.1783	grid;w=queue=0.5;waiting=0.5	101.5714	1111.9408	360.4847	5.0000	647.0000	3.0000	queue=13.2549;delay=2.6175;waiting=12610.4171;pressure=135.7361;switches=2.2806;emission=20.8914
ingolstadt7_emission_heavy_dqn_morl_grid	SIM_TRAIN	72	71.9	0.0	-6.96	1.00	0.07	3011	-0.13	0.0000			46.4286						
ingolstadt7_emission_heavy_dqn_morl_grid	SIM_TRAIN	73	72.0	0.0	-6.25	0.90	0.07	3012	-0.12	0.0000			0.0000						
ingolstadt7_emission_heavy_dqn_morl_grid	SIM_TRAIN	74	72.2	1.2	-6.22	0.89	0.07	3012	-0.12	0.0000			14.0000						
ingolstadt7_emission_heavy_dqn_morl_grid	SIM_TRAIN	75	98.7	0.2	-14.24	2.02	0.09	3012	-0.18	0.0000			0.0000						
ingolstadt7_emission_heavy_dqn_morl_grid	SIM_TRAIN	76	70.0	0.0	-5.83	0.87	0.06	3011	-0.11	0.0000			0.0000						
ingolstadt7_emission_heavy_dqn_morl_grid	SIM_TRAIN	77	78.0	0.0	-5.62	0.84	0.07	3011	-0.11	0.0000			0.0000						
ingolstadt7_emission_heavy_dqn_morl_grid	SIM_TRAIN	78	71.7	0.0	-4.93	0.73	0.06	3012	-0.10	0.0000			0.0000						
ingolstadt7_emission_heavy_dqn_morl_grid	SIM_TRAIN	79	70.8	0.0	-4.84	0.70	0.06	3012	-0.10	0.0000			0.0000						
ingolstadt7_emission_heavy_dqn_morl_grid	SIM_TRAIN	80	73.1	0.0	-4.45	0.67	0.06	3011	-0.10	0.0000			0.0000						
ingolstadt7_emission_heavy_dqn_morl_grid	REAL_TRAIN	9	109.9	100.0	-26.45	3.73	0.14	2931		-1.3050	queue=0.1099;delay=0.0;waiting=0.0;pressure=0.0;switches=0.0;emission=1.1951	grid;w=queue=0.5;pressure=0.5	24.0000	357.1489	115.7839	31.0000	1095.0000	2.0000	queue=2.1974;delay=0.9903;waiting=76.9902;pressure=36.0361;switches=4.1806;emission=5.9754
ingolstadt7_emission_heavy_dqn_morl_grid	SIM_TRAIN	81	72.3	0.0	-6.94	0.97	0.07	3012	-0.33	0.0000			0.0000						
ingolstadt7_emission_heavy_dqn_morl_grid	SIM_TRAIN	82	70.6	0.0	-6.28	0.90	0.07	3012	-0.33	0.0000			0.0000						
ingolstadt7_emission_heavy_dqn_morl_grid	SIM_TRAIN	83	72.1	2.1	-6.65	0.94	0.07	3012	-0.33	0.0000			43.0000						
ingolstadt7_emission_heavy_dqn_morl_grid	SIM_TRAIN	84	77.3	0.2	-10.48	1.50	0.08	3012	-0.19	0.0000			63.5714						
ingolstadt7_emission_heavy_dqn_morl_grid	SIM_TRAIN	85	370.7	0.0	-55.08	7.73	0.15	2520	-0.11	0.0000			242.0000						
ingolstadt7_emission_heavy_dqn_morl_grid	SIM_TRAIN	86	412.4	0.0	-34.16	4.68	0.13	2546	-0.08	0.0000			44.1429						
ingolstadt7_emission_heavy_dqn_morl_grid	SIM_TRAIN	87	318.4	0.0	-41.06	5.79	0.14	2748	-0.08	0.0000			0.0000						
ingolstadt7_emission_heavy_dqn_morl_grid	SIM_TRAIN	88	273.8	0.0	-33.52	4.81	0.13	2751	-0.07	0.0000			0.0000						
ingolstadt7_emission_heavy_dqn_morl_grid	SIM_TRAIN	89	330.6	0.0	-32.33	4.25	0.13	2674	-0.08	0.0000			0.0000						
ingolstadt7_emission_heavy_dqn_morl_grid	REAL_TRAIN	10	1095.7	100.0	-181.51	23.61	0.30	500		-5.4542	queue=0.7577;delay=0.0;waiting=0.0;pressure=0.0;switches=0.0;emission=4.6965	grid;w=queue=0.5;switches=0.5	95.7143	1053.5075	341.5412	0.0000	230.0000	0.0000	queue=15.1534;delay=2.1318;waiting=19547.9896;pressure=145.1778;switches=0.0194;emission=23.4825
ingolstadt7_emission_heavy_dqn_morl_grid	SIM_TRAIN	90	72.0	0.0	-6.84	0.96	0.07	3011	-0.04	0.0000			64.7143						
ingolstadt7_emission_heavy_dqn_morl_grid	SIM_TRAIN	91	72.4	0.0	-7.33	1.05	0.07	3012	-0.04	0.0000			65.2857						
ingolstadt7_emission_heavy_dqn_morl_grid	SIM_TRAIN	92	72.3	1.5	-6.30	0.90	0.07	3011	-0.04	0.0000			0.0000						
ingolstadt7_emission_heavy_dqn_morl_grid	SIM_TRAIN	93	91.0	0.1	-14.68	2.00	0.09	3011	-0.09	0.0000			0.0000						
ingolstadt7_emission_heavy_dqn_morl_grid	SIM_TRAIN	94	73.0	0.0	-5.30	0.78	0.06	3012	-0.04	0.0000			62.5714						
ingolstadt7_emission_heavy_dqn_morl_grid	SIM_TRAIN	95	67.7	0.0	-4.12	0.62	0.05	3012	-0.03	0.0000			0.0000						
ingolstadt7_emission_heavy_dqn_morl_grid	SIM_TRAIN	96	66.9	0.0	-3.69	0.55	0.05	3012	-0.03	0.0000			0.0000						
ingolstadt7_emission_heavy_dqn_morl_grid	SIM_TRAIN	97	66.3	0.0	-3.43	0.52	0.05	3012	-0.03	0.0000			0.0000						
ingolstadt7_emission_heavy_dqn_morl_grid	SIM_TRAIN	98	66.3	0.0	-3.67	0.54	0.05	3011	-0.03	0.0000			45.5714						
ingolstadt7_emission_heavy_dqn_morl_grid	REAL_TRAIN	11	341.3	100.0	-77.67	10.92	0.21	2070		-2.7166	queue=0.3245;delay=0.0;waiting=0.0;pressure=0.0;switches=0.0;emission=2.3921	grid;w=delay=0.5;waiting=0.5	46.0000	652.5532	211.5530	12.0000	875.0000	1.0000	queue=6.4897;delay=1.4785;waiting=6325.4744;pressure=79.8444;switches=2.0806;emission=11.9605
ingolstadt7_emission_heavy_dqn_morl_grid	SIM_TRAIN	99	71.4	0.0	-6.49	0.93	0.07	3012	-0.15	0.0000			0.0000						
ingolstadt7_emission_heavy_dqn_morl_grid	SIM_TRAIN	100	71.9	0.0	-6.86	0.97	0.07	3011	-0.15	0.0000			12.4286						
ingolstadt7_emission_heavy_dqn_morl_grid	SIM_TRAIN	101	75.0	1.4	-7.02	1.01	0.07	3012	-0.16	0.0000			0.0000						
ingolstadt7_emission_heavy_dqn_morl_grid	SIM_TRAIN	102	70.9	0.1	-5.50	0.79	0.07	3012	-0.14	0.0000			0.0000						
ingolstadt7_emission_heavy_dqn_morl_grid	SIM_TRAIN	103	67.9	0.0	-4.41	0.66	0.06	3012	-0.13	0.0000			0.0000						
ingolstadt7_emission_heavy_dqn_morl_grid	SIM_TRAIN	104	66.4	0.0	-3.93	0.59	0.05	3012	-0.12	0.0000			0.0000						
ingolstadt7_emission_heavy_dqn_morl_grid	SIM_TRAIN	105	67.0	0.0	-4.38	0.65	0.05	3012	-0.13	0.0000			0.0000						
ingolstadt7_emission_heavy_dqn_morl_grid	SIM_TRAIN	106	66.8	0.0	-3.99	0.60	0.05	3011	-0.13	0.0000			0.0000						
ingolstadt7_emission_heavy_dqn_morl_grid	SIM_TRAIN	107	68.7	0.0	-4.36	0.64	0.05	3012	-0.13	0.0000			0.0000						
ingolstadt7_emission_heavy_dqn_morl_grid	REAL_TRAIN	12	123.1	100.0	-29.19	4.02	0.13	2570		-1.2787	queue=0.1228;delay=0.0;waiting=0.0;pressure=0.0;switches=0.0;emission=1.1558	grid;w=delay=0.5;pressure=0.5	128.4286	325.3158	105.4643	25.0000	869.0000	8.0000	queue=2.4568;delay=0.884;waiting=400.9751;pressure=33.525;switches=3.5806;emission=5.7791
ingolstadt7_emission_heavy_dqn_morl_grid	SIM_TRAIN	108	70.3	0.0	-5.92	0.88	0.06	3011	-0.36	0.0000			0.0000						
ingolstadt7_emission_heavy_dqn_morl_grid	SIM_TRAIN	109	72.7	0.0	-6.73	0.95	0.07	3011	-0.36	0.0000			0.0000						
ingolstadt7_emission_heavy_dqn_morl_grid	SIM_TRAIN	110	72.2	1.8	-6.93	0.99	0.07	3011	-0.36	0.0000			0.0000						
ingolstadt7_emission_heavy_dqn_morl_grid	SIM_TRAIN	111	76.0	0.2	-8.71	1.32	0.08	3012	-0.21	0.0000			0.0000						
ingolstadt7_emission_heavy_dqn_morl_grid	SIM_TRAIN	112	259.6	0.0	-19.74	2.84	0.10	2698	-0.13	0.0000			59.1429						
ingolstadt7_emission_heavy_dqn_morl_grid	SIM_TRAIN	113	394.6	0.0	-21.75	3.00	0.10	2537	-0.11	0.0000			0.0000						
ingolstadt7_emission_heavy_dqn_morl_grid	SIM_TRAIN	114	401.7	0.0	-20.85	2.91	0.10	2579	-0.11	0.0000			62.1429						
ingolstadt7_emission_heavy_dqn_morl_grid	SIM_TRAIN	115	323.7	0.0	-16.26	2.24	0.10	2630	-0.11	0.0000			0.0000						
ingolstadt7_emission_heavy_dqn_morl_grid	SIM_TRAIN	116	258.5	0.0	-15.97	2.20	0.09	2723	-0.11	0.0000			0.0000						
ingolstadt7_emission_heavy_dqn_morl_grid	REAL_TRAIN	13	1337.1	100.0	-194.45	24.01	0.29	358		-5.8602	queue=0.8115;delay=0.0;waiting=0.0;pressure=0.0;switches=0.0;emission=5.0487	grid;w=delay=0.5;switches=0.5	49.2857	1088.9570	353.0338	2.0000	251.0000	0.0000	queue=16.2294;delay=2.0264;waiting=23100.483;pressure=155.8667;switches=0.0778;emission=25.2436
ingolstadt7_emission_heavy_dqn_morl_grid	SIM_TRAIN	117	72.2	0.0	-6.29	0.90	0.07	3012	-0.12	0.0000			46.0000						
ingolstadt7_emission_heavy_dqn_morl_grid	SIM_TRAIN	118	77.7	0.0	-7.35	1.04	0.07	3012	-0.13	0.0000			12.0000						
ingolstadt7_emission_heavy_dqn_morl_grid	SIM_TRAIN	119	76.2	1.3	-7.02	1.01	0.07	3011	-0.12	0.0000			65.7143						
ingolstadt7_emission_heavy_dqn_morl_grid	SIM_TRAIN	120	74.0	0.1	-7.37	1.06	0.07	3012	-0.13	0.0000			67.0000						
ingolstadt7_emission_heavy_dqn_morl_grid	SIM_TRAIN	121	75.2	0.0	-8.92	1.30	0.07	3012	-0.15	0.0000			24.2857						
ingolstadt7_emission_heavy_dqn_morl_grid	SIM_TRAIN	122	69.3	0.0	-5.25	0.78	0.06	3011	-0.11	0.0000			0.0000						
ingolstadt7_emission_heavy_dqn_morl_grid	SIM_TRAIN	123	69.7	0.0	-5.71	0.82	0.06	3012	-0.11	0.0000			0.0000						
ingolstadt7_emission_heavy_dqn_morl_grid	SIM_TRAIN	124	69.5	0.0	-5.49	0.81	0.06	3010	-0.11	0.0000			0.0000						
ingolstadt7_emission_heavy_dqn_morl_grid	SIM_TRAIN	125	69.3	0.0	-4.85	0.72	0.06	3012	-0.10	0.0000			26.8571						
ingolstadt7_emission_heavy_dqn_morl_grid	REAL_TRAIN	14	182.0	100.0	-48.00	6.54	0.20	2672		-1.9115	queue=0.2005;delay=0.0;waiting=0.0;pressure=0.0;switches=0.0;emission=1.7109	grid;w=waiting=0.5;pressure=0.5	54.0000	467.5042	151.5605	31.0000	1165.0000	6.0000	queue=4.011;delay=1.3806;waiting=762.1741;pressure=47.3167;switches=3.6083;emission=8.5547
ingolstadt7_emission_heavy_dqn_morl_grid	SIM_TRAIN	126	71.9	0.0	-7.12	1.00	0.07	3011	-0.34	0.0000			0.0000						
ingolstadt7_emission_heavy_dqn_morl_grid	SIM_TRAIN	127	73.8	0.0	-6.76	0.95	0.07	3012	-0.33	0.0000			0.0000						
ingolstadt7_emission_heavy_dqn_morl_grid	SIM_TRAIN	128	73.1	1.4	-7.05	0.99	0.07	3012	-0.33	0.0000			0.0000						
ingolstadt7_emission_heavy_dqn_morl_grid	SIM_TRAIN	129	79.6	0.1	-10.85	1.50	0.09	2990	-0.20	0.0000			0.0000						
ingolstadt7_emission_heavy_dqn_morl_grid	SIM_TRAIN	130	192.1	0.1	-27.64	3.92	0.11	2864	-0.26	0.0000			71.5714						
ingolstadt7_emission_heavy_dqn_morl_grid	SIM_TRAIN	131	158.4	0.1	-15.30	2.21	0.11	2999	-0.13	0.0000			22.0000						
ingolstadt7_emission_heavy_dqn_morl_grid	SIM_TRAIN	132	104.6	0.0	-11.73	1.68	0.10	3011	-0.11	0.0000			18.0000						
ingolstadt7_emission_heavy_dqn_morl_grid	SIM_TRAIN	133	93.9	0.0	-10.74	1.53	0.09	2990	-0.10	0.0000			47.4286						
ingolstadt7_emission_heavy_dqn_morl_grid	SIM_TRAIN	134	107.3	0.0	-12.16	1.74	0.10	3010	-0.11	0.0000			96.4286						
ingolstadt7_emission_heavy_dqn_morl_grid	REAL_TRAIN	15	869.6	100.0	-112.47	14.64	0.25	664		-3.4481	queue=0.4694;delay=0.0;waiting=0.0;pressure=0.0;switches=0.0;emission=2.9787	grid;w=waiting=0.5;switches=0.5	76.7143	610.7036	197.9865	2.0000	250.0000	0.0000	queue=9.3883;delay=1.7663;waiting=11402.611;pressure=102.8972;switches=0.2056;emission=14.8934
ingolstadt7_emission_heavy_dqn_morl_grid	SIM_TRAIN	135	72.3	0.0	-7.41	1.06	0.07	3011	-0.45	0.0000			44.0000						
ingolstadt7_emission_heavy_dqn_morl_grid	SIM_TRAIN	136	72.0	0.0	-6.59	0.95	0.07	3011	-0.45	0.0000			64.5714						
ingolstadt7_emission_heavy_dqn_morl_grid	SIM_TRAIN	137	72.5	1.4	-6.81	0.98	0.07	3011	-0.44	0.0000			0.0000						
ingolstadt7_emission_heavy_dqn_morl_grid	SIM_TRAIN	138	72.6	0.2	-6.90	1.02	0.07	3012	-0.33	0.0000			0.0000						
ingolstadt7_emission_heavy_dqn_morl_grid	SIM_TRAIN	139	185.4	0.0	-8.10	1.19	0.08	2817	-0.21	0.0000			22.0000						
ingolstadt7_emission_heavy_dqn_morl_grid	SIM_TRAIN	140	198.8	0.0	-7.38	1.08	0.08	2817	-0.20	0.0000			0.0000						
ingolstadt7_emission_heavy_dqn_morl_grid	SIM_TRAIN	141	203.1	0.0	-8.40	1.20	0.08	2770	-0.20	0.0000			0.0000						
ingolstadt7_emission_heavy_dqn_morl_grid	SIM_TRAIN	142	198.6	0.0	-9.96	1.43	0.08	2821	-0.21	0.0000			0.0000						
ingolstadt7_emission_heavy_dqn_morl_grid	SIM_TRAIN	143	207.2	0.0	-9.24	1.30	0.08	2792	-0.19	0.0000			0.0000						
ingolstadt7_emission_heavy_dqn_morl_grid	REAL_TRAIN	16	667.7	100.0	-113.41	14.28	0.21	935		-3.4890	queue=0.4735;delay=0.0;waiting=0.0;pressure=0.0;switches=0.0;emission=3.0155	grid;w=pressure=0.5;switches=0.5	79.7143	676.1765	219.2124	0.0000	366.0000	5.0000	queue=9.4699;delay=1.4489;waiting=12175.0886;pressure=99.0806;switches=0.3278;emission=15.0776
ingolstadt7_emission_heavy_dqn_morl_grid	SIM_TRAIN	144	75.6	0.0	-8.28	1.15	0.08	3012	-0.16	0.0000			47.2857						
ingolstadt7_emission_heavy_dqn_morl_grid	SIM_TRAIN	145	73.0	0.0	-7.25	1.04	0.07	3012	-0.16	0.0000			63.8571						
ingolstadt7_emission_heavy_dqn_morl_grid	REAL_TRAIN	18	123.1	100.0	-29.19	4.02	0.13	2570		-1.2787	queue=0.1228;delay=0.0;waiting=0.0;pressure=0.0;switches=0.0;emission=1.1558	refine;w=delay=0.5;pressure=0.5;ckpt2	128.4286	325.3158	105.4643	25.0000	869.0000	8.0000	queue=2.4568;delay=0.884;waiting=400.9751;pressure=33.525;switches=3.5806;emission=5.7791
ingolstadt7_emission_heavy_dqn_morl_grid	SIM_TRAIN	146	70.9	0.0	-6.97	1.00	0.07	3011	-0.15	0.0000			0.0000						
ingolstadt7_emission_heavy_dqn_morl_grid	SIM_TRAIN	147	67.1	0.0	-4.21	0.62	0.05	3012	-0.13	0.0000			0.0000						
ingolstadt7_emission_heavy_dqn_morl_grid	REAL_TRAIN	20	622.4	100.0	-114.39	15.90	0.28	1441		-3.6795	queue=0.4778;delay=0.0;waiting=0.0;pressure=0.0;switches=0.0;emission=3.2017	refine;w=delay=0.5;pressure=0.5;ckpt4	71.7143	920.2142	298.3276	16.0000	500.0000	3.0000	queue=9.556;delay=1.9291;waiting=9127.7059;pressure=120.3722;switches=2.5667;emission=16.0087
ingolstadt7_emission_heavy_dqn_morl_grid	SIM_TRAIN	148	69.1	0.0	-4.47	0.65	0.06	3012	-0.13	0.0000			64.1429						
ingolstadt7_emission_heavy_dqn_morl_grid	SIM_TRAIN	149	70.5	0.0	-4.43	0.65	0.06	3011	-0.12	0.0000			0.0000						
ingolstadt7_emission_heavy_dqn_morl_grid	REAL_TRAIN	22	107.5	100.0	-20.65	2.93	0.14	2936		-1.1237	queue=0.0865;delay=0.0;waiting=0.0;pressure=0.0;switches=0.0;emission=1.0372	refine;w=delay=0.5;pressure=0.5;ckpt6	73.1429	289.9945	94.0130	35.0000	800.0000	7.0000	queue=1.7309;delay=0.9459;waiting=96.1092;pressure=30.5861;switches=4.125;emission=5.1858
ingolstadt7_emission_heavy_dqn_morl_grid	SIM_TRAIN	150	80.0	0.0	-4.85	0.71	0.06	3012	-0.13	0.0000			0.0000						
ingolstadt7_emission_heavy_dqn_morl_grid	SIM_TRAIN	151	69.7	0.0	-4.49	0.67	0.06	3012	-0.12	0.0000			64.1429						
ingolstadt7_emission_heavy_dqn_morl_grid	REAL_TRAIN	24	135.4	100.0	-37.25	5.34	0.15	2642		-1.5620	queue=0.1566;delay=0.0;waiting=0.0;pressure=0.0;switches=0.0;emission=1.4054	refine;w=delay=0.5;pressure=0.5;ckpt8	107.5714	382.3875	123.9665	29.0000	770.0000	4.0000	queue=3.1311;delay=1.0271;waiting=554.4069;pressure=51.8028;switches=3.6278;emission=7.0272
ingolstadt7_emission_heavy_dqn_morl_grid	SIM_TRAIN	152	69.7	0.0	-3.79	0.56	0.05	3012	-0.12	0.0000			0.0000						
ingolstadt7_emission_heavy_dqn_morl_grid	SIM_TRAIN	153	73.1	0.0	-4.50	0.67	0.06	2990	-0.12	0.0000			0.0000						
ingolstadt7_emission_heavy_dqn_morl_grid	REAL_TRAIN	26	761.1	100.0	-129.63	17.60	0.33	1291		-4.1225	queue=0.541;delay=0.0;waiting=0.0;pressure=0.0;switches=0.0;emission=3.5815	refine;w=delay=0.5;pressure=0.5;ckpt10	93.8571	967.8735	313.7784	17.0000	596.0000	0.0000	queue=10.8207;delay=2.3442;waiting=11450.45;pressure=127.7306;switches=1.7222;emission=17.9073
ingolstadt7_emission_heavy_dqn_morl_grid	SIM_TRAIN	154	135.9	0.0	-5.17	0.76	0.06	2938	-0.12	0.0000			0.0000						
ingolstadt7_emission_heavy_dqn_morl_grid	SIM_TRAIN	155	74.6	0.0	-4.43	0.65	0.05	3012	-0.12	0.0000			0.0000						
ingolstadt7_emission_heavy_dqn_morl_grid	REAL_TRAIN	28	223.7	100.0	-69.48	9.78	0.20	2425		-2.5352	queue=0.2906;delay=0.0;waiting=0.0;pressure=0.0;switches=0.0;emission=2.2446	refine;w=delay=0.5;pressure=0.5;ckpt12	125.5714	595.5954	193.0872	23.0000	792.0000	2.0000	queue=5.8115;delay=1.4149;waiting=2060.8088;pressure=85.8667;switches=3.3972;emission=11.2231
ingolstadt7_emission_heavy_dqn_morl_grid	SIM_TRAIN	156	67.9	0.0	-3.77	0.56	0.05	3011	-0.12	0.0000			0.0000						
ingolstadt7_emission_heavy_dqn_morl_grid	SIM_TRAIN	157	66.1	0.0	-3.66	0.54	0.05	3012	-0.12	0.0000			0.0000						
ingolstadt7_emission_heavy_dqn_morl_grid	REAL_TRAIN	30	775.7	100.0	-126.66	17.29	0.32	1292		-4.0422	queue=0.5284;delay=0.0;waiting=0.0;pressure=0.0;switches=0.0;emission=3.5138	refine;w=delay=0.5;pressure=0.5;ckpt14	58.1429	955.0596	309.6243	13.0000	518.0000	1.0000	queue=10.5683;delay=2.2346;waiting=11647.747;pressure=125.3667;switches=2.0306;emission=17.5689
ingolstadt7_emission_heavy_dqn_morl_grid	SIM_TRAIN	158	70.4	0.0	-4.02	0.59	0.05	3012	-0.12	0.0000			0.0000						
ingolstadt7_emission_heavy_dqn_morl_grid	SIM_TRAIN	159	68.4	0.0	-4.18	0.61	0.05	3011	-0.13	0.0000			0.0000						
ingolstadt7_emission_heavy_dqn_morl_grid	REAL_TRAIN	32	835.5	100.0	-130.33	18.25	0.30	1154		-4.1213	queue=0.5443;delay=0.0;waiting=0.0;pressure=0.0;switches=0.0;emission=3.577	refine;w=delay=0.5;pressure=0.5;ckpt16	113.4286	1020.2018	330.7431	15.0000	468.0000	0.0000	queue=10.8857;delay=2.1071;waiting=12309.7992;pressure=138.8611;switches=1.6306;emission=17.885
ingolstadt7_emission_heavy_dqn_morl_grid	SIM_TRAIN	160	104.4	0.0	-5.81	0.85	0.06	3011	-0.14	0.0000			0.0000						
ingolstadt7_emission_heavy_dqn_morl_grid	SIM_TRAIN	161	71.9	0.0	-3.86	0.57	0.05	3012	-0.12	0.0000			0.0000						
ingolstadt7_emission_heavy_dqn_morl_grid	REAL_TRAIN	34	118.6	100.0	-23.61	2.89	0.12	2406		-1.1004	queue=0.0986;delay=0.0;waiting=0.0;pressure=0.0;switches=0.0;emission=1.0019	refine;w=delay=0.5;pressure=0.5;ckpt18	7.4286	254.3973	82.4729	23.0000	694.0000	11.0000	queue=1.9713;delay=0.8411;waiting=92.1743;pressure=31.7167;switches=3.5722;emission=5.0094
ingolstadt7_emission_heavy_dqn_morl_grid	SIM_TRAIN	162	91.6	0.0	-4.35	0.65	0.06	3012	-0.12	0.0000			20.4286						
ingolstadt7_emission_heavy_dqn_morl_grid	SIM_TRAIN	163	70.1	0.0	-3.99	0.58	0.05	3012	-0.12	0.0000			0.0000						
ingolstadt7_emission_heavy_dqn_morl_grid	REAL_TRAIN	36	130.6	100.0	-28.50	3.35	0.12	2313		-1.2289	queue=0.1196;delay=0.0;waiting=0.0;pressure=0.0;switches=0.0;emission=1.1093	refine;w=delay=0.5;pressure=0.5;ckpt20	55.0000	264.1975	85.6501	27.0000	657.0000	8.0000	queue=2.392;delay=0.8718;waiting=127.3187;pressure=38.8056;switches=3.6361;emission=5.5464
ingolstadt7_emission_heavy_dqn_morl_grid	SIM_TRAIN	164	67.5	0.0	-3.36	0.50	0.05	3012	-0.12	0.0000			66.5714						
ingolstadt7_emission_heavy_dqn_morl_grid	SIM_TRAIN	165	68.9	0.0	-4.66	0.68	0.05	3012	-0.13	0.0000			0.0000						
ingolstadt7_emission_heavy_dqn_morl_grid	REAL_TRAIN	38	119.6	100.0	-25.65	3.04	0.11	2371		-1.1529	queue=0.1076;delay=0.0;waiting=0.0;pressure=0.0;switches=0.0;emission=1.0453	refine;w=delay=0.5;pressure=0.5;ckpt22	39.7143	255.5221	82.8376	31.0000	692.0000	6.0000	queue=2.1513;delay=0.7871;waiting=123.771;pressure=36.6833;switches=3.5556;emission=5.2266
ingolstadt7_emission_heavy_dqn_morl_grid	SIM_TRAIN	166	65.6	0.0	-3.52	0.52	0.05	3012	-0.12	0.0000			0.0000						
ingolstadt7_emission_heavy_dqn_morl_grid	SIM_TRAIN	167	75.5	0.0	-4.06	0.60	0.05	3012	-0.12	0.0000			65.0000						
ingolstadt7_emission_heavy_dqn_morl_grid	REAL_TRAIN	40	126.0	100.0	-29.96	3.66	0.13	2492		-1.3123	queue=0.1253;delay=0.0;waiting=0.0;pressure=0.0;switches=0.0;emission=1.1869	refine;w=delay=0.5;pressure=0.5;ckpt24	47.0000	285.5623	92.5763	39.0000	773.0000	5.0000	queue=2.5068;delay=0.8891;waiting=123.9436;pressure=39.8806;switches=3.6278;emission=5.9346
ingolstadt7_emission_heavy_dqn_morl_grid	SIM_TRAIN	168	75.9	0.0	-4.14	0.62	0.05	3012	-0.12	0.0000			63.2857						
ingolstadt7_emission_heavy_dqn_morl_grid	SIM_TRAIN	169	66.9	0.0	-3.30	0.49	0.05	3012	-0.11	0.0000			0.0000						
ingolstadt7_emission_heavy_dqn_morl_grid	REAL_TRAIN	42	118.8	100.0	-26.90	3.14	0.11	2407		-1.1945	queue=0.1125;delay=0.0;waiting=0.0;pressure=0.0;switches=0.0;emission=1.082	refine;w=delay=0.5;pressure=0.5;ckpt26	101.1429	261.1425	84.6596	22.0000	654.0000	7.0000	queue=2.2498;delay=0.7448;waiting=122.002;pressure=38.4083;switches=3.5306;emission=5.4099
ingolstadt7_emission_heavy_dqn_morl_grid	SIM_TRAIN	170	93.7	0.0	-4.60	0.69	0.06	3012	-0.12	0.0000			63.0000						
ingolstadt7_emission_heavy_dqn_morl_grid	SIM_TRAIN	171	76.2	0.0	-3.62	0.55	0.05	3011	-0.12	0.0000			47.8571						
ingolstadt7_emission_heavy_dqn_morl_grid	REAL_TRAIN	44	469.6	100.0	-121.84	15.97	0.25	1392		-3.8148	queue=0.5095;delay=0.0;waiting=0.0;pressure=0.0;switches=0.0;emission=3.3053	refine;w=delay=0.5;pressure=0.5;ckpt28	85.0000	823.0542	266.8290	13.0000	578.0000	10.0000	queue=10.19;delay=1.7182;waiting=9467.6557;pressure=116.2917;switches=2.5083;emission=16.5266
ingolstadt7_emission_heavy_dqn_morl_grid	SIM_TRAIN	172	71.0	0.0	-3.65	0.55	0.05	3012	-0.12	0.0000			0.0000						
ingolstadt7_emission_heavy_dqn_morl_grid	SIM_TRAIN	173	67.3	0.0	-3.82	0.56	0.05	3011	-0.12	0.0000			0.0000						
ingolstadt7_emission_heavy_dqn_morl_grid	REAL_TRAIN	46	583.3	100.0	-125.80	15.84	0.26	1115		-3.8731	queue=0.5259;delay=0.0;waiting=0.0;pressure=0.0;switches=0.0;emission=3.3472	refine;w=delay=0.5;pressure=0.5;ckpt30	69.2857	824.6136	267.3348	13.0000	431.0000	2.0000	queue=10.5177;delay=1.8514;waiting=11070.4985;pressure=97.6667;switches=1.7444;emission=16.7362
ingolstadt7_emission_heavy_dqn_morl_grid	SIM_TRAIN	174	77.2	0.0	-3.64	0.55	0.05	3011	-0.12	0.0000			0.0000						
ingolstadt7_emission_heavy_dqn_morl_grid	SIM_TRAIN	175	65.5	0.0	-3.26	0.48	0.05	3012	-0.12	0.0000			0.0000						
ingolstadt7_emission_heavy_dqn_morl_grid	REAL_TRAIN	48	885.5	100.0	-174.67	22.73	0.32	836		-5.2833	queue=0.7296;delay=0.0;waiting=0.0;pressure=0.0;switches=0.0;emission=4.5537	refine;w=delay=0.5;pressure=0.5;ckpt32	64.4286	1156.1720	374.8243	5.0000	390.0000	2.0000	queue=14.5929;delay=2.2635;waiting=18890.8128;pressure=157.8972;switches=2.0917;emission=22.7684
ingolstadt7_emission_heavy_dqn_morl_grid	SIM_TRAIN	176	68.5	0.0	-3.69	0.55	0.05	3012	-0.12	0.0000			0.0000						
ingolstadt7_emission_heavy_dqn_morl_grid	SIM_TRAIN	177	82.5	0.0	-4.44	0.66	0.06	3011	-0.13	0.0000			0.0000						
ingolstadt7_emission_heavy_dqn_morl_grid	REAL_TRAIN	50	607.8	100.0	-109.31	14.70	0.25	1206		-3.4952	queue=0.4562;delay=0.0;waiting=0.0;pressure=0.0;switches=0.0;emission=3.039	refine;w=delay=0.5;pressure=0.5;ckpt34	38.7143	775.0161	251.2552	18.0000	535.0000	3.0000	queue=9.1246;delay=1.752;waiting=7629.3538;pressure=122.5917;switches=1.5444;emission=15.195
ingolstadt7_emission_heavy_dqn_morl_grid	SIM_TRAIN	178	70.2	0.0	-3.65	0.55	0.05	3011	-0.12	0.0000			44.8571						
ingolstadt7_emission_heavy_dqn_morl_grid	SIM_TRAIN	179	65.0	0.0	-3.34	0.50	0.05	3012	-0.12	0.0000			0.0000						
ingolstadt7_emission_heavy_dqn_morl_grid	REAL_TRAIN	52	304.4	100.0	-76.55	10.17	0.19	1722		-2.5825	queue=0.3199;delay=0.0;waiting=0.0;pressure=0.0;switches=0.0;emission=2.2625	refine;w=delay=0.5;pressure=0.5;ckpt36	40.7143	536.9374	174.0711	12.0000	587.0000	1.0000	queue=6.3988;delay=1.3239;waiting=2521.8039;pressure=98.3833;switches=2.0667;emission=11.3127
ingolstadt7_emission_heavy_dqn_morl_grid	SIM_TRAIN	180	75.4	0.0	-4.46	0.65	0.05	3012	-0.13	0.0000			0.0000						
ingolstadt7_emission_heavy_dqn_morl_grid	SIM_TRAIN	181	112.0	0.0	-4.44	0.64	0.06	2980	-0.12	0.0000			67.8571						
ingolstadt7_emission_heavy_dqn_morl_grid	REAL_TRAIN	54	468.9	100.0	-110.35	13.90	0.23	1337		-3.4439	queue=0.4615;delay=0.0;waiting=0.0;pressure=0.0;switches=0.0;emission=2.9824	refine;w=delay=0.5;pressure=0.5;ckpt38	83.4286	744.2115	241.2687	11.0000	441.0000	5.0000	queue=9.2293;delay=1.6231;waiting=8061.3473;pressure=106.4778;switches=2.5472;emission=14.9119
ingolstadt7_emission_heavy_dqn_morl_grid	SIM_TRAIN	182	71.9	0.0	-4.16	0.61	0.05	3011	-0.12	0.0000			0.0000						
ingolstadt7_emission_heavy_dqn_morl_grid	SIM_TRAIN	183	71.5	0.0	-4.60	0.69	0.05	3011	-0.13	0.0000			0.0000						
ingolstadt7_emission_heavy_dqn_morl_grid	REAL_TRAIN	56	646.0	100.0	-132.97	16.88	0.27	1043		-4.0665	queue=0.5559;delay=0.0;waiting=0.0;pressure=0.0;switches=0.0;emission=3.5107	refine;w=delay=0.5;pressure=0.5;ckpt40	62.8571	895.3071	290.2533	10.0000	376.0000	4.0000	queue=11.1173;delay=1.8721;waiting=13603.1339;pressure=120.3667;switches=1.9611;emission=17.5533
ingolstadt7_emission_heavy_dqn_morl_grid	SIM_TRAIN	184	86.4	0.0	-3.89	0.58	0.05	3012	-0.12	0.0000			0.0000						
ingolstadt7_emission_heavy_dqn_morl_grid	SIM_TRAIN	185	92.5	0.0	-4.40	0.64	0.05	2993	-0.12	0.0000			0.0000						
ingolstadt7_emission_heavy_dqn_morl_grid	REAL_TRAIN	58	884.5	100.0	-177.20	22.61	0.32	857		-5.3509	queue=0.7398;delay=0.0;waiting=0.0;pressure=0.0;switches=0.0;emission=4.6111	refine;w=delay=0.5;pressure=0.5;ckpt42	74.7143	1152.1227	373.5116	9.0000	356.0000	3.0000	queue=14.7953;delay=2.266;waiting=19699.5247;pressure=170.1611;switches=1.5056;emission=23.0557
ingolstadt7_emission_heavy_dqn_morl_grid	SIM_TRAIN	186	104.3	0.0	-4.18	0.61	0.05	2971	-0.12	0.0000			0.0000						
ingolstadt7_emission_heavy_dqn_morl_grid	SIM_TRAIN	187	77.2	0.0	-4.39	0.65	0.05	3012	-0.12	0.0000			0.0000						
ingolstadt7_emission_heavy_dqn_morl_grid	REAL_TRAIN	60	126.2	100.0	-34.61	4.05	0.12	2459		-1.4195	queue=0.1437;delay=0.0;waiting=0.0;pressure=0.0;switches=0.0;emission=1.2758	refine;w=delay=0.5;pressure=0.5;ckpt44	57.1429	301.2541	97.6634	26.0000	762.0000	2.0000	queue=2.8735;delay=0.8256;waiting=191.2615;pressure=48.3556;switches=3.1083;emission=6.3789
ingolstadt7_emission_heavy_dqn_morl_grid	SIM_TRAIN	188	90.4	0.0	-4.35	0.64	0.06	3001	-0.12	0.0000			0.0000						
ingolstadt7_emission_heavy_dqn_morl_grid	SIM_TRAIN	189	105.9	0.0	-4.22	0.63	0.05	3000	-0.12	0.0000			0.0000						
ingolstadt7_emission_heavy_dqn_morl_grid	REAL_TRAIN	62	114.3	100.0	-31.47	4.43	0.13	2812		-1.3992	queue=0.1317;delay=0.0;waiting=0.0;pressure=0.0;switches=0.0;emission=1.2676	refine;w=delay=0.5;pressure=0.5;ckpt46	81.4286	351.8086	114.0528	24.0000	1053.0000	5.0000	queue=2.6336;delay=0.8849;waiting=248.6836;pressure=30.6556;switches=3.6833;emission=6.3378
ingolstadt7_emission_heavy_dqn_morl_grid	SIM_TRAIN	190	70.0	0.0	-3.42	0.51	0.05	3012	-0.12	0.0000			0.0000						
ingolstadt7_emission_heavy_dqn_morl_grid	SIM_TRAIN	191	105.7	0.0	-4.32	0.65	0.06	2993	-0.12	0.0000			0.0000						
ingolstadt7_emission_heavy_dqn_morl_grid	REAL_TRAIN	64	121.0	100.0	-25.51	3.03	0.11	2314		-1.1369	queue=0.1067;delay=0.0;waiting=0.0;pressure=0.0;switches=0.0;emission=1.0301	refine;w=delay=0.5;pressure=0.5;ckpt48	47.5714	250.5406	81.2226	27.0000	748.0000	4.0000	queue=2.135;delay=0.7906;waiting=118.4003;pressure=37.3111;switches=3.3639;emission=5.1506
ingolstadt7_emission_heavy_dqn_morl_grid	SIM_TRAIN	192	77.1	0.0	-3.99	0.61	0.05	3012	-0.12	0.0000			0.0000						
ingolstadt7_emission_heavy_dqn_morl_grid	SIM_TRAIN	193	87.1	0.0	-3.87	0.58	0.05	3012	-0.12	0.0000			0.0000						
ingolstadt7_emission_heavy_dqn_morl_grid	REAL_TRAIN	66	112.0	100.0	-26.08	3.57	0.12	2810		-1.2556	queue=0.1088;delay=0.0;waiting=0.0;pressure=0.0;switches=0.0;emission=1.1468	refine;w=delay=0.5;pressure=0.5;ckpt50	38.2857	320.2704	103.8284	26.0000	929.0000	0.0000	queue=2.1752;delay=0.8162;waiting=285.9862;pressure=41.6806;switches=3.1917;emission=5.7342
ingolstadt7_emission_heavy_dqn_morl_grid	SIM_TRAIN	194	117.6	0.0	-3.91	0.58	0.05	2959	-0.11	0.0000			0.0000						
ingolstadt7_emission_heavy_dqn_morl_grid	SIM_TRAIN	195	66.4	0.0	-3.08	0.45	0.05	3012	-0.12	0.0000			18.2857						
ingolstadt7_emission_heavy_dqn_morl_grid	REAL_TRAIN	68	118.8	100.0	-25.00	2.95	0.11	2356		-1.1255	queue=0.1045;delay=0.0;waiting=0.0;pressure=0.0;switches=0.0;emission=1.021	refine;w=delay=0.5;pressure=0.5;ckpt52	0.0000	250.7211	81.2811	12.0000	712.0000	5.0000	queue=2.0901;delay=0.7677;waiting=158.3608;pressure=38.7917;switches=2.7667;emission=5.1049
ingolstadt7_emission_heavy_dqn_morl_grid	SIM_TRAIN	196	74.9	0.0	-3.73	0.55	0.05	3012	-0.12	0.0000			0.0000						
ingolstadt7_emission_heavy_dqn_morl_grid	SIM_TRAIN	197	118.3	0.0	-3.98	0.59	0.05	2956	-0.12	0.0000			0.0000						
ingolstadt7_emission_heavy_dqn_morl_grid	REAL_TRAIN	70	498.6	100.0	-133.75	17.11	0.25	1325		-4.1582	queue=0.5592;delay=0.0;waiting=0.0;pressure=0.0;switches=0.0;emission=3.599	refine;w=delay=0.5;pressure=0.5;ckpt54	83.7143	862.0533	279.4724	13.0000	636.0000	3.0000	queue=11.1835;delay=1.7452;waiting=10879.4851;pressure=113.5889;switches=2.0139;emission=17.995
ingolstadt7_emission_heavy_dqn_morl_grid	SIM_TRAIN	198	84.5	0.0	-3.91	0.58	0.05	2987	-0.12	0.0000			0.0000						
ingolstadt7_emission_heavy_dqn_morl_grid	SIM_TRAIN	199	69.2	0.0	-3.78	0.57	0.05	3011	-0.12	0.0000			0.0000						
ingolstadt7_emission_heavy_dqn_morl_grid	REAL_TRAIN	72	1066.6	100.0	-163.02	21.62	0.31	614		-4.9202	queue=0.6807;delay=0.0;waiting=0.0;pressure=0.0;switches=0.0;emission=4.2395	refine;w=delay=0.5;pressure=0.5;ckpt56	44.4286	1047.2826	339.5231	12.0000	242.0000	0.0000	queue=13.6133;delay=2.1887;waiting=18242.8943;pressure=165.8583;switches=1.6444;emission=21.1976
ingolstadt7_emission_heavy_dqn_morl_grid	SIM_TRAIN	200	74.3	0.0	-3.90	0.58	0.05	3012	-0.12	0.0000			0.0000						
ingolstadt7_emission_heavy_dqn_morl_grid	SIM_TRAIN	201	108.0	0.0	-4.17	0.61	0.05	2967	-0.12	0.0000			138.0000						
ingolstadt7_emission_heavy_dqn_morl_grid	REAL_TRAIN	74	929.6	100.0	-153.95	20.56	0.31	777		-4.6815	queue=0.6429;delay=0.0;waiting=0.0;pressure=0.0;switches=0.0;emission=4.0386	refine;w=delay=0.5;pressure=0.5;ckpt58	47.0000	1015.3015	329.1549	6.0000	305.0000	0.0000	queue=12.8583;delay=2.1947;waiting=15434.5105;pressure=152.8472;switches=0.8028;emission=20.1929
ingolstadt7_emission_heavy_dqn_morl_grid	SIM_TRAIN	202	124.4	0.0	-3.83	0.57	0.05	2948	-0.12	0.0000			0.0000						
ingolstadt7_emission_heavy_dqn_morl_grid	SIM_TRAIN	203	72.4	0.0	-3.75	0.56	0.05	3012	-0.12	0.0000			0.0000						
ingolstadt7_emission_heavy_dqn_morl_grid	REAL_TRAIN	76	848.6	100.0	-161.65	21.90	0.32	885		-4.9472	queue=0.6748;delay=0.0;waiting=0.0;pressure=0.0;switches=0.0;emission=4.2724	refine;w=delay=0.5;pressure=0.5;ckpt60	57.5714	1071.8986	347.5032	11.0000	441.0000	1.0000	queue=13.4961;delay=2.2274;waiting=14949.6193;pressure=175.1194;switches=1.1389;emission=21.3621
ingolstadt7_emission_heavy_dqn_morl_grid	SIM_TRAIN	204	67.0	0.0	-3.42	0.51	0.05	3012	-0.12	0.0000			0.0000						
ingolstadt7_emission_heavy_dqn_morl_grid	SIM_TRAIN	205	172.2	0.0	-3.83	0.58	0.05	2882	-0.12	0.0000			0.0000						
ingolstadt7_emission_heavy_dqn_morl_grid	REAL_TRAIN	78	735.4	100.0	-125.15	16.88	0.27	938		-3.8398	queue=0.5227;delay=0.0;waiting=0.0;pressure=0.0;switches=0.0;emission=3.317	refine;w=delay=0.5;pressure=0.5;ckpt62	54.1429	821.7446	266.4047	8.0000	454.0000	2.0000	queue=10.4548;delay=1.9008;waiting=11609.4041;pressure=130.1139;switches=1.4833;emission=16.5851
ingolstadt7_emission_heavy_dqn_morl_grid	SIM_TRAIN	206	106.7	0.0	-3.93	0.60	0.05	2985	-0.12	0.0000			0.0000						
ingolstadt7_emission_heavy_dqn_morl_grid	SIM_TRAIN	207	75.7	0.0	-3.46	0.53	0.05	3012	-0.11	0.0000			0.0000						
ingolstadt7_emission_heavy_dqn_morl_grid	REAL_TRAIN	80	953.4	100.0	-149.82	20.15	0.29	773		-4.5431	queue=0.6256;delay=0.0;waiting=0.0;pressure=0.0;switches=0.0;emission=3.9175	refine;w=delay=0.5;pressure=0.5;ckpt64	46.8571	1011.1209	327.7996	4.0000	375.0000	0.0000	queue=12.5126;delay=2.0574;waiting=15725.9841;pressure=168.6667;switches=1.1083;emission=19.5873
ingolstadt7_emission_heavy_dqn_morl_grid	SIM_TRAIN	208	144.2	0.0	-4.22	0.63	0.06	2938	-0.12	0.0000			0.0000						
ingolstadt7_emission_heavy_dqn_morl_grid	SIM_TRAIN	209	130.1	0.0	-4.04	0.60	0.05	2903	-0.11	0.0000			60.1429						
ingolstadt7_emission_heavy_dqn_morl_grid	REAL_TRAIN	82	847.0	100.0	-171.75	22.04	0.31	881		-5.1926	queue=0.7173;delay=0.0;waiting=0.0;pressure=0.0;switches=0.0;emission=4.4753	refine;w=delay=0.5;pressure=0.5;ckpt66	43.1429	1147.8009	372.1105	3.0000	402.0000	0.0000	queue=14.3454;delay=2.1649;waiting=18579.8842;pressure=156.8528;switches=1.1889;emission=22.3766
ingolstadt7_emission_heavy_dqn_morl_grid	SIM_TRAIN	210	105.9	0.0	-4.56	0.67	0.06	2970	-0.12	0.0000			0.0000						
ingolstadt7_emission_heavy_dqn_morl_grid	SIM_TRAIN	211	66.6	0.0	-3.52	0.53	0.05	3012	-0.12	0.0000			0.0000						
ingolstadt7_emission_heavy_dqn_morl_grid	REAL_TRAIN	84	1051.1	100.0	-184.41	24.49	0.33	720		-5.5541	queue=0.7697;delay=0.0;waiting=0.0;pressure=0.0;switches=0.0;emission=4.7844	refine;w=delay=0.5;pressure=0.5;ckpt68	74.0000	1225.9279	397.4388	3.0000	541.0000	5.0000	queue=15.3934;delay=2.3358;waiting=19412.228;pressure=178.9778;switches=1.1;emission=23.922
ingolstadt7_emission_heavy_dqn_morl_grid	SIM_TRAIN	212	86.1	0.0	-4.28	0.63	0.05	3001	-0.12	0.0000			72.8571						
ingolstadt7_emission_heavy_dqn_morl_grid	SIM_TRAIN	213	101.4	0.0	-4.47	0.65	0.06	2990	-0.12	0.0000			0.0000						
ingolstadt7_emission_heavy_dqn_morl_grid	REAL_TRAIN	86	778.8	100.0	-172.30	22.70	0.29	888		-5.2147	queue=0.7195;delay=0.0;waiting=0.0;pressure=0.0;switches=0.0;emission=4.4951	refine;w=delay=0.5;pressure=0.5;ckpt70	70.2857	1077.6480	349.3672	6.0000	474.0000	10.0000	queue=14.3909;delay=2.0302;waiting=17658.2788;pressure=60.1444;switches=2.0417;emission=22.4756
ingolstadt7_emission_heavy_dqn_morl_grid	SIM_TRAIN	214	120.0	0.0	-4.80	0.70	0.06	2972	-0.12	0.0000			0.0000						
ingolstadt7_emission_heavy_dqn_morl_grid	SIM_TRAIN	215	72.7	0.0	-3.71	0.56	0.05	3012	-0.12	0.0000			0.0000						
ingolstadt7_emission_heavy_dqn_morl_grid	REAL_TRAIN	88	1567.1	100.0	-215.69	29.73	0.36	362		-6.4470	queue=0.9001;delay=0.0;waiting=0.0;pressure=0.0;switches=0.0;emission=5.5469	refine;w=delay=0.5;pressure=0.5;ckpt72	52.1429	1398.7430	453.4647	4.0000	329.0000	4.0000	queue=18.0027;delay=2.5315;waiting=24744.3537;pressure=122.0722;switches=1.2889;emission=27.7343
ingolstadt7_emission_heavy_dqn_morl_grid	SIM_TRAIN	216	106.9	0.0	-4.22	0.62	0.06	2970	-0.12	0.0000			0.0000						
ingolstadt7_emission_heavy_dqn_morl_grid	SIM_TRAIN	217	88.5	0.0	-4.36	0.65	0.06	2985	-0.12	0.0000			64.0000						
ingolstadt7_emission_heavy_dqn_morl_grid	REAL_TRAIN	90	1005.4	100.0	-204.85	27.01	0.32	678		-6.1410	queue=0.8552;delay=0.0;waiting=0.0;pressure=0.0;switches=0.0;emission=5.2858	refine;w=delay=0.5;pressure=0.5;ckpt74	49.7143	1295.3101	419.9322	12.0000	417.0000	7.0000	queue=17.1045;delay=2.2059;waiting=23038.6061;pressure=94.025;switches=1.1583;emission=26.4288
ingolstadt7_emission_heavy_dqn_morl_grid	SIM_TRAIN	218	97.4	0.0	-4.49	0.65	0.06	2977	-0.12	0.0000			0.0000						
ingolstadt7_emission_heavy_dqn_morl_grid	SIM_TRAIN	219	84.9	0.0	-3.94	0.58	0.05	3004	-0.12	0.0000			0.0000						
ingolstadt7_emission_heavy_dqn_morl_grid	REAL_TRAIN	92	758.6	100.0	-149.05	19.34	0.28	953		-4.5379	queue=0.6224;delay=0.0;waiting=0.0;pressure=0.0;switches=0.0;emission=3.9155	refine;w=delay=0.5;pressure=0.5;ckpt76	55.2857	1018.8675	330.3109	7.0000	436.0000	5.0000	queue=12.4483;delay=1.9627;waiting=15154.1146;pressure=161.1972;switches=1.8333;emission=19.5775
ingolstadt7_emission_heavy_dqn_morl_grid	SIM_TRAIN	220	122.2	0.0	-4.35	0.64	0.05	2955	-0.12	0.0000			0.0000						
ingolstadt7_emission_heavy_dqn_morl_grid	SIM_TRAIN	221	138.9	0.0	-5.07	0.75	0.06	2964	-0.13	0.0000			17.7143						
ingolstadt7_emission_heavy_dqn_morl_grid	REAL_TRAIN	94	758.8	100.0	-159.28	21.27	0.28	898		-4.8361	queue=0.6652;delay=0.0;waiting=0.0;pressure=0.0;switches=0.0;emission=4.1709	refine;w=delay=0.5;pressure=0.5;ckpt78	66.8571	1059.8256	343.5893	9.0000	501.0000	7.0000	queue=13.3039;delay=1.9344;waiting=15866.7393;pressure=59.8833;switches=1.325;emission=20.8545
ingolstadt7_emission_heavy_dqn_morl_grid	SIM_TRAIN	222	99.8	0.0	-4.11	0.62	0.06	2961	-0.12	0.0000			0.0000						
ingolstadt7_emission_heavy_dqn_morl_grid	SIM_TRAIN	223	82.6	0.0	-3.96	0.59	0.05	3011	-0.12	0.0000			0.0000						
ingolstadt7_emission_heavy_dqn_morl_grid	REAL_TRAIN	96	738.6	100.0	-163.69	21.73	0.29	973		-4.9919	queue=0.6836;delay=0.0;waiting=0.0;pressure=0.0;switches=0.0;emission=4.3083	refine;w=delay=0.5;pressure=0.5;ckpt80	72.7143	1016.6071	329.5780	7.0000	561.0000	8.0000	queue=13.6718;delay=2.0263;waiting=13638.3093;pressure=68.2083;switches=1.2417;emission=21.5417
ingolstadt7_emission_heavy_dqn_morl_grid	SIM_TRAIN	224	93.4	0.0	-4.29	0.63	0.06	3012	-0.12	0.0000			0.0000						
ingolstadt7_emission_heavy_dqn_morl_grid	SIM_TRAIN	225	154.1	0.0	-3.88	0.59	0.06	2907	-0.12	0.0000			60.0000						
ingolstadt7_emission_heavy_dqn_morl_grid	REAL_TRAIN	98	1322.5	100.0	-226.76	30.31	0.38	539		-6.7857	queue=0.9462;delay=0.0;waiting=0.0;pressure=0.0;switches=0.0;emission=5.8395	refine;w=delay=0.5;pressure=0.5;ckpt82	59.5714	1431.8951	464.2123	3.0000	434.0000	2.0000	queue=18.9232;delay=2.6742;waiting=24090.1014;pressure=116.75;switches=0.85;emission=29.1977
ingolstadt7_emission_heavy_dqn_morl_grid	SIM_TRAIN	226	79.1	0.0	-3.85	0.59	0.05	3010	-0.12	0.0000			76.2857						
ingolstadt7_emission_heavy_dqn_morl_grid	SIM_TRAIN	227	96.0	0.0	-3.79	0.58	0.05	3004	-0.12	0.0000			142.5714						
ingolstadt7_emission_heavy_dqn_morl_grid	REAL_TRAIN	100	1016.7	100.0	-219.64	28.76	0.36	758		-6.5967	queue=0.9168;delay=0.0;waiting=0.0;pressure=0.0;switches=0.0;emission=5.68	refine;w=delay=0.5;pressure=0.5;ckpt84	63.2857	1388.0159	449.9868	7.0000	554.0000	0.0000	queue=18.3353;delay=2.5283;waiting=21875.5559;pressure=101.0889;switches=1.0944;emission=28.3998
ingolstadt7_emission_heavy_dqn_morl_grid	SIM_TRAIN	228	96.8	0.0	-4.27	0.65	0.06	3011	-0.12	0.0000			0.0000						
ingolstadt7_emission_heavy_dqn_morl_grid	SIM_TRAIN	229	83.8	0.0	-4.06	0.60	0.05	3012	-0.12	0.0000			0.0000						
ingolstadt7_emission_heavy_dqn_morl_grid	REAL_TRAIN	102	1369.3	100.0	-244.19	32.63	0.41	534		-7.3008	queue=1.0192;delay=0.0;waiting=0.0;pressure=0.0;switches=0.0;emission=6.2816	refine;w=delay=0.5;pressure=0.5;ckpt86	53.1429	1511.7685	490.1068	3.0000	504.0000	3.0000	queue=20.3833;delay=2.8764;waiting=25275.8401;pressure=124.3278;switches=1.4333;emission=31.4081
ingolstadt7_emission_heavy_dqn_morl_grid	SIM_TRAIN	230	110.4	0.0	-4.49	0.67	0.05	2977	-0.12	0.0000			137.1429						
ingolstadt7_emission_heavy_dqn_morl_grid	SIM_TRAIN	231	94.4	0.0	-4.48	0.66	0.06	3012	-0.12	0.0000			0.0000						
ingolstadt7_emission_heavy_dqn_morl_grid	REAL_TRAIN	104	1049.7	100.0	-226.96	29.42	0.38	738		-6.8137	queue=0.9473;delay=0.0;waiting=0.0;pressure=0.0;switches=0.0;emission=5.8664	refine;w=delay=0.5;pressure=0.5;ckpt88	57.5714	1348.7638	437.2615	5.0000	608.0000	2.0000	queue=18.9451;delay=2.643;waiting=22078.4944;pressure=102.0194;switches=1.0444;emission=29.3321
ingolstadt7_emission_heavy_dqn_morl_grid	SIM_TRAIN	232	125.7	0.0	-4.73	0.70	0.06	2995	-0.13	0.0000			19.8571						
ingolstadt7_emission_heavy_dqn_morl_grid	SIM_TRAIN	233	80.6	0.0	-4.15	0.61	0.05	3007	-0.12	0.0000			0.0000						
ingolstadt7_emission_heavy_dqn_morl_grid	REAL_TRAIN	106	937.2	100.0	-201.18	26.16	0.34	838		-6.0663	queue=0.84;delay=0.0;waiting=0.0;pressure=0.0;switches=0.0;emission=5.2263	refine;w=delay=0.5;pressure=0.5;ckpt90	63.2857	1278.5328	414.4929	3.0000	579.0000	7.0000	queue=16.8002;delay=2.3725;waiting=19236.4665;pressure=101.0583;switches=1.3111;emission=26.1314
ingolstadt7_emission_heavy_dqn_morl_grid	SIM_TRAIN	234	74.6	0.0	-3.59	0.54	0.05	3012	-0.12	0.0000			0.0000						
ingolstadt7_emission_heavy_dqn_morl_grid	SIM_TRAIN	235	149.8	0.0	-4.28	0.64	0.06	2903	-0.12	0.0000			0.0000						
ingolstadt7_emission_heavy_dqn_morl_grid	REAL_TRAIN	108	735.4	100.0	-128.47	16.42	0.21	785		-3.9183	queue=0.5365;delay=0.0;waiting=0.0;pressure=0.0;switches=0.0;emission=3.3819	refine;w=delay=0.5;pressure=0.5;ckpt92	50.2857	755.9135	245.0627	3.0000	392.0000	6.0000	queue=10.7299;delay=1.4734;waiting=13292.3173;pressure=101.3667;switches=1.4222;emission=16.9093
ingolstadt7_emission_heavy_dqn_morl_grid	SIM_TRAIN	236	86.7	0.0	-3.93	0.58	0.05	2999	-0.12	0.0000			0.0000						
ingolstadt7_emission_heavy_dqn_morl_grid	REAL_TRAIN	109	741.5	100.0	-130.07	16.55	0.22	809		-3.9698	queue=0.5432;delay=0.0;waiting=0.0;pressure=0.0;switches=0.0;emission=3.4266	refine;w=delay=0.5;pressure=0.5;ckpt93	48.8571	767.6943	248.8819	2.0000	339.0000	5.0000	queue=10.8631;delay=1.5311;waiting=12849.5065;pressure=103.7111;switches=1.2556;emission=17.1331
ingolstadt7_emission_heavy_dqn_morl_grid	REAL_TEST	0	118.6	100.0	-23.61	2.89	0.12	2406		-1.1004	queue=0.0986;delay=0.0;waiting=0.0;pressure=0.0;switches=0.0;emission=1.0019		7.4286	254.3973	82.4729	23.0000	694.0000	11.0000	queue=1.9713;delay=0.8411;waiting=92.1743;pressure=31.7167;switches=3.5722;emission=5.0094
