hz4x4_combine2_dqn_latent_observation	REAL_TEST	2	1648.8	100.0	-1024.34	63.96	1.20	645
hz4x4_combine2_dqn_latent_observation	REAL_TEST	4	882.3	100.0	-653.81	40.86	1.20	1830
hz4x4_combine2_dqn_latent_observation	REAL_TEST	6	763.6	100.0	-594.16	37.04	1.26	1997
hz4x4_combine2_dqn_latent_observation	REAL_TEST	8	661.8	100.0	-483.42	30.06	1.23	2198
hz4x4_combine2_dqn_latent_observation	REAL_TEST	10	791.7	100.0	-605.46	37.68	1.20	2056
hz4x4_combine2_dqn_latent_observation	REAL_TEST	12	651.5	100.0	-484.10	30.06	1.17	2215
hz4x4_combine2_dqn_latent_observation	REAL_TEST	14	802.9	100.0	-496.72	30.95	1.13	2037
hz4x4_combine2_dqn_latent_observation	REAL_TEST	16	580.8	100.0	-379.83	23.59	1.14	2410
hz4x4_combine2_dqn_latent_observation	REAL_TEST	18	804.4	100.0	-557.80	34.61	1.21	1999
hz4x4_combine2_dqn_latent_observation	REAL_TEST	20	719.7	100.0	-456.74	28.46	1.16	2175
hz4x4_combine2_dqn_latent_observation	REAL_TEST	22	1069.4	100.0	-450.96	28.20	1.09	1408
hz4x4_combine2_dqn_latent_observation	REAL_TEST	24	677.6	100.0	-502.01	31.15	1.16	2220
hz4x4_combine2_dqn_latent_observation	REAL_TEST	26	848.9	100.0	-648.04	40.39	1.15	1878
hz4x4_combine2_dqn_latent_observation	REAL_TEST	28	804.6	100.0	-449.94	28.07	1.15	1905
hz4x4_combine2_dqn_latent_observation	REAL_TEST	30	834.5	100.0	-623.38	38.84	1.17	1924
hz4x4_combine2_dqn_latent_observation	REAL_TEST	32	675.1	100.0	-482.72	29.98	1.24	2255
hz4x4_combine2_dqn_latent_observation	REAL_TEST	34	720.1	100.0	-575.50	35.75	1.22	2210
hz4x4_combine2_dqn_latent_observation	REAL_TEST	36	764.6	100.0	-406.41	25.21	1.11	2126
hz4x4_combine2_dqn_latent_observation	REAL_TEST	38	889.9	100.0	-481.96	30.01	1.18	1779
hz4x4_combine2_dqn_latent_observation	REAL_TEST	40	796.7	100.0	-488.97	30.42	1.14	1965
hz4x4_combine2_dqn_latent_observation	REAL_TEST	42	642.4	100.0	-449.19	27.99	1.16	2344
hz4x4_combine2_dqn_latent_observation	REAL_TEST	44	898.8	100.0	-474.50	29.65	1.14	1889
hz4x4_combine2_dqn_latent_observation	REAL_TEST	46	838.5	100.0	-549.62	34.36	1.13	1943
hz4x4_combine2_dqn_latent_observation	REAL_TEST	48	764.6	100.0	-448.94	27.94	1.16	2097
hz4x4_combine2_dqn_latent_observation	REAL_TEST	50	671.6	100.0	-504.27	31.32	1.16	2284
hz4x4_combine2_dqn_latent_observation	REAL_TEST	52	657.0	100.0	-438.70	27.31	1.14	2258
hz4x4_combine2_dqn_latent_observation	REAL_TEST	54	670.6	100.0	-504.19	31.44	1.18	2271
hz4x4_combine2_dqn_latent_observation	REAL_TEST	56	686.0	100.0	-518.56	32.28	1.16	2237
hz4x4_combine2_dqn_latent_observation	REAL_TEST	58	756.5	100.0	-499.46	31.33	1.14	1999
hz4x4_combine2_dqn_latent_observation	REAL_TEST	60	867.9	100.0	-505.94	31.68	1.14	1895
hz4x4_combine2_dqn_latent_observation	REAL_TEST	62	793.3	100.0	-525.07	32.90	1.16	2052
hz4x4_combine2_dqn_latent_observation	REAL_TEST	64	715.0	100.0	-417.73	25.95	1.16	2145
hz4x4_combine2_dqn_latent_observation	REAL_TEST	66	830.3	100.0	-597.88	37.36	1.14	1935
hz4x4_combine2_dqn_latent_observation	REAL_TEST	68	907.7	100.0	-426.52	26.57	1.11	1648
hz4x4_combine2_dqn_latent_observation	REAL_TEST	70	608.3	100.0	-434.23	26.91	1.15	2366
hz4x4_combine2_dqn_latent_observation	REAL_TEST	72	683.1	100.0	-515.46	32.19	1.13	2192
hz4x4_combine2_dqn_latent_observation	REAL_TEST	74	752.2	100.0	-567.95	35.44	1.20	2152
hz4x4_combine2_dqn_latent_observation	REAL_TEST	76	689.6	100.0	-434.22	26.97	1.19	2231
hz4x4_combine2_dqn_latent_observation	REAL_TEST	78	682.4	100.0	-427.05	26.49	1.17	2183
hz4x4_combine2_dqn_latent_observation	REAL_TEST	80	582.8	100.0	-385.64	23.93	1.15	2380
hz4x4_combine2_dqn_latent_observation	REAL_TEST	82	728.6	100.0	-570.41	35.68	1.20	2139
hz4x4_combine2_dqn_latent_observation	REAL_TEST	84	636.8	100.0	-444.10	27.57	1.16	2297
hz4x4_combine2_dqn_latent_observation	REAL_TEST	86	685.7	100.0	-486.47	30.33	1.16	2210
hz4x4_combine2_dqn_latent_observation	REAL_TEST	88	736.3	100.0	-529.09	32.88	1.17	2145
hz4x4_combine2_dqn_latent_observation	REAL_TEST	90	683.7	100.0	-548.75	34.20	1.17	2253
hz4x4_combine2_dqn_latent_observation	REAL_TEST	92	783.4	100.0	-467.59	29.01	1.10	2090
hz4x4_combine2_dqn_latent_observation	REAL_TEST	94	739.2	100.0	-493.36	30.80	1.16	2083
hz4x4_combine2_dqn_latent_observation	REAL_TEST	96	609.2	100.0	-423.25	26.36	1.20	2360
hz4x4_combine2_dqn_latent_observation	REAL_TEST	98	860.5	100.0	-513.20	32.14	1.12	1862
hz4x4_combine2_dqn_latent_observation	REAL_TEST	100	658.0	100.0	-439.71	27.37	1.17	2264
hz4x4_combine2_dqn_latent_observation	REAL_TEST	102	666.5	100.0	-497.80	30.84	1.16	2108
hz4x4_combine2_dqn_latent_observation	REAL_TEST	104	695.8	100.0	-520.00	32.38	1.16	2099
hz4x4_combine2_dqn_latent_observation	REAL_TEST	106	565.1	100.0	-404.52	25.08	1.19	2414
hz4x4_combine2_dqn_latent_observation	REAL_TEST	108	729.2	100.0	-544.78	33.88	1.19	2147
hz4x4_combine2_dqn_latent_observation	REAL_TEST	110	801.2	100.0	-575.59	35.76	1.17	1980
hz4x4_combine2_dqn_latent_observation	REAL_TEST	112	922.1	100.0	-516.00	32.28	1.14	1647
hz4x4_combine2_dqn_latent_observation	REAL_TEST	114	744.4	100.0	-525.24	32.82	1.17	2027
hz4x4_combine2_dqn_latent_observation	REAL_TEST	116	690.9	100.0	-502.51	31.28	1.14	2075
hz4x4_combine2_dqn_latent_observation	REAL_TEST	118	751.2	100.0	-422.75	26.27	1.10	2089
hz4x4_combine2_dqn_latent_observation	REAL_TEST	120	739.4	100.0	-496.67	30.94	1.18	2135
hz4x4_combine2_dqn_latent_observation	REAL_TEST	122	776.4	100.0	-537.82	33.63	1.14	2068
hz4x4_combine2_dqn_latent_observation	REAL_TEST	124	823.9	100.0	-496.13	30.90	1.15	1979
hz4x4_combine2_dqn_latent_observation	REAL_TEST	126	564.3	100.0	-386.36	23.84	1.19	2481
hz4x4_combine2_dqn_latent_observation	REAL_TEST	128	678.9	100.0	-469.32	29.13	1.21	2217
hz4x4_combine2_dqn_latent_observation	REAL_TEST	130	759.2	100.0	-482.88	30.29	1.13	2066
hz4x4_combine2_dqn_latent_observation	REAL_TEST	132	586.3	100.0	-410.21	25.39	1.18	2404
hz4x4_combine2_dqn_latent_observation	REAL_TEST	134	635.7	100.0	-448.93	28.02	1.18	2352
hz4x4_combine2_dqn_latent_observation	REAL_TEST	136	621.6	100.0	-381.68	23.62	1.11	2316
hz4x4_combine2_dqn_latent_observation	REAL_TEST	138	910.4	100.0	-559.70	34.88	1.13	1771
hz4x4_combine2_dqn_latent_observation	REAL_TEST	140	680.3	100.0	-411.59	25.63	1.14	2149
hz4x4_combine2_dqn_latent_observation	REAL_TEST	142	907.0	100.0	-466.10	29.06	1.12	1677
hz4x4_combine2_dqn_latent_observation	REAL_TEST	144	776.7	100.0	-504.05	31.29	1.19	2065
hz4x4_combine2_dqn_latent_observation	REAL_TEST	146	649.6	100.0	-440.01	27.26	1.19	2290
hz4x4_combine2_dqn_latent_observation	REAL_TEST	148	639.2	100.0	-427.57	26.65	1.17	2330
hz4x4_combine2_dqn_latent_observation	REAL_TEST	150	816.1	100.0	-476.94	29.67	1.16	1797
hz4x4_combine2_dqn_latent_observation	REAL_TEST	152	581.3	100.0	-402.97	24.98	1.14	2388
hz4x4_combine2_dqn_latent_observation	REAL_TEST	154	689.1	100.0	-386.78	23.99	1.16	2163
hz4x4_combine2_dqn_latent_observation	REAL_TEST	156	697.9	100.0	-483.05	30.24	1.15	2209
hz4x4_combine2_dqn_latent_observation	REAL_TEST	158	560.3	100.0	-423.30	26.52	1.21	2429
hz4x4_combine2_dqn_latent_observation	REAL_TEST	160	656.5	100.0	-403.21	24.94	1.15	2262
hz4x4_combine2_dqn_latent_observation	REAL_TEST	162	758.2	100.0	-458.65	28.60	1.15	2101
hz4x4_combine2_dqn_latent_observation	REAL_TEST	164	601.8	100.0	-364.56	22.60	1.12	2349
hz4x4_combine2_dqn_latent_observation	REAL_TEST	166	661.2	100.0	-405.42	25.15	1.17	2196
hz4x4_combine2_dqn_latent_observation	REAL_TEST	168	684.8	100.0	-462.84	28.78	1.16	2224
hz4x4_combine2_dqn_latent_observation	REAL_TEST	170	616.7	100.0	-457.65	28.43	1.18	2352
hz4x4_combine2_dqn_latent_observation	REAL_TEST	172	568.3	100.0	-406.37	25.28	1.21	2425
hz4x4_combine2_dqn_latent_observation	REAL_TEST	174	764.4	100.0	-408.35	25.59	1.14	1972
hz4x4_combine2_dqn_latent_observation	REAL_TEST	176	735.0	100.0	-495.74	30.61	1.21	2137
hz4x4_combine2_dqn_latent_observation	REAL_TEST	178	730.8	100.0	-542.00	33.80	1.12	2122
hz4x4_combine2_dqn_latent_observation	REAL_TEST	180	796.6	100.0	-565.14	35.27	1.12	1916
hz4x4_combine2_dqn_latent_observation	REAL_TEST	182	878.2	100.0	-470.59	29.36	1.14	1851
hz4x4_combine2_dqn_latent_observation	REAL_TEST	184	741.5	100.0	-469.94	29.26	1.13	2187
hz4x4_combine2_dqn_latent_observation	REAL_TEST	186	764.7	100.0	-471.46	29.27	1.18	2071
hz4x4_combine2_dqn_latent_observation	REAL_TEST	188	642.8	100.0	-474.73	29.53	1.19	2287
hz4x4_combine2_dqn_latent_observation	REAL_TEST	190	911.2	100.0	-550.53	34.23	1.13	1753
hz4x4_combine2_dqn_latent_observation	REAL_TEST	192	673.8	100.0	-430.46	26.71	1.15	2221
hz4x4_combine2_dqn_latent_observation	REAL_TEST	194	633.9	100.0	-421.33	26.19	1.20	2311
hz4x4_combine2_dqn_latent_observation	REAL_TEST	196	668.6	100.0	-504.15	31.40	1.18	2258
hz4x4_combine2_dqn_latent_observation	REAL_TEST	198	774.3	100.0	-468.34	29.25	1.17	1904
