RewardInference: 15 probes (components ['queue', 'delay', 'waiting', 'pressure', 'switches'] x 3 repeats, capped at 99 by real budget)
SIM_TRAIN step:0, travel time:422.1732394366197, q_loss:0.016244274, rewards:-110.84975, queue:101.92778, delay:0.87272036, throughput:1306, raw_metrics:{'fairness': 963.0}
SIM_TRAIN step:1, travel time:175.30633802816902, q_loss:0.0069224224, rewards:-17.565836, queue:14.161111, delay:0.80722505, throughput:1371, raw_metrics:{'fairness': 1052.0}
SIM_TRAIN step:2, travel time:133.01338028169013, q_loss:0.006351033, rewards:-10.238056, queue:7.322222, delay:0.7203247, throughput:1398, raw_metrics:{'fairness': 805.0}
REAL_TRAIN step:1, travel time:1506.2799539170508, q_loss:100, rewards:-356.90955, queue:345.8639, delay:0.98687744, throughput:429, R_real:-11.2498, components:{'queue': 1.528, 'delay': 0.0, 'waiting': 0.0, 'pressure': 0.0, 'switches': 0.0, 'emission': 9.722}, raw_metrics:{'fairness': 439.0, 'emission': 2032.199, 'fuel': 658.826, 'emergency_stops': 0.0, 'collisions': 0.0, 'ssm_conflicts': 851.0}, probe[queue]
SIM_TRAIN step:3, travel time:1438.344366197183, q_loss:0.037326183, rewards:-344.3428, queue:326.80276, delay:0.8075907, throughput:581, raw_metrics:{'fairness': 358.0}
SIM_TRAIN step:4, travel time:803.0676056338028, q_loss:0.015629573, rewards:-256.43475, queue:237.83333, delay:0.749116, throughput:778, raw_metrics:{'fairness': 571.0}
SIM_TRAIN step:5, travel time:463.33169014084507, q_loss:0.024673192, rewards:-148.02751, queue:136.7889, delay:0.72283995, throughput:948, raw_metrics:{'fairness': 725.0}
REAL_TRAIN step:2, travel time:2490.367198838897, q_loss:100, rewards:-476.17453, queue:470.11945, delay:0.74669373, throughput:55, R_real:-14.4607, components:{'queue': 2.005, 'delay': 0.0, 'waiting': 0.0, 'pressure': 0.0, 'switches': 0.0, 'emission': 12.456}, raw_metrics:{'fairness': 2.0, 'emission': 2631.587, 'fuel': 853.146, 'emergency_stops': 0.0, 'collisions': 0.0, 'ssm_conflicts': 628.0}, probe[delay]
SIM_TRAIN step:6, travel time:735.6443661971831, q_loss:293.44614, rewards:-176.80643, queue:164.58333, delay:0.8788469, throughput:1371, raw_metrics:{'fairness': 804.0}
SIM_TRAIN step:7, travel time:214.76901408450703, q_loss:77.33942, rewards:-23.297497, queue:19.580555, delay:0.8542912, throughput:1359, raw_metrics:{'fairness': 992.0}
SIM_TRAIN step:8, travel time:306.71498944405346, q_loss:51.639725, rewards:-80.93054, queue:72.15, delay:0.7031993, throughput:1200, raw_metrics:{'fairness': 1015.0}
REAL_TRAIN step:3, travel time:2498.8238719068413, q_loss:100, rewards:-476.4273, queue:470.37778, delay:0.74677986, throughput:53, R_real:-14.4828, components:{'queue': 2.008, 'delay': 0.0, 'waiting': 0.0, 'pressure': 0.0, 'switches': 0.0, 'emission': 12.475}, raw_metrics:{'fairness': 0.0, 'emission': 2632.773, 'fuel': 853.53, 'emergency_stops': 0.0, 'collisions': 0.0, 'ssm_conflicts': 627.0}, probe[waiting]
SIM_TRAIN step:9, travel time:1133.5017593244195, q_loss:29.358044, rewards:-280.8058, queue:263.78888, delay:0.90382546, throughput:1188, raw_metrics:{'fairness': 752.0}
SIM_TRAIN step:10, travel time:267.28591549295777, q_loss:2.3311086, rewards:-35.644444, queue:32.344444, delay:0.8968295, throughput:1299, raw_metrics:{'fairness': 851.0}
SIM_TRAIN step:11, travel time:254.3718309859155, q_loss:2.5272348, rewards:-22.201115, queue:18.852777, delay:0.8844197, throughput:1303, raw_metrics:{'fairness': 1042.0}
REAL_TRAIN step:4, travel time:320.15967016491754, q_loss:100, rewards:-98.264435, queue:75.76945, delay:0.82943547, throughput:1173, R_real:-3.7341, components:{'queue': 0.404, 'delay': 0.0, 'waiting': 0.0, 'pressure': 0.0, 'switches': 0.0, 'emission': 3.33}, raw_metrics:{'fairness': 617.0, 'emission': 747.724, 'fuel': 242.405, 'emergency_stops': 2.0, 'collisions': 0.0, 'ssm_conflicts': 722.0}, probe[pressure]
SIM_TRAIN step:12, travel time:754.6169014084508, q_loss:0.015787909, rewards:-197.58716, queue:193.62778, delay:0.88647157, throughput:851, raw_metrics:{'fairness': 184.0}
SIM_TRAIN step:13, travel time:1621.4274647887323, q_loss:0.00884746, rewards:-357.25568, queue:351.30554, delay:0.93633366, throughput:145, raw_metrics:{'fairness': 181.0}
SIM_TRAIN step:14, travel time:1670.5514084507042, q_loss:0.005104084, rewards:-360.66843, queue:355.18332, delay:0.93658614, throughput:114, raw_metrics:{'fairness': 160.0}
REAL_TRAIN step:5, travel time:2671.2788906009246, q_loss:100, rewards:-481.67154, queue:475.6361, delay:0.9902325, throughput:7, R_real:-14.8966, components:{'queue': 2.069, 'delay': 0.0, 'waiting': 0.0, 'pressure': 0.0, 'switches': 0.0, 'emission': 12.828}, raw_metrics:{'fairness': 3.0, 'emission': 2657.065, 'fuel': 861.406, 'emergency_stops': 0.0, 'collisions': 0.0, 'ssm_conflicts': 637.0}, probe[switches]
SIM_TRAIN step:15, travel time:620.8584507042253, q_loss:0.033787947, rewards:-178.24106, queue:168.44722, delay:0.76766986, throughput:1385, raw_metrics:{'fairness': 965.0}
SIM_TRAIN step:16, travel time:204.35422535211268, q_loss:0.010485534, rewards:-29.514448, queue:26.408333, delay:0.87579846, throughput:1381, raw_metrics:{'fairness': 797.0}
SIM_TRAIN step:17, travel time:130.9880281690141, q_loss:0.0060584717, rewards:-9.573055, queue:6.602778, delay:0.6881187, throughput:1395, raw_metrics:{'fairness': 1020.0}
REAL_TRAIN step:6, travel time:2515.997023809524, q_loss:100, rewards:-469.35492, queue:462.86945, delay:0.98746437, throughput:31, R_real:-14.5439, components:{'queue': 2.016, 'delay': 0.0, 'waiting': 0.0, 'pressure': 0.0, 'switches': 0.0, 'emission': 12.528}, raw_metrics:{'fairness': 17.0, 'emission': 2593.733, 'fuel': 840.874, 'emergency_stops': 0.0, 'collisions': 0.0, 'ssm_conflicts': 648.0}, probe[queue]
SIM_TRAIN step:18, travel time:796.3556338028169, q_loss:0.0115161035, rewards:-177.56526, queue:161.55, delay:0.7306569, throughput:1130, raw_metrics:{'fairness': 260.0}
SIM_TRAIN step:19, travel time:386.2667135819845, q_loss:0.015979357, rewards:-108.668846, queue:95.03889, delay:0.68189687, throughput:1300, raw_metrics:{'fairness': 909.0}
SIM_TRAIN step:20, travel time:261.3704225352113, q_loss:0.03416041, rewards:-63.021957, queue:53.61111, delay:0.60030484, throughput:1329, raw_metrics:{'fairness': 209.0}
REAL_TRAIN step:7, travel time:1033.1798483206933, q_loss:100, rewards:-256.15524, queue:241.90555, delay:0.7113478, throughput:603, R_real:-7.9939, components:{'queue': 1.049, 'delay': 0.0, 'waiting': 0.0, 'pressure': 0.0, 'switches': 0.0, 'emission': 6.945}, raw_metrics:{'fairness': 552.0, 'emission': 1508.253, 'fuel': 488.966, 'emergency_stops': 0.0, 'collisions': 0.0, 'ssm_conflicts': 805.0}, probe[delay]
SIM_TRAIN step:21, travel time:1495.698099929627, q_loss:890.4193, rewards:-363.94714, queue:352.40833, delay:0.8903812, throughput:464, raw_metrics:{'fairness': 314.0}
SIM_TRAIN step:22, travel time:289.9232394366197, q_loss:366.0967, rewards:-59.208893, queue:53.416668, delay:0.861405, throughput:1349, raw_metrics:{'fairness': 824.0}
SIM_TRAIN step:23, travel time:250.31197183098593, q_loss:184.54915, rewards:-35.78776, queue:32.558334, delay:0.84280515, throughput:1330, raw_metrics:{'fairness': 807.0}
REAL_TRAIN step:8, travel time:274.66916729182293, q_loss:100, rewards:-80.723366, queue:57.552776, delay:0.8452524, throughput:1212, R_real:-3.2163, components:{'queue': 0.329, 'delay': 0.0, 'waiting': 0.0, 'pressure': 0.0, 'switches': 0.0, 'emission': 2.887}, raw_metrics:{'fairness': 701.0, 'emission': 649.97, 'fuel': 210.714, 'emergency_stops': 0.0, 'collisions': 0.0, 'ssm_conflicts': 117.0}, probe[waiting]
SIM_TRAIN step:24, travel time:663.9042253521127, q_loss:21.185593, rewards:-206.04855, queue:190.43333, delay:0.8913826, throughput:970, raw_metrics:{'fairness': 731.0}
SIM_TRAIN step:25, travel time:264.57394366197184, q_loss:2.6224878, rewards:-38.61889, queue:35.52222, delay:0.88366795, throughput:1286, raw_metrics:{'fairness': 805.0}
SIM_TRAIN step:26, travel time:296.78521126760563, q_loss:1.6282042, rewards:-37.984722, queue:35.122223, delay:0.89288354, throughput:1261, raw_metrics:{'fairness': 1051.0}
REAL_TRAIN step:9, travel time:287.8709677419355, q_loss:100, rewards:-85.694756, queue:62.655556, delay:0.8423076, throughput:1176, R_real:-3.3624, components:{'queue': 0.35, 'delay': 0.0, 'waiting': 0.0, 'pressure': 0.0, 'switches': 0.0, 'emission': 3.012}, raw_metrics:{'fairness': 665.0, 'emission': 675.953, 'fuel': 219.138, 'emergency_stops': 0.0, 'collisions': 0.0, 'ssm_conflicts': 115.0}, probe[pressure]
SIM_TRAIN step:27, travel time:1512.6852112676056, q_loss:0.0536047, rewards:-377.19272, queue:367.36945, delay:0.69269216, throughput:271, raw_metrics:{'fairness': 164.0}
SIM_TRAIN step:28, travel time:1546.556338028169, q_loss:0.016105857, rewards:-386.46112, queue:378.0361, delay:0.9442803, throughput:209, raw_metrics:{'fairness': 284.0}
SIM_TRAIN step:29, travel time:1696.0704225352113, q_loss:0.010387897, rewards:-401.0925, queue:396.22778, delay:0.9284672, throughput:71, raw_metrics:{'fairness': 134.0}
REAL_TRAIN step:10, travel time:2705.690625, q_loss:100, rewards:-481.169, queue:475.2139, delay:0.9906201, throughput:1, R_real:-14.8936, components:{'queue': 2.069, 'delay': 0.0, 'waiting': 0.0, 'pressure': 0.0, 'switches': 0.0, 'emission': 12.825}, raw_metrics:{'fairness': 1.0, 'emission': 2653.641, 'fuel': 860.296, 'emergency_stops': 0.0, 'collisions': 0.0, 'ssm_conflicts': 629.0}, probe[switches]
SIM_TRAIN step:30, travel time:191.6338028169014, q_loss:0.002316169, rewards:-29.71056, queue:25.438889, delay:0.8464384, throughput:1392, raw_metrics:{'fairness': 1047.0}
SIM_TRAIN step:31, travel time:160.4056338028169, q_loss:0.0020141185, rewards:-18.52111, queue:15.341666, delay:0.79025805, throughput:1377, raw_metrics:{'fairness': 804.0}
SIM_TRAIN step:32, travel time:133.92112676056337, q_loss:0.002348092, rewards:-10.66389, queue:7.861111, delay:0.7171731, throughput:1396, raw_metrics:{'fairness': 1037.0}
REAL_TRAIN step:11, travel time:151.1625364431487, q_loss:100, rewards:-35.80582, queue:12.152778, delay:0.60129523, throughput:1316, R_real:-1.5604, components:{'queue': 0.092, 'delay': 0.0, 'waiting': 0.0, 'pressure': 0.0, 'switches': 0.0, 'emission': 1.469}, raw_metrics:{'fairness': 721.0, 'emission': 412.399, 'fuel': 133.695, 'emergency_stops': 2.0, 'collisions': 0.0, 'ssm_conflicts': 154.0}, probe[queue]
SIM_TRAIN step:33, travel time:1483.4359154929577, q_loss:0.05823339, rewards:-365.83215, queue:355.04443, delay:0.8148006, throughput:389, raw_metrics:{'fairness': 226.0}
SIM_TRAIN step:34, travel time:780.230985915493, q_loss:0.014664675, rewards:-245.89278, queue:225.48334, delay:0.71361405, throughput:871, raw_metrics:{'fairness': 620.0}
SIM_TRAIN step:35, travel time:954.9964788732394, q_loss:0.01912136, rewards:-282.31476, queue:264.28333, delay:0.6519985, throughput:826, raw_metrics:{'fairness': 89.0}
REAL_TRAIN step:12, travel time:2639.296183206107, q_loss:100, rewards:-480.18484, queue:474.20834, delay:0.9571329, throughput:16, R_real:-14.8090, components:{'queue': 2.056, 'delay': 0.0, 'waiting': 0.0, 'pressure': 0.0, 'switches': 0.0, 'emission': 12.753}, raw_metrics:{'fairness': 12.0, 'emission': 2649.782, 'fuel': 859.045, 'emergency_stops': 0.0, 'collisions': 0.0, 'ssm_conflicts': 636.0}, probe[delay]
SIM_TRAIN step:36, travel time:301.45915492957744, q_loss:5.175847, rewards:-74.00224, queue:66.87222, delay:0.8597559, throughput:1237, raw_metrics:{'fairness': 1052.0}
SIM_TRAIN step:37, travel time:186.0267605633803, q_loss:5.6749616, rewards:-19.885008, queue:15.913889, delay:0.75525993, throughput:1370, raw_metrics:{'fairness': 238.0}
SIM_TRAIN step:38, travel time:243.84014084507044, q_loss:5.752938, rewards:-55.34502, queue:47.413887, delay:0.7387508, throughput:1350, raw_metrics:{'fairness': 245.0}
REAL_TRAIN step:13, travel time:292.2168405365127, q_loss:100, rewards:-87.89672, queue:64.83056, delay:0.7865682, throughput:1181, R_real:-3.3777, components:{'queue': 0.352, 'delay': 0.0, 'waiting': 0.0, 'pressure': 0.0, 'switches': 0.0, 'emission': 3.026}, raw_metrics:{'fairness': 661.0, 'emission': 690.04, 'fuel': 223.705, 'emergency_stops': 1.0, 'collisions': 0.0, 'ssm_conflicts': 221.0}, probe[waiting]
SIM_TRAIN step:39, travel time:1419.7121745249824, q_loss:66.40993, rewards:-338.2495, queue:321.3889, delay:0.90943986, throughput:896, raw_metrics:{'fairness': 498.0}
SIM_TRAIN step:40, travel time:286.8105633802817, q_loss:3.2393792, rewards:-52.91415, queue:49.52222, delay:0.9032469, throughput:1353, raw_metrics:{'fairness': 1026.0}
SIM_TRAIN step:41, travel time:250.83028169014085, q_loss:1.6251519, rewards:-19.708889, queue:16.627777, delay:0.88329196, throughput:1300, raw_metrics:{'fairness': 1063.0}
REAL_TRAIN step:14, travel time:179.48087021755438, q_loss:100, rewards:-45.229164, queue:21.469444, delay:0.8210415, throughput:1265, R_real:-2.1630, components:{'queue': 0.179, 'delay': 0.0, 'waiting': 0.0, 'pressure': 0.0, 'switches': 0.0, 'emission': 1.984}, raw_metrics:{'fairness': 558.0, 'emission': 461.102, 'fuel': 149.484, 'emergency_stops': 7.0, 'collisions': 0.0, 'ssm_conflicts': 368.0}, probe[pressure]
SIM_TRAIN step:42, travel time:982.9676056338028, q_loss:0.027388457, rewards:-194.35336, queue:187.00833, delay:0.9122004, throughput:675, raw_metrics:{'fairness': 820.0}
SIM_TRAIN step:43, travel time:1724.294366197183, q_loss:0.0068172747, rewards:-402.2867, queue:397.08057, delay:0.7646761, throughput:77, raw_metrics:{'fairness': 125.0}
SIM_TRAIN step:44, travel time:1047.2448979591836, q_loss:0.0047410848, rewards:-201.90692, queue:196.14444, delay:0.8947491, throughput:619, raw_metrics:{'fairness': 127.0}
REAL_TRAIN step:15, travel time:2520.904552129222, q_loss:100, rewards:-476.46902, queue:470.40833, delay:0.7582163, throughput:46, R_real:-14.4319, components:{'queue': 2.001, 'delay': 0.0, 'waiting': 0.0, 'pressure': 0.0, 'switches': 0.0, 'emission': 12.431}, raw_metrics:{'fairness': 1.0, 'emission': 2632.714, 'fuel': 853.511, 'emergency_stops': 0.0, 'collisions': 0.0, 'ssm_conflicts': 629.0}, probe[switches]
RewardInference identified ŵ: {'queue': 0.5, 'delay': 0.0, 'waiting': 0.0, 'pressure': 0.0, 'switches': 0.0, 'emission': 2.0}
RewardInference: identified but SIM-UNOBSERVABLE (irreducible gap): {'emission': 2.0}
RewardInference: renormalized actionable ŵ (max->1): {'queue': 1.0}
REAL_TRAIN step:0, travel time:129.06830985915494, q_loss:100, rewards:-28.467495, queue:4.7166667, delay:0.5447588, throughput:1372, R_real:-1.1208, components:{'queue': 0.028, 'delay': 0.0, 'waiting': 0.0, 'pressure': 0.0, 'switches': 0.0, 'emission': 1.093}, raw_metrics:{'fairness': 525.0, 'emission': 377.843, 'fuel': 122.492, 'emergency_stops': 8.0, 'collisions': 0.0, 'ssm_conflicts': 160.0}, final;warmstart
SIM_TRAIN step:45, travel time:122.2450704225352, q_loss:0, rewards:-6.1263905, queue:3.45, delay:0.61008996, throughput:1398, raw_metrics:{'fairness': 231.0}
SIM_TRAIN step:46, travel time:120.46619718309859, q_loss:0, rewards:-5.4272213, queue:2.8666666, delay:0.59074384, throughput:1397, raw_metrics:{'fairness': 1011.0}
REAL_TRAIN step:2, travel time:129.06830985915494, q_loss:100, rewards:-28.467495, queue:4.7166667, delay:0.5447588, throughput:1372, R_real:-1.1208, components:{'queue': 0.028, 'delay': 0.0, 'waiting': 0.0, 'pressure': 0.0, 'switches': 0.0, 'emission': 1.093}, raw_metrics:{'fairness': 525.0, 'emission': 377.843, 'fuel': 122.492, 'emergency_stops': 8.0, 'collisions': 0.0, 'ssm_conflicts': 160.0}, final;ckpt
SIM_TRAIN step:47, travel time:121.18450704225351, q_loss:2.7251005, rewards:-5.7024975, queue:3.0138888, delay:0.56447655, throughput:1400, raw_metrics:{'fairness': 0.0}
SIM_TRAIN step:48, travel time:164.32605633802817, q_loss:1.4248321, rewards:-23.230556, queue:19.327778, delay:0.71511436, throughput:1350, raw_metrics:{'fairness': 205.0}
REAL_TRAIN step:4, travel time:1399.076109936575, q_loss:100, rewards:-362.7857, queue:352.1611, delay:0.7068463, throughput:311, R_real:-11.0616, components:{'queue': 1.501, 'delay': 0.0, 'waiting': 0.0, 'pressure': 0.0, 'switches': 0.0, 'emission': 9.561}, raw_metrics:{'fairness': 139.0, 'emission': 2054.567, 'fuel': 666.079, 'emergency_stops': 0.0, 'collisions': 0.0, 'ssm_conflicts': 748.0}, final;ckpt
SIM_TRAIN step:49, travel time:468.4852112676056, q_loss:0.35892996, rewards:-140.88754, queue:130.09166, delay:0.8450795, throughput:1030, raw_metrics:{'fairness': 748.0}
SIM_TRAIN step:50, travel time:1264.3004926108374, q_loss:0.33859426, rewards:-297.10443, queue:270.2028, delay:0.9036684, throughput:1250, raw_metrics:{'fairness': 737.0}
REAL_TRAIN step:6, travel time:237.27637444279347, q_loss:100, rewards:-67.39637, queue:43.566666, delay:0.8985112, throughput:1227, R_real:-2.7882, components:{'queue': 0.265, 'delay': 0.0, 'waiting': 0.0, 'pressure': 0.0, 'switches': 0.0, 'emission': 2.523}, raw_metrics:{'fairness': 673.0, 'emission': 587.638, 'fuel': 190.506, 'emergency_stops': 3.0, 'collisions': 0.0, 'ssm_conflicts': 863.0}, final;ckpt
SIM_TRAIN step:51, travel time:288.26056338028167, q_loss:0.23725611, rewards:-40.26751, queue:36.666668, delay:0.88492686, throughput:1306, raw_metrics:{'fairness': 1083.0}
SIM_TRAIN step:52, travel time:366.10281690140846, q_loss:0.20427498, rewards:-80.91751, queue:76.60555, delay:0.8931706, throughput:1059, raw_metrics:{'fairness': 561.0}
REAL_TRAIN step:8, travel time:260.23952095808386, q_loss:100, rewards:-75.88753, queue:53.044445, delay:0.8445415, throughput:1235, R_real:-3.0704, components:{'queue': 0.308, 'delay': 0.0, 'waiting': 0.0, 'pressure': 0.0, 'switches': 0.0, 'emission': 2.763}, raw_metrics:{'fairness': 529.0, 'emission': 629.151, 'fuel': 203.965, 'emergency_stops': 3.0, 'collisions': 0.0, 'ssm_conflicts': 588.0}, final;ckpt
SIM_TRAIN step:53, travel time:192.79859154929576, q_loss:0.15005101, rewards:-32.198906, queue:27.405556, delay:0.7427464, throughput:1346, raw_metrics:{'fairness': 1074.0}
SIM_TRAIN step:54, travel time:1072.2147887323943, q_loss:0.088918306, rewards:-288.0561, queue:281.86945, delay:0.89741844, throughput:375, raw_metrics:{'fairness': 428.0}
REAL_TRAIN step:10, travel time:184.39375928677563, q_loss:100, rewards:-47.5414, queue:23.722221, delay:0.83349955, throughput:1273, R_real:-2.2152, components:{'queue': 0.185, 'delay': 0.0, 'waiting': 0.0, 'pressure': 0.0, 'switches': 0.0, 'emission': 2.03}, raw_metrics:{'fairness': 552.0, 'emission': 476.165, 'fuel': 154.368, 'emergency_stops': 2.0, 'collisions': 0.0, 'ssm_conflicts': 489.0}, final;ckpt
SIM_TRAIN step:55, travel time:279.5147887323944, q_loss:0.029489003, rewards:-59.15999, queue:56.927776, delay:0.80222476, throughput:1254, raw_metrics:{'fairness': 985.0}
SIM_TRAIN step:56, travel time:145.19718309859155, q_loss:0.023777993, rewards:-15.142216, queue:11.552778, delay:0.8285946, throughput:1378, raw_metrics:{'fairness': 802.0}
REAL_TRAIN step:12, travel time:218.80814814814815, q_loss:100, rewards:-60.706123, queue:37.130554, delay:0.81142485, throughput:1256, R_real:-2.5736, components:{'queue': 0.235, 'delay': 0.0, 'waiting': 0.0, 'pressure': 0.0, 'switches': 0.0, 'emission': 2.339}, raw_metrics:{'fairness': 722.0, 'emission': 548.528, 'fuel': 177.827, 'emergency_stops': 4.0, 'collisions': 0.0, 'ssm_conflicts': 484.0}, final;ckpt
SIM_TRAIN step:57, travel time:138.8887323943662, q_loss:0.020310046, rewards:-12.730003, queue:9.380555, delay:0.74460346, throughput:1387, raw_metrics:{'fairness': 814.0}
SIM_TRAIN step:58, travel time:163.73732394366198, q_loss:0.018907078, rewards:-14.839445, queue:11.086111, delay:0.7683302, throughput:1362, raw_metrics:{'fairness': 1074.0}
REAL_TRAIN step:14, travel time:149.19393511988716, q_loss:100, rewards:-36.650284, queue:12.872222, delay:0.75684875, throughput:1345, R_real:-1.6354, components:{'queue': 0.1, 'delay': 0.0, 'waiting': 0.0, 'pressure': 0.0, 'switches': 0.0, 'emission': 1.535}, raw_metrics:{'fairness': 516.0, 'emission': 421.808, 'fuel': 136.746, 'emergency_stops': 5.0, 'collisions': 0.0, 'ssm_conflicts': 368.0}, final;ckpt
SIM_TRAIN step:59, travel time:238.8450704225352, q_loss:0.01646224, rewards:-41.788887, queue:38.336113, delay:0.71413064, throughput:1296, raw_metrics:{'fairness': 1017.0}
SIM_TRAIN step:60, travel time:160.6049295774648, q_loss:0.01576549, rewards:-20.18583, queue:16.536112, delay:0.6817836, throughput:1384, raw_metrics:{'fairness': 791.0}
REAL_TRAIN step:16, travel time:202.9267053701016, q_loss:100, rewards:-56.016926, queue:32.325, delay:0.8120366, throughput:1298, R_real:-2.3823, components:{'queue': 0.207, 'delay': 0.0, 'waiting': 0.0, 'pressure': 0.0, 'switches': 0.0, 'emission': 2.175}, raw_metrics:{'fairness': 541.0, 'emission': 524.941, 'fuel': 170.181, 'emergency_stops': 2.0, 'collisions': 0.0, 'ssm_conflicts': 478.0}, final;ckpt
SIM_TRAIN step:61, travel time:153.293661971831, q_loss:0.014550607, rewards:-18.516949, queue:15.1, delay:0.56444776, throughput:1376, raw_metrics:{'fairness': 174.0}
SIM_TRAIN step:62, travel time:138.31549295774647, q_loss:0.013542382, rewards:-12.849167, queue:9.405556, delay:0.6357519, throughput:1391, raw_metrics:{'fairness': 0.0}
REAL_TRAIN step:18, travel time:219.24310595065313, q_loss:100, rewards:-62.096924, queue:38.533333, delay:0.7038286, throughput:1252, R_real:-2.3819, components:{'queue': 0.209, 'delay': 0.0, 'waiting': 0.0, 'pressure': 0.0, 'switches': 0.0, 'emission': 2.173}, raw_metrics:{'fairness': 688.0, 'emission': 558.019, 'fuel': 180.904, 'emergency_stops': 8.0, 'collisions': 0.0, 'ssm_conflicts': 384.0}, final;ckpt
SIM_TRAIN step:63, travel time:146.26338028169013, q_loss:0.012951525, rewards:-15.357222, queue:12.2, delay:0.6464945, throughput:1372, raw_metrics:{'fairness': 216.0}
SIM_TRAIN step:64, travel time:162.3838028169014, q_loss:0.010683708, rewards:-22.121664, queue:18.958334, delay:0.6352593, throughput:1343, raw_metrics:{'fairness': 1055.0}
REAL_TRAIN step:20, travel time:206.375, q_loss:100, rewards:-55.51359, queue:31.897223, delay:0.83582854, throughput:1259, R_real:-2.4678, components:{'queue': 0.22, 'delay': 0.0, 'waiting': 0.0, 'pressure': 0.0, 'switches': 0.0, 'emission': 2.248}, raw_metrics:{'fairness': 550.0, 'emission': 519.58, 'fuel': 168.443, 'emergency_stops': 0.0, 'collisions': 0.0, 'ssm_conflicts': 569.0}, final;ckpt
SIM_TRAIN step:65, travel time:132.6274647887324, q_loss:0.008425332, rewards:-10.221394, queue:7.047222, delay:0.6515325, throughput:1393, raw_metrics:{'fairness': 0.0}
SIM_TRAIN step:66, travel time:156.06338028169014, q_loss:0.007597715, rewards:-17.320555, queue:13.872222, delay:0.68492395, throughput:1382, raw_metrics:{'fairness': 1065.0}
REAL_TRAIN step:22, travel time:225.7035661218425, q_loss:100, rewards:-63.121902, queue:39.455555, delay:0.8135921, throughput:1258, R_real:-2.6399, components:{'queue': 0.244, 'delay': 0.0, 'waiting': 0.0, 'pressure': 0.0, 'switches': 0.0, 'emission': 2.396}, raw_metrics:{'fairness': 536.0, 'emission': 561.739, 'fuel': 182.11, 'emergency_stops': 1.0, 'collisions': 0.0, 'ssm_conflicts': 577.0}, final;ckpt
SIM_TRAIN step:67, travel time:183.0098591549296, q_loss:0.0078622345, rewards:-30.980278, queue:27.680555, delay:0.6929799, throughput:1321, raw_metrics:{'fairness': 971.0}
SIM_TRAIN step:68, travel time:127.91830985915493, q_loss:0.007554947, rewards:-8.33778, queue:5.4083333, delay:0.6889239, throughput:1396, raw_metrics:{'fairness': 798.0}
REAL_TRAIN step:24, travel time:205.44593586875467, q_loss:100, rewards:-55.254456, queue:31.466667, delay:0.8180635, throughput:1258, R_real:-2.4166, components:{'queue': 0.213, 'delay': 0.0, 'waiting': 0.0, 'pressure': 0.0, 'switches': 0.0, 'emission': 2.203}, raw_metrics:{'fairness': 542.0, 'emission': 517.338, 'fuel': 167.716, 'emergency_stops': 1.0, 'collisions': 0.0, 'ssm_conflicts': 506.0}, final;ckpt
SIM_TRAIN step:69, travel time:128.04788732394366, q_loss:0.006200556, rewards:-8.281112, queue:5.172222, delay:0.62855667, throughput:1393, raw_metrics:{'fairness': 232.0}
SIM_TRAIN step:70, travel time:125.60774647887324, q_loss:0.0050997827, rewards:-7.49666, queue:4.397222, delay:0.6170718, throughput:1397, raw_metrics:{'fairness': 791.0}
REAL_TRAIN step:26, travel time:178.28046989721, q_loss:100, rewards:-45.88944, queue:22.022223, delay:0.7995461, throughput:1290, R_real:-2.1173, components:{'queue': 0.171, 'delay': 0.0, 'waiting': 0.0, 'pressure': 0.0, 'switches': 0.0, 'emission': 1.947}, raw_metrics:{'fairness': 552.0, 'emission': 467.689, 'fuel': 151.62, 'emergency_stops': 3.0, 'collisions': 0.0, 'ssm_conflicts': 423.0}, final;ckpt
SIM_TRAIN step:71, travel time:126.97394366197183, q_loss:0.004862889, rewards:-7.9963875, queue:4.9055557, delay:0.6184754, throughput:1396, raw_metrics:{'fairness': 198.0}
SIM_TRAIN step:72, travel time:133.27957746478873, q_loss:0.0048531406, rewards:-10.1202755, queue:6.8194447, delay:0.6735657, throughput:1400, raw_metrics:{'fairness': 0.0}
REAL_TRAIN step:28, travel time:208.38702460850112, q_loss:100, rewards:-56.366405, queue:32.761112, delay:0.81802315, throughput:1238, R_real:-2.4463, components:{'queue': 0.219, 'delay': 0.0, 'waiting': 0.0, 'pressure': 0.0, 'switches': 0.0, 'emission': 2.227}, raw_metrics:{'fairness': 713.0, 'emission': 521.368, 'fuel': 169.022, 'emergency_stops': 2.0, 'collisions': 0.0, 'ssm_conflicts': 337.0}, final;ckpt
SIM_TRAIN step:73, travel time:125.61760563380281, q_loss:0.0051159225, rewards:-7.4422235, queue:4.3333335, delay:0.6283558, throughput:1398, raw_metrics:{'fairness': 0.0}
SIM_TRAIN step:74, travel time:126.05704225352113, q_loss:0.004988633, rewards:-7.672224, queue:4.438889, delay:0.572528, throughput:1396, raw_metrics:{'fairness': 796.0}
REAL_TRAIN step:30, travel time:206.82751091703057, q_loss:100, rewards:-57.367226, queue:33.955555, delay:0.769644, throughput:1254, R_real:-2.3642, components:{'queue': 0.207, 'delay': 0.0, 'waiting': 0.0, 'pressure': 0.0, 'switches': 0.0, 'emission': 2.157}, raw_metrics:{'fairness': 699.0, 'emission': 527.578, 'fuel': 171.036, 'emergency_stops': 4.0, 'collisions': 0.0, 'ssm_conflicts': 179.0}, final;ckpt
SIM_TRAIN step:75, travel time:125.13521126760564, q_loss:0.0045907875, rewards:-7.2466693, queue:4.072222, delay:0.55509794, throughput:1397, raw_metrics:{'fairness': 255.0}
SIM_TRAIN step:76, travel time:128.81126760563382, q_loss:0.0041478295, rewards:-8.646945, queue:5.508333, delay:0.5546666, throughput:1396, raw_metrics:{'fairness': 259.0}
REAL_TRAIN step:32, travel time:193.80404916847434, q_loss:100, rewards:-52.655567, queue:29.141666, delay:0.7690082, throughput:1291, R_real:-2.1902, components:{'queue': 0.182, 'delay': 0.0, 'waiting': 0.0, 'pressure': 0.0, 'switches': 0.0, 'emission': 2.008}, raw_metrics:{'fairness': 723.0, 'emission': 504.039, 'fuel': 163.404, 'emergency_stops': 2.0, 'collisions': 0.0, 'ssm_conflicts': 177.0}, final;ckpt
SIM_TRAIN step:77, travel time:125.54014084507043, q_loss:0.0036251445, rewards:-7.333053, queue:4.2555556, delay:0.53788793, throughput:1398, raw_metrics:{'fairness': 0.0}
SIM_TRAIN step:78, travel time:124.9830985915493, q_loss:0.0030863872, rewards:-7.1308303, queue:4.161111, delay:0.5413423, throughput:1393, raw_metrics:{'fairness': 210.0}
REAL_TRAIN step:34, travel time:213.21397379912665, q_loss:100, rewards:-59.851418, queue:36.508335, delay:0.72553897, throughput:1248, R_real:-2.4007, components:{'queue': 0.212, 'delay': 0.0, 'waiting': 0.0, 'pressure': 0.0, 'switches': 0.0, 'emission': 2.188}, raw_metrics:{'fairness': 693.0, 'emission': 540.692, 'fuel': 175.287, 'emergency_stops': 2.0, 'collisions': 0.0, 'ssm_conflicts': 138.0}, final;ckpt
SIM_TRAIN step:79, travel time:125.54366197183099, q_loss:0.0027959088, rewards:-7.351664, queue:4.297222, delay:0.5574802, throughput:1398, raw_metrics:{'fairness': 0.0}
SIM_TRAIN step:80, travel time:132.84366197183098, q_loss:0.0025541757, rewards:-10.275833, queue:7.213889, delay:0.49549243, throughput:1396, raw_metrics:{'fairness': 0.0}
REAL_TRAIN step:36, travel time:189.82658959537574, q_loss:100, rewards:-51.159447, queue:27.7, delay:0.68782294, throughput:1292, R_real:-2.0792, components:{'queue': 0.166, 'delay': 0.0, 'waiting': 0.0, 'pressure': 0.0, 'switches': 0.0, 'emission': 1.913}, raw_metrics:{'fairness': 529.0, 'emission': 495.787, 'fuel': 160.729, 'emergency_stops': 2.0, 'collisions': 0.0, 'ssm_conflicts': 150.0}, final;ckpt
SIM_TRAIN step:81, travel time:122.89225352112676, q_loss:0.0022189186, rewards:-6.3297243, queue:3.3111112, delay:0.50455105, throughput:1399, raw_metrics:{'fairness': 0.0}
SIM_TRAIN step:82, travel time:123.39014084507042, q_loss:0.0015360255, rewards:-6.5113883, queue:3.4944444, delay:0.4979965, throughput:1394, raw_metrics:{'fairness': 226.0}
REAL_TRAIN step:38, travel time:178.003612716763, q_loss:100, rewards:-46.5386, queue:22.880556, delay:0.73052776, throughput:1311, R_real:-1.9586, components:{'queue': 0.149, 'delay': 0.0, 'waiting': 0.0, 'pressure': 0.0, 'switches': 0.0, 'emission': 1.81}, raw_metrics:{'fairness': 548.0, 'emission': 473.131, 'fuel': 153.384, 'emergency_stops': 8.0, 'collisions': 0.0, 'ssm_conflicts': 298.0}, final;ckpt
SIM_TRAIN step:83, travel time:124.57323943661972, q_loss:0.0011178675, rewards:-6.995556, queue:3.8972223, delay:0.4977121, throughput:1398, raw_metrics:{'fairness': 0.0}
SIM_TRAIN step:84, travel time:122.28028169014084, q_loss:0.001017121, rewards:-6.105556, queue:3.0777779, delay:0.5151123, throughput:1398, raw_metrics:{'fairness': 0.0}
REAL_TRAIN step:40, travel time:148.84721216509774, q_loss:100, rewards:-35.268314, queue:11.630555, delay:0.78282547, throughput:1324, R_real:-1.7348, components:{'queue': 0.117, 'delay': 0.0, 'waiting': 0.0, 'pressure': 0.0, 'switches': 0.0, 'emission': 1.618}, raw_metrics:{'fairness': 569.0, 'emission': 409.489, 'fuel': 132.752, 'emergency_stops': 3.0, 'collisions': 0.0, 'ssm_conflicts': 156.0}, final;ckpt
SIM_TRAIN step:85, travel time:124.08169014084507, q_loss:0.00081507745, rewards:-6.769165, queue:3.7027779, delay:0.48819122, throughput:1394, raw_metrics:{'fairness': 236.0}
SIM_TRAIN step:86, travel time:122.44154929577465, q_loss:0.0008132634, rewards:-6.1663904, queue:3.1111112, delay:0.51835346, throughput:1395, raw_metrics:{'fairness': 0.0}
REAL_TRAIN step:42, travel time:148.64523121387282, q_loss:100, rewards:-35.17864, queue:11.447222, delay:0.7629858, throughput:1327, R_real:-1.7513, components:{'queue': 0.12, 'delay': 0.0, 'waiting': 0.0, 'pressure': 0.0, 'switches': 0.0, 'emission': 1.632}, raw_metrics:{'fairness': 569.0, 'emission': 411.22, 'fuel': 133.313, 'emergency_stops': 7.0, 'collisions': 0.0, 'ssm_conflicts': 261.0}, final;ckpt
SIM_TRAIN step:87, travel time:121.85915492957747, q_loss:0.00067044096, rewards:-5.90472, queue:2.9, delay:0.50841165, throughput:1398, raw_metrics:{'fairness': 0.0}
SIM_TRAIN step:88, travel time:122.97957746478873, q_loss:0.000568272, rewards:-6.311388, queue:3.2944446, delay:0.5364258, throughput:1398, raw_metrics:{'fairness': 804.0}
REAL_TRAIN step:44, travel time:151.46637744034706, q_loss:100, rewards:-36.23666, queue:12.422222, delay:0.7776523, throughput:1324, R_real:-1.8179, components:{'queue': 0.129, 'delay': 0.0, 'waiting': 0.0, 'pressure': 0.0, 'switches': 0.0, 'emission': 1.689}, raw_metrics:{'fairness': 566.0, 'emission': 417.874, 'fuel': 135.47, 'emergency_stops': 4.0, 'collisions': 0.0, 'ssm_conflicts': 399.0}, final;ckpt
SIM_TRAIN step:89, travel time:122.5725352112676, q_loss:0.0005670741, rewards:-6.2011104, queue:3.1527777, delay:0.53880274, throughput:1398, raw_metrics:{'fairness': 798.0}
SIM_TRAIN step:90, travel time:122.0169014084507, q_loss:0.0005336076, rewards:-5.9366665, queue:2.9666667, delay:0.49488738, throughput:1398, raw_metrics:{'fairness': 216.0}
REAL_TRAIN step:46, travel time:149.31162102146558, q_loss:100, rewards:-34.36583, queue:10.741667, delay:0.7232291, throughput:1294, R_real:-1.7342, components:{'queue': 0.12, 'delay': 0.0, 'waiting': 0.0, 'pressure': 0.0, 'switches': 0.0, 'emission': 1.615}, raw_metrics:{'fairness': 718.0, 'emission': 404.128, 'fuel': 131.014, 'emergency_stops': 11.0, 'collisions': 0.0, 'ssm_conflicts': 144.0}, final;ckpt
SIM_TRAIN step:91, travel time:123.0887323943662, q_loss:0.0005104095, rewards:-6.3641663, queue:3.4055555, delay:0.47984874, throughput:1399, raw_metrics:{'fairness': 0.0}
SIM_TRAIN step:92, travel time:123.34859154929578, q_loss:0.0004885666, rewards:-6.478612, queue:3.5166667, delay:0.49734727, throughput:1397, raw_metrics:{'fairness': 226.0}
REAL_TRAIN step:48, travel time:132.37605633802818, q_loss:100, rewards:-29.66779, queue:5.7444444, delay:0.55961984, throughput:1369, R_real:-1.1723, components:{'queue': 0.035, 'delay': 0.0, 'waiting': 0.0, 'pressure': 0.0, 'switches': 0.0, 'emission': 1.137}, raw_metrics:{'fairness': 0.0, 'emission': 386.702, 'fuel': 125.364, 'emergency_stops': 8.0, 'collisions': 0.0, 'ssm_conflicts': 375.0}, final;ckpt
SIM_TRAIN step:93, travel time:120.99084507042254, q_loss:0.00050337415, rewards:-5.5280566, queue:2.6527777, delay:0.48646986, throughput:1399, raw_metrics:{'fairness': 0.0}
SIM_TRAIN step:94, travel time:121.53450704225352, q_loss:0.0004725975, rewards:-5.73111, queue:2.8444445, delay:0.4917769, throughput:1396, raw_metrics:{'fairness': 187.0}
REAL_TRAIN step:50, travel time:129.8556338028169, q_loss:100, rewards:-28.679161, queue:4.8333335, delay:0.58549225, throughput:1373, R_real:-1.1456, components:{'queue': 0.032, 'delay': 0.0, 'waiting': 0.0, 'pressure': 0.0, 'switches': 0.0, 'emission': 1.113}, raw_metrics:{'fairness': 526.0, 'emission': 380.752, 'fuel': 123.435, 'emergency_stops': 11.0, 'collisions': 0.0, 'ssm_conflicts': 310.0}, final;ckpt
SIM_TRAIN step:95, travel time:122.00211267605634, q_loss:0.0004172239, rewards:-5.97111, queue:3.011111, delay:0.4758927, throughput:1399, raw_metrics:{'fairness': 0.0}
SIM_TRAIN step:96, travel time:121.07816901408451, q_loss:0.00037914523, rewards:-5.5702767, queue:2.6555555, delay:0.47266477, throughput:1396, raw_metrics:{'fairness': 204.0}
REAL_TRAIN step:52, travel time:127.67605633802818, q_loss:100, rewards:-27.717785, queue:3.863889, delay:0.5420348, throughput:1375, R_real:-1.0966, components:{'queue': 0.026, 'delay': 0.0, 'waiting': 0.0, 'pressure': 0.0, 'switches': 0.0, 'emission': 1.071}, raw_metrics:{'fairness': 0.0, 'emission': 376.495, 'fuel': 122.055, 'emergency_stops': 8.0, 'collisions': 0.0, 'ssm_conflicts': 319.0}, final;ckpt
SIM_TRAIN step:97, travel time:121.31408450704225, q_loss:0.00037251224, rewards:-5.6224995, queue:2.761111, delay:0.4741775, throughput:1396, raw_metrics:{'fairness': 253.0}
SIM_TRAIN step:98, travel time:121.97535211267606, q_loss:0.00037398358, rewards:-5.9372206, queue:3.0777779, delay:0.4623877, throughput:1398, raw_metrics:{'fairness': 0.0}
REAL_TRAIN step:54, travel time:127.76549295774647, q_loss:100, rewards:-27.65916, queue:3.7583334, delay:0.50088584, throughput:1375, R_real:-1.0673, components:{'queue': 0.022, 'delay': 0.0, 'waiting': 0.0, 'pressure': 0.0, 'switches': 0.0, 'emission': 1.045}, raw_metrics:{'fairness': 681.0, 'emission': 377.374, 'fuel': 122.34, 'emergency_stops': 13.0, 'collisions': 0.0, 'ssm_conflicts': 408.0}, final;ckpt
SIM_TRAIN step:99, travel time:122.3112676056338, q_loss:0.00037781755, rewards:-6.08472, queue:3.2361112, delay:0.47126868, throughput:1399, raw_metrics:{'fairness': 0.0}
SIM_TRAIN step:100, travel time:121.06478873239436, q_loss:0.0003477026, rewards:-5.628055, queue:2.75, delay:0.46528256, throughput:1396, raw_metrics:{'fairness': 206.0}
REAL_TRAIN step:56, travel time:2125.0819022457067, q_loss:100, rewards:-445.20703, queue:437.80276, delay:0.7305966, throughput:122, R_real:-13.4877, components:{'queue': 1.86, 'delay': 0.0, 'waiting': 0.0, 'pressure': 0.0, 'switches': 0.0, 'emission': 11.627}, raw_metrics:{'fairness': 38.0, 'emission': 2474.216, 'fuel': 802.127, 'emergency_stops': 1.0, 'collisions': 0.0, 'ssm_conflicts': 671.0}, final;ckpt
SIM_TRAIN step:101, travel time:122.26267605633802, q_loss:0.00034149253, rewards:-6.0699973, queue:3.0527778, delay:0.45950195, throughput:1400, raw_metrics:{'fairness': 0.0}
SIM_TRAIN step:102, travel time:122.6387323943662, q_loss:0.00034144748, rewards:-6.239724, queue:3.3527777, delay:0.456235, throughput:1399, raw_metrics:{'fairness': 0.0}
REAL_TRAIN step:58, travel time:2456.42939481268, q_loss:100, rewards:-472.9223, queue:466.725, delay:0.7443819, throughput:59, R_real:-14.3074, components:{'queue': 1.983, 'delay': 0.0, 'waiting': 0.0, 'pressure': 0.0, 'switches': 0.0, 'emission': 12.325}, raw_metrics:{'fairness': 10.0, 'emission': 2615.472, 'fuel': 847.921, 'emergency_stops': 1.0, 'collisions': 0.0, 'ssm_conflicts': 632.0}, final;ckpt
SIM_TRAIN step:103, travel time:121.57605633802817, q_loss:0.00033970678, rewards:-5.7983346, queue:2.8722222, delay:0.4732936, throughput:1397, raw_metrics:{'fairness': 237.0}
SIM_TRAIN step:104, travel time:121.23450704225353, q_loss:0.0003215017, rewards:-5.6427755, queue:2.8333333, delay:0.4703545, throughput:1396, raw_metrics:{'fairness': 243.0}
REAL_TRAIN step:60, travel time:1717.7288732394366, q_loss:100, rewards:-403.3012, queue:394.30832, delay:0.70908237, throughput:217, R_real:-12.2474, components:{'queue': 1.677, 'delay': 0.0, 'waiting': 0.0, 'pressure': 0.0, 'switches': 0.0, 'emission': 10.57}, raw_metrics:{'fairness': 87.0, 'emission': 2260.38, 'fuel': 732.802, 'emergency_stops': 1.0, 'collisions': 0.0, 'ssm_conflicts': 719.0}, final;ckpt
SIM_TRAIN step:105, travel time:121.35492957746479, q_loss:0.0003226644, rewards:-5.6905594, queue:2.9, delay:0.4672368, throughput:1398, raw_metrics:{'fairness': 0.0}
SIM_TRAIN step:106, travel time:122.80915492957746, q_loss:0.00031518456, rewards:-6.2605586, queue:3.3138888, delay:0.45135516, throughput:1395, raw_metrics:{'fairness': 0.0}
REAL_TRAIN step:62, travel time:2467.2095375722542, q_loss:100, rewards:-473.67148, queue:467.50278, delay:0.7516452, throughput:57, R_real:-14.3310, components:{'queue': 1.986, 'delay': 0.0, 'waiting': 0.0, 'pressure': 0.0, 'switches': 0.0, 'emission': 12.345}, raw_metrics:{'fairness': 8.0, 'emission': 2619.173, 'fuel': 849.121, 'emergency_stops': 0.0, 'collisions': 0.0, 'ssm_conflicts': 634.0}, final;ckpt
SIM_TRAIN step:107, travel time:121.19718309859155, q_loss:0.0003244895, rewards:-5.6361103, queue:2.8722222, delay:0.47389832, throughput:1399, raw_metrics:{'fairness': 0.0}
SIM_TRAIN step:108, travel time:121.19859154929577, q_loss:0.00031029043, rewards:-5.8019443, queue:2.8472223, delay:0.469762, throughput:1393, raw_metrics:{'fairness': 232.0}
REAL_TRAIN step:64, travel time:2289.0662983425414, q_loss:100, rewards:-459.2712, queue:452.46945, delay:0.74267614, throughput:89, R_real:-13.9036, components:{'queue': 1.922, 'delay': 0.0, 'waiting': 0.0, 'pressure': 0.0, 'switches': 0.0, 'emission': 11.981}, raw_metrics:{'fairness': 19.0, 'emission': 2545.561, 'fuel': 825.257, 'emergency_stops': 0.0, 'collisions': 0.0, 'ssm_conflicts': 659.0}, final;ckpt
SIM_TRAIN step:109, travel time:120.5774647887324, q_loss:0.00031463915, rewards:-5.389167, queue:2.5944445, delay:0.450706, throughput:1396, raw_metrics:{'fairness': 0.0}
SIM_TRAIN step:110, travel time:119.86197183098592, q_loss:0.0003017454, rewards:-5.1333313, queue:2.3277779, delay:0.46424454, throughput:1397, raw_metrics:{'fairness': 238.0}
REAL_TRAIN step:66, travel time:2456.7060518731987, q_loss:100, rewards:-472.97787, queue:466.7639, delay:0.7484615, throughput:59, R_real:-14.3099, components:{'queue': 1.983, 'delay': 0.0, 'waiting': 0.0, 'pressure': 0.0, 'switches': 0.0, 'emission': 12.327}, raw_metrics:{'fairness': 10.0, 'emission': 2615.716, 'fuel': 848.0, 'emergency_stops': 0.0, 'collisions': 0.0, 'ssm_conflicts': 635.0}, final;ckpt
SIM_TRAIN step:111, travel time:120.48591549295774, q_loss:0.0002980286, rewards:-5.3544445, queue:2.613889, delay:0.46935958, throughput:1399, raw_metrics:{'fairness': 0.0}
SIM_TRAIN step:112, travel time:120.16549295774648, q_loss:0.00029662915, rewards:-5.184166, queue:2.3666666, delay:0.45207784, throughput:1399, raw_metrics:{'fairness': 0.0}
REAL_TRAIN step:68, travel time:153.40211267605633, q_loss:100, rewards:-37.865284, queue:13.544444, delay:0.48010865, throughput:1366, R_real:-1.3593, components:{'queue': 0.06, 'delay': 0.0, 'waiting': 0.0, 'pressure': 0.0, 'switches': 0.0, 'emission': 1.3}, raw_metrics:{'fairness': 0.0, 'emission': 437.02, 'fuel': 141.677, 'emergency_stops': 17.0, 'collisions': 0.0, 'ssm_conflicts': 909.0}, final;ckpt
SIM_TRAIN step:113, travel time:120.25422535211267, q_loss:0.00027660985, rewards:-5.2711105, queue:2.5055556, delay:0.44973594, throughput:1397, raw_metrics:{'fairness': 0.0}
SIM_TRAIN step:114, travel time:120.35140845070423, q_loss:0.0002599866, rewards:-5.289725, queue:2.4527779, delay:0.45519966, throughput:1397, raw_metrics:{'fairness': 232.0}
REAL_TRAIN step:70, travel time:201.56901408450705, q_loss:100, rewards:-57.413616, queue:33.455555, delay:0.6029824, throughput:1318, R_real:-2.0065, components:{'queue': 0.149, 'delay': 0.0, 'waiting': 0.0, 'pressure': 0.0, 'switches': 0.0, 'emission': 1.857}, raw_metrics:{'fairness': 675.0, 'emission': 544.936, 'fuel': 176.663, 'emergency_stops': 6.0, 'collisions': 0.0, 'ssm_conflicts': 1119.0}, final;ckpt
SIM_TRAIN step:115, travel time:120.92183098591549, q_loss:0.00024534095, rewards:-5.528887, queue:2.6916666, delay:0.4778436, throughput:1397, raw_metrics:{'fairness': 189.0}
SIM_TRAIN step:116, travel time:120.27394366197183, q_loss:0.00024581398, rewards:-5.291666, queue:2.4805555, delay:0.45049497, throughput:1396, raw_metrics:{'fairness': 211.0}
REAL_TRAIN step:72, travel time:1582.3719101123595, q_loss:100, rewards:-387.37595, queue:377.70557, delay:0.7054977, throughput:254, R_real:-11.7756, components:{'queue': 1.607, 'delay': 0.0, 'waiting': 0.0, 'pressure': 0.0, 'switches': 0.0, 'emission': 10.169}, raw_metrics:{'fairness': 104.0, 'emission': 2179.121, 'fuel': 706.458, 'emergency_stops': 3.0, 'collisions': 0.0, 'ssm_conflicts': 723.0}, final;ckpt
SIM_TRAIN step:117, travel time:120.07887323943662, q_loss:0.00026374974, rewards:-5.1894436, queue:2.3805556, delay:0.44318178, throughput:1399, raw_metrics:{'fairness': 0.0}
SIM_TRAIN step:118, travel time:120.31408450704225, q_loss:0.00023917011, rewards:-5.3425035, queue:2.4777777, delay:0.45782334, throughput:1400, raw_metrics:{'fairness': 0.0}
REAL_TRAIN step:74, travel time:201.48661971830987, q_loss:100, rewards:-56.958313, queue:33.122223, delay:0.5803585, throughput:1359, R_real:-1.9953, components:{'queue': 0.148, 'delay': 0.0, 'waiting': 0.0, 'pressure': 0.0, 'switches': 0.0, 'emission': 1.847}, raw_metrics:{'fairness': 153.0, 'emission': 544.802, 'fuel': 176.619, 'emergency_stops': 4.0, 'collisions': 0.0, 'ssm_conflicts': 1020.0}, final;ckpt
SIM_TRAIN step:119, travel time:120.74154929577465, q_loss:0.00025303036, rewards:-5.4352784, queue:2.5527778, delay:0.45057407, throughput:1397, raw_metrics:{'fairness': 180.0}
SIM_TRAIN step:120, travel time:120.6330985915493, q_loss:0.00024715866, rewards:-5.421112, queue:2.5305555, delay:0.4449222, throughput:1400, raw_metrics:{'fairness': 0.0}
REAL_TRAIN step:76, travel time:172.63450704225352, q_loss:100, rewards:-45.52556, queue:21.266666, delay:0.53693825, throughput:1369, R_real:-1.6020, components:{'queue': 0.093, 'delay': 0.0, 'waiting': 0.0, 'pressure': 0.0, 'switches': 0.0, 'emission': 1.509}, raw_metrics:{'fairness': 152.0, 'emission': 480.687, 'fuel': 155.833, 'emergency_stops': 3.0, 'collisions': 0.0, 'ssm_conflicts': 1075.0}, final;ckpt
SIM_TRAIN step:121, travel time:120.84366197183098, q_loss:0.00024380755, rewards:-5.485557, queue:2.613889, delay:0.4371657, throughput:1397, raw_metrics:{'fairness': 242.0}
SIM_TRAIN step:122, travel time:121.37112676056339, q_loss:0.00024211928, rewards:-5.733612, queue:2.9083333, delay:0.44127372, throughput:1397, raw_metrics:{'fairness': 222.0}
REAL_TRAIN step:78, travel time:171.6943661971831, q_loss:100, rewards:-45.139446, queue:20.86111, delay:0.5396845, throughput:1369, R_real:-1.5969, components:{'queue': 0.092, 'delay': 0.0, 'waiting': 0.0, 'pressure': 0.0, 'switches': 0.0, 'emission': 1.505}, raw_metrics:{'fairness': 152.0, 'emission': 478.454, 'fuel': 155.11, 'emergency_stops': 3.0, 'collisions': 0.0, 'ssm_conflicts': 1064.0}, final;ckpt
SIM_TRAIN step:123, travel time:121.02042253521127, q_loss:0.00024142435, rewards:-5.7038884, queue:2.6888888, delay:0.44025403, throughput:1399, raw_metrics:{'fairness': 0.0}
SIM_TRAIN step:124, travel time:245.17042253521126, q_loss:0.000832961, rewards:-54.746403, queue:48.927776, delay:0.65204567, throughput:1366, raw_metrics:{'fairness': 1018.0}
REAL_TRAIN step:80, travel time:280.5896501457726, q_loss:100, rewards:-85.56253, queue:62.497223, delay:0.7992923, throughput:1211, R_real:-3.2330, components:{'queue': 0.331, 'delay': 0.0, 'waiting': 0.0, 'pressure': 0.0, 'switches': 0.0, 'emission': 2.902}, raw_metrics:{'fairness': 659.0, 'emission': 679.53, 'fuel': 220.298, 'emergency_stops': 2.0, 'collisions': 0.0, 'ssm_conflicts': 195.0}, final;ckpt
SIM_TRAIN step:125, travel time:200.57887323943663, q_loss:0.0027716397, rewards:-34.00304, queue:30.130556, delay:0.76925415, throughput:1387, raw_metrics:{'fairness': 813.0}
SIM_TRAIN step:126, travel time:185.1943661971831, q_loss:0.0062078964, rewards:-27.098883, queue:23.23889, delay:0.70919174, throughput:1385, raw_metrics:{'fairness': 268.0}
REAL_TRAIN step:82, travel time:479.365296803653, q_loss:100, rewards:-162.15173, queue:143.25, delay:0.8109926, throughput:760, R_real:-5.4470, components:{'queue': 0.666, 'delay': 0.0, 'waiting': 0.0, 'pressure': 0.0, 'switches': 0.0, 'emission': 4.781}, raw_metrics:{'fairness': 414.0, 'emission': 1031.884, 'fuel': 334.529, 'emergency_stops': 3.0, 'collisions': 0.0, 'ssm_conflicts': 680.0}, final;ckpt
SIM_TRAIN step:127, travel time:201.9943661971831, q_loss:0.0071182265, rewards:-37.893623, queue:33.016666, delay:0.7286883, throughput:1383, raw_metrics:{'fairness': 773.0}
SIM_TRAIN step:128, travel time:133.43028169014084, q_loss:0.005784731, rewards:-10.611393, queue:7.1361113, delay:0.5095358, throughput:1400, raw_metrics:{'fairness': 0.0}
REAL_TRAIN step:84, travel time:138.39884393063585, q_loss:100, rewards:-31.065565, queue:7.427778, delay:0.5708783, throughput:1333, R_real:-1.4424, components:{'queue': 0.078, 'delay': 0.0, 'waiting': 0.0, 'pressure': 0.0, 'switches': 0.0, 'emission': 1.365}, raw_metrics:{'fairness': 0.0, 'emission': 389.898, 'fuel': 126.4, 'emergency_stops': 14.0, 'collisions': 0.0, 'ssm_conflicts': 111.0}, final;ckpt
SIM_TRAIN step:129, travel time:131.4992957746479, q_loss:0.0048186528, rewards:-9.835834, queue:6.4444447, delay:0.5307114, throughput:1396, raw_metrics:{'fairness': 287.0}
SIM_TRAIN step:130, travel time:127.46126760563381, q_loss:0.003924193, rewards:-8.148611, queue:4.963889, delay:0.53967786, throughput:1397, raw_metrics:{'fairness': 228.0}
REAL_TRAIN step:86, travel time:223.144245142003, q_loss:100, rewards:-62.06806, queue:38.72222, delay:0.8249499, throughput:1246, R_real:-2.6517, components:{'queue': 0.246, 'delay': 0.0, 'waiting': 0.0, 'pressure': 0.0, 'switches': 0.0, 'emission': 2.405}, raw_metrics:{'fairness': 696.0, 'emission': 556.349, 'fuel': 180.363, 'emergency_stops': 4.0, 'collisions': 0.0, 'ssm_conflicts': 718.0}, final;ckpt
SIM_TRAIN step:131, travel time:127.6330985915493, q_loss:0.0033776714, rewards:-8.21, queue:5.0111113, delay:0.53012425, throughput:1396, raw_metrics:{'fairness': 256.0}
SIM_TRAIN step:132, travel time:123.88450704225352, q_loss:0.0034110781, rewards:-6.72389, queue:3.6722221, delay:0.51649606, throughput:1399, raw_metrics:{'fairness': 0.0}
REAL_TRAIN step:88, travel time:280.30792227204785, q_loss:100, rewards:-83.22472, queue:60.22222, delay:0.8065801, throughput:1181, R_real:-3.2603, components:{'queue': 0.336, 'delay': 0.0, 'waiting': 0.0, 'pressure': 0.0, 'switches': 0.0, 'emission': 2.924}, raw_metrics:{'fairness': 659.0, 'emission': 662.764, 'fuel': 214.862, 'emergency_stops': 0.0, 'collisions': 0.0, 'ssm_conflicts': 116.0}, final;ckpt
SIM_TRAIN step:133, travel time:123.57535211267606, q_loss:0.0031884413, rewards:-6.6324997, queue:3.5444446, delay:0.52223474, throughput:1394, raw_metrics:{'fairness': 222.0}
SIM_TRAIN step:134, travel time:124.8161971830986, q_loss:0.0028540024, rewards:-7.1033344, queue:4.008333, delay:0.547406, throughput:1397, raw_metrics:{'fairness': 256.0}
REAL_TRAIN step:90, travel time:182.7877428998505, q_loss:100, rewards:-46.757526, queue:23.252777, delay:0.8197784, throughput:1271, R_real:-2.1875, components:{'queue': 0.182, 'delay': 0.0, 'waiting': 0.0, 'pressure': 0.0, 'switches': 0.0, 'emission': 2.006}, raw_metrics:{'fairness': 715.0, 'emission': 466.755, 'fuel': 151.317, 'emergency_stops': 2.0, 'collisions': 0.0, 'ssm_conflicts': 115.0}, final;ckpt
SIM_TRAIN step:135, travel time:123.21408450704226, q_loss:0.0023764712, rewards:-6.5741677, queue:3.536111, delay:0.58107, throughput:1399, raw_metrics:{'fairness': 0.0}
SIM_TRAIN step:136, travel time:123.20211267605634, q_loss:0.0023777273, rewards:-6.411947, queue:3.4583333, delay:0.4978418, throughput:1396, raw_metrics:{'fairness': 253.0}
REAL_TRAIN step:92, travel time:270.8532041728763, q_loss:100, rewards:-79.946686, queue:56.91111, delay:0.784777, throughput:1189, R_real:-3.1394, components:{'queue': 0.319, 'delay': 0.0, 'waiting': 0.0, 'pressure': 0.0, 'switches': 0.0, 'emission': 2.821}, raw_metrics:{'fairness': 658.0, 'emission': 645.513, 'fuel': 209.27, 'emergency_stops': 0.0, 'collisions': 0.0, 'ssm_conflicts': 119.0}, final;ckpt
SIM_TRAIN step:137, travel time:125.97183098591549, q_loss:0.0024568776, rewards:-7.527497, queue:4.561111, delay:0.53986514, throughput:1396, raw_metrics:{'fairness': 247.0}
SIM_TRAIN step:138, travel time:124.66901408450704, q_loss:0.0021099823, rewards:-7.083612, queue:4.0916667, delay:0.5188049, throughput:1395, raw_metrics:{'fairness': 0.0}
REAL_TRAIN step:94, travel time:210.1352765321375, q_loss:100, rewards:-56.958897, queue:33.575, delay:0.8373233, throughput:1256, R_real:-2.4881, components:{'queue': 0.225, 'delay': 0.0, 'waiting': 0.0, 'pressure': 0.0, 'switches': 0.0, 'emission': 2.263}, raw_metrics:{'fairness': 702.0, 'emission': 521.942, 'fuel': 169.209, 'emergency_stops': 0.0, 'collisions': 0.0, 'ssm_conflicts': 125.0}, final;ckpt
SIM_TRAIN step:139, travel time:124.57535211267606, q_loss:0.0018111566, rewards:-7.034446, queue:4.0416665, delay:0.5229992, throughput:1395, raw_metrics:{'fairness': 262.0}
SIM_TRAIN step:140, travel time:122.7056338028169, q_loss:0.0016380028, rewards:-6.3188925, queue:3.2972221, delay:0.48868534, throughput:1398, raw_metrics:{'fairness': 0.0}
REAL_TRAIN step:96, travel time:204.3229090909091, q_loss:100, rewards:-56.29585, queue:32.81389, delay:0.7919535, throughput:1289, R_real:-2.3013, components:{'queue': 0.197, 'delay': 0.0, 'waiting': 0.0, 'pressure': 0.0, 'switches': 0.0, 'emission': 2.104}, raw_metrics:{'fairness': 691.0, 'emission': 523.915, 'fuel': 169.848, 'emergency_stops': 2.0, 'collisions': 0.0, 'ssm_conflicts': 236.0}, final;ckpt
SIM_TRAIN step:141, travel time:123.80211267605634, q_loss:0.001130671, rewards:-6.737776, queue:3.65, delay:0.4859866, throughput:1399, raw_metrics:{'fairness': 0.0}
SIM_TRAIN step:142, travel time:121.79718309859155, q_loss:0.0007288976, rewards:-5.878331, queue:2.8722222, delay:0.4626458, throughput:1396, raw_metrics:{'fairness': 237.0}
REAL_TRAIN step:98, travel time:207.73366834170855, q_loss:100, rewards:-58.464725, queue:34.391666, delay:0.6725146, throughput:1320, R_real:-2.2215, components:{'queue': 0.18, 'delay': 0.0, 'waiting': 0.0, 'pressure': 0.0, 'switches': 0.0, 'emission': 2.041}, raw_metrics:{'fairness': 713.0, 'emission': 548.444, 'fuel': 177.8, 'emergency_stops': 2.0, 'collisions': 0.0, 'ssm_conflicts': 1159.0}, final;ckpt
SIM_TRAIN step:143, travel time:121.25352112676056, q_loss:0.0005378284, rewards:-5.6702766, queue:2.6944444, delay:0.47274488, throughput:1399, raw_metrics:{'fairness': 0.0}
SIM_TRAIN step:144, travel time:121.37957746478874, q_loss:0.0004917418, rewards:-5.692222, queue:2.7166667, delay:0.45858115, throughput:1400, raw_metrics:{'fairness': 0.0}
REAL_TRAIN step:100, travel time:229.27383512544802, q_loss:100, rewards:-66.7822, queue:43.466667, delay:0.6802452, throughput:1325, R_real:-2.5204, components:{'queue': 0.225, 'delay': 0.0, 'waiting': 0.0, 'pressure': 0.0, 'switches': 0.0, 'emission': 2.295}, raw_metrics:{'fairness': 709.0, 'emission': 594.074, 'fuel': 192.593, 'emergency_stops': 8.0, 'collisions': 0.0, 'ssm_conflicts': 899.0}, final;ckpt
SIM_TRAIN step:145, travel time:121.43591549295775, q_loss:0.0003918609, rewards:-5.717499, queue:2.6777778, delay:0.4583054, throughput:1399, raw_metrics:{'fairness': 0.0}
SIM_TRAIN step:146, travel time:120.4830985915493, q_loss:0.00036401936, rewards:-5.348333, queue:2.425, delay:0.43763694, throughput:1399, raw_metrics:{'fairness': 0.0}
REAL_TRAIN step:102, travel time:390.84065155807366, q_loss:100, rewards:-136.35695, queue:115.969444, delay:0.7187806, throughput:1049, R_real:-4.5075, components:{'queue': 0.513, 'delay': 0.0, 'waiting': 0.0, 'pressure': 0.0, 'switches': 0.0, 'emission': 3.995}, raw_metrics:{'fairness': 497.0, 'emission': 941.393, 'fuel': 305.192, 'emergency_stops': 2.0, 'collisions': 0.0, 'ssm_conflicts': 1145.0}, final;ckpt
SIM_TRAIN step:147, travel time:120.22253521126761, q_loss:0.00035826245, rewards:-5.2411094, queue:2.3305554, delay:0.44449455, throughput:1398, raw_metrics:{'fairness': 0.0}
SIM_TRAIN step:148, travel time:120.85070422535212, q_loss:0.00032835902, rewards:-5.47611, queue:2.5833333, delay:0.45595503, throughput:1397, raw_metrics:{'fairness': 228.0}
REAL_TRAIN step:104, travel time:705.5084507042253, q_loss:100, rewards:-255.99919, queue:238.075, delay:0.7769725, throughput:1358, R_real:-8.2088, components:{'queue': 1.035, 'delay': 0.0, 'waiting': 0.0, 'pressure': 0.0, 'switches': 0.0, 'emission': 7.174}, raw_metrics:{'fairness': 660.0, 'emission': 1648.555, 'fuel': 534.449, 'emergency_stops': 2.0, 'collisions': 0.0, 'ssm_conflicts': 1199.0}, final;ckpt
SIM_TRAIN step:149, travel time:120.36619718309859, q_loss:0.00033571266, rewards:-5.3108306, queue:2.3888888, delay:0.44127673, throughput:1398, raw_metrics:{'fairness': 0.0}
SIM_TRAIN step:150, travel time:120.13028169014085, q_loss:0.00031574766, rewards:-5.2222214, queue:2.3111112, delay:0.43827066, throughput:1399, raw_metrics:{'fairness': 0.0}
REAL_TRAIN step:106, travel time:935.2, q_loss:100, rewards:-310.61456, queue:295.82224, delay:0.7526425, throughput:932, R_real:-9.7670, components:{'queue': 1.272, 'delay': 0.0, 'waiting': 0.0, 'pressure': 0.0, 'switches': 0.0, 'emission': 8.495}, raw_metrics:{'fairness': 517.0, 'emission': 1898.733, 'fuel': 615.556, 'emergency_stops': 0.0, 'collisions': 0.0, 'ssm_conflicts': 1098.0}, final;ckpt
SIM_TRAIN step:151, travel time:120.22042253521127, q_loss:0.00030074123, rewards:-5.2263904, queue:2.2777777, delay:0.44868377, throughput:1397, raw_metrics:{'fairness': 278.0}
SIM_TRAIN step:152, travel time:120.82464788732395, q_loss:0.000236565, rewards:-5.4961095, queue:2.5027778, delay:0.45572826, throughput:1397, raw_metrics:{'fairness': 0.0}
REAL_TRAIN step:108, travel time:993.6742118027486, q_loss:100, rewards:-329.57684, queue:315.75278, delay:0.7638943, throughput:722, R_real:-10.2655, components:{'queue': 1.356, 'delay': 0.0, 'waiting': 0.0, 'pressure': 0.0, 'switches': 0.0, 'emission': 8.909}, raw_metrics:{'fairness': 344.0, 'emission': 1953.216, 'fuel': 633.22, 'emergency_stops': 0.0, 'collisions': 0.0, 'ssm_conflicts': 1108.0}, final;ckpt
SIM_TRAIN step:153, travel time:120.54366197183099, q_loss:0.00025834056, rewards:-5.415832, queue:2.3722222, delay:0.458375, throughput:1397, raw_metrics:{'fairness': 0.0}
SIM_TRAIN step:154, travel time:119.9492957746479, q_loss:0.0002413117, rewards:-5.123888, queue:2.2722223, delay:0.4525821, throughput:1399, raw_metrics:{'fairness': 0.0}
REAL_TRAIN step:110, travel time:2527.141592920354, q_loss:100, rewards:-475.54654, queue:469.50555, delay:0.7612615, throughput:45, R_real:-14.4048, components:{'queue': 1.997, 'delay': 0.0, 'waiting': 0.0, 'pressure': 0.0, 'switches': 0.0, 'emission': 12.407}, raw_metrics:{'fairness': 0.0, 'emission': 2627.634, 'fuel': 851.864, 'emergency_stops': 0.0, 'collisions': 0.0, 'ssm_conflicts': 624.0}, final;ckpt
SIM_TRAIN step:155, travel time:119.95422535211267, q_loss:0.00024323254, rewards:-5.134723, queue:2.288889, delay:0.46487093, throughput:1396, raw_metrics:{'fairness': 216.0}
SIM_TRAIN step:156, travel time:144.0169014084507, q_loss:0.00039224405, rewards:-14.775563, queue:11.427778, delay:0.5920888, throughput:1397, raw_metrics:{'fairness': 0.0}
REAL_TRAIN step:112, travel time:870.7348659003832, q_loss:100, rewards:-295.39908, queue:277.55832, delay:0.9287979, throughput:1138, R_real:-9.6125, components:{'queue': 1.243, 'delay': 0.0, 'waiting': 0.0, 'pressure': 0.0, 'switches': 0.0, 'emission': 8.369}, raw_metrics:{'fairness': 626.0, 'emission': 1834.107, 'fuel': 594.605, 'emergency_stops': 0.0, 'collisions': 0.0, 'ssm_conflicts': 692.0}, final;ckpt
SIM_TRAIN step:157, travel time:146.99225352112677, q_loss:0.00053585577, rewards:-15.862221, queue:12.313889, delay:0.5255734, throughput:1396, raw_metrics:{'fairness': 279.0}
SIM_TRAIN step:158, travel time:122.0718309859155, q_loss:0.0005303026, rewards:-5.985278, queue:2.9722223, delay:0.47201675, throughput:1399, raw_metrics:{'fairness': 0.0}
REAL_TRAIN step:114, travel time:287.2658700522778, q_loss:100, rewards:-85.87226, queue:62.875, delay:0.8059466, throughput:1182, R_real:-3.3290, components:{'queue': 0.346, 'delay': 0.0, 'waiting': 0.0, 'pressure': 0.0, 'switches': 0.0, 'emission': 2.983}, raw_metrics:{'fairness': 658.0, 'emission': 677.415, 'fuel': 219.612, 'emergency_stops': 0.0, 'collisions': 0.0, 'ssm_conflicts': 116.0}, final;ckpt
SIM_TRAIN step:159, travel time:122.56338028169014, q_loss:0.0005506749, rewards:-6.1925015, queue:3.1194444, delay:0.4707519, throughput:1399, raw_metrics:{'fairness': 0.0}
SIM_TRAIN step:160, travel time:122.28028169014084, q_loss:0.00048448477, rewards:-6.123333, queue:3.0444446, delay:0.451015, throughput:1397, raw_metrics:{'fairness': 0.0}
REAL_TRAIN step:116, travel time:281.8318385650224, q_loss:100, rewards:-83.78921, queue:60.783333, delay:0.8071398, throughput:1181, R_real:-3.2755, components:{'queue': 0.338, 'delay': 0.0, 'waiting': 0.0, 'pressure': 0.0, 'switches': 0.0, 'emission': 2.937}, raw_metrics:{'fairness': 659.0, 'emission': 665.84, 'fuel': 215.86, 'emergency_stops': 0.0, 'collisions': 0.0, 'ssm_conflicts': 118.0}, final;ckpt
SIM_TRAIN step:161, travel time:120.75140845070422, q_loss:0.00053429196, rewards:-5.45722, queue:2.5083334, delay:0.4764233, throughput:1397, raw_metrics:{'fairness': 235.0}
SIM_TRAIN step:162, travel time:122.92042253521127, q_loss:0.00046624913, rewards:-6.4080567, queue:3.3083334, delay:0.47047263, throughput:1393, raw_metrics:{'fairness': 0.0}
REAL_TRAIN step:118, travel time:283.93138686131385, q_loss:100, rewards:-86.752525, queue:63.71389, delay:0.8101514, throughput:1205, R_real:-3.3622, components:{'queue': 0.349, 'delay': 0.0, 'waiting': 0.0, 'pressure': 0.0, 'switches': 0.0, 'emission': 3.013}, raw_metrics:{'fairness': 659.0, 'emission': 684.816, 'fuel': 222.011, 'emergency_stops': 0.0, 'collisions': 0.0, 'ssm_conflicts': 145.0}, final;ckpt
SIM_TRAIN step:163, travel time:121.2281690140845, q_loss:0.00048724908, rewards:-5.674724, queue:2.6444445, delay:0.4524555, throughput:1399, raw_metrics:{'fairness': 0.0}
SIM_TRAIN step:164, travel time:120.56760563380281, q_loss:0.00045611887, rewards:-5.411389, queue:2.4555554, delay:0.45323223, throughput:1399, raw_metrics:{'fairness': 0.0}
REAL_TRAIN step:120, travel time:281.4866232827187, q_loss:100, rewards:-86.6725, queue:63.391666, delay:0.7435588, throughput:1216, R_real:-3.2146, components:{'queue': 0.328, 'delay': 0.0, 'waiting': 0.0, 'pressure': 0.0, 'switches': 0.0, 'emission': 2.887}, raw_metrics:{'fairness': 648.0, 'emission': 688.488, 'fuel': 223.202, 'emergency_stops': 2.0, 'collisions': 0.0, 'ssm_conflicts': 415.0}, final;ckpt
SIM_TRAIN step:165, travel time:121.18028169014084, q_loss:0.0004797011, rewards:-5.689721, queue:2.7, delay:0.4560354, throughput:1397, raw_metrics:{'fairness': 253.0}
SIM_TRAIN step:166, travel time:120.34859154929578, q_loss:0.00044394814, rewards:-5.2972217, queue:2.3666666, delay:0.44300202, throughput:1392, raw_metrics:{'fairness': 217.0}
REAL_TRAIN step:122, travel time:292.23788864786695, q_loss:100, rewards:-90.99193, queue:67.66111, delay:0.7229986, throughput:1201, R_real:-3.2899, components:{'queue': 0.338, 'delay': 0.0, 'waiting': 0.0, 'pressure': 0.0, 'switches': 0.0, 'emission': 2.952}, raw_metrics:{'fairness': 637.0, 'emission': 713.355, 'fuel': 231.263, 'emergency_stops': 4.0, 'collisions': 0.0, 'ssm_conflicts': 654.0}, final;ckpt
SIM_TRAIN step:167, travel time:120.66056338028169, q_loss:0.00047383466, rewards:-5.4500012, queue:2.4916666, delay:0.4643861, throughput:1398, raw_metrics:{'fairness': 0.0}
SIM_TRAIN step:168, travel time:120.98521126760564, q_loss:0.00041053238, rewards:-5.5580554, queue:2.613889, delay:0.46055114, throughput:1396, raw_metrics:{'fairness': 232.0}
REAL_TRAIN step:124, travel time:289.23282718727404, q_loss:100, rewards:-89.79974, queue:66.44722, delay:0.72673315, throughput:1205, R_real:-3.2570, components:{'queue': 0.333, 'delay': 0.0, 'waiting': 0.0, 'pressure': 0.0, 'switches': 0.0, 'emission': 2.924}, raw_metrics:{'fairness': 636.0, 'emission': 706.89, 'fuel': 229.168, 'emergency_stops': 2.0, 'collisions': 0.0, 'ssm_conflicts': 616.0}, final;ckpt
SIM_TRAIN step:169, travel time:121.53732394366197, q_loss:0.00043148178, rewards:-5.775556, queue:2.8111112, delay:0.47836646, throughput:1396, raw_metrics:{'fairness': 247.0}
SIM_TRAIN step:170, travel time:120.43732394366197, q_loss:0.0003462033, rewards:-5.370278, queue:2.411111, delay:0.45422325, throughput:1396, raw_metrics:{'fairness': 238.0}
REAL_TRAIN step:126, travel time:293.8887283236994, q_loss:100, rewards:-91.72667, queue:68.41111, delay:0.7108077, throughput:1200, R_real:-3.2965, components:{'queue': 0.338, 'delay': 0.0, 'waiting': 0.0, 'pressure': 0.0, 'switches': 0.0, 'emission': 2.958}, raw_metrics:{'fairness': 633.0, 'emission': 717.888, 'fuel': 232.733, 'emergency_stops': 1.0, 'collisions': 0.0, 'ssm_conflicts': 683.0}, final;ckpt
SIM_TRAIN step:171, travel time:120.28450704225352, q_loss:0.00029169727, rewards:-5.2677736, queue:2.2972221, delay:0.45290717, throughput:1398, raw_metrics:{'fairness': 0.0}
SIM_TRAIN step:172, travel time:120.03802816901408, q_loss:0.00026385605, rewards:-5.1775017, queue:2.2944446, delay:0.4356013, throughput:1394, raw_metrics:{'fairness': 230.0}
REAL_TRAIN step:128, travel time:290.5534816941852, q_loss:100, rewards:-91.04057, queue:67.62778, delay:0.6777245, throughput:1209, R_real:-3.1781, components:{'queue': 0.321, 'delay': 0.0, 'waiting': 0.0, 'pressure': 0.0, 'switches': 0.0, 'emission': 2.857}, raw_metrics:{'fairness': 625.0, 'emission': 716.11, 'fuel': 232.157, 'emergency_stops': 1.0, 'collisions': 0.0, 'ssm_conflicts': 766.0}, final;ckpt
SIM_TRAIN step:173, travel time:120.09718309859154, q_loss:0.0002375777, rewards:-5.193055, queue:2.3694444, delay:0.45411623, throughput:1396, raw_metrics:{'fairness': 220.0}
SIM_TRAIN step:174, travel time:119.75633802816901, q_loss:0.00020888787, rewards:-5.0108323, queue:2.2444444, delay:0.45562938, throughput:1397, raw_metrics:{'fairness': 0.0}
REAL_TRAIN step:130, travel time:2514.8751835535977, q_loss:100, rewards:-475.29068, queue:469.24722, delay:0.75254524, throughput:48, R_real:-14.3822, components:{'queue': 1.994, 'delay': 0.0, 'waiting': 0.0, 'pressure': 0.0, 'switches': 0.0, 'emission': 12.388}, raw_metrics:{'fairness': 3.0, 'emission': 2626.526, 'fuel': 851.505, 'emergency_stops': 0.0, 'collisions': 0.0, 'ssm_conflicts': 626.0}, final;ckpt
SIM_TRAIN step:175, travel time:119.97535211267606, q_loss:0.00021999897, rewards:-5.1483335, queue:2.2805555, delay:0.4467586, throughput:1399, raw_metrics:{'fairness': 0.0}
SIM_TRAIN step:176, travel time:119.54929577464789, q_loss:0.00020621851, rewards:-4.952499, queue:2.0916667, delay:0.44811663, throughput:1397, raw_metrics:{'fairness': 192.0}
REAL_TRAIN step:132, travel time:2514.826725403818, q_loss:100, rewards:-475.28177, queue:469.2389, delay:0.7505977, throughput:48, R_real:-14.3816, components:{'queue': 1.994, 'delay': 0.0, 'waiting': 0.0, 'pressure': 0.0, 'switches': 0.0, 'emission': 12.388}, raw_metrics:{'fairness': 3.0, 'emission': 2626.498, 'fuel': 851.496, 'emergency_stops': 0.0, 'collisions': 0.0, 'ssm_conflicts': 626.0}, final;ckpt
SIM_TRAIN step:177, travel time:119.66197183098592, q_loss:0.00020437481, rewards:-5.0455565, queue:2.275, delay:0.44754457, throughput:1398, raw_metrics:{'fairness': 0.0}
SIM_TRAIN step:178, travel time:119.95915492957747, q_loss:0.00018673163, rewards:-5.148889, queue:2.3, delay:0.46432605, throughput:1397, raw_metrics:{'fairness': 242.0}
REAL_TRAIN step:134, travel time:2514.898678414097, q_loss:100, rewards:-475.29623, queue:469.25278, delay:0.7530536, throughput:48, R_real:-14.3829, components:{'queue': 1.994, 'delay': 0.0, 'waiting': 0.0, 'pressure': 0.0, 'switches': 0.0, 'emission': 12.389}, raw_metrics:{'fairness': 3.0, 'emission': 2626.589, 'fuel': 851.526, 'emergency_stops': 0.0, 'collisions': 0.0, 'ssm_conflicts': 626.0}, final;ckpt
SIM_TRAIN step:179, travel time:119.80704225352113, q_loss:0.00019108239, rewards:-5.094445, queue:2.3, delay:0.4499502, throughput:1400, raw_metrics:{'fairness': 0.0}
SIM_TRAIN step:180, travel time:119.61408450704225, q_loss:0.00019869894, rewards:-5.014167, queue:2.2583334, delay:0.4488685, throughput:1399, raw_metrics:{'fairness': 0.0}
REAL_TRAIN step:136, travel time:2514.9765051395007, q_loss:100, rewards:-475.3084, queue:469.2639, delay:0.7539998, throughput:48, R_real:-14.3838, components:{'queue': 1.994, 'delay': 0.0, 'waiting': 0.0, 'pressure': 0.0, 'switches': 0.0, 'emission': 12.39}, raw_metrics:{'fairness': 3.0, 'emission': 2626.648, 'fuel': 851.544, 'emergency_stops': 0.0, 'collisions': 0.0, 'ssm_conflicts': 628.0}, final;ckpt
SIM_TRAIN step:181, travel time:120.19718309859155, q_loss:0.00017857568, rewards:-5.2283344, queue:2.3777778, delay:0.4611871, throughput:1399, raw_metrics:{'fairness': 0.0}
SIM_TRAIN step:182, travel time:119.66971830985915, q_loss:0.0001815476, rewards:-5.0219445, queue:2.2277777, delay:0.4439879, throughput:1399, raw_metrics:{'fairness': 0.0}
REAL_TRAIN step:138, travel time:2514.8737151248165, q_loss:100, rewards:-475.2907, queue:469.24722, delay:0.75172186, throughput:48, R_real:-14.3827, components:{'queue': 1.994, 'delay': 0.0, 'waiting': 0.0, 'pressure': 0.0, 'switches': 0.0, 'emission': 12.389}, raw_metrics:{'fairness': 3.0, 'emission': 2626.573, 'fuel': 851.52, 'emergency_stops': 0.0, 'collisions': 0.0, 'ssm_conflicts': 626.0}, final;ckpt
SIM_TRAIN step:183, travel time:119.42887323943663, q_loss:0.00019507288, rewards:-4.9613895, queue:2.1305556, delay:0.44142896, throughput:1399, raw_metrics:{'fairness': 0.0}
SIM_TRAIN step:184, travel time:172.2507042253521, q_loss:0.0004894978, rewards:-25.33444, queue:21.51389, delay:0.6105644, throughput:1396, raw_metrics:{'fairness': 242.0}
REAL_TRAIN step:140, travel time:2401.3085553997194, q_loss:100, rewards:-474.82132, queue:468.71945, delay:0.73195964, throughput:79, R_real:-14.3446, components:{'queue': 1.987, 'delay': 0.0, 'waiting': 0.0, 'pressure': 0.0, 'switches': 0.0, 'emission': 12.357}, raw_metrics:{'fairness': 26.0, 'emission': 2626.887, 'fuel': 851.622, 'emergency_stops': 0.0, 'collisions': 0.0, 'ssm_conflicts': 644.0}, final;ckpt
SIM_TRAIN step:185, travel time:170.6, q_loss:0.00087029306, rewards:-25.175558, queue:20.558332, delay:0.5675261, throughput:1395, raw_metrics:{'fairness': 219.0}
SIM_TRAIN step:186, travel time:123.1612676056338, q_loss:0.00085648894, rewards:-6.445832, queue:3.4194446, delay:0.49662668, throughput:1396, raw_metrics:{'fairness': 229.0}
REAL_TRAIN step:142, travel time:293.14389009399855, q_loss:100, rewards:-91.33835, queue:68.01945, delay:0.7153673, throughput:1202, R_real:-3.2896, components:{'queue': 0.338, 'delay': 0.0, 'waiting': 0.0, 'pressure': 0.0, 'switches': 0.0, 'emission': 2.952}, raw_metrics:{'fairness': 633.0, 'emission': 715.809, 'fuel': 232.059, 'emergency_stops': 2.0, 'collisions': 0.0, 'ssm_conflicts': 681.0}, final;ckpt
SIM_TRAIN step:187, travel time:121.95774647887323, q_loss:0.0007759987, rewards:-5.9247217, queue:2.9222221, delay:0.4552783, throughput:1396, raw_metrics:{'fairness': 245.0}
SIM_TRAIN step:188, travel time:123.21056338028168, q_loss:0.0006148682, rewards:-6.408888, queue:3.3527777, delay:0.4787735, throughput:1396, raw_metrics:{'fairness': 208.0}
REAL_TRAIN step:144, travel time:304.6594360086768, q_loss:100, rewards:-95.445595, queue:72.12778, delay:0.72503704, throughput:1213, R_real:-3.4062, components:{'queue': 0.353, 'delay': 0.0, 'waiting': 0.0, 'pressure': 0.0, 'switches': 0.0, 'emission': 3.053}, raw_metrics:{'fairness': 658.0, 'emission': 742.611, 'fuel': 240.748, 'emergency_stops': 2.0, 'collisions': 0.0, 'ssm_conflicts': 781.0}, final;ckpt
SIM_TRAIN step:189, travel time:121.76267605633802, q_loss:0.00069570675, rewards:-5.8561144, queue:2.886111, delay:0.45202056, throughput:1400, raw_metrics:{'fairness': 0.0}
SIM_TRAIN step:190, travel time:121.20845070422536, q_loss:0.00070149556, rewards:-5.6513877, queue:2.6972222, delay:0.4448343, throughput:1397, raw_metrics:{'fairness': 244.0}
REAL_TRAIN step:146, travel time:258.38539407086046, q_loss:100, rewards:-77.633095, queue:54.441666, delay:0.75790906, throughput:1242, R_real:-2.9470, components:{'queue': 0.29, 'delay': 0.0, 'waiting': 0.0, 'pressure': 0.0, 'switches': 0.0, 'emission': 2.657}, raw_metrics:{'fairness': 659.0, 'emission': 639.074, 'fuel': 207.182, 'emergency_stops': 2.0, 'collisions': 0.0, 'ssm_conflicts': 232.0}, final;ckpt
SIM_TRAIN step:191, travel time:120.15492957746478, q_loss:0.0007166499, rewards:-5.2247214, queue:2.3277779, delay:0.46104452, throughput:1396, raw_metrics:{'fairness': 196.0}
SIM_TRAIN step:192, travel time:122.04014084507043, q_loss:0.00064618513, rewards:-5.913611, queue:2.9083333, delay:0.46535018, throughput:1399, raw_metrics:{'fairness': 0.0}
REAL_TRAIN step:148, travel time:259.5203784570597, q_loss:100, rewards:-77.59283, queue:54.458332, delay:0.79420054, throughput:1233, R_real:-3.0131, components:{'queue': 0.299, 'delay': 0.0, 'waiting': 0.0, 'pressure': 0.0, 'switches': 0.0, 'emission': 2.714}, raw_metrics:{'fairness': 659.0, 'emission': 636.866, 'fuel': 206.466, 'emergency_stops': 2.0, 'collisions': 0.0, 'ssm_conflicts': 151.0}, final;ckpt
SIM_TRAIN step:193, travel time:119.73591549295774, q_loss:0.00070002396, rewards:-4.998889, queue:2.1527777, delay:0.44558322, throughput:1399, raw_metrics:{'fairness': 0.0}
SIM_TRAIN step:194, travel time:120.29718309859155, q_loss:0.00062262086, rewards:-5.2338905, queue:2.2972221, delay:0.4525892, throughput:1397, raw_metrics:{'fairness': 257.0}
REAL_TRAIN step:150, travel time:251.60463432295438, q_loss:100, rewards:-74.981155, queue:51.816666, delay:0.7712739, throughput:1244, R_real:-2.8775, components:{'queue': 0.28, 'delay': 0.0, 'waiting': 0.0, 'pressure': 0.0, 'switches': 0.0, 'emission': 2.598}, raw_metrics:{'fairness': 659.0, 'emission': 623.303, 'fuel': 202.069, 'emergency_stops': 2.0, 'collisions': 0.0, 'ssm_conflicts': 159.0}, final;ckpt
SIM_TRAIN step:195, travel time:120.30211267605634, q_loss:0.00067757093, rewards:-5.2222214, queue:2.288889, delay:0.4355225, throughput:1396, raw_metrics:{'fairness': 230.0}
SIM_TRAIN step:196, travel time:119.89718309859155, q_loss:0.00063932507, rewards:-5.0925007, queue:2.163889, delay:0.44687992, throughput:1399, raw_metrics:{'fairness': 0.0}
REAL_TRAIN step:152, travel time:251.69710144927535, q_loss:100, rewards:-74.938354, queue:51.761112, delay:0.793013, throughput:1247, R_real:-2.9303, components:{'queue': 0.287, 'delay': 0.0, 'waiting': 0.0, 'pressure': 0.0, 'switches': 0.0, 'emission': 2.643}, raw_metrics:{'fairness': 659.0, 'emission': 623.237, 'fuel': 202.048, 'emergency_stops': 2.0, 'collisions': 0.0, 'ssm_conflicts': 162.0}, final;ckpt
SIM_TRAIN step:197, travel time:120.46901408450704, q_loss:0.0006385257, rewards:-5.3436117, queue:2.3166666, delay:0.44432557, throughput:1399, raw_metrics:{'fairness': 0.0}
SIM_TRAIN step:198, travel time:120.10352112676057, q_loss:0.0004861283, rewards:-5.2002783, queue:2.238889, delay:0.43842927, throughput:1399, raw_metrics:{'fairness': 0.0}
REAL_TRAIN step:154, travel time:248.83526850507982, q_loss:100, rewards:-73.73642, queue:50.558334, delay:0.76373774, throughput:1244, R_real:-2.8432, components:{'queue': 0.275, 'delay': 0.0, 'waiting': 0.0, 'pressure': 0.0, 'switches': 0.0, 'emission': 2.568}, raw_metrics:{'fairness': 658.0, 'emission': 616.378, 'fuel': 199.824, 'emergency_stops': 3.0, 'collisions': 0.0, 'ssm_conflicts': 155.0}, final;ckpt
SIM_TRAIN step:199, travel time:120.32605633802817, q_loss:0.0003245719, rewards:-5.254166, queue:2.3138888, delay:0.4635266, throughput:1399, raw_metrics:{'fairness': 0.0}
REAL_TRAIN step:155, travel time:262.48928307464894, q_loss:100, rewards:-77.45834, queue:54.358334, delay:0.7947271, throughput:1220, R_real:-3.0409, components:{'queue': 0.304, 'delay': 0.0, 'waiting': 0.0, 'pressure': 0.0, 'switches': 0.0, 'emission': 2.737}, raw_metrics:{'fairness': 658.0, 'emission': 633.84, 'fuel': 205.485, 'emergency_stops': 0.0, 'collisions': 0.0, 'ssm_conflicts': 136.0}, final;ckpt
RewardInference-Final: deploying best checkpoint R_real=-1.0673
Saved method state to data/output_data/sim2real_rewards/cityflow_presslight/bullhead_1/baseline_rewards_v2_reward_inference_emission_heavy_s0/model/bullhead_1_emission_heavy_presslight_reward_inference/method_state.json
real rollouts used: 94/100
REAL_TEST step:0, travel time:127.76549295774647, q_loss:100, rewards:-27.65916, queue:3.7583334, delay:0.50088584, throughput:1375, R_real:-1.0673, components:{'queue': 0.022, 'delay': 0.0, 'waiting': 0.0, 'pressure': 0.0, 'switches': 0.0, 'emission': 1.045}, raw_metrics:{'fairness': 681.0, 'emission': 377.374, 'fuel': 122.34, 'emergency_stops': 13.0, 'collisions': 0.0, 'ssm_conflicts': 408.0}
Total time taken: 1752.7583360671997
