exp_name	mode	step	travel_time	loss	rewards	queue	delay	throughput	train_reward	R_real	components	detail	fairness	emission	fuel	emergency_stops	ssm_conflicts	collisions	phi_raw
ingolstadt7_fairness_heavy_dqn_reward_inference	SIM_TRAIN	0	141.1	0.0	-24.18	3.36	0.13	3012	-0.03	0.0000			10.8571						
ingolstadt7_fairness_heavy_dqn_reward_inference	SIM_TRAIN	1	67.7	0.0	-4.31	0.65	0.06	3012	-0.01	0.0000			62.4286						
ingolstadt7_fairness_heavy_dqn_reward_inference	SIM_TRAIN	2	66.7	0.0	-3.78	0.57	0.05	3012	-0.00	0.0000			63.4286						
ingolstadt7_fairness_heavy_dqn_reward_inference	REAL_TRAIN	1	601.8	100.0	-134.37	16.57	0.22	1025		-123.1557	queue=0.561;delay=0.0;waiting=117.4985;pressure=0.0;switches=0.0;fairness=5.0962	probe[queue]	33.5714	802.3676	260.1227	15.0000	456.0000	5.0000	queue=11.2191;delay=1.5294;waiting=11749.8508;pressure=117.6222;switches=2.0389;fairness=127.4061
ingolstadt7_fairness_heavy_dqn_reward_inference	SIM_TRAIN	3	140.5	0.0	-28.27	3.64	0.12	3011	-0.12	0.0000			0.0000						
ingolstadt7_fairness_heavy_dqn_reward_inference	SIM_TRAIN	4	74.7	0.0	-4.10	0.60	0.05	3011	-0.05	0.0000			42.5714						
ingolstadt7_fairness_heavy_dqn_reward_inference	SIM_TRAIN	5	68.7	0.0	-3.36	0.49	0.05	3012	-0.05	0.0000			0.0000						
ingolstadt7_fairness_heavy_dqn_reward_inference	REAL_TRAIN	2	499.9	100.0	-95.43	12.45	0.21	1221		-82.8772	queue=0.3993;delay=0.0;waiting=76.8465;pressure=0.0;switches=0.0;fairness=5.6314	probe[delay]	53.4286	563.4199	182.6571	10.0000	425.0000	3.0000	queue=7.9856;delay=1.4386;waiting=7684.6477;pressure=89.1167;switches=1.9611;fairness=140.7853
ingolstadt7_fairness_heavy_dqn_reward_inference	SIM_TRAIN	6	363.6	0.1	-53.61	7.35	0.17	2680	-0.36	0.0000			0.0000						
ingolstadt7_fairness_heavy_dqn_reward_inference	SIM_TRAIN	7	142.2	0.1	-7.65	1.06	0.08	2838	-0.04	0.0000			60.5714						
ingolstadt7_fairness_heavy_dqn_reward_inference	SIM_TRAIN	8	72.2	0.0	-7.68	1.09	0.07	3010	-0.01	0.0000			68.1429						
ingolstadt7_fairness_heavy_dqn_reward_inference	REAL_TRAIN	3	655.8	100.0	-145.04	19.08	0.25	1002		-154.3765	queue=0.606;delay=0.0;waiting=146.235;pressure=0.0;switches=0.0;fairness=7.5355	probe[waiting]	66.7143	859.4857	278.6401	9.0000	462.0000	3.0000	queue=12.1195;delay=1.7372;waiting=14623.5;pressure=136.0556;switches=1.6889;fairness=188.3886
ingolstadt7_fairness_heavy_dqn_reward_inference	SIM_TRAIN	9	177.8	0.1	-30.19	3.84	0.14	2912	-0.54	0.0000			10.5714						
ingolstadt7_fairness_heavy_dqn_reward_inference	SIM_TRAIN	10	68.4	0.1	-5.27	0.75	0.06	3011	-0.20	0.0000			65.7143						
ingolstadt7_fairness_heavy_dqn_reward_inference	SIM_TRAIN	11	67.6	0.0	-5.02	0.69	0.06	3012	-0.20	0.0000			66.8571						
ingolstadt7_fairness_heavy_dqn_reward_inference	REAL_TRAIN	4	664.8	100.0	-112.42	14.17	0.19	902		-130.7612	queue=0.4698;delay=0.0;waiting=123.5815;pressure=0.0;switches=0.0;fairness=6.7099	probe[pressure]	61.2857	660.8806	214.2536	6.0000	332.0000	3.0000	queue=9.3962;delay=1.3519;waiting=12358.147;pressure=96.1472;switches=1.6444;fairness=167.7475
ingolstadt7_fairness_heavy_dqn_reward_inference	SIM_TRAIN	12	634.2	0.1	-102.17	13.43	0.21	1853	-0.39	0.0000			120.2857						
ingolstadt7_fairness_heavy_dqn_reward_inference	SIM_TRAIN	13	1454.5	0.0	-127.73	17.01	0.28	862	-0.12	0.0000			82.0000						
ingolstadt7_fairness_heavy_dqn_reward_inference	SIM_TRAIN	14	1309.2	0.0	-127.66	16.86	0.27	1040	-0.10	0.0000			36.1429						
ingolstadt7_fairness_heavy_dqn_reward_inference	REAL_TRAIN	5	1637.8	100.0	-193.32	25.57	0.39	371		-258.0076	queue=0.8068;delay=0.0;waiting=252.0959;pressure=0.0;switches=0.0;fairness=5.1049	probe[switches]	37.5714	1123.9401	364.3752	0.0000	212.0000	0.0000	queue=16.136;delay=2.7546;waiting=25209.5911;pressure=170.4056;switches=0.0167;fairness=127.6225
ingolstadt7_fairness_heavy_dqn_reward_inference	SIM_TRAIN	15	289.0	1.7	-49.25	6.88	0.17	2535	-1.38	0.0000			242.4286						
ingolstadt7_fairness_heavy_dqn_reward_inference	SIM_TRAIN	16	1045.2	2.2	-126.54	17.16	0.24	1364	-1.08	0.0000			91.0000						
ingolstadt7_fairness_heavy_dqn_reward_inference	SIM_TRAIN	17	1312.4	1.4	-127.11	16.69	0.24	1074	-0.60	0.0000			86.1429						
ingolstadt7_fairness_heavy_dqn_reward_inference	REAL_TRAIN	6	1193.9	100.0	-208.29	26.06	0.34	640		-238.5401	queue=0.8693;delay=0.0;waiting=224.2431;pressure=0.0;switches=0.0;fairness=13.4278	probe[fairness]	120.4286	1384.8220	448.9514	4.0000	493.0000	0.0000	queue=17.3861;delay=2.3838;waiting=22424.3052;pressure=175.5167;switches=0.7278;fairness=335.6942
ingolstadt7_fairness_heavy_dqn_reward_inference	SIM_TRAIN	18	218.5	0.0	-43.88	5.92	0.14	2942	-0.05	0.0000			67.5714						
ingolstadt7_fairness_heavy_dqn_reward_inference	SIM_TRAIN	19	137.4	0.0	-5.41	0.80	0.06	2943	-0.01	0.0000			46.4286						
ingolstadt7_fairness_heavy_dqn_reward_inference	SIM_TRAIN	20	70.2	0.0	-4.14	0.61	0.06	3011	-0.01	0.0000			0.0000						
ingolstadt7_fairness_heavy_dqn_reward_inference	REAL_TRAIN	7	86.1	100.0	-13.37	1.79	0.12	2954		-4.4008	queue=0.0555;delay=0.0;waiting=0.2083;pressure=0.0;switches=0.0;fairness=4.137	probe[queue]	14.2857	243.3310	78.8851	36.0000	815.0000	3.0000	queue=1.1097;delay=0.8293;waiting=20.8321;pressure=22.3972;switches=4.2444;fairness=103.4256
ingolstadt7_fairness_heavy_dqn_reward_inference	SIM_TRAIN	21	671.8	0.0	-93.79	12.42	0.21	1885	-0.21	0.0000			127.2857						
ingolstadt7_fairness_heavy_dqn_reward_inference	SIM_TRAIN	22	174.8	0.0	-7.33	1.07	0.07	2932	-0.07	0.0000			59.5714						
ingolstadt7_fairness_heavy_dqn_reward_inference	SIM_TRAIN	23	67.9	0.0	-4.20	0.61	0.05	3012	-0.05	0.0000			66.2857						
ingolstadt7_fairness_heavy_dqn_reward_inference	REAL_TRAIN	8	328.1	100.0	-74.24	9.64	0.17	1609		-65.5787	queue=0.3106;delay=0.0;waiting=57.5401;pressure=0.0;switches=0.0;fairness=7.728	probe[delay]	115.0000	473.7664	153.5917	10.0000	564.0000	1.0000	queue=6.213;delay=1.2115;waiting=5754.0127;pressure=67.4972;switches=2.625;fairness=193.1992
ingolstadt7_fairness_heavy_dqn_reward_inference	SIM_TRAIN	24	526.2	21.1	-83.16	11.16	0.19	2066	-6.21	0.0000			131.7143						
ingolstadt7_fairness_heavy_dqn_reward_inference	SIM_TRAIN	25	421.2	32.8	-72.89	10.25	0.16	2228	-3.36	0.0000			153.1429						
ingolstadt7_fairness_heavy_dqn_reward_inference	SIM_TRAIN	26	1155.8	31.3	-135.92	18.40	0.24	1359	-6.81	0.0000			101.8571						
ingolstadt7_fairness_heavy_dqn_reward_inference	REAL_TRAIN	9	1706.8	100.0	-242.19	30.14	0.41	357		-280.6538	queue=1.0105;delay=0.0;waiting=272.06;pressure=0.0;switches=0.0;fairness=7.5832	probe[waiting]	37.2857	1353.2140	438.7044	2.0000	301.0000	0.0000	queue=20.2106;delay=2.8416;waiting=27206.0043;pressure=145.3583;switches=0.5361;fairness=189.5797
ingolstadt7_fairness_heavy_dqn_reward_inference	SIM_TRAIN	27	186.5	0.1	-24.80	3.26	0.12	2909	-0.44	0.0000			0.0000						
ingolstadt7_fairness_heavy_dqn_reward_inference	SIM_TRAIN	28	149.1	0.1	-5.46	0.74	0.07	2779	-0.20	0.0000			66.4286						
ingolstadt7_fairness_heavy_dqn_reward_inference	SIM_TRAIN	29	120.6	0.0	-5.65	0.78	0.07	2889	-0.20	0.0000			56.8571						
ingolstadt7_fairness_heavy_dqn_reward_inference	REAL_TRAIN	10	842.1	100.0	-126.82	16.42	0.26	760		-134.4447	queue=0.5297;delay=0.0;waiting=125.9902;pressure=0.0;switches=0.0;fairness=7.9248	probe[pressure]	46.4286	713.6816	231.3713	8.0000	308.0000	3.0000	queue=10.5937;delay=1.8196;waiting=12599.0218;pressure=108.4;switches=1.4361;fairness=198.1192
ingolstadt7_fairness_heavy_dqn_reward_inference	SIM_TRAIN	30	311.9	0.1	-61.98	8.66	0.17	2599	-0.43	0.0000			245.2857						
ingolstadt7_fairness_heavy_dqn_reward_inference	SIM_TRAIN	31	835.5	0.0	-99.41	14.06	0.22	2166	-0.13	0.0000			275.2857						
ingolstadt7_fairness_heavy_dqn_reward_inference	SIM_TRAIN	32	501.0	0.0	-58.09	8.41	0.18	2408	-0.09	0.0000			240.7143						
ingolstadt7_fairness_heavy_dqn_reward_inference	REAL_TRAIN	11	585.2	100.0	-64.73	8.05	0.25	1130		-87.2308	queue=0.2701;delay=0.0;waiting=81.6174;pressure=0.0;switches=0.0;fairness=5.3433	probe[switches]	64.5714	360.8144	116.9737	0.0000	171.0000	0.0000	queue=5.4026;delay=1.7331;waiting=8161.7405;pressure=59.7583;switches=0.0083;fairness=133.5817
ingolstadt7_fairness_heavy_dqn_reward_inference	SIM_TRAIN	33	210.9	0.6	-37.19	5.09	0.15	2813	-0.56	0.0000			125.1429						
ingolstadt7_fairness_heavy_dqn_reward_inference	SIM_TRAIN	34	1119.7	1.0	-116.00	15.44	0.22	1300	-0.99	0.0000			82.2857						
ingolstadt7_fairness_heavy_dqn_reward_inference	SIM_TRAIN	35	914.3	1.2	-124.38	17.27	0.23	1566	-1.54	0.0000			183.5714						
ingolstadt7_fairness_heavy_dqn_reward_inference	REAL_TRAIN	12	1120.1	100.0	-222.67	29.12	0.36	593		-252.2828	queue=0.9294;delay=0.0;waiting=241.4868;pressure=0.0;switches=0.0;fairness=9.8666	probe[fairness]	55.5714	1314.7521	426.2351	4.0000	325.0000	0.0000	queue=18.5874;delay=2.5408;waiting=24148.6788;pressure=155.6389;switches=0.6472;fairness=246.665
ingolstadt7_fairness_heavy_dqn_reward_inference	SIM_TRAIN	36	592.9	0.0	-88.11	11.86	0.19	1963	-0.11	0.0000			141.0000						
ingolstadt7_fairness_heavy_dqn_reward_inference	SIM_TRAIN	37	75.5	0.0	-5.52	0.82	0.06	3010	-0.01	0.0000			0.0000						
ingolstadt7_fairness_heavy_dqn_reward_inference	SIM_TRAIN	38	71.7	0.0	-5.14	0.78	0.06	3012	-0.01	0.0000			0.0000						
ingolstadt7_fairness_heavy_dqn_reward_inference	REAL_TRAIN	13	436.9	100.0	-107.12	15.05	0.28	1757		-71.5059	queue=0.4478;delay=0.0;waiting=55.0491;pressure=0.0;switches=0.0;fairness=16.0091	probe[queue]	154.4286	817.4423	265.0092	17.0000	994.0000	0.0000	queue=8.9552;delay=1.9297;waiting=5504.908;pressure=117.1333;switches=2.3778;fairness=400.2272
ingolstadt7_fairness_heavy_dqn_reward_inference	SIM_TRAIN	39	114.7	0.0	-21.27	2.96	0.11	3011	-0.11	0.0000			0.0000						
ingolstadt7_fairness_heavy_dqn_reward_inference	SIM_TRAIN	40	68.7	0.0	-3.89	0.57	0.05	3012	-0.05	0.0000			0.0000						
ingolstadt7_fairness_heavy_dqn_reward_inference	SIM_TRAIN	41	67.5	0.0	-3.83	0.58	0.05	3012	-0.05	0.0000			11.0000						
ingolstadt7_fairness_heavy_dqn_reward_inference	REAL_TRAIN	14	619.3	100.0	-121.48	15.27	0.24	1052		-139.2658	queue=0.5076;delay=0.0;waiting=130.5103;pressure=0.0;switches=0.0;fairness=8.248	probe[delay]	93.1429	733.4650	237.7850	7.0000	406.0000	4.0000	queue=10.1511;delay=1.6538;waiting=13051.0295;pressure=104.375;switches=1.3861;fairness=206.2
ingolstadt7_fairness_heavy_dqn_reward_inference	SIM_TRAIN	42	211.4	0.0	-27.30	3.67	0.13	2973	-0.13	0.0000			0.0000						
ingolstadt7_fairness_heavy_dqn_reward_inference	SIM_TRAIN	43	75.0	0.0	-6.29	0.90	0.07	3012	-0.01	0.0000			0.0000						
ingolstadt7_fairness_heavy_dqn_reward_inference	SIM_TRAIN	44	70.3	0.0	-5.56	0.82	0.06	3011	-0.00	0.0000			0.0000						
ingolstadt7_fairness_heavy_dqn_reward_inference	REAL_TRAIN	15	603.4	100.0	-124.69	16.36	0.22	1037		-140.9821	queue=0.5204;delay=0.0;waiting=133.8366;pressure=0.0;switches=0.0;fairness=6.6251	probe[waiting]	68.8571	748.7066	242.7261	7.0000	440.0000	2.0000	queue=10.4084;delay=1.5144;waiting=13383.6604;pressure=108.6306;switches=2.3417;fairness=165.6267
ingolstadt7_fairness_heavy_dqn_reward_inference	SIM_TRAIN	45	721.9	0.1	-93.86	12.40	0.20	1763	-0.70	0.0000			115.0000						
ingolstadt7_fairness_heavy_dqn_reward_inference	SIM_TRAIN	46	153.4	0.1	-9.75	1.46	0.07	2918	-0.26	0.0000			0.0000						
ingolstadt7_fairness_heavy_dqn_reward_inference	SIM_TRAIN	47	177.2	0.1	-5.31	0.75	0.06	2856	-0.19	0.0000			0.0000						
ingolstadt7_fairness_heavy_dqn_reward_inference	REAL_TRAIN	16	142.5	100.0	-27.75	3.56	0.14	2442		-6.1852	queue=0.1163;delay=0.0;waiting=2.909;pressure=0.0;switches=0.0;fairness=3.1599	probe[pressure]	32.1429	295.8122	95.8994	24.0000	677.0000	10.0000	queue=2.3267;delay=0.9459;waiting=290.8991;pressure=33.5361;switches=3.1167;fairness=78.9975
ingolstadt7_fairness_heavy_dqn_reward_inference	SIM_TRAIN	48	1183.0	0.1	-127.86	16.62	0.25	1199	-0.40	0.0000			58.4286						
ingolstadt7_fairness_heavy_dqn_reward_inference	SIM_TRAIN	49	1441.2	0.0	-138.14	18.24	0.28	949	-0.11	0.0000			64.1429						
ingolstadt7_fairness_heavy_dqn_reward_inference	SIM_TRAIN	50	999.5	0.0	-147.45	18.95	0.29	1472	-0.11	0.0000			122.0000						
ingolstadt7_fairness_heavy_dqn_reward_inference	REAL_TRAIN	17	1288.9	100.0	-81.62	10.76	0.26	327		-110.8834	queue=0.3407;delay=0.0;waiting=105.4361;pressure=0.0;switches=0.0;fairness=5.1066	probe[switches]	76.1429	507.0887	164.3953	0.0000	96.0000	0.0000	queue=6.8135;delay=1.8277;waiting=10543.6148;pressure=68.8778;switches=0.0111;fairness=127.6642
ingolstadt7_fairness_heavy_dqn_reward_inference	SIM_TRAIN	51	751.6	0.5	-99.46	13.34	0.21	1757	-1.06	0.0000			97.4286						
ingolstadt7_fairness_heavy_dqn_reward_inference	SIM_TRAIN	52	782.9	0.6	-104.22	14.84	0.20	1994	-1.14	0.0000			106.5714						
ingolstadt7_fairness_heavy_dqn_reward_inference	SIM_TRAIN	53	333.5	1.2	-26.02	4.10	0.09	2629	-0.17	0.0000			0.0000						
ingolstadt7_fairness_heavy_dqn_reward_inference	REAL_TRAIN	18	894.9	100.0	-129.52	16.64	0.26	605		-145.3270	queue=0.5407;delay=0.0;waiting=139.2661;pressure=0.0;switches=0.0;fairness=5.5202	probe[fairness]	71.4286	742.4045	240.6832	2.0000	244.0000	1.0000	queue=10.8144;delay=1.8256;waiting=13926.6148;pressure=105.7611;switches=0.8389;fairness=138.0039
ingolstadt7_fairness_heavy_dqn_reward_inference	REAL_TRAIN	0	82.8	100.0	-9.38	1.38	0.09	2950		-3.3894	queue=0.0398;delay=0.0;waiting=0.2122;pressure=0.0;switches=0.0;fairness=3.1374	final;warmstart	27.2857	222.5109	72.1354	27.0000	620.0000	2.0000	queue=0.7962;delay=0.6626;waiting=21.2204;pressure=19.975;switches=4.1667;fairness=78.435
ingolstadt7_fairness_heavy_dqn_reward_inference	SIM_TRAIN	54	71.3	0.0	-6.52	0.94	0.07	3012	-0.17	0.0000			0.0000						
ingolstadt7_fairness_heavy_dqn_reward_inference	SIM_TRAIN	55	71.1	0.0	-6.77	0.96	0.07	3012	-0.25	0.0000			64.1429						
ingolstadt7_fairness_heavy_dqn_reward_inference	REAL_TRAIN	2	82.8	100.0	-9.38	1.38	0.09	2950		-3.3894	queue=0.0398;delay=0.0;waiting=0.2122;pressure=0.0;switches=0.0;fairness=3.1374	final;ckpt	27.2857	222.5109	72.1354	27.0000	620.0000	2.0000	queue=0.7962;delay=0.6626;waiting=21.2204;pressure=19.975;switches=4.1667;fairness=78.435
ingolstadt7_fairness_heavy_dqn_reward_inference	SIM_TRAIN	56	75.0	1.7	-7.19	1.00	0.07	3011	-0.22	0.0000			0.0000						
ingolstadt7_fairness_heavy_dqn_reward_inference	SIM_TRAIN	57	74.3	0.5	-7.54	1.01	0.07	3012	-0.16	0.0000			42.4286						
ingolstadt7_fairness_heavy_dqn_reward_inference	REAL_TRAIN	4	379.7	100.0	-99.04	13.29	0.25	1823		-59.3687	queue=0.414;delay=0.0;waiting=43.6157;pressure=0.0;switches=0.0;fairness=15.339	final;ckpt	175.4286	727.1973	235.7524	13.0000	822.0000	0.0000	queue=8.2797;delay=1.754;waiting=4361.5711;pressure=97.6333;switches=2.1556;fairness=383.4744
ingolstadt7_fairness_heavy_dqn_reward_inference	SIM_TRAIN	58	70.4	0.4	-5.86	0.84	0.06	3012	-0.13	0.0000			0.0000						
ingolstadt7_fairness_heavy_dqn_reward_inference	SIM_TRAIN	59	69.6	0.4	-5.13	0.75	0.06	3012	-0.08	0.0000			0.0000						
ingolstadt7_fairness_heavy_dqn_reward_inference	REAL_TRAIN	6	826.5	100.0	-166.85	22.75	0.31	976		-193.3622	queue=0.697;delay=0.0;waiting=182.6312;pressure=0.0;switches=0.0;fairness=10.034	final;ckpt	89.4286	1101.4900	357.0967	10.0000	399.0000	6.0000	queue=13.9396;delay=2.1796;waiting=18263.1204;pressure=163.975;switches=0.7833;fairness=250.8506
ingolstadt7_fairness_heavy_dqn_reward_inference	SIM_TRAIN	60	69.7	0.4	-6.10	0.88	0.07	3012	-0.08	0.0000			26.0000						
ingolstadt7_fairness_heavy_dqn_reward_inference	SIM_TRAIN	61	70.4	0.3	-6.71	0.97	0.07	3011	-0.10	0.0000			0.0000						
ingolstadt7_fairness_heavy_dqn_reward_inference	REAL_TRAIN	8	418.3	100.0	-78.74	11.17	0.21	1425		-71.0523	queue=0.3291;delay=0.0;waiting=66.1644;pressure=0.0;switches=0.0;fairness=4.5587	final;ckpt	29.7143	567.6906	184.0415	13.0000	507.0000	2.0000	queue=6.5829;delay=1.4773;waiting=6616.4387;pressure=109.1417;switches=2.6639;fairness=113.9686
ingolstadt7_fairness_heavy_dqn_reward_inference	SIM_TRAIN	62	69.1	0.3	-5.87	0.83	0.06	3010	-0.10	0.0000			24.0000						
ingolstadt7_fairness_heavy_dqn_reward_inference	SIM_TRAIN	63	72.1	0.3	-5.48	0.78	0.06	3012	-0.08	0.0000			0.0000						
ingolstadt7_fairness_heavy_dqn_reward_inference	REAL_TRAIN	10	656.6	100.0	-144.56	20.04	0.31	1227		-138.7705	queue=0.6035;delay=0.0;waiting=124.9088;pressure=0.0;switches=0.0;fairness=13.2582	final;ckpt	144.2857	945.8490	306.6384	2.0000	655.0000	4.0000	queue=12.0694;delay=2.1768;waiting=12490.8768;pressure=107.6722;switches=1.2806;fairness=331.4561
ingolstadt7_fairness_heavy_dqn_reward_inference	SIM_TRAIN	64	68.4	0.3	-5.45	0.79	0.06	3012	-0.09	0.0000			0.0000						
ingolstadt7_fairness_heavy_dqn_reward_inference	SIM_TRAIN	65	69.1	0.3	-5.51	0.78	0.06	3011	-0.07	0.0000			65.1429						
ingolstadt7_fairness_heavy_dqn_reward_inference	REAL_TRAIN	12	606.2	100.0	-114.24	16.19	0.26	1291		-106.2745	queue=0.4766;delay=0.0;waiting=98.2297;pressure=0.0;switches=0.0;fairness=7.5681	final;ckpt	82.2857	768.6072	249.1776	6.0000	374.0000	6.0000	queue=9.5327;delay=1.8531;waiting=9822.9734;pressure=146.6361;switches=1.8139;fairness=189.2036
ingolstadt7_fairness_heavy_dqn_reward_inference	SIM_TRAIN	66	68.9	0.2	-5.88	0.84	0.06	3012	-0.07	0.0000			0.0000						
ingolstadt7_fairness_heavy_dqn_reward_inference	SIM_TRAIN	67	69.3	0.2	-5.41	0.78	0.06	3010	-0.08	0.0000			78.4286						
ingolstadt7_fairness_heavy_dqn_reward_inference	REAL_TRAIN	14	489.6	100.0	-84.79	12.17	0.23	1287		-91.7751	queue=0.3545;delay=0.0;waiting=85.2951;pressure=0.0;switches=0.0;fairness=6.1254	final;ckpt	78.2857	602.1621	195.2171	4.0000	476.0000	2.0000	queue=7.0905;delay=1.6357;waiting=8529.5129;pressure=117.525;switches=1.5306;fairness=153.1361
ingolstadt7_fairness_heavy_dqn_reward_inference	SIM_TRAIN	68	68.6	0.2	-5.60	0.79	0.06	3011	-0.07	0.0000			62.0000						
ingolstadt7_fairness_heavy_dqn_reward_inference	SIM_TRAIN	69	67.6	0.2	-5.32	0.75	0.06	3012	-0.08	0.0000			0.0000						
ingolstadt7_fairness_heavy_dqn_reward_inference	REAL_TRAIN	16	495.0	100.0	-103.10	14.45	0.24	1301		-107.1589	queue=0.431;delay=0.0;waiting=102.6355;pressure=0.0;switches=0.0;fairness=4.0924	final;ckpt	88.5714	698.6602	226.5013	9.0000	405.0000	3.0000	queue=8.6208;delay=1.6572;waiting=10263.5506;pressure=133.5889;switches=1.7833;fairness=102.3092
ingolstadt7_fairness_heavy_dqn_reward_inference	SIM_TRAIN	70	71.0	0.2	-5.55	0.81	0.06	3012	-0.10	0.0000			0.0000						
ingolstadt7_fairness_heavy_dqn_reward_inference	SIM_TRAIN	71	69.2	0.2	-5.77	0.82	0.06	3012	-0.08	0.0000			0.0000						
ingolstadt7_fairness_heavy_dqn_reward_inference	REAL_TRAIN	18	481.5	100.0	-94.04	13.25	0.24	1332		-100.5209	queue=0.3931;delay=0.0;waiting=93.4392;pressure=0.0;switches=0.0;fairness=6.6885	final;ckpt	39.8571	663.6339	215.1459	7.0000	419.0000	3.0000	queue=7.8624;delay=1.6937;waiting=9343.9229;pressure=110.0361;switches=1.5861;fairness=167.2131
ingolstadt7_fairness_heavy_dqn_reward_inference	SIM_TRAIN	72	68.5	0.2	-5.46	0.79	0.06	3010	-0.08	0.0000			0.0000						
ingolstadt7_fairness_heavy_dqn_reward_inference	SIM_TRAIN	73	74.3	0.1	-6.14	0.89	0.06	3012	-0.08	0.0000			0.0000						
ingolstadt7_fairness_heavy_dqn_reward_inference	REAL_TRAIN	20	512.4	100.0	-98.08	14.24	0.25	1275		-90.4293	queue=0.4104;delay=0.0;waiting=85.1196;pressure=0.0;switches=0.0;fairness=4.8993	final;ckpt	37.8571	677.8883	219.7671	11.0000	444.0000	3.0000	queue=8.2075;delay=1.7357;waiting=8511.9604;pressure=108.3833;switches=1.8861;fairness=122.4836
ingolstadt7_fairness_heavy_dqn_reward_inference	SIM_TRAIN	74	85.9	0.1	-6.15	0.89	0.07	3011	-0.21	0.0000			0.0000						
ingolstadt7_fairness_heavy_dqn_reward_inference	SIM_TRAIN	75	123.5	0.2	-12.06	1.54	0.08	2954	-0.27	0.0000			0.0000						
ingolstadt7_fairness_heavy_dqn_reward_inference	REAL_TRAIN	22	615.0	100.0	-109.72	15.27	0.26	1108		-118.7689	queue=0.4583;delay=0.0;waiting=112.1252;pressure=0.0;switches=0.0;fairness=6.1854	final;ckpt	49.8571	743.3495	240.9894	8.0000	423.0000	8.0000	queue=9.1664;delay=1.8262;waiting=11212.5216;pressure=140.525;switches=0.9417;fairness=154.635
ingolstadt7_fairness_heavy_dqn_reward_inference	SIM_TRAIN	76	73.7	0.2	-5.30	0.79	0.06	3012	-0.14	0.0000			0.0000						
ingolstadt7_fairness_heavy_dqn_reward_inference	SIM_TRAIN	77	72.9	0.3	-5.28	0.79	0.06	3011	-0.07	0.0000			0.0000						
ingolstadt7_fairness_heavy_dqn_reward_inference	REAL_TRAIN	24	466.1	100.0	-80.35	11.56	0.23	1278		-83.1850	queue=0.3359;delay=0.0;waiting=77.8808;pressure=0.0;switches=0.0;fairness=4.9683	final;ckpt	57.5714	582.5023	188.8435	8.0000	421.0000	7.0000	queue=6.718;delay=1.6112;waiting=7788.0774;pressure=105.9;switches=2.1861;fairness=124.2081
ingolstadt7_fairness_heavy_dqn_reward_inference	SIM_TRAIN	78	76.6	0.2	-6.72	0.94	0.07	3012	-0.08	0.0000			0.0000						
ingolstadt7_fairness_heavy_dqn_reward_inference	SIM_TRAIN	79	73.7	0.2	-7.68	1.06	0.06	3010	-0.09	0.0000			0.0000						
ingolstadt7_fairness_heavy_dqn_reward_inference	REAL_TRAIN	26	769.8	100.0	-133.78	18.10	0.27	950		-138.3645	queue=0.5587;delay=0.0;waiting=129.5688;pressure=0.0;switches=0.0;fairness=8.237	final;ckpt	60.7143	896.7027	290.7057	5.0000	414.0000	2.0000	queue=11.1748;delay=1.9034;waiting=12956.8773;pressure=161.9917;switches=1.0972;fairness=205.9244
ingolstadt7_fairness_heavy_dqn_reward_inference	SIM_TRAIN	80	68.6	0.2	-4.77	0.71	0.06	3009	-0.07	0.0000			0.0000						
ingolstadt7_fairness_heavy_dqn_reward_inference	SIM_TRAIN	81	138.4	0.2	-5.97	0.87	0.06	2937	-0.18	0.0000			0.0000						
ingolstadt7_fairness_heavy_dqn_reward_inference	REAL_TRAIN	28	815.6	100.0	-117.08	15.99	0.29	842		-122.1088	queue=0.4888;delay=0.0;waiting=117.2655;pressure=0.0;switches=0.0;fairness=4.3546	final;ckpt	24.5714	768.8712	249.2635	5.0000	329.0000	2.0000	queue=9.775;delay=2.03;waiting=11726.5467;pressure=130.2694;switches=0.9167;fairness=108.8653
ingolstadt7_fairness_heavy_dqn_reward_inference	SIM_TRAIN	82	183.9	0.3	-7.27	1.03	0.07	2892	-0.28	0.0000			0.0000						
ingolstadt7_fairness_heavy_dqn_reward_inference	SIM_TRAIN	83	87.2	0.4	-6.26	0.93	0.07	2994	-0.18	0.0000			46.7143						
ingolstadt7_fairness_heavy_dqn_reward_inference	REAL_TRAIN	30	597.7	100.0	-110.62	15.23	0.24	1141		-107.0111	queue=0.4626;delay=0.0;waiting=100.318;pressure=0.0;switches=0.0;fairness=6.2306	final;ckpt	66.0000	772.4913	250.4370	8.0000	376.0000	2.0000	queue=9.2512;delay=1.6814;waiting=10031.7989;pressure=136.4639;switches=2.3972;fairness=155.7639
ingolstadt7_fairness_heavy_dqn_reward_inference	SIM_TRAIN	84	145.5	0.3	-5.11	0.75	0.06	2874	-0.15	0.0000			0.0000						
ingolstadt7_fairness_heavy_dqn_reward_inference	SIM_TRAIN	85	70.9	0.4	-5.73	0.81	0.06	3012	-0.15	0.0000			0.0000						
ingolstadt7_fairness_heavy_dqn_reward_inference	REAL_TRAIN	32	584.5	100.0	-112.24	15.15	0.27	1186		-89.4304	queue=0.4686;delay=0.0;waiting=79.0354;pressure=0.0;switches=0.0;fairness=9.9263	final;ckpt	73.1429	786.5585	254.9973	8.0000	507.0000	17.0000	queue=9.3729;delay=1.881;waiting=7903.5407;pressure=137.8194;switches=1.3861;fairness=248.1583
ingolstadt7_fairness_heavy_dqn_reward_inference	SIM_TRAIN	86	135.2	0.4	-6.65	1.01	0.07	2968	-0.25	0.0000			0.0000						
ingolstadt7_fairness_heavy_dqn_reward_inference	SIM_TRAIN	87	81.0	0.5	-6.30	0.91	0.06	3010	-0.10	0.0000			0.0000						
ingolstadt7_fairness_heavy_dqn_reward_inference	REAL_TRAIN	34	630.7	100.0	-111.06	15.25	0.26	1103		-117.8036	queue=0.4646;delay=0.0;waiting=111.0014;pressure=0.0;switches=0.0;fairness=6.3375	final;ckpt	70.4286	788.1308	255.5073	19.0000	424.0000	0.0000	queue=9.2929;delay=1.8079;waiting=11100.1387;pressure=135.4528;switches=1.6944;fairness=158.4381
ingolstadt7_fairness_heavy_dqn_reward_inference	SIM_TRAIN	88	148.3	0.5	-7.09	1.04	0.07	2879	-0.28	0.0000			0.0000						
ingolstadt7_fairness_heavy_dqn_reward_inference	SIM_TRAIN	89	154.9	0.5	-6.81	1.00	0.07	2880	-0.28	0.0000			0.0000						
ingolstadt7_fairness_heavy_dqn_reward_inference	REAL_TRAIN	36	152.9	100.0	-23.84	3.35	0.12	2460		-10.8178	queue=0.1;delay=0.0;waiting=8.1951;pressure=0.0;switches=0.0;fairness=2.5227	final;ckpt	71.1429	268.2472	86.9631	22.0000	714.0000	4.0000	queue=1.9995;delay=0.8744;waiting=819.5127;pressure=36.9972;switches=2.4028;fairness=63.0678
ingolstadt7_fairness_heavy_dqn_reward_inference	SIM_TRAIN	90	150.6	0.6	-6.07	0.88	0.06	2876	-0.21	0.0000			0.0000						
ingolstadt7_fairness_heavy_dqn_reward_inference	SIM_TRAIN	91	193.5	0.6	-6.16	0.88	0.06	2807	-0.20	0.0000			0.0000						
ingolstadt7_fairness_heavy_dqn_reward_inference	REAL_TRAIN	38	451.1	100.0	-69.78	9.85	0.22	1319		-73.0077	queue=0.2916;delay=0.0;waiting=69.3023;pressure=0.0;switches=0.0;fairness=3.4138	final;ckpt	16.4286	519.5075	168.4209	10.0000	355.0000	3.0000	queue=5.8312;delay=1.5225;waiting=6930.2256;pressure=85.7056;switches=1.375;fairness=85.3461
ingolstadt7_fairness_heavy_dqn_reward_inference	SIM_TRAIN	92	176.8	0.6	-6.33	0.90	0.07	2835	-0.24	0.0000			0.0000						
ingolstadt7_fairness_heavy_dqn_reward_inference	SIM_TRAIN	93	187.1	0.7	-6.49	0.94	0.07	2816	-0.21	0.0000			166.0000						
ingolstadt7_fairness_heavy_dqn_reward_inference	REAL_TRAIN	40	448.7	100.0	-75.84	11.11	0.19	1352		-83.3050	queue=0.3171;delay=0.0;waiting=81.2424;pressure=0.0;switches=0.0;fairness=1.7456	final;ckpt	5.2857	559.3474	181.3369	7.0000	298.0000	1.0000	queue=6.3411;delay=1.3609;waiting=8124.2363;pressure=111.7944;switches=1.5222;fairness=43.6392
ingolstadt7_fairness_heavy_dqn_reward_inference	SIM_TRAIN	94	118.0	0.7	-6.57	0.96	0.07	2936	-0.20	0.0000			0.0000						
ingolstadt7_fairness_heavy_dqn_reward_inference	SIM_TRAIN	95	135.1	0.8	-5.71	0.84	0.06	2907	-0.18	0.0000			0.0000						
ingolstadt7_fairness_heavy_dqn_reward_inference	REAL_TRAIN	42	399.0	100.0	-57.71	8.76	0.21	1399		-63.4472	queue=0.2413;delay=0.0;waiting=60.1416;pressure=0.0;switches=0.0;fairness=3.0644	final;ckpt	19.1429	459.9563	149.1148	5.0000	425.0000	3.0000	queue=4.8258;delay=1.4711;waiting=6014.1568;pressure=80.9194;switches=1.5417;fairness=76.6089
ingolstadt7_fairness_heavy_dqn_reward_inference	SIM_TRAIN	96	178.5	0.7	-5.59	0.81	0.06	2823	-0.16	0.0000			0.0000						
ingolstadt7_fairness_heavy_dqn_reward_inference	SIM_TRAIN	97	169.3	0.7	-5.55	0.83	0.06	2842	-0.17	0.0000			0.0000						
ingolstadt7_fairness_heavy_dqn_reward_inference	REAL_TRAIN	44	463.4	100.0	-68.61	9.90	0.21	1247		-61.4593	queue=0.286;delay=0.0;waiting=57.0882;pressure=0.0;switches=0.0;fairness=4.0851	final;ckpt	14.8571	460.1818	149.1878	4.0000	328.0000	1.0000	queue=5.7204;delay=1.4624;waiting=5708.8209;pressure=88.1806;switches=1.0444;fairness=102.1275
ingolstadt7_fairness_heavy_dqn_reward_inference	SIM_TRAIN	98	137.2	0.7	-5.76	0.83	0.06	2899	-0.16	0.0000			0.0000						
ingolstadt7_fairness_heavy_dqn_reward_inference	SIM_TRAIN	99	175.0	0.8	-5.79	0.84	0.07	2827	-0.18	0.0000			13.1429						
ingolstadt7_fairness_heavy_dqn_reward_inference	REAL_TRAIN	46	434.1	100.0	-71.12	10.41	0.19	1349		-79.3256	queue=0.297;delay=0.0;waiting=76.8735;pressure=0.0;switches=0.0;fairness=2.1551	final;ckpt	7.8571	534.1070	173.1541	7.0000	366.0000	5.0000	queue=5.9397;delay=1.306;waiting=7687.3514;pressure=104.9083;switches=1.6528;fairness=53.8769
ingolstadt7_fairness_heavy_dqn_reward_inference	SIM_TRAIN	100	142.6	0.8	-6.38	0.93	0.07	2890	-0.21	0.0000			0.0000						
ingolstadt7_fairness_heavy_dqn_reward_inference	SIM_TRAIN	101	111.0	0.7	-6.90	1.01	0.07	2980	-0.20	0.0000			17.4286						
ingolstadt7_fairness_heavy_dqn_reward_inference	REAL_TRAIN	48	399.5	100.0	-64.78	9.54	0.19	1422		-41.6572	queue=0.2702;delay=0.0;waiting=38.706;pressure=0.0;switches=0.0;fairness=2.681	final;ckpt	5.1429	469.9223	152.3456	10.0000	407.0000	0.0000	queue=5.404;delay=1.3204;waiting=3870.6002;pressure=83.8639;switches=1.1361;fairness=67.0256
ingolstadt7_fairness_heavy_dqn_reward_inference	SIM_TRAIN	102	115.0	0.7	-10.05	1.17	0.07	2965	-0.25	0.0000			0.0000						
ingolstadt7_fairness_heavy_dqn_reward_inference	SIM_TRAIN	103	138.2	0.7	-5.99	0.87	0.07	2939	-0.17	0.0000			0.0000						
ingolstadt7_fairness_heavy_dqn_reward_inference	REAL_TRAIN	50	537.7	100.0	-95.71	13.60	0.25	1278		-88.9845	queue=0.3996;delay=0.0;waiting=84.8375;pressure=0.0;switches=0.0;fairness=3.7474	final;ckpt	25.7143	671.5049	217.6977	6.0000	362.0000	7.0000	queue=7.9921;delay=1.7218;waiting=8483.7457;pressure=133.1139;switches=1.525;fairness=93.685
ingolstadt7_fairness_heavy_dqn_reward_inference	SIM_TRAIN	104	92.0	0.7	-6.89	1.00	0.07	2992	-0.22	0.0000			0.0000						
ingolstadt7_fairness_heavy_dqn_reward_inference	SIM_TRAIN	105	167.6	0.7	-6.46	0.92	0.07	2893	-0.23	0.0000			0.0000						
ingolstadt7_fairness_heavy_dqn_reward_inference	REAL_TRAIN	52	467.2	100.0	-74.28	10.69	0.21	1309		-75.0444	queue=0.3105;delay=0.0;waiting=70.8696;pressure=0.0;switches=0.0;fairness=3.8643	final;ckpt	17.4286	550.1927	178.3689	15.0000	379.0000	3.0000	queue=6.2094;delay=1.4976;waiting=7086.9563;pressure=102.3583;switches=2.1056;fairness=96.6086
ingolstadt7_fairness_heavy_dqn_reward_inference	SIM_TRAIN	106	138.6	0.6	-6.52	0.96	0.07	2919	-0.18	0.0000			0.0000						
ingolstadt7_fairness_heavy_dqn_reward_inference	SIM_TRAIN	107	152.5	0.7	-5.97	0.88	0.06	2891	-0.15	0.0000			0.0000						
ingolstadt7_fairness_heavy_dqn_reward_inference	REAL_TRAIN	54	709.4	100.0	-161.59	21.39	0.29	1115		-167.4507	queue=0.6753;delay=0.0;waiting=156.8489;pressure=0.0;switches=0.0;fairness=9.9265	final;ckpt	81.4286	1072.2319	347.6113	8.0000	460.0000	6.0000	queue=13.5058;delay=2.0594;waiting=15684.8908;pressure=168.8306;switches=1.1944;fairness=248.1628
ingolstadt7_fairness_heavy_dqn_reward_inference	SIM_TRAIN	108	138.7	0.6	-5.39	0.79	0.06	2877	-0.15	0.0000			0.0000						
ingolstadt7_fairness_heavy_dqn_reward_inference	SIM_TRAIN	109	70.1	0.6	-5.50	0.81	0.06	3011	-0.07	0.0000			13.0000						
ingolstadt7_fairness_heavy_dqn_reward_inference	REAL_TRAIN	56	807.1	100.0	-189.08	24.74	0.31	1014		-203.4537	queue=0.7899;delay=0.0;waiting=193.0663;pressure=0.0;switches=0.0;fairness=9.5974	final;ckpt	63.5714	1207.1019	391.3354	13.0000	468.0000	7.0000	queue=15.799;delay=2.1673;waiting=19306.6326;pressure=163.5194;switches=1.4194;fairness=239.9358
ingolstadt7_fairness_heavy_dqn_reward_inference	SIM_TRAIN	110	120.3	0.6	-6.03	0.88	0.06	2928	-0.20	0.0000			0.0000						
ingolstadt7_fairness_heavy_dqn_reward_inference	SIM_TRAIN	111	749.1	1.1	-107.47	14.37	0.21	1767	-6.43	0.0000			128.0000						
ingolstadt7_fairness_heavy_dqn_reward_inference	REAL_TRAIN	58	231.3	100.0	-39.24	5.33	0.16	1920		-14.5995	queue=0.1635;delay=0.0;waiting=11.3108;pressure=0.0;switches=0.0;fairness=3.1252	final;ckpt	72.4286	331.5706	107.4923	23.0000	551.0000	5.0000	queue=3.2705;delay=1.1395;waiting=1131.0804;pressure=50.0528;switches=2.45;fairness=78.1294
ingolstadt7_fairness_heavy_dqn_reward_inference	SIM_TRAIN	112	201.0	4.7	-16.74	2.38	0.09	2849	-1.02	0.0000			239.1429						
ingolstadt7_fairness_heavy_dqn_reward_inference	SIM_TRAIN	113	696.5	7.4	-76.53	10.66	0.16	1834	-3.80	0.0000			101.2857						
ingolstadt7_fairness_heavy_dqn_reward_inference	REAL_TRAIN	60	218.1	100.0	-66.49	9.23	0.19	2233		-21.5588	queue=0.2776;delay=0.0;waiting=15.332;pressure=0.0;switches=0.0;fairness=5.9493	final;ckpt	76.5714	516.0107	167.2866	24.0000	789.0000	15.0000	queue=5.5513;delay=1.3545;waiting=1533.1979;pressure=84.9778;switches=2.3806;fairness=148.7319
ingolstadt7_fairness_heavy_dqn_reward_inference	SIM_TRAIN	114	1208.8	8.1	-127.87	16.73	0.23	1192	-11.07	0.0000			61.8571						
ingolstadt7_fairness_heavy_dqn_reward_inference	SIM_TRAIN	115	1201.5	12.4	-124.46	16.20	0.24	1210	-10.55	0.0000			62.7143						
ingolstadt7_fairness_heavy_dqn_reward_inference	REAL_TRAIN	62	540.9	100.0	-110.96	15.20	0.25	1174		-104.4232	queue=0.4625;delay=0.0;waiting=98.9447;pressure=0.0;switches=0.0;fairness=5.016	final;ckpt	46.4286	785.1146	254.5293	14.0000	648.0000	14.0000	queue=9.2503;delay=1.784;waiting=9894.4682;pressure=136.0611;switches=1.75;fairness=125.4003
ingolstadt7_fairness_heavy_dqn_reward_inference	SIM_TRAIN	116	808.6	15.6	-106.37	14.23	0.21	1686	-6.46	0.0000			120.7143						
ingolstadt7_fairness_heavy_dqn_reward_inference	SIM_TRAIN	117	694.6	17.6	-85.98	11.46	0.18	1770	-5.74	0.0000			116.2857						
ingolstadt7_fairness_heavy_dqn_reward_inference	REAL_TRAIN	64	735.4	100.0	-177.73	23.07	0.30	1026		-175.8951	queue=0.7421;delay=0.0;waiting=164.824;pressure=0.0;switches=0.0;fairness=10.329	final;ckpt	65.4286	1117.6544	362.3370	10.0000	660.0000	9.0000	queue=14.8424;delay=2.1138;waiting=16482.398;pressure=122.8833;switches=1.8028;fairness=258.2261
ingolstadt7_fairness_heavy_dqn_reward_inference	SIM_TRAIN	118	96.7	17.2	-21.69	3.02	0.11	3012	-0.34	0.0000			0.0000						
ingolstadt7_fairness_heavy_dqn_reward_inference	SIM_TRAIN	119	118.1	17.0	-20.96	2.99	0.11	2996	-0.43	0.0000			21.2857						
ingolstadt7_fairness_heavy_dqn_reward_inference	REAL_TRAIN	66	1139.9	100.0	-210.75	28.67	0.35	746		-238.3567	queue=0.8798;delay=0.0;waiting=227.9284;pressure=0.0;switches=0.0;fairness=9.5485	final;ckpt	84.0000	1417.0392	459.3960	9.0000	461.0000	0.0000	queue=17.5954;delay=2.4173;waiting=22792.8418;pressure=219.4222;switches=1.5028;fairness=238.7117
ingolstadt7_fairness_heavy_dqn_reward_inference	SIM_TRAIN	120	97.9	17.8	-13.25	1.84	0.09	2984	-0.32	0.0000			0.0000						
ingolstadt7_fairness_heavy_dqn_reward_inference	SIM_TRAIN	121	200.1	17.4	-10.52	1.46	0.08	2805	-0.18	0.0000			0.0000						
ingolstadt7_fairness_heavy_dqn_reward_inference	REAL_TRAIN	68	655.0	100.0	-138.62	18.21	0.26	1014		-142.1605	queue=0.5787;delay=0.0;waiting=134.1322;pressure=0.0;switches=0.0;fairness=7.4496	final;ckpt	56.0000	848.0516	274.9332	9.0000	550.0000	14.0000	queue=11.5738;delay=1.8433;waiting=13413.2209;pressure=105.8417;switches=1.6667;fairness=186.2411
ingolstadt7_fairness_heavy_dqn_reward_inference	SIM_TRAIN	122	209.0	17.1	-12.23	1.76	0.09	2801	-0.27	0.0000			0.0000						
ingolstadt7_fairness_heavy_dqn_reward_inference	SIM_TRAIN	123	185.9	17.2	-10.42	1.39	0.08	2812	-0.20	0.0000			0.0000						
ingolstadt7_fairness_heavy_dqn_reward_inference	REAL_TRAIN	70	692.6	100.0	-159.72	20.41	0.26	956		-143.4002	queue=0.6663;delay=0.0;waiting=135.4441;pressure=0.0;switches=0.0;fairness=7.2898	final;ckpt	59.0000	939.7109	304.6485	10.0000	611.0000	18.0000	queue=13.3258;delay=1.8539;waiting=13544.4128;pressure=137.5833;switches=1.3333;fairness=182.2439
ingolstadt7_fairness_heavy_dqn_reward_inference	SIM_TRAIN	124	199.9	16.6	-11.22	1.47	0.09	2802	-0.19	0.0000			0.0000						
ingolstadt7_fairness_heavy_dqn_reward_inference	SIM_TRAIN	125	182.2	15.4	-11.14	1.42	0.09	2876	-0.26	0.0000			0.0000						
ingolstadt7_fairness_heavy_dqn_reward_inference	REAL_TRAIN	72	899.9	100.0	-201.91	26.73	0.36	857		-200.2322	queue=0.8425;delay=0.0;waiting=188.1335;pressure=0.0;switches=0.0;fairness=11.2562	final;ckpt	73.1429	1262.9371	409.4369	6.0000	640.0000	19.0000	queue=16.8508;delay=2.5539;waiting=18813.3465;pressure=90.7417;switches=1.275;fairness=281.4058
ingolstadt7_fairness_heavy_dqn_reward_inference	SIM_TRAIN	126	134.6	14.8	-11.83	1.53	0.10	2944	-0.32	0.0000			0.0000						
ingolstadt7_fairness_heavy_dqn_reward_inference	SIM_TRAIN	127	78.2	12.1	-11.53	1.58	0.09	3010	-0.24	0.0000			0.0000						
ingolstadt7_fairness_heavy_dqn_reward_inference	REAL_TRAIN	74	868.0	100.0	-224.94	29.60	0.34	920		-214.8323	queue=0.9389;delay=0.0;waiting=204.12;pressure=0.0;switches=0.0;fairness=9.7734	final;ckpt	70.1429	1363.1307	441.9190	9.0000	686.0000	16.0000	queue=18.7775;delay=2.4148;waiting=20412.0008;pressure=127.2972;switches=1.4083;fairness=244.3358
ingolstadt7_fairness_heavy_dqn_reward_inference	SIM_TRAIN	128	126.6	9.0	-10.11	1.43	0.08	2915	-0.27	0.0000			0.0000						
ingolstadt7_fairness_heavy_dqn_reward_inference	SIM_TRAIN	129	112.9	6.1	-11.15	1.59	0.09	3012	-0.34	0.0000			0.0000						
ingolstadt7_fairness_heavy_dqn_reward_inference	REAL_TRAIN	76	1108.0	100.0	-218.00	27.80	0.36	613		-228.2019	queue=0.9101;delay=0.0;waiting=215.6159;pressure=0.0;switches=0.0;fairness=11.6759	final;ckpt	82.1429	1371.0338	444.4814	1.0000	465.0000	8.0000	queue=18.2015;delay=2.5052;waiting=21561.593;pressure=163.2167;switches=0.8194;fairness=291.8975
ingolstadt7_fairness_heavy_dqn_reward_inference	SIM_TRAIN	130	149.4	3.3	-8.07	1.12	0.08	2919	-0.30	0.0000			0.0000						
ingolstadt7_fairness_heavy_dqn_reward_inference	SIM_TRAIN	131	96.4	1.6	-10.46	1.38	0.08	2939	-0.24	0.0000			0.0000						
ingolstadt7_fairness_heavy_dqn_reward_inference	REAL_TRAIN	78	922.1	100.0	-184.11	24.34	0.33	767		-196.2121	queue=0.7687;delay=0.0;waiting=185.3519;pressure=0.0;switches=0.0;fairness=10.0915	final;ckpt	70.0000	1191.4726	386.2686	4.0000	464.0000	7.0000	queue=15.3732;delay=2.3152;waiting=18535.1931;pressure=150.7972;switches=1.0556;fairness=252.2886
ingolstadt7_fairness_heavy_dqn_reward_inference	SIM_TRAIN	132	218.9	0.8	-11.08	1.64	0.08	2814	-0.24	0.0000			0.0000						
ingolstadt7_fairness_heavy_dqn_reward_inference	SIM_TRAIN	133	189.9	0.8	-7.15	1.06	0.07	2807	-0.14	0.0000			0.0000						
ingolstadt7_fairness_heavy_dqn_reward_inference	REAL_TRAIN	80	968.9	100.0	-188.27	24.76	0.32	725		-197.7626	queue=0.7859;delay=0.0;waiting=187.2926;pressure=0.0;switches=0.0;fairness=9.6841	final;ckpt	60.5714	1220.7253	395.7522	3.0000	533.0000	11.0000	queue=15.7186;delay=2.2605;waiting=18729.2581;pressure=159.4056;switches=1.075;fairness=242.1025
ingolstadt7_fairness_heavy_dqn_reward_inference	SIM_TRAIN	134	710.5	1.1	-103.12	13.81	0.19	1789	-6.09	0.0000			135.8571						
ingolstadt7_fairness_heavy_dqn_reward_inference	SIM_TRAIN	135	191.8	3.1	-9.16	1.36	0.07	2812	-0.23	0.0000			0.0000						
ingolstadt7_fairness_heavy_dqn_reward_inference	REAL_TRAIN	82	772.7	100.0	-163.18	21.53	0.31	952		-183.1542	queue=0.6819;delay=0.0;waiting=171.9799;pressure=0.0;switches=0.0;fairness=10.4924	final;ckpt	88.7143	1081.7878	350.7094	6.0000	444.0000	4.0000	queue=13.6385;delay=2.1963;waiting=17197.9935;pressure=145.1028;switches=1.4528;fairness=262.3094
ingolstadt7_fairness_heavy_dqn_reward_inference	SIM_TRAIN	136	181.9	3.5	-17.81	2.54	0.09	2859	-0.58	0.0000			272.8571						
ingolstadt7_fairness_heavy_dqn_reward_inference	SIM_TRAIN	137	192.1	4.1	-8.07	1.17	0.08	2825	-0.27	0.0000			0.0000						
ingolstadt7_fairness_heavy_dqn_reward_inference	REAL_TRAIN	84	346.1	100.0	-60.23	8.68	0.19	1495		-58.4554	queue=0.2515;delay=0.0;waiting=50.6387;pressure=0.0;switches=0.0;fairness=7.5652	final;ckpt	128.7143	481.8278	156.2053	8.0000	569.0000	5.0000	queue=5.0302;delay=1.3204;waiting=5063.8685;pressure=77.0028;switches=1.6806;fairness=189.1297
ingolstadt7_fairness_heavy_dqn_reward_inference	SIM_TRAIN	138	115.4	5.0	-9.74	1.40	0.08	2949	-0.26	0.0000			0.0000						
ingolstadt7_fairness_heavy_dqn_reward_inference	SIM_TRAIN	139	72.8	4.8	-7.59	1.05	0.07	3012	-0.11	0.0000			0.0000						
ingolstadt7_fairness_heavy_dqn_reward_inference	REAL_TRAIN	86	576.4	100.0	-106.42	13.55	0.20	1077		-109.6949	queue=0.445;delay=0.0;waiting=103.1911;pressure=0.0;switches=0.0;fairness=6.0588	final;ckpt	56.4286	649.0466	210.4169	8.0000	373.0000	2.0000	queue=8.8998;delay=1.4055;waiting=10319.1074;pressure=90.4361;switches=1.9028;fairness=151.4703
ingolstadt7_fairness_heavy_dqn_reward_inference	SIM_TRAIN	140	76.2	5.6	-7.31	1.00	0.07	3009	-0.13	0.0000			12.4286						
ingolstadt7_fairness_heavy_dqn_reward_inference	SIM_TRAIN	141	101.4	4.9	-9.58	1.36	0.08	2986	-0.31	0.0000			78.2857						
ingolstadt7_fairness_heavy_dqn_reward_inference	REAL_TRAIN	88	612.6	100.0	-103.20	14.15	0.23	1062		-107.0959	queue=0.4311;delay=0.0;waiting=101.0762;pressure=0.0;switches=0.0;fairness=5.5885	final;ckpt	75.8571	732.5276	237.4810	3.0000	446.0000	2.0000	queue=8.6228;delay=1.5844;waiting=10107.6237;pressure=124.4722;switches=1.4583;fairness=139.7125
ingolstadt7_fairness_heavy_dqn_reward_inference	SIM_TRAIN	142	77.4	5.2	-6.96	0.99	0.07	3011	-0.14	0.0000			0.0000						
ingolstadt7_fairness_heavy_dqn_reward_inference	SIM_TRAIN	143	70.6	4.7	-6.95	1.01	0.07	3011	-0.10	0.0000			0.0000						
ingolstadt7_fairness_heavy_dqn_reward_inference	REAL_TRAIN	90	367.4	100.0	-85.55	12.28	0.21	1540		-77.6321	queue=0.3568;delay=0.0;waiting=72.2861;pressure=0.0;switches=0.0;fairness=4.9892	final;ckpt	45.1429	631.7475	204.8083	10.0000	588.0000	3.0000	queue=7.1357;delay=1.4718;waiting=7228.6106;pressure=114.3917;switches=1.9056;fairness=124.7303
ingolstadt7_fairness_heavy_dqn_reward_inference	SIM_TRAIN	144	71.6	5.7	-7.15	1.03	0.06	3011	-0.10	0.0000			0.0000						
ingolstadt7_fairness_heavy_dqn_reward_inference	SIM_TRAIN	145	68.8	5.1	-5.55	0.77	0.06	3012	-0.11	0.0000			0.0000						
ingolstadt7_fairness_heavy_dqn_reward_inference	REAL_TRAIN	92	385.3	100.0	-71.56	10.23	0.18	1445		-66.2588	queue=0.2988;delay=0.0;waiting=62.4738;pressure=0.0;switches=0.0;fairness=3.4862	final;ckpt	32.4286	534.4164	173.2543	11.0000	458.0000	5.0000	queue=5.9769;delay=1.2894;waiting=6247.3755;pressure=99.0722;switches=2.3583;fairness=87.155
ingolstadt7_fairness_heavy_dqn_reward_inference	SIM_TRAIN	146	92.0	5.9	-11.36	1.60	0.08	3010	-0.66	0.0000			0.0000						
ingolstadt7_fairness_heavy_dqn_reward_inference	SIM_TRAIN	147	81.1	5.2	-8.03	1.14	0.07	3011	-0.34	0.0000			0.0000						
ingolstadt7_fairness_heavy_dqn_reward_inference	REAL_TRAIN	94	605.4	100.0	-105.80	14.80	0.23	1090		-107.7362	queue=0.4421;delay=0.0;waiting=101.6816;pressure=0.0;switches=0.0;fairness=5.6125	final;ckpt	106.1429	739.9786	239.8966	6.0000	434.0000	1.0000	queue=8.8418;delay=1.5928;waiting=10168.1571;pressure=135.9417;switches=1.8222;fairness=140.3128
ingolstadt7_fairness_heavy_dqn_reward_inference	SIM_TRAIN	148	69.2	3.9	-6.01	0.88	0.06	3011	-0.10	0.0000			0.0000						
ingolstadt7_fairness_heavy_dqn_reward_inference	SIM_TRAIN	149	69.2	2.9	-5.95	0.85	0.06	3011	-0.06	0.0000			0.0000						
ingolstadt7_fairness_heavy_dqn_reward_inference	REAL_TRAIN	96	751.0	100.0	-157.80	21.76	0.26	1001		-167.7839	queue=0.659;delay=0.0;waiting=159.5451;pressure=0.0;switches=0.0;fairness=7.5798	final;ckpt	91.0000	1046.5928	339.2993	10.0000	421.0000	4.0000	queue=13.1807;delay=1.8389;waiting=15954.5135;pressure=87.9167;switches=1.6889;fairness=189.4944
ingolstadt7_fairness_heavy_dqn_reward_inference	SIM_TRAIN	150	71.0	2.4	-6.90	1.02	0.06	3010	-0.12	0.0000			0.0000						
ingolstadt7_fairness_heavy_dqn_reward_inference	SIM_TRAIN	151	71.2	1.4	-7.44	1.11	0.07	3011	-0.10	0.0000			44.1429						
ingolstadt7_fairness_heavy_dqn_reward_inference	REAL_TRAIN	98	542.6	100.0	-123.03	16.85	0.24	1345		-134.9252	queue=0.5145;delay=0.0;waiting=125.8499;pressure=0.0;switches=0.0;fairness=8.5607	final;ckpt	109.8571	871.5298	282.5446	9.0000	618.0000	4.0000	queue=10.2904;delay=1.6492;waiting=12584.9939;pressure=155.0111;switches=1.8;fairness=214.0183
ingolstadt7_fairness_heavy_dqn_reward_inference	SIM_TRAIN	152	131.5	1.7	-30.18	4.28	0.10	2787	-1.54	0.0000			247.8571						
ingolstadt7_fairness_heavy_dqn_reward_inference	SIM_TRAIN	153	157.0	5.9	-38.72	5.36	0.12	2774	-1.82	0.0000			229.1429						
ingolstadt7_fairness_heavy_dqn_reward_inference	REAL_TRAIN	100	684.6	100.0	-119.58	15.33	0.22	913		-126.8831	queue=0.4997;delay=0.0;waiting=119.5478;pressure=0.0;switches=0.0;fairness=6.8356	final;ckpt	65.5714	713.8027	231.4105	5.0000	351.0000	1.0000	queue=9.9938;delay=1.5296;waiting=11954.7796;pressure=97.8333;switches=1.4667;fairness=170.8903
ingolstadt7_fairness_heavy_dqn_reward_inference	SIM_TRAIN	154	130.8	7.1	-28.74	4.11	0.09	2808	-1.25	0.0000			251.7143						
ingolstadt7_fairness_heavy_dqn_reward_inference	SIM_TRAIN	155	72.3	8.4	-8.60	1.10	0.06	3011	-0.08	0.0000			0.0000						
ingolstadt7_fairness_heavy_dqn_reward_inference	REAL_TRAIN	102	724.3	100.0	-133.65	17.76	0.26	1005		-154.2596	queue=0.5583;delay=0.0;waiting=142.2509;pressure=0.0;switches=0.0;fairness=11.4504	final;ckpt	113.0000	936.8599	303.7246	3.0000	401.0000	5.0000	queue=11.1655;delay=1.8;waiting=14225.0879;pressure=145.4889;switches=1.3556;fairness=286.2608
ingolstadt7_fairness_heavy_dqn_reward_inference	SIM_TRAIN	156	76.0	8.5	-9.50	1.49	0.06	3012	-0.11	0.0000			0.0000						
ingolstadt7_fairness_heavy_dqn_reward_inference	SIM_TRAIN	157	79.6	8.2	-10.57	1.52	0.07	3010	-0.21	0.0000			0.0000						
ingolstadt7_fairness_heavy_dqn_reward_inference	REAL_TRAIN	104	554.2	100.0	-108.47	14.48	0.18	1116		-125.9456	queue=0.4535;delay=0.0;waiting=120.2203;pressure=0.0;switches=0.0;fairness=5.2718	final;ckpt	73.8571	649.7557	210.6468	5.0000	385.0000	3.0000	queue=9.0698;delay=1.2679;waiting=12022.0315;pressure=99.2611;switches=1.7556;fairness=131.7942
ingolstadt7_fairness_heavy_dqn_reward_inference	SIM_TRAIN	158	71.9	8.3	-6.93	1.06	0.06	3012	-0.11	0.0000			0.0000						
ingolstadt7_fairness_heavy_dqn_reward_inference	SIM_TRAIN	159	76.9	6.6	-10.84	1.61	0.06	3012	-0.11	0.0000			0.0000						
ingolstadt7_fairness_heavy_dqn_reward_inference	REAL_TRAIN	106	866.4	100.0	-173.85	23.38	0.28	834		-188.1288	queue=0.7258;delay=0.0;waiting=178.1692;pressure=0.0;switches=0.0;fairness=9.2337	final;ckpt	59.5714	1046.7567	339.3525	8.0000	409.0000	7.0000	queue=14.517;delay=1.9871;waiting=17816.9246;pressure=126.1917;switches=1.1417;fairness=230.8425
ingolstadt7_fairness_heavy_dqn_reward_inference	SIM_TRAIN	160	70.6	7.0	-6.95	1.08	0.06	3010	-0.08	0.0000			0.0000						
ingolstadt7_fairness_heavy_dqn_reward_inference	SIM_TRAIN	161	69.2	6.2	-5.96	0.87	0.06	3011	-0.12	0.0000			0.0000						
ingolstadt7_fairness_heavy_dqn_reward_inference	REAL_TRAIN	108	804.1	100.0	-156.69	20.56	0.30	962		-174.2949	queue=0.6544;delay=0.0;waiting=163.6335;pressure=0.0;switches=0.0;fairness=10.007	final;ckpt	74.0000	1048.5151	339.9225	6.0000	452.0000	4.0000	queue=13.0889;delay=2.0871;waiting=16363.3479;pressure=143.1611;switches=1.2583;fairness=250.1747
ingolstadt7_fairness_heavy_dqn_reward_inference	SIM_TRAIN	162	70.6	6.1	-6.57	0.97	0.06	3011	-0.07	0.0000			0.0000						
ingolstadt7_fairness_heavy_dqn_reward_inference	SIM_TRAIN	163	70.8	6.3	-6.90	1.04	0.06	3012	-0.11	0.0000			0.0000						
ingolstadt7_fairness_heavy_dqn_reward_inference	REAL_TRAIN	110	898.2	100.0	-151.92	19.92	0.30	752		-179.2832	queue=0.6345;delay=0.0;waiting=166.7381;pressure=0.0;switches=0.0;fairness=11.9105	final;ckpt	114.8571	998.8880	323.8338	4.0000	421.0000	3.0000	queue=12.6902;delay=2.0697;waiting=16673.8143;pressure=129.4667;switches=1.3389;fairness=297.7636
ingolstadt7_fairness_heavy_dqn_reward_inference	SIM_TRAIN	164	117.5	6.3	-23.79	3.40	0.09	2787	-1.43	0.0000			260.5714						
ingolstadt7_fairness_heavy_dqn_reward_inference	SIM_TRAIN	165	68.8	7.4	-5.75	0.88	0.06	3012	-0.07	0.0000			0.0000						
ingolstadt7_fairness_heavy_dqn_reward_inference	REAL_TRAIN	112	814.2	100.0	-125.72	15.98	0.22	724		-139.4772	queue=0.525;delay=0.0;waiting=131.7677;pressure=0.0;switches=0.0;fairness=7.1845	final;ckpt	65.7143	726.1270	235.4062	2.0000	323.0000	0.0000	queue=10.5;delay=1.5305;waiting=13176.7724;pressure=97.4778;switches=1.0639;fairness=179.6131
ingolstadt7_fairness_heavy_dqn_reward_inference	SIM_TRAIN	166	68.4	9.6	-5.28	0.78	0.06	3011	-0.09	0.0000			0.0000						
ingolstadt7_fairness_heavy_dqn_reward_inference	SIM_TRAIN	167	78.0	5.2	-9.66	1.33	0.07	3011	-0.24	0.0000			0.0000						
ingolstadt7_fairness_heavy_dqn_reward_inference	REAL_TRAIN	114	746.8	100.0	-149.33	19.93	0.28	935		-162.0960	queue=0.6234;delay=0.0;waiting=155.8965;pressure=0.0;switches=0.0;fairness=5.5761	final;ckpt	107.8571	921.3788	298.7056	3.0000	476.0000	1.0000	queue=12.4685;delay=1.9402;waiting=15589.6475;pressure=137.8278;switches=1.0056;fairness=139.4028
ingolstadt7_fairness_heavy_dqn_reward_inference	SIM_TRAIN	168	69.3	4.8	-5.84	0.85	0.06	3012	-0.09	0.0000			0.0000						
ingolstadt7_fairness_heavy_dqn_reward_inference	SIM_TRAIN	169	69.7	3.2	-5.96	0.89	0.06	3012	-0.12	0.0000			13.1429						
ingolstadt7_fairness_heavy_dqn_reward_inference	REAL_TRAIN	116	832.6	100.0	-162.95	21.26	0.25	805		-184.5826	queue=0.6803;delay=0.0;waiting=176.5976;pressure=0.0;switches=0.0;fairness=7.3046	final;ckpt	96.2857	935.2960	303.2176	4.0000	485.0000	0.0000	queue=13.6069;delay=1.7225;waiting=17659.7631;pressure=76.4417;switches=0.9139;fairness=182.6161
ingolstadt7_fairness_heavy_dqn_reward_inference	SIM_TRAIN	170	72.7	3.9	-7.65	1.12	0.06	3012	-0.10	0.0000			0.0000						
ingolstadt7_fairness_heavy_dqn_reward_inference	SIM_TRAIN	171	69.7	2.3	-6.14	0.91	0.06	3012	-0.12	0.0000			0.0000						
ingolstadt7_fairness_heavy_dqn_reward_inference	REAL_TRAIN	118	754.9	100.0	-137.60	17.62	0.27	898		-152.9319	queue=0.5746;delay=0.0;waiting=141.9361;pressure=0.0;switches=0.0;fairness=10.4213	final;ckpt	82.0000	832.5063	269.8936	4.0000	468.0000	3.0000	queue=11.4912;delay=1.8758;waiting=14193.6115;pressure=106.0361;switches=1.0306;fairness=260.5317
ingolstadt7_fairness_heavy_dqn_reward_inference	SIM_TRAIN	172	69.2	2.2	-5.68	0.85	0.06	3012	-0.08	0.0000			66.0000						
ingolstadt7_fairness_heavy_dqn_reward_inference	SIM_TRAIN	173	69.2	2.3	-5.76	0.85	0.06	3011	-0.11	0.0000			0.0000						
ingolstadt7_fairness_heavy_dqn_reward_inference	REAL_TRAIN	120	859.6	100.0	-179.34	24.03	0.31	874		-170.0492	queue=0.7488;delay=0.0;waiting=157.5089;pressure=0.0;switches=0.0;fairness=11.7915	final;ckpt	91.7143	1081.0007	350.4541	3.0000	525.0000	3.0000	queue=14.9755;delay=2.1648;waiting=15750.8874;pressure=115.5806;switches=0.9833;fairness=294.7886
ingolstadt7_fairness_heavy_dqn_reward_inference	SIM_TRAIN	174	71.8	3.5	-7.93	1.15	0.06	3012	-0.10	0.0000			0.0000						
ingolstadt7_fairness_heavy_dqn_reward_inference	SIM_TRAIN	175	70.9	2.2	-6.93	1.05	0.06	3012	-0.10	0.0000			0.0000						
ingolstadt7_fairness_heavy_dqn_reward_inference	REAL_TRAIN	122	210.8	100.0	-49.78	6.09	0.15	2221		-9.3617	queue=0.2076;delay=0.0;waiting=5.5283;pressure=0.0;switches=0.0;fairness=3.6258	final;ckpt	48.8571	361.6585	117.2464	20.0000	734.0000	2.0000	queue=4.1523;delay=1.054;waiting=552.8258;pressure=60.8278;switches=2.1611;fairness=90.6444
ingolstadt7_fairness_heavy_dqn_reward_inference	SIM_TRAIN	176	68.3	2.3	-5.38	0.79	0.06	3011	-0.08	0.0000			0.0000						
ingolstadt7_fairness_heavy_dqn_reward_inference	SIM_TRAIN	177	69.0	3.1	-5.78	0.84	0.06	3012	-0.10	0.0000			0.0000						
ingolstadt7_fairness_heavy_dqn_reward_inference	REAL_TRAIN	124	498.6	100.0	-115.13	15.41	0.25	1421		-78.9214	queue=0.481;delay=0.0;waiting=69.4611;pressure=0.0;switches=0.0;fairness=8.9793	final;ckpt	69.2857	826.0636	267.8046	14.0000	656.0000	4.0000	queue=9.619;delay=1.758;waiting=6946.1142;pressure=140.3944;switches=2.1778;fairness=224.4825
ingolstadt7_fairness_heavy_dqn_reward_inference	SIM_TRAIN	178	68.8	2.6	-6.11	0.88	0.05	3012	-0.06	0.0000			0.0000						
ingolstadt7_fairness_heavy_dqn_reward_inference	SIM_TRAIN	179	67.4	1.5	-4.88	0.73	0.05	3011	-0.08	0.0000			0.0000						
ingolstadt7_fairness_heavy_dqn_reward_inference	REAL_TRAIN	126	888.9	100.0	-185.60	25.15	0.29	822		-211.5249	queue=0.775;delay=0.0;waiting=200.1705;pressure=0.0;switches=0.0;fairness=10.5793	final;ckpt	65.4286	1118.7688	362.6984	2.0000	481.0000	2.0000	queue=15.5005;delay=2.0547;waiting=20017.0524;pressure=126.3194;switches=0.9667;fairness=264.4828
ingolstadt7_fairness_heavy_dqn_reward_inference	SIM_TRAIN	180	69.6	1.8	-6.48	0.95	0.06	3011	-0.09	0.0000			21.5714						
ingolstadt7_fairness_heavy_dqn_reward_inference	SIM_TRAIN	181	67.8	0.4	-5.11	0.75	0.06	3012	-0.08	0.0000			0.0000						
ingolstadt7_fairness_heavy_dqn_reward_inference	REAL_TRAIN	128	890.3	100.0	-171.12	23.07	0.28	787		-204.3919	queue=0.7144;delay=0.0;waiting=196.9911;pressure=0.0;switches=0.0;fairness=6.6865	final;ckpt	116.0000	985.0848	319.3589	2.0000	360.0000	1.0000	queue=14.2876;delay=1.976;waiting=19699.1102;pressure=108.7444;switches=0.8861;fairness=167.1614
ingolstadt7_fairness_heavy_dqn_reward_inference	SIM_TRAIN	182	67.9	0.2	-5.00	0.76	0.06	3012	-0.07	0.0000			0.0000						
ingolstadt7_fairness_heavy_dqn_reward_inference	SIM_TRAIN	183	67.7	0.2	-5.18	0.77	0.06	3011	-0.07	0.0000			0.0000						
ingolstadt7_fairness_heavy_dqn_reward_inference	REAL_TRAIN	130	908.5	100.0	-167.35	21.77	0.26	724		-194.6497	queue=0.6987;delay=0.0;waiting=181.8849;pressure=0.0;switches=0.0;fairness=12.0661	final;ckpt	126.1429	973.2623	315.5261	3.0000	438.0000	0.0000	queue=13.9731;delay=1.7906;waiting=18188.4895;pressure=100.1722;switches=0.9556;fairness=301.6531
ingolstadt7_fairness_heavy_dqn_reward_inference	SIM_TRAIN	184	812.6	0.8	-98.24	13.07	0.19	1669	-6.22	0.0000			113.4286						
ingolstadt7_fairness_heavy_dqn_reward_inference	SIM_TRAIN	185	68.5	1.7	-6.54	0.89	0.06	3011	-0.06	0.0000			0.0000						
ingolstadt7_fairness_heavy_dqn_reward_inference	REAL_TRAIN	132	873.8	100.0	-200.26	26.30	0.32	762		-208.0672	queue=0.8364;delay=0.0;waiting=195.9639;pressure=0.0;switches=0.0;fairness=11.267	final;ckpt	81.4286	1156.5495	374.9467	4.0000	456.0000	0.0000	queue=16.7272;delay=2.2723;waiting=19596.3893;pressure=139.8056;switches=0.975;fairness=281.6742
ingolstadt7_fairness_heavy_dqn_reward_inference	SIM_TRAIN	186	69.1	1.8	-6.35	0.90	0.06	3012	-0.08	0.0000			0.0000						
ingolstadt7_fairness_heavy_dqn_reward_inference	SIM_TRAIN	187	73.3	1.9	-7.95	1.08	0.07	3009	-0.21	0.0000			0.0000						
ingolstadt7_fairness_heavy_dqn_reward_inference	REAL_TRAIN	134	624.8	100.0	-91.35	12.69	0.25	977		-86.5260	queue=0.3817;delay=0.0;waiting=82.3439;pressure=0.0;switches=0.0;fairness=3.8004	final;ckpt	67.7143	619.3529	200.7904	9.0000	348.0000	0.0000	queue=7.6335;delay=1.7319;waiting=8234.3909;pressure=109.9833;switches=0.8167;fairness=95.01
ingolstadt7_fairness_heavy_dqn_reward_inference	SIM_TRAIN	188	735.5	5.1	-88.94	12.25	0.19	1793	-4.19	0.0000			114.2857						
ingolstadt7_fairness_heavy_dqn_reward_inference	SIM_TRAIN	189	71.4	6.0	-7.42	1.05	0.06	3012	-0.11	0.0000			0.0000						
ingolstadt7_fairness_heavy_dqn_reward_inference	REAL_TRAIN	136	686.5	100.0	-136.72	17.23	0.24	851		-139.4687	queue=0.5712;delay=0.0;waiting=130.9538;pressure=0.0;switches=0.0;fairness=7.9437	final;ckpt	73.7143	783.9140	254.1402	4.0000	432.0000	6.0000	queue=11.424;delay=1.7139;waiting=13095.3798;pressure=111.8639;switches=1.05;fairness=198.5925
ingolstadt7_fairness_heavy_dqn_reward_inference	SIM_TRAIN	190	71.7	5.8	-7.38	1.10	0.06	3012	-0.09	0.0000			0.0000						
ingolstadt7_fairness_heavy_dqn_reward_inference	SIM_TRAIN	191	73.9	5.7	-7.13	1.01	0.07	3008	-0.11	0.0000			0.0000						
ingolstadt7_fairness_heavy_dqn_reward_inference	REAL_TRAIN	138	868.3	100.0	-180.90	23.57	0.31	790		-186.2448	queue=0.7552;delay=0.0;waiting=177.6362;pressure=0.0;switches=0.0;fairness=7.8534	final;ckpt	63.1429	1123.4948	364.2306	4.0000	470.0000	3.0000	queue=15.1049;delay=2.1714;waiting=17763.6231;pressure=78.9167;switches=1.0278;fairness=196.3339
ingolstadt7_fairness_heavy_dqn_reward_inference	SIM_TRAIN	192	69.1	5.5	-5.77	0.87	0.06	3012	-0.10	0.0000			0.0000						
ingolstadt7_fairness_heavy_dqn_reward_inference	SIM_TRAIN	193	91.2	5.7	-8.47	1.14	0.07	3009	-0.21	0.0000			0.0000						
ingolstadt7_fairness_heavy_dqn_reward_inference	REAL_TRAIN	140	1235.7	100.0	-208.29	26.98	0.36	608		-228.4460	queue=0.8692;delay=0.0;waiting=218.1318;pressure=0.0;switches=0.0;fairness=9.4449	final;ckpt	48.4286	1354.4892	439.1178	3.0000	464.0000	1.0000	queue=17.3846;delay=2.5274;waiting=21813.1825;pressure=195.0722;switches=0.6861;fairness=236.1225
ingolstadt7_fairness_heavy_dqn_reward_inference	SIM_TRAIN	194	67.5	5.9	-5.53	0.75	0.06	3012	-0.08	0.0000			0.0000						
ingolstadt7_fairness_heavy_dqn_reward_inference	SIM_TRAIN	195	70.0	5.3	-6.08	0.93	0.06	3011	-0.11	0.0000			0.0000						
ingolstadt7_fairness_heavy_dqn_reward_inference	REAL_TRAIN	142	949.2	100.0	-184.91	23.14	0.32	750		-178.5902	queue=0.7718;delay=0.0;waiting=167.5992;pressure=0.0;switches=0.0;fairness=10.2192	final;ckpt	96.4286	1111.7343	360.4178	3.0000	510.0000	10.0000	queue=15.4364;delay=2.2566;waiting=16759.9241;pressure=126.7611;switches=0.8583;fairness=255.4794
ingolstadt7_fairness_heavy_dqn_reward_inference	SIM_TRAIN	196	68.0	5.7	-5.18	0.76	0.06	3012	-0.08	0.0000			0.0000						
ingolstadt7_fairness_heavy_dqn_reward_inference	SIM_TRAIN	197	68.0	5.3	-5.42	0.77	0.06	3004	-0.07	0.0000			0.0000						
ingolstadt7_fairness_heavy_dqn_reward_inference	REAL_TRAIN	144	926.3	100.0	-167.26	21.19	0.29	722		-169.2808	queue=0.6986;delay=0.0;waiting=161.4725;pressure=0.0;switches=0.0;fairness=7.1097	final;ckpt	79.1429	1043.5679	338.3187	5.0000	404.0000	6.0000	queue=13.9724;delay=2.0074;waiting=16147.2487;pressure=100.7333;switches=1.1;fairness=177.7428
ingolstadt7_fairness_heavy_dqn_reward_inference	SIM_TRAIN	198	66.7	3.8	-4.68	0.69	0.06	3012	-0.05	0.0000			0.0000						
ingolstadt7_fairness_heavy_dqn_reward_inference	SIM_TRAIN	199	70.0	3.1	-7.26	1.00	0.06	3011	-0.08	0.0000			0.0000						
ingolstadt7_fairness_heavy_dqn_reward_inference	REAL_TRAIN	146	1037.3	100.0	-205.02	26.90	0.35	738		-211.4250	queue=0.8559;delay=0.0;waiting=197.0899;pressure=0.0;switches=0.0;fairness=13.4792	final;ckpt	86.8571	1311.2209	425.0903	13.0000	441.0000	1.0000	queue=17.1172;delay=2.4374;waiting=19708.9913;pressure=162.2611;switches=1.4333;fairness=336.9797
ingolstadt7_fairness_heavy_dqn_reward_inference	SIM_TRAIN	200	112.1	3.0	-14.53	2.11	0.08	3012	-0.28	0.0000			0.0000						
ingolstadt7_fairness_heavy_dqn_reward_inference	SIM_TRAIN	201	67.3	2.7	-4.46	0.68	0.05	3012	-0.09	0.0000			0.0000						
ingolstadt7_fairness_heavy_dqn_reward_inference	REAL_TRAIN	148	752.2	100.0	-152.31	19.55	0.28	878		-161.2645	queue=0.6365;delay=0.0;waiting=151.5414;pressure=0.0;switches=0.0;fairness=9.0866	final;ckpt	76.5714	927.2170	300.5983	10.0000	475.0000	5.0000	queue=12.7303;delay=1.9785;waiting=15154.1407;pressure=95.9806;switches=1.3306;fairness=227.1639
ingolstadt7_fairness_heavy_dqn_reward_inference	SIM_TRAIN	202	68.3	1.0	-5.47	0.82	0.06	3012	-0.08	0.0000			0.0000						
ingolstadt7_fairness_heavy_dqn_reward_inference	SIM_TRAIN	203	72.7	0.3	-7.19	1.09	0.06	3012	-0.12	0.0000			0.0000						
ingolstadt7_fairness_heavy_dqn_reward_inference	REAL_TRAIN	150	810.9	100.0	-157.54	21.19	0.30	912		-149.4549	queue=0.6586;delay=0.0;waiting=140.3891;pressure=0.0;switches=0.0;fairness=8.4072	final;ckpt	73.1429	1068.9306	346.5410	4.0000	417.0000	3.0000	queue=13.1715;delay=2.079;waiting=14038.9112;pressure=183.6583;switches=2.1667;fairness=210.1803
ingolstadt7_fairness_heavy_dqn_reward_inference	SIM_TRAIN	204	68.6	0.3	-4.98	0.74	0.06	3012	-0.07	0.0000			0.0000						
ingolstadt7_fairness_heavy_dqn_reward_inference	SIM_TRAIN	205	79.0	0.3	-7.35	1.09	0.06	3010	-0.09	0.0000			0.0000						
ingolstadt7_fairness_heavy_dqn_reward_inference	REAL_TRAIN	152	896.3	100.0	-181.36	22.93	0.30	852		-179.0699	queue=0.7574;delay=0.0;waiting=171.8867;pressure=0.0;switches=0.0;fairness=6.4257	final;ckpt	37.8571	1219.1081	395.2278	6.0000	566.0000	2.0000	queue=15.1488;delay=2.1042;waiting=17188.6731;pressure=125.2833;switches=1.3278;fairness=160.6436
ingolstadt7_fairness_heavy_dqn_reward_inference	SIM_TRAIN	206	67.4	0.3	-4.77	0.71	0.06	3011	-0.11	0.0000			0.0000						
ingolstadt7_fairness_heavy_dqn_reward_inference	SIM_TRAIN	207	70.3	0.3	-5.21	0.80	0.06	3012	-0.07	0.0000			0.0000						
ingolstadt7_fairness_heavy_dqn_reward_inference	REAL_TRAIN	154	790.3	100.0	-144.74	18.29	0.25	835		-155.0357	queue=0.6047;delay=0.0;waiting=146.4202;pressure=0.0;switches=0.0;fairness=8.0108	final;ckpt	64.5714	868.5695	281.5851	9.0000	436.0000	0.0000	queue=12.0945;delay=1.7546;waiting=14642.0156;pressure=126.4833;switches=1.5167;fairness=200.2706
ingolstadt7_fairness_heavy_dqn_reward_inference	SIM_TRAIN	208	68.4	0.2	-5.11	0.76	0.06	3011	-0.08	0.0000			0.0000						
ingolstadt7_fairness_heavy_dqn_reward_inference	REAL_TRAIN	155	878.1	100.0	-176.02	22.73	0.30	786		-181.2219	queue=0.7359;delay=0.0;waiting=170.4814;pressure=0.0;switches=0.0;fairness=10.0046	final;ckpt	80.1429	1050.4532	340.5508	3.0000	366.0000	0.0000	queue=14.7187;delay=2.0679;waiting=17048.1377;pressure=110.2083;switches=1.1444;fairness=250.1156
ingolstadt7_fairness_heavy_dqn_reward_inference	REAL_TEST	0	82.8	100.0	-9.38	1.38	0.09	2950		-3.3894	queue=0.0398;delay=0.0;waiting=0.2122;pressure=0.0;switches=0.0;fairness=3.1374		27.2857	222.5109	72.1354	27.0000	620.0000	2.0000	queue=0.7962;delay=0.6626;waiting=21.2204;pressure=19.975;switches=4.1667;fairness=78.435
