SIM_TRAIN step:0, travel time:1078.1680402930403, q_loss:0, rewards:-184.33246, queue:180.96855, delay:1.8757852, throughput:1828
sim step:3600/3600
episode:0/300, sim_loss:0
SIM_TRAIN step:1, travel time:1093.7090867475395, q_loss:0, rewards:-191.46603, queue:185.57219, delay:1.8991659, throughput:1820
sim step:3600/3600
episode:1/300, sim_loss:0
SIM_TRAIN step:2, travel time:836.4320054945055, q_loss:6157.826, rewards:-164.10364, queue:151.89519, delay:0.89303654, throughput:2504
sim step:3600/3600
episode:2/300, sim_loss:6157.826
SIM_TRAIN step:3, travel time:842.3014419775692, q_loss:10250.522, rewards:-125.616165, queue:150.9632, delay:1.6223638, throughput:2370
sim step:3600/3600
episode:3/300, sim_loss:10250.522
REAL_TEST step:3, travel time:1322.2201791607731, q_loss:100, rewards:-126.04924, queue:158.64583, delay:2.4644902, throughput:1154
SIM_TRAIN step:4, travel time:961.3001373626373, q_loss:22793.271, rewards:-84.00751, queue:161.44815, delay:1.0768704, throughput:2244
sim step:3600/3600
episode:4/300, sim_loss:22793.271
SIM_TRAIN step:5, travel time:1171.557335774777, q_loss:26720.43, rewards:-90.62106, queue:194.5543, delay:1.3402957, throughput:2484
sim step:3600/3600
episode:5/300, sim_loss:26720.43
SIM_TRAIN step:6, travel time:374.76773455377577, q_loss:16863.85, rewards:-58.380524, queue:77.609955, delay:1.6581534, throughput:4055
sim step:3600/3600
episode:6/300, sim_loss:16863.85
REAL_TEST step:6, travel time:245.12490851427177, q_loss:100, rewards:-110.799706, queue:54.52714, delay:2.4137242, throughput:3755
SIM_TRAIN step:7, travel time:393.7925824175824, q_loss:10377.139, rewards:-76.69776, queue:76.068184, delay:1.7253407, throughput:3846
sim step:3600/3600
episode:7/300, sim_loss:10377.139
SIM_TRAIN step:8, travel time:368.21189931350114, q_loss:8750.475, rewards:-79.631676, queue:81.38379, delay:1.8871981, throughput:3942
sim step:3600/3600
episode:8/300, sim_loss:8750.475
SIM_TRAIN step:9, travel time:314.12771801327534, q_loss:7277.101, rewards:-80.31754, queue:56.633278, delay:1.3192664, throughput:3972
sim step:3600/3600
episode:9/300, sim_loss:7277.101
REAL_TEST step:9, travel time:242.76575706351122, q_loss:100, rewards:-108.53167, queue:51.224094, delay:2.4068885, throughput:3795
SIM_TRAIN step:10, travel time:256.6854266758179, q_loss:5893.9434, rewards:-66.597244, queue:45.864277, delay:2.0059454, throughput:4058
sim step:3600/3600
episode:10/300, sim_loss:5893.9434
SIM_TRAIN step:11, travel time:278.86378205128204, q_loss:4574.969, rewards:-102.66304, queue:48.13128, delay:1.8851814, throughput:4038
sim step:3600/3600
episode:11/300, sim_loss:4574.969
SIM_TRAIN step:12, travel time:257.46271729185725, q_loss:3396.4507, rewards:-70.25221, queue:45.631104, delay:1.073127, throughput:4118
sim step:3600/3600
episode:12/300, sim_loss:3396.4507
REAL_TEST step:12, travel time:752.0512039012497, q_loss:100, rewards:-153.6525, queue:148.02231, delay:2.4904087, throughput:2032
SIM_TRAIN step:13, travel time:215.24696726939803, q_loss:2943.7107, rewards:-68.466965, queue:33.695263, delay:1.8912785, throughput:4130
sim step:3600/3600
episode:13/300, sim_loss:2943.7107
SIM_TRAIN step:14, travel time:254.48112560054906, q_loss:2598.138, rewards:-82.299416, queue:41.810173, delay:1.2360144, throughput:4091
sim step:3600/3600
episode:14/300, sim_loss:2598.138
SIM_TRAIN step:15, travel time:234.87411306935226, q_loss:2196.5405, rewards:-72.05305, queue:31.71737, delay:1.7427264, throughput:4117
sim step:3600/3600
episode:15/300, sim_loss:2196.5405
REAL_TEST step:15, travel time:286.60463768115943, q_loss:100, rewards:-146.34222, queue:57.860207, delay:2.3637075, throughput:3125
SIM_TRAIN step:16, travel time:288.5788149164951, q_loss:1715.2736, rewards:-87.83751, queue:36.23942, delay:1.0539514, throughput:3991
sim step:3600/3600
episode:16/300, sim_loss:1715.2736
SIM_TRAIN step:17, travel time:210.81300068665598, q_loss:1312.2014, rewards:-68.62139, queue:29.84147, delay:2.0147166, throughput:4102
sim step:3600/3600
episode:17/300, sim_loss:1312.2014
SIM_TRAIN step:18, travel time:269.10434782608695, q_loss:1216.3646, rewards:-68.561386, queue:29.036957, delay:1.984377, throughput:3965
sim step:3600/3600
episode:18/300, sim_loss:1216.3646
REAL_TEST step:18, travel time:265.8243011979464, q_loss:100, rewards:-140.65082, queue:53.06933, delay:2.382412, throughput:3221
SIM_TRAIN step:19, travel time:444.0810068649886, q_loss:1401.9926, rewards:-132.38113, queue:62.407047, delay:1.4863993, throughput:3522
sim step:3600/3600
episode:19/300, sim_loss:1401.9926
SIM_TRAIN step:20, travel time:767.4755148741418, q_loss:953.66943, rewards:-175.80528, queue:119.04871, delay:1.7500353, throughput:3253
sim step:3600/3600
episode:20/300, sim_loss:953.66943
SIM_TRAIN step:21, travel time:456.7708333333333, q_loss:799.0497, rewards:-109.780304, queue:56.788887, delay:1.6605132, throughput:3526
sim step:3600/3600
episode:21/300, sim_loss:799.0497
REAL_TEST step:21, travel time:278.5169735327963, q_loss:100, rewards:-123.898056, queue:56.36321, delay:2.3773458, throughput:3157
SIM_TRAIN step:22, travel time:427.8731684981685, q_loss:671.6436, rewards:-43.789997, queue:27.700909, delay:1.8111057, throughput:3567
sim step:3600/3600
episode:22/300, sim_loss:671.6436
SIM_TRAIN step:23, travel time:381.81368734264134, q_loss:533.0191, rewards:-33.89777, queue:24.019058, delay:1.9217575, throughput:3653
sim step:3600/3600
episode:23/300, sim_loss:533.0191
SIM_TRAIN step:24, travel time:380.18910256410254, q_loss:464.19998, rewards:-43.870552, queue:22.580303, delay:1.1370342, throughput:3644
sim step:3600/3600
episode:24/300, sim_loss:464.19998
REAL_TEST step:24, travel time:371.6780772032047, q_loss:100, rewards:-91.36613, queue:67.03479, delay:2.4208047, throughput:3516
SIM_TRAIN step:25, travel time:427.3321126115816, q_loss:444.15448, rewards:-45.245, queue:35.217937, delay:1.482951, throughput:3597
sim step:3600/3600
episode:25/300, sim_loss:444.15448
SIM_TRAIN step:26, travel time:407.40260929274433, q_loss:433.42163, rewards:-42.306942, queue:31.334436, delay:1.7174962, throughput:3700
sim step:3600/3600
episode:26/300, sim_loss:433.42163
SIM_TRAIN step:27, travel time:309.0084706959707, q_loss:428.16333, rewards:-49.709743, queue:30.668816, delay:0.9111075, throughput:3904
sim step:3600/3600
episode:27/300, sim_loss:428.16333
REAL_TEST step:27, travel time:191.77804353025593, q_loss:100, rewards:-88.15809, queue:35.740433, delay:2.3792312, throughput:3953
SIM_TRAIN step:28, travel time:159.65118938700823, q_loss:414.5203, rewards:-35.02666, queue:17.149416, delay:0.9860972, throughput:4247
sim step:3600/3600
episode:28/300, sim_loss:414.5203
SIM_TRAIN step:29, travel time:350.5947802197802, q_loss:392.3937, rewards:-41.398605, queue:27.42517, delay:1.3323262, throughput:3783
sim step:3600/3600
episode:29/300, sim_loss:392.3937
SIM_TRAIN step:30, travel time:397.07185354691075, q_loss:390.91766, rewards:-53.0236, queue:30.220102, delay:1.1408844, throughput:3692
sim step:3600/3600
episode:30/300, sim_loss:390.91766
REAL_TEST step:30, travel time:194.9308962264151, q_loss:100, rewards:-86.92083, queue:36.84317, delay:2.3881018, throughput:4012
SIM_TRAIN step:31, travel time:370.25062943465326, q_loss:397.06262, rewards:-43.493607, queue:29.046638, delay:1.230119, throughput:3803
sim step:3600/3600
episode:31/300, sim_loss:397.06262
SIM_TRAIN step:32, travel time:197.6610208285649, q_loss:388.7208, rewards:-45.36001, queue:27.211151, delay:1.6077996, throughput:4181
sim step:3600/3600
episode:32/300, sim_loss:388.7208
SIM_TRAIN step:33, travel time:195.37834744792858, q_loss:360.92215, rewards:-48.508324, queue:23.578217, delay:1.5873187, throughput:4148
sim step:3600/3600
episode:33/300, sim_loss:360.92215
REAL_TEST step:33, travel time:214.97878426698452, q_loss:100, rewards:-107.97109, queue:42.77484, delay:2.3157675, throughput:3928
SIM_TRAIN step:34, travel time:219.08814102564102, q_loss:283.26657, rewards:-58.43611, queue:27.828304, delay:1.6043946, throughput:4149
sim step:3600/3600
episode:34/300, sim_loss:283.26657
SIM_TRAIN step:35, travel time:192.45720823798626, q_loss:221.43658, rewards:-44.5725, queue:26.566607, delay:2.0896597, throughput:4174
sim step:3600/3600
episode:35/300, sim_loss:221.43658
SIM_TRAIN step:36, travel time:198.7122911421378, q_loss:178.15984, rewards:-46.129433, queue:28.87436, delay:1.9845613, throughput:4168
sim step:3600/3600
episode:36/300, sim_loss:178.15984
REAL_TEST step:36, travel time:199.73978996499417, q_loss:100, rewards:-91.62192, queue:38.463665, delay:2.3745313, throughput:4019
SIM_TRAIN step:37, travel time:237.3113553113553, q_loss:174.1507, rewards:-81.682755, queue:31.301113, delay:1.7382969, throughput:4111
sim step:3600/3600
episode:37/300, sim_loss:174.1507
SIM_TRAIN step:38, travel time:197.7437070938215, q_loss:183.54823, rewards:-44.351944, queue:24.237326, delay:1.0539818, throughput:4193
sim step:3600/3600
episode:38/300, sim_loss:183.54823
SIM_TRAIN step:39, travel time:183.17006179903868, q_loss:181.01768, rewards:-48.65084, queue:20.338259, delay:1.4281079, throughput:4189
sim step:3600/3600
episode:39/300, sim_loss:181.01768
REAL_TEST step:39, travel time:240.303916827853, q_loss:100, rewards:-117.75586, queue:49.669384, delay:2.3735812, throughput:3792
SIM_TRAIN step:40, travel time:175.42644703729124, q_loss:174.38591, rewards:-43.55639, queue:17.950321, delay:1.3298595, throughput:4210
sim step:3600/3600
episode:40/300, sim_loss:174.38591
SIM_TRAIN step:41, travel time:167.5658045319295, q_loss:117.55388, rewards:-36.592506, queue:18.318743, delay:1.5334375, throughput:4232
sim step:3600/3600
episode:41/300, sim_loss:117.55388
SIM_TRAIN step:42, travel time:264.2798993825749, q_loss:109.96288, rewards:-109.3472, queue:38.021065, delay:1.0851233, throughput:4109
sim step:3600/3600
episode:42/300, sim_loss:109.96288
REAL_TEST step:42, travel time:328.78615071283093, q_loss:100, rewards:-133.64389, queue:67.09054, delay:2.4815726, throughput:3449
SIM_TRAIN step:43, travel time:204.4859235523003, q_loss:127.97121, rewards:-41.023335, queue:21.471167, delay:1.9520286, throughput:4115
sim step:3600/3600
episode:43/300, sim_loss:127.97121
SIM_TRAIN step:44, travel time:190.25102974828374, q_loss:112.84151, rewards:-51.04445, queue:23.271996, delay:1.2700465, throughput:4172
sim step:3600/3600
episode:44/300, sim_loss:112.84151
SIM_TRAIN step:45, travel time:179.2383893845802, q_loss:85.547386, rewards:-39.257774, queue:20.675068, delay:1.1101539, throughput:4217
sim step:3600/3600
episode:45/300, sim_loss:85.547386
REAL_TEST step:45, travel time:560.594496942746, q_loss:100, rewards:-145.30663, queue:127.78753, delay:2.406965, throughput:2292
SIM_TRAIN step:46, travel time:194.99633867276887, q_loss:77.18873, rewards:-36.19666, queue:29.936316, delay:1.6396921, throughput:4181
sim step:3600/3600
episode:46/300, sim_loss:77.18873
SIM_TRAIN step:47, travel time:268.433836996337, q_loss:89.56801, rewards:-64.60112, queue:40.11105, delay:1.0137634, throughput:3996
sim step:3600/3600
episode:47/300, sim_loss:89.56801
SIM_TRAIN step:48, travel time:266.82013729977115, q_loss:115.75353, rewards:-64.34861, queue:37.64047, delay:1.7222563, throughput:4059
sim step:3600/3600
episode:48/300, sim_loss:115.75353
REAL_TEST step:48, travel time:1539.4970760233919, q_loss:100, rewards:-321.11362, queue:327.05215, delay:2.4386764, throughput:925
SIM_TRAIN step:49, travel time:225.36530098420693, q_loss:111.44737, rewards:-57.350006, queue:23.886044, delay:1.1440434, throughput:4101
sim step:3600/3600
episode:49/300, sim_loss:111.44737
SIM_TRAIN step:50, travel time:269.57509157509156, q_loss:107.73071, rewards:-39.30417, queue:20.752752, delay:1.5193565, throughput:4007
sim step:3600/3600
episode:50/300, sim_loss:107.73071
SIM_TRAIN step:51, travel time:198.237528604119, q_loss:102.864296, rewards:-31.573608, queue:21.361029, delay:1.786121, throughput:4160
sim step:3600/3600
episode:51/300, sim_loss:102.864296
REAL_TEST step:51, travel time:223.93951612903226, q_loss:100, rewards:-106.28334, queue:43.49502, delay:2.36234, throughput:3951
SIM_TRAIN step:52, travel time:191.63584344243534, q_loss:101.71069, rewards:-34.875557, queue:28.12721, delay:1.8659592, throughput:4183
sim step:3600/3600
episode:52/300, sim_loss:101.71069
SIM_TRAIN step:53, travel time:167.69983985358041, q_loss:104.67915, rewards:-25.080303, queue:21.87565, delay:1.3921053, throughput:4240
sim step:3600/3600
episode:53/300, sim_loss:104.67915
SIM_TRAIN step:54, travel time:203.26681922196795, q_loss:111.16295, rewards:-28.899994, queue:29.656137, delay:1.140217, throughput:4199
sim step:3600/3600
episode:54/300, sim_loss:111.16295
REAL_TEST step:54, travel time:191.5535587609364, q_loss:100, rewards:-88.97054, queue:35.1009, delay:2.349747, throughput:4006
SIM_TRAIN step:55, travel time:161.88598901098902, q_loss:120.73106, rewards:-16.665277, queue:21.26262, delay:1.6079717, throughput:4241
sim step:3600/3600
episode:55/300, sim_loss:120.73106
SIM_TRAIN step:56, travel time:197.246336996337, q_loss:121.33447, rewards:-31.736387, queue:25.834902, delay:1.2681757, throughput:4219
sim step:3600/3600
episode:56/300, sim_loss:121.33447
SIM_TRAIN step:57, travel time:173.88052185854886, q_loss:116.93258, rewards:-34.32028, queue:25.073887, delay:1.932388, throughput:4172
sim step:3600/3600
episode:57/300, sim_loss:116.93258
REAL_TEST step:57, travel time:235.27370176274417, q_loss:100, rewards:-101.37055, queue:50.436993, delay:2.3404717, throughput:3861
SIM_TRAIN step:58, travel time:175.35178408051235, q_loss:118.33462, rewards:-37.399174, queue:23.884094, delay:1.829549, throughput:4214
sim step:3600/3600
episode:58/300, sim_loss:118.33462
SIM_TRAIN step:59, travel time:164.92929061784898, q_loss:111.63222, rewards:-36.91889, queue:23.746044, delay:1.9998863, throughput:4237
sim step:3600/3600
episode:59/300, sim_loss:111.63222
SIM_TRAIN step:60, travel time:147.57303113553112, q_loss:105.21759, rewards:-17.99027, queue:17.6937, delay:1.5646653, throughput:4269
sim step:3600/3600
episode:60/300, sim_loss:105.21759
REAL_TEST step:60, travel time:204.05726975222066, q_loss:100, rewards:-99.475, queue:40.737473, delay:2.381215, throughput:4002
SIM_TRAIN step:61, travel time:181.34241245136187, q_loss:95.37262, rewards:-31.041658, queue:23.552113, delay:1.8444116, throughput:4225
sim step:3600/3600
episode:61/300, sim_loss:95.37262
SIM_TRAIN step:62, travel time:145.06753663003664, q_loss:75.74814, rewards:-12.706666, queue:18.491869, delay:1.7568897, throughput:4289
sim step:3600/3600
episode:62/300, sim_loss:75.74814
SIM_TRAIN step:63, travel time:181.35735529627087, q_loss:69.82481, rewards:-42.83972, queue:20.498936, delay:1.0328586, throughput:4205
sim step:3600/3600
episode:63/300, sim_loss:69.82481
REAL_TEST step:63, travel time:217.79218303145853, q_loss:100, rewards:-112.64167, queue:44.138546, delay:2.4323711, throughput:3889
SIM_TRAIN step:64, travel time:157.6633096818494, q_loss:66.75282, rewards:-17.123047, queue:19.03423, delay:1.2635473, throughput:4242
sim step:3600/3600
episode:64/300, sim_loss:66.75282
SIM_TRAIN step:65, travel time:158.87943262411346, q_loss:65.357635, rewards:-28.52167, queue:18.738543, delay:1.373612, throughput:4254
sim step:3600/3600
episode:65/300, sim_loss:65.357635
SIM_TRAIN step:66, travel time:180.94716376944191, q_loss:66.330315, rewards:-36.748325, queue:19.571152, delay:0.9360221, throughput:4196
sim step:3600/3600
episode:66/300, sim_loss:66.330315
REAL_TEST step:66, travel time:184.38778839431367, q_loss:100, rewards:-70.31612, queue:33.4723, delay:2.3461468, throughput:3984
SIM_TRAIN step:67, travel time:173.04348821240558, q_loss:63.56632, rewards:-28.99472, queue:22.013044, delay:1.6713115, throughput:4223
sim step:3600/3600
episode:67/300, sim_loss:63.56632
SIM_TRAIN step:68, travel time:158.63667582417582, q_loss:56.706917, rewards:-27.29611, queue:16.552555, delay:1.3309236, throughput:4273
sim step:3600/3600
episode:68/300, sim_loss:56.706917
SIM_TRAIN step:69, travel time:150.40018315018315, q_loss:47.711117, rewards:-21.94444, queue:19.182217, delay:1.6857973, throughput:4265
sim step:3600/3600
episode:69/300, sim_loss:47.711117
REAL_TEST step:69, travel time:235.83615549725732, q_loss:100, rewards:-99.294174, queue:49.22449, delay:2.4478576, throughput:3733
SIM_TRAIN step:70, travel time:151.2785910338518, q_loss:40.724125, rewards:-24.271658, queue:20.729439, delay:1.7554579, throughput:4265
sim step:3600/3600
episode:70/300, sim_loss:40.724125
SIM_TRAIN step:71, travel time:183.0269899359561, q_loss:39.600346, rewards:-29.561377, queue:24.346745, delay:1.01318, throughput:4232
sim step:3600/3600
episode:71/300, sim_loss:39.600346
SIM_TRAIN step:72, travel time:167.56315789473683, q_loss:39.5148, rewards:-23.228888, queue:17.765951, delay:1.3668239, throughput:4252
sim step:3600/3600
episode:72/300, sim_loss:39.5148
REAL_TEST step:72, travel time:254.86775878442546, q_loss:100, rewards:-112.64494, queue:57.754787, delay:2.4006274, throughput:3788
SIM_TRAIN step:73, travel time:151.63318077803203, q_loss:38.21904, rewards:-21.756392, queue:20.914358, delay:1.9501743, throughput:4257
sim step:3600/3600
episode:73/300, sim_loss:38.21904
SIM_TRAIN step:74, travel time:170.39977116704804, q_loss:39.450336, rewards:-24.365002, queue:24.072392, delay:1.6662844, throughput:4207
sim step:3600/3600
episode:74/300, sim_loss:39.450336
SIM_TRAIN step:75, travel time:157.93269230769232, q_loss:38.979694, rewards:-20.852781, queue:21.053423, delay:1.827526, throughput:4253
sim step:3600/3600
episode:75/300, sim_loss:38.979694
REAL_TEST step:75, travel time:219.98272239084753, q_loss:100, rewards:-96.77168, queue:47.336582, delay:2.4077623, throughput:3908
SIM_TRAIN step:76, travel time:172.83424908424908, q_loss:38.76201, rewards:-35.263058, queue:22.086052, delay:1.3955432, throughput:4233
sim step:3600/3600
episode:76/300, sim_loss:38.76201
SIM_TRAIN step:77, travel time:158.5890567765568, q_loss:38.773785, rewards:-18.484716, queue:17.39922, delay:1.3790197, throughput:4247
sim step:3600/3600
episode:77/300, sim_loss:38.773785
SIM_TRAIN step:78, travel time:165.87462823152597, q_loss:36.879303, rewards:-29.467781, queue:18.146286, delay:1.2516851, throughput:4233
sim step:3600/3600
episode:78/300, sim_loss:36.879303
REAL_TEST step:78, travel time:231.776051625239, q_loss:100, rewards:-120.19634, queue:50.07478, delay:2.4130025, throughput:3874
SIM_TRAIN step:79, travel time:171.33691920347906, q_loss:35.150146, rewards:-32.71028, queue:19.729778, delay:1.3982285, throughput:4230
sim step:3600/3600
episode:79/300, sim_loss:35.150146
SIM_TRAIN step:80, travel time:162.27590940288263, q_loss:35.042767, rewards:-29.679443, queue:17.814571, delay:1.3621037, throughput:4235
sim step:3600/3600
episode:80/300, sim_loss:35.042767
SIM_TRAIN step:81, travel time:168.14897025171624, q_loss:31.955954, rewards:-33.410835, queue:17.36454, delay:1.2380526, throughput:4222
sim step:3600/3600
episode:81/300, sim_loss:31.955954
REAL_TEST step:81, travel time:250.5642805841513, q_loss:100, rewards:-114.4275, queue:55.913074, delay:2.404465, throughput:3793
SIM_TRAIN step:82, travel time:165.36802378774016, q_loss:33.218452, rewards:-31.160547, queue:15.155524, delay:1.0152512, throughput:4243
sim step:3600/3600
episode:82/300, sim_loss:33.218452
SIM_TRAIN step:83, travel time:156.804118993135, q_loss:32.874252, rewards:-24.991114, queue:19.158833, delay:1.5879534, throughput:4256
sim step:3600/3600
episode:83/300, sim_loss:32.874252
SIM_TRAIN step:84, travel time:180.90043488212405, q_loss:31.788853, rewards:-39.565285, queue:26.897339, delay:1.7251395, throughput:4224
sim step:3600/3600
episode:84/300, sim_loss:31.788853
REAL_TEST step:84, travel time:366.9624139756485, q_loss:100, rewards:-142.78918, queue:73.37471, delay:2.4504526, throughput:3221
SIM_TRAIN step:85, travel time:164.3811813186813, q_loss:29.71173, rewards:-23.645828, queue:18.097668, delay:1.0276923, throughput:4279
sim step:3600/3600
episode:85/300, sim_loss:29.71173
SIM_TRAIN step:86, travel time:181.36507209887847, q_loss:29.099844, rewards:-29.009722, queue:27.213013, delay:1.9570302, throughput:4234
sim step:3600/3600
episode:86/300, sim_loss:29.099844
SIM_TRAIN step:87, travel time:161.8091969800961, q_loss:31.046593, rewards:-33.604992, queue:24.402292, delay:1.8149681, throughput:4227
sim step:3600/3600
episode:87/300, sim_loss:31.046593
REAL_TEST step:87, travel time:248.6696405143007, q_loss:100, rewards:-133.12558, queue:51.546665, delay:2.3983483, throughput:3521
SIM_TRAIN step:88, travel time:167.16998398535804, q_loss:31.462803, rewards:-25.71917, queue:24.93539, delay:1.9917307, throughput:4246
sim step:3600/3600
episode:88/300, sim_loss:31.462803
SIM_TRAIN step:89, travel time:165.76241702906844, q_loss:32.586956, rewards:-15.658892, queue:24.649157, delay:1.5511538, throughput:4258
sim step:3600/3600
episode:89/300, sim_loss:32.586956
SIM_TRAIN step:90, travel time:287.57999542229345, q_loss:39.29126, rewards:-60.047195, queue:43.185726, delay:0.9814835, throughput:4000
sim step:3600/3600
episode:90/300, sim_loss:39.29126
REAL_TEST step:90, travel time:217.83663127413126, q_loss:100, rewards:-115.01694, queue:44.10453, delay:2.3823283, throughput:3846
SIM_TRAIN step:91, travel time:163.956531686113, q_loss:42.323605, rewards:-19.90611, queue:15.996362, delay:1.0122284, throughput:4241
sim step:3600/3600
episode:91/300, sim_loss:42.323605
SIM_TRAIN step:92, travel time:164.299108163732, q_loss:42.16454, rewards:-30.812782, queue:22.249683, delay:1.7508343, throughput:4221
sim step:3600/3600
episode:92/300, sim_loss:42.16454
SIM_TRAIN step:93, travel time:185.5448717948718, q_loss:43.312862, rewards:-38.251114, queue:20.703583, delay:1.2998557, throughput:4190
sim step:3600/3600
episode:93/300, sim_loss:43.312862
REAL_TEST step:93, travel time:354.9715924610762, q_loss:100, rewards:-140.2175, queue:72.345245, delay:2.4268036, throughput:3107
SIM_TRAIN step:94, travel time:176.22710622710622, q_loss:46.760395, rewards:-48.647213, queue:19.011477, delay:1.1054595, throughput:4241
sim step:3600/3600
episode:94/300, sim_loss:46.760395
SIM_TRAIN step:95, travel time:187.90499084249083, q_loss:50.471924, rewards:-40.745274, queue:25.756948, delay:1.8523535, throughput:4231
sim step:3600/3600
episode:95/300, sim_loss:50.471924
SIM_TRAIN step:96, travel time:166.28911253430925, q_loss:49.98302, rewards:-29.554165, queue:21.392435, delay:1.6777979, throughput:4245
sim step:3600/3600
episode:96/300, sim_loss:49.98302
REAL_TEST step:96, travel time:225.9097726173198, q_loss:100, rewards:-108.490845, queue:47.43624, delay:2.3655286, throughput:3840
SIM_TRAIN step:97, travel time:154.86979405034324, q_loss:50.49362, rewards:-20.379446, queue:20.287949, delay:1.9348291, throughput:4247
sim step:3600/3600
episode:97/300, sim_loss:50.49362
SIM_TRAIN step:98, travel time:174.61799038681622, q_loss:51.125736, rewards:-23.39637, queue:20.036388, delay:0.99864525, throughput:4243
sim step:3600/3600
episode:98/300, sim_loss:51.125736
SIM_TRAIN step:99, travel time:165.61790293040292, q_loss:56.05407, rewards:-24.283327, queue:24.301743, delay:2.100724, throughput:4239
sim step:3600/3600
episode:99/300, sim_loss:56.05407
REAL_TEST step:99, travel time:225.07080291970803, q_loss:100, rewards:-122.47445, queue:46.326355, delay:2.3642514, throughput:3792
SIM_TRAIN step:100, travel time:158.88040246970044, q_loss:53.28382, rewards:-18.85833, queue:22.317844, delay:2.0971053, throughput:4233
sim step:3600/3600
episode:100/300, sim_loss:53.28382
SIM_TRAIN step:101, travel time:169.3192219679634, q_loss:53.574177, rewards:-28.936113, queue:20.338387, delay:1.5036594, throughput:4230
sim step:3600/3600
episode:101/300, sim_loss:53.574177
SIM_TRAIN step:102, travel time:173.7672236209659, q_loss:53.611015, rewards:-18.744167, queue:22.864836, delay:1.4897527, throughput:4237
sim step:3600/3600
episode:102/300, sim_loss:53.611015
REAL_TEST step:102, travel time:223.21811100292112, q_loss:100, rewards:-123.015594, queue:45.750927, delay:2.3648643, throughput:3812
SIM_TRAIN step:103, travel time:161.28718535469108, q_loss:57.5805, rewards:-17.557219, queue:21.721369, delay:1.903885, throughput:4236
sim step:3600/3600
episode:103/300, sim_loss:57.5805
SIM_TRAIN step:104, travel time:180.75274725274724, q_loss:50.51549, rewards:-20.649998, queue:23.744896, delay:1.1489836, throughput:4235
sim step:3600/3600
episode:104/300, sim_loss:50.51549
SIM_TRAIN step:105, travel time:166.54073226544622, q_loss:54.5015, rewards:-18.277222, queue:20.888706, delay:1.4940717, throughput:4235
sim step:3600/3600
episode:105/300, sim_loss:54.5015
REAL_TEST step:105, travel time:225.14820213799806, q_loss:100, rewards:-122.69223, queue:46.312515, delay:2.415231, throughput:3803
SIM_TRAIN step:106, travel time:179.51373626373626, q_loss:56.68022, rewards:-31.711945, queue:23.037907, delay:1.6121774, throughput:4206
sim step:3600/3600
episode:106/300, sim_loss:56.68022
SIM_TRAIN step:107, travel time:155.11238269626918, q_loss:54.596107, rewards:-19.013056, queue:17.714695, delay:1.5448303, throughput:4235
sim step:3600/3600
episode:107/300, sim_loss:54.596107
SIM_TRAIN step:108, travel time:163.4471395881007, q_loss:53.270866, rewards:-29.30084, queue:18.000525, delay:1.2630386, throughput:4250
sim step:3600/3600
episode:108/300, sim_loss:53.270866
REAL_TEST step:108, travel time:292.33916349809886, q_loss:100, rewards:-129.23586, queue:61.693604, delay:2.428707, throughput:3445
SIM_TRAIN step:109, travel time:164.00388838060385, q_loss:49.951393, rewards:-30.308891, queue:13.899981, delay:1.0997096, throughput:4231
sim step:3600/3600
episode:109/300, sim_loss:49.951393
SIM_TRAIN step:110, travel time:175.914625772488, q_loss:48.57545, rewards:-35.146946, queue:24.35384, delay:1.857088, throughput:4219
sim step:3600/3600
episode:110/300, sim_loss:48.57545
SIM_TRAIN step:111, travel time:200.34339967970715, q_loss:49.225, rewards:-49.392498, queue:21.284624, delay:1.0981115, throughput:4135
sim step:3600/3600
episode:111/300, sim_loss:49.225
REAL_TEST step:111, travel time:250.66913907284768, q_loss:100, rewards:-127.02808, queue:51.93974, delay:2.348142, throughput:3473
SIM_TRAIN step:112, travel time:159.72105263157894, q_loss:47.86177, rewards:-20.191109, queue:16.671003, delay:1.3181015, throughput:4237
sim step:3600/3600
episode:112/300, sim_loss:47.86177
SIM_TRAIN step:113, travel time:160.71020128087832, q_loss:45.330612, rewards:-25.306389, queue:17.452503, delay:1.4383855, throughput:4228
sim step:3600/3600
episode:113/300, sim_loss:45.330612
SIM_TRAIN step:114, travel time:171.2355230029755, q_loss:41.76754, rewards:-29.905275, queue:17.172388, delay:1.0104387, throughput:4233
sim step:3600/3600
episode:114/300, sim_loss:41.76754
REAL_TEST step:114, travel time:231.33823896233474, q_loss:100, rewards:-116.81054, queue:47.96474, delay:2.3715563, throughput:3697
SIM_TRAIN step:115, travel time:164.4988553113553, q_loss:40.937805, rewards:-30.286108, queue:20.809374, delay:1.6485964, throughput:4239
sim step:3600/3600
episode:115/300, sim_loss:40.937805
SIM_TRAIN step:116, travel time:168.40421149004348, q_loss:39.32157, rewards:-29.749725, queue:21.64607, delay:1.895593, throughput:4222
sim step:3600/3600
episode:116/300, sim_loss:39.32157
SIM_TRAIN step:117, travel time:174.99175824175825, q_loss:38.30267, rewards:-39.24639, queue:18.869543, delay:1.1994412, throughput:4226
sim step:3600/3600
episode:117/300, sim_loss:38.30267
REAL_TEST step:117, travel time:245.64931650893797, q_loss:100, rewards:-131.87437, queue:51.32887, delay:2.4113348, throughput:3509
SIM_TRAIN step:118, travel time:152.84432234432234, q_loss:33.795624, rewards:-20.937784, queue:15.565902, delay:1.3949256, throughput:4253
sim step:3600/3600
episode:118/300, sim_loss:33.795624
SIM_TRAIN step:119, travel time:153.3962912087912, q_loss:26.31709, rewards:-20.979996, queue:18.375753, delay:1.5494782, throughput:4249
sim step:3600/3600
episode:119/300, sim_loss:26.31709
SIM_TRAIN step:120, travel time:163.92084191260582, q_loss:23.094501, rewards:-25.956387, queue:22.066235, delay:1.6650252, throughput:4243
sim step:3600/3600
episode:120/300, sim_loss:23.094501
REAL_TEST step:120, travel time:237.01618043638146, q_loss:100, rewards:-136.33168, queue:48.969543, delay:2.4092925, throughput:3760
SIM_TRAIN step:121, travel time:167.29917657822506, q_loss:22.949726, rewards:-24.110283, queue:21.714737, delay:1.6294763, throughput:4231
sim step:3600/3600
episode:121/300, sim_loss:22.949726
SIM_TRAIN step:122, travel time:161.90682234432234, q_loss:23.876644, rewards:-23.516102, queue:19.396866, delay:1.5957849, throughput:4236
sim step:3600/3600
episode:122/300, sim_loss:23.876644
SIM_TRAIN step:123, travel time:157.3812900274474, q_loss:23.89184, rewards:-22.339716, queue:21.165287, delay:2.0339556, throughput:4248
sim step:3600/3600
episode:123/300, sim_loss:23.89184
REAL_TEST step:123, travel time:221.79365079365078, q_loss:100, rewards:-121.33165, queue:46.068165, delay:2.4418178, throughput:3849
SIM_TRAIN step:124, travel time:176.8154761904762, q_loss:24.66797, rewards:-30.084175, queue:26.38798, delay:1.8501529, throughput:4217
sim step:3600/3600
episode:124/300, sim_loss:24.66797
SIM_TRAIN step:125, travel time:205.99336232547495, q_loss:26.272861, rewards:-42.690563, queue:34.410534, delay:1.5215033, throughput:4155
sim step:3600/3600
episode:125/300, sim_loss:26.272861
SIM_TRAIN step:126, travel time:155.42151029748283, q_loss:28.341301, rewards:-19.625834, queue:21.089262, delay:1.9952779, throughput:4248
sim step:3600/3600
episode:126/300, sim_loss:28.341301
REAL_TEST step:126, travel time:216.3138349514563, q_loss:100, rewards:-113.26779, queue:43.83733, delay:2.3587806, throughput:3843
SIM_TRAIN step:127, travel time:166.12745995423342, q_loss:27.971111, rewards:-25.834719, queue:21.550896, delay:1.6998128, throughput:4249
sim step:3600/3600
episode:127/300, sim_loss:27.971111
SIM_TRAIN step:128, travel time:167.8233813772592, q_loss:29.061657, rewards:-23.424734, queue:23.596104, delay:1.7928929, throughput:4238
sim step:3600/3600
episode:128/300, sim_loss:29.061657
SIM_TRAIN step:129, travel time:205.99473804621368, q_loss:31.025097, rewards:-34.453335, queue:37.40375, delay:1.6936876, throughput:4165
sim step:3600/3600
episode:129/300, sim_loss:31.025097
REAL_TEST step:129, travel time:216.00145102781136, q_loss:100, rewards:-112.82003, queue:43.25905, delay:2.3637757, throughput:3858
SIM_TRAIN step:130, travel time:159.77358058608058, q_loss:32.980984, rewards:-23.576937, queue:22.960493, delay:1.7760324, throughput:4244
sim step:3600/3600
episode:130/300, sim_loss:32.980984
SIM_TRAIN step:131, travel time:160.83199816891738, q_loss:32.88764, rewards:-25.460554, queue:20.079847, delay:1.4041134, throughput:4253
sim step:3600/3600
episode:131/300, sim_loss:32.88764
SIM_TRAIN step:132, travel time:174.91483516483515, q_loss:33.95225, rewards:-33.491386, queue:21.778185, delay:1.2799715, throughput:4233
sim step:3600/3600
episode:132/300, sim_loss:33.95225
REAL_TEST step:132, travel time:218.4290573372206, q_loss:100, rewards:-111.84143, queue:43.90679, delay:2.4226973, throughput:3832
SIM_TRAIN step:133, travel time:164.6816933638444, q_loss:34.882473, rewards:-23.062222, queue:19.56255, delay:1.5312494, throughput:4246
sim step:3600/3600
episode:133/300, sim_loss:34.882473
SIM_TRAIN step:134, travel time:163.57381551842528, q_loss:35.22055, rewards:-25.33361, queue:19.32622, delay:1.2514921, throughput:4254
sim step:3600/3600
episode:134/300, sim_loss:35.22055
SIM_TRAIN step:135, travel time:163.76178489702517, q_loss:36.930447, rewards:-23.255835, queue:17.744642, delay:1.1061554, throughput:4253
sim step:3600/3600
episode:135/300, sim_loss:36.930447
REAL_TEST step:135, travel time:215.07333010648597, q_loss:100, rewards:-107.55888, queue:42.885265, delay:2.456641, throughput:3855
SIM_TRAIN step:136, travel time:167.27590940288263, q_loss:37.72526, rewards:-27.110273, queue:20.583374, delay:1.9262075, throughput:4198
sim step:3600/3600
episode:136/300, sim_loss:37.72526
SIM_TRAIN step:137, travel time:182.80778032036613, q_loss:42.113956, rewards:-22.374437, queue:26.423323, delay:1.1439781, throughput:4266
sim step:3600/3600
episode:137/300, sim_loss:42.113956
SIM_TRAIN step:138, travel time:166.64728770885787, q_loss:50.526653, rewards:-23.076668, queue:20.585707, delay:1.2068082, throughput:4252
sim step:3600/3600
episode:138/300, sim_loss:50.526653
REAL_TEST step:138, travel time:208.83027965284475, q_loss:100, rewards:-103.418045, queue:41.900913, delay:2.3204944, throughput:3874
SIM_TRAIN step:139, travel time:173.4882124055848, q_loss:50.575275, rewards:-26.601942, queue:26.296421, delay:2.0660746, throughput:4227
sim step:3600/3600
episode:139/300, sim_loss:50.575275
SIM_TRAIN step:140, travel time:186.0061813186813, q_loss:59.968925, rewards:-26.431107, queue:20.97768, delay:0.9719514, throughput:4194
sim step:3600/3600
episode:140/300, sim_loss:59.968925
SIM_TRAIN step:141, travel time:177.1487414187643, q_loss:65.92599, rewards:-23.807774, queue:21.606188, delay:0.96786976, throughput:4231
sim step:3600/3600
episode:141/300, sim_loss:65.92599
REAL_TEST step:141, travel time:210.6497269057231, q_loss:100, rewards:-105.71556, queue:43.328453, delay:2.339302, throughput:3912
SIM_TRAIN step:142, travel time:176.16891737239644, q_loss:75.25844, rewards:-40.003326, queue:20.03702, delay:1.3531225, throughput:4209
sim step:3600/3600
episode:142/300, sim_loss:75.25844
SIM_TRAIN step:143, travel time:162.93978937728937, q_loss:72.58907, rewards:-28.317503, queue:17.157932, delay:1.3746417, throughput:4241
sim step:3600/3600
episode:143/300, sim_loss:72.58907
SIM_TRAIN step:144, travel time:162.893315018315, q_loss:71.12456, rewards:-22.617222, queue:20.746227, delay:1.7560393, throughput:4236
sim step:3600/3600
episode:144/300, sim_loss:71.12456
REAL_TEST step:144, travel time:230.89127105666157, q_loss:100, rewards:-119.871124, queue:46.42816, delay:2.3894925, throughput:3638
SIM_TRAIN step:145, travel time:156.31029748283754, q_loss:69.923454, rewards:-22.141106, queue:19.052752, delay:1.8010154, throughput:4248
sim step:3600/3600
episode:145/300, sim_loss:69.923454
SIM_TRAIN step:146, travel time:166.22133211261158, q_loss:69.46075, rewards:-28.16251, queue:16.3077, delay:1.2243453, throughput:4220
sim step:3600/3600
episode:146/300, sim_loss:69.46075
SIM_TRAIN step:147, travel time:153.94164759725402, q_loss:71.31918, rewards:-21.621943, queue:16.162685, delay:1.4049352, throughput:4254
sim step:3600/3600
episode:147/300, sim_loss:71.31918
REAL_TEST step:147, travel time:204.45882631329863, q_loss:100, rewards:-101.00805, queue:40.652447, delay:2.4010642, throughput:3951
SIM_TRAIN step:148, travel time:157.83539377289378, q_loss:68.24536, rewards:-20.811108, queue:14.8361635, delay:1.2051077, throughput:4246
sim step:3600/3600
episode:148/300, sim_loss:68.24536
SIM_TRAIN step:149, travel time:165.1043956043956, q_loss:69.233864, rewards:-29.36417, queue:20.48548, delay:1.7112024, throughput:4195
sim step:3600/3600
episode:149/300, sim_loss:69.233864
SIM_TRAIN step:150, travel time:164.82055390249485, q_loss:69.63302, rewards:-26.555832, queue:20.578415, delay:1.6526761, throughput:4241
sim step:3600/3600
episode:150/300, sim_loss:69.63302
REAL_TEST step:150, travel time:201.9814814814815, q_loss:100, rewards:-101.08891, queue:40.179092, delay:2.403071, throughput:3979
SIM_TRAIN step:151, travel time:198.07553215838865, q_loss:61.769806, rewards:-40.241665, queue:22.105707, delay:1.1072716, throughput:4147
sim step:3600/3600
episode:151/300, sim_loss:61.769806
SIM_TRAIN step:152, travel time:159.58136873426415, q_loss:54.773846, rewards:-28.755281, queue:19.071527, delay:1.3710563, throughput:4263
sim step:3600/3600
episode:152/300, sim_loss:54.773846
SIM_TRAIN step:153, travel time:152.24656593406593, q_loss:51.452034, rewards:-20.039173, queue:15.097215, delay:1.2208251, throughput:4252
sim step:3600/3600
episode:153/300, sim_loss:51.452034
REAL_TEST step:153, travel time:204.28796426892336, q_loss:100, rewards:-96.38139, queue:40.681797, delay:2.4659238, throughput:3966
SIM_TRAIN step:154, travel time:157.11169604028382, q_loss:38.870876, rewards:-24.673334, queue:17.667837, delay:1.4673412, throughput:4241
sim step:3600/3600
episode:154/300, sim_loss:38.870876
SIM_TRAIN step:155, travel time:151.43795787545787, q_loss:32.237007, rewards:-16.829447, queue:14.840719, delay:1.0529706, throughput:4282
sim step:3600/3600
episode:155/300, sim_loss:32.237007
SIM_TRAIN step:156, travel time:145.37170977340352, q_loss:26.012688, rewards:-18.822775, queue:18.335424, delay:1.8120084, throughput:4244
sim step:3600/3600
episode:156/300, sim_loss:26.012688
REAL_TEST step:156, travel time:226.5779531324725, q_loss:100, rewards:-118.097176, queue:48.29582, delay:2.512138, throughput:3883
SIM_TRAIN step:157, travel time:194.37848970251716, q_loss:24.858011, rewards:-39.208336, queue:27.953924, delay:1.1655135, throughput:4208
sim step:3600/3600
episode:157/300, sim_loss:24.858011
SIM_TRAIN step:158, travel time:164.09702517162472, q_loss:24.265173, rewards:-29.389442, queue:18.209614, delay:1.4753925, throughput:4248
sim step:3600/3600
episode:158/300, sim_loss:24.265173
SIM_TRAIN step:159, travel time:176.40535591668575, q_loss:23.357971, rewards:-39.25945, queue:19.620405, delay:1.1949675, throughput:4200
sim step:3600/3600
episode:159/300, sim_loss:23.357971
REAL_TEST step:159, travel time:200.6709421641791, q_loss:100, rewards:-98.98329, queue:40.00562, delay:2.394474, throughput:4015
SIM_TRAIN step:160, travel time:151.44701304646372, q_loss:24.220707, rewards:-23.722496, queue:17.840935, delay:1.5873588, throughput:4246
sim step:3600/3600
episode:160/300, sim_loss:24.220707
SIM_TRAIN step:161, travel time:168.47586364676275, q_loss:24.395176, rewards:-33.117214, queue:19.106514, delay:1.3272498, throughput:4235
sim step:3600/3600
episode:161/300, sim_loss:24.395176
SIM_TRAIN step:162, travel time:162.74668192219679, q_loss:24.907555, rewards:-23.911667, queue:15.690125, delay:1.0702889, throughput:4230
sim step:3600/3600
episode:162/300, sim_loss:24.907555
REAL_TEST step:162, travel time:211.24672591206735, q_loss:100, rewards:-102.77942, queue:42.781, delay:2.476118, throughput:3999
SIM_TRAIN step:163, travel time:205.12277091906722, q_loss:26.342527, rewards:-49.465553, queue:22.5002, delay:0.9592415, throughput:4156
sim step:3600/3600
episode:163/300, sim_loss:26.342527
SIM_TRAIN step:164, travel time:176.15132783882783, q_loss:29.371855, rewards:-32.396114, queue:17.258333, delay:0.9940389, throughput:4223
sim step:3600/3600
episode:164/300, sim_loss:29.371855
SIM_TRAIN step:165, travel time:175.18558352402746, q_loss:29.028378, rewards:-27.43639, queue:20.282429, delay:1.3037932, throughput:4206
sim step:3600/3600
episode:165/300, sim_loss:29.028378
REAL_TEST step:165, travel time:211.17290722632958, q_loss:100, rewards:-103.59586, queue:42.697853, delay:2.360127, throughput:3907
SIM_TRAIN step:166, travel time:158.51796749828335, q_loss:30.212812, rewards:-24.356668, queue:16.718933, delay:1.3265073, throughput:4241
sim step:3600/3600
episode:166/300, sim_loss:30.212812
SIM_TRAIN step:167, travel time:172.04508009153318, q_loss:31.212008, rewards:-21.540834, queue:18.273792, delay:0.99402285, throughput:4243
sim step:3600/3600
episode:167/300, sim_loss:31.212008
SIM_TRAIN step:168, travel time:160.49439230945296, q_loss:32.056503, rewards:-22.030281, queue:14.731917, delay:1.1512225, throughput:4233
sim step:3600/3600
episode:168/300, sim_loss:32.056503
REAL_TEST step:168, travel time:212.02818541812252, q_loss:100, rewards:-103.45197, queue:43.033993, delay:2.4620001, throughput:4015
SIM_TRAIN step:169, travel time:167.11693363844392, q_loss:30.157076, rewards:-26.33833, queue:16.020182, delay:1.1700073, throughput:4208
sim step:3600/3600
episode:169/300, sim_loss:30.157076
SIM_TRAIN step:170, travel time:186.0146453089245, q_loss:28.589901, rewards:-41.96666, queue:19.915852, delay:0.9941655, throughput:4182
sim step:3600/3600
episode:170/300, sim_loss:28.589901
SIM_TRAIN step:171, travel time:169.19519450800917, q_loss:29.067904, rewards:-30.166395, queue:20.12343, delay:1.576312, throughput:4209
sim step:3600/3600
episode:171/300, sim_loss:29.067904
REAL_TEST step:171, travel time:218.59689192371084, q_loss:100, rewards:-96.77694, queue:44.54493, delay:2.4089086, throughput:3866
SIM_TRAIN step:172, travel time:174.5629290617849, q_loss:28.999027, rewards:-32.356113, queue:22.48009, delay:1.8847009, throughput:4193
sim step:3600/3600
episode:172/300, sim_loss:28.999027
SIM_TRAIN step:173, travel time:167.57074175824175, q_loss:27.988787, rewards:-33.230556, queue:17.86211, delay:1.3547655, throughput:4197
sim step:3600/3600
episode:173/300, sim_loss:27.988787
SIM_TRAIN step:174, travel time:171.875057208238, q_loss:28.623861, rewards:-25.4375, queue:19.139833, delay:0.9436388, throughput:4235
sim step:3600/3600
episode:174/300, sim_loss:28.623861
REAL_TEST step:174, travel time:213.45776630689818, q_loss:100, rewards:-76.06384, queue:45.169598, delay:2.324124, throughput:3959
SIM_TRAIN step:175, travel time:161.00549199084668, q_loss:30.104021, rewards:-28.71778, queue:15.011449, delay:1.0964797, throughput:4238
sim step:3600/3600
episode:175/300, sim_loss:30.104021
SIM_TRAIN step:176, travel time:151.21528254404026, q_loss:30.428291, rewards:-24.099442, queue:16.916168, delay:1.5241721, throughput:4243
sim step:3600/3600
episode:176/300, sim_loss:30.428291
SIM_TRAIN step:177, travel time:152.45412948981925, q_loss:29.770203, rewards:-25.925282, queue:17.23354, delay:1.445735, throughput:4244
sim step:3600/3600
episode:177/300, sim_loss:29.770203
REAL_TEST step:177, travel time:202.34014869888475, q_loss:100, rewards:-78.84164, queue:38.368294, delay:2.3939207, throughput:3991
SIM_TRAIN step:178, travel time:160.8466468299382, q_loss:28.667332, rewards:-28.646664, queue:22.898924, delay:1.9877062, throughput:4242
sim step:3600/3600
episode:178/300, sim_loss:28.667332
SIM_TRAIN step:179, travel time:180.47229853479854, q_loss:28.223251, rewards:-32.964718, queue:23.861994, delay:1.6518414, throughput:4188
sim step:3600/3600
episode:179/300, sim_loss:28.223251
SIM_TRAIN step:180, travel time:172.21742112482852, q_loss:27.391115, rewards:-30.076115, queue:22.574879, delay:1.7233196, throughput:4217
sim step:3600/3600
episode:180/300, sim_loss:27.391115
REAL_TEST step:180, travel time:344.1219828704905, q_loss:100, rewards:-100.785576, queue:57.742447, delay:2.3720136, throughput:3508
SIM_TRAIN step:181, travel time:162.96979405034324, q_loss:26.271896, rewards:-27.33056, queue:17.927176, delay:1.3529065, throughput:4225
sim step:3600/3600
episode:181/300, sim_loss:26.271896
SIM_TRAIN step:182, travel time:158.8883295194508, q_loss:26.196804, rewards:-24.075836, queue:18.64208, delay:1.4941046, throughput:4234
sim step:3600/3600
episode:182/300, sim_loss:26.196804
SIM_TRAIN step:183, travel time:169.02974828375287, q_loss:26.908543, rewards:-24.779713, queue:21.357822, delay:1.4173474, throughput:4234
sim step:3600/3600
episode:183/300, sim_loss:26.908543
REAL_TEST step:183, travel time:745.2613384078655, q_loss:100, rewards:-116.32026, queue:131.32677, delay:2.411587, throughput:1785
SIM_TRAIN step:184, travel time:163.72906178489703, q_loss:27.283861, rewards:-21.487505, queue:19.802954, delay:1.5369623, throughput:4229
sim step:3600/3600
episode:184/300, sim_loss:27.283861
SIM_TRAIN step:185, travel time:175.77693891557996, q_loss:27.166056, rewards:-26.092499, queue:26.3026, delay:2.035154, throughput:4226
sim step:3600/3600
episode:185/300, sim_loss:27.166056
SIM_TRAIN step:186, travel time:172.96682681308624, q_loss:29.327658, rewards:-26.9725, queue:22.509228, delay:1.2240719, throughput:4220
sim step:3600/3600
episode:186/300, sim_loss:29.327658
REAL_TEST step:186, travel time:249.96597963744722, q_loss:100, rewards:-85.57221, queue:45.00588, delay:2.435519, throughput:3423
SIM_TRAIN step:187, travel time:173.1039139391165, q_loss:31.463665, rewards:-27.717228, queue:22.66741, delay:1.9734986, throughput:4221
sim step:3600/3600
episode:187/300, sim_loss:31.463665
SIM_TRAIN step:188, travel time:164.91989013504235, q_loss:28.50786, rewards:-30.7325, queue:18.602541, delay:1.278645, throughput:4219
sim step:3600/3600
episode:188/300, sim_loss:28.50786
SIM_TRAIN step:189, travel time:192.61281464530893, q_loss:27.38325, rewards:-41.438606, queue:27.294361, delay:1.0647504, throughput:4171
sim step:3600/3600
episode:189/300, sim_loss:27.38325
REAL_TEST step:189, travel time:857.1511667230301, q_loss:100, rewards:-122.28834, queue:141.47147, delay:2.3734307, throughput:1776
SIM_TRAIN step:190, travel time:160.37651636530097, q_loss:30.75672, rewards:-27.841938, queue:22.679607, delay:1.940579, throughput:4222
sim step:3600/3600
episode:190/300, sim_loss:30.75672
SIM_TRAIN step:191, travel time:158.98993365362617, q_loss:31.258507, rewards:-26.536112, queue:17.17253, delay:1.1584253, throughput:4247
sim step:3600/3600
episode:191/300, sim_loss:31.258507
SIM_TRAIN step:192, travel time:150.33020594965674, q_loss:31.277359, rewards:-23.215834, queue:19.759827, delay:1.7339308, throughput:4260
sim step:3600/3600
episode:192/300, sim_loss:31.277359
REAL_TEST step:192, travel time:184.54234527687296, q_loss:100, rewards:-77.51692, queue:34.15468, delay:2.353056, throughput:4058
SIM_TRAIN step:193, travel time:176.878663003663, q_loss:35.09661, rewards:-24.006674, queue:21.988443, delay:0.99419874, throughput:4254
sim step:3600/3600
episode:193/300, sim_loss:35.09661
SIM_TRAIN step:194, travel time:170.1560997940032, q_loss:41.01658, rewards:-23.706108, queue:17.765745, delay:0.90823567, throughput:4234
sim step:3600/3600
episode:194/300, sim_loss:41.01658
SIM_TRAIN step:195, travel time:178.59249942831008, q_loss:42.134254, rewards:-26.736662, queue:16.427183, delay:1.2663698, throughput:4180
sim step:3600/3600
episode:195/300, sim_loss:42.134254
REAL_TEST step:195, travel time:201.5908035299582, q_loss:100, rewards:-86.54697, queue:38.200832, delay:2.319938, throughput:4046
SIM_TRAIN step:196, travel time:164.4941634241245, q_loss:43.4639, rewards:-28.874723, queue:16.689272, delay:1.1933582, throughput:4218
sim step:3600/3600
episode:196/300, sim_loss:43.4639
SIM_TRAIN step:197, travel time:164.75669489585718, q_loss:42.086163, rewards:-28.064724, queue:20.538696, delay:1.6529082, throughput:4225
sim step:3600/3600
episode:197/300, sim_loss:42.086163
SIM_TRAIN step:198, travel time:170.44040265385496, q_loss:40.731705, rewards:-28.509722, queue:18.508057, delay:1.3613138, throughput:4197
sim step:3600/3600
episode:198/300, sim_loss:40.731705
REAL_TEST step:198, travel time:193.85255373237808, q_loss:100, rewards:-89.925835, queue:37.35885, delay:2.38564, throughput:4072
SIM_TRAIN step:199, travel time:158.88326848249028, q_loss:42.325275, rewards:-27.402493, queue:19.161276, delay:1.656633, throughput:4268
sim step:3600/3600
episode:199/300, sim_loss:42.325275
SIM_TRAIN step:200, travel time:162.74067292286566, q_loss:42.255783, rewards:-22.332771, queue:16.41489, delay:0.98429936, throughput:4248
sim step:3600/3600
episode:200/300, sim_loss:42.255783
SIM_TRAIN step:201, travel time:156.90684367132067, q_loss:40.56577, rewards:-19.143332, queue:19.460188, delay:1.6867609, throughput:4250
sim step:3600/3600
episode:201/300, sim_loss:40.56577
REAL_TEST step:201, travel time:203.5246288003771, q_loss:100, rewards:-95.19164, queue:40.688396, delay:2.3660333, throughput:3984
SIM_TRAIN step:202, travel time:168.54324942791763, q_loss:40.12461, rewards:-21.274725, queue:17.450941, delay:0.95230746, throughput:4234
sim step:3600/3600
episode:202/300, sim_loss:40.12461
SIM_TRAIN step:203, travel time:163.61135271229114, q_loss:40.586346, rewards:-23.544998, queue:21.153921, delay:1.8823515, throughput:4246
sim step:3600/3600
episode:203/300, sim_loss:40.586346
SIM_TRAIN step:204, travel time:164.95218485472432, q_loss:39.766174, rewards:-19.514168, queue:19.557669, delay:1.4148704, throughput:4218
sim step:3600/3600
episode:204/300, sim_loss:39.766174
REAL_TEST step:204, travel time:195.6301179736294, q_loss:100, rewards:-94.02167, queue:38.077984, delay:2.351509, throughput:4056
SIM_TRAIN step:205, travel time:179.13383665065203, q_loss:42.529846, rewards:-18.309166, queue:24.069473, delay:1.2004529, throughput:4225
sim step:3600/3600
episode:205/300, sim_loss:42.529846
SIM_TRAIN step:206, travel time:174.29182879377433, q_loss:51.07406, rewards:-30.69361, queue:19.91924, delay:1.3663433, throughput:4211
sim step:3600/3600
episode:206/300, sim_loss:51.07406
SIM_TRAIN step:207, travel time:178.32608695652175, q_loss:47.399906, rewards:-30.136665, queue:21.499805, delay:0.97183543, throughput:4210
sim step:3600/3600
episode:207/300, sim_loss:47.399906
REAL_TEST step:207, travel time:194.38223760092274, q_loss:100, rewards:-81.892784, queue:37.326256, delay:2.3921468, throughput:4062
SIM_TRAIN step:208, travel time:174.53786318920154, q_loss:44.154724, rewards:-37.15972, queue:24.024063, delay:1.6096842, throughput:4193
sim step:3600/3600
episode:208/300, sim_loss:44.154724
SIM_TRAIN step:209, travel time:146.48501487073895, q_loss:43.826973, rewards:-17.487225, queue:16.935013, delay:1.5590193, throughput:4222
sim step:3600/3600
episode:209/300, sim_loss:43.826973
SIM_TRAIN step:210, travel time:158.94919908466818, q_loss:44.687466, rewards:-28.349154, queue:21.858875, delay:1.7716542, throughput:4254
sim step:3600/3600
episode:210/300, sim_loss:44.687466
REAL_TEST step:210, travel time:197.52135355892648, q_loss:100, rewards:-89.85472, queue:38.064682, delay:2.3984263, throughput:4009
SIM_TRAIN step:211, travel time:149.20846681922197, q_loss:45.25695, rewards:-19.828054, queue:20.167538, delay:1.9775492, throughput:4254
sim step:3600/3600
episode:211/300, sim_loss:45.25695
SIM_TRAIN step:212, travel time:151.28983516483515, q_loss:42.32153, rewards:-27.950005, queue:14.868973, delay:1.2474476, throughput:4272
sim step:3600/3600
episode:212/300, sim_loss:42.32153
SIM_TRAIN step:213, travel time:156.06431677729458, q_loss:41.441486, rewards:-22.707499, queue:15.578565, delay:1.2428768, throughput:4237
sim step:3600/3600
episode:213/300, sim_loss:41.441486
REAL_TEST step:213, travel time:200.04040873200185, q_loss:100, rewards:-94.51308, queue:39.161694, delay:2.3933053, throughput:4039
SIM_TRAIN step:214, travel time:159.38887617303732, q_loss:40.68073, rewards:-30.106106, queue:20.073502, delay:1.6193658, throughput:4241
sim step:3600/3600
episode:214/300, sim_loss:40.68073
SIM_TRAIN step:215, travel time:142.72046703296704, q_loss:40.358566, rewards:-18.914442, queue:18.824492, delay:1.9052459, throughput:4249
sim step:3600/3600
episode:215/300, sim_loss:40.358566
SIM_TRAIN step:216, travel time:149.79935941432166, q_loss:40.254353, rewards:-21.973055, queue:19.272516, delay:1.816151, throughput:4283
sim step:3600/3600
episode:216/300, sim_loss:40.254353
REAL_TEST step:216, travel time:202.62994677158065, q_loss:100, rewards:-92.85807, queue:39.871483, delay:2.3641114, throughput:4006
SIM_TRAIN step:217, travel time:190.05494505494505, q_loss:38.99807, rewards:-47.458046, queue:24.031467, delay:0.9483386, throughput:4214
sim step:3600/3600
episode:217/300, sim_loss:38.99807
SIM_TRAIN step:218, travel time:144.17509727626458, q_loss:39.952255, rewards:-16.978325, queue:18.908419, delay:1.8716028, throughput:4273
sim step:3600/3600
episode:218/300, sim_loss:39.952255
SIM_TRAIN step:219, travel time:144.00320292839166, q_loss:36.47512, rewards:-14.548334, queue:17.763138, delay:1.6968156, throughput:4280
sim step:3600/3600
episode:219/300, sim_loss:36.47512
REAL_TEST step:219, travel time:218.49622106754842, q_loss:100, rewards:-109.55026, queue:45.72876, delay:2.4165404, throughput:3923
SIM_TRAIN step:220, travel time:147.13089244851258, q_loss:29.752682, rewards:-12.855, queue:16.983946, delay:1.4704514, throughput:4267
sim step:3600/3600
episode:220/300, sim_loss:29.752682
SIM_TRAIN step:221, travel time:145.38255494505495, q_loss:28.703085, rewards:-16.296946, queue:18.797945, delay:1.8512607, throughput:4266
sim step:3600/3600
episode:221/300, sim_loss:28.703085
SIM_TRAIN step:222, travel time:148.101625085832, q_loss:27.857601, rewards:-13.854437, queue:14.894029, delay:1.2243743, throughput:4268
sim step:3600/3600
episode:222/300, sim_loss:27.857601
REAL_TEST step:222, travel time:203.75770406963068, q_loss:100, rewards:-95.66774, queue:40.550865, delay:2.3822873, throughput:3964
SIM_TRAIN step:223, travel time:154.72968642710003, q_loss:29.6924, rewards:-23.499447, queue:18.403793, delay:1.4369594, throughput:4261
sim step:3600/3600
episode:223/300, sim_loss:29.6924
SIM_TRAIN step:224, travel time:146.9741359578851, q_loss:28.61834, rewards:-16.180285, queue:15.271022, delay:1.4608804, throughput:4280
sim step:3600/3600
episode:224/300, sim_loss:28.61834
SIM_TRAIN step:225, travel time:143.62005035477225, q_loss:28.619211, rewards:-13.907777, queue:17.518955, delay:1.7517481, throughput:4291
sim step:3600/3600
episode:225/300, sim_loss:28.619211
REAL_TEST step:225, travel time:210.10813374436805, q_loss:100, rewards:-101.05193, queue:42.35079, delay:2.4213166, throughput:3916
SIM_TRAIN step:226, travel time:152.78728270814273, q_loss:28.814186, rewards:-22.245838, queue:15.38483, delay:1.1744218, throughput:4230
sim step:3600/3600
episode:226/300, sim_loss:28.814186
SIM_TRAIN step:227, travel time:147.5833905284832, q_loss:30.100912, rewards:-18.993608, queue:14.919946, delay:1.2414998, throughput:4271
sim step:3600/3600
episode:227/300, sim_loss:30.100912
SIM_TRAIN step:228, travel time:158.5341117216117, q_loss:30.26136, rewards:-28.267508, queue:17.776766, delay:1.4118768, throughput:4245
sim step:3600/3600
episode:228/300, sim_loss:30.26136
REAL_TEST step:228, travel time:215.66823862296627, q_loss:100, rewards:-106.326096, queue:44.38082, delay:2.3611088, throughput:3943
SIM_TRAIN step:229, travel time:215.4106611759323, q_loss:31.595331, rewards:-32.683334, queue:16.39283, delay:0.899004, throughput:4104
sim step:3600/3600
episode:229/300, sim_loss:31.595331
SIM_TRAIN step:230, travel time:163.8992904554818, q_loss:31.882965, rewards:-22.548334, queue:16.126081, delay:1.1503327, throughput:4198
sim step:3600/3600
episode:230/300, sim_loss:31.882965
SIM_TRAIN step:231, travel time:152.52780956740673, q_loss:31.265408, rewards:-19.85611, queue:21.225428, delay:1.8969098, throughput:4273
sim step:3600/3600
episode:231/300, sim_loss:31.265408
REAL_TEST step:231, travel time:225.80033881897387, q_loss:100, rewards:-114.43193, queue:46.231205, delay:2.4331145, throughput:3833
SIM_TRAIN step:232, travel time:141.42585812356978, q_loss:28.686527, rewards:-17.671947, queue:14.486878, delay:1.4046321, throughput:4288
sim step:3600/3600
episode:232/300, sim_loss:28.686527
SIM_TRAIN step:233, travel time:159.89239926739927, q_loss:27.89934, rewards:-24.61639, queue:16.162788, delay:1.224615, throughput:4251
sim step:3600/3600
episode:233/300, sim_loss:27.89934
SIM_TRAIN step:234, travel time:147.0695652173913, q_loss:27.524523, rewards:-14.899444, queue:20.527449, delay:1.8997747, throughput:4285
sim step:3600/3600
episode:234/300, sim_loss:27.524523
REAL_TEST step:234, travel time:226.7756737072105, q_loss:100, rewards:-116.365005, queue:47.08734, delay:2.4399283, throughput:3810
SIM_TRAIN step:235, travel time:152.16185897435898, q_loss:27.314363, rewards:-22.434727, queue:17.746151, delay:1.3101099, throughput:4274
sim step:3600/3600
episode:235/300, sim_loss:27.314363
SIM_TRAIN step:236, travel time:168.7234432234432, q_loss:25.969133, rewards:-27.49028, queue:17.536785, delay:0.9968254, throughput:4239
sim step:3600/3600
episode:236/300, sim_loss:25.969133
SIM_TRAIN step:237, travel time:151.03112840466926, q_loss:25.247341, rewards:-21.068338, queue:15.730299, delay:1.3545454, throughput:4251
sim step:3600/3600
episode:237/300, sim_loss:25.247341
REAL_TEST step:237, travel time:213.52610722610723, q_loss:100, rewards:-98.21389, queue:44.77739, delay:2.3895144, throughput:3984
SIM_TRAIN step:238, travel time:168.1588464179446, q_loss:24.039358, rewards:-28.52694, queue:15.380013, delay:0.9371978, throughput:4215
sim step:3600/3600
episode:238/300, sim_loss:24.039358
SIM_TRAIN step:239, travel time:150.1025406271458, q_loss:22.796846, rewards:-19.44, queue:17.24149, delay:1.5039877, throughput:4265
sim step:3600/3600
episode:239/300, sim_loss:22.796846
SIM_TRAIN step:240, travel time:163.69251887439944, q_loss:21.953875, rewards:-23.225271, queue:22.802828, delay:1.7382601, throughput:4236
sim step:3600/3600
episode:240/300, sim_loss:21.953875
REAL_TEST step:240, travel time:214.00783289817232, q_loss:100, rewards:-104.25639, queue:44.131374, delay:2.3643634, throughput:3916
SIM_TRAIN step:241, travel time:151.9974828375286, q_loss:20.26592, rewards:-20.785557, queue:20.057789, delay:1.989824, throughput:4245
sim step:3600/3600
episode:241/300, sim_loss:20.26592
SIM_TRAIN step:242, travel time:161.73552962708763, q_loss:20.146662, rewards:-30.331396, queue:20.331175, delay:1.7870635, throughput:4198
sim step:3600/3600
episode:242/300, sim_loss:20.146662
SIM_TRAIN step:243, travel time:154.73655298695354, q_loss:20.446915, rewards:-23.649158, queue:20.382025, delay:1.9854116, throughput:4233
sim step:3600/3600
episode:243/300, sim_loss:20.446915
REAL_TEST step:243, travel time:207.81805157593124, q_loss:100, rewards:-104.55947, queue:40.681393, delay:2.4246585, throughput:3910
SIM_TRAIN step:244, travel time:146.03956999085088, q_loss:20.755972, rewards:-20.262785, queue:18.011513, delay:1.7879537, throughput:4282
sim step:3600/3600
episode:244/300, sim_loss:20.755972
SIM_TRAIN step:245, travel time:155.0462242562929, q_loss:21.366049, rewards:-27.35834, queue:22.41989, delay:1.8562236, throughput:4246
sim step:3600/3600
episode:245/300, sim_loss:21.366049
SIM_TRAIN step:246, travel time:156.1110347985348, q_loss:21.954582, rewards:-22.28111, queue:19.659672, delay:1.8112127, throughput:4227
sim step:3600/3600
episode:246/300, sim_loss:21.954582
REAL_TEST step:246, travel time:210.56286999763202, q_loss:100, rewards:-100.9064, queue:43.432575, delay:2.3263388, throughput:3929
SIM_TRAIN step:247, travel time:221.85462454212455, q_loss:22.924337, rewards:-37.11805, queue:17.128407, delay:0.9336062, throughput:4138
sim step:3600/3600
episode:247/300, sim_loss:22.924337
SIM_TRAIN step:248, travel time:188.2007783882784, q_loss:26.320393, rewards:-30.364162, queue:26.26058, delay:1.4220084, throughput:4193
sim step:3600/3600
episode:248/300, sim_loss:26.320393
SIM_TRAIN step:249, travel time:176.88392857142858, q_loss:31.920153, rewards:-30.095556, queue:22.589119, delay:1.8406676, throughput:4183
sim step:3600/3600
episode:249/300, sim_loss:31.920153
REAL_TEST step:249, travel time:209.14672740350036, q_loss:100, rewards:-102.75472, queue:40.76784, delay:2.4494154, throughput:3888
SIM_TRAIN step:250, travel time:157.7418173495079, q_loss:32.32851, rewards:-23.157232, queue:20.61969, delay:1.939265, throughput:4246
sim step:3600/3600
episode:250/300, sim_loss:32.32851
SIM_TRAIN step:251, travel time:183.22036613272311, q_loss:31.184454, rewards:-29.878057, queue:24.567616, delay:1.2886811, throughput:4191
sim step:3600/3600
episode:251/300, sim_loss:31.184454
SIM_TRAIN step:252, travel time:171.41680018310825, q_loss:32.343067, rewards:-31.007774, queue:19.391388, delay:1.1859088, throughput:4210
sim step:3600/3600
episode:252/300, sim_loss:32.343067
REAL_TEST step:252, travel time:202.20724774988156, q_loss:100, rewards:-96.03474, queue:39.75808, delay:2.4082105, throughput:3949
SIM_TRAIN step:253, travel time:178.79061784897024, q_loss:33.309925, rewards:-29.059725, queue:21.575718, delay:0.9667081, throughput:4216
sim step:3600/3600
episode:253/300, sim_loss:33.309925
SIM_TRAIN step:254, travel time:160.3608695652174, q_loss:33.822662, rewards:-25.698898, queue:19.464308, delay:1.6472765, throughput:4231
sim step:3600/3600
episode:254/300, sim_loss:33.822662
SIM_TRAIN step:255, travel time:167.21950102998397, q_loss:33.93579, rewards:-26.885563, queue:20.788242, delay:1.429973, throughput:4230
sim step:3600/3600
episode:255/300, sim_loss:33.93579
REAL_TEST step:255, travel time:209.00787401574803, q_loss:100, rewards:-106.5861, queue:41.73047, delay:2.4091868, throughput:3914
SIM_TRAIN step:256, travel time:157.25841153582056, q_loss:34.34937, rewards:-19.750286, queue:17.318651, delay:1.5443785, throughput:4244
sim step:3600/3600
episode:256/300, sim_loss:34.34937
SIM_TRAIN step:257, travel time:159.2335164835165, q_loss:33.792503, rewards:-24.154722, queue:17.604738, delay:1.4708831, throughput:4242
sim step:3600/3600
episode:257/300, sim_loss:33.792503
SIM_TRAIN step:258, travel time:152.79624542124543, q_loss:33.26343, rewards:-19.836658, queue:16.434853, delay:1.528941, throughput:4255
sim step:3600/3600
episode:258/300, sim_loss:33.26343
REAL_TEST step:258, travel time:287.4045876037091, q_loss:100, rewards:-111.978035, queue:59.80916, delay:2.4687903, throughput:3492
SIM_TRAIN step:259, travel time:173.88509956511788, q_loss:32.87126, rewards:-27.71111, queue:17.043945, delay:1.1700274, throughput:4197
sim step:3600/3600
episode:259/300, sim_loss:32.87126
SIM_TRAIN step:260, travel time:156.04117108874658, q_loss:30.903755, rewards:-19.951109, queue:17.973404, delay:1.5676019, throughput:4254
sim step:3600/3600
episode:260/300, sim_loss:30.903755
SIM_TRAIN step:261, travel time:169.90178571428572, q_loss:30.505718, rewards:-26.547775, queue:17.68154, delay:1.2227662, throughput:4179
sim step:3600/3600
episode:261/300, sim_loss:30.505718
REAL_TEST step:261, travel time:345.2711152589827, q_loss:100, rewards:-92.23245, queue:70.113525, delay:2.3331923, throughput:3437
SIM_TRAIN step:262, travel time:153.29532967032966, q_loss:27.324493, rewards:-19.519728, queue:20.686716, delay:1.8286391, throughput:4269
sim step:3600/3600
episode:262/300, sim_loss:27.324493
SIM_TRAIN step:263, travel time:152.66460764127203, q_loss:23.697428, rewards:-19.939442, queue:23.050543, delay:2.111722, throughput:4249
sim step:3600/3600
episode:263/300, sim_loss:23.697428
SIM_TRAIN step:264, travel time:170.96430205949656, q_loss:24.5703, rewards:-27.970556, queue:20.414463, delay:1.1252595, throughput:4229
sim step:3600/3600
episode:264/300, sim_loss:24.5703
REAL_TEST step:264, travel time:225.151587491048, q_loss:100, rewards:-117.97225, queue:48.149086, delay:2.4409254, throughput:3882
SIM_TRAIN step:265, travel time:149.99885609700297, q_loss:25.673662, rewards:-19.844446, queue:20.185371, delay:1.9645739, throughput:4263
sim step:3600/3600
episode:265/300, sim_loss:25.673662
SIM_TRAIN step:266, travel time:157.98878461890592, q_loss:25.493168, rewards:-20.710829, queue:18.511745, delay:1.5087793, throughput:4247
sim step:3600/3600
episode:266/300, sim_loss:25.493168
SIM_TRAIN step:267, travel time:164.05514874141878, q_loss:23.989233, rewards:-28.929728, queue:15.274297, delay:1.0339597, throughput:4227
sim step:3600/3600
episode:267/300, sim_loss:23.989233
REAL_TEST step:267, travel time:218.12758289283997, q_loss:100, rewards:-110.0578, queue:44.954765, delay:2.466088, throughput:3859
SIM_TRAIN step:268, travel time:152.07049668116275, q_loss:23.860376, rewards:-16.453337, queue:15.54975, delay:1.2335633, throughput:4249
sim step:3600/3600
episode:268/300, sim_loss:23.860376
SIM_TRAIN step:269, travel time:156.61034798534797, q_loss:23.16677, rewards:-20.414724, queue:14.887395, delay:1.095323, throughput:4244
sim step:3600/3600
episode:269/300, sim_loss:23.16677
SIM_TRAIN step:270, travel time:159.13955616563715, q_loss:22.01977, rewards:-24.796392, queue:17.183504, delay:1.3213326, throughput:4233
sim step:3600/3600
episode:270/300, sim_loss:22.01977
REAL_TEST step:270, travel time:218.32498193206456, q_loss:100, rewards:-110.45332, queue:44.6625, delay:2.3737326, throughput:3849
SIM_TRAIN step:271, travel time:157.99679633867277, q_loss:22.009697, rewards:-23.975, queue:21.765625, delay:2.052372, throughput:4225
sim step:3600/3600
episode:271/300, sim_loss:22.009697
SIM_TRAIN step:272, travel time:166.4587912087912, q_loss:22.906492, rewards:-27.575005, queue:23.355484, delay:1.8999566, throughput:4217
sim step:3600/3600
episode:272/300, sim_loss:22.906492
SIM_TRAIN step:273, travel time:163.40077821011673, q_loss:22.941343, rewards:-29.398611, queue:22.573767, delay:1.9653515, throughput:4227
sim step:3600/3600
episode:273/300, sim_loss:22.941343
REAL_TEST step:273, travel time:227.56166056166057, q_loss:100, rewards:-118.98471, queue:47.021606, delay:2.4960785, throughput:3797
SIM_TRAIN step:274, travel time:177.22888532845045, q_loss:23.041931, rewards:-30.98667, queue:24.170439, delay:1.6533254, throughput:4199
sim step:3600/3600
episode:274/300, sim_loss:23.041931
SIM_TRAIN step:275, travel time:175.43729977116706, q_loss:24.21429, rewards:-31.017225, queue:21.79766, delay:1.2627649, throughput:4224
sim step:3600/3600
episode:275/300, sim_loss:24.21429
SIM_TRAIN step:276, travel time:169.00480659189745, q_loss:25.204857, rewards:-28.196386, queue:16.73408, delay:0.9707461, throughput:4221
sim step:3600/3600
episode:276/300, sim_loss:25.204857
REAL_TEST step:276, travel time:208.33805182341652, q_loss:100, rewards:-105.14974, queue:40.97583, delay:2.4163513, throughput:3914
SIM_TRAIN step:277, travel time:159.5107600732601, q_loss:26.019428, rewards:-25.764166, queue:20.353804, delay:1.8049351, throughput:4237
sim step:3600/3600
episode:277/300, sim_loss:26.019428
SIM_TRAIN step:278, travel time:171.0341117216117, q_loss:25.734938, rewards:-36.136665, queue:21.517204, delay:1.5103288, throughput:4214
sim step:3600/3600
episode:278/300, sim_loss:25.734938
SIM_TRAIN step:279, travel time:168.18888634804483, q_loss:24.770496, rewards:-30.043333, queue:18.627748, delay:1.5336105, throughput:4210
sim step:3600/3600
episode:279/300, sim_loss:24.770496
REAL_TEST step:279, travel time:208.2228028503563, q_loss:100, rewards:-103.290855, queue:41.5993, delay:2.4090817, throughput:3929
SIM_TRAIN step:280, travel time:166.95562671546202, q_loss:25.53395, rewards:-32.984165, queue:20.949162, delay:1.6978133, throughput:4235
sim step:3600/3600
episode:280/300, sim_loss:25.53395
SIM_TRAIN step:281, travel time:175.34607461661707, q_loss:26.235706, rewards:-37.902508, queue:25.091902, delay:1.9083807, throughput:4221
sim step:3600/3600
episode:281/300, sim_loss:26.235706
SIM_TRAIN step:282, travel time:163.44701304646372, q_loss:25.789616, rewards:-30.449997, queue:19.22396, delay:1.6575029, throughput:4225
sim step:3600/3600
episode:282/300, sim_loss:25.789616
REAL_TEST step:282, travel time:201.76367094626724, q_loss:100, rewards:-95.40361, queue:39.647045, delay:2.4129817, throughput:3923
SIM_TRAIN step:283, travel time:172.61263736263737, q_loss:26.244846, rewards:-35.391388, queue:16.674425, delay:0.9966712, throughput:4205
sim step:3600/3600
episode:283/300, sim_loss:26.244846
SIM_TRAIN step:284, travel time:176.8179945054945, q_loss:27.732868, rewards:-34.142773, queue:19.046549, delay:1.0501425, throughput:4212
sim step:3600/3600
episode:284/300, sim_loss:27.732868
SIM_TRAIN step:285, travel time:170.2526894026093, q_loss:27.759523, rewards:-32.06389, queue:21.71878, delay:1.7610943, throughput:4190
sim step:3600/3600
episode:285/300, sim_loss:27.759523
REAL_TEST step:285, travel time:204.61734213006596, q_loss:100, rewards:-97.81253, queue:40.510273, delay:2.4201517, throughput:3952
SIM_TRAIN step:286, travel time:160.05514874141878, q_loss:29.05367, rewards:-25.75112, queue:20.106686, delay:1.7997477, throughput:4242
sim step:3600/3600
episode:286/300, sim_loss:29.05367
SIM_TRAIN step:287, travel time:161.48330283623056, q_loss:29.418528, rewards:-26.872509, queue:16.972532, delay:1.3095757, throughput:4217
sim step:3600/3600
episode:287/300, sim_loss:29.418528
SIM_TRAIN step:288, travel time:167.39647677876917, q_loss:28.89849, rewards:-33.430832, queue:19.928856, delay:1.5129732, throughput:4215
sim step:3600/3600
episode:288/300, sim_loss:28.89849
REAL_TEST step:288, travel time:203.41100094428705, q_loss:100, rewards:-100.41838, queue:39.786865, delay:2.4332867, throughput:3956
SIM_TRAIN step:289, travel time:157.10688944838637, q_loss:27.372541, rewards:-24.93389, queue:20.881872, delay:1.9202847, throughput:4218
sim step:3600/3600
episode:289/300, sim_loss:27.372541
SIM_TRAIN step:290, travel time:155.62119478141452, q_loss:25.680723, rewards:-20.61277, queue:18.75385, delay:1.7562788, throughput:4247
sim step:3600/3600
episode:290/300, sim_loss:25.680723
SIM_TRAIN step:291, travel time:155.5675057208238, q_loss:25.067217, rewards:-21.131952, queue:19.412731, delay:1.8388844, throughput:4253
sim step:3600/3600
episode:291/300, sim_loss:25.067217
REAL_TEST step:291, travel time:191.8585643212509, q_loss:100, rewards:-89.52641, queue:35.772835, delay:2.3928852, throughput:3988
SIM_TRAIN step:292, travel time:159.21551132463966, q_loss:24.713766, rewards:-21.938883, queue:20.57985, delay:1.926329, throughput:4235
sim step:3600/3600
episode:292/300, sim_loss:24.713766
SIM_TRAIN step:293, travel time:158.8697642481117, q_loss:24.606585, rewards:-21.05306, queue:15.385464, delay:1.1062435, throughput:4245
sim step:3600/3600
episode:293/300, sim_loss:24.606585
SIM_TRAIN step:294, travel time:159.32875457875457, q_loss:24.299885, rewards:-23.24583, queue:13.71961, delay:0.99720323, throughput:4228
sim step:3600/3600
episode:294/300, sim_loss:24.299885
REAL_TEST step:294, travel time:197.2512338425382, q_loss:100, rewards:-96.8389, queue:37.334915, delay:2.3876457, throughput:3999
SIM_TRAIN step:295, travel time:163.27397573815517, q_loss:23.385815, rewards:-29.335278, queue:14.451075, delay:0.89919007, throughput:4227
sim step:3600/3600
episode:295/300, sim_loss:23.385815
SIM_TRAIN step:296, travel time:158.87502861066605, q_loss:23.76665, rewards:-25.580828, queue:22.953192, delay:2.1146917, throughput:4230
sim step:3600/3600
episode:296/300, sim_loss:23.76665
SIM_TRAIN step:297, travel time:160.6629290617849, q_loss:21.989819, rewards:-27.355835, queue:19.679853, delay:1.703585, throughput:4223
sim step:3600/3600
episode:297/300, sim_loss:21.989819
REAL_TEST step:297, travel time:190.89701387256054, q_loss:100, rewards:-92.37695, queue:35.353546, delay:2.3575737, throughput:4028
SIM_TRAIN step:298, travel time:156.34728894989703, q_loss:20.549555, rewards:-26.061678, queue:15.497853, delay:1.1122282, throughput:4271
sim step:3600/3600
episode:298/300, sim_loss:20.549555
SIM_TRAIN step:299, travel time:163.7741418764302, q_loss:19.428682, rewards:-30.608063, queue:18.813549, delay:1.3215058, throughput:4204
sim step:3600/3600
episode:299/300, sim_loss:19.428682
Total time taken: 3970.271618127823
