exp_name	mode	step	travel_time	loss	rewards	queue	delay	throughput	train_reward	R_real	components	detail	fairness	emission	fuel	emergency_stops	ssm_conflicts	collisions	phi_raw
tempe_16_efficiency_aligned_dqn_reward_oracle	REAL_TRAIN	0	266.1	0.0	-721.77	57.00	0.36	18033	-6.88	0.0000			185.5000	9091.0000	2947.2195	79.0000	13487.0000	3.0000	
tempe_16_efficiency_aligned_dqn_reward_oracle	REAL_TRAIN	1	256.6	0.0	-680.26	52.73	0.36	17640	-7.08	0.0000			179.5000	8635.3072	2799.4879	83.0000	13069.0000	4.0000	
tempe_16_efficiency_aligned_dqn_reward_oracle	REAL_TRAIN	2	257.2	14.5	-666.45	51.43	0.36	18046	-5.80	0.0000			193.0625	8745.1943	2835.1118	77.0000	13372.0000	3.0000	
tempe_16_efficiency_aligned_dqn_reward_oracle	REAL_TEST	2	997.4	100.0	-2121.11	164.07	0.57	8093		-1250.5404	queue=17.7104;delay=9.1513;waiting=1223.6787;pressure=0.0;switches=0.0		212.8750	19448.0713	6304.9460	23.0000	6497.0000	0.0000	queue=177.1043;delay=9.1513;waiting=244735.7407;pressure=1939.9417;switches=2.6417
tempe_16_efficiency_aligned_dqn_reward_oracle	REAL_TRAIN	3	164.4	4.3	-318.60	28.26	0.34	20185	-3.24	0.0000			160.8125	6368.4650	2064.5932	70.0000	8776.0000	2.0000	
tempe_16_efficiency_aligned_dqn_reward_oracle	REAL_TRAIN	4	130.7	3.6	-195.56	16.45	0.28	20665	-1.92	0.0000			167.2500	5349.3353	1734.1960	118.0000	9784.0000	5.0000	
tempe_16_efficiency_aligned_dqn_reward_oracle	REAL_TEST	4	132.6	100.0	-215.13	16.44	0.31	19637		-80.0200	queue=1.823;delay=4.9254;waiting=73.2716;pressure=0.0;switches=0.0		135.5625	5168.2783	1675.5003	103.0000	7705.0000	2.0000	queue=18.2302;delay=4.9254;waiting=14654.3197;pressure=417.6111;switches=7.8167
tempe_16_efficiency_aligned_dqn_reward_oracle	REAL_TRAIN	5	126.6	3.5	-187.91	16.18	0.27	20416	-1.65	0.0000			124.8750	5130.8687	1663.3717	113.0000	8471.0000	6.0000	
tempe_16_efficiency_aligned_dqn_reward_oracle	REAL_TRAIN	6	92.6	3.3	-74.19	6.38	0.24	20693	-0.62	0.0000			139.1875	4039.3662	1309.5141	112.0000	6704.0000	1.0000	
tempe_16_efficiency_aligned_dqn_reward_oracle	REAL_TEST	6	106.4	100.0	-134.03	10.80	0.26	20188		-40.1489	queue=1.1472;delay=4.1754;waiting=34.8263;pressure=0.0;switches=0.0		98.0625	4422.6458	1433.7718	118.0000	6276.0000	4.0000	queue=11.4723;delay=4.1754;waiting=6965.2617;pressure=274.3444;switches=9.05
tempe_16_efficiency_aligned_dqn_reward_oracle	REAL_TRAIN	7	88.9	2.9	-57.11	5.24	0.23	20877	-0.39	0.0000			153.3125	3941.9554	1277.9339	133.0000	6862.0000	4.0000	
tempe_16_efficiency_aligned_dqn_reward_oracle	REAL_TRAIN	8	91.8	2.6	-69.89	6.36	0.23	20770	-0.56	0.0000			116.8750	4031.9854	1307.1211	125.0000	7122.0000	2.0000	
tempe_16_efficiency_aligned_dqn_reward_oracle	REAL_TEST	8	95.1	100.0	-81.15	7.49	0.22	20562		-18.0952	queue=0.7097;delay=3.4432;waiting=13.9423;pressure=0.0;switches=0.0		137.8125	4083.5258	1323.8307	134.0000	6578.0000	2.0000	queue=7.0969;delay=3.4432;waiting=2788.4579;pressure=230.1389;switches=8.9389
tempe_16_efficiency_aligned_dqn_reward_oracle	REAL_TRAIN	9	92.8	2.5	-70.72	6.40	0.23	20833	-0.46	0.0000			150.5625	4077.8554	1321.9914	150.0000	8016.0000	1.0000	
tempe_16_efficiency_aligned_dqn_reward_oracle	REAL_TRAIN	10	89.5	2.3	-56.84	5.08	0.23	20829	-0.32	0.0000			174.4375	3972.8056	1287.9349	119.0000	8130.0000	3.0000	
tempe_16_efficiency_aligned_dqn_reward_oracle	REAL_TEST	10	111.7	100.0	-124.75	12.01	0.23	20647		-23.0999	queue=1.0679;delay=3.7234;waiting=18.3086;pressure=0.0;switches=0.0		169.9375	4692.7470	1521.3354	126.0000	8687.0000	6.0000	queue=10.6794;delay=3.7234;waiting=3661.7116;pressure=354.7444;switches=9.3917
tempe_16_efficiency_aligned_dqn_reward_oracle	REAL_TRAIN	11	90.6	2.1	-62.45	5.54	0.22	20802	-0.34	0.0000			161.0000	4011.5594	1300.4985	141.0000	8244.0000	5.0000	
tempe_16_efficiency_aligned_dqn_reward_oracle	REAL_TRAIN	12	89.0	2.0	-54.54	4.87	0.22	20834	-0.32	0.0000			192.3125	3964.6721	1285.2980	134.0000	8044.0000	3.0000	
tempe_16_efficiency_aligned_dqn_reward_oracle	REAL_TEST	12	89.1	100.0	-55.80	4.95	0.22	20834		-5.6397	queue=0.4958;delay=3.458;waiting=1.686;pressure=0.0;switches=0.0		191.5625	3957.4223	1282.9478	105.0000	7679.0000	4.0000	queue=4.9575;delay=3.458;waiting=337.1919;pressure=169.2139;switches=9.1639
tempe_16_efficiency_aligned_dqn_reward_oracle	REAL_TRAIN	13	89.2	1.9	-57.10	4.94	0.23	20861	-0.31	0.0000			204.5625	3976.7534	1289.2146	109.0000	8203.0000	0.0000	
tempe_16_efficiency_aligned_dqn_reward_oracle	REAL_TRAIN	14	91.1	1.6	-59.56	5.13	0.23	20817	-0.33	0.0000			260.1875	4036.6034	1308.6173	130.0000	8685.0000	5.0000	
tempe_16_efficiency_aligned_dqn_reward_oracle	REAL_TEST	14	90.8	100.0	-57.30	4.95	0.22	20776		-5.4150	queue=0.5106;delay=3.5366;waiting=1.3678;pressure=0.0;switches=0.0		166.3125	4022.5021	1304.0459	106.0000	8371.0000	2.0000	queue=5.1059;delay=3.5366;waiting=273.57;pressure=174.5917;switches=9.8056
tempe_16_efficiency_aligned_dqn_reward_oracle	REAL_TRAIN	15	88.1	1.0	-50.82	4.53	0.22	20854	-0.31	0.0000			135.4375	3921.8360	1271.4110	117.0000	8026.0000	3.0000	
tempe_16_efficiency_aligned_dqn_reward_oracle	REAL_TRAIN	16	85.3	0.4	-41.09	3.75	0.21	20824	-0.27	0.0000			110.5625	3817.3955	1237.5523	131.0000	7014.0000	3.0000	
tempe_16_efficiency_aligned_dqn_reward_oracle	REAL_TEST	16	85.6	100.0	-42.81	4.07	0.21	20876		-4.4819	queue=0.3922;delay=3.3588;waiting=0.7309;pressure=0.0;switches=0.0		100.4375	3835.4382	1243.4018	122.0000	6361.0000	3.0000	queue=3.9218;delay=3.3588;waiting=146.1838;pressure=161.5583;switches=9.5944
tempe_16_efficiency_aligned_dqn_reward_oracle	REAL_TRAIN	17	84.5	0.1	-38.37	3.67	0.20	20880	-0.26	0.0000			151.5000	3793.3716	1229.7640	140.0000	6322.0000	0.0000	
tempe_16_efficiency_aligned_dqn_reward_oracle	REAL_TRAIN	18	82.8	0.1	-31.09	3.02	0.20	20902	-0.24	0.0000			156.0625	3738.8040	1212.0736	123.0000	6058.0000	5.0000	
tempe_16_efficiency_aligned_dqn_reward_oracle	REAL_TEST	18	81.7	100.0	-27.43	2.71	0.19	20889		-3.5640	queue=0.2623;delay=3.0232;waiting=0.2785;pressure=0.0;switches=0.0		110.4375	3694.0610	1197.5684	129.0000	5190.0000	3.0000	queue=2.6228;delay=3.0232;waiting=55.7087;pressure=139.3611;switches=9.3639
tempe_16_efficiency_aligned_dqn_reward_oracle	REAL_TRAIN	19	81.4	0.1	-27.73	2.72	0.19	20903	-0.22	0.0000			124.5625	3691.8014	1196.8358	127.0000	5423.0000	0.0000	
tempe_16_efficiency_aligned_dqn_reward_oracle	REAL_TRAIN	20	80.8	0.0	-24.87	2.47	0.19	20910	-0.21	0.0000			112.5000	3665.9325	1188.4493	150.0000	5257.0000	1.0000	
tempe_16_efficiency_aligned_dqn_reward_oracle	REAL_TEST	20	79.9	100.0	-23.20	2.31	0.18	20887		-3.3821	queue=0.2278;delay=2.9519;waiting=0.2024;pressure=0.0;switches=0.0		89.7500	3633.5967	1177.9664	112.0000	4405.0000	0.0000	queue=2.2777;delay=2.9519;waiting=40.4809;pressure=135.7444;switches=9.4028
tempe_16_efficiency_aligned_dqn_reward_oracle	REAL_TRAIN	21	81.0	0.0	-25.35	2.50	0.19	20878	-0.22	0.0000			111.5000	3670.5800	1189.9560	138.0000	5235.0000	1.0000	
tempe_16_efficiency_aligned_dqn_reward_oracle	REAL_TRAIN	22	80.4	0.0	-23.78	2.34	0.19	20881	-0.21	0.0000			147.7500	3650.5260	1183.4547	144.0000	4980.0000	1.0000	
tempe_16_efficiency_aligned_dqn_reward_oracle	REAL_TEST	22	79.4	100.0	-20.68	2.08	0.18	20950		-3.1684	queue=0.205;delay=2.8306;waiting=0.1328;pressure=0.0;switches=0.0		102.1875	3625.0185	1175.1853	141.0000	4420.0000	2.0000	queue=2.0501;delay=2.8306;waiting=26.563;pressure=134.4722;switches=8.6972
tempe_16_efficiency_aligned_dqn_reward_oracle	REAL_TRAIN	23	80.3	0.0	-23.38	2.31	0.18	20875	-0.21	0.0000			85.5000	3643.8674	1181.2960	135.0000	5051.0000	2.0000	
tempe_16_efficiency_aligned_dqn_reward_oracle	REAL_TRAIN	24	80.1	0.0	-22.76	2.25	0.18	20912	-0.20	0.0000			116.7500	3647.1093	1182.3469	122.0000	5052.0000	2.0000	
tempe_16_efficiency_aligned_dqn_reward_oracle	REAL_TEST	24	79.7	100.0	-21.41	2.14	0.18	20922		-3.1749	queue=0.211;delay=2.84;waiting=0.1239;pressure=0.0;switches=0.0		100.6250	3633.1947	1177.8360	144.0000	4771.0000	1.0000	queue=2.11;delay=2.84;waiting=24.784;pressure=137.0389;switches=9.1444
tempe_16_efficiency_aligned_dqn_reward_oracle	REAL_TRAIN	25	80.1	0.0	-22.76	2.26	0.18	20904	-0.20	0.0000			112.8125	3644.1924	1181.4013	151.0000	4984.0000	3.0000	
tempe_16_efficiency_aligned_dqn_reward_oracle	REAL_TRAIN	26	80.1	0.0	-22.38	2.22	0.18	20893	-0.20	0.0000			115.0000	3640.1464	1180.0896	156.0000	4979.0000	0.0000	
tempe_16_efficiency_aligned_dqn_reward_oracle	REAL_TEST	26	79.6	100.0	-20.56	2.07	0.17	20932		-3.1202	queue=0.205;delay=2.7895;waiting=0.1258;pressure=0.0;switches=0.0		120.7500	3628.3319	1176.2594	129.0000	4842.0000	3.0000	queue=2.0495;delay=2.7895;waiting=25.1562;pressure=134.5111;switches=8.6583
tempe_16_efficiency_aligned_dqn_reward_oracle	REAL_TRAIN	27	80.1	0.0	-22.54	2.25	0.18	20909	-0.20	0.0000			120.3750	3645.3849	1181.7879	151.0000	5110.0000	1.0000	
tempe_16_efficiency_aligned_dqn_reward_oracle	REAL_TRAIN	28	79.9	0.0	-21.65	2.18	0.18	20897	-0.20	0.0000			106.2500	3636.1940	1178.8083	130.0000	4966.0000	3.0000	
tempe_16_efficiency_aligned_dqn_reward_oracle	REAL_TEST	28	79.2	100.0	-19.66	1.99	0.17	20859		-3.0620	queue=0.1958;delay=2.7417;waiting=0.1246;pressure=0.0;switches=0.0		63.8750	3600.7771	1167.3266	146.0000	4338.0000	5.0000	queue=1.9581;delay=2.7417;waiting=24.9124;pressure=133.2361;switches=8.4167
tempe_16_efficiency_aligned_dqn_reward_oracle	REAL_TRAIN	29	79.9	0.0	-21.71	2.16	0.18	20886	-0.20	0.0000			88.3125	3634.0201	1178.1035	169.0000	4930.0000	0.0000	
tempe_16_efficiency_aligned_dqn_reward_oracle	REAL_TRAIN	30	79.8	0.0	-21.31	2.14	0.18	20917	-0.20	0.0000			135.7500	3635.8269	1178.6893	155.0000	4943.0000	3.0000	
tempe_16_efficiency_aligned_dqn_reward_oracle	REAL_TEST	30	79.3	100.0	-19.56	2.01	0.17	20888		-3.0743	queue=0.1978;delay=2.7599;waiting=0.1167;pressure=0.0;switches=0.0		145.8125	3612.7122	1171.1957	137.0000	4618.0000	5.0000	queue=1.9776;delay=2.7599;waiting=23.3328;pressure=133.8;switches=9.0917
tempe_16_efficiency_aligned_dqn_reward_oracle	REAL_TRAIN	31	79.9	0.0	-21.57	2.16	0.18	20900	-0.20	0.0000			70.3750	3634.6462	1178.3065	144.0000	4954.0000	3.0000	
tempe_16_efficiency_aligned_dqn_reward_oracle	REAL_TRAIN	32	80.0	0.0	-21.88	2.19	0.18	20911	-0.20	0.0000			95.5000	3642.2928	1180.7854	147.0000	5119.0000	1.0000	
tempe_16_efficiency_aligned_dqn_reward_oracle	REAL_TEST	32	79.6	100.0	-20.49	2.08	0.17	20896		-3.0777	queue=0.2052;delay=2.7573;waiting=0.1152;pressure=0.0;switches=0.0		110.8750	3626.4281	1175.6422	142.0000	4733.0000	2.0000	queue=2.052;delay=2.7573;waiting=23.045;pressure=135.5694;switches=8.8361
tempe_16_efficiency_aligned_dqn_reward_oracle	REAL_TRAIN	33	79.7	0.0	-21.19	2.13	0.18	20892	-0.20	0.0000			52.4375	3630.8562	1177.0778	137.0000	4925.0000	4.0000	
tempe_16_efficiency_aligned_dqn_reward_oracle	REAL_TRAIN	34	79.9	0.0	-21.72	2.16	0.18	20936	-0.20	0.0000			91.8125	3645.7457	1181.9048	157.0000	5087.0000	2.0000	
tempe_16_efficiency_aligned_dqn_reward_oracle	REAL_TEST	34	78.9	100.0	-18.73	1.91	0.17	20904		-3.0271	queue=0.1888;delay=2.7384;waiting=0.0998;pressure=0.0;switches=0.0		110.0625	3600.0024	1167.0754	114.0000	4265.0000	2.0000	queue=1.8884;delay=2.7384;waiting=19.9652;pressure=132.3194;switches=8.5944
tempe_16_efficiency_aligned_dqn_reward_oracle	REAL_TRAIN	35	79.8	0.0	-21.29	2.13	0.18	20885	-0.20	0.0000			78.6875	3632.2096	1177.5166	121.0000	4909.0000	0.0000	
tempe_16_efficiency_aligned_dqn_reward_oracle	REAL_TRAIN	36	79.8	0.0	-21.27	2.12	0.18	20901	-0.20	0.0000			76.2500	3634.4272	1178.2354	162.0000	4971.0000	1.0000	
tempe_16_efficiency_aligned_dqn_reward_oracle	REAL_TEST	36	79.1	100.0	-18.73	1.93	0.17	20907		-3.0347	queue=0.1895;delay=2.7442;waiting=0.1009;pressure=0.0;switches=0.0		107.0625	3606.9521	1169.3284	117.0000	4355.0000	0.0000	queue=1.8951;delay=2.7442;waiting=20.1848;pressure=133.9778;switches=8.6639
tempe_16_efficiency_aligned_dqn_reward_oracle	REAL_TRAIN	37	79.8	0.0	-21.14	2.12	0.18	20919	-0.20	0.0000			60.0000	3633.0938	1177.8032	177.0000	4922.0000	4.0000	
tempe_16_efficiency_aligned_dqn_reward_oracle	REAL_TRAIN	38	79.8	0.0	-21.30	2.11	0.18	20893	-0.20	0.0000			111.6875	3631.9542	1177.4338	146.0000	4992.0000	4.0000	
tempe_16_efficiency_aligned_dqn_reward_oracle	REAL_TEST	38	78.9	100.0	-18.26	1.88	0.17	20945		-2.9827	queue=0.1872;delay=2.7073;waiting=0.0881;pressure=0.0;switches=0.0		110.6875	3607.1518	1169.3930	150.0000	4386.0000	4.0000	queue=1.8723;delay=2.7073;waiting=17.6215;pressure=130.925;switches=8.8056
tempe_16_efficiency_aligned_dqn_reward_oracle	REAL_TRAIN	39	79.8	0.0	-21.24	2.13	0.18	20888	-0.20	0.0000			92.5625	3631.8219	1177.3909	161.0000	4956.0000	2.0000	
tempe_16_efficiency_aligned_dqn_reward_oracle	REAL_TRAIN	40	79.8	0.0	-21.31	2.13	0.18	20918	-0.20	0.0000			56.1250	3635.5396	1178.5961	117.0000	4913.0000	1.0000	
tempe_16_efficiency_aligned_dqn_reward_oracle	REAL_TEST	40	79.3	100.0	-19.66	2.01	0.17	20911		-3.0524	queue=0.1987;delay=2.7547;waiting=0.0989;pressure=0.0;switches=0.0		117.3750	3614.2151	1171.6829	141.0000	4624.0000	3.0000	queue=1.9874;delay=2.7547;waiting=19.7868;pressure=132.6611;switches=9.15
tempe_16_efficiency_aligned_dqn_reward_oracle	REAL_TRAIN	41	79.9	0.0	-21.67	2.16	0.18	20904	-0.20	0.0000			77.3750	3638.0022	1179.3945	131.0000	4985.0000	5.0000	
tempe_16_efficiency_aligned_dqn_reward_oracle	REAL_TRAIN	42	79.8	0.0	-21.08	2.10	0.18	20901	-0.20	0.0000			120.1875	3631.2009	1177.1895	146.0000	4994.0000	6.0000	
tempe_16_efficiency_aligned_dqn_reward_oracle	REAL_TEST	42	79.0	100.0	-18.63	1.92	0.17	20878		-3.0078	queue=0.1879;delay=2.7229;waiting=0.097;pressure=0.0;switches=0.0		86.1875	3596.7973	1166.0363	142.0000	4172.0000	3.0000	queue=1.879;delay=2.7229;waiting=19.4063;pressure=133.1972;switches=8.9611
tempe_16_efficiency_aligned_dqn_reward_oracle	REAL_TRAIN	43	79.7	0.0	-20.98	2.10	0.18	20923	-0.20	0.0000			162.5000	3631.3312	1177.2318	136.0000	5026.0000	5.0000	
tempe_16_efficiency_aligned_dqn_reward_oracle	REAL_TRAIN	44	80.1	0.0	-22.06	2.18	0.18	20904	-0.20	0.0000			150.9375	3645.5179	1181.8310	145.0000	5151.0000	1.0000	
tempe_16_efficiency_aligned_dqn_reward_oracle	REAL_TEST	44	78.9	100.0	-18.59	1.91	0.17	20867		-3.0118	queue=0.187;delay=2.726;waiting=0.0988;pressure=0.0;switches=0.0		90.6875	3594.1533	1165.1792	150.0000	4259.0000	0.0000	queue=1.8696;delay=2.726;waiting=19.7574;pressure=133.0056;switches=8.6861
tempe_16_efficiency_aligned_dqn_reward_oracle	REAL_TRAIN	45	79.8	0.0	-21.48	2.13	0.18	20897	-0.20	0.0000			115.6250	3633.8806	1178.0583	144.0000	5009.0000	2.0000	
tempe_16_efficiency_aligned_dqn_reward_oracle	REAL_TRAIN	46	79.7	0.0	-21.06	2.11	0.18	20874	-0.20	0.0000			117.0000	3626.1531	1175.5531	137.0000	4975.0000	3.0000	
tempe_16_efficiency_aligned_dqn_reward_oracle	REAL_TEST	46	78.8	100.0	-18.09	1.86	0.17	20924		-2.9639	queue=0.1832;delay=2.6903;waiting=0.0904;pressure=0.0;switches=0.0		97.3750	3601.1773	1167.4562	138.0000	4258.0000	3.0000	queue=1.8316;delay=2.6903;waiting=18.088;pressure=131.5694;switches=8.6139
tempe_16_efficiency_aligned_dqn_reward_oracle	REAL_TRAIN	47	79.8	0.0	-21.43	2.13	0.18	20919	-0.20	0.0000			78.6250	3639.6952	1179.9433	158.0000	5001.0000	3.0000	
tempe_16_efficiency_aligned_dqn_reward_oracle	REAL_TRAIN	48	79.9	0.0	-21.55	2.15	0.18	20896	-0.20	0.0000			142.0625	3637.0642	1179.0904	150.0000	5084.0000	2.0000	
tempe_16_efficiency_aligned_dqn_reward_oracle	REAL_TEST	48	78.8	100.0	-18.49	1.89	0.17	20947		-2.9990	queue=0.187;delay=2.7154;waiting=0.0967;pressure=0.0;switches=0.0		104.8750	3605.7036	1168.9236	146.0000	4321.0000	1.0000	queue=1.8695;delay=2.7154;waiting=19.3465;pressure=131.2361;switches=9.1028
tempe_16_efficiency_aligned_dqn_reward_oracle	REAL_TRAIN	49	79.8	0.0	-21.13	2.11	0.18	20893	-0.20	0.0000			90.2500	3632.8771	1177.7329	153.0000	4956.0000	4.0000	
tempe_16_efficiency_aligned_dqn_reward_oracle	REAL_TRAIN	50	79.6	0.0	-20.52	2.05	0.18	20904	-0.19	0.0000			103.8750	3627.2748	1175.9167	139.0000	4846.0000	4.0000	
tempe_16_efficiency_aligned_dqn_reward_oracle	REAL_TEST	50	78.7	100.0	-18.01	1.85	0.17	20932		-2.9866	queue=0.1825;delay=2.7093;waiting=0.0948;pressure=0.0;switches=0.0		101.5625	3599.5667	1166.9341	123.0000	4149.0000	1.0000	queue=1.8254;delay=2.7093;waiting=18.9635;pressure=131.1306;switches=8.9111
tempe_16_efficiency_aligned_dqn_reward_oracle	REAL_TRAIN	51	79.6	0.0	-20.85	2.09	0.18	20940	-0.20	0.0000			122.3750	3632.1020	1177.4817	153.0000	4797.0000	7.0000	
tempe_16_efficiency_aligned_dqn_reward_oracle	REAL_TRAIN	52	79.8	0.0	-21.32	2.12	0.18	20909	-0.20	0.0000			159.1250	3634.9425	1178.4025	160.0000	4925.0000	4.0000	
tempe_16_efficiency_aligned_dqn_reward_oracle	REAL_TEST	52	79.0	100.0	-18.62	1.92	0.17	20933		-3.0384	queue=0.1901;delay=2.7536;waiting=0.0947;pressure=0.0;switches=0.0		116.8750	3608.0356	1169.6796	149.0000	4405.0000	1.0000	queue=1.9011;delay=2.7536;waiting=18.9328;pressure=131.0806;switches=9.3722
tempe_16_efficiency_aligned_dqn_reward_oracle	REAL_TRAIN	53	79.7	0.0	-21.09	2.11	0.18	20909	-0.20	0.0000			109.7500	3629.4572	1176.6243	126.0000	4893.0000	2.0000	
tempe_16_efficiency_aligned_dqn_reward_oracle	REAL_TRAIN	54	79.6	0.0	-20.90	2.10	0.18	20905	-0.20	0.0000			125.2500	3628.5180	1176.3198	145.0000	4886.0000	2.0000	
tempe_16_efficiency_aligned_dqn_reward_oracle	REAL_TEST	54	78.8	100.0	-18.07	1.87	0.17	20912		-2.9721	queue=0.1838;delay=2.6959;waiting=0.0923;pressure=0.0;switches=0.0		102.8750	3596.7182	1166.0106	134.0000	4266.0000	1.0000	queue=1.8383;delay=2.6959;waiting=18.4627;pressure=130.6917;switches=8.2278
tempe_16_efficiency_aligned_dqn_reward_oracle	REAL_TRAIN	55	79.8	0.0	-21.02	2.09	0.18	20890	-0.20	0.0000			78.9375	3632.3978	1177.5775	130.0000	4994.0000	4.0000	
tempe_16_efficiency_aligned_dqn_reward_oracle	REAL_TRAIN	56	79.7	0.0	-20.93	2.09	0.18	20914	-0.20	0.0000			118.0000	3630.4270	1176.9386	157.0000	4900.0000	3.0000	
tempe_16_efficiency_aligned_dqn_reward_oracle	REAL_TEST	56	78.7	100.0	-17.74	1.83	0.17	20905		-2.9523	queue=0.1808;delay=2.6854;waiting=0.0861;pressure=0.0;switches=0.0		141.2500	3594.7645	1165.3772	125.0000	4160.0000	0.0000	queue=1.8084;delay=2.6854;waiting=17.2102;pressure=131.4306;switches=8.3056
tempe_16_efficiency_aligned_dqn_reward_oracle	REAL_TRAIN	57	79.7	0.0	-20.80	2.09	0.18	20889	-0.20	0.0000			183.6250	3625.2208	1175.2508	109.0000	4936.0000	2.0000	
tempe_16_efficiency_aligned_dqn_reward_oracle	REAL_TRAIN	58	79.7	0.0	-20.59	2.06	0.18	20908	-0.19	0.0000			109.9375	3628.2065	1176.2188	141.0000	4938.0000	1.0000	
tempe_16_efficiency_aligned_dqn_reward_oracle	REAL_TEST	58	78.8	100.0	-17.74	1.84	0.17	20887		-2.9497	queue=0.1814;delay=2.6791;waiting=0.0892;pressure=0.0;switches=0.0		146.1875	3593.4067	1164.9371	142.0000	4259.0000	3.0000	queue=1.8135;delay=2.6791;waiting=17.8487;pressure=130.6861;switches=8.6556
tempe_16_efficiency_aligned_dqn_reward_oracle	REAL_TRAIN	59	79.7	0.0	-20.85	2.10	0.18	20881	-0.20	0.0000			124.3750	3628.6009	1176.3466	154.0000	4886.0000	1.0000	
tempe_16_efficiency_aligned_dqn_reward_oracle	REAL_TRAIN	60	79.9	0.0	-21.47	2.13	0.18	20888	-0.20	0.0000			81.5000	3635.3593	1178.5376	136.0000	5018.0000	2.0000	
tempe_16_efficiency_aligned_dqn_reward_oracle	REAL_TEST	60	79.0	100.0	-18.27	1.88	0.17	20933		-2.9688	queue=0.1867;delay=2.6959;waiting=0.0862;pressure=0.0;switches=0.0		110.0000	3610.0053	1170.3181	150.0000	4714.0000	2.0000	queue=1.8668;delay=2.6959;waiting=17.2451;pressure=130.9583;switches=8.8444
tempe_16_efficiency_aligned_dqn_reward_oracle	REAL_TRAIN	61	79.7	0.0	-21.24	2.12	0.18	20932	-0.20	0.0000			97.5000	3638.4544	1179.5410	155.0000	4967.0000	4.0000	
tempe_16_efficiency_aligned_dqn_reward_oracle	REAL_TRAIN	62	79.6	0.0	-20.75	2.08	0.18	20906	-0.20	0.0000			80.6250	3625.5751	1175.3657	150.0000	4880.0000	2.0000	
tempe_16_efficiency_aligned_dqn_reward_oracle	REAL_TEST	62	78.9	100.0	-18.17	1.89	0.17	20918		-2.9774	queue=0.1861;delay=2.6946;waiting=0.0967;pressure=0.0;switches=0.0		96.3750	3602.0413	1167.7363	152.0000	4335.0000	4.0000	queue=1.8612;delay=2.6946;waiting=19.3424;pressure=130.5639;switches=8.95
tempe_16_efficiency_aligned_dqn_reward_oracle	REAL_TRAIN	63	79.5	0.0	-20.50	2.05	0.18	20896	-0.19	0.0000			99.5000	3622.3633	1174.3245	139.0000	4845.0000	1.0000	
tempe_16_efficiency_aligned_dqn_reward_oracle	REAL_TRAIN	64	79.7	0.0	-20.97	2.09	0.18	20902	-0.20	0.0000			96.5000	3626.8154	1175.7678	146.0000	4890.0000	1.0000	
tempe_16_efficiency_aligned_dqn_reward_oracle	REAL_TEST	64	78.7	100.0	-17.92	1.84	0.17	20895		-2.9613	queue=0.1813;delay=2.6919;waiting=0.0881;pressure=0.0;switches=0.0		117.0625	3592.3858	1164.6061	131.0000	4195.0000	2.0000	queue=1.8126;delay=2.6919;waiting=17.6114;pressure=131.8528;switches=8.2694
tempe_16_efficiency_aligned_dqn_reward_oracle	REAL_TRAIN	65	79.5	0.0	-20.49	2.05	0.17	20887	-0.19	0.0000			135.5000	3622.8731	1174.4897	142.0000	4848.0000	4.0000	
tempe_16_efficiency_aligned_dqn_reward_oracle	REAL_TRAIN	66	79.6	0.0	-20.41	2.06	0.18	20905	-0.20	0.0000			76.6875	3625.2243	1175.2520	136.0000	4931.0000	2.0000	
tempe_16_efficiency_aligned_dqn_reward_oracle	REAL_TEST	66	78.9	100.0	-18.21	1.84	0.17	20921		-2.9916	queue=0.1842;delay=2.711;waiting=0.0965;pressure=0.0;switches=0.0		122.0625	3600.3872	1167.2001	141.0000	4423.0000	1.0000	queue=1.8417;delay=2.711;waiting=19.2988;pressure=131.2222;switches=8.7361
tempe_16_efficiency_aligned_dqn_reward_oracle	REAL_TRAIN	67	79.7	0.0	-20.79	2.09	0.18	20917	-0.20	0.0000			61.8750	3631.5166	1177.2919	127.0000	4889.0000	3.0000	
tempe_16_efficiency_aligned_dqn_reward_oracle	REAL_TRAIN	68	79.7	0.0	-20.83	2.09	0.18	20886	-0.20	0.0000			119.0000	3628.3316	1176.2593	130.0000	4942.0000	3.0000	
tempe_16_efficiency_aligned_dqn_reward_oracle	REAL_TEST	68	78.7	100.0	-17.85	1.84	0.17	20930		-2.9713	queue=0.1816;delay=2.7005;waiting=0.0892;pressure=0.0;switches=0.0		94.3125	3597.4843	1166.2589	150.0000	4177.0000	2.0000	queue=1.8163;delay=2.7005;waiting=17.8314;pressure=131.3111;switches=8.9278
tempe_16_efficiency_aligned_dqn_reward_oracle	REAL_TRAIN	69	79.7	0.0	-20.79	2.09	0.18	20910	-0.20	0.0000			122.0000	3632.2945	1177.5441	159.0000	4989.0000	5.0000	
tempe_16_efficiency_aligned_dqn_reward_oracle	REAL_TRAIN	70	79.5	0.0	-20.47	2.06	0.18	20883	-0.20	0.0000			56.3125	3620.2921	1173.6530	149.0000	4791.0000	0.0000	
tempe_16_efficiency_aligned_dqn_reward_oracle	REAL_TEST	70	78.7	100.0	-17.76	1.82	0.17	20895		-2.9688	queue=0.1814;delay=2.7011;waiting=0.0862;pressure=0.0;switches=0.0		106.8750	3592.9440	1164.7870	142.0000	4221.0000	2.0000	queue=1.8145;delay=2.7011;waiting=17.2409;pressure=130.5944;switches=8.4889
tempe_16_efficiency_aligned_dqn_reward_oracle	REAL_TRAIN	71	79.7	0.0	-20.76	2.09	0.18	20913	-0.20	0.0000			117.1250	3632.7627	1177.6959	135.0000	4964.0000	2.0000	
tempe_16_efficiency_aligned_dqn_reward_oracle	REAL_TRAIN	72	79.6	0.0	-20.57	2.07	0.18	20915	-0.19	0.0000			124.8125	3627.6604	1176.0418	146.0000	4896.0000	2.0000	
tempe_16_efficiency_aligned_dqn_reward_oracle	REAL_TEST	72	78.7	100.0	-17.91	1.83	0.17	20911		-2.9596	queue=0.1814;delay=2.69;waiting=0.0881;pressure=0.0;switches=0.0		93.6875	3592.8206	1164.7471	133.0000	4300.0000	4.0000	queue=1.8143;delay=2.69;waiting=17.6247;pressure=131.8472;switches=8.5139
tempe_16_efficiency_aligned_dqn_reward_oracle	REAL_TRAIN	73	79.6	0.0	-20.51	2.06	0.17	20938	-0.19	0.0000			113.4375	3628.7039	1176.3800	133.0000	4849.0000	2.0000	
tempe_16_efficiency_aligned_dqn_reward_oracle	REAL_TRAIN	74	79.5	0.0	-20.37	2.05	0.17	20934	-0.19	0.0000			181.8750	3627.2437	1175.9066	133.0000	4858.0000	2.0000	
tempe_16_efficiency_aligned_dqn_reward_oracle	REAL_TEST	74	78.9	100.0	-18.43	1.86	0.17	20866		-2.9837	queue=0.1859;delay=2.7058;waiting=0.0919;pressure=0.0;switches=0.0		112.3125	3594.6944	1165.3545	135.0000	4318.0000	3.0000	queue=1.8591;delay=2.7058;waiting=18.3894;pressure=132.2556;switches=8.5944
tempe_16_efficiency_aligned_dqn_reward_oracle	REAL_TRAIN	75	79.5	0.0	-20.32	2.05	0.18	20885	-0.19	0.0000			26.5625	3619.0848	1173.2616	144.0000	4805.0000	2.0000	
tempe_16_efficiency_aligned_dqn_reward_oracle	REAL_TRAIN	76	79.7	0.0	-20.88	2.09	0.18	20917	-0.20	0.0000			54.7500	3631.8553	1177.4017	154.0000	5038.0000	2.0000	
tempe_16_efficiency_aligned_dqn_reward_oracle	REAL_TEST	76	78.6	100.0	-17.37	1.81	0.17	20928		-2.9270	queue=0.1775;delay=2.6627;waiting=0.0868;pressure=0.0;switches=0.0		114.7500	3594.3992	1165.2588	121.0000	4174.0000	3.0000	queue=1.7755;delay=2.6627;waiting=17.3587;pressure=131.2972;switches=8.2528
tempe_16_efficiency_aligned_dqn_reward_oracle	REAL_TRAIN	77	79.7	0.0	-20.73	2.08	0.18	20911	-0.20	0.0000			87.0625	3629.4337	1176.6166	136.0000	4932.0000	0.0000	
tempe_16_efficiency_aligned_dqn_reward_oracle	REAL_TRAIN	78	79.8	0.0	-21.27	2.13	0.18	20892	-0.20	0.0000			120.6875	3634.7440	1178.3382	142.0000	4999.0000	0.0000	
tempe_16_efficiency_aligned_dqn_reward_oracle	REAL_TEST	78	78.7	100.0	-17.85	1.85	0.17	20953		-2.9517	queue=0.1818;delay=2.6777;waiting=0.0922;pressure=0.0;switches=0.0		76.6250	3604.1518	1168.4205	151.0000	4238.0000	2.0000	queue=1.8183;delay=2.6777;waiting=18.4379;pressure=130.3444;switches=8.3667
tempe_16_efficiency_aligned_dqn_reward_oracle	REAL_TRAIN	79	79.7	0.0	-21.02	2.10	0.18	20909	-0.20	0.0000			141.8125	3629.4435	1176.6198	136.0000	4952.0000	2.0000	
tempe_16_efficiency_aligned_dqn_reward_oracle	REAL_TRAIN	80	79.7	0.0	-20.86	2.08	0.17	20914	-0.19	0.0000			80.7500	3630.7356	1177.0387	134.0000	5070.0000	0.0000	
tempe_16_efficiency_aligned_dqn_reward_oracle	REAL_TEST	80	78.7	100.0	-17.67	1.84	0.17	20942		-2.9406	queue=0.1808;delay=2.673;waiting=0.0868;pressure=0.0;switches=0.0		134.0000	3599.4169	1166.8855	148.0000	4245.0000	1.0000	queue=1.808;delay=2.673;waiting=17.3518;pressure=130.3583;switches=8.975
tempe_16_efficiency_aligned_dqn_reward_oracle	REAL_TRAIN	81	79.6	0.0	-20.56	2.05	0.17	20907	-0.19	0.0000			107.9375	3627.4146	1175.9621	135.0000	4872.0000	1.0000	
tempe_16_efficiency_aligned_dqn_reward_oracle	REAL_TRAIN	82	79.6	0.0	-20.58	2.06	0.17	20918	-0.19	0.0000			100.5000	3628.2231	1176.2242	127.0000	4942.0000	6.0000	
tempe_16_efficiency_aligned_dqn_reward_oracle	REAL_TEST	82	78.9	100.0	-17.92	1.84	0.17	20953		-2.9373	queue=0.1813;delay=2.6665;waiting=0.0895;pressure=0.0;switches=0.0		97.7500	3609.6342	1170.1978	158.0000	4483.0000	4.0000	queue=1.8128;delay=2.6665;waiting=17.8951;pressure=131.8944;switches=8.25
tempe_16_efficiency_aligned_dqn_reward_oracle	REAL_TRAIN	83	79.7	0.0	-20.93	2.09	0.18	20904	-0.20	0.0000			116.5000	3630.6987	1177.0267	169.0000	4907.0000	1.0000	
tempe_16_efficiency_aligned_dqn_reward_oracle	REAL_TRAIN	84	79.6	0.0	-20.63	2.06	0.17	20889	-0.19	0.0000			121.5000	3624.8407	1175.1276	133.0000	4799.0000	4.0000	
tempe_16_efficiency_aligned_dqn_reward_oracle	REAL_TEST	84	78.6	100.0	-17.55	1.80	0.17	20915		-2.9364	queue=0.1785;delay=2.6711;waiting=0.0868;pressure=0.0;switches=0.0		98.9375	3591.9287	1164.4579	154.0000	4183.0000	2.0000	queue=1.7846;delay=2.6711;waiting=17.3653;pressure=130.4389;switches=8.3861
tempe_16_efficiency_aligned_dqn_reward_oracle	REAL_TRAIN	85	79.7	0.0	-20.78	2.08	0.18	20866	-0.19	0.0000			122.4375	3625.5016	1175.3419	133.0000	4953.0000	4.0000	
tempe_16_efficiency_aligned_dqn_reward_oracle	REAL_TRAIN	86	79.6	0.0	-20.66	2.08	0.17	20880	-0.19	0.0000			102.0625	3623.1133	1174.5676	139.0000	4925.0000	4.0000	
tempe_16_efficiency_aligned_dqn_reward_oracle	REAL_TEST	86	78.7	100.0	-17.89	1.81	0.17	20887		-2.9412	queue=0.1796;delay=2.6739;waiting=0.0877;pressure=0.0;switches=0.0		100.9375	3591.1777	1164.2144	140.0000	4274.0000	1.0000	queue=1.7963;delay=2.6739;waiting=17.5399;pressure=131.3806;switches=8.4917
tempe_16_efficiency_aligned_dqn_reward_oracle	REAL_TRAIN	87	79.8	0.0	-21.09	2.11	0.18	20936	-0.20	0.0000			140.7500	3635.7281	1178.6572	159.0000	4984.0000	3.0000	
tempe_16_efficiency_aligned_dqn_reward_oracle	REAL_TRAIN	88	79.7	0.0	-21.06	2.10	0.18	20910	-0.20	0.0000			76.8125	3633.7946	1178.0304	143.0000	4989.0000	2.0000	
tempe_16_efficiency_aligned_dqn_reward_oracle	REAL_TEST	88	79.0	100.0	-18.30	1.89	0.17	20935		-2.9426	queue=0.1859;delay=2.6675;waiting=0.0893;pressure=0.0;switches=0.0		116.5625	3612.1464	1171.0122	140.0000	4654.0000	3.0000	queue=1.8586;delay=2.6675;waiting=17.8542;pressure=131.9111;switches=9.0417
tempe_16_efficiency_aligned_dqn_reward_oracle	REAL_TRAIN	89	79.7	0.0	-20.88	2.09	0.17	20906	-0.19	0.0000			113.3125	3631.5041	1177.2878	141.0000	5065.0000	4.0000	
tempe_16_efficiency_aligned_dqn_reward_oracle	REAL_TRAIN	90	79.6	0.0	-20.53	2.06	0.17	20888	-0.19	0.0000			103.1875	3625.3829	1175.3034	158.0000	4843.0000	6.0000	
tempe_16_efficiency_aligned_dqn_reward_oracle	REAL_TEST	90	78.6	100.0	-17.52	1.82	0.17	20959		-2.9219	queue=0.1786;delay=2.6624;waiting=0.0809;pressure=0.0;switches=0.0		108.8125	3601.2354	1167.4750	130.0000	4371.0000	0.0000	queue=1.7861;delay=2.6624;waiting=16.1836;pressure=131.0722;switches=8.2417
tempe_16_efficiency_aligned_dqn_reward_oracle	REAL_TRAIN	91	79.7	0.0	-20.81	2.09	0.17	20917	-0.19	0.0000			146.6250	3632.9595	1177.7596	129.0000	4893.0000	7.0000	
tempe_16_efficiency_aligned_dqn_reward_oracle	REAL_TRAIN	92	79.5	0.0	-20.41	2.04	0.17	20888	-0.19	0.0000			120.1250	3620.7572	1173.8038	150.0000	4788.0000	1.0000	
tempe_16_efficiency_aligned_dqn_reward_oracle	REAL_TEST	92	78.6	100.0	-17.46	1.81	0.17	20910		-2.9146	queue=0.1779;delay=2.6547;waiting=0.082;pressure=0.0;switches=0.0		142.6250	3593.9669	1165.1187	129.0000	4294.0000	3.0000	queue=1.7789;delay=2.6547;waiting=16.4001;pressure=131.275;switches=8.6083
tempe_16_efficiency_aligned_dqn_reward_oracle	REAL_TRAIN	93	79.7	0.0	-20.86	2.08	0.18	20884	-0.20	0.0000			146.1875	3626.9765	1175.8200	158.0000	4944.0000	5.0000	
tempe_16_efficiency_aligned_dqn_reward_oracle	REAL_TRAIN	94	79.6	0.0	-20.72	2.08	0.17	20913	-0.19	0.0000			88.5000	3628.4138	1176.2860	150.0000	4906.0000	1.0000	
tempe_16_efficiency_aligned_dqn_reward_oracle	REAL_TEST	94	78.9	100.0	-18.22	1.89	0.17	20948		-2.9542	queue=0.1844;delay=2.6811;waiting=0.0887;pressure=0.0;switches=0.0		118.9375	3608.5549	1169.8479	145.0000	4518.0000	4.0000	queue=1.8437;delay=2.6811;waiting=17.74;pressure=131.9389;switches=8.7
tempe_16_efficiency_aligned_dqn_reward_oracle	REAL_TRAIN	95	79.5	0.0	-20.43	2.05	0.17	20888	-0.19	0.0000			107.1250	3621.4843	1174.0395	131.0000	4797.0000	2.0000	
tempe_16_efficiency_aligned_dqn_reward_oracle	REAL_TRAIN	96	79.7	0.0	-21.07	2.11	0.18	20939	-0.20	0.0000			122.3125	3635.0367	1178.4330	158.0000	4895.0000	2.0000	
tempe_16_efficiency_aligned_dqn_reward_oracle	REAL_TEST	96	78.6	100.0	-17.75	1.80	0.17	20820		-2.9363	queue=0.1786;delay=2.6704;waiting=0.0872;pressure=0.0;switches=0.0		45.2500	3575.0658	1158.9912	119.0000	4004.0000	3.0000	queue=1.7864;delay=2.6704;waiting=17.4348;pressure=132.9028;switches=7.8194
tempe_16_efficiency_aligned_dqn_reward_oracle	REAL_TRAIN	97	79.6	0.0	-20.86	2.09	0.18	20912	-0.19	0.0000			154.9375	3629.6438	1176.6847	137.0000	4921.0000	4.0000	
tempe_16_efficiency_aligned_dqn_reward_oracle	REAL_TRAIN	98	79.7	0.0	-20.64	2.06	0.17	20907	-0.19	0.0000			66.5625	3626.6438	1175.7122	147.0000	4879.0000	1.0000	
tempe_16_efficiency_aligned_dqn_reward_oracle	REAL_TEST	98	78.7	100.0	-17.46	1.82	0.17	20939		-2.9233	queue=0.1793;delay=2.6618;waiting=0.0822;pressure=0.0;switches=0.0		116.8750	3600.0565	1167.0928	129.0000	4268.0000	2.0000	queue=1.7933;delay=2.6618;waiting=16.4305;pressure=130.5028;switches=9.2
tempe_16_efficiency_aligned_dqn_reward_oracle	REAL_TRAIN	99	79.6	0.0	-20.44	2.06	0.17	20933	-0.19	0.0000			103.0625	3629.9178	1176.7736	135.0000	4881.0000	0.0000	
tempe_16_efficiency_aligned_dqn_reward_oracle	REAL_TRAIN	100	79.6	0.0	-20.71	2.08	0.18	20888	-0.20	0.0000			77.0625	3623.6717	1174.7486	128.0000	4847.0000	4.0000	
tempe_16_efficiency_aligned_dqn_reward_oracle	REAL_TEST	100	78.6	100.0	-17.67	1.82	0.17	20919		-2.9579	queue=0.1783;delay=2.6883;waiting=0.0913;pressure=0.0;switches=0.0		81.3125	3590.1854	1163.8928	127.0000	3974.0000	2.0000	queue=1.7831;delay=2.6883;waiting=18.2619;pressure=132.1417;switches=7.8028
tempe_16_efficiency_aligned_dqn_reward_oracle	REAL_TRAIN	101	79.5	0.0	-20.38	2.04	0.17	20886	-0.19	0.0000			95.8125	3623.6806	1174.7515	150.0000	4847.0000	5.0000	
tempe_16_efficiency_aligned_dqn_reward_oracle	REAL_TRAIN	102	79.6	0.0	-20.62	2.06	0.17	20896	-0.19	0.0000			109.4375	3624.1900	1174.9167	141.0000	4833.0000	1.0000	
tempe_16_efficiency_aligned_dqn_reward_oracle	REAL_TEST	102	78.8	100.0	-18.09	1.87	0.17	20982		-2.9453	queue=0.1831;delay=2.6721;waiting=0.0901;pressure=0.0;switches=0.0		101.6875	3614.2886	1171.7067	132.0000	4359.0000	2.0000	queue=1.8315;delay=2.6721;waiting=18.023;pressure=132.8222;switches=8.4
tempe_16_efficiency_aligned_dqn_reward_oracle	REAL_TRAIN	103	79.4	0.0	-19.82	2.01	0.17	20924	-0.19	0.0000			44.3125	3619.2062	1173.3009	136.0000	4706.0000	0.0000	
tempe_16_efficiency_aligned_dqn_reward_oracle	REAL_TRAIN	104	79.7	0.0	-20.80	2.08	0.18	20895	-0.20	0.0000			116.1875	3627.7740	1176.0786	129.0000	4909.0000	4.0000	
tempe_16_efficiency_aligned_dqn_reward_oracle	REAL_TEST	104	78.7	100.0	-17.51	1.80	0.17	20939		-2.9130	queue=0.1781;delay=2.6543;waiting=0.0805;pressure=0.0;switches=0.0		94.6250	3598.1158	1166.4637	129.0000	4344.0000	3.0000	queue=1.7811;delay=2.6543;waiting=16.1049;pressure=130.6444;switches=8.7417
tempe_16_efficiency_aligned_dqn_reward_oracle	REAL_TRAIN	105	79.6	0.0	-20.46	2.05	0.17	20893	-0.19	0.0000			135.8125	3626.5138	1175.6700	128.0000	4942.0000	2.0000	
tempe_16_efficiency_aligned_dqn_reward_oracle	REAL_TRAIN	106	79.6	0.0	-20.48	2.06	0.17	20891	-0.19	0.0000			97.3750	3624.5564	1175.0355	155.0000	4889.0000	4.0000	
tempe_16_efficiency_aligned_dqn_reward_oracle	REAL_TEST	106	78.9	100.0	-17.97	1.86	0.17	20901		-2.9515	queue=0.1821;delay=2.6805;waiting=0.089;pressure=0.0;switches=0.0		112.9375	3598.1623	1166.4787	141.0000	4393.0000	2.0000	queue=1.8207;delay=2.6805;waiting=17.7944;pressure=132.1306;switches=8.7972
tempe_16_efficiency_aligned_dqn_reward_oracle	REAL_TRAIN	107	79.6	0.0	-20.60	2.07	0.17	20909	-0.19	0.0000			147.6250	3628.5575	1176.3325	143.0000	4835.0000	2.0000	
tempe_16_efficiency_aligned_dqn_reward_oracle	REAL_TRAIN	108	79.4	0.0	-20.11	2.02	0.17	20903	-0.19	0.0000			102.5000	3618.9571	1173.2202	124.0000	4751.0000	3.0000	
tempe_16_efficiency_aligned_dqn_reward_oracle	REAL_TEST	108	85.6	100.0	-83.04	4.52	0.19	20858		-36.3240	queue=0.7253;delay=3.0629;waiting=32.5358;pressure=0.0;switches=0.0		99.1250	3821.6245	1238.9241	120.0000	4047.0000	2.0000	queue=7.2527;delay=3.0629;waiting=6507.1641;pressure=174.6222;switches=7.8667
tempe_16_efficiency_aligned_dqn_reward_oracle	REAL_TRAIN	109	79.6	0.0	-20.37	2.04	0.17	20898	-0.19	0.0000			164.8125	3626.2454	1175.5830	120.0000	4872.0000	4.0000	
tempe_16_efficiency_aligned_dqn_reward_oracle	REAL_TRAIN	110	79.5	0.0	-20.37	2.04	0.17	20912	-0.19	0.0000			127.6250	3627.6237	1176.0298	140.0000	4854.0000	2.0000	
tempe_16_efficiency_aligned_dqn_reward_oracle	REAL_TEST	110	78.8	100.0	-17.92	1.85	0.17	20907		-2.9581	queue=0.1822;delay=2.6883;waiting=0.0876;pressure=0.0;switches=0.0		108.4375	3598.0535	1166.4435	136.0000	4313.0000	1.0000	queue=1.8217;delay=2.6883;waiting=17.5201;pressure=131.9722;switches=8.3139
tempe_16_efficiency_aligned_dqn_reward_oracle	REAL_TRAIN	111	79.6	0.0	-20.50	2.05	0.17	20913	-0.19	0.0000			155.3750	3630.2854	1176.8927	151.0000	4935.0000	2.0000	
tempe_16_efficiency_aligned_dqn_reward_oracle	REAL_TRAIN	112	79.5	0.0	-20.31	2.04	0.17	20915	-0.19	0.0000			119.0000	3624.3053	1174.9541	159.0000	4813.0000	1.0000	
tempe_16_efficiency_aligned_dqn_reward_oracle	REAL_TEST	112	78.7	100.0	-17.63	1.84	0.17	20895		-2.9093	queue=0.1788;delay=2.6453;waiting=0.0852;pressure=0.0;switches=0.0		116.6875	3592.7803	1164.7340	129.0000	4223.0000	2.0000	queue=1.7876;delay=2.6453;waiting=17.0473;pressure=132.9611;switches=8.5167
tempe_16_efficiency_aligned_dqn_reward_oracle	REAL_TRAIN	113	79.5	0.0	-20.32	2.04	0.17	20891	-0.19	0.0000			97.8125	3620.0369	1173.5703	127.0000	4865.0000	6.0000	
tempe_16_efficiency_aligned_dqn_reward_oracle	REAL_TRAIN	114	79.6	0.0	-20.67	2.07	0.17	20908	-0.19	0.0000			130.8125	3626.6057	1175.6998	129.0000	4875.0000	4.0000	
tempe_16_efficiency_aligned_dqn_reward_oracle	REAL_TEST	114	78.8	100.0	-18.04	1.87	0.17	20936		-2.9491	queue=0.1829;delay=2.6784;waiting=0.0878;pressure=0.0;switches=0.0		137.0000	3604.3866	1168.4966	118.0000	4395.0000	6.0000	queue=1.8291;delay=2.6784;waiting=17.5633;pressure=131.4056;switches=8.5083
tempe_16_efficiency_aligned_dqn_reward_oracle	REAL_TRAIN	115	79.6	0.0	-20.64	2.07	0.17	20911	-0.19	0.0000			110.0000	3629.4795	1176.6315	142.0000	4854.0000	2.0000	
tempe_16_efficiency_aligned_dqn_reward_oracle	REAL_TRAIN	116	79.5	0.0	-20.59	2.06	0.17	20914	-0.19	0.0000			156.8750	3627.2718	1175.9157	151.0000	4956.0000	1.0000	
tempe_16_efficiency_aligned_dqn_reward_oracle	REAL_TEST	116	78.8	100.0	-17.95	1.85	0.17	20915		-2.9442	queue=0.1811;delay=2.6713;waiting=0.0918;pressure=0.0;switches=0.0		118.9375	3598.3786	1166.5489	125.0000	4237.0000	0.0000	queue=1.8111;delay=2.6713;waiting=18.3568;pressure=131.85;switches=8.4944
tempe_16_efficiency_aligned_dqn_reward_oracle	REAL_TRAIN	117	79.7	0.0	-20.90	2.09	0.17	20923	-0.19	0.0000			120.3750	3631.8952	1177.4146	164.0000	4954.0000	7.0000	
tempe_16_efficiency_aligned_dqn_reward_oracle	REAL_TRAIN	118	79.5	0.0	-20.37	2.04	0.17	20925	-0.19	0.0000			106.7500	3624.6840	1175.0768	156.0000	4814.0000	2.0000	
tempe_16_efficiency_aligned_dqn_reward_oracle	REAL_TEST	118	78.5	100.0	-17.53	1.82	0.17	20931		-2.9206	queue=0.1778;delay=2.6568;waiting=0.086;pressure=0.0;switches=0.0		71.1250	3592.1104	1164.5168	143.0000	4052.0000	3.0000	queue=1.7781;delay=2.6568;waiting=17.19;pressure=131.8611;switches=8.5333
tempe_16_efficiency_aligned_dqn_reward_oracle	REAL_TRAIN	119	79.6	0.0	-20.78	2.08	0.17	20907	-0.19	0.0000			118.5000	3628.4074	1176.2839	134.0000	4931.0000	7.0000	
tempe_16_efficiency_aligned_dqn_reward_oracle	REAL_TRAIN	120	79.7	0.0	-20.74	2.08	0.18	20881	-0.19	0.0000			144.0000	3625.6988	1175.4058	137.0000	4943.0000	2.0000	
tempe_16_efficiency_aligned_dqn_reward_oracle	REAL_TEST	120	78.8	100.0	-17.75	1.84	0.17	20960		-2.9374	queue=0.1813;delay=2.6708;waiting=0.0853;pressure=0.0;switches=0.0		98.3750	3605.3831	1168.8196	162.0000	4320.0000	2.0000	queue=1.8132;delay=2.6708;waiting=17.0617;pressure=131.6139;switches=8.4111
tempe_16_efficiency_aligned_dqn_reward_oracle	REAL_TRAIN	121	79.5	0.0	-20.50	2.06	0.17	20904	-0.19	0.0000			104.3750	3628.7672	1176.4005	142.0000	4924.0000	2.0000	
tempe_16_efficiency_aligned_dqn_reward_oracle	REAL_TRAIN	122	79.5	0.0	-20.32	2.04	0.17	20907	-0.19	0.0000			106.1875	3622.6038	1174.4024	164.0000	4801.0000	4.0000	
tempe_16_efficiency_aligned_dqn_reward_oracle	REAL_TEST	122	78.5	100.0	-17.18	1.78	0.17	20930		-2.9211	queue=0.1755;delay=2.66;waiting=0.0856;pressure=0.0;switches=0.0		121.5000	3590.0659	1163.8540	116.0000	4084.0000	2.0000	queue=1.7549;delay=2.66;waiting=17.1152;pressure=130.2056;switches=8.2
tempe_16_efficiency_aligned_dqn_reward_oracle	REAL_TRAIN	123	79.3	0.0	-19.98	2.01	0.17	20912	-0.19	0.0000			75.0000	3619.0310	1173.2442	145.0000	4744.0000	3.0000	
tempe_16_efficiency_aligned_dqn_reward_oracle	REAL_TRAIN	124	79.6	0.0	-20.49	2.06	0.17	20907	-0.19	0.0000			121.9375	3628.1772	1176.2093	143.0000	4898.0000	1.0000	
tempe_16_efficiency_aligned_dqn_reward_oracle	REAL_TEST	124	78.6	100.0	-17.62	1.81	0.17	20913		-2.9300	queue=0.1781;delay=2.6665;waiting=0.0854;pressure=0.0;switches=0.0		88.6875	3591.0394	1164.1696	123.0000	4129.0000	4.0000	queue=1.7812;delay=2.6665;waiting=17.0786;pressure=130.8389;switches=8.2944
tempe_16_efficiency_aligned_dqn_reward_oracle	REAL_TRAIN	125	79.5	0.0	-20.26	2.02	0.17	20927	-0.19	0.0000			76.5000	3626.7772	1175.7554	132.0000	4808.0000	4.0000	
tempe_16_efficiency_aligned_dqn_reward_oracle	REAL_TRAIN	126	79.5	0.0	-20.61	2.06	0.17	20918	-0.19	0.0000			115.9375	3625.9186	1175.4771	147.0000	4878.0000	6.0000	
tempe_16_efficiency_aligned_dqn_reward_oracle	REAL_TEST	126	78.8	100.0	-17.85	1.85	0.17	20932		-2.9406	queue=0.1816;delay=2.6724;waiting=0.0865;pressure=0.0;switches=0.0		132.3125	3602.5006	1167.8852	154.0000	4257.0000	3.0000	queue=1.8165;delay=2.6724;waiting=17.3094;pressure=131.4139;switches=9.2667
tempe_16_efficiency_aligned_dqn_reward_oracle	REAL_TRAIN	127	79.5	0.0	-20.39	2.05	0.17	20899	-0.19	0.0000			114.3750	3622.9199	1174.5049	159.0000	4817.0000	4.0000	
tempe_16_efficiency_aligned_dqn_reward_oracle	REAL_TRAIN	128	79.6	0.0	-20.78	2.08	0.18	20913	-0.19	0.0000			116.9375	3628.7524	1176.3957	139.0000	4895.0000	2.0000	
tempe_16_efficiency_aligned_dqn_reward_oracle	REAL_TEST	128	78.7	100.0	-17.60	1.82	0.17	20927		-2.9175	queue=0.1792;delay=2.6552;waiting=0.083;pressure=0.0;switches=0.0		117.6875	3597.4812	1166.2580	135.0000	4395.0000	4.0000	queue=1.7924;delay=2.6552;waiting=16.5975;pressure=130.9833;switches=8.2222
tempe_16_efficiency_aligned_dqn_reward_oracle	REAL_TRAIN	129	79.5	0.0	-20.33	2.04	0.17	20921	-0.19	0.0000			125.3750	3623.6379	1174.7377	143.0000	4803.0000	4.0000	
tempe_16_efficiency_aligned_dqn_reward_oracle	REAL_TRAIN	130	79.7	0.0	-20.76	2.08	0.17	20899	-0.19	0.0000			98.6875	3631.0046	1177.1259	126.0000	4882.0000	5.0000	
tempe_16_efficiency_aligned_dqn_reward_oracle	REAL_TEST	130	78.8	100.0	-17.60	1.82	0.17	20939		-2.9184	queue=0.1797;delay=2.6537;waiting=0.085;pressure=0.0;switches=0.0		115.3750	3603.6279	1168.2506	149.0000	4436.0000	3.0000	queue=1.7972;delay=2.6537;waiting=17.0026;pressure=130.3694;switches=8.9306
tempe_16_efficiency_aligned_dqn_reward_oracle	REAL_TRAIN	131	79.8	0.0	-21.08	2.11	0.17	20906	-0.19	0.0000			91.1875	3630.7999	1177.0595	139.0000	5005.0000	4.0000	
tempe_16_efficiency_aligned_dqn_reward_oracle	REAL_TRAIN	132	79.6	0.0	-20.70	2.08	0.17	20902	-0.19	0.0000			135.8125	3626.4265	1175.6417	130.0000	4848.0000	2.0000	
tempe_16_efficiency_aligned_dqn_reward_oracle	REAL_TEST	132	78.8	100.0	-17.78	1.84	0.17	20936		-2.9227	queue=0.1816;delay=2.6546;waiting=0.0865;pressure=0.0;switches=0.0		98.6250	3601.8750	1167.6823	135.0000	4379.0000	2.0000	queue=1.8164;delay=2.6546;waiting=17.301;pressure=131.3694;switches=9.1167
tempe_16_efficiency_aligned_dqn_reward_oracle	REAL_TRAIN	133	79.4	0.0	-20.09	2.03	0.17	20928	-0.19	0.0000			51.5000	3622.6745	1174.4253	142.0000	4741.0000	1.0000	
tempe_16_efficiency_aligned_dqn_reward_oracle	REAL_TRAIN	134	79.7	0.0	-20.69	2.07	0.17	20941	-0.19	0.0000			102.7500	3633.9985	1178.0965	140.0000	4968.0000	4.0000	
tempe_16_efficiency_aligned_dqn_reward_oracle	REAL_TEST	134	78.7	100.0	-17.63	1.84	0.17	20954		-2.9268	queue=0.1805;delay=2.6607;waiting=0.0856;pressure=0.0;switches=0.0		141.9375	3601.9284	1167.6997	144.0000	4285.0000	1.0000	queue=1.8054;delay=2.6607;waiting=17.1113;pressure=130.2111;switches=8.8333
tempe_16_efficiency_aligned_dqn_reward_oracle	REAL_TRAIN	135	79.6	0.0	-20.60	2.07	0.17	20874	-0.19	0.0000			151.1875	3624.9464	1175.1619	140.0000	4879.0000	1.0000	
tempe_16_efficiency_aligned_dqn_reward_oracle	REAL_TRAIN	136	79.5	0.0	-20.26	2.04	0.17	20928	-0.19	0.0000			55.2500	3623.8001	1174.7903	154.0000	4793.0000	3.0000	
tempe_16_efficiency_aligned_dqn_reward_oracle	REAL_TEST	136	82.5	100.0	-40.70	3.26	0.19	20846		-15.6813	queue=0.3704;delay=3.0224;waiting=12.2886;pressure=0.0;switches=0.0		117.9375	3713.2244	1203.7813	126.0000	4155.0000	1.0000	queue=3.7037;delay=3.0224;waiting=2457.7202;pressure=155.0639;switches=8.6278
tempe_16_efficiency_aligned_dqn_reward_oracle	REAL_TRAIN	137	79.7	0.0	-20.76	2.09	0.18	20920	-0.20	0.0000			165.9375	3632.0438	1177.4628	159.0000	4941.0000	1.0000	
tempe_16_efficiency_aligned_dqn_reward_oracle	REAL_TRAIN	138	79.5	0.0	-20.54	2.06	0.17	20898	-0.19	0.0000			81.8750	3624.7913	1175.1116	125.0000	4903.0000	3.0000	
tempe_16_efficiency_aligned_dqn_reward_oracle	REAL_TEST	138	78.6	100.0	-17.35	1.81	0.16	20893		-2.8967	queue=0.1787;delay=2.6359;waiting=0.0822;pressure=0.0;switches=0.0		108.9375	3589.8537	1163.7852	132.0000	4217.0000	5.0000	queue=1.7865;delay=2.6359;waiting=16.4322;pressure=130.4389;switches=9.0583
tempe_16_efficiency_aligned_dqn_reward_oracle	REAL_TRAIN	139	79.7	0.0	-20.95	2.09	0.17	20906	-0.19	0.0000			73.4375	3628.9999	1176.4760	141.0000	4913.0000	2.0000	
tempe_16_efficiency_aligned_dqn_reward_oracle	REAL_TRAIN	140	79.5	0.0	-20.40	2.05	0.17	20919	-0.19	0.0000			84.3125	3625.6943	1175.4043	134.0000	4787.0000	2.0000	
tempe_16_efficiency_aligned_dqn_reward_oracle	REAL_TEST	140	79.0	100.0	-18.22	1.87	0.17	20907		-2.9302	queue=0.1831;delay=2.657;waiting=0.0902;pressure=0.0;switches=0.0		113.2500	3603.9622	1168.3590	129.0000	4514.0000	4.0000	queue=1.8306;delay=2.657;waiting=18.038;pressure=132.325;switches=8.2417
tempe_16_efficiency_aligned_dqn_reward_oracle	REAL_TRAIN	141	79.3	0.0	-19.81	2.00	0.17	20930	-0.19	0.0000			151.1875	3618.6602	1173.1240	122.0000	4597.0000	2.0000	
tempe_16_efficiency_aligned_dqn_reward_oracle	REAL_TRAIN	142	79.6	0.0	-20.79	2.07	0.18	20929	-0.20	0.0000			61.4375	3631.2748	1177.2135	141.0000	4877.0000	3.0000	
tempe_16_efficiency_aligned_dqn_reward_oracle	REAL_TEST	142	78.8	100.0	-17.85	1.87	0.17	20919		-2.9210	queue=0.1813;delay=2.6483;waiting=0.0914;pressure=0.0;switches=0.0		118.3125	3600.5652	1167.2577	134.0000	4296.0000	3.0000	queue=1.8133;delay=2.6483;waiting=18.2704;pressure=131.8694;switches=8.7528
tempe_16_efficiency_aligned_dqn_reward_oracle	REAL_TRAIN	143	79.5	0.0	-20.23	2.04	0.17	20899	-0.19	0.0000			84.6875	3621.4168	1174.0176	136.0000	4829.0000	1.0000	
tempe_16_efficiency_aligned_dqn_reward_oracle	REAL_TRAIN	144	79.4	0.0	-20.01	2.02	0.17	20918	-0.19	0.0000			79.0625	3621.3793	1174.0055	148.0000	4625.0000	2.0000	
tempe_16_efficiency_aligned_dqn_reward_oracle	REAL_TEST	144	78.5	100.0	-17.38	1.78	0.17	20913		-2.9476	queue=0.1767;delay=2.6826;waiting=0.0883;pressure=0.0;switches=0.0		89.0625	3588.0713	1163.2074	139.0000	3897.0000	1.0000	queue=1.7666;delay=2.6826;waiting=17.6636;pressure=131.2083;switches=8.6444
tempe_16_efficiency_aligned_dqn_reward_oracle	REAL_TRAIN	145	79.5	0.0	-20.06	2.03	0.17	20915	-0.19	0.0000			130.6250	3622.2659	1174.2929	131.0000	4712.0000	3.0000	
tempe_16_efficiency_aligned_dqn_reward_oracle	REAL_TRAIN	146	79.5	0.0	-20.19	2.03	0.17	20911	-0.19	0.0000			120.6250	3624.8754	1175.1389	137.0000	4802.0000	4.0000	
tempe_16_efficiency_aligned_dqn_reward_oracle	REAL_TEST	146	78.6	100.0	-17.34	1.80	0.17	20927		-2.9198	queue=0.1775;delay=2.6568;waiting=0.0855;pressure=0.0;switches=0.0		102.6250	3595.7767	1165.7054	140.0000	4199.0000	2.0000	queue=1.775;delay=2.6568;waiting=17.1018;pressure=130.8417;switches=8.6639
tempe_16_efficiency_aligned_dqn_reward_oracle	REAL_TRAIN	147	79.7	0.0	-20.68	2.08	0.17	20910	-0.19	0.0000			60.3125	3630.2342	1176.8761	126.0000	4943.0000	1.0000	
tempe_16_efficiency_aligned_dqn_reward_oracle	REAL_TRAIN	148	79.5	0.0	-20.44	2.06	0.17	20908	-0.19	0.0000			91.1250	3624.2364	1174.9317	130.0000	4768.0000	3.0000	
tempe_16_efficiency_aligned_dqn_reward_oracle	REAL_TEST	148	78.8	100.0	-17.95	1.84	0.17	20919		-2.9482	queue=0.1821;delay=2.6749;waiting=0.0911;pressure=0.0;switches=0.0		116.5625	3598.5920	1166.6181	136.0000	4327.0000	2.0000	queue=1.8214;delay=2.6749;waiting=18.2279;pressure=131.5361;switches=8.9278
tempe_16_efficiency_aligned_dqn_reward_oracle	REAL_TRAIN	149	79.5	0.0	-20.09	2.01	0.17	20904	-0.19	0.0000			54.5000	3619.9685	1173.5481	132.0000	4849.0000	1.0000	
tempe_16_efficiency_aligned_dqn_reward_oracle	REAL_TRAIN	150	79.7	0.0	-21.06	2.10	0.17	20912	-0.19	0.0000			101.8750	3633.0285	1177.7821	153.0000	5015.0000	3.0000	
tempe_16_efficiency_aligned_dqn_reward_oracle	REAL_TEST	150	78.9	100.0	-18.11	1.88	0.17	20918		-2.9138	queue=0.1824;delay=2.6472;waiting=0.0843;pressure=0.0;switches=0.0		80.3750	3604.0422	1168.3850	139.0000	4496.0000	3.0000	queue=1.824;delay=2.6472;waiting=16.8501;pressure=132.95;switches=8.8389
tempe_16_efficiency_aligned_dqn_reward_oracle	REAL_TRAIN	151	79.6	0.0	-20.42	2.05	0.17	20895	-0.19	0.0000			103.3125	3624.9656	1175.1681	159.0000	4865.0000	1.0000	
tempe_16_efficiency_aligned_dqn_reward_oracle	REAL_TRAIN	152	79.6	0.0	-20.46	2.07	0.17	20930	-0.19	0.0000			101.7500	3627.4014	1175.9578	137.0000	4837.0000	2.0000	
tempe_16_efficiency_aligned_dqn_reward_oracle	REAL_TEST	152	78.6	100.0	-17.22	1.79	0.17	20935		-2.9032	queue=0.1756;delay=2.6457;waiting=0.0819;pressure=0.0;switches=0.0		121.0000	3591.0636	1164.1775	140.0000	4152.0000	2.0000	queue=1.7555;delay=2.6457;waiting=16.387;pressure=131.0389;switches=8.8722
tempe_16_efficiency_aligned_dqn_reward_oracle	REAL_TRAIN	153	79.5	0.0	-20.15	2.03	0.17	20889	-0.19	0.0000			107.0000	3619.4980	1173.3956	122.0000	4791.0000	0.0000	
tempe_16_efficiency_aligned_dqn_reward_oracle	REAL_TRAIN	154	79.6	0.0	-20.44	2.06	0.17	20917	-0.19	0.0000			90.7500	3627.0259	1175.8360	134.0000	4955.0000	3.0000	
tempe_16_efficiency_aligned_dqn_reward_oracle	REAL_TEST	154	78.5	100.0	-17.10	1.77	0.16	20899		-2.8895	queue=0.1748;delay=2.6362;waiting=0.0786;pressure=0.0;switches=0.0		103.1875	3587.8252	1163.1276	148.0000	4100.0000	4.0000	queue=1.7478;delay=2.6362;waiting=15.716;pressure=131.0611;switches=8.8111
tempe_16_efficiency_aligned_dqn_reward_oracle	REAL_TRAIN	155	79.5	0.0	-20.23	2.04	0.17	20878	-0.19	0.0000			82.7500	3618.8883	1173.1979	151.0000	4783.0000	3.0000	
tempe_16_efficiency_aligned_dqn_reward_oracle	REAL_TRAIN	156	79.6	0.0	-20.31	2.05	0.17	20891	-0.19	0.0000			59.4375	3627.1659	1175.8814	120.0000	4961.0000	0.0000	
tempe_16_efficiency_aligned_dqn_reward_oracle	REAL_TEST	156	83.8	100.0	-65.14	3.79	0.19	20825		-23.4121	queue=0.5742;delay=3.0255;waiting=19.8124;pressure=0.0;switches=0.0		106.8125	3753.5511	1216.8551	145.0000	4196.0000	3.0000	queue=5.7423;delay=3.0255;waiting=3962.4708;pressure=163.4417;switches=8.2
tempe_16_efficiency_aligned_dqn_reward_oracle	REAL_TRAIN	157	79.6	0.0	-20.51	2.06	0.17	20917	-0.19	0.0000			107.9375	3628.8544	1176.4288	136.0000	4848.0000	2.0000	
tempe_16_efficiency_aligned_dqn_reward_oracle	REAL_TRAIN	158	79.7	0.0	-20.67	2.07	0.17	20900	-0.19	0.0000			75.9375	3625.6040	1175.3751	141.0000	4940.0000	1.0000	
tempe_16_efficiency_aligned_dqn_reward_oracle	REAL_TEST	158	78.9	100.0	-17.95	1.83	0.17	20924		-2.9201	queue=0.1811;delay=2.6536;waiting=0.0854;pressure=0.0;switches=0.0		80.7500	3602.2848	1167.8152	133.0000	4458.0000	0.0000	queue=1.811;delay=2.6536;waiting=17.0779;pressure=131.0139;switches=8.3639
tempe_16_efficiency_aligned_dqn_reward_oracle	REAL_TRAIN	159	79.6	0.0	-20.54	2.06	0.18	20898	-0.20	0.0000			116.6875	3625.7945	1175.4368	138.0000	4855.0000	2.0000	
tempe_16_efficiency_aligned_dqn_reward_oracle	REAL_TRAIN	160	79.6	0.0	-20.53	2.06	0.17	20913	-0.19	0.0000			98.6250	3625.4216	1175.3159	136.0000	4883.0000	2.0000	
tempe_16_efficiency_aligned_dqn_reward_oracle	REAL_TEST	160	78.7	100.0	-17.50	1.81	0.17	20940		-2.9338	queue=0.1793;delay=2.6707;waiting=0.0838;pressure=0.0;switches=0.0		120.0625	3595.4706	1165.6061	157.0000	4254.0000	2.0000	queue=1.7934;delay=2.6707;waiting=16.7642;pressure=130.7833;switches=8.9694
tempe_16_efficiency_aligned_dqn_reward_oracle	REAL_TRAIN	161	79.7	0.0	-20.63	2.07	0.17	20900	-0.19	0.0000			99.6875	3626.8485	1175.7785	145.0000	4965.0000	4.0000	
tempe_16_efficiency_aligned_dqn_reward_oracle	REAL_TRAIN	162	79.6	0.0	-20.44	2.07	0.17	20906	-0.19	0.0000			143.7500	3625.8124	1175.4426	146.0000	4807.0000	0.0000	
tempe_16_efficiency_aligned_dqn_reward_oracle	REAL_TEST	162	78.8	100.0	-17.85	1.83	0.17	20940		-2.9501	queue=0.1819;delay=2.68;waiting=0.0881;pressure=0.0;switches=0.0		62.1875	3601.2265	1167.4721	129.0000	4314.0000	2.0000	queue=1.8194;delay=2.68;waiting=17.6231;pressure=130.7528;switches=8.7917
tempe_16_efficiency_aligned_dqn_reward_oracle	REAL_TRAIN	163	79.6	0.0	-20.73	2.07	0.17	20873	-0.19	0.0000			140.6250	3625.0851	1175.2069	132.0000	4856.0000	0.0000	
tempe_16_efficiency_aligned_dqn_reward_oracle	REAL_TRAIN	164	79.7	0.0	-20.84	2.09	0.18	20902	-0.20	0.0000			108.3125	3629.7005	1176.7031	145.0000	4921.0000	6.0000	
tempe_16_efficiency_aligned_dqn_reward_oracle	REAL_TEST	164	78.6	100.0	-17.46	1.82	0.17	20929		-2.9309	queue=0.1785;delay=2.6619;waiting=0.0905;pressure=0.0;switches=0.0		86.3125	3594.3814	1165.2530	131.0000	4103.0000	3.0000	queue=1.7847;delay=2.6619;waiting=18.1036;pressure=130.9194;switches=8.7472
tempe_16_efficiency_aligned_dqn_reward_oracle	REAL_TRAIN	165	79.7	0.0	-20.78	2.08	0.18	20903	-0.19	0.0000			108.6250	3626.4929	1175.6633	138.0000	4952.0000	3.0000	
tempe_16_efficiency_aligned_dqn_reward_oracle	REAL_TRAIN	166	79.5	0.0	-20.37	2.06	0.17	20877	-0.19	0.0000			102.0000	3618.8800	1173.1952	130.0000	4816.0000	0.0000	
tempe_16_efficiency_aligned_dqn_reward_oracle	REAL_TEST	166	78.8	100.0	-17.67	1.84	0.17	20935		-2.9326	queue=0.1812;delay=2.663;waiting=0.0884;pressure=0.0;switches=0.0		86.2500	3598.2186	1166.4970	132.0000	4244.0000	0.0000	queue=1.8123;delay=2.663;waiting=17.6837;pressure=130.4694;switches=9.7667
tempe_16_efficiency_aligned_dqn_reward_oracle	REAL_TRAIN	167	79.4	0.0	-19.90	2.01	0.17	20919	-0.19	0.0000			99.6875	3620.4794	1173.7137	132.0000	4740.0000	2.0000	
tempe_16_efficiency_aligned_dqn_reward_oracle	REAL_TRAIN	168	79.6	0.0	-20.39	2.05	0.17	20899	-0.19	0.0000			154.8125	3623.9369	1174.8346	151.0000	4861.0000	3.0000	
tempe_16_efficiency_aligned_dqn_reward_oracle	REAL_TEST	168	78.7	100.0	-17.25	1.82	0.17	20934		-2.9157	queue=0.1774;delay=2.6529;waiting=0.0855;pressure=0.0;switches=0.0		84.1875	3598.7970	1166.6845	152.0000	4225.0000	2.0000	queue=1.7736;delay=2.6529;waiting=17.0951;pressure=131.6806;switches=8.4889
tempe_16_efficiency_aligned_dqn_reward_oracle	REAL_TRAIN	169	79.3	0.0	-19.77	2.00	0.17	20888	-0.19	0.0000			159.3750	3614.1112	1171.6492	136.0000	4634.0000	1.0000	
tempe_16_efficiency_aligned_dqn_reward_oracle	REAL_TRAIN	170	79.6	0.0	-20.20	2.04	0.17	20896	-0.19	0.0000			92.3750	3623.0261	1174.5394	139.0000	4857.0000	4.0000	
tempe_16_efficiency_aligned_dqn_reward_oracle	REAL_TEST	170	78.6	100.0	-17.52	1.81	0.17	20884		-2.9381	queue=0.1778;delay=2.6717;waiting=0.0886;pressure=0.0;switches=0.0		91.1250	3583.3870	1161.6888	145.0000	3934.0000	0.0000	queue=1.7777;delay=2.6717;waiting=17.7228;pressure=131.4722;switches=8.0333
tempe_16_efficiency_aligned_dqn_reward_oracle	REAL_TRAIN	171	79.3	0.0	-19.69	1.99	0.17	20927	-0.19	0.0000			122.5625	3620.5347	1173.7317	127.0000	4706.0000	1.0000	
tempe_16_efficiency_aligned_dqn_reward_oracle	REAL_TRAIN	172	79.5	0.0	-20.16	2.03	0.17	20888	-0.19	0.0000			117.7500	3618.3452	1173.0218	134.0000	4736.0000	3.0000	
tempe_16_efficiency_aligned_dqn_reward_oracle	REAL_TEST	172	78.7	100.0	-17.57	1.84	0.17	20883		-2.9200	queue=0.1792;delay=2.6556;waiting=0.0852;pressure=0.0;switches=0.0		121.6250	3588.9580	1163.4949	140.0000	4151.0000	2.0000	queue=1.7918;delay=2.6556;waiting=17.0474;pressure=131.9444;switches=9.0444
tempe_16_efficiency_aligned_dqn_reward_oracle	REAL_TRAIN	173	79.5	0.0	-20.29	2.04	0.17	20913	-0.19	0.0000			161.2500	3625.8942	1175.4691	124.0000	4733.0000	1.0000	
tempe_16_efficiency_aligned_dqn_reward_oracle	REAL_TRAIN	174	79.4	0.0	-19.94	2.02	0.17	20920	-0.19	0.0000			120.1250	3622.1270	1174.2479	144.0000	4849.0000	3.0000	
tempe_16_efficiency_aligned_dqn_reward_oracle	REAL_TEST	174	79.7	100.0	-23.54	2.19	0.17	20926		-4.7470	queue=0.2299;delay=2.7954;waiting=1.7217;pressure=0.0;switches=0.0		102.3750	3634.0129	1178.1013	137.0000	4379.0000	1.0000	queue=2.2991;delay=2.7954;waiting=344.3332;pressure=135.7694;switches=8.7778
tempe_16_efficiency_aligned_dqn_reward_oracle	REAL_TRAIN	175	79.5	0.0	-20.36	2.04	0.17	20890	-0.19	0.0000			143.6250	3618.9838	1173.2289	125.0000	4796.0000	1.0000	
tempe_16_efficiency_aligned_dqn_reward_oracle	REAL_TRAIN	176	79.6	0.0	-20.59	2.06	0.17	20937	-0.19	0.0000			95.8125	3631.9379	1177.4284	144.0000	4934.0000	1.0000	
tempe_16_efficiency_aligned_dqn_reward_oracle	REAL_TEST	176	78.7	100.0	-17.55	1.81	0.17	20950		-2.9328	queue=0.1797;delay=2.6686;waiting=0.0846;pressure=0.0;switches=0.0		88.0000	3597.4206	1166.2383	143.0000	4186.0000	2.0000	queue=1.7966;delay=2.6686;waiting=16.916;pressure=130.7361;switches=8.8778
tempe_16_efficiency_aligned_dqn_reward_oracle	REAL_TRAIN	177	79.5	0.0	-20.23	2.04	0.17	20910	-0.19	0.0000			125.3125	3623.9382	1174.8350	155.0000	4840.0000	0.0000	
tempe_16_efficiency_aligned_dqn_reward_oracle	REAL_TRAIN	178	79.5	0.0	-20.16	2.03	0.17	20900	-0.19	0.0000			66.8125	3623.4550	1174.6784	154.0000	4772.0000	5.0000	
tempe_16_efficiency_aligned_dqn_reward_oracle	REAL_TEST	178	78.6	100.0	-17.25	1.80	0.17	20932		-2.9145	queue=0.1769;delay=2.6549;waiting=0.0827;pressure=0.0;switches=0.0		97.5625	3592.7541	1164.7255	147.0000	4179.0000	0.0000	queue=1.7686;delay=2.6549;waiting=16.5424;pressure=130.75;switches=8.3278
tempe_16_efficiency_aligned_dqn_reward_oracle	REAL_TRAIN	179	79.5	0.0	-20.02	2.02	0.17	20898	-0.19	0.0000			120.0000	3621.5360	1174.0563	145.0000	4725.0000	2.0000	
tempe_16_efficiency_aligned_dqn_reward_oracle	REAL_TRAIN	180	79.4	0.0	-20.27	2.02	0.17	20886	-0.19	0.0000			112.3125	3618.6979	1173.1362	122.0000	4816.0000	7.0000	
tempe_16_efficiency_aligned_dqn_reward_oracle	REAL_TEST	180	78.4	100.0	-16.79	1.76	0.16	20906		-2.8859	queue=0.1728;delay=2.6342;waiting=0.0789;pressure=0.0;switches=0.0		95.1875	3585.7757	1162.4631	142.0000	4124.0000	2.0000	queue=1.7279;delay=2.6342;waiting=15.7852;pressure=130.2056;switches=8.5472
tempe_16_efficiency_aligned_dqn_reward_oracle	REAL_TRAIN	181	79.6	0.0	-20.63	2.07	0.17	20890	-0.19	0.0000			124.8125	3625.5989	1175.3734	117.0000	4921.0000	3.0000	
tempe_16_efficiency_aligned_dqn_reward_oracle	REAL_TRAIN	182	79.6	0.0	-20.34	2.05	0.17	20921	-0.19	0.0000			86.1875	3625.5315	1175.3516	128.0000	4864.0000	2.0000	
tempe_16_efficiency_aligned_dqn_reward_oracle	REAL_TEST	182	78.7	100.0	-17.74	1.81	0.17	20891		-2.9450	queue=0.1784;delay=2.678;waiting=0.0886;pressure=0.0;switches=0.0		65.0000	3590.8359	1164.1037	141.0000	4156.0000	5.0000	queue=1.7844;delay=2.678;waiting=17.7157;pressure=132.1972;switches=8.5611
tempe_16_efficiency_aligned_dqn_reward_oracle	REAL_TRAIN	183	79.5	0.0	-20.11	2.02	0.17	20897	-0.19	0.0000			143.0000	3621.7046	1174.1109	151.0000	4837.0000	2.0000	
tempe_16_efficiency_aligned_dqn_reward_oracle	REAL_TRAIN	184	79.6	0.0	-20.47	2.06	0.18	20913	-0.19	0.0000			91.7500	3625.7702	1175.4289	125.0000	4867.0000	4.0000	
tempe_16_efficiency_aligned_dqn_reward_oracle	REAL_TEST	184	78.6	100.0	-17.34	1.78	0.17	20883		-2.9172	queue=0.1758;delay=2.6561;waiting=0.0853;pressure=0.0;switches=0.0		102.6250	3583.5487	1161.7412	133.0000	4074.0000	4.0000	queue=1.7577;delay=2.6561;waiting=17.0523;pressure=131.2667;switches=8.1
tempe_16_efficiency_aligned_dqn_reward_oracle	REAL_TRAIN	185	79.5	0.0	-20.13	2.04	0.17	20903	-0.19	0.0000			103.7500	3623.4320	1174.6709	135.0000	4797.0000	1.0000	
tempe_16_efficiency_aligned_dqn_reward_oracle	REAL_TRAIN	186	79.5	0.0	-20.23	2.04	0.17	20888	-0.19	0.0000			104.4375	3620.6680	1173.7749	112.0000	4832.0000	5.0000	
tempe_16_efficiency_aligned_dqn_reward_oracle	REAL_TEST	186	78.9	100.0	-17.86	1.85	0.17	20901		-2.9483	queue=0.1831;delay=2.6786;waiting=0.0866;pressure=0.0;switches=0.0		122.1875	3598.5934	1166.6185	139.0000	4440.0000	3.0000	queue=1.8314;delay=2.6786;waiting=17.3217;pressure=131.4861;switches=8.8667
tempe_16_efficiency_aligned_dqn_reward_oracle	REAL_TRAIN	187	79.4	0.0	-20.15	2.04	0.17	20895	-0.19	0.0000			103.3125	3618.1932	1172.9726	139.0000	4825.0000	2.0000	
tempe_16_efficiency_aligned_dqn_reward_oracle	REAL_TRAIN	188	79.5	0.0	-20.10	2.03	0.17	20910	-0.19	0.0000			116.6875	3623.3433	1174.6422	132.0000	4892.0000	2.0000	
tempe_16_efficiency_aligned_dqn_reward_oracle	REAL_TEST	188	78.7	100.0	-17.34	1.79	0.17	20886		-2.9175	queue=0.1773;delay=2.6597;waiting=0.0805;pressure=0.0;switches=0.0		117.1250	3586.5967	1162.7293	142.0000	4229.0000	2.0000	queue=1.7732;delay=2.6597;waiting=16.0995;pressure=130.85;switches=8.85
tempe_16_efficiency_aligned_dqn_reward_oracle	REAL_TRAIN	189	79.5	0.0	-20.12	2.03	0.17	20893	-0.19	0.0000			148.2500	3621.1149	1173.9197	129.0000	4772.0000	4.0000	
tempe_16_efficiency_aligned_dqn_reward_oracle	REAL_TRAIN	190	79.6	0.0	-20.45	2.06	0.17	20904	-0.19	0.0000			83.1250	3626.8170	1175.7683	140.0000	4941.0000	1.0000	
tempe_16_efficiency_aligned_dqn_reward_oracle	REAL_TEST	190	78.7	100.0	-17.60	1.82	0.17	20943		-2.9091	queue=0.1788;delay=2.6471;waiting=0.0831;pressure=0.0;switches=0.0		91.4375	3602.0417	1167.7364	139.0000	4306.0000	3.0000	queue=1.7884;delay=2.6471;waiting=16.6186;pressure=131.2306;switches=8.3139
tempe_16_efficiency_aligned_dqn_reward_oracle	REAL_TRAIN	191	79.6	0.0	-20.26	2.04	0.17	20914	-0.19	0.0000			83.7500	3627.0280	1175.8367	132.0000	4862.0000	2.0000	
tempe_16_efficiency_aligned_dqn_reward_oracle	REAL_TRAIN	192	79.6	0.0	-20.58	2.06	0.17	20907	-0.19	0.0000			149.3125	3627.6329	1176.0328	144.0000	4864.0000	2.0000	
tempe_16_efficiency_aligned_dqn_reward_oracle	REAL_TEST	192	79.7	100.0	-23.49	2.19	0.17	20909		-4.7269	queue=0.2269;delay=2.7796;waiting=1.7204;pressure=0.0;switches=0.0		89.3125	3630.6585	1177.0138	117.0000	4383.0000	3.0000	queue=2.2688;delay=2.7796;waiting=344.084;pressure=136.8861;switches=8.3222
tempe_16_efficiency_aligned_dqn_reward_oracle	REAL_TRAIN	193	79.5	0.0	-20.17	2.04	0.17	20900	-0.19	0.0000			187.0000	3622.1113	1174.2428	126.0000	4903.0000	1.0000	
tempe_16_efficiency_aligned_dqn_reward_oracle	REAL_TRAIN	194	79.6	0.0	-20.48	2.06	0.17	20929	-0.19	0.0000			148.8750	3632.5528	1177.6278	146.0000	5014.0000	1.0000	
tempe_16_efficiency_aligned_dqn_reward_oracle	REAL_TEST	194	78.5	100.0	-17.10	1.77	0.16	20884		-2.8909	queue=0.1745;delay=2.6314;waiting=0.0851;pressure=0.0;switches=0.0		76.7500	3582.2427	1161.3178	141.0000	4033.0000	2.0000	queue=1.7445;delay=2.6314;waiting=17.014;pressure=131.075;switches=8.1667
tempe_16_efficiency_aligned_dqn_reward_oracle	REAL_TRAIN	195	79.5	0.0	-20.24	2.05	0.17	20889	-0.19	0.0000			100.7500	3622.9186	1174.5045	142.0000	4786.0000	4.0000	
tempe_16_efficiency_aligned_dqn_reward_oracle	REAL_TRAIN	196	79.5	0.0	-20.46	2.06	0.17	20905	-0.19	0.0000			120.2500	3623.5651	1174.7141	134.0000	4885.0000	2.0000	
tempe_16_efficiency_aligned_dqn_reward_oracle	REAL_TEST	196	78.7	100.0	-17.48	1.83	0.17	20913		-2.9130	queue=0.1783;delay=2.6502;waiting=0.0846;pressure=0.0;switches=0.0		109.4375	3595.7203	1165.6871	114.0000	4271.0000	0.0000	queue=1.7829;delay=2.6502;waiting=16.9134;pressure=131.9028;switches=8.6056
tempe_16_efficiency_aligned_dqn_reward_oracle	REAL_TRAIN	197	79.6	0.0	-20.56	2.06	0.17	20908	-0.19	0.0000			113.6875	3627.5432	1176.0037	136.0000	4860.0000	4.0000	
tempe_16_efficiency_aligned_dqn_reward_oracle	REAL_TRAIN	198	79.6	0.0	-20.32	2.04	0.17	20881	-0.19	0.0000			96.3750	3623.0262	1174.5394	150.0000	4830.0000	4.0000	
tempe_16_efficiency_aligned_dqn_reward_oracle	REAL_TEST	198	78.8	100.0	-17.78	1.84	0.17	20902		-2.9150	queue=0.181;delay=2.6492;waiting=0.0848;pressure=0.0;switches=0.0		97.6875	3597.2914	1166.1964	138.0000	4478.0000	6.0000	queue=1.8096;delay=2.6492;waiting=16.9682;pressure=131.4111;switches=8.675
tempe_16_efficiency_aligned_dqn_reward_oracle	REAL_TRAIN	199	79.5	0.0	-20.12	2.03	0.17	20873	-0.19	0.0000			113.1875	3615.8720	1172.2201	135.0000	4833.0000	0.0000	
tempe_16_efficiency_aligned_dqn_reward_oracle	REAL_TEST	0	78.7	100.0	-17.71	1.83	0.16	20939		-2.9051	queue=0.1791;delay=2.637;waiting=0.089;pressure=0.0;switches=0.0		106.6250	3600.9639	1167.3870	142.0000	4383.0000	1.0000	queue=1.7911;delay=2.637;waiting=17.7996;pressure=131.525;switches=8.1806
