tempe_1x1_noise3_presslight_domain_randomization	REAL_TEST	3	281.4	100.0	-116.33	92.86	1.54	1692
tempe_1x1_noise3_presslight_domain_randomization	REAL_TEST	6	356.8	100.0	-159.79	133.43	1.55	1525
tempe_1x1_noise3_presslight_domain_randomization	REAL_TEST	9	213.6	100.0	-78.42	55.82	1.55	1810
tempe_1x1_noise3_presslight_domain_randomization	REAL_TEST	12	201.7	100.0	-72.07	49.02	1.51	1803
tempe_1x1_noise3_presslight_domain_randomization	REAL_TEST	15	172.2	100.0	-56.07	34.55	1.49	1825
tempe_1x1_noise3_presslight_domain_randomization	REAL_TEST	18	160.1	100.0	-49.67	30.16	1.40	1831
tempe_1x1_noise3_presslight_domain_randomization	REAL_TEST	21	806.2	100.0	-361.54	342.89	1.51	1022
tempe_1x1_noise3_presslight_domain_randomization	REAL_TEST	24	471.6	100.0	-223.83	202.49	1.51	1429
tempe_1x1_noise3_presslight_domain_randomization	REAL_TEST	27	185.2	100.0	-63.28	40.91	1.48	1810
tempe_1x1_noise3_presslight_domain_randomization	REAL_TEST	30	283.1	100.0	-119.87	97.03	1.50	1615
tempe_1x1_noise3_presslight_domain_randomization	REAL_TEST	33	235.5	100.0	-90.83	66.12	1.50	1776
tempe_1x1_noise3_presslight_domain_randomization	REAL_TEST	36	194.2	100.0	-67.96	44.47	1.48	1812
tempe_1x1_noise3_presslight_domain_randomization	REAL_TEST	39	199.4	100.0	-70.94	47.04	1.45	1799
tempe_1x1_noise3_presslight_domain_randomization	REAL_TEST	42	214.9	100.0	-79.48	54.70	1.53	1801
tempe_1x1_noise3_presslight_domain_randomization	REAL_TEST	45	413.6	100.0	-192.08	167.67	1.56	1479
tempe_1x1_noise3_presslight_domain_randomization	REAL_TEST	48	187.4	100.0	-64.30	41.42	1.52	1819
tempe_1x1_noise3_presslight_domain_randomization	REAL_TEST	51	200.8	100.0	-71.58	49.41	1.49	1817
tempe_1x1_noise3_presslight_domain_randomization	REAL_TEST	54	174.0	100.0	-57.05	34.76	1.49	1814
tempe_1x1_noise3_presslight_domain_randomization	REAL_TEST	57	298.7	100.0	-124.94	97.82	1.57	1755
tempe_1x1_noise3_presslight_domain_randomization	REAL_TEST	60	205.9	100.0	-74.44	48.67	1.50	1804
tempe_1x1_noise3_presslight_domain_randomization	REAL_TEST	63	373.1	100.0	-172.05	145.84	1.54	1378
tempe_1x1_noise3_presslight_domain_randomization	REAL_TEST	66	186.9	100.0	-64.33	40.99	1.49	1808
tempe_1x1_noise3_presslight_domain_randomization	REAL_TEST	69	1019.8	100.0	-499.75	481.67	1.61	663
tempe_1x1_noise3_presslight_domain_randomization	REAL_TEST	72	621.0	100.0	-306.50	283.15	1.57	1212
tempe_1x1_noise3_presslight_domain_randomization	REAL_TEST	75	266.3	100.0	-108.37	82.60	1.50	1711
tempe_1x1_noise3_presslight_domain_randomization	REAL_TEST	78	789.6	100.0	-395.55	375.36	1.60	865
tempe_1x1_noise3_presslight_domain_randomization	REAL_TEST	81	189.2	100.0	-65.31	43.62	1.46	1802
tempe_1x1_noise3_presslight_domain_randomization	REAL_TEST	84	177.6	100.0	-58.90	37.66	1.46	1826
tempe_1x1_noise3_presslight_domain_randomization	REAL_TEST	87	184.9	100.0	-62.88	40.31	1.45	1822
tempe_1x1_noise3_presslight_domain_randomization	REAL_TEST	90	894.4	100.0	-423.74	403.78	1.60	1016
tempe_1x1_noise3_presslight_domain_randomization	REAL_TEST	93	190.9	100.0	-66.30	45.16	1.46	1804
tempe_1x1_noise3_presslight_domain_randomization	REAL_TEST	96	798.2	100.0	-375.63	355.50	1.60	964
tempe_1x1_noise3_presslight_domain_randomization	REAL_TEST	99	1160.3	100.0	-529.14	510.98	1.61	753
tempe_1x1_noise3_presslight_domain_randomization	REAL_TEST	102	245.5	100.0	-96.29	72.01	1.50	1761
tempe_1x1_noise3_presslight_domain_randomization	REAL_TEST	105	257.3	100.0	-102.35	79.05	1.46	1765
tempe_1x1_noise3_presslight_domain_randomization	REAL_TEST	108	256.0	100.0	-101.61	78.72	1.51	1762
tempe_1x1_noise3_presslight_domain_randomization	REAL_TEST	111	227.9	100.0	-86.40	64.50	1.51	1779
tempe_1x1_noise3_presslight_domain_randomization	REAL_TEST	114	1382.9	100.0	-611.83	595.54	1.61	625
tempe_1x1_noise3_presslight_domain_randomization	REAL_TEST	117	201.7	100.0	-72.03	49.49	1.46	1808
tempe_1x1_noise3_presslight_domain_randomization	REAL_TEST	120	1327.3	100.0	-584.74	567.61	1.61	496
tempe_1x1_noise3_presslight_domain_randomization	REAL_TEST	123	194.1	100.0	-67.86	45.09	1.49	1819
tempe_1x1_noise3_presslight_domain_randomization	REAL_TEST	126	933.5	100.0	-431.19	412.47	1.62	984
tempe_1x1_noise3_presslight_domain_randomization	REAL_TEST	129	193.8	100.0	-67.60	45.71	1.47	1815
tempe_1x1_noise3_presslight_domain_randomization	REAL_TEST	132	1201.4	100.0	-536.67	519.03	1.62	692
tempe_1x1_noise3_presslight_domain_randomization	REAL_TEST	135	191.4	100.0	-66.58	44.32	1.47	1804
tempe_1x1_noise3_presslight_domain_randomization	REAL_TEST	138	257.3	100.0	-108.12	83.85	1.48	1481
tempe_1x1_noise3_presslight_domain_randomization	REAL_TEST	141	179.1	100.0	-59.66	37.87	1.45	1824
tempe_1x1_noise3_presslight_domain_randomization	REAL_TEST	144	908.4	100.0	-436.44	417.98	1.56	745
tempe_1x1_noise3_presslight_domain_randomization	REAL_TEST	147	254.2	100.0	-100.12	77.42	1.47	1800
tempe_1x1_noise3_presslight_domain_randomization	REAL_TEST	150	505.8	100.0	-248.09	226.51	1.54	1081
tempe_1x1_noise3_presslight_domain_randomization	REAL_TEST	153	1424.3	100.0	-602.87	587.74	1.58	383
tempe_1x1_noise3_presslight_domain_randomization	REAL_TEST	156	221.2	100.0	-83.27	59.42	1.51	1764
tempe_1x1_noise3_presslight_domain_randomization	REAL_TEST	159	252.2	100.0	-100.94	75.81	1.53	1720
tempe_1x1_noise3_presslight_domain_randomization	REAL_TEST	162	283.5	100.0	-118.79	93.79	1.52	1645
tempe_1x1_noise3_presslight_domain_randomization	REAL_TEST	165	283.2	100.0	-118.65	93.35	1.51	1644
tempe_1x1_noise3_presslight_domain_randomization	REAL_TEST	168	321.5	100.0	-139.41	112.15	1.52	1626
tempe_1x1_noise3_presslight_domain_randomization	REAL_TEST	171	308.2	100.0	-131.96	106.93	1.52	1656
tempe_1x1_noise3_presslight_domain_randomization	REAL_TEST	174	233.0	100.0	-89.05	65.27	1.51	1793
tempe_1x1_noise3_presslight_domain_randomization	REAL_TEST	177	235.8	100.0	-90.74	67.23	1.56	1787
tempe_1x1_noise3_presslight_domain_randomization	REAL_TEST	180	239.6	100.0	-92.26	67.53	1.53	1804
tempe_1x1_noise3_presslight_domain_randomization	REAL_TEST	183	222.5	100.0	-83.16	60.10	1.50	1802
tempe_1x1_noise3_presslight_domain_randomization	REAL_TEST	186	197.8	100.0	-69.99	46.83	1.49	1813
tempe_1x1_noise3_presslight_domain_randomization	REAL_TEST	189	165.0	100.0	-52.14	31.51	1.47	1826
tempe_1x1_noise3_presslight_domain_randomization	REAL_TEST	192	198.9	100.0	-71.37	48.96	1.48	1778
tempe_1x1_noise3_presslight_domain_randomization	REAL_TEST	195	237.6	100.0	-91.04	66.68	1.55	1802
tempe_1x1_noise3_presslight_domain_randomization	REAL_TEST	198	259.0	100.0	-103.86	78.19	1.53	1734
tempe_1x1_noise3_presslight_domain_randomization	REAL_TEST	201	169.5	100.0	-54.68	32.66	1.46	1822
tempe_1x1_noise3_presslight_domain_randomization	REAL_TEST	204	163.2	100.0	-51.37	31.19	1.49	1814
tempe_1x1_noise3_presslight_domain_randomization	REAL_TEST	207	186.4	100.0	-63.78	40.82	1.48	1818
tempe_1x1_noise3_presslight_domain_randomization	REAL_TEST	210	167.8	100.0	-53.60	32.69	1.45	1831
tempe_1x1_noise3_presslight_domain_randomization	REAL_TEST	213	161.1	100.0	-50.18	30.73	1.44	1824
tempe_1x1_noise3_presslight_domain_randomization	REAL_TEST	216	168.0	100.0	-53.84	33.84	1.46	1824
tempe_1x1_noise3_presslight_domain_randomization	REAL_TEST	219	175.8	100.0	-58.20	36.85	1.48	1813
tempe_1x1_noise3_presslight_domain_randomization	REAL_TEST	222	183.8	100.0	-62.16	39.94	1.49	1825
tempe_1x1_noise3_presslight_domain_randomization	REAL_TEST	225	183.0	100.0	-61.81	39.08	1.46	1828
tempe_1x1_noise3_presslight_domain_randomization	REAL_TEST	228	196.2	100.0	-68.88	45.43	1.49	1824
tempe_1x1_noise3_presslight_domain_randomization	REAL_TEST	231	164.4	100.0	-51.80	31.63	1.43	1813
tempe_1x1_noise3_presslight_domain_randomization	REAL_TEST	234	250.0	100.0	-97.95	75.73	1.49	1794
tempe_1x1_noise3_presslight_domain_randomization	REAL_TEST	237	167.0	100.0	-53.48	33.06	1.47	1815
tempe_1x1_noise3_presslight_domain_randomization	REAL_TEST	240	166.8	100.0	-53.06	32.01	1.42	1827
tempe_1x1_noise3_presslight_domain_randomization	REAL_TEST	243	164.4	100.0	-51.83	31.02	1.47	1825
tempe_1x1_noise3_presslight_domain_randomization	REAL_TEST	246	166.1	100.0	-52.82	32.63	1.47	1828
tempe_1x1_noise3_presslight_domain_randomization	REAL_TEST	249	238.4	100.0	-92.14	69.48	1.51	1777
tempe_1x1_noise3_presslight_domain_randomization	REAL_TEST	252	364.5	100.0	-161.61	139.35	1.47	1647
tempe_1x1_noise3_presslight_domain_randomization	REAL_TEST	255	350.7	100.0	-152.39	129.50	1.53	1748
tempe_1x1_noise3_presslight_domain_randomization	REAL_TEST	258	167.2	100.0	-53.41	32.18	1.46	1824
tempe_1x1_noise3_presslight_domain_randomization	REAL_TEST	261	180.1	100.0	-60.36	38.88	1.48	1821
tempe_1x1_noise3_presslight_domain_randomization	REAL_TEST	264	179.7	100.0	-60.00	38.35	1.47	1825
tempe_1x1_noise3_presslight_domain_randomization	REAL_TEST	267	222.2	100.0	-83.21	59.82	1.46	1789
tempe_1x1_noise3_presslight_domain_randomization	REAL_TEST	270	171.1	100.0	-55.51	33.62	1.47	1824
tempe_1x1_noise3_presslight_domain_randomization	REAL_TEST	273	179.2	100.0	-59.69	37.28	1.45	1825
tempe_1x1_noise3_presslight_domain_randomization	REAL_TEST	276	190.9	100.0	-66.00	44.15	1.46	1822
tempe_1x1_noise3_presslight_domain_randomization	REAL_TEST	279	317.1	100.0	-138.69	114.83	1.56	1535
tempe_1x1_noise3_presslight_domain_randomization	REAL_TEST	282	204.3	100.0	-73.55	50.32	1.45	1792
tempe_1x1_noise3_presslight_domain_randomization	REAL_TEST	285	214.9	100.0	-78.77	56.17	1.51	1822
tempe_1x1_noise3_presslight_domain_randomization	REAL_TEST	288	244.5	100.0	-95.11	70.64	1.51	1775
tempe_1x1_noise3_presslight_domain_randomization	REAL_TEST	291	196.4	100.0	-68.75	47.28	1.46	1816
tempe_1x1_noise3_presslight_domain_randomization	REAL_TEST	294	222.8	100.0	-83.37	58.88	1.46	1778
tempe_1x1_noise3_presslight_domain_randomization	REAL_TEST	297	202.5	100.0	-72.76	49.29	1.51	1782
