hz1x1_sensor5_dqn_latent_observation	REAL_TEST	2	1079.2	100.0	-265.93	177.53	0.72	420
hz1x1_sensor5_dqn_latent_observation	REAL_TEST	4	852.9	100.0	-260.00	173.70	0.59	604
hz1x1_sensor5_dqn_latent_observation	REAL_TEST	6	869.0	100.0	-188.09	125.57	0.64	576
hz1x1_sensor5_dqn_latent_observation	REAL_TEST	8	799.5	100.0	-306.26	204.59	0.82	633
hz1x1_sensor5_dqn_latent_observation	REAL_TEST	10	799.5	100.0	-306.26	204.59	0.82	633
hz1x1_sensor5_dqn_latent_observation	REAL_TEST	12	839.5	100.0	-318.91	213.06	0.83	616
hz1x1_sensor5_dqn_latent_observation	REAL_TEST	14	799.5	100.0	-306.26	204.59	0.82	633
hz1x1_sensor5_dqn_latent_observation	REAL_TEST	16	891.4	100.0	-284.51	189.93	0.76	597
hz1x1_sensor5_dqn_latent_observation	REAL_TEST	18	456.6	100.0	-279.55	186.81	0.80	1237
hz1x1_sensor5_dqn_latent_observation	REAL_TEST	20	563.0	100.0	-324.14	216.56	0.81	1085
hz1x1_sensor5_dqn_latent_observation	REAL_TEST	22	547.8	100.0	-312.12	208.56	0.81	1093
hz1x1_sensor5_dqn_latent_observation	REAL_TEST	24	625.7	100.0	-205.46	137.03	0.65	922
hz1x1_sensor5_dqn_latent_observation	REAL_TEST	26	556.0	100.0	-285.23	190.53	0.80	984
hz1x1_sensor5_dqn_latent_observation	REAL_TEST	28	403.0	100.0	-185.24	123.71	0.52	1243
hz1x1_sensor5_dqn_latent_observation	REAL_TEST	30	425.5	100.0	-226.18	151.20	0.67	1304
hz1x1_sensor5_dqn_latent_observation	REAL_TEST	32	446.2	100.0	-283.75	189.60	0.80	1290
hz1x1_sensor5_dqn_latent_observation	REAL_TEST	34	415.3	100.0	-251.41	167.93	0.82	1327
hz1x1_sensor5_dqn_latent_observation	REAL_TEST	36	257.1	100.0	-154.70	103.11	0.74	1680
hz1x1_sensor5_dqn_latent_observation	REAL_TEST	38	420.2	100.0	-20.50	13.61	0.41	1004
hz1x1_sensor5_dqn_latent_observation	REAL_TEST	40	238.0	100.0	-145.15	96.65	0.70	1735
hz1x1_sensor5_dqn_latent_observation	REAL_TEST	42	380.7	100.0	-241.17	161.11	0.81	1356
hz1x1_sensor5_dqn_latent_observation	REAL_TEST	44	551.6	100.0	-280.67	187.29	0.77	1048
hz1x1_sensor5_dqn_latent_observation	REAL_TEST	46	211.9	100.0	-127.71	85.01	0.75	1846
hz1x1_sensor5_dqn_latent_observation	REAL_TEST	48	435.9	100.0	-248.15	165.77	0.78	1222
hz1x1_sensor5_dqn_latent_observation	REAL_TEST	50	319.4	100.0	-176.36	117.85	0.69	1398
hz1x1_sensor5_dqn_latent_observation	REAL_TEST	52	411.2	100.0	-226.55	151.09	0.70	1292
hz1x1_sensor5_dqn_latent_observation	REAL_TEST	54	486.0	100.0	-279.60	186.59	0.75	1293
hz1x1_sensor5_dqn_latent_observation	REAL_TEST	56	313.6	100.0	-187.39	125.19	0.76	1412
hz1x1_sensor5_dqn_latent_observation	REAL_TEST	58	297.7	100.0	-176.57	117.89	0.74	1441
hz1x1_sensor5_dqn_latent_observation	REAL_TEST	60	337.9	100.0	-212.62	141.95	0.76	1527
hz1x1_sensor5_dqn_latent_observation	REAL_TEST	62	233.8	100.0	-132.41	88.12	0.70	1710
hz1x1_sensor5_dqn_latent_observation	REAL_TEST	64	362.2	100.0	-223.87	149.58	0.76	1399
hz1x1_sensor5_dqn_latent_observation	REAL_TEST	66	356.8	100.0	-223.72	149.29	0.77	1464
hz1x1_sensor5_dqn_latent_observation	REAL_TEST	68	301.2	100.0	-174.45	116.31	0.68	1659
hz1x1_sensor5_dqn_latent_observation	REAL_TEST	70	292.8	100.0	-188.75	126.00	0.77	1576
hz1x1_sensor5_dqn_latent_observation	REAL_TEST	72	304.3	100.0	-160.85	107.29	0.71	1419
hz1x1_sensor5_dqn_latent_observation	REAL_TEST	74	272.6	100.0	-162.31	108.24	0.71	1585
hz1x1_sensor5_dqn_latent_observation	REAL_TEST	76	309.5	100.0	-122.76	81.81	0.57	1617
hz1x1_sensor5_dqn_latent_observation	REAL_TEST	78	269.8	100.0	-175.52	117.03	0.75	1714
hz1x1_sensor5_dqn_latent_observation	REAL_TEST	80	157.0	100.0	-80.24	53.29	0.74	1928
hz1x1_sensor5_dqn_latent_observation	REAL_TEST	82	351.1	100.0	-223.05	148.90	0.77	1485
hz1x1_sensor5_dqn_latent_observation	REAL_TEST	84	234.4	100.0	-118.71	79.12	0.66	1772
hz1x1_sensor5_dqn_latent_observation	REAL_TEST	86	313.5	100.0	-156.45	104.58	0.65	1547
hz1x1_sensor5_dqn_latent_observation	REAL_TEST	88	258.4	100.0	-154.37	102.95	0.71	1630
hz1x1_sensor5_dqn_latent_observation	REAL_TEST	90	335.0	100.0	-212.63	142.10	0.77	1425
hz1x1_sensor5_dqn_latent_observation	REAL_TEST	92	423.3	100.0	-215.46	143.99	0.68	1331
hz1x1_sensor5_dqn_latent_observation	REAL_TEST	94	486.0	100.0	-274.35	183.09	0.75	1233
hz1x1_sensor5_dqn_latent_observation	REAL_TEST	96	390.0	100.0	-173.23	115.63	0.63	1412
hz1x1_sensor5_dqn_latent_observation	REAL_TEST	98	241.5	100.0	-151.58	100.96	0.70	1835
hz1x1_sensor5_dqn_latent_observation	REAL_TEST	100	257.3	100.0	-167.81	111.83	0.72	1800
hz1x1_sensor5_dqn_latent_observation	REAL_TEST	102	253.7	100.0	-136.21	90.76	0.65	1558
hz1x1_sensor5_dqn_latent_observation	REAL_TEST	104	320.7	100.0	-199.41	132.98	0.75	1562
hz1x1_sensor5_dqn_latent_observation	REAL_TEST	106	326.9	100.0	-199.39	132.95	0.71	1582
hz1x1_sensor5_dqn_latent_observation	REAL_TEST	108	342.1	100.0	-218.10	145.59	0.77	1526
hz1x1_sensor5_dqn_latent_observation	REAL_TEST	110	210.5	100.0	-127.17	84.85	0.73	1796
hz1x1_sensor5_dqn_latent_observation	REAL_TEST	112	234.6	100.0	-136.04	90.65	0.72	1694
hz1x1_sensor5_dqn_latent_observation	REAL_TEST	114	271.5	100.0	-161.62	107.66	0.71	1684
hz1x1_sensor5_dqn_latent_observation	REAL_TEST	116	390.3	100.0	-185.87	124.13	0.67	1377
hz1x1_sensor5_dqn_latent_observation	REAL_TEST	118	147.2	100.0	-72.32	48.02	0.69	1952
hz1x1_sensor5_dqn_latent_observation	REAL_TEST	120	266.0	100.0	-172.77	115.16	0.76	1772
hz1x1_sensor5_dqn_latent_observation	REAL_TEST	122	316.6	100.0	-201.92	134.67	0.74	1587
hz1x1_sensor5_dqn_latent_observation	REAL_TEST	124	299.2	100.0	-191.59	128.02	0.77	1510
hz1x1_sensor5_dqn_latent_observation	REAL_TEST	126	190.0	100.0	-106.89	71.20	0.69	1834
hz1x1_sensor5_dqn_latent_observation	REAL_TEST	128	151.2	100.0	-65.25	43.30	0.64	1920
hz1x1_sensor5_dqn_latent_observation	REAL_TEST	130	232.2	100.0	-143.34	95.58	0.70	1764
hz1x1_sensor5_dqn_latent_observation	REAL_TEST	132	299.9	100.0	-194.98	129.92	0.66	1668
hz1x1_sensor5_dqn_latent_observation	REAL_TEST	134	234.2	100.0	-145.52	96.94	0.77	1795
hz1x1_sensor5_dqn_latent_observation	REAL_TEST	136	285.0	100.0	-185.71	124.03	0.76	1585
hz1x1_sensor5_dqn_latent_observation	REAL_TEST	138	298.7	100.0	-194.60	129.99	0.78	1550
hz1x1_sensor5_dqn_latent_observation	REAL_TEST	140	360.3	100.0	-227.97	151.99	0.74	1539
hz1x1_sensor5_dqn_latent_observation	REAL_TEST	142	1492.9	100.0	-367.27	245.19	0.92	305
hz1x1_sensor5_dqn_latent_observation	REAL_TEST	144	298.1	100.0	-155.07	103.58	0.62	1602
hz1x1_sensor5_dqn_latent_observation	REAL_TEST	146	335.4	100.0	-215.44	143.92	0.80	1440
hz1x1_sensor5_dqn_latent_observation	REAL_TEST	148	292.8	100.0	-188.20	125.66	0.77	1577
hz1x1_sensor5_dqn_latent_observation	REAL_TEST	150	323.8	100.0	-214.99	143.41	0.76	1605
hz1x1_sensor5_dqn_latent_observation	REAL_TEST	152	352.9	100.0	-140.87	94.11	0.61	1363
hz1x1_sensor5_dqn_latent_observation	REAL_TEST	154	1071.4	100.0	-212.85	142.10	0.63	454
hz1x1_sensor5_dqn_latent_observation	REAL_TEST	156	268.3	100.0	-173.65	115.75	0.71	1745
hz1x1_sensor5_dqn_latent_observation	REAL_TEST	158	213.8	100.0	-131.27	87.47	0.71	1812
hz1x1_sensor5_dqn_latent_observation	REAL_TEST	160	272.6	100.0	-145.61	97.14	0.66	1778
hz1x1_sensor5_dqn_latent_observation	REAL_TEST	162	384.8	100.0	-244.75	163.43	0.77	1407
hz1x1_sensor5_dqn_latent_observation	REAL_TEST	164	234.8	100.0	-148.90	99.31	0.70	1764
hz1x1_sensor5_dqn_latent_observation	REAL_TEST	166	190.2	100.0	-65.58	43.68	0.60	1772
hz1x1_sensor5_dqn_latent_observation	REAL_TEST	168	272.9	100.0	-151.46	100.92	0.74	1539
hz1x1_sensor5_dqn_latent_observation	REAL_TEST	170	243.3	100.0	-93.03	61.93	0.53	1854
hz1x1_sensor5_dqn_latent_observation	REAL_TEST	172	723.9	100.0	-317.98	212.23	0.87	811
hz1x1_sensor5_dqn_latent_observation	REAL_TEST	174	247.2	100.0	-156.22	104.12	0.77	1779
hz1x1_sensor5_dqn_latent_observation	REAL_TEST	176	274.8	100.0	-115.00	76.65	0.66	1633
hz1x1_sensor5_dqn_latent_observation	REAL_TEST	178	392.9	100.0	-230.96	154.04	0.76	1376
hz1x1_sensor5_dqn_latent_observation	REAL_TEST	180	261.8	100.0	-146.88	97.86	0.66	1572
hz1x1_sensor5_dqn_latent_observation	REAL_TEST	182	235.4	100.0	-145.55	96.99	0.73	1792
hz1x1_sensor5_dqn_latent_observation	REAL_TEST	184	219.0	100.0	-131.11	87.43	0.71	1772
hz1x1_sensor5_dqn_latent_observation	REAL_TEST	186	197.7	100.0	-117.18	78.04	0.68	1870
hz1x1_sensor5_dqn_latent_observation	REAL_TEST	188	448.1	100.0	-145.48	97.13	0.65	1074
hz1x1_sensor5_dqn_latent_observation	REAL_TEST	190	161.5	100.0	-85.36	56.84	0.70	1866
hz1x1_sensor5_dqn_latent_observation	REAL_TEST	192	157.7	100.0	-81.75	54.25	0.69	1917
hz1x1_sensor5_dqn_latent_observation	REAL_TEST	194	177.3	100.0	-98.41	65.43	0.72	1915
hz1x1_sensor5_dqn_latent_observation	REAL_TEST	196	294.7	100.0	-84.44	56.46	0.51	1493
hz1x1_sensor5_dqn_latent_observation	REAL_TEST	198	238.1	100.0	-145.15	96.61	0.75	1758
