cologne1_setting1_dqn_naive	SIM_TRAIN	0	60.7	0.0	-16.09	10.31	0.39	1990	0.0000	0.0000
cologne1_setting1_dqn_naive	SIM_TRAIN	1	61.1	0.0	-16.29	10.48	0.37	1998	0.0000	0.0000
cologne1_setting1_dqn_naive	SIM_TRAIN	2	58.0	157.3	-13.85	8.82	0.35	2000	0.0000	0.0000
cologne1_setting1_dqn_naive	SIM_TRAIN	3	47.1	84.1	-7.35	4.47	0.31	2000	0.0000	0.0000
cologne1_setting1_dqn_naive	REAL_TEST	3	198.4	100.0	-95.98	64.03	0.61	1600	0.0000	0.0000
cologne1_setting1_dqn_naive	SIM_TRAIN	4	45.3	70.9	-6.79	4.12	0.30	2000	0.0000	0.0000
cologne1_setting1_dqn_naive	SIM_TRAIN	5	44.6	63.0	-7.03	4.30	0.30	2000	0.0000	0.0000
cologne1_setting1_dqn_naive	SIM_TRAIN	6	45.4	62.7	-6.77	4.12	0.29	2002	0.0000	0.0000
cologne1_setting1_dqn_naive	REAL_TEST	6	186.3	100.0	-70.40	46.96	0.59	1691	0.0000	0.0000
cologne1_setting1_dqn_naive	SIM_TRAIN	7	45.3	62.3	-7.49	4.64	0.31	1999	0.0000	0.0000
cologne1_setting1_dqn_naive	SIM_TRAIN	8	44.8	61.3	-6.90	4.18	0.31	2000	0.0000	0.0000
cologne1_setting1_dqn_naive	SIM_TRAIN	9	45.9	59.3	-7.28	4.49	0.30	2000	0.0000	0.0000
cologne1_setting1_dqn_naive	REAL_TEST	9	184.9	100.0	-79.04	52.72	0.59	1524	0.0000	0.0000
cologne1_setting1_dqn_naive	SIM_TRAIN	10	44.4	59.4	-6.97	4.25	0.29	2000	0.0000	0.0000
cologne1_setting1_dqn_naive	SIM_TRAIN	11	45.9	59.8	-7.60	4.69	0.30	2000	0.0000	0.0000
cologne1_setting1_dqn_naive	SIM_TRAIN	12	44.2	60.7	-6.77	4.11	0.29	2000	0.0000	0.0000
cologne1_setting1_dqn_naive	REAL_TEST	12	184.9	100.0	-79.04	52.72	0.59	1524	0.0000	0.0000
cologne1_setting1_dqn_naive	SIM_TRAIN	13	44.9	61.1	-7.23	4.44	0.30	2000	0.0000	0.0000
cologne1_setting1_dqn_naive	SIM_TRAIN	14	44.9	55.9	-6.94	4.24	0.30	2002	0.0000	0.0000
cologne1_setting1_dqn_naive	SIM_TRAIN	15	44.5	54.1	-6.70	4.09	0.30	2001	0.0000	0.0000
cologne1_setting1_dqn_naive	REAL_TEST	15	194.6	100.0	-92.12	61.48	0.58	1557	0.0000	0.0000
cologne1_setting1_dqn_naive	SIM_TRAIN	16	44.5	51.9	-6.96	4.25	0.29	2002	0.0000	0.0000
cologne1_setting1_dqn_naive	SIM_TRAIN	17	46.3	54.6	-7.70	4.76	0.30	2001	0.0000	0.0000
cologne1_setting1_dqn_naive	SIM_TRAIN	18	45.0	50.6	-7.25	4.44	0.29	2000	0.0000	0.0000
cologne1_setting1_dqn_naive	REAL_TEST	18	184.5	100.0	-79.33	52.93	0.59	1524	0.0000	0.0000
cologne1_setting1_dqn_naive	SIM_TRAIN	19	46.8	49.8	-7.55	4.69	0.30	2001	0.0000	0.0000
cologne1_setting1_dqn_naive	SIM_TRAIN	20	45.1	50.8	-7.11	4.44	0.30	2000	0.0000	0.0000
cologne1_setting1_dqn_naive	SIM_TRAIN	21	48.3	51.4	-8.53	5.33	0.31	2000	0.0000	0.0000
cologne1_setting1_dqn_naive	REAL_TEST	21	195.4	100.0	-94.38	62.97	0.60	1583	0.0000	0.0000
cologne1_setting1_dqn_naive	SIM_TRAIN	22	43.6	53.8	-6.44	3.92	0.28	2000	0.0000	0.0000
cologne1_setting1_dqn_naive	SIM_TRAIN	23	44.0	54.1	-6.39	3.86	0.29	1999	0.0000	0.0000
cologne1_setting1_dqn_naive	SIM_TRAIN	24	44.7	52.6	-6.70	4.08	0.29	2001	0.0000	0.0000
cologne1_setting1_dqn_naive	REAL_TEST	24	195.4	100.0	-93.46	62.36	0.59	1561	0.0000	0.0000
cologne1_setting1_dqn_naive	SIM_TRAIN	25	45.2	49.5	-7.10	4.38	0.29	2000	0.0000	0.0000
cologne1_setting1_dqn_naive	SIM_TRAIN	26	46.9	49.7	-7.41	4.57	0.29	2001	0.0000	0.0000
cologne1_setting1_dqn_naive	SIM_TRAIN	27	45.8	52.1	-7.26	4.44	0.29	2000	0.0000	0.0000
cologne1_setting1_dqn_naive	REAL_TEST	27	194.6	100.0	-92.12	61.48	0.58	1557	0.0000	0.0000
cologne1_setting1_dqn_naive	SIM_TRAIN	28	44.9	51.5	-6.95	4.23	0.29	2001	0.0000	0.0000
cologne1_setting1_dqn_naive	SIM_TRAIN	29	44.1	50.7	-6.33	3.83	0.29	2000	0.0000	0.0000
cologne1_setting1_dqn_naive	SIM_TRAIN	30	43.6	49.6	-6.00	3.59	0.29	1999	0.0000	0.0000
cologne1_setting1_dqn_naive	REAL_TEST	30	195.4	100.0	-93.46	62.36	0.59	1561	0.0000	0.0000
cologne1_setting1_dqn_naive	SIM_TRAIN	31	47.4	49.0	-7.86	4.90	0.30	1997	0.0000	0.0000
cologne1_setting1_dqn_naive	SIM_TRAIN	32	46.4	48.9	-6.95	4.26	0.28	2001	0.0000	0.0000
cologne1_setting1_dqn_naive	SIM_TRAIN	33	46.3	46.4	-7.14	4.39	0.29	2002	0.0000	0.0000
cologne1_setting1_dqn_naive	REAL_TEST	33	195.4	100.0	-93.46	62.36	0.59	1561	0.0000	0.0000
cologne1_setting1_dqn_naive	SIM_TRAIN	34	45.3	45.5	-7.06	4.36	0.30	1996	0.0000	0.0000
cologne1_setting1_dqn_naive	SIM_TRAIN	35	46.4	45.4	-7.25	4.46	0.30	2002	0.0000	0.0000
cologne1_setting1_dqn_naive	SIM_TRAIN	36	43.6	44.6	-6.19	3.77	0.29	2001	0.0000	0.0000
cologne1_setting1_dqn_naive	REAL_TEST	36	195.4	100.0	-94.38	62.97	0.60	1583	0.0000	0.0000
cologne1_setting1_dqn_naive	SIM_TRAIN	37	48.4	41.9	-8.05	4.97	0.30	1997	0.0000	0.0000
cologne1_setting1_dqn_naive	SIM_TRAIN	38	45.5	39.6	-6.71	4.07	0.30	2001	0.0000	0.0000
cologne1_setting1_dqn_naive	SIM_TRAIN	39	47.3	38.9	-7.14	4.44	0.30	2001	0.0000	0.0000
cologne1_setting1_dqn_naive	REAL_TEST	39	195.4	100.0	-94.38	62.97	0.60	1583	0.0000	0.0000
cologne1_setting1_dqn_naive	SIM_TRAIN	40	44.7	40.9	-6.49	3.96	0.29	2001	0.0000	0.0000
cologne1_setting1_dqn_naive	SIM_TRAIN	41	45.7	40.6	-6.90	4.21	0.30	2000	0.0000	0.0000
cologne1_setting1_dqn_naive	SIM_TRAIN	42	44.2	42.2	-6.59	3.99	0.30	2000	0.0000	0.0000
cologne1_setting1_dqn_naive	REAL_TEST	42	199.4	100.0	-96.50	64.39	0.61	1595	0.0000	0.0000
cologne1_setting1_dqn_naive	SIM_TRAIN	43	46.4	39.8	-7.13	4.39	0.30	2000	0.0000	0.0000
cologne1_setting1_dqn_naive	SIM_TRAIN	44	45.0	38.1	-6.78	4.18	0.29	2002	0.0000	0.0000
cologne1_setting1_dqn_naive	SIM_TRAIN	45	44.8	36.8	-6.72	4.08	0.29	2002	0.0000	0.0000
cologne1_setting1_dqn_naive	REAL_TEST	45	199.4	100.0	-96.50	64.39	0.61	1595	0.0000	0.0000
cologne1_setting1_dqn_naive	SIM_TRAIN	46	45.2	36.9	-6.75	4.17	0.30	2000	0.0000	0.0000
cologne1_setting1_dqn_naive	SIM_TRAIN	47	45.3	34.3	-6.47	3.99	0.30	2000	0.0000	0.0000
cologne1_setting1_dqn_naive	SIM_TRAIN	48	46.4	35.5	-7.43	4.56	0.30	2000	0.0000	0.0000
cologne1_setting1_dqn_naive	REAL_TEST	48	188.3	100.0	-71.91	47.96	0.59	1671	0.0000	0.0000
cologne1_setting1_dqn_naive	SIM_TRAIN	49	45.1	37.4	-6.55	3.97	0.29	2000	0.0000	0.0000
cologne1_setting1_dqn_naive	SIM_TRAIN	50	44.7	36.3	-6.80	4.17	0.30	2000	0.0000	0.0000
cologne1_setting1_dqn_naive	SIM_TRAIN	51	45.0	36.5	-6.72	4.09	0.29	1997	0.0000	0.0000
cologne1_setting1_dqn_naive	REAL_TEST	51	199.4	100.0	-96.50	64.39	0.61	1595	0.0000	0.0000
cologne1_setting1_dqn_naive	SIM_TRAIN	52	48.2	36.9	-7.65	4.72	0.30	2000	0.0000	0.0000
cologne1_setting1_dqn_naive	SIM_TRAIN	53	45.7	39.2	-6.91	4.20	0.30	2000	0.0000	0.0000
cologne1_setting1_dqn_naive	SIM_TRAIN	54	46.9	37.6	-7.26	4.47	0.30	2001	0.0000	0.0000
cologne1_setting1_dqn_naive	REAL_TEST	54	189.8	100.0	-70.24	46.83	0.59	1691	0.0000	0.0000
cologne1_setting1_dqn_naive	SIM_TRAIN	55	45.7	36.9	-6.79	4.12	0.29	2000	0.0000	0.0000
cologne1_setting1_dqn_naive	SIM_TRAIN	56	45.6	38.1	-7.01	4.27	0.29	1997	0.0000	0.0000
cologne1_setting1_dqn_naive	SIM_TRAIN	57	45.3	35.6	-6.75	4.12	0.30	2003	0.0000	0.0000
cologne1_setting1_dqn_naive	REAL_TEST	57	189.8	100.0	-70.24	46.83	0.59	1691	0.0000	0.0000
cologne1_setting1_dqn_naive	SIM_TRAIN	58	44.8	40.3	-6.59	4.01	0.29	2002	0.0000	0.0000
cologne1_setting1_dqn_naive	SIM_TRAIN	59	47.1	41.5	-7.68	4.65	0.30	2000	0.0000	0.0000
cologne1_setting1_dqn_naive	SIM_TRAIN	60	46.7	41.7	-7.07	4.33	0.30	2002	0.0000	0.0000
cologne1_setting1_dqn_naive	REAL_TEST	60	189.3	100.0	-72.68	48.49	0.59	1674	0.0000	0.0000
cologne1_setting1_dqn_naive	SIM_TRAIN	61	45.4	38.9	-7.03	4.31	0.30	2000	0.0000	0.0000
cologne1_setting1_dqn_naive	SIM_TRAIN	62	44.7	39.6	-6.39	3.89	0.29	2001	0.0000	0.0000
cologne1_setting1_dqn_naive	SIM_TRAIN	63	44.4	39.3	-6.11	3.73	0.29	2003	0.0000	0.0000
cologne1_setting1_dqn_naive	REAL_TEST	63	204.7	100.0	-103.56	69.11	0.61	1637	0.0000	0.0000
cologne1_setting1_dqn_naive	SIM_TRAIN	64	44.4	39.6	-6.36	3.89	0.29	2000	0.0000	0.0000
cologne1_setting1_dqn_naive	SIM_TRAIN	65	46.3	40.0	-6.72	4.09	0.30	2002	0.0000	0.0000
cologne1_setting1_dqn_naive	SIM_TRAIN	66	46.6	41.3	-7.68	4.74	0.31	1998	0.0000	0.0000
cologne1_setting1_dqn_naive	REAL_TEST	66	198.7	100.0	-97.75	65.25	0.61	1622	0.0000	0.0000
cologne1_setting1_dqn_naive	SIM_TRAIN	67	46.7	38.1	-7.27	4.47	0.31	2001	0.0000	0.0000
cologne1_setting1_dqn_naive	SIM_TRAIN	68	44.7	38.6	-6.55	3.99	0.29	2000	0.0000	0.0000
cologne1_setting1_dqn_naive	SIM_TRAIN	69	45.1	42.9	-6.86	4.18	0.31	2001	0.0000	0.0000
cologne1_setting1_dqn_naive	REAL_TEST	69	206.8	100.0	-98.88	66.09	0.59	1703	0.0000	0.0000
cologne1_setting1_dqn_naive	SIM_TRAIN	70	43.9	43.8	-6.41	3.89	0.29	2002	0.0000	0.0000
cologne1_setting1_dqn_naive	SIM_TRAIN	71	45.8	42.9	-7.23	4.53	0.31	1997	0.0000	0.0000
cologne1_setting1_dqn_naive	SIM_TRAIN	72	44.6	42.4	-6.50	3.92	0.30	1995	0.0000	0.0000
cologne1_setting1_dqn_naive	REAL_TEST	72	192.6	100.0	-86.69	57.92	0.58	1708	0.0000	0.0000
cologne1_setting1_dqn_naive	SIM_TRAIN	73	45.8	39.6	-6.74	4.00	0.29	2001	0.0000	0.0000
cologne1_setting1_dqn_naive	SIM_TRAIN	74	44.4	39.8	-7.00	4.28	0.30	2002	0.0000	0.0000
cologne1_setting1_dqn_naive	SIM_TRAIN	75	44.3	37.3	-6.48	3.96	0.29	2003	0.0000	0.0000
cologne1_setting1_dqn_naive	REAL_TEST	75	171.6	100.0	-69.71	46.47	0.59	1697	0.0000	0.0000
cologne1_setting1_dqn_naive	SIM_TRAIN	76	45.5	41.1	-7.22	4.40	0.29	2002	0.0000	0.0000
cologne1_setting1_dqn_naive	SIM_TRAIN	77	45.9	39.6	-6.61	4.04	0.30	2002	0.0000	0.0000
cologne1_setting1_dqn_naive	SIM_TRAIN	78	48.8	42.4	-8.22	5.05	0.31	1998	0.0000	0.0000
cologne1_setting1_dqn_naive	REAL_TEST	78	199.4	100.0	-96.50	64.39	0.61	1595	0.0000	0.0000
cologne1_setting1_dqn_naive	SIM_TRAIN	79	44.4	40.7	-6.33	3.82	0.30	2001	0.0000	0.0000
cologne1_setting1_dqn_naive	SIM_TRAIN	80	45.9	41.4	-7.02	4.33	0.30	2002	0.0000	0.0000
cologne1_setting1_dqn_naive	SIM_TRAIN	81	44.8	39.8	-6.63	4.03	0.30	1997	0.0000	0.0000
cologne1_setting1_dqn_naive	REAL_TEST	81	195.5	100.0	-95.51	63.72	0.60	1601	0.0000	0.0000
cologne1_setting1_dqn_naive	SIM_TRAIN	82	46.6	39.2	-7.14	4.38	0.30	2002	0.0000	0.0000
cologne1_setting1_dqn_naive	SIM_TRAIN	83	45.6	40.6	-6.70	4.06	0.30	2000	0.0000	0.0000
cologne1_setting1_dqn_naive	SIM_TRAIN	84	45.9	37.7	-6.76	4.15	0.30	2001	0.0000	0.0000
cologne1_setting1_dqn_naive	REAL_TEST	84	199.4	100.0	-96.50	64.39	0.61	1595	0.0000	0.0000
cologne1_setting1_dqn_naive	SIM_TRAIN	85	45.9	40.6	-6.95	4.29	0.30	2000	0.0000	0.0000
cologne1_setting1_dqn_naive	SIM_TRAIN	86	44.8	43.5	-6.64	4.02	0.30	2000	0.0000	0.0000
cologne1_setting1_dqn_naive	SIM_TRAIN	87	46.0	41.7	-7.09	4.31	0.31	2002	0.0000	0.0000
cologne1_setting1_dqn_naive	REAL_TEST	87	198.4	100.0	-94.37	62.98	0.59	1566	0.0000	0.0000
cologne1_setting1_dqn_naive	SIM_TRAIN	88	46.3	41.9	-7.09	4.36	0.30	2000	0.0000	0.0000
cologne1_setting1_dqn_naive	SIM_TRAIN	89	44.0	36.3	-6.35	3.87	0.29	2002	0.0000	0.0000
cologne1_setting1_dqn_naive	SIM_TRAIN	90	44.2	36.6	-6.58	4.02	0.30	2001	0.0000	0.0000
cologne1_setting1_dqn_naive	REAL_TEST	90	195.3	100.0	-98.42	65.68	0.60	1639	0.0000	0.0000
cologne1_setting1_dqn_naive	SIM_TRAIN	91	45.5	39.8	-6.60	4.01	0.30	2001	0.0000	0.0000
cologne1_setting1_dqn_naive	SIM_TRAIN	92	44.4	38.0	-6.29	3.81	0.29	2002	0.0000	0.0000
cologne1_setting1_dqn_naive	SIM_TRAIN	93	45.3	39.6	-6.42	3.89	0.30	2001	0.0000	0.0000
cologne1_setting1_dqn_naive	REAL_TEST	93	198.1	100.0	-97.94	65.38	0.60	1615	0.0000	0.0000
cologne1_setting1_dqn_naive	SIM_TRAIN	94	44.9	37.5	-6.83	4.14	0.30	2000	0.0000	0.0000
cologne1_setting1_dqn_naive	SIM_TRAIN	95	46.2	40.0	-7.03	4.28	0.30	2001	0.0000	0.0000
cologne1_setting1_dqn_naive	SIM_TRAIN	96	48.4	38.9	-7.69	4.79	0.31	2000	0.0000	0.0000
cologne1_setting1_dqn_naive	REAL_TEST	96	198.1	100.0	-97.94	65.38	0.60	1615	0.0000	0.0000
cologne1_setting1_dqn_naive	SIM_TRAIN	97	44.2	38.8	-6.19	3.72	0.30	2001	0.0000	0.0000
cologne1_setting1_dqn_naive	SIM_TRAIN	98	46.8	36.3	-6.88	4.17	0.30	2001	0.0000	0.0000
cologne1_setting1_dqn_naive	SIM_TRAIN	99	46.0	37.3	-7.16	4.44	0.30	2000	0.0000	0.0000
cologne1_setting1_dqn_naive	REAL_TEST	99	198.2	100.0	-95.43	63.64	0.60	1602	0.0000	0.0000
cologne1_setting1_dqn_naive	SIM_TRAIN	100	43.7	36.9	-6.11	3.63	0.29	2000	0.0000	0.0000
cologne1_setting1_dqn_naive	SIM_TRAIN	101	44.8	35.7	-6.52	3.95	0.29	2001	0.0000	0.0000
cologne1_setting1_dqn_naive	SIM_TRAIN	102	44.5	36.8	-6.68	4.10	0.30	2000	0.0000	0.0000
cologne1_setting1_dqn_naive	REAL_TEST	102	203.9	100.0	-98.83	66.05	0.59	1701	0.0000	0.0000
cologne1_setting1_dqn_naive	SIM_TRAIN	103	44.0	38.6	-6.29	3.81	0.29	2001	0.0000	0.0000
cologne1_setting1_dqn_naive	SIM_TRAIN	104	45.7	37.8	-6.79	4.12	0.30	2002	0.0000	0.0000
cologne1_setting1_dqn_naive	SIM_TRAIN	105	44.6	36.6	-6.73	4.11	0.30	2001	0.0000	0.0000
cologne1_setting1_dqn_naive	REAL_TEST	105	192.7	100.0	-96.08	64.11	0.59	1603	0.0000	0.0000
cologne1_setting1_dqn_naive	SIM_TRAIN	106	44.6	38.7	-6.25	3.80	0.29	2001	0.0000	0.0000
cologne1_setting1_dqn_naive	SIM_TRAIN	107	45.0	37.5	-6.75	4.16	0.30	2001	0.0000	0.0000
cologne1_setting1_dqn_naive	SIM_TRAIN	108	45.0	40.4	-6.86	4.19	0.30	2002	0.0000	0.0000
cologne1_setting1_dqn_naive	REAL_TEST	108	203.2	100.0	-98.62	65.90	0.60	1701	0.0000	0.0000
cologne1_setting1_dqn_naive	SIM_TRAIN	109	44.7	40.4	-6.63	4.03	0.29	2003	0.0000	0.0000
cologne1_setting1_dqn_naive	SIM_TRAIN	110	46.1	39.6	-6.97	4.26	0.31	2001	0.0000	0.0000
cologne1_setting1_dqn_naive	SIM_TRAIN	111	44.8	39.3	-6.47	3.95	0.30	2000	0.0000	0.0000
cologne1_setting1_dqn_naive	REAL_TEST	111	203.2	100.0	-98.62	65.90	0.60	1701	0.0000	0.0000
cologne1_setting1_dqn_naive	SIM_TRAIN	112	43.7	42.9	-6.10	3.70	0.29	2001	0.0000	0.0000
cologne1_setting1_dqn_naive	SIM_TRAIN	113	45.2	38.9	-6.56	4.02	0.30	2001	0.0000	0.0000
cologne1_setting1_dqn_naive	SIM_TRAIN	114	45.2	42.0	-7.08	4.29	0.31	2001	0.0000	0.0000
cologne1_setting1_dqn_naive	REAL_TEST	114	203.2	100.0	-98.62	65.90	0.60	1701	0.0000	0.0000
cologne1_setting1_dqn_naive	SIM_TRAIN	115	43.8	39.3	-6.11	3.66	0.29	2003	0.0000	0.0000
cologne1_setting1_dqn_naive	SIM_TRAIN	116	46.0	41.0	-7.12	4.39	0.30	2001	0.0000	0.0000
cologne1_setting1_dqn_naive	SIM_TRAIN	117	45.1	40.9	-6.86	4.12	0.30	2000	0.0000	0.0000
cologne1_setting1_dqn_naive	REAL_TEST	117	203.9	100.0	-98.83	66.05	0.59	1701	0.0000	0.0000
cologne1_setting1_dqn_naive	SIM_TRAIN	118	45.3	42.6	-6.78	4.16	0.29	2001	0.0000	0.0000
cologne1_setting1_dqn_naive	SIM_TRAIN	119	46.5	41.4	-7.28	4.49	0.30	2002	0.0000	0.0000
cologne1_setting1_dqn_naive	SIM_TRAIN	120	44.2	37.9	-6.25	3.81	0.30	2000	0.0000	0.0000
cologne1_setting1_dqn_naive	REAL_TEST	120	203.9	100.0	-98.83	66.05	0.59	1701	0.0000	0.0000
cologne1_setting1_dqn_naive	SIM_TRAIN	121	44.1	42.9	-6.13	3.72	0.29	1998	0.0000	0.0000
cologne1_setting1_dqn_naive	SIM_TRAIN	122	46.7	38.6	-6.91	4.24	0.30	2001	0.0000	0.0000
cologne1_setting1_dqn_naive	SIM_TRAIN	123	46.7	39.4	-7.24	4.38	0.31	2001	0.0000	0.0000
cologne1_setting1_dqn_naive	REAL_TEST	123	203.9	100.0	-98.83	66.05	0.59	1701	0.0000	0.0000
cologne1_setting1_dqn_naive	SIM_TRAIN	124	43.7	38.3	-6.40	3.87	0.29	2002	0.0000	0.0000
cologne1_setting1_dqn_naive	SIM_TRAIN	125	44.1	43.0	-6.55	3.99	0.29	2001	0.0000	0.0000
cologne1_setting1_dqn_naive	SIM_TRAIN	126	44.4	41.5	-6.18	3.74	0.30	1995	0.0000	0.0000
cologne1_setting1_dqn_naive	REAL_TEST	126	197.9	100.0	-95.48	63.71	0.60	1574	0.0000	0.0000
cologne1_setting1_dqn_naive	SIM_TRAIN	127	45.9	39.5	-7.16	4.39	0.31	2002	0.0000	0.0000
cologne1_setting1_dqn_naive	SIM_TRAIN	128	46.4	42.0	-7.03	4.33	0.30	2001	0.0000	0.0000
cologne1_setting1_dqn_naive	SIM_TRAIN	129	45.0	41.0	-6.87	4.21	0.30	1999	0.0000	0.0000
cologne1_setting1_dqn_naive	REAL_TEST	129	194.6	100.0	-71.16	47.44	0.59	1626	0.0000	0.0000
cologne1_setting1_dqn_naive	SIM_TRAIN	130	46.1	40.8	-6.69	4.08	0.30	2000	0.0000	0.0000
cologne1_setting1_dqn_naive	SIM_TRAIN	131	46.0	39.0	-7.18	4.37	0.30	2000	0.0000	0.0000
cologne1_setting1_dqn_naive	SIM_TRAIN	132	44.9	39.4	-6.64	4.08	0.29	2002	0.0000	0.0000
cologne1_setting1_dqn_naive	REAL_TEST	132	198.3	100.0	-94.62	63.15	0.60	1566	0.0000	0.0000
cologne1_setting1_dqn_naive	SIM_TRAIN	133	45.5	39.4	-6.77	4.16	0.30	2002	0.0000	0.0000
cologne1_setting1_dqn_naive	SIM_TRAIN	134	47.4	41.0	-8.14	5.00	0.32	2002	0.0000	0.0000
cologne1_setting1_dqn_naive	SIM_TRAIN	135	46.0	41.7	-6.65	4.07	0.30	2001	0.0000	0.0000
cologne1_setting1_dqn_naive	REAL_TEST	135	191.3	100.0	-94.86	63.28	0.60	1631	0.0000	0.0000
cologne1_setting1_dqn_naive	SIM_TRAIN	136	48.2	40.1	-7.68	4.75	0.31	2000	0.0000	0.0000
cologne1_setting1_dqn_naive	SIM_TRAIN	137	44.3	41.5	-6.74	4.13	0.30	2001	0.0000	0.0000
cologne1_setting1_dqn_naive	SIM_TRAIN	138	47.0	44.6	-7.36	4.56	0.30	2001	0.0000	0.0000
cologne1_setting1_dqn_naive	REAL_TEST	138	178.5	100.0	-71.17	47.47	0.59	1602	0.0000	0.0000
cologne1_setting1_dqn_naive	SIM_TRAIN	139	46.0	40.2	-6.86	4.18	0.31	2002	0.0000	0.0000
cologne1_setting1_dqn_naive	SIM_TRAIN	140	44.7	41.7	-6.75	4.10	0.30	2001	0.0000	0.0000
cologne1_setting1_dqn_naive	SIM_TRAIN	141	45.5	41.1	-6.87	4.15	0.31	2001	0.0000	0.0000
cologne1_setting1_dqn_naive	REAL_TEST	141	198.3	100.0	-94.62	63.15	0.60	1566	0.0000	0.0000
cologne1_setting1_dqn_naive	SIM_TRAIN	142	48.5	40.6	-7.43	4.59	0.29	2001	0.0000	0.0000
cologne1_setting1_dqn_naive	SIM_TRAIN	143	45.3	40.4	-6.15	3.69	0.30	2001	0.0000	0.0000
cologne1_setting1_dqn_naive	SIM_TRAIN	144	44.0	36.8	-6.33	3.86	0.30	2002	0.0000	0.0000
cologne1_setting1_dqn_naive	REAL_TEST	144	198.3	100.0	-94.62	63.15	0.60	1566	0.0000	0.0000
cologne1_setting1_dqn_naive	SIM_TRAIN	145	47.0	37.6	-6.99	4.32	0.31	2001	0.0000	0.0000
cologne1_setting1_dqn_naive	SIM_TRAIN	146	45.3	36.0	-6.75	4.15	0.30	2002	0.0000	0.0000
cologne1_setting1_dqn_naive	SIM_TRAIN	147	45.1	36.9	-6.82	4.19	0.31	1996	0.0000	0.0000
cologne1_setting1_dqn_naive	REAL_TEST	147	193.1	100.0	-91.98	61.36	0.58	1561	0.0000	0.0000
cologne1_setting1_dqn_naive	SIM_TRAIN	148	44.5	35.4	-6.53	3.89	0.30	1999	0.0000	0.0000
cologne1_setting1_dqn_naive	SIM_TRAIN	149	45.4	36.8	-6.77	4.17	0.31	2003	0.0000	0.0000
cologne1_setting1_dqn_naive	SIM_TRAIN	150	46.8	36.4	-7.59	4.65	0.31	2001	0.0000	0.0000
cologne1_setting1_dqn_naive	REAL_TEST	150	195.7	100.0	-110.33	73.59	0.61	1693	0.0000	0.0000
cologne1_setting1_dqn_naive	SIM_TRAIN	151	46.0	37.0	-7.13	4.32	0.30	1995	0.0000	0.0000
cologne1_setting1_dqn_naive	SIM_TRAIN	152	45.1	38.4	-6.81	4.16	0.30	2001	0.0000	0.0000
cologne1_setting1_dqn_naive	SIM_TRAIN	153	45.1	39.9	-6.76	4.12	0.30	1996	0.0000	0.0000
cologne1_setting1_dqn_naive	REAL_TEST	153	198.3	100.0	-94.62	63.15	0.60	1566	0.0000	0.0000
cologne1_setting1_dqn_naive	SIM_TRAIN	154	47.0	38.3	-7.51	4.66	0.31	1996	0.0000	0.0000
cologne1_setting1_dqn_naive	SIM_TRAIN	155	44.5	37.3	-6.43	3.88	0.30	1995	0.0000	0.0000
cologne1_setting1_dqn_naive	SIM_TRAIN	156	43.6	38.4	-5.70	3.47	0.29	2002	0.0000	0.0000
cologne1_setting1_dqn_naive	REAL_TEST	156	197.6	100.0	-93.76	62.56	0.60	1561	0.0000	0.0000
cologne1_setting1_dqn_naive	SIM_TRAIN	157	44.4	39.3	-6.38	3.88	0.30	2003	0.0000	0.0000
cologne1_setting1_dqn_naive	SIM_TRAIN	158	45.8	39.2	-6.78	4.13	0.30	2001	0.0000	0.0000
cologne1_setting1_dqn_naive	SIM_TRAIN	159	46.0	41.0	-6.65	4.12	0.29	2001	0.0000	0.0000
cologne1_setting1_dqn_naive	REAL_TEST	159	196.7	100.0	-92.88	62.00	0.59	1557	0.0000	0.0000
cologne1_setting1_dqn_naive	SIM_TRAIN	160	47.9	41.4	-7.68	4.77	0.32	2001	0.0000	0.0000
cologne1_setting1_dqn_naive	SIM_TRAIN	161	45.6	38.8	-6.69	4.02	0.29	2001	0.0000	0.0000
cologne1_setting1_dqn_naive	SIM_TRAIN	162	45.3	40.7	-6.98	4.27	0.29	2001	0.0000	0.0000
cologne1_setting1_dqn_naive	REAL_TEST	162	194.6	100.0	-92.12	61.48	0.58	1557	0.0000	0.0000
cologne1_setting1_dqn_naive	SIM_TRAIN	163	45.1	37.7	-6.60	4.05	0.30	1994	0.0000	0.0000
cologne1_setting1_dqn_naive	SIM_TRAIN	164	43.8	35.7	-6.39	3.88	0.29	2002	0.0000	0.0000
cologne1_setting1_dqn_naive	SIM_TRAIN	165	47.0	37.4	-6.80	4.21	0.29	2001	0.0000	0.0000
cologne1_setting1_dqn_naive	REAL_TEST	165	184.5	100.0	-79.33	52.93	0.59	1524	0.0000	0.0000
cologne1_setting1_dqn_naive	SIM_TRAIN	166	43.8	35.8	-6.08	3.67	0.28	2001	0.0000	0.0000
cologne1_setting1_dqn_naive	SIM_TRAIN	167	45.1	38.3	-6.75	4.09	0.31	2002	0.0000	0.0000
cologne1_setting1_dqn_naive	SIM_TRAIN	168	48.9	39.3	-7.74	4.80	0.30	2002	0.0000	0.0000
cologne1_setting1_dqn_naive	REAL_TEST	168	196.6	100.0	-92.76	61.89	0.59	1557	0.0000	0.0000
cologne1_setting1_dqn_naive	SIM_TRAIN	169	44.4	39.9	-6.16	3.71	0.29	2000	0.0000	0.0000
cologne1_setting1_dqn_naive	SIM_TRAIN	170	45.6	41.6	-6.67	4.08	0.30	2001	0.0000	0.0000
cologne1_setting1_dqn_naive	SIM_TRAIN	171	44.5	37.5	-6.23	3.77	0.29	2001	0.0000	0.0000
cologne1_setting1_dqn_naive	REAL_TEST	171	186.0	100.0	-70.27	46.84	0.59	1691	0.0000	0.0000
cologne1_setting1_dqn_naive	SIM_TRAIN	172	45.3	36.4	-6.54	4.02	0.29	2001	0.0000	0.0000
cologne1_setting1_dqn_naive	SIM_TRAIN	173	45.2	39.5	-6.43	3.94	0.30	1997	0.0000	0.0000
cologne1_setting1_dqn_naive	SIM_TRAIN	174	46.0	40.8	-7.11	4.33	0.31	2001	0.0000	0.0000
cologne1_setting1_dqn_naive	REAL_TEST	174	195.3	100.0	-71.84	47.91	0.59	1601	0.0000	0.0000
cologne1_setting1_dqn_naive	SIM_TRAIN	175	45.5	38.7	-6.78	4.13	0.30	2001	0.0000	0.0000
cologne1_setting1_dqn_naive	SIM_TRAIN	176	44.5	40.2	-5.96	3.62	0.29	2002	0.0000	0.0000
cologne1_setting1_dqn_naive	SIM_TRAIN	177	45.6	41.7	-6.28	3.77	0.28	2001	0.0000	0.0000
cologne1_setting1_dqn_naive	REAL_TEST	177	197.6	100.0	-93.76	62.56	0.60	1561	0.0000	0.0000
cologne1_setting1_dqn_naive	SIM_TRAIN	178	45.9	40.0	-7.00	4.26	0.29	2001	0.0000	0.0000
cologne1_setting1_dqn_naive	SIM_TRAIN	179	44.5	41.7	-6.04	3.62	0.28	1999	0.0000	0.0000
cologne1_setting1_dqn_naive	SIM_TRAIN	180	45.4	42.5	-7.19	4.43	0.31	2001	0.0000	0.0000
cologne1_setting1_dqn_naive	REAL_TEST	180	188.6	100.0	-70.63	47.09	0.59	1667	0.0000	0.0000
cologne1_setting1_dqn_naive	SIM_TRAIN	181	47.1	39.8	-6.65	4.05	0.29	2001	0.0000	0.0000
cologne1_setting1_dqn_naive	SIM_TRAIN	182	44.9	37.0	-6.37	3.87	0.29	2002	0.0000	0.0000
cologne1_setting1_dqn_naive	SIM_TRAIN	183	46.9	38.5	-7.44	4.61	0.30	1999	0.0000	0.0000
cologne1_setting1_dqn_naive	REAL_TEST	183	170.3	100.0	-70.59	47.07	0.59	1613	0.0000	0.0000
cologne1_setting1_dqn_naive	SIM_TRAIN	184	46.1	38.4	-6.84	4.17	0.31	2001	0.0000	0.0000
cologne1_setting1_dqn_naive	SIM_TRAIN	185	45.4	40.7	-6.60	4.01	0.30	2001	0.0000	0.0000
cologne1_setting1_dqn_naive	SIM_TRAIN	186	47.0	39.0	-6.90	4.26	0.30	2001	0.0000	0.0000
cologne1_setting1_dqn_naive	REAL_TEST	186	186.5	100.0	-70.40	46.95	0.59	1686	0.0000	0.0000
cologne1_setting1_dqn_naive	SIM_TRAIN	187	45.3	41.3	-6.45	3.98	0.30	2001	0.0000	0.0000
cologne1_setting1_dqn_naive	SIM_TRAIN	188	46.0	37.6	-7.36	4.50	0.31	2002	0.0000	0.0000
cologne1_setting1_dqn_naive	SIM_TRAIN	189	44.3	41.7	-6.16	3.71	0.29	2001	0.0000	0.0000
cologne1_setting1_dqn_naive	REAL_TEST	189	170.8	100.0	-68.61	45.76	0.53	1586	0.0000	0.0000
cologne1_setting1_dqn_naive	SIM_TRAIN	190	46.8	43.1	-7.06	4.30	0.30	2001	0.0000	0.0000
cologne1_setting1_dqn_naive	SIM_TRAIN	191	44.7	43.6	-6.34	3.85	0.30	2001	0.0000	0.0000
cologne1_setting1_dqn_naive	SIM_TRAIN	192	46.5	41.6	-7.04	4.27	0.30	2002	0.0000	0.0000
cologne1_setting1_dqn_naive	REAL_TEST	192	180.7	100.0	-70.92	47.29	0.59	1596	0.0000	0.0000
cologne1_setting1_dqn_naive	SIM_TRAIN	193	45.3	39.2	-6.68	4.11	0.30	1999	0.0000	0.0000
cologne1_setting1_dqn_naive	SIM_TRAIN	194	45.9	38.8	-6.84	4.19	0.30	2001	0.0000	0.0000
cologne1_setting1_dqn_naive	SIM_TRAIN	195	45.3	38.0	-6.68	4.10	0.30	2001	0.0000	0.0000
cologne1_setting1_dqn_naive	REAL_TEST	195	190.0	100.0	-71.15	47.45	0.59	1637	0.0000	0.0000
cologne1_setting1_dqn_naive	SIM_TRAIN	196	44.6	38.7	-6.39	3.94	0.29	2000	0.0000	0.0000
cologne1_setting1_dqn_naive	SIM_TRAIN	197	45.7	40.9	-6.70	4.03	0.30	1997	0.0000	0.0000
cologne1_setting1_dqn_naive	SIM_TRAIN	198	45.0	41.1	-6.45	3.93	0.30	2002	0.0000	0.0000
cologne1_setting1_dqn_naive	REAL_TEST	198	192.0	100.0	-71.45	47.65	0.59	1615	0.0000	0.0000
cologne1_setting1_dqn_naive	SIM_TRAIN	199	46.7	41.3	-7.09	4.42	0.30	2003	0.0000	0.0000
cologne1_setting1_dqn_naive	SIM_TRAIN	200	45.3	39.1	-6.33	3.80	0.29	2000	0.0000	0.0000
cologne1_setting1_dqn_naive	SIM_TRAIN	201	47.2	38.4	-7.57	4.69	0.30	2002	0.0000	0.0000
cologne1_setting1_dqn_naive	REAL_TEST	201	189.7	100.0	-71.07	47.40	0.59	1653	0.0000	0.0000
cologne1_setting1_dqn_naive	SIM_TRAIN	202	44.0	40.2	-6.40	3.89	0.29	1997	0.0000	0.0000
cologne1_setting1_dqn_naive	SIM_TRAIN	203	44.5	40.1	-6.78	4.19	0.29	2002	0.0000	0.0000
cologne1_setting1_dqn_naive	SIM_TRAIN	204	44.7	39.2	-6.65	4.09	0.30	2000	0.0000	0.0000
cologne1_setting1_dqn_naive	REAL_TEST	204	174.8	100.0	-70.29	46.87	0.59	1654	0.0000	0.0000
cologne1_setting1_dqn_naive	SIM_TRAIN	205	45.5	37.1	-6.39	3.91	0.29	2002	0.0000	0.0000
cologne1_setting1_dqn_naive	SIM_TRAIN	206	47.6	37.2	-7.65	4.79	0.30	2000	0.0000	0.0000
cologne1_setting1_dqn_naive	SIM_TRAIN	207	46.8	42.0	-7.15	4.39	0.29	1998	0.0000	0.0000
cologne1_setting1_dqn_naive	REAL_TEST	207	182.6	100.0	-71.15	47.43	0.59	1585	0.0000	0.0000
cologne1_setting1_dqn_naive	SIM_TRAIN	208	47.7	44.4	-6.97	4.24	0.29	2002	0.0000	0.0000
cologne1_setting1_dqn_naive	SIM_TRAIN	209	44.5	40.8	-6.37	3.86	0.29	2001	0.0000	0.0000
cologne1_setting1_dqn_naive	SIM_TRAIN	210	43.4	39.3	-6.02	3.65	0.28	2001	0.0000	0.0000
cologne1_setting1_dqn_naive	REAL_TEST	210	190.3	100.0	-93.84	62.61	0.60	1614	0.0000	0.0000
cologne1_setting1_dqn_naive	SIM_TRAIN	211	47.6	42.8	-7.29	4.45	0.30	2001	0.0000	0.0000
cologne1_setting1_dqn_naive	SIM_TRAIN	212	44.5	39.2	-6.50	3.96	0.29	2001	0.0000	0.0000
cologne1_setting1_dqn_naive	SIM_TRAIN	213	44.0	38.9	-6.10	3.68	0.29	2001	0.0000	0.0000
cologne1_setting1_dqn_naive	REAL_TEST	213	199.3	100.0	-96.54	64.40	0.61	1595	0.0000	0.0000
cologne1_setting1_dqn_naive	SIM_TRAIN	214	44.3	37.9	-6.03	3.60	0.29	1998	0.0000	0.0000
cologne1_setting1_dqn_naive	SIM_TRAIN	215	44.9	40.1	-6.55	3.97	0.29	2001	0.0000	0.0000
cologne1_setting1_dqn_naive	SIM_TRAIN	216	45.1	36.3	-6.35	3.86	0.30	2002	0.0000	0.0000
cologne1_setting1_dqn_naive	REAL_TEST	216	200.5	100.0	-102.90	68.67	0.61	1648	0.0000	0.0000
cologne1_setting1_dqn_naive	SIM_TRAIN	217	44.5	38.0	-6.32	3.83	0.29	1996	0.0000	0.0000
cologne1_setting1_dqn_naive	SIM_TRAIN	218	44.5	38.7	-6.19	3.74	0.29	2002	0.0000	0.0000
cologne1_setting1_dqn_naive	SIM_TRAIN	219	44.5	38.8	-6.40	3.92	0.29	2000	0.0000	0.0000
cologne1_setting1_dqn_naive	REAL_TEST	219	185.5	100.0	-70.50	47.01	0.59	1708	0.0000	0.0000
cologne1_setting1_dqn_naive	SIM_TRAIN	220	47.0	38.5	-6.76	4.03	0.29	2001	0.0000	0.0000
cologne1_setting1_dqn_naive	SIM_TRAIN	221	45.5	36.0	-6.99	4.31	0.30	2000	0.0000	0.0000
cologne1_setting1_dqn_naive	SIM_TRAIN	222	45.1	36.7	-6.87	4.18	0.30	2001	0.0000	0.0000
cologne1_setting1_dqn_naive	REAL_TEST	222	192.7	100.0	-91.01	60.71	0.59	1552	0.0000	0.0000
cologne1_setting1_dqn_naive	SIM_TRAIN	223	43.3	37.9	-5.79	3.45	0.29	2001	0.0000	0.0000
cologne1_setting1_dqn_naive	SIM_TRAIN	224	44.6	38.0	-6.38	3.85	0.30	2002	0.0000	0.0000
cologne1_setting1_dqn_naive	SIM_TRAIN	225	46.7	39.3	-7.08	4.35	0.30	2001	0.0000	0.0000
cologne1_setting1_dqn_naive	REAL_TEST	225	192.7	100.0	-91.01	60.71	0.59	1552	0.0000	0.0000
cologne1_setting1_dqn_naive	SIM_TRAIN	226	46.3	40.2	-6.80	4.17	0.29	2001	0.0000	0.0000
cologne1_setting1_dqn_naive	SIM_TRAIN	227	44.1	40.1	-6.28	3.83	0.29	2002	0.0000	0.0000
cologne1_setting1_dqn_naive	SIM_TRAIN	228	44.9	38.8	-6.49	3.96	0.29	2001	0.0000	0.0000
cologne1_setting1_dqn_naive	REAL_TEST	228	185.2	100.0	-70.68	47.14	0.59	1701	0.0000	0.0000
cologne1_setting1_dqn_naive	SIM_TRAIN	229	44.9	40.6	-6.71	4.07	0.30	2003	0.0000	0.0000
cologne1_setting1_dqn_naive	SIM_TRAIN	230	44.8	38.5	-6.73	4.09	0.30	2001	0.0000	0.0000
cologne1_setting1_dqn_naive	SIM_TRAIN	231	44.8	40.1	-6.33	3.80	0.30	2000	0.0000	0.0000
cologne1_setting1_dqn_naive	REAL_TEST	231	194.6	100.0	-71.38	47.61	0.59	1630	0.0000	0.0000
cologne1_setting1_dqn_naive	SIM_TRAIN	232	47.2	39.3	-7.09	4.38	0.29	2001	0.0000	0.0000
cologne1_setting1_dqn_naive	SIM_TRAIN	233	47.8	40.5	-7.66	4.76	0.31	2003	0.0000	0.0000
cologne1_setting1_dqn_naive	SIM_TRAIN	234	43.0	41.1	-5.82	3.51	0.30	2001	0.0000	0.0000
cologne1_setting1_dqn_naive	REAL_TEST	234	189.1	100.0	-71.30	47.57	0.59	1653	0.0000	0.0000
cologne1_setting1_dqn_naive	SIM_TRAIN	235	46.3	38.0	-7.09	4.33	0.31	2001	0.0000	0.0000
cologne1_setting1_dqn_naive	SIM_TRAIN	236	45.1	38.2	-6.61	4.06	0.29	1998	0.0000	0.0000
cologne1_setting1_dqn_naive	SIM_TRAIN	237	44.4	38.7	-6.47	3.88	0.30	2002	0.0000	0.0000
cologne1_setting1_dqn_naive	REAL_TEST	237	185.2	100.0	-70.68	47.14	0.59	1701	0.0000	0.0000
cologne1_setting1_dqn_naive	SIM_TRAIN	238	44.7	36.3	-5.99	3.63	0.29	2001	0.0000	0.0000
cologne1_setting1_dqn_naive	SIM_TRAIN	239	44.3	39.1	-6.56	3.96	0.30	2000	0.0000	0.0000
cologne1_setting1_dqn_naive	SIM_TRAIN	240	45.8	38.6	-6.64	4.06	0.30	1999	0.0000	0.0000
cologne1_setting1_dqn_naive	REAL_TEST	240	190.1	100.0	-73.13	48.79	0.59	1602	0.0000	0.0000
cologne1_setting1_dqn_naive	SIM_TRAIN	241	43.9	42.0	-6.54	3.98	0.29	2001	0.0000	0.0000
cologne1_setting1_dqn_naive	SIM_TRAIN	242	43.9	38.5	-6.29	3.77	0.30	2002	0.0000	0.0000
cologne1_setting1_dqn_naive	SIM_TRAIN	243	44.7	40.9	-6.21	3.77	0.30	1998	0.0000	0.0000
cologne1_setting1_dqn_naive	REAL_TEST	243	183.8	100.0	-79.13	52.79	0.60	1524	0.0000	0.0000
cologne1_setting1_dqn_naive	SIM_TRAIN	244	44.3	42.9	-6.59	4.01	0.29	1998	0.0000	0.0000
cologne1_setting1_dqn_naive	SIM_TRAIN	245	46.2	38.8	-6.58	4.04	0.29	2001	0.0000	0.0000
cologne1_setting1_dqn_naive	SIM_TRAIN	246	44.8	38.3	-6.09	3.69	0.29	2000	0.0000	0.0000
cologne1_setting1_dqn_naive	REAL_TEST	246	185.1	100.0	-72.76	48.55	0.60	1647	0.0000	0.0000
cologne1_setting1_dqn_naive	SIM_TRAIN	247	44.6	37.9	-6.14	3.74	0.29	2000	0.0000	0.0000
cologne1_setting1_dqn_naive	SIM_TRAIN	248	45.9	39.2	-7.07	4.40	0.30	2000	0.0000	0.0000
cologne1_setting1_dqn_naive	SIM_TRAIN	249	44.1	39.0	-5.89	3.56	0.28	2000	0.0000	0.0000
cologne1_setting1_dqn_naive	REAL_TEST	249	185.0	100.0	-72.98	48.69	0.60	1656	0.0000	0.0000
cologne1_setting1_dqn_naive	SIM_TRAIN	250	46.9	39.8	-7.34	4.56	0.30	2000	0.0000	0.0000
cologne1_setting1_dqn_naive	SIM_TRAIN	251	46.4	38.0	-6.97	4.30	0.29	2001	0.0000	0.0000
cologne1_setting1_dqn_naive	SIM_TRAIN	252	44.2	37.8	-6.48	3.91	0.30	1998	0.0000	0.0000
cologne1_setting1_dqn_naive	REAL_TEST	252	199.6	100.0	-102.84	68.62	0.61	1641	0.0000	0.0000
cologne1_setting1_dqn_naive	SIM_TRAIN	253	42.9	35.9	-5.91	3.53	0.28	2003	0.0000	0.0000
cologne1_setting1_dqn_naive	SIM_TRAIN	254	43.2	36.5	-5.85	3.50	0.29	2002	0.0000	0.0000
cologne1_setting1_dqn_naive	SIM_TRAIN	255	44.2	34.3	-6.24	3.73	0.29	2001	0.0000	0.0000
cologne1_setting1_dqn_naive	REAL_TEST	255	196.7	100.0	-92.88	62.00	0.59	1557	0.0000	0.0000
cologne1_setting1_dqn_naive	SIM_TRAIN	256	43.5	34.6	-6.05	3.59	0.29	2000	0.0000	0.0000
cologne1_setting1_dqn_naive	SIM_TRAIN	257	43.8	37.7	-6.41	3.99	0.29	2001	0.0000	0.0000
cologne1_setting1_dqn_naive	SIM_TRAIN	258	44.7	35.3	-6.53	3.93	0.30	2001	0.0000	0.0000
cologne1_setting1_dqn_naive	REAL_TEST	258	196.7	100.0	-92.88	62.00	0.59	1557	0.0000	0.0000
cologne1_setting1_dqn_naive	SIM_TRAIN	259	44.5	38.0	-6.61	4.00	0.29	2002	0.0000	0.0000
cologne1_setting1_dqn_naive	SIM_TRAIN	260	44.8	39.3	-6.28	3.70	0.29	2001	0.0000	0.0000
cologne1_setting1_dqn_naive	SIM_TRAIN	261	44.9	39.9	-6.44	3.89	0.29	1999	0.0000	0.0000
cologne1_setting1_dqn_naive	REAL_TEST	261	190.6	100.0	-94.13	62.82	0.60	1646	0.0000	0.0000
cologne1_setting1_dqn_naive	SIM_TRAIN	262	44.0	39.1	-6.24	3.78	0.29	2001	0.0000	0.0000
cologne1_setting1_dqn_naive	SIM_TRAIN	263	44.0	38.6	-6.10	3.71	0.29	2001	0.0000	0.0000
cologne1_setting1_dqn_naive	SIM_TRAIN	264	43.6	39.4	-6.14	3.66	0.29	1998	0.0000	0.0000
cologne1_setting1_dqn_naive	REAL_TEST	264	198.4	100.0	-111.53	74.43	0.62	1713	0.0000	0.0000
cologne1_setting1_dqn_naive	SIM_TRAIN	265	43.8	38.9	-5.91	3.52	0.29	2001	0.0000	0.0000
cologne1_setting1_dqn_naive	SIM_TRAIN	266	45.5	40.2	-6.82	4.17	0.29	1997	0.0000	0.0000
cologne1_setting1_dqn_naive	SIM_TRAIN	267	44.6	42.1	-6.07	3.67	0.29	1999	0.0000	0.0000
cologne1_setting1_dqn_naive	REAL_TEST	267	200.5	100.0	-96.16	64.14	0.60	1578	0.0000	0.0000
cologne1_setting1_dqn_naive	SIM_TRAIN	268	44.5	40.7	-6.28	3.80	0.29	2001	0.0000	0.0000
cologne1_setting1_dqn_naive	SIM_TRAIN	269	46.6	38.8	-6.76	4.12	0.30	2000	0.0000	0.0000
cologne1_setting1_dqn_naive	SIM_TRAIN	270	45.9	37.0	-6.90	4.22	0.30	2001	0.0000	0.0000
cologne1_setting1_dqn_naive	REAL_TEST	270	186.1	100.0	-70.62	47.11	0.59	1697	0.0000	0.0000
cologne1_setting1_dqn_naive	SIM_TRAIN	271	47.9	41.3	-7.38	4.54	0.30	2000	0.0000	0.0000
cologne1_setting1_dqn_naive	SIM_TRAIN	272	43.2	39.5	-5.61	3.33	0.28	2000	0.0000	0.0000
cologne1_setting1_dqn_naive	SIM_TRAIN	273	45.6	40.9	-6.89	4.27	0.30	2001	0.0000	0.0000
cologne1_setting1_dqn_naive	REAL_TEST	273	185.2	100.0	-70.68	47.14	0.59	1701	0.0000	0.0000
cologne1_setting1_dqn_naive	SIM_TRAIN	274	45.2	43.4	-6.42	3.90	0.29	2000	0.0000	0.0000
cologne1_setting1_dqn_naive	SIM_TRAIN	275	43.7	40.6	-6.11	3.65	0.29	2000	0.0000	0.0000
cologne1_setting1_dqn_naive	SIM_TRAIN	276	45.2	39.1	-6.60	4.04	0.30	2000	0.0000	0.0000
cologne1_setting1_dqn_naive	REAL_TEST	276	185.2	100.0	-70.68	47.14	0.59	1701	0.0000	0.0000
cologne1_setting1_dqn_naive	SIM_TRAIN	277	45.8	40.3	-6.49	3.89	0.29	2002	0.0000	0.0000
cologne1_setting1_dqn_naive	SIM_TRAIN	278	45.6	40.5	-6.87	4.22	0.29	2000	0.0000	0.0000
cologne1_setting1_dqn_naive	SIM_TRAIN	279	44.1	42.3	-6.06	3.70	0.29	2002	0.0000	0.0000
cologne1_setting1_dqn_naive	REAL_TEST	279	184.4	100.0	-70.28	46.89	0.59	1706	0.0000	0.0000
cologne1_setting1_dqn_naive	SIM_TRAIN	280	44.6	39.7	-6.33	3.80	0.30	2002	0.0000	0.0000
cologne1_setting1_dqn_naive	SIM_TRAIN	281	44.2	40.8	-6.26	3.77	0.29	2001	0.0000	0.0000
cologne1_setting1_dqn_naive	SIM_TRAIN	282	43.7	40.1	-5.65	3.35	0.28	2002	0.0000	0.0000
cologne1_setting1_dqn_naive	REAL_TEST	282	193.3	100.0	-95.64	63.81	0.60	1618	0.0000	0.0000
cologne1_setting1_dqn_naive	SIM_TRAIN	283	43.4	37.2	-6.00	3.62	0.29	2000	0.0000	0.0000
cologne1_setting1_dqn_naive	SIM_TRAIN	284	45.2	37.6	-6.55	4.01	0.29	2001	0.0000	0.0000
cologne1_setting1_dqn_naive	SIM_TRAIN	285	45.9	37.8	-7.06	4.37	0.31	2002	0.0000	0.0000
cologne1_setting1_dqn_naive	REAL_TEST	285	196.7	100.0	-92.88	62.00	0.59	1557	0.0000	0.0000
cologne1_setting1_dqn_naive	SIM_TRAIN	286	44.5	38.9	-6.27	3.82	0.30	2002	0.0000	0.0000
cologne1_setting1_dqn_naive	SIM_TRAIN	287	43.4	36.6	-5.78	3.52	0.29	2001	0.0000	0.0000
cologne1_setting1_dqn_naive	SIM_TRAIN	288	47.0	34.7	-7.06	4.34	0.30	2000	0.0000	0.0000
cologne1_setting1_dqn_naive	REAL_TEST	288	185.2	100.0	-70.68	47.14	0.59	1701	0.0000	0.0000
cologne1_setting1_dqn_naive	SIM_TRAIN	289	43.6	37.0	-5.98	3.58	0.29	2000	0.0000	0.0000
cologne1_setting1_dqn_naive	SIM_TRAIN	290	45.0	35.5	-6.41	3.96	0.29	2000	0.0000	0.0000
cologne1_setting1_dqn_naive	SIM_TRAIN	291	45.0	38.3	-6.38	3.89	0.29	2000	0.0000	0.0000
cologne1_setting1_dqn_naive	REAL_TEST	291	185.2	100.0	-70.68	47.14	0.59	1701	0.0000	0.0000
cologne1_setting1_dqn_naive	SIM_TRAIN	292	45.0	33.4	-6.73	4.14	0.29	2003	0.0000	0.0000
cologne1_setting1_dqn_naive	SIM_TRAIN	293	43.7	35.8	-5.92	3.57	0.29	2001	0.0000	0.0000
cologne1_setting1_dqn_naive	SIM_TRAIN	294	45.4	35.5	-6.36	3.86	0.29	2000	0.0000	0.0000
cologne1_setting1_dqn_naive	REAL_TEST	294	197.6	100.0	-93.76	62.56	0.60	1561	0.0000	0.0000
cologne1_setting1_dqn_naive	SIM_TRAIN	295	43.4	35.8	-5.90	3.52	0.29	2001	0.0000	0.0000
cologne1_setting1_dqn_naive	SIM_TRAIN	296	44.4	34.9	-6.09	3.73	0.29	2000	0.0000	0.0000
cologne1_setting1_dqn_naive	SIM_TRAIN	297	44.3	37.1	-5.95	3.58	0.29	2000	0.0000	0.0000
cologne1_setting1_dqn_naive	REAL_TEST	297	197.9	100.0	-94.20	62.86	0.60	1566	0.0000	0.0000
cologne1_setting1_dqn_naive	SIM_TRAIN	298	43.9	35.9	-6.14	3.74	0.29	2000	0.0000	0.0000
cologne1_setting1_dqn_naive	SIM_TRAIN	299	44.4	36.3	-6.74	4.14	0.30	1999	0.0000	0.0000
