tempe_1x1_setting3_presslight_gat	SIM_TEST	0	143.5	100.0	-10.58	5.68	0.37	1874
tempe_1x1_setting3_presslight_gat	REAL_TRAIN	0	186.0	100.0	-61.33	20.06	0.55	1813
tempe_1x1_setting3_presslight_gat	SIM_TRAIN	0	1054.8	0.0	-440.35	429.55	0.76	834
tempe_1x1_setting3_presslight_gat	SIM_TEST	1	143.1	100.0	-10.40	5.51	0.36	1873
tempe_1x1_setting3_presslight_gat	REAL_TRAIN	1	186.0	100.0	-61.33	20.06	0.55	1813
tempe_1x1_setting3_presslight_gat	SIM_TRAIN	0	1072.4	0.0	-450.12	439.29	0.76	824
tempe_1x1_setting3_presslight_gat	SIM_TEST	2	143.0	100.0	-10.32	5.43	0.35	1871
tempe_1x1_setting3_presslight_gat	REAL_TRAIN	2	186.0	100.0	-61.33	20.06	0.55	1813
tempe_1x1_setting3_presslight_gat	SIM_TRAIN	0	1072.4	638.0	-450.13	439.29	0.76	824
tempe_1x1_setting3_presslight_gat	SIM_TEST	3	169.8	100.0	-25.50	18.73	0.44	1858
tempe_1x1_setting3_presslight_gat	REAL_TRAIN	3	207.3	100.0	-72.58	31.00	0.51	1803
tempe_1x1_setting3_presslight_gat	SIM_TRAIN	0	1125.8	118.1	-555.76	543.66	0.76	756
tempe_1x1_setting3_presslight_gat	SIM_TEST	4	172.2	100.0	-26.43	20.14	0.43	1860
tempe_1x1_setting3_presslight_gat	REAL_TRAIN	4	166.7	100.0	-50.42	9.68	0.42	1826
tempe_1x1_setting3_presslight_gat	SIM_TRAIN	0	1512.7	125.3	-698.87	675.98	0.75	466
tempe_1x1_setting3_presslight_gat	SIM_TEST	5	385.5	100.0	-149.01	133.25	0.62	1621
tempe_1x1_setting3_presslight_gat	REAL_TRAIN	5	361.2	100.0	-158.90	116.49	0.60	1600
tempe_1x1_setting3_presslight_gat	SIM_TRAIN	0	1455.7	139.1	-648.99	638.70	0.74	390
tempe_1x1_setting3_presslight_gat	SIM_TEST	6	154.8	100.0	-16.91	10.92	0.37	1863
tempe_1x1_setting3_presslight_gat	REAL_TRAIN	6	177.0	100.0	-56.59	15.64	0.54	1823
tempe_1x1_setting3_presslight_gat	SIM_TRAIN	0	651.7	168.5	-300.20	284.81	0.69	1316
tempe_1x1_setting3_presslight_gat	SIM_TEST	7	167.0	100.0	-23.90	16.93	0.40	1861
tempe_1x1_setting3_presslight_gat	REAL_TRAIN	7	180.7	100.0	-58.79	18.01	0.54	1810
tempe_1x1_setting3_presslight_gat	SIM_TRAIN	0	798.0	165.3	-383.75	361.76	0.74	1165
tempe_1x1_setting3_presslight_gat	SIM_TEST	8	192.4	100.0	-37.59	30.32	0.46	1856
tempe_1x1_setting3_presslight_gat	REAL_TRAIN	8	237.5	100.0	-89.75	48.05	0.63	1775
tempe_1x1_setting3_presslight_gat	SIM_TRAIN	0	1242.4	239.4	-542.46	522.19	0.73	773
tempe_1x1_setting3_presslight_gat	SIM_TEST	9	259.9	100.0	-75.19	65.16	0.55	1809
tempe_1x1_setting3_presslight_gat	REAL_TRAIN	9	244.1	100.0	-92.71	51.09	0.49	1777
tempe_1x1_setting3_presslight_gat	SIM_TRAIN	0	1259.6	266.5	-608.26	584.81	0.75	663
tempe_1x1_setting3_presslight_gat	SIM_TEST	10	232.2	100.0	-59.94	50.23	0.53	1833
tempe_1x1_setting3_presslight_gat	REAL_TRAIN	10	270.1	100.0	-107.37	65.88	0.57	1755
tempe_1x1_setting3_presslight_gat	SIM_TRAIN	0	1449.6	254.8	-671.25	648.49	0.77	524
tempe_1x1_setting3_presslight_gat	SIM_TEST	11	241.1	100.0	-64.48	54.99	0.53	1824
tempe_1x1_setting3_presslight_gat	REAL_TRAIN	11	301.4	100.0	-124.46	83.21	0.58	1740
tempe_1x1_setting3_presslight_gat	SIM_TRAIN	0	1448.8	257.6	-673.46	651.02	0.77	507
tempe_1x1_setting3_presslight_gat	SIM_TEST	12	220.2	100.0	-53.16	44.16	0.51	1838
tempe_1x1_setting3_presslight_gat	REAL_TRAIN	12	399.1	100.0	-180.16	140.31	0.63	1573
tempe_1x1_setting3_presslight_gat	SIM_TRAIN	0	612.7	285.4	-278.60	258.84	0.69	1366
tempe_1x1_setting3_presslight_gat	SIM_TEST	13	183.8	100.0	-33.01	26.43	0.46	1854
tempe_1x1_setting3_presslight_gat	REAL_TRAIN	13	255.5	100.0	-99.74	58.33	0.62	1760
tempe_1x1_setting3_presslight_gat	SIM_TRAIN	0	1363.8	317.2	-650.72	632.64	0.75	439
tempe_1x1_setting3_presslight_gat	SIM_TEST	14	170.9	100.0	-25.85	19.62	0.44	1849
tempe_1x1_setting3_presslight_gat	REAL_TRAIN	14	303.4	100.0	-126.10	84.99	0.64	1720
tempe_1x1_setting3_presslight_gat	SIM_TRAIN	0	849.9	335.2	-420.31	403.98	0.71	831
tempe_1x1_setting3_presslight_gat	SIM_TEST	15	183.5	100.0	-32.81	26.77	0.50	1849
tempe_1x1_setting3_presslight_gat	REAL_TRAIN	15	305.2	100.0	-127.10	85.73	0.64	1718
tempe_1x1_setting3_presslight_gat	SIM_TRAIN	0	436.6	346.3	-179.11	165.24	0.67	1546
tempe_1x1_setting3_presslight_gat	SIM_TEST	16	221.1	100.0	-53.52	46.57	0.58	1830
tempe_1x1_setting3_presslight_gat	REAL_TRAIN	16	216.5	100.0	-78.10	36.82	0.57	1789
tempe_1x1_setting3_presslight_gat	SIM_TRAIN	0	350.4	434.2	-129.83	117.51	0.56	1636
tempe_1x1_setting3_presslight_gat	SIM_TEST	17	264.6	100.0	-78.20	70.78	0.58	1790
tempe_1x1_setting3_presslight_gat	REAL_TRAIN	17	252.7	100.0	-98.08	56.96	0.58	1767
tempe_1x1_setting3_presslight_gat	SIM_TRAIN	0	343.4	516.3	-126.09	115.81	0.64	1626
tempe_1x1_setting3_presslight_gat	SIM_TEST	18	333.5	100.0	-120.13	111.07	0.63	1647
tempe_1x1_setting3_presslight_gat	REAL_TRAIN	18	350.7	100.0	-153.57	112.91	0.62	1610
tempe_1x1_setting3_presslight_gat	SIM_TRAIN	0	378.4	631.2	-145.31	134.71	0.65	1610
tempe_1x1_setting3_presslight_gat	SIM_TEST	19	349.3	100.0	-128.87	119.86	0.63	1645
tempe_1x1_setting3_presslight_gat	REAL_TRAIN	19	362.9	100.0	-160.18	119.41	0.65	1603
tempe_1x1_setting3_presslight_gat	SIM_TRAIN	0	355.8	638.3	-132.40	122.07	0.62	1633
tempe_1x1_setting3_presslight_gat	SIM_TEST	20	376.1	100.0	-140.15	128.53	0.68	1696
tempe_1x1_setting3_presslight_gat	REAL_TRAIN	20	299.3	100.0	-123.05	80.56	0.69	1750
tempe_1x1_setting3_presslight_gat	SIM_TRAIN	0	402.8	652.9	-162.06	150.46	0.67	1516
tempe_1x1_setting3_presslight_gat	SIM_TEST	21	311.3	100.0	-104.52	95.38	0.67	1741
tempe_1x1_setting3_presslight_gat	REAL_TRAIN	21	291.1	100.0	-118.62	76.44	0.68	1750
tempe_1x1_setting3_presslight_gat	SIM_TRAIN	0	328.5	622.0	-117.25	107.07	0.64	1642
tempe_1x1_setting3_presslight_gat	SIM_TEST	22	275.5	100.0	-86.09	79.06	0.54	1743
tempe_1x1_setting3_presslight_gat	REAL_TRAIN	22	332.3	100.0	-142.99	102.16	0.62	1658
tempe_1x1_setting3_presslight_gat	SIM_TRAIN	0	292.0	549.4	-97.40	89.16	0.59	1658
tempe_1x1_setting3_presslight_gat	SIM_TEST	23	285.6	100.0	-90.74	83.31	0.56	1736
tempe_1x1_setting3_presslight_gat	REAL_TRAIN	23	277.0	100.0	-112.43	71.65	0.60	1714
tempe_1x1_setting3_presslight_gat	SIM_TRAIN	0	254.2	534.5	-75.68	68.34	0.56	1710
tempe_1x1_setting3_presslight_gat	SIM_TEST	24	271.8	100.0	-84.00	76.97	0.55	1744
tempe_1x1_setting3_presslight_gat	REAL_TRAIN	24	283.6	100.0	-115.86	74.97	0.61	1718
tempe_1x1_setting3_presslight_gat	SIM_TRAIN	0	255.7	540.1	-75.55	67.11	0.56	1728
tempe_1x1_setting3_presslight_gat	SIM_TEST	25	276.6	100.0	-86.87	79.67	0.56	1736
tempe_1x1_setting3_presslight_gat	REAL_TRAIN	25	269.1	100.0	-108.23	68.23	0.57	1710
tempe_1x1_setting3_presslight_gat	SIM_TRAIN	0	238.8	482.2	-66.34	58.76	0.56	1748
tempe_1x1_setting3_presslight_gat	SIM_TEST	26	262.1	100.0	-78.43	71.61	0.55	1754
tempe_1x1_setting3_presslight_gat	REAL_TRAIN	26	288.2	100.0	-118.68	77.98	0.60	1700
tempe_1x1_setting3_presslight_gat	SIM_TRAIN	0	264.4	407.6	-81.03	72.19	0.57	1716
tempe_1x1_setting3_presslight_gat	SIM_TEST	27	242.5	100.0	-67.60	60.96	0.54	1774
tempe_1x1_setting3_presslight_gat	REAL_TRAIN	27	284.9	100.0	-116.73	76.17	0.61	1704
tempe_1x1_setting3_presslight_gat	SIM_TRAIN	0	261.2	323.6	-79.75	70.93	0.55	1702
tempe_1x1_setting3_presslight_gat	SIM_TEST	28	201.0	100.0	-42.83	36.84	0.56	1841
tempe_1x1_setting3_presslight_gat	REAL_TRAIN	28	242.0	100.0	-92.40	51.39	0.60	1769
tempe_1x1_setting3_presslight_gat	SIM_TRAIN	0	278.3	248.8	-90.70	80.83	0.52	1646
tempe_1x1_setting3_presslight_gat	SIM_TEST	29	198.8	100.0	-42.00	35.93	0.55	1830
tempe_1x1_setting3_presslight_gat	REAL_TRAIN	29	241.7	100.0	-92.14	51.32	0.59	1777
tempe_1x1_setting3_presslight_gat	SIM_TRAIN	0	321.1	186.1	-118.66	106.97	0.55	1517
tempe_1x1_setting3_presslight_gat	SIM_TEST	30	205.2	100.0	-45.35	39.42	0.54	1830
tempe_1x1_setting3_presslight_gat	REAL_TRAIN	30	212.6	100.0	-76.17	35.32	0.56	1793
tempe_1x1_setting3_presslight_gat	SIM_TRAIN	0	318.8	178.1	-117.60	105.70	0.55	1509
tempe_1x1_setting3_presslight_gat	SIM_TEST	31	184.0	100.0	-33.49	27.89	0.51	1845
tempe_1x1_setting3_presslight_gat	REAL_TRAIN	31	205.8	100.0	-72.26	31.27	0.58	1805
tempe_1x1_setting3_presslight_gat	SIM_TRAIN	0	308.5	172.4	-110.05	98.71	0.55	1549
tempe_1x1_setting3_presslight_gat	SIM_TEST	32	185.3	100.0	-34.01	28.42	0.52	1848
tempe_1x1_setting3_presslight_gat	REAL_TRAIN	32	199.5	100.0	-68.98	28.05	0.56	1805
tempe_1x1_setting3_presslight_gat	SIM_TRAIN	0	276.5	187.8	-92.66	82.08	0.53	1569
tempe_1x1_setting3_presslight_gat	SIM_TEST	33	188.2	100.0	-35.70	30.11	0.53	1840
tempe_1x1_setting3_presslight_gat	REAL_TRAIN	33	194.8	100.0	-66.24	25.45	0.58	1809
tempe_1x1_setting3_presslight_gat	SIM_TRAIN	0	284.7	162.6	-95.54	85.01	0.53	1605
tempe_1x1_setting3_presslight_gat	SIM_TEST	34	195.4	100.0	-39.65	33.87	0.53	1838
tempe_1x1_setting3_presslight_gat	REAL_TRAIN	34	195.7	100.0	-66.91	26.30	0.55	1803
tempe_1x1_setting3_presslight_gat	SIM_TRAIN	0	227.0	181.5	-60.28	52.21	0.49	1741
tempe_1x1_setting3_presslight_gat	SIM_TEST	35	203.9	100.0	-44.68	38.62	0.53	1831
tempe_1x1_setting3_presslight_gat	REAL_TRAIN	35	198.7	100.0	-68.55	27.81	0.54	1803
tempe_1x1_setting3_presslight_gat	SIM_TRAIN	0	229.4	191.7	-62.15	53.71	0.50	1737
tempe_1x1_setting3_presslight_gat	SIM_TEST	36	200.1	100.0	-42.54	36.57	0.52	1839
tempe_1x1_setting3_presslight_gat	REAL_TRAIN	36	195.2	100.0	-66.72	25.76	0.54	1805
tempe_1x1_setting3_presslight_gat	SIM_TRAIN	0	219.2	180.8	-56.38	48.36	0.50	1744
tempe_1x1_setting3_presslight_gat	SIM_TEST	37	202.1	100.0	-43.37	37.38	0.52	1838
tempe_1x1_setting3_presslight_gat	REAL_TRAIN	37	198.0	100.0	-68.19	27.58	0.53	1805
tempe_1x1_setting3_presslight_gat	SIM_TRAIN	0	228.5	139.0	-59.75	52.87	0.53	1782
tempe_1x1_setting3_presslight_gat	SIM_TEST	38	191.3	100.0	-37.78	32.08	0.46	1832
tempe_1x1_setting3_presslight_gat	REAL_TRAIN	38	183.0	100.0	-59.74	19.24	0.52	1819
tempe_1x1_setting3_presslight_gat	SIM_TRAIN	0	217.8	96.6	-53.61	46.99	0.51	1792
tempe_1x1_setting3_presslight_gat	SIM_TEST	39	180.7	100.0	-31.62	26.07	0.45	1846
tempe_1x1_setting3_presslight_gat	REAL_TRAIN	39	188.6	100.0	-63.04	21.70	0.57	1811
tempe_1x1_setting3_presslight_gat	SIM_TRAIN	0	207.0	82.6	-48.41	41.51	0.47	1780
tempe_1x1_setting3_presslight_gat	SIM_TEST	40	184.3	100.0	-33.85	28.18	0.45	1840
tempe_1x1_setting3_presslight_gat	REAL_TRAIN	40	178.2	100.0	-57.39	16.91	0.52	1816
tempe_1x1_setting3_presslight_gat	SIM_TRAIN	0	204.3	78.3	-45.94	39.70	0.46	1802
tempe_1x1_setting3_presslight_gat	SIM_TEST	41	181.7	100.0	-32.39	26.82	0.43	1844
tempe_1x1_setting3_presslight_gat	REAL_TRAIN	41	179.8	100.0	-58.03	17.43	0.52	1819
tempe_1x1_setting3_presslight_gat	SIM_TRAIN	0	208.3	71.9	-48.28	41.65	0.47	1803
tempe_1x1_setting3_presslight_gat	SIM_TEST	42	177.7	100.0	-29.81	24.31	0.45	1851
tempe_1x1_setting3_presslight_gat	REAL_TRAIN	42	185.2	100.0	-60.76	19.74	0.57	1811
tempe_1x1_setting3_presslight_gat	SIM_TRAIN	0	205.5	63.9	-49.68	42.01	0.45	1720
tempe_1x1_setting3_presslight_gat	SIM_TEST	43	176.7	100.0	-29.43	23.95	0.44	1845
tempe_1x1_setting3_presslight_gat	REAL_TRAIN	43	187.3	100.0	-62.04	21.31	0.55	1811
tempe_1x1_setting3_presslight_gat	SIM_TRAIN	0	218.7	55.5	-58.37	49.86	0.47	1668
tempe_1x1_setting3_presslight_gat	SIM_TEST	44	180.5	100.0	-31.32	25.82	0.43	1853
tempe_1x1_setting3_presslight_gat	REAL_TRAIN	44	179.8	100.0	-58.09	17.28	0.52	1815
tempe_1x1_setting3_presslight_gat	SIM_TRAIN	0	235.6	46.5	-67.99	58.74	0.48	1655
tempe_1x1_setting3_presslight_gat	SIM_TEST	45	182.3	100.0	-32.43	26.91	0.45	1846
tempe_1x1_setting3_presslight_gat	REAL_TRAIN	45	200.9	100.0	-69.66	28.79	0.56	1804
tempe_1x1_setting3_presslight_gat	SIM_TRAIN	0	309.6	42.4	-112.62	100.93	0.53	1499
tempe_1x1_setting3_presslight_gat	SIM_TEST	46	178.8	100.0	-30.53	24.99	0.46	1850
tempe_1x1_setting3_presslight_gat	REAL_TRAIN	46	473.0	100.0	-222.00	184.63	0.68	1447
tempe_1x1_setting3_presslight_gat	SIM_TRAIN	0	503.1	40.4	-224.14	210.30	0.59	1275
tempe_1x1_setting3_presslight_gat	SIM_TEST	47	181.6	100.0	-32.33	26.77	0.46	1843
tempe_1x1_setting3_presslight_gat	REAL_TRAIN	47	595.4	100.0	-290.16	253.90	0.68	1309
tempe_1x1_setting3_presslight_gat	SIM_TRAIN	0	195.0	40.1	-40.76	34.70	0.44	1802
tempe_1x1_setting3_presslight_gat	SIM_TEST	48	179.4	100.0	-30.80	25.37	0.45	1848
tempe_1x1_setting3_presslight_gat	REAL_TRAIN	48	1062.1	100.0	-507.31	476.37	0.71	779
tempe_1x1_setting3_presslight_gat	SIM_TRAIN	0	488.7	30.8	-217.71	206.43	0.56	1250
tempe_1x1_setting3_presslight_gat	SIM_TEST	49	151.1	100.0	-14.81	9.79	0.42	1868
tempe_1x1_setting3_presslight_gat	REAL_TRAIN	49	1248.7	100.0	-579.35	551.15	0.72	677
tempe_1x1_setting3_presslight_gat	SIM_TRAIN	0	1032.7	40.2	-502.11	490.52	0.74	875
tempe_1x1_setting3_presslight_gat	SIM_TEST	50	151.8	100.0	-15.32	10.14	0.41	1869
tempe_1x1_setting3_presslight_gat	REAL_TRAIN	50	1195.7	100.0	-562.42	532.85	0.72	714
tempe_1x1_setting3_presslight_gat	SIM_TRAIN	0	1032.0	53.0	-502.29	489.08	0.68	845
tempe_1x1_setting3_presslight_gat	SIM_TEST	51	151.7	100.0	-15.22	9.97	0.42	1869
tempe_1x1_setting3_presslight_gat	REAL_TRAIN	51	1439.9	100.0	-616.32	592.52	0.74	485
tempe_1x1_setting3_presslight_gat	SIM_TRAIN	0	809.3	80.4	-399.44	383.17	0.66	905
tempe_1x1_setting3_presslight_gat	SIM_TEST	52	165.7	100.0	-23.14	17.85	0.45	1858
tempe_1x1_setting3_presslight_gat	REAL_TRAIN	52	215.9	100.0	-77.34	35.22	0.57	1801
tempe_1x1_setting3_presslight_gat	SIM_TRAIN	0	168.2	151.3	-24.36	18.93	0.44	1858
tempe_1x1_setting3_presslight_gat	SIM_TEST	53	158.8	100.0	-19.12	14.03	0.48	1865
tempe_1x1_setting3_presslight_gat	REAL_TRAIN	53	183.1	100.0	-59.63	18.67	0.55	1817
tempe_1x1_setting3_presslight_gat	SIM_TRAIN	0	153.9	141.7	-16.35	11.19	0.43	1874
tempe_1x1_setting3_presslight_gat	SIM_TEST	54	156.1	100.0	-17.47	12.44	0.48	1863
tempe_1x1_setting3_presslight_gat	REAL_TRAIN	54	183.6	100.0	-59.70	18.69	0.56	1820
tempe_1x1_setting3_presslight_gat	SIM_TRAIN	0	147.5	130.7	-12.75	7.72	0.40	1872
tempe_1x1_setting3_presslight_gat	SIM_TEST	55	154.4	100.0	-16.45	11.37	0.46	1868
tempe_1x1_setting3_presslight_gat	REAL_TRAIN	55	190.6	100.0	-63.76	23.21	0.56	1804
tempe_1x1_setting3_presslight_gat	SIM_TRAIN	0	148.5	136.9	-13.42	8.03	0.38	1874
tempe_1x1_setting3_presslight_gat	SIM_TEST	56	155.2	100.0	-16.86	11.93	0.49	1867
tempe_1x1_setting3_presslight_gat	REAL_TRAIN	56	200.1	100.0	-68.64	27.86	0.60	1809
tempe_1x1_setting3_presslight_gat	SIM_TRAIN	0	147.5	154.0	-12.81	7.61	0.39	1875
tempe_1x1_setting3_presslight_gat	SIM_TEST	57	151.7	100.0	-15.05	10.11	0.45	1871
tempe_1x1_setting3_presslight_gat	REAL_TRAIN	57	192.9	100.0	-64.96	23.80	0.61	1809
tempe_1x1_setting3_presslight_gat	SIM_TRAIN	0	156.6	165.8	-18.07	12.16	0.42	1860
tempe_1x1_setting3_presslight_gat	SIM_TEST	58	151.3	100.0	-14.87	9.86	0.45	1870
tempe_1x1_setting3_presslight_gat	REAL_TRAIN	58	198.8	100.0	-68.37	27.80	0.60	1807
tempe_1x1_setting3_presslight_gat	SIM_TRAIN	0	163.9	172.1	-21.50	15.57	0.45	1873
tempe_1x1_setting3_presslight_gat	SIM_TEST	59	181.9	100.0	-34.65	28.00	0.53	1771
tempe_1x1_setting3_presslight_gat	REAL_TRAIN	59	390.6	100.0	-175.76	133.67	0.63	1559
tempe_1x1_setting3_presslight_gat	SIM_TRAIN	0	147.5	188.4	-12.79	7.71	0.38	1870
tempe_1x1_setting3_presslight_gat	SIM_TEST	60	152.9	100.0	-15.74	10.72	0.46	1864
tempe_1x1_setting3_presslight_gat	REAL_TRAIN	60	389.7	100.0	-175.11	133.72	0.63	1556
tempe_1x1_setting3_presslight_gat	SIM_TRAIN	0	147.8	197.9	-13.00	7.64	0.38	1875
tempe_1x1_setting3_presslight_gat	SIM_TEST	61	149.8	100.0	-13.97	9.01	0.40	1872
tempe_1x1_setting3_presslight_gat	REAL_TRAIN	61	454.6	100.0	-212.17	173.01	0.67	1460
tempe_1x1_setting3_presslight_gat	SIM_TRAIN	0	147.2	192.5	-12.65	7.38	0.38	1874
tempe_1x1_setting3_presslight_gat	SIM_TEST	62	149.7	100.0	-14.16	8.82	0.39	1870
tempe_1x1_setting3_presslight_gat	REAL_TRAIN	62	484.9	100.0	-228.21	188.17	0.68	1452
tempe_1x1_setting3_presslight_gat	SIM_TRAIN	0	394.5	169.1	-159.53	145.30	0.60	1443
tempe_1x1_setting3_presslight_gat	SIM_TEST	63	155.6	100.0	-17.44	11.62	0.39	1859
tempe_1x1_setting3_presslight_gat	REAL_TRAIN	63	634.1	100.0	-288.77	252.78	0.70	1278
tempe_1x1_setting3_presslight_gat	SIM_TRAIN	0	512.3	127.9	-221.76	205.99	0.62	1345
tempe_1x1_setting3_presslight_gat	SIM_TEST	64	158.2	100.0	-18.79	12.94	0.39	1868
tempe_1x1_setting3_presslight_gat	REAL_TRAIN	64	686.9	100.0	-322.20	287.09	0.71	1224
tempe_1x1_setting3_presslight_gat	SIM_TRAIN	0	542.3	110.6	-223.95	211.83	0.59	1331
tempe_1x1_setting3_presslight_gat	SIM_TEST	65	207.9	100.0	-46.57	38.58	0.49	1832
tempe_1x1_setting3_presslight_gat	REAL_TRAIN	65	579.5	100.0	-267.32	230.54	0.70	1331
tempe_1x1_setting3_presslight_gat	SIM_TRAIN	0	1006.6	110.3	-422.91	412.14	0.75	862
tempe_1x1_setting3_presslight_gat	SIM_TEST	66	206.9	100.0	-45.74	38.09	0.53	1833
tempe_1x1_setting3_presslight_gat	REAL_TRAIN	66	381.7	100.0	-168.62	127.52	0.69	1663
tempe_1x1_setting3_presslight_gat	SIM_TRAIN	0	152.1	74.8	-15.24	9.87	0.40	1868
tempe_1x1_setting3_presslight_gat	SIM_TEST	67	360.1	100.0	-132.96	119.53	0.55	1670
tempe_1x1_setting3_presslight_gat	REAL_TRAIN	67	467.4	100.0	-216.74	177.86	0.66	1544
tempe_1x1_setting3_presslight_gat	SIM_TRAIN	0	158.7	51.5	-19.46	13.33	0.40	1866
tempe_1x1_setting3_presslight_gat	SIM_TEST	68	453.1	100.0	-188.19	174.50	0.60	1495
tempe_1x1_setting3_presslight_gat	REAL_TRAIN	68	665.4	100.0	-328.46	292.58	0.71	1273
tempe_1x1_setting3_presslight_gat	SIM_TRAIN	0	165.8	47.2	-23.44	17.21	0.42	1839
tempe_1x1_setting3_presslight_gat	SIM_TEST	69	146.8	100.0	-12.40	7.51	0.41	1873
tempe_1x1_setting3_presslight_gat	REAL_TRAIN	69	404.0	100.0	-180.57	138.54	0.68	1664
tempe_1x1_setting3_presslight_gat	SIM_TRAIN	0	173.9	53.3	-27.73	21.19	0.45	1848
tempe_1x1_setting3_presslight_gat	SIM_TEST	70	148.0	100.0	-13.20	8.21	0.41	1874
tempe_1x1_setting3_presslight_gat	REAL_TRAIN	70	376.5	100.0	-165.41	123.12	0.68	1682
tempe_1x1_setting3_presslight_gat	SIM_TRAIN	0	153.8	46.4	-16.15	10.73	0.40	1875
tempe_1x1_setting3_presslight_gat	SIM_TEST	71	148.6	100.0	-13.69	8.68	0.43	1869
tempe_1x1_setting3_presslight_gat	REAL_TRAIN	71	455.1	100.0	-209.10	166.70	0.70	1601
tempe_1x1_setting3_presslight_gat	SIM_TRAIN	0	149.4	46.0	-13.68	8.61	0.40	1872
tempe_1x1_setting3_presslight_gat	SIM_TEST	72	146.4	100.0	-12.21	7.43	0.41	1870
tempe_1x1_setting3_presslight_gat	REAL_TRAIN	72	345.8	100.0	-148.65	107.34	0.68	1711
tempe_1x1_setting3_presslight_gat	SIM_TRAIN	0	148.3	42.0	-13.33	8.06	0.39	1867
tempe_1x1_setting3_presslight_gat	SIM_TEST	73	145.2	100.0	-11.54	6.69	0.39	1874
tempe_1x1_setting3_presslight_gat	REAL_TRAIN	73	343.9	100.0	-147.76	106.26	0.68	1701
tempe_1x1_setting3_presslight_gat	SIM_TRAIN	0	150.7	40.9	-14.61	9.30	0.40	1865
tempe_1x1_setting3_presslight_gat	SIM_TEST	74	146.4	100.0	-12.12	7.26	0.41	1875
tempe_1x1_setting3_presslight_gat	REAL_TRAIN	74	261.7	100.0	-102.61	60.86	0.66	1771
tempe_1x1_setting3_presslight_gat	SIM_TRAIN	0	149.7	36.2	-14.16	8.89	0.39	1867
tempe_1x1_setting3_presslight_gat	SIM_TEST	75	145.7	100.0	-11.82	6.93	0.40	1871
tempe_1x1_setting3_presslight_gat	REAL_TRAIN	75	198.4	100.0	-68.10	26.66	0.58	1809
tempe_1x1_setting3_presslight_gat	SIM_TRAIN	0	148.9	36.1	-13.57	8.26	0.39	1875
tempe_1x1_setting3_presslight_gat	SIM_TEST	76	144.3	100.0	-11.10	6.19	0.37	1873
tempe_1x1_setting3_presslight_gat	REAL_TRAIN	76	221.7	100.0	-80.83	39.28	0.64	1794
tempe_1x1_setting3_presslight_gat	SIM_TRAIN	0	147.7	30.8	-12.98	7.65	0.37	1874
tempe_1x1_setting3_presslight_gat	SIM_TEST	77	145.8	100.0	-11.92	7.04	0.40	1872
tempe_1x1_setting3_presslight_gat	REAL_TRAIN	77	235.6	100.0	-88.72	47.15	0.66	1777
tempe_1x1_setting3_presslight_gat	SIM_TRAIN	0	147.2	26.3	-12.65	7.39	0.37	1871
tempe_1x1_setting3_presslight_gat	SIM_TEST	78	143.8	100.0	-10.88	6.01	0.38	1873
tempe_1x1_setting3_presslight_gat	REAL_TRAIN	78	202.8	100.0	-70.67	29.53	0.61	1799
tempe_1x1_setting3_presslight_gat	SIM_TRAIN	0	147.8	20.2	-12.98	7.69	0.38	1875
tempe_1x1_setting3_presslight_gat	SIM_TEST	79	145.0	100.0	-11.49	6.53	0.39	1871
tempe_1x1_setting3_presslight_gat	REAL_TRAIN	79	224.2	100.0	-82.29	40.51	0.65	1787
tempe_1x1_setting3_presslight_gat	SIM_TRAIN	0	147.4	17.0	-12.82	7.47	0.38	1872
tempe_1x1_setting3_presslight_gat	SIM_TEST	80	145.0	100.0	-11.43	6.56	0.39	1873
tempe_1x1_setting3_presslight_gat	REAL_TRAIN	80	480.7	100.0	-224.54	185.11	0.70	1532
tempe_1x1_setting3_presslight_gat	SIM_TRAIN	0	146.9	12.6	-12.50	7.27	0.38	1874
tempe_1x1_setting3_presslight_gat	SIM_TEST	81	145.2	100.0	-11.47	6.67	0.39	1871
tempe_1x1_setting3_presslight_gat	REAL_TRAIN	81	668.2	100.0	-331.13	294.43	0.75	1229
tempe_1x1_setting3_presslight_gat	SIM_TRAIN	0	146.3	11.6	-12.19	7.02	0.38	1870
tempe_1x1_setting3_presslight_gat	SIM_TEST	82	145.1	100.0	-11.62	6.68	0.40	1874
tempe_1x1_setting3_presslight_gat	REAL_TRAIN	82	716.8	100.0	-356.94	321.34	0.76	1223
tempe_1x1_setting3_presslight_gat	SIM_TRAIN	0	146.5	10.7	-12.44	7.23	0.38	1872
tempe_1x1_setting3_presslight_gat	SIM_TEST	83	146.8	100.0	-12.38	7.47	0.41	1873
tempe_1x1_setting3_presslight_gat	REAL_TRAIN	83	644.5	100.0	-317.43	280.60	0.75	1269
tempe_1x1_setting3_presslight_gat	SIM_TRAIN	0	151.0	9.3	-14.61	9.19	0.40	1876
tempe_1x1_setting3_presslight_gat	SIM_TEST	84	146.8	100.0	-12.35	7.54	0.41	1870
tempe_1x1_setting3_presslight_gat	REAL_TRAIN	84	743.7	100.0	-371.86	336.43	0.76	1202
tempe_1x1_setting3_presslight_gat	SIM_TRAIN	0	147.7	8.2	-12.85	7.69	0.39	1870
tempe_1x1_setting3_presslight_gat	SIM_TEST	85	146.3	100.0	-12.17	7.28	0.42	1873
tempe_1x1_setting3_presslight_gat	REAL_TRAIN	85	963.3	100.0	-479.44	447.26	0.77	954
tempe_1x1_setting3_presslight_gat	SIM_TRAIN	0	149.7	8.0	-13.94	8.68	0.39	1875
tempe_1x1_setting3_presslight_gat	SIM_TEST	86	145.6	100.0	-11.72	6.86	0.39	1873
tempe_1x1_setting3_presslight_gat	REAL_TRAIN	86	900.3	100.0	-451.68	418.48	0.76	1042
tempe_1x1_setting3_presslight_gat	SIM_TRAIN	0	149.1	8.2	-13.64	8.44	0.41	1873
tempe_1x1_setting3_presslight_gat	SIM_TEST	87	144.7	100.0	-11.30	6.42	0.40	1875
tempe_1x1_setting3_presslight_gat	REAL_TRAIN	87	706.8	100.0	-351.77	315.66	0.76	1214
tempe_1x1_setting3_presslight_gat	SIM_TRAIN	0	148.2	7.9	-13.12	7.88	0.39	1875
tempe_1x1_setting3_presslight_gat	SIM_TEST	88	145.0	100.0	-11.40	6.57	0.39	1871
tempe_1x1_setting3_presslight_gat	REAL_TRAIN	88	791.1	100.0	-398.33	363.36	0.76	1134
tempe_1x1_setting3_presslight_gat	SIM_TRAIN	0	146.5	7.5	-12.15	7.06	0.37	1874
tempe_1x1_setting3_presslight_gat	SIM_TEST	89	145.7	100.0	-11.84	6.94	0.40	1870
tempe_1x1_setting3_presslight_gat	REAL_TRAIN	89	909.5	100.0	-461.46	428.48	0.76	990
tempe_1x1_setting3_presslight_gat	SIM_TRAIN	0	147.3	7.4	-12.72	7.53	0.39	1874
tempe_1x1_setting3_presslight_gat	SIM_TEST	90	145.6	100.0	-11.80	6.89	0.40	1874
tempe_1x1_setting3_presslight_gat	REAL_TRAIN	90	954.0	100.0	-474.62	442.29	0.77	954
tempe_1x1_setting3_presslight_gat	SIM_TRAIN	0	147.2	7.6	-12.62	7.54	0.39	1876
tempe_1x1_setting3_presslight_gat	SIM_TEST	91	145.4	100.0	-11.73	6.76	0.39	1873
tempe_1x1_setting3_presslight_gat	REAL_TRAIN	91	608.0	100.0	-294.43	255.43	0.74	1417
tempe_1x1_setting3_presslight_gat	SIM_TRAIN	0	148.2	7.3	-13.30	7.98	0.38	1869
tempe_1x1_setting3_presslight_gat	SIM_TEST	92	145.6	100.0	-11.63	6.83	0.40	1874
tempe_1x1_setting3_presslight_gat	REAL_TRAIN	92	268.9	100.0	-106.62	64.06	0.68	1770
tempe_1x1_setting3_presslight_gat	SIM_TRAIN	0	147.7	7.3	-12.97	7.78	0.38	1875
tempe_1x1_setting3_presslight_gat	SIM_TEST	93	144.6	100.0	-11.35	6.46	0.40	1873
tempe_1x1_setting3_presslight_gat	REAL_TRAIN	93	274.8	100.0	-109.82	67.03	0.68	1754
tempe_1x1_setting3_presslight_gat	SIM_TRAIN	0	148.8	7.4	-13.52	8.33	0.40	1872
tempe_1x1_setting3_presslight_gat	SIM_TEST	94	144.7	100.0	-11.17	6.38	0.39	1874
tempe_1x1_setting3_presslight_gat	REAL_TRAIN	94	273.7	100.0	-109.22	66.72	0.68	1763
tempe_1x1_setting3_presslight_gat	SIM_TRAIN	0	147.7	7.3	-13.08	7.85	0.38	1875
tempe_1x1_setting3_presslight_gat	SIM_TEST	95	144.8	100.0	-11.32	6.51	0.39	1873
tempe_1x1_setting3_presslight_gat	REAL_TRAIN	95	321.1	100.0	-135.44	92.40	0.69	1716
tempe_1x1_setting3_presslight_gat	SIM_TRAIN	0	146.9	7.7	-12.67	7.41	0.38	1873
tempe_1x1_setting3_presslight_gat	SIM_TEST	96	144.5	100.0	-11.20	6.30	0.39	1874
tempe_1x1_setting3_presslight_gat	REAL_TRAIN	96	328.4	100.0	-139.17	96.01	0.68	1724
tempe_1x1_setting3_presslight_gat	SIM_TRAIN	0	148.0	7.5	-13.04	7.83	0.37	1875
tempe_1x1_setting3_presslight_gat	SIM_TEST	97	144.2	100.0	-10.96	6.10	0.38	1872
tempe_1x1_setting3_presslight_gat	REAL_TRAIN	97	235.2	100.0	-88.54	46.47	0.65	1777
tempe_1x1_setting3_presslight_gat	SIM_TRAIN	0	150.2	7.9	-14.41	8.96	0.39	1875
tempe_1x1_setting3_presslight_gat	SIM_TEST	98	145.0	100.0	-11.43	6.35	0.38	1872
tempe_1x1_setting3_presslight_gat	REAL_TRAIN	98	303.2	100.0	-125.55	83.12	0.68	1742
tempe_1x1_setting3_presslight_gat	SIM_TRAIN	0	151.7	7.7	-15.07	9.64	0.40	1874
tempe_1x1_setting3_presslight_gat	SIM_TEST	99	144.0	100.0	-10.81	5.94	0.38	1874
tempe_1x1_setting3_presslight_gat	REAL_TRAIN	99	319.7	100.0	-135.03	92.96	0.68	1702
tempe_1x1_setting3_presslight_gat	SIM_TRAIN	0	151.5	7.9	-14.97	9.56	0.39	1868
