hz4x4_noise20_dqn_latent_observation	REAL_TEST	1	1660.2	100.0	-2282.80	141.60	8.12	652
hz4x4_noise20_dqn_latent_observation	REAL_TEST	2	1317.5	100.0	-2222.98	139.48	8.17	952
hz4x4_noise20_dqn_latent_observation	REAL_TEST	3	1082.3	100.0	-2073.39	129.66	8.08	1390
hz4x4_noise20_dqn_latent_observation	REAL_TEST	4	1255.9	100.0	-2160.49	134.67	8.14	1056
hz4x4_noise20_dqn_latent_observation	REAL_TEST	5	1059.5	100.0	-1999.57	124.53	8.05	1390
hz4x4_noise20_dqn_latent_observation	REAL_TEST	6	905.3	100.0	-1907.75	118.08	8.06	1620
hz4x4_noise20_dqn_latent_observation	REAL_TEST	7	897.7	100.0	-1925.05	120.06	8.11	1712
hz4x4_noise20_dqn_latent_observation	REAL_TEST	8	637.1	100.0	-1739.49	108.92	8.06	2211
hz4x4_noise20_dqn_latent_observation	REAL_TEST	9	565.5	100.0	-1698.66	105.07	8.12	2320
hz4x4_noise20_dqn_latent_observation	REAL_TEST	10	572.7	100.0	-1697.61	105.87	8.12	2349
hz4x4_noise20_dqn_latent_observation	REAL_TEST	11	538.8	100.0	-1671.71	104.49	7.99	2407
hz4x4_noise20_dqn_latent_observation	REAL_TEST	12	532.0	100.0	-1673.80	103.81	8.02	2445
hz4x4_noise20_dqn_latent_observation	REAL_TEST	13	521.5	100.0	-1658.91	103.20	8.04	2444
hz4x4_noise20_dqn_latent_observation	REAL_TEST	14	516.6	100.0	-1657.47	103.41	8.17	2483
hz4x4_noise20_dqn_latent_observation	REAL_TEST	15	502.2	100.0	-1650.36	102.52	8.07	2494
hz4x4_noise20_dqn_latent_observation	REAL_TEST	16	770.6	100.0	-1833.58	114.05	8.09	1892
hz4x4_noise20_dqn_latent_observation	REAL_TEST	17	487.1	100.0	-1643.32	101.87	8.05	2551
hz4x4_noise20_dqn_latent_observation	REAL_TEST	18	545.3	100.0	-1682.44	104.35	8.07	2460
hz4x4_noise20_dqn_latent_observation	REAL_TEST	19	682.4	100.0	-1791.18	111.57	8.10	2047
hz4x4_noise20_dqn_latent_observation	REAL_TEST	20	559.8	100.0	-1705.46	105.69	8.08	2504
hz4x4_noise20_dqn_latent_observation	REAL_TEST	21	494.1	100.0	-1648.80	103.27	8.03	2569
hz4x4_noise20_dqn_latent_observation	REAL_TEST	22	504.7	100.0	-1651.57	103.96	8.09	2525
hz4x4_noise20_dqn_latent_observation	REAL_TEST	23	512.7	100.0	-1662.26	104.36	7.97	2533
hz4x4_noise20_dqn_latent_observation	REAL_TEST	24	507.9	100.0	-1658.10	103.25	8.15	2541
hz4x4_noise20_dqn_latent_observation	REAL_TEST	25	673.2	100.0	-1799.06	111.58	8.05	2108
hz4x4_noise20_dqn_latent_observation	REAL_TEST	26	541.3	100.0	-1679.41	105.10	8.12	2531
hz4x4_noise20_dqn_latent_observation	REAL_TEST	27	501.7	100.0	-1654.88	103.28	8.05	2575
hz4x4_noise20_dqn_latent_observation	REAL_TEST	28	539.2	100.0	-1687.39	105.15	8.01	2533
hz4x4_noise20_dqn_latent_observation	REAL_TEST	29	518.8	100.0	-1666.18	105.05	7.96	2563
hz4x4_noise20_dqn_latent_observation	REAL_TEST	30	581.8	100.0	-1726.65	108.71	8.07	2464
hz4x4_noise20_dqn_latent_observation	REAL_TEST	31	506.8	100.0	-1659.91	105.35	8.10	2586
hz4x4_noise20_dqn_latent_observation	REAL_TEST	32	525.5	100.0	-1674.18	103.71	8.14	2547
hz4x4_noise20_dqn_latent_observation	REAL_TEST	33	587.9	100.0	-1739.52	109.18	8.10	2447
hz4x4_noise20_dqn_latent_observation	REAL_TEST	34	581.1	100.0	-1725.35	107.54	8.13	2496
hz4x4_noise20_dqn_latent_observation	REAL_TEST	35	588.9	100.0	-1729.29	107.56	8.01	2451
hz4x4_noise20_dqn_latent_observation	REAL_TEST	36	613.8	100.0	-1755.95	110.02	8.06	2430
hz4x4_noise20_dqn_latent_observation	REAL_TEST	37	573.1	100.0	-1719.36	107.46	7.99	2516
hz4x4_noise20_dqn_latent_observation	REAL_TEST	38	577.7	100.0	-1733.62	108.21	8.12	2491
hz4x4_noise20_dqn_latent_observation	REAL_TEST	39	628.3	100.0	-1768.31	109.92	8.14	2444
hz4x4_noise20_dqn_latent_observation	REAL_TEST	40	575.8	100.0	-1718.52	106.80	8.08	2472
hz4x4_noise20_dqn_latent_observation	REAL_TEST	41	604.4	100.0	-1745.66	109.67	8.07	2478
hz4x4_noise20_dqn_latent_observation	REAL_TEST	42	563.5	100.0	-1716.31	106.78	8.04	2478
hz4x4_noise20_dqn_latent_observation	REAL_TEST	43	578.1	100.0	-1722.45	107.80	8.03	2477
hz4x4_noise20_dqn_latent_observation	REAL_TEST	44	587.6	100.0	-1727.40	107.58	8.08	2491
hz4x4_noise20_dqn_latent_observation	REAL_TEST	45	622.0	100.0	-1755.00	109.67	7.99	2415
hz4x4_noise20_dqn_latent_observation	REAL_TEST	46	572.6	100.0	-1714.76	106.01	8.05	2487
hz4x4_noise20_dqn_latent_observation	REAL_TEST	47	611.3	100.0	-1747.02	109.31	8.04	2430
hz4x4_noise20_dqn_latent_observation	REAL_TEST	48	562.4	100.0	-1713.34	107.15	8.06	2522
hz4x4_noise20_dqn_latent_observation	REAL_TEST	49	641.2	100.0	-1773.74	111.49	8.04	2423
hz4x4_noise20_dqn_latent_observation	REAL_TEST	50	609.5	100.0	-1732.88	108.16	8.12	2449
hz4x4_noise20_dqn_latent_observation	REAL_TEST	51	675.6	100.0	-1789.95	110.72	8.05	2251
hz4x4_noise20_dqn_latent_observation	REAL_TEST	52	566.9	100.0	-1714.56	106.76	8.11	2482
hz4x4_noise20_dqn_latent_observation	REAL_TEST	53	615.1	100.0	-1758.85	109.53	8.05	2361
hz4x4_noise20_dqn_latent_observation	REAL_TEST	54	569.3	100.0	-1728.30	107.50	8.13	2488
hz4x4_noise20_dqn_latent_observation	REAL_TEST	55	666.4	100.0	-1799.68	111.77	8.09	2349
hz4x4_noise20_dqn_latent_observation	REAL_TEST	56	609.3	100.0	-1750.88	110.30	8.10	2452
hz4x4_noise20_dqn_latent_observation	REAL_TEST	57	636.8	100.0	-1778.68	111.39	8.08	2383
hz4x4_noise20_dqn_latent_observation	REAL_TEST	58	607.1	100.0	-1749.14	108.93	8.00	2455
hz4x4_noise20_dqn_latent_observation	REAL_TEST	59	581.4	100.0	-1723.71	106.93	7.98	2528
hz4x4_noise20_dqn_latent_observation	REAL_TEST	60	615.0	100.0	-1757.98	109.96	8.05	2381
hz4x4_noise20_dqn_latent_observation	REAL_TEST	61	576.4	100.0	-1710.42	107.72	8.19	2512
hz4x4_noise20_dqn_latent_observation	REAL_TEST	62	599.9	100.0	-1737.28	108.21	7.98	2452
hz4x4_noise20_dqn_latent_observation	REAL_TEST	63	570.0	100.0	-1709.31	105.82	8.05	2504
hz4x4_noise20_dqn_latent_observation	REAL_TEST	64	640.2	100.0	-1778.39	110.91	8.20	2410
hz4x4_noise20_dqn_latent_observation	REAL_TEST	65	631.8	100.0	-1772.00	111.69	8.03	2416
hz4x4_noise20_dqn_latent_observation	REAL_TEST	66	581.5	100.0	-1731.20	107.07	8.07	2480
hz4x4_noise20_dqn_latent_observation	REAL_TEST	67	606.6	100.0	-1740.26	109.47	8.10	2445
hz4x4_noise20_dqn_latent_observation	REAL_TEST	68	582.0	100.0	-1731.64	107.61	8.04	2464
hz4x4_noise20_dqn_latent_observation	REAL_TEST	69	683.2	100.0	-1805.33	112.35	8.06	2278
hz4x4_noise20_dqn_latent_observation	REAL_TEST	70	603.4	100.0	-1740.91	108.43	8.13	2429
hz4x4_noise20_dqn_latent_observation	REAL_TEST	71	686.6	100.0	-1802.62	112.88	8.12	2203
hz4x4_noise20_dqn_latent_observation	REAL_TEST	72	615.8	100.0	-1755.61	109.04	8.08	2367
hz4x4_noise20_dqn_latent_observation	REAL_TEST	73	632.5	100.0	-1777.93	110.20	8.08	2336
hz4x4_noise20_dqn_latent_observation	REAL_TEST	74	660.1	100.0	-1788.49	112.28	8.07	2361
hz4x4_noise20_dqn_latent_observation	REAL_TEST	75	585.2	100.0	-1728.83	107.84	8.07	2483
hz4x4_noise20_dqn_latent_observation	REAL_TEST	76	635.2	100.0	-1770.13	110.05	7.96	2434
hz4x4_noise20_dqn_latent_observation	REAL_TEST	77	605.3	100.0	-1748.62	108.42	8.11	2484
hz4x4_noise20_dqn_latent_observation	REAL_TEST	78	593.3	100.0	-1731.42	108.82	8.05	2486
hz4x4_noise20_dqn_latent_observation	REAL_TEST	79	613.3	100.0	-1736.72	109.64	8.15	2466
hz4x4_noise20_dqn_latent_observation	REAL_TEST	80	582.1	100.0	-1727.37	107.12	8.11	2500
hz4x4_noise20_dqn_latent_observation	REAL_TEST	81	638.2	100.0	-1770.13	110.94	8.02	2419
hz4x4_noise20_dqn_latent_observation	REAL_TEST	82	610.3	100.0	-1747.26	108.67	8.04	2472
hz4x4_noise20_dqn_latent_observation	REAL_TEST	83	681.0	100.0	-1796.14	111.78	8.08	2230
hz4x4_noise20_dqn_latent_observation	REAL_TEST	84	581.8	100.0	-1722.28	107.57	8.08	2497
hz4x4_noise20_dqn_latent_observation	REAL_TEST	85	578.2	100.0	-1728.88	107.86	7.97	2496
hz4x4_noise20_dqn_latent_observation	REAL_TEST	86	602.6	100.0	-1740.92	108.65	8.08	2415
hz4x4_noise20_dqn_latent_observation	REAL_TEST	87	638.9	100.0	-1774.57	111.79	7.98	2369
hz4x4_noise20_dqn_latent_observation	REAL_TEST	88	570.2	100.0	-1713.93	105.22	8.18	2497
hz4x4_noise20_dqn_latent_observation	REAL_TEST	89	567.3	100.0	-1704.98	107.05	8.08	2512
hz4x4_noise20_dqn_latent_observation	REAL_TEST	90	600.2	100.0	-1747.73	109.04	8.12	2421
hz4x4_noise20_dqn_latent_observation	REAL_TEST	91	614.0	100.0	-1758.34	109.84	8.13	2397
hz4x4_noise20_dqn_latent_observation	REAL_TEST	92	550.3	100.0	-1701.97	106.07	8.07	2501
hz4x4_noise20_dqn_latent_observation	REAL_TEST	93	580.3	100.0	-1717.63	106.89	8.10	2468
hz4x4_noise20_dqn_latent_observation	REAL_TEST	94	540.9	100.0	-1696.14	105.73	8.06	2541
hz4x4_noise20_dqn_latent_observation	REAL_TEST	95	539.4	100.0	-1691.57	104.80	8.09	2541
hz4x4_noise20_dqn_latent_observation	REAL_TEST	96	553.4	100.0	-1709.11	106.44	8.12	2498
hz4x4_noise20_dqn_latent_observation	REAL_TEST	97	611.3	100.0	-1749.78	109.21	8.15	2448
hz4x4_noise20_dqn_latent_observation	REAL_TEST	98	608.5	100.0	-1752.97	109.57	8.11	2410
hz4x4_noise20_dqn_latent_observation	REAL_TEST	99	626.6	100.0	-1761.18	110.46	8.03	2384
hz4x4_noise20_dqn_latent_observation	REAL_TEST	100	625.8	100.0	-1761.33	109.28	8.02	2441
hz4x4_noise20_dqn_latent_observation	REAL_TEST	101	616.5	100.0	-1758.10	110.96	8.04	2443
hz4x4_noise20_dqn_latent_observation	REAL_TEST	102	632.4	100.0	-1768.78	110.32	8.06	2372
hz4x4_noise20_dqn_latent_observation	REAL_TEST	103	588.1	100.0	-1735.67	107.45	8.11	2433
hz4x4_noise20_dqn_latent_observation	REAL_TEST	104	647.6	100.0	-1784.46	110.95	8.07	2395
hz4x4_noise20_dqn_latent_observation	REAL_TEST	105	678.7	100.0	-1807.41	112.70	8.07	2365
hz4x4_noise20_dqn_latent_observation	REAL_TEST	106	625.1	100.0	-1770.30	110.63	8.04	2410
hz4x4_noise20_dqn_latent_observation	REAL_TEST	107	654.0	100.0	-1783.25	110.75	8.15	2347
hz4x4_noise20_dqn_latent_observation	REAL_TEST	108	731.4	100.0	-1820.76	113.14	8.14	2065
hz4x4_noise20_dqn_latent_observation	REAL_TEST	109	642.7	100.0	-1773.21	111.03	8.01	2386
hz4x4_noise20_dqn_latent_observation	REAL_TEST	110	698.0	100.0	-1819.10	113.52	8.10	2273
hz4x4_noise20_dqn_latent_observation	REAL_TEST	111	717.0	100.0	-1821.57	114.29	8.09	2143
hz4x4_noise20_dqn_latent_observation	REAL_TEST	112	753.9	100.0	-1842.79	114.63	8.07	2084
hz4x4_noise20_dqn_latent_observation	REAL_TEST	113	665.4	100.0	-1800.52	111.66	8.10	2318
hz4x4_noise20_dqn_latent_observation	REAL_TEST	114	665.1	100.0	-1788.36	111.71	8.13	2342
hz4x4_noise20_dqn_latent_observation	REAL_TEST	115	719.6	100.0	-1819.92	113.28	8.09	2154
hz4x4_noise20_dqn_latent_observation	REAL_TEST	116	741.9	100.0	-1831.86	114.51	8.00	2151
hz4x4_noise20_dqn_latent_observation	REAL_TEST	117	737.1	100.0	-1839.13	113.95	8.15	2114
hz4x4_noise20_dqn_latent_observation	REAL_TEST	118	673.7	100.0	-1794.70	112.66	8.09	2333
hz4x4_noise20_dqn_latent_observation	REAL_TEST	119	665.8	100.0	-1794.06	111.55	8.12	2286
hz4x4_noise20_dqn_latent_observation	REAL_TEST	120	677.7	100.0	-1799.55	112.78	8.16	2311
hz4x4_noise20_dqn_latent_observation	REAL_TEST	121	671.8	100.0	-1801.07	113.69	8.12	2342
hz4x4_noise20_dqn_latent_observation	REAL_TEST	122	752.0	100.0	-1858.97	117.26	8.09	2166
hz4x4_noise20_dqn_latent_observation	REAL_TEST	123	811.3	100.0	-1875.88	117.27	8.07	1971
hz4x4_noise20_dqn_latent_observation	REAL_TEST	124	724.7	100.0	-1832.07	114.76	8.05	2157
hz4x4_noise20_dqn_latent_observation	REAL_TEST	125	726.8	100.0	-1821.56	114.01	8.03	2065
hz4x4_noise20_dqn_latent_observation	REAL_TEST	126	797.9	100.0	-1868.47	117.34	8.01	1974
hz4x4_noise20_dqn_latent_observation	REAL_TEST	127	800.4	100.0	-1866.94	116.78	8.11	1979
hz4x4_noise20_dqn_latent_observation	REAL_TEST	128	731.2	100.0	-1838.65	113.58	8.08	2119
hz4x4_noise20_dqn_latent_observation	REAL_TEST	129	766.0	100.0	-1851.45	115.37	8.00	2004
hz4x4_noise20_dqn_latent_observation	REAL_TEST	130	804.8	100.0	-1879.00	117.46	8.00	1936
hz4x4_noise20_dqn_latent_observation	REAL_TEST	131	853.4	100.0	-1907.19	118.88	8.09	1794
hz4x4_noise20_dqn_latent_observation	REAL_TEST	132	828.3	100.0	-1898.65	119.43	8.05	1885
hz4x4_noise20_dqn_latent_observation	REAL_TEST	133	835.3	100.0	-1900.60	119.46	8.04	1821
hz4x4_noise20_dqn_latent_observation	REAL_TEST	134	868.5	100.0	-1915.39	119.28	8.12	1828
hz4x4_noise20_dqn_latent_observation	REAL_TEST	135	859.3	100.0	-1907.58	119.41	8.14	1799
hz4x4_noise20_dqn_latent_observation	REAL_TEST	136	812.2	100.0	-1878.94	118.11	8.05	1947
hz4x4_noise20_dqn_latent_observation	REAL_TEST	137	803.2	100.0	-1866.69	116.69	8.00	1895
hz4x4_noise20_dqn_latent_observation	REAL_TEST	138	841.9	100.0	-1887.45	117.32	8.08	1843
hz4x4_noise20_dqn_latent_observation	REAL_TEST	139	830.3	100.0	-1880.44	118.11	8.02	1882
hz4x4_noise20_dqn_latent_observation	REAL_TEST	140	836.7	100.0	-1877.24	117.52	8.02	1872
hz4x4_noise20_dqn_latent_observation	REAL_TEST	141	792.6	100.0	-1861.15	116.58	8.01	1947
hz4x4_noise20_dqn_latent_observation	REAL_TEST	142	823.0	100.0	-1876.25	116.62	8.05	1896
hz4x4_noise20_dqn_latent_observation	REAL_TEST	143	803.6	100.0	-1867.74	116.88	8.11	1976
hz4x4_noise20_dqn_latent_observation	REAL_TEST	144	827.7	100.0	-1880.81	116.60	8.02	1919
hz4x4_noise20_dqn_latent_observation	REAL_TEST	145	791.2	100.0	-1860.49	116.28	8.06	1958
hz4x4_noise20_dqn_latent_observation	REAL_TEST	146	796.2	100.0	-1855.98	116.14	8.11	1951
hz4x4_noise20_dqn_latent_observation	REAL_TEST	147	796.0	100.0	-1870.20	116.53	8.05	1974
hz4x4_noise20_dqn_latent_observation	REAL_TEST	148	765.8	100.0	-1830.13	114.73	8.03	1981
hz4x4_noise20_dqn_latent_observation	REAL_TEST	149	816.8	100.0	-1862.43	116.66	8.11	1908
hz4x4_noise20_dqn_latent_observation	REAL_TEST	150	842.7	100.0	-1886.40	117.92	8.09	1878
hz4x4_noise20_dqn_latent_observation	REAL_TEST	151	819.7	100.0	-1874.25	117.49	8.00	1948
hz4x4_noise20_dqn_latent_observation	REAL_TEST	152	805.1	100.0	-1865.57	116.01	8.12	1999
hz4x4_noise20_dqn_latent_observation	REAL_TEST	153	774.0	100.0	-1840.52	114.78	8.13	1952
hz4x4_noise20_dqn_latent_observation	REAL_TEST	154	830.5	100.0	-1873.24	117.07	8.05	1903
hz4x4_noise20_dqn_latent_observation	REAL_TEST	155	784.2	100.0	-1845.66	115.87	8.09	1991
hz4x4_noise20_dqn_latent_observation	REAL_TEST	156	841.5	100.0	-1882.71	117.84	8.07	1856
hz4x4_noise20_dqn_latent_observation	REAL_TEST	157	906.2	100.0	-1943.75	121.36	8.09	1906
hz4x4_noise20_dqn_latent_observation	REAL_TEST	158	942.3	100.0	-1953.53	122.83	8.05	1719
hz4x4_noise20_dqn_latent_observation	REAL_TEST	159	796.8	100.0	-1878.28	116.88	8.03	1980
hz4x4_noise20_dqn_latent_observation	REAL_TEST	160	840.6	100.0	-1890.47	117.50	8.10	1862
hz4x4_noise20_dqn_latent_observation	REAL_TEST	161	913.2	100.0	-1947.86	121.83	8.03	1792
hz4x4_noise20_dqn_latent_observation	REAL_TEST	162	904.9	100.0	-1937.77	121.25	8.12	1770
hz4x4_noise20_dqn_latent_observation	REAL_TEST	163	979.1	100.0	-1966.85	123.19	8.11	1689
hz4x4_noise20_dqn_latent_observation	REAL_TEST	164	808.0	100.0	-1885.98	116.47	8.09	1977
hz4x4_noise20_dqn_latent_observation	REAL_TEST	165	886.5	100.0	-1939.96	121.16	8.04	1891
hz4x4_noise20_dqn_latent_observation	REAL_TEST	166	926.8	100.0	-1936.58	120.96	8.08	1731
hz4x4_noise20_dqn_latent_observation	REAL_TEST	167	906.8	100.0	-1935.69	120.84	8.09	1776
hz4x4_noise20_dqn_latent_observation	REAL_TEST	168	908.3	100.0	-1928.41	120.58	8.04	1809
hz4x4_noise20_dqn_latent_observation	REAL_TEST	169	887.6	100.0	-1932.28	121.20	8.00	1845
hz4x4_noise20_dqn_latent_observation	REAL_TEST	170	850.9	100.0	-1905.14	119.25	8.10	1898
hz4x4_noise20_dqn_latent_observation	REAL_TEST	171	764.1	100.0	-1860.30	117.28	8.12	2050
hz4x4_noise20_dqn_latent_observation	REAL_TEST	172	796.3	100.0	-1872.89	117.26	8.06	1975
hz4x4_noise20_dqn_latent_observation	REAL_TEST	173	907.2	100.0	-1946.21	121.76	8.14	1688
hz4x4_noise20_dqn_latent_observation	REAL_TEST	174	773.2	100.0	-1866.85	116.30	8.08	2048
hz4x4_noise20_dqn_latent_observation	REAL_TEST	175	789.7	100.0	-1866.42	117.34	8.13	1985
hz4x4_noise20_dqn_latent_observation	REAL_TEST	176	812.7	100.0	-1881.11	118.31	8.11	1921
hz4x4_noise20_dqn_latent_observation	REAL_TEST	177	834.6	100.0	-1893.91	118.47	8.09	1946
hz4x4_noise20_dqn_latent_observation	REAL_TEST	178	838.8	100.0	-1892.79	118.50	8.08	1949
hz4x4_noise20_dqn_latent_observation	REAL_TEST	179	758.1	100.0	-1840.85	115.17	8.05	2064
hz4x4_noise20_dqn_latent_observation	REAL_TEST	180	778.2	100.0	-1863.00	116.15	8.03	2035
hz4x4_noise20_dqn_latent_observation	REAL_TEST	181	794.1	100.0	-1868.78	117.86	8.00	2082
hz4x4_noise20_dqn_latent_observation	REAL_TEST	182	792.7	100.0	-1869.57	117.78	8.03	2052
hz4x4_noise20_dqn_latent_observation	REAL_TEST	183	795.3	100.0	-1895.61	118.55	8.05	2085
hz4x4_noise20_dqn_latent_observation	REAL_TEST	184	772.4	100.0	-1860.14	116.88	8.09	2037
hz4x4_noise20_dqn_latent_observation	REAL_TEST	185	820.7	100.0	-1884.29	117.95	8.12	1949
hz4x4_noise20_dqn_latent_observation	REAL_TEST	186	736.3	100.0	-1831.76	113.97	8.03	2138
hz4x4_noise20_dqn_latent_observation	REAL_TEST	187	798.9	100.0	-1866.55	117.09	8.06	2039
hz4x4_noise20_dqn_latent_observation	REAL_TEST	188	741.6	100.0	-1852.31	115.31	8.06	2138
hz4x4_noise20_dqn_latent_observation	REAL_TEST	189	756.1	100.0	-1857.31	116.74	8.06	2186
hz4x4_noise20_dqn_latent_observation	REAL_TEST	190	714.3	100.0	-1835.69	114.19	8.09	2279
hz4x4_noise20_dqn_latent_observation	REAL_TEST	191	710.8	100.0	-1840.32	114.91	8.05	2251
hz4x4_noise20_dqn_latent_observation	REAL_TEST	192	729.1	100.0	-1835.19	115.37	8.07	2124
hz4x4_noise20_dqn_latent_observation	REAL_TEST	193	745.8	100.0	-1857.27	114.70	8.02	2192
hz4x4_noise20_dqn_latent_observation	REAL_TEST	194	786.7	100.0	-1887.03	117.47	8.02	2143
hz4x4_noise20_dqn_latent_observation	REAL_TEST	195	745.4	100.0	-1864.65	115.98	8.08	2176
hz4x4_noise20_dqn_latent_observation	REAL_TEST	196	797.0	100.0	-1879.64	117.25	8.04	2056
hz4x4_noise20_dqn_latent_observation	REAL_TEST	197	809.6	100.0	-1905.16	119.03	8.07	2035
hz4x4_noise20_dqn_latent_observation	REAL_TEST	198	794.8	100.0	-1897.14	117.99	8.07	2032
hz4x4_noise20_dqn_latent_observation	REAL_TEST	199	758.1	100.0	-1875.12	117.34	8.03	2112
