hz4x4_dz10_dqn_latent_observation	REAL_TEST	1	1745.8	100.0	-1084.01	67.90	0.20	404
hz4x4_dz10_dqn_latent_observation	REAL_TEST	2	1707.8	100.0	-1084.31	67.92	0.20	422
hz4x4_dz10_dqn_latent_observation	REAL_TEST	3	1347.6	100.0	-995.17	62.32	0.29	931
hz4x4_dz10_dqn_latent_observation	REAL_TEST	4	1512.7	100.0	-951.96	59.62	0.26	668
hz4x4_dz10_dqn_latent_observation	REAL_TEST	5	1540.0	100.0	-917.63	57.44	0.26	723
hz4x4_dz10_dqn_latent_observation	REAL_TEST	6	1373.4	100.0	-843.69	52.82	0.30	907
hz4x4_dz10_dqn_latent_observation	REAL_TEST	7	1355.4	100.0	-973.49	60.95	0.29	857
hz4x4_dz10_dqn_latent_observation	REAL_TEST	8	1381.9	100.0	-916.22	57.37	0.30	898
hz4x4_dz10_dqn_latent_observation	REAL_TEST	9	1394.6	100.0	-974.48	60.99	0.28	832
hz4x4_dz10_dqn_latent_observation	REAL_TEST	10	1554.7	100.0	-979.93	61.36	0.31	707
hz4x4_dz10_dqn_latent_observation	REAL_TEST	11	1340.8	100.0	-926.38	58.00	0.29	977
hz4x4_dz10_dqn_latent_observation	REAL_TEST	12	1560.1	100.0	-997.76	62.47	0.29	694
hz4x4_dz10_dqn_latent_observation	REAL_TEST	13	1495.0	100.0	-1030.78	64.52	0.27	821
hz4x4_dz10_dqn_latent_observation	REAL_TEST	14	1650.7	100.0	-1009.17	63.17	0.32	615
hz4x4_dz10_dqn_latent_observation	REAL_TEST	15	1553.9	100.0	-1050.92	65.79	0.27	688
hz4x4_dz10_dqn_latent_observation	REAL_TEST	16	1545.4	100.0	-924.07	57.84	0.28	704
hz4x4_dz10_dqn_latent_observation	REAL_TEST	17	1748.1	100.0	-1090.99	68.31	0.25	473
hz4x4_dz10_dqn_latent_observation	REAL_TEST	18	1680.2	100.0	-1045.97	65.49	0.29	521
hz4x4_dz10_dqn_latent_observation	REAL_TEST	19	1843.1	100.0	-1006.25	63.01	0.23	398
hz4x4_dz10_dqn_latent_observation	REAL_TEST	20	1500.4	100.0	-1052.62	65.91	0.31	695
hz4x4_dz10_dqn_latent_observation	REAL_TEST	21	1794.5	100.0	-973.54	60.94	0.23	465
hz4x4_dz10_dqn_latent_observation	REAL_TEST	22	1518.6	100.0	-1050.52	65.77	0.30	715
hz4x4_dz10_dqn_latent_observation	REAL_TEST	23	1430.7	100.0	-865.01	54.11	0.26	868
hz4x4_dz10_dqn_latent_observation	REAL_TEST	24	1618.5	100.0	-1128.76	70.69	0.30	566
hz4x4_dz10_dqn_latent_observation	REAL_TEST	25	1783.5	100.0	-980.90	61.41	0.22	460
hz4x4_dz10_dqn_latent_observation	REAL_TEST	26	1424.8	100.0	-897.08	56.15	0.27	873
hz4x4_dz10_dqn_latent_observation	REAL_TEST	27	1457.7	100.0	-1002.60	62.77	0.27	828
hz4x4_dz10_dqn_latent_observation	REAL_TEST	28	1532.0	100.0	-960.66	60.13	0.27	735
hz4x4_dz10_dqn_latent_observation	REAL_TEST	29	1462.0	100.0	-1021.25	63.95	0.26	795
hz4x4_dz10_dqn_latent_observation	REAL_TEST	30	1462.2	100.0	-944.19	59.09	0.29	810
hz4x4_dz10_dqn_latent_observation	REAL_TEST	31	1369.6	100.0	-955.99	59.85	0.27	925
hz4x4_dz10_dqn_latent_observation	REAL_TEST	32	1552.0	100.0	-991.77	62.10	0.27	653
hz4x4_dz10_dqn_latent_observation	REAL_TEST	33	1638.4	100.0	-1051.30	65.81	0.26	591
hz4x4_dz10_dqn_latent_observation	REAL_TEST	34	1285.3	100.0	-915.73	57.33	0.28	1002
hz4x4_dz10_dqn_latent_observation	REAL_TEST	35	1713.7	100.0	-957.57	59.95	0.25	501
hz4x4_dz10_dqn_latent_observation	REAL_TEST	36	1348.2	100.0	-886.25	55.46	0.29	998
hz4x4_dz10_dqn_latent_observation	REAL_TEST	37	1326.7	100.0	-915.30	57.28	0.25	1026
hz4x4_dz10_dqn_latent_observation	REAL_TEST	38	1364.3	100.0	-901.07	56.41	0.29	942
hz4x4_dz10_dqn_latent_observation	REAL_TEST	39	1447.8	100.0	-961.97	60.22	0.30	784
hz4x4_dz10_dqn_latent_observation	REAL_TEST	40	1331.1	100.0	-950.79	59.52	0.30	942
hz4x4_dz10_dqn_latent_observation	REAL_TEST	41	1495.4	100.0	-944.08	59.12	0.25	677
hz4x4_dz10_dqn_latent_observation	REAL_TEST	42	1334.8	100.0	-919.17	57.53	0.30	942
hz4x4_dz10_dqn_latent_observation	REAL_TEST	43	1465.6	100.0	-918.96	57.53	0.25	726
hz4x4_dz10_dqn_latent_observation	REAL_TEST	44	1359.5	100.0	-956.29	59.85	0.29	920
hz4x4_dz10_dqn_latent_observation	REAL_TEST	45	1460.5	100.0	-830.03	51.94	0.26	757
hz4x4_dz10_dqn_latent_observation	REAL_TEST	46	1512.7	100.0	-957.38	59.94	0.30	744
hz4x4_dz10_dqn_latent_observation	REAL_TEST	47	1498.2	100.0	-948.48	59.37	0.27	681
hz4x4_dz10_dqn_latent_observation	REAL_TEST	48	1369.1	100.0	-987.49	61.81	0.31	880
hz4x4_dz10_dqn_latent_observation	REAL_TEST	49	1547.4	100.0	-865.97	54.20	0.26	683
hz4x4_dz10_dqn_latent_observation	REAL_TEST	50	1429.8	100.0	-935.74	58.57	0.29	821
hz4x4_dz10_dqn_latent_observation	REAL_TEST	51	1645.2	100.0	-1035.73	64.84	0.27	523
hz4x4_dz10_dqn_latent_observation	REAL_TEST	52	1395.7	100.0	-906.61	56.76	0.27	851
hz4x4_dz10_dqn_latent_observation	REAL_TEST	53	1364.0	100.0	-865.76	54.16	0.27	947
hz4x4_dz10_dqn_latent_observation	REAL_TEST	54	1275.0	100.0	-893.26	55.90	0.29	1035
hz4x4_dz10_dqn_latent_observation	REAL_TEST	55	1411.8	100.0	-915.19	57.28	0.27	857
hz4x4_dz10_dqn_latent_observation	REAL_TEST	56	1498.2	100.0	-939.26	58.80	0.29	696
hz4x4_dz10_dqn_latent_observation	REAL_TEST	57	1369.2	100.0	-966.21	60.47	0.28	908
hz4x4_dz10_dqn_latent_observation	REAL_TEST	58	1224.2	100.0	-869.97	54.44	0.29	1132
hz4x4_dz10_dqn_latent_observation	REAL_TEST	59	1386.7	100.0	-965.87	60.47	0.30	880
hz4x4_dz10_dqn_latent_observation	REAL_TEST	60	1484.9	100.0	-927.46	58.03	0.28	739
hz4x4_dz10_dqn_latent_observation	REAL_TEST	61	1331.5	100.0	-928.51	58.13	0.30	950
hz4x4_dz10_dqn_latent_observation	REAL_TEST	62	1435.6	100.0	-905.21	56.65	0.25	737
hz4x4_dz10_dqn_latent_observation	REAL_TEST	63	1327.0	100.0	-919.06	57.52	0.30	970
hz4x4_dz10_dqn_latent_observation	REAL_TEST	64	1586.4	100.0	-974.18	60.98	0.27	602
hz4x4_dz10_dqn_latent_observation	REAL_TEST	65	1213.9	100.0	-849.14	53.15	0.28	1108
hz4x4_dz10_dqn_latent_observation	REAL_TEST	66	1524.3	100.0	-954.47	59.75	0.25	690
hz4x4_dz10_dqn_latent_observation	REAL_TEST	67	1235.9	100.0	-866.10	54.20	0.29	1113
hz4x4_dz10_dqn_latent_observation	REAL_TEST	68	1545.9	100.0	-976.60	61.17	0.26	620
hz4x4_dz10_dqn_latent_observation	REAL_TEST	69	1190.8	100.0	-823.51	51.53	0.28	1167
hz4x4_dz10_dqn_latent_observation	REAL_TEST	70	1503.9	100.0	-955.91	59.87	0.27	662
hz4x4_dz10_dqn_latent_observation	REAL_TEST	71	1296.4	100.0	-915.84	57.32	0.28	1000
hz4x4_dz10_dqn_latent_observation	REAL_TEST	72	1548.5	100.0	-982.14	61.48	0.27	621
hz4x4_dz10_dqn_latent_observation	REAL_TEST	73	1277.3	100.0	-913.02	57.17	0.30	993
hz4x4_dz10_dqn_latent_observation	REAL_TEST	74	1682.0	100.0	-954.76	59.77	0.25	523
hz4x4_dz10_dqn_latent_observation	REAL_TEST	75	1269.1	100.0	-903.04	56.55	0.27	1002
hz4x4_dz10_dqn_latent_observation	REAL_TEST	76	1579.5	100.0	-882.01	55.20	0.28	702
hz4x4_dz10_dqn_latent_observation	REAL_TEST	77	1343.1	100.0	-969.98	60.74	0.30	896
hz4x4_dz10_dqn_latent_observation	REAL_TEST	78	1442.3	100.0	-948.81	59.40	0.29	786
hz4x4_dz10_dqn_latent_observation	REAL_TEST	79	1310.2	100.0	-939.04	58.79	0.28	928
hz4x4_dz10_dqn_latent_observation	REAL_TEST	80	1298.9	100.0	-919.93	57.57	0.29	1007
hz4x4_dz10_dqn_latent_observation	REAL_TEST	81	1434.8	100.0	-945.82	59.21	0.27	781
hz4x4_dz10_dqn_latent_observation	REAL_TEST	82	1389.3	100.0	-1007.66	63.09	0.29	851
hz4x4_dz10_dqn_latent_observation	REAL_TEST	83	1345.5	100.0	-966.50	60.51	0.28	891
hz4x4_dz10_dqn_latent_observation	REAL_TEST	84	1522.3	100.0	-1050.87	65.78	0.26	702
hz4x4_dz10_dqn_latent_observation	REAL_TEST	85	1454.5	100.0	-936.33	58.60	0.28	764
hz4x4_dz10_dqn_latent_observation	REAL_TEST	86	1253.2	100.0	-895.54	56.05	0.27	1051
hz4x4_dz10_dqn_latent_observation	REAL_TEST	87	1435.4	100.0	-991.33	62.04	0.29	812
hz4x4_dz10_dqn_latent_observation	REAL_TEST	88	1357.7	100.0	-960.15	60.10	0.28	900
hz4x4_dz10_dqn_latent_observation	REAL_TEST	89	1429.0	100.0	-985.77	61.70	0.28	807
hz4x4_dz10_dqn_latent_observation	REAL_TEST	90	1374.9	100.0	-964.26	60.34	0.29	896
hz4x4_dz10_dqn_latent_observation	REAL_TEST	91	1279.0	100.0	-901.66	56.42	0.28	1019
hz4x4_dz10_dqn_latent_observation	REAL_TEST	92	1700.2	100.0	-940.06	58.84	0.24	554
hz4x4_dz10_dqn_latent_observation	REAL_TEST	93	1452.8	100.0	-1022.32	64.01	0.32	767
hz4x4_dz10_dqn_latent_observation	REAL_TEST	94	1480.3	100.0	-988.75	61.89	0.27	716
hz4x4_dz10_dqn_latent_observation	REAL_TEST	95	1368.0	100.0	-1001.84	62.70	0.30	915
hz4x4_dz10_dqn_latent_observation	REAL_TEST	96	1333.4	100.0	-952.95	59.66	0.28	920
hz4x4_dz10_dqn_latent_observation	REAL_TEST	97	1558.3	100.0	-1015.97	63.62	0.28	585
hz4x4_dz10_dqn_latent_observation	REAL_TEST	98	1348.3	100.0	-975.31	61.06	0.30	881
hz4x4_dz10_dqn_latent_observation	REAL_TEST	99	1583.4	100.0	-989.81	61.94	0.28	611
hz4x4_dz10_dqn_latent_observation	REAL_TEST	100	1305.9	100.0	-936.31	58.61	0.29	951
hz4x4_dz10_dqn_latent_observation	REAL_TEST	101	1558.3	100.0	-1013.85	63.46	0.29	590
hz4x4_dz10_dqn_latent_observation	REAL_TEST	102	1300.7	100.0	-931.16	58.29	0.27	981
hz4x4_dz10_dqn_latent_observation	REAL_TEST	103	1300.3	100.0	-926.27	57.96	0.28	984
hz4x4_dz10_dqn_latent_observation	REAL_TEST	104	1428.7	100.0	-993.96	62.21	0.27	834
hz4x4_dz10_dqn_latent_observation	REAL_TEST	105	1305.9	100.0	-942.10	58.97	0.28	962
hz4x4_dz10_dqn_latent_observation	REAL_TEST	106	1462.3	100.0	-990.16	61.97	0.28	783
hz4x4_dz10_dqn_latent_observation	REAL_TEST	107	1275.6	100.0	-912.83	57.14	0.27	994
hz4x4_dz10_dqn_latent_observation	REAL_TEST	108	1482.2	100.0	-1016.90	63.64	0.29	778
hz4x4_dz10_dqn_latent_observation	REAL_TEST	109	1299.7	100.0	-922.80	57.76	0.28	1003
hz4x4_dz10_dqn_latent_observation	REAL_TEST	110	1406.1	100.0	-1003.83	62.82	0.30	830
hz4x4_dz10_dqn_latent_observation	REAL_TEST	111	1366.9	100.0	-892.03	55.81	0.27	889
hz4x4_dz10_dqn_latent_observation	REAL_TEST	112	1527.4	100.0	-1054.00	65.99	0.28	712
hz4x4_dz10_dqn_latent_observation	REAL_TEST	113	1326.1	100.0	-954.56	59.76	0.28	911
hz4x4_dz10_dqn_latent_observation	REAL_TEST	114	1398.4	100.0	-994.47	62.25	0.28	860
hz4x4_dz10_dqn_latent_observation	REAL_TEST	115	1306.7	100.0	-926.01	57.95	0.30	1003
hz4x4_dz10_dqn_latent_observation	REAL_TEST	116	1480.3	100.0	-1040.90	65.18	0.29	758
hz4x4_dz10_dqn_latent_observation	REAL_TEST	117	1196.2	100.0	-847.00	52.98	0.29	1177
hz4x4_dz10_dqn_latent_observation	REAL_TEST	118	1497.2	100.0	-965.71	60.46	0.27	682
hz4x4_dz10_dqn_latent_observation	REAL_TEST	119	1197.3	100.0	-844.18	52.81	0.30	1214
hz4x4_dz10_dqn_latent_observation	REAL_TEST	120	1422.3	100.0	-1009.23	63.19	0.30	818
hz4x4_dz10_dqn_latent_observation	REAL_TEST	121	1143.0	100.0	-794.22	49.68	0.28	1287
hz4x4_dz10_dqn_latent_observation	REAL_TEST	122	1480.0	100.0	-947.30	59.32	0.27	727
hz4x4_dz10_dqn_latent_observation	REAL_TEST	123	1244.5	100.0	-880.73	55.11	0.29	1113
hz4x4_dz10_dqn_latent_observation	REAL_TEST	124	1445.2	100.0	-1030.80	64.55	0.28	772
hz4x4_dz10_dqn_latent_observation	REAL_TEST	125	1281.3	100.0	-911.16	57.03	0.29	1030
hz4x4_dz10_dqn_latent_observation	REAL_TEST	126	1585.9	100.0	-1011.38	63.31	0.27	642
hz4x4_dz10_dqn_latent_observation	REAL_TEST	127	1320.4	100.0	-943.97	59.11	0.30	928
hz4x4_dz10_dqn_latent_observation	REAL_TEST	128	1432.2	100.0	-999.18	62.55	0.26	842
hz4x4_dz10_dqn_latent_observation	REAL_TEST	129	1372.4	100.0	-988.32	61.88	0.30	882
hz4x4_dz10_dqn_latent_observation	REAL_TEST	130	1407.7	100.0	-988.32	61.86	0.29	898
hz4x4_dz10_dqn_latent_observation	REAL_TEST	131	1288.7	100.0	-924.70	57.89	0.29	985
hz4x4_dz10_dqn_latent_observation	REAL_TEST	132	1455.3	100.0	-1018.67	63.79	0.28	764
hz4x4_dz10_dqn_latent_observation	REAL_TEST	133	1290.6	100.0	-937.78	58.71	0.29	1015
hz4x4_dz10_dqn_latent_observation	REAL_TEST	134	1247.1	100.0	-859.28	53.78	0.29	1099
hz4x4_dz10_dqn_latent_observation	REAL_TEST	135	1520.1	100.0	-1088.38	68.16	0.28	665
hz4x4_dz10_dqn_latent_observation	REAL_TEST	136	1231.6	100.0	-882.91	55.26	0.30	1127
hz4x4_dz10_dqn_latent_observation	REAL_TEST	137	1349.4	100.0	-954.52	59.76	0.30	935
hz4x4_dz10_dqn_latent_observation	REAL_TEST	138	1411.5	100.0	-1025.22	64.20	0.29	797
hz4x4_dz10_dqn_latent_observation	REAL_TEST	139	1509.5	100.0	-1062.95	66.55	0.29	713
hz4x4_dz10_dqn_latent_observation	REAL_TEST	140	1212.7	100.0	-859.88	53.82	0.30	1163
hz4x4_dz10_dqn_latent_observation	REAL_TEST	141	1577.3	100.0	-1104.65	69.18	0.30	606
hz4x4_dz10_dqn_latent_observation	REAL_TEST	142	1297.9	100.0	-944.94	59.16	0.30	947
hz4x4_dz10_dqn_latent_observation	REAL_TEST	143	1589.9	100.0	-1108.56	69.41	0.29	608
hz4x4_dz10_dqn_latent_observation	REAL_TEST	144	1331.9	100.0	-961.56	60.21	0.30	919
hz4x4_dz10_dqn_latent_observation	REAL_TEST	145	1619.0	100.0	-1133.60	70.99	0.29	543
hz4x4_dz10_dqn_latent_observation	REAL_TEST	146	1285.0	100.0	-923.86	57.84	0.31	1013
hz4x4_dz10_dqn_latent_observation	REAL_TEST	147	1512.1	100.0	-1079.16	67.59	0.27	672
hz4x4_dz10_dqn_latent_observation	REAL_TEST	148	1386.8	100.0	-1005.35	62.95	0.29	823
hz4x4_dz10_dqn_latent_observation	REAL_TEST	149	1455.5	100.0	-1050.04	65.75	0.28	796
hz4x4_dz10_dqn_latent_observation	REAL_TEST	150	1504.3	100.0	-1045.57	65.46	0.31	697
hz4x4_dz10_dqn_latent_observation	REAL_TEST	151	1485.0	100.0	-1051.37	65.83	0.26	714
hz4x4_dz10_dqn_latent_observation	REAL_TEST	152	1469.0	100.0	-1033.66	64.72	0.30	726
hz4x4_dz10_dqn_latent_observation	REAL_TEST	153	1475.2	100.0	-1042.99	65.31	0.29	767
hz4x4_dz10_dqn_latent_observation	REAL_TEST	154	1457.4	100.0	-987.63	61.81	0.30	791
hz4x4_dz10_dqn_latent_observation	REAL_TEST	155	1510.4	100.0	-1060.48	66.42	0.27	696
hz4x4_dz10_dqn_latent_observation	REAL_TEST	156	1486.4	100.0	-936.83	58.66	0.29	684
hz4x4_dz10_dqn_latent_observation	REAL_TEST	157	1475.9	100.0	-1057.92	66.26	0.27	712
hz4x4_dz10_dqn_latent_observation	REAL_TEST	158	1476.4	100.0	-1043.17	65.33	0.28	731
hz4x4_dz10_dqn_latent_observation	REAL_TEST	159	1546.5	100.0	-1086.31	68.02	0.26	697
hz4x4_dz10_dqn_latent_observation	REAL_TEST	160	1540.2	100.0	-1098.44	68.79	0.30	628
hz4x4_dz10_dqn_latent_observation	REAL_TEST	161	1531.9	100.0	-1067.66	66.85	0.30	691
hz4x4_dz10_dqn_latent_observation	REAL_TEST	162	1569.5	100.0	-1113.43	69.73	0.29	589
hz4x4_dz10_dqn_latent_observation	REAL_TEST	163	1405.8	100.0	-1015.30	63.58	0.31	802
hz4x4_dz10_dqn_latent_observation	REAL_TEST	164	1490.5	100.0	-1045.38	65.44	0.29	728
hz4x4_dz10_dqn_latent_observation	REAL_TEST	165	1422.9	100.0	-1043.12	65.32	0.31	736
hz4x4_dz10_dqn_latent_observation	REAL_TEST	166	1465.5	100.0	-1025.47	64.20	0.28	747
hz4x4_dz10_dqn_latent_observation	REAL_TEST	167	1458.8	100.0	-1040.87	65.19	0.31	732
hz4x4_dz10_dqn_latent_observation	REAL_TEST	168	1621.0	100.0	-1126.44	70.54	0.29	544
hz4x4_dz10_dqn_latent_observation	REAL_TEST	169	1448.0	100.0	-1058.31	66.28	0.28	704
hz4x4_dz10_dqn_latent_observation	REAL_TEST	170	1523.7	100.0	-1087.07	68.08	0.30	625
hz4x4_dz10_dqn_latent_observation	REAL_TEST	171	1387.8	100.0	-1016.34	63.65	0.29	768
hz4x4_dz10_dqn_latent_observation	REAL_TEST	172	1509.0	100.0	-1056.79	66.18	0.30	732
hz4x4_dz10_dqn_latent_observation	REAL_TEST	173	1352.7	100.0	-977.43	61.20	0.30	879
hz4x4_dz10_dqn_latent_observation	REAL_TEST	174	1569.7	100.0	-1097.06	68.70	0.29	607
hz4x4_dz10_dqn_latent_observation	REAL_TEST	175	1339.2	100.0	-978.03	61.21	0.32	879
hz4x4_dz10_dqn_latent_observation	REAL_TEST	176	1569.0	100.0	-1078.09	67.49	0.27	652
hz4x4_dz10_dqn_latent_observation	REAL_TEST	177	1386.8	100.0	-1014.79	63.55	0.29	790
hz4x4_dz10_dqn_latent_observation	REAL_TEST	178	1507.1	100.0	-1084.68	67.93	0.28	654
hz4x4_dz10_dqn_latent_observation	REAL_TEST	179	1484.7	100.0	-1071.77	67.10	0.30	714
hz4x4_dz10_dqn_latent_observation	REAL_TEST	180	1348.6	100.0	-988.33	61.89	0.31	850
hz4x4_dz10_dqn_latent_observation	REAL_TEST	181	1689.1	100.0	-1106.69	69.29	0.28	506
hz4x4_dz10_dqn_latent_observation	REAL_TEST	182	1440.7	100.0	-1055.60	66.12	0.30	730
hz4x4_dz10_dqn_latent_observation	REAL_TEST	183	1483.6	100.0	-1051.44	65.84	0.28	691
hz4x4_dz10_dqn_latent_observation	REAL_TEST	184	1509.8	100.0	-1100.49	68.93	0.31	645
hz4x4_dz10_dqn_latent_observation	REAL_TEST	185	1501.4	100.0	-1010.76	63.28	0.25	664
hz4x4_dz10_dqn_latent_observation	REAL_TEST	186	1441.7	100.0	-1035.47	64.82	0.31	758
hz4x4_dz10_dqn_latent_observation	REAL_TEST	187	1569.7	100.0	-1019.61	63.82	0.29	672
hz4x4_dz10_dqn_latent_observation	REAL_TEST	188	1455.8	100.0	-1074.97	67.34	0.29	676
hz4x4_dz10_dqn_latent_observation	REAL_TEST	189	1493.9	100.0	-1056.03	66.11	0.30	702
hz4x4_dz10_dqn_latent_observation	REAL_TEST	190	1532.2	100.0	-1039.64	65.09	0.29	641
hz4x4_dz10_dqn_latent_observation	REAL_TEST	191	1666.6	100.0	-1157.17	72.47	0.28	506
hz4x4_dz10_dqn_latent_observation	REAL_TEST	192	1643.2	100.0	-955.00	59.78	0.26	557
hz4x4_dz10_dqn_latent_observation	REAL_TEST	193	1540.7	100.0	-1107.36	69.33	0.29	628
hz4x4_dz10_dqn_latent_observation	REAL_TEST	194	1587.6	100.0	-1039.02	65.04	0.28	643
hz4x4_dz10_dqn_latent_observation	REAL_TEST	195	1436.4	100.0	-1024.51	64.14	0.31	826
hz4x4_dz10_dqn_latent_observation	REAL_TEST	196	1360.2	100.0	-1009.06	63.14	0.28	851
hz4x4_dz10_dqn_latent_observation	REAL_TEST	197	1761.1	100.0	-1015.50	63.58	0.28	451
hz4x4_dz10_dqn_latent_observation	REAL_TEST	198	1382.1	100.0	-1009.92	63.23	0.29	817
hz4x4_dz10_dqn_latent_observation	REAL_TEST	199	1512.3	100.0	-955.87	59.82	0.24	690
