tempe_16_barrier_leading_fixed_presslight_gat_shield	REAL_TRAIN	0	209.4	100.0	-402.51	39.62	0.32	18518	0.0000	0.0984
tempe_16_barrier_leading_fixed_presslight_gat_shield	REAL_TRAIN	1	209.4	100.0	-402.51	39.62	0.32	18518	0.0000	0.0984
tempe_16_barrier_leading_fixed_presslight_gat_shield	REAL_TRAIN	2	364.5	100.0	-678.75	75.13	0.36	14929	0.0000	0.1257
tempe_16_barrier_leading_fixed_presslight_gat_shield	REAL_TRAIN	3	407.9	100.0	-702.73	80.21	0.37	14545	0.0000	0.1323
tempe_16_barrier_leading_fixed_presslight_gat_shield	REAL_TRAIN	4	432.2	100.0	-592.26	79.91	0.41	13868	0.0000	0.1325
tempe_16_barrier_leading_fixed_presslight_gat_shield	REAL_TRAIN	5	280.2	100.0	-457.49	53.63	0.35	16603	0.0000	0.1266
tempe_16_barrier_leading_fixed_presslight_gat_shield	REAL_TRAIN	6	320.3	100.0	-504.37	61.84	0.37	16479	0.0000	0.1385
tempe_16_barrier_leading_fixed_presslight_gat_shield	REAL_TRAIN	7	321.3	100.0	-569.43	61.40	0.35	16445	0.0000	0.1267
tempe_16_barrier_leading_fixed_presslight_gat_shield	REAL_TRAIN	8	385.9	100.0	-683.15	75.79	0.37	15109	0.0000	0.1389
tempe_16_barrier_leading_fixed_presslight_gat_shield	REAL_TRAIN	9	314.9	100.0	-573.64	61.61	0.36	16357	0.0000	0.1451
tempe_16_barrier_leading_fixed_presslight_gat_shield	REAL_TRAIN	10	578.9	100.0	-763.80	113.21	0.43	12502	0.0000	0.1396
tempe_16_barrier_leading_fixed_presslight_gat_shield	REAL_TRAIN	11	548.4	100.0	-748.40	108.28	0.42	12562	0.0000	0.1455
tempe_16_barrier_leading_fixed_presslight_gat_shield	REAL_TRAIN	12	524.9	100.0	-999.61	101.98	0.42	12590	0.0000	0.1484
tempe_16_barrier_leading_fixed_presslight_gat_shield	REAL_TRAIN	13	525.5	100.0	-785.01	101.11	0.42	12737	0.0000	0.1451
tempe_16_barrier_leading_fixed_presslight_gat_shield	REAL_TRAIN	14	300.3	100.0	-540.15	62.48	0.37	16704	0.0000	0.1424
tempe_16_barrier_leading_fixed_presslight_gat_shield	REAL_TRAIN	15	483.1	100.0	-715.64	100.55	0.41	13549	0.0000	0.1491
tempe_16_barrier_leading_fixed_presslight_gat_shield	REAL_TRAIN	16	438.7	100.0	-720.23	94.47	0.42	15184	0.0000	0.1477
tempe_16_barrier_leading_fixed_presslight_gat_shield	REAL_TRAIN	17	810.2	100.0	-905.95	145.70	0.45	9666	0.0000	0.1498
tempe_16_barrier_leading_fixed_presslight_gat_shield	REAL_TRAIN	18	750.5	100.0	-981.58	136.41	0.44	9965	0.0000	0.1470
tempe_16_barrier_leading_fixed_presslight_gat_shield	REAL_TRAIN	19	781.1	100.0	-824.02	139.97	0.44	9975	0.0000	0.1474
tempe_16_barrier_leading_fixed_presslight_gat_shield	REAL_TRAIN	20	588.1	100.0	-895.24	116.07	0.42	11984	0.0000	0.1373
tempe_16_barrier_leading_fixed_presslight_gat_shield	REAL_TRAIN	21	468.1	100.0	-907.92	95.70	0.40	13610	0.0000	0.1319
tempe_16_barrier_leading_fixed_presslight_gat_shield	REAL_TRAIN	22	636.7	100.0	-992.25	122.75	0.42	11308	0.0000	0.1460
tempe_16_barrier_leading_fixed_presslight_gat_shield	REAL_TRAIN	23	505.8	100.0	-914.67	102.63	0.41	13277	0.0000	0.1380
tempe_16_barrier_leading_fixed_presslight_gat_shield	REAL_TRAIN	24	367.8	100.0	-827.12	78.09	0.39	15867	0.0000	0.1333
tempe_16_barrier_leading_fixed_presslight_gat_shield	REAL_TRAIN	25	333.8	100.0	-713.34	66.41	0.40	15810	0.0000	0.1378
tempe_16_barrier_leading_fixed_presslight_gat_shield	REAL_TRAIN	26	502.1	100.0	-832.89	89.54	0.40	12995	0.0000	0.1425
tempe_16_barrier_leading_fixed_presslight_gat_shield	REAL_TRAIN	27	490.2	100.0	-944.04	92.77	0.41	13782	0.0000	0.1429
tempe_16_barrier_leading_fixed_presslight_gat_shield	REAL_TRAIN	28	629.5	100.0	-913.57	126.12	0.43	11733	0.0000	0.1415
tempe_16_barrier_leading_fixed_presslight_gat_shield	REAL_TRAIN	29	632.4	100.0	-910.88	123.99	0.43	11816	0.0000	0.1387
tempe_16_barrier_leading_fixed_presslight_gat_shield	REAL_TRAIN	30	757.2	100.0	-1004.01	139.81	0.45	10037	0.0000	0.1413
tempe_16_barrier_leading_fixed_presslight_gat_shield	REAL_TRAIN	31	533.2	100.0	-959.50	102.35	0.42	13220	0.0000	0.1410
tempe_16_barrier_leading_fixed_presslight_gat_shield	REAL_TRAIN	32	441.0	100.0	-721.06	84.50	0.40	14817	0.0000	0.1332
tempe_16_barrier_leading_fixed_presslight_gat_shield	REAL_TRAIN	33	427.8	100.0	-793.91	84.30	0.40	14473	0.0000	0.1373
tempe_16_barrier_leading_fixed_presslight_gat_shield	REAL_TRAIN	34	635.7	100.0	-988.96	116.61	0.43	10957	0.0000	0.1451
tempe_16_barrier_leading_fixed_presslight_gat_shield	REAL_TRAIN	35	623.2	100.0	-1058.64	121.94	0.42	11910	0.0000	0.1415
tempe_16_barrier_leading_fixed_presslight_gat_shield	REAL_TRAIN	36	571.1	100.0	-1034.99	117.49	0.41	12512	0.0000	0.1410
tempe_16_barrier_leading_fixed_presslight_gat_shield	REAL_TRAIN	37	508.3	100.0	-893.03	95.64	0.41	12663	0.0000	0.1356
tempe_16_barrier_leading_fixed_presslight_gat_shield	REAL_TRAIN	38	562.5	100.0	-965.13	105.82	0.42	12092	0.0000	0.1351
tempe_16_barrier_leading_fixed_presslight_gat_shield	REAL_TRAIN	39	703.7	100.0	-1199.65	129.18	0.44	10399	0.0000	0.1302
tempe_16_barrier_leading_fixed_presslight_gat_shield	REAL_TRAIN	40	711.2	100.0	-1208.96	128.88	0.44	10294	0.0000	0.1429
tempe_16_barrier_leading_fixed_presslight_gat_shield	REAL_TRAIN	41	715.4	100.0	-1217.01	129.32	0.44	10153	0.0000	0.1467
tempe_16_barrier_leading_fixed_presslight_gat_shield	REAL_TRAIN	42	580.1	100.0	-1090.09	104.37	0.42	11225	0.0000	0.1493
tempe_16_barrier_leading_fixed_presslight_gat_shield	REAL_TRAIN	43	316.9	100.0	-881.28	67.90	0.38	15954	0.0000	0.1420
tempe_16_barrier_leading_fixed_presslight_gat_shield	REAL_TRAIN	44	501.0	100.0	-1020.66	95.28	0.42	12787	0.0000	0.1394
tempe_16_barrier_leading_fixed_presslight_gat_shield	REAL_TRAIN	45	547.9	100.0	-925.58	102.33	0.42	11793	0.0000	0.1476
tempe_16_barrier_leading_fixed_presslight_gat_shield	REAL_TRAIN	46	589.4	100.0	-904.52	109.49	0.42	11317	0.0000	0.1358
tempe_16_barrier_leading_fixed_presslight_gat_shield	REAL_TRAIN	47	608.8	100.0	-880.17	109.76	0.42	11036	0.0000	0.1325
tempe_16_barrier_leading_fixed_presslight_gat_shield	REAL_TRAIN	48	566.1	100.0	-827.46	105.42	0.40	11982	0.0000	0.1335
tempe_16_barrier_leading_fixed_presslight_gat_shield	REAL_TRAIN	49	589.8	100.0	-954.32	104.72	0.41	11123	0.0000	0.1260
tempe_16_barrier_leading_fixed_presslight_gat_shield	REAL_TRAIN	50	511.6	100.0	-933.37	94.81	0.40	12308	0.0000	0.1274
tempe_16_barrier_leading_fixed_presslight_gat_shield	REAL_TRAIN	51	637.1	100.0	-908.80	106.81	0.44	10546	0.0000	0.1358
tempe_16_barrier_leading_fixed_presslight_gat_shield	REAL_TRAIN	52	632.6	100.0	-856.74	112.04	0.44	11143	0.0000	0.1345
tempe_16_barrier_leading_fixed_presslight_gat_shield	REAL_TRAIN	53	589.2	100.0	-817.86	105.80	0.43	11871	0.0000	0.1337
tempe_16_barrier_leading_fixed_presslight_gat_shield	REAL_TRAIN	54	636.6	100.0	-852.73	111.14	0.43	11112	0.0000	0.1375
tempe_16_barrier_leading_fixed_presslight_gat_shield	REAL_TRAIN	55	597.7	100.0	-867.17	103.89	0.43	11306	0.0000	0.1370
tempe_16_barrier_leading_fixed_presslight_gat_shield	REAL_TRAIN	56	549.8	100.0	-831.21	103.38	0.42	12311	0.0000	0.1361
tempe_16_barrier_leading_fixed_presslight_gat_shield	REAL_TRAIN	57	584.5	100.0	-797.17	103.53	0.43	11753	0.0000	0.1399
tempe_16_barrier_leading_fixed_presslight_gat_shield	REAL_TRAIN	58	554.4	100.0	-771.91	99.63	0.43	12136	0.0000	0.1422
tempe_16_barrier_leading_fixed_presslight_gat_shield	REAL_TRAIN	59	588.6	100.0	-855.82	103.77	0.44	11478	0.0000	0.1405
tempe_16_barrier_leading_fixed_presslight_gat_shield	REAL_TRAIN	60	710.5	100.0	-906.59	120.64	0.43	10369	0.0000	0.1359
tempe_16_barrier_leading_fixed_presslight_gat_shield	REAL_TRAIN	61	779.0	100.0	-974.70	139.93	0.44	9776	0.0000	0.1344
tempe_16_barrier_leading_fixed_presslight_gat_shield	REAL_TRAIN	62	575.6	100.0	-927.34	112.26	0.43	12494	0.0000	0.1451
tempe_16_barrier_leading_fixed_presslight_gat_shield	REAL_TRAIN	63	575.5	100.0	-984.43	108.28	0.43	12240	0.0000	0.1347
tempe_16_barrier_leading_fixed_presslight_gat_shield	REAL_TRAIN	64	656.6	100.0	-993.00	112.08	0.45	10898	0.0000	0.1349
tempe_16_barrier_leading_fixed_presslight_gat_shield	REAL_TRAIN	65	599.3	100.0	-918.26	109.40	0.42	11649	0.0000	0.1262
tempe_16_barrier_leading_fixed_presslight_gat_shield	REAL_TRAIN	66	599.6	100.0	-915.79	108.56	0.43	11825	0.0000	0.1269
tempe_16_barrier_leading_fixed_presslight_gat_shield	REAL_TRAIN	67	592.7	100.0	-895.14	107.88	0.42	11890	0.0000	0.1311
tempe_16_barrier_leading_fixed_presslight_gat_shield	REAL_TRAIN	68	670.8	100.0	-1019.39	130.92	0.43	11563	0.0000	0.1354
tempe_16_barrier_leading_fixed_presslight_gat_shield	REAL_TRAIN	69	612.2	100.0	-924.35	108.93	0.43	11602	0.0000	0.1339
tempe_16_barrier_leading_fixed_presslight_gat_shield	REAL_TRAIN	70	580.9	100.0	-881.42	104.39	0.42	12084	0.0000	0.1250
tempe_16_barrier_leading_fixed_presslight_gat_shield	REAL_TRAIN	71	575.8	100.0	-890.32	102.96	0.42	12052	0.0000	0.1231
tempe_16_barrier_leading_fixed_presslight_gat_shield	REAL_TRAIN	72	658.8	100.0	-1007.63	113.51	0.42	11054	0.0000	0.1293
tempe_16_barrier_leading_fixed_presslight_gat_shield	REAL_TRAIN	73	362.2	100.0	-801.67	74.08	0.39	14883	0.0000	0.1104
tempe_16_barrier_leading_fixed_presslight_gat_shield	REAL_TRAIN	74	347.0	100.0	-774.69	69.94	0.39	15061	0.0000	0.1205
tempe_16_barrier_leading_fixed_presslight_gat_shield	REAL_TRAIN	75	452.5	100.0	-824.63	91.94	0.41	14735	0.0000	0.1194
tempe_16_barrier_leading_fixed_presslight_gat_shield	REAL_TRAIN	76	439.9	100.0	-860.81	85.81	0.40	14048	0.0000	0.1168
tempe_16_barrier_leading_fixed_presslight_gat_shield	REAL_TRAIN	77	419.6	100.0	-845.96	83.43	0.41	14360	0.0000	0.1160
tempe_16_barrier_leading_fixed_presslight_gat_shield	REAL_TRAIN	78	406.4	100.0	-814.12	84.14	0.41	14777	0.0000	0.1227
tempe_16_barrier_leading_fixed_presslight_gat_shield	REAL_TRAIN	79	406.0	100.0	-801.74	83.49	0.41	14782	0.0000	0.1227
tempe_16_barrier_leading_fixed_presslight_gat_shield	REAL_TRAIN	80	560.2	100.0	-968.13	111.40	0.42	12980	0.0000	0.1215
tempe_16_barrier_leading_fixed_presslight_gat_shield	REAL_TRAIN	81	637.1	100.0	-1028.36	117.86	0.41	11530	0.0000	0.1203
tempe_16_barrier_leading_fixed_presslight_gat_shield	REAL_TRAIN	82	586.8	100.0	-1052.30	115.61	0.42	12686	0.0000	0.1220
tempe_16_barrier_leading_fixed_presslight_gat_shield	REAL_TRAIN	83	596.0	100.0	-966.46	110.79	0.43	12221	0.0000	0.1240
tempe_16_barrier_leading_fixed_presslight_gat_shield	REAL_TRAIN	84	690.2	100.0	-1046.85	127.16	0.44	10720	0.0000	0.1332
tempe_16_barrier_leading_fixed_presslight_gat_shield	REAL_TRAIN	85	594.8	100.0	-956.54	118.07	0.43	12370	0.0000	0.1363
tempe_16_barrier_leading_fixed_presslight_gat_shield	REAL_TRAIN	86	602.6	100.0	-978.31	119.84	0.43	12235	0.0000	0.1319
tempe_16_barrier_leading_fixed_presslight_gat_shield	REAL_TRAIN	87	602.9	100.0	-934.03	112.18	0.42	12407	0.0000	0.1344
tempe_16_barrier_leading_fixed_presslight_gat_shield	REAL_TRAIN	88	606.7	100.0	-991.67	114.44	0.44	12399	0.0000	0.1349
tempe_16_barrier_leading_fixed_presslight_gat_shield	REAL_TRAIN	89	474.4	100.0	-823.27	94.22	0.41	14079	0.0000	0.1325
tempe_16_barrier_leading_fixed_presslight_gat_shield	REAL_TRAIN	90	521.9	100.0	-881.75	101.08	0.42	13159	0.0000	0.1319
tempe_16_barrier_leading_fixed_presslight_gat_shield	REAL_TRAIN	91	495.2	100.0	-884.85	98.15	0.41	13803	0.0000	0.1273
tempe_16_barrier_leading_fixed_presslight_gat_shield	REAL_TRAIN	92	497.5	100.0	-877.33	99.07	0.41	13839	0.0000	0.1313
tempe_16_barrier_leading_fixed_presslight_gat_shield	REAL_TRAIN	93	426.1	100.0	-740.37	84.17	0.40	14887	0.0000	0.1297
tempe_16_barrier_leading_fixed_presslight_gat_shield	REAL_TRAIN	94	474.1	100.0	-850.07	94.74	0.40	14108	0.0000	0.1299
tempe_16_barrier_leading_fixed_presslight_gat_shield	REAL_TRAIN	95	376.2	100.0	-658.34	72.10	0.40	15432	0.0000	0.1243
tempe_16_barrier_leading_fixed_presslight_gat_shield	REAL_TRAIN	96	393.4	100.0	-695.96	76.02	0.41	14971	0.0000	0.1276
tempe_16_barrier_leading_fixed_presslight_gat_shield	REAL_TRAIN	97	419.1	100.0	-697.46	79.86	0.42	14447	0.0000	0.1280
tempe_16_barrier_leading_fixed_presslight_gat_shield	REAL_TRAIN	98	421.5	100.0	-705.73	81.47	0.42	14391	0.0000	0.1297
tempe_16_barrier_leading_fixed_presslight_gat_shield	REAL_TRAIN	99	412.4	100.0	-697.62	78.65	0.42	14363	0.0000	0.1286
