tempe_16_setting2_dqn_gat	SIM_TEST	0	76.3	100.0	-26.42	2.05	0.20	21339
tempe_16_setting2_dqn_gat	REAL_TRAIN	0	96.4	100.0	-46.42	4.11	0.24	18764
tempe_16_setting2_dqn_gat	SIM_TRAIN	0	693.5	0.0	-1676.48	141.75	0.56	13733
tempe_16_setting2_dqn_gat	SIM_TEST	1	76.3	100.0	-26.13	2.01	0.20	21328
tempe_16_setting2_dqn_gat	REAL_TRAIN	1	96.4	100.0	-46.42	4.11	0.24	18764
tempe_16_setting2_dqn_gat	SIM_TRAIN	0	697.0	0.0	-1681.54	142.17	0.56	13707
tempe_16_setting2_dqn_gat	SIM_TEST	2	76.2	100.0	-26.01	2.02	0.20	21329
tempe_16_setting2_dqn_gat	REAL_TRAIN	2	96.4	100.0	-46.42	4.11	0.24	18764
tempe_16_setting2_dqn_gat	SIM_TRAIN	0	658.8	140.6	-1537.09	133.93	0.55	14139
tempe_16_setting2_dqn_gat	SIM_TEST	3	1295.3	100.0	-3232.70	247.23	0.56	6710
tempe_16_setting2_dqn_gat	REAL_TRAIN	3	1063.1	100.0	-2129.81	166.11	0.52	6727
tempe_16_setting2_dqn_gat	SIM_TRAIN	0	1124.6	25.7	-2833.61	227.70	0.60	8394
tempe_16_setting2_dqn_gat	SIM_TEST	4	1207.9	100.0	-3032.60	235.04	0.53	7659
tempe_16_setting2_dqn_gat	REAL_TRAIN	4	1225.1	100.0	-2454.69	185.22	0.54	6028
tempe_16_setting2_dqn_gat	SIM_TRAIN	0	1382.5	68.4	-3346.17	258.29	0.59	5264
tempe_16_setting2_dqn_gat	SIM_TEST	5	1252.3	100.0	-3096.73	239.11	0.54	7532
tempe_16_setting2_dqn_gat	REAL_TRAIN	5	1160.0	100.0	-2291.55	178.72	0.54	6015
tempe_16_setting2_dqn_gat	SIM_TRAIN	0	1375.8	118.3	-3418.31	263.45	0.61	5748
tempe_16_setting2_dqn_gat	SIM_TEST	6	1005.2	100.0	-2422.32	190.39	0.54	10268
tempe_16_setting2_dqn_gat	REAL_TRAIN	6	743.5	100.0	-1596.71	131.24	0.53	9737
tempe_16_setting2_dqn_gat	SIM_TRAIN	0	1026.3	158.9	-2514.35	189.68	0.59	10138
tempe_16_setting2_dqn_gat	SIM_TEST	7	996.3	100.0	-2349.70	187.86	0.53	9817
tempe_16_setting2_dqn_gat	REAL_TRAIN	7	757.8	100.0	-1911.12	156.61	0.52	9590
tempe_16_setting2_dqn_gat	SIM_TRAIN	0	1182.8	187.4	-2793.31	229.42	0.61	8023
tempe_16_setting2_dqn_gat	SIM_TEST	8	845.3	100.0	-2322.63	168.43	0.55	12113
tempe_16_setting2_dqn_gat	REAL_TRAIN	8	586.2	100.0	-1455.85	103.80	0.51	11661
tempe_16_setting2_dqn_gat	SIM_TRAIN	0	1289.0	175.1	-3194.16	243.07	0.63	7083
tempe_16_setting2_dqn_gat	SIM_TEST	9	577.8	100.0	-1206.66	89.99	0.46	15372
tempe_16_setting2_dqn_gat	REAL_TRAIN	9	385.5	100.0	-997.29	71.83	0.47	13978
tempe_16_setting2_dqn_gat	SIM_TRAIN	0	983.6	175.2	-2231.91	187.09	0.60	10346
tempe_16_setting2_dqn_gat	SIM_TEST	10	367.6	100.0	-949.93	71.09	0.44	17812
tempe_16_setting2_dqn_gat	REAL_TRAIN	10	431.3	100.0	-1060.65	82.32	0.44	13559
tempe_16_setting2_dqn_gat	SIM_TRAIN	0	707.9	183.3	-1979.22	157.16	0.59	13558
tempe_16_setting2_dqn_gat	SIM_TEST	11	339.6	100.0	-910.51	67.93	0.42	18145
tempe_16_setting2_dqn_gat	REAL_TRAIN	11	292.6	100.0	-781.92	57.78	0.41	15552
tempe_16_setting2_dqn_gat	SIM_TRAIN	0	699.9	186.0	-1916.86	150.64	0.58	14275
tempe_16_setting2_dqn_gat	SIM_TEST	12	182.3	100.0	-496.44	35.61	0.38	20157
tempe_16_setting2_dqn_gat	REAL_TRAIN	12	197.2	100.0	-498.50	36.20	0.37	17759
tempe_16_setting2_dqn_gat	SIM_TRAIN	0	708.1	195.0	-2007.22	162.68	0.57	13430
tempe_16_setting2_dqn_gat	SIM_TEST	13	167.4	100.0	-441.16	31.43	0.39	20327
tempe_16_setting2_dqn_gat	REAL_TRAIN	13	163.2	100.0	-377.35	26.30	0.37	17744
tempe_16_setting2_dqn_gat	SIM_TRAIN	0	508.1	190.4	-1287.35	108.25	0.54	16178
tempe_16_setting2_dqn_gat	SIM_TEST	14	156.9	100.0	-398.83	27.16	0.40	20441
tempe_16_setting2_dqn_gat	REAL_TRAIN	14	149.5	100.0	-330.02	23.03	0.37	18167
tempe_16_setting2_dqn_gat	SIM_TRAIN	0	452.0	184.5	-1119.24	91.48	0.54	16737
tempe_16_setting2_dqn_gat	SIM_TEST	15	154.0	100.0	-406.93	29.75	0.42	20524
tempe_16_setting2_dqn_gat	REAL_TRAIN	15	152.8	100.0	-332.92	23.57	0.38	18194
tempe_16_setting2_dqn_gat	SIM_TRAIN	0	622.9	185.5	-1440.03	117.15	0.56	14340
tempe_16_setting2_dqn_gat	SIM_TEST	16	168.4	100.0	-443.38	31.12	0.41	20229
tempe_16_setting2_dqn_gat	REAL_TRAIN	16	173.7	100.0	-404.83	30.20	0.38	17868
tempe_16_setting2_dqn_gat	SIM_TRAIN	0	406.8	182.9	-1054.40	90.17	0.52	17227
tempe_16_setting2_dqn_gat	SIM_TEST	17	178.8	100.0	-502.05	36.54	0.41	20279
tempe_16_setting2_dqn_gat	REAL_TRAIN	17	188.9	100.0	-462.42	35.87	0.38	17806
tempe_16_setting2_dqn_gat	SIM_TRAIN	0	309.6	178.5	-846.50	68.31	0.51	18398
tempe_16_setting2_dqn_gat	SIM_TEST	18	162.8	100.0	-418.58	30.59	0.39	20388
tempe_16_setting2_dqn_gat	REAL_TRAIN	18	193.4	100.0	-419.33	32.48	0.38	17664
tempe_16_setting2_dqn_gat	SIM_TRAIN	0	492.8	178.9	-1457.29	109.58	0.53	15665
tempe_16_setting2_dqn_gat	SIM_TEST	19	154.7	100.0	-380.90	28.06	0.39	20457
tempe_16_setting2_dqn_gat	REAL_TRAIN	19	151.1	100.0	-307.28	22.34	0.35	18117
tempe_16_setting2_dqn_gat	SIM_TRAIN	0	279.9	166.8	-787.80	66.85	0.47	18828
tempe_16_setting2_dqn_gat	SIM_TEST	20	377.3	100.0	-1053.71	93.77	0.41	17747
tempe_16_setting2_dqn_gat	REAL_TRAIN	20	190.5	100.0	-416.68	33.97	0.37	17458
tempe_16_setting2_dqn_gat	SIM_TRAIN	0	270.7	139.0	-771.41	65.80	0.45	19011
tempe_16_setting2_dqn_gat	SIM_TEST	21	190.2	100.0	-493.47	39.71	0.39	20002
tempe_16_setting2_dqn_gat	REAL_TRAIN	21	236.2	100.0	-594.47	46.34	0.38	16508
tempe_16_setting2_dqn_gat	SIM_TRAIN	0	279.7	116.9	-800.68	67.70	0.46	18825
tempe_16_setting2_dqn_gat	SIM_TEST	22	186.9	100.0	-466.67	38.06	0.38	20029
tempe_16_setting2_dqn_gat	REAL_TRAIN	22	155.2	100.0	-313.34	24.14	0.34	17664
tempe_16_setting2_dqn_gat	SIM_TRAIN	0	271.4	104.8	-765.67	65.22	0.45	18913
tempe_16_setting2_dqn_gat	SIM_TEST	23	187.7	100.0	-469.60	38.54	0.38	20004
tempe_16_setting2_dqn_gat	REAL_TRAIN	23	182.7	100.0	-405.21	33.55	0.33	17699
tempe_16_setting2_dqn_gat	SIM_TRAIN	0	272.7	84.1	-777.27	66.10	0.46	18948
tempe_16_setting2_dqn_gat	SIM_TEST	24	180.0	100.0	-432.48	35.53	0.35	20128
tempe_16_setting2_dqn_gat	REAL_TRAIN	24	188.6	100.0	-402.55	34.24	0.32	17557
tempe_16_setting2_dqn_gat	SIM_TRAIN	0	247.7	67.9	-678.49	56.76	0.44	19297
tempe_16_setting2_dqn_gat	SIM_TEST	25	190.7	100.0	-483.48	40.35	0.35	20137
tempe_16_setting2_dqn_gat	REAL_TRAIN	25	226.8	100.0	-537.06	46.06	0.33	17075
tempe_16_setting2_dqn_gat	SIM_TRAIN	0	218.6	56.2	-609.02	50.14	0.43	19505
tempe_16_setting2_dqn_gat	SIM_TEST	26	198.0	100.0	-497.26	42.96	0.34	19940
tempe_16_setting2_dqn_gat	REAL_TRAIN	26	198.6	100.0	-430.69	37.10	0.31	17121
tempe_16_setting2_dqn_gat	SIM_TRAIN	0	269.7	43.4	-755.43	65.29	0.44	18897
tempe_16_setting2_dqn_gat	SIM_TEST	27	444.5	100.0	-1117.73	87.62	0.37	16756
tempe_16_setting2_dqn_gat	REAL_TRAIN	27	196.0	100.0	-436.46	37.60	0.30	17537
tempe_16_setting2_dqn_gat	SIM_TRAIN	0	244.5	40.1	-679.99	57.70	0.42	19415
tempe_16_setting2_dqn_gat	SIM_TEST	28	465.6	100.0	-1147.21	90.06	0.37	16627
tempe_16_setting2_dqn_gat	REAL_TRAIN	28	367.2	100.0	-861.40	66.90	0.39	14346
tempe_16_setting2_dqn_gat	SIM_TRAIN	0	464.5	47.8	-1270.69	102.42	0.45	16227
tempe_16_setting2_dqn_gat	SIM_TEST	29	167.6	100.0	-334.48	24.70	0.32	20308
tempe_16_setting2_dqn_gat	REAL_TRAIN	29	180.4	100.0	-393.12	30.08	0.32	17195
tempe_16_setting2_dqn_gat	SIM_TRAIN	0	298.1	57.3	-822.94	74.90	0.42	18318
tempe_16_setting2_dqn_gat	SIM_TEST	30	349.1	100.0	-845.94	79.62	0.35	17559
tempe_16_setting2_dqn_gat	REAL_TRAIN	30	256.2	100.0	-552.21	51.28	0.32	16485
tempe_16_setting2_dqn_gat	SIM_TRAIN	0	354.8	58.3	-933.44	86.06	0.42	17619
tempe_16_setting2_dqn_gat	SIM_TEST	31	140.9	100.0	-303.17	22.95	0.31	20613
tempe_16_setting2_dqn_gat	REAL_TRAIN	31	153.7	100.0	-304.10	23.83	0.30	18044
tempe_16_setting2_dqn_gat	SIM_TRAIN	0	233.5	60.7	-501.69	41.06	0.38	19477
tempe_16_setting2_dqn_gat	SIM_TEST	32	135.3	100.0	-281.29	20.82	0.31	20642
tempe_16_setting2_dqn_gat	REAL_TRAIN	32	143.8	100.0	-274.45	20.70	0.31	18147
tempe_16_setting2_dqn_gat	SIM_TRAIN	0	193.9	58.5	-463.01	38.90	0.36	19977
tempe_16_setting2_dqn_gat	SIM_TEST	33	133.1	100.0	-267.89	19.77	0.30	20731
tempe_16_setting2_dqn_gat	REAL_TRAIN	33	176.4	100.0	-363.95	30.37	0.31	17150
tempe_16_setting2_dqn_gat	SIM_TRAIN	0	174.6	53.5	-422.19	33.76	0.36	20232
tempe_16_setting2_dqn_gat	SIM_TEST	34	342.8	100.0	-854.55	64.05	0.33	17350
tempe_16_setting2_dqn_gat	REAL_TRAIN	34	329.3	100.0	-802.17	62.42	0.36	14987
tempe_16_setting2_dqn_gat	SIM_TRAIN	0	185.7	63.9	-431.75	36.07	0.32	20103
tempe_16_setting2_dqn_gat	SIM_TEST	35	129.3	100.0	-255.99	18.43	0.29	20720
tempe_16_setting2_dqn_gat	REAL_TRAIN	35	150.7	100.0	-295.96	22.44	0.29	17866
tempe_16_setting2_dqn_gat	SIM_TRAIN	0	155.4	67.5	-356.84	27.23	0.34	20306
tempe_16_setting2_dqn_gat	SIM_TEST	36	129.5	100.0	-253.08	18.49	0.28	20756
tempe_16_setting2_dqn_gat	REAL_TRAIN	36	147.9	100.0	-274.50	21.39	0.28	18093
tempe_16_setting2_dqn_gat	SIM_TRAIN	0	157.3	60.5	-358.33	27.85	0.33	20421
tempe_16_setting2_dqn_gat	SIM_TEST	37	139.2	100.0	-278.01	21.55	0.26	20615
tempe_16_setting2_dqn_gat	REAL_TRAIN	37	156.3	100.0	-296.11	23.63	0.28	17756
tempe_16_setting2_dqn_gat	SIM_TRAIN	0	145.9	45.1	-307.57	24.04	0.30	20529
tempe_16_setting2_dqn_gat	SIM_TEST	38	139.8	100.0	-285.88	22.35	0.27	20617
tempe_16_setting2_dqn_gat	REAL_TRAIN	38	159.0	100.0	-306.85	24.78	0.29	18049
tempe_16_setting2_dqn_gat	SIM_TRAIN	0	148.9	38.1	-324.24	25.77	0.31	20475
tempe_16_setting2_dqn_gat	SIM_TEST	39	136.4	100.0	-269.24	20.95	0.26	20661
tempe_16_setting2_dqn_gat	REAL_TRAIN	39	321.6	100.0	-746.33	57.05	0.35	14984
tempe_16_setting2_dqn_gat	SIM_TRAIN	0	159.7	34.9	-348.70	27.70	0.31	20240
tempe_16_setting2_dqn_gat	SIM_TEST	40	235.6	100.0	-612.79	44.76	0.30	18687
tempe_16_setting2_dqn_gat	REAL_TRAIN	40	162.5	100.0	-322.02	25.35	0.30	17723
tempe_16_setting2_dqn_gat	SIM_TRAIN	0	183.3	35.7	-398.80	31.51	0.31	19984
tempe_16_setting2_dqn_gat	SIM_TEST	41	283.4	100.0	-704.44	50.84	0.31	18605
tempe_16_setting2_dqn_gat	REAL_TRAIN	41	144.8	100.0	-263.32	19.35	0.30	17997
tempe_16_setting2_dqn_gat	SIM_TRAIN	0	213.5	36.0	-471.72	38.56	0.31	19374
tempe_16_setting2_dqn_gat	SIM_TEST	42	138.0	100.0	-266.36	19.91	0.27	20685
tempe_16_setting2_dqn_gat	REAL_TRAIN	42	160.1	100.0	-312.28	24.46	0.30	17739
tempe_16_setting2_dqn_gat	SIM_TRAIN	0	155.7	34.2	-345.36	28.07	0.31	20332
tempe_16_setting2_dqn_gat	SIM_TEST	43	134.0	100.0	-264.44	20.11	0.27	20669
tempe_16_setting2_dqn_gat	REAL_TRAIN	43	155.6	100.0	-298.92	23.00	0.30	17832
tempe_16_setting2_dqn_gat	SIM_TRAIN	0	151.1	29.6	-320.55	25.46	0.30	20451
tempe_16_setting2_dqn_gat	SIM_TEST	44	160.6	100.0	-295.76	22.65	0.26	20405
tempe_16_setting2_dqn_gat	REAL_TRAIN	44	154.2	100.0	-291.57	22.44	0.30	17815
tempe_16_setting2_dqn_gat	SIM_TRAIN	0	148.4	26.7	-311.35	24.46	0.30	20500
tempe_16_setting2_dqn_gat	SIM_TEST	45	155.4	100.0	-281.60	21.05	0.27	20433
tempe_16_setting2_dqn_gat	REAL_TRAIN	45	150.8	100.0	-285.02	21.59	0.30	17853
tempe_16_setting2_dqn_gat	SIM_TRAIN	0	184.3	22.2	-374.36	29.17	0.30	20135
tempe_16_setting2_dqn_gat	SIM_TEST	46	128.3	100.0	-241.59	18.03	0.24	20725
tempe_16_setting2_dqn_gat	REAL_TRAIN	46	152.1	100.0	-291.01	22.12	0.29	18047
tempe_16_setting2_dqn_gat	SIM_TRAIN	0	161.5	19.7	-357.23	29.52	0.29	20233
tempe_16_setting2_dqn_gat	SIM_TEST	47	128.0	100.0	-239.31	17.85	0.24	20735
tempe_16_setting2_dqn_gat	REAL_TRAIN	47	142.8	100.0	-257.61	19.53	0.28	18150
tempe_16_setting2_dqn_gat	SIM_TRAIN	0	143.6	18.3	-293.40	22.66	0.28	20528
tempe_16_setting2_dqn_gat	SIM_TEST	48	131.9	100.0	-251.84	19.27	0.24	20715
tempe_16_setting2_dqn_gat	REAL_TRAIN	48	142.9	100.0	-259.46	19.81	0.27	18095
tempe_16_setting2_dqn_gat	SIM_TRAIN	0	146.6	17.3	-303.92	23.82	0.29	20496
tempe_16_setting2_dqn_gat	SIM_TEST	49	127.9	100.0	-236.91	17.62	0.23	20729
tempe_16_setting2_dqn_gat	REAL_TRAIN	49	144.1	100.0	-260.35	20.01	0.28	18026
tempe_16_setting2_dqn_gat	SIM_TRAIN	0	144.1	16.4	-292.95	22.86	0.27	20514
tempe_16_setting2_dqn_gat	SIM_TEST	50	408.5	100.0	-939.43	86.17	0.28	16597
tempe_16_setting2_dqn_gat	REAL_TRAIN	50	257.1	100.0	-551.85	52.09	0.29	16644
tempe_16_setting2_dqn_gat	SIM_TRAIN	0	324.4	17.1	-775.48	71.30	0.31	17382
tempe_16_setting2_dqn_gat	SIM_TEST	51	130.6	100.0	-248.30	18.85	0.24	20720
tempe_16_setting2_dqn_gat	REAL_TRAIN	51	143.0	100.0	-256.75	19.64	0.27	18125
tempe_16_setting2_dqn_gat	SIM_TRAIN	0	142.1	20.9	-291.38	22.68	0.28	20547
tempe_16_setting2_dqn_gat	SIM_TEST	52	128.1	100.0	-239.27	17.93	0.23	20740
tempe_16_setting2_dqn_gat	REAL_TRAIN	52	141.6	100.0	-250.71	19.15	0.28	18132
tempe_16_setting2_dqn_gat	SIM_TRAIN	0	142.3	22.8	-289.94	22.50	0.27	20538
tempe_16_setting2_dqn_gat	SIM_TEST	53	128.7	100.0	-238.80	17.78	0.24	20709
tempe_16_setting2_dqn_gat	REAL_TRAIN	53	155.8	100.0	-298.94	22.76	0.30	17671
tempe_16_setting2_dqn_gat	SIM_TRAIN	0	131.2	21.8	-252.85	18.66	0.27	20680
tempe_16_setting2_dqn_gat	SIM_TEST	54	127.4	100.0	-237.50	17.64	0.24	20737
tempe_16_setting2_dqn_gat	REAL_TRAIN	54	158.0	100.0	-303.89	23.20	0.30	17645
tempe_16_setting2_dqn_gat	SIM_TRAIN	0	141.6	21.7	-290.60	22.63	0.27	20533
tempe_16_setting2_dqn_gat	SIM_TEST	55	124.7	100.0	-227.69	16.63	0.24	20753
tempe_16_setting2_dqn_gat	REAL_TRAIN	55	152.8	100.0	-291.86	21.95	0.30	17828
tempe_16_setting2_dqn_gat	SIM_TRAIN	0	163.4	21.5	-361.29	30.31	0.28	20274
tempe_16_setting2_dqn_gat	SIM_TEST	56	124.1	100.0	-225.66	16.42	0.24	20771
tempe_16_setting2_dqn_gat	REAL_TRAIN	56	154.8	100.0	-296.40	22.55	0.30	17905
tempe_16_setting2_dqn_gat	SIM_TRAIN	0	127.7	20.8	-244.92	17.78	0.27	20720
tempe_16_setting2_dqn_gat	SIM_TEST	57	121.0	100.0	-214.31	15.26	0.23	20801
tempe_16_setting2_dqn_gat	REAL_TRAIN	57	165.5	100.0	-333.89	25.68	0.31	17735
tempe_16_setting2_dqn_gat	SIM_TRAIN	0	124.4	20.0	-234.17	16.71	0.27	20737
tempe_16_setting2_dqn_gat	SIM_TEST	58	122.4	100.0	-219.74	15.81	0.24	20767
tempe_16_setting2_dqn_gat	REAL_TRAIN	58	158.8	100.0	-314.85	23.82	0.30	17800
tempe_16_setting2_dqn_gat	SIM_TRAIN	0	125.8	18.9	-239.33	17.21	0.27	20737
tempe_16_setting2_dqn_gat	SIM_TEST	59	181.8	100.0	-382.34	26.65	0.26	19788
tempe_16_setting2_dqn_gat	REAL_TRAIN	59	160.1	100.0	-311.57	24.22	0.29	17764
tempe_16_setting2_dqn_gat	SIM_TRAIN	0	145.5	18.5	-284.88	22.81	0.27	20197
tempe_16_setting2_dqn_gat	SIM_TEST	60	146.4	100.0	-262.15	18.39	0.28	20520
tempe_16_setting2_dqn_gat	REAL_TRAIN	60	162.5	100.0	-327.34	25.16	0.31	17731
tempe_16_setting2_dqn_gat	SIM_TRAIN	0	220.4	18.4	-417.41	37.26	0.28	19431
tempe_16_setting2_dqn_gat	SIM_TEST	61	121.6	100.0	-217.32	15.54	0.24	20786
tempe_16_setting2_dqn_gat	REAL_TRAIN	61	155.5	100.0	-299.43	22.55	0.29	17750
tempe_16_setting2_dqn_gat	SIM_TRAIN	0	125.3	18.8	-236.99	17.00	0.27	20770
tempe_16_setting2_dqn_gat	SIM_TEST	62	149.7	100.0	-269.40	19.06	0.26	20467
tempe_16_setting2_dqn_gat	REAL_TRAIN	62	149.5	100.0	-277.26	20.31	0.28	17749
tempe_16_setting2_dqn_gat	SIM_TRAIN	0	125.9	18.3	-240.28	17.18	0.27	20764
tempe_16_setting2_dqn_gat	SIM_TEST	63	120.4	100.0	-212.11	15.12	0.23	20800
tempe_16_setting2_dqn_gat	REAL_TRAIN	63	144.5	100.0	-258.28	19.36	0.27	17974
tempe_16_setting2_dqn_gat	SIM_TRAIN	0	125.4	17.8	-236.57	17.03	0.27	20766
tempe_16_setting2_dqn_gat	SIM_TEST	64	121.9	100.0	-218.08	15.68	0.24	20768
tempe_16_setting2_dqn_gat	REAL_TRAIN	64	139.6	100.0	-241.48	18.20	0.26	18139
tempe_16_setting2_dqn_gat	SIM_TRAIN	0	205.4	16.5	-412.45	36.29	0.29	19754
tempe_16_setting2_dqn_gat	SIM_TEST	65	121.3	100.0	-215.25	15.41	0.23	20790
tempe_16_setting2_dqn_gat	REAL_TRAIN	65	142.6	100.0	-244.78	18.56	0.26	18116
tempe_16_setting2_dqn_gat	SIM_TRAIN	0	125.9	15.2	-235.06	17.18	0.25	20769
tempe_16_setting2_dqn_gat	SIM_TEST	66	121.2	100.0	-214.88	15.33	0.23	20792
tempe_16_setting2_dqn_gat	REAL_TRAIN	66	143.7	100.0	-251.18	19.16	0.26	18101
tempe_16_setting2_dqn_gat	SIM_TRAIN	0	134.3	15.4	-262.11	20.24	0.26	20434
tempe_16_setting2_dqn_gat	SIM_TEST	67	122.0	100.0	-219.24	15.67	0.23	20775
tempe_16_setting2_dqn_gat	REAL_TRAIN	67	139.6	100.0	-244.00	18.38	0.26	18116
tempe_16_setting2_dqn_gat	SIM_TRAIN	0	132.6	15.7	-258.20	19.56	0.25	20582
tempe_16_setting2_dqn_gat	SIM_TEST	68	120.0	100.0	-211.29	14.98	0.23	20818
tempe_16_setting2_dqn_gat	REAL_TRAIN	68	139.2	100.0	-239.52	18.14	0.26	18164
tempe_16_setting2_dqn_gat	SIM_TRAIN	0	126.0	15.7	-239.37	17.24	0.27	20752
tempe_16_setting2_dqn_gat	SIM_TEST	69	120.4	100.0	-212.28	15.08	0.23	20791
tempe_16_setting2_dqn_gat	REAL_TRAIN	69	136.3	100.0	-232.87	17.46	0.26	18095
tempe_16_setting2_dqn_gat	SIM_TRAIN	0	134.4	15.5	-263.60	20.27	0.24	20533
tempe_16_setting2_dqn_gat	SIM_TEST	70	120.6	100.0	-213.07	15.15	0.23	20793
tempe_16_setting2_dqn_gat	REAL_TRAIN	70	142.5	100.0	-247.19	18.73	0.27	18098
tempe_16_setting2_dqn_gat	SIM_TRAIN	0	133.6	15.2	-258.85	19.78	0.24	20584
tempe_16_setting2_dqn_gat	SIM_TEST	71	120.6	100.0	-213.43	15.13	0.23	20791
tempe_16_setting2_dqn_gat	REAL_TRAIN	71	142.1	100.0	-247.48	18.79	0.27	18091
tempe_16_setting2_dqn_gat	SIM_TRAIN	0	123.8	15.3	-225.53	16.38	0.24	20779
tempe_16_setting2_dqn_gat	SIM_TEST	72	121.3	100.0	-216.36	15.34	0.23	20801
tempe_16_setting2_dqn_gat	REAL_TRAIN	72	143.3	100.0	-251.02	18.91	0.27	18043
tempe_16_setting2_dqn_gat	SIM_TRAIN	0	124.8	15.7	-230.57	16.78	0.24	20760
tempe_16_setting2_dqn_gat	SIM_TEST	73	122.2	100.0	-220.13	15.69	0.23	20785
tempe_16_setting2_dqn_gat	REAL_TRAIN	73	141.4	100.0	-245.96	18.38	0.26	18098
tempe_16_setting2_dqn_gat	SIM_TRAIN	0	179.2	15.3	-351.98	30.14	0.26	20027
tempe_16_setting2_dqn_gat	SIM_TEST	74	124.9	100.0	-222.77	16.06	0.23	20734
tempe_16_setting2_dqn_gat	REAL_TRAIN	74	140.4	100.0	-242.24	18.17	0.27	18095
tempe_16_setting2_dqn_gat	SIM_TRAIN	0	129.5	14.7	-242.05	17.94	0.24	20613
tempe_16_setting2_dqn_gat	SIM_TEST	75	121.2	100.0	-215.90	15.40	0.23	20783
tempe_16_setting2_dqn_gat	REAL_TRAIN	75	137.6	100.0	-237.33	17.70	0.26	18123
tempe_16_setting2_dqn_gat	SIM_TRAIN	0	126.2	14.7	-236.05	17.40	0.24	20682
tempe_16_setting2_dqn_gat	SIM_TEST	76	121.0	100.0	-214.45	15.29	0.23	20791
tempe_16_setting2_dqn_gat	REAL_TRAIN	76	139.7	100.0	-241.51	18.12	0.26	18141
tempe_16_setting2_dqn_gat	SIM_TRAIN	0	123.6	14.6	-226.40	16.39	0.25	20742
tempe_16_setting2_dqn_gat	SIM_TEST	77	122.4	100.0	-219.32	15.82	0.23	20762
tempe_16_setting2_dqn_gat	REAL_TRAIN	77	142.3	100.0	-249.01	18.76	0.27	18128
tempe_16_setting2_dqn_gat	SIM_TRAIN	0	126.7	14.3	-237.22	17.54	0.24	20706
tempe_16_setting2_dqn_gat	SIM_TEST	78	144.4	100.0	-324.78	22.86	0.25	20044
tempe_16_setting2_dqn_gat	REAL_TRAIN	78	137.9	100.0	-237.38	17.60	0.26	18179
tempe_16_setting2_dqn_gat	SIM_TRAIN	0	123.9	13.9	-226.60	16.45	0.24	20777
tempe_16_setting2_dqn_gat	SIM_TEST	79	120.3	100.0	-211.98	15.03	0.23	20804
tempe_16_setting2_dqn_gat	REAL_TRAIN	79	136.4	100.0	-233.39	17.17	0.26	18169
tempe_16_setting2_dqn_gat	SIM_TRAIN	0	158.8	13.9	-312.79	25.94	0.26	20194
tempe_16_setting2_dqn_gat	SIM_TEST	80	117.1	100.0	-199.36	13.71	0.23	20864
tempe_16_setting2_dqn_gat	REAL_TRAIN	80	134.3	100.0	-225.93	16.40	0.26	18185
tempe_16_setting2_dqn_gat	SIM_TRAIN	0	179.7	14.2	-348.52	29.98	0.26	20072
tempe_16_setting2_dqn_gat	SIM_TEST	81	120.7	100.0	-213.11	15.15	0.23	20793
tempe_16_setting2_dqn_gat	REAL_TRAIN	81	138.7	100.0	-236.04	17.61	0.26	18182
tempe_16_setting2_dqn_gat	SIM_TRAIN	0	174.6	14.3	-350.78	30.28	0.25	20337
tempe_16_setting2_dqn_gat	SIM_TEST	82	120.0	100.0	-210.63	14.92	0.23	20800
tempe_16_setting2_dqn_gat	REAL_TRAIN	82	134.8	100.0	-225.72	16.65	0.26	18238
tempe_16_setting2_dqn_gat	SIM_TRAIN	0	172.1	14.8	-339.76	28.97	0.26	20123
tempe_16_setting2_dqn_gat	SIM_TEST	83	121.3	100.0	-215.86	15.42	0.23	20791
tempe_16_setting2_dqn_gat	REAL_TRAIN	83	138.7	100.0	-236.12	17.60	0.26	18148
tempe_16_setting2_dqn_gat	SIM_TRAIN	0	126.4	15.2	-234.87	17.38	0.24	20759
tempe_16_setting2_dqn_gat	SIM_TEST	84	120.3	100.0	-211.63	15.01	0.23	20807
tempe_16_setting2_dqn_gat	REAL_TRAIN	84	141.8	100.0	-245.03	18.35	0.26	18120
tempe_16_setting2_dqn_gat	SIM_TRAIN	0	165.6	15.5	-338.16	28.87	0.25	20320
tempe_16_setting2_dqn_gat	SIM_TEST	85	117.7	100.0	-201.75	13.97	0.23	20851
tempe_16_setting2_dqn_gat	REAL_TRAIN	85	130.8	100.0	-216.33	15.67	0.26	18192
tempe_16_setting2_dqn_gat	SIM_TRAIN	0	127.9	14.9	-238.19	17.88	0.24	20705
tempe_16_setting2_dqn_gat	SIM_TEST	86	114.6	100.0	-190.40	12.79	0.22	20877
tempe_16_setting2_dqn_gat	REAL_TRAIN	86	128.0	100.0	-208.12	14.63	0.26	18259
tempe_16_setting2_dqn_gat	SIM_TRAIN	0	120.4	15.7	-212.74	15.01	0.24	20834
tempe_16_setting2_dqn_gat	SIM_TEST	87	111.0	100.0	-177.41	11.50	0.22	20902
tempe_16_setting2_dqn_gat	REAL_TRAIN	87	125.1	100.0	-199.50	14.08	0.25	18286
tempe_16_setting2_dqn_gat	SIM_TRAIN	0	112.1	14.9	-182.59	11.91	0.23	20875
tempe_16_setting2_dqn_gat	SIM_TEST	88	113.3	100.0	-186.86	12.19	0.22	20896
tempe_16_setting2_dqn_gat	REAL_TRAIN	88	127.3	100.0	-206.01	14.60	0.25	18296
tempe_16_setting2_dqn_gat	SIM_TRAIN	0	112.0	14.9	-181.81	11.85	0.23	20885
tempe_16_setting2_dqn_gat	SIM_TEST	89	111.2	100.0	-177.60	11.51	0.22	20908
tempe_16_setting2_dqn_gat	REAL_TRAIN	89	126.2	100.0	-205.44	14.49	0.25	18257
tempe_16_setting2_dqn_gat	SIM_TRAIN	0	111.8	14.8	-180.95	11.76	0.23	20895
tempe_16_setting2_dqn_gat	SIM_TEST	90	111.2	100.0	-177.83	11.49	0.22	20905
tempe_16_setting2_dqn_gat	REAL_TRAIN	90	126.3	100.0	-202.44	14.18	0.25	18271
tempe_16_setting2_dqn_gat	SIM_TRAIN	0	111.8	14.9	-180.56	11.72	0.23	20901
tempe_16_setting2_dqn_gat	SIM_TEST	91	111.6	100.0	-179.84	11.65	0.22	20895
tempe_16_setting2_dqn_gat	REAL_TRAIN	91	128.7	100.0	-212.43	15.06	0.25	18233
tempe_16_setting2_dqn_gat	SIM_TRAIN	0	112.1	14.5	-181.60	11.82	0.22	20892
tempe_16_setting2_dqn_gat	SIM_TEST	92	111.3	100.0	-178.64	11.56	0.22	20908
tempe_16_setting2_dqn_gat	REAL_TRAIN	92	129.6	100.0	-216.21	15.71	0.25	18245
tempe_16_setting2_dqn_gat	SIM_TRAIN	0	111.7	14.6	-180.58	11.71	0.22	20903
tempe_16_setting2_dqn_gat	SIM_TEST	93	111.2	100.0	-177.87	11.50	0.22	20905
tempe_16_setting2_dqn_gat	REAL_TRAIN	93	131.9	100.0	-222.35	16.15	0.25	18186
tempe_16_setting2_dqn_gat	SIM_TRAIN	0	112.0	15.1	-181.26	11.81	0.22	20888
tempe_16_setting2_dqn_gat	SIM_TEST	94	111.1	100.0	-177.77	11.51	0.22	20896
tempe_16_setting2_dqn_gat	REAL_TRAIN	94	129.0	100.0	-210.11	15.12	0.25	18243
tempe_16_setting2_dqn_gat	SIM_TRAIN	0	111.9	15.0	-181.28	11.84	0.22	20888
tempe_16_setting2_dqn_gat	SIM_TEST	95	238.1	100.0	-519.46	42.99	0.26	19478
tempe_16_setting2_dqn_gat	REAL_TRAIN	95	201.6	100.0	-350.71	27.88	0.28	17150
tempe_16_setting2_dqn_gat	SIM_TRAIN	0	245.8	15.4	-534.47	45.94	0.28	19451
tempe_16_setting2_dqn_gat	SIM_TEST	96	113.2	100.0	-187.95	12.13	0.22	20883
tempe_16_setting2_dqn_gat	REAL_TRAIN	96	132.0	100.0	-218.16	15.24	0.25	18269
tempe_16_setting2_dqn_gat	SIM_TRAIN	0	124.4	14.9	-223.56	16.25	0.24	20859
tempe_16_setting2_dqn_gat	SIM_TEST	97	112.1	100.0	-183.51	11.82	0.22	20903
tempe_16_setting2_dqn_gat	REAL_TRAIN	97	129.5	100.0	-213.80	15.09	0.25	18254
tempe_16_setting2_dqn_gat	SIM_TRAIN	0	111.8	14.9	-182.18	11.76	0.23	20903
tempe_16_setting2_dqn_gat	SIM_TEST	98	111.9	100.0	-182.24	11.75	0.22	20901
tempe_16_setting2_dqn_gat	REAL_TRAIN	98	128.6	100.0	-215.48	15.17	0.25	18222
tempe_16_setting2_dqn_gat	SIM_TRAIN	0	126.3	14.7	-228.46	16.96	0.24	20804
tempe_16_setting2_dqn_gat	SIM_TEST	99	111.2	100.0	-179.05	11.55	0.22	20904
tempe_16_setting2_dqn_gat	REAL_TRAIN	99	128.0	100.0	-211.61	14.82	0.25	18219
tempe_16_setting2_dqn_gat	SIM_TRAIN	0	111.9	14.8	-182.32	11.85	0.23	20889
