hz1x1_setting2_dqn_prlight	REAL_TEST	3	502.1	100.0	-291.20	194.43	0.77	1273	0.0000	0.0000
hz1x1_setting2_dqn_prlight	REAL_TEST	6	448.1	100.0	-263.06	175.71	0.77	1318	0.0000	0.0000
hz1x1_setting2_dqn_prlight	REAL_TEST	9	631.8	100.0	-332.72	222.28	0.82	983	0.0000	0.0000
hz1x1_setting2_dqn_prlight	REAL_TEST	12	440.5	100.0	-271.48	181.24	0.78	1433	0.0000	0.0000
hz1x1_setting2_dqn_prlight	REAL_TEST	15	517.0	100.0	-298.35	199.14	0.80	1323	0.0000	0.0000
hz1x1_setting2_dqn_prlight	REAL_TEST	18	377.8	100.0	-223.14	148.96	0.74	1485	0.0000	0.0000
hz1x1_setting2_dqn_prlight	REAL_TEST	21	527.6	100.0	-275.57	183.98	0.75	1148	0.0000	0.0000
hz1x1_setting2_dqn_prlight	REAL_TEST	24	349.1	100.0	-193.03	128.93	0.72	1388	0.0000	0.0000
hz1x1_setting2_dqn_prlight	REAL_TEST	27	459.9	100.0	-223.82	149.53	0.72	1066	0.0000	0.0000
hz1x1_setting2_dqn_prlight	REAL_TEST	30	429.1	100.0	-228.60	152.66	0.72	1218	0.0000	0.0000
hz1x1_setting2_dqn_prlight	REAL_TEST	33	440.2	100.0	-235.42	157.12	0.76	1263	0.0000	0.0000
hz1x1_setting2_dqn_prlight	REAL_TEST	36	370.4	100.0	-209.77	140.03	0.71	1340	0.0000	0.0000
hz1x1_setting2_dqn_prlight	REAL_TEST	39	453.2	100.0	-241.44	161.21	0.76	1246	0.0000	0.0000
hz1x1_setting2_dqn_prlight	REAL_TEST	42	279.4	100.0	-183.20	122.38	0.73	1706	0.0000	0.0000
hz1x1_setting2_dqn_prlight	REAL_TEST	45	346.6	100.0	-199.64	133.34	0.74	1427	0.0000	0.0000
hz1x1_setting2_dqn_prlight	REAL_TEST	48	293.1	100.0	-195.89	130.86	0.75	1700	0.0000	0.0000
hz1x1_setting2_dqn_prlight	REAL_TEST	51	539.9	100.0	-277.93	185.68	0.79	1055	0.0000	0.0000
hz1x1_setting2_dqn_prlight	REAL_TEST	54	639.7	100.0	-316.47	211.44	0.82	921	0.0000	0.0000
hz1x1_setting2_dqn_prlight	REAL_TEST	57	406.7	100.0	-237.15	158.39	0.77	1375	0.0000	0.0000
hz1x1_setting2_dqn_prlight	REAL_TEST	60	407.2	100.0	-221.38	147.82	0.75	1297	0.0000	0.0000
hz1x1_setting2_dqn_prlight	REAL_TEST	63	410.6	100.0	-218.07	145.56	0.75	1282	0.0000	0.0000
hz1x1_setting2_dqn_prlight	REAL_TEST	66	583.7	100.0	-298.08	199.18	0.80	992	0.0000	0.0000
hz1x1_setting2_dqn_prlight	REAL_TEST	69	436.0	100.0	-247.23	165.09	0.79	1261	0.0000	0.0000
hz1x1_setting2_dqn_prlight	REAL_TEST	72	498.9	100.0	-262.63	175.29	0.78	1238	0.0000	0.0000
hz1x1_setting2_dqn_prlight	REAL_TEST	75	653.7	100.0	-321.42	214.73	0.83	910	0.0000	0.0000
hz1x1_setting2_dqn_prlight	REAL_TEST	78	528.5	100.0	-301.46	201.39	0.79	1170	0.0000	0.0000
hz1x1_setting2_dqn_prlight	REAL_TEST	81	395.4	100.0	-229.72	153.34	0.79	1388	0.0000	0.0000
hz1x1_setting2_dqn_prlight	REAL_TEST	84	412.8	100.0	-234.94	156.92	0.76	1331	0.0000	0.0000
hz1x1_setting2_dqn_prlight	REAL_TEST	87	444.8	100.0	-233.29	155.76	0.72	1225	0.0000	0.0000
hz1x1_setting2_dqn_prlight	REAL_TEST	90	544.2	100.0	-250.18	167.01	0.69	995	0.0000	0.0000
hz1x1_setting2_dqn_prlight	REAL_TEST	93	436.3	100.0	-252.33	168.55	0.77	1320	0.0000	0.0000
hz1x1_setting2_dqn_prlight	REAL_TEST	96	467.2	100.0	-275.93	184.35	0.78	1259	0.0000	0.0000
hz1x1_setting2_dqn_prlight	REAL_TEST	99	465.5	100.0	-268.25	179.28	0.78	1232	0.0000	0.0000
hz1x1_setting2_dqn_prlight	REAL_TEST	102	482.5	100.0	-290.95	194.44	0.81	1245	0.0000	0.0000
hz1x1_setting2_dqn_prlight	REAL_TEST	105	410.6	100.0	-256.73	171.51	0.79	1441	0.0000	0.0000
hz1x1_setting2_dqn_prlight	REAL_TEST	108	428.1	100.0	-266.34	177.85	0.78	1421	0.0000	0.0000
hz1x1_setting2_dqn_prlight	REAL_TEST	111	622.7	100.0	-289.25	193.14	0.76	938	0.0000	0.0000
hz1x1_setting2_dqn_prlight	REAL_TEST	114	492.5	100.0	-263.16	175.71	0.77	1213	0.0000	0.0000
hz1x1_setting2_dqn_prlight	REAL_TEST	117	625.2	100.0	-293.83	196.20	0.79	972	0.0000	0.0000
hz1x1_setting2_dqn_prlight	REAL_TEST	120	591.0	100.0	-290.02	193.67	0.80	1030	0.0000	0.0000
hz1x1_setting2_dqn_prlight	REAL_TEST	123	601.4	100.0	-300.22	200.53	0.81	999	0.0000	0.0000
hz1x1_setting2_dqn_prlight	REAL_TEST	126	611.0	100.0	-314.66	210.19	0.81	998	0.0000	0.0000
hz1x1_setting2_dqn_prlight	REAL_TEST	129	430.3	100.0	-260.86	174.34	0.79	1336	0.0000	0.0000
hz1x1_setting2_dqn_prlight	REAL_TEST	132	561.7	100.0	-313.71	209.57	0.82	1098	0.0000	0.0000
hz1x1_setting2_dqn_prlight	REAL_TEST	135	484.5	100.0	-286.10	191.20	0.80	1217	0.0000	0.0000
hz1x1_setting2_dqn_prlight	REAL_TEST	138	488.0	100.0	-299.12	199.92	0.82	1259	0.0000	0.0000
hz1x1_setting2_dqn_prlight	REAL_TEST	141	507.2	100.0	-291.95	195.04	0.80	1216	0.0000	0.0000
hz1x1_setting2_dqn_prlight	REAL_TEST	144	643.7	100.0	-325.42	217.33	0.82	953	0.0000	0.0000
hz1x1_setting2_dqn_prlight	REAL_TEST	147	486.2	100.0	-290.07	193.86	0.81	1223	0.0000	0.0000
hz1x1_setting2_dqn_prlight	REAL_TEST	150	460.3	100.0	-276.22	184.56	0.79	1318	0.0000	0.0000
hz1x1_setting2_dqn_prlight	REAL_TEST	153	544.6	100.0	-311.62	208.19	0.81	1125	0.0000	0.0000
hz1x1_setting2_dqn_prlight	REAL_TEST	156	494.5	100.0	-300.57	200.86	0.81	1247	0.0000	0.0000
hz1x1_setting2_dqn_prlight	REAL_TEST	159	521.0	100.0	-288.52	192.74	0.79	1154	0.0000	0.0000
hz1x1_setting2_dqn_prlight	REAL_TEST	162	506.6	100.0	-300.74	200.94	0.80	1214	0.0000	0.0000
hz1x1_setting2_dqn_prlight	REAL_TEST	165	451.0	100.0	-272.94	182.35	0.78	1324	0.0000	0.0000
hz1x1_setting2_dqn_prlight	REAL_TEST	168	554.5	100.0	-311.47	208.12	0.82	1108	0.0000	0.0000
hz1x1_setting2_dqn_prlight	REAL_TEST	171	449.2	100.0	-261.59	174.75	0.77	1282	0.0000	0.0000
hz1x1_setting2_dqn_prlight	REAL_TEST	174	464.6	100.0	-271.07	180.96	0.79	1323	0.0000	0.0000
hz1x1_setting2_dqn_prlight	REAL_TEST	177	519.5	100.0	-305.52	204.17	0.81	1179	0.0000	0.0000
hz1x1_setting2_dqn_prlight	REAL_TEST	180	427.9	100.0	-255.85	170.90	0.76	1386	0.0000	0.0000
hz1x1_setting2_dqn_prlight	REAL_TEST	183	569.0	100.0	-286.94	191.50	0.81	1108	0.0000	0.0000
hz1x1_setting2_dqn_prlight	REAL_TEST	186	653.1	100.0	-323.11	215.86	0.83	920	0.0000	0.0000
hz1x1_setting2_dqn_prlight	REAL_TEST	189	637.1	100.0	-324.80	216.99	0.83	957	0.0000	0.0000
hz1x1_setting2_dqn_prlight	REAL_TEST	192	541.3	100.0	-288.66	192.65	0.80	1192	0.0000	0.0000
hz1x1_setting2_dqn_prlight	REAL_TEST	195	579.9	100.0	-300.85	200.84	0.80	1090	0.0000	0.0000
hz1x1_setting2_dqn_prlight	REAL_TEST	198	523.3	100.0	-311.10	207.90	0.81	1198	0.0000	0.0000
hz1x1_setting2_dqn_prlight	REAL_TEST	201	466.7	100.0	-259.23	173.07	0.78	1242	0.0000	0.0000
hz1x1_setting2_dqn_prlight	REAL_TEST	204	438.3	100.0	-279.43	186.65	0.75	1424	0.0000	0.0000
hz1x1_setting2_dqn_prlight	REAL_TEST	207	426.7	100.0	-246.99	164.97	0.77	1283	0.0000	0.0000
hz1x1_setting2_dqn_prlight	REAL_TEST	210	431.0	100.0	-267.14	178.42	0.76	1400	0.0000	0.0000
hz1x1_setting2_dqn_prlight	REAL_TEST	213	394.4	100.0	-246.65	164.76	0.78	1410	0.0000	0.0000
hz1x1_setting2_dqn_prlight	REAL_TEST	216	617.8	100.0	-334.19	223.31	0.81	1006	0.0000	0.0000
hz1x1_setting2_dqn_prlight	REAL_TEST	219	472.0	100.0	-255.08	170.28	0.79	1204	0.0000	0.0000
hz1x1_setting2_dqn_prlight	REAL_TEST	222	393.5	100.0	-234.98	156.98	0.77	1386	0.0000	0.0000
hz1x1_setting2_dqn_prlight	REAL_TEST	225	655.4	100.0	-340.80	227.67	0.83	965	0.0000	0.0000
hz1x1_setting2_dqn_prlight	REAL_TEST	228	601.1	100.0	-308.58	206.00	0.80	1085	0.0000	0.0000
hz1x1_setting2_dqn_prlight	REAL_TEST	231	492.5	100.0	-294.54	196.81	0.80	1231	0.0000	0.0000
hz1x1_setting2_dqn_prlight	REAL_TEST	234	506.2	100.0	-299.66	200.23	0.81	1207	0.0000	0.0000
hz1x1_setting2_dqn_prlight	REAL_TEST	237	459.7	100.0	-246.81	164.81	0.74	1214	0.0000	0.0000
hz1x1_setting2_dqn_prlight	REAL_TEST	240	472.0	100.0	-259.45	173.15	0.75	1281	0.0000	0.0000
hz1x1_setting2_dqn_prlight	REAL_TEST	243	819.5	100.0	-326.58	218.13	0.75	695	0.0000	0.0000
hz1x1_setting2_dqn_prlight	REAL_TEST	246	491.9	100.0	-284.18	189.64	0.79	1310	0.0000	0.0000
hz1x1_setting2_dqn_prlight	REAL_TEST	249	403.5	100.0	-259.30	173.20	0.76	1497	0.0000	0.0000
hz1x1_setting2_dqn_prlight	REAL_TEST	252	459.7	100.0	-254.45	169.84	0.76	1308	0.0000	0.0000
hz1x1_setting2_dqn_prlight	REAL_TEST	255	458.0	100.0	-248.61	166.00	0.76	1195	0.0000	0.0000
hz1x1_setting2_dqn_prlight	REAL_TEST	258	485.1	100.0	-253.82	169.42	0.77	1234	0.0000	0.0000
hz1x1_setting2_dqn_prlight	REAL_TEST	261	462.0	100.0	-247.79	165.45	0.76	1225	0.0000	0.0000
hz1x1_setting2_dqn_prlight	REAL_TEST	264	550.0	100.0	-281.87	188.25	0.80	1118	0.0000	0.0000
hz1x1_setting2_dqn_prlight	REAL_TEST	267	497.9	100.0	-258.94	172.87	0.77	1158	0.0000	0.0000
hz1x1_setting2_dqn_prlight	REAL_TEST	270	537.6	100.0	-320.72	214.31	0.82	1173	0.0000	0.0000
hz1x1_setting2_dqn_prlight	REAL_TEST	273	592.3	100.0	-312.47	208.78	0.80	1013	0.0000	0.0000
hz1x1_setting2_dqn_prlight	REAL_TEST	276	559.4	100.0	-314.91	210.42	0.81	1093	0.0000	0.0000
hz1x1_setting2_dqn_prlight	REAL_TEST	279	539.4	100.0	-298.32	199.34	0.81	1093	0.0000	0.0000
hz1x1_setting2_dqn_prlight	REAL_TEST	282	403.5	100.0	-246.04	164.36	0.77	1424	0.0000	0.0000
hz1x1_setting2_dqn_prlight	REAL_TEST	285	545.8	100.0	-272.07	181.67	0.80	1091	0.0000	0.0000
hz1x1_setting2_dqn_prlight	REAL_TEST	288	604.0	100.0	-304.69	203.52	0.81	975	0.0000	0.0000
hz1x1_setting2_dqn_prlight	REAL_TEST	291	577.4	100.0	-296.48	198.11	0.80	984	0.0000	0.0000
hz1x1_setting2_dqn_prlight	REAL_TEST	294	434.5	100.0	-232.45	155.22	0.71	1283	0.0000	0.0000
hz1x1_setting2_dqn_prlight	REAL_TEST	297	439.6	100.0	-252.50	168.63	0.76	1327	0.0000	0.0000
