ingolstadt1_setting4_dqn_domain_adaptation	SIM_TEST	0	31.9	0.0	-0.32	0.31	0.09	1707
ingolstadt1_setting4_dqn_domain_adaptation	REAL_TRAIN	0	275.6	0.0	-35.56	34.69	0.51	923
ingolstadt1_setting4_dqn_domain_adaptation	SIM_TEST	1	41.1	0.0	-0.28	0.24	0.10	1706
ingolstadt1_setting4_dqn_domain_adaptation	REAL_TRAIN	1	275.6	0.0	-35.56	34.69	0.51	923
ingolstadt1_setting4_dqn_domain_adaptation	SIM_TEST	2	32.7	0.0	-0.86	0.84	0.08	1707
ingolstadt1_setting4_dqn_domain_adaptation	REAL_TRAIN	2	275.6	0.0	-35.56	34.69	0.51	923
ingolstadt1_setting4_dqn_domain_adaptation	SIM_TEST	3	29.6	0.0	-0.30	0.28	0.07	1707
ingolstadt1_setting4_dqn_domain_adaptation	REAL_TRAIN	3	275.6	0.0	-35.56	34.69	0.51	923
ingolstadt1_setting4_dqn_domain_adaptation	SIM_TEST	4	30.0	0.0	-0.44	0.43	0.07	1707
ingolstadt1_setting4_dqn_domain_adaptation	REAL_TRAIN	4	275.6	0.0	-35.56	34.69	0.51	923
ingolstadt1_setting4_dqn_domain_adaptation	SIM_TEST	5	34.6	0.0	-0.35	0.34	0.09	1707
ingolstadt1_setting4_dqn_domain_adaptation	REAL_TRAIN	5	275.6	0.0	-35.56	34.69	0.51	923
ingolstadt1_setting4_dqn_domain_adaptation	SIM_TEST	6	30.0	0.0	-0.32	0.31	0.07	1707
ingolstadt1_setting4_dqn_domain_adaptation	REAL_TRAIN	6	275.6	0.0	-35.56	34.69	0.51	923
ingolstadt1_setting4_dqn_domain_adaptation	SIM_TEST	7	41.2	0.0	-0.51	0.49	0.10	1706
ingolstadt1_setting4_dqn_domain_adaptation	REAL_TRAIN	7	275.6	0.0	-35.56	34.69	0.51	923
ingolstadt1_setting4_dqn_domain_adaptation	SIM_TEST	8	30.4	0.0	-0.32	0.31	0.07	1707
ingolstadt1_setting4_dqn_domain_adaptation	REAL_TRAIN	8	275.6	0.0	-35.56	34.69	0.51	923
ingolstadt1_setting4_dqn_domain_adaptation	SIM_TEST	9	31.9	0.0	-0.47	0.44	0.08	1707
ingolstadt1_setting4_dqn_domain_adaptation	REAL_TRAIN	9	275.6	0.0	-35.56	34.69	0.51	923
ingolstadt1_setting4_dqn_domain_adaptation	SIM_TRAIN	9	104.8	0.0	-4.78	4.55	0.29	1663
ingolstadt1_setting4_dqn_domain_adaptation	SIM_TEST	10	35.3	0.0	-0.47	0.45	0.09	1706
ingolstadt1_setting4_dqn_domain_adaptation	REAL_TRAIN	10	275.6	0.0	-35.56	34.69	0.51	923
ingolstadt1_setting4_dqn_domain_adaptation	SIM_TRAIN	10	100.7	0.0	-5.92	5.64	0.29	1683
ingolstadt1_setting4_dqn_domain_adaptation	SIM_TEST	11	37.2	0.0	-0.29	0.27	0.10	1706
ingolstadt1_setting4_dqn_domain_adaptation	REAL_TRAIN	11	275.6	0.0	-35.56	34.69	0.51	923
ingolstadt1_setting4_dqn_domain_adaptation	SIM_TRAIN	11	106.2	20.4	-6.37	6.20	0.28	1698
ingolstadt1_setting4_dqn_domain_adaptation	SIM_TEST	12	48.6	0.0	-0.55	0.45	0.11	1707
ingolstadt1_setting4_dqn_domain_adaptation	REAL_TRAIN	12	157.1	0.0	-6.17	5.34	0.41	1177
ingolstadt1_setting4_dqn_domain_adaptation	SIM_TRAIN	12	70.5	17.3	-0.88	0.79	0.21	1702
ingolstadt1_setting4_dqn_domain_adaptation	SIM_TEST	13	35.4	0.0	-0.55	0.51	0.10	1707
ingolstadt1_setting4_dqn_domain_adaptation	REAL_TRAIN	13	230.6	0.0	-26.44	25.67	0.43	1038
ingolstadt1_setting4_dqn_domain_adaptation	SIM_TRAIN	13	77.0	13.3	-0.95	0.82	0.21	1689
ingolstadt1_setting4_dqn_domain_adaptation	SIM_TEST	14	41.3	0.0	-0.86	0.82	0.11	1707
ingolstadt1_setting4_dqn_domain_adaptation	REAL_TRAIN	14	227.3	0.0	-26.91	26.06	0.52	1048
ingolstadt1_setting4_dqn_domain_adaptation	SIM_TRAIN	14	62.2	11.5	-0.73	0.66	0.19	1702
ingolstadt1_setting4_dqn_domain_adaptation	SIM_TEST	15	31.9	0.0	-0.59	0.59	0.09	1706
ingolstadt1_setting4_dqn_domain_adaptation	REAL_TRAIN	15	163.6	0.0	-14.09	13.21	0.44	1307
ingolstadt1_setting4_dqn_domain_adaptation	SIM_TRAIN	15	84.2	9.9	-0.67	0.57	0.19	1700
ingolstadt1_setting4_dqn_domain_adaptation	SIM_TEST	16	40.1	0.0	-0.55	0.49	0.11	1705
ingolstadt1_setting4_dqn_domain_adaptation	REAL_TRAIN	16	156.2	0.0	-11.16	10.17	0.43	1285
ingolstadt1_setting4_dqn_domain_adaptation	SIM_TRAIN	16	67.8	8.7	-0.31	0.28	0.21	1675
ingolstadt1_setting4_dqn_domain_adaptation	SIM_TEST	17	45.7	0.0	-0.48	0.40	0.11	1706
ingolstadt1_setting4_dqn_domain_adaptation	REAL_TRAIN	17	156.0	0.0	-13.56	12.51	0.46	1315
ingolstadt1_setting4_dqn_domain_adaptation	SIM_TRAIN	17	62.3	7.7	-0.49	0.41	0.18	1702
ingolstadt1_setting4_dqn_domain_adaptation	SIM_TEST	18	34.5	0.0	-0.44	0.41	0.09	1707
ingolstadt1_setting4_dqn_domain_adaptation	REAL_TRAIN	18	154.4	0.0	-10.82	9.87	0.44	1285
ingolstadt1_setting4_dqn_domain_adaptation	SIM_TRAIN	18	79.3	6.7	-0.71	0.59	0.16	1703
ingolstadt1_setting4_dqn_domain_adaptation	SIM_TEST	19	58.3	0.0	-0.37	0.32	0.13	1705
ingolstadt1_setting4_dqn_domain_adaptation	REAL_TRAIN	19	162.9	0.0	-11.14	10.30	0.42	1239
ingolstadt1_setting4_dqn_domain_adaptation	SIM_TRAIN	19	60.6	6.2	-0.44	0.36	0.18	1690
ingolstadt1_setting4_dqn_domain_adaptation	SIM_TEST	20	39.5	0.0	-0.26	0.20	0.10	1706
ingolstadt1_setting4_dqn_domain_adaptation	REAL_TRAIN	20	176.4	0.0	-11.88	11.09	0.43	1149
ingolstadt1_setting4_dqn_domain_adaptation	SIM_TRAIN	20	61.4	5.7	-0.21	0.18	0.17	1702
ingolstadt1_setting4_dqn_domain_adaptation	SIM_TEST	21	49.5	0.0	-0.10	0.08	0.17	1704
ingolstadt1_setting4_dqn_domain_adaptation	REAL_TRAIN	21	164.2	0.0	-12.84	11.97	0.43	1258
ingolstadt1_setting4_dqn_domain_adaptation	SIM_TRAIN	21	86.4	5.6	-0.14	0.12	0.24	1701
ingolstadt1_setting4_dqn_domain_adaptation	SIM_TEST	22	34.5	0.0	-0.55	0.50	0.09	1707
ingolstadt1_setting4_dqn_domain_adaptation	REAL_TRAIN	22	161.9	0.0	-12.71	11.91	0.42	1256
ingolstadt1_setting4_dqn_domain_adaptation	SIM_TRAIN	22	60.4	5.1	-0.43	0.39	0.18	1703
ingolstadt1_setting4_dqn_domain_adaptation	SIM_TEST	23	30.4	0.0	-0.36	0.32	0.07	1706
ingolstadt1_setting4_dqn_domain_adaptation	REAL_TRAIN	23	171.1	0.0	-14.33	13.50	0.42	1220
ingolstadt1_setting4_dqn_domain_adaptation	SIM_TRAIN	23	69.9	4.6	-0.56	0.48	0.18	1685
ingolstadt1_setting4_dqn_domain_adaptation	SIM_TEST	24	41.7	0.0	-0.17	0.15	0.11	1706
ingolstadt1_setting4_dqn_domain_adaptation	REAL_TRAIN	24	169.5	0.0	-14.34	13.54	0.43	1252
ingolstadt1_setting4_dqn_domain_adaptation	SIM_TRAIN	24	58.6	3.6	-0.27	0.23	0.18	1702
ingolstadt1_setting4_dqn_domain_adaptation	SIM_TEST	25	30.5	0.0	-0.20	0.17	0.08	1707
ingolstadt1_setting4_dqn_domain_adaptation	REAL_TRAIN	25	179.0	0.0	-13.87	12.98	0.44	1121
ingolstadt1_setting4_dqn_domain_adaptation	SIM_TRAIN	25	61.8	2.2	-0.45	0.40	0.18	1696
ingolstadt1_setting4_dqn_domain_adaptation	SIM_TEST	26	30.6	0.0	-0.38	0.37	0.07	1706
ingolstadt1_setting4_dqn_domain_adaptation	REAL_TRAIN	26	173.7	0.0	-17.74	16.82	0.46	1263
ingolstadt1_setting4_dqn_domain_adaptation	SIM_TRAIN	26	55.4	0.8	-0.11	0.09	0.17	1703
ingolstadt1_setting4_dqn_domain_adaptation	SIM_TEST	27	357.0	0.0	-2.53	2.14	0.35	1303
ingolstadt1_setting4_dqn_domain_adaptation	REAL_TRAIN	27	156.2	0.0	-22.37	21.14	0.48	1421
ingolstadt1_setting4_dqn_domain_adaptation	SIM_TRAIN	27	53.0	0.6	-0.19	0.17	0.16	1703
ingolstadt1_setting4_dqn_domain_adaptation	SIM_TEST	28	32.9	0.0	-0.24	0.23	0.08	1707
ingolstadt1_setting4_dqn_domain_adaptation	REAL_TRAIN	28	164.9	0.0	-22.24	21.35	0.49	1373
ingolstadt1_setting4_dqn_domain_adaptation	SIM_TRAIN	28	57.5	0.5	-0.33	0.30	0.17	1703
ingolstadt1_setting4_dqn_domain_adaptation	SIM_TEST	29	30.1	0.0	-0.14	0.14	0.07	1706
ingolstadt1_setting4_dqn_domain_adaptation	REAL_TRAIN	29	185.5	0.0	-23.53	22.70	0.48	1301
ingolstadt1_setting4_dqn_domain_adaptation	SIM_TRAIN	29	98.3	0.5	-0.70	0.61	0.19	1701
ingolstadt1_setting4_dqn_domain_adaptation	SIM_TEST	30	30.3	0.0	-0.18	0.17	0.07	1706
ingolstadt1_setting4_dqn_domain_adaptation	REAL_TRAIN	30	181.2	0.0	-22.74	21.90	0.50	1282
ingolstadt1_setting4_dqn_domain_adaptation	SIM_TRAIN	30	104.0	0.5	-0.39	0.33	0.18	1704
ingolstadt1_setting4_dqn_domain_adaptation	SIM_TEST	31	32.8	0.0	-0.21	0.19	0.09	1705
ingolstadt1_setting4_dqn_domain_adaptation	REAL_TRAIN	31	157.1	0.0	-23.71	22.87	0.50	1460
ingolstadt1_setting4_dqn_domain_adaptation	SIM_TRAIN	31	141.6	0.6	-0.54	0.46	0.19	1667
ingolstadt1_setting4_dqn_domain_adaptation	SIM_TEST	32	38.1	0.0	-0.35	0.31	0.10	1707
ingolstadt1_setting4_dqn_domain_adaptation	REAL_TRAIN	32	149.1	0.0	-23.46	22.55	0.49	1493
ingolstadt1_setting4_dqn_domain_adaptation	SIM_TRAIN	32	67.0	0.6	-0.42	0.38	0.17	1699
ingolstadt1_setting4_dqn_domain_adaptation	SIM_TEST	33	31.8	0.0	-0.75	0.73	0.08	1707
ingolstadt1_setting4_dqn_domain_adaptation	REAL_TRAIN	33	206.2	0.0	-28.82	28.16	0.51	1115
ingolstadt1_setting4_dqn_domain_adaptation	SIM_TRAIN	33	62.9	0.7	-1.27	1.22	0.18	1685
ingolstadt1_setting4_dqn_domain_adaptation	SIM_TEST	34	287.3	0.0	-0.83	0.64	0.17	1421
ingolstadt1_setting4_dqn_domain_adaptation	REAL_TRAIN	34	308.5	0.0	-33.90	33.35	0.51	827
ingolstadt1_setting4_dqn_domain_adaptation	SIM_TRAIN	34	68.3	0.8	-0.37	0.33	0.17	1698
ingolstadt1_setting4_dqn_domain_adaptation	SIM_TEST	35	153.9	0.0	-0.65	0.49	0.17	1588
ingolstadt1_setting4_dqn_domain_adaptation	REAL_TRAIN	35	314.6	0.0	-34.89	34.38	0.51	817
ingolstadt1_setting4_dqn_domain_adaptation	SIM_TRAIN	35	57.0	0.8	-0.34	0.30	0.17	1687
ingolstadt1_setting4_dqn_domain_adaptation	SIM_TEST	36	34.2	0.0	-0.25	0.23	0.08	1706
ingolstadt1_setting4_dqn_domain_adaptation	REAL_TRAIN	36	314.8	0.0	-35.24	34.69	0.51	818
ingolstadt1_setting4_dqn_domain_adaptation	SIM_TRAIN	36	59.6	0.8	-0.22	0.22	0.16	1701
ingolstadt1_setting4_dqn_domain_adaptation	SIM_TEST	37	39.5	0.0	-0.18	0.16	0.09	1707
ingolstadt1_setting4_dqn_domain_adaptation	REAL_TRAIN	37	311.3	0.0	-34.56	34.03	0.51	820
ingolstadt1_setting4_dqn_domain_adaptation	SIM_TRAIN	37	65.9	0.7	-0.36	0.32	0.17	1703
ingolstadt1_setting4_dqn_domain_adaptation	SIM_TEST	38	29.8	0.0	-0.12	0.12	0.07	1707
ingolstadt1_setting4_dqn_domain_adaptation	REAL_TRAIN	38	311.7	0.0	-34.74	34.21	0.52	820
ingolstadt1_setting4_dqn_domain_adaptation	SIM_TRAIN	38	92.4	0.6	-0.36	0.31	0.17	1700
ingolstadt1_setting4_dqn_domain_adaptation	SIM_TEST	39	177.2	0.0	-0.58	0.46	0.18	1572
ingolstadt1_setting4_dqn_domain_adaptation	REAL_TRAIN	39	311.3	0.0	-34.28	33.75	0.51	823
ingolstadt1_setting4_dqn_domain_adaptation	SIM_TRAIN	39	64.9	0.7	-0.32	0.30	0.17	1701
ingolstadt1_setting4_dqn_domain_adaptation	SIM_TEST	40	35.1	0.0	-0.79	0.75	0.08	1707
ingolstadt1_setting4_dqn_domain_adaptation	REAL_TRAIN	40	314.8	0.0	-35.24	34.69	0.51	818
ingolstadt1_setting4_dqn_domain_adaptation	SIM_TRAIN	40	61.0	0.7	-0.34	0.32	0.17	1702
ingolstadt1_setting4_dqn_domain_adaptation	SIM_TEST	41	35.1	0.0	-0.35	0.34	0.08	1707
ingolstadt1_setting4_dqn_domain_adaptation	REAL_TRAIN	41	314.8	0.0	-35.24	34.69	0.51	818
ingolstadt1_setting4_dqn_domain_adaptation	SIM_TRAIN	41	54.6	0.7	-0.18	0.15	0.15	1703
ingolstadt1_setting4_dqn_domain_adaptation	SIM_TEST	42	34.6	0.0	-0.37	0.35	0.09	1707
ingolstadt1_setting4_dqn_domain_adaptation	REAL_TRAIN	42	314.8	0.0	-35.24	34.69	0.51	818
ingolstadt1_setting4_dqn_domain_adaptation	SIM_TRAIN	42	63.1	0.7	-0.40	0.37	0.17	1701
ingolstadt1_setting4_dqn_domain_adaptation	SIM_TEST	43	41.1	0.0	-0.26	0.23	0.11	1707
ingolstadt1_setting4_dqn_domain_adaptation	REAL_TRAIN	43	309.5	0.0	-34.37	33.83	0.51	821
ingolstadt1_setting4_dqn_domain_adaptation	SIM_TRAIN	43	97.6	0.7	-0.42	0.34	0.17	1703
ingolstadt1_setting4_dqn_domain_adaptation	SIM_TEST	44	29.7	0.0	-0.25	0.26	0.07	1706
ingolstadt1_setting4_dqn_domain_adaptation	REAL_TRAIN	44	310.4	0.0	-33.97	33.44	0.51	824
ingolstadt1_setting4_dqn_domain_adaptation	SIM_TRAIN	44	54.1	0.7	-0.13	0.12	0.15	1704
ingolstadt1_setting4_dqn_domain_adaptation	SIM_TEST	45	102.6	0.0	-0.48	0.43	0.16	1705
ingolstadt1_setting4_dqn_domain_adaptation	REAL_TRAIN	45	314.8	0.0	-35.24	34.69	0.51	818
ingolstadt1_setting4_dqn_domain_adaptation	SIM_TRAIN	45	61.9	0.7	-0.26	0.23	0.16	1695
ingolstadt1_setting4_dqn_domain_adaptation	SIM_TEST	46	33.0	0.0	-0.34	0.34	0.07	1707
ingolstadt1_setting4_dqn_domain_adaptation	REAL_TRAIN	46	308.4	0.0	-34.15	33.61	0.51	822
ingolstadt1_setting4_dqn_domain_adaptation	SIM_TRAIN	46	53.0	0.6	-0.20	0.18	0.15	1703
ingolstadt1_setting4_dqn_domain_adaptation	SIM_TEST	47	45.8	0.0	-0.01	0.01	0.15	1705
ingolstadt1_setting4_dqn_domain_adaptation	REAL_TRAIN	47	311.7	0.0	-34.74	34.21	0.52	820
ingolstadt1_setting4_dqn_domain_adaptation	SIM_TRAIN	47	59.1	0.5	-0.19	0.15	0.16	1701
ingolstadt1_setting4_dqn_domain_adaptation	SIM_TEST	48	73.5	0.0	-0.35	0.29	0.14	1706
ingolstadt1_setting4_dqn_domain_adaptation	REAL_TRAIN	48	314.8	0.0	-35.24	34.69	0.51	818
ingolstadt1_setting4_dqn_domain_adaptation	SIM_TRAIN	48	52.8	0.4	-0.17	0.16	0.16	1699
ingolstadt1_setting4_dqn_domain_adaptation	SIM_TEST	49	36.7	0.0	-0.34	0.32	0.09	1707
ingolstadt1_setting4_dqn_domain_adaptation	REAL_TRAIN	49	314.8	0.0	-35.24	34.69	0.51	818
ingolstadt1_setting4_dqn_domain_adaptation	SIM_TRAIN	49	79.3	0.4	-0.44	0.39	0.17	1701
ingolstadt1_setting4_dqn_domain_adaptation	SIM_TEST	50	32.3	0.0	-0.07	0.06	0.08	1706
ingolstadt1_setting4_dqn_domain_adaptation	REAL_TRAIN	50	248.8	0.0	-32.05	31.39	0.52	993
ingolstadt1_setting4_dqn_domain_adaptation	SIM_TRAIN	50	53.3	0.4	-0.16	0.16	0.16	1702
ingolstadt1_setting4_dqn_domain_adaptation	SIM_TEST	51	47.3	0.0	-0.32	0.28	0.12	1707
ingolstadt1_setting4_dqn_domain_adaptation	REAL_TRAIN	51	303.1	0.0	-35.50	34.95	0.52	835
ingolstadt1_setting4_dqn_domain_adaptation	SIM_TRAIN	51	69.2	0.4	-0.34	0.29	0.17	1702
ingolstadt1_setting4_dqn_domain_adaptation	SIM_TEST	52	29.9	0.0	-0.28	0.29	0.07	1707
ingolstadt1_setting4_dqn_domain_adaptation	REAL_TRAIN	52	246.7	0.0	-31.36	30.71	0.51	985
ingolstadt1_setting4_dqn_domain_adaptation	SIM_TRAIN	52	72.2	0.4	-0.46	0.43	0.18	1702
ingolstadt1_setting4_dqn_domain_adaptation	SIM_TEST	53	42.6	0.0	-0.16	0.14	0.11	1706
ingolstadt1_setting4_dqn_domain_adaptation	REAL_TRAIN	53	301.3	0.0	-35.46	34.91	0.51	836
ingolstadt1_setting4_dqn_domain_adaptation	SIM_TRAIN	53	61.0	0.5	-0.24	0.23	0.16	1701
ingolstadt1_setting4_dqn_domain_adaptation	SIM_TEST	54	88.8	0.0	-0.48	0.42	0.17	1693
ingolstadt1_setting4_dqn_domain_adaptation	REAL_TRAIN	54	277.1	0.0	-32.90	32.28	0.51	907
ingolstadt1_setting4_dqn_domain_adaptation	SIM_TRAIN	54	75.5	0.4	-0.48	0.42	0.18	1704
ingolstadt1_setting4_dqn_domain_adaptation	SIM_TEST	55	32.4	0.0	-0.25	0.26	0.09	1705
ingolstadt1_setting4_dqn_domain_adaptation	REAL_TRAIN	55	300.1	0.0	-35.15	34.61	0.51	840
ingolstadt1_setting4_dqn_domain_adaptation	SIM_TRAIN	55	64.3	0.5	-0.45	0.42	0.17	1701
ingolstadt1_setting4_dqn_domain_adaptation	SIM_TEST	56	41.6	0.0	-0.28	0.28	0.10	1706
ingolstadt1_setting4_dqn_domain_adaptation	REAL_TRAIN	56	291.2	0.0	-33.37	32.82	0.51	845
ingolstadt1_setting4_dqn_domain_adaptation	SIM_TRAIN	56	57.0	0.5	-0.30	0.28	0.16	1704
ingolstadt1_setting4_dqn_domain_adaptation	SIM_TEST	57	33.2	0.0	-0.27	0.29	0.09	1707
ingolstadt1_setting4_dqn_domain_adaptation	REAL_TRAIN	57	229.4	0.0	-34.33	33.79	0.48	1116
ingolstadt1_setting4_dqn_domain_adaptation	SIM_TRAIN	57	70.3	0.4	-0.64	0.53	0.15	1699
ingolstadt1_setting4_dqn_domain_adaptation	SIM_TEST	58	30.2	0.0	-0.27	0.29	0.07	1707
ingolstadt1_setting4_dqn_domain_adaptation	REAL_TRAIN	58	303.3	0.0	-35.87	35.32	0.52	847
ingolstadt1_setting4_dqn_domain_adaptation	SIM_TRAIN	58	60.9	0.5	-0.43	0.39	0.17	1703
ingolstadt1_setting4_dqn_domain_adaptation	SIM_TEST	59	41.1	0.0	-0.17	0.14	0.11	1705
ingolstadt1_setting4_dqn_domain_adaptation	REAL_TRAIN	59	244.2	0.0	-35.22	34.65	0.49	1054
ingolstadt1_setting4_dqn_domain_adaptation	SIM_TRAIN	59	74.4	0.5	-0.66	0.60	0.18	1702
ingolstadt1_setting4_dqn_domain_adaptation	SIM_TEST	60	95.9	0.0	-0.33	0.29	0.24	1702
ingolstadt1_setting4_dqn_domain_adaptation	REAL_TRAIN	60	300.1	0.0	-35.15	34.61	0.51	840
ingolstadt1_setting4_dqn_domain_adaptation	SIM_TRAIN	60	51.5	0.6	-0.14	0.13	0.15	1703
ingolstadt1_setting4_dqn_domain_adaptation	SIM_TEST	61	32.5	0.0	-0.40	0.37	0.08	1707
ingolstadt1_setting4_dqn_domain_adaptation	REAL_TRAIN	61	291.2	0.0	-33.37	32.82	0.51	845
ingolstadt1_setting4_dqn_domain_adaptation	SIM_TRAIN	61	54.5	0.7	-0.44	0.42	0.16	1701
ingolstadt1_setting4_dqn_domain_adaptation	SIM_TEST	62	31.9	0.0	-0.14	0.13	0.08	1706
ingolstadt1_setting4_dqn_domain_adaptation	REAL_TRAIN	62	292.1	0.0	-33.54	33.00	0.51	847
ingolstadt1_setting4_dqn_domain_adaptation	SIM_TRAIN	62	55.9	0.6	-0.26	0.25	0.16	1701
ingolstadt1_setting4_dqn_domain_adaptation	SIM_TEST	63	36.9	0.0	-0.22	0.21	0.10	1706
ingolstadt1_setting4_dqn_domain_adaptation	REAL_TRAIN	63	300.1	0.0	-35.15	34.61	0.51	840
ingolstadt1_setting4_dqn_domain_adaptation	SIM_TRAIN	63	73.4	0.6	-0.38	0.31	0.18	1705
ingolstadt1_setting4_dqn_domain_adaptation	SIM_TEST	64	37.9	0.0	-0.49	0.47	0.09	1707
ingolstadt1_setting4_dqn_domain_adaptation	REAL_TRAIN	64	300.1	0.0	-35.15	34.61	0.51	840
ingolstadt1_setting4_dqn_domain_adaptation	SIM_TRAIN	64	53.9	0.7	-0.28	0.27	0.16	1701
ingolstadt1_setting4_dqn_domain_adaptation	SIM_TEST	65	30.3	0.0	-0.34	0.34	0.07	1706
ingolstadt1_setting4_dqn_domain_adaptation	REAL_TRAIN	65	314.8	0.0	-35.24	34.69	0.51	818
ingolstadt1_setting4_dqn_domain_adaptation	SIM_TRAIN	65	57.1	0.7	-0.26	0.24	0.17	1703
ingolstadt1_setting4_dqn_domain_adaptation	SIM_TEST	66	34.5	0.0	-0.23	0.19	0.09	1707
ingolstadt1_setting4_dqn_domain_adaptation	REAL_TRAIN	66	300.1	0.0	-35.15	34.61	0.51	840
ingolstadt1_setting4_dqn_domain_adaptation	SIM_TRAIN	66	56.6	0.7	-0.37	0.35	0.16	1703
ingolstadt1_setting4_dqn_domain_adaptation	SIM_TEST	67	29.6	0.0	-0.44	0.44	0.06	1707
ingolstadt1_setting4_dqn_domain_adaptation	REAL_TRAIN	67	314.8	0.0	-35.24	34.69	0.51	818
ingolstadt1_setting4_dqn_domain_adaptation	SIM_TRAIN	67	53.9	0.7	-0.28	0.25	0.17	1700
ingolstadt1_setting4_dqn_domain_adaptation	SIM_TEST	68	30.2	0.0	-0.20	0.21	0.07	1706
ingolstadt1_setting4_dqn_domain_adaptation	REAL_TRAIN	68	314.8	0.0	-35.24	34.69	0.51	818
ingolstadt1_setting4_dqn_domain_adaptation	SIM_TRAIN	68	67.8	0.7	-0.46	0.38	0.19	1696
ingolstadt1_setting4_dqn_domain_adaptation	SIM_TEST	69	29.1	0.0	-0.29	0.31	0.06	1707
ingolstadt1_setting4_dqn_domain_adaptation	REAL_TRAIN	69	314.8	0.0	-35.24	34.69	0.51	818
ingolstadt1_setting4_dqn_domain_adaptation	SIM_TRAIN	69	56.5	0.6	-0.30	0.28	0.17	1703
ingolstadt1_setting4_dqn_domain_adaptation	SIM_TEST	70	31.0	0.0	-0.20	0.18	0.08	1706
ingolstadt1_setting4_dqn_domain_adaptation	REAL_TRAIN	70	314.8	0.0	-35.24	34.69	0.51	818
ingolstadt1_setting4_dqn_domain_adaptation	SIM_TRAIN	70	62.3	0.7	-0.15	0.13	0.16	1702
ingolstadt1_setting4_dqn_domain_adaptation	SIM_TEST	71	32.0	0.0	-0.38	0.36	0.08	1707
ingolstadt1_setting4_dqn_domain_adaptation	REAL_TRAIN	71	314.8	0.0	-35.24	34.69	0.51	818
ingolstadt1_setting4_dqn_domain_adaptation	SIM_TRAIN	71	101.3	0.6	-0.33	0.28	0.18	1701
ingolstadt1_setting4_dqn_domain_adaptation	SIM_TEST	72	30.9	0.0	-0.22	0.17	0.08	1707
ingolstadt1_setting4_dqn_domain_adaptation	REAL_TRAIN	72	314.8	0.0	-35.24	34.69	0.51	818
ingolstadt1_setting4_dqn_domain_adaptation	SIM_TRAIN	72	58.1	0.6	-0.46	0.42	0.17	1701
ingolstadt1_setting4_dqn_domain_adaptation	SIM_TEST	73	32.5	0.0	-0.25	0.22	0.08	1707
ingolstadt1_setting4_dqn_domain_adaptation	REAL_TRAIN	73	314.8	0.0	-35.24	34.69	0.51	818
ingolstadt1_setting4_dqn_domain_adaptation	SIM_TRAIN	73	61.8	0.6	-0.20	0.16	0.17	1703
ingolstadt1_setting4_dqn_domain_adaptation	SIM_TEST	74	33.7	0.0	-0.36	0.31	0.09	1707
ingolstadt1_setting4_dqn_domain_adaptation	REAL_TRAIN	74	314.8	0.0	-35.24	34.69	0.51	818
ingolstadt1_setting4_dqn_domain_adaptation	SIM_TRAIN	74	53.5	0.7	-0.37	0.36	0.17	1702
ingolstadt1_setting4_dqn_domain_adaptation	SIM_TEST	75	30.1	0.0	-0.22	0.19	0.07	1706
ingolstadt1_setting4_dqn_domain_adaptation	REAL_TRAIN	75	314.8	0.0	-35.24	34.69	0.51	818
ingolstadt1_setting4_dqn_domain_adaptation	SIM_TRAIN	75	82.6	0.6	-0.40	0.35	0.18	1702
ingolstadt1_setting4_dqn_domain_adaptation	SIM_TEST	76	29.6	0.0	-0.30	0.26	0.07	1707
ingolstadt1_setting4_dqn_domain_adaptation	REAL_TRAIN	76	314.8	0.0	-35.24	34.69	0.51	818
ingolstadt1_setting4_dqn_domain_adaptation	SIM_TRAIN	76	68.3	0.6	-0.46	0.40	0.18	1702
ingolstadt1_setting4_dqn_domain_adaptation	SIM_TEST	77	30.5	0.0	-0.18	0.18	0.08	1707
ingolstadt1_setting4_dqn_domain_adaptation	REAL_TRAIN	77	314.8	0.0	-35.24	34.69	0.51	818
ingolstadt1_setting4_dqn_domain_adaptation	SIM_TRAIN	77	53.4	0.6	-0.36	0.33	0.17	1701
ingolstadt1_setting4_dqn_domain_adaptation	SIM_TEST	78	40.6	0.0	-0.33	0.31	0.11	1707
ingolstadt1_setting4_dqn_domain_adaptation	REAL_TRAIN	78	314.8	0.0	-35.24	34.69	0.51	818
ingolstadt1_setting4_dqn_domain_adaptation	SIM_TRAIN	78	52.2	0.6	-0.18	0.18	0.16	1701
ingolstadt1_setting4_dqn_domain_adaptation	SIM_TEST	79	31.9	0.0	-0.50	0.51	0.08	1707
ingolstadt1_setting4_dqn_domain_adaptation	REAL_TRAIN	79	314.8	0.0	-35.24	34.69	0.51	818
ingolstadt1_setting4_dqn_domain_adaptation	SIM_TRAIN	79	57.6	0.6	-0.35	0.31	0.17	1700
ingolstadt1_setting4_dqn_domain_adaptation	SIM_TEST	80	29.3	0.0	-0.49	0.47	0.06	1707
ingolstadt1_setting4_dqn_domain_adaptation	REAL_TRAIN	80	314.8	0.0	-35.24	34.69	0.51	818
ingolstadt1_setting4_dqn_domain_adaptation	SIM_TRAIN	80	59.9	0.5	-0.42	0.41	0.17	1703
ingolstadt1_setting4_dqn_domain_adaptation	SIM_TEST	81	39.9	0.0	-0.31	0.28	0.11	1706
ingolstadt1_setting4_dqn_domain_adaptation	REAL_TRAIN	81	301.8	0.0	-35.16	34.61	0.51	838
ingolstadt1_setting4_dqn_domain_adaptation	SIM_TRAIN	81	57.0	0.5	-0.31	0.30	0.17	1702
ingolstadt1_setting4_dqn_domain_adaptation	SIM_TEST	82	57.0	0.0	-1.03	1.03	0.18	1705
ingolstadt1_setting4_dqn_domain_adaptation	REAL_TRAIN	82	301.8	0.0	-35.16	34.61	0.51	838
ingolstadt1_setting4_dqn_domain_adaptation	SIM_TRAIN	82	51.5	0.5	-0.16	0.15	0.16	1701
ingolstadt1_setting4_dqn_domain_adaptation	SIM_TEST	83	34.0	0.0	-0.29	0.26	0.08	1707
ingolstadt1_setting4_dqn_domain_adaptation	REAL_TRAIN	83	298.7	0.0	-34.88	34.32	0.52	840
ingolstadt1_setting4_dqn_domain_adaptation	SIM_TRAIN	83	57.6	0.5	-0.13	0.11	0.16	1701
ingolstadt1_setting4_dqn_domain_adaptation	SIM_TEST	84	30.6	0.0	-0.26	0.22	0.08	1707
ingolstadt1_setting4_dqn_domain_adaptation	REAL_TRAIN	84	295.9	0.0	-34.01	33.46	0.51	849
ingolstadt1_setting4_dqn_domain_adaptation	SIM_TRAIN	84	56.2	0.6	-0.51	0.49	0.16	1702
ingolstadt1_setting4_dqn_domain_adaptation	SIM_TEST	85	29.6	0.0	-0.42	0.40	0.07	1707
ingolstadt1_setting4_dqn_domain_adaptation	REAL_TRAIN	85	301.8	0.0	-35.16	34.61	0.51	838
ingolstadt1_setting4_dqn_domain_adaptation	SIM_TRAIN	85	57.2	0.5	-0.16	0.15	0.16	1704
ingolstadt1_setting4_dqn_domain_adaptation	SIM_TEST	86	81.5	0.0	-0.37	0.32	0.15	1702
ingolstadt1_setting4_dqn_domain_adaptation	REAL_TRAIN	86	301.8	0.0	-35.16	34.61	0.51	838
ingolstadt1_setting4_dqn_domain_adaptation	SIM_TRAIN	86	52.6	0.5	-0.22	0.21	0.16	1700
ingolstadt1_setting4_dqn_domain_adaptation	SIM_TEST	87	55.4	0.0	-0.36	0.29	0.13	1706
ingolstadt1_setting4_dqn_domain_adaptation	REAL_TRAIN	87	314.8	0.0	-35.24	34.69	0.51	818
ingolstadt1_setting4_dqn_domain_adaptation	SIM_TRAIN	87	68.3	1.2	-1.65	1.63	0.19	1702
ingolstadt1_setting4_dqn_domain_adaptation	SIM_TEST	88	46.0	0.0	-0.41	0.34	0.11	1707
ingolstadt1_setting4_dqn_domain_adaptation	REAL_TRAIN	88	314.8	0.0	-35.24	34.69	0.51	818
ingolstadt1_setting4_dqn_domain_adaptation	SIM_TRAIN	88	57.7	1.0	-0.15	0.14	0.16	1702
ingolstadt1_setting4_dqn_domain_adaptation	SIM_TEST	89	54.5	0.0	-0.27	0.25	0.13	1707
ingolstadt1_setting4_dqn_domain_adaptation	REAL_TRAIN	89	314.8	0.0	-35.24	34.69	0.51	818
ingolstadt1_setting4_dqn_domain_adaptation	SIM_TRAIN	89	65.3	1.2	-0.33	0.30	0.17	1702
ingolstadt1_setting4_dqn_domain_adaptation	SIM_TEST	90	39.1	0.0	-0.36	0.32	0.10	1707
ingolstadt1_setting4_dqn_domain_adaptation	REAL_TRAIN	90	314.8	0.0	-35.24	34.69	0.51	818
ingolstadt1_setting4_dqn_domain_adaptation	SIM_TRAIN	90	55.1	1.2	-0.22	0.21	0.16	1702
ingolstadt1_setting4_dqn_domain_adaptation	SIM_TEST	91	30.3	0.0	-0.19	0.19	0.08	1707
ingolstadt1_setting4_dqn_domain_adaptation	REAL_TRAIN	91	314.8	0.0	-35.24	34.69	0.51	818
ingolstadt1_setting4_dqn_domain_adaptation	SIM_TRAIN	91	53.9	1.0	-0.12	0.11	0.16	1700
ingolstadt1_setting4_dqn_domain_adaptation	SIM_TEST	92	29.2	0.0	-0.34	0.32	0.06	1707
ingolstadt1_setting4_dqn_domain_adaptation	REAL_TRAIN	92	314.8	0.0	-35.24	34.69	0.51	818
ingolstadt1_setting4_dqn_domain_adaptation	SIM_TRAIN	92	51.0	1.0	-0.16	0.16	0.15	1703
ingolstadt1_setting4_dqn_domain_adaptation	SIM_TEST	93	32.7	0.0	-0.21	0.18	0.08	1706
ingolstadt1_setting4_dqn_domain_adaptation	REAL_TRAIN	93	314.8	0.0	-35.24	34.69	0.51	818
ingolstadt1_setting4_dqn_domain_adaptation	SIM_TRAIN	93	59.5	0.8	-0.30	0.27	0.17	1702
ingolstadt1_setting4_dqn_domain_adaptation	SIM_TEST	94	29.2	0.0	-0.37	0.36	0.06	1707
ingolstadt1_setting4_dqn_domain_adaptation	REAL_TRAIN	94	314.8	0.0	-35.24	34.69	0.51	818
ingolstadt1_setting4_dqn_domain_adaptation	SIM_TRAIN	94	57.3	0.8	-0.23	0.22	0.16	1702
ingolstadt1_setting4_dqn_domain_adaptation	SIM_TEST	95	83.9	0.0	-0.12	0.09	0.21	1702
ingolstadt1_setting4_dqn_domain_adaptation	REAL_TRAIN	95	314.8	0.0	-35.24	34.69	0.51	818
ingolstadt1_setting4_dqn_domain_adaptation	SIM_TRAIN	95	58.0	0.7	-0.44	0.42	0.17	1703
ingolstadt1_setting4_dqn_domain_adaptation	SIM_TEST	96	35.8	0.0	-0.32	0.29	0.09	1707
ingolstadt1_setting4_dqn_domain_adaptation	REAL_TRAIN	96	314.8	0.0	-35.24	34.69	0.51	818
ingolstadt1_setting4_dqn_domain_adaptation	SIM_TRAIN	96	50.6	0.6	-0.16	0.16	0.15	1701
ingolstadt1_setting4_dqn_domain_adaptation	SIM_TEST	97	29.4	0.0	-0.36	0.34	0.06	1707
ingolstadt1_setting4_dqn_domain_adaptation	REAL_TRAIN	97	314.8	0.0	-35.24	34.69	0.51	818
ingolstadt1_setting4_dqn_domain_adaptation	SIM_TRAIN	97	87.2	0.8	-0.31	0.27	0.17	1702
ingolstadt1_setting4_dqn_domain_adaptation	SIM_TEST	98	31.4	0.0	-0.15	0.14	0.08	1706
ingolstadt1_setting4_dqn_domain_adaptation	REAL_TRAIN	98	314.8	0.0	-35.24	34.69	0.51	818
ingolstadt1_setting4_dqn_domain_adaptation	SIM_TRAIN	98	53.5	0.6	-0.36	0.35	0.16	1701
ingolstadt1_setting4_dqn_domain_adaptation	SIM_TEST	99	33.0	0.0	-0.16	0.14	0.09	1705
ingolstadt1_setting4_dqn_domain_adaptation	REAL_TRAIN	99	314.8	0.0	-35.24	34.69	0.51	818
ingolstadt1_setting4_dqn_domain_adaptation	SIM_TRAIN	99	55.5	0.6	-0.29	0.27	0.16	1703
ingolstadt1_setting4_dqn_domain_adaptation	REAL_TEST	100	314.8	100.0	-35.24	34.69	0.51	818
