bullhead_3_setting4_presslight_gat	SIM_TEST	0	127.1	100.0	-2.42	2.80	0.56	4298
bullhead_3_setting4_presslight_gat	REAL_TRAIN	0	1004.5	100.0	-280.54	182.06	0.83	939
bullhead_3_setting4_presslight_gat	SIM_TRAIN	0	400.4	0.0	-97.86	86.71	0.86	3831
bullhead_3_setting4_presslight_gat	SIM_TEST	1	127.4	100.0	-2.15	2.86	0.56	4301
bullhead_3_setting4_presslight_gat	REAL_TRAIN	1	1004.5	100.0	-280.54	182.06	0.83	939
bullhead_3_setting4_presslight_gat	SIM_TRAIN	0	401.6	0.0	-96.81	85.99	0.86	3815
bullhead_3_setting4_presslight_gat	SIM_TEST	2	127.3	100.0	-2.73	2.89	0.57	4298
bullhead_3_setting4_presslight_gat	REAL_TRAIN	2	1004.5	100.0	-280.54	182.06	0.83	939
bullhead_3_setting4_presslight_gat	SIM_TRAIN	0	410.2	332.4	-95.85	89.98	0.86	3818
bullhead_3_setting4_presslight_gat	SIM_TEST	3	218.2	100.0	-47.40	31.89	0.78	4150
bullhead_3_setting4_presslight_gat	REAL_TRAIN	3	240.8	100.0	-82.14	25.70	0.71	2399
bullhead_3_setting4_presslight_gat	SIM_TRAIN	0	413.4	85.1	-99.15	90.58	0.87	3812
bullhead_3_setting4_presslight_gat	SIM_TEST	4	999.7	100.0	-115.57	201.38	0.75	2251
bullhead_3_setting4_presslight_gat	REAL_TRAIN	4	704.1	100.0	-102.69	101.97	0.67	1705
bullhead_3_setting4_presslight_gat	SIM_TRAIN	0	1008.6	164.6	-141.57	206.43	0.83	2238
bullhead_3_setting4_presslight_gat	SIM_TEST	5	1216.1	100.0	-239.41	239.12	0.77	1602
bullhead_3_setting4_presslight_gat	REAL_TRAIN	5	1610.7	100.0	-337.19	275.58	0.79	446
bullhead_3_setting4_presslight_gat	SIM_TRAIN	0	1440.2	349.3	-243.07	279.29	0.79	910
bullhead_3_setting4_presslight_gat	SIM_TEST	6	1337.1	100.0	-249.87	270.27	0.83	1292
bullhead_3_setting4_presslight_gat	REAL_TRAIN	6	1193.7	100.0	-354.45	179.43	0.88	1225
bullhead_3_setting4_presslight_gat	SIM_TRAIN	0	1259.6	437.3	-273.85	246.34	0.87	1500
bullhead_3_setting4_presslight_gat	SIM_TEST	7	433.9	100.0	-208.31	91.29	0.82	3584
bullhead_3_setting4_presslight_gat	REAL_TRAIN	7	1146.3	100.0	-377.86	191.49	0.83	1255
bullhead_3_setting4_presslight_gat	SIM_TRAIN	0	580.9	517.1	-250.04	132.18	0.85	3306
bullhead_3_setting4_presslight_gat	SIM_TEST	8	995.5	100.0	-95.95	178.11	0.86	2174
bullhead_3_setting4_presslight_gat	REAL_TRAIN	8	683.2	100.0	-97.45	83.30	0.81	2029
bullhead_3_setting4_presslight_gat	SIM_TRAIN	0	1309.8	523.0	-250.69	259.02	0.76	1521
bullhead_3_setting4_presslight_gat	SIM_TEST	9	1034.1	100.0	-109.84	184.56	0.88	2047
bullhead_3_setting4_presslight_gat	REAL_TRAIN	9	878.0	100.0	-109.96	109.53	0.84	1717
bullhead_3_setting4_presslight_gat	SIM_TRAIN	0	1146.7	565.3	-121.28	215.64	0.89	1973
bullhead_3_setting4_presslight_gat	SIM_TEST	10	226.8	100.0	-30.94	33.85	0.71	4125
bullhead_3_setting4_presslight_gat	REAL_TRAIN	10	1296.2	100.0	-341.71	210.72	0.90	1170
bullhead_3_setting4_presslight_gat	SIM_TRAIN	0	405.4	550.3	-99.37	88.46	0.86	3815
bullhead_3_setting4_presslight_gat	SIM_TEST	11	239.3	100.0	-30.63	38.66	0.67	4131
bullhead_3_setting4_presslight_gat	REAL_TRAIN	11	1254.4	100.0	-339.83	206.46	0.89	1169
bullhead_3_setting4_presslight_gat	SIM_TRAIN	0	389.8	528.5	-71.40	83.88	0.74	3883
bullhead_3_setting4_presslight_gat	SIM_TEST	12	213.4	100.0	-30.01	29.36	0.73	4179
bullhead_3_setting4_presslight_gat	REAL_TRAIN	12	364.4	100.0	-115.99	47.79	0.74	2244
bullhead_3_setting4_presslight_gat	SIM_TRAIN	0	409.3	512.0	-98.56	88.57	0.87	3812
bullhead_3_setting4_presslight_gat	SIM_TEST	13	231.8	100.0	-35.94	34.73	0.73	4020
bullhead_3_setting4_presslight_gat	REAL_TRAIN	13	353.5	100.0	-116.67	45.82	0.75	2251
bullhead_3_setting4_presslight_gat	SIM_TRAIN	0	371.2	461.0	-68.15	78.47	0.78	3916
bullhead_3_setting4_presslight_gat	SIM_TEST	14	1248.4	100.0	-196.53	269.07	0.78	1720
bullhead_3_setting4_presslight_gat	REAL_TRAIN	14	367.5	100.0	-116.83	49.13	0.74	2235
bullhead_3_setting4_presslight_gat	SIM_TRAIN	0	1419.7	540.1	-216.64	320.05	0.83	1138
bullhead_3_setting4_presslight_gat	SIM_TEST	15	236.6	100.0	-45.46	37.78	0.77	4141
bullhead_3_setting4_presslight_gat	REAL_TRAIN	15	309.0	100.0	-115.76	38.06	0.74	2303
bullhead_3_setting4_presslight_gat	SIM_TRAIN	0	407.0	533.8	-99.15	87.80	0.87	3812
bullhead_3_setting4_presslight_gat	SIM_TEST	16	272.6	100.0	-57.59	46.30	0.78	4077
bullhead_3_setting4_presslight_gat	REAL_TRAIN	16	225.0	100.0	-77.59	23.25	0.69	2653
bullhead_3_setting4_presslight_gat	SIM_TRAIN	0	382.7	505.0	-98.06	76.94	0.87	3821
bullhead_3_setting4_presslight_gat	SIM_TEST	17	248.2	100.0	-54.54	39.86	0.78	4092
bullhead_3_setting4_presslight_gat	REAL_TRAIN	17	303.7	100.0	-101.16	35.84	0.72	2332
bullhead_3_setting4_presslight_gat	SIM_TRAIN	0	351.1	485.9	-87.18	66.75	0.85	3890
bullhead_3_setting4_presslight_gat	SIM_TEST	18	241.4	100.0	-45.64	39.34	0.77	4141
bullhead_3_setting4_presslight_gat	REAL_TRAIN	18	332.5	100.0	-82.09	40.34	0.69	2473
bullhead_3_setting4_presslight_gat	SIM_TRAIN	0	330.5	467.8	-86.01	68.57	0.85	4012
bullhead_3_setting4_presslight_gat	SIM_TEST	19	232.3	100.0	-47.25	36.00	0.77	4140
bullhead_3_setting4_presslight_gat	REAL_TRAIN	19	384.2	100.0	-73.29	45.18	0.67	2456
bullhead_3_setting4_presslight_gat	SIM_TRAIN	0	281.6	441.2	-50.15	54.15	0.76	4083
bullhead_3_setting4_presslight_gat	SIM_TEST	20	243.5	100.0	-54.94	37.91	0.78	4105
bullhead_3_setting4_presslight_gat	REAL_TRAIN	20	365.3	100.0	-74.31	41.10	0.68	2554
bullhead_3_setting4_presslight_gat	SIM_TRAIN	0	272.8	423.2	-53.02	51.08	0.74	4078
bullhead_3_setting4_presslight_gat	SIM_TEST	21	257.9	100.0	-52.19	45.66	0.77	4103
bullhead_3_setting4_presslight_gat	REAL_TRAIN	21	329.8	100.0	-68.24	31.98	0.66	2692
bullhead_3_setting4_presslight_gat	SIM_TRAIN	0	268.8	445.9	-45.20	50.86	0.75	4107
bullhead_3_setting4_presslight_gat	SIM_TEST	22	298.4	100.0	-57.49	62.34	0.80	4033
bullhead_3_setting4_presslight_gat	REAL_TRAIN	22	209.3	100.0	-55.51	19.23	0.67	2681
bullhead_3_setting4_presslight_gat	SIM_TRAIN	0	368.3	457.8	-79.32	76.88	0.81	3778
bullhead_3_setting4_presslight_gat	SIM_TEST	23	272.7	100.0	-62.80	49.16	0.79	4027
bullhead_3_setting4_presslight_gat	REAL_TRAIN	23	210.2	100.0	-57.24	18.55	0.67	2617
bullhead_3_setting4_presslight_gat	SIM_TRAIN	0	389.2	433.3	-95.86	77.18	0.81	3692
bullhead_3_setting4_presslight_gat	SIM_TEST	24	282.9	100.0	-63.24	53.26	0.80	3996
bullhead_3_setting4_presslight_gat	REAL_TRAIN	24	220.3	100.0	-64.80	21.34	0.70	2547
bullhead_3_setting4_presslight_gat	SIM_TRAIN	0	385.5	433.4	-89.23	79.65	0.81	3737
bullhead_3_setting4_presslight_gat	SIM_TEST	25	283.9	100.0	-72.42	54.81	0.83	3994
bullhead_3_setting4_presslight_gat	REAL_TRAIN	25	215.6	100.0	-63.67	20.21	0.69	2570
bullhead_3_setting4_presslight_gat	SIM_TRAIN	0	327.9	426.2	-84.71	70.43	0.81	3941
bullhead_3_setting4_presslight_gat	SIM_TEST	26	272.1	100.0	-50.58	52.47	0.79	4075
bullhead_3_setting4_presslight_gat	REAL_TRAIN	26	224.7	100.0	-69.31	22.46	0.70	2554
bullhead_3_setting4_presslight_gat	SIM_TRAIN	0	304.7	430.6	-44.00	65.20	0.70	4036
bullhead_3_setting4_presslight_gat	SIM_TEST	27	262.8	100.0	-54.35	48.23	0.78	4074
bullhead_3_setting4_presslight_gat	REAL_TRAIN	27	310.3	100.0	-98.57	39.27	0.72	2443
bullhead_3_setting4_presslight_gat	SIM_TRAIN	0	297.2	411.0	-42.69	62.14	0.72	4049
bullhead_3_setting4_presslight_gat	SIM_TEST	28	251.2	100.0	-50.89	40.66	0.75	4084
bullhead_3_setting4_presslight_gat	REAL_TRAIN	28	369.9	100.0	-105.42	45.71	0.74	2460
bullhead_3_setting4_presslight_gat	SIM_TRAIN	0	273.6	381.9	-51.78	48.85	0.68	4070
bullhead_3_setting4_presslight_gat	SIM_TEST	29	235.5	100.0	-51.36	37.20	0.75	4061
bullhead_3_setting4_presslight_gat	REAL_TRAIN	29	363.5	100.0	-108.70	45.36	0.74	2480
bullhead_3_setting4_presslight_gat	SIM_TRAIN	0	281.4	358.4	-95.91	50.61	0.80	3937
bullhead_3_setting4_presslight_gat	SIM_TEST	30	265.8	100.0	-63.21	49.89	0.83	4092
bullhead_3_setting4_presslight_gat	REAL_TRAIN	30	276.2	100.0	-98.62	32.96	0.71	2472
bullhead_3_setting4_presslight_gat	SIM_TRAIN	0	346.4	340.1	-83.58	61.41	0.80	3765
bullhead_3_setting4_presslight_gat	SIM_TEST	31	206.2	100.0	-41.56	26.84	0.77	4166
bullhead_3_setting4_presslight_gat	REAL_TRAIN	31	381.5	100.0	-118.47	49.84	0.75	2563
bullhead_3_setting4_presslight_gat	SIM_TRAIN	0	219.4	341.9	-49.63	31.50	0.75	4139
bullhead_3_setting4_presslight_gat	SIM_TEST	32	260.6	100.0	-51.00	47.85	0.79	4096
bullhead_3_setting4_presslight_gat	REAL_TRAIN	32	347.1	100.0	-101.84	44.28	0.72	2499
bullhead_3_setting4_presslight_gat	SIM_TRAIN	0	329.7	343.5	-86.61	59.31	0.81	3827
bullhead_3_setting4_presslight_gat	SIM_TEST	33	193.3	100.0	-32.28	21.69	0.75	4196
bullhead_3_setting4_presslight_gat	REAL_TRAIN	33	320.4	100.0	-100.57	38.83	0.72	2560
bullhead_3_setting4_presslight_gat	SIM_TRAIN	0	192.5	327.3	-32.11	20.03	0.73	4182
bullhead_3_setting4_presslight_gat	SIM_TEST	34	210.8	100.0	-41.71	28.08	0.78	4164
bullhead_3_setting4_presslight_gat	REAL_TRAIN	34	325.7	100.0	-100.04	40.30	0.72	2496
bullhead_3_setting4_presslight_gat	SIM_TRAIN	0	206.3	317.9	-30.80	24.62	0.74	4169
bullhead_3_setting4_presslight_gat	SIM_TEST	35	197.7	100.0	-36.36	22.52	0.75	4179
bullhead_3_setting4_presslight_gat	REAL_TRAIN	35	753.3	100.0	-232.38	117.66	0.85	1412
bullhead_3_setting4_presslight_gat	SIM_TRAIN	0	209.4	300.7	-28.14	26.18	0.73	4155
bullhead_3_setting4_presslight_gat	SIM_TEST	36	199.4	100.0	-40.59	22.44	0.76	4168
bullhead_3_setting4_presslight_gat	REAL_TRAIN	36	224.0	100.0	-76.16	22.19	0.69	2554
bullhead_3_setting4_presslight_gat	SIM_TRAIN	0	198.5	275.9	-38.93	21.98	0.74	4166
bullhead_3_setting4_presslight_gat	SIM_TEST	37	192.2	100.0	-32.82	19.73	0.74	4176
bullhead_3_setting4_presslight_gat	REAL_TRAIN	37	580.7	100.0	-180.32	91.51	0.81	1592
bullhead_3_setting4_presslight_gat	SIM_TRAIN	0	212.9	254.9	-29.96	26.84	0.72	4156
bullhead_3_setting4_presslight_gat	SIM_TEST	38	207.2	100.0	-36.02	25.50	0.74	4157
bullhead_3_setting4_presslight_gat	REAL_TRAIN	38	284.3	100.0	-107.04	33.49	0.70	2425
bullhead_3_setting4_presslight_gat	SIM_TRAIN	0	211.4	245.2	-27.57	26.56	0.69	4157
bullhead_3_setting4_presslight_gat	SIM_TEST	39	219.9	100.0	-44.53	18.60	0.72	4080
bullhead_3_setting4_presslight_gat	REAL_TRAIN	39	214.2	100.0	-73.15	19.98	0.67	2592
bullhead_3_setting4_presslight_gat	SIM_TRAIN	0	236.8	240.6	-50.75	21.92	0.74	4046
bullhead_3_setting4_presslight_gat	SIM_TEST	40	209.9	100.0	-44.63	22.42	0.72	4131
bullhead_3_setting4_presslight_gat	REAL_TRAIN	40	257.7	100.0	-99.30	27.96	0.70	2405
bullhead_3_setting4_presslight_gat	SIM_TRAIN	0	250.7	223.6	-46.18	36.61	0.74	4060
bullhead_3_setting4_presslight_gat	SIM_TEST	41	203.8	100.0	-45.92	21.63	0.74	4143
bullhead_3_setting4_presslight_gat	REAL_TRAIN	41	235.4	100.0	-86.99	24.16	0.70	2487
bullhead_3_setting4_presslight_gat	SIM_TRAIN	0	211.9	209.2	-41.28	22.58	0.70	4124
bullhead_3_setting4_presslight_gat	SIM_TEST	42	208.8	100.0	-46.44	21.66	0.72	4134
bullhead_3_setting4_presslight_gat	REAL_TRAIN	42	245.0	100.0	-97.69	25.29	0.68	2462
bullhead_3_setting4_presslight_gat	SIM_TRAIN	0	205.5	192.4	-43.84	19.60	0.70	4129
bullhead_3_setting4_presslight_gat	SIM_TEST	43	196.0	100.0	-42.17	19.15	0.74	4165
bullhead_3_setting4_presslight_gat	REAL_TRAIN	43	256.8	100.0	-100.75	27.18	0.70	2445
bullhead_3_setting4_presslight_gat	SIM_TRAIN	0	177.2	163.7	-29.14	14.81	0.69	4189
bullhead_3_setting4_presslight_gat	SIM_TEST	44	442.7	100.0	-119.95	102.66	0.73	2670
bullhead_3_setting4_presslight_gat	REAL_TRAIN	44	241.5	100.0	-94.18	24.99	0.68	2554
bullhead_3_setting4_presslight_gat	SIM_TRAIN	0	203.0	140.7	-44.88	17.45	0.67	4107
bullhead_3_setting4_presslight_gat	SIM_TEST	45	1075.6	100.0	-219.03	213.09	0.75	1552
bullhead_3_setting4_presslight_gat	REAL_TRAIN	45	217.6	100.0	-83.34	20.32	0.68	2639
bullhead_3_setting4_presslight_gat	SIM_TRAIN	0	269.9	201.8	-61.99	37.79	0.73	4019
bullhead_3_setting4_presslight_gat	SIM_TEST	46	214.3	100.0	-53.18	26.22	0.71	4154
bullhead_3_setting4_presslight_gat	REAL_TRAIN	46	1467.9	100.0	-362.32	231.51	0.91	752
bullhead_3_setting4_presslight_gat	SIM_TRAIN	0	312.3	352.4	-58.11	59.21	0.73	4074
bullhead_3_setting4_presslight_gat	SIM_TEST	47	192.6	100.0	-28.33	19.57	0.74	4183
bullhead_3_setting4_presslight_gat	REAL_TRAIN	47	249.1	100.0	-101.88	28.15	0.75	2561
bullhead_3_setting4_presslight_gat	SIM_TRAIN	0	186.9	494.2	-30.26	17.17	0.74	4180
bullhead_3_setting4_presslight_gat	SIM_TEST	48	190.5	100.0	-38.78	18.97	0.76	4166
bullhead_3_setting4_presslight_gat	REAL_TRAIN	48	611.8	100.0	-329.43	122.56	0.84	1985
bullhead_3_setting4_presslight_gat	SIM_TRAIN	0	183.1	552.5	-37.80	15.73	0.75	4186
bullhead_3_setting4_presslight_gat	SIM_TEST	49	184.9	100.0	-33.03	17.28	0.74	4185
bullhead_3_setting4_presslight_gat	REAL_TRAIN	49	495.3	100.0	-325.18	107.18	0.79	2447
bullhead_3_setting4_presslight_gat	SIM_TRAIN	0	189.1	535.7	-40.82	18.12	0.75	4171
bullhead_3_setting4_presslight_gat	SIM_TEST	50	185.3	100.0	-30.54	18.49	0.72	4195
bullhead_3_setting4_presslight_gat	REAL_TRAIN	50	501.1	100.0	-324.18	107.60	0.79	2387
bullhead_3_setting4_presslight_gat	SIM_TRAIN	0	325.3	549.5	-62.10	61.67	0.74	3944
bullhead_3_setting4_presslight_gat	SIM_TEST	51	222.3	100.0	-45.95	25.28	0.74	4119
bullhead_3_setting4_presslight_gat	REAL_TRAIN	51	545.9	100.0	-285.43	106.77	0.82	2025
bullhead_3_setting4_presslight_gat	SIM_TRAIN	0	219.7	550.8	-41.39	26.94	0.71	4121
bullhead_3_setting4_presslight_gat	SIM_TEST	52	228.9	100.0	-54.24	23.65	0.76	4065
bullhead_3_setting4_presslight_gat	REAL_TRAIN	52	506.2	100.0	-324.26	108.59	0.83	2443
bullhead_3_setting4_presslight_gat	SIM_TRAIN	0	314.8	530.2	-53.01	63.83	0.76	3989
bullhead_3_setting4_presslight_gat	SIM_TEST	53	242.1	100.0	-47.87	25.03	0.74	4053
bullhead_3_setting4_presslight_gat	REAL_TRAIN	53	511.6	100.0	-328.41	110.96	0.83	2468
bullhead_3_setting4_presslight_gat	SIM_TRAIN	0	313.3	496.7	-48.96	59.72	0.75	3982
bullhead_3_setting4_presslight_gat	SIM_TEST	54	186.9	100.0	-34.99	17.84	0.72	4179
bullhead_3_setting4_presslight_gat	REAL_TRAIN	54	688.1	100.0	-282.31	123.75	0.84	1781
bullhead_3_setting4_presslight_gat	SIM_TRAIN	0	319.5	475.8	-51.52	63.42	0.73	3980
bullhead_3_setting4_presslight_gat	SIM_TEST	55	226.3	100.0	-52.00	20.44	0.72	4055
bullhead_3_setting4_presslight_gat	REAL_TRAIN	55	550.8	100.0	-303.28	108.12	0.80	2122
bullhead_3_setting4_presslight_gat	SIM_TRAIN	0	293.2	459.4	-50.36	57.00	0.75	4015
bullhead_3_setting4_presslight_gat	SIM_TEST	56	205.7	100.0	-46.63	20.47	0.73	4113
bullhead_3_setting4_presslight_gat	REAL_TRAIN	56	420.8	100.0	-218.20	76.52	0.77	2202
bullhead_3_setting4_presslight_gat	SIM_TRAIN	0	187.5	438.2	-40.55	18.15	0.72	4171
bullhead_3_setting4_presslight_gat	SIM_TEST	57	226.4	100.0	-53.52	21.39	0.74	4062
bullhead_3_setting4_presslight_gat	REAL_TRAIN	57	295.0	100.0	-153.80	47.40	0.73	2608
bullhead_3_setting4_presslight_gat	SIM_TRAIN	0	214.7	475.1	-53.45	19.49	0.74	4064
bullhead_3_setting4_presslight_gat	SIM_TEST	58	175.5	100.0	-32.28	17.45	0.74	4218
bullhead_3_setting4_presslight_gat	REAL_TRAIN	58	759.4	100.0	-280.56	123.76	0.77	1659
bullhead_3_setting4_presslight_gat	SIM_TRAIN	0	185.2	419.0	-29.87	15.88	0.71	4189
bullhead_3_setting4_presslight_gat	SIM_TEST	59	177.6	100.0	-34.77	17.53	0.71	4208
bullhead_3_setting4_presslight_gat	REAL_TRAIN	59	535.4	100.0	-156.85	83.76	0.72	1711
bullhead_3_setting4_presslight_gat	SIM_TRAIN	0	172.3	300.6	-29.11	16.10	0.72	4235
bullhead_3_setting4_presslight_gat	SIM_TEST	60	197.9	100.0	-39.88	18.79	0.72	4174
bullhead_3_setting4_presslight_gat	REAL_TRAIN	60	467.0	100.0	-231.19	83.27	0.77	2102
bullhead_3_setting4_presslight_gat	SIM_TRAIN	0	266.1	177.9	-42.47	50.51	0.74	4046
bullhead_3_setting4_presslight_gat	SIM_TEST	61	571.7	100.0	-71.10	123.85	0.73	2649
bullhead_3_setting4_presslight_gat	REAL_TRAIN	61	617.3	100.0	-124.78	95.60	0.73	1603
bullhead_3_setting4_presslight_gat	SIM_TRAIN	0	303.3	128.7	-46.06	60.45	0.74	4004
bullhead_3_setting4_presslight_gat	SIM_TEST	62	155.9	100.0	-21.08	10.06	0.69	4246
bullhead_3_setting4_presslight_gat	REAL_TRAIN	62	473.0	100.0	-111.35	67.34	0.71	2128
bullhead_3_setting4_presslight_gat	SIM_TRAIN	0	436.5	131.3	-48.29	77.10	0.69	3342
bullhead_3_setting4_presslight_gat	SIM_TEST	63	213.4	100.0	-42.39	20.22	0.71	4117
bullhead_3_setting4_presslight_gat	REAL_TRAIN	63	231.4	100.0	-88.08	25.08	0.71	2668
bullhead_3_setting4_presslight_gat	SIM_TRAIN	0	205.9	201.9	-40.22	16.26	0.71	4093
bullhead_3_setting4_presslight_gat	SIM_TEST	64	293.3	100.0	-42.66	44.12	0.69	4058
bullhead_3_setting4_presslight_gat	REAL_TRAIN	64	552.1	100.0	-79.89	86.76	0.71	1961
bullhead_3_setting4_presslight_gat	SIM_TRAIN	0	450.5	239.3	-47.55	108.98	0.74	3943
bullhead_3_setting4_presslight_gat	SIM_TEST	65	193.9	100.0	-34.35	20.36	0.69	4180
bullhead_3_setting4_presslight_gat	REAL_TRAIN	65	206.2	100.0	-71.79	17.98	0.69	2636
bullhead_3_setting4_presslight_gat	SIM_TRAIN	0	183.1	312.7	-33.18	15.66	0.71	4187
bullhead_3_setting4_presslight_gat	SIM_TEST	66	180.4	100.0	-31.43	16.89	0.71	4197
bullhead_3_setting4_presslight_gat	REAL_TRAIN	66	207.7	100.0	-73.38	18.19	0.68	2646
bullhead_3_setting4_presslight_gat	SIM_TRAIN	0	182.3	330.0	-27.62	17.27	0.72	4208
bullhead_3_setting4_presslight_gat	SIM_TEST	67	175.7	100.0	-26.68	15.25	0.73	4203
bullhead_3_setting4_presslight_gat	REAL_TRAIN	67	199.6	100.0	-67.14	15.42	0.66	2592
bullhead_3_setting4_presslight_gat	SIM_TRAIN	0	174.1	337.5	-26.18	13.74	0.69	4206
bullhead_3_setting4_presslight_gat	SIM_TEST	68	177.4	100.0	-27.60	15.58	0.69	4212
bullhead_3_setting4_presslight_gat	REAL_TRAIN	68	202.6	100.0	-69.56	16.46	0.67	2614
bullhead_3_setting4_presslight_gat	SIM_TRAIN	0	189.5	330.2	-30.21	16.71	0.70	4176
bullhead_3_setting4_presslight_gat	SIM_TEST	69	180.9	100.0	-33.01	17.13	0.73	4205
bullhead_3_setting4_presslight_gat	REAL_TRAIN	69	204.4	100.0	-71.88	17.18	0.69	2599
bullhead_3_setting4_presslight_gat	SIM_TRAIN	0	196.7	331.6	-51.21	21.93	0.73	4162
bullhead_3_setting4_presslight_gat	SIM_TEST	70	175.5	100.0	-24.82	14.99	0.68	4211
bullhead_3_setting4_presslight_gat	REAL_TRAIN	70	195.8	100.0	-66.73	15.25	0.66	2653
bullhead_3_setting4_presslight_gat	SIM_TRAIN	0	200.1	321.8	-32.75	23.57	0.71	4123
bullhead_3_setting4_presslight_gat	SIM_TEST	71	171.0	100.0	-24.15	13.09	0.70	4215
bullhead_3_setting4_presslight_gat	REAL_TRAIN	71	196.5	100.0	-68.24	15.17	0.69	2628
bullhead_3_setting4_presslight_gat	SIM_TRAIN	0	172.0	320.1	-24.84	13.06	0.69	4211
bullhead_3_setting4_presslight_gat	SIM_TEST	72	188.6	100.0	-31.11	16.24	0.67	4175
bullhead_3_setting4_presslight_gat	REAL_TRAIN	72	204.6	100.0	-70.47	17.31	0.67	2612
bullhead_3_setting4_presslight_gat	SIM_TRAIN	0	217.1	292.0	-36.24	25.39	0.68	4129
bullhead_3_setting4_presslight_gat	SIM_TEST	73	169.8	100.0	-25.18	12.30	0.69	4202
bullhead_3_setting4_presslight_gat	REAL_TRAIN	73	196.6	100.0	-68.00	15.40	0.67	2648
bullhead_3_setting4_presslight_gat	SIM_TRAIN	0	441.1	290.3	-45.46	73.23	0.71	3275
bullhead_3_setting4_presslight_gat	SIM_TEST	74	174.6	100.0	-25.74	14.42	0.69	4213
bullhead_3_setting4_presslight_gat	REAL_TRAIN	74	214.6	100.0	-79.12	20.08	0.69	2647
bullhead_3_setting4_presslight_gat	SIM_TRAIN	0	170.0	426.1	-24.89	11.78	0.67	4218
bullhead_3_setting4_presslight_gat	SIM_TEST	75	165.2	100.0	-23.09	14.83	0.73	4243
bullhead_3_setting4_presslight_gat	REAL_TRAIN	75	206.6	100.0	-72.50	18.41	0.71	2662
bullhead_3_setting4_presslight_gat	SIM_TRAIN	0	205.0	392.8	-67.70	23.15	0.77	4127
bullhead_3_setting4_presslight_gat	SIM_TEST	76	170.4	100.0	-32.18	12.89	0.69	4215
bullhead_3_setting4_presslight_gat	REAL_TRAIN	76	195.1	100.0	-65.66	15.07	0.68	2642
bullhead_3_setting4_presslight_gat	SIM_TRAIN	0	187.1	347.9	-50.88	18.10	0.74	4172
bullhead_3_setting4_presslight_gat	SIM_TEST	77	161.8	100.0	-28.13	13.18	0.70	4240
bullhead_3_setting4_presslight_gat	REAL_TRAIN	77	1180.6	100.0	-345.74	189.66	0.89	842
bullhead_3_setting4_presslight_gat	SIM_TRAIN	0	274.4	300.7	-56.01	51.39	0.77	3987
bullhead_3_setting4_presslight_gat	SIM_TEST	78	163.9	100.0	-21.31	10.41	0.68	4218
bullhead_3_setting4_presslight_gat	REAL_TRAIN	78	519.0	100.0	-181.28	81.52	0.79	1719
bullhead_3_setting4_presslight_gat	SIM_TRAIN	0	284.2	242.1	-47.27	52.70	0.76	4014
bullhead_3_setting4_presslight_gat	SIM_TEST	79	164.8	100.0	-22.22	10.18	0.70	4221
bullhead_3_setting4_presslight_gat	REAL_TRAIN	79	1030.5	100.0	-315.02	174.89	0.89	968
bullhead_3_setting4_presslight_gat	SIM_TRAIN	0	299.5	200.5	-52.73	56.14	0.76	3992
bullhead_3_setting4_presslight_gat	SIM_TEST	80	1079.9	100.0	-185.07	222.20	0.80	2477
bullhead_3_setting4_presslight_gat	REAL_TRAIN	80	1568.4	100.0	-370.78	245.22	0.92	491
bullhead_3_setting4_presslight_gat	SIM_TRAIN	0	321.0	219.6	-50.37	65.43	0.75	3965
bullhead_3_setting4_presslight_gat	SIM_TEST	81	163.1	100.0	-21.82	9.92	0.69	4208
bullhead_3_setting4_presslight_gat	REAL_TRAIN	81	1562.5	100.0	-371.04	244.48	0.92	497
bullhead_3_setting4_presslight_gat	SIM_TRAIN	0	316.1	232.3	-48.96	61.00	0.75	3983
bullhead_3_setting4_presslight_gat	SIM_TEST	82	173.5	100.0	-27.13	13.52	0.68	4214
bullhead_3_setting4_presslight_gat	REAL_TRAIN	82	1529.0	100.0	-369.70	245.17	0.92	514
bullhead_3_setting4_presslight_gat	SIM_TRAIN	0	329.5	230.4	-51.76	65.97	0.76	3973
bullhead_3_setting4_presslight_gat	SIM_TEST	83	169.2	100.0	-29.07	11.63	0.66	4209
bullhead_3_setting4_presslight_gat	REAL_TRAIN	83	1652.1	100.0	-375.40	259.92	0.92	423
bullhead_3_setting4_presslight_gat	SIM_TRAIN	0	336.2	237.6	-59.68	67.10	0.77	3964
bullhead_3_setting4_presslight_gat	SIM_TEST	84	168.8	100.0	-27.82	10.91	0.69	4217
bullhead_3_setting4_presslight_gat	REAL_TRAIN	84	1354.7	100.0	-351.20	224.73	0.91	631
bullhead_3_setting4_presslight_gat	SIM_TRAIN	0	312.0	240.4	-58.92	58.70	0.78	3971
bullhead_3_setting4_presslight_gat	SIM_TEST	85	164.2	100.0	-22.63	9.58	0.65	4222
bullhead_3_setting4_presslight_gat	REAL_TRAIN	85	1395.5	100.0	-358.27	228.15	0.91	604
bullhead_3_setting4_presslight_gat	SIM_TRAIN	0	297.9	223.4	-46.49	55.22	0.74	3988
bullhead_3_setting4_presslight_gat	SIM_TEST	86	160.5	100.0	-26.24	12.32	0.69	4249
bullhead_3_setting4_presslight_gat	REAL_TRAIN	86	265.3	100.0	-103.48	29.73	0.71	2362
bullhead_3_setting4_presslight_gat	SIM_TRAIN	0	323.1	229.6	-57.84	63.83	0.76	3948
bullhead_3_setting4_presslight_gat	SIM_TEST	87	160.8	100.0	-21.37	9.86	0.67	4228
bullhead_3_setting4_presslight_gat	REAL_TRAIN	87	1324.6	100.0	-353.25	221.34	0.91	657
bullhead_3_setting4_presslight_gat	SIM_TRAIN	0	313.7	183.1	-52.30	60.37	0.77	3978
bullhead_3_setting4_presslight_gat	SIM_TEST	88	165.7	100.0	-22.44	10.95	0.71	4220
bullhead_3_setting4_presslight_gat	REAL_TRAIN	88	637.6	100.0	-230.28	107.75	0.83	1489
bullhead_3_setting4_presslight_gat	SIM_TRAIN	0	186.9	151.0	-29.46	18.27	0.71	4184
bullhead_3_setting4_presslight_gat	SIM_TEST	89	257.3	100.0	-50.70	33.32	0.74	4036
bullhead_3_setting4_presslight_gat	REAL_TRAIN	89	221.3	100.0	-83.07	22.39	0.70	2714
bullhead_3_setting4_presslight_gat	SIM_TRAIN	0	178.0	149.5	-36.21	14.24	0.71	4178
bullhead_3_setting4_presslight_gat	SIM_TEST	90	152.5	100.0	-16.39	9.66	0.70	4253
bullhead_3_setting4_presslight_gat	REAL_TRAIN	90	213.9	100.0	-78.39	20.13	0.71	2624
bullhead_3_setting4_presslight_gat	SIM_TRAIN	0	154.2	159.4	-21.80	9.65	0.65	4251
bullhead_3_setting4_presslight_gat	SIM_TEST	91	230.4	100.0	-45.01	29.27	0.74	4068
bullhead_3_setting4_presslight_gat	REAL_TRAIN	91	227.3	100.0	-83.72	23.24	0.70	2699
bullhead_3_setting4_presslight_gat	SIM_TRAIN	0	187.1	162.2	-40.73	17.36	0.71	4187
bullhead_3_setting4_presslight_gat	SIM_TEST	92	291.3	100.0	-53.95	46.42	0.76	3994
bullhead_3_setting4_presslight_gat	REAL_TRAIN	92	222.8	100.0	-84.00	22.71	0.70	2687
bullhead_3_setting4_presslight_gat	SIM_TRAIN	0	192.8	162.3	-33.78	18.00	0.70	4164
bullhead_3_setting4_presslight_gat	SIM_TEST	93	286.8	100.0	-52.03	44.69	0.74	4005
bullhead_3_setting4_presslight_gat	REAL_TRAIN	93	221.4	100.0	-81.85	22.10	0.71	2677
bullhead_3_setting4_presslight_gat	SIM_TRAIN	0	287.6	179.1	-58.39	48.31	0.77	4029
bullhead_3_setting4_presslight_gat	SIM_TEST	94	151.6	100.0	-22.01	12.16	0.69	4270
bullhead_3_setting4_presslight_gat	REAL_TRAIN	94	244.5	100.0	-100.35	25.91	0.69	2487
bullhead_3_setting4_presslight_gat	SIM_TRAIN	0	174.4	191.4	-32.47	14.55	0.69	4186
bullhead_3_setting4_presslight_gat	SIM_TEST	95	219.8	100.0	-38.37	20.62	0.69	4075
bullhead_3_setting4_presslight_gat	REAL_TRAIN	95	232.9	100.0	-89.34	24.33	0.70	2565
bullhead_3_setting4_presslight_gat	SIM_TRAIN	0	263.7	185.5	-52.42	40.72	0.76	4025
bullhead_3_setting4_presslight_gat	SIM_TEST	96	160.0	100.0	-26.92	11.70	0.69	4230
bullhead_3_setting4_presslight_gat	REAL_TRAIN	96	215.9	100.0	-78.97	20.95	0.70	2705
bullhead_3_setting4_presslight_gat	SIM_TRAIN	0	184.1	171.6	-43.49	16.12	0.76	4193
bullhead_3_setting4_presslight_gat	SIM_TEST	97	160.4	100.0	-27.83	12.93	0.72	4254
bullhead_3_setting4_presslight_gat	REAL_TRAIN	97	223.3	100.0	-84.02	22.15	0.72	2631
bullhead_3_setting4_presslight_gat	SIM_TRAIN	0	173.6	164.2	-32.58	12.78	0.72	4195
bullhead_3_setting4_presslight_gat	SIM_TEST	98	167.8	100.0	-31.33	15.60	0.72	4239
bullhead_3_setting4_presslight_gat	REAL_TRAIN	98	223.2	100.0	-84.61	22.65	0.71	2617
bullhead_3_setting4_presslight_gat	SIM_TRAIN	0	160.6	151.6	-27.04	12.10	0.70	4241
bullhead_3_setting4_presslight_gat	SIM_TEST	99	159.6	100.0	-23.43	12.59	0.71	4255
bullhead_3_setting4_presslight_gat	REAL_TRAIN	99	212.4	100.0	-77.51	20.03	0.71	2683
bullhead_3_setting4_presslight_gat	SIM_TRAIN	0	180.5	149.8	-35.20	16.73	0.69	4179
