tempe_1x1_noise5_presslight_latent_observation	SIM_TRAIN	0	1165.4	0.0	-565.14	546.70	0.74	706
tempe_1x1_noise5_presslight_latent_observation	SIM_TRAIN	1	1155.4	0.0	-561.38	543.62	0.74	697
tempe_1x1_noise5_presslight_latent_observation	SIM_TRAIN	2	974.8	45882.8	-455.37	433.42	0.75	1595
tempe_1x1_noise5_presslight_latent_observation	REAL_TEST	2	1313.5	100.0	-622.02	607.34	2.45	624
tempe_1x1_noise5_presslight_latent_observation	SIM_TRAIN	3	854.3	14420.6	-361.85	350.97	0.72	1276
tempe_1x1_noise5_presslight_latent_observation	SIM_TRAIN	4	592.6	2089.3	-265.27	253.99	0.70	1394
tempe_1x1_noise5_presslight_latent_observation	REAL_TEST	4	1076.1	100.0	-439.42	426.02	2.39	806
tempe_1x1_noise5_presslight_latent_observation	SIM_TRAIN	5	339.4	1857.6	-118.88	111.21	0.64	1774
tempe_1x1_noise5_presslight_latent_observation	SIM_TRAIN	6	345.5	1432.5	-124.05	116.17	0.64	1701
tempe_1x1_noise5_presslight_latent_observation	REAL_TEST	6	1804.8	100.0	-668.86	662.52	2.49	293
tempe_1x1_noise5_presslight_latent_observation	SIM_TRAIN	7	350.5	1163.3	-129.60	121.18	0.65	1619
tempe_1x1_noise5_presslight_latent_observation	SIM_TRAIN	8	358.5	994.9	-134.04	125.57	0.64	1630
tempe_1x1_noise5_presslight_latent_observation	REAL_TEST	8	1076.1	100.0	-439.42	427.14	2.40	806
tempe_1x1_noise5_presslight_latent_observation	SIM_TRAIN	9	362.2	901.1	-135.64	127.15	0.64	1634
tempe_1x1_noise5_presslight_latent_observation	SIM_TRAIN	10	377.4	905.8	-146.29	137.12	0.65	1562
tempe_1x1_noise5_presslight_latent_observation	REAL_TEST	10	1076.1	100.0	-439.42	426.60	2.44	806
tempe_1x1_noise5_presslight_latent_observation	SIM_TRAIN	11	487.9	921.6	-203.09	192.27	0.68	1630
tempe_1x1_noise5_presslight_latent_observation	SIM_TRAIN	12	354.1	947.1	-130.32	122.42	0.64	1654
tempe_1x1_noise5_presslight_latent_observation	REAL_TEST	12	1059.6	100.0	-432.28	420.24	2.34	814
tempe_1x1_noise5_presslight_latent_observation	SIM_TRAIN	13	326.7	928.2	-116.76	108.24	0.63	1638
tempe_1x1_noise5_presslight_latent_observation	SIM_TRAIN	14	330.4	923.0	-118.37	110.14	0.62	1656
tempe_1x1_noise5_presslight_latent_observation	REAL_TEST	14	764.5	100.0	-379.20	363.87	2.29	1085
tempe_1x1_noise5_presslight_latent_observation	SIM_TRAIN	15	299.8	949.5	-99.46	92.00	0.61	1723
tempe_1x1_noise5_presslight_latent_observation	SIM_TRAIN	16	363.6	992.5	-135.02	126.47	0.63	1687
tempe_1x1_noise5_presslight_latent_observation	REAL_TEST	16	1197.9	100.0	-564.14	550.72	2.38	738
tempe_1x1_noise5_presslight_latent_observation	SIM_TRAIN	17	274.4	952.9	-82.23	74.97	0.62	1825
tempe_1x1_noise5_presslight_latent_observation	SIM_TRAIN	18	313.9	905.6	-105.22	97.33	0.63	1751
tempe_1x1_noise5_presslight_latent_observation	REAL_TEST	18	486.2	100.0	-230.89	214.89	2.32	1416
tempe_1x1_noise5_presslight_latent_observation	SIM_TRAIN	19	327.7	870.2	-115.82	107.27	0.63	1670
tempe_1x1_noise5_presslight_latent_observation	SIM_TRAIN	20	386.4	827.3	-146.62	138.20	0.66	1676
tempe_1x1_noise5_presslight_latent_observation	REAL_TEST	20	1141.1	100.0	-536.09	523.13	2.38	769
tempe_1x1_noise5_presslight_latent_observation	SIM_TRAIN	21	427.8	827.0	-166.33	155.46	0.68	1758
tempe_1x1_noise5_presslight_latent_observation	SIM_TRAIN	22	362.2	838.5	-134.04	125.65	0.63	1675
tempe_1x1_noise5_presslight_latent_observation	REAL_TEST	22	1140.7	100.0	-535.87	523.25	2.36	770
tempe_1x1_noise5_presslight_latent_observation	SIM_TRAIN	23	308.7	864.2	-104.16	96.37	0.65	1714
tempe_1x1_noise5_presslight_latent_observation	SIM_TRAIN	24	369.7	903.1	-139.58	131.33	0.65	1641
tempe_1x1_noise5_presslight_latent_observation	REAL_TEST	24	429.4	100.0	-199.59	184.73	2.34	1486
tempe_1x1_noise5_presslight_latent_observation	SIM_TRAIN	25	302.2	902.1	-101.25	92.97	0.63	1701
tempe_1x1_noise5_presslight_latent_observation	SIM_TRAIN	26	274.6	917.4	-84.98	77.82	0.62	1739
tempe_1x1_noise5_presslight_latent_observation	REAL_TEST	26	580.5	100.0	-271.40	256.16	2.28	1275
tempe_1x1_noise5_presslight_latent_observation	SIM_TRAIN	27	299.3	903.7	-97.66	89.99	0.65	1745
tempe_1x1_noise5_presslight_latent_observation	SIM_TRAIN	28	235.2	908.7	-61.34	54.98	0.61	1817
tempe_1x1_noise5_presslight_latent_observation	REAL_TEST	28	553.7	100.0	-268.35	251.39	2.35	1320
tempe_1x1_noise5_presslight_latent_observation	SIM_TRAIN	29	241.2	942.8	-63.87	57.63	0.61	1839
tempe_1x1_noise5_presslight_latent_observation	SIM_TRAIN	30	262.5	920.8	-78.91	71.33	0.62	1725
tempe_1x1_noise5_presslight_latent_observation	REAL_TEST	30	730.7	100.0	-368.46	351.28	2.37	1077
tempe_1x1_noise5_presslight_latent_observation	SIM_TRAIN	31	351.0	878.8	-126.69	118.51	0.67	1719
tempe_1x1_noise5_presslight_latent_observation	SIM_TRAIN	32	277.1	848.1	-84.21	76.43	0.61	1825
tempe_1x1_noise5_presslight_latent_observation	REAL_TEST	32	1271.7	100.0	-601.35	588.25	2.41	646
tempe_1x1_noise5_presslight_latent_observation	SIM_TRAIN	33	279.4	859.7	-89.55	81.10	0.61	1673
tempe_1x1_noise5_presslight_latent_observation	SIM_TRAIN	34	225.2	870.8	-60.21	52.55	0.59	1685
tempe_1x1_noise5_presslight_latent_observation	REAL_TEST	34	1147.3	100.0	-539.72	530.99	2.36	717
tempe_1x1_noise5_presslight_latent_observation	SIM_TRAIN	35	244.6	864.9	-67.07	60.22	0.60	1811
tempe_1x1_noise5_presslight_latent_observation	SIM_TRAIN	36	281.4	850.8	-88.27	80.62	0.62	1762
tempe_1x1_noise5_presslight_latent_observation	REAL_TEST	36	474.5	100.0	-224.25	208.23	2.35	1439
tempe_1x1_noise5_presslight_latent_observation	SIM_TRAIN	37	279.6	841.6	-85.61	78.01	0.63	1802
tempe_1x1_noise5_presslight_latent_observation	SIM_TRAIN	38	252.1	806.9	-73.25	65.68	0.61	1728
tempe_1x1_noise5_presslight_latent_observation	REAL_TEST	38	469.9	100.0	-222.14	208.39	2.35	1422
tempe_1x1_noise5_presslight_latent_observation	SIM_TRAIN	39	262.2	815.4	-77.06	69.90	0.63	1769
tempe_1x1_noise5_presslight_latent_observation	SIM_TRAIN	40	262.2	818.6	-77.51	70.29	0.62	1771
tempe_1x1_noise5_presslight_latent_observation	REAL_TEST	40	1240.5	100.0	-588.41	571.54	2.37	666
tempe_1x1_noise5_presslight_latent_observation	SIM_TRAIN	41	272.9	835.9	-81.47	74.29	0.63	1813
tempe_1x1_noise5_presslight_latent_observation	SIM_TRAIN	42	301.3	812.2	-99.25	91.10	0.64	1749
tempe_1x1_noise5_presslight_latent_observation	REAL_TEST	42	414.9	100.0	-195.46	179.61	2.31	1307
tempe_1x1_noise5_presslight_latent_observation	SIM_TRAIN	43	246.8	828.8	-67.74	60.80	0.63	1805
tempe_1x1_noise5_presslight_latent_observation	SIM_TRAIN	44	282.1	793.5	-89.25	80.42	0.63	1742
tempe_1x1_noise5_presslight_latent_observation	REAL_TEST	44	840.0	100.0	-430.35	412.54	2.41	895
tempe_1x1_noise5_presslight_latent_observation	SIM_TRAIN	45	260.0	785.7	-76.07	68.96	0.64	1783
tempe_1x1_noise5_presslight_latent_observation	SIM_TRAIN	46	226.7	773.5	-57.31	50.61	0.60	1809
tempe_1x1_noise5_presslight_latent_observation	REAL_TEST	46	362.2	100.0	-161.96	153.80	2.32	1563
tempe_1x1_noise5_presslight_latent_observation	SIM_TRAIN	47	291.4	784.2	-94.44	86.04	0.61	1728
tempe_1x1_noise5_presslight_latent_observation	SIM_TRAIN	48	226.8	753.2	-56.34	50.04	0.58	1835
tempe_1x1_noise5_presslight_latent_observation	REAL_TEST	48	301.8	100.0	-128.42	120.49	2.25	1645
tempe_1x1_noise5_presslight_latent_observation	SIM_TRAIN	49	248.8	760.1	-67.23	61.07	0.61	1856
tempe_1x1_noise5_presslight_latent_observation	SIM_TRAIN	50	280.5	778.5	-85.74	78.19	0.61	1836
tempe_1x1_noise5_presslight_latent_observation	REAL_TEST	50	409.9	100.0	-188.52	173.88	2.31	1515
tempe_1x1_noise5_presslight_latent_observation	SIM_TRAIN	51	231.9	872.4	-59.14	52.39	0.60	1831
tempe_1x1_noise5_presslight_latent_observation	SIM_TRAIN	52	238.2	867.2	-64.30	57.28	0.62	1784
tempe_1x1_noise5_presslight_latent_observation	REAL_TEST	52	807.3	100.0	-348.11	334.92	2.41	1055
tempe_1x1_noise5_presslight_latent_observation	SIM_TRAIN	53	226.2	885.5	-55.80	49.45	0.59	1841
tempe_1x1_noise5_presslight_latent_observation	SIM_TRAIN	54	262.8	918.9	-78.68	70.40	0.61	1730
tempe_1x1_noise5_presslight_latent_observation	REAL_TEST	54	568.8	100.0	-247.48	238.22	2.32	1241
tempe_1x1_noise5_presslight_latent_observation	SIM_TRAIN	55	273.7	865.3	-81.72	74.20	0.61	1837
tempe_1x1_noise5_presslight_latent_observation	SIM_TRAIN	56	223.6	911.7	-54.91	48.51	0.59	1839
tempe_1x1_noise5_presslight_latent_observation	REAL_TEST	56	263.5	100.0	-106.49	96.37	2.26	1716
tempe_1x1_noise5_presslight_latent_observation	SIM_TRAIN	57	198.6	924.9	-41.17	34.99	0.56	1848
tempe_1x1_noise5_presslight_latent_observation	SIM_TRAIN	58	251.1	997.2	-70.26	63.07	0.60	1792
tempe_1x1_noise5_presslight_latent_observation	REAL_TEST	58	911.6	100.0	-381.10	369.85	2.34	905
tempe_1x1_noise5_presslight_latent_observation	SIM_TRAIN	59	291.7	1007.7	-91.44	83.41	0.63	1805
tempe_1x1_noise5_presslight_latent_observation	SIM_TRAIN	60	298.8	921.8	-96.95	89.00	0.64	1770
tempe_1x1_noise5_presslight_latent_observation	REAL_TEST	60	274.6	100.0	-113.78	100.12	2.30	1652
tempe_1x1_noise5_presslight_latent_observation	SIM_TRAIN	61	219.0	989.3	-52.52	46.13	0.58	1809
tempe_1x1_noise5_presslight_latent_observation	SIM_TRAIN	62	232.9	970.0	-59.83	53.06	0.59	1809
tempe_1x1_noise5_presslight_latent_observation	REAL_TEST	62	409.3	100.0	-187.35	175.60	2.30	1537
tempe_1x1_noise5_presslight_latent_observation	SIM_TRAIN	63	245.6	945.8	-66.42	59.91	0.61	1825
tempe_1x1_noise5_presslight_latent_observation	SIM_TRAIN	64	216.5	931.0	-51.83	45.19	0.59	1812
tempe_1x1_noise5_presslight_latent_observation	REAL_TEST	64	388.7	100.0	-175.96	166.42	2.29	1570
tempe_1x1_noise5_presslight_latent_observation	SIM_TRAIN	65	321.0	888.8	-111.28	102.74	0.63	1686
tempe_1x1_noise5_presslight_latent_observation	SIM_TRAIN	66	270.9	936.6	-82.26	74.34	0.62	1750
tempe_1x1_noise5_presslight_latent_observation	REAL_TEST	66	164.9	100.0	-52.19	47.57	2.21	1832
tempe_1x1_noise5_presslight_latent_observation	SIM_TRAIN	67	223.1	1026.1	-55.61	48.44	0.59	1794
tempe_1x1_noise5_presslight_latent_observation	SIM_TRAIN	68	265.9	1005.1	-80.54	72.09	0.62	1744
tempe_1x1_noise5_presslight_latent_observation	REAL_TEST	68	367.5	100.0	-164.79	155.00	2.31	1573
tempe_1x1_noise5_presslight_latent_observation	SIM_TRAIN	69	244.6	1044.7	-65.42	58.80	0.60	1844
tempe_1x1_noise5_presslight_latent_observation	SIM_TRAIN	70	212.3	1067.7	-48.17	41.77	0.56	1837
tempe_1x1_noise5_presslight_latent_observation	REAL_TEST	70	261.2	100.0	-106.43	97.28	2.23	1660
tempe_1x1_noise5_presslight_latent_observation	SIM_TRAIN	71	226.9	960.8	-58.29	51.27	0.59	1773
tempe_1x1_noise5_presslight_latent_observation	SIM_TRAIN	72	287.5	977.4	-90.24	83.15	0.62	1778
tempe_1x1_noise5_presslight_latent_observation	REAL_TEST	72	498.1	100.0	-237.43	222.06	2.38	1398
tempe_1x1_noise5_presslight_latent_observation	SIM_TRAIN	73	223.1	986.9	-53.84	47.65	0.58	1840
tempe_1x1_noise5_presslight_latent_observation	SIM_TRAIN	74	241.6	969.5	-66.01	58.90	0.59	1789
tempe_1x1_noise5_presslight_latent_observation	REAL_TEST	74	276.5	100.0	-115.45	104.11	2.35	1635
tempe_1x1_noise5_presslight_latent_observation	SIM_TRAIN	75	207.1	908.1	-48.15	40.90	0.57	1792
tempe_1x1_noise5_presslight_latent_observation	SIM_TRAIN	76	233.1	892.9	-61.14	54.25	0.60	1812
tempe_1x1_noise5_presslight_latent_observation	REAL_TEST	76	231.6	100.0	-89.78	80.05	2.23	1721
tempe_1x1_noise5_presslight_latent_observation	SIM_TRAIN	77	217.9	890.6	-51.05	45.07	0.57	1846
tempe_1x1_noise5_presslight_latent_observation	SIM_TRAIN	78	341.6	837.3	-124.30	112.99	0.60	1667
tempe_1x1_noise5_presslight_latent_observation	REAL_TEST	78	494.4	100.0	-235.03	215.87	2.35	1430
tempe_1x1_noise5_presslight_latent_observation	SIM_TRAIN	79	228.2	762.3	-58.14	51.63	0.58	1797
tempe_1x1_noise5_presslight_latent_observation	SIM_TRAIN	80	271.8	751.2	-83.94	74.76	0.61	1719
tempe_1x1_noise5_presslight_latent_observation	REAL_TEST	80	483.4	100.0	-218.82	206.91	2.29	1437
tempe_1x1_noise5_presslight_latent_observation	SIM_TRAIN	81	283.5	742.2	-87.98	80.23	0.59	1749
tempe_1x1_noise5_presslight_latent_observation	SIM_TRAIN	82	258.7	746.0	-77.31	69.70	0.61	1732
tempe_1x1_noise5_presslight_latent_observation	REAL_TEST	82	505.2	100.0	-241.23	221.53	2.38	1419
tempe_1x1_noise5_presslight_latent_observation	SIM_TRAIN	83	203.0	700.9	-43.26	37.34	0.57	1844
tempe_1x1_noise5_presslight_latent_observation	SIM_TRAIN	84	230.1	651.4	-61.92	54.35	0.57	1717
tempe_1x1_noise5_presslight_latent_observation	REAL_TEST	84	503.8	100.0	-240.82	223.59	2.39	1403
tempe_1x1_noise5_presslight_latent_observation	SIM_TRAIN	85	257.7	663.3	-76.49	69.12	0.60	1721
tempe_1x1_noise5_presslight_latent_observation	SIM_TRAIN	86	224.5	648.4	-58.20	49.99	0.56	1756
tempe_1x1_noise5_presslight_latent_observation	REAL_TEST	86	418.9	100.0	-192.30	175.85	2.32	1553
tempe_1x1_noise5_presslight_latent_observation	SIM_TRAIN	87	277.9	655.0	-83.95	77.44	0.61	1817
tempe_1x1_noise5_presslight_latent_observation	SIM_TRAIN	88	228.3	656.6	-56.20	49.39	0.57	1859
tempe_1x1_noise5_presslight_latent_observation	REAL_TEST	88	457.7	100.0	-214.09	198.48	2.34	1486
tempe_1x1_noise5_presslight_latent_observation	SIM_TRAIN	89	248.8	663.9	-69.81	63.10	0.58	1799
tempe_1x1_noise5_presslight_latent_observation	SIM_TRAIN	90	221.0	640.4	-55.07	47.83	0.57	1794
tempe_1x1_noise5_presslight_latent_observation	REAL_TEST	90	366.8	100.0	-163.08	151.02	2.30	1628
tempe_1x1_noise5_presslight_latent_observation	SIM_TRAIN	91	270.7	629.3	-85.50	77.46	0.59	1669
tempe_1x1_noise5_presslight_latent_observation	SIM_TRAIN	92	241.7	631.0	-66.12	58.87	0.58	1785
tempe_1x1_noise5_presslight_latent_observation	REAL_TEST	92	276.9	100.0	-112.69	101.17	2.23	1769
tempe_1x1_noise5_presslight_latent_observation	SIM_TRAIN	93	258.5	614.4	-74.96	66.93	0.59	1779
tempe_1x1_noise5_presslight_latent_observation	SIM_TRAIN	94	235.6	611.6	-61.63	53.69	0.58	1834
tempe_1x1_noise5_presslight_latent_observation	REAL_TEST	94	268.5	100.0	-110.66	98.17	2.29	1644
tempe_1x1_noise5_presslight_latent_observation	SIM_TRAIN	95	245.9	589.5	-68.38	60.23	0.58	1798
tempe_1x1_noise5_presslight_latent_observation	SIM_TRAIN	96	235.6	585.0	-61.54	53.79	0.55	1829
tempe_1x1_noise5_presslight_latent_observation	REAL_TEST	96	247.4	100.0	-97.17	88.02	2.23	1763
tempe_1x1_noise5_presslight_latent_observation	SIM_TRAIN	97	272.8	614.2	-83.74	75.81	0.60	1756
tempe_1x1_noise5_presslight_latent_observation	SIM_TRAIN	98	235.8	638.4	-61.25	54.45	0.57	1827
tempe_1x1_noise5_presslight_latent_observation	REAL_TEST	98	285.3	100.0	-119.69	107.71	2.24	1636
tempe_1x1_noise5_presslight_latent_observation	SIM_TRAIN	99	232.2	623.6	-60.56	53.22	0.55	1786
tempe_1x1_noise5_presslight_latent_observation	SIM_TRAIN	100	250.9	625.1	-71.03	63.94	0.56	1774
tempe_1x1_noise5_presslight_latent_observation	REAL_TEST	100	351.8	100.0	-157.02	139.92	2.34	1550
tempe_1x1_noise5_presslight_latent_observation	SIM_TRAIN	101	206.2	610.2	-46.15	39.14	0.53	1819
tempe_1x1_noise5_presslight_latent_observation	SIM_TRAIN	102	216.6	597.0	-50.96	44.69	0.56	1828
tempe_1x1_noise5_presslight_latent_observation	REAL_TEST	102	359.6	100.0	-161.27	145.99	2.26	1540
tempe_1x1_noise5_presslight_latent_observation	SIM_TRAIN	103	207.5	565.9	-45.99	39.36	0.56	1831
tempe_1x1_noise5_presslight_latent_observation	SIM_TRAIN	104	245.8	577.2	-68.59	61.47	0.56	1756
tempe_1x1_noise5_presslight_latent_observation	REAL_TEST	104	276.0	100.0	-113.98	100.12	2.29	1684
tempe_1x1_noise5_presslight_latent_observation	SIM_TRAIN	105	219.1	602.8	-52.14	45.33	0.57	1836
tempe_1x1_noise5_presslight_latent_observation	SIM_TRAIN	106	204.7	572.0	-44.04	37.83	0.54	1854
tempe_1x1_noise5_presslight_latent_observation	REAL_TEST	106	460.6	100.0	-218.88	201.22	2.38	1384
tempe_1x1_noise5_presslight_latent_observation	SIM_TRAIN	107	221.8	590.5	-53.52	46.15	0.56	1834
tempe_1x1_noise5_presslight_latent_observation	SIM_TRAIN	108	239.5	560.2	-66.07	58.22	0.57	1745
tempe_1x1_noise5_presslight_latent_observation	REAL_TEST	108	220.6	100.0	-82.05	72.21	2.26	1811
tempe_1x1_noise5_presslight_latent_observation	SIM_TRAIN	109	195.4	555.9	-42.18	34.88	0.54	1760
tempe_1x1_noise5_presslight_latent_observation	SIM_TRAIN	110	182.2	496.2	-32.51	26.45	0.50	1829
tempe_1x1_noise5_presslight_latent_observation	REAL_TEST	110	184.0	100.0	-62.30	54.43	2.22	1822
tempe_1x1_noise5_presslight_latent_observation	SIM_TRAIN	111	189.9	450.1	-37.24	30.44	0.51	1833
tempe_1x1_noise5_presslight_latent_observation	SIM_TRAIN	112	222.5	460.9	-54.27	47.31	0.54	1825
tempe_1x1_noise5_presslight_latent_observation	REAL_TEST	112	322.2	100.0	-138.24	124.90	2.26	1692
tempe_1x1_noise5_presslight_latent_observation	SIM_TRAIN	113	196.3	420.3	-40.28	34.00	0.52	1818
tempe_1x1_noise5_presslight_latent_observation	SIM_TRAIN	114	209.8	385.5	-46.75	40.21	0.52	1851
tempe_1x1_noise5_presslight_latent_observation	REAL_TEST	114	267.7	100.0	-108.81	98.15	2.27	1707
tempe_1x1_noise5_presslight_latent_observation	SIM_TRAIN	115	173.5	374.5	-27.76	21.89	0.50	1843
tempe_1x1_noise5_presslight_latent_observation	SIM_TRAIN	116	189.2	341.2	-35.91	29.44	0.52	1850
tempe_1x1_noise5_presslight_latent_observation	REAL_TEST	116	210.6	100.0	-77.47	67.81	2.26	1767
tempe_1x1_noise5_presslight_latent_observation	SIM_TRAIN	117	170.1	316.5	-25.19	19.62	0.48	1859
tempe_1x1_noise5_presslight_latent_observation	SIM_TRAIN	118	194.0	302.6	-39.80	32.72	0.50	1818
tempe_1x1_noise5_presslight_latent_observation	REAL_TEST	118	176.3	100.0	-58.26	51.14	2.32	1812
tempe_1x1_noise5_presslight_latent_observation	SIM_TRAIN	119	186.3	273.5	-34.06	27.88	0.49	1855
tempe_1x1_noise5_presslight_latent_observation	SIM_TRAIN	120	256.0	271.0	-75.19	68.00	0.56	1741
tempe_1x1_noise5_presslight_latent_observation	REAL_TEST	120	187.0	100.0	-64.83	54.78	2.26	1791
tempe_1x1_noise5_presslight_latent_observation	SIM_TRAIN	121	199.2	310.1	-41.43	34.81	0.51	1833
tempe_1x1_noise5_presslight_latent_observation	SIM_TRAIN	122	227.5	298.7	-58.93	50.99	0.54	1762
tempe_1x1_noise5_presslight_latent_observation	REAL_TEST	122	177.4	100.0	-58.76	51.51	2.23	1816
tempe_1x1_noise5_presslight_latent_observation	SIM_TRAIN	123	208.1	304.3	-46.94	40.51	0.51	1815
tempe_1x1_noise5_presslight_latent_observation	SIM_TRAIN	124	186.6	314.9	-33.86	27.45	0.48	1861
tempe_1x1_noise5_presslight_latent_observation	REAL_TEST	124	508.0	100.0	-241.61	223.32	2.36	1468
tempe_1x1_noise5_presslight_latent_observation	SIM_TRAIN	125	163.6	326.6	-21.56	15.95	0.44	1867
tempe_1x1_noise5_presslight_latent_observation	SIM_TRAIN	126	177.7	314.9	-29.46	23.51	0.49	1855
tempe_1x1_noise5_presslight_latent_observation	REAL_TEST	126	170.0	100.0	-54.85	47.92	2.23	1824
tempe_1x1_noise5_presslight_latent_observation	SIM_TRAIN	127	184.4	304.1	-33.85	27.36	0.48	1831
tempe_1x1_noise5_presslight_latent_observation	SIM_TRAIN	128	177.1	276.9	-28.97	22.87	0.47	1865
tempe_1x1_noise5_presslight_latent_observation	REAL_TEST	128	166.5	100.0	-53.12	47.52	2.18	1811
tempe_1x1_noise5_presslight_latent_observation	SIM_TRAIN	129	174.1	271.2	-28.96	22.30	0.47	1808
tempe_1x1_noise5_presslight_latent_observation	SIM_TRAIN	130	170.9	277.7	-25.60	19.77	0.47	1860
tempe_1x1_noise5_presslight_latent_observation	REAL_TEST	130	208.0	100.0	-75.59	64.55	2.32	1804
tempe_1x1_noise5_presslight_latent_observation	SIM_TRAIN	131	209.1	273.5	-45.93	39.35	0.51	1859
tempe_1x1_noise5_presslight_latent_observation	SIM_TRAIN	132	165.1	271.1	-22.52	17.04	0.47	1872
tempe_1x1_noise5_presslight_latent_observation	REAL_TEST	132	196.4	100.0	-69.39	58.65	2.29	1810
tempe_1x1_noise5_presslight_latent_observation	SIM_TRAIN	133	225.8	272.4	-55.45	47.93	0.52	1840
tempe_1x1_noise5_presslight_latent_observation	SIM_TRAIN	134	163.4	273.6	-21.63	16.25	0.47	1862
tempe_1x1_noise5_presslight_latent_observation	REAL_TEST	134	166.0	100.0	-52.73	45.00	2.21	1830
tempe_1x1_noise5_presslight_latent_observation	SIM_TRAIN	135	170.5	302.2	-25.24	19.36	0.47	1868
tempe_1x1_noise5_presslight_latent_observation	SIM_TRAIN	136	165.4	301.9	-22.67	17.29	0.49	1863
tempe_1x1_noise5_presslight_latent_observation	REAL_TEST	136	202.6	100.0	-72.45	62.59	2.30	1820
tempe_1x1_noise5_presslight_latent_observation	SIM_TRAIN	137	201.1	304.4	-42.49	36.13	0.55	1852
tempe_1x1_noise5_presslight_latent_observation	SIM_TRAIN	138	168.6	304.6	-24.24	18.51	0.50	1863
tempe_1x1_noise5_presslight_latent_observation	REAL_TEST	138	171.0	100.0	-55.35	48.58	2.24	1818
tempe_1x1_noise5_presslight_latent_observation	SIM_TRAIN	139	163.9	288.8	-22.17	16.35	0.48	1860
tempe_1x1_noise5_presslight_latent_observation	SIM_TRAIN	140	167.1	284.4	-24.01	18.21	0.50	1848
tempe_1x1_noise5_presslight_latent_observation	REAL_TEST	140	430.2	100.0	-197.52	187.84	2.30	1603
tempe_1x1_noise5_presslight_latent_observation	SIM_TRAIN	141	180.6	291.2	-33.37	26.75	0.51	1775
tempe_1x1_noise5_presslight_latent_observation	SIM_TRAIN	142	160.9	285.2	-20.41	14.87	0.48	1860
tempe_1x1_noise5_presslight_latent_observation	REAL_TEST	142	359.6	100.0	-157.82	149.29	2.28	1703
tempe_1x1_noise5_presslight_latent_observation	SIM_TRAIN	143	160.4	271.0	-20.21	14.51	0.46	1853
tempe_1x1_noise5_presslight_latent_observation	SIM_TRAIN	144	175.8	263.7	-28.15	22.00	0.49	1865
tempe_1x1_noise5_presslight_latent_observation	REAL_TEST	144	410.4	100.0	-185.38	179.14	2.27	1592
tempe_1x1_noise5_presslight_latent_observation	SIM_TRAIN	145	192.5	246.4	-36.78	30.23	0.48	1867
tempe_1x1_noise5_presslight_latent_observation	SIM_TRAIN	146	160.6	243.9	-19.90	14.47	0.45	1868
tempe_1x1_noise5_presslight_latent_observation	REAL_TEST	146	252.1	100.0	-99.33	93.16	2.27	1787
tempe_1x1_noise5_presslight_latent_observation	SIM_TRAIN	147	158.8	237.1	-19.15	13.67	0.44	1865
tempe_1x1_noise5_presslight_latent_observation	SIM_TRAIN	148	171.1	219.6	-25.62	19.87	0.47	1864
tempe_1x1_noise5_presslight_latent_observation	REAL_TEST	148	173.4	100.0	-56.57	49.99	2.26	1825
tempe_1x1_noise5_presslight_latent_observation	SIM_TRAIN	149	158.1	217.9	-18.71	13.39	0.44	1872
tempe_1x1_noise5_presslight_latent_observation	SIM_TRAIN	150	154.9	203.9	-16.81	11.47	0.42	1872
tempe_1x1_noise5_presslight_latent_observation	REAL_TEST	150	233.5	100.0	-89.31	82.13	2.20	1787
tempe_1x1_noise5_presslight_latent_observation	SIM_TRAIN	151	155.1	178.1	-17.90	12.22	0.43	1850
tempe_1x1_noise5_presslight_latent_observation	SIM_TRAIN	152	152.3	160.3	-15.51	10.16	0.41	1872
tempe_1x1_noise5_presslight_latent_observation	REAL_TEST	152	252.6	100.0	-99.79	91.79	2.26	1768
tempe_1x1_noise5_presslight_latent_observation	SIM_TRAIN	153	150.9	148.9	-14.79	9.42	0.41	1872
tempe_1x1_noise5_presslight_latent_observation	SIM_TRAIN	154	151.5	140.8	-14.99	9.72	0.41	1871
tempe_1x1_noise5_presslight_latent_observation	REAL_TEST	154	174.0	100.0	-56.97	49.89	2.20	1829
tempe_1x1_noise5_presslight_latent_observation	SIM_TRAIN	155	152.6	122.1	-15.60	10.26	0.42	1873
tempe_1x1_noise5_presslight_latent_observation	SIM_TRAIN	156	159.8	108.6	-19.37	13.87	0.43	1873
tempe_1x1_noise5_presslight_latent_observation	REAL_TEST	156	469.7	100.0	-219.48	207.66	2.31	1544
tempe_1x1_noise5_presslight_latent_observation	SIM_TRAIN	157	156.1	100.7	-17.59	12.12	0.43	1872
tempe_1x1_noise5_presslight_latent_observation	SIM_TRAIN	158	152.0	94.6	-15.21	10.04	0.43	1873
tempe_1x1_noise5_presslight_latent_observation	REAL_TEST	158	197.1	100.0	-69.35	62.77	2.23	1815
tempe_1x1_noise5_presslight_latent_observation	SIM_TRAIN	159	153.7	78.7	-16.30	10.91	0.42	1869
tempe_1x1_noise5_presslight_latent_observation	SIM_TRAIN	160	151.9	66.9	-15.19	10.03	0.42	1874
tempe_1x1_noise5_presslight_latent_observation	REAL_TEST	160	448.4	100.0	-200.70	192.01	2.26	1555
tempe_1x1_noise5_presslight_latent_observation	SIM_TRAIN	161	153.7	57.6	-16.07	10.81	0.43	1876
tempe_1x1_noise5_presslight_latent_observation	SIM_TRAIN	162	152.1	53.3	-15.36	10.07	0.42	1871
tempe_1x1_noise5_presslight_latent_observation	REAL_TEST	162	684.1	100.0	-298.07	286.78	2.39	1032
tempe_1x1_noise5_presslight_latent_observation	SIM_TRAIN	163	152.1	44.5	-15.31	10.05	0.43	1872
tempe_1x1_noise5_presslight_latent_observation	SIM_TRAIN	164	149.7	42.3	-13.98	8.89	0.42	1875
tempe_1x1_noise5_presslight_latent_observation	REAL_TEST	164	384.0	100.0	-177.80	164.95	2.33	1386
tempe_1x1_noise5_presslight_latent_observation	SIM_TRAIN	165	150.6	39.6	-14.59	9.46	0.43	1873
tempe_1x1_noise5_presslight_latent_observation	SIM_TRAIN	166	160.3	39.0	-19.65	14.09	0.45	1871
tempe_1x1_noise5_presslight_latent_observation	REAL_TEST	166	207.0	100.0	-74.78	66.30	2.28	1804
tempe_1x1_noise5_presslight_latent_observation	SIM_TRAIN	167	151.4	37.5	-14.90	9.65	0.42	1874
tempe_1x1_noise5_presslight_latent_observation	SIM_TRAIN	168	149.1	37.8	-13.84	8.62	0.42	1870
tempe_1x1_noise5_presslight_latent_observation	REAL_TEST	168	729.4	100.0	-303.16	293.03	2.28	1066
tempe_1x1_noise5_presslight_latent_observation	SIM_TRAIN	169	149.2	37.7	-13.76	8.60	0.41	1873
tempe_1x1_noise5_presslight_latent_observation	SIM_TRAIN	170	150.7	36.1	-14.45	9.27	0.42	1871
tempe_1x1_noise5_presslight_latent_observation	REAL_TEST	170	702.5	100.0	-297.46	288.90	2.36	1063
tempe_1x1_noise5_presslight_latent_observation	SIM_TRAIN	171	149.0	32.7	-13.84	8.71	0.42	1862
tempe_1x1_noise5_presslight_latent_observation	SIM_TRAIN	172	149.4	29.2	-13.87	8.76	0.41	1868
tempe_1x1_noise5_presslight_latent_observation	REAL_TEST	172	803.4	100.0	-338.72	327.31	2.34	973
tempe_1x1_noise5_presslight_latent_observation	SIM_TRAIN	173	149.7	27.9	-13.96	8.88	0.42	1869
tempe_1x1_noise5_presslight_latent_observation	SIM_TRAIN	174	149.6	27.6	-13.90	8.79	0.42	1870
tempe_1x1_noise5_presslight_latent_observation	REAL_TEST	174	826.3	100.0	-345.31	337.17	2.37	961
tempe_1x1_noise5_presslight_latent_observation	SIM_TRAIN	175	150.4	26.7	-14.42	9.35	0.43	1870
tempe_1x1_noise5_presslight_latent_observation	SIM_TRAIN	176	149.6	26.9	-13.82	8.77	0.43	1874
tempe_1x1_noise5_presslight_latent_observation	REAL_TEST	176	1022.9	100.0	-445.46	434.42	2.37	916
tempe_1x1_noise5_presslight_latent_observation	SIM_TRAIN	177	151.3	25.3	-14.91	9.75	0.43	1873
tempe_1x1_noise5_presslight_latent_observation	SIM_TRAIN	178	150.6	23.9	-14.54	9.45	0.43	1874
tempe_1x1_noise5_presslight_latent_observation	REAL_TEST	178	1567.8	100.0	-625.77	621.90	2.34	336
tempe_1x1_noise5_presslight_latent_observation	SIM_TRAIN	179	149.6	23.0	-13.94	8.86	0.42	1871
tempe_1x1_noise5_presslight_latent_observation	SIM_TRAIN	180	149.9	22.3	-14.33	9.12	0.43	1868
tempe_1x1_noise5_presslight_latent_observation	REAL_TEST	180	958.2	100.0	-419.02	407.88	2.40	972
tempe_1x1_noise5_presslight_latent_observation	SIM_TRAIN	181	154.0	20.6	-16.26	10.86	0.42	1873
tempe_1x1_noise5_presslight_latent_observation	SIM_TRAIN	182	153.2	19.6	-16.30	10.70	0.43	1855
tempe_1x1_noise5_presslight_latent_observation	REAL_TEST	182	1792.9	100.0	-674.32	671.15	2.34	189
tempe_1x1_noise5_presslight_latent_observation	SIM_TRAIN	183	152.2	18.7	-15.32	10.09	0.43	1871
tempe_1x1_noise5_presslight_latent_observation	SIM_TRAIN	184	152.1	17.7	-15.35	9.97	0.42	1870
tempe_1x1_noise5_presslight_latent_observation	REAL_TEST	184	1071.7	100.0	-488.63	479.56	2.38	601
tempe_1x1_noise5_presslight_latent_observation	SIM_TRAIN	185	149.2	17.8	-13.65	8.55	0.42	1874
tempe_1x1_noise5_presslight_latent_observation	SIM_TRAIN	186	149.0	17.2	-13.60	8.46	0.41	1871
tempe_1x1_noise5_presslight_latent_observation	REAL_TEST	186	865.7	100.0	-419.52	407.64	2.42	766
tempe_1x1_noise5_presslight_latent_observation	SIM_TRAIN	187	149.1	16.6	-13.67	8.51	0.41	1872
tempe_1x1_noise5_presslight_latent_observation	SIM_TRAIN	188	149.6	15.9	-14.00	8.90	0.43	1873
tempe_1x1_noise5_presslight_latent_observation	REAL_TEST	188	768.8	100.0	-392.83	380.26	2.31	839
tempe_1x1_noise5_presslight_latent_observation	SIM_TRAIN	189	148.5	15.5	-13.43	8.29	0.41	1866
tempe_1x1_noise5_presslight_latent_observation	SIM_TRAIN	190	148.0	15.7	-13.06	8.04	0.42	1875
tempe_1x1_noise5_presslight_latent_observation	REAL_TEST	190	959.0	100.0	-470.60	460.24	2.41	789
tempe_1x1_noise5_presslight_latent_observation	SIM_TRAIN	191	148.0	15.3	-13.20	8.03	0.40	1872
tempe_1x1_noise5_presslight_latent_observation	SIM_TRAIN	192	147.9	14.8	-13.08	8.02	0.41	1868
tempe_1x1_noise5_presslight_latent_observation	REAL_TEST	192	652.0	100.0	-327.58	315.72	2.34	1005
tempe_1x1_noise5_presslight_latent_observation	SIM_TRAIN	193	147.7	14.0	-12.80	7.86	0.41	1876
tempe_1x1_noise5_presslight_latent_observation	SIM_TRAIN	194	148.3	13.8	-13.55	8.32	0.41	1868
tempe_1x1_noise5_presslight_latent_observation	REAL_TEST	194	631.2	100.0	-316.23	302.39	2.35	1021
tempe_1x1_noise5_presslight_latent_observation	SIM_TRAIN	195	148.0	13.7	-13.09	7.96	0.40	1869
tempe_1x1_noise5_presslight_latent_observation	SIM_TRAIN	196	148.4	13.6	-13.27	8.11	0.41	1871
tempe_1x1_noise5_presslight_latent_observation	REAL_TEST	196	965.3	100.0	-451.29	441.76	2.29	683
tempe_1x1_noise5_presslight_latent_observation	SIM_TRAIN	197	149.1	14.2	-13.67	8.49	0.41	1869
tempe_1x1_noise5_presslight_latent_observation	SIM_TRAIN	198	149.6	13.5	-14.04	8.69	0.39	1866
tempe_1x1_noise5_presslight_latent_observation	REAL_TEST	198	181.7	100.0	-61.26	53.65	2.27	1815
tempe_1x1_noise5_presslight_latent_observation	SIM_TRAIN	199	150.9	13.1	-14.63	9.21	0.41	1870
