ingolstadt7_sensor20_dqn_latent_observation	REAL_TEST	1	655.6	100.0	-78.12	11.10	0.25	1397
ingolstadt7_sensor20_dqn_latent_observation	REAL_TEST	2	998.6	100.0	-68.20	9.01	0.21	661
ingolstadt7_sensor20_dqn_latent_observation	REAL_TEST	3	1024.6	100.0	-79.30	10.67	0.16	608
ingolstadt7_sensor20_dqn_latent_observation	REAL_TEST	4	668.8	100.0	-58.56	7.71	0.18	952
ingolstadt7_sensor20_dqn_latent_observation	REAL_TEST	5	341.8	100.0	-54.88	7.69	0.14	1392
ingolstadt7_sensor20_dqn_latent_observation	REAL_TEST	6	841.1	100.0	-129.99	17.78	0.27	895
ingolstadt7_sensor20_dqn_latent_observation	REAL_TEST	7	360.8	100.0	-62.97	7.77	0.21	2002
ingolstadt7_sensor20_dqn_latent_observation	REAL_TEST	8	147.6	100.0	-13.30	1.74	0.08	2426
ingolstadt7_sensor20_dqn_latent_observation	REAL_TEST	9	137.3	100.0	-11.99	1.65	0.09	2395
ingolstadt7_sensor20_dqn_latent_observation	REAL_TEST	10	308.4	100.0	-39.04	5.47	0.14	2035
ingolstadt7_sensor20_dqn_latent_observation	REAL_TEST	11	121.0	100.0	-12.79	1.78	0.10	2737
ingolstadt7_sensor20_dqn_latent_observation	REAL_TEST	12	293.1	100.0	-23.09	3.24	0.12	2173
ingolstadt7_sensor20_dqn_latent_observation	REAL_TEST	13	98.5	100.0	-13.05	1.58	0.08	2641
ingolstadt7_sensor20_dqn_latent_observation	REAL_TEST	14	146.7	100.0	-15.72	2.15	0.09	2402
ingolstadt7_sensor20_dqn_latent_observation	REAL_TEST	15	98.0	100.0	-10.75	1.38	0.09	2767
ingolstadt7_sensor20_dqn_latent_observation	REAL_TEST	16	426.4	100.0	-65.39	8.89	0.16	1478
ingolstadt7_sensor20_dqn_latent_observation	REAL_TEST	17	336.7	100.0	-45.46	5.93	0.15	1735
ingolstadt7_sensor20_dqn_latent_observation	REAL_TEST	18	203.5	100.0	-17.42	2.26	0.10	2116
ingolstadt7_sensor20_dqn_latent_observation	REAL_TEST	19	623.2	100.0	-93.38	12.10	0.20	1222
ingolstadt7_sensor20_dqn_latent_observation	REAL_TEST	20	295.2	100.0	-57.49	7.84	0.17	1877
ingolstadt7_sensor20_dqn_latent_observation	REAL_TEST	21	140.9	100.0	-9.30	1.43	0.08	2691
ingolstadt7_sensor20_dqn_latent_observation	REAL_TEST	22	231.8	100.0	-20.22	2.80	0.13	1779
ingolstadt7_sensor20_dqn_latent_observation	REAL_TEST	23	549.8	100.0	-46.35	6.17	0.16	1500
ingolstadt7_sensor20_dqn_latent_observation	REAL_TEST	24	109.9	100.0	-13.60	1.62	0.07	2596
ingolstadt7_sensor20_dqn_latent_observation	REAL_TEST	25	244.2	100.0	-41.81	5.41	0.14	2073
ingolstadt7_sensor20_dqn_latent_observation	REAL_TEST	26	126.3	100.0	-17.46	2.30	0.11	2504
ingolstadt7_sensor20_dqn_latent_observation	REAL_TEST	27	101.4	100.0	-12.27	1.52	0.08	2633
ingolstadt7_sensor20_dqn_latent_observation	REAL_TEST	28	109.4	100.0	-13.76	1.69	0.08	2547
ingolstadt7_sensor20_dqn_latent_observation	REAL_TEST	29	121.2	100.0	-12.05	1.47	0.08	2501
ingolstadt7_sensor20_dqn_latent_observation	REAL_TEST	30	116.5	100.0	-18.84	2.44	0.10	2654
ingolstadt7_sensor20_dqn_latent_observation	REAL_TEST	31	160.5	100.0	-18.39	2.34	0.11	2380
ingolstadt7_sensor20_dqn_latent_observation	REAL_TEST	32	884.5	100.0	-58.46	8.03	0.16	814
ingolstadt7_sensor20_dqn_latent_observation	REAL_TEST	33	99.1	100.0	-14.42	1.75	0.10	2658
ingolstadt7_sensor20_dqn_latent_observation	REAL_TEST	34	538.5	100.0	-68.83	9.41	0.18	1576
ingolstadt7_sensor20_dqn_latent_observation	REAL_TEST	35	118.7	100.0	-17.44	2.23	0.09	2535
ingolstadt7_sensor20_dqn_latent_observation	REAL_TEST	36	200.9	100.0	-48.49	6.47	0.14	2495
ingolstadt7_sensor20_dqn_latent_observation	REAL_TEST	37	117.0	100.0	-18.71	2.33	0.09	2626
ingolstadt7_sensor20_dqn_latent_observation	REAL_TEST	38	315.5	100.0	-61.94	8.88	0.17	1722
ingolstadt7_sensor20_dqn_latent_observation	REAL_TEST	39	274.6	100.0	-49.36	6.91	0.15	1927
ingolstadt7_sensor20_dqn_latent_observation	REAL_TEST	40	233.1	100.0	-35.13	4.68	0.13	2016
ingolstadt7_sensor20_dqn_latent_observation	REAL_TEST	41	339.5	100.0	-80.48	10.94	0.19	1592
ingolstadt7_sensor20_dqn_latent_observation	REAL_TEST	42	403.6	100.0	-62.65	8.89	0.15	1471
ingolstadt7_sensor20_dqn_latent_observation	REAL_TEST	43	163.9	100.0	-20.01	2.62	0.10	2281
ingolstadt7_sensor20_dqn_latent_observation	REAL_TEST	44	168.9	100.0	-27.80	3.85	0.11	2480
ingolstadt7_sensor20_dqn_latent_observation	REAL_TEST	45	316.5	100.0	-64.95	9.14	0.18	1619
ingolstadt7_sensor20_dqn_latent_observation	REAL_TEST	46	289.8	100.0	-69.08	8.93	0.16	1993
ingolstadt7_sensor20_dqn_latent_observation	REAL_TEST	47	208.9	100.0	-29.09	3.86	0.12	2374
ingolstadt7_sensor20_dqn_latent_observation	REAL_TEST	48	234.7	100.0	-60.18	8.39	0.16	2201
ingolstadt7_sensor20_dqn_latent_observation	REAL_TEST	49	246.4	100.0	-39.59	5.12	0.12	1970
ingolstadt7_sensor20_dqn_latent_observation	REAL_TEST	50	118.4	100.0	-24.46	2.93	0.10	2473
ingolstadt7_sensor20_dqn_latent_observation	REAL_TEST	51	402.9	100.0	-82.52	11.30	0.19	1485
ingolstadt7_sensor20_dqn_latent_observation	REAL_TEST	52	1161.5	100.0	-121.72	15.86	0.19	502
ingolstadt7_sensor20_dqn_latent_observation	REAL_TEST	53	595.3	100.0	-84.03	10.75	0.13	993
ingolstadt7_sensor20_dqn_latent_observation	REAL_TEST	54	246.6	100.0	-66.93	8.17	0.12	1871
ingolstadt7_sensor20_dqn_latent_observation	REAL_TEST	55	998.2	100.0	-88.20	11.15	0.17	705
ingolstadt7_sensor20_dqn_latent_observation	REAL_TEST	56	592.5	100.0	-47.80	6.89	0.18	1125
ingolstadt7_sensor20_dqn_latent_observation	REAL_TEST	57	683.7	100.0	-80.36	10.50	0.18	982
ingolstadt7_sensor20_dqn_latent_observation	REAL_TEST	58	843.7	100.0	-46.72	6.34	0.15	704
ingolstadt7_sensor20_dqn_latent_observation	REAL_TEST	59	630.7	100.0	-77.59	9.73	0.15	982
ingolstadt7_sensor20_dqn_latent_observation	REAL_TEST	60	416.9	100.0	-81.69	10.79	0.18	1443
ingolstadt7_sensor20_dqn_latent_observation	REAL_TEST	61	501.9	100.0	-66.00	8.56	0.12	1225
ingolstadt7_sensor20_dqn_latent_observation	REAL_TEST	62	948.8	100.0	-97.43	12.64	0.16	717
ingolstadt7_sensor20_dqn_latent_observation	REAL_TEST	63	138.5	100.0	-13.62	1.95	0.10	2151
ingolstadt7_sensor20_dqn_latent_observation	REAL_TEST	64	540.1	100.0	-54.36	7.88	0.19	1135
ingolstadt7_sensor20_dqn_latent_observation	REAL_TEST	65	216.6	100.0	-15.31	2.13	0.09	1925
ingolstadt7_sensor20_dqn_latent_observation	REAL_TEST	66	129.4	100.0	-13.93	1.99	0.09	2459
ingolstadt7_sensor20_dqn_latent_observation	REAL_TEST	67	169.9	100.0	-15.83	2.16	0.11	2267
ingolstadt7_sensor20_dqn_latent_observation	REAL_TEST	68	669.6	100.0	-92.43	11.93	0.19	1019
ingolstadt7_sensor20_dqn_latent_observation	REAL_TEST	69	173.7	100.0	-14.58	2.09	0.11	2478
ingolstadt7_sensor20_dqn_latent_observation	REAL_TEST	70	230.9	100.0	-25.50	3.64	0.11	2156
ingolstadt7_sensor20_dqn_latent_observation	REAL_TEST	71	232.6	100.0	-24.31	3.36	0.13	2132
ingolstadt7_sensor20_dqn_latent_observation	REAL_TEST	72	160.2	100.0	-21.72	3.25	0.13	2356
ingolstadt7_sensor20_dqn_latent_observation	REAL_TEST	73	155.3	100.0	-11.07	1.54	0.08	2065
ingolstadt7_sensor20_dqn_latent_observation	REAL_TEST	74	259.1	100.0	-29.12	4.10	0.15	2023
ingolstadt7_sensor20_dqn_latent_observation	REAL_TEST	75	174.1	100.0	-14.44	1.91	0.09	1951
ingolstadt7_sensor20_dqn_latent_observation	REAL_TEST	76	148.5	100.0	-15.56	2.29	0.09	2317
ingolstadt7_sensor20_dqn_latent_observation	REAL_TEST	77	233.0	100.0	-17.93	2.61	0.11	1852
ingolstadt7_sensor20_dqn_latent_observation	REAL_TEST	78	179.6	100.0	-25.25	3.49	0.13	2312
ingolstadt7_sensor20_dqn_latent_observation	REAL_TEST	79	673.8	100.0	-97.29	12.43	0.15	904
ingolstadt7_sensor20_dqn_latent_observation	REAL_TEST	80	650.5	100.0	-84.69	10.87	0.14	922
ingolstadt7_sensor20_dqn_latent_observation	REAL_TEST	81	703.5	100.0	-62.41	8.83	0.14	854
ingolstadt7_sensor20_dqn_latent_observation	REAL_TEST	82	635.8	100.0	-106.36	13.54	0.17	1002
ingolstadt7_sensor20_dqn_latent_observation	REAL_TEST	83	772.2	100.0	-118.16	14.96	0.24	851
ingolstadt7_sensor20_dqn_latent_observation	REAL_TEST	84	613.1	100.0	-93.66	11.37	0.15	962
ingolstadt7_sensor20_dqn_latent_observation	REAL_TEST	85	738.2	100.0	-88.96	11.34	0.19	901
ingolstadt7_sensor20_dqn_latent_observation	REAL_TEST	86	649.8	100.0	-71.17	9.73	0.13	939
ingolstadt7_sensor20_dqn_latent_observation	REAL_TEST	87	723.8	100.0	-124.59	15.60	0.23	891
ingolstadt7_sensor20_dqn_latent_observation	REAL_TEST	88	744.1	100.0	-87.95	11.00	0.16	865
ingolstadt7_sensor20_dqn_latent_observation	REAL_TEST	89	652.5	100.0	-97.95	12.59	0.15	930
ingolstadt7_sensor20_dqn_latent_observation	REAL_TEST	90	691.7	100.0	-109.79	14.00	0.19	889
ingolstadt7_sensor20_dqn_latent_observation	REAL_TEST	91	633.3	100.0	-101.14	12.74	0.16	970
ingolstadt7_sensor20_dqn_latent_observation	REAL_TEST	92	573.6	100.0	-88.31	10.67	0.18	1018
ingolstadt7_sensor20_dqn_latent_observation	REAL_TEST	93	757.8	100.0	-94.23	12.21	0.20	886
ingolstadt7_sensor20_dqn_latent_observation	REAL_TEST	94	636.1	100.0	-101.27	12.65	0.19	995
ingolstadt7_sensor20_dqn_latent_observation	REAL_TEST	95	607.6	100.0	-100.76	12.76	0.14	954
ingolstadt7_sensor20_dqn_latent_observation	REAL_TEST	96	687.6	100.0	-91.07	11.49	0.12	848
ingolstadt7_sensor20_dqn_latent_observation	REAL_TEST	97	729.0	100.0	-134.04	16.95	0.23	926
ingolstadt7_sensor20_dqn_latent_observation	REAL_TEST	98	751.2	100.0	-86.91	11.61	0.20	892
ingolstadt7_sensor20_dqn_latent_observation	REAL_TEST	99	691.3	100.0	-102.30	12.78	0.21	957
ingolstadt7_sensor20_dqn_latent_observation	REAL_TEST	100	699.3	100.0	-103.22	13.26	0.20	965
ingolstadt7_sensor20_dqn_latent_observation	REAL_TEST	101	610.3	100.0	-79.05	10.16	0.16	1111
ingolstadt7_sensor20_dqn_latent_observation	REAL_TEST	102	704.8	100.0	-102.41	13.30	0.21	926
ingolstadt7_sensor20_dqn_latent_observation	REAL_TEST	103	1024.0	100.0	-115.02	15.33	0.26	751
ingolstadt7_sensor20_dqn_latent_observation	REAL_TEST	104	669.4	100.0	-78.05	9.82	0.16	878
ingolstadt7_sensor20_dqn_latent_observation	REAL_TEST	105	107.8	100.0	-9.63	1.30	0.09	2674
ingolstadt7_sensor20_dqn_latent_observation	REAL_TEST	106	584.3	100.0	-70.39	9.37	0.17	1212
ingolstadt7_sensor20_dqn_latent_observation	REAL_TEST	107	377.5	100.0	-85.37	11.98	0.18	1503
ingolstadt7_sensor20_dqn_latent_observation	REAL_TEST	108	112.2	100.0	-15.57	2.18	0.11	2648
ingolstadt7_sensor20_dqn_latent_observation	REAL_TEST	109	455.0	100.0	-89.25	11.91	0.23	1685
ingolstadt7_sensor20_dqn_latent_observation	REAL_TEST	110	193.3	100.0	-18.22	2.59	0.09	2115
ingolstadt7_sensor20_dqn_latent_observation	REAL_TEST	111	253.9	100.0	-39.17	5.41	0.16	2171
ingolstadt7_sensor20_dqn_latent_observation	REAL_TEST	112	129.5	100.0	-11.58	1.65	0.09	2425
ingolstadt7_sensor20_dqn_latent_observation	REAL_TEST	113	172.5	100.0	-24.36	3.57	0.14	2496
ingolstadt7_sensor20_dqn_latent_observation	REAL_TEST	114	130.8	100.0	-19.65	2.72	0.12	2474
ingolstadt7_sensor20_dqn_latent_observation	REAL_TEST	115	578.6	100.0	-80.92	11.10	0.14	1059
ingolstadt7_sensor20_dqn_latent_observation	REAL_TEST	116	665.2	100.0	-123.60	15.48	0.19	902
ingolstadt7_sensor20_dqn_latent_observation	REAL_TEST	117	852.9	100.0	-149.11	18.92	0.24	886
ingolstadt7_sensor20_dqn_latent_observation	REAL_TEST	118	691.0	100.0	-76.08	10.11	0.23	1045
ingolstadt7_sensor20_dqn_latent_observation	REAL_TEST	119	185.9	100.0	-11.31	1.53	0.09	2194
ingolstadt7_sensor20_dqn_latent_observation	REAL_TEST	120	104.9	100.0	-13.14	1.87	0.10	2568
ingolstadt7_sensor20_dqn_latent_observation	REAL_TEST	121	289.5	100.0	-36.19	5.07	0.13	1688
ingolstadt7_sensor20_dqn_latent_observation	REAL_TEST	122	320.5	100.0	-52.97	7.97	0.14	1568
ingolstadt7_sensor20_dqn_latent_observation	REAL_TEST	123	256.9	100.0	-13.40	2.00	0.08	1716
ingolstadt7_sensor20_dqn_latent_observation	REAL_TEST	124	608.5	100.0	-81.74	10.60	0.13	949
ingolstadt7_sensor20_dqn_latent_observation	REAL_TEST	125	518.8	100.0	-101.65	13.17	0.21	1319
ingolstadt7_sensor20_dqn_latent_observation	REAL_TEST	126	128.9	100.0	-28.98	3.40	0.10	2368
ingolstadt7_sensor20_dqn_latent_observation	REAL_TEST	127	287.6	100.0	-42.07	5.83	0.14	2024
ingolstadt7_sensor20_dqn_latent_observation	REAL_TEST	128	681.5	100.0	-66.24	8.73	0.16	984
ingolstadt7_sensor20_dqn_latent_observation	REAL_TEST	129	310.8	100.0	-40.79	5.39	0.14	1506
ingolstadt7_sensor20_dqn_latent_observation	REAL_TEST	130	610.8	100.0	-103.37	13.15	0.23	1119
ingolstadt7_sensor20_dqn_latent_observation	REAL_TEST	131	655.9	100.0	-117.55	15.85	0.22	1159
ingolstadt7_sensor20_dqn_latent_observation	REAL_TEST	132	625.5	100.0	-102.01	13.16	0.18	1086
ingolstadt7_sensor20_dqn_latent_observation	REAL_TEST	133	375.7	100.0	-36.38	5.46	0.12	1421
ingolstadt7_sensor20_dqn_latent_observation	REAL_TEST	134	695.0	100.0	-105.06	13.30	0.21	1019
ingolstadt7_sensor20_dqn_latent_observation	REAL_TEST	135	817.7	100.0	-137.55	17.65	0.23	905
ingolstadt7_sensor20_dqn_latent_observation	REAL_TEST	136	378.8	100.0	-58.84	7.52	0.15	1834
ingolstadt7_sensor20_dqn_latent_observation	REAL_TEST	137	420.7	100.0	-47.34	7.15	0.14	1244
ingolstadt7_sensor20_dqn_latent_observation	REAL_TEST	138	102.8	100.0	-9.25	1.25	0.09	2444
ingolstadt7_sensor20_dqn_latent_observation	REAL_TEST	139	624.6	100.0	-130.92	16.89	0.25	1134
ingolstadt7_sensor20_dqn_latent_observation	REAL_TEST	140	409.9	100.0	-58.53	7.63	0.17	1418
ingolstadt7_sensor20_dqn_latent_observation	REAL_TEST	141	143.1	100.0	-11.33	1.64	0.10	2061
ingolstadt7_sensor20_dqn_latent_observation	REAL_TEST	142	372.5	100.0	-45.17	6.67	0.15	1395
ingolstadt7_sensor20_dqn_latent_observation	REAL_TEST	143	692.4	100.0	-102.54	13.44	0.20	877
ingolstadt7_sensor20_dqn_latent_observation	REAL_TEST	144	289.2	100.0	-42.20	5.97	0.14	1822
ingolstadt7_sensor20_dqn_latent_observation	REAL_TEST	145	298.6	100.0	-60.87	8.20	0.14	1826
ingolstadt7_sensor20_dqn_latent_observation	REAL_TEST	146	732.4	100.0	-69.11	9.56	0.22	1094
ingolstadt7_sensor20_dqn_latent_observation	REAL_TEST	147	653.6	100.0	-50.54	6.19	0.15	877
ingolstadt7_sensor20_dqn_latent_observation	REAL_TEST	148	598.7	100.0	-55.44	7.97	0.17	1222
ingolstadt7_sensor20_dqn_latent_observation	REAL_TEST	149	132.6	100.0	-14.08	2.14	0.08	2485
ingolstadt7_sensor20_dqn_latent_observation	REAL_TEST	150	727.3	100.0	-97.65	12.70	0.19	915
ingolstadt7_sensor20_dqn_latent_observation	REAL_TEST	151	225.0	100.0	-29.66	4.14	0.14	2046
ingolstadt7_sensor20_dqn_latent_observation	REAL_TEST	152	179.1	100.0	-20.87	2.95	0.11	2261
ingolstadt7_sensor20_dqn_latent_observation	REAL_TEST	153	251.4	100.0	-31.43	4.46	0.11	1702
ingolstadt7_sensor20_dqn_latent_observation	REAL_TEST	154	132.7	100.0	-20.90	2.74	0.10	2396
ingolstadt7_sensor20_dqn_latent_observation	REAL_TEST	155	412.6	100.0	-48.23	6.49	0.18	1958
ingolstadt7_sensor20_dqn_latent_observation	REAL_TEST	156	279.2	100.0	-36.05	5.20	0.15	1786
ingolstadt7_sensor20_dqn_latent_observation	REAL_TEST	157	311.5	100.0	-47.78	6.26	0.11	1574
ingolstadt7_sensor20_dqn_latent_observation	REAL_TEST	158	635.4	100.0	-99.54	12.18	0.18	899
ingolstadt7_sensor20_dqn_latent_observation	REAL_TEST	159	336.1	100.0	-50.43	6.69	0.13	1557
ingolstadt7_sensor20_dqn_latent_observation	REAL_TEST	160	416.3	100.0	-82.11	10.73	0.19	1357
ingolstadt7_sensor20_dqn_latent_observation	REAL_TEST	161	587.4	100.0	-89.47	11.66	0.16	987
ingolstadt7_sensor20_dqn_latent_observation	REAL_TEST	162	1170.8	100.0	-119.61	15.91	0.20	531
ingolstadt7_sensor20_dqn_latent_observation	REAL_TEST	163	526.1	100.0	-81.84	10.41	0.12	1073
ingolstadt7_sensor20_dqn_latent_observation	REAL_TEST	164	588.5	100.0	-56.26	7.86	0.11	1016
ingolstadt7_sensor20_dqn_latent_observation	REAL_TEST	165	683.2	100.0	-54.27	7.43	0.13	883
ingolstadt7_sensor20_dqn_latent_observation	REAL_TEST	166	593.0	100.0	-113.90	14.25	0.18	981
ingolstadt7_sensor20_dqn_latent_observation	REAL_TEST	167	664.9	100.0	-97.85	12.39	0.17	898
ingolstadt7_sensor20_dqn_latent_observation	REAL_TEST	168	343.6	100.0	-54.13	7.33	0.16	1684
ingolstadt7_sensor20_dqn_latent_observation	REAL_TEST	169	115.5	100.0	-12.80	1.67	0.07	2419
ingolstadt7_sensor20_dqn_latent_observation	REAL_TEST	170	169.6	100.0	-24.60	3.60	0.13	2457
ingolstadt7_sensor20_dqn_latent_observation	REAL_TEST	171	298.5	100.0	-61.04	8.28	0.14	1623
ingolstadt7_sensor20_dqn_latent_observation	REAL_TEST	172	138.9	100.0	-13.45	1.90	0.08	2176
ingolstadt7_sensor20_dqn_latent_observation	REAL_TEST	173	285.7	100.0	-41.85	5.60	0.14	1544
ingolstadt7_sensor20_dqn_latent_observation	REAL_TEST	174	121.6	100.0	-11.77	1.66	0.10	2427
ingolstadt7_sensor20_dqn_latent_observation	REAL_TEST	175	191.3	100.0	-27.08	4.01	0.11	2066
ingolstadt7_sensor20_dqn_latent_observation	REAL_TEST	176	743.6	100.0	-110.60	13.79	0.22	982
ingolstadt7_sensor20_dqn_latent_observation	REAL_TEST	177	189.3	100.0	-21.61	3.30	0.12	2180
ingolstadt7_sensor20_dqn_latent_observation	REAL_TEST	178	132.5	100.0	-23.70	3.43	0.12	2517
ingolstadt7_sensor20_dqn_latent_observation	REAL_TEST	179	481.3	100.0	-82.95	10.26	0.16	1237
ingolstadt7_sensor20_dqn_latent_observation	REAL_TEST	180	321.9	100.0	-64.66	8.91	0.19	2120
ingolstadt7_sensor20_dqn_latent_observation	REAL_TEST	181	667.7	100.0	-83.16	10.69	0.18	1033
ingolstadt7_sensor20_dqn_latent_observation	REAL_TEST	182	597.5	100.0	-69.92	9.52	0.14	964
ingolstadt7_sensor20_dqn_latent_observation	REAL_TEST	183	258.8	100.0	-46.55	6.46	0.13	1842
ingolstadt7_sensor20_dqn_latent_observation	REAL_TEST	184	612.8	100.0	-111.56	15.10	0.21	1112
ingolstadt7_sensor20_dqn_latent_observation	REAL_TEST	185	398.1	100.0	-104.73	13.72	0.20	1624
ingolstadt7_sensor20_dqn_latent_observation	REAL_TEST	186	298.7	100.0	-62.62	8.69	0.15	1803
ingolstadt7_sensor20_dqn_latent_observation	REAL_TEST	187	428.7	100.0	-98.25	12.54	0.18	1327
ingolstadt7_sensor20_dqn_latent_observation	REAL_TEST	188	481.3	100.0	-91.52	11.81	0.15	1201
ingolstadt7_sensor20_dqn_latent_observation	REAL_TEST	189	656.9	100.0	-102.43	13.09	0.17	948
ingolstadt7_sensor20_dqn_latent_observation	REAL_TEST	190	212.3	100.0	-28.95	4.02	0.13	1860
ingolstadt7_sensor20_dqn_latent_observation	REAL_TEST	191	665.7	100.0	-108.68	13.66	0.17	798
ingolstadt7_sensor20_dqn_latent_observation	REAL_TEST	192	594.4	100.0	-115.51	14.54	0.20	1033
ingolstadt7_sensor20_dqn_latent_observation	REAL_TEST	193	292.7	100.0	-76.23	9.89	0.17	1763
ingolstadt7_sensor20_dqn_latent_observation	REAL_TEST	194	314.5	100.0	-75.76	9.93	0.17	1737
ingolstadt7_sensor20_dqn_latent_observation	REAL_TEST	195	354.0	100.0	-45.68	6.24	0.17	1604
ingolstadt7_sensor20_dqn_latent_observation	REAL_TEST	196	250.1	100.0	-22.31	3.47	0.09	1562
ingolstadt7_sensor20_dqn_latent_observation	REAL_TEST	197	226.8	100.0	-14.46	2.10	0.10	1837
ingolstadt7_sensor20_dqn_latent_observation	REAL_TEST	198	730.5	100.0	-143.79	17.85	0.23	1010
ingolstadt7_sensor20_dqn_latent_observation	REAL_TEST	199	518.1	100.0	-101.15	12.75	0.18	1235
