SIM_TRAIN step:0, travel time:36.630903790087466, q_loss:0, rewards:-1.371203, queue:1.3083333, delay:0.10629576, throughput:1707, raw_metrics:{'fairness': 0.0}
SIM_TRAIN step:1, travel time:36.99650145772595, q_loss:0, rewards:-1.4242593, queue:1.3222222, delay:0.115083516, throughput:1707, raw_metrics:{'fairness': 0.0}
SIM_TRAIN step:2, travel time:36.033819241982506, q_loss:1.8541329, rewards:-1.1781477, queue:1.0472223, delay:0.1136915, throughput:1707, raw_metrics:{'fairness': 0.0}
SIM_TRAIN step:3, travel time:34.629154518950436, q_loss:0.12840676, rewards:-1.2520369, queue:1.175, delay:0.10503134, throughput:1707, raw_metrics:{'fairness': 0.0}
SIM_TRAIN step:4, travel time:32.330029154518954, q_loss:0.023411857, rewards:-0.97268516, queue:0.9388889, delay:0.08084531, throughput:1707, raw_metrics:{'fairness': 0.0}
SIM_TRAIN step:5, travel time:33.397667638483966, q_loss:0.020759176, rewards:-0.7292589, queue:0.68333334, delay:0.09462203, throughput:1707, raw_metrics:{'fairness': 0.0}
SIM_TRAIN step:6, travel time:33.649562682215745, q_loss:0.015887441, rewards:-0.7690739, queue:0.7222222, delay:0.08806431, throughput:1707, raw_metrics:{'fairness': 0.0}
SIM_TRAIN step:7, travel time:42.74868804664723, q_loss:0.016724786, rewards:-0.6364809, queue:0.60833335, delay:0.093876995, throughput:1707, raw_metrics:{'fairness': 0.0}
SIM_TRAIN step:8, travel time:37.38250728862974, q_loss:0.017383832, rewards:-1.0836118, queue:0.99722224, delay:0.09895952, throughput:1688, raw_metrics:{'fairness': 0.0}
SIM_TRAIN step:9, travel time:33.4600583090379, q_loss:0.013716548, rewards:-0.5928705, queue:0.5694444, delay:0.084051, throughput:1707, raw_metrics:{'fairness': 0.0}
SIM_TRAIN step:10, travel time:42.94285714285714, q_loss:0.013989352, rewards:-0.54814774, queue:0.5138889, delay:0.0856237, throughput:1707, raw_metrics:{'fairness': 0.0}
SIM_TRAIN step:11, travel time:63.737609329446066, q_loss:0.012234525, rewards:-0.7179622, queue:0.62777776, delay:0.10389277, throughput:1697, raw_metrics:{'fairness': 0.0}
SIM_TRAIN step:12, travel time:71.36734693877551, q_loss:0.013446203, rewards:-0.9328706, queue:0.79444444, delay:0.12070698, throughput:1706, raw_metrics:{'fairness': 0.0}
SIM_TRAIN step:13, travel time:79.51223776223776, q_loss:0.013374247, rewards:-0.7551846, queue:0.6611111, delay:0.10339072, throughput:1612, raw_metrics:{'fairness': 0.0}
SIM_TRAIN step:14, travel time:46.18192419825073, q_loss:0.012702038, rewards:-0.54870343, queue:0.50555557, delay:0.087685615, throughput:1707, raw_metrics:{'fairness': 0.0}
SIM_TRAIN step:15, travel time:38.83556851311953, q_loss:0.012779519, rewards:-0.6396295, queue:0.59444445, delay:0.08700356, throughput:1707, raw_metrics:{'fairness': 0.0}
SIM_TRAIN step:16, travel time:56.31603498542274, q_loss:0.0117499195, rewards:-0.842129, queue:0.79444444, delay:0.094293594, throughput:1705, raw_metrics:{'fairness': 0.0}
SIM_TRAIN step:17, travel time:268.1142191142191, q_loss:0.010782156, rewards:-1.2650007, queue:1.0888889, delay:0.15272321, throughput:1538, raw_metrics:{'fairness': 0.0}
SIM_TRAIN step:18, travel time:71.04548104956268, q_loss:0.009653224, rewards:-1.0013894, queue:0.875, delay:0.11602405, throughput:1665, raw_metrics:{'fairness': 0.0}
SIM_TRAIN step:19, travel time:45.032069970845484, q_loss:0.010780272, rewards:-0.7777778, queue:0.70555556, delay:0.09756581, throughput:1707, raw_metrics:{'fairness': 0.0}
SIM_TRAIN step:20, travel time:87.89679300291546, q_loss:0.015772743, rewards:-1.083611, queue:0.96944445, delay:0.120674916, throughput:1707, raw_metrics:{'fairness': 0.0}
SIM_TRAIN step:21, travel time:69.25247813411079, q_loss:0.028318416, rewards:-0.8982402, queue:0.80277777, delay:0.114697956, throughput:1707, raw_metrics:{'fairness': 0.0}
SIM_TRAIN step:22, travel time:72.27463556851312, q_loss:0.040146075, rewards:-0.7349068, queue:0.6527778, delay:0.0972649, throughput:1647, raw_metrics:{'fairness': 0.0}
SIM_TRAIN step:23, travel time:40.66297376093294, q_loss:0.048585616, rewards:-0.7528702, queue:0.68333334, delay:0.098539434, throughput:1707, raw_metrics:{'fairness': 0.0}
SIM_TRAIN step:24, travel time:35.058892128279886, q_loss:0.05156623, rewards:-0.6880553, queue:0.64166665, delay:0.08412861, throughput:1707, raw_metrics:{'fairness': 0.0}
SIM_TRAIN step:25, travel time:210.35685131195336, q_loss:0.055928294, rewards:-1.3532418, queue:1.15, delay:0.1490357, throughput:1526, raw_metrics:{'fairness': 0.0}
REAL_TRAIN step:1, travel time:153.75438596491227, q_loss:100, rewards:-3.0049102, queue:2.3888888, delay:0.28354186, throughput:1143, R_real:-1.8919, components:{'queue': 0.025, 'delay': 0.284, 'waiting': 1.583, 'pressure': 0.0, 'switches': 0.0}, raw_metrics:{'fairness': 0.0, 'emission': 71.734, 'fuel': 23.255, 'emergency_stops': 0.0, 'collisions': 0.0, 'ssm_conflicts': 121.0}, init;w=queue=0.593;delay=0.844;waiting=0.858;pressure=0.847;switches=0.624
SIM_TRAIN step:26, travel time:153.38892128279883, q_loss:0.077249035, rewards:-1.0079635, queue:0.8472222, delay:0.13382587, throughput:1626, raw_metrics:{'fairness': 0.0}
SIM_TRAIN step:27, travel time:93.79708454810496, q_loss:0.08480538, rewards:-0.92611134, queue:0.8277778, delay:0.12291826, throughput:1608, raw_metrics:{'fairness': 0.0}
SIM_TRAIN step:28, travel time:48.219825072886294, q_loss:0.08565208, rewards:-0.6408327, queue:0.56666666, delay:0.09045342, throughput:1707, raw_metrics:{'fairness': 0.0}
SIM_TRAIN step:29, travel time:170.3877551020408, q_loss:0.07473353, rewards:-1.373334, queue:1.2111111, delay:0.13709988, throughput:1555, raw_metrics:{'fairness': 0.0}
SIM_TRAIN step:30, travel time:140.47230320699708, q_loss:0.075845525, rewards:-1.062038, queue:0.86944443, delay:0.13736331, throughput:1592, raw_metrics:{'fairness': 0.0}
SIM_TRAIN step:31, travel time:345.59708454810493, q_loss:0.06815024, rewards:-1.2937053, queue:1.1083333, delay:0.1501717, throughput:1455, raw_metrics:{'fairness': 0.0}
REAL_TRAIN step:2, travel time:158.18524727577537, q_loss:100, rewards:-3.0107439, queue:2.3833334, delay:0.28350767, throughput:1138, R_real:-2.0143, components:{'queue': 0.025, 'delay': 0.284, 'waiting': 1.706, 'pressure': 0.0, 'switches': 0.0}, raw_metrics:{'fairness': 0.0, 'emission': 71.737, 'fuel': 23.256, 'emergency_stops': 0.0, 'collisions': 0.0, 'ssm_conflicts': 120.0}, init;w=queue=0.384;delay=0.298;waiting=0.057;pressure=0.273;switches=0.478
SIM_TRAIN step:32, travel time:386.7236151603499, q_loss:0.06680403, rewards:-1.3248166, queue:1.1027777, delay:0.15538712, throughput:1349, raw_metrics:{'fairness': 0.0}
SIM_TRAIN step:33, travel time:82.44897959183673, q_loss:0.077468894, rewards:-0.7868512, queue:0.7083333, delay:0.10336078, throughput:1578, raw_metrics:{'fairness': 0.0}
SIM_TRAIN step:34, travel time:80.02565597667639, q_loss:0.08678463, rewards:-0.99574125, queue:0.8388889, delay:0.12762229, throughput:1588, raw_metrics:{'fairness': 0.0}
SIM_TRAIN step:35, travel time:144.42074592074593, q_loss:0.089437634, rewards:-1.2026862, queue:1.0138888, delay:0.13645294, throughput:1542, raw_metrics:{'fairness': 0.0}
SIM_TRAIN step:36, travel time:39.21690962099125, q_loss:0.088642016, rewards:-0.6087959, queue:0.57222223, delay:0.09023074, throughput:1707, raw_metrics:{'fairness': 0.0}
SIM_TRAIN step:37, travel time:52.17026239067055, q_loss:0.087382175, rewards:-0.6700923, queue:0.6111111, delay:0.09434435, throughput:1707, raw_metrics:{'fairness': 0.0}
REAL_TRAIN step:3, travel time:51.52594752186589, q_loss:100, rewards:-4.860743, queue:4.077778, delay:0.21658733, throughput:1704, R_real:-0.4243, components:{'queue': 0.041, 'delay': 0.217, 'waiting': 0.167, 'pressure': 0.0, 'switches': 0.0}, raw_metrics:{'fairness': 0.0, 'emission': 95.31, 'fuel': 30.898, 'emergency_stops': 0.0, 'collisions': 0.0, 'ssm_conflicts': 250.0}, init;w=queue=0.812;delay=0.48;waiting=0.393;pressure=0.836;switches=0.337
SIM_TRAIN step:38, travel time:34.87113702623907, q_loss:0.08094989, rewards:-0.6052777, queue:0.55833334, delay:0.087081656, throughput:1707, raw_metrics:{'fairness': 0.0}
SIM_TRAIN step:39, travel time:52.93702623906705, q_loss:0.07645852, rewards:-0.7813892, queue:0.7083333, delay:0.101791576, throughput:1688, raw_metrics:{'fairness': 0.0}
SIM_TRAIN step:40, travel time:65.91720116618076, q_loss:0.06734087, rewards:-0.8374995, queue:0.75277776, delay:0.103551686, throughput:1670, raw_metrics:{'fairness': 0.0}
SIM_TRAIN step:41, travel time:67.94227405247814, q_loss:0.06365547, rewards:-0.81472176, queue:0.7361111, delay:0.099603474, throughput:1637, raw_metrics:{'fairness': 0.0}
SIM_TRAIN step:42, travel time:33.52594752186589, q_loss:0.07067443, rewards:-0.4091668, queue:0.39722222, delay:0.07660358, throughput:1705, raw_metrics:{'fairness': 0.0}
SIM_TRAIN step:43, travel time:146.72536443148687, q_loss:0.061735567, rewards:-1.165371, queue:1.0111111, delay:0.13444473, throughput:1649, raw_metrics:{'fairness': 0.0}
REAL_TRAIN step:4, travel time:83.75641025641026, q_loss:100, rewards:-2.214993, queue:1.8055556, delay:0.20512551, throughput:1430, R_real:-0.5052, components:{'queue': 0.018, 'delay': 0.205, 'waiting': 0.282, 'pressure': 0.0, 'switches': 0.0}, raw_metrics:{'fairness': 0.0, 'emission': 76.174, 'fuel': 24.695, 'emergency_stops': 1.0, 'collisions': 0.0, 'ssm_conflicts': 159.0}, init;w=queue=0.648;delay=0.368;waiting=0.957;pressure=0.14;switches=0.87
SIM_TRAIN step:44, travel time:103.34693877551021, q_loss:0.060014702, rewards:-1.068149, queue:0.92777777, delay:0.12251759, throughput:1613, raw_metrics:{'fairness': 0.0}
SIM_TRAIN step:45, travel time:76.36093294460642, q_loss:0.08051452, rewards:-1.1398149, queue:1.0416666, delay:0.12301056, throughput:1707, raw_metrics:{'fairness': 0.0}
SIM_TRAIN step:46, travel time:44.248979591836736, q_loss:0.075911716, rewards:-0.669722, queue:0.60833335, delay:0.09889352, throughput:1703, raw_metrics:{'fairness': 0.0}
SIM_TRAIN step:47, travel time:53.51078717201166, q_loss:0.07443556, rewards:-0.6585179, queue:0.57222223, delay:0.093991056, throughput:1706, raw_metrics:{'fairness': 0.0}
SIM_TRAIN step:48, travel time:30.890962099125364, q_loss:0.07378915, rewards:-0.47481474, queue:0.45833334, delay:0.07503736, throughput:1706, raw_metrics:{'fairness': 0.0}
SIM_TRAIN step:49, travel time:172.3661807580175, q_loss:0.07395845, rewards:-1.4769453, queue:1.3111111, delay:0.14912343, throughput:1542, raw_metrics:{'fairness': 0.0}
REAL_TRAIN step:5, travel time:158.18524727577537, q_loss:100, rewards:-3.0107439, queue:2.3833334, delay:0.28350767, throughput:1138, R_real:-2.0143, components:{'queue': 0.025, 'delay': 0.284, 'waiting': 1.706, 'pressure': 0.0, 'switches': 0.0}, raw_metrics:{'fairness': 0.0, 'emission': 71.737, 'fuel': 23.256, 'emergency_stops': 0.0, 'collisions': 0.0, 'ssm_conflicts': 120.0}, init;w=queue=0.474;delay=0.801;waiting=0.52;pressure=0.679;switches=0.721
SIM_TRAIN step:50, travel time:380.03790087463557, q_loss:0.058583926, rewards:-1.5418525, queue:1.2777778, delay:0.16116296, throughput:1325, raw_metrics:{'fairness': 0.0}
SIM_TRAIN step:51, travel time:87.99591836734695, q_loss:0.07090248, rewards:-1.0496303, queue:0.9444444, delay:0.12542549, throughput:1669, raw_metrics:{'fairness': 0.0}
SIM_TRAIN step:52, travel time:46.202332361516035, q_loss:0.064774215, rewards:-0.7155549, queue:0.6388889, delay:0.098626845, throughput:1706, raw_metrics:{'fairness': 0.0}
SIM_TRAIN step:53, travel time:55.14810495626822, q_loss:0.06649399, rewards:-0.71916634, queue:0.64444447, delay:0.09898776, throughput:1707, raw_metrics:{'fairness': 0.0}
SIM_TRAIN step:54, travel time:42.91778425655977, q_loss:0.06886897, rewards:-0.71305525, queue:0.6611111, delay:0.08583211, throughput:1707, raw_metrics:{'fairness': 0.0}
SIM_TRAIN step:55, travel time:36.78425655976677, q_loss:0.07112606, rewards:-0.5630554, queue:0.53333336, delay:0.08387304, throughput:1707, raw_metrics:{'fairness': 0.0}
REAL_TRAIN step:6, travel time:74.489941596366, q_loss:100, rewards:-2.5898077, queue:2.1111112, delay:0.20328979, throughput:1488, R_real:-0.4577, components:{'queue': 0.022, 'delay': 0.203, 'waiting': 0.233, 'pressure': 0.0, 'switches': 0.0}, raw_metrics:{'fairness': 0.0, 'emission': 79.156, 'fuel': 25.661, 'emergency_stops': 2.0, 'collisions': 0.0, 'ssm_conflicts': 164.0}, init;w=queue=0.582;delay=0.537;waiting=0.759;pressure=0.106;switches=0.474
SIM_TRAIN step:56, travel time:29.868804664723033, q_loss:0.054937057, rewards:-0.33731478, queue:0.325, delay:0.072449885, throughput:1707, raw_metrics:{'fairness': 0.0}
SIM_TRAIN step:57, travel time:33.178425655976675, q_loss:0.072531454, rewards:-0.6068517, queue:0.6111111, delay:0.08595678, throughput:1707, raw_metrics:{'fairness': 0.0}
SIM_TRAIN step:58, travel time:38.796501457725945, q_loss:0.06305105, rewards:-0.5145368, queue:0.49166667, delay:0.07941168, throughput:1707, raw_metrics:{'fairness': 0.0}
SIM_TRAIN step:59, travel time:31.08396501457726, q_loss:0.053482205, rewards:-0.45555568, queue:0.41944444, delay:0.07976464, throughput:1707, raw_metrics:{'fairness': 0.0}
SIM_TRAIN step:60, travel time:31.39416909620991, q_loss:0.043421593, rewards:-0.49953678, queue:0.48055556, delay:0.07908325, throughput:1707, raw_metrics:{'fairness': 0.0}
SIM_TRAIN step:61, travel time:30.567930029154518, q_loss:0.04288478, rewards:-0.4611111, queue:0.4722222, delay:0.06826975, throughput:1707, raw_metrics:{'fairness': 0.0}
REAL_TRAIN step:7, travel time:48.604733727810654, q_loss:100, rewards:-7.47834, queue:6.3722224, delay:0.21900412, throughput:1644, R_real:-0.5922, components:{'queue': 0.063, 'delay': 0.219, 'waiting': 0.311, 'pressure': 0.0, 'switches': 0.0}, raw_metrics:{'fairness': 177.0, 'emission': 105.549, 'fuel': 34.218, 'emergency_stops': 3.0, 'collisions': 0.0, 'ssm_conflicts': 329.0}, init;w=queue=0.186;delay=0.737;waiting=0.217;pressure=0.135;switches=0.324
SIM_TRAIN step:62, travel time:31.031486880466474, q_loss:0.03248782, rewards:-0.47212973, queue:0.44722223, delay:0.08024905, throughput:1707, raw_metrics:{'fairness': 0.0}
SIM_TRAIN step:63, travel time:31.76384839650146, q_loss:0.036342733, rewards:-0.6022221, queue:0.58055556, delay:0.081256524, throughput:1707, raw_metrics:{'fairness': 0.0}
SIM_TRAIN step:64, travel time:34.68046647230321, q_loss:0.033461824, rewards:-0.5766665, queue:0.5416667, delay:0.08525635, throughput:1707, raw_metrics:{'fairness': 0.0}
SIM_TRAIN step:65, travel time:190.95860058309037, q_loss:0.035718024, rewards:-1.2062042, queue:1.0444444, delay:0.13663158, throughput:1634, raw_metrics:{'fairness': 0.0}
SIM_TRAIN step:66, travel time:42.20874635568513, q_loss:0.044123545, rewards:-0.6260181, queue:0.6, delay:0.08794547, throughput:1707, raw_metrics:{'fairness': 0.0}
SIM_TRAIN step:67, travel time:32.857725947521864, q_loss:0.048164777, rewards:-0.5134259, queue:0.51111114, delay:0.07701223, throughput:1707, raw_metrics:{'fairness': 0.0}
REAL_TRAIN step:8, travel time:45.81457725947522, q_loss:100, rewards:-2.0900013, queue:1.7527778, delay:0.1884975, throughput:1702, R_real:-0.2368, components:{'queue': 0.017, 'delay': 0.188, 'waiting': 0.031, 'pressure': 0.0, 'switches': 0.0}, raw_metrics:{'fairness': 0.0, 'emission': 82.802, 'fuel': 26.843, 'emergency_stops': 1.0, 'collisions': 0.0, 'ssm_conflicts': 214.0}, init;w=queue=0.15;delay=0.222;waiting=0.386;pressure=0.903;switches=0.45
SIM_TRAIN step:68, travel time:242.40583090379008, q_loss:0.058404054, rewards:-1.3290751, queue:1.1388888, delay:0.1480262, throughput:1595, raw_metrics:{'fairness': 0.0}
SIM_TRAIN step:69, travel time:68.69912536443148, q_loss:0.08158256, rewards:-0.79962915, queue:0.69166666, delay:0.105827756, throughput:1648, raw_metrics:{'fairness': 0.0}
SIM_TRAIN step:70, travel time:35.93935860058309, q_loss:0.109915964, rewards:-0.47018525, queue:0.43055555, delay:0.085480206, throughput:1707, raw_metrics:{'fairness': 0.0}
SIM_TRAIN step:71, travel time:50.81807580174927, q_loss:0.108486645, rewards:-0.6549995, queue:0.6, delay:0.0913796, throughput:1705, raw_metrics:{'fairness': 0.0}
SIM_TRAIN step:72, travel time:45.86880466472303, q_loss:0.112387866, rewards:-0.6656478, queue:0.6027778, delay:0.09458723, throughput:1707, raw_metrics:{'fairness': 0.0}
SIM_TRAIN step:73, travel time:179.3125364431487, q_loss:0.13089505, rewards:-1.0790746, queue:0.9111111, delay:0.13054745, throughput:1537, raw_metrics:{'fairness': 0.0}
REAL_TRAIN step:9, travel time:153.8187134502924, q_loss:100, rewards:-2.9955587, queue:2.386111, delay:0.28236458, throughput:1143, R_real:-1.8912, components:{'queue': 0.025, 'delay': 0.282, 'waiting': 1.584, 'pressure': 0.0, 'switches': 0.0}, raw_metrics:{'fairness': 0.0, 'emission': 71.836, 'fuel': 23.288, 'emergency_stops': 0.0, 'collisions': 0.0, 'ssm_conflicts': 120.0}, init;w=queue=0.613;delay=0.902;waiting=0.099;pressure=0.97;switches=0.653
SIM_TRAIN step:74, travel time:303.8448979591837, q_loss:0.12983713, rewards:-1.3520386, queue:1.1361111, delay:0.15500276, throughput:1442, raw_metrics:{'fairness': 0.0}
SIM_TRAIN step:75, travel time:327.1469387755102, q_loss:0.14664064, rewards:-1.4392602, queue:1.2083334, delay:0.15749761, throughput:1384, raw_metrics:{'fairness': 0.0}
SIM_TRAIN step:76, travel time:74.8192419825073, q_loss:0.15388292, rewards:-0.86833316, queue:0.7777778, delay:0.10195632, throughput:1602, raw_metrics:{'fairness': 0.0}
SIM_TRAIN step:77, travel time:37.38425655976676, q_loss:0.14368977, rewards:-0.77999955, queue:0.71944445, delay:0.093701884, throughput:1706, raw_metrics:{'fairness': 0.0}
SIM_TRAIN step:78, travel time:201.26880466472304, q_loss:0.14620407, rewards:-1.3200014, queue:1.1222222, delay:0.14512254, throughput:1491, raw_metrics:{'fairness': 0.0}
SIM_TRAIN step:79, travel time:43.30262390670554, q_loss:0.14284517, rewards:-0.6442593, queue:0.6, delay:0.09585006, throughput:1690, raw_metrics:{'fairness': 0.0}
REAL_TRAIN step:10, travel time:55.51149086623453, q_loss:100, rewards:-2.555092, queue:2.1055555, delay:0.20684567, throughput:1655, R_real:-0.2867, components:{'queue': 0.021, 'delay': 0.207, 'waiting': 0.058, 'pressure': 0.0, 'switches': 0.0}, raw_metrics:{'fairness': 0.0, 'emission': 83.181, 'fuel': 26.966, 'emergency_stops': 0.0, 'collisions': 0.0, 'ssm_conflicts': 161.0}, init;w=queue=0.171;delay=0.358;waiting=0.751;pressure=0.608;switches=0.325
SIM_TRAIN step:80, travel time:80.41200466200466, q_loss:0.10890807, rewards:-0.6693511, queue:0.59444445, delay:0.09695967, throughput:1552, raw_metrics:{'fairness': 0.0}
SIM_TRAIN step:81, travel time:188.89679300291544, q_loss:0.1292168, rewards:-1.1712041, queue:0.98333335, delay:0.14062546, throughput:1654, raw_metrics:{'fairness': 0.0}
SIM_TRAIN step:82, travel time:165.9935860058309, q_loss:0.09517795, rewards:-1.0998161, queue:0.9222222, delay:0.13539004, throughput:1495, raw_metrics:{'fairness': 0.0}
SIM_TRAIN step:83, travel time:61.82448979591837, q_loss:0.09343275, rewards:-0.8244442, queue:0.7138889, delay:0.106646255, throughput:1707, raw_metrics:{'fairness': 0.0}
SIM_TRAIN step:84, travel time:51.82332361516035, q_loss:0.1009358, rewards:-0.57685184, queue:0.5083333, delay:0.094134234, throughput:1707, raw_metrics:{'fairness': 0.0}
SIM_TRAIN step:85, travel time:60.45422740524781, q_loss:0.066967644, rewards:-0.9529625, queue:0.84166664, delay:0.11672399, throughput:1707, raw_metrics:{'fairness': 0.0}
REAL_TRAIN step:11, travel time:255.6067415730337, q_loss:100, rewards:-65.359825, queue:60.85, delay:0.42297703, throughput:888, R_real:-33.4925, components:{'queue': 0.546, 'delay': 0.423, 'waiting': 32.524, 'pressure': 0.0, 'switches': 0.0}, raw_metrics:{'fairness': 60.0, 'emission': 362.728, 'fuel': 117.594, 'emergency_stops': 0.0, 'collisions': 0.0, 'ssm_conflicts': 204.0}, bo;w=delay=0.173;waiting=0.351;pressure=0.249;switches=0.373
SIM_TRAIN step:86, travel time:31.516034985422742, q_loss:0.055639032, rewards:-0.57675904, queue:0.55833334, delay:0.08700951, throughput:1707, raw_metrics:{'fairness': 0.0}
SIM_TRAIN step:87, travel time:33.72128279883382, q_loss:0.04405612, rewards:-0.7667589, queue:0.70555556, delay:0.09381778, throughput:1707, raw_metrics:{'fairness': 0.0}
SIM_TRAIN step:88, travel time:31.283381924198252, q_loss:0.03500339, rewards:-0.7812963, queue:0.7222222, delay:0.09048175, throughput:1707, raw_metrics:{'fairness': 0.0}
SIM_TRAIN step:89, travel time:43.66297376093294, q_loss:0.026591137, rewards:-1.4492594, queue:1.2777778, delay:0.13615021, throughput:1707, raw_metrics:{'fairness': 0.0}
SIM_TRAIN step:90, travel time:47.76151603498542, q_loss:0.020373007, rewards:-2.319723, queue:2.0805554, delay:0.16141179, throughput:1707, raw_metrics:{'fairness': 0.0}
SIM_TRAIN step:91, travel time:52.3002915451895, q_loss:0.015290169, rewards:-2.629814, queue:2.2027779, delay:0.17419791, throughput:1706, raw_metrics:{'fairness': 0.0}
REAL_TRAIN step:12, travel time:423.3, q_loss:100, rewards:-85.86413, queue:80.41944, delay:0.47313195, throughput:646, R_real:-61.8631, components:{'queue': 0.716, 'delay': 0.473, 'waiting': 60.673, 'pressure': 0.0, 'switches': 0.0}, raw_metrics:{'fairness': 22.0, 'emission': 456.895, 'fuel': 148.123, 'emergency_stops': 0.0, 'collisions': 0.0, 'ssm_conflicts': 80.0}, bo;w=queue=1.0
SIM_TRAIN step:92, travel time:37.23032069970846, q_loss:0.015416218, rewards:-1.971111, queue:1.6666666, delay:0.14415625, throughput:1707, raw_metrics:{'fairness': 0.0}
SIM_TRAIN step:93, travel time:39.36034985422741, q_loss:0.018533917, rewards:-1.716666, queue:1.525, delay:0.1309917, throughput:1707, raw_metrics:{'fairness': 0.0}
SIM_TRAIN step:94, travel time:32.09271137026239, q_loss:0.021715552, rewards:-0.7349075, queue:0.6805556, delay:0.08737116, throughput:1707, raw_metrics:{'fairness': 0.0}
SIM_TRAIN step:95, travel time:55.029154518950435, q_loss:0.024689456, rewards:-0.91036993, queue:0.8361111, delay:0.10854894, throughput:1707, raw_metrics:{'fairness': 0.0}
SIM_TRAIN step:96, travel time:37.36209912536443, q_loss:0.025609266, rewards:-1.0084262, queue:0.88611114, delay:0.10448536, throughput:1707, raw_metrics:{'fairness': 0.0}
SIM_TRAIN step:97, travel time:104.90087463556851, q_loss:0.026000299, rewards:-1.3001868, queue:1.0972222, delay:0.13572654, throughput:1593, raw_metrics:{'fairness': 0.0}
REAL_TRAIN step:13, travel time:139.34047436878348, q_loss:100, rewards:-3.3457367, queue:2.7055554, delay:0.2850612, throughput:1257, R_real:-1.1166, components:{'queue': 0.028, 'delay': 0.285, 'waiting': 0.804, 'pressure': 0.0, 'switches': 0.0}, raw_metrics:{'fairness': 0.0, 'emission': 77.569, 'fuel': 25.147, 'emergency_stops': 0.0, 'collisions': 0.0, 'ssm_conflicts': 159.0}, bo;w=queue=0.206;delay=0.392;waiting=0.507;pressure=0.202;switches=0.807
SIM_TRAIN step:98, travel time:132.6279883381924, q_loss:0.03645791, rewards:-1.4489827, queue:1.2972223, delay:0.14770474, throughput:1608, raw_metrics:{'fairness': 0.0}
SIM_TRAIN step:99, travel time:39.09737609329446, q_loss:0.057413857, rewards:-0.9876855, queue:0.9, delay:0.101083554, throughput:1706, raw_metrics:{'fairness': 0.0}
SIM_TRAIN step:100, travel time:43.583090379008745, q_loss:0.06835227, rewards:-1.0512964, queue:0.9527778, delay:0.10843613, throughput:1707, raw_metrics:{'fairness': 0.0}
SIM_TRAIN step:101, travel time:38.66355685131195, q_loss:0.082127, rewards:-1.4497224, queue:1.2472222, delay:0.1169098, throughput:1707, raw_metrics:{'fairness': 0.0}
SIM_TRAIN step:102, travel time:88.34344023323615, q_loss:0.10460771, rewards:-1.1683347, queue:1.0388889, delay:0.1262972, throughput:1600, raw_metrics:{'fairness': 0.0}
SIM_TRAIN step:103, travel time:31.067055393586006, q_loss:0.10846351, rewards:-0.75296307, queue:0.7, delay:0.084611274, throughput:1707, raw_metrics:{'fairness': 0.0}
REAL_TRAIN step:14, travel time:158.18524727577537, q_loss:100, rewards:-3.0107439, queue:2.3833334, delay:0.28350767, throughput:1138, R_real:-2.0143, components:{'queue': 0.025, 'delay': 0.284, 'waiting': 1.706, 'pressure': 0.0, 'switches': 0.0}, raw_metrics:{'fairness': 0.0, 'emission': 71.737, 'fuel': 23.256, 'emergency_stops': 0.0, 'collisions': 0.0, 'ssm_conflicts': 120.0}, bo;w=queue=1.0;delay=0.281;pressure=1.0;switches=1.0
SIM_TRAIN step:104, travel time:170.9201166180758, q_loss:0.116610676, rewards:-1.4329646, queue:1.2111111, delay:0.15004246, throughput:1525, raw_metrics:{'fairness': 0.0}
SIM_TRAIN step:105, travel time:375.2769679300292, q_loss:0.100204766, rewards:-1.3372244, queue:1.0888889, delay:0.1544643, throughput:1332, raw_metrics:{'fairness': 0.0}
SIM_TRAIN step:106, travel time:337.71020408163264, q_loss:0.07994391, rewards:-1.4145391, queue:1.15, delay:0.15527636, throughput:1407, raw_metrics:{'fairness': 0.0}
SIM_TRAIN step:107, travel time:212.32303206997085, q_loss:0.08072853, rewards:-1.1427783, queue:0.96944445, delay:0.13637409, throughput:1653, raw_metrics:{'fairness': 0.0}
SIM_TRAIN step:108, travel time:31.464139941690963, q_loss:0.08163099, rewards:-0.61111104, queue:0.6027778, delay:0.07953661, throughput:1707, raw_metrics:{'fairness': 0.0}
SIM_TRAIN step:109, travel time:33.80874635568513, q_loss:0.08025002, rewards:-0.5009259, queue:0.46944445, delay:0.07711445, throughput:1706, raw_metrics:{'fairness': 0.0}
REAL_TRAIN step:15, travel time:82.62558411214954, q_loss:100, rewards:-21.556126, queue:19.691668, delay:0.32512686, throughput:1676, R_real:-2.2156, components:{'queue': 0.18, 'delay': 0.325, 'waiting': 1.71, 'pressure': 0.0, 'switches': 0.0}, raw_metrics:{'fairness': 165.0, 'emission': 178.09, 'fuel': 57.735, 'emergency_stops': 0.0, 'collisions': 0.0, 'ssm_conflicts': 404.0}, bo;w=queue=1.0;delay=1.0;waiting=1.0
SIM_TRAIN step:110, travel time:84.94402332361516, q_loss:0.08988478, rewards:-0.82296246, queue:0.74722224, delay:0.10874621, throughput:1636, raw_metrics:{'fairness': 0.0}
SIM_TRAIN step:111, travel time:31.373177842565596, q_loss:0.097898, rewards:-0.5223147, queue:0.47777778, delay:0.08379607, throughput:1707, raw_metrics:{'fairness': 0.0}
SIM_TRAIN step:112, travel time:30.992419825072886, q_loss:0.10394968, rewards:-0.46666655, queue:0.42222223, delay:0.07746952, throughput:1707, raw_metrics:{'fairness': 0.0}
SIM_TRAIN step:113, travel time:35.88862973760933, q_loss:0.10779135, rewards:-0.72907394, queue:0.71944445, delay:0.092897914, throughput:1707, raw_metrics:{'fairness': 0.0}
SIM_TRAIN step:114, travel time:34.87172011661808, q_loss:0.099416256, rewards:-0.5686112, queue:0.53055555, delay:0.08190411, throughput:1706, raw_metrics:{'fairness': 0.0}
SIM_TRAIN step:115, travel time:33.307288629737606, q_loss:0.10108248, rewards:-0.54120374, queue:0.51111114, delay:0.08128906, throughput:1706, raw_metrics:{'fairness': 0.0}
REAL_TRAIN step:16, travel time:43.417492711370265, q_loss:100, rewards:-2.3740735, queue:2.0472221, delay:0.18301341, throughput:1704, R_real:-0.2275, components:{'queue': 0.02, 'delay': 0.183, 'waiting': 0.025, 'pressure': 0.0, 'switches': 0.0}, raw_metrics:{'fairness': 0.0, 'emission': 84.707, 'fuel': 27.461, 'emergency_stops': 3.0, 'collisions': 0.0, 'ssm_conflicts': 249.0}, bo;w=queue=1.0;delay=0.632;waiting=1.0;pressure=1.0
SIM_TRAIN step:116, travel time:33.31428571428572, q_loss:0.08229395, rewards:-0.62583345, queue:0.5833333, delay:0.08577046, throughput:1705, raw_metrics:{'fairness': 0.0}
SIM_TRAIN step:117, travel time:35.53119533527697, q_loss:0.08813964, rewards:-0.68259233, queue:0.625, delay:0.09442788, throughput:1706, raw_metrics:{'fairness': 0.0}
SIM_TRAIN step:118, travel time:36.72594752186589, q_loss:0.10028626, rewards:-0.5970369, queue:0.54444444, delay:0.08962282, throughput:1705, raw_metrics:{'fairness': 0.0}
SIM_TRAIN step:119, travel time:34.19241982507289, q_loss:0.10990749, rewards:-0.6025926, queue:0.5638889, delay:0.09081394, throughput:1706, raw_metrics:{'fairness': 0.0}
SIM_TRAIN step:120, travel time:31.49795918367347, q_loss:0.10810636, rewards:-0.6123149, queue:0.54444444, delay:0.08135712, throughput:1707, raw_metrics:{'fairness': 0.0}
SIM_TRAIN step:121, travel time:30.932361516034984, q_loss:0.12181405, rewards:-0.5518518, queue:0.5222222, delay:0.078071274, throughput:1707, raw_metrics:{'fairness': 0.0}
REAL_TRAIN step:17, travel time:39.440816326530616, q_loss:100, rewards:-1.9375, queue:1.6083333, delay:0.1786906, throughput:1705, R_real:-0.2068, components:{'queue': 0.017, 'delay': 0.179, 'waiting': 0.011, 'pressure': 0.0, 'switches': 0.0}, raw_metrics:{'fairness': 0.0, 'emission': 82.846, 'fuel': 26.857, 'emergency_stops': 6.0, 'collisions': 0.0, 'ssm_conflicts': 266.0}, bo;w=delay=0.247;waiting=1.0;pressure=1.0
SIM_TRAIN step:122, travel time:34.10495626822158, q_loss:0.12772249, rewards:-1.1699073, queue:1.0805556, delay:0.1034962, throughput:1707, raw_metrics:{'fairness': 0.0}
SIM_TRAIN step:123, travel time:35.23265306122449, q_loss:0.13554887, rewards:-0.7626851, queue:0.69722223, delay:0.09457193, throughput:1707, raw_metrics:{'fairness': 0.0}
SIM_TRAIN step:124, travel time:31.820408163265306, q_loss:0.12098574, rewards:-0.63046294, queue:0.5638889, delay:0.09140027, throughput:1707, raw_metrics:{'fairness': 0.0}
SIM_TRAIN step:125, travel time:30.74344023323615, q_loss:0.110695414, rewards:-0.5013889, queue:0.43333334, delay:0.0837158, throughput:1707, raw_metrics:{'fairness': 0.0}
SIM_TRAIN step:126, travel time:37.99825072886297, q_loss:0.10333468, rewards:-0.63870376, queue:0.575, delay:0.09971495, throughput:1705, raw_metrics:{'fairness': 0.0}
SIM_TRAIN step:127, travel time:43.38367346938775, q_loss:0.09821654, rewards:-1.0463889, queue:0.9361111, delay:0.115212135, throughput:1707, raw_metrics:{'fairness': 0.0}
REAL_TRAIN step:18, travel time:86.82840236686391, q_loss:100, rewards:-23.548698, queue:21.022223, delay:0.333284, throughput:1645, R_real:-2.1096, components:{'queue': 0.196, 'delay': 0.333, 'waiting': 1.58, 'pressure': 0.0, 'switches': 0.0}, raw_metrics:{'fairness': 178.0, 'emission': 185.051, 'fuel': 59.992, 'emergency_stops': 1.0, 'collisions': 0.0, 'ssm_conflicts': 410.0}, bo;w=queue=1.0;delay=0.606;waiting=1.0;pressure=0.501
SIM_TRAIN step:128, travel time:32.839650145772595, q_loss:0.0815951, rewards:-1.3457407, queue:1.2833333, delay:0.08659716, throughput:1707, raw_metrics:{'fairness': 0.0}
SIM_TRAIN step:129, travel time:42.97376093294461, q_loss:0.08676325, rewards:-0.74351805, queue:0.62222224, delay:0.100374974, throughput:1707, raw_metrics:{'fairness': 0.0}
SIM_TRAIN step:130, travel time:30.341690962099126, q_loss:0.082293175, rewards:-0.4435185, queue:0.41666666, delay:0.07457837, throughput:1707, raw_metrics:{'fairness': 0.0}
SIM_TRAIN step:131, travel time:32.40349854227405, q_loss:0.080518514, rewards:-0.624722, queue:0.55277777, delay:0.09285184, throughput:1707, raw_metrics:{'fairness': 0.0}
SIM_TRAIN step:132, travel time:30.816909620991254, q_loss:0.07648758, rewards:-0.42509267, queue:0.39166668, delay:0.07799674, throughput:1707, raw_metrics:{'fairness': 0.0}
SIM_TRAIN step:133, travel time:133.5259475218659, q_loss:0.07221789, rewards:-1.1616681, queue:0.96944445, delay:0.13880171, throughput:1600, raw_metrics:{'fairness': 0.0}
REAL_TRAIN step:19, travel time:147.27260273972604, q_loss:100, rewards:-34.16018, queue:32.13889, delay:0.3371266, throughput:1394, R_real:-7.1832, components:{'queue': 0.285, 'delay': 0.337, 'waiting': 6.562, 'pressure': 0.0, 'switches': 0.0}, raw_metrics:{'fairness': 0.0, 'emission': 237.21, 'fuel': 76.902, 'emergency_stops': 1.0, 'collisions': 0.0, 'ssm_conflicts': 251.0}, bo;w=queue=0.975;delay=0.859;waiting=1.0;switches=1.0
SIM_TRAIN step:134, travel time:38.31603498542274, q_loss:0.053930134, rewards:-0.55370355, queue:0.525, delay:0.08705756, throughput:1707, raw_metrics:{'fairness': 0.0}
SIM_TRAIN step:135, travel time:76.20408163265306, q_loss:0.057077006, rewards:-0.731481, queue:0.6472222, delay:0.10226509, throughput:1553, raw_metrics:{'fairness': 0.0}
SIM_TRAIN step:136, travel time:40.20466472303207, q_loss:0.04083697, rewards:-0.58453673, queue:0.53055555, delay:0.0873893, throughput:1706, raw_metrics:{'fairness': 0.0}
SIM_TRAIN step:137, travel time:40.29970845481049, q_loss:0.035513278, rewards:-0.59972197, queue:0.5555556, delay:0.087877706, throughput:1706, raw_metrics:{'fairness': 0.0}
SIM_TRAIN step:138, travel time:46.85597667638484, q_loss:0.033504996, rewards:-0.69870305, queue:0.64444447, delay:0.091495566, throughput:1679, raw_metrics:{'fairness': 0.0}
SIM_TRAIN step:139, travel time:32.19650145772595, q_loss:0.02989138, rewards:-0.75685203, queue:0.7222222, delay:0.083301775, throughput:1688, raw_metrics:{'fairness': 0.0}
REAL_TRAIN step:20, travel time:51.63374485596708, q_loss:100, rewards:-2.8870366, queue:2.4833333, delay:0.22398378, throughput:1650, R_real:-0.3294, components:{'queue': 0.024, 'delay': 0.224, 'waiting': 0.081, 'pressure': 0.0, 'switches': 0.0}, raw_metrics:{'fairness': 0.0, 'emission': 86.431, 'fuel': 28.02, 'emergency_stops': 3.0, 'collisions': 0.0, 'ssm_conflicts': 277.0}, bo;w=delay=0.642
SIM_TRAIN step:140, travel time:334.4588921282799, q_loss:0.03495693, rewards:-1.34889, queue:1.1555556, delay:0.15209465, throughput:1524, raw_metrics:{'fairness': 0.0}
SIM_TRAIN step:141, travel time:31.631486880466472, q_loss:0.042500682, rewards:-0.4572222, queue:0.425, delay:0.08296327, throughput:1707, raw_metrics:{'fairness': 0.0}
SIM_TRAIN step:142, travel time:37.08163265306123, q_loss:0.04167886, rewards:-0.83055496, queue:0.8138889, delay:0.09622443, throughput:1706, raw_metrics:{'fairness': 0.0}
SIM_TRAIN step:143, travel time:30.76326530612245, q_loss:0.041697115, rewards:-0.5817592, queue:0.5638889, delay:0.08388292, throughput:1707, raw_metrics:{'fairness': 0.0}
SIM_TRAIN step:144, travel time:31.366180758017492, q_loss:0.04223944, rewards:-0.6182409, queue:0.62222224, delay:0.076542735, throughput:1707, raw_metrics:{'fairness': 0.0}
SIM_TRAIN step:145, travel time:30.59591836734694, q_loss:0.04260932, rewards:-0.52657413, queue:0.51666665, delay:0.07315518, throughput:1707, raw_metrics:{'fairness': 0.0}
REAL_TRAIN step:21, travel time:37.48454810495627, q_loss:100, rewards:-1.8506478, queue:1.6444445, delay:0.15604684, throughput:1703, R_real:-0.1840, components:{'queue': 0.015, 'delay': 0.156, 'waiting': 0.012, 'pressure': 0.0, 'switches': 0.0}, raw_metrics:{'fairness': 0.0, 'emission': 82.735, 'fuel': 26.822, 'emergency_stops': 1.0, 'collisions': 0.0, 'ssm_conflicts': 255.0}, bo;w=delay=1.0;waiting=1.0;pressure=0.66
SIM_TRAIN step:146, travel time:33.133527696793, q_loss:0.04118299, rewards:-0.4728703, queue:0.5, delay:0.07877527, throughput:1707, raw_metrics:{'fairness': 0.0}
SIM_TRAIN step:147, travel time:31.94927113702624, q_loss:0.052494366, rewards:-0.5897223, queue:0.5694444, delay:0.07745829, throughput:1707, raw_metrics:{'fairness': 0.0}
SIM_TRAIN step:148, travel time:30.335860058309038, q_loss:0.06005942, rewards:-0.42583334, queue:0.43333334, delay:0.07222547, throughput:1705, raw_metrics:{'fairness': 0.0}
SIM_TRAIN step:149, travel time:30.93002915451895, q_loss:0.06445355, rewards:-0.50509244, queue:0.49444443, delay:0.07928856, throughput:1706, raw_metrics:{'fairness': 0.0}
SIM_TRAIN step:150, travel time:32.075218658892126, q_loss:0.07897847, rewards:-0.6126851, queue:0.59444445, delay:0.081218384, throughput:1707, raw_metrics:{'fairness': 0.0}
SIM_TRAIN step:151, travel time:31.857142857142858, q_loss:0.08957757, rewards:-0.6658332, queue:0.6166667, delay:0.087756515, throughput:1707, raw_metrics:{'fairness': 0.0}
REAL_TRAIN step:22, travel time:44.967930029154516, q_loss:100, rewards:-2.101203, queue:1.7638888, delay:0.182555, throughput:1702, R_real:-0.2248, components:{'queue': 0.018, 'delay': 0.183, 'waiting': 0.025, 'pressure': 0.0, 'switches': 0.0}, raw_metrics:{'fairness': 0.0, 'emission': 82.762, 'fuel': 26.83, 'emergency_stops': 2.0, 'collisions': 0.0, 'ssm_conflicts': 219.0}, bo;w=queue=1.0;delay=1.0;waiting=1.0;pressure=1.0
SIM_TRAIN step:152, travel time:32.17259475218659, q_loss:0.09789379, rewards:-0.7017591, queue:0.65555555, delay:0.08591435, throughput:1706, raw_metrics:{'fairness': 0.0}
SIM_TRAIN step:153, travel time:31.191836734693876, q_loss:0.11626249, rewards:-0.5952776, queue:0.51944447, delay:0.08430083, throughput:1706, raw_metrics:{'fairness': 0.0}
SIM_TRAIN step:154, travel time:41.927696793002916, q_loss:0.117997825, rewards:-0.8171297, queue:0.71944445, delay:0.102716014, throughput:1707, raw_metrics:{'fairness': 0.0}
SIM_TRAIN step:155, travel time:31.14927113702624, q_loss:0.1311723, rewards:-0.6182408, queue:0.5833333, delay:0.082489654, throughput:1705, raw_metrics:{'fairness': 0.0}
SIM_TRAIN step:156, travel time:31.058892128279883, q_loss:0.12167022, rewards:-0.49361122, queue:0.45555556, delay:0.08042924, throughput:1707, raw_metrics:{'fairness': 0.0}
SIM_TRAIN step:157, travel time:31.33061224489796, q_loss:0.1266713, rewards:-0.48212972, queue:0.43333334, delay:0.07863311, throughput:1707, raw_metrics:{'fairness': 0.0}
REAL_TRAIN step:23, travel time:53.35743440233236, q_loss:100, rewards:-7.1365795, queue:5.8444443, delay:0.273702, throughput:1702, R_real:-0.5724, components:{'queue': 0.06, 'delay': 0.274, 'waiting': 0.238, 'pressure': 0.0, 'switches': 0.0}, raw_metrics:{'fairness': 0.0, 'emission': 106.115, 'fuel': 34.401, 'emergency_stops': 6.0, 'collisions': 0.0, 'ssm_conflicts': 274.0}, bo;w=delay=0.737;pressure=1.0
SIM_TRAIN step:158, travel time:34.96093294460641, q_loss:0.13421251, rewards:-0.5955556, queue:0.575, delay:0.090602115, throughput:1705, raw_metrics:{'fairness': 0.0}
SIM_TRAIN step:159, travel time:32.80524781341108, q_loss:0.14709662, rewards:-0.54555553, queue:0.49166667, delay:0.08471827, throughput:1707, raw_metrics:{'fairness': 0.0}
SIM_TRAIN step:160, travel time:34.94169096209912, q_loss:0.14187288, rewards:-0.62009263, queue:0.57222223, delay:0.08498748, throughput:1707, raw_metrics:{'fairness': 0.0}
SIM_TRAIN step:161, travel time:34.71895043731779, q_loss:0.1410388, rewards:-0.6175924, queue:0.525, delay:0.090473495, throughput:1707, raw_metrics:{'fairness': 0.0}
SIM_TRAIN step:162, travel time:41.01457725947522, q_loss:0.15074907, rewards:-0.77898127, queue:0.7, delay:0.10107407, throughput:1707, raw_metrics:{'fairness': 0.0}
SIM_TRAIN step:163, travel time:32.263556851311954, q_loss:0.14689396, rewards:-0.74064815, queue:0.69166666, delay:0.09098257, throughput:1707, raw_metrics:{'fairness': 0.0}
REAL_TRAIN step:24, travel time:44.99588235294117, q_loss:100, rewards:-3.6639812, queue:2.9805555, delay:0.20707531, throughput:1661, R_real:-0.3329, components:{'queue': 0.031, 'delay': 0.207, 'waiting': 0.094, 'pressure': 0.0, 'switches': 0.0}, raw_metrics:{'fairness': 176.0, 'emission': 87.791, 'fuel': 28.461, 'emergency_stops': 2.0, 'collisions': 0.0, 'ssm_conflicts': 225.0}, bo;w=delay=0.542;waiting=1.0;pressure=1.0
SIM_TRAIN step:164, travel time:31.518950437317784, q_loss:0.12833536, rewards:-0.5598147, queue:0.5277778, delay:0.07971308, throughput:1707, raw_metrics:{'fairness': 0.0}
SIM_TRAIN step:165, travel time:34.21399416909621, q_loss:0.13689412, rewards:-0.5452777, queue:0.5, delay:0.08723518, throughput:1707, raw_metrics:{'fairness': 0.0}
SIM_TRAIN step:166, travel time:30.90320699708455, q_loss:0.12071471, rewards:-0.46305567, queue:0.45833334, delay:0.080873944, throughput:1707, raw_metrics:{'fairness': 0.0}
SIM_TRAIN step:167, travel time:32.988338192419825, q_loss:0.113820754, rewards:-0.5571297, queue:0.5138889, delay:0.08756451, throughput:1707, raw_metrics:{'fairness': 0.0}
SIM_TRAIN step:168, travel time:31.157434402332363, q_loss:0.1042294, rewards:-0.5343519, queue:0.48333332, delay:0.081813596, throughput:1707, raw_metrics:{'fairness': 0.0}
SIM_TRAIN step:169, travel time:31.84198250728863, q_loss:0.100174695, rewards:-0.48675928, queue:0.46666667, delay:0.08279853, throughput:1707, raw_metrics:{'fairness': 0.0}
REAL_TRAIN step:25, travel time:83.0633484162896, q_loss:100, rewards:-24.376759, queue:21.216667, delay:0.33470765, throughput:1488, R_real:-2.7755, components:{'queue': 0.204, 'delay': 0.335, 'waiting': 2.237, 'pressure': 0.0, 'switches': 0.0}, raw_metrics:{'fairness': 315.0, 'emission': 180.167, 'fuel': 58.408, 'emergency_stops': 2.0, 'collisions': 0.0, 'ssm_conflicts': 509.0}, bo;w=queue=1.0;delay=0.331;waiting=1.0;pressure=0.438
SIM_TRAIN step:170, travel time:30.932944606413994, q_loss:0.07922734, rewards:-0.43268508, queue:0.40555555, delay:0.07542497, throughput:1707, raw_metrics:{'fairness': 0.0}
SIM_TRAIN step:171, travel time:32.19183673469388, q_loss:0.08463046, rewards:-0.5400927, queue:0.5083333, delay:0.080778, throughput:1707, raw_metrics:{'fairness': 0.0}
SIM_TRAIN step:172, travel time:30.853644314868806, q_loss:0.08413248, rewards:-0.45583332, queue:0.41944444, delay:0.07866749, throughput:1707, raw_metrics:{'fairness': 0.0}
SIM_TRAIN step:173, travel time:30.77259475218659, q_loss:0.09457764, rewards:-0.581111, queue:0.5361111, delay:0.07951533, throughput:1707, raw_metrics:{'fairness': 0.0}
SIM_TRAIN step:174, travel time:30.542274052478135, q_loss:0.085608274, rewards:-0.4726852, queue:0.42777777, delay:0.07585629, throughput:1707, raw_metrics:{'fairness': 0.0}
SIM_TRAIN step:175, travel time:30.322448979591837, q_loss:0.091722645, rewards:-0.41287044, queue:0.3888889, delay:0.07573884, throughput:1707, raw_metrics:{'fairness': 0.0}
REAL_TRAIN step:26, travel time:42.67696793002916, q_loss:100, rewards:-2.9384258, queue:2.3611112, delay:0.18757373, throughput:1703, R_real:-0.2499, components:{'queue': 0.025, 'delay': 0.188, 'waiting': 0.038, 'pressure': 0.0, 'switches': 0.0}, raw_metrics:{'fairness': 0.0, 'emission': 86.245, 'fuel': 27.959, 'emergency_stops': 1.0, 'collisions': 0.0, 'ssm_conflicts': 250.0}, bo;w=delay=0.953;pressure=1.0;switches=0.275
SIM_TRAIN step:176, travel time:35.992419825072886, q_loss:0.077915676, rewards:-0.52425885, queue:0.4611111, delay:0.085625775, throughput:1706, raw_metrics:{'fairness': 0.0}
SIM_TRAIN step:177, travel time:34.08746355685131, q_loss:0.07805573, rewards:-0.51222205, queue:0.45, delay:0.08354208, throughput:1707, raw_metrics:{'fairness': 0.0}
SIM_TRAIN step:178, travel time:41.67638483965015, q_loss:0.06412194, rewards:-0.6275001, queue:0.56666666, delay:0.09275698, throughput:1706, raw_metrics:{'fairness': 0.0}
SIM_TRAIN step:179, travel time:31.318950437317785, q_loss:0.057161935, rewards:-0.53537023, queue:0.50555557, delay:0.08501417, throughput:1688, raw_metrics:{'fairness': 0.0}
SIM_TRAIN step:180, travel time:230.5463556851312, q_loss:0.0601481, rewards:-1.3262974, queue:1.1, delay:0.13999632, throughput:1441, raw_metrics:{'fairness': 0.0}
SIM_TRAIN step:181, travel time:245.69212827988338, q_loss:0.05277664, rewards:-1.2288908, queue:1.0222223, delay:0.13853772, throughput:1398, raw_metrics:{'fairness': 0.0}
REAL_TRAIN step:27, travel time:158.18524727577537, q_loss:100, rewards:-3.0107439, queue:2.3833334, delay:0.28350767, throughput:1138, R_real:-2.0143, components:{'queue': 0.025, 'delay': 0.284, 'waiting': 1.706, 'pressure': 0.0, 'switches': 0.0}, raw_metrics:{'fairness': 0.0, 'emission': 71.737, 'fuel': 23.256, 'emergency_stops': 0.0, 'collisions': 0.0, 'ssm_conflicts': 120.0}, bo;w=delay=0.465
SIM_TRAIN step:182, travel time:314.6705539358601, q_loss:0.055133566, rewards:-1.2727801, queue:1.0138888, delay:0.15331039, throughput:1347, raw_metrics:{'fairness': 0.0}
SIM_TRAIN step:183, travel time:212.7679300291545, q_loss:0.0562574, rewards:-1.2100946, queue:0.98888886, delay:0.13995034, throughput:1414, raw_metrics:{'fairness': 0.0}
SIM_TRAIN step:184, travel time:414.5113702623907, q_loss:0.064260855, rewards:-1.4539828, queue:1.1833333, delay:0.15656117, throughput:1314, raw_metrics:{'fairness': 0.0}
SIM_TRAIN step:185, travel time:334.35685131195333, q_loss:0.061134867, rewards:-1.4908335, queue:1.2333333, delay:0.15442948, throughput:1470, raw_metrics:{'fairness': 0.0}
SIM_TRAIN step:186, travel time:250.11661807580174, q_loss:0.06620113, rewards:-1.3533353, queue:1.1666666, delay:0.15469542, throughput:1540, raw_metrics:{'fairness': 0.0}
SIM_TRAIN step:187, travel time:39.78950437317784, q_loss:0.06958405, rewards:-0.74296296, queue:0.6666667, delay:0.09587709, throughput:1702, raw_metrics:{'fairness': 0.0}
REAL_TRAIN step:28, travel time:158.18524727577537, q_loss:100, rewards:-3.0107439, queue:2.3833334, delay:0.28350767, throughput:1138, R_real:-2.0143, components:{'queue': 0.025, 'delay': 0.284, 'waiting': 1.706, 'pressure': 0.0, 'switches': 0.0}, raw_metrics:{'fairness': 0.0, 'emission': 71.737, 'fuel': 23.256, 'emergency_stops': 0.0, 'collisions': 0.0, 'ssm_conflicts': 120.0}, bo;w=delay=0.703;waiting=0.017;pressure=0.497;switches=1.0
SIM_TRAIN step:188, travel time:51.583090379008745, q_loss:0.062059984, rewards:-0.56916636, queue:0.53333336, delay:0.08993919, throughput:1706, raw_metrics:{'fairness': 0.0}
SIM_TRAIN step:189, travel time:42.029737609329445, q_loss:0.06249575, rewards:-0.71805537, queue:0.6888889, delay:0.09131245, throughput:1706, raw_metrics:{'fairness': 0.0}
SIM_TRAIN step:190, travel time:58.25014577259475, q_loss:0.057556707, rewards:-0.8300002, queue:0.7416667, delay:0.1101798, throughput:1683, raw_metrics:{'fairness': 0.0}
SIM_TRAIN step:191, travel time:65.81049562682216, q_loss:0.061289057, rewards:-0.6627772, queue:0.59444445, delay:0.09176758, throughput:1650, raw_metrics:{'fairness': 0.0}
SIM_TRAIN step:192, travel time:44.82798833819242, q_loss:0.05429046, rewards:-0.90851855, queue:0.85, delay:0.104122296, throughput:1702, raw_metrics:{'fairness': 0.0}
SIM_TRAIN step:193, travel time:185.28571428571428, q_loss:0.05042425, rewards:-1.4278718, queue:1.2416667, delay:0.15175208, throughput:1500, raw_metrics:{'fairness': 0.0}
REAL_TRAIN step:29, travel time:158.18524727577537, q_loss:100, rewards:-3.0107439, queue:2.3833334, delay:0.28350767, throughput:1138, R_real:-2.0143, components:{'queue': 0.025, 'delay': 0.284, 'waiting': 1.706, 'pressure': 0.0, 'switches': 0.0}, raw_metrics:{'fairness': 0.0, 'emission': 71.737, 'fuel': 23.256, 'emergency_stops': 0.0, 'collisions': 0.0, 'ssm_conflicts': 120.0}, bo;w=queue=0.022;delay=0.239;switches=0.908
SIM_TRAIN step:194, travel time:351.333527696793, q_loss:0.044730715, rewards:-1.3344464, queue:1.0916667, delay:0.1527403, throughput:1392, raw_metrics:{'fairness': 0.0}
SIM_TRAIN step:195, travel time:126.37121212121212, q_loss:0.054833625, rewards:-1.2970384, queue:1.1416667, delay:0.13435055, throughput:1619, raw_metrics:{'fairness': 0.0}
SIM_TRAIN step:196, travel time:36.12186588921283, q_loss:0.0617154, rewards:-0.6014812, queue:0.5694444, delay:0.087427564, throughput:1707, raw_metrics:{'fairness': 0.0}
SIM_TRAIN step:197, travel time:275.1387755102041, q_loss:0.067774, rewards:-1.4442607, queue:1.2055556, delay:0.15623736, throughput:1512, raw_metrics:{'fairness': 0.0}
SIM_TRAIN step:198, travel time:104.42274052478135, q_loss:0.08478296, rewards:-1.3435196, queue:1.1611111, delay:0.13745856, throughput:1571, raw_metrics:{'fairness': 0.0}
SIM_TRAIN step:199, travel time:183.01516034985423, q_loss:0.089353815, rewards:-1.1959267, queue:1.0222223, delay:0.13525419, throughput:1551, raw_metrics:{'fairness': 0.0}
REAL_TRAIN step:30, travel time:158.18524727577537, q_loss:100, rewards:-3.0107439, queue:2.3833334, delay:0.28350767, throughput:1138, R_real:-2.0143, components:{'queue': 0.025, 'delay': 0.284, 'waiting': 1.706, 'pressure': 0.0, 'switches': 0.0}, raw_metrics:{'fairness': 0.0, 'emission': 71.737, 'fuel': 23.256, 'emergency_stops': 0.0, 'collisions': 0.0, 'ssm_conflicts': 120.0}, bo;w=queue=0.627;delay=0.511;pressure=1.0;switches=1.0
SIM_TRAIN step:200, travel time:499.92478134110786, q_loss:0.09611458, rewards:-1.5301867, queue:1.2972223, delay:0.17050147, throughput:1367, raw_metrics:{'fairness': 0.0}
SIM_TRAIN step:201, travel time:149.63148688046647, q_loss:0.10695714, rewards:-1.354631, queue:1.15, delay:0.14872736, throughput:1547, raw_metrics:{'fairness': 0.0}
SIM_TRAIN step:202, travel time:86.97842565597668, q_loss:0.11614952, rewards:-1.0263904, queue:0.90555555, delay:0.12374648, throughput:1555, raw_metrics:{'fairness': 0.0}
SIM_TRAIN step:203, travel time:144.26180758017492, q_loss:0.12672785, rewards:-1.1613903, queue:0.9861111, delay:0.1368576, throughput:1509, raw_metrics:{'fairness': 0.0}
SIM_TRAIN step:204, travel time:196.14169096209912, q_loss:0.15029274, rewards:-1.2254646, queue:1.0361111, delay:0.13926984, throughput:1466, raw_metrics:{'fairness': 0.0}
SIM_TRAIN step:205, travel time:105.21457725947522, q_loss:0.16393854, rewards:-1.0992599, queue:0.9361111, delay:0.13347742, throughput:1629, raw_metrics:{'fairness': 0.0}
REAL_TRAIN step:31, travel time:151.2263993316625, q_loss:100, rewards:-3.0513902, queue:2.4277778, delay:0.28375894, throughput:1144, R_real:-1.8899, components:{'queue': 0.025, 'delay': 0.284, 'waiting': 1.581, 'pressure': 0.0, 'switches': 0.0}, raw_metrics:{'fairness': 0.0, 'emission': 72.135, 'fuel': 23.385, 'emergency_stops': 0.0, 'collisions': 0.0, 'ssm_conflicts': 124.0}, bo;w=queue=0.003;delay=0.246;waiting=0.042;pressure=1.0
SIM_TRAIN step:206, travel time:72.199416909621, q_loss:0.17822473, rewards:-0.83083344, queue:0.76111114, delay:0.10950362, throughput:1706, raw_metrics:{'fairness': 0.0}
SIM_TRAIN step:207, travel time:66.07463556851312, q_loss:0.20705786, rewards:-0.829629, queue:0.7111111, delay:0.10747639, throughput:1694, raw_metrics:{'fairness': 0.0}
SIM_TRAIN step:208, travel time:151.26239067055394, q_loss:0.18096803, rewards:-1.0239819, queue:0.8388889, delay:0.12722734, throughput:1516, raw_metrics:{'fairness': 0.0}
SIM_TRAIN step:209, travel time:169.09795918367348, q_loss:0.17985503, rewards:-1.0478711, queue:0.90833336, delay:0.13336216, throughput:1662, raw_metrics:{'fairness': 0.0}
SIM_TRAIN step:210, travel time:164.5935860058309, q_loss:0.18562014, rewards:-1.2707418, queue:1.0777777, delay:0.14180219, throughput:1506, raw_metrics:{'fairness': 0.0}
SIM_TRAIN step:211, travel time:91.0932944606414, q_loss:0.1791473, rewards:-0.9484261, queue:0.8111111, delay:0.11831328, throughput:1626, raw_metrics:{'fairness': 0.0}
REAL_TRAIN step:32, travel time:158.18524727577537, q_loss:100, rewards:-3.0107439, queue:2.3833334, delay:0.28350767, throughput:1138, R_real:-2.0143, components:{'queue': 0.025, 'delay': 0.284, 'waiting': 1.706, 'pressure': 0.0, 'switches': 0.0}, raw_metrics:{'fairness': 0.0, 'emission': 71.737, 'fuel': 23.256, 'emergency_stops': 0.0, 'collisions': 0.0, 'ssm_conflicts': 120.0}, bo;w=queue=0.654;delay=0.229;waiting=1.0;pressure=1.0;switches=0.714
SIM_TRAIN step:212, travel time:93.48746355685131, q_loss:0.19924346, rewards:-1.0796298, queue:0.9527778, delay:0.12818646, throughput:1706, raw_metrics:{'fairness': 0.0}
SIM_TRAIN step:213, travel time:48.452478134110784, q_loss:0.19148564, rewards:-0.85527766, queue:0.76111114, delay:0.105959244, throughput:1707, raw_metrics:{'fairness': 0.0}
SIM_TRAIN step:214, travel time:158.16559766763848, q_loss:0.17833163, rewards:-1.1122233, queue:0.92777777, delay:0.13712287, throughput:1498, raw_metrics:{'fairness': 0.0}
SIM_TRAIN step:215, travel time:42.46620046620047, q_loss:0.19019678, rewards:-0.74037004, queue:0.67777777, delay:0.09571104, throughput:1675, raw_metrics:{'fairness': 0.0}
SIM_TRAIN step:216, travel time:33.821574344023325, q_loss:0.17868026, rewards:-0.4710186, queue:0.44722223, delay:0.079256095, throughput:1707, raw_metrics:{'fairness': 0.0}
SIM_TRAIN step:217, travel time:60.670553935860056, q_loss:0.19894335, rewards:-0.9592596, queue:0.87222224, delay:0.10841816, throughput:1636, raw_metrics:{'fairness': 0.0}
REAL_TRAIN step:33, travel time:158.18524727577537, q_loss:100, rewards:-3.0107439, queue:2.3833334, delay:0.28350767, throughput:1138, R_real:-2.0143, components:{'queue': 0.025, 'delay': 0.284, 'waiting': 1.706, 'pressure': 0.0, 'switches': 0.0}, raw_metrics:{'fairness': 0.0, 'emission': 71.737, 'fuel': 23.256, 'emergency_stops': 0.0, 'collisions': 0.0, 'ssm_conflicts': 120.0}, bo;w=delay=0.97;waiting=1.0;pressure=1.0;switches=1.0
SIM_TRAIN step:218, travel time:419.98134110787174, q_loss:0.20862977, rewards:-1.3689839, queue:1.1416667, delay:0.15492566, throughput:1327, raw_metrics:{'fairness': 0.0}
SIM_TRAIN step:219, travel time:278.2798833819242, q_loss:0.20119467, rewards:-1.4318547, queue:1.1916667, delay:0.1561, throughput:1390, raw_metrics:{'fairness': 0.0}
SIM_TRAIN step:220, travel time:305.17259475218657, q_loss:0.20125012, rewards:-1.2022231, queue:0.95, delay:0.14626163, throughput:1495, raw_metrics:{'fairness': 0.0}
SIM_TRAIN step:221, travel time:66.199416909621, q_loss:0.19325604, rewards:-0.7711106, queue:0.6666667, delay:0.11172815, throughput:1703, raw_metrics:{'fairness': 0.0}
SIM_TRAIN step:222, travel time:64.96559766763849, q_loss:0.21425247, rewards:-0.7857405, queue:0.7027778, delay:0.10965539, throughput:1706, raw_metrics:{'fairness': 0.0}
SIM_TRAIN step:223, travel time:43.30204081632653, q_loss:0.18758824, rewards:-0.6522219, queue:0.60555553, delay:0.09388602, throughput:1707, raw_metrics:{'fairness': 0.0}
REAL_TRAIN step:34, travel time:50.0600583090379, q_loss:100, rewards:-4.3745365, queue:3.5444446, delay:0.21786259, throughput:1702, R_real:-0.3311, components:{'queue': 0.037, 'delay': 0.218, 'waiting': 0.076, 'pressure': 0.0, 'switches': 0.0}, raw_metrics:{'fairness': 0.0, 'emission': 92.298, 'fuel': 29.922, 'emergency_stops': 0.0, 'collisions': 0.0, 'ssm_conflicts': 235.0}, bo;w=delay=0.765;pressure=1.0
SIM_TRAIN step:224, travel time:47.668804664723034, q_loss:0.20377505, rewards:-0.8743519, queue:0.7888889, delay:0.10490688, throughput:1706, raw_metrics:{'fairness': 0.0}
SIM_TRAIN step:225, travel time:41.56851311953353, q_loss:0.19407493, rewards:-0.7329626, queue:0.70555556, delay:0.09465612, throughput:1706, raw_metrics:{'fairness': 0.0}
SIM_TRAIN step:226, travel time:37.881049562682215, q_loss:0.18381992, rewards:-0.63398135, queue:0.59166664, delay:0.08419667, throughput:1707, raw_metrics:{'fairness': 0.0}
SIM_TRAIN step:227, travel time:34.072303206997084, q_loss:0.19129092, rewards:-0.67509264, queue:0.63611114, delay:0.08407682, throughput:1707, raw_metrics:{'fairness': 0.0}
SIM_TRAIN step:228, travel time:35.970845481049565, q_loss:0.20326263, rewards:-0.53537, queue:0.475, delay:0.08382307, throughput:1706, raw_metrics:{'fairness': 0.0}
SIM_TRAIN step:229, travel time:41.55801749271137, q_loss:0.17161791, rewards:-0.76777744, queue:0.6638889, delay:0.09700196, throughput:1707, raw_metrics:{'fairness': 0.0}
REAL_TRAIN step:35, travel time:44.42740524781341, q_loss:100, rewards:-3.20287, queue:2.4805555, delay:0.20727581, throughput:1697, R_real:-0.2680, components:{'queue': 0.027, 'delay': 0.207, 'waiting': 0.034, 'pressure': 0.0, 'switches': 0.0}, raw_metrics:{'fairness': 0.0, 'emission': 87.145, 'fuel': 28.251, 'emergency_stops': 5.0, 'collisions': 0.0, 'ssm_conflicts': 243.0}, bo;w=queue=1.0;delay=0.42;waiting=1.0;pressure=1.0
SIM_TRAIN step:230, travel time:37.02623906705539, q_loss:0.17780973, rewards:-0.973426, queue:0.8611111, delay:0.098851554, throughput:1706, raw_metrics:{'fairness': 0.0}
SIM_TRAIN step:231, travel time:31.19416909620991, q_loss:0.16957322, rewards:-0.5567591, queue:0.54444444, delay:0.079397574, throughput:1707, raw_metrics:{'fairness': 0.0}
SIM_TRAIN step:232, travel time:32.99475218658892, q_loss:0.1642577, rewards:-0.6230555, queue:0.56666666, delay:0.08600331, throughput:1707, raw_metrics:{'fairness': 0.0}
SIM_TRAIN step:233, travel time:34.27521865889213, q_loss:0.16669399, rewards:-0.49342597, queue:0.45, delay:0.08180489, throughput:1707, raw_metrics:{'fairness': 0.0}
SIM_TRAIN step:234, travel time:31.713119533527696, q_loss:0.16122364, rewards:-0.5253703, queue:0.4722222, delay:0.080400154, throughput:1707, raw_metrics:{'fairness': 0.0}
SIM_TRAIN step:235, travel time:32.14810495626822, q_loss:0.15941508, rewards:-0.62481475, queue:0.5861111, delay:0.08327841, throughput:1707, raw_metrics:{'fairness': 0.0}
REAL_TRAIN step:36, travel time:43.27871720116618, q_loss:100, rewards:-1.8125931, queue:1.5138888, delay:0.17281379, throughput:1702, R_real:-0.2084, components:{'queue': 0.015, 'delay': 0.173, 'waiting': 0.021, 'pressure': 0.0, 'switches': 0.0}, raw_metrics:{'fairness': 0.0, 'emission': 81.616, 'fuel': 26.459, 'emergency_stops': 3.0, 'collisions': 0.0, 'ssm_conflicts': 192.0}, bo;w=queue=1.0;delay=0.66;waiting=1.0;pressure=1.0
SIM_TRAIN step:236, travel time:378.23790087463556, q_loss:0.11645325, rewards:-45.831207, queue:45.9, delay:0.23624861, throughput:1324, raw_metrics:{'fairness': 0.0}
SIM_TRAIN step:237, travel time:410.931778425656, q_loss:0.06964214, rewards:-48.471024, queue:48.538887, delay:0.25344667, throughput:1309, raw_metrics:{'fairness': 0.0}
SIM_TRAIN step:238, travel time:587.2093294460641, q_loss:0.043162245, rewards:-54.780567, queue:54.858334, delay:0.27720624, throughput:1188, raw_metrics:{'fairness': 0.0}
SIM_TRAIN step:239, travel time:380.94868804664725, q_loss:0.031851757, rewards:-48.542225, queue:48.59722, delay:0.25834647, throughput:1316, raw_metrics:{'fairness': 0.0}
SIM_TRAIN step:240, travel time:443.70087463556854, q_loss:0.02510606, rewards:-50.911854, queue:50.988888, delay:0.2743372, throughput:1317, raw_metrics:{'fairness': 0.0}
SIM_TRAIN step:241, travel time:459.17725947521865, q_loss:0.021619977, rewards:-51.43963, queue:51.480556, delay:0.2776107, throughput:1343, raw_metrics:{'fairness': 0.0}
REAL_TRAIN step:37, travel time:450.13370473537606, q_loss:100, rewards:-88.86253, queue:83.42778, delay:0.47423843, throughput:624, R_real:-66.0318, components:{'queue': 0.742, 'delay': 0.474, 'waiting': 64.816, 'pressure': 0.0, 'switches': 0.0}, raw_metrics:{'fairness': 0.0, 'emission': 472.09, 'fuel': 153.049, 'emergency_stops': 0.0, 'collisions': 0.0, 'ssm_conflicts': 79.0}, bo;w=delay=0.311;switches=1.0
SIM_TRAIN step:242, travel time:328.5276967930029, q_loss:0.25392747, rewards:-44.79732, queue:44.891666, delay:0.25157377, throughput:1388, raw_metrics:{'fairness': 0.0}
SIM_TRAIN step:243, travel time:116.29854227405248, q_loss:0.6552861, rewards:-15.529098, queue:15.422222, delay:0.18621916, throughput:1701, raw_metrics:{'fairness': 0.0}
SIM_TRAIN step:244, travel time:160.16501457725948, q_loss:0.66301423, rewards:-1.1824082, queue:1.0277778, delay:0.13975751, throughput:1570, raw_metrics:{'fairness': 0.0}
SIM_TRAIN step:245, travel time:30.47813411078717, q_loss:0.6730255, rewards:-0.41027778, queue:0.4027778, delay:0.072244175, throughput:1707, raw_metrics:{'fairness': 0.0}
SIM_TRAIN step:246, travel time:112.05131195335277, q_loss:0.62900203, rewards:-0.90879655, queue:0.7777778, delay:0.12261619, throughput:1612, raw_metrics:{'fairness': 0.0}
SIM_TRAIN step:247, travel time:219.57084548104956, q_loss:0.67895997, rewards:-1.1841675, queue:0.9861111, delay:0.1391971, throughput:1450, raw_metrics:{'fairness': 0.0}
REAL_TRAIN step:38, travel time:158.18524727577537, q_loss:100, rewards:-3.0107439, queue:2.3833334, delay:0.28350767, throughput:1138, R_real:-2.0143, components:{'queue': 0.025, 'delay': 0.284, 'waiting': 1.706, 'pressure': 0.0, 'switches': 0.0}, raw_metrics:{'fairness': 0.0, 'emission': 71.737, 'fuel': 23.256, 'emergency_stops': 0.0, 'collisions': 0.0, 'ssm_conflicts': 120.0}, bo;w=delay=0.871;waiting=0.077;pressure=0.766;switches=1.0
SIM_TRAIN step:248, travel time:95.16967930029155, q_loss:0.6888453, rewards:-22.738518, queue:22.722221, delay:0.20972429, throughput:1693, raw_metrics:{'fairness': 0.0}
SIM_TRAIN step:249, travel time:272.2395104895105, q_loss:0.7343587, rewards:-2.6035118, queue:2.3833334, delay:0.15722643, throughput:1418, raw_metrics:{'fairness': 0.0}
SIM_TRAIN step:250, travel time:352.6215743440233, q_loss:0.69147176, rewards:-1.5380561, queue:1.2888889, delay:0.15635145, throughput:1363, raw_metrics:{'fairness': 0.0}
SIM_TRAIN step:251, travel time:206.75801749271136, q_loss:0.6504515, rewards:-1.2514833, queue:1.0444444, delay:0.14697799, throughput:1419, raw_metrics:{'fairness': 0.0}
SIM_TRAIN step:252, travel time:86.90204081632653, q_loss:0.6291151, rewards:-1.0179641, queue:0.8972222, delay:0.104586706, throughput:1533, raw_metrics:{'fairness': 0.0}
SIM_TRAIN step:253, travel time:436.59067055393587, q_loss:0.5582112, rewards:-1.37278, queue:1.1305555, delay:0.1562796, throughput:1306, raw_metrics:{'fairness': 0.0}
REAL_TRAIN step:39, travel time:158.18524727577537, q_loss:100, rewards:-3.0107439, queue:2.3833334, delay:0.28350767, throughput:1138, R_real:-2.0143, components:{'queue': 0.025, 'delay': 0.284, 'waiting': 1.706, 'pressure': 0.0, 'switches': 0.0}, raw_metrics:{'fairness': 0.0, 'emission': 71.737, 'fuel': 23.256, 'emergency_stops': 0.0, 'collisions': 0.0, 'ssm_conflicts': 120.0}, bo;w=queue=0.6;delay=0.428;waiting=0.253;pressure=0.541;switches=0.322
SIM_TRAIN step:254, travel time:99.28862973760933, q_loss:0.49939284, rewards:-1.0870384, queue:0.9027778, delay:0.13083449, throughput:1601, raw_metrics:{'fairness': 0.0}
SIM_TRAIN step:255, travel time:46.27172011661808, q_loss:0.33046845, rewards:-0.57425886, queue:0.51944447, delay:0.08451842, throughput:1707, raw_metrics:{'fairness': 0.0}
SIM_TRAIN step:256, travel time:32.89795918367347, q_loss:0.16537072, rewards:-0.9911109, queue:0.9722222, delay:0.09212223, throughput:1706, raw_metrics:{'fairness': 0.0}
SIM_TRAIN step:257, travel time:120.96093294460641, q_loss:0.11777075, rewards:-1.1590745, queue:1.0194445, delay:0.13659404, throughput:1612, raw_metrics:{'fairness': 0.0}
SIM_TRAIN step:258, travel time:37.14518950437318, q_loss:0.11598218, rewards:-0.8415742, queue:0.8111111, delay:0.097154014, throughput:1693, raw_metrics:{'fairness': 0.0}
SIM_TRAIN step:259, travel time:53.159183673469386, q_loss:0.1169687, rewards:-1.0116659, queue:0.9, delay:0.113661565, throughput:1706, raw_metrics:{'fairness': 0.0}
REAL_TRAIN step:40, travel time:53.80166270783848, q_loss:100, rewards:-2.5286117, queue:2.1055555, delay:0.21214983, throughput:1637, R_real:-0.2921, components:{'queue': 0.021, 'delay': 0.212, 'waiting': 0.059, 'pressure': 0.0, 'switches': 0.0}, raw_metrics:{'fairness': 0.0, 'emission': 83.452, 'fuel': 27.054, 'emergency_stops': 2.0, 'collisions': 1.0, 'ssm_conflicts': 229.0}, bo;w=queue=0.505;delay=0.046;waiting=1.0;pressure=0.83;switches=0.016
DynShaping selected R_real=-0.1840 w={'delay': 1.0, 'waiting': 1.0, 'pressure': 0.66}
Saved method state to data/output_data/sim2real_rewards/cityflow_dqn/ingolstadt1/baseline_rewards_v2_dynamic_reward_shaping_efficiency_aligned_s0/model/ingolstadt1_efficiency_aligned_dqn_dynamic_reward_shaping/method_state.json
real rollouts used: 40/100
REAL_TEST step:0, travel time:37.48454810495627, q_loss:100, rewards:-1.8506478, queue:1.6444445, delay:0.15604684, throughput:1703, R_real:-0.1840, components:{'queue': 0.015, 'delay': 0.156, 'waiting': 0.012, 'pressure': 0.0, 'switches': 0.0}, raw_metrics:{'fairness': 0.0, 'emission': 82.735, 'fuel': 26.822, 'emergency_stops': 1.0, 'collisions': 0.0, 'ssm_conflicts': 255.0}
Total time taken: 1559.656629562378
