cologne1_setting1_presslight_prlight	SIM_TRAIN	0	285.5	0.0	-59.51	54.75	0.57	1667	0.0000	0.0000
cologne1_setting1_presslight_prlight	SIM_TRAIN	1	261.6	0.0	-59.42	54.67	0.56	1732	0.0000	0.0000
cologne1_setting1_presslight_prlight	SIM_TRAIN	2	302.2	462.2	-73.84	68.59	0.57	1780	0.0000	0.0000
cologne1_setting1_presslight_prlight	SIM_TRAIN	3	252.6	465.9	-38.42	34.19	0.55	1767	0.0000	0.0000
cologne1_setting1_presslight_prlight	REAL_TEST	3	139.5	100.0	-51.57	44.00	0.56	1664	0.0000	0.0000
cologne1_setting1_presslight_prlight	SIM_TRAIN	4	158.1	348.0	-30.75	26.33	0.48	1764	0.0000	0.0000
cologne1_setting1_presslight_prlight	SIM_TRAIN	5	64.8	209.4	-17.61	13.02	0.38	1997	0.0000	0.0000
cologne1_setting1_presslight_prlight	SIM_TRAIN	6	83.0	176.6	-19.83	15.84	0.42	1988	0.0000	0.0000
cologne1_setting1_presslight_prlight	REAL_TEST	6	107.5	100.0	-42.81	34.34	0.54	1925	0.0000	0.0000
cologne1_setting1_presslight_prlight	SIM_TRAIN	7	136.0	172.1	-28.07	23.82	0.44	1764	0.0000	0.0000
cologne1_setting1_presslight_prlight	SIM_TRAIN	8	62.8	158.8	-14.46	10.66	0.38	1991	0.0000	0.0000
cologne1_setting1_presslight_prlight	SIM_TRAIN	9	172.0	147.6	-39.10	34.70	0.48	1726	0.0000	0.0000
cologne1_setting1_presslight_prlight	REAL_TEST	9	106.3	100.0	-41.37	32.98	0.53	1917	0.0000	0.0000
cologne1_setting1_presslight_prlight	SIM_TRAIN	10	214.8	137.6	-44.22	39.49	0.52	1660	0.0000	0.0000
cologne1_setting1_presslight_prlight	SIM_TRAIN	11	118.2	135.6	-26.88	22.39	0.47	1993	0.0000	0.0000
cologne1_setting1_presslight_prlight	SIM_TRAIN	12	173.6	124.5	-33.92	29.24	0.48	1757	0.0000	0.0000
cologne1_setting1_presslight_prlight	REAL_TEST	12	126.5	100.0	-45.08	37.31	0.55	1682	0.0000	0.0000
cologne1_setting1_presslight_prlight	SIM_TRAIN	13	178.1	123.8	-34.06	29.80	0.48	1679	0.0000	0.0000
cologne1_setting1_presslight_prlight	SIM_TRAIN	14	161.7	120.0	-30.98	26.69	0.47	1694	0.0000	0.0000
cologne1_setting1_presslight_prlight	SIM_TRAIN	15	86.8	115.2	-20.63	16.54	0.43	1907	0.0000	0.0000
cologne1_setting1_presslight_prlight	REAL_TEST	15	116.4	100.0	-39.99	32.02	0.52	1693	0.0000	0.0000
cologne1_setting1_presslight_prlight	SIM_TRAIN	16	80.3	109.4	-18.69	14.86	0.42	1988	0.0000	0.0000
cologne1_setting1_presslight_prlight	SIM_TRAIN	17	205.2	98.0	-39.64	35.09	0.52	1660	0.0000	0.0000
cologne1_setting1_presslight_prlight	SIM_TRAIN	18	117.8	94.1	-25.17	21.07	0.44	1829	0.0000	0.0000
cologne1_setting1_presslight_prlight	REAL_TEST	18	73.5	100.0	-26.82	18.16	0.46	1932	0.0000	0.0000
cologne1_setting1_presslight_prlight	SIM_TRAIN	19	183.3	85.9	-33.52	28.97	0.50	1781	0.0000	0.0000
cologne1_setting1_presslight_prlight	SIM_TRAIN	20	167.2	90.3	-31.46	26.65	0.50	2001	0.0000	0.0000
cologne1_setting1_presslight_prlight	SIM_TRAIN	21	68.2	95.7	-15.12	11.32	0.38	1984	0.0000	0.0000
cologne1_setting1_presslight_prlight	REAL_TEST	21	68.1	100.0	-25.85	16.89	0.48	1987	0.0000	0.0000
cologne1_setting1_presslight_prlight	SIM_TRAIN	22	251.0	104.8	-57.79	52.39	0.54	1671	0.0000	0.0000
cologne1_setting1_presslight_prlight	SIM_TRAIN	23	75.9	105.4	-17.70	14.06	0.42	1990	0.0000	0.0000
cologne1_setting1_presslight_prlight	SIM_TRAIN	24	197.8	104.1	-39.63	34.98	0.50	1671	0.0000	0.0000
cologne1_setting1_presslight_prlight	REAL_TEST	24	113.3	100.0	-41.47	33.18	0.53	1812	0.0000	0.0000
cologne1_setting1_presslight_prlight	SIM_TRAIN	25	66.1	96.7	-14.77	10.91	0.39	2001	0.0000	0.0000
cologne1_setting1_presslight_prlight	SIM_TRAIN	26	64.8	97.0	-14.53	10.71	0.40	1987	0.0000	0.0000
cologne1_setting1_presslight_prlight	SIM_TRAIN	27	73.0	95.9	-17.03	13.19	0.41	1954	0.0000	0.0000
cologne1_setting1_presslight_prlight	REAL_TEST	27	133.4	100.0	-49.61	41.95	0.55	1732	0.0000	0.0000
cologne1_setting1_presslight_prlight	SIM_TRAIN	28	154.2	96.5	-42.76	38.27	0.50	1780	0.0000	0.0000
cologne1_setting1_presslight_prlight	SIM_TRAIN	29	311.4	96.4	-55.95	51.33	0.56	1592	0.0000	0.0000
cologne1_setting1_presslight_prlight	SIM_TRAIN	30	79.6	102.4	-18.49	14.66	0.43	1951	0.0000	0.0000
cologne1_setting1_presslight_prlight	REAL_TEST	30	133.5	100.0	-47.62	40.02	0.54	1664	0.0000	0.0000
cologne1_setting1_presslight_prlight	SIM_TRAIN	31	152.4	99.7	-31.23	26.77	0.46	1735	0.0000	0.0000
cologne1_setting1_presslight_prlight	SIM_TRAIN	32	79.8	99.7	-19.24	15.15	0.42	1918	0.0000	0.0000
cologne1_setting1_presslight_prlight	SIM_TRAIN	33	78.7	95.1	-20.19	16.03	0.43	1927	0.0000	0.0000
cologne1_setting1_presslight_prlight	REAL_TEST	33	122.4	100.0	-45.99	38.10	0.54	1755	0.0000	0.0000
cologne1_setting1_presslight_prlight	SIM_TRAIN	34	65.9	97.5	-15.31	11.43	0.40	1991	0.0000	0.0000
cologne1_setting1_presslight_prlight	SIM_TRAIN	35	128.8	87.2	-28.09	23.83	0.45	1826	0.0000	0.0000
cologne1_setting1_presslight_prlight	SIM_TRAIN	36	92.7	87.7	-23.17	18.62	0.44	1905	0.0000	0.0000
cologne1_setting1_presslight_prlight	REAL_TEST	36	100.4	100.0	-41.00	32.41	0.55	1966	0.0000	0.0000
cologne1_setting1_presslight_prlight	SIM_TRAIN	37	147.9	93.5	-34.42	29.31	0.49	1861	0.0000	0.0000
cologne1_setting1_presslight_prlight	SIM_TRAIN	38	69.3	100.8	-15.82	12.00	0.41	2000	0.0000	0.0000
cologne1_setting1_presslight_prlight	SIM_TRAIN	39	79.7	104.7	-20.57	16.32	0.42	1970	0.0000	0.0000
cologne1_setting1_presslight_prlight	REAL_TEST	39	91.2	100.0	-35.88	27.19	0.54	1985	0.0000	0.0000
cologne1_setting1_presslight_prlight	SIM_TRAIN	40	94.9	94.7	-26.29	21.79	0.45	2001	0.0000	0.0000
cologne1_setting1_presslight_prlight	SIM_TRAIN	41	93.0	101.7	-23.74	19.58	0.44	1987	0.0000	0.0000
cologne1_setting1_presslight_prlight	SIM_TRAIN	42	173.6	106.7	-36.89	31.97	0.50	1835	0.0000	0.0000
cologne1_setting1_presslight_prlight	REAL_TEST	42	118.2	100.0	-44.11	36.06	0.54	1781	0.0000	0.0000
cologne1_setting1_presslight_prlight	SIM_TRAIN	43	102.2	107.1	-28.48	23.79	0.44	1953	0.0000	0.0000
cologne1_setting1_presslight_prlight	SIM_TRAIN	44	222.9	113.8	-45.05	40.32	0.52	1652	0.0000	0.0000
cologne1_setting1_presslight_prlight	SIM_TRAIN	45	160.1	124.5	-34.75	30.12	0.48	1740	0.0000	0.0000
cologne1_setting1_presslight_prlight	REAL_TEST	45	84.2	100.0	-33.43	24.79	0.51	1984	0.0000	0.0000
cologne1_setting1_presslight_prlight	SIM_TRAIN	46	224.4	124.4	-47.07	42.16	0.52	1691	0.0000	0.0000
cologne1_setting1_presslight_prlight	SIM_TRAIN	47	82.8	126.0	-21.47	17.16	0.42	1982	0.0000	0.0000
cologne1_setting1_presslight_prlight	SIM_TRAIN	48	126.3	133.8	-30.81	26.47	0.47	1778	0.0000	0.0000
cologne1_setting1_presslight_prlight	REAL_TEST	48	96.2	100.0	-39.06	30.47	0.53	1995	0.0000	0.0000
cologne1_setting1_presslight_prlight	SIM_TRAIN	49	183.2	142.4	-38.01	33.19	0.51	1736	0.0000	0.0000
cologne1_setting1_presslight_prlight	SIM_TRAIN	50	143.5	135.6	-31.90	27.07	0.47	1850	0.0000	0.0000
cologne1_setting1_presslight_prlight	SIM_TRAIN	51	186.8	140.3	-42.56	37.69	0.52	1714	0.0000	0.0000
cologne1_setting1_presslight_prlight	REAL_TEST	51	67.9	100.0	-25.88	17.04	0.47	1985	0.0000	0.0000
cologne1_setting1_presslight_prlight	SIM_TRAIN	52	69.8	135.6	-17.11	13.22	0.42	1964	0.0000	0.0000
cologne1_setting1_presslight_prlight	SIM_TRAIN	53	203.0	132.0	-44.13	39.22	0.52	1694	0.0000	0.0000
cologne1_setting1_presslight_prlight	SIM_TRAIN	54	114.8	134.5	-24.76	20.73	0.45	1882	0.0000	0.0000
cologne1_setting1_presslight_prlight	REAL_TEST	54	102.2	100.0	-38.21	29.92	0.52	1782	0.0000	0.0000
cologne1_setting1_presslight_prlight	SIM_TRAIN	55	176.2	137.8	-36.18	31.58	0.49	1714	0.0000	0.0000
cologne1_setting1_presslight_prlight	SIM_TRAIN	56	158.3	124.5	-33.00	28.36	0.48	1739	0.0000	0.0000
cologne1_setting1_presslight_prlight	SIM_TRAIN	57	201.2	119.5	-43.36	38.51	0.52	1707	0.0000	0.0000
cologne1_setting1_presslight_prlight	REAL_TEST	57	139.6	100.0	-49.93	42.51	0.54	1637	0.0000	0.0000
cologne1_setting1_presslight_prlight	SIM_TRAIN	58	219.6	119.9	-42.74	38.56	0.51	1649	0.0000	0.0000
cologne1_setting1_presslight_prlight	SIM_TRAIN	59	155.1	116.4	-42.83	36.99	0.53	1945	0.0000	0.0000
cologne1_setting1_presslight_prlight	SIM_TRAIN	60	138.7	117.3	-29.00	24.60	0.44	1760	0.0000	0.0000
cologne1_setting1_presslight_prlight	REAL_TEST	60	96.6	100.0	-36.48	27.89	0.52	1873	0.0000	0.0000
cologne1_setting1_presslight_prlight	SIM_TRAIN	61	140.4	117.6	-29.95	25.38	0.46	1819	0.0000	0.0000
cologne1_setting1_presslight_prlight	SIM_TRAIN	62	177.1	126.6	-36.43	31.63	0.46	1712	0.0000	0.0000
cologne1_setting1_presslight_prlight	SIM_TRAIN	63	147.8	128.4	-29.04	24.50	0.47	1807	0.0000	0.0000
cologne1_setting1_presslight_prlight	REAL_TEST	63	142.3	100.0	-52.86	45.43	0.55	1703	0.0000	0.0000
cologne1_setting1_presslight_prlight	SIM_TRAIN	64	230.3	125.2	-52.93	47.75	0.53	1686	0.0000	0.0000
cologne1_setting1_presslight_prlight	SIM_TRAIN	65	271.8	124.0	-46.95	42.23	0.54	1596	0.0000	0.0000
cologne1_setting1_presslight_prlight	SIM_TRAIN	66	86.0	131.4	-20.19	16.20	0.42	1890	0.0000	0.0000
cologne1_setting1_presslight_prlight	REAL_TEST	66	82.4	100.0	-32.27	23.75	0.50	1878	0.0000	0.0000
cologne1_setting1_presslight_prlight	SIM_TRAIN	67	62.9	132.7	-15.92	12.03	0.41	2001	0.0000	0.0000
cologne1_setting1_presslight_prlight	SIM_TRAIN	68	85.3	135.8	-20.82	16.86	0.41	1888	0.0000	0.0000
cologne1_setting1_presslight_prlight	SIM_TRAIN	69	156.3	144.6	-31.42	26.78	0.48	1906	0.0000	0.0000
cologne1_setting1_presslight_prlight	REAL_TEST	69	75.5	100.0	-30.68	21.96	0.50	1997	0.0000	0.0000
cologne1_setting1_presslight_prlight	SIM_TRAIN	70	74.1	152.8	-18.61	14.87	0.40	1909	0.0000	0.0000
cologne1_setting1_presslight_prlight	SIM_TRAIN	71	71.8	148.9	-17.09	13.31	0.39	1939	0.0000	0.0000
cologne1_setting1_presslight_prlight	SIM_TRAIN	72	89.9	157.3	-25.49	20.76	0.42	1960	0.0000	0.0000
cologne1_setting1_presslight_prlight	REAL_TEST	72	83.2	100.0	-33.96	25.50	0.51	1959	0.0000	0.0000
cologne1_setting1_presslight_prlight	SIM_TRAIN	73	86.7	155.9	-25.06	19.71	0.42	1993	0.0000	0.0000
cologne1_setting1_presslight_prlight	SIM_TRAIN	74	74.7	147.5	-18.22	14.10	0.41	1971	0.0000	0.0000
cologne1_setting1_presslight_prlight	SIM_TRAIN	75	71.7	140.5	-17.75	13.70	0.41	1987	0.0000	0.0000
cologne1_setting1_presslight_prlight	REAL_TEST	75	64.2	100.0	-24.61	15.58	0.45	1998	0.0000	0.0000
cologne1_setting1_presslight_prlight	SIM_TRAIN	76	92.5	142.8	-24.62	20.42	0.44	1851	0.0000	0.0000
cologne1_setting1_presslight_prlight	SIM_TRAIN	77	103.9	140.7	-29.29	24.44	0.46	1937	0.0000	0.0000
cologne1_setting1_presslight_prlight	SIM_TRAIN	78	70.9	143.4	-17.85	13.93	0.42	1983	0.0000	0.0000
cologne1_setting1_presslight_prlight	REAL_TEST	78	78.4	100.0	-29.13	20.36	0.48	1961	0.0000	0.0000
cologne1_setting1_presslight_prlight	SIM_TRAIN	79	94.5	136.4	-29.05	24.29	0.43	1910	0.0000	0.0000
cologne1_setting1_presslight_prlight	SIM_TRAIN	80	275.0	140.2	-51.06	46.34	0.54	1608	0.0000	0.0000
cologne1_setting1_presslight_prlight	SIM_TRAIN	81	129.8	131.7	-29.64	25.48	0.45	1758	0.0000	0.0000
cologne1_setting1_presslight_prlight	REAL_TEST	81	68.6	100.0	-26.38	17.63	0.48	1940	0.0000	0.0000
cologne1_setting1_presslight_prlight	SIM_TRAIN	82	80.3	140.7	-18.32	14.50	0.40	1886	0.0000	0.0000
cologne1_setting1_presslight_prlight	SIM_TRAIN	83	152.2	138.6	-30.67	26.36	0.46	1726	0.0000	0.0000
cologne1_setting1_presslight_prlight	SIM_TRAIN	84	99.9	126.0	-26.54	22.41	0.43	1819	0.0000	0.0000
cologne1_setting1_presslight_prlight	REAL_TEST	84	77.8	100.0	-29.23	20.34	0.50	1988	0.0000	0.0000
cologne1_setting1_presslight_prlight	SIM_TRAIN	85	82.8	126.1	-19.82	15.74	0.42	1936	0.0000	0.0000
cologne1_setting1_presslight_prlight	SIM_TRAIN	86	70.4	122.2	-16.83	12.94	0.42	2001	0.0000	0.0000
cologne1_setting1_presslight_prlight	SIM_TRAIN	87	93.4	126.5	-22.38	18.60	0.41	1811	0.0000	0.0000
cologne1_setting1_presslight_prlight	REAL_TEST	87	102.0	100.0	-36.37	28.31	0.51	1737	0.0000	0.0000
cologne1_setting1_presslight_prlight	SIM_TRAIN	88	73.1	119.7	-17.46	13.67	0.40	1881	0.0000	0.0000
cologne1_setting1_presslight_prlight	SIM_TRAIN	89	88.0	116.8	-19.55	15.63	0.40	1896	0.0000	0.0000
cologne1_setting1_presslight_prlight	SIM_TRAIN	90	59.2	116.3	-12.07	8.51	0.37	2001	0.0000	0.0000
cologne1_setting1_presslight_prlight	REAL_TEST	90	80.5	100.0	-32.19	23.60	0.51	1973	0.0000	0.0000
cologne1_setting1_presslight_prlight	SIM_TRAIN	91	86.6	122.2	-18.39	14.52	0.42	1927	0.0000	0.0000
cologne1_setting1_presslight_prlight	SIM_TRAIN	92	88.7	119.8	-20.71	16.71	0.42	1846	0.0000	0.0000
cologne1_setting1_presslight_prlight	SIM_TRAIN	93	56.1	116.5	-12.36	8.86	0.37	1997	0.0000	0.0000
cologne1_setting1_presslight_prlight	REAL_TEST	93	122.0	100.0	-42.61	34.72	0.54	1690	0.0000	0.0000
cologne1_setting1_presslight_prlight	SIM_TRAIN	94	78.2	110.1	-19.00	15.10	0.42	1963	0.0000	0.0000
cologne1_setting1_presslight_prlight	SIM_TRAIN	95	64.5	99.0	-16.64	12.32	0.39	2001	0.0000	0.0000
cologne1_setting1_presslight_prlight	SIM_TRAIN	96	61.7	101.5	-14.34	10.57	0.40	1996	0.0000	0.0000
cologne1_setting1_presslight_prlight	REAL_TEST	96	77.2	100.0	-29.31	20.73	0.49	1906	0.0000	0.0000
cologne1_setting1_presslight_prlight	SIM_TRAIN	97	61.2	104.2	-14.26	10.39	0.37	1984	0.0000	0.0000
cologne1_setting1_presslight_prlight	SIM_TRAIN	98	83.0	98.4	-20.94	16.86	0.42	1952	0.0000	0.0000
cologne1_setting1_presslight_prlight	SIM_TRAIN	99	69.7	96.3	-16.33	12.48	0.41	1993	0.0000	0.0000
cologne1_setting1_presslight_prlight	REAL_TEST	99	86.8	100.0	-33.29	24.51	0.53	1966	0.0000	0.0000
cologne1_setting1_presslight_prlight	SIM_TRAIN	100	81.8	100.4	-21.27	17.10	0.44	1970	0.0000	0.0000
cologne1_setting1_presslight_prlight	SIM_TRAIN	101	80.7	101.9	-19.90	15.48	0.41	1923	0.0000	0.0000
cologne1_setting1_presslight_prlight	SIM_TRAIN	102	62.3	104.4	-13.99	10.38	0.38	2001	0.0000	0.0000
cologne1_setting1_presslight_prlight	REAL_TEST	102	90.8	100.0	-32.72	24.33	0.50	1815	0.0000	0.0000
cologne1_setting1_presslight_prlight	SIM_TRAIN	103	209.8	102.6	-34.85	30.30	0.50	1769	0.0000	0.0000
cologne1_setting1_presslight_prlight	SIM_TRAIN	104	53.6	108.5	-12.15	8.38	0.37	1996	0.0000	0.0000
cologne1_setting1_presslight_prlight	SIM_TRAIN	105	82.6	113.2	-21.18	17.13	0.45	1987	0.0000	0.0000
cologne1_setting1_presslight_prlight	REAL_TEST	105	109.0	100.0	-39.53	31.54	0.52	1731	0.0000	0.0000
cologne1_setting1_presslight_prlight	SIM_TRAIN	106	52.8	120.6	-11.82	8.22	0.36	1997	0.0000	0.0000
cologne1_setting1_presslight_prlight	SIM_TRAIN	107	196.3	126.6	-38.67	33.94	0.54	1986	0.0000	0.0000
cologne1_setting1_presslight_prlight	SIM_TRAIN	108	63.9	128.4	-17.62	13.09	0.39	2001	0.0000	0.0000
cologne1_setting1_presslight_prlight	REAL_TEST	108	126.9	100.0	-45.69	37.81	0.57	1732	0.0000	0.0000
cologne1_setting1_presslight_prlight	SIM_TRAIN	109	81.3	136.8	-18.90	14.74	0.42	1985	0.0000	0.0000
cologne1_setting1_presslight_prlight	SIM_TRAIN	110	56.3	138.9	-12.55	8.88	0.36	1998	0.0000	0.0000
cologne1_setting1_presslight_prlight	SIM_TRAIN	111	59.5	133.4	-14.36	10.44	0.37	2001	0.0000	0.0000
cologne1_setting1_presslight_prlight	REAL_TEST	111	66.1	100.0	-24.65	15.67	0.47	1994	0.0000	0.0000
cologne1_setting1_presslight_prlight	SIM_TRAIN	112	61.1	134.6	-13.80	10.20	0.40	1975	0.0000	0.0000
cologne1_setting1_presslight_prlight	SIM_TRAIN	113	73.7	136.8	-20.00	15.44	0.41	1984	0.0000	0.0000
cologne1_setting1_presslight_prlight	SIM_TRAIN	114	72.6	130.0	-21.77	16.68	0.41	1984	0.0000	0.0000
cologne1_setting1_presslight_prlight	REAL_TEST	114	92.5	100.0	-36.44	27.84	0.52	1888	0.0000	0.0000
cologne1_setting1_presslight_prlight	SIM_TRAIN	115	65.8	132.1	-17.79	13.16	0.39	1988	0.0000	0.0000
cologne1_setting1_presslight_prlight	SIM_TRAIN	116	82.0	133.8	-20.82	16.27	0.43	1986	0.0000	0.0000
cologne1_setting1_presslight_prlight	SIM_TRAIN	117	97.0	135.3	-24.35	19.84	0.44	1972	0.0000	0.0000
cologne1_setting1_presslight_prlight	REAL_TEST	117	62.1	100.0	-23.87	15.06	0.44	1997	0.0000	0.0000
cologne1_setting1_presslight_prlight	SIM_TRAIN	118	70.8	141.2	-19.91	15.58	0.40	1988	0.0000	0.0000
cologne1_setting1_presslight_prlight	SIM_TRAIN	119	79.6	140.8	-21.03	16.49	0.43	1989	0.0000	0.0000
cologne1_setting1_presslight_prlight	SIM_TRAIN	120	82.9	139.5	-19.93	16.01	0.42	1925	0.0000	0.0000
cologne1_setting1_presslight_prlight	REAL_TEST	120	85.5	100.0	-37.44	28.82	0.52	1954	0.0000	0.0000
cologne1_setting1_presslight_prlight	SIM_TRAIN	121	73.0	131.4	-16.18	12.49	0.40	1971	0.0000	0.0000
cologne1_setting1_presslight_prlight	SIM_TRAIN	122	82.0	125.6	-19.58	15.63	0.42	1925	0.0000	0.0000
cologne1_setting1_presslight_prlight	SIM_TRAIN	123	93.0	119.6	-22.44	18.06	0.44	1911	0.0000	0.0000
cologne1_setting1_presslight_prlight	REAL_TEST	123	79.5	100.0	-32.78	24.13	0.51	1936	0.0000	0.0000
cologne1_setting1_presslight_prlight	SIM_TRAIN	124	72.7	117.7	-18.10	13.96	0.40	1974	0.0000	0.0000
cologne1_setting1_presslight_prlight	SIM_TRAIN	125	89.8	110.8	-20.18	16.43	0.44	1997	0.0000	0.0000
cologne1_setting1_presslight_prlight	SIM_TRAIN	126	67.9	125.1	-15.33	11.45	0.38	1970	0.0000	0.0000
cologne1_setting1_presslight_prlight	REAL_TEST	126	65.9	100.0	-24.27	15.32	0.45	1992	0.0000	0.0000
cologne1_setting1_presslight_prlight	SIM_TRAIN	127	80.1	125.6	-20.28	16.40	0.41	1851	0.0000	0.0000
cologne1_setting1_presslight_prlight	SIM_TRAIN	128	135.6	124.1	-26.82	22.67	0.48	1988	0.0000	0.0000
cologne1_setting1_presslight_prlight	SIM_TRAIN	129	69.9	121.5	-17.57	13.45	0.38	1990	0.0000	0.0000
cologne1_setting1_presslight_prlight	REAL_TEST	129	91.7	100.0	-35.09	26.43	0.52	1891	0.0000	0.0000
cologne1_setting1_presslight_prlight	SIM_TRAIN	130	102.9	124.3	-27.26	22.92	0.48	1883	0.0000	0.0000
cologne1_setting1_presslight_prlight	SIM_TRAIN	131	236.0	131.2	-45.58	40.13	0.55	1702	0.0000	0.0000
cologne1_setting1_presslight_prlight	SIM_TRAIN	132	192.0	130.7	-40.10	34.21	0.52	1844	0.0000	0.0000
cologne1_setting1_presslight_prlight	REAL_TEST	132	74.9	100.0	-27.97	19.27	0.49	1910	0.0000	0.0000
cologne1_setting1_presslight_prlight	SIM_TRAIN	133	89.2	138.9	-23.31	19.14	0.40	1858	0.0000	0.0000
cologne1_setting1_presslight_prlight	SIM_TRAIN	134	62.0	134.7	-14.83	10.93	0.40	2001	0.0000	0.0000
cologne1_setting1_presslight_prlight	SIM_TRAIN	135	316.6	140.9	-62.66	56.48	0.63	1657	0.0000	0.0000
cologne1_setting1_presslight_prlight	REAL_TEST	135	62.6	100.0	-24.20	15.34	0.44	1988	0.0000	0.0000
cologne1_setting1_presslight_prlight	SIM_TRAIN	136	66.4	160.1	-14.91	11.09	0.37	1973	0.0000	0.0000
cologne1_setting1_presslight_prlight	SIM_TRAIN	137	97.7	166.0	-29.93	24.72	0.44	1998	0.0000	0.0000
cologne1_setting1_presslight_prlight	SIM_TRAIN	138	60.1	161.1	-14.39	10.66	0.38	2001	0.0000	0.0000
cologne1_setting1_presslight_prlight	REAL_TEST	138	121.7	100.0	-47.16	38.69	0.59	1897	0.0000	0.0000
cologne1_setting1_presslight_prlight	SIM_TRAIN	139	86.0	166.4	-25.29	21.14	0.45	1993	0.0000	0.0000
cologne1_setting1_presslight_prlight	SIM_TRAIN	140	73.4	169.2	-21.15	16.32	0.41	1993	0.0000	0.0000
cologne1_setting1_presslight_prlight	SIM_TRAIN	141	76.8	180.5	-21.91	17.23	0.42	1992	0.0000	0.0000
cologne1_setting1_presslight_prlight	REAL_TEST	141	60.4	100.0	-23.04	14.06	0.43	1986	0.0000	0.0000
cologne1_setting1_presslight_prlight	SIM_TRAIN	142	65.9	177.0	-16.31	12.26	0.39	1996	0.0000	0.0000
cologne1_setting1_presslight_prlight	SIM_TRAIN	143	81.5	174.6	-23.46	19.07	0.40	1993	0.0000	0.0000
cologne1_setting1_presslight_prlight	SIM_TRAIN	144	87.6	182.1	-26.48	21.50	0.44	1997	0.0000	0.0000
cologne1_setting1_presslight_prlight	REAL_TEST	144	74.2	100.0	-27.97	19.09	0.48	1994	0.0000	0.0000
cologne1_setting1_presslight_prlight	SIM_TRAIN	145	86.0	171.0	-25.89	20.95	0.42	1975	0.0000	0.0000
cologne1_setting1_presslight_prlight	SIM_TRAIN	146	80.9	168.1	-23.80	19.17	0.42	2001	0.0000	0.0000
cologne1_setting1_presslight_prlight	SIM_TRAIN	147	68.3	158.1	-17.93	13.82	0.38	1997	0.0000	0.0000
cologne1_setting1_presslight_prlight	REAL_TEST	147	160.3	100.0	-59.17	51.86	0.55	1676	0.0000	0.0000
cologne1_setting1_presslight_prlight	SIM_TRAIN	148	58.2	153.6	-13.64	9.91	0.37	1985	0.0000	0.0000
cologne1_setting1_presslight_prlight	SIM_TRAIN	149	74.9	142.7	-21.96	17.32	0.40	2001	0.0000	0.0000
cologne1_setting1_presslight_prlight	SIM_TRAIN	150	99.1	136.1	-29.34	24.26	0.42	2001	0.0000	0.0000
cologne1_setting1_presslight_prlight	REAL_TEST	150	101.7	100.0	-41.24	32.69	0.53	1988	0.0000	0.0000
cologne1_setting1_presslight_prlight	SIM_TRAIN	151	119.8	135.7	-35.38	29.43	0.43	2001	0.0000	0.0000
cologne1_setting1_presslight_prlight	SIM_TRAIN	152	104.8	131.5	-31.68	26.44	0.44	1997	0.0000	0.0000
cologne1_setting1_presslight_prlight	SIM_TRAIN	153	68.6	124.2	-19.70	15.06	0.39	1993	0.0000	0.0000
cologne1_setting1_presslight_prlight	REAL_TEST	153	127.5	100.0	-57.22	49.50	0.51	1838	0.0000	0.0000
cologne1_setting1_presslight_prlight	SIM_TRAIN	154	80.4	114.7	-23.18	18.37	0.41	1993	0.0000	0.0000
cologne1_setting1_presslight_prlight	SIM_TRAIN	155	94.0	113.5	-28.29	23.04	0.46	1993	0.0000	0.0000
cologne1_setting1_presslight_prlight	SIM_TRAIN	156	73.9	113.4	-21.48	16.24	0.40	2001	0.0000	0.0000
cologne1_setting1_presslight_prlight	REAL_TEST	156	149.5	100.0	-58.64	51.36	0.56	1706	0.0000	0.0000
cologne1_setting1_presslight_prlight	SIM_TRAIN	157	115.6	125.9	-36.83	31.16	0.45	1967	0.0000	0.0000
cologne1_setting1_presslight_prlight	SIM_TRAIN	158	89.7	128.0	-26.73	21.67	0.41	2001	0.0000	0.0000
cologne1_setting1_presslight_prlight	SIM_TRAIN	159	87.0	127.4	-24.13	19.51	0.43	1897	0.0000	0.0000
cologne1_setting1_presslight_prlight	REAL_TEST	159	65.1	100.0	-24.39	15.37	0.46	1989	0.0000	0.0000
cologne1_setting1_presslight_prlight	SIM_TRAIN	160	84.0	124.8	-26.10	21.13	0.42	2001	0.0000	0.0000
cologne1_setting1_presslight_prlight	SIM_TRAIN	161	70.3	122.2	-19.84	15.11	0.39	1997	0.0000	0.0000
cologne1_setting1_presslight_prlight	SIM_TRAIN	162	67.0	127.5	-18.45	14.01	0.40	1988	0.0000	0.0000
cologne1_setting1_presslight_prlight	REAL_TEST	162	65.4	100.0	-25.38	16.43	0.45	1988	0.0000	0.0000
cologne1_setting1_presslight_prlight	SIM_TRAIN	163	61.8	118.0	-15.14	11.19	0.40	1997	0.0000	0.0000
cologne1_setting1_presslight_prlight	SIM_TRAIN	164	80.1	118.1	-21.59	17.24	0.41	1993	0.0000	0.0000
cologne1_setting1_presslight_prlight	SIM_TRAIN	165	104.3	114.4	-30.44	25.71	0.43	1959	0.0000	0.0000
cologne1_setting1_presslight_prlight	REAL_TEST	165	73.6	100.0	-28.17	19.43	0.48	1983	0.0000	0.0000
cologne1_setting1_presslight_prlight	SIM_TRAIN	166	120.6	114.5	-35.57	29.97	0.45	1994	0.0000	0.0000
cologne1_setting1_presslight_prlight	SIM_TRAIN	167	115.6	107.8	-37.67	32.09	0.45	1948	0.0000	0.0000
cologne1_setting1_presslight_prlight	SIM_TRAIN	168	108.1	114.3	-35.05	29.62	0.43	1953	0.0000	0.0000
cologne1_setting1_presslight_prlight	REAL_TEST	168	79.8	100.0	-33.35	24.77	0.47	1990	0.0000	0.0000
cologne1_setting1_presslight_prlight	SIM_TRAIN	169	76.6	111.9	-23.71	18.84	0.40	1993	0.0000	0.0000
cologne1_setting1_presslight_prlight	SIM_TRAIN	170	98.1	108.2	-29.96	24.75	0.42	1997	0.0000	0.0000
cologne1_setting1_presslight_prlight	SIM_TRAIN	171	55.2	101.7	-12.36	8.68	0.37	1996	0.0000	0.0000
cologne1_setting1_presslight_prlight	REAL_TEST	171	69.7	100.0	-26.52	17.52	0.47	1988	0.0000	0.0000
cologne1_setting1_presslight_prlight	SIM_TRAIN	172	61.4	102.7	-15.98	11.87	0.40	1988	0.0000	0.0000
cologne1_setting1_presslight_prlight	SIM_TRAIN	173	80.1	97.3	-23.06	18.46	0.39	1987	0.0000	0.0000
cologne1_setting1_presslight_prlight	SIM_TRAIN	174	87.1	97.8	-27.42	21.98	0.41	1996	0.0000	0.0000
cologne1_setting1_presslight_prlight	REAL_TEST	174	83.1	100.0	-33.18	24.69	0.49	1982	0.0000	0.0000
cologne1_setting1_presslight_prlight	SIM_TRAIN	175	80.3	97.6	-24.57	19.59	0.44	2001	0.0000	0.0000
cologne1_setting1_presslight_prlight	SIM_TRAIN	176	63.7	99.8	-16.51	12.34	0.38	2001	0.0000	0.0000
cologne1_setting1_presslight_prlight	SIM_TRAIN	177	85.9	100.5	-24.25	19.49	0.41	1954	0.0000	0.0000
cologne1_setting1_presslight_prlight	REAL_TEST	177	105.6	100.0	-40.53	32.32	0.53	1828	0.0000	0.0000
cologne1_setting1_presslight_prlight	SIM_TRAIN	178	75.2	94.7	-17.65	13.73	0.40	1933	0.0000	0.0000
cologne1_setting1_presslight_prlight	SIM_TRAIN	179	81.6	96.1	-22.23	17.85	0.41	1882	0.0000	0.0000
cologne1_setting1_presslight_prlight	SIM_TRAIN	180	71.6	101.4	-22.03	16.98	0.42	2000	0.0000	0.0000
cologne1_setting1_presslight_prlight	REAL_TEST	180	70.1	100.0	-26.30	17.50	0.49	1982	0.0000	0.0000
cologne1_setting1_presslight_prlight	SIM_TRAIN	181	65.9	97.8	-17.34	12.90	0.39	2001	0.0000	0.0000
cologne1_setting1_presslight_prlight	SIM_TRAIN	182	88.2	97.2	-26.30	21.55	0.42	1993	0.0000	0.0000
cologne1_setting1_presslight_prlight	SIM_TRAIN	183	68.3	97.1	-18.39	13.82	0.38	1992	0.0000	0.0000
cologne1_setting1_presslight_prlight	REAL_TEST	183	82.2	100.0	-35.06	26.52	0.48	1989	0.0000	0.0000
cologne1_setting1_presslight_prlight	SIM_TRAIN	184	61.2	102.0	-13.70	10.15	0.37	2001	0.0000	0.0000
cologne1_setting1_presslight_prlight	SIM_TRAIN	185	122.0	94.6	-27.07	22.83	0.44	1828	0.0000	0.0000
cologne1_setting1_presslight_prlight	SIM_TRAIN	186	66.1	96.5	-17.24	12.87	0.39	2001	0.0000	0.0000
cologne1_setting1_presslight_prlight	REAL_TEST	186	62.1	100.0	-22.02	12.99	0.45	1998	0.0000	0.0000
cologne1_setting1_presslight_prlight	SIM_TRAIN	187	63.2	95.5	-15.77	11.73	0.40	1988	0.0000	0.0000
cologne1_setting1_presslight_prlight	SIM_TRAIN	188	70.7	92.3	-18.73	14.33	0.40	1981	0.0000	0.0000
cologne1_setting1_presslight_prlight	SIM_TRAIN	189	117.8	89.7	-35.57	30.31	0.46	1951	0.0000	0.0000
cologne1_setting1_presslight_prlight	REAL_TEST	189	66.0	100.0	-25.62	16.78	0.45	1988	0.0000	0.0000
cologne1_setting1_presslight_prlight	SIM_TRAIN	190	79.6	89.2	-18.13	14.05	0.39	1913	0.0000	0.0000
cologne1_setting1_presslight_prlight	SIM_TRAIN	191	81.3	89.0	-21.21	16.78	0.43	1958	0.0000	0.0000
cologne1_setting1_presslight_prlight	SIM_TRAIN	192	72.9	89.1	-17.06	13.21	0.42	1985	0.0000	0.0000
cologne1_setting1_presslight_prlight	REAL_TEST	192	63.9	100.0	-24.36	15.38	0.46	1989	0.0000	0.0000
cologne1_setting1_presslight_prlight	SIM_TRAIN	193	61.6	93.6	-14.60	10.79	0.39	1993	0.0000	0.0000
cologne1_setting1_presslight_prlight	SIM_TRAIN	194	66.2	92.0	-16.60	12.82	0.41	1984	0.0000	0.0000
cologne1_setting1_presslight_prlight	SIM_TRAIN	195	64.7	87.5	-14.90	11.11	0.39	2001	0.0000	0.0000
cologne1_setting1_presslight_prlight	REAL_TEST	195	65.7	100.0	-24.97	16.16	0.45	1960	0.0000	0.0000
cologne1_setting1_presslight_prlight	SIM_TRAIN	196	60.4	85.4	-14.19	10.45	0.39	1996	0.0000	0.0000
cologne1_setting1_presslight_prlight	SIM_TRAIN	197	78.8	86.2	-19.64	15.78	0.44	1993	0.0000	0.0000
cologne1_setting1_presslight_prlight	SIM_TRAIN	198	55.3	85.1	-12.22	8.61	0.36	1993	0.0000	0.0000
cologne1_setting1_presslight_prlight	REAL_TEST	198	57.2	100.0	-21.20	12.08	0.42	1996	0.0000	0.0000
cologne1_setting1_presslight_prlight	SIM_TRAIN	199	58.1	88.4	-13.15	9.62	0.37	1993	0.0000	0.0000
cologne1_setting1_presslight_prlight	SIM_TRAIN	200	71.5	84.2	-18.30	14.31	0.41	1985	0.0000	0.0000
cologne1_setting1_presslight_prlight	SIM_TRAIN	201	65.1	88.1	-15.23	11.18	0.38	1968	0.0000	0.0000
cologne1_setting1_presslight_prlight	REAL_TEST	201	63.4	100.0	-24.66	15.60	0.44	1987	0.0000	0.0000
cologne1_setting1_presslight_prlight	SIM_TRAIN	202	80.0	82.0	-19.83	15.98	0.40	1882	0.0000	0.0000
cologne1_setting1_presslight_prlight	SIM_TRAIN	203	72.6	83.6	-17.12	13.15	0.41	1974	0.0000	0.0000
cologne1_setting1_presslight_prlight	SIM_TRAIN	204	179.1	86.4	-33.83	29.38	0.47	1678	0.0000	0.0000
cologne1_setting1_presslight_prlight	REAL_TEST	204	75.7	100.0	-31.41	22.69	0.51	1942	0.0000	0.0000
cologne1_setting1_presslight_prlight	SIM_TRAIN	205	84.9	92.6	-20.99	16.90	0.45	1981	0.0000	0.0000
cologne1_setting1_presslight_prlight	SIM_TRAIN	206	55.1	92.4	-12.05	8.45	0.36	2000	0.0000	0.0000
cologne1_setting1_presslight_prlight	SIM_TRAIN	207	54.3	95.7	-12.14	8.49	0.36	2001	0.0000	0.0000
cologne1_setting1_presslight_prlight	REAL_TEST	207	73.4	100.0	-29.29	20.49	0.49	1996	0.0000	0.0000
cologne1_setting1_presslight_prlight	SIM_TRAIN	208	71.6	99.2	-18.95	15.08	0.42	1989	0.0000	0.0000
cologne1_setting1_presslight_prlight	SIM_TRAIN	209	66.2	95.7	-15.14	11.39	0.38	1979	0.0000	0.0000
cologne1_setting1_presslight_prlight	SIM_TRAIN	210	61.5	102.2	-15.37	11.43	0.40	1987	0.0000	0.0000
cologne1_setting1_presslight_prlight	REAL_TEST	210	77.3	100.0	-31.32	22.61	0.50	1980	0.0000	0.0000
cologne1_setting1_presslight_prlight	SIM_TRAIN	211	59.8	103.2	-13.34	9.80	0.38	2001	0.0000	0.0000
cologne1_setting1_presslight_prlight	SIM_TRAIN	212	61.6	102.7	-14.73	10.82	0.38	1995	0.0000	0.0000
cologne1_setting1_presslight_prlight	SIM_TRAIN	213	56.4	109.6	-12.72	9.11	0.36	1993	0.0000	0.0000
cologne1_setting1_presslight_prlight	REAL_TEST	213	81.2	100.0	-33.33	24.59	0.48	1988	0.0000	0.0000
cologne1_setting1_presslight_prlight	SIM_TRAIN	214	63.6	107.9	-15.75	11.93	0.38	2001	0.0000	0.0000
cologne1_setting1_presslight_prlight	SIM_TRAIN	215	98.3	103.6	-28.86	23.47	0.44	2001	0.0000	0.0000
cologne1_setting1_presslight_prlight	SIM_TRAIN	216	97.5	118.6	-27.48	22.35	0.44	1993	0.0000	0.0000
cologne1_setting1_presslight_prlight	REAL_TEST	216	66.7	100.0	-26.88	18.04	0.48	1981	0.0000	0.0000
cologne1_setting1_presslight_prlight	SIM_TRAIN	217	74.9	116.3	-20.47	16.56	0.42	1980	0.0000	0.0000
cologne1_setting1_presslight_prlight	SIM_TRAIN	218	71.4	111.5	-17.21	13.29	0.40	1993	0.0000	0.0000
cologne1_setting1_presslight_prlight	SIM_TRAIN	219	60.4	112.7	-15.48	11.52	0.39	1993	0.0000	0.0000
cologne1_setting1_presslight_prlight	REAL_TEST	219	148.6	100.0	-68.09	60.59	0.56	1830	0.0000	0.0000
cologne1_setting1_presslight_prlight	SIM_TRAIN	220	96.1	121.1	-23.30	18.98	0.46	1993	0.0000	0.0000
cologne1_setting1_presslight_prlight	SIM_TRAIN	221	81.4	119.5	-21.57	17.21	0.42	1924	0.0000	0.0000
cologne1_setting1_presslight_prlight	SIM_TRAIN	222	87.8	126.0	-23.06	19.14	0.43	1870	0.0000	0.0000
cologne1_setting1_presslight_prlight	REAL_TEST	222	106.2	100.0	-42.58	34.55	0.55	1893	0.0000	0.0000
cologne1_setting1_presslight_prlight	SIM_TRAIN	223	100.0	119.5	-28.79	24.48	0.45	1835	0.0000	0.0000
cologne1_setting1_presslight_prlight	SIM_TRAIN	224	267.0	124.8	-49.94	44.71	0.56	1614	0.0000	0.0000
cologne1_setting1_presslight_prlight	SIM_TRAIN	225	268.9	117.6	-48.74	43.83	0.56	1602	0.0000	0.0000
cologne1_setting1_presslight_prlight	REAL_TEST	225	86.3	100.0	-33.24	24.66	0.51	1921	0.0000	0.0000
cologne1_setting1_presslight_prlight	SIM_TRAIN	226	72.2	124.1	-17.38	13.42	0.41	1923	0.0000	0.0000
cologne1_setting1_presslight_prlight	SIM_TRAIN	227	82.7	124.8	-19.88	15.88	0.42	1883	0.0000	0.0000
cologne1_setting1_presslight_prlight	SIM_TRAIN	228	131.3	122.3	-28.22	24.16	0.47	1791	0.0000	0.0000
cologne1_setting1_presslight_prlight	REAL_TEST	228	73.3	100.0	-28.61	19.82	0.50	1965	0.0000	0.0000
cologne1_setting1_presslight_prlight	SIM_TRAIN	229	87.2	120.0	-19.64	15.71	0.41	1862	0.0000	0.0000
cologne1_setting1_presslight_prlight	SIM_TRAIN	230	73.8	111.1	-16.70	13.11	0.37	1894	0.0000	0.0000
cologne1_setting1_presslight_prlight	SIM_TRAIN	231	84.4	106.6	-19.72	16.00	0.40	1830	0.0000	0.0000
cologne1_setting1_presslight_prlight	REAL_TEST	231	61.8	100.0	-24.29	15.34	0.44	1954	0.0000	0.0000
cologne1_setting1_presslight_prlight	SIM_TRAIN	232	161.3	101.6	-27.33	23.48	0.44	1753	0.0000	0.0000
cologne1_setting1_presslight_prlight	SIM_TRAIN	233	81.3	99.5	-17.89	14.11	0.39	1877	0.0000	0.0000
cologne1_setting1_presslight_prlight	SIM_TRAIN	234	134.4	95.6	-26.11	22.01	0.47	1829	0.0000	0.0000
cologne1_setting1_presslight_prlight	REAL_TEST	234	118.4	100.0	-41.63	33.69	0.53	1692	0.0000	0.0000
cologne1_setting1_presslight_prlight	SIM_TRAIN	235	90.7	91.2	-20.66	16.74	0.40	1822	0.0000	0.0000
cologne1_setting1_presslight_prlight	SIM_TRAIN	236	74.5	95.1	-17.21	13.48	0.39	1855	0.0000	0.0000
cologne1_setting1_presslight_prlight	SIM_TRAIN	237	74.2	89.5	-17.14	13.31	0.40	1914	0.0000	0.0000
cologne1_setting1_presslight_prlight	REAL_TEST	237	123.6	100.0	-42.11	34.36	0.53	1630	0.0000	0.0000
cologne1_setting1_presslight_prlight	SIM_TRAIN	238	114.0	91.0	-23.06	19.29	0.40	1765	0.0000	0.0000
cologne1_setting1_presslight_prlight	SIM_TRAIN	239	143.5	89.7	-30.12	25.63	0.47	1725	0.0000	0.0000
cologne1_setting1_presslight_prlight	SIM_TRAIN	240	99.6	83.5	-25.01	20.81	0.44	1814	0.0000	0.0000
cologne1_setting1_presslight_prlight	REAL_TEST	240	97.6	100.0	-37.46	29.22	0.51	1749	0.0000	0.0000
cologne1_setting1_presslight_prlight	SIM_TRAIN	241	155.8	91.8	-30.43	25.97	0.47	1775	0.0000	0.0000
cologne1_setting1_presslight_prlight	SIM_TRAIN	242	194.4	103.6	-36.40	31.85	0.49	1651	0.0000	0.0000
cologne1_setting1_presslight_prlight	SIM_TRAIN	243	130.0	96.2	-26.81	22.67	0.45	1808	0.0000	0.0000
cologne1_setting1_presslight_prlight	REAL_TEST	243	157.2	100.0	-55.15	48.01	0.56	1637	0.0000	0.0000
cologne1_setting1_presslight_prlight	SIM_TRAIN	244	101.5	100.0	-27.14	22.88	0.46	1861	0.0000	0.0000
cologne1_setting1_presslight_prlight	SIM_TRAIN	245	175.8	97.0	-40.82	35.88	0.49	1730	0.0000	0.0000
cologne1_setting1_presslight_prlight	SIM_TRAIN	246	73.6	104.6	-17.68	13.97	0.39	1860	0.0000	0.0000
cologne1_setting1_presslight_prlight	REAL_TEST	246	66.5	100.0	-26.14	17.30	0.48	1995	0.0000	0.0000
cologne1_setting1_presslight_prlight	SIM_TRAIN	247	202.3	104.6	-34.81	30.43	0.49	1765	0.0000	0.0000
cologne1_setting1_presslight_prlight	SIM_TRAIN	248	82.9	119.7	-19.11	15.42	0.41	1834	0.0000	0.0000
cologne1_setting1_presslight_prlight	SIM_TRAIN	249	250.5	120.7	-42.96	38.29	0.51	1596	0.0000	0.0000
cologne1_setting1_presslight_prlight	REAL_TEST	249	97.5	100.0	-36.20	28.03	0.51	1790	0.0000	0.0000
cologne1_setting1_presslight_prlight	SIM_TRAIN	250	225.7	121.8	-39.83	35.43	0.52	1629	0.0000	0.0000
cologne1_setting1_presslight_prlight	SIM_TRAIN	251	134.2	121.8	-32.40	27.88	0.47	1767	0.0000	0.0000
cologne1_setting1_presslight_prlight	SIM_TRAIN	252	115.2	130.0	-26.13	22.29	0.45	1767	0.0000	0.0000
cologne1_setting1_presslight_prlight	REAL_TEST	252	123.2	100.0	-42.04	34.33	0.53	1637	0.0000	0.0000
cologne1_setting1_presslight_prlight	SIM_TRAIN	253	200.6	128.1	-37.70	33.12	0.49	1654	0.0000	0.0000
cologne1_setting1_presslight_prlight	SIM_TRAIN	254	89.7	126.9	-22.30	18.23	0.41	1830	0.0000	0.0000
cologne1_setting1_presslight_prlight	SIM_TRAIN	255	92.4	128.7	-24.61	20.64	0.44	1820	0.0000	0.0000
cologne1_setting1_presslight_prlight	REAL_TEST	255	175.1	100.0	-63.43	56.34	0.60	1601	0.0000	0.0000
cologne1_setting1_presslight_prlight	SIM_TRAIN	256	183.8	116.1	-38.31	33.82	0.51	1706	0.0000	0.0000
cologne1_setting1_presslight_prlight	SIM_TRAIN	257	227.1	120.7	-53.05	48.24	0.52	1680	0.0000	0.0000
cologne1_setting1_presslight_prlight	SIM_TRAIN	258	99.6	122.2	-24.79	20.61	0.46	1841	0.0000	0.0000
cologne1_setting1_presslight_prlight	REAL_TEST	258	94.1	100.0	-36.52	28.36	0.52	1789	0.0000	0.0000
cologne1_setting1_presslight_prlight	SIM_TRAIN	259	108.8	111.2	-27.48	23.23	0.44	1802	0.0000	0.0000
cologne1_setting1_presslight_prlight	SIM_TRAIN	260	95.9	109.9	-26.56	22.16	0.45	1850	0.0000	0.0000
cologne1_setting1_presslight_prlight	SIM_TRAIN	261	227.8	110.9	-44.01	38.83	0.54	1755	0.0000	0.0000
cologne1_setting1_presslight_prlight	REAL_TEST	261	94.2	100.0	-36.11	27.71	0.52	1872	0.0000	0.0000
cologne1_setting1_presslight_prlight	SIM_TRAIN	262	75.8	112.4	-18.71	14.62	0.41	1949	0.0000	0.0000
cologne1_setting1_presslight_prlight	SIM_TRAIN	263	104.1	109.6	-26.04	21.75	0.44	1801	0.0000	0.0000
cologne1_setting1_presslight_prlight	SIM_TRAIN	264	83.7	113.7	-22.35	18.13	0.42	1858	0.0000	0.0000
cologne1_setting1_presslight_prlight	REAL_TEST	264	97.4	100.0	-44.18	36.08	0.52	1969	0.0000	0.0000
cologne1_setting1_presslight_prlight	SIM_TRAIN	265	65.9	119.6	-16.55	12.59	0.40	1996	0.0000	0.0000
cologne1_setting1_presslight_prlight	SIM_TRAIN	266	80.9	127.3	-21.11	17.07	0.43	1856	0.0000	0.0000
cologne1_setting1_presslight_prlight	SIM_TRAIN	267	88.7	127.2	-27.43	22.55	0.43	1914	0.0000	0.0000
cologne1_setting1_presslight_prlight	REAL_TEST	267	89.2	100.0	-36.41	27.95	0.53	1889	0.0000	0.0000
cologne1_setting1_presslight_prlight	SIM_TRAIN	268	191.5	130.1	-40.07	35.35	0.50	1678	0.0000	0.0000
cologne1_setting1_presslight_prlight	SIM_TRAIN	269	68.1	132.2	-19.41	15.15	0.42	1987	0.0000	0.0000
cologne1_setting1_presslight_prlight	SIM_TRAIN	270	86.1	129.3	-23.37	18.99	0.40	1858	0.0000	0.0000
cologne1_setting1_presslight_prlight	REAL_TEST	270	92.9	100.0	-35.24	26.88	0.50	1831	0.0000	0.0000
cologne1_setting1_presslight_prlight	SIM_TRAIN	271	115.3	129.7	-27.96	23.89	0.44	1800	0.0000	0.0000
cologne1_setting1_presslight_prlight	SIM_TRAIN	272	105.9	129.1	-24.10	20.15	0.43	1793	0.0000	0.0000
cologne1_setting1_presslight_prlight	SIM_TRAIN	273	77.9	134.6	-18.07	14.11	0.41	1957	0.0000	0.0000
cologne1_setting1_presslight_prlight	REAL_TEST	273	72.4	100.0	-27.94	19.38	0.45	1889	0.0000	0.0000
cologne1_setting1_presslight_prlight	SIM_TRAIN	274	98.6	125.4	-24.03	20.05	0.44	1817	0.0000	0.0000
cologne1_setting1_presslight_prlight	SIM_TRAIN	275	237.8	128.8	-49.62	44.50	0.54	1687	0.0000	0.0000
cologne1_setting1_presslight_prlight	SIM_TRAIN	276	235.6	126.6	-47.46	42.16	0.53	1657	0.0000	0.0000
cologne1_setting1_presslight_prlight	REAL_TEST	276	57.8	100.0	-21.98	12.94	0.43	1994	0.0000	0.0000
cologne1_setting1_presslight_prlight	SIM_TRAIN	277	350.5	122.4	-43.31	38.26	0.55	1703	0.0000	0.0000
cologne1_setting1_presslight_prlight	SIM_TRAIN	278	77.5	128.2	-21.11	16.89	0.40	1993	0.0000	0.0000
cologne1_setting1_presslight_prlight	SIM_TRAIN	279	65.9	135.3	-15.86	12.02	0.38	1971	0.0000	0.0000
cologne1_setting1_presslight_prlight	REAL_TEST	279	63.6	100.0	-24.60	15.88	0.46	1975	0.0000	0.0000
cologne1_setting1_presslight_prlight	SIM_TRAIN	280	181.5	134.6	-35.41	30.91	0.50	1693	0.0000	0.0000
cologne1_setting1_presslight_prlight	SIM_TRAIN	281	77.9	136.0	-19.48	15.31	0.42	1984	0.0000	0.0000
cologne1_setting1_presslight_prlight	SIM_TRAIN	282	249.7	141.2	-46.48	41.24	0.55	1663	0.0000	0.0000
cologne1_setting1_presslight_prlight	REAL_TEST	282	85.5	100.0	-31.94	23.57	0.49	1875	0.0000	0.0000
cologne1_setting1_presslight_prlight	SIM_TRAIN	283	269.7	150.7	-39.71	35.17	0.54	1914	0.0000	0.0000
cologne1_setting1_presslight_prlight	SIM_TRAIN	284	70.1	159.4	-16.44	12.59	0.39	1963	0.0000	0.0000
cologne1_setting1_presslight_prlight	SIM_TRAIN	285	72.7	162.7	-17.17	13.17	0.40	1957	0.0000	0.0000
cologne1_setting1_presslight_prlight	REAL_TEST	285	58.3	100.0	-22.08	13.24	0.45	1985	0.0000	0.0000
cologne1_setting1_presslight_prlight	SIM_TRAIN	286	274.2	154.9	-48.42	43.12	0.55	1618	0.0000	0.0000
cologne1_setting1_presslight_prlight	SIM_TRAIN	287	68.3	155.1	-16.06	12.23	0.39	1930	0.0000	0.0000
cologne1_setting1_presslight_prlight	SIM_TRAIN	288	288.8	151.8	-51.22	46.36	0.55	1610	0.0000	0.0000
cologne1_setting1_presslight_prlight	REAL_TEST	288	127.1	100.0	-57.40	49.71	0.51	1888	0.0000	0.0000
cologne1_setting1_presslight_prlight	SIM_TRAIN	289	258.6	150.8	-51.66	46.60	0.53	1653	0.0000	0.0000
cologne1_setting1_presslight_prlight	SIM_TRAIN	290	92.7	155.1	-25.24	20.82	0.45	1944	0.0000	0.0000
cologne1_setting1_presslight_prlight	SIM_TRAIN	291	73.9	159.4	-18.80	14.77	0.42	1967	0.0000	0.0000
cologne1_setting1_presslight_prlight	REAL_TEST	291	79.9	100.0	-34.40	25.71	0.46	1997	0.0000	0.0000
cologne1_setting1_presslight_prlight	SIM_TRAIN	292	100.2	157.9	-28.85	23.94	0.45	1947	0.0000	0.0000
cologne1_setting1_presslight_prlight	SIM_TRAIN	293	100.0	162.0	-30.32	25.11	0.43	1858	0.0000	0.0000
cologne1_setting1_presslight_prlight	SIM_TRAIN	294	109.8	159.4	-33.42	28.49	0.45	1986	0.0000	0.0000
cologne1_setting1_presslight_prlight	REAL_TEST	294	109.5	100.0	-48.46	40.34	0.49	1889	0.0000	0.0000
cologne1_setting1_presslight_prlight	SIM_TRAIN	295	152.9	158.7	-44.99	40.21	0.48	1825	0.0000	0.0000
cologne1_setting1_presslight_prlight	SIM_TRAIN	296	82.6	166.5	-23.07	18.29	0.40	1933	0.0000	0.0000
cologne1_setting1_presslight_prlight	SIM_TRAIN	297	194.0	167.3	-54.08	48.96	0.48	1757	0.0000	0.0000
cologne1_setting1_presslight_prlight	REAL_TEST	297	139.3	100.0	-62.81	55.17	0.53	1813	0.0000	0.0000
cologne1_setting1_presslight_prlight	SIM_TRAIN	298	89.5	170.9	-26.44	21.82	0.41	1997	0.0000	0.0000
cologne1_setting1_presslight_prlight	SIM_TRAIN	299	127.6	172.7	-37.54	32.28	0.46	1981	0.0000	0.0000
