tempe_1x1_dz100_dqn_domain_randomization	REAL_TEST	3	172.9	100.0	-10.90	18.48	0.46	1825
tempe_1x1_dz100_dqn_domain_randomization	REAL_TEST	6	156.3	100.0	-5.63	9.17	0.37	1828
tempe_1x1_dz100_dqn_domain_randomization	REAL_TEST	9	754.1	100.0	-212.17	347.03	0.71	993
tempe_1x1_dz100_dqn_domain_randomization	REAL_TEST	12	264.6	100.0	-43.30	71.26	0.59	1658
tempe_1x1_dz100_dqn_domain_randomization	REAL_TEST	15	1420.2	100.0	-373.27	586.85	0.74	554
tempe_1x1_dz100_dqn_domain_randomization	REAL_TEST	18	1965.9	100.0	-458.67	725.37	0.75	124
tempe_1x1_dz100_dqn_domain_randomization	REAL_TEST	21	1931.6	100.0	-451.77	713.91	0.74	125
tempe_1x1_dz100_dqn_domain_randomization	REAL_TEST	24	1995.4	100.0	-462.51	731.51	0.75	109
tempe_1x1_dz100_dqn_domain_randomization	REAL_TEST	27	1924.5	100.0	-454.07	718.32	0.75	133
tempe_1x1_dz100_dqn_domain_randomization	REAL_TEST	30	1161.8	100.0	-311.80	493.06	0.69	523
tempe_1x1_dz100_dqn_domain_randomization	REAL_TEST	33	917.9	100.0	-261.20	421.33	0.68	828
tempe_1x1_dz100_dqn_domain_randomization	REAL_TEST	36	565.1	100.0	-149.46	245.99	0.61	1158
tempe_1x1_dz100_dqn_domain_randomization	REAL_TEST	39	211.6	100.0	-24.57	39.04	0.53	1789
tempe_1x1_dz100_dqn_domain_randomization	REAL_TEST	42	161.8	100.0	-7.17	12.50	0.42	1825
tempe_1x1_dz100_dqn_domain_randomization	REAL_TEST	45	159.6	100.0	-7.35	11.11	0.38	1833
tempe_1x1_dz100_dqn_domain_randomization	REAL_TEST	48	208.7	100.0	-22.64	38.02	0.56	1805
tempe_1x1_dz100_dqn_domain_randomization	REAL_TEST	51	173.2	100.0	-11.09	18.39	0.47	1813
tempe_1x1_dz100_dqn_domain_randomization	REAL_TEST	54	195.1	100.0	-18.41	31.16	0.51	1793
tempe_1x1_dz100_dqn_domain_randomization	REAL_TEST	57	1019.6	100.0	-279.48	458.48	0.75	890
tempe_1x1_dz100_dqn_domain_randomization	REAL_TEST	60	825.7	100.0	-228.17	374.39	0.72	1001
tempe_1x1_dz100_dqn_domain_randomization	REAL_TEST	63	233.3	100.0	-31.72	51.74	0.53	1756
tempe_1x1_dz100_dqn_domain_randomization	REAL_TEST	66	157.9	100.0	-6.27	10.39	0.42	1827
tempe_1x1_dz100_dqn_domain_randomization	REAL_TEST	69	236.7	100.0	-35.12	58.04	0.56	1595
tempe_1x1_dz100_dqn_domain_randomization	REAL_TEST	72	215.9	100.0	-26.73	41.47	0.55	1807
tempe_1x1_dz100_dqn_domain_randomization	REAL_TEST	75	158.2	100.0	-6.22	10.32	0.40	1833
tempe_1x1_dz100_dqn_domain_randomization	REAL_TEST	78	817.0	100.0	-219.26	364.20	0.63	1025
tempe_1x1_dz100_dqn_domain_randomization	REAL_TEST	81	271.4	100.0	-44.99	73.31	0.59	1730
tempe_1x1_dz100_dqn_domain_randomization	REAL_TEST	84	571.6	100.0	-151.63	243.91	0.71	1345
tempe_1x1_dz100_dqn_domain_randomization	REAL_TEST	87	519.0	100.0	-134.57	215.25	0.69	1379
tempe_1x1_dz100_dqn_domain_randomization	REAL_TEST	90	516.3	100.0	-138.87	212.85	0.60	1051
tempe_1x1_dz100_dqn_domain_randomization	REAL_TEST	93	650.9	100.0	-170.91	279.16	0.66	1368
tempe_1x1_dz100_dqn_domain_randomization	REAL_TEST	96	653.3	100.0	-180.72	290.74	0.72	1247
tempe_1x1_dz100_dqn_domain_randomization	REAL_TEST	99	288.9	100.0	-53.16	83.62	0.60	1666
tempe_1x1_dz100_dqn_domain_randomization	REAL_TEST	102	181.1	100.0	-14.29	24.06	0.51	1763
tempe_1x1_dz100_dqn_domain_randomization	REAL_TEST	105	208.3	100.0	-24.20	37.82	0.58	1808
tempe_1x1_dz100_dqn_domain_randomization	REAL_TEST	108	183.7	100.0	-16.37	24.27	0.51	1820
tempe_1x1_dz100_dqn_domain_randomization	REAL_TEST	111	223.8	100.0	-30.28	46.28	0.58	1800
tempe_1x1_dz100_dqn_domain_randomization	REAL_TEST	114	421.9	100.0	-100.58	160.13	0.62	1515
tempe_1x1_dz100_dqn_domain_randomization	REAL_TEST	117	224.9	100.0	-28.69	47.34	0.49	1761
tempe_1x1_dz100_dqn_domain_randomization	REAL_TEST	120	361.8	100.0	-75.78	126.00	0.50	1566
tempe_1x1_dz100_dqn_domain_randomization	REAL_TEST	123	174.8	100.0	-11.56	19.23	0.48	1820
tempe_1x1_dz100_dqn_domain_randomization	REAL_TEST	126	496.4	100.0	-127.62	207.02	0.65	1206
tempe_1x1_dz100_dqn_domain_randomization	REAL_TEST	129	975.8	100.0	-276.35	448.83	0.73	853
tempe_1x1_dz100_dqn_domain_randomization	REAL_TEST	132	163.3	100.0	-7.94	12.61	0.40	1827
tempe_1x1_dz100_dqn_domain_randomization	REAL_TEST	135	1885.6	100.0	-448.02	699.95	0.75	188
tempe_1x1_dz100_dqn_domain_randomization	REAL_TEST	138	1049.5	100.0	-295.45	480.06	0.74	813
tempe_1x1_dz100_dqn_domain_randomization	REAL_TEST	141	837.5	100.0	-237.71	386.58	0.72	934
tempe_1x1_dz100_dqn_domain_randomization	REAL_TEST	144	500.1	100.0	-129.75	202.45	0.66	1491
tempe_1x1_dz100_dqn_domain_randomization	REAL_TEST	147	969.9	100.0	-255.21	422.38	0.71	994
tempe_1x1_dz100_dqn_domain_randomization	REAL_TEST	150	189.3	100.0	-16.71	27.48	0.54	1816
tempe_1x1_dz100_dqn_domain_randomization	REAL_TEST	153	180.9	100.0	-13.80	22.94	0.52	1820
tempe_1x1_dz100_dqn_domain_randomization	REAL_TEST	156	406.8	100.0	-91.22	150.84	0.56	1559
tempe_1x1_dz100_dqn_domain_randomization	REAL_TEST	159	195.9	100.0	-19.82	30.72	0.53	1799
tempe_1x1_dz100_dqn_domain_randomization	REAL_TEST	162	325.8	100.0	-62.71	102.55	0.68	1713
tempe_1x1_dz100_dqn_domain_randomization	REAL_TEST	165	381.9	100.0	-82.96	136.74	0.71	1572
tempe_1x1_dz100_dqn_domain_randomization	REAL_TEST	168	156.5	100.0	-5.90	9.34	0.38	1832
tempe_1x1_dz100_dqn_domain_randomization	REAL_TEST	171	198.0	100.0	-20.22	32.27	0.53	1789
tempe_1x1_dz100_dqn_domain_randomization	REAL_TEST	174	172.6	100.0	-12.03	17.95	0.44	1816
tempe_1x1_dz100_dqn_domain_randomization	REAL_TEST	177	707.6	100.0	-196.29	319.87	0.68	1073
tempe_1x1_dz100_dqn_domain_randomization	REAL_TEST	180	196.1	100.0	-18.98	30.68	0.47	1813
tempe_1x1_dz100_dqn_domain_randomization	REAL_TEST	183	605.0	100.0	-166.32	241.44	0.62	1284
tempe_1x1_dz100_dqn_domain_randomization	REAL_TEST	186	237.4	100.0	-35.89	54.82	0.56	1751
tempe_1x1_dz100_dqn_domain_randomization	REAL_TEST	189	1283.7	100.0	-337.73	528.33	0.65	661
tempe_1x1_dz100_dqn_domain_randomization	REAL_TEST	192	358.6	100.0	-80.72	121.90	0.67	1639
tempe_1x1_dz100_dqn_domain_randomization	REAL_TEST	195	191.5	100.0	-19.68	28.69	0.49	1811
tempe_1x1_dz100_dqn_domain_randomization	REAL_TEST	198	301.8	100.0	-59.67	90.22	0.60	1670
tempe_1x1_dz100_dqn_domain_randomization	REAL_TEST	201	177.9	100.0	-13.99	21.10	0.48	1820
tempe_1x1_dz100_dqn_domain_randomization	REAL_TEST	204	227.7	100.0	-29.10	48.44	0.51	1795
tempe_1x1_dz100_dqn_domain_randomization	REAL_TEST	207	231.0	100.0	-30.79	50.44	0.53	1774
tempe_1x1_dz100_dqn_domain_randomization	REAL_TEST	210	553.3	100.0	-146.72	238.21	0.68	1201
tempe_1x1_dz100_dqn_domain_randomization	REAL_TEST	213	195.4	100.0	-20.45	30.59	0.56	1817
tempe_1x1_dz100_dqn_domain_randomization	REAL_TEST	216	547.2	100.0	-145.91	230.02	0.65	1376
tempe_1x1_dz100_dqn_domain_randomization	REAL_TEST	219	994.8	100.0	-277.91	449.27	0.74	886
tempe_1x1_dz100_dqn_domain_randomization	REAL_TEST	222	162.9	100.0	-8.36	12.94	0.48	1825
tempe_1x1_dz100_dqn_domain_randomization	REAL_TEST	225	211.2	100.0	-24.65	39.36	0.59	1804
tempe_1x1_dz100_dqn_domain_randomization	REAL_TEST	228	278.3	100.0	-55.42	77.47	0.51	1707
tempe_1x1_dz100_dqn_domain_randomization	REAL_TEST	231	1030.9	100.0	-274.62	454.42	0.66	926
tempe_1x1_dz100_dqn_domain_randomization	REAL_TEST	234	401.8	100.0	-102.70	146.49	0.63	1604
tempe_1x1_dz100_dqn_domain_randomization	REAL_TEST	237	204.9	100.0	-21.66	35.95	0.54	1805
tempe_1x1_dz100_dqn_domain_randomization	REAL_TEST	240	193.2	100.0	-17.54	29.25	0.51	1805
tempe_1x1_dz100_dqn_domain_randomization	REAL_TEST	243	175.6	100.0	-13.65	19.86	0.41	1827
tempe_1x1_dz100_dqn_domain_randomization	REAL_TEST	246	191.7	100.0	-17.14	28.68	0.50	1813
tempe_1x1_dz100_dqn_domain_randomization	REAL_TEST	249	1014.9	100.0	-282.18	459.01	0.75	859
tempe_1x1_dz100_dqn_domain_randomization	REAL_TEST	252	881.1	100.0	-234.57	344.23	0.63	961
tempe_1x1_dz100_dqn_domain_randomization	REAL_TEST	255	428.9	100.0	-103.20	164.87	0.59	1450
tempe_1x1_dz100_dqn_domain_randomization	REAL_TEST	258	518.0	100.0	-136.25	219.09	0.67	1194
tempe_1x1_dz100_dqn_domain_randomization	REAL_TEST	261	213.1	100.0	-27.18	40.71	0.54	1794
tempe_1x1_dz100_dqn_domain_randomization	REAL_TEST	264	679.8	100.0	-192.38	309.09	0.68	1087
tempe_1x1_dz100_dqn_domain_randomization	REAL_TEST	267	1586.0	100.0	-406.40	636.97	0.74	439
tempe_1x1_dz100_dqn_domain_randomization	REAL_TEST	270	1743.5	100.0	-425.48	669.72	0.74	376
tempe_1x1_dz100_dqn_domain_randomization	REAL_TEST	273	1274.6	100.0	-340.56	535.66	0.75	590
tempe_1x1_dz100_dqn_domain_randomization	REAL_TEST	276	211.5	100.0	-23.64	39.64	0.52	1795
tempe_1x1_dz100_dqn_domain_randomization	REAL_TEST	279	872.6	100.0	-245.08	398.02	0.73	941
tempe_1x1_dz100_dqn_domain_randomization	REAL_TEST	282	993.6	100.0	-280.39	453.38	0.74	873
tempe_1x1_dz100_dqn_domain_randomization	REAL_TEST	285	163.1	100.0	-8.18	13.09	0.44	1824
tempe_1x1_dz100_dqn_domain_randomization	REAL_TEST	288	192.5	100.0	-20.36	29.22	0.53	1811
tempe_1x1_dz100_dqn_domain_randomization	REAL_TEST	291	847.3	100.0	-232.55	378.87	0.72	997
tempe_1x1_dz100_dqn_domain_randomization	REAL_TEST	294	414.1	100.0	-100.51	155.01	0.61	1519
tempe_1x1_dz100_dqn_domain_randomization	REAL_TEST	297	208.7	100.0	-26.67	38.17	0.54	1798
