tempe_1x1_dz10_dqn_domain_randomization	REAL_TEST	3	210.1	100.0	-23.37	39.54	0.43	1773
tempe_1x1_dz10_dqn_domain_randomization	REAL_TEST	6	183.1	100.0	-17.15	24.70	0.41	1777
tempe_1x1_dz10_dqn_domain_randomization	REAL_TEST	9	1013.2	100.0	-270.69	452.38	0.67	890
tempe_1x1_dz10_dqn_domain_randomization	REAL_TEST	12	887.8	100.0	-227.75	329.61	0.59	974
tempe_1x1_dz10_dqn_domain_randomization	REAL_TEST	15	1962.4	100.0	-460.25	717.78	0.76	157
tempe_1x1_dz10_dqn_domain_randomization	REAL_TEST	18	1149.6	100.0	-308.13	514.91	0.59	782
tempe_1x1_dz10_dqn_domain_randomization	REAL_TEST	21	1829.6	100.0	-421.35	662.04	0.61	215
tempe_1x1_dz10_dqn_domain_randomization	REAL_TEST	24	2012.1	100.0	-464.49	734.17	0.75	102
tempe_1x1_dz10_dqn_domain_randomization	REAL_TEST	27	469.6	100.0	-110.56	185.34	0.56	1475
tempe_1x1_dz10_dqn_domain_randomization	REAL_TEST	30	258.0	100.0	-39.63	66.58	0.52	1719
tempe_1x1_dz10_dqn_domain_randomization	REAL_TEST	33	1019.0	100.0	-267.28	446.47	0.71	933
tempe_1x1_dz10_dqn_domain_randomization	REAL_TEST	36	183.8	100.0	-16.42	24.62	0.50	1812
tempe_1x1_dz10_dqn_domain_randomization	REAL_TEST	39	1951.0	100.0	-458.42	715.47	0.75	160
tempe_1x1_dz10_dqn_domain_randomization	REAL_TEST	42	163.5	100.0	-7.68	13.41	0.42	1818
tempe_1x1_dz10_dqn_domain_randomization	REAL_TEST	45	1583.5	100.0	-379.55	592.08	0.66	323
tempe_1x1_dz10_dqn_domain_randomization	REAL_TEST	48	495.9	100.0	-132.14	201.65	0.49	1473
tempe_1x1_dz10_dqn_domain_randomization	REAL_TEST	51	1022.7	100.0	-270.00	451.28	0.61	916
tempe_1x1_dz10_dqn_domain_randomization	REAL_TEST	54	516.9	100.0	-126.51	211.59	0.58	1428
tempe_1x1_dz10_dqn_domain_randomization	REAL_TEST	57	263.3	100.0	-41.00	68.96	0.50	1713
tempe_1x1_dz10_dqn_domain_randomization	REAL_TEST	60	515.5	100.0	-125.90	210.95	0.57	1429
tempe_1x1_dz10_dqn_domain_randomization	REAL_TEST	63	1962.4	100.0	-460.25	717.78	0.76	157
tempe_1x1_dz10_dqn_domain_randomization	REAL_TEST	66	161.5	100.0	-7.87	12.37	0.43	1824
tempe_1x1_dz10_dqn_domain_randomization	REAL_TEST	69	313.7	100.0	-57.89	97.12	0.59	1658
tempe_1x1_dz10_dqn_domain_randomization	REAL_TEST	72	1961.2	100.0	-460.04	717.41	0.76	153
tempe_1x1_dz10_dqn_domain_randomization	REAL_TEST	75	1008.4	100.0	-266.21	444.96	0.63	924
tempe_1x1_dz10_dqn_domain_randomization	REAL_TEST	78	872.8	100.0	-247.27	379.09	0.63	987
tempe_1x1_dz10_dqn_domain_randomization	REAL_TEST	81	479.1	100.0	-114.81	189.72	0.56	1485
tempe_1x1_dz10_dqn_domain_randomization	REAL_TEST	84	254.2	100.0	-38.07	64.12	0.44	1718
tempe_1x1_dz10_dqn_domain_randomization	REAL_TEST	87	678.8	100.0	-163.76	273.88	0.47	1247
tempe_1x1_dz10_dqn_domain_randomization	REAL_TEST	90	1076.1	100.0	-277.81	413.05	0.73	806
tempe_1x1_dz10_dqn_domain_randomization	REAL_TEST	93	1528.7	100.0	-349.22	541.54	0.54	471
tempe_1x1_dz10_dqn_domain_randomization	REAL_TEST	96	307.5	100.0	-55.98	94.26	0.52	1660
tempe_1x1_dz10_dqn_domain_randomization	REAL_TEST	99	1076.1	100.0	-277.81	413.05	0.73	806
tempe_1x1_dz10_dqn_domain_randomization	REAL_TEST	102	1160.7	100.0	-311.85	521.06	0.65	747
tempe_1x1_dz10_dqn_domain_randomization	REAL_TEST	105	888.0	100.0	-227.78	329.68	0.59	974
tempe_1x1_dz10_dqn_domain_randomization	REAL_TEST	108	725.9	100.0	-179.79	258.24	0.61	1042
tempe_1x1_dz10_dqn_domain_randomization	REAL_TEST	111	1689.4	100.0	-393.09	605.74	0.73	382
tempe_1x1_dz10_dqn_domain_randomization	REAL_TEST	114	890.1	100.0	-223.01	330.84	0.53	928
tempe_1x1_dz10_dqn_domain_randomization	REAL_TEST	117	323.1	100.0	-67.58	103.50	0.59	1637
tempe_1x1_dz10_dqn_domain_randomization	REAL_TEST	120	1022.2	100.0	-269.85	451.08	0.60	917
tempe_1x1_dz10_dqn_domain_randomization	REAL_TEST	123	1687.8	100.0	-394.21	607.42	0.73	381
tempe_1x1_dz10_dqn_domain_randomization	REAL_TEST	126	651.1	100.0	-174.28	258.08	0.58	1218
tempe_1x1_dz10_dqn_domain_randomization	REAL_TEST	129	257.4	100.0	-39.09	65.63	0.46	1714
tempe_1x1_dz10_dqn_domain_randomization	REAL_TEST	132	1831.8	100.0	-423.18	664.78	0.71	219
tempe_1x1_dz10_dqn_domain_randomization	REAL_TEST	135	1827.8	100.0	-421.99	663.05	0.68	221
tempe_1x1_dz10_dqn_domain_randomization	REAL_TEST	138	214.5	100.0	-28.59	42.26	0.48	1756
tempe_1x1_dz10_dqn_domain_randomization	REAL_TEST	141	1313.5	100.0	-357.62	597.42	0.76	624
tempe_1x1_dz10_dqn_domain_randomization	REAL_TEST	144	619.3	100.0	-150.02	208.56	0.53	1236
tempe_1x1_dz10_dqn_domain_randomization	REAL_TEST	147	1080.7	100.0	-286.81	479.10	0.70	856
tempe_1x1_dz10_dqn_domain_randomization	REAL_TEST	150	554.1	100.0	-142.50	232.53	0.64	1391
tempe_1x1_dz10_dqn_domain_randomization	REAL_TEST	153	1038.8	100.0	-273.92	457.69	0.69	894
tempe_1x1_dz10_dqn_domain_randomization	REAL_TEST	156	256.5	100.0	-39.14	65.30	0.48	1715
tempe_1x1_dz10_dqn_domain_randomization	REAL_TEST	159	1284.8	100.0	-349.69	584.17	0.76	639
tempe_1x1_dz10_dqn_domain_randomization	REAL_TEST	162	151.2	100.0	-3.78	6.85	0.37	1834
tempe_1x1_dz10_dqn_domain_randomization	REAL_TEST	165	350.3	100.0	-76.98	117.49	0.63	1621
tempe_1x1_dz10_dqn_domain_randomization	REAL_TEST	168	599.4	100.0	-163.72	241.19	0.62	1015
tempe_1x1_dz10_dqn_domain_randomization	REAL_TEST	171	773.9	100.0	-219.82	333.64	0.68	947
tempe_1x1_dz10_dqn_domain_randomization	REAL_TEST	174	634.1	100.0	-154.51	216.43	0.50	1192
tempe_1x1_dz10_dqn_domain_randomization	REAL_TEST	177	163.8	100.0	-7.98	13.19	0.44	1823
tempe_1x1_dz10_dqn_domain_randomization	REAL_TEST	180	1039.8	100.0	-263.51	398.60	0.55	812
tempe_1x1_dz10_dqn_domain_randomization	REAL_TEST	183	1808.8	100.0	-416.41	653.83	0.56	238
tempe_1x1_dz10_dqn_domain_randomization	REAL_TEST	186	881.2	100.0	-225.92	326.64	0.57	976
tempe_1x1_dz10_dqn_domain_randomization	REAL_TEST	189	1120.5	100.0	-300.48	501.76	0.69	774
tempe_1x1_dz10_dqn_domain_randomization	REAL_TEST	192	746.7	100.0	-189.52	265.86	0.60	1098
tempe_1x1_dz10_dqn_domain_randomization	REAL_TEST	195	937.5	100.0	-242.22	404.79	0.58	1001
tempe_1x1_dz10_dqn_domain_randomization	REAL_TEST	198	745.0	100.0	-189.03	265.13	0.58	1097
tempe_1x1_dz10_dqn_domain_randomization	REAL_TEST	201	864.1	100.0	-222.14	371.02	0.61	1061
tempe_1x1_dz10_dqn_domain_randomization	REAL_TEST	204	588.1	100.0	-155.92	251.69	0.58	1426
tempe_1x1_dz10_dqn_domain_randomization	REAL_TEST	207	259.7	100.0	-39.81	67.04	0.51	1719
tempe_1x1_dz10_dqn_domain_randomization	REAL_TEST	210	461.9	100.0	-135.79	183.36	0.55	1492
tempe_1x1_dz10_dqn_domain_randomization	REAL_TEST	213	798.1	100.0	-198.22	289.70	0.47	1015
tempe_1x1_dz10_dqn_domain_randomization	REAL_TEST	216	625.5	100.0	-163.19	233.74	0.52	1238
tempe_1x1_dz10_dqn_domain_randomization	REAL_TEST	219	411.3	100.0	-99.71	152.27	0.57	1543
tempe_1x1_dz10_dqn_domain_randomization	REAL_TEST	222	162.1	100.0	-7.67	12.53	0.49	1835
tempe_1x1_dz10_dqn_domain_randomization	REAL_TEST	225	746.5	100.0	-189.46	265.77	0.60	1099
tempe_1x1_dz10_dqn_domain_randomization	REAL_TEST	228	976.3	100.0	-255.33	426.71	0.56	949
tempe_1x1_dz10_dqn_domain_randomization	REAL_TEST	231	751.5	100.0	-185.72	268.58	0.46	1059
tempe_1x1_dz10_dqn_domain_randomization	REAL_TEST	234	619.9	100.0	-156.16	209.89	0.51	1213
tempe_1x1_dz10_dqn_domain_randomization	REAL_TEST	237	1313.5	100.0	-357.62	597.42	0.76	624
tempe_1x1_dz10_dqn_domain_randomization	REAL_TEST	240	1313.5	100.0	-357.62	597.42	0.76	624
tempe_1x1_dz10_dqn_domain_randomization	REAL_TEST	243	757.4	100.0	-187.82	272.42	0.46	1046
tempe_1x1_dz10_dqn_domain_randomization	REAL_TEST	246	392.5	100.0	-93.08	141.75	0.59	1556
tempe_1x1_dz10_dqn_domain_randomization	REAL_TEST	249	1313.5	100.0	-357.62	597.42	0.76	624
tempe_1x1_dz10_dqn_domain_randomization	REAL_TEST	252	748.4	100.0	-190.34	267.00	0.60	1098
tempe_1x1_dz10_dqn_domain_randomization	REAL_TEST	255	1066.2	100.0	-284.23	474.98	0.69	863
tempe_1x1_dz10_dqn_domain_randomization	REAL_TEST	258	532.4	100.0	-127.30	171.44	0.38	1258
tempe_1x1_dz10_dqn_domain_randomization	REAL_TEST	261	1022.9	100.0	-270.25	451.73	0.62	914
tempe_1x1_dz10_dqn_domain_randomization	REAL_TEST	264	1679.8	100.0	-392.27	603.87	0.73	385
tempe_1x1_dz10_dqn_domain_randomization	REAL_TEST	267	1165.3	100.0	-296.83	454.35	0.59	700
tempe_1x1_dz10_dqn_domain_randomization	REAL_TEST	270	1964.2	100.0	-457.21	722.60	0.75	120
tempe_1x1_dz10_dqn_domain_randomization	REAL_TEST	273	1174.1	100.0	-300.31	459.94	0.62	673
tempe_1x1_dz10_dqn_domain_randomization	REAL_TEST	276	1313.5	100.0	-357.62	597.42	0.76	624
tempe_1x1_dz10_dqn_domain_randomization	REAL_TEST	279	746.1	100.0	-189.56	265.83	0.56	1099
tempe_1x1_dz10_dqn_domain_randomization	REAL_TEST	282	454.7	100.0	-118.16	176.50	0.65	1521
tempe_1x1_dz10_dqn_domain_randomization	REAL_TEST	285	1082.1	100.0	-288.29	481.74	0.69	855
tempe_1x1_dz10_dqn_domain_randomization	REAL_TEST	288	737.7	100.0	-182.08	262.74	0.43	1078
tempe_1x1_dz10_dqn_domain_randomization	REAL_TEST	291	1313.5	100.0	-357.62	597.42	0.76	624
tempe_1x1_dz10_dqn_domain_randomization	REAL_TEST	294	881.3	100.0	-225.97	326.70	0.57	978
tempe_1x1_dz10_dqn_domain_randomization	REAL_TEST	297	935.5	100.0	-243.30	406.59	0.63	1002
