hz1x1_setting2_presslight_delayed_q	REAL_TEST	3	638.3	100.0	-196.30	187.17	0.77	915	0.0000	0.0000
hz1x1_setting2_presslight_delayed_q	REAL_TEST	6	602.4	100.0	-196.61	187.52	0.79	966	0.0000	0.0000
hz1x1_setting2_presslight_delayed_q	REAL_TEST	9	455.0	100.0	-212.50	199.49	0.80	1355	0.0000	0.0000
hz1x1_setting2_presslight_delayed_q	REAL_TEST	12	575.2	100.0	-213.67	202.78	0.79	1081	0.0000	0.0000
hz1x1_setting2_presslight_delayed_q	REAL_TEST	15	552.7	100.0	-219.62	208.68	0.81	1096	0.0000	0.0000
hz1x1_setting2_presslight_delayed_q	REAL_TEST	18	509.5	100.0	-205.52	193.71	0.78	1176	0.0000	0.0000
hz1x1_setting2_presslight_delayed_q	REAL_TEST	21	348.8	100.0	-139.71	127.48	0.66	1306	0.0000	0.0000
hz1x1_setting2_presslight_delayed_q	REAL_TEST	24	504.9	100.0	-219.22	207.37	0.80	1275	0.0000	0.0000
hz1x1_setting2_presslight_delayed_q	REAL_TEST	27	657.2	100.0	-183.55	176.07	0.77	830	0.0000	0.0000
hz1x1_setting2_presslight_delayed_q	REAL_TEST	30	448.5	100.0	-174.91	163.03	0.71	1222	0.0000	0.0000
hz1x1_setting2_presslight_delayed_q	REAL_TEST	33	483.2	100.0	-166.05	155.68	0.76	1083	0.0000	0.0000
hz1x1_setting2_presslight_delayed_q	REAL_TEST	36	573.7	100.0	-200.88	190.85	0.76	1083	0.0000	0.0000
hz1x1_setting2_presslight_delayed_q	REAL_TEST	39	453.6	100.0	-170.90	159.31	0.77	1173	0.0000	0.0000
hz1x1_setting2_presslight_delayed_q	REAL_TEST	42	550.0	100.0	-172.54	163.63	0.75	996	0.0000	0.0000
hz1x1_setting2_presslight_delayed_q	REAL_TEST	45	480.8	100.0	-173.15	162.58	0.72	1179	0.0000	0.0000
hz1x1_setting2_presslight_delayed_q	REAL_TEST	48	477.8	100.0	-174.01	163.12	0.76	1177	0.0000	0.0000
hz1x1_setting2_presslight_delayed_q	REAL_TEST	51	456.9	100.0	-173.49	161.85	0.76	1239	0.0000	0.0000
hz1x1_setting2_presslight_delayed_q	REAL_TEST	54	477.9	100.0	-174.45	163.57	0.76	1178	0.0000	0.0000
hz1x1_setting2_presslight_delayed_q	REAL_TEST	57	475.9	100.0	-178.83	167.59	0.77	1227	0.0000	0.0000
hz1x1_setting2_presslight_delayed_q	REAL_TEST	60	492.0	100.0	-179.77	169.04	0.78	1084	0.0000	0.0000
hz1x1_setting2_presslight_delayed_q	REAL_TEST	63	592.5	100.0	-205.69	196.03	0.81	942	0.0000	0.0000
hz1x1_setting2_presslight_delayed_q	REAL_TEST	66	714.7	100.0	-229.79	220.72	0.81	867	0.0000	0.0000
hz1x1_setting2_presslight_delayed_q	REAL_TEST	69	665.3	100.0	-219.08	210.20	0.82	872	0.0000	0.0000
hz1x1_setting2_presslight_delayed_q	REAL_TEST	72	459.1	100.0	-199.82	187.55	0.81	1295	0.0000	0.0000
hz1x1_setting2_presslight_delayed_q	REAL_TEST	75	594.9	100.0	-209.17	199.02	0.81	1049	0.0000	0.0000
hz1x1_setting2_presslight_delayed_q	REAL_TEST	78	668.3	100.0	-220.37	211.01	0.82	891	0.0000	0.0000
hz1x1_setting2_presslight_delayed_q	REAL_TEST	81	645.1	100.0	-223.33	213.61	0.83	931	0.0000	0.0000
hz1x1_setting2_presslight_delayed_q	REAL_TEST	84	511.1	100.0	-191.96	180.80	0.78	1117	0.0000	0.0000
hz1x1_setting2_presslight_delayed_q	REAL_TEST	87	385.4	100.0	-176.84	163.04	0.78	1468	0.0000	0.0000
hz1x1_setting2_presslight_delayed_q	REAL_TEST	90	423.9	100.0	-181.48	169.05	0.77	1358	0.0000	0.0000
hz1x1_setting2_presslight_delayed_q	REAL_TEST	93	561.0	100.0	-199.59	189.43	0.77	1067	0.0000	0.0000
hz1x1_setting2_presslight_delayed_q	REAL_TEST	96	689.8	100.0	-231.53	222.48	0.83	874	0.0000	0.0000
hz1x1_setting2_presslight_delayed_q	REAL_TEST	99	660.1	100.0	-223.10	213.37	0.83	900	0.0000	0.0000
hz1x1_setting2_presslight_delayed_q	REAL_TEST	102	658.7	100.0	-234.34	224.36	0.83	943	0.0000	0.0000
hz1x1_setting2_presslight_delayed_q	REAL_TEST	105	509.9	100.0	-181.98	171.47	0.76	1091	0.0000	0.0000
hz1x1_setting2_presslight_delayed_q	REAL_TEST	108	707.2	100.0	-223.68	214.81	0.83	829	0.0000	0.0000
hz1x1_setting2_presslight_delayed_q	REAL_TEST	111	452.1	100.0	-182.76	171.22	0.78	1251	0.0000	0.0000
hz1x1_setting2_presslight_delayed_q	REAL_TEST	114	656.8	100.0	-230.97	221.12	0.82	995	0.0000	0.0000
hz1x1_setting2_presslight_delayed_q	REAL_TEST	117	652.8	100.0	-215.54	206.24	0.81	927	0.0000	0.0000
hz1x1_setting2_presslight_delayed_q	REAL_TEST	120	445.0	100.0	-193.14	179.99	0.80	1373	0.0000	0.0000
hz1x1_setting2_presslight_delayed_q	REAL_TEST	123	463.6	100.0	-188.61	176.51	0.79	1298	0.0000	0.0000
hz1x1_setting2_presslight_delayed_q	REAL_TEST	126	528.1	100.0	-206.43	195.05	0.79	1205	0.0000	0.0000
hz1x1_setting2_presslight_delayed_q	REAL_TEST	129	451.2	100.0	-164.75	153.89	0.76	1244	0.0000	0.0000
hz1x1_setting2_presslight_delayed_q	REAL_TEST	132	536.7	100.0	-232.70	220.40	0.82	1197	0.0000	0.0000
hz1x1_setting2_presslight_delayed_q	REAL_TEST	135	536.7	100.0	-232.70	220.40	0.82	1197	0.0000	0.0000
hz1x1_setting2_presslight_delayed_q	REAL_TEST	138	526.3	100.0	-228.55	216.13	0.82	1215	0.0000	0.0000
hz1x1_setting2_presslight_delayed_q	REAL_TEST	141	454.1	100.0	-175.05	163.69	0.76	1257	0.0000	0.0000
hz1x1_setting2_presslight_delayed_q	REAL_TEST	144	501.5	100.0	-197.47	186.08	0.78	1190	0.0000	0.0000
hz1x1_setting2_presslight_delayed_q	REAL_TEST	147	442.2	100.0	-188.32	176.51	0.74	1407	0.0000	0.0000
hz1x1_setting2_presslight_delayed_q	REAL_TEST	150	478.1	100.0	-198.75	186.71	0.79	1246	0.0000	0.0000
hz1x1_setting2_presslight_delayed_q	REAL_TEST	153	629.0	100.0	-236.17	225.71	0.83	1004	0.0000	0.0000
hz1x1_setting2_presslight_delayed_q	REAL_TEST	156	624.3	100.0	-221.49	211.37	0.83	965	0.0000	0.0000
hz1x1_setting2_presslight_delayed_q	REAL_TEST	159	443.4	100.0	-205.87	192.52	0.79	1482	0.0000	0.0000
hz1x1_setting2_presslight_delayed_q	REAL_TEST	162	495.5	100.0	-192.68	180.70	0.76	1271	0.0000	0.0000
hz1x1_setting2_presslight_delayed_q	REAL_TEST	165	480.1	100.0	-206.15	193.05	0.79	1266	0.0000	0.0000
hz1x1_setting2_presslight_delayed_q	REAL_TEST	168	435.7	100.0	-184.79	172.12	0.78	1314	0.0000	0.0000
hz1x1_setting2_presslight_delayed_q	REAL_TEST	171	459.8	100.0	-186.88	174.93	0.78	1234	0.0000	0.0000
hz1x1_setting2_presslight_delayed_q	REAL_TEST	174	514.7	100.0	-206.34	194.07	0.80	1249	0.0000	0.0000
hz1x1_setting2_presslight_delayed_q	REAL_TEST	177	545.9	100.0	-226.26	214.45	0.80	1143	0.0000	0.0000
hz1x1_setting2_presslight_delayed_q	REAL_TEST	180	528.6	100.0	-213.25	201.43	0.81	1148	0.0000	0.0000
hz1x1_setting2_presslight_delayed_q	REAL_TEST	183	465.3	100.0	-196.48	184.00	0.80	1357	0.0000	0.0000
hz1x1_setting2_presslight_delayed_q	REAL_TEST	186	418.9	100.0	-177.58	164.39	0.78	1437	0.0000	0.0000
hz1x1_setting2_presslight_delayed_q	REAL_TEST	189	419.0	100.0	-170.73	158.46	0.75	1366	0.0000	0.0000
hz1x1_setting2_presslight_delayed_q	REAL_TEST	192	489.1	100.0	-166.08	156.00	0.74	1062	0.0000	0.0000
hz1x1_setting2_presslight_delayed_q	REAL_TEST	195	751.3	100.0	-185.39	178.69	0.74	669	0.0000	0.0000
hz1x1_setting2_presslight_delayed_q	REAL_TEST	198	546.2	100.0	-190.69	180.04	0.75	1074	0.0000	0.0000
hz1x1_setting2_presslight_delayed_q	REAL_TEST	201	465.2	100.0	-189.62	176.59	0.76	1327	0.0000	0.0000
hz1x1_setting2_presslight_delayed_q	REAL_TEST	204	490.1	100.0	-197.89	186.12	0.80	1182	0.0000	0.0000
hz1x1_setting2_presslight_delayed_q	REAL_TEST	207	586.7	100.0	-210.87	200.71	0.81	1002	0.0000	0.0000
hz1x1_setting2_presslight_delayed_q	REAL_TEST	210	595.4	100.0	-209.27	199.04	0.81	971	0.0000	0.0000
hz1x1_setting2_presslight_delayed_q	REAL_TEST	213	459.9	100.0	-181.61	169.76	0.77	1264	0.0000	0.0000
hz1x1_setting2_presslight_delayed_q	REAL_TEST	216	611.6	100.0	-213.24	203.13	0.82	959	0.0000	0.0000
hz1x1_setting2_presslight_delayed_q	REAL_TEST	219	570.5	100.0	-205.52	194.75	0.80	1008	0.0000	0.0000
hz1x1_setting2_presslight_delayed_q	REAL_TEST	222	669.0	100.0	-236.59	226.64	0.83	929	0.0000	0.0000
hz1x1_setting2_presslight_delayed_q	REAL_TEST	225	698.0	100.0	-225.70	216.71	0.83	854	0.0000	0.0000
hz1x1_setting2_presslight_delayed_q	REAL_TEST	228	538.1	100.0	-202.35	191.77	0.79	1115	0.0000	0.0000
hz1x1_setting2_presslight_delayed_q	REAL_TEST	231	502.9	100.0	-197.73	185.53	0.79	1284	0.0000	0.0000
hz1x1_setting2_presslight_delayed_q	REAL_TEST	234	505.2	100.0	-187.14	176.36	0.76	1157	0.0000	0.0000
hz1x1_setting2_presslight_delayed_q	REAL_TEST	237	530.7	100.0	-199.79	189.05	0.76	1138	0.0000	0.0000
hz1x1_setting2_presslight_delayed_q	REAL_TEST	240	543.2	100.0	-204.33	193.38	0.77	1131	0.0000	0.0000
hz1x1_setting2_presslight_delayed_q	REAL_TEST	243	521.4	100.0	-182.76	172.64	0.76	1092	0.0000	0.0000
hz1x1_setting2_presslight_delayed_q	REAL_TEST	246	523.7	100.0	-190.62	180.22	0.76	1106	0.0000	0.0000
hz1x1_setting2_presslight_delayed_q	REAL_TEST	249	513.8	100.0	-177.55	167.28	0.77	1118	0.0000	0.0000
hz1x1_setting2_presslight_delayed_q	REAL_TEST	252	428.0	100.0	-189.48	176.09	0.78	1425	0.0000	0.0000
hz1x1_setting2_presslight_delayed_q	REAL_TEST	255	454.6	100.0	-193.67	180.92	0.78	1314	0.0000	0.0000
hz1x1_setting2_presslight_delayed_q	REAL_TEST	258	545.9	100.0	-207.90	197.06	0.77	1105	0.0000	0.0000
hz1x1_setting2_presslight_delayed_q	REAL_TEST	261	513.4	100.0	-208.06	196.75	0.81	1156	0.0000	0.0000
hz1x1_setting2_presslight_delayed_q	REAL_TEST	264	662.4	100.0	-221.99	212.76	0.83	888	0.0000	0.0000
hz1x1_setting2_presslight_delayed_q	REAL_TEST	267	617.0	100.0	-226.98	216.78	0.83	1007	0.0000	0.0000
hz1x1_setting2_presslight_delayed_q	REAL_TEST	270	612.5	100.0	-219.56	209.25	0.82	977	0.0000	0.0000
hz1x1_setting2_presslight_delayed_q	REAL_TEST	273	623.7	100.0	-216.53	206.82	0.82	946	0.0000	0.0000
hz1x1_setting2_presslight_delayed_q	REAL_TEST	276	622.2	100.0	-216.66	206.84	0.82	949	0.0000	0.0000
hz1x1_setting2_presslight_delayed_q	REAL_TEST	279	555.0	100.0	-205.88	195.34	0.81	1043	0.0000	0.0000
hz1x1_setting2_presslight_delayed_q	REAL_TEST	282	538.8	100.0	-185.03	175.31	0.72	1083	0.0000	0.0000
hz1x1_setting2_presslight_delayed_q	REAL_TEST	285	514.8	100.0	-191.49	180.70	0.77	1120	0.0000	0.0000
hz1x1_setting2_presslight_delayed_q	REAL_TEST	288	545.9	100.0	-199.46	189.21	0.78	1080	0.0000	0.0000
hz1x1_setting2_presslight_delayed_q	REAL_TEST	291	465.7	100.0	-172.48	161.65	0.75	1229	0.0000	0.0000
hz1x1_setting2_presslight_delayed_q	REAL_TEST	294	739.0	100.0	-194.50	187.32	0.75	728	0.0000	0.0000
hz1x1_setting2_presslight_delayed_q	REAL_TEST	297	485.2	100.0	-187.99	176.88	0.79	1196	0.0000	0.0000
