cologne1_setting3_dqn_domain_adaptation	SIM_TEST	0	54.7	0.0	-8.18	4.99	0.33	2000
cologne1_setting3_dqn_domain_adaptation	REAL_TRAIN	0	218.5	0.0	-70.19	46.39	0.86	1572
cologne1_setting3_dqn_domain_adaptation	SIM_TEST	1	63.1	0.0	-9.76	6.09	0.38	2000
cologne1_setting3_dqn_domain_adaptation	REAL_TRAIN	1	218.5	0.0	-70.19	46.39	0.86	1572
cologne1_setting3_dqn_domain_adaptation	SIM_TEST	2	57.8	0.0	-7.50	4.75	0.36	2001
cologne1_setting3_dqn_domain_adaptation	REAL_TRAIN	2	218.5	0.0	-70.19	46.39	0.86	1572
cologne1_setting3_dqn_domain_adaptation	SIM_TEST	3	43.4	0.0	-5.51	3.28	0.28	2001
cologne1_setting3_dqn_domain_adaptation	REAL_TRAIN	3	218.5	0.0	-70.19	46.39	0.86	1572
cologne1_setting3_dqn_domain_adaptation	SIM_TEST	4	51.3	0.0	-7.91	4.90	0.31	2001
cologne1_setting3_dqn_domain_adaptation	REAL_TRAIN	4	1236.7	0.0	-167.28	111.60	0.93	274
cologne1_setting3_dqn_domain_adaptation	SIM_TEST	5	59.3	0.0	-9.11	5.63	0.35	2001
cologne1_setting3_dqn_domain_adaptation	REAL_TRAIN	5	1236.7	0.0	-167.28	111.60	0.93	274
cologne1_setting3_dqn_domain_adaptation	SIM_TEST	6	43.9	0.0	-5.72	3.43	0.28	2001
cologne1_setting3_dqn_domain_adaptation	REAL_TRAIN	6	1236.7	0.0	-167.28	111.60	0.93	274
cologne1_setting3_dqn_domain_adaptation	SIM_TEST	7	60.0	0.0	-8.76	5.35	0.35	2000
cologne1_setting3_dqn_domain_adaptation	REAL_TRAIN	7	1236.7	0.0	-167.28	111.60	0.93	274
cologne1_setting3_dqn_domain_adaptation	SIM_TEST	8	47.9	0.0	-7.42	4.47	0.30	2001
cologne1_setting3_dqn_domain_adaptation	REAL_TRAIN	8	218.5	0.0	-70.19	46.39	0.86	1572
cologne1_setting3_dqn_domain_adaptation	SIM_TEST	9	53.0	0.0	-10.09	6.47	0.33	2000
cologne1_setting3_dqn_domain_adaptation	REAL_TRAIN	9	218.5	0.0	-70.19	46.39	0.86	1572
cologne1_setting3_dqn_domain_adaptation	SIM_TRAIN	9	498.4	0.0	-62.74	41.32	0.78	1609
cologne1_setting3_dqn_domain_adaptation	SIM_TEST	10	56.9	0.0	-8.24	5.08	0.35	2001
cologne1_setting3_dqn_domain_adaptation	REAL_TRAIN	10	1236.7	0.0	-167.28	111.60	0.93	274
cologne1_setting3_dqn_domain_adaptation	SIM_TRAIN	10	533.3	0.0	-63.84	42.26	0.80	1578
cologne1_setting3_dqn_domain_adaptation	SIM_TEST	11	65.9	0.0	-9.07	5.67	0.39	2000
cologne1_setting3_dqn_domain_adaptation	REAL_TRAIN	11	218.5	0.0	-70.19	46.39	0.86	1572
cologne1_setting3_dqn_domain_adaptation	SIM_TRAIN	11	482.6	209.0	-42.35	27.72	0.75	1685
cologne1_setting3_dqn_domain_adaptation	SIM_TEST	12	47.0	0.0	-6.67	4.09	0.31	2001
cologne1_setting3_dqn_domain_adaptation	REAL_TRAIN	12	237.7	0.0	-73.03	48.34	0.87	1540
cologne1_setting3_dqn_domain_adaptation	SIM_TRAIN	12	256.6	177.8	-20.06	13.02	0.68	1910
cologne1_setting3_dqn_domain_adaptation	SIM_TEST	13	47.6	0.0	-7.70	4.62	0.31	2000
cologne1_setting3_dqn_domain_adaptation	REAL_TRAIN	13	224.7	0.0	-69.33	45.89	0.86	1599
cologne1_setting3_dqn_domain_adaptation	SIM_TRAIN	13	235.6	161.0	-15.00	9.65	0.64	1916
cologne1_setting3_dqn_domain_adaptation	SIM_TEST	14	58.1	0.0	-9.46	5.92	0.35	2000
cologne1_setting3_dqn_domain_adaptation	REAL_TRAIN	14	226.6	0.0	-73.84	48.98	0.87	1559
cologne1_setting3_dqn_domain_adaptation	SIM_TRAIN	14	262.9	146.3	-18.78	12.17	0.67	1898
cologne1_setting3_dqn_domain_adaptation	SIM_TEST	15	50.9	0.0	-7.40	4.49	0.32	2000
cologne1_setting3_dqn_domain_adaptation	REAL_TRAIN	15	218.5	0.0	-62.23	41.13	0.84	1529
cologne1_setting3_dqn_domain_adaptation	SIM_TRAIN	15	242.7	131.9	-14.56	9.35	0.64	1904
cologne1_setting3_dqn_domain_adaptation	SIM_TEST	16	59.3	0.0	-7.93	4.80	0.36	2000
cologne1_setting3_dqn_domain_adaptation	REAL_TRAIN	16	206.5	0.0	-56.64	37.38	0.83	1531
cologne1_setting3_dqn_domain_adaptation	SIM_TRAIN	16	235.6	119.4	-15.06	9.75	0.62	1875
cologne1_setting3_dqn_domain_adaptation	SIM_TEST	17	86.5	0.0	-12.37	7.89	0.44	1999
cologne1_setting3_dqn_domain_adaptation	REAL_TRAIN	17	206.7	0.0	-52.29	34.55	0.77	1459
cologne1_setting3_dqn_domain_adaptation	SIM_TRAIN	17	314.1	105.1	-15.07	9.76	0.61	1816
cologne1_setting3_dqn_domain_adaptation	SIM_TEST	18	57.4	0.0	-8.89	5.42	0.34	2003
cologne1_setting3_dqn_domain_adaptation	REAL_TRAIN	18	201.9	0.0	-55.16	36.44	0.81	1519
cologne1_setting3_dqn_domain_adaptation	SIM_TRAIN	18	301.6	100.6	-16.08	10.40	0.63	1833
cologne1_setting3_dqn_domain_adaptation	SIM_TEST	19	92.2	0.0	-9.23	5.62	0.46	1997
cologne1_setting3_dqn_domain_adaptation	REAL_TRAIN	19	216.1	0.0	-64.35	42.52	0.85	1560
cologne1_setting3_dqn_domain_adaptation	SIM_TRAIN	19	82.4	101.3	-10.37	6.65	0.46	2001
cologne1_setting3_dqn_domain_adaptation	SIM_TEST	20	80.1	0.0	-10.53	6.62	0.40	2001
cologne1_setting3_dqn_domain_adaptation	REAL_TRAIN	20	212.1	0.0	-56.65	37.44	0.81	1486
cologne1_setting3_dqn_domain_adaptation	SIM_TRAIN	20	272.3	98.9	-17.10	11.06	0.63	1844
cologne1_setting3_dqn_domain_adaptation	SIM_TEST	21	96.2	0.0	-6.35	4.05	0.51	1998
cologne1_setting3_dqn_domain_adaptation	REAL_TRAIN	21	345.0	0.0	-96.94	64.53	0.88	1047
cologne1_setting3_dqn_domain_adaptation	SIM_TRAIN	21	127.2	99.3	-15.53	9.82	0.52	1969
cologne1_setting3_dqn_domain_adaptation	SIM_TEST	22	43.8	0.0	-5.26	3.06	0.28	2000
cologne1_setting3_dqn_domain_adaptation	REAL_TRAIN	22	222.4	0.0	-65.46	43.27	0.85	1528
cologne1_setting3_dqn_domain_adaptation	SIM_TRAIN	22	74.9	99.1	-9.13	5.85	0.44	1997
cologne1_setting3_dqn_domain_adaptation	SIM_TEST	23	47.8	0.0	-6.83	4.11	0.30	2000
cologne1_setting3_dqn_domain_adaptation	REAL_TRAIN	23	210.9	0.0	-63.72	42.13	0.86	1590
cologne1_setting3_dqn_domain_adaptation	SIM_TRAIN	23	80.2	87.7	-10.02	6.46	0.46	1999
cologne1_setting3_dqn_domain_adaptation	SIM_TEST	24	77.3	0.0	-8.47	5.24	0.42	1998
cologne1_setting3_dqn_domain_adaptation	REAL_TRAIN	24	218.2	0.0	-67.60	44.73	0.86	1574
cologne1_setting3_dqn_domain_adaptation	SIM_TRAIN	24	93.7	79.1	-9.89	6.48	0.47	1997
cologne1_setting3_dqn_domain_adaptation	SIM_TEST	25	47.0	0.0	-6.15	3.73	0.30	2003
cologne1_setting3_dqn_domain_adaptation	REAL_TRAIN	25	224.5	0.0	-69.48	46.00	0.86	1533
cologne1_setting3_dqn_domain_adaptation	SIM_TRAIN	25	88.5	66.5	-8.71	5.58	0.48	1998
cologne1_setting3_dqn_domain_adaptation	SIM_TEST	26	48.8	0.0	-8.20	5.17	0.32	2003
cologne1_setting3_dqn_domain_adaptation	REAL_TRAIN	26	221.7	0.0	-64.16	42.42	0.85	1542
cologne1_setting3_dqn_domain_adaptation	SIM_TRAIN	26	211.0	59.7	-14.89	9.60	0.65	1936
cologne1_setting3_dqn_domain_adaptation	SIM_TEST	27	394.1	0.0	-10.60	6.88	0.65	1747
cologne1_setting3_dqn_domain_adaptation	REAL_TRAIN	27	224.8	0.0	-66.94	44.28	0.86	1553
cologne1_setting3_dqn_domain_adaptation	SIM_TRAIN	27	226.1	57.5	-15.31	9.91	0.66	1930
cologne1_setting3_dqn_domain_adaptation	SIM_TEST	28	62.0	0.0	-8.44	5.12	0.36	2000
cologne1_setting3_dqn_domain_adaptation	REAL_TRAIN	28	230.2	0.0	-70.63	46.74	0.86	1538
cologne1_setting3_dqn_domain_adaptation	SIM_TRAIN	28	71.2	55.6	-8.76	5.61	0.42	1996
cologne1_setting3_dqn_domain_adaptation	SIM_TEST	29	45.8	0.0	-5.78	3.49	0.31	2002
cologne1_setting3_dqn_domain_adaptation	REAL_TRAIN	29	228.6	0.0	-71.17	47.09	0.87	1543
cologne1_setting3_dqn_domain_adaptation	SIM_TRAIN	29	249.7	58.7	-17.41	11.28	0.65	1912
cologne1_setting3_dqn_domain_adaptation	SIM_TEST	30	51.6	0.0	-7.42	4.40	0.31	2000
cologne1_setting3_dqn_domain_adaptation	REAL_TRAIN	30	233.1	0.0	-72.87	48.23	0.87	1525
cologne1_setting3_dqn_domain_adaptation	SIM_TRAIN	30	77.1	58.1	-10.16	6.54	0.43	1997
cologne1_setting3_dqn_domain_adaptation	SIM_TEST	31	47.7	0.0	-5.43	3.27	0.31	2003
cologne1_setting3_dqn_domain_adaptation	REAL_TRAIN	31	474.8	0.0	-119.09	79.36	0.91	808
cologne1_setting3_dqn_domain_adaptation	SIM_TRAIN	31	251.0	58.3	-15.68	10.13	0.65	1878
cologne1_setting3_dqn_domain_adaptation	SIM_TEST	32	68.6	0.0	-8.83	5.33	0.38	2000
cologne1_setting3_dqn_domain_adaptation	REAL_TRAIN	32	227.3	0.0	-69.18	45.73	0.86	1528
cologne1_setting3_dqn_domain_adaptation	SIM_TRAIN	32	199.1	60.7	-13.14	8.45	0.64	1948
cologne1_setting3_dqn_domain_adaptation	SIM_TEST	33	55.0	0.0	-9.30	5.86	0.33	2001
cologne1_setting3_dqn_domain_adaptation	REAL_TRAIN	33	200.1	0.0	-61.17	40.46	0.84	1555
cologne1_setting3_dqn_domain_adaptation	SIM_TRAIN	33	236.5	55.5	-14.91	9.64	0.64	1895
cologne1_setting3_dqn_domain_adaptation	SIM_TEST	34	96.5	0.0	-10.12	6.13	0.45	1978
cologne1_setting3_dqn_domain_adaptation	REAL_TRAIN	34	232.2	0.0	-68.26	45.16	0.87	1524
cologne1_setting3_dqn_domain_adaptation	SIM_TRAIN	34	74.7	55.3	-10.45	6.75	0.43	1999
cologne1_setting3_dqn_domain_adaptation	SIM_TEST	35	62.6	0.0	-7.44	4.72	0.39	2001
cologne1_setting3_dqn_domain_adaptation	REAL_TRAIN	35	222.6	0.0	-70.60	46.71	0.86	1566
cologne1_setting3_dqn_domain_adaptation	SIM_TRAIN	35	244.7	55.1	-15.91	10.29	0.65	1899
cologne1_setting3_dqn_domain_adaptation	SIM_TEST	36	50.0	0.0	-7.33	4.42	0.30	2001
cologne1_setting3_dqn_domain_adaptation	REAL_TRAIN	36	225.6	0.0	-71.24	47.17	0.87	1538
cologne1_setting3_dqn_domain_adaptation	SIM_TRAIN	36	231.1	55.7	-15.33	9.85	0.66	1892
cologne1_setting3_dqn_domain_adaptation	SIM_TEST	37	68.4	0.0	-9.41	5.78	0.38	2002
cologne1_setting3_dqn_domain_adaptation	REAL_TRAIN	37	195.4	0.0	-60.85	40.20	0.84	1603
cologne1_setting3_dqn_domain_adaptation	SIM_TRAIN	37	255.6	55.3	-18.02	11.69	0.67	1902
cologne1_setting3_dqn_domain_adaptation	SIM_TEST	38	45.7	0.0	-6.30	3.76	0.30	2003
cologne1_setting3_dqn_domain_adaptation	REAL_TRAIN	38	192.7	0.0	-60.86	40.22	0.85	1641
cologne1_setting3_dqn_domain_adaptation	SIM_TRAIN	38	224.1	57.3	-14.39	9.29	0.64	1931
cologne1_setting3_dqn_domain_adaptation	SIM_TEST	39	139.2	0.0	-11.22	6.84	0.53	1958
cologne1_setting3_dqn_domain_adaptation	REAL_TRAIN	39	219.1	0.0	-66.89	44.25	0.86	1544
cologne1_setting3_dqn_domain_adaptation	SIM_TRAIN	39	68.6	57.7	-8.88	5.67	0.41	2000
cologne1_setting3_dqn_domain_adaptation	SIM_TEST	40	52.2	0.0	-8.39	5.18	0.32	2001
cologne1_setting3_dqn_domain_adaptation	REAL_TRAIN	40	201.5	0.0	-64.43	42.63	0.85	1592
cologne1_setting3_dqn_domain_adaptation	SIM_TRAIN	40	249.5	58.7	-18.17	11.79	0.66	1906
cologne1_setting3_dqn_domain_adaptation	SIM_TEST	41	49.9	0.0	-7.03	4.24	0.32	2002
cologne1_setting3_dqn_domain_adaptation	REAL_TRAIN	41	227.5	0.0	-69.46	45.96	0.87	1540
cologne1_setting3_dqn_domain_adaptation	SIM_TRAIN	41	79.9	62.4	-8.74	5.62	0.45	1998
cologne1_setting3_dqn_domain_adaptation	SIM_TEST	42	60.9	0.0	-9.81	6.09	0.34	2002
cologne1_setting3_dqn_domain_adaptation	REAL_TRAIN	42	424.2	0.0	-114.45	76.29	0.89	882
cologne1_setting3_dqn_domain_adaptation	SIM_TRAIN	42	132.8	59.6	-17.33	11.06	0.53	1958
cologne1_setting3_dqn_domain_adaptation	SIM_TEST	43	73.3	0.0	-9.00	5.50	0.39	1985
cologne1_setting3_dqn_domain_adaptation	REAL_TRAIN	43	228.3	0.0	-73.06	48.33	0.87	1558
cologne1_setting3_dqn_domain_adaptation	SIM_TRAIN	43	713.5	76.8	-68.91	45.81	0.67	1124
cologne1_setting3_dqn_domain_adaptation	SIM_TEST	44	49.8	0.0	-7.90	4.88	0.31	2002
cologne1_setting3_dqn_domain_adaptation	REAL_TRAIN	44	250.6	0.0	-89.00	59.04	0.87	1566
cologne1_setting3_dqn_domain_adaptation	SIM_TRAIN	44	253.0	172.1	-15.79	10.27	0.66	1898
cologne1_setting3_dqn_domain_adaptation	SIM_TEST	45	114.7	0.0	-11.08	6.90	0.48	1959
cologne1_setting3_dqn_domain_adaptation	REAL_TRAIN	45	205.3	0.0	-62.38	41.29	0.83	1583
cologne1_setting3_dqn_domain_adaptation	SIM_TRAIN	45	275.4	215.2	-17.45	11.40	0.61	1815
cologne1_setting3_dqn_domain_adaptation	SIM_TEST	46	66.6	0.0	-14.55	9.35	0.34	1969
cologne1_setting3_dqn_domain_adaptation	REAL_TRAIN	46	197.9	0.0	-53.31	35.19	0.80	1525
cologne1_setting3_dqn_domain_adaptation	SIM_TRAIN	46	327.2	213.3	-18.03	11.77	0.61	1803
cologne1_setting3_dqn_domain_adaptation	SIM_TEST	47	119.5	0.0	-9.82	6.36	0.52	1964
cologne1_setting3_dqn_domain_adaptation	REAL_TRAIN	47	200.5	0.0	-52.93	34.99	0.79	1498
cologne1_setting3_dqn_domain_adaptation	SIM_TRAIN	47	348.6	169.0	-16.24	10.61	0.59	1753
cologne1_setting3_dqn_domain_adaptation	SIM_TEST	48	138.5	0.0	-14.40	9.18	0.51	1951
cologne1_setting3_dqn_domain_adaptation	REAL_TRAIN	48	217.9	0.0	-64.80	42.84	0.86	1536
cologne1_setting3_dqn_domain_adaptation	SIM_TRAIN	48	98.5	144.8	-10.79	7.03	0.47	1966
cologne1_setting3_dqn_domain_adaptation	SIM_TEST	49	74.6	0.0	-12.45	7.87	0.38	1983
cologne1_setting3_dqn_domain_adaptation	REAL_TRAIN	49	224.0	0.0	-66.32	43.86	0.85	1504
cologne1_setting3_dqn_domain_adaptation	SIM_TRAIN	49	253.2	134.4	-14.39	9.29	0.63	1879
cologne1_setting3_dqn_domain_adaptation	SIM_TEST	50	70.0	0.0	-11.18	7.06	0.38	1982
cologne1_setting3_dqn_domain_adaptation	REAL_TRAIN	50	236.8	0.0	-70.56	46.74	0.87	1491
cologne1_setting3_dqn_domain_adaptation	SIM_TRAIN	50	274.8	126.8	-14.15	9.12	0.64	1840
cologne1_setting3_dqn_domain_adaptation	SIM_TEST	51	86.9	0.0	-10.26	6.34	0.43	1973
cologne1_setting3_dqn_domain_adaptation	REAL_TRAIN	51	231.5	0.0	-67.91	44.90	0.87	1479
cologne1_setting3_dqn_domain_adaptation	SIM_TRAIN	51	292.5	118.5	-15.15	9.78	0.64	1834
cologne1_setting3_dqn_domain_adaptation	SIM_TEST	52	57.4	0.0	-10.76	6.63	0.34	2002
cologne1_setting3_dqn_domain_adaptation	REAL_TRAIN	52	389.7	0.0	-110.01	73.22	0.90	944
cologne1_setting3_dqn_domain_adaptation	SIM_TRAIN	52	141.5	114.3	-17.35	11.10	0.52	1962
cologne1_setting3_dqn_domain_adaptation	SIM_TEST	53	82.9	0.0	-9.71	6.00	0.43	1994
cologne1_setting3_dqn_domain_adaptation	REAL_TRAIN	53	215.8	0.0	-66.10	43.68	0.86	1549
cologne1_setting3_dqn_domain_adaptation	SIM_TRAIN	53	289.2	103.0	-14.83	9.57	0.64	1838
cologne1_setting3_dqn_domain_adaptation	SIM_TEST	54	168.5	0.0	-12.35	7.67	0.53	1939
cologne1_setting3_dqn_domain_adaptation	REAL_TRAIN	54	213.2	0.0	-61.18	40.43	0.85	1534
cologne1_setting3_dqn_domain_adaptation	SIM_TRAIN	54	285.2	111.3	-14.03	8.98	0.63	1845
cologne1_setting3_dqn_domain_adaptation	SIM_TEST	55	66.6	0.0	-10.90	6.81	0.37	2001
cologne1_setting3_dqn_domain_adaptation	REAL_TRAIN	55	220.3	0.0	-65.24	43.16	0.85	1521
cologne1_setting3_dqn_domain_adaptation	SIM_TRAIN	55	291.1	104.3	-17.66	11.49	0.65	1845
cologne1_setting3_dqn_domain_adaptation	SIM_TEST	56	71.8	0.0	-10.26	6.34	0.39	2002
cologne1_setting3_dqn_domain_adaptation	REAL_TRAIN	56	232.4	0.0	-70.21	46.44	0.88	1493
cologne1_setting3_dqn_domain_adaptation	SIM_TRAIN	56	254.3	102.7	-15.48	10.02	0.65	1911
cologne1_setting3_dqn_domain_adaptation	SIM_TEST	57	66.4	0.0	-11.23	6.98	0.37	2002
cologne1_setting3_dqn_domain_adaptation	REAL_TRAIN	57	1378.2	0.0	-173.80	115.98	0.93	230
cologne1_setting3_dqn_domain_adaptation	SIM_TRAIN	57	136.5	86.5	-17.26	10.96	0.52	1964
cologne1_setting3_dqn_domain_adaptation	SIM_TEST	58	47.1	0.0	-8.39	5.21	0.32	2000
cologne1_setting3_dqn_domain_adaptation	REAL_TRAIN	58	1544.2	0.0	-169.74	113.27	0.94	187
cologne1_setting3_dqn_domain_adaptation	SIM_TRAIN	58	132.8	61.0	-16.73	10.69	0.52	1961
cologne1_setting3_dqn_domain_adaptation	SIM_TEST	59	81.7	0.0	-10.71	6.83	0.43	1999
cologne1_setting3_dqn_domain_adaptation	REAL_TRAIN	59	223.2	0.0	-63.83	42.23	0.86	1505
cologne1_setting3_dqn_domain_adaptation	SIM_TRAIN	59	238.2	63.8	-15.58	10.08	0.66	1924
cologne1_setting3_dqn_domain_adaptation	SIM_TEST	60	380.1	0.0	-10.67	6.90	0.65	1736
cologne1_setting3_dqn_domain_adaptation	REAL_TRAIN	60	234.2	0.0	-69.23	45.78	0.87	1504
cologne1_setting3_dqn_domain_adaptation	SIM_TRAIN	60	274.2	63.1	-16.52	10.62	0.65	1864
cologne1_setting3_dqn_domain_adaptation	SIM_TEST	61	58.6	0.0	-9.94	6.15	0.34	2003
cologne1_setting3_dqn_domain_adaptation	REAL_TRAIN	61	230.6	0.0	-67.50	44.65	0.86	1488
cologne1_setting3_dqn_domain_adaptation	SIM_TRAIN	61	244.9	60.2	-16.90	10.89	0.66	1864
cologne1_setting3_dqn_domain_adaptation	SIM_TEST	62	56.5	0.0	-9.40	5.85	0.35	2000
cologne1_setting3_dqn_domain_adaptation	REAL_TRAIN	62	221.8	0.0	-64.90	42.90	0.86	1521
cologne1_setting3_dqn_domain_adaptation	SIM_TRAIN	62	223.2	62.2	-15.57	10.06	0.66	1912
cologne1_setting3_dqn_domain_adaptation	SIM_TEST	63	61.8	0.0	-9.24	5.64	0.38	2000
cologne1_setting3_dqn_domain_adaptation	REAL_TRAIN	63	219.4	0.0	-64.92	42.89	0.86	1515
cologne1_setting3_dqn_domain_adaptation	SIM_TRAIN	63	284.7	61.3	-18.49	11.94	0.65	1865
cologne1_setting3_dqn_domain_adaptation	SIM_TEST	64	68.0	0.0	-11.07	6.96	0.37	2002
cologne1_setting3_dqn_domain_adaptation	REAL_TRAIN	64	224.6	0.0	-68.63	45.41	0.86	1519
cologne1_setting3_dqn_domain_adaptation	SIM_TRAIN	64	294.1	61.7	-18.19	11.79	0.64	1857
cologne1_setting3_dqn_domain_adaptation	SIM_TEST	65	54.6	0.0	-9.05	5.49	0.33	2002
cologne1_setting3_dqn_domain_adaptation	REAL_TRAIN	65	230.9	0.0	-67.49	44.63	0.86	1478
cologne1_setting3_dqn_domain_adaptation	SIM_TRAIN	65	267.5	58.8	-17.21	11.12	0.66	1893
cologne1_setting3_dqn_domain_adaptation	SIM_TEST	66	66.4	0.0	-9.95	6.19	0.37	2001
cologne1_setting3_dqn_domain_adaptation	REAL_TRAIN	66	233.7	0.0	-70.29	46.48	0.87	1502
cologne1_setting3_dqn_domain_adaptation	SIM_TRAIN	66	318.1	57.0	-15.73	10.10	0.64	1813
cologne1_setting3_dqn_domain_adaptation	SIM_TEST	67	54.3	0.0	-9.43	6.05	0.31	2002
cologne1_setting3_dqn_domain_adaptation	REAL_TRAIN	67	243.6	0.0	-76.23	50.49	0.87	1474
cologne1_setting3_dqn_domain_adaptation	SIM_TRAIN	67	298.3	55.3	-15.42	9.86	0.64	1849
cologne1_setting3_dqn_domain_adaptation	SIM_TEST	68	47.3	0.0	-7.07	4.29	0.31	2000
cologne1_setting3_dqn_domain_adaptation	REAL_TRAIN	68	233.6	0.0	-74.05	48.99	0.88	1531
cologne1_setting3_dqn_domain_adaptation	SIM_TRAIN	68	282.1	55.6	-15.39	9.86	0.66	1876
cologne1_setting3_dqn_domain_adaptation	SIM_TEST	69	54.1	0.0	-9.84	6.23	0.31	2002
cologne1_setting3_dqn_domain_adaptation	REAL_TRAIN	69	240.9	0.0	-71.60	47.33	0.87	1478
cologne1_setting3_dqn_domain_adaptation	SIM_TRAIN	69	296.1	54.8	-16.47	10.59	0.65	1847
cologne1_setting3_dqn_domain_adaptation	SIM_TEST	70	54.5	0.0	-7.98	4.88	0.33	2000
cologne1_setting3_dqn_domain_adaptation	REAL_TRAIN	70	244.8	0.0	-73.83	48.81	0.87	1478
cologne1_setting3_dqn_domain_adaptation	SIM_TRAIN	70	275.5	50.7	-15.24	9.83	0.67	1895
cologne1_setting3_dqn_domain_adaptation	SIM_TEST	71	58.3	0.0	-10.38	6.51	0.32	2000
cologne1_setting3_dqn_domain_adaptation	REAL_TRAIN	71	255.2	0.0	-79.53	52.69	0.88	1475
cologne1_setting3_dqn_domain_adaptation	SIM_TRAIN	71	247.5	51.4	-13.74	8.81	0.67	1915
cologne1_setting3_dqn_domain_adaptation	SIM_TEST	72	56.0	0.0	-8.99	5.51	0.33	2003
cologne1_setting3_dqn_domain_adaptation	REAL_TRAIN	72	235.6	0.0	-70.25	46.55	0.87	1515
cologne1_setting3_dqn_domain_adaptation	SIM_TRAIN	72	240.5	47.6	-14.73	9.48	0.67	1923
cologne1_setting3_dqn_domain_adaptation	SIM_TEST	73	46.3	0.0	-5.43	3.20	0.30	2002
cologne1_setting3_dqn_domain_adaptation	REAL_TRAIN	73	261.9	0.0	-77.82	51.52	0.88	1465
cologne1_setting3_dqn_domain_adaptation	SIM_TRAIN	73	130.8	44.1	-17.03	10.75	0.52	1964
cologne1_setting3_dqn_domain_adaptation	SIM_TEST	74	66.0	0.0	-9.75	6.00	0.34	2002
cologne1_setting3_dqn_domain_adaptation	REAL_TRAIN	74	390.2	0.0	-117.61	78.30	0.90	1004
cologne1_setting3_dqn_domain_adaptation	SIM_TRAIN	74	137.4	45.6	-19.02	12.10	0.53	1959
cologne1_setting3_dqn_domain_adaptation	SIM_TEST	75	57.3	0.0	-8.92	5.52	0.31	1987
cologne1_setting3_dqn_domain_adaptation	REAL_TRAIN	75	237.3	0.0	-71.84	47.51	0.87	1513
cologne1_setting3_dqn_domain_adaptation	SIM_TRAIN	75	113.6	46.1	-11.81	7.62	0.51	1997
cologne1_setting3_dqn_domain_adaptation	SIM_TEST	76	51.7	0.0	-8.18	5.05	0.30	2003
cologne1_setting3_dqn_domain_adaptation	REAL_TRAIN	76	240.5	0.0	-74.53	49.33	0.88	1519
cologne1_setting3_dqn_domain_adaptation	SIM_TRAIN	76	95.3	46.4	-5.05	3.00	0.46	1989
cologne1_setting3_dqn_domain_adaptation	SIM_TEST	77	46.6	0.0	-5.20	3.05	0.30	2000
cologne1_setting3_dqn_domain_adaptation	REAL_TRAIN	77	245.0	0.0	-77.32	51.16	0.88	1501
cologne1_setting3_dqn_domain_adaptation	SIM_TRAIN	77	269.3	45.0	-16.73	10.79	0.66	1868
cologne1_setting3_dqn_domain_adaptation	SIM_TEST	78	93.9	0.0	-10.52	6.60	0.42	1962
cologne1_setting3_dqn_domain_adaptation	REAL_TRAIN	78	225.0	0.0	-71.54	47.33	0.85	1566
cologne1_setting3_dqn_domain_adaptation	SIM_TRAIN	78	223.6	46.1	-16.30	10.47	0.65	1906
cologne1_setting3_dqn_domain_adaptation	SIM_TEST	79	61.2	0.0	-9.37	5.88	0.33	1999
cologne1_setting3_dqn_domain_adaptation	REAL_TRAIN	79	246.6	0.0	-75.51	49.96	0.88	1500
cologne1_setting3_dqn_domain_adaptation	SIM_TRAIN	79	67.3	46.1	-14.43	9.24	0.37	2000
cologne1_setting3_dqn_domain_adaptation	SIM_TEST	80	52.3	0.0	-7.97	5.10	0.29	2000
cologne1_setting3_dqn_domain_adaptation	REAL_TRAIN	80	1236.8	0.0	-156.61	104.50	0.93	267
cologne1_setting3_dqn_domain_adaptation	SIM_TRAIN	80	290.9	47.1	-14.67	9.36	0.65	1825
cologne1_setting3_dqn_domain_adaptation	SIM_TEST	81	108.2	0.0	-12.74	8.05	0.46	1970
cologne1_setting3_dqn_domain_adaptation	REAL_TRAIN	81	515.5	0.0	-102.92	68.73	0.79	648
cologne1_setting3_dqn_domain_adaptation	SIM_TRAIN	81	272.6	47.0	-16.53	10.69	0.67	1896
cologne1_setting3_dqn_domain_adaptation	SIM_TEST	82	129.5	0.0	-7.56	4.84	0.59	1996
cologne1_setting3_dqn_domain_adaptation	REAL_TRAIN	82	206.5	0.0	-68.51	45.33	0.86	1575
cologne1_setting3_dqn_domain_adaptation	SIM_TRAIN	82	227.9	48.6	-15.10	9.72	0.66	1922
cologne1_setting3_dqn_domain_adaptation	SIM_TEST	83	67.2	0.0	-10.94	6.74	0.36	2002
cologne1_setting3_dqn_domain_adaptation	REAL_TRAIN	83	226.6	0.0	-70.66	46.72	0.87	1546
cologne1_setting3_dqn_domain_adaptation	SIM_TRAIN	83	229.3	46.5	-16.48	10.71	0.67	1929
cologne1_setting3_dqn_domain_adaptation	SIM_TEST	84	51.1	0.0	-7.77	4.77	0.33	2000
cologne1_setting3_dqn_domain_adaptation	REAL_TRAIN	84	221.5	0.0	-68.19	45.13	0.86	1541
cologne1_setting3_dqn_domain_adaptation	SIM_TRAIN	84	282.3	45.3	-16.89	10.91	0.65	1865
cologne1_setting3_dqn_domain_adaptation	SIM_TEST	85	50.0	0.0	-8.67	5.52	0.32	2002
cologne1_setting3_dqn_domain_adaptation	REAL_TRAIN	85	230.0	0.0	-74.87	49.53	0.87	1579
cologne1_setting3_dqn_domain_adaptation	SIM_TRAIN	85	82.2	44.9	-10.38	6.64	0.46	1998
cologne1_setting3_dqn_domain_adaptation	SIM_TEST	86	158.0	0.0	-13.38	8.11	0.55	1946
cologne1_setting3_dqn_domain_adaptation	REAL_TRAIN	86	195.4	0.0	-69.04	45.70	0.86	1609
cologne1_setting3_dqn_domain_adaptation	SIM_TRAIN	86	213.1	45.4	-15.36	10.00	0.64	1949
cologne1_setting3_dqn_domain_adaptation	SIM_TEST	87	97.1	0.0	-10.94	6.77	0.48	1987
cologne1_setting3_dqn_domain_adaptation	REAL_TRAIN	87	217.6	0.0	-69.90	46.27	0.86	1580
cologne1_setting3_dqn_domain_adaptation	SIM_TRAIN	87	255.8	47.3	-16.48	10.63	0.66	1902
cologne1_setting3_dqn_domain_adaptation	SIM_TEST	88	81.0	0.0	-10.80	6.61	0.42	1998
cologne1_setting3_dqn_domain_adaptation	REAL_TRAIN	88	1303.0	0.0	-157.93	105.42	0.83	246
cologne1_setting3_dqn_domain_adaptation	SIM_TRAIN	88	243.3	50.9	-16.66	10.79	0.67	1915
cologne1_setting3_dqn_domain_adaptation	SIM_TEST	89	122.2	0.0	-11.96	7.40	0.50	1964
cologne1_setting3_dqn_domain_adaptation	REAL_TRAIN	89	465.1	0.0	-126.98	84.62	0.91	830
cologne1_setting3_dqn_domain_adaptation	SIM_TRAIN	89	281.4	47.6	-15.22	9.83	0.66	1867
cologne1_setting3_dqn_domain_adaptation	SIM_TEST	90	68.9	0.0	-10.60	6.52	0.37	1998
cologne1_setting3_dqn_domain_adaptation	REAL_TRAIN	90	216.5	0.0	-73.57	48.74	0.87	1593
cologne1_setting3_dqn_domain_adaptation	SIM_TRAIN	90	284.2	48.0	-17.50	11.29	0.66	1852
cologne1_setting3_dqn_domain_adaptation	SIM_TEST	91	49.7	0.0	-7.95	4.91	0.32	2003
cologne1_setting3_dqn_domain_adaptation	REAL_TRAIN	91	198.2	0.0	-71.03	47.04	0.86	1568
cologne1_setting3_dqn_domain_adaptation	SIM_TRAIN	91	311.6	49.9	-15.16	9.82	0.63	1822
cologne1_setting3_dqn_domain_adaptation	SIM_TEST	92	48.8	0.0	-8.62	5.53	0.31	2000
cologne1_setting3_dqn_domain_adaptation	REAL_TRAIN	92	222.8	0.0	-72.67	48.05	0.87	1562
cologne1_setting3_dqn_domain_adaptation	SIM_TRAIN	92	83.1	51.4	-11.04	7.08	0.45	1994
cologne1_setting3_dqn_domain_adaptation	SIM_TEST	93	63.8	0.0	-9.38	5.77	0.37	2000
cologne1_setting3_dqn_domain_adaptation	REAL_TRAIN	93	235.7	0.0	-74.95	49.62	0.86	1534
cologne1_setting3_dqn_domain_adaptation	SIM_TRAIN	93	277.8	51.1	-15.34	9.90	0.64	1846
cologne1_setting3_dqn_domain_adaptation	SIM_TEST	94	51.8	0.0	-10.66	6.77	0.33	2000
cologne1_setting3_dqn_domain_adaptation	REAL_TRAIN	94	220.6	0.0	-70.28	46.46	0.86	1577
cologne1_setting3_dqn_domain_adaptation	SIM_TRAIN	94	75.3	50.6	-9.55	6.24	0.44	2000
cologne1_setting3_dqn_domain_adaptation	SIM_TEST	95	368.1	0.0	-10.01	6.46	0.66	1766
cologne1_setting3_dqn_domain_adaptation	REAL_TRAIN	95	209.6	0.0	-69.52	46.03	0.85	1593
cologne1_setting3_dqn_domain_adaptation	SIM_TRAIN	95	286.2	52.3	-15.12	9.79	0.61	1853
cologne1_setting3_dqn_domain_adaptation	SIM_TEST	96	73.5	0.0	-11.68	7.30	0.40	1998
cologne1_setting3_dqn_domain_adaptation	REAL_TRAIN	96	219.1	0.0	-69.21	45.74	0.87	1567
cologne1_setting3_dqn_domain_adaptation	SIM_TRAIN	96	236.0	53.4	-15.03	9.69	0.65	1933
cologne1_setting3_dqn_domain_adaptation	SIM_TEST	97	50.2	0.0	-9.44	5.92	0.32	2003
cologne1_setting3_dqn_domain_adaptation	REAL_TRAIN	97	214.2	0.0	-65.33	43.24	0.85	1554
cologne1_setting3_dqn_domain_adaptation	SIM_TRAIN	97	280.2	55.8	-14.68	9.43	0.63	1865
cologne1_setting3_dqn_domain_adaptation	SIM_TEST	98	50.6	0.0	-8.54	5.29	0.33	2003
cologne1_setting3_dqn_domain_adaptation	REAL_TRAIN	98	206.3	0.0	-77.80	51.57	0.87	1593
cologne1_setting3_dqn_domain_adaptation	SIM_TRAIN	98	278.7	56.9	-16.83	10.87	0.65	1877
cologne1_setting3_dqn_domain_adaptation	SIM_TEST	99	49.9	0.0	-6.72	4.22	0.33	1999
cologne1_setting3_dqn_domain_adaptation	REAL_TRAIN	99	206.0	0.0	-70.35	46.59	0.85	1573
cologne1_setting3_dqn_domain_adaptation	SIM_TRAIN	99	232.9	53.0	-15.63	10.16	0.65	1907
cologne1_setting3_dqn_domain_adaptation	REAL_TEST	100	218.7	100.0	-74.46	49.35	0.87	1576
