tempe_16_setting3_dqn_domain_randomization	SIM_TRAIN	0	395.3	0.0	-917.33	65.72	0.39	16972
tempe_16_setting3_dqn_domain_randomization	SIM_TRAIN	1	554.3	0.0	-1270.82	87.10	0.45	14465
tempe_16_setting3_dqn_domain_randomization	SIM_TRAIN	2	252.1	856.7	-616.36	42.31	0.35	20030
tempe_16_setting3_dqn_domain_randomization	SIM_TRAIN	3	107.0	348.4	-130.95	10.35	0.31	21018
tempe_16_setting3_dqn_domain_randomization	REAL_TEST	3	195.1	100.0	-447.70	30.22	0.37	16639
tempe_16_setting3_dqn_domain_randomization	SIM_TRAIN	4	105.3	400.9	-135.84	10.66	0.32	21043
tempe_16_setting3_dqn_domain_randomization	SIM_TRAIN	5	95.6	400.8	-105.00	8.62	0.31	21177
tempe_16_setting3_dqn_domain_randomization	SIM_TRAIN	6	87.2	372.7	-76.50	6.26	0.28	21266
tempe_16_setting3_dqn_domain_randomization	REAL_TEST	6	145.1	100.0	-144.49	14.24	0.29	17701
tempe_16_setting3_dqn_domain_randomization	SIM_TRAIN	7	93.5	348.6	-86.35	7.12	0.28	21179
tempe_16_setting3_dqn_domain_randomization	SIM_TRAIN	8	90.6	320.5	-87.30	7.22	0.27	21185
tempe_16_setting3_dqn_domain_randomization	SIM_TRAIN	9	90.8	291.5	-86.36	7.10	0.27	21255
tempe_16_setting3_dqn_domain_randomization	REAL_TEST	9	114.0	100.0	-101.98	8.92	0.28	17948
tempe_16_setting3_dqn_domain_randomization	SIM_TRAIN	10	90.2	281.7	-73.28	6.00	0.26	21237
tempe_16_setting3_dqn_domain_randomization	SIM_TRAIN	11	91.4	251.3	-70.23	5.85	0.26	21216
tempe_16_setting3_dqn_domain_randomization	SIM_TRAIN	12	83.1	227.3	-52.87	4.19	0.25	21285
tempe_16_setting3_dqn_domain_randomization	REAL_TEST	12	117.8	100.0	-113.11	9.77	0.27	17898
tempe_16_setting3_dqn_domain_randomization	SIM_TRAIN	13	87.6	200.5	-71.82	5.70	0.25	21255
tempe_16_setting3_dqn_domain_randomization	SIM_TRAIN	14	90.3	165.7	-73.56	5.92	0.25	21242
tempe_16_setting3_dqn_domain_randomization	SIM_TRAIN	15	82.8	96.9	-53.33	4.19	0.24	21284
tempe_16_setting3_dqn_domain_randomization	REAL_TEST	15	206.0	100.0	-321.75	26.02	0.31	16345
tempe_16_setting3_dqn_domain_randomization	SIM_TRAIN	16	87.3	31.6	-60.68	4.86	0.24	21271
tempe_16_setting3_dqn_domain_randomization	SIM_TRAIN	17	90.3	4.4	-55.63	4.60	0.24	21242
tempe_16_setting3_dqn_domain_randomization	SIM_TRAIN	18	82.3	3.2	-46.16	3.62	0.22	21316
tempe_16_setting3_dqn_domain_randomization	REAL_TEST	18	233.6	100.0	-398.42	32.15	0.29	15901
tempe_16_setting3_dqn_domain_randomization	SIM_TRAIN	19	90.5	2.7	-49.78	4.14	0.24	21244
tempe_16_setting3_dqn_domain_randomization	SIM_TRAIN	20	84.7	2.4	-45.22	3.69	0.23	21287
tempe_16_setting3_dqn_domain_randomization	SIM_TRAIN	21	80.7	2.1	-28.56	2.29	0.23	21307
tempe_16_setting3_dqn_domain_randomization	REAL_TEST	21	109.5	100.0	-76.10	6.46	0.26	17936
tempe_16_setting3_dqn_domain_randomization	SIM_TRAIN	22	78.4	1.9	-34.66	2.64	0.21	21315
tempe_16_setting3_dqn_domain_randomization	SIM_TRAIN	23	79.6	1.8	-39.41	3.05	0.22	21323
tempe_16_setting3_dqn_domain_randomization	SIM_TRAIN	24	86.2	1.6	-41.81	3.33	0.24	21257
tempe_16_setting3_dqn_domain_randomization	REAL_TEST	24	115.3	100.0	-94.74	7.79	0.26	17968
tempe_16_setting3_dqn_domain_randomization	SIM_TRAIN	25	77.8	1.6	-30.52	2.28	0.21	21333
tempe_16_setting3_dqn_domain_randomization	SIM_TRAIN	26	80.8	1.5	-45.81	3.55	0.22	21309
tempe_16_setting3_dqn_domain_randomization	SIM_TRAIN	27	95.2	1.6	-51.30	4.16	0.26	21193
tempe_16_setting3_dqn_domain_randomization	REAL_TEST	27	114.2	100.0	-95.71	8.20	0.26	17931
tempe_16_setting3_dqn_domain_randomization	SIM_TRAIN	28	82.4	1.7	-43.98	3.47	0.22	21297
tempe_16_setting3_dqn_domain_randomization	SIM_TRAIN	29	78.0	1.7	-29.27	2.23	0.22	21317
tempe_16_setting3_dqn_domain_randomization	SIM_TRAIN	30	79.0	1.7	-35.00	2.61	0.22	21322
tempe_16_setting3_dqn_domain_randomization	REAL_TEST	30	105.1	100.0	-66.76	5.56	0.26	18080
tempe_16_setting3_dqn_domain_randomization	SIM_TRAIN	31	78.0	1.7	-27.40	2.07	0.22	21331
tempe_16_setting3_dqn_domain_randomization	SIM_TRAIN	32	82.1	1.7	-40.00	3.12	0.23	21304
tempe_16_setting3_dqn_domain_randomization	SIM_TRAIN	33	75.8	1.7	-26.14	1.98	0.20	21338
tempe_16_setting3_dqn_domain_randomization	REAL_TEST	33	103.2	100.0	-61.04	5.14	0.25	18051
tempe_16_setting3_dqn_domain_randomization	SIM_TRAIN	34	92.3	1.8	-56.98	4.66	0.24	21227
tempe_16_setting3_dqn_domain_randomization	SIM_TRAIN	35	81.2	1.9	-29.15	2.30	0.23	21305
tempe_16_setting3_dqn_domain_randomization	SIM_TRAIN	36	79.2	1.9	-35.76	2.71	0.22	21326
tempe_16_setting3_dqn_domain_randomization	REAL_TEST	36	105.7	100.0	-67.26	5.67	0.25	17995
tempe_16_setting3_dqn_domain_randomization	SIM_TRAIN	37	82.3	1.8	-40.26	3.24	0.22	21296
tempe_16_setting3_dqn_domain_randomization	SIM_TRAIN	38	77.6	1.9	-30.64	2.34	0.21	21323
tempe_16_setting3_dqn_domain_randomization	SIM_TRAIN	39	290.4	14.1	-645.07	41.53	0.34	17888
tempe_16_setting3_dqn_domain_randomization	REAL_TEST	39	122.1	100.0	-116.79	9.34	0.28	17820
tempe_16_setting3_dqn_domain_randomization	SIM_TRAIN	40	79.4	23.1	-38.87	2.92	0.22	21318
tempe_16_setting3_dqn_domain_randomization	SIM_TRAIN	41	79.1	20.9	-34.13	2.66	0.22	21330
tempe_16_setting3_dqn_domain_randomization	SIM_TRAIN	42	81.3	17.9	-42.95	3.34	0.22	21315
tempe_16_setting3_dqn_domain_randomization	REAL_TEST	42	115.1	100.0	-94.99	7.73	0.27	17964
tempe_16_setting3_dqn_domain_randomization	SIM_TRAIN	43	83.1	17.6	-40.02	3.16	0.23	21295
tempe_16_setting3_dqn_domain_randomization	SIM_TRAIN	44	79.4	17.4	-38.57	2.94	0.22	21317
tempe_16_setting3_dqn_domain_randomization	SIM_TRAIN	45	101.1	17.0	-61.37	4.90	0.26	21164
tempe_16_setting3_dqn_domain_randomization	REAL_TEST	45	191.3	100.0	-276.57	28.88	0.27	16547
tempe_16_setting3_dqn_domain_randomization	SIM_TRAIN	46	80.5	16.3	-43.87	3.45	0.22	21310
tempe_16_setting3_dqn_domain_randomization	SIM_TRAIN	47	79.5	15.9	-25.26	1.96	0.23	21321
tempe_16_setting3_dqn_domain_randomization	SIM_TRAIN	48	101.7	16.1	-59.36	4.78	0.26	21134
tempe_16_setting3_dqn_domain_randomization	REAL_TEST	48	111.3	100.0	-79.94	6.54	0.26	18046
tempe_16_setting3_dqn_domain_randomization	SIM_TRAIN	49	81.4	16.0	-39.82	3.06	0.23	21307
tempe_16_setting3_dqn_domain_randomization	SIM_TRAIN	50	81.3	14.4	-37.01	2.87	0.23	21308
tempe_16_setting3_dqn_domain_randomization	SIM_TRAIN	51	84.5	14.4	-39.31	3.08	0.23	21294
tempe_16_setting3_dqn_domain_randomization	REAL_TEST	51	209.9	100.0	-334.94	34.65	0.27	16310
tempe_16_setting3_dqn_domain_randomization	SIM_TRAIN	52	77.7	15.9	-30.93	2.33	0.22	21332
tempe_16_setting3_dqn_domain_randomization	SIM_TRAIN	53	82.8	7.6	-32.36	2.54	0.23	21301
tempe_16_setting3_dqn_domain_randomization	SIM_TRAIN	54	169.8	6.5	-310.89	17.97	0.33	19503
tempe_16_setting3_dqn_domain_randomization	REAL_TEST	54	148.7	100.0	-183.24	17.83	0.26	17106
tempe_16_setting3_dqn_domain_randomization	SIM_TRAIN	55	80.8	19.7	-34.78	2.68	0.23	21310
tempe_16_setting3_dqn_domain_randomization	SIM_TRAIN	56	81.9	15.5	-39.38	3.02	0.23	21306
tempe_16_setting3_dqn_domain_randomization	SIM_TRAIN	57	81.2	16.5	-39.69	3.04	0.22	21309
tempe_16_setting3_dqn_domain_randomization	REAL_TEST	57	117.2	100.0	-85.73	7.66	0.27	17975
tempe_16_setting3_dqn_domain_randomization	SIM_TRAIN	58	78.0	15.4	-33.40	2.55	0.21	21321
tempe_16_setting3_dqn_domain_randomization	SIM_TRAIN	59	82.9	15.3	-35.99	2.86	0.23	21304
tempe_16_setting3_dqn_domain_randomization	SIM_TRAIN	60	100.0	13.6	-52.48	4.26	0.27	21142
tempe_16_setting3_dqn_domain_randomization	REAL_TEST	60	122.7	100.0	-105.98	9.30	0.27	17860
tempe_16_setting3_dqn_domain_randomization	SIM_TRAIN	61	80.5	12.6	-40.72	3.06	0.22	21311
tempe_16_setting3_dqn_domain_randomization	SIM_TRAIN	62	80.2	14.1	-33.66	2.61	0.22	21317
tempe_16_setting3_dqn_domain_randomization	SIM_TRAIN	63	82.2	14.2	-41.69	3.21	0.23	21312
tempe_16_setting3_dqn_domain_randomization	REAL_TEST	63	126.6	100.0	-116.89	10.06	0.27	17701
tempe_16_setting3_dqn_domain_randomization	SIM_TRAIN	64	82.7	13.6	-44.90	3.56	0.22	21290
tempe_16_setting3_dqn_domain_randomization	SIM_TRAIN	65	79.9	13.6	-39.14	2.98	0.22	21318
tempe_16_setting3_dqn_domain_randomization	SIM_TRAIN	66	83.0	13.1	-44.85	3.50	0.23	21300
tempe_16_setting3_dqn_domain_randomization	REAL_TEST	66	115.4	100.0	-84.23	7.47	0.26	17945
tempe_16_setting3_dqn_domain_randomization	SIM_TRAIN	67	78.6	13.5	-36.96	2.89	0.21	21322
tempe_16_setting3_dqn_domain_randomization	SIM_TRAIN	68	77.4	8.2	-30.43	2.35	0.21	21331
tempe_16_setting3_dqn_domain_randomization	SIM_TRAIN	69	79.1	1.9	-38.96	3.08	0.21	21321
tempe_16_setting3_dqn_domain_randomization	REAL_TEST	69	117.6	100.0	-84.83	7.62	0.26	18016
tempe_16_setting3_dqn_domain_randomization	SIM_TRAIN	70	78.1	1.7	-29.81	2.27	0.22	21321
tempe_16_setting3_dqn_domain_randomization	SIM_TRAIN	71	80.1	1.8	-40.67	3.16	0.22	21311
tempe_16_setting3_dqn_domain_randomization	SIM_TRAIN	72	78.1	1.7	-31.96	2.44	0.22	21315
tempe_16_setting3_dqn_domain_randomization	REAL_TEST	72	121.4	100.0	-87.82	8.18	0.26	18058
tempe_16_setting3_dqn_domain_randomization	SIM_TRAIN	73	78.1	1.7	-31.02	2.38	0.22	21323
tempe_16_setting3_dqn_domain_randomization	SIM_TRAIN	74	81.6	1.7	-42.19	3.34	0.22	21311
tempe_16_setting3_dqn_domain_randomization	SIM_TRAIN	75	77.8	1.7	-31.79	2.46	0.22	21319
tempe_16_setting3_dqn_domain_randomization	REAL_TEST	75	240.6	100.0	-329.88	34.45	0.27	16350
tempe_16_setting3_dqn_domain_randomization	SIM_TRAIN	76	77.6	1.7	-32.16	2.43	0.22	21320
tempe_16_setting3_dqn_domain_randomization	SIM_TRAIN	77	78.1	1.6	-29.31	2.23	0.22	21329
tempe_16_setting3_dqn_domain_randomization	SIM_TRAIN	78	84.1	1.5	-41.35	3.26	0.23	21286
tempe_16_setting3_dqn_domain_randomization	REAL_TEST	78	244.8	100.0	-343.78	35.73	0.28	16200
tempe_16_setting3_dqn_domain_randomization	SIM_TRAIN	79	80.5	1.5	-40.64	3.10	0.22	21322
tempe_16_setting3_dqn_domain_randomization	SIM_TRAIN	80	74.0	1.5	-21.47	1.61	0.19	21342
tempe_16_setting3_dqn_domain_randomization	SIM_TRAIN	81	85.9	1.5	-41.92	3.32	0.24	21276
tempe_16_setting3_dqn_domain_randomization	REAL_TEST	81	230.2	100.0	-311.10	32.68	0.28	16314
tempe_16_setting3_dqn_domain_randomization	SIM_TRAIN	82	81.7	1.5	-30.70	2.39	0.23	21304
tempe_16_setting3_dqn_domain_randomization	SIM_TRAIN	83	80.3	1.6	-38.77	2.97	0.22	21317
tempe_16_setting3_dqn_domain_randomization	SIM_TRAIN	84	78.0	1.6	-31.08	2.35	0.21	21330
tempe_16_setting3_dqn_domain_randomization	REAL_TEST	84	241.5	100.0	-328.57	34.80	0.27	16236
tempe_16_setting3_dqn_domain_randomization	SIM_TRAIN	85	78.9	1.6	-37.62	2.91	0.21	21321
tempe_16_setting3_dqn_domain_randomization	SIM_TRAIN	86	137.5	4.7	-131.61	8.50	0.30	20749
tempe_16_setting3_dqn_domain_randomization	SIM_TRAIN	87	89.7	7.2	-48.31	3.89	0.24	21241
tempe_16_setting3_dqn_domain_randomization	REAL_TEST	87	245.0	100.0	-337.98	35.44	0.27	16180
tempe_16_setting3_dqn_domain_randomization	SIM_TRAIN	88	83.8	6.3	-44.10	3.44	0.23	21295
tempe_16_setting3_dqn_domain_randomization	SIM_TRAIN	89	99.7	5.6	-58.85	4.79	0.25	21158
tempe_16_setting3_dqn_domain_randomization	SIM_TRAIN	90	81.5	5.2	-40.02	3.09	0.22	21314
tempe_16_setting3_dqn_domain_randomization	REAL_TEST	90	263.3	100.0	-385.90	38.66	0.28	15709
tempe_16_setting3_dqn_domain_randomization	SIM_TRAIN	91	77.7	5.1	-31.20	2.33	0.21	21326
tempe_16_setting3_dqn_domain_randomization	SIM_TRAIN	92	78.1	4.4	-35.50	2.73	0.21	21312
tempe_16_setting3_dqn_domain_randomization	SIM_TRAIN	93	82.3	4.3	-41.91	3.20	0.22	21301
tempe_16_setting3_dqn_domain_randomization	REAL_TEST	93	246.5	100.0	-346.54	36.06	0.27	16187
tempe_16_setting3_dqn_domain_randomization	SIM_TRAIN	94	78.7	4.4	-37.90	2.91	0.21	21321
tempe_16_setting3_dqn_domain_randomization	SIM_TRAIN	95	109.7	4.4	-59.75	4.52	0.28	21077
tempe_16_setting3_dqn_domain_randomization	SIM_TRAIN	96	82.7	5.6	-42.79	3.31	0.23	21293
tempe_16_setting3_dqn_domain_randomization	REAL_TEST	96	248.4	100.0	-355.03	36.31	0.27	16043
tempe_16_setting3_dqn_domain_randomization	SIM_TRAIN	97	78.7	5.7	-37.93	2.89	0.21	21318
tempe_16_setting3_dqn_domain_randomization	SIM_TRAIN	98	78.0	5.6	-30.55	2.28	0.22	21323
tempe_16_setting3_dqn_domain_randomization	SIM_TRAIN	99	78.2	6.2	-26.14	1.98	0.22	21312
tempe_16_setting3_dqn_domain_randomization	REAL_TEST	99	250.7	100.0	-353.90	36.96	0.27	16107
tempe_16_setting3_dqn_domain_randomization	SIM_TRAIN	100	102.2	4.3	-54.44	4.49	0.26	21118
tempe_16_setting3_dqn_domain_randomization	SIM_TRAIN	101	81.7	2.9	-42.44	3.32	0.22	21306
tempe_16_setting3_dqn_domain_randomization	SIM_TRAIN	102	79.2	2.6	-36.49	2.76	0.22	21305
tempe_16_setting3_dqn_domain_randomization	REAL_TEST	102	249.7	100.0	-352.91	36.56	0.27	16143
tempe_16_setting3_dqn_domain_randomization	SIM_TRAIN	103	80.7	3.0	-28.23	2.21	0.23	21315
tempe_16_setting3_dqn_domain_randomization	SIM_TRAIN	104	81.3	3.1	-38.94	3.01	0.22	21308
tempe_16_setting3_dqn_domain_randomization	SIM_TRAIN	105	77.6	3.2	-30.44	2.28	0.21	21326
tempe_16_setting3_dqn_domain_randomization	REAL_TEST	105	233.3	100.0	-312.97	33.12	0.27	16330
tempe_16_setting3_dqn_domain_randomization	SIM_TRAIN	106	80.9	2.9	-37.39	2.88	0.22	21316
tempe_16_setting3_dqn_domain_randomization	SIM_TRAIN	107	79.1	2.8	-30.46	2.34	0.22	21322
tempe_16_setting3_dqn_domain_randomization	SIM_TRAIN	108	79.1	3.4	-35.90	2.76	0.21	21311
tempe_16_setting3_dqn_domain_randomization	REAL_TEST	108	244.8	100.0	-336.53	35.65	0.27	16222
tempe_16_setting3_dqn_domain_randomization	SIM_TRAIN	109	78.5	2.5	-36.06	2.78	0.21	21319
tempe_16_setting3_dqn_domain_randomization	SIM_TRAIN	110	84.3	1.4	-43.21	3.39	0.23	21288
tempe_16_setting3_dqn_domain_randomization	SIM_TRAIN	111	80.7	1.5	-35.72	2.78	0.21	21297
tempe_16_setting3_dqn_domain_randomization	REAL_TEST	111	117.9	100.0	-85.10	7.86	0.25	18031
tempe_16_setting3_dqn_domain_randomization	SIM_TRAIN	112	78.9	1.5	-38.57	2.99	0.22	21323
tempe_16_setting3_dqn_domain_randomization	SIM_TRAIN	113	82.9	1.6	-44.83	3.53	0.22	21307
tempe_16_setting3_dqn_domain_randomization	SIM_TRAIN	114	85.2	1.5	-41.34	3.30	0.23	21280
tempe_16_setting3_dqn_domain_randomization	REAL_TEST	114	105.2	100.0	-60.86	5.22	0.24	18067
tempe_16_setting3_dqn_domain_randomization	SIM_TRAIN	115	94.8	1.7	-54.47	4.35	0.25	21211
tempe_16_setting3_dqn_domain_randomization	SIM_TRAIN	116	98.1	1.7	-56.06	4.56	0.26	21183
tempe_16_setting3_dqn_domain_randomization	SIM_TRAIN	117	78.0	1.7	-28.00	2.14	0.22	21331
tempe_16_setting3_dqn_domain_randomization	REAL_TEST	117	106.6	100.0	-62.73	5.40	0.24	18044
tempe_16_setting3_dqn_domain_randomization	SIM_TRAIN	118	78.0	1.8	-26.41	2.02	0.22	21324
tempe_16_setting3_dqn_domain_randomization	SIM_TRAIN	119	81.5	1.8	-32.96	2.60	0.23	21307
tempe_16_setting3_dqn_domain_randomization	SIM_TRAIN	120	78.6	1.8	-37.89	2.97	0.21	21322
tempe_16_setting3_dqn_domain_randomization	REAL_TEST	120	103.3	100.0	-56.31	4.84	0.24	18079
tempe_16_setting3_dqn_domain_randomization	SIM_TRAIN	121	84.5	1.7	-37.04	2.95	0.23	21303
tempe_16_setting3_dqn_domain_randomization	SIM_TRAIN	122	81.9	1.7	-41.06	3.22	0.22	21294
tempe_16_setting3_dqn_domain_randomization	SIM_TRAIN	123	77.4	1.8	-31.58	2.43	0.21	21319
tempe_16_setting3_dqn_domain_randomization	REAL_TEST	123	104.0	100.0	-52.85	4.67	0.24	18075
tempe_16_setting3_dqn_domain_randomization	SIM_TRAIN	124	155.3	4.6	-194.99	14.85	0.32	20353
tempe_16_setting3_dqn_domain_randomization	SIM_TRAIN	125	78.3	14.3	-30.61	2.38	0.22	21326
tempe_16_setting3_dqn_domain_randomization	SIM_TRAIN	126	78.3	13.0	-33.98	2.66	0.22	21319
tempe_16_setting3_dqn_domain_randomization	REAL_TEST	126	109.4	100.0	-63.53	5.62	0.24	18021
tempe_16_setting3_dqn_domain_randomization	SIM_TRAIN	127	87.7	10.7	-52.54	4.13	0.24	21257
tempe_16_setting3_dqn_domain_randomization	SIM_TRAIN	128	78.0	10.9	-30.84	2.31	0.22	21334
tempe_16_setting3_dqn_domain_randomization	SIM_TRAIN	129	77.7	10.6	-31.41	2.39	0.21	21329
tempe_16_setting3_dqn_domain_randomization	REAL_TEST	129	106.1	100.0	-60.14	5.19	0.24	18090
tempe_16_setting3_dqn_domain_randomization	SIM_TRAIN	130	77.5	9.3	-31.60	2.42	0.22	21331
tempe_16_setting3_dqn_domain_randomization	SIM_TRAIN	131	77.9	9.9	-30.42	2.29	0.22	21325
tempe_16_setting3_dqn_domain_randomization	SIM_TRAIN	132	80.8	10.8	-30.40	2.39	0.23	21305
tempe_16_setting3_dqn_domain_randomization	REAL_TEST	132	109.8	100.0	-65.50	5.94	0.25	18090
tempe_16_setting3_dqn_domain_randomization	SIM_TRAIN	133	95.5	10.6	-54.06	4.31	0.25	21186
tempe_16_setting3_dqn_domain_randomization	SIM_TRAIN	134	79.3	10.6	-30.56	2.34	0.22	21322
tempe_16_setting3_dqn_domain_randomization	SIM_TRAIN	135	104.8	11.0	-61.46	4.96	0.27	21115
tempe_16_setting3_dqn_domain_randomization	REAL_TEST	135	108.7	100.0	-62.77	5.56	0.25	18052
tempe_16_setting3_dqn_domain_randomization	SIM_TRAIN	136	77.3	11.1	-30.13	2.28	0.21	21330
tempe_16_setting3_dqn_domain_randomization	SIM_TRAIN	137	77.6	10.5	-32.05	2.40	0.21	21324
tempe_16_setting3_dqn_domain_randomization	SIM_TRAIN	138	77.3	7.3	-32.65	2.51	0.21	21318
tempe_16_setting3_dqn_domain_randomization	REAL_TEST	138	116.4	100.0	-82.16	7.14	0.26	17966
tempe_16_setting3_dqn_domain_randomization	SIM_TRAIN	139	77.6	1.6	-30.58	2.31	0.22	21334
tempe_16_setting3_dqn_domain_randomization	SIM_TRAIN	140	104.0	1.7	-58.10	4.83	0.26	21127
tempe_16_setting3_dqn_domain_randomization	SIM_TRAIN	141	82.0	1.6	-40.01	3.08	0.22	21313
tempe_16_setting3_dqn_domain_randomization	REAL_TEST	141	103.4	100.0	-51.71	4.53	0.25	18064
tempe_16_setting3_dqn_domain_randomization	SIM_TRAIN	142	78.9	1.6	-31.74	2.38	0.22	21313
tempe_16_setting3_dqn_domain_randomization	SIM_TRAIN	143	77.3	1.6	-30.63	2.30	0.21	21328
tempe_16_setting3_dqn_domain_randomization	SIM_TRAIN	144	81.8	1.7	-39.10	3.00	0.23	21312
tempe_16_setting3_dqn_domain_randomization	REAL_TEST	144	101.2	100.0	-50.40	4.18	0.24	18074
tempe_16_setting3_dqn_domain_randomization	SIM_TRAIN	145	79.0	1.7	-38.48	2.99	0.22	21315
tempe_16_setting3_dqn_domain_randomization	SIM_TRAIN	146	79.3	1.7	-37.14	2.81	0.22	21320
tempe_16_setting3_dqn_domain_randomization	SIM_TRAIN	147	78.4	1.6	-28.49	2.17	0.22	21322
tempe_16_setting3_dqn_domain_randomization	REAL_TEST	147	101.8	100.0	-50.68	4.43	0.24	18103
tempe_16_setting3_dqn_domain_randomization	SIM_TRAIN	148	79.4	1.5	-24.29	1.91	0.23	21323
tempe_16_setting3_dqn_domain_randomization	SIM_TRAIN	149	78.2	1.4	-34.63	2.65	0.22	21325
tempe_16_setting3_dqn_domain_randomization	SIM_TRAIN	150	84.5	1.4	-34.43	2.73	0.24	21302
tempe_16_setting3_dqn_domain_randomization	REAL_TEST	150	102.2	100.0	-53.51	4.62	0.25	18098
tempe_16_setting3_dqn_domain_randomization	SIM_TRAIN	151	100.1	1.6	-55.43	4.45	0.25	21153
tempe_16_setting3_dqn_domain_randomization	SIM_TRAIN	152	77.7	1.7	-30.39	2.31	0.21	21328
tempe_16_setting3_dqn_domain_randomization	SIM_TRAIN	153	79.1	1.6	-33.89	2.56	0.22	21319
tempe_16_setting3_dqn_domain_randomization	REAL_TEST	153	106.5	100.0	-66.94	5.60	0.25	17996
tempe_16_setting3_dqn_domain_randomization	SIM_TRAIN	154	81.1	1.6	-31.16	2.44	0.21	21305
tempe_16_setting3_dqn_domain_randomization	SIM_TRAIN	155	78.3	1.5	-29.02	2.22	0.22	21324
tempe_16_setting3_dqn_domain_randomization	SIM_TRAIN	156	77.0	1.5	-30.57	2.40	0.20	21326
tempe_16_setting3_dqn_domain_randomization	REAL_TEST	156	103.4	100.0	-69.90	5.43	0.26	18071
tempe_16_setting3_dqn_domain_randomization	SIM_TRAIN	157	77.8	1.4	-30.05	2.25	0.21	21331
tempe_16_setting3_dqn_domain_randomization	SIM_TRAIN	158	82.7	1.4	-40.49	3.17	0.23	21297
tempe_16_setting3_dqn_domain_randomization	SIM_TRAIN	159	78.4	1.4	-28.13	2.13	0.22	21326
tempe_16_setting3_dqn_domain_randomization	REAL_TEST	159	103.1	100.0	-56.51	5.01	0.25	18118
tempe_16_setting3_dqn_domain_randomization	SIM_TRAIN	160	77.2	1.4	-30.64	2.30	0.21	21318
tempe_16_setting3_dqn_domain_randomization	SIM_TRAIN	161	77.9	1.3	-30.10	2.22	0.21	21308
tempe_16_setting3_dqn_domain_randomization	SIM_TRAIN	162	84.5	1.4	-41.14	3.26	0.23	21275
tempe_16_setting3_dqn_domain_randomization	REAL_TEST	162	100.9	100.0	-50.81	4.44	0.24	18107
tempe_16_setting3_dqn_domain_randomization	SIM_TRAIN	163	78.8	1.5	-37.77	2.92	0.22	21323
tempe_16_setting3_dqn_domain_randomization	SIM_TRAIN	164	96.1	1.4	-50.33	4.11	0.25	21185
tempe_16_setting3_dqn_domain_randomization	SIM_TRAIN	165	77.2	1.3	-29.31	2.20	0.21	21328
tempe_16_setting3_dqn_domain_randomization	REAL_TEST	165	100.4	100.0	-52.16	4.65	0.24	18098
tempe_16_setting3_dqn_domain_randomization	SIM_TRAIN	166	80.6	1.4	-39.47	3.03	0.22	21305
tempe_16_setting3_dqn_domain_randomization	SIM_TRAIN	167	81.6	1.4	-36.74	2.87	0.23	21300
tempe_16_setting3_dqn_domain_randomization	SIM_TRAIN	168	77.4	1.4	-30.32	2.27	0.21	21321
tempe_16_setting3_dqn_domain_randomization	REAL_TEST	168	102.1	100.0	-55.25	4.84	0.25	18041
tempe_16_setting3_dqn_domain_randomization	SIM_TRAIN	169	85.6	1.5	-48.84	3.89	0.23	21259
tempe_16_setting3_dqn_domain_randomization	SIM_TRAIN	170	97.1	1.6	-54.14	4.39	0.25	21166
tempe_16_setting3_dqn_domain_randomization	SIM_TRAIN	171	84.8	1.7	-47.51	3.77	0.23	21277
tempe_16_setting3_dqn_domain_randomization	REAL_TEST	171	105.8	100.0	-67.78	5.85	0.25	18040
tempe_16_setting3_dqn_domain_randomization	SIM_TRAIN	172	77.3	1.8	-30.89	2.32	0.21	21329
tempe_16_setting3_dqn_domain_randomization	SIM_TRAIN	173	80.4	1.8	-38.70	2.98	0.22	21320
tempe_16_setting3_dqn_domain_randomization	SIM_TRAIN	174	78.6	1.9	-24.98	1.91	0.22	21324
tempe_16_setting3_dqn_domain_randomization	REAL_TEST	174	107.3	100.0	-70.79	6.13	0.25	18073
tempe_16_setting3_dqn_domain_randomization	SIM_TRAIN	175	77.9	1.9	-34.04	2.59	0.21	21324
tempe_16_setting3_dqn_domain_randomization	SIM_TRAIN	176	77.5	1.8	-31.65	2.37	0.21	21323
tempe_16_setting3_dqn_domain_randomization	SIM_TRAIN	177	80.5	1.8	-37.15	2.90	0.22	21307
tempe_16_setting3_dqn_domain_randomization	REAL_TEST	177	110.3	100.0	-76.39	6.53	0.25	18015
tempe_16_setting3_dqn_domain_randomization	SIM_TRAIN	178	77.8	1.8	-29.19	2.18	0.22	21321
tempe_16_setting3_dqn_domain_randomization	SIM_TRAIN	179	78.2	1.8	-35.00	2.70	0.22	21322
tempe_16_setting3_dqn_domain_randomization	SIM_TRAIN	180	79.7	1.7	-25.13	1.96	0.23	21321
tempe_16_setting3_dqn_domain_randomization	REAL_TEST	180	107.4	100.0	-71.51	6.14	0.25	18032
tempe_16_setting3_dqn_domain_randomization	SIM_TRAIN	181	77.6	1.6	-30.47	2.28	0.21	21321
tempe_16_setting3_dqn_domain_randomization	SIM_TRAIN	182	82.8	1.5	-39.22	3.05	0.23	21295
tempe_16_setting3_dqn_domain_randomization	SIM_TRAIN	183	79.0	1.4	-32.09	2.44	0.22	21313
tempe_16_setting3_dqn_domain_randomization	REAL_TEST	183	114.3	100.0	-81.97	7.21	0.26	17958
tempe_16_setting3_dqn_domain_randomization	SIM_TRAIN	184	77.4	1.4	-31.85	2.40	0.21	21326
tempe_16_setting3_dqn_domain_randomization	SIM_TRAIN	185	79.9	1.2	-33.89	2.59	0.22	21318
tempe_16_setting3_dqn_domain_randomization	SIM_TRAIN	186	79.1	1.1	-38.38	3.00	0.22	21320
tempe_16_setting3_dqn_domain_randomization	REAL_TEST	186	106.8	100.0	-66.52	5.81	0.26	18001
tempe_16_setting3_dqn_domain_randomization	SIM_TRAIN	187	77.9	1.0	-30.32	2.28	0.22	21316
tempe_16_setting3_dqn_domain_randomization	SIM_TRAIN	188	81.9	1.1	-41.00	3.25	0.22	21306
tempe_16_setting3_dqn_domain_randomization	SIM_TRAIN	189	79.3	1.1	-25.10	1.96	0.23	21326
tempe_16_setting3_dqn_domain_randomization	REAL_TEST	189	111.6	100.0	-75.79	6.58	0.26	17985
tempe_16_setting3_dqn_domain_randomization	SIM_TRAIN	190	78.5	1.1	-32.09	2.43	0.22	21319
tempe_16_setting3_dqn_domain_randomization	SIM_TRAIN	191	84.6	1.2	-45.36	3.60	0.23	21277
tempe_16_setting3_dqn_domain_randomization	SIM_TRAIN	192	77.5	1.2	-29.50	2.23	0.21	21327
tempe_16_setting3_dqn_domain_randomization	REAL_TEST	192	111.0	100.0	-74.77	6.43	0.26	17990
tempe_16_setting3_dqn_domain_randomization	SIM_TRAIN	193	81.7	1.4	-37.22	2.87	0.23	21318
tempe_16_setting3_dqn_domain_randomization	SIM_TRAIN	194	78.3	1.4	-26.06	1.96	0.22	21319
tempe_16_setting3_dqn_domain_randomization	SIM_TRAIN	195	78.6	1.4	-36.08	2.79	0.22	21327
tempe_16_setting3_dqn_domain_randomization	REAL_TEST	195	112.9	100.0	-80.05	6.96	0.26	17942
tempe_16_setting3_dqn_domain_randomization	SIM_TRAIN	196	87.4	1.4	-46.95	3.82	0.23	21247
tempe_16_setting3_dqn_domain_randomization	SIM_TRAIN	197	77.6	1.4	-32.41	2.45	0.21	21320
tempe_16_setting3_dqn_domain_randomization	SIM_TRAIN	198	81.2	1.4	-38.73	2.95	0.22	21309
tempe_16_setting3_dqn_domain_randomization	REAL_TEST	198	102.5	100.0	-53.18	4.70	0.25	18072
tempe_16_setting3_dqn_domain_randomization	SIM_TRAIN	199	141.0	3.0	-152.34	9.97	0.32	20628
tempe_16_setting3_dqn_domain_randomization	SIM_TRAIN	200	93.6	8.3	-53.88	4.39	0.24	21201
tempe_16_setting3_dqn_domain_randomization	SIM_TRAIN	201	77.7	9.8	-29.21	2.20	0.21	21335
tempe_16_setting3_dqn_domain_randomization	REAL_TEST	201	103.5	100.0	-58.77	5.15	0.26	18057
tempe_16_setting3_dqn_domain_randomization	SIM_TRAIN	202	79.1	9.4	-33.12	2.50	0.22	21299
tempe_16_setting3_dqn_domain_randomization	SIM_TRAIN	203	77.5	10.2	-31.62	2.37	0.21	21330
tempe_16_setting3_dqn_domain_randomization	SIM_TRAIN	204	77.8	10.0	-31.07	2.32	0.21	21329
tempe_16_setting3_dqn_domain_randomization	REAL_TEST	204	125.2	100.0	-135.81	12.34	0.27	17713
tempe_16_setting3_dqn_domain_randomization	SIM_TRAIN	205	139.8	12.5	-167.61	11.33	0.30	20532
tempe_16_setting3_dqn_domain_randomization	SIM_TRAIN	206	81.5	22.1	-41.16	3.21	0.22	21298
tempe_16_setting3_dqn_domain_randomization	SIM_TRAIN	207	78.2	27.0	-27.67	2.11	0.22	21322
tempe_16_setting3_dqn_domain_randomization	REAL_TEST	207	103.7	100.0	-55.09	4.59	0.25	18063
tempe_16_setting3_dqn_domain_randomization	SIM_TRAIN	208	91.3	28.1	-51.52	4.13	0.24	21223
tempe_16_setting3_dqn_domain_randomization	SIM_TRAIN	209	78.2	27.2	-36.35	2.81	0.21	21318
tempe_16_setting3_dqn_domain_randomization	SIM_TRAIN	210	80.9	28.8	-36.71	2.85	0.22	21320
tempe_16_setting3_dqn_domain_randomization	REAL_TEST	210	106.5	100.0	-68.73	5.76	0.25	18045
tempe_16_setting3_dqn_domain_randomization	SIM_TRAIN	211	93.2	29.9	-53.92	4.34	0.24	21206
tempe_16_setting3_dqn_domain_randomization	SIM_TRAIN	212	79.0	33.4	-25.52	1.97	0.22	21323
tempe_16_setting3_dqn_domain_randomization	SIM_TRAIN	213	77.5	21.4	-31.00	2.35	0.21	21329
tempe_16_setting3_dqn_domain_randomization	REAL_TEST	213	104.1	100.0	-57.45	4.80	0.25	18056
tempe_16_setting3_dqn_domain_randomization	SIM_TRAIN	214	79.3	14.9	-36.63	2.76	0.22	21318
tempe_16_setting3_dqn_domain_randomization	SIM_TRAIN	215	78.6	12.4	-27.19	2.10	0.20	21325
tempe_16_setting3_dqn_domain_randomization	SIM_TRAIN	216	80.4	12.8	-39.26	3.01	0.22	21323
tempe_16_setting3_dqn_domain_randomization	REAL_TEST	216	107.5	100.0	-63.55	5.40	0.25	18048
tempe_16_setting3_dqn_domain_randomization	SIM_TRAIN	217	81.5	12.2	-38.37	3.00	0.22	21306
tempe_16_setting3_dqn_domain_randomization	SIM_TRAIN	218	135.0	14.3	-133.72	9.14	0.30	20522
tempe_16_setting3_dqn_domain_randomization	SIM_TRAIN	219	169.8	22.5	-284.10	18.62	0.33	19843
tempe_16_setting3_dqn_domain_randomization	REAL_TEST	219	108.7	100.0	-62.76	5.59	0.25	18108
tempe_16_setting3_dqn_domain_randomization	SIM_TRAIN	220	89.9	24.7	-58.44	4.32	0.24	21301
tempe_16_setting3_dqn_domain_randomization	SIM_TRAIN	221	105.1	23.7	-54.90	4.40	0.26	21078
tempe_16_setting3_dqn_domain_randomization	SIM_TRAIN	222	98.4	21.6	-49.18	4.00	0.25	21156
tempe_16_setting3_dqn_domain_randomization	REAL_TEST	222	107.1	100.0	-69.49	5.83	0.26	18035
tempe_16_setting3_dqn_domain_randomization	SIM_TRAIN	223	78.0	21.3	-32.57	2.46	0.22	21323
tempe_16_setting3_dqn_domain_randomization	SIM_TRAIN	224	80.1	20.8	-42.17	3.31	0.22	21313
tempe_16_setting3_dqn_domain_randomization	SIM_TRAIN	225	80.6	18.8	-40.09	3.14	0.22	21316
tempe_16_setting3_dqn_domain_randomization	REAL_TEST	225	110.9	100.0	-75.43	6.42	0.25	18024
tempe_16_setting3_dqn_domain_randomization	SIM_TRAIN	226	78.8	18.8	-37.26	2.88	0.21	21318
tempe_16_setting3_dqn_domain_randomization	SIM_TRAIN	227	84.1	17.8	-44.00	3.47	0.23	21279
tempe_16_setting3_dqn_domain_randomization	SIM_TRAIN	228	78.7	18.4	-34.61	2.71	0.21	21329
tempe_16_setting3_dqn_domain_randomization	REAL_TEST	228	106.3	100.0	-61.69	5.24	0.25	18031
tempe_16_setting3_dqn_domain_randomization	SIM_TRAIN	229	79.2	19.3	-39.26	3.03	0.22	21309
tempe_16_setting3_dqn_domain_randomization	SIM_TRAIN	230	79.7	18.8	-37.10	2.84	0.22	21314
tempe_16_setting3_dqn_domain_randomization	SIM_TRAIN	231	80.0	17.6	-35.50	2.72	0.22	21306
tempe_16_setting3_dqn_domain_randomization	REAL_TEST	231	110.9	100.0	-74.08	6.44	0.25	18008
tempe_16_setting3_dqn_domain_randomization	SIM_TRAIN	232	77.9	15.6	-32.80	2.52	0.21	21335
tempe_16_setting3_dqn_domain_randomization	SIM_TRAIN	233	78.3	8.0	-34.70	2.64	0.21	21312
tempe_16_setting3_dqn_domain_randomization	SIM_TRAIN	234	85.6	1.6	-44.94	3.61	0.23	21273
tempe_16_setting3_dqn_domain_randomization	REAL_TEST	234	102.8	100.0	-53.01	4.44	0.25	18035
tempe_16_setting3_dqn_domain_randomization	SIM_TRAIN	235	79.5	1.4	-39.53	3.11	0.22	21309
tempe_16_setting3_dqn_domain_randomization	SIM_TRAIN	236	78.3	1.4	-35.96	2.80	0.21	21326
tempe_16_setting3_dqn_domain_randomization	SIM_TRAIN	237	84.0	1.3	-44.84	3.57	0.23	21290
tempe_16_setting3_dqn_domain_randomization	REAL_TEST	237	106.1	100.0	-57.65	5.08	0.25	18002
tempe_16_setting3_dqn_domain_randomization	SIM_TRAIN	238	165.7	17.9	-296.68	16.48	0.33	20371
tempe_16_setting3_dqn_domain_randomization	SIM_TRAIN	239	81.6	21.0	-38.30	3.00	0.22	21308
tempe_16_setting3_dqn_domain_randomization	SIM_TRAIN	240	77.7	15.3	-30.27	2.28	0.22	21325
tempe_16_setting3_dqn_domain_randomization	REAL_TEST	240	102.3	100.0	-54.43	4.68	0.25	18084
tempe_16_setting3_dqn_domain_randomization	SIM_TRAIN	241	77.4	10.9	-30.02	2.27	0.22	21330
tempe_16_setting3_dqn_domain_randomization	SIM_TRAIN	242	77.6	9.0	-29.33	2.21	0.22	21331
tempe_16_setting3_dqn_domain_randomization	SIM_TRAIN	243	78.3	8.6	-34.39	2.59	0.22	21322
tempe_16_setting3_dqn_domain_randomization	REAL_TEST	243	108.6	100.0	-71.66	6.02	0.25	18031
tempe_16_setting3_dqn_domain_randomization	SIM_TRAIN	244	77.8	7.9	-25.39	1.93	0.22	21326
tempe_16_setting3_dqn_domain_randomization	SIM_TRAIN	245	77.4	8.3	-30.53	2.31	0.21	21332
tempe_16_setting3_dqn_domain_randomization	SIM_TRAIN	246	79.7	8.4	-25.09	1.97	0.23	21317
tempe_16_setting3_dqn_domain_randomization	REAL_TEST	246	111.7	100.0	-80.34	6.54	0.26	17994
tempe_16_setting3_dqn_domain_randomization	SIM_TRAIN	247	229.2	11.6	-441.01	34.01	0.32	19166
tempe_16_setting3_dqn_domain_randomization	SIM_TRAIN	248	79.8	29.4	-38.26	2.96	0.22	21317
tempe_16_setting3_dqn_domain_randomization	SIM_TRAIN	249	79.2	36.9	-37.89	2.98	0.22	21311
tempe_16_setting3_dqn_domain_randomization	REAL_TEST	249	102.3	100.0	-52.65	4.51	0.25	18085
tempe_16_setting3_dqn_domain_randomization	SIM_TRAIN	250	140.1	39.1	-121.78	8.98	0.30	20537
tempe_16_setting3_dqn_domain_randomization	SIM_TRAIN	251	83.7	49.7	-42.75	3.37	0.23	21287
tempe_16_setting3_dqn_domain_randomization	SIM_TRAIN	252	78.2	36.9	-26.61	1.98	0.22	21324
tempe_16_setting3_dqn_domain_randomization	REAL_TEST	252	108.1	100.0	-64.62	5.43	0.26	18037
tempe_16_setting3_dqn_domain_randomization	SIM_TRAIN	253	77.2	30.1	-30.10	2.26	0.21	21325
tempe_16_setting3_dqn_domain_randomization	SIM_TRAIN	254	83.0	31.1	-44.00	3.44	0.23	21277
tempe_16_setting3_dqn_domain_randomization	SIM_TRAIN	255	82.6	30.8	-39.14	3.07	0.23	21294
tempe_16_setting3_dqn_domain_randomization	REAL_TEST	255	105.6	100.0	-61.35	5.08	0.26	18106
tempe_16_setting3_dqn_domain_randomization	SIM_TRAIN	256	84.2	32.7	-33.88	2.70	0.24	21308
tempe_16_setting3_dqn_domain_randomization	SIM_TRAIN	257	78.3	31.9	-34.61	2.65	0.21	21329
tempe_16_setting3_dqn_domain_randomization	SIM_TRAIN	258	187.0	39.3	-319.70	22.54	0.32	19269
tempe_16_setting3_dqn_domain_randomization	REAL_TEST	258	112.0	100.0	-77.86	6.51	0.25	17982
tempe_16_setting3_dqn_domain_randomization	SIM_TRAIN	259	80.0	57.0	-41.69	3.30	0.22	21318
tempe_16_setting3_dqn_domain_randomization	SIM_TRAIN	260	80.8	57.1	-38.28	2.95	0.22	21310
tempe_16_setting3_dqn_domain_randomization	SIM_TRAIN	261	77.8	49.0	-32.36	2.48	0.22	21318
tempe_16_setting3_dqn_domain_randomization	REAL_TEST	261	111.4	100.0	-84.17	6.81	0.26	17961
tempe_16_setting3_dqn_domain_randomization	SIM_TRAIN	262	80.9	40.8	-37.35	2.90	0.22	21315
tempe_16_setting3_dqn_domain_randomization	SIM_TRAIN	263	78.7	46.4	-37.22	2.90	0.22	21320
tempe_16_setting3_dqn_domain_randomization	SIM_TRAIN	264	83.8	37.8	-43.65	3.48	0.23	21281
tempe_16_setting3_dqn_domain_randomization	REAL_TEST	264	106.5	100.0	-68.02	5.59	0.26	18020
tempe_16_setting3_dqn_domain_randomization	SIM_TRAIN	265	79.1	25.4	-25.33	1.97	0.23	21320
tempe_16_setting3_dqn_domain_randomization	SIM_TRAIN	266	88.9	26.2	-50.71	4.07	0.24	21255
tempe_16_setting3_dqn_domain_randomization	SIM_TRAIN	267	75.3	26.3	-25.70	1.97	0.19	21334
tempe_16_setting3_dqn_domain_randomization	REAL_TEST	267	111.5	100.0	-79.39	6.49	0.26	17982
tempe_16_setting3_dqn_domain_randomization	SIM_TRAIN	268	79.9	25.4	-41.51	3.26	0.22	21312
tempe_16_setting3_dqn_domain_randomization	SIM_TRAIN	269	82.3	22.7	-44.11	3.45	0.23	21301
tempe_16_setting3_dqn_domain_randomization	SIM_TRAIN	270	79.4	25.7	-39.44	3.13	0.22	21314
tempe_16_setting3_dqn_domain_randomization	REAL_TEST	270	109.2	100.0	-74.78	5.99	0.25	17921
tempe_16_setting3_dqn_domain_randomization	SIM_TRAIN	271	84.3	26.7	-35.47	2.80	0.24	21294
tempe_16_setting3_dqn_domain_randomization	SIM_TRAIN	272	97.0	14.4	-44.92	3.43	0.25	21175
tempe_16_setting3_dqn_domain_randomization	SIM_TRAIN	273	78.9	1.7	-36.43	2.76	0.22	21324
tempe_16_setting3_dqn_domain_randomization	REAL_TEST	273	100.6	100.0	-49.84	4.02	0.24	18063
tempe_16_setting3_dqn_domain_randomization	SIM_TRAIN	274	89.9	1.6	-50.34	3.95	0.23	21226
tempe_16_setting3_dqn_domain_randomization	SIM_TRAIN	275	81.4	1.8	-42.36	3.34	0.22	21306
tempe_16_setting3_dqn_domain_randomization	SIM_TRAIN	276	78.8	1.8	-37.07	2.85	0.21	21327
tempe_16_setting3_dqn_domain_randomization	REAL_TEST	276	104.4	100.0	-58.44	4.90	0.24	18044
tempe_16_setting3_dqn_domain_randomization	SIM_TRAIN	277	78.5	1.7	-26.68	2.01	0.22	21329
tempe_16_setting3_dqn_domain_randomization	SIM_TRAIN	278	79.8	1.7	-36.18	2.76	0.22	21309
tempe_16_setting3_dqn_domain_randomization	SIM_TRAIN	279	146.1	5.1	-268.95	15.57	0.29	19916
tempe_16_setting3_dqn_domain_randomization	REAL_TEST	279	100.7	100.0	-49.83	4.16	0.24	18042
tempe_16_setting3_dqn_domain_randomization	SIM_TRAIN	280	77.5	14.0	-31.28	2.36	0.21	21323
tempe_16_setting3_dqn_domain_randomization	SIM_TRAIN	281	119.9	17.9	-121.09	7.66	0.28	20674
tempe_16_setting3_dqn_domain_randomization	SIM_TRAIN	282	79.3	24.7	-36.87	2.78	0.22	21321
tempe_16_setting3_dqn_domain_randomization	REAL_TEST	282	104.9	100.0	-59.62	5.10	0.25	18002
tempe_16_setting3_dqn_domain_randomization	SIM_TRAIN	283	165.4	24.8	-237.72	17.69	0.32	20047
tempe_16_setting3_dqn_domain_randomization	SIM_TRAIN	284	81.5	34.2	-39.07	3.04	0.23	21311
tempe_16_setting3_dqn_domain_randomization	SIM_TRAIN	285	78.3	28.3	-32.58	2.46	0.22	21320
tempe_16_setting3_dqn_domain_randomization	REAL_TEST	285	105.3	100.0	-62.46	5.13	0.25	18051
tempe_16_setting3_dqn_domain_randomization	SIM_TRAIN	286	78.6	29.1	-37.54	2.85	0.22	21316
tempe_16_setting3_dqn_domain_randomization	SIM_TRAIN	287	77.5	26.6	-31.90	2.41	0.21	21319
tempe_16_setting3_dqn_domain_randomization	SIM_TRAIN	288	86.9	29.3	-46.10	3.62	0.24	21269
tempe_16_setting3_dqn_domain_randomization	REAL_TEST	288	103.9	100.0	-55.03	4.77	0.25	18057
tempe_16_setting3_dqn_domain_randomization	SIM_TRAIN	289	80.2	27.2	-37.38	2.93	0.22	21317
tempe_16_setting3_dqn_domain_randomization	SIM_TRAIN	290	88.1	27.3	-48.18	3.78	0.24	21269
tempe_16_setting3_dqn_domain_randomization	SIM_TRAIN	291	77.3	29.8	-28.03	2.15	0.20	21326
tempe_16_setting3_dqn_domain_randomization	REAL_TEST	291	103.0	100.0	-54.87	4.71	0.24	18099
tempe_16_setting3_dqn_domain_randomization	SIM_TRAIN	292	77.9	26.7	-28.55	2.16	0.22	21327
tempe_16_setting3_dqn_domain_randomization	SIM_TRAIN	293	77.4	22.8	-30.92	2.34	0.21	21333
tempe_16_setting3_dqn_domain_randomization	SIM_TRAIN	294	80.2	13.9	-37.54	2.91	0.22	21317
tempe_16_setting3_dqn_domain_randomization	REAL_TEST	294	105.7	100.0	-55.34	4.85	0.25	18029
tempe_16_setting3_dqn_domain_randomization	SIM_TRAIN	295	79.3	12.3	-32.62	2.52	0.22	21322
tempe_16_setting3_dqn_domain_randomization	SIM_TRAIN	296	80.7	7.9	-39.44	3.09	0.22	21316
tempe_16_setting3_dqn_domain_randomization	SIM_TRAIN	297	84.7	5.4	-41.56	3.32	0.23	21280
tempe_16_setting3_dqn_domain_randomization	REAL_TEST	297	102.3	100.0	-54.40	4.52	0.25	18060
tempe_16_setting3_dqn_domain_randomization	SIM_TRAIN	298	81.6	1.4	-36.57	2.92	0.23	21302
tempe_16_setting3_dqn_domain_randomization	SIM_TRAIN	299	78.4	1.4	-25.67	1.99	0.22	21321
tempe_16_setting3_dqn_domain_randomization	REAL_TEST	300	103.1	100.0	-54.11	4.66	0.26	18047
