tempe_1x1_combine2_dqn_latent_observation	REAL_TEST	2	1454.9	100.0	-255.20	404.20	1.19	504
tempe_1x1_combine2_dqn_latent_observation	REAL_TEST	4	1153.2	100.0	-302.59	504.46	1.53	749
tempe_1x1_combine2_dqn_latent_observation	REAL_TEST	6	1041.5	100.0	-275.31	444.21	1.44	821
tempe_1x1_combine2_dqn_latent_observation	REAL_TEST	8	1061.0	100.0	-250.85	368.15	1.48	813
tempe_1x1_combine2_dqn_latent_observation	REAL_TEST	10	337.1	100.0	-83.48	121.94	1.40	1627
tempe_1x1_combine2_dqn_latent_observation	REAL_TEST	12	327.9	100.0	-57.93	86.87	1.23	1650
tempe_1x1_combine2_dqn_latent_observation	REAL_TEST	14	315.5	100.0	-66.68	95.78	1.34	1659
tempe_1x1_combine2_dqn_latent_observation	REAL_TEST	16	163.0	100.0	-16.91	27.75	1.27	1828
tempe_1x1_combine2_dqn_latent_observation	REAL_TEST	18	256.6	100.0	-49.08	75.30	1.35	1718
tempe_1x1_combine2_dqn_latent_observation	REAL_TEST	20	371.4	100.0	-87.63	145.58	1.42	1598
tempe_1x1_combine2_dqn_latent_observation	REAL_TEST	22	181.0	100.0	-20.03	31.68	1.24	1814
tempe_1x1_combine2_dqn_latent_observation	REAL_TEST	24	817.6	100.0	-169.64	281.70	1.22	1102
tempe_1x1_combine2_dqn_latent_observation	REAL_TEST	26	343.1	100.0	-83.01	123.19	1.42	1655
tempe_1x1_combine2_dqn_latent_observation	REAL_TEST	28	303.1	100.0	-47.38	69.25	1.34	1671
tempe_1x1_combine2_dqn_latent_observation	REAL_TEST	30	169.8	100.0	-20.93	32.95	1.39	1828
tempe_1x1_combine2_dqn_latent_observation	REAL_TEST	32	193.5	100.0	-26.30	39.30	1.24	1795
tempe_1x1_combine2_dqn_latent_observation	REAL_TEST	34	172.3	100.0	-22.48	34.76	1.45	1822
tempe_1x1_combine2_dqn_latent_observation	REAL_TEST	36	707.8	100.0	-129.26	195.78	1.28	1150
tempe_1x1_combine2_dqn_latent_observation	REAL_TEST	38	255.8	100.0	-48.09	78.50	1.39	1726
tempe_1x1_combine2_dqn_latent_observation	REAL_TEST	40	181.7	100.0	-22.06	35.18	1.22	1815
tempe_1x1_combine2_dqn_latent_observation	REAL_TEST	42	169.9	100.0	-19.77	31.93	1.30	1822
tempe_1x1_combine2_dqn_latent_observation	REAL_TEST	44	174.2	100.0	-21.09	32.84	1.31	1831
tempe_1x1_combine2_dqn_latent_observation	REAL_TEST	46	376.4	100.0	-103.35	146.94	1.52	1654
tempe_1x1_combine2_dqn_latent_observation	REAL_TEST	48	426.0	100.0	-106.28	176.63	1.46	1560
tempe_1x1_combine2_dqn_latent_observation	REAL_TEST	50	214.6	100.0	-26.50	42.07	1.24	1812
tempe_1x1_combine2_dqn_latent_observation	REAL_TEST	52	167.8	100.0	-20.52	32.59	1.39	1824
tempe_1x1_combine2_dqn_latent_observation	REAL_TEST	54	754.3	100.0	-135.34	205.35	1.29	1108
tempe_1x1_combine2_dqn_latent_observation	REAL_TEST	56	578.4	100.0	-107.26	158.38	1.38	1282
tempe_1x1_combine2_dqn_latent_observation	REAL_TEST	58	174.4	100.0	-22.40	36.08	1.45	1817
tempe_1x1_combine2_dqn_latent_observation	REAL_TEST	60	181.5	100.0	-22.53	35.37	1.31	1818
tempe_1x1_combine2_dqn_latent_observation	REAL_TEST	62	560.4	100.0	-150.37	249.05	1.30	1332
tempe_1x1_combine2_dqn_latent_observation	REAL_TEST	64	247.6	100.0	-36.45	54.06	1.35	1745
tempe_1x1_combine2_dqn_latent_observation	REAL_TEST	66	180.7	100.0	-23.74	37.28	1.38	1822
tempe_1x1_combine2_dqn_latent_observation	REAL_TEST	68	186.7	100.0	-23.25	36.55	1.32	1803
tempe_1x1_combine2_dqn_latent_observation	REAL_TEST	70	939.9	100.0	-121.57	201.55	1.24	897
tempe_1x1_combine2_dqn_latent_observation	REAL_TEST	72	693.5	100.0	-125.02	187.26	1.28	1111
tempe_1x1_combine2_dqn_latent_observation	REAL_TEST	74	180.0	100.0	-21.08	33.17	1.33	1814
tempe_1x1_combine2_dqn_latent_observation	REAL_TEST	76	174.5	100.0	-23.02	35.38	1.44	1827
tempe_1x1_combine2_dqn_latent_observation	REAL_TEST	78	656.6	100.0	-184.86	306.37	1.50	1280
tempe_1x1_combine2_dqn_latent_observation	REAL_TEST	80	175.9	100.0	-22.45	34.66	1.38	1816
tempe_1x1_combine2_dqn_latent_observation	REAL_TEST	82	185.3	100.0	-22.70	35.10	1.30	1818
tempe_1x1_combine2_dqn_latent_observation	REAL_TEST	84	177.4	100.0	-21.66	34.49	1.32	1809
tempe_1x1_combine2_dqn_latent_observation	REAL_TEST	86	897.9	100.0	-167.70	276.48	1.29	1014
tempe_1x1_combine2_dqn_latent_observation	REAL_TEST	88	185.1	100.0	-25.59	38.61	1.39	1815
tempe_1x1_combine2_dqn_latent_observation	REAL_TEST	90	182.1	100.0	-21.83	34.07	1.21	1828
tempe_1x1_combine2_dqn_latent_observation	REAL_TEST	92	581.2	100.0	-157.26	259.97	1.36	1380
tempe_1x1_combine2_dqn_latent_observation	REAL_TEST	94	194.4	100.0	-27.08	42.38	1.38	1806
tempe_1x1_combine2_dqn_latent_observation	REAL_TEST	96	182.9	100.0	-25.63	39.19	1.40	1817
tempe_1x1_combine2_dqn_latent_observation	REAL_TEST	98	229.6	100.0	-32.13	50.91	1.20	1808
tempe_1x1_combine2_dqn_latent_observation	REAL_TEST	100	475.3	100.0	-91.07	137.28	1.25	1305
tempe_1x1_combine2_dqn_latent_observation	REAL_TEST	102	189.6	100.0	-25.38	38.99	1.37	1808
tempe_1x1_combine2_dqn_latent_observation	REAL_TEST	104	197.2	100.0	-28.35	44.55	1.42	1819
tempe_1x1_combine2_dqn_latent_observation	REAL_TEST	106	225.1	100.0	-30.24	48.44	1.21	1793
tempe_1x1_combine2_dqn_latent_observation	REAL_TEST	108	659.2	100.0	-117.23	194.04	1.03	1136
tempe_1x1_combine2_dqn_latent_observation	REAL_TEST	110	196.0	100.0	-25.58	40.73	1.34	1819
tempe_1x1_combine2_dqn_latent_observation	REAL_TEST	112	839.6	100.0	-208.18	343.17	1.38	1067
tempe_1x1_combine2_dqn_latent_observation	REAL_TEST	114	203.1	100.0	-33.99	50.51	1.46	1818
tempe_1x1_combine2_dqn_latent_observation	REAL_TEST	116	1656.5	100.0	-336.89	539.30	1.44	339
tempe_1x1_combine2_dqn_latent_observation	REAL_TEST	118	236.5	100.0	-32.37	52.18	1.16	1795
tempe_1x1_combine2_dqn_latent_observation	REAL_TEST	120	233.0	100.0	-46.66	67.30	1.27	1715
tempe_1x1_combine2_dqn_latent_observation	REAL_TEST	122	195.2	100.0	-26.12	42.11	1.22	1800
tempe_1x1_combine2_dqn_latent_observation	REAL_TEST	124	185.9	100.0	-25.69	40.10	1.35	1814
tempe_1x1_combine2_dqn_latent_observation	REAL_TEST	126	205.8	100.0	-29.08	44.81	1.21	1792
tempe_1x1_combine2_dqn_latent_observation	REAL_TEST	128	1531.9	100.0	-311.70	497.53	1.36	452
tempe_1x1_combine2_dqn_latent_observation	REAL_TEST	130	182.7	100.0	-23.77	36.89	1.30	1822
tempe_1x1_combine2_dqn_latent_observation	REAL_TEST	132	517.4	100.0	-80.06	113.16	1.19	1346
tempe_1x1_combine2_dqn_latent_observation	REAL_TEST	134	193.0	100.0	-24.95	39.12	1.31	1822
tempe_1x1_combine2_dqn_latent_observation	REAL_TEST	136	181.6	100.0	-23.65	36.03	1.28	1818
tempe_1x1_combine2_dqn_latent_observation	REAL_TEST	138	182.8	100.0	-22.44	34.52	1.20	1815
tempe_1x1_combine2_dqn_latent_observation	REAL_TEST	140	563.9	100.0	-84.23	116.26	1.11	1270
tempe_1x1_combine2_dqn_latent_observation	REAL_TEST	142	192.5	100.0	-26.61	40.47	1.25	1809
tempe_1x1_combine2_dqn_latent_observation	REAL_TEST	144	251.7	100.0	-54.10	77.15	1.29	1764
tempe_1x1_combine2_dqn_latent_observation	REAL_TEST	146	1494.0	100.0	-314.53	503.89	1.27	484
tempe_1x1_combine2_dqn_latent_observation	REAL_TEST	148	201.0	100.0	-32.04	48.96	1.38	1807
tempe_1x1_combine2_dqn_latent_observation	REAL_TEST	150	762.5	100.0	-208.96	347.30	1.47	1155
tempe_1x1_combine2_dqn_latent_observation	REAL_TEST	152	348.8	100.0	-88.13	122.92	1.21	1566
tempe_1x1_combine2_dqn_latent_observation	REAL_TEST	154	324.1	100.0	-83.51	116.28	1.26	1672
tempe_1x1_combine2_dqn_latent_observation	REAL_TEST	156	402.4	100.0	-96.46	159.30	1.29	1528
tempe_1x1_combine2_dqn_latent_observation	REAL_TEST	158	231.0	100.0	-39.15	57.18	1.30	1795
tempe_1x1_combine2_dqn_latent_observation	REAL_TEST	160	556.2	100.0	-142.94	195.65	1.20	1342
tempe_1x1_combine2_dqn_latent_observation	REAL_TEST	162	380.7	100.0	-47.49	74.76	1.20	1621
tempe_1x1_combine2_dqn_latent_observation	REAL_TEST	164	200.9	100.0	-31.42	46.74	1.35	1804
tempe_1x1_combine2_dqn_latent_observation	REAL_TEST	166	182.1	100.0	-25.14	37.70	1.37	1821
tempe_1x1_combine2_dqn_latent_observation	REAL_TEST	168	202.4	100.0	-31.16	48.11	1.38	1781
tempe_1x1_combine2_dqn_latent_observation	REAL_TEST	170	756.1	100.0	-137.83	207.86	1.41	1019
tempe_1x1_combine2_dqn_latent_observation	REAL_TEST	172	879.9	100.0	-196.39	317.55	1.35	1020
tempe_1x1_combine2_dqn_latent_observation	REAL_TEST	174	189.2	100.0	-28.10	42.83	1.45	1807
tempe_1x1_combine2_dqn_latent_observation	REAL_TEST	176	180.8	100.0	-23.26	35.94	1.28	1819
tempe_1x1_combine2_dqn_latent_observation	REAL_TEST	178	1011.5	100.0	-158.78	243.57	1.18	741
tempe_1x1_combine2_dqn_latent_observation	REAL_TEST	180	207.1	100.0	-35.24	52.33	1.37	1782
tempe_1x1_combine2_dqn_latent_observation	REAL_TEST	182	921.8	100.0	-221.06	367.19	1.36	1013
tempe_1x1_combine2_dqn_latent_observation	REAL_TEST	184	197.5	100.0	-31.88	48.79	1.42	1812
tempe_1x1_combine2_dqn_latent_observation	REAL_TEST	186	214.8	100.0	-37.97	56.44	1.42	1793
tempe_1x1_combine2_dqn_latent_observation	REAL_TEST	188	235.4	100.0	-41.14	60.02	1.34	1783
tempe_1x1_combine2_dqn_latent_observation	REAL_TEST	190	179.9	100.0	-21.06	32.59	1.25	1828
tempe_1x1_combine2_dqn_latent_observation	REAL_TEST	192	1059.6	100.0	-236.09	393.58	0.98	872
tempe_1x1_combine2_dqn_latent_observation	REAL_TEST	194	380.0	100.0	-57.88	82.39	1.07	1569
tempe_1x1_combine2_dqn_latent_observation	REAL_TEST	196	202.3	100.0	-33.87	51.08	1.44	1802
tempe_1x1_combine2_dqn_latent_observation	REAL_TEST	198	179.4	100.0	-21.60	33.94	1.27	1821
