SIM_TRAIN step:0, travel time:130.46361556064073, q_loss:0, rewards:-4.870278, queue:3.776852, delay:0.58159655, throughput:4303, raw_metrics:{'fairness': 0.0}
SIM_TRAIN step:1, travel time:129.20054945054946, q_loss:0, rewards:-3.7863908, queue:3.387037, delay:0.565907, throughput:4302, raw_metrics:{'fairness': 0.0}
SIM_TRAIN step:2, travel time:133.45410849164568, q_loss:28.84643, rewards:-4.6147237, queue:4.850926, delay:0.5575586, throughput:4282, raw_metrics:{'fairness': 488.333}
SIM_TRAIN step:3, travel time:149.7562929061785, q_loss:18.504099, rewards:-10.740279, queue:9.6037035, delay:0.53239864, throughput:4292, raw_metrics:{'fairness': 0.0}
SIM_TRAIN step:4, travel time:139.62462806134127, q_loss:11.515393, rewards:-6.14389, queue:6.2083335, delay:0.5047896, throughput:4289, raw_metrics:{'fairness': 464.0}
SIM_TRAIN step:5, travel time:146.7411899313501, q_loss:8.838869, rewards:-9.964444, queue:8.627778, delay:0.5250842, throughput:4285, raw_metrics:{'fairness': 481.333}
SIM_TRAIN step:6, travel time:190.2254520485237, q_loss:8.515891, rewards:-24.297483, queue:18.28426, delay:0.5803436, throughput:4281, raw_metrics:{'fairness': 850.667}
SIM_TRAIN step:7, travel time:154.16613272311213, q_loss:7.818639, rewards:-14.583605, queue:10.730556, delay:0.54265237, throughput:4266, raw_metrics:{'fairness': 478.0}
SIM_TRAIN step:8, travel time:151.61584249084248, q_loss:7.0707326, rewards:-13.426392, queue:10.065741, delay:0.54208624, throughput:4283, raw_metrics:{'fairness': 800.0}
SIM_TRAIN step:9, travel time:156.51053113553112, q_loss:6.4198895, rewards:-15.66389, queue:11.255555, delay:0.54714316, throughput:4270, raw_metrics:{'fairness': 759.0}
SIM_TRAIN step:10, travel time:156.19432364385443, q_loss:6.008229, rewards:-14.171114, queue:11.248148, delay:0.5395391, throughput:4281, raw_metrics:{'fairness': 545.0}
SIM_TRAIN step:11, travel time:157.1741418764302, q_loss:5.4264126, rewards:-15.506949, queue:11.719444, delay:0.5423651, throughput:4287, raw_metrics:{'fairness': 1006.0}
SIM_TRAIN step:12, travel time:178.6241134751773, q_loss:5.2009497, rewards:-16.62362, queue:13.577778, delay:0.54241115, throughput:4246, raw_metrics:{'fairness': 788.333}
SIM_TRAIN step:13, travel time:230.68855835240274, q_loss:4.824685, rewards:-18.617516, queue:17.053703, delay:0.5374894, throughput:4116, raw_metrics:{'fairness': 503.333}
SIM_TRAIN step:14, travel time:196.84870679789427, q_loss:4.683043, rewards:-16.754435, queue:15.67037, delay:0.5252604, throughput:4175, raw_metrics:{'fairness': 167.333}
SIM_TRAIN step:15, travel time:267.5215201465202, q_loss:4.427008, rewards:-21.082506, queue:23.801851, delay:0.5492942, throughput:3917, raw_metrics:{'fairness': 1449.0}
SIM_TRAIN step:16, travel time:380.3061784897025, q_loss:4.518459, rewards:-24.944727, queue:30.808332, delay:0.56424326, throughput:3813, raw_metrics:{'fairness': 126.667}
SIM_TRAIN step:17, travel time:381.0606407322654, q_loss:4.5498867, rewards:-23.626665, queue:32.962963, delay:0.5443947, throughput:3681, raw_metrics:{'fairness': 603.0}
SIM_TRAIN step:18, travel time:425.19771167048054, q_loss:4.844111, rewards:-22.560291, queue:35.9, delay:0.53319377, throughput:3596, raw_metrics:{'fairness': 1304.667}
SIM_TRAIN step:19, travel time:502.1647974364843, q_loss:4.95684, rewards:-24.339724, queue:49.239815, delay:0.54922765, throughput:3497, raw_metrics:{'fairness': 1299.333}
SIM_TRAIN step:20, travel time:356.4238956282902, q_loss:5.8041463, rewards:-27.201681, queue:34.80463, delay:0.5479887, throughput:3733, raw_metrics:{'fairness': 656.0}
SIM_TRAIN step:21, travel time:249.38942307692307, q_loss:5.69559, rewards:-16.988054, queue:21.299074, delay:0.55178154, throughput:4046, raw_metrics:{'fairness': 420.0}
SIM_TRAIN step:22, travel time:277.3286793316548, q_loss:5.5344977, rewards:-17.133059, queue:17.118519, delay:0.5505337, throughput:3990, raw_metrics:{'fairness': 107.0}
SIM_TRAIN step:23, travel time:263.29395604395603, q_loss:5.0310283, rewards:-16.14222, queue:14.651852, delay:0.5430587, throughput:4044, raw_metrics:{'fairness': 872.0}
SIM_TRAIN step:24, travel time:227.91050583657588, q_loss:4.5259743, rewards:-17.570562, queue:14.500926, delay:0.549076, throughput:4075, raw_metrics:{'fairness': 485.667}
SIM_TRAIN step:25, travel time:262.61195054945057, q_loss:4.237293, rewards:-18.374725, queue:16.675, delay:0.54762846, throughput:4044, raw_metrics:{'fairness': 1348.0}
REAL_TRAIN step:1, travel time:389.82962575242084, q_loss:100, rewards:-75.591415, queue:59.41574, delay:0.631665, throughput:3192, R_real:-78.0703, components:{'queue': 1.892, 'delay': 1.895, 'waiting': 74.283, 'pressure': 0.0, 'switches': 0.0}, raw_metrics:{'fairness': 408.667, 'emission': 2392.318, 'fuel': 775.568, 'emergency_stops': 12.0, 'collisions': 0.0, 'ssm_conflicts': 1077.0}, init;w=queue=0.593;delay=0.844;waiting=0.858;pressure=0.847;switches=0.624
SIM_TRAIN step:26, travel time:483.52608695652174, q_loss:6.301776, rewards:-22.076107, queue:45.235184, delay:0.5545813, throughput:3520, raw_metrics:{'fairness': 614.333}
SIM_TRAIN step:27, travel time:526.0766765850309, q_loss:6.85812, rewards:-25.935558, queue:65.748146, delay:0.54560786, throughput:3362, raw_metrics:{'fairness': 671.0}
SIM_TRAIN step:28, travel time:861.1462912087912, q_loss:8.24466, rewards:-76.58001, queue:175.98889, delay:0.63048047, throughput:2691, raw_metrics:{'fairness': 841.667}
SIM_TRAIN step:29, travel time:945.5906593406594, q_loss:12.3370905, rewards:-106.751076, queue:219.43704, delay:0.65481114, throughput:2476, raw_metrics:{'fairness': 1407.333}
SIM_TRAIN step:30, travel time:989.5815018315018, q_loss:16.785173, rewards:-113.6527, queue:245.43796, delay:0.650759, throughput:2315, raw_metrics:{'fairness': 1147.0}
SIM_TRAIN step:31, travel time:1000.0171703296703, q_loss:22.883966, rewards:-112.343315, queue:253.00278, delay:0.6768322, throughput:2211, raw_metrics:{'fairness': 1320.0}
REAL_TRAIN step:2, travel time:861.0124264224984, q_loss:100, rewards:-90.94084, queue:129.89537, delay:0.6963574, throughput:2006, R_real:-202.4322, components:{'queue': 3.894, 'delay': 2.089, 'waiting': 196.449, 'pressure': 0.0, 'switches': 0.0}, raw_metrics:{'fairness': 407.0, 'emission': 4124.035, 'fuel': 1336.984, 'emergency_stops': 4.0, 'collisions': 0.0, 'ssm_conflicts': 1574.0}, init;w=queue=0.384;delay=0.298;waiting=0.057;pressure=0.273;switches=0.478
SIM_TRAIN step:32, travel time:581.8659038901602, q_loss:29.229034, rewards:-49.11277, queue:134.90463, delay:0.6499839, throughput:3439, raw_metrics:{'fairness': 639.333}
SIM_TRAIN step:33, travel time:671.7147435897435, q_loss:29.56398, rewards:-38.145306, queue:153.13889, delay:0.58057237, throughput:3148, raw_metrics:{'fairness': 1313.0}
SIM_TRAIN step:34, travel time:851.5544871794872, q_loss:33.81629, rewards:-78.32697, queue:211.275, delay:0.6264316, throughput:2678, raw_metrics:{'fairness': 1556.333}
SIM_TRAIN step:35, travel time:628.0480549199085, q_loss:43.602474, rewards:-47.54693, queue:135.63704, delay:0.5846958, throughput:3437, raw_metrics:{'fairness': 1034.667}
SIM_TRAIN step:36, travel time:494.1073472190433, q_loss:45.857136, rewards:-30.186638, queue:84.27407, delay:0.57607263, throughput:3659, raw_metrics:{'fairness': 540.667}
SIM_TRAIN step:37, travel time:537.163769441903, q_loss:48.456367, rewards:-48.52833, queue:107.5287, delay:0.61588, throughput:3811, raw_metrics:{'fairness': 531.0}
REAL_TRAIN step:3, travel time:2037.966730038023, q_loss:100, rewards:-375.24353, queue:298.18518, delay:0.89699125, throughput:295, R_real:-613.3130, components:{'queue': 9.775, 'delay': 2.691, 'waiting': 600.847, 'pressure': 0.0, 'switches': 0.0}, raw_metrics:{'fairness': 157.333, 'emission': 6594.911, 'fuel': 2138.033, 'emergency_stops': 2.0, 'collisions': 0.0, 'ssm_conflicts': 1509.0}, init;w=queue=0.812;delay=0.48;waiting=0.393;pressure=0.836;switches=0.337
SIM_TRAIN step:38, travel time:331.2268253604944, q_loss:49.62068, rewards:-22.423315, queue:53.250927, delay:0.58887905, throughput:4044, raw_metrics:{'fairness': 799.0}
SIM_TRAIN step:39, travel time:162.59455128205127, q_loss:49.777943, rewards:-15.036942, queue:14.513889, delay:0.6001342, throughput:4275, raw_metrics:{'fairness': 992.667}
SIM_TRAIN step:40, travel time:185.64697802197801, q_loss:52.617302, rewards:-19.677507, queue:17.0, delay:0.58491176, throughput:4205, raw_metrics:{'fairness': 538.667}
SIM_TRAIN step:41, travel time:176.0709706959707, q_loss:54.36139, rewards:-18.76306, queue:8.194445, delay:0.5472717, throughput:4163, raw_metrics:{'fairness': 163.333}
SIM_TRAIN step:42, travel time:220.3966582742046, q_loss:52.932354, rewards:-21.259722, queue:10.3527775, delay:0.5465615, throughput:4137, raw_metrics:{'fairness': 1455.0}
SIM_TRAIN step:43, travel time:163.1146978021978, q_loss:52.670635, rewards:-19.422775, queue:9.780556, delay:0.54156005, throughput:4231, raw_metrics:{'fairness': 1273.0}
REAL_TRAIN step:4, travel time:178.9415974145891, q_loss:100, rewards:-54.57139, queue:15.917593, delay:0.59384316, throughput:4124, R_real:-7.1427, components:{'queue': 0.56, 'delay': 1.782, 'waiting': 4.801, 'pressure': 0.0, 'switches': 0.0}, raw_metrics:{'fairness': 520.667, 'emission': 1463.43, 'fuel': 474.428, 'emergency_stops': 11.0, 'collisions': 0.0, 'ssm_conflicts': 1407.0}, init;w=queue=0.648;delay=0.368;waiting=0.957;pressure=0.14;switches=0.87
SIM_TRAIN step:44, travel time:262.5049187828872, q_loss:40.459957, rewards:-22.90249, queue:32.691666, delay:0.636531, throughput:4221, raw_metrics:{'fairness': 1607.333}
SIM_TRAIN step:45, travel time:140.3209706959707, q_loss:38.711155, rewards:-9.67, queue:7.599074, delay:0.62707925, throughput:4284, raw_metrics:{'fairness': 1808.0}
SIM_TRAIN step:46, travel time:159.61679249599635, q_loss:42.528748, rewards:-15.77028, queue:13.894444, delay:0.6378217, throughput:4281, raw_metrics:{'fairness': 1977.333}
SIM_TRAIN step:47, travel time:156.53020594965676, q_loss:48.810318, rewards:-17.145275, queue:13.089815, delay:0.61374474, throughput:4273, raw_metrics:{'fairness': 2511.0}
SIM_TRAIN step:48, travel time:202.86080586080587, q_loss:44.90842, rewards:-20.352228, queue:26.286112, delay:0.56781256, throughput:4082, raw_metrics:{'fairness': 1696.333}
SIM_TRAIN step:49, travel time:305.1291208791209, q_loss:31.189724, rewards:-21.656664, queue:46.26574, delay:0.5650743, throughput:3937, raw_metrics:{'fairness': 1472.0}
REAL_TRAIN step:5, travel time:174.019128831528, q_loss:100, rewards:-57.436077, queue:18.116667, delay:0.63421655, throughput:4045, R_real:-14.3822, components:{'queue': 0.749, 'delay': 1.903, 'waiting': 11.731, 'pressure': 0.0, 'switches': 0.0}, raw_metrics:{'fairness': 440.333, 'emission': 1425.359, 'fuel': 462.086, 'emergency_stops': 13.0, 'collisions': 1.0, 'ssm_conflicts': 763.0}, init;w=queue=0.474;delay=0.801;waiting=0.52;pressure=0.679;switches=0.721
SIM_TRAIN step:50, travel time:170.3824673838407, q_loss:13.163855, rewards:-15.6752825, queue:14.883333, delay:0.5899842, throughput:4243, raw_metrics:{'fairness': 556.333}
SIM_TRAIN step:51, travel time:163.41794460975052, q_loss:14.028867, rewards:-12.223886, queue:14.75463, delay:0.5567919, throughput:4264, raw_metrics:{'fairness': 720.333}
SIM_TRAIN step:52, travel time:481.8720531013962, q_loss:11.820356, rewards:-17.87583, queue:75.73055, delay:0.5557257, throughput:3460, raw_metrics:{'fairness': 563.0}
SIM_TRAIN step:53, travel time:517.9242562929062, q_loss:13.582739, rewards:-27.032505, queue:92.001854, delay:0.59846723, throughput:3463, raw_metrics:{'fairness': 678.667}
SIM_TRAIN step:54, travel time:210.94230769230768, q_loss:14.883349, rewards:-21.764444, queue:17.921297, delay:0.55912375, throughput:4084, raw_metrics:{'fairness': 2486.333}
SIM_TRAIN step:55, travel time:203.3063186813187, q_loss:13.30372, rewards:-13.754169, queue:14.366667, delay:0.52753013, throughput:4154, raw_metrics:{'fairness': 340.333}
REAL_TRAIN step:6, travel time:178.09914093336428, q_loss:100, rewards:-41.24529, queue:16.45, delay:0.58040076, throughput:3901, R_real:-10.0255, components:{'queue': 0.587, 'delay': 1.741, 'waiting': 7.697, 'pressure': 0.0, 'switches': 0.0}, raw_metrics:{'fairness': 491.667, 'emission': 1447.248, 'fuel': 469.182, 'emergency_stops': 16.0, 'collisions': 0.0, 'ssm_conflicts': 1192.0}, init;w=queue=0.582;delay=0.537;waiting=0.759;pressure=0.106;switches=0.474
SIM_TRAIN step:56, travel time:207.10002288853283, q_loss:13.940884, rewards:-16.228342, queue:18.022223, delay:0.56935716, throughput:4238, raw_metrics:{'fairness': 737.0}
SIM_TRAIN step:57, travel time:174.93728542000457, q_loss:14.346513, rewards:-13.838338, queue:14.389814, delay:0.5402134, throughput:4229, raw_metrics:{'fairness': 507.0}
SIM_TRAIN step:58, travel time:201.69274765499887, q_loss:13.380732, rewards:-13.79639, queue:15.084259, delay:0.53544223, throughput:4192, raw_metrics:{'fairness': 202.333}
SIM_TRAIN step:59, travel time:171.95034324942793, q_loss:12.541552, rewards:-12.847225, queue:16.126852, delay:0.54012865, throughput:4256, raw_metrics:{'fairness': 485.0}
SIM_TRAIN step:60, travel time:258.87528604118995, q_loss:12.187352, rewards:-16.097778, queue:41.525, delay:0.5770222, throughput:4117, raw_metrics:{'fairness': 1199.667}
SIM_TRAIN step:61, travel time:241.91371023117418, q_loss:12.783695, rewards:-15.270265, queue:35.164814, delay:0.56731194, throughput:4096, raw_metrics:{'fairness': 1998.333}
REAL_TRAIN step:7, travel time:1208.5274291860883, q_loss:100, rewards:-228.7931, queue:250.41945, delay:0.82055634, throughput:1016, R_real:-377.1613, components:{'queue': 7.798, 'delay': 2.462, 'waiting': 366.901, 'pressure': 0.0, 'switches': 0.0}, raw_metrics:{'fairness': 222.333, 'emission': 5246.169, 'fuel': 1700.776, 'emergency_stops': 2.0, 'collisions': 0.0, 'ssm_conflicts': 1741.0}, init;w=queue=0.186;delay=0.737;waiting=0.217;pressure=0.135;switches=0.324
SIM_TRAIN step:62, travel time:332.60878517501715, q_loss:14.093546, rewards:-19.864174, queue:57.489815, delay:0.57603407, throughput:3924, raw_metrics:{'fairness': 782.333}
SIM_TRAIN step:63, travel time:232.1353021978022, q_loss:13.45173, rewards:-17.761665, queue:37.988888, delay:0.5814637, throughput:4092, raw_metrics:{'fairness': 982.667}
SIM_TRAIN step:64, travel time:292.2026098901099, q_loss:12.527145, rewards:-24.519718, queue:63.28426, delay:0.5952748, throughput:3926, raw_metrics:{'fairness': 756.333}
SIM_TRAIN step:65, travel time:162.73449301899748, q_loss:12.645325, rewards:-13.381112, queue:14.711111, delay:0.5627376, throughput:4220, raw_metrics:{'fairness': 722.0}
SIM_TRAIN step:66, travel time:190.50457875457874, q_loss:12.158122, rewards:-16.006115, queue:16.114815, delay:0.5640554, throughput:4161, raw_metrics:{'fairness': 681.333}
SIM_TRAIN step:67, travel time:235.2259098191806, q_loss:10.661242, rewards:-15.301109, queue:19.025927, delay:0.5476767, throughput:4118, raw_metrics:{'fairness': 1830.667}
REAL_TRAIN step:8, travel time:524.2797315436242, q_loss:100, rewards:-119.94418, queue:114.20556, delay:0.73281306, throughput:2296, R_real:-102.9847, components:{'queue': 3.551, 'delay': 2.198, 'waiting': 97.235, 'pressure': 0.0, 'switches': 0.0}, raw_metrics:{'fairness': 420.333, 'emission': 3136.6, 'fuel': 1016.862, 'emergency_stops': 3.0, 'collisions': 0.0, 'ssm_conflicts': 1874.0}, init;w=queue=0.15;delay=0.222;waiting=0.386;pressure=0.903;switches=0.45
SIM_TRAIN step:68, travel time:476.1739926739927, q_loss:11.007357, rewards:-21.279997, queue:67.03333, delay:0.55310047, throughput:3539, raw_metrics:{'fairness': 849.0}
SIM_TRAIN step:69, travel time:794.455815018315, q_loss:16.824945, rewards:-65.61554, queue:175.06389, delay:0.5859665, throughput:2830, raw_metrics:{'fairness': 1669.667}
SIM_TRAIN step:70, travel time:512.5045787545788, q_loss:28.49883, rewards:-59.208073, queue:97.74722, delay:0.55030555, throughput:3024, raw_metrics:{'fairness': 1840.667}
SIM_TRAIN step:71, travel time:715.367673992674, q_loss:33.90105, rewards:-70.29388, queue:164.03703, delay:0.6492968, throughput:2898, raw_metrics:{'fairness': 1183.333}
SIM_TRAIN step:72, travel time:579.2276366964081, q_loss:40.786625, rewards:-22.714428, queue:104.40648, delay:0.5562881, throughput:3295, raw_metrics:{'fairness': 660.0}
SIM_TRAIN step:73, travel time:521.6609432234433, q_loss:46.614933, rewards:-22.641918, queue:93.43981, delay:0.5441248, throughput:3293, raw_metrics:{'fairness': 1063.667}
REAL_TRAIN step:9, travel time:1657.1657574485941, q_loss:100, rewards:-282.98666, queue:323.35648, delay:0.8335675, throughput:588, R_real:-569.9730, components:{'queue': 9.961, 'delay': 2.501, 'waiting': 557.511, 'pressure': 0.0, 'switches': 0.0}, raw_metrics:{'fairness': 113.0, 'emission': 6090.269, 'fuel': 1974.43, 'emergency_stops': 2.0, 'collisions': 0.0, 'ssm_conflicts': 1600.0}, init;w=queue=0.613;delay=0.902;waiting=0.099;pressure=0.97;switches=0.653
SIM_TRAIN step:74, travel time:177.56959706959708, q_loss:36.121372, rewards:-21.03583, queue:18.264814, delay:0.62778836, throughput:4119, raw_metrics:{'fairness': 741.667}
SIM_TRAIN step:75, travel time:226.99267734553777, q_loss:55.513508, rewards:-23.980005, queue:26.485186, delay:0.6477409, throughput:4062, raw_metrics:{'fairness': 1603.0}
SIM_TRAIN step:76, travel time:222.43020594965674, q_loss:58.966248, rewards:-18.181112, queue:30.436111, delay:0.6082917, throughput:4059, raw_metrics:{'fairness': 2197.333}
SIM_TRAIN step:77, travel time:372.85027472527474, q_loss:52.81882, rewards:-19.741108, queue:55.976852, delay:0.5547469, throughput:3600, raw_metrics:{'fairness': 451.0}
SIM_TRAIN step:78, travel time:336.22339208056763, q_loss:46.32271, rewards:-18.740004, queue:40.55463, delay:0.56277573, throughput:3853, raw_metrics:{'fairness': 527.333}
SIM_TRAIN step:79, travel time:337.98031135531136, q_loss:44.005867, rewards:-18.801943, queue:39.476852, delay:0.5592256, throughput:3877, raw_metrics:{'fairness': 1030.667}
REAL_TRAIN step:10, travel time:540.8436249285306, q_loss:100, rewards:-92.997765, queue:85.03519, delay:0.702781, throughput:2511, R_real:-129.7382, components:{'queue': 2.664, 'delay': 2.108, 'waiting': 124.966, 'pressure': 0.0, 'switches': 0.0}, raw_metrics:{'fairness': 423.0, 'emission': 3072.683, 'fuel': 996.141, 'emergency_stops': 6.0, 'collisions': 0.0, 'ssm_conflicts': 1311.0}, init;w=queue=0.171;delay=0.358;waiting=0.751;pressure=0.608;switches=0.325
SIM_TRAIN step:80, travel time:165.7219043259327, q_loss:33.58513, rewards:-18.884716, queue:12.634259, delay:0.6380364, throughput:4214, raw_metrics:{'fairness': 1732.667}
SIM_TRAIN step:81, travel time:234.9938215102975, q_loss:45.399376, rewards:-20.441109, queue:28.114815, delay:0.6428762, throughput:4121, raw_metrics:{'fairness': 2005.333}
SIM_TRAIN step:82, travel time:220.1130693522545, q_loss:43.714237, rewards:-17.76139, queue:27.99074, delay:0.60572124, throughput:4146, raw_metrics:{'fairness': 2070.0}
SIM_TRAIN step:83, travel time:200.21408966148215, q_loss:39.8189, rewards:-15.976389, queue:23.823149, delay:0.6208504, throughput:4204, raw_metrics:{'fairness': 573.333}
SIM_TRAIN step:84, travel time:165.03617216117217, q_loss:35.707867, rewards:-12.512776, queue:15.77963, delay:0.5974726, throughput:4269, raw_metrics:{'fairness': 1341.0}
SIM_TRAIN step:85, travel time:154.04624542124543, q_loss:32.059116, rewards:-10.733332, queue:12.073148, delay:0.5912314, throughput:4289, raw_metrics:{'fairness': 1726.667}
REAL_TRAIN step:11, travel time:598.5579100145138, q_loss:100, rewards:-109.80831, queue:94.81111, delay:0.68873596, throughput:2701, R_real:-135.6091, components:{'queue': 2.914, 'delay': 2.066, 'waiting': 130.629, 'pressure': 0.0, 'switches': 0.0}, raw_metrics:{'fairness': 461.667, 'emission': 3329.955, 'fuel': 1079.546, 'emergency_stops': 5.0, 'collisions': 0.0, 'ssm_conflicts': 1451.0}, bo;w=queue=0.442;delay=0.365;waiting=1.0;pressure=0.618;switches=1.0
SIM_TRAIN step:86, travel time:430.3124284733349, q_loss:19.47304, rewards:-24.441341, queue:44.225, delay:0.6490192, throughput:3966, raw_metrics:{'fairness': 1740.333}
SIM_TRAIN step:87, travel time:150.97756923781185, q_loss:19.702055, rewards:-12.465559, queue:10.505555, delay:0.5803146, throughput:4288, raw_metrics:{'fairness': 591.333}
SIM_TRAIN step:88, travel time:165.0562929061785, q_loss:19.616232, rewards:-17.359997, queue:12.038889, delay:0.598968, throughput:4240, raw_metrics:{'fairness': 1687.667}
SIM_TRAIN step:89, travel time:151.47184065934067, q_loss:17.325079, rewards:-15.368322, queue:9.580556, delay:0.5946103, throughput:4267, raw_metrics:{'fairness': 1466.667}
SIM_TRAIN step:90, travel time:159.71000228885327, q_loss:16.290274, rewards:-15.081107, queue:9.698148, delay:0.58839667, throughput:4243, raw_metrics:{'fairness': 1991.0}
SIM_TRAIN step:91, travel time:179.69610983981693, q_loss:14.610727, rewards:-15.8819475, queue:10.70463, delay:0.56438607, throughput:4163, raw_metrics:{'fairness': 1144.333}
REAL_TRAIN step:12, travel time:515.7715637173067, q_loss:100, rewards:-97.4164, queue:84.71111, delay:0.705949, throughput:2913, R_real:-103.1326, components:{'queue': 2.616, 'delay': 2.118, 'waiting': 98.399, 'pressure': 0.0, 'switches': 0.0}, raw_metrics:{'fairness': 390.0, 'emission': 2839.635, 'fuel': 920.585, 'emergency_stops': 8.0, 'collisions': 1.0, 'ssm_conflicts': 1297.0}, bo;w=queue=0.348;delay=0.638;waiting=0.578;pressure=1.0;switches=0.041
SIM_TRAIN step:92, travel time:243.99931350114417, q_loss:12.394961, rewards:-17.74583, queue:16.830555, delay:0.5772447, throughput:4073, raw_metrics:{'fairness': 665.667}
SIM_TRAIN step:93, travel time:193.7154304029304, q_loss:7.8693333, rewards:-16.873886, queue:10.187037, delay:0.5608277, throughput:4141, raw_metrics:{'fairness': 1112.333}
SIM_TRAIN step:94, travel time:167.2248913292153, q_loss:6.692395, rewards:-14.080557, queue:7.1703706, delay:0.54288185, throughput:4209, raw_metrics:{'fairness': 154.667}
SIM_TRAIN step:95, travel time:177.50686813186815, q_loss:5.645107, rewards:-13.626107, queue:7.2231483, delay:0.5316675, throughput:4197, raw_metrics:{'fairness': 863.0}
SIM_TRAIN step:96, travel time:173.30617848970252, q_loss:4.665373, rewards:-13.396391, queue:7.383333, delay:0.5166939, throughput:4213, raw_metrics:{'fairness': 508.667}
SIM_TRAIN step:97, travel time:180.01373311970704, q_loss:3.7665193, rewards:-13.648061, queue:7.336111, delay:0.5196198, throughput:4186, raw_metrics:{'fairness': 1112.667}
REAL_TRAIN step:13, travel time:420.94777350192413, q_loss:100, rewards:-89.11389, queue:65.85648, delay:0.6793096, throughput:3090, R_real:-80.4385, components:{'queue': 2.037, 'delay': 2.038, 'waiting': 76.364, 'pressure': 0.0, 'switches': 0.0}, raw_metrics:{'fairness': 410.0, 'emission': 2433.471, 'fuel': 788.909, 'emergency_stops': 10.0, 'collisions': 1.0, 'ssm_conflicts': 1406.0}, bo;w=queue=0.475;delay=0.879;waiting=0.635;pressure=0.4;switches=0.799
SIM_TRAIN step:98, travel time:342.4795147631037, q_loss:10.228788, rewards:-18.506382, queue:23.105556, delay:0.56200683, throughput:3889, raw_metrics:{'fairness': 232.333}
SIM_TRAIN step:99, travel time:189.47562371252002, q_loss:6.021056, rewards:-17.139442, queue:11.035185, delay:0.57053226, throughput:4213, raw_metrics:{'fairness': 334.333}
SIM_TRAIN step:100, travel time:169.0226596475166, q_loss:3.954949, rewards:-16.205, queue:10.445371, delay:0.5625874, throughput:4233, raw_metrics:{'fairness': 536.333}
SIM_TRAIN step:101, travel time:162.62760357061111, q_loss:2.875817, rewards:-15.246666, queue:9.144444, delay:0.5519701, throughput:4241, raw_metrics:{'fairness': 498.667}
SIM_TRAIN step:102, travel time:168.60489590482726, q_loss:2.5211916, rewards:-15.781112, queue:9.431481, delay:0.557775, throughput:4211, raw_metrics:{'fairness': 1438.0}
SIM_TRAIN step:103, travel time:181.5482837528604, q_loss:2.2186708, rewards:-15.533056, queue:9.678703, delay:0.5607851, throughput:4182, raw_metrics:{'fairness': 1269.0}
REAL_TRAIN step:14, travel time:210.01744460160302, q_loss:100, rewards:-83.685265, queue:27.637962, delay:0.6590202, throughput:3961, R_real:-19.6087, components:{'queue': 0.966, 'delay': 1.977, 'waiting': 16.665, 'pressure': 0.0, 'switches': 0.0}, raw_metrics:{'fairness': 447.333, 'emission': 1615.348, 'fuel': 523.679, 'emergency_stops': 11.0, 'collisions': 0.0, 'ssm_conflicts': 1177.0}, bo;w=queue=0.724;delay=0.316;waiting=0.757;switches=0.126
SIM_TRAIN step:104, travel time:282.06272893772893, q_loss:3.395949, rewards:-18.493338, queue:14.966666, delay:0.5746129, throughput:4004, raw_metrics:{'fairness': 900.0}
SIM_TRAIN step:105, travel time:203.1085164835165, q_loss:2.744746, rewards:-15.540832, queue:10.50463, delay:0.5409954, throughput:4136, raw_metrics:{'fairness': 1054.333}
SIM_TRAIN step:106, travel time:200.00137236962487, q_loss:2.4989512, rewards:-16.016674, queue:10.281482, delay:0.5496226, throughput:4132, raw_metrics:{'fairness': 338.0}
SIM_TRAIN step:107, travel time:222.55204758636467, q_loss:2.2504106, rewards:-16.956387, queue:12.123148, delay:0.56517565, throughput:4142, raw_metrics:{'fairness': 1074.0}
SIM_TRAIN step:108, travel time:207.90501258869307, q_loss:2.1970282, rewards:-15.699997, queue:10.531482, delay:0.5505259, throughput:4120, raw_metrics:{'fairness': 629.0}
SIM_TRAIN step:109, travel time:235.4687571526665, q_loss:2.0869246, rewards:-15.247225, queue:11.711111, delay:0.53661597, throughput:3979, raw_metrics:{'fairness': 803.667}
REAL_TRAIN step:15, travel time:597.7939179214644, q_loss:100, rewards:-86.56725, queue:92.687035, delay:0.6783942, throughput:2505, R_real:-154.1966, components:{'queue': 2.841, 'delay': 2.035, 'waiting': 149.321, 'pressure': 0.0, 'switches': 0.0}, raw_metrics:{'fairness': 443.0, 'emission': 3238.723, 'fuel': 1049.97, 'emergency_stops': 8.0, 'collisions': 0.0, 'ssm_conflicts': 1328.0}, bo;w=queue=0.594;delay=1.0;waiting=1.0
SIM_TRAIN step:110, travel time:322.4010070954452, q_loss:3.3651273, rewards:-17.88667, queue:17.279629, delay:0.5326584, throughput:3912, raw_metrics:{'fairness': 455.667}
SIM_TRAIN step:111, travel time:245.46201372997712, q_loss:2.8420072, rewards:-15.155004, queue:11.51574, delay:0.53803825, throughput:4077, raw_metrics:{'fairness': 372.667}
SIM_TRAIN step:112, travel time:210.2488553113553, q_loss:2.4727485, rewards:-14.658329, queue:9.936111, delay:0.53337795, throughput:4100, raw_metrics:{'fairness': 953.333}
SIM_TRAIN step:113, travel time:226.56855115587092, q_loss:2.2504344, rewards:-14.447225, queue:10.192593, delay:0.527906, throughput:4069, raw_metrics:{'fairness': 285.333}
SIM_TRAIN step:114, travel time:214.4623483634699, q_loss:2.1533465, rewards:-14.431663, queue:9.12037, delay:0.53277314, throughput:4104, raw_metrics:{'fairness': 1407.333}
SIM_TRAIN step:115, travel time:205.19363698786907, q_loss:2.0468073, rewards:-14.877778, queue:9.443519, delay:0.5506223, throughput:4122, raw_metrics:{'fairness': 322.333}
REAL_TRAIN step:16, travel time:432.2130830803202, q_loss:100, rewards:-85.334724, queue:66.6287, delay:0.6637219, throughput:3088, R_real:-110.3838, components:{'queue': 2.17, 'delay': 1.991, 'waiting': 106.222, 'pressure': 0.0, 'switches': 0.0}, raw_metrics:{'fairness': 595.0, 'emission': 2456.346, 'fuel': 796.325, 'emergency_stops': 3.0, 'collisions': 0.0, 'ssm_conflicts': 898.0}, bo;w=queue=0.455;waiting=0.508;pressure=1.0;switches=1.0
SIM_TRAIN step:116, travel time:334.5883295194508, q_loss:3.243266, rewards:-16.751944, queue:17.212963, delay:0.53493595, throughput:3923, raw_metrics:{'fairness': 1118.333}
SIM_TRAIN step:117, travel time:288.90043488212405, q_loss:2.7271557, rewards:-15.96222, queue:13.715741, delay:0.54464483, throughput:3969, raw_metrics:{'fairness': 744.333}
SIM_TRAIN step:118, travel time:240.14468864468864, q_loss:2.5019314, rewards:-15.2694435, queue:11.1462965, delay:0.5439687, throughput:4052, raw_metrics:{'fairness': 502.0}
SIM_TRAIN step:119, travel time:246.87025171624714, q_loss:2.3345306, rewards:-16.087505, queue:10.6462965, delay:0.5506106, throughput:4042, raw_metrics:{'fairness': 493.0}
SIM_TRAIN step:120, travel time:217.49588100686498, q_loss:2.18372, rewards:-15.340278, queue:9.372222, delay:0.55652034, throughput:4087, raw_metrics:{'fairness': 290.0}
SIM_TRAIN step:121, travel time:195.65712977798123, q_loss:2.0556216, rewards:-15.279998, queue:8.9796295, delay:0.555791, throughput:4148, raw_metrics:{'fairness': 1247.333}
REAL_TRAIN step:17, travel time:552.7085484796328, q_loss:100, rewards:-80.05389, queue:82.635185, delay:0.6631155, throughput:2436, R_real:-112.3250, components:{'queue': 2.514, 'delay': 1.989, 'waiting': 107.822, 'pressure': 0.0, 'switches': 0.0}, raw_metrics:{'fairness': 506.0, 'emission': 3137.505, 'fuel': 1017.156, 'emergency_stops': 8.0, 'collisions': 0.0, 'ssm_conflicts': 1443.0}, bo;w=queue=0.648;waiting=0.846;pressure=0.221;switches=0.658
SIM_TRAIN step:122, travel time:232.7589837491417, q_loss:3.285933, rewards:-16.925558, queue:13.5212965, delay:0.57211643, throughput:4094, raw_metrics:{'fairness': 836.333}
SIM_TRAIN step:123, travel time:239.70944863875545, q_loss:2.702256, rewards:-16.632778, queue:10.928703, delay:0.5712896, throughput:4045, raw_metrics:{'fairness': 563.667}
SIM_TRAIN step:124, travel time:210.71955128205127, q_loss:2.368855, rewards:-15.6219425, queue:9.865741, delay:0.55968183, throughput:4105, raw_metrics:{'fairness': 329.333}
SIM_TRAIN step:125, travel time:214.06524725274724, q_loss:2.1509101, rewards:-16.031107, queue:9.957407, delay:0.5541644, throughput:4090, raw_metrics:{'fairness': 640.0}
SIM_TRAIN step:126, travel time:229.07118333714809, q_loss:2.0735984, rewards:-15.660558, queue:9.392592, delay:0.5670921, throughput:4087, raw_metrics:{'fairness': 654.0}
SIM_TRAIN step:127, travel time:206.63141025641025, q_loss:1.9533033, rewards:-15.214166, queue:8.940741, delay:0.5515311, throughput:4113, raw_metrics:{'fairness': 587.0}
REAL_TRAIN step:18, travel time:1766.3587583148558, q_loss:100, rewards:-345.16193, queue:308.58795, delay:0.8916225, throughput:451, R_real:-584.6825, components:{'queue': 9.884, 'delay': 2.675, 'waiting': 572.124, 'pressure': 0.0, 'switches': 0.0}, raw_metrics:{'fairness': 105.333, 'emission': 6142.878, 'fuel': 1991.485, 'emergency_stops': 4.0, 'collisions': 0.0, 'ssm_conflicts': 1596.0}, bo;w=queue=1.0;waiting=0.947;pressure=0.794;switches=1.0
SIM_TRAIN step:128, travel time:325.5485125858124, q_loss:3.2209003, rewards:-17.207785, queue:16.51389, delay:0.5561296, throughput:3901, raw_metrics:{'fairness': 432.333}
SIM_TRAIN step:129, travel time:234.1320668345159, q_loss:2.7175045, rewards:-15.493608, queue:11.177778, delay:0.5420315, throughput:4045, raw_metrics:{'fairness': 534.333}
SIM_TRAIN step:130, travel time:255.4998856097003, q_loss:2.3801763, rewards:-15.098337, queue:10.750926, delay:0.54041225, throughput:4019, raw_metrics:{'fairness': 271.0}
SIM_TRAIN step:131, travel time:211.0258640421149, q_loss:2.2370706, rewards:-15.0425005, queue:8.90463, delay:0.5580215, throughput:4125, raw_metrics:{'fairness': 701.667}
SIM_TRAIN step:132, travel time:189.94207875457874, q_loss:2.0904732, rewards:-14.212779, queue:8.2, delay:0.5452865, throughput:4169, raw_metrics:{'fairness': 431.333}
SIM_TRAIN step:133, travel time:186.4533180778032, q_loss:1.9669987, rewards:-14.649726, queue:8.189815, delay:0.5662443, throughput:4198, raw_metrics:{'fairness': 2112.667}
REAL_TRAIN step:19, travel time:513.7436332767402, q_loss:100, rewards:-80.18968, queue:79.59537, delay:0.65772, throughput:2507, R_real:-117.6477, components:{'queue': 2.446, 'delay': 1.973, 'waiting': 113.228, 'pressure': 0.0, 'switches': 0.0}, raw_metrics:{'fairness': 530.0, 'emission': 2976.567, 'fuel': 964.981, 'emergency_stops': 7.0, 'collisions': 0.0, 'ssm_conflicts': 1353.0}, bo;w=waiting=1.0;pressure=1.0;switches=1.0
SIM_TRAIN step:134, travel time:229.89056776556777, q_loss:3.0954711, rewards:-15.947494, queue:10.662037, delay:0.5529425, throughput:4095, raw_metrics:{'fairness': 507.667}
SIM_TRAIN step:135, travel time:210.66354071363222, q_loss:2.5289767, rewards:-15.969444, queue:9.208333, delay:0.5581361, throughput:4119, raw_metrics:{'fairness': 665.333}
SIM_TRAIN step:136, travel time:179.12765957446808, q_loss:2.2891073, rewards:-15.729444, queue:8.537037, delay:0.5745073, throughput:4190, raw_metrics:{'fairness': 453.333}
SIM_TRAIN step:137, travel time:186.45471180237877, q_loss:2.0732594, rewards:-16.58333, queue:9.281482, delay:0.58733666, throughput:4202, raw_metrics:{'fairness': 1253.667}
SIM_TRAIN step:138, travel time:167.6738384069581, q_loss:1.9618598, rewards:-15.315834, queue:8.12963, delay:0.5885885, throughput:4240, raw_metrics:{'fairness': 0.0}
SIM_TRAIN step:139, travel time:166.5664607641272, q_loss:1.8536232, rewards:-16.876945, queue:8.901852, delay:0.6078153, throughput:4237, raw_metrics:{'fairness': 2471.667}
REAL_TRAIN step:20, travel time:716.0622641509434, q_loss:100, rewards:-107.609985, queue:111.95648, delay:0.7070639, throughput:1921, R_real:-179.7892, components:{'queue': 3.407, 'delay': 2.121, 'waiting': 174.261, 'pressure': 0.0, 'switches': 0.0}, raw_metrics:{'fairness': 421.0, 'emission': 3645.652, 'fuel': 1181.896, 'emergency_stops': 3.0, 'collisions': 0.0, 'ssm_conflicts': 1426.0}, bo;w=queue=0.627;waiting=0.454;switches=0.966
SIM_TRAIN step:140, travel time:226.81643396658274, q_loss:3.3221107, rewards:-19.392223, queue:14.1472225, delay:0.6074906, throughput:4094, raw_metrics:{'fairness': 535.0}
SIM_TRAIN step:141, travel time:249.07348901098902, q_loss:2.7145708, rewards:-18.243889, queue:13.912037, delay:0.5943452, throughput:4120, raw_metrics:{'fairness': 1428.333}
SIM_TRAIN step:142, travel time:178.71006864988559, q_loss:2.3569973, rewards:-17.273336, queue:11.480556, delay:0.60100394, throughput:4220, raw_metrics:{'fairness': 1312.667}
SIM_TRAIN step:143, travel time:164.6411078049897, q_loss:2.1189976, rewards:-17.829723, queue:10.652778, delay:0.61454433, throughput:4245, raw_metrics:{'fairness': 375.667}
SIM_TRAIN step:144, travel time:182.01831082627604, q_loss:1.9834563, rewards:-16.783892, queue:10.174074, delay:0.5887456, throughput:4204, raw_metrics:{'fairness': 826.0}
SIM_TRAIN step:145, travel time:181.8134584573129, q_loss:1.9033276, rewards:-16.496115, queue:9.264814, delay:0.5805403, throughput:4184, raw_metrics:{'fairness': 1120.0}
REAL_TRAIN step:21, travel time:734.1758376882877, q_loss:100, rewards:-144.38913, queue:126.51667, delay:0.69762695, throughput:1933, R_real:-196.7990, components:{'queue': 3.901, 'delay': 2.093, 'waiting': 190.805, 'pressure': 0.0, 'switches': 0.0}, raw_metrics:{'fairness': 424.667, 'emission': 3817.002, 'fuel': 1237.446, 'emergency_stops': 6.0, 'collisions': 0.0, 'ssm_conflicts': 1854.0}, bo;w=pressure=1.0;switches=1.0
SIM_TRAIN step:146, travel time:239.52300297550926, q_loss:3.0395432, rewards:-17.5375, queue:13.398149, delay:0.5641858, throughput:4057, raw_metrics:{'fairness': 1097.0}
SIM_TRAIN step:147, travel time:232.28777472527472, q_loss:2.6053228, rewards:-17.030275, queue:12.844444, delay:0.5633701, throughput:4106, raw_metrics:{'fairness': 674.333}
SIM_TRAIN step:148, travel time:196.263218127718, q_loss:2.5587542, rewards:-15.883889, queue:9.613889, delay:0.57365704, throughput:4133, raw_metrics:{'fairness': 907.333}
SIM_TRAIN step:149, travel time:191.58173076923077, q_loss:2.3931425, rewards:-15.478054, queue:8.747222, delay:0.57845545, throughput:4150, raw_metrics:{'fairness': 647.333}
SIM_TRAIN step:150, travel time:176.78296703296704, q_loss:2.3137894, rewards:-16.040834, queue:8.198148, delay:0.588532, throughput:4193, raw_metrics:{'fairness': 357.333}
SIM_TRAIN step:151, travel time:175.64491758241758, q_loss:2.182531, rewards:-15.9783325, queue:8.039815, delay:0.6048522, throughput:4189, raw_metrics:{'fairness': 2140.333}
REAL_TRAIN step:22, travel time:918.3780895123581, q_loss:100, rewards:-156.77751, queue:153.97592, delay:0.7378502, throughput:1487, R_real:-238.1317, components:{'queue': 4.745, 'delay': 2.214, 'waiting': 231.173, 'pressure': 0.0, 'switches': 0.0}, raw_metrics:{'fairness': 345.667, 'emission': 4332.89, 'fuel': 1404.695, 'emergency_stops': 3.0, 'collisions': 0.0, 'ssm_conflicts': 1880.0}, bo;w=queue=0.257;delay=1.0;waiting=1.0;pressure=1.0;switches=1.0
SIM_TRAIN step:152, travel time:227.5485347985348, q_loss:3.2589788, rewards:-19.899998, queue:13.466666, delay:0.5963571, throughput:4089, raw_metrics:{'fairness': 1204.333}
SIM_TRAIN step:153, travel time:196.2041657129778, q_loss:2.7277837, rewards:-18.113613, queue:10.969444, delay:0.59950393, throughput:4161, raw_metrics:{'fairness': 612.667}
SIM_TRAIN step:154, travel time:182.92721446555277, q_loss:2.5121384, rewards:-15.887223, queue:9.078704, delay:0.57759243, throughput:4174, raw_metrics:{'fairness': 1118.333}
SIM_TRAIN step:155, travel time:195.01762417029067, q_loss:2.2844796, rewards:-16.550833, queue:9.096296, delay:0.58284694, throughput:4165, raw_metrics:{'fairness': 157.333}
SIM_TRAIN step:156, travel time:200.75824175824175, q_loss:2.1132543, rewards:-16.746664, queue:9.489815, delay:0.5784353, throughput:4127, raw_metrics:{'fairness': 382.333}
SIM_TRAIN step:157, travel time:196.41212814645309, q_loss:2.0272696, rewards:-18.765831, queue:9.814815, delay:0.57031167, throughput:4130, raw_metrics:{'fairness': 1276.333}
REAL_TRAIN step:23, travel time:798.7522820270696, q_loss:100, rewards:-151.28885, queue:136.57777, delay:0.7096646, throughput:1841, R_real:-216.8647, components:{'queue': 4.205, 'delay': 2.129, 'waiting': 210.531, 'pressure': 0.0, 'switches': 0.0}, raw_metrics:{'fairness': 443.333, 'emission': 4027.416, 'fuel': 1305.661, 'emergency_stops': 7.0, 'collisions': 0.0, 'ssm_conflicts': 1729.0}, bo;w=waiting=1.0;switches=1.0
SIM_TRAIN step:158, travel time:251.95170519569695, q_loss:3.3279026, rewards:-22.092783, queue:14.337963, delay:0.58737916, throughput:4012, raw_metrics:{'fairness': 1690.667}
SIM_TRAIN step:159, travel time:228.98534798534797, q_loss:2.7377386, rewards:-18.546667, queue:10.952778, delay:0.5614248, throughput:4090, raw_metrics:{'fairness': 397.667}
SIM_TRAIN step:160, travel time:219.32318608377204, q_loss:2.4528568, rewards:-17.556942, queue:9.653704, delay:0.56113535, throughput:4090, raw_metrics:{'fairness': 566.333}
SIM_TRAIN step:161, travel time:216.9320210574502, q_loss:2.2294378, rewards:-15.287504, queue:8.918518, delay:0.53261817, throughput:4072, raw_metrics:{'fairness': 401.667}
SIM_TRAIN step:162, travel time:232.8901350423438, q_loss:2.0860195, rewards:-15.205004, queue:8.76574, delay:0.532975, throughput:4080, raw_metrics:{'fairness': 0.0}
SIM_TRAIN step:163, travel time:233.2873484328529, q_loss:2.0500216, rewards:-15.426391, queue:8.8546295, delay:0.52914345, throughput:4031, raw_metrics:{'fairness': 887.667}
REAL_TRAIN step:24, travel time:751.2165109034268, q_loss:100, rewards:-138.16867, queue:122.81019, delay:0.69240457, throughput:2065, R_real:-213.1353, components:{'queue': 3.793, 'delay': 2.077, 'waiting': 207.265, 'pressure': 0.0, 'switches': 0.0}, raw_metrics:{'fairness': 511.0, 'emission': 3854.018, 'fuel': 1249.446, 'emergency_stops': 4.0, 'collisions': 0.0, 'ssm_conflicts': 1547.0}, bo;w=delay=1.0;waiting=0.582;pressure=1.0
SIM_TRAIN step:164, travel time:329.93591210803385, q_loss:3.4228268, rewards:-18.573332, queue:16.473148, delay:0.5576521, throughput:3918, raw_metrics:{'fairness': 82.333}
SIM_TRAIN step:165, travel time:218.73174639505606, q_loss:2.7840657, rewards:-15.524718, queue:10.212037, delay:0.54582274, throughput:4115, raw_metrics:{'fairness': 0.0}
SIM_TRAIN step:166, travel time:191.6513383665065, q_loss:2.5339582, rewards:-14.901942, queue:8.700926, delay:0.5493667, throughput:4127, raw_metrics:{'fairness': 843.0}
SIM_TRAIN step:167, travel time:197.78283752860412, q_loss:2.4172714, rewards:-14.750552, queue:8.357408, delay:0.5470404, throughput:4116, raw_metrics:{'fairness': 146.0}
SIM_TRAIN step:168, travel time:214.18795787545787, q_loss:2.2335885, rewards:-15.244442, queue:8.665741, delay:0.5482609, throughput:4087, raw_metrics:{'fairness': 988.667}
SIM_TRAIN step:169, travel time:198.84645308924485, q_loss:2.1218095, rewards:-14.506109, queue:8.316667, delay:0.5461065, throughput:4117, raw_metrics:{'fairness': 0.0}
REAL_TRAIN step:25, travel time:838.909886547812, q_loss:100, rewards:-156.8858, queue:141.91112, delay:0.7313182, throughput:1675, R_real:-223.2088, components:{'queue': 4.378, 'delay': 2.194, 'waiting': 216.637, 'pressure': 0.0, 'switches': 0.0}, raw_metrics:{'fairness': 406.667, 'emission': 4095.383, 'fuel': 1327.696, 'emergency_stops': 6.0, 'collisions': 0.0, 'ssm_conflicts': 1801.0}, bo;w=queue=0.764;delay=1.0;waiting=1.0;switches=1.0
SIM_TRAIN step:170, travel time:307.99908424908426, q_loss:3.1844351, rewards:-17.270004, queue:14.77963, delay:0.53744, throughput:3927, raw_metrics:{'fairness': 1071.0}
SIM_TRAIN step:171, travel time:238.25749599450674, q_loss:2.5744123, rewards:-15.348614, queue:9.749074, delay:0.5241703, throughput:4067, raw_metrics:{'fairness': 654.333}
SIM_TRAIN step:172, travel time:244.53604943923094, q_loss:2.3577483, rewards:-14.799449, queue:9.527778, delay:0.51805437, throughput:4021, raw_metrics:{'fairness': 568.667}
SIM_TRAIN step:173, travel time:259.6324942791762, q_loss:2.2570875, rewards:-15.432502, queue:10.567593, delay:0.5151961, throughput:3982, raw_metrics:{'fairness': 511.667}
SIM_TRAIN step:174, travel time:264.0723277637903, q_loss:2.1859434, rewards:-16.631393, queue:11.592592, delay:0.51423466, throughput:3947, raw_metrics:{'fairness': 852.333}
SIM_TRAIN step:175, travel time:280.770938215103, q_loss:2.1160016, rewards:-21.208607, queue:13.088889, delay:0.5227115, throughput:3948, raw_metrics:{'fairness': 121.667}
REAL_TRAIN step:26, travel time:883.8656666666667, q_loss:100, rewards:-165.33105, queue:147.17963, delay:0.7516666, throughput:1614, R_real:-240.6742, components:{'queue': 4.529, 'delay': 2.255, 'waiting': 233.89, 'pressure': 0.0, 'switches': 0.0}, raw_metrics:{'fairness': 388.333, 'emission': 4184.475, 'fuel': 1356.58, 'emergency_stops': 1.0, 'collisions': 0.0, 'ssm_conflicts': 1402.0}, bo;w=queue=0.51;waiting=0.718
SIM_TRAIN step:176, travel time:334.7610437170977, q_loss:3.3245063, rewards:-18.074167, queue:16.88889, delay:0.51402974, throughput:3866, raw_metrics:{'fairness': 767.333}
SIM_TRAIN step:177, travel time:305.82105263157894, q_loss:2.83251, rewards:-16.256948, queue:13.259259, delay:0.5062349, throughput:3903, raw_metrics:{'fairness': 438.667}
SIM_TRAIN step:178, travel time:308.87889194139194, q_loss:2.5080843, rewards:-17.73278, queue:14.356482, delay:0.5148777, throughput:3847, raw_metrics:{'fairness': 458.0}
SIM_TRAIN step:179, travel time:295.9365987640192, q_loss:2.3768513, rewards:-17.554165, queue:12.625926, delay:0.5252848, throughput:3892, raw_metrics:{'fairness': 834.667}
SIM_TRAIN step:180, travel time:243.57231121281464, q_loss:2.1872785, rewards:-17.161394, queue:11.175926, delay:0.5330778, throughput:4077, raw_metrics:{'fairness': 844.667}
SIM_TRAIN step:181, travel time:234.73580586080587, q_loss:2.1144116, rewards:-16.718056, queue:11.131481, delay:0.5250701, throughput:4082, raw_metrics:{'fairness': 135.0}
REAL_TRAIN step:27, travel time:839.4703166226913, q_loss:100, rewards:-137.08752, queue:135.73703, delay:0.7214807, throughput:1656, R_real:-219.2964, components:{'queue': 4.148, 'delay': 2.164, 'waiting': 212.984, 'pressure': 0.0, 'switches': 0.0}, raw_metrics:{'fairness': 402.0, 'emission': 4029.73, 'fuel': 1306.412, 'emergency_stops': 8.0, 'collisions': 0.0, 'ssm_conflicts': 1397.0}, bo;w=queue=0.564;delay=0.956;waiting=0.88;pressure=0.502
SIM_TRAIN step:182, travel time:274.37193865873195, q_loss:3.1142201, rewards:-16.047777, queue:12.206482, delay:0.5210153, throughput:3983, raw_metrics:{'fairness': 542.667}
SIM_TRAIN step:183, travel time:263.9043259327077, q_loss:2.6096437, rewards:-16.260555, queue:11.22037, delay:0.5282882, throughput:4003, raw_metrics:{'fairness': 821.667}
SIM_TRAIN step:184, travel time:245.4831769283589, q_loss:2.376436, rewards:-15.372777, queue:10.499074, delay:0.5105265, throughput:4008, raw_metrics:{'fairness': 728.333}
SIM_TRAIN step:185, travel time:234.42628205128204, q_loss:2.3197823, rewards:-16.204441, queue:9.467592, delay:0.52770746, throughput:4053, raw_metrics:{'fairness': 461.667}
SIM_TRAIN step:186, travel time:244.3299771167048, q_loss:2.2031143, rewards:-15.7130575, queue:9.475, delay:0.519314, throughput:4003, raw_metrics:{'fairness': 744.667}
SIM_TRAIN step:187, travel time:251.73690231068406, q_loss:2.0603824, rewards:-16.117222, queue:8.742593, delay:0.5279649, throughput:4011, raw_metrics:{'fairness': 139.333}
REAL_TRAIN step:28, travel time:896.3409472623447, q_loss:100, rewards:-145.93248, queue:147.7111, delay:0.7276726, throughput:1506, R_real:-230.2784, components:{'queue': 4.532, 'delay': 2.183, 'waiting': 223.563, 'pressure': 0.0, 'switches': 0.0}, raw_metrics:{'fairness': 351.667, 'emission': 4209.626, 'fuel': 1364.734, 'emergency_stops': 5.0, 'collisions': 0.0, 'ssm_conflicts': 1539.0}, bo;w=queue=0.355;delay=0.746;waiting=0.479;pressure=0.707;switches=1.0
SIM_TRAIN step:188, travel time:293.03250171663996, q_loss:3.0176957, rewards:-16.648338, queue:13.570371, delay:0.5204756, throughput:3939, raw_metrics:{'fairness': 401.333}
SIM_TRAIN step:189, travel time:232.81753663003664, q_loss:2.4520702, rewards:-15.523058, queue:10.559259, delay:0.5338883, throughput:4086, raw_metrics:{'fairness': 291.667}
SIM_TRAIN step:190, travel time:232.92857142857142, q_loss:2.1927524, rewards:-16.003054, queue:10.038889, delay:0.54507005, throughput:4050, raw_metrics:{'fairness': 536.667}
SIM_TRAIN step:191, travel time:227.26253147173267, q_loss:2.0507388, rewards:-14.388891, queue:8.741667, delay:0.5331741, throughput:4067, raw_metrics:{'fairness': 936.0}
SIM_TRAIN step:192, travel time:242.03341725795377, q_loss:1.9482652, rewards:-14.970279, queue:9.789815, delay:0.5467633, throughput:4052, raw_metrics:{'fairness': 310.0}
SIM_TRAIN step:193, travel time:210.26224256292906, q_loss:1.8450776, rewards:-14.202219, queue:8.212037, delay:0.5376103, throughput:4104, raw_metrics:{'fairness': 806.333}
REAL_TRAIN step:29, travel time:739.2664974619289, q_loss:100, rewards:-92.73502, queue:108.397224, delay:0.6950511, throughput:2256, R_real:-202.6921, components:{'queue': 3.238, 'delay': 2.085, 'waiting': 197.369, 'pressure': 0.0, 'switches': 0.0}, raw_metrics:{'fairness': 409.333, 'emission': 3735.131, 'fuel': 1210.904, 'emergency_stops': 10.0, 'collisions': 0.0, 'ssm_conflicts': 1301.0}, bo;w=queue=0.576;delay=1.0;waiting=1.0;switches=0.812
SIM_TRAIN step:194, travel time:340.55263157894734, q_loss:3.2409048, rewards:-17.516943, queue:17.903704, delay:0.5506486, throughput:3839, raw_metrics:{'fairness': 937.667}
SIM_TRAIN step:195, travel time:266.44632639047836, q_loss:2.6074526, rewards:-15.689994, queue:12.831482, delay:0.53537124, throughput:3959, raw_metrics:{'fairness': 1739.667}
SIM_TRAIN step:196, travel time:225.99931412894375, q_loss:2.3780549, rewards:-15.772499, queue:10.524074, delay:0.5524518, throughput:4054, raw_metrics:{'fairness': 417.667}
SIM_TRAIN step:197, travel time:219.99404761904762, q_loss:2.1583893, rewards:-14.923059, queue:8.760185, delay:0.5382974, throughput:4087, raw_metrics:{'fairness': 1039.667}
SIM_TRAIN step:198, travel time:218.4959945067521, q_loss:2.0195246, rewards:-14.703054, queue:8.62037, delay:0.5327717, throughput:4086, raw_metrics:{'fairness': 0.0}
SIM_TRAIN step:199, travel time:207.19221967963387, q_loss:1.8776815, rewards:-14.455556, queue:7.8064814, delay:0.5461807, throughput:4118, raw_metrics:{'fairness': 554.667}
REAL_TRAIN step:30, travel time:642.1583559987912, q_loss:100, rewards:-97.05356, queue:102.125, delay:0.6866219, throughput:2387, R_real:-176.6940, components:{'queue': 3.084, 'delay': 2.06, 'waiting': 171.55, 'pressure': 0.0, 'switches': 0.0}, raw_metrics:{'fairness': 421.667, 'emission': 3428.441, 'fuel': 1111.477, 'emergency_stops': 4.0, 'collisions': 0.0, 'ssm_conflicts': 1119.0}, bo;w=queue=0.481;waiting=1.0;pressure=1.0
SIM_TRAIN step:200, travel time:322.1208791208791, q_loss:2.9509048, rewards:-16.824163, queue:15.775, delay:0.5369596, throughput:3890, raw_metrics:{'fairness': 1132.667}
SIM_TRAIN step:201, travel time:256.1797161172161, q_loss:2.4175785, rewards:-16.538055, queue:12.867593, delay:0.5386669, throughput:3932, raw_metrics:{'fairness': 253.333}
SIM_TRAIN step:202, travel time:273.53559166857406, q_loss:2.1898694, rewards:-17.292229, queue:12.937963, delay:0.5475866, throughput:3956, raw_metrics:{'fairness': 986.667}
SIM_TRAIN step:203, travel time:267.90567765567766, q_loss:2.0882816, rewards:-21.161112, queue:15.258333, delay:0.54570156, throughput:3939, raw_metrics:{'fairness': 1009.667}
SIM_TRAIN step:204, travel time:1272.4420787545787, q_loss:4.464853, rewards:-192.34, queue:266.7037, delay:0.75131106, throughput:2025, raw_metrics:{'fairness': 1055.667}
SIM_TRAIN step:205, travel time:1203.5155677655678, q_loss:13.13258, rewards:-166.8767, queue:280.5111, delay:0.73705274, throughput:2008, raw_metrics:{'fairness': 1105.0}
REAL_TRAIN step:31, travel time:783.2284620293555, q_loss:100, rewards:-130.2689, queue:132.63704, delay:0.7250559, throughput:1694, R_real:-195.8871, components:{'queue': 4.065, 'delay': 2.175, 'waiting': 189.647, 'pressure': 0.0, 'switches': 0.0}, raw_metrics:{'fairness': 359.0, 'emission': 3900.941, 'fuel': 1264.66, 'emergency_stops': 6.0, 'collisions': 0.0, 'ssm_conflicts': 1411.0}, bo;w=queue=1.0
SIM_TRAIN step:206, travel time:730.8044871794872, q_loss:19.535107, rewards:-51.97363, queue:136.20555, delay:0.6008113, throughput:2840, raw_metrics:{'fairness': 1248.667}
SIM_TRAIN step:207, travel time:814.1286041189932, q_loss:26.663288, rewards:-70.594696, queue:176.29536, delay:0.5978171, throughput:2840, raw_metrics:{'fairness': 1171.667}
SIM_TRAIN step:208, travel time:816.1851682307164, q_loss:36.28588, rewards:-94.61921, queue:191.73889, delay:0.6086452, throughput:2950, raw_metrics:{'fairness': 1063.0}
SIM_TRAIN step:209, travel time:877.9539835164835, q_loss:40.72939, rewards:-111.26002, queue:206.98889, delay:0.61851436, throughput:2637, raw_metrics:{'fairness': 1531.0}
SIM_TRAIN step:210, travel time:711.8393224994278, q_loss:42.56371, rewards:-95.38363, queue:168.75648, delay:0.6709081, throughput:3197, raw_metrics:{'fairness': 666.667}
SIM_TRAIN step:211, travel time:1168.4495307850766, q_loss:48.714924, rewards:-181.39334, queue:244.86667, delay:0.7407481, throughput:2092, raw_metrics:{'fairness': 1018.0}
REAL_TRAIN step:32, travel time:535.2305075134675, q_loss:100, rewards:-116.90636, queue:88.912964, delay:0.7776874, throughput:2515, R_real:-129.8699, components:{'queue': 2.73, 'delay': 2.333, 'waiting': 124.807, 'pressure': 0.0, 'switches': 0.0}, raw_metrics:{'fairness': 549.0, 'emission': 3081.011, 'fuel': 998.841, 'emergency_stops': 2.0, 'collisions': 0.0, 'ssm_conflicts': 950.0}, bo;w=queue=0.902;delay=0.552;waiting=0.179;pressure=0.163;switches=0.865
SIM_TRAIN step:212, travel time:455.71274891279467, q_loss:57.8825, rewards:-39.87109, queue:84.876854, delay:0.6397465, throughput:3617, raw_metrics:{'fairness': 600.667}
SIM_TRAIN step:213, travel time:500.80713795470143, q_loss:64.94179, rewards:-39.34724, queue:90.06481, delay:0.59237987, throughput:3643, raw_metrics:{'fairness': 721.333}
SIM_TRAIN step:214, travel time:597.9455252918287, q_loss:67.325165, rewards:-45.095295, queue:102.828705, delay:0.585637, throughput:3570, raw_metrics:{'fairness': 618.333}
SIM_TRAIN step:215, travel time:241.38883806038427, q_loss:66.93037, rewards:-28.869158, queue:26.825, delay:0.5806209, throughput:4069, raw_metrics:{'fairness': 1057.333}
SIM_TRAIN step:216, travel time:465.90544871794873, q_loss:61.28254, rewards:-42.84167, queue:72.901855, delay:0.565853, throughput:3706, raw_metrics:{'fairness': 766.667}
SIM_TRAIN step:217, travel time:462.8212814645309, q_loss:59.401035, rewards:-52.53501, queue:88.780556, delay:0.58321494, throughput:3724, raw_metrics:{'fairness': 915.0}
REAL_TRAIN step:33, travel time:1837.5128774422735, q_loss:100, rewards:-302.23862, queue:306.05093, delay:0.8697289, throughput:446, R_real:-555.3035, components:{'queue': 9.652, 'delay': 2.609, 'waiting': 543.042, 'pressure': 0.0, 'switches': 0.0}, raw_metrics:{'fairness': 132.0, 'emission': 6367.564, 'fuel': 2064.327, 'emergency_stops': 1.0, 'collisions': 0.0, 'ssm_conflicts': 1563.0}, bo;w=queue=0.791;delay=0.175;waiting=0.952;pressure=0.118;switches=0.875
SIM_TRAIN step:218, travel time:335.733180778032, q_loss:62.036213, rewards:-41.236942, queue:70.325, delay:0.65283805, throughput:3800, raw_metrics:{'fairness': 2256.0}
SIM_TRAIN step:219, travel time:259.2760989010989, q_loss:59.934837, rewards:-20.910841, queue:42.692593, delay:0.60369235, throughput:4133, raw_metrics:{'fairness': 730.333}
SIM_TRAIN step:220, travel time:247.40297482837528, q_loss:52.445908, rewards:-21.02167, queue:43.564816, delay:0.6160246, throughput:4209, raw_metrics:{'fairness': 868.0}
SIM_TRAIN step:221, travel time:260.893797207599, q_loss:48.977337, rewards:-22.681952, queue:50.18796, delay:0.5964202, throughput:4056, raw_metrics:{'fairness': 817.333}
SIM_TRAIN step:222, travel time:509.0775743707094, q_loss:42.362453, rewards:-50.52691, queue:127.191666, delay:0.601853, throughput:3585, raw_metrics:{'fairness': 620.667}
SIM_TRAIN step:223, travel time:621.545412948982, q_loss:38.12351, rewards:-55.647743, queue:160.73148, delay:0.60901654, throughput:3415, raw_metrics:{'fairness': 722.333}
REAL_TRAIN step:34, travel time:2206.712481051036, q_loss:100, rewards:-347.23807, queue:366.47778, delay:0.8912152, throughput:174, R_real:-744.8126, components:{'queue': 11.405, 'delay': 2.674, 'waiting': 730.734, 'pressure': 0.0, 'switches': 0.0}, raw_metrics:{'fairness': 50.0, 'emission': 6704.549, 'fuel': 2173.577, 'emergency_stops': 0.0, 'collisions': 0.0, 'ssm_conflicts': 1554.0}, bo;w=queue=0.853;delay=0.421;waiting=0.46;pressure=0.147;switches=0.869
SIM_TRAIN step:224, travel time:220.07093821510298, q_loss:35.19286, rewards:-20.32334, queue:33.439816, delay:0.6070635, throughput:4110, raw_metrics:{'fairness': 771.0}
SIM_TRAIN step:225, travel time:473.45352564102564, q_loss:31.193485, rewards:-19.73553, queue:85.917595, delay:0.5669586, throughput:3580, raw_metrics:{'fairness': 640.667}
SIM_TRAIN step:226, travel time:396.3450800915332, q_loss:28.707874, rewards:-16.499443, queue:66.78241, delay:0.55322546, throughput:3724, raw_metrics:{'fairness': 525.333}
SIM_TRAIN step:227, travel time:510.76836804760813, q_loss:27.95644, rewards:-19.72333, queue:95.4, delay:0.5580515, throughput:3554, raw_metrics:{'fairness': 668.0}
SIM_TRAIN step:228, travel time:396.76671245421244, q_loss:27.009024, rewards:-16.032509, queue:66.85741, delay:0.553856, throughput:3604, raw_metrics:{'fairness': 632.333}
SIM_TRAIN step:229, travel time:458.3349358974359, q_loss:25.869762, rewards:-18.56721, queue:82.85741, delay:0.5547708, throughput:3606, raw_metrics:{'fairness': 554.667}
REAL_TRAIN step:35, travel time:1452.5747812251393, q_loss:100, rewards:-212.87083, queue:281.0037, delay:0.8091642, throughput:770, R_real:-465.6475, components:{'queue': 8.592, 'delay': 2.427, 'waiting': 454.628, 'pressure': 0.0, 'switches': 0.0}, raw_metrics:{'fairness': 144.333, 'emission': 5650.827, 'fuel': 1831.964, 'emergency_stops': 1.0, 'collisions': 0.0, 'ssm_conflicts': 1629.0}, bo;w=queue=0.659;delay=0.589;waiting=0.783;pressure=0.212;switches=0.155
SIM_TRAIN step:230, travel time:193.9551384756237, q_loss:26.050436, rewards:-19.47805, queue:22.219444, delay:0.57375646, throughput:4208, raw_metrics:{'fairness': 710.333}
SIM_TRAIN step:231, travel time:281.4559395742733, q_loss:23.339354, rewards:-18.311647, queue:45.93889, delay:0.54585254, throughput:3827, raw_metrics:{'fairness': 801.0}
SIM_TRAIN step:232, travel time:462.36964980544747, q_loss:23.19228, rewards:-30.006378, queue:87.647224, delay:0.565648, throughput:3588, raw_metrics:{'fairness': 573.0}
SIM_TRAIN step:233, travel time:355.5689102564103, q_loss:23.203701, rewards:-25.639702, queue:64.98518, delay:0.5599795, throughput:3819, raw_metrics:{'fairness': 740.667}
SIM_TRAIN step:234, travel time:458.029061784897, q_loss:22.477245, rewards:-32.8569, queue:94.85093, delay:0.5509282, throughput:3488, raw_metrics:{'fairness': 1190.333}
SIM_TRAIN step:235, travel time:642.6341575091575, q_loss:22.753508, rewards:-52.541134, queue:151.36667, delay:0.57226664, throughput:3052, raw_metrics:{'fairness': 1264.667}
REAL_TRAIN step:36, travel time:1503.0398711236408, q_loss:100, rewards:-294.577, queue:312.37036, delay:0.85737747, throughput:676, R_real:-541.3632, components:{'queue': 9.715, 'delay': 2.572, 'waiting': 529.076, 'pressure': 0.0, 'switches': 0.0}, raw_metrics:{'fairness': 124.333, 'emission': 5772.586, 'fuel': 1871.438, 'emergency_stops': 4.0, 'collisions': 0.0, 'ssm_conflicts': 1734.0}, bo;w=queue=0.369;delay=1.0;waiting=0.804;switches=1.0
SIM_TRAIN step:236, travel time:386.9492223238792, q_loss:32.281857, rewards:-31.13086, queue:59.47778, delay:0.6249054, throughput:3606, raw_metrics:{'fairness': 517.333}
SIM_TRAIN step:237, travel time:248.88509956511788, q_loss:29.288696, rewards:-15.207507, queue:29.960186, delay:0.5596308, throughput:4064, raw_metrics:{'fairness': 161.333}
SIM_TRAIN step:238, travel time:261.51018539711606, q_loss:27.517473, rewards:-15.388329, queue:26.780556, delay:0.55417484, throughput:3953, raw_metrics:{'fairness': 1471.333}
SIM_TRAIN step:239, travel time:307.48798352025636, q_loss:27.39274, rewards:-15.263861, queue:39.601852, delay:0.5490833, throughput:3986, raw_metrics:{'fairness': 983.667}
SIM_TRAIN step:240, travel time:323.8482837528604, q_loss:27.305107, rewards:-14.372793, queue:39.00185, delay:0.52616394, throughput:3925, raw_metrics:{'fairness': 795.0}
SIM_TRAIN step:241, travel time:384.11604486152436, q_loss:26.738552, rewards:-14.836101, queue:54.305557, delay:0.5280377, throughput:3823, raw_metrics:{'fairness': 1646.333}
REAL_TRAIN step:37, travel time:712.2918311569997, q_loss:100, rewards:-86.469795, queue:160.92223, delay:0.70221967, throughput:2078, R_real:-241.6664, components:{'queue': 4.895, 'delay': 2.107, 'waiting': 234.665, 'pressure': 0.0, 'switches': 0.0}, raw_metrics:{'fairness': 325.333, 'emission': 3754.167, 'fuel': 1217.075, 'emergency_stops': 8.0, 'collisions': 0.0, 'ssm_conflicts': 1497.0}, bo;w=queue=0.633;delay=0.574;waiting=0.922;switches=1.0
SIM_TRAIN step:242, travel time:172.08464882177992, q_loss:28.700348, rewards:-14.599729, queue:17.23889, delay:0.5512924, throughput:4267, raw_metrics:{'fairness': 1287.0}
SIM_TRAIN step:243, travel time:216.75, q_loss:25.839529, rewards:-18.318613, queue:20.174074, delay:0.5425131, throughput:4172, raw_metrics:{'fairness': 166.667}
SIM_TRAIN step:244, travel time:283.67231121281463, q_loss:24.018595, rewards:-14.517219, queue:32.887962, delay:0.54011506, throughput:4013, raw_metrics:{'fairness': 1176.0}
SIM_TRAIN step:245, travel time:347.16262580054894, q_loss:23.636702, rewards:-14.609721, queue:42.96389, delay:0.53614914, throughput:3902, raw_metrics:{'fairness': 1517.0}
SIM_TRAIN step:246, travel time:339.0581235697941, q_loss:22.677513, rewards:-14.702771, queue:42.09074, delay:0.53401345, throughput:3870, raw_metrics:{'fairness': 1653.333}
SIM_TRAIN step:247, travel time:373.33600366216524, q_loss:22.115568, rewards:-14.648074, queue:45.85, delay:0.52518564, throughput:3808, raw_metrics:{'fairness': 1255.0}
REAL_TRAIN step:38, travel time:874.0917016467549, q_loss:100, rewards:-90.05107, queue:191.30278, delay:0.71782887, throughput:1888, R_real:-312.3571, components:{'queue': 5.747, 'delay': 2.153, 'waiting': 304.456, 'pressure': 0.0, 'switches': 0.0}, raw_metrics:{'fairness': 294.333, 'emission': 4268.718, 'fuel': 1383.89, 'emergency_stops': 7.0, 'collisions': 0.0, 'ssm_conflicts': 1609.0}, bo;w=queue=0.638;delay=0.265;waiting=1.0;pressure=0.033;switches=0.993
SIM_TRAIN step:248, travel time:202.45163503315803, q_loss:25.560293, rewards:-18.239973, queue:24.952778, delay:0.56794643, throughput:4250, raw_metrics:{'fairness': 194.0}
SIM_TRAIN step:249, travel time:216.79079880979629, q_loss:21.420422, rewards:-15.407505, queue:24.175926, delay:0.5574583, throughput:4111, raw_metrics:{'fairness': 687.0}
SIM_TRAIN step:250, travel time:297.8974828375286, q_loss:16.86492, rewards:-14.477789, queue:37.247223, delay:0.53849775, throughput:3944, raw_metrics:{'fairness': 1072.333}
SIM_TRAIN step:251, travel time:345.5782967032967, q_loss:13.824152, rewards:-14.084739, queue:53.59074, delay:0.5457298, throughput:3966, raw_metrics:{'fairness': 804.0}
SIM_TRAIN step:252, travel time:323.2396978021978, q_loss:13.047414, rewards:-14.655851, queue:45.073147, delay:0.5540958, throughput:3956, raw_metrics:{'fairness': 778.333}
SIM_TRAIN step:253, travel time:283.444826007326, q_loss:12.237418, rewards:-13.817196, queue:38.560184, delay:0.55271864, throughput:4025, raw_metrics:{'fairness': 374.333}
REAL_TRAIN step:39, travel time:1529.296160130719, q_loss:100, rewards:-274.95834, queue:307.72037, delay:0.8413202, throughput:652, R_real:-533.8023, components:{'queue': 9.529, 'delay': 2.524, 'waiting': 521.75, 'pressure': 0.0, 'switches': 0.0}, raw_metrics:{'fairness': 115.0, 'emission': 5793.671, 'fuel': 1878.274, 'emergency_stops': 0.0, 'collisions': 0.0, 'ssm_conflicts': 1680.0}, bo;w=queue=0.688;delay=0.364;waiting=0.83;pressure=0.043;switches=0.644
SIM_TRAIN step:254, travel time:261.69810025177384, q_loss:13.464842, rewards:-20.723324, queue:31.355556, delay:0.60021067, throughput:3922, raw_metrics:{'fairness': 695.333}
SIM_TRAIN step:255, travel time:396.9091948764867, q_loss:13.544466, rewards:-16.527773, queue:51.737038, delay:0.551692, throughput:3820, raw_metrics:{'fairness': 881.333}
SIM_TRAIN step:256, travel time:488.8647287708858, q_loss:14.4467, rewards:-22.348066, queue:85.84167, delay:0.5481072, throughput:3491, raw_metrics:{'fairness': 1071.0}
SIM_TRAIN step:257, travel time:160.04509040970473, q_loss:17.810163, rewards:-11.2094345, queue:13.137037, delay:0.550892, throughput:4292, raw_metrics:{'fairness': 535.667}
SIM_TRAIN step:258, travel time:168.8821510297483, q_loss:19.238342, rewards:-12.751112, queue:14.088889, delay:0.5461307, throughput:4241, raw_metrics:{'fairness': 663.333}
SIM_TRAIN step:259, travel time:197.09517272935256, q_loss:18.570515, rewards:-13.803878, queue:14.592592, delay:0.5290204, throughput:4138, raw_metrics:{'fairness': 345.667}
REAL_TRAIN step:40, travel time:1062.7857624831308, q_loss:100, rewards:-215.61198, queue:220.7713, delay:0.8084188, throughput:1203, R_real:-307.5387, components:{'queue': 6.934, 'delay': 2.425, 'waiting': 298.18, 'pressure': 0.0, 'switches': 0.0}, raw_metrics:{'fairness': 257.333, 'emission': 4915.275, 'fuel': 1593.502, 'emergency_stops': 2.0, 'collisions': 0.0, 'ssm_conflicts': 1716.0}, bo;w=queue=0.101;delay=0.066;waiting=1.0;pressure=1.0;switches=0.959
DynShaping selected R_real=-7.1427 w={'queue': 0.648, 'delay': 0.368, 'waiting': 0.957, 'pressure': 0.14, 'switches': 0.87}
Saved method state to data/output_data/sim2real_rewards/cityflow_presslight/bullhead_3/baseline_rewards_v2_dynamic_reward_shaping_efficiency_aligned_s0/model/bullhead_3_efficiency_aligned_presslight_dynamic_reward_shaping/method_state.json
real rollouts used: 40/100
REAL_TEST step:0, travel time:178.9415974145891, q_loss:100, rewards:-54.57139, queue:15.917593, delay:0.59384316, throughput:4124, R_real:-7.1427, components:{'queue': 0.56, 'delay': 1.782, 'waiting': 4.801, 'pressure': 0.0, 'switches': 0.0}, raw_metrics:{'fairness': 520.667, 'emission': 1463.43, 'fuel': 474.428, 'emergency_stops': 11.0, 'collisions': 0.0, 'ssm_conflicts': 1407.0}
Total time taken: 4562.749123096466
