cologne3_setting1_dqn_prlight	SIM_TRAIN	0	98.0	0.0	-60.37	9.90	0.34	2763	0.0000	0.0000
cologne3_setting1_dqn_prlight	SIM_TRAIN	1	105.3	0.0	-65.36	10.83	0.34	2724	0.0000	0.0000
cologne3_setting1_dqn_prlight	SIM_TRAIN	2	169.2	1053.3	-79.13	14.34	0.37	2756	0.0000	0.0000
cologne3_setting1_dqn_prlight	SIM_TRAIN	3	107.9	346.0	-87.05	12.70	0.34	2759	0.0000	0.0000
cologne3_setting1_dqn_prlight	REAL_TEST	3	130.8	100.0	-85.29	12.91	0.37	2657	0.0000	0.0000
cologne3_setting1_dqn_prlight	SIM_TRAIN	4	84.5	100.5	-54.77	8.34	0.29	2776	0.0000	0.0000
cologne3_setting1_dqn_prlight	SIM_TRAIN	5	80.4	79.7	-40.35	6.66	0.27	2776	0.0000	0.0000
cologne3_setting1_dqn_prlight	SIM_TRAIN	6	66.2	70.8	-25.19	4.05	0.24	2782	0.0000	0.0000
cologne3_setting1_dqn_prlight	REAL_TEST	6	95.5	100.0	-46.60	7.29	0.35	2803	0.0000	0.0000
cologne3_setting1_dqn_prlight	SIM_TRAIN	7	77.3	63.0	-37.08	6.04	0.25	2782	0.0000	0.0000
cologne3_setting1_dqn_prlight	SIM_TRAIN	8	70.3	60.5	-32.20	5.39	0.25	2779	0.0000	0.0000
cologne3_setting1_dqn_prlight	SIM_TRAIN	9	75.6	57.5	-33.12	5.44	0.24	2787	0.0000	0.0000
cologne3_setting1_dqn_prlight	REAL_TEST	9	115.9	100.0	-80.14	11.42	0.36	2671	0.0000	0.0000
cologne3_setting1_dqn_prlight	SIM_TRAIN	10	75.2	57.6	-37.15	5.87	0.24	2779	0.0000	0.0000
cologne3_setting1_dqn_prlight	SIM_TRAIN	11	62.6	53.3	-20.60	3.23	0.22	2784	0.0000	0.0000
cologne3_setting1_dqn_prlight	SIM_TRAIN	12	78.6	54.0	-37.42	6.09	0.25	2784	0.0000	0.0000
cologne3_setting1_dqn_prlight	REAL_TEST	12	143.9	100.0	-130.47	17.57	0.42	2664	0.0000	0.0000
cologne3_setting1_dqn_prlight	SIM_TRAIN	13	72.7	53.8	-34.72	5.71	0.25	2785	0.0000	0.0000
cologne3_setting1_dqn_prlight	SIM_TRAIN	14	86.6	51.2	-61.11	8.94	0.26	2763	0.0000	0.0000
cologne3_setting1_dqn_prlight	SIM_TRAIN	15	90.4	51.4	-58.55	7.44	0.26	2785	0.0000	0.0000
cologne3_setting1_dqn_prlight	REAL_TEST	15	533.9	100.0	-174.75	29.33	0.59	1471	0.0000	0.0000
cologne3_setting1_dqn_prlight	SIM_TRAIN	16	325.5	60.1	-183.67	22.84	0.40	2363	0.0000	0.0000
cologne3_setting1_dqn_prlight	SIM_TRAIN	17	93.7	198.9	-71.18	9.56	0.27	2769	0.0000	0.0000
cologne3_setting1_dqn_prlight	SIM_TRAIN	18	306.4	265.3	-179.82	22.65	0.40	2393	0.0000	0.0000
cologne3_setting1_dqn_prlight	REAL_TEST	18	163.8	100.0	-128.76	18.04	0.44	2619	0.0000	0.0000
cologne3_setting1_dqn_prlight	SIM_TRAIN	19	115.6	355.7	-98.28	13.91	0.31	2745	0.0000	0.0000
cologne3_setting1_dqn_prlight	SIM_TRAIN	20	97.1	372.0	-67.60	10.84	0.31	2763	0.0000	0.0000
cologne3_setting1_dqn_prlight	SIM_TRAIN	21	82.7	338.7	-48.40	7.92	0.28	2783	0.0000	0.0000
cologne3_setting1_dqn_prlight	REAL_TEST	21	557.8	100.0	-174.97	29.97	0.57	1377	0.0000	0.0000
cologne3_setting1_dqn_prlight	SIM_TRAIN	22	75.0	306.5	-37.67	6.33	0.28	2789	0.0000	0.0000
cologne3_setting1_dqn_prlight	SIM_TRAIN	23	94.0	287.8	-77.40	10.83	0.30	2766	0.0000	0.0000
cologne3_setting1_dqn_prlight	SIM_TRAIN	24	86.0	318.0	-56.08	8.10	0.28	2791	0.0000	0.0000
cologne3_setting1_dqn_prlight	REAL_TEST	24	122.1	100.0	-87.57	12.51	0.37	2646	0.0000	0.0000
cologne3_setting1_dqn_prlight	SIM_TRAIN	25	77.3	305.8	-39.62	5.56	0.25	2772	0.0000	0.0000
cologne3_setting1_dqn_prlight	SIM_TRAIN	26	91.1	305.7	-68.42	9.93	0.28	2752	0.0000	0.0000
cologne3_setting1_dqn_prlight	SIM_TRAIN	27	104.2	274.3	-67.00	8.95	0.27	2752	0.0000	0.0000
cologne3_setting1_dqn_prlight	REAL_TEST	27	141.9	100.0	-114.62	15.53	0.41	2664	0.0000	0.0000
cologne3_setting1_dqn_prlight	SIM_TRAIN	28	82.6	251.7	-39.21	6.01	0.27	2787	0.0000	0.0000
cologne3_setting1_dqn_prlight	SIM_TRAIN	29	103.7	220.7	-68.93	8.51	0.27	2784	0.0000	0.0000
cologne3_setting1_dqn_prlight	SIM_TRAIN	30	99.7	180.8	-77.61	10.60	0.30	2759	0.0000	0.0000
cologne3_setting1_dqn_prlight	REAL_TEST	30	145.0	100.0	-133.55	18.28	0.48	2706	0.0000	0.0000
cologne3_setting1_dqn_prlight	SIM_TRAIN	31	84.5	162.1	-56.38	7.80	0.26	2774	0.0000	0.0000
cologne3_setting1_dqn_prlight	SIM_TRAIN	32	94.7	142.8	-71.27	10.64	0.30	2786	0.0000	0.0000
cologne3_setting1_dqn_prlight	SIM_TRAIN	33	78.9	100.7	-50.09	7.34	0.27	2787	0.0000	0.0000
cologne3_setting1_dqn_prlight	REAL_TEST	33	241.5	100.0	-163.41	23.66	0.50	2470	0.0000	0.0000
cologne3_setting1_dqn_prlight	SIM_TRAIN	34	84.0	96.7	-57.87	7.74	0.27	2792	0.0000	0.0000
cologne3_setting1_dqn_prlight	SIM_TRAIN	35	94.7	84.5	-77.03	10.76	0.27	2752	0.0000	0.0000
cologne3_setting1_dqn_prlight	SIM_TRAIN	36	93.6	89.6	-58.92	8.22	0.26	2755	0.0000	0.0000
cologne3_setting1_dqn_prlight	REAL_TEST	36	235.8	100.0	-165.00	23.84	0.54	2333	0.0000	0.0000
cologne3_setting1_dqn_prlight	SIM_TRAIN	37	65.9	93.3	-18.48	2.84	0.22	2788	0.0000	0.0000
cologne3_setting1_dqn_prlight	SIM_TRAIN	38	77.4	85.9	-37.62	6.16	0.25	2777	0.0000	0.0000
cologne3_setting1_dqn_prlight	SIM_TRAIN	39	81.0	81.9	-38.82	6.38	0.26	2780	0.0000	0.0000
cologne3_setting1_dqn_prlight	REAL_TEST	39	158.1	100.0	-133.38	18.86	0.52	2597	0.0000	0.0000
cologne3_setting1_dqn_prlight	SIM_TRAIN	40	81.4	79.3	-37.61	6.22	0.24	2764	0.0000	0.0000
cologne3_setting1_dqn_prlight	SIM_TRAIN	41	72.1	68.3	-32.08	5.49	0.25	2783	0.0000	0.0000
cologne3_setting1_dqn_prlight	SIM_TRAIN	42	70.6	75.5	-24.08	4.21	0.24	2792	0.0000	0.0000
cologne3_setting1_dqn_prlight	REAL_TEST	42	116.6	100.0	-84.95	12.41	0.45	2720	0.0000	0.0000
cologne3_setting1_dqn_prlight	SIM_TRAIN	43	73.7	69.7	-39.00	6.29	0.25	2777	0.0000	0.0000
cologne3_setting1_dqn_prlight	SIM_TRAIN	44	63.4	64.1	-19.25	3.37	0.22	2782	0.0000	0.0000
cologne3_setting1_dqn_prlight	SIM_TRAIN	45	74.7	63.2	-39.15	6.52	0.26	2781	0.0000	0.0000
cologne3_setting1_dqn_prlight	REAL_TEST	45	93.6	100.0	-44.33	7.41	0.37	2808	0.0000	0.0000
cologne3_setting1_dqn_prlight	SIM_TRAIN	46	79.0	55.6	-40.92	6.55	0.25	2778	0.0000	0.0000
cologne3_setting1_dqn_prlight	SIM_TRAIN	47	88.8	54.9	-62.84	9.31	0.28	2767	0.0000	0.0000
cologne3_setting1_dqn_prlight	SIM_TRAIN	48	75.7	60.5	-37.75	6.29	0.25	2779	0.0000	0.0000
cologne3_setting1_dqn_prlight	REAL_TEST	48	180.6	100.0	-107.86	14.93	0.43	2483	0.0000	0.0000
cologne3_setting1_dqn_prlight	SIM_TRAIN	49	93.6	63.1	-65.99	9.37	0.28	2768	0.0000	0.0000
cologne3_setting1_dqn_prlight	SIM_TRAIN	50	88.6	56.9	-64.21	9.09	0.29	2784	0.0000	0.0000
cologne3_setting1_dqn_prlight	SIM_TRAIN	51	67.5	60.7	-29.89	4.65	0.24	2780	0.0000	0.0000
cologne3_setting1_dqn_prlight	REAL_TEST	51	166.0	100.0	-99.26	13.74	0.40	2488	0.0000	0.0000
cologne3_setting1_dqn_prlight	SIM_TRAIN	52	78.4	62.3	-33.65	5.50	0.26	2787	0.0000	0.0000
cologne3_setting1_dqn_prlight	SIM_TRAIN	53	74.0	57.4	-38.76	5.70	0.26	2776	0.0000	0.0000
cologne3_setting1_dqn_prlight	SIM_TRAIN	54	75.2	55.4	-34.61	5.76	0.24	2780	0.0000	0.0000
cologne3_setting1_dqn_prlight	REAL_TEST	54	435.5	100.0	-103.10	20.14	0.46	1572	0.0000	0.0000
cologne3_setting1_dqn_prlight	SIM_TRAIN	55	77.7	55.3	-37.36	6.26	0.25	2782	0.0000	0.0000
cologne3_setting1_dqn_prlight	SIM_TRAIN	56	88.5	59.7	-67.93	9.36	0.27	2775	0.0000	0.0000
cologne3_setting1_dqn_prlight	SIM_TRAIN	57	77.3	64.6	-35.45	5.94	0.26	2791	0.0000	0.0000
cologne3_setting1_dqn_prlight	REAL_TEST	57	161.2	100.0	-87.39	12.25	0.40	2538	0.0000	0.0000
cologne3_setting1_dqn_prlight	SIM_TRAIN	58	95.4	66.6	-54.80	9.06	0.31	2791	0.0000	0.0000
cologne3_setting1_dqn_prlight	SIM_TRAIN	59	74.1	59.8	-34.33	5.89	0.26	2785	0.0000	0.0000
cologne3_setting1_dqn_prlight	SIM_TRAIN	60	79.7	60.9	-44.14	7.09	0.26	2775	0.0000	0.0000
cologne3_setting1_dqn_prlight	REAL_TEST	60	104.2	100.0	-49.99	7.65	0.37	2785	0.0000	0.0000
cologne3_setting1_dqn_prlight	SIM_TRAIN	61	86.0	62.0	-54.46	8.48	0.28	2775	0.0000	0.0000
cologne3_setting1_dqn_prlight	SIM_TRAIN	62	70.4	61.0	-28.57	4.50	0.25	2782	0.0000	0.0000
cologne3_setting1_dqn_prlight	SIM_TRAIN	63	88.7	60.0	-39.59	6.80	0.26	2766	0.0000	0.0000
cologne3_setting1_dqn_prlight	REAL_TEST	63	126.7	100.0	-46.26	8.54	0.37	2401	0.0000	0.0000
cologne3_setting1_dqn_prlight	SIM_TRAIN	64	75.4	54.6	-38.26	6.32	0.26	2777	0.0000	0.0000
cologne3_setting1_dqn_prlight	SIM_TRAIN	65	76.9	57.5	-37.66	6.21	0.25	2782	0.0000	0.0000
cologne3_setting1_dqn_prlight	SIM_TRAIN	66	75.2	54.6	-36.58	6.00	0.26	2775	0.0000	0.0000
cologne3_setting1_dqn_prlight	REAL_TEST	66	111.1	100.0	-80.19	10.90	0.39	2733	0.0000	0.0000
cologne3_setting1_dqn_prlight	SIM_TRAIN	67	92.1	56.5	-37.11	6.48	0.26	2784	0.0000	0.0000
cologne3_setting1_dqn_prlight	SIM_TRAIN	68	503.5	59.7	-106.14	20.86	0.35	1916	0.0000	0.0000
cologne3_setting1_dqn_prlight	SIM_TRAIN	69	95.0	89.0	-80.25	11.48	0.28	2733	0.0000	0.0000
cologne3_setting1_dqn_prlight	REAL_TEST	69	571.3	100.0	-103.95	20.78	0.46	1330	0.0000	0.0000
cologne3_setting1_dqn_prlight	SIM_TRAIN	70	86.4	99.7	-47.06	7.56	0.27	2772	0.0000	0.0000
cologne3_setting1_dqn_prlight	SIM_TRAIN	71	70.8	99.9	-31.36	5.38	0.24	2783	0.0000	0.0000
cologne3_setting1_dqn_prlight	SIM_TRAIN	72	657.9	92.2	-151.36	29.88	0.42	1688	0.0000	0.0000
cologne3_setting1_dqn_prlight	REAL_TEST	72	97.8	100.0	-52.17	7.85	0.37	2803	0.0000	0.0000
cologne3_setting1_dqn_prlight	SIM_TRAIN	73	76.2	113.1	-36.93	6.25	0.25	2776	0.0000	0.0000
cologne3_setting1_dqn_prlight	SIM_TRAIN	74	91.1	108.4	-54.73	8.51	0.29	2774	0.0000	0.0000
cologne3_setting1_dqn_prlight	SIM_TRAIN	75	80.2	117.2	-50.61	7.63	0.27	2777	0.0000	0.0000
cologne3_setting1_dqn_prlight	REAL_TEST	75	311.0	100.0	-131.09	21.51	0.51	1916	0.0000	0.0000
cologne3_setting1_dqn_prlight	SIM_TRAIN	76	78.9	114.3	-47.60	7.38	0.28	2772	0.0000	0.0000
cologne3_setting1_dqn_prlight	SIM_TRAIN	77	87.4	109.0	-59.90	8.73	0.29	2780	0.0000	0.0000
cologne3_setting1_dqn_prlight	SIM_TRAIN	78	81.6	104.0	-48.92	7.58	0.26	2777	0.0000	0.0000
cologne3_setting1_dqn_prlight	REAL_TEST	78	154.5	100.0	-49.46	8.16	0.35	2550	0.0000	0.0000
cologne3_setting1_dqn_prlight	SIM_TRAIN	79	91.7	107.7	-69.38	9.49	0.28	2783	0.0000	0.0000
cologne3_setting1_dqn_prlight	SIM_TRAIN	80	75.5	112.6	-38.37	6.23	0.26	2780	0.0000	0.0000
cologne3_setting1_dqn_prlight	SIM_TRAIN	81	78.7	107.8	-45.92	7.12	0.28	2781	0.0000	0.0000
cologne3_setting1_dqn_prlight	REAL_TEST	81	108.9	100.0	-76.92	10.87	0.38	2725	0.0000	0.0000
cologne3_setting1_dqn_prlight	SIM_TRAIN	82	66.9	96.8	-21.38	3.48	0.24	2778	0.0000	0.0000
cologne3_setting1_dqn_prlight	SIM_TRAIN	83	83.0	91.7	-44.59	7.18	0.28	2784	0.0000	0.0000
cologne3_setting1_dqn_prlight	SIM_TRAIN	84	89.0	86.1	-56.23	8.96	0.30	2788	0.0000	0.0000
cologne3_setting1_dqn_prlight	REAL_TEST	84	526.0	100.0	-121.57	23.29	0.53	1446	0.0000	0.0000
cologne3_setting1_dqn_prlight	SIM_TRAIN	85	79.6	79.4	-45.91	7.27	0.27	2776	0.0000	0.0000
cologne3_setting1_dqn_prlight	SIM_TRAIN	86	95.6	71.2	-75.63	10.54	0.29	2760	0.0000	0.0000
cologne3_setting1_dqn_prlight	SIM_TRAIN	87	90.5	64.1	-66.39	9.44	0.29	2768	0.0000	0.0000
cologne3_setting1_dqn_prlight	REAL_TEST	87	100.0	100.0	-62.23	8.82	0.37	2774	0.0000	0.0000
cologne3_setting1_dqn_prlight	SIM_TRAIN	88	786.4	93.3	-253.00	39.29	0.52	1407	0.0000	0.0000
cologne3_setting1_dqn_prlight	SIM_TRAIN	89	78.7	160.7	-45.97	7.15	0.28	2785	0.0000	0.0000
cologne3_setting1_dqn_prlight	SIM_TRAIN	90	86.8	148.9	-65.75	9.15	0.29	2775	0.0000	0.0000
cologne3_setting1_dqn_prlight	REAL_TEST	90	223.5	100.0	-180.68	24.78	0.54	2489	0.0000	0.0000
cologne3_setting1_dqn_prlight	SIM_TRAIN	91	96.4	129.8	-61.78	8.89	0.28	2773	0.0000	0.0000
cologne3_setting1_dqn_prlight	SIM_TRAIN	92	98.3	134.3	-66.37	10.09	0.30	2763	0.0000	0.0000
cologne3_setting1_dqn_prlight	SIM_TRAIN	93	80.9	132.2	-46.91	7.19	0.28	2790	0.0000	0.0000
cologne3_setting1_dqn_prlight	REAL_TEST	93	126.6	100.0	-94.53	13.37	0.41	2674	0.0000	0.0000
cologne3_setting1_dqn_prlight	SIM_TRAIN	94	96.5	136.2	-76.83	11.37	0.29	2741	0.0000	0.0000
cologne3_setting1_dqn_prlight	SIM_TRAIN	95	82.8	136.8	-47.01	7.34	0.28	2789	0.0000	0.0000
cologne3_setting1_dqn_prlight	SIM_TRAIN	96	97.0	135.6	-68.55	9.64	0.28	2741	0.0000	0.0000
cologne3_setting1_dqn_prlight	REAL_TEST	96	408.3	100.0	-186.76	30.04	0.57	1870	0.0000	0.0000
cologne3_setting1_dqn_prlight	SIM_TRAIN	97	84.7	138.3	-52.89	8.00	0.27	2789	0.0000	0.0000
cologne3_setting1_dqn_prlight	SIM_TRAIN	98	82.0	132.3	-50.45	7.71	0.28	2787	0.0000	0.0000
cologne3_setting1_dqn_prlight	SIM_TRAIN	99	90.9	125.7	-69.17	9.32	0.28	2767	0.0000	0.0000
cologne3_setting1_dqn_prlight	REAL_TEST	99	207.7	100.0	-163.55	23.52	0.51	2649	0.0000	0.0000
cologne3_setting1_dqn_prlight	SIM_TRAIN	100	80.7	133.1	-46.14	6.86	0.26	2779	0.0000	0.0000
cologne3_setting1_dqn_prlight	SIM_TRAIN	101	81.3	116.6	-53.31	6.88	0.26	2768	0.0000	0.0000
cologne3_setting1_dqn_prlight	SIM_TRAIN	102	91.9	99.7	-56.81	8.51	0.28	2740	0.0000	0.0000
cologne3_setting1_dqn_prlight	REAL_TEST	102	134.0	100.0	-106.48	14.48	0.42	2674	0.0000	0.0000
cologne3_setting1_dqn_prlight	SIM_TRAIN	103	96.5	74.8	-69.77	9.92	0.29	2759	0.0000	0.0000
cologne3_setting1_dqn_prlight	SIM_TRAIN	104	71.7	66.3	-38.22	5.41	0.25	2773	0.0000	0.0000
cologne3_setting1_dqn_prlight	SIM_TRAIN	105	66.4	63.4	-27.85	3.96	0.23	2792	0.0000	0.0000
cologne3_setting1_dqn_prlight	REAL_TEST	105	154.8	100.0	-77.90	10.91	0.38	2534	0.0000	0.0000
cologne3_setting1_dqn_prlight	SIM_TRAIN	106	512.7	65.7	-119.68	23.39	0.39	1943	0.0000	0.0000
cologne3_setting1_dqn_prlight	SIM_TRAIN	107	83.0	64.9	-47.19	7.26	0.26	2788	0.0000	0.0000
cologne3_setting1_dqn_prlight	SIM_TRAIN	108	93.9	68.9	-70.62	10.00	0.29	2792	0.0000	0.0000
cologne3_setting1_dqn_prlight	REAL_TEST	108	151.8	100.0	-51.64	8.23	0.36	2439	0.0000	0.0000
cologne3_setting1_dqn_prlight	SIM_TRAIN	109	76.2	69.9	-36.84	6.20	0.26	2789	0.0000	0.0000
cologne3_setting1_dqn_prlight	SIM_TRAIN	110	68.7	67.5	-22.00	3.49	0.23	2789	0.0000	0.0000
cologne3_setting1_dqn_prlight	SIM_TRAIN	111	82.1	68.2	-44.29	6.94	0.25	2789	0.0000	0.0000
cologne3_setting1_dqn_prlight	REAL_TEST	111	96.6	100.0	-45.53	7.10	0.34	2798	0.0000	0.0000
cologne3_setting1_dqn_prlight	SIM_TRAIN	112	84.9	61.0	-53.06	8.43	0.28	2791	0.0000	0.0000
cologne3_setting1_dqn_prlight	SIM_TRAIN	113	85.9	65.4	-46.96	7.74	0.28	2792	0.0000	0.0000
cologne3_setting1_dqn_prlight	SIM_TRAIN	114	83.1	65.8	-48.97	7.59	0.28	2783	0.0000	0.0000
cologne3_setting1_dqn_prlight	REAL_TEST	114	101.1	100.0	-61.02	9.09	0.35	2704	0.0000	0.0000
cologne3_setting1_dqn_prlight	SIM_TRAIN	115	82.6	69.4	-49.52	7.88	0.27	2791	0.0000	0.0000
cologne3_setting1_dqn_prlight	SIM_TRAIN	116	81.5	68.5	-46.11	7.44	0.28	2787	0.0000	0.0000
cologne3_setting1_dqn_prlight	SIM_TRAIN	117	66.5	67.6	-23.79	3.86	0.23	2779	0.0000	0.0000
cologne3_setting1_dqn_prlight	REAL_TEST	117	81.7	100.0	-27.78	4.52	0.31	2813	0.0000	0.0000
cologne3_setting1_dqn_prlight	SIM_TRAIN	118	89.9	79.1	-55.08	7.74	0.28	2770	0.0000	0.0000
cologne3_setting1_dqn_prlight	SIM_TRAIN	119	85.2	88.3	-57.61	8.69	0.28	2788	0.0000	0.0000
cologne3_setting1_dqn_prlight	SIM_TRAIN	120	85.2	86.7	-52.48	8.14	0.28	2789	0.0000	0.0000
cologne3_setting1_dqn_prlight	REAL_TEST	120	94.4	100.0	-53.78	7.78	0.35	2771	0.0000	0.0000
cologne3_setting1_dqn_prlight	SIM_TRAIN	121	77.9	74.8	-42.89	6.92	0.27	2792	0.0000	0.0000
cologne3_setting1_dqn_prlight	SIM_TRAIN	122	76.8	61.5	-41.30	6.02	0.27	2791	0.0000	0.0000
cologne3_setting1_dqn_prlight	SIM_TRAIN	123	77.6	61.7	-44.34	7.13	0.27	2777	0.0000	0.0000
cologne3_setting1_dqn_prlight	REAL_TEST	123	105.0	100.0	-72.24	10.09	0.36	2718	0.0000	0.0000
cologne3_setting1_dqn_prlight	SIM_TRAIN	124	95.5	65.9	-64.65	8.60	0.28	2773	0.0000	0.0000
cologne3_setting1_dqn_prlight	SIM_TRAIN	125	79.5	70.1	-47.21	7.15	0.27	2787	0.0000	0.0000
cologne3_setting1_dqn_prlight	SIM_TRAIN	126	94.1	70.8	-62.52	8.71	0.26	2762	0.0000	0.0000
cologne3_setting1_dqn_prlight	REAL_TEST	126	103.5	100.0	-65.89	9.35	0.34	2713	0.0000	0.0000
cologne3_setting1_dqn_prlight	SIM_TRAIN	127	97.8	61.5	-76.82	10.72	0.30	2752	0.0000	0.0000
cologne3_setting1_dqn_prlight	SIM_TRAIN	128	92.1	56.9	-60.85	9.68	0.29	2774	0.0000	0.0000
cologne3_setting1_dqn_prlight	SIM_TRAIN	129	107.0	64.0	-76.47	11.59	0.31	2775	0.0000	0.0000
cologne3_setting1_dqn_prlight	REAL_TEST	129	82.3	100.0	-26.18	4.31	0.31	2814	0.0000	0.0000
cologne3_setting1_dqn_prlight	SIM_TRAIN	130	93.1	67.6	-57.69	9.07	0.29	2791	0.0000	0.0000
cologne3_setting1_dqn_prlight	SIM_TRAIN	131	76.4	63.2	-40.15	6.39	0.27	2790	0.0000	0.0000
cologne3_setting1_dqn_prlight	SIM_TRAIN	132	81.6	58.4	-38.83	6.31	0.26	2784	0.0000	0.0000
cologne3_setting1_dqn_prlight	REAL_TEST	132	110.5	100.0	-67.17	9.52	0.35	2709	0.0000	0.0000
cologne3_setting1_dqn_prlight	SIM_TRAIN	133	76.2	58.4	-43.31	6.82	0.26	2783	0.0000	0.0000
cologne3_setting1_dqn_prlight	SIM_TRAIN	134	70.5	60.6	-33.00	5.39	0.25	2788	0.0000	0.0000
cologne3_setting1_dqn_prlight	SIM_TRAIN	135	85.1	59.7	-58.39	8.62	0.29	2791	0.0000	0.0000
cologne3_setting1_dqn_prlight	REAL_TEST	135	537.7	100.0	-138.18	24.91	0.52	1410	0.0000	0.0000
cologne3_setting1_dqn_prlight	SIM_TRAIN	136	81.7	58.3	-39.66	6.58	0.27	2776	0.0000	0.0000
cologne3_setting1_dqn_prlight	SIM_TRAIN	137	67.0	59.5	-26.74	4.11	0.24	2786	0.0000	0.0000
cologne3_setting1_dqn_prlight	SIM_TRAIN	138	88.7	60.1	-57.55	8.88	0.28	2770	0.0000	0.0000
cologne3_setting1_dqn_prlight	REAL_TEST	138	95.8	100.0	-47.63	7.40	0.34	2778	0.0000	0.0000
cologne3_setting1_dqn_prlight	SIM_TRAIN	139	91.6	61.5	-53.65	8.21	0.28	2767	0.0000	0.0000
cologne3_setting1_dqn_prlight	SIM_TRAIN	140	92.2	61.6	-61.01	7.85	0.27	2789	0.0000	0.0000
cologne3_setting1_dqn_prlight	SIM_TRAIN	141	102.1	60.2	-76.87	10.43	0.29	2775	0.0000	0.0000
cologne3_setting1_dqn_prlight	REAL_TEST	141	83.5	100.0	-25.22	4.15	0.31	2807	0.0000	0.0000
cologne3_setting1_dqn_prlight	SIM_TRAIN	142	91.5	62.4	-56.14	8.54	0.28	2787	0.0000	0.0000
cologne3_setting1_dqn_prlight	SIM_TRAIN	143	72.2	55.4	-31.03	4.67	0.25	2789	0.0000	0.0000
cologne3_setting1_dqn_prlight	SIM_TRAIN	144	104.2	52.1	-78.76	11.24	0.31	2772	0.0000	0.0000
cologne3_setting1_dqn_prlight	REAL_TEST	144	106.8	100.0	-71.41	10.59	0.40	2766	0.0000	0.0000
cologne3_setting1_dqn_prlight	SIM_TRAIN	145	85.3	54.1	-47.69	7.56	0.27	2792	0.0000	0.0000
cologne3_setting1_dqn_prlight	SIM_TRAIN	146	81.1	55.2	-51.40	7.75	0.28	2791	0.0000	0.0000
cologne3_setting1_dqn_prlight	SIM_TRAIN	147	84.4	57.5	-48.60	7.79	0.28	2787	0.0000	0.0000
cologne3_setting1_dqn_prlight	REAL_TEST	147	93.4	100.0	-43.76	7.05	0.37	2802	0.0000	0.0000
cologne3_setting1_dqn_prlight	SIM_TRAIN	148	88.3	55.6	-48.30	7.77	0.29	2778	0.0000	0.0000
cologne3_setting1_dqn_prlight	SIM_TRAIN	149	70.8	60.3	-33.39	5.69	0.26	2778	0.0000	0.0000
cologne3_setting1_dqn_prlight	SIM_TRAIN	150	81.4	61.3	-41.68	6.97	0.27	2777	0.0000	0.0000
cologne3_setting1_dqn_prlight	REAL_TEST	150	155.2	100.0	-76.11	10.80	0.38	2505	0.0000	0.0000
cologne3_setting1_dqn_prlight	SIM_TRAIN	151	84.8	60.5	-57.22	8.20	0.27	2763	0.0000	0.0000
cologne3_setting1_dqn_prlight	SIM_TRAIN	152	84.0	60.3	-54.26	8.34	0.28	2783	0.0000	0.0000
cologne3_setting1_dqn_prlight	SIM_TRAIN	153	75.5	60.4	-38.61	6.26	0.27	2774	0.0000	0.0000
cologne3_setting1_dqn_prlight	REAL_TEST	153	100.4	100.0	-55.20	8.40	0.34	2747	0.0000	0.0000
cologne3_setting1_dqn_prlight	SIM_TRAIN	154	80.9	58.6	-45.99	7.18	0.27	2777	0.0000	0.0000
cologne3_setting1_dqn_prlight	SIM_TRAIN	155	87.3	62.6	-56.25	8.37	0.27	2778	0.0000	0.0000
cologne3_setting1_dqn_prlight	SIM_TRAIN	156	91.1	63.5	-63.28	9.74	0.28	2778	0.0000	0.0000
cologne3_setting1_dqn_prlight	REAL_TEST	156	158.8	100.0	-77.82	11.28	0.39	2498	0.0000	0.0000
cologne3_setting1_dqn_prlight	SIM_TRAIN	157	84.0	63.8	-56.08	8.29	0.28	2788	0.0000	0.0000
cologne3_setting1_dqn_prlight	SIM_TRAIN	158	70.1	63.6	-31.95	5.31	0.26	2783	0.0000	0.0000
cologne3_setting1_dqn_prlight	SIM_TRAIN	159	76.7	60.7	-38.78	6.19	0.27	2790	0.0000	0.0000
cologne3_setting1_dqn_prlight	REAL_TEST	159	194.5	100.0	-98.53	14.21	0.38	2399	0.0000	0.0000
cologne3_setting1_dqn_prlight	SIM_TRAIN	160	98.7	59.8	-71.24	10.25	0.29	2762	0.0000	0.0000
cologne3_setting1_dqn_prlight	SIM_TRAIN	161	82.0	59.9	-48.65	7.83	0.28	2786	0.0000	0.0000
cologne3_setting1_dqn_prlight	SIM_TRAIN	162	81.6	58.5	-53.20	8.21	0.29	2790	0.0000	0.0000
cologne3_setting1_dqn_prlight	REAL_TEST	162	105.0	100.0	-65.79	9.60	0.36	2720	0.0000	0.0000
cologne3_setting1_dqn_prlight	SIM_TRAIN	163	85.4	54.3	-52.06	8.38	0.29	2790	0.0000	0.0000
cologne3_setting1_dqn_prlight	SIM_TRAIN	164	83.4	57.5	-59.36	7.74	0.27	2769	0.0000	0.0000
cologne3_setting1_dqn_prlight	SIM_TRAIN	165	302.8	71.7	-179.78	23.51	0.40	2401	0.0000	0.0000
cologne3_setting1_dqn_prlight	REAL_TEST	165	258.1	100.0	-90.67	13.25	0.40	2042	0.0000	0.0000
cologne3_setting1_dqn_prlight	SIM_TRAIN	166	80.2	145.0	-37.07	6.17	0.26	2782	0.0000	0.0000
cologne3_setting1_dqn_prlight	SIM_TRAIN	167	66.1	150.1	-16.96	3.03	0.22	2785	0.0000	0.0000
cologne3_setting1_dqn_prlight	SIM_TRAIN	168	86.6	170.6	-54.35	8.44	0.28	2781	0.0000	0.0000
cologne3_setting1_dqn_prlight	REAL_TEST	168	768.5	100.0	-383.62	55.99	0.78	1119	0.0000	0.0000
cologne3_setting1_dqn_prlight	SIM_TRAIN	169	78.7	177.7	-43.55	7.21	0.28	2782	0.0000	0.0000
cologne3_setting1_dqn_prlight	SIM_TRAIN	170	74.0	182.0	-40.07	6.01	0.27	2773	0.0000	0.0000
cologne3_setting1_dqn_prlight	SIM_TRAIN	171	73.9	176.3	-37.15	6.07	0.25	2783	0.0000	0.0000
cologne3_setting1_dqn_prlight	REAL_TEST	171	484.0	100.0	-271.42	39.96	0.64	1771	0.0000	0.0000
cologne3_setting1_dqn_prlight	SIM_TRAIN	172	80.2	161.2	-41.50	6.61	0.28	2789	0.0000	0.0000
cologne3_setting1_dqn_prlight	SIM_TRAIN	173	81.6	154.9	-56.30	7.35	0.28	2786	0.0000	0.0000
cologne3_setting1_dqn_prlight	SIM_TRAIN	174	685.0	158.5	-140.11	28.85	0.41	1642	0.0000	0.0000
cologne3_setting1_dqn_prlight	REAL_TEST	174	103.0	100.0	-58.24	9.34	0.40	2772	0.0000	0.0000
cologne3_setting1_dqn_prlight	SIM_TRAIN	175	104.5	175.9	-80.43	11.29	0.31	2775	0.0000	0.0000
cologne3_setting1_dqn_prlight	SIM_TRAIN	176	83.6	173.3	-46.90	7.38	0.28	2790	0.0000	0.0000
cologne3_setting1_dqn_prlight	SIM_TRAIN	177	76.9	153.5	-31.08	4.54	0.25	2780	0.0000	0.0000
cologne3_setting1_dqn_prlight	REAL_TEST	177	427.2	100.0	-292.66	41.19	0.64	1765	0.0000	0.0000
cologne3_setting1_dqn_prlight	SIM_TRAIN	178	87.3	147.3	-48.39	7.67	0.28	2786	0.0000	0.0000
cologne3_setting1_dqn_prlight	SIM_TRAIN	179	76.2	142.8	-38.16	5.94	0.25	2778	0.0000	0.0000
cologne3_setting1_dqn_prlight	SIM_TRAIN	180	73.6	111.7	-21.15	3.66	0.24	2783	0.0000	0.0000
cologne3_setting1_dqn_prlight	REAL_TEST	180	242.4	100.0	-102.95	15.04	0.44	2231	0.0000	0.0000
cologne3_setting1_dqn_prlight	SIM_TRAIN	181	74.0	103.9	-36.90	6.12	0.26	2781	0.0000	0.0000
cologne3_setting1_dqn_prlight	SIM_TRAIN	182	82.8	113.4	-31.92	5.71	0.26	2775	0.0000	0.0000
cologne3_setting1_dqn_prlight	SIM_TRAIN	183	67.9	112.5	-18.35	3.18	0.23	2778	0.0000	0.0000
cologne3_setting1_dqn_prlight	REAL_TEST	183	226.6	100.0	-207.93	28.79	0.53	2425	0.0000	0.0000
cologne3_setting1_dqn_prlight	SIM_TRAIN	184	75.4	105.8	-34.62	5.64	0.25	2787	0.0000	0.0000
cologne3_setting1_dqn_prlight	SIM_TRAIN	185	78.1	96.7	-42.85	6.84	0.26	2784	0.0000	0.0000
cologne3_setting1_dqn_prlight	SIM_TRAIN	186	72.4	97.4	-35.05	5.64	0.25	2790	0.0000	0.0000
cologne3_setting1_dqn_prlight	REAL_TEST	186	179.3	100.0	-109.49	15.53	0.45	2513	0.0000	0.0000
cologne3_setting1_dqn_prlight	SIM_TRAIN	187	73.2	100.0	-41.47	5.43	0.26	2782	0.0000	0.0000
cologne3_setting1_dqn_prlight	SIM_TRAIN	188	83.1	95.5	-48.72	7.44	0.28	2783	0.0000	0.0000
cologne3_setting1_dqn_prlight	SIM_TRAIN	189	77.6	81.2	-41.65	6.75	0.27	2769	0.0000	0.0000
cologne3_setting1_dqn_prlight	REAL_TEST	189	154.6	100.0	-71.87	10.64	0.38	2528	0.0000	0.0000
cologne3_setting1_dqn_prlight	SIM_TRAIN	190	78.8	83.1	-45.71	7.29	0.27	2791	0.0000	0.0000
cologne3_setting1_dqn_prlight	SIM_TRAIN	191	66.4	77.8	-18.71	3.10	0.23	2792	0.0000	0.0000
cologne3_setting1_dqn_prlight	SIM_TRAIN	192	79.1	69.8	-31.76	5.28	0.26	2777	0.0000	0.0000
cologne3_setting1_dqn_prlight	REAL_TEST	192	167.1	100.0	-144.66	20.12	0.46	2629	0.0000	0.0000
cologne3_setting1_dqn_prlight	SIM_TRAIN	193	84.5	67.1	-42.20	6.92	0.28	2759	0.0000	0.0000
cologne3_setting1_dqn_prlight	SIM_TRAIN	194	90.4	63.1	-59.90	9.07	0.30	2779	0.0000	0.0000
cologne3_setting1_dqn_prlight	SIM_TRAIN	195	87.1	62.6	-56.42	8.84	0.30	2792	0.0000	0.0000
cologne3_setting1_dqn_prlight	REAL_TEST	195	559.5	100.0	-103.65	20.45	0.46	1342	0.0000	0.0000
cologne3_setting1_dqn_prlight	SIM_TRAIN	196	295.3	64.2	-180.45	25.82	0.43	2459	0.0000	0.0000
cologne3_setting1_dqn_prlight	SIM_TRAIN	197	79.8	76.7	-43.52	6.65	0.26	2782	0.0000	0.0000
cologne3_setting1_dqn_prlight	SIM_TRAIN	198	80.2	76.6	-54.01	7.85	0.28	2770	0.0000	0.0000
cologne3_setting1_dqn_prlight	REAL_TEST	198	675.0	100.0	-271.64	37.77	0.64	1251	0.0000	0.0000
cologne3_setting1_dqn_prlight	SIM_TRAIN	199	78.5	81.7	-44.34	6.87	0.27	2788	0.0000	0.0000
cologne3_setting1_dqn_prlight	SIM_TRAIN	200	71.8	87.4	-34.13	5.83	0.26	2782	0.0000	0.0000
cologne3_setting1_dqn_prlight	SIM_TRAIN	201	74.3	79.5	-34.28	5.61	0.25	2781	0.0000	0.0000
cologne3_setting1_dqn_prlight	REAL_TEST	201	188.8	100.0	-151.79	21.68	0.48	2564	0.0000	0.0000
cologne3_setting1_dqn_prlight	SIM_TRAIN	202	685.0	93.6	-129.16	26.48	0.41	1637	0.0000	0.0000
cologne3_setting1_dqn_prlight	SIM_TRAIN	203	78.7	101.4	-41.55	6.99	0.28	2778	0.0000	0.0000
cologne3_setting1_dqn_prlight	SIM_TRAIN	204	83.7	111.6	-43.57	7.36	0.28	2779	0.0000	0.0000
cologne3_setting1_dqn_prlight	REAL_TEST	204	156.6	100.0	-142.75	19.90	0.47	2614	0.0000	0.0000
cologne3_setting1_dqn_prlight	SIM_TRAIN	205	74.9	107.4	-38.71	6.30	0.28	2789	0.0000	0.0000
cologne3_setting1_dqn_prlight	SIM_TRAIN	206	76.6	102.3	-39.50	6.60	0.27	2775	0.0000	0.0000
cologne3_setting1_dqn_prlight	SIM_TRAIN	207	91.2	98.2	-66.50	10.41	0.29	2744	0.0000	0.0000
cologne3_setting1_dqn_prlight	REAL_TEST	207	159.1	100.0	-132.29	18.68	0.48	2589	0.0000	0.0000
cologne3_setting1_dqn_prlight	SIM_TRAIN	208	77.9	100.6	-38.54	6.48	0.26	2776	0.0000	0.0000
cologne3_setting1_dqn_prlight	SIM_TRAIN	209	83.1	102.2	-50.80	8.11	0.30	2782	0.0000	0.0000
cologne3_setting1_dqn_prlight	SIM_TRAIN	210	89.3	93.3	-52.38	8.35	0.30	2783	0.0000	0.0000
cologne3_setting1_dqn_prlight	REAL_TEST	210	779.7	100.0	-283.01	45.26	0.73	1110	0.0000	0.0000
cologne3_setting1_dqn_prlight	SIM_TRAIN	211	79.2	74.5	-48.20	7.52	0.29	2788	0.0000	0.0000
cologne3_setting1_dqn_prlight	SIM_TRAIN	212	95.2	75.5	-64.44	9.94	0.32	2781	0.0000	0.0000
cologne3_setting1_dqn_prlight	SIM_TRAIN	213	79.9	79.9	-48.46	7.03	0.28	2779	0.0000	0.0000
cologne3_setting1_dqn_prlight	REAL_TEST	213	122.2	100.0	-105.54	14.09	0.46	2750	0.0000	0.0000
cologne3_setting1_dqn_prlight	SIM_TRAIN	214	87.5	72.8	-49.53	8.13	0.30	2756	0.0000	0.0000
cologne3_setting1_dqn_prlight	SIM_TRAIN	215	79.1	75.5	-47.55	6.14	0.26	2777	0.0000	0.0000
cologne3_setting1_dqn_prlight	SIM_TRAIN	216	88.7	69.4	-63.88	9.51	0.29	2752	0.0000	0.0000
cologne3_setting1_dqn_prlight	REAL_TEST	216	594.0	100.0	-221.58	34.62	0.61	1334	0.0000	0.0000
cologne3_setting1_dqn_prlight	SIM_TRAIN	217	85.1	56.1	-52.36	8.44	0.29	2785	0.0000	0.0000
cologne3_setting1_dqn_prlight	SIM_TRAIN	218	93.7	60.5	-69.61	9.85	0.31	2768	0.0000	0.0000
cologne3_setting1_dqn_prlight	SIM_TRAIN	219	65.7	62.7	-23.83	3.82	0.24	2790	0.0000	0.0000
cologne3_setting1_dqn_prlight	REAL_TEST	219	555.8	100.0	-182.17	30.24	0.58	1372	0.0000	0.0000
cologne3_setting1_dqn_prlight	SIM_TRAIN	220	83.3	63.7	-46.36	7.81	0.29	2788	0.0000	0.0000
cologne3_setting1_dqn_prlight	SIM_TRAIN	221	79.2	60.7	-40.05	6.62	0.27	2775	0.0000	0.0000
cologne3_setting1_dqn_prlight	SIM_TRAIN	222	97.6	64.6	-71.77	10.69	0.30	2777	0.0000	0.0000
cologne3_setting1_dqn_prlight	REAL_TEST	222	266.5	100.0	-191.66	27.70	0.57	2520	0.0000	0.0000
cologne3_setting1_dqn_prlight	SIM_TRAIN	223	94.1	68.5	-59.47	8.69	0.27	2750	0.0000	0.0000
cologne3_setting1_dqn_prlight	SIM_TRAIN	224	70.6	69.2	-29.75	4.47	0.23	2776	0.0000	0.0000
cologne3_setting1_dqn_prlight	SIM_TRAIN	225	73.9	68.0	-36.90	6.05	0.26	2784	0.0000	0.0000
cologne3_setting1_dqn_prlight	REAL_TEST	225	186.6	100.0	-140.15	20.01	0.50	2439	0.0000	0.0000
cologne3_setting1_dqn_prlight	SIM_TRAIN	226	70.4	66.5	-32.74	5.40	0.26	2779	0.0000	0.0000
cologne3_setting1_dqn_prlight	SIM_TRAIN	227	89.8	65.6	-69.21	9.47	0.31	2776	0.0000	0.0000
cologne3_setting1_dqn_prlight	SIM_TRAIN	228	80.2	65.5	-50.93	7.75	0.26	2753	0.0000	0.0000
cologne3_setting1_dqn_prlight	REAL_TEST	228	1040.4	100.0	-200.70	36.07	0.57	786	0.0000	0.0000
cologne3_setting1_dqn_prlight	SIM_TRAIN	229	62.7	60.3	-20.34	3.39	0.23	2785	0.0000	0.0000
cologne3_setting1_dqn_prlight	SIM_TRAIN	230	76.7	59.1	-30.90	5.26	0.24	2785	0.0000	0.0000
cologne3_setting1_dqn_prlight	SIM_TRAIN	231	90.0	58.3	-57.85	7.19	0.27	2776	0.0000	0.0000
cologne3_setting1_dqn_prlight	REAL_TEST	231	110.0	100.0	-69.76	10.51	0.38	2738	0.0000	0.0000
cologne3_setting1_dqn_prlight	SIM_TRAIN	232	92.1	56.3	-56.83	8.70	0.29	2776	0.0000	0.0000
cologne3_setting1_dqn_prlight	SIM_TRAIN	233	82.1	60.1	-46.43	7.06	0.28	2792	0.0000	0.0000
cologne3_setting1_dqn_prlight	SIM_TRAIN	234	73.6	58.6	-36.37	6.01	0.26	2780	0.0000	0.0000
cologne3_setting1_dqn_prlight	REAL_TEST	234	121.5	100.0	-84.06	12.51	0.40	2656	0.0000	0.0000
cologne3_setting1_dqn_prlight	SIM_TRAIN	235	594.9	57.7	-136.22	27.44	0.43	1757	0.0000	0.0000
cologne3_setting1_dqn_prlight	SIM_TRAIN	236	85.3	64.7	-54.38	8.22	0.28	2788	0.0000	0.0000
cologne3_setting1_dqn_prlight	SIM_TRAIN	237	83.7	68.7	-45.81	7.47	0.27	2788	0.0000	0.0000
cologne3_setting1_dqn_prlight	REAL_TEST	237	96.0	100.0	-46.97	7.05	0.35	2791	0.0000	0.0000
cologne3_setting1_dqn_prlight	SIM_TRAIN	238	75.0	74.2	-36.89	6.12	0.26	2787	0.0000	0.0000
cologne3_setting1_dqn_prlight	SIM_TRAIN	239	86.7	70.4	-53.42	8.32	0.28	2780	0.0000	0.0000
cologne3_setting1_dqn_prlight	SIM_TRAIN	240	72.0	70.9	-33.35	5.54	0.26	2789	0.0000	0.0000
cologne3_setting1_dqn_prlight	REAL_TEST	240	566.9	100.0	-178.21	30.39	0.58	1370	0.0000	0.0000
cologne3_setting1_dqn_prlight	SIM_TRAIN	241	78.2	69.9	-41.09	6.66	0.27	2783	0.0000	0.0000
cologne3_setting1_dqn_prlight	SIM_TRAIN	242	71.8	68.7	-32.91	5.57	0.25	2789	0.0000	0.0000
cologne3_setting1_dqn_prlight	SIM_TRAIN	243	79.3	69.3	-39.89	6.40	0.26	2787	0.0000	0.0000
cologne3_setting1_dqn_prlight	REAL_TEST	243	114.6	100.0	-69.93	10.75	0.38	2724	0.0000	0.0000
cologne3_setting1_dqn_prlight	SIM_TRAIN	244	437.8	89.0	-96.10	19.43	0.35	2055	0.0000	0.0000
cologne3_setting1_dqn_prlight	SIM_TRAIN	245	88.3	108.7	-51.27	7.85	0.28	2790	0.0000	0.0000
cologne3_setting1_dqn_prlight	SIM_TRAIN	246	81.7	103.7	-36.65	5.95	0.25	2781	0.0000	0.0000
cologne3_setting1_dqn_prlight	REAL_TEST	246	124.6	100.0	-84.70	12.07	0.40	2700	0.0000	0.0000
cologne3_setting1_dqn_prlight	SIM_TRAIN	247	84.1	98.2	-40.12	6.47	0.27	2786	0.0000	0.0000
cologne3_setting1_dqn_prlight	SIM_TRAIN	248	85.3	98.4	-47.83	7.38	0.27	2769	0.0000	0.0000
cologne3_setting1_dqn_prlight	SIM_TRAIN	249	77.8	87.3	-39.18	6.49	0.26	2782	0.0000	0.0000
cologne3_setting1_dqn_prlight	REAL_TEST	249	100.5	100.0	-48.61	7.40	0.38	2803	0.0000	0.0000
cologne3_setting1_dqn_prlight	SIM_TRAIN	250	78.1	78.5	-38.80	6.23	0.26	2787	0.0000	0.0000
cologne3_setting1_dqn_prlight	SIM_TRAIN	251	88.5	77.4	-43.20	7.00	0.27	2763	0.0000	0.0000
cologne3_setting1_dqn_prlight	SIM_TRAIN	252	73.9	77.1	-33.32	5.66	0.24	2778	0.0000	0.0000
cologne3_setting1_dqn_prlight	REAL_TEST	252	126.5	100.0	-98.34	14.11	0.43	2685	0.0000	0.0000
cologne3_setting1_dqn_prlight	SIM_TRAIN	253	80.3	76.4	-41.59	6.53	0.25	2775	0.0000	0.0000
cologne3_setting1_dqn_prlight	SIM_TRAIN	254	88.3	77.2	-43.91	7.33	0.27	2784	0.0000	0.0000
cologne3_setting1_dqn_prlight	SIM_TRAIN	255	679.4	94.3	-139.75	28.79	0.42	1649	0.0000	0.0000
cologne3_setting1_dqn_prlight	REAL_TEST	255	189.1	100.0	-128.65	19.45	0.47	2507	0.0000	0.0000
cologne3_setting1_dqn_prlight	SIM_TRAIN	256	79.7	96.6	-39.25	6.39	0.27	2784	0.0000	0.0000
cologne3_setting1_dqn_prlight	SIM_TRAIN	257	82.2	101.8	-50.54	7.84	0.29	2791	0.0000	0.0000
cologne3_setting1_dqn_prlight	SIM_TRAIN	258	86.4	90.5	-57.25	8.62	0.29	2788	0.0000	0.0000
cologne3_setting1_dqn_prlight	REAL_TEST	258	124.0	100.0	-111.98	15.07	0.45	2673	0.0000	0.0000
cologne3_setting1_dqn_prlight	SIM_TRAIN	259	79.6	78.8	-46.95	7.41	0.28	2775	0.0000	0.0000
cologne3_setting1_dqn_prlight	SIM_TRAIN	260	77.7	77.7	-34.99	5.97	0.25	2778	0.0000	0.0000
cologne3_setting1_dqn_prlight	SIM_TRAIN	261	77.7	80.0	-29.89	5.12	0.25	2784	0.0000	0.0000
cologne3_setting1_dqn_prlight	REAL_TEST	261	274.9	100.0	-153.32	24.43	0.52	2382	0.0000	0.0000
cologne3_setting1_dqn_prlight	SIM_TRAIN	262	75.2	80.2	-35.01	6.05	0.26	2783	0.0000	0.0000
cologne3_setting1_dqn_prlight	SIM_TRAIN	263	81.4	77.8	-39.74	6.71	0.27	2780	0.0000	0.0000
cologne3_setting1_dqn_prlight	SIM_TRAIN	264	80.3	78.3	-44.54	7.22	0.27	2774	0.0000	0.0000
cologne3_setting1_dqn_prlight	REAL_TEST	264	177.7	100.0	-154.42	20.96	0.51	2740	0.0000	0.0000
cologne3_setting1_dqn_prlight	SIM_TRAIN	265	79.6	87.8	-38.90	6.56	0.27	2778	0.0000	0.0000
cologne3_setting1_dqn_prlight	SIM_TRAIN	266	75.2	84.3	-40.10	6.53	0.27	2776	0.0000	0.0000
cologne3_setting1_dqn_prlight	SIM_TRAIN	267	332.2	101.4	-193.14	24.36	0.41	2351	0.0000	0.0000
cologne3_setting1_dqn_prlight	REAL_TEST	267	246.9	100.0	-156.15	23.27	0.51	2519	0.0000	0.0000
cologne3_setting1_dqn_prlight	SIM_TRAIN	268	64.9	168.9	-22.98	3.82	0.23	2781	0.0000	0.0000
cologne3_setting1_dqn_prlight	SIM_TRAIN	269	93.1	175.8	-58.69	9.13	0.29	2765	0.0000	0.0000
cologne3_setting1_dqn_prlight	SIM_TRAIN	270	70.1	179.3	-30.18	5.11	0.25	2782	0.0000	0.0000
cologne3_setting1_dqn_prlight	REAL_TEST	270	232.0	100.0	-201.45	30.13	0.58	2719	0.0000	0.0000
cologne3_setting1_dqn_prlight	SIM_TRAIN	271	77.4	171.8	-40.61	6.52	0.26	2791	0.0000	0.0000
cologne3_setting1_dqn_prlight	SIM_TRAIN	272	64.2	181.0	-20.30	3.51	0.24	2784	0.0000	0.0000
cologne3_setting1_dqn_prlight	SIM_TRAIN	273	70.6	176.6	-28.16	4.60	0.25	2782	0.0000	0.0000
cologne3_setting1_dqn_prlight	REAL_TEST	273	104.4	100.0	-67.96	10.12	0.42	2784	0.0000	0.0000
cologne3_setting1_dqn_prlight	SIM_TRAIN	274	75.0	159.9	-31.68	5.48	0.25	2782	0.0000	0.0000
cologne3_setting1_dqn_prlight	SIM_TRAIN	275	88.3	175.4	-47.81	7.64	0.27	2766	0.0000	0.0000
cologne3_setting1_dqn_prlight	SIM_TRAIN	276	74.6	169.5	-31.53	5.46	0.25	2783	0.0000	0.0000
cologne3_setting1_dqn_prlight	REAL_TEST	276	173.4	100.0	-106.28	14.84	0.42	2493	0.0000	0.0000
cologne3_setting1_dqn_prlight	SIM_TRAIN	277	78.6	165.7	-33.26	5.74	0.25	2771	0.0000	0.0000
cologne3_setting1_dqn_prlight	SIM_TRAIN	278	74.5	149.4	-35.99	6.15	0.26	2782	0.0000	0.0000
cologne3_setting1_dqn_prlight	SIM_TRAIN	279	62.3	169.9	-20.68	3.43	0.23	2782	0.0000	0.0000
cologne3_setting1_dqn_prlight	REAL_TEST	279	408.4	100.0	-251.07	37.59	0.61	1822	0.0000	0.0000
cologne3_setting1_dqn_prlight	SIM_TRAIN	280	76.1	146.1	-41.07	6.81	0.26	2782	0.0000	0.0000
cologne3_setting1_dqn_prlight	SIM_TRAIN	281	71.7	121.4	-29.53	5.08	0.26	2780	0.0000	0.0000
cologne3_setting1_dqn_prlight	SIM_TRAIN	282	89.1	95.3	-58.16	8.70	0.28	2777	0.0000	0.0000
cologne3_setting1_dqn_prlight	REAL_TEST	282	155.5	100.0	-67.99	10.26	0.38	2512	0.0000	0.0000
cologne3_setting1_dqn_prlight	SIM_TRAIN	283	72.2	84.9	-39.58	5.69	0.25	2779	0.0000	0.0000
cologne3_setting1_dqn_prlight	SIM_TRAIN	284	77.5	76.4	-44.56	6.70	0.27	2789	0.0000	0.0000
cologne3_setting1_dqn_prlight	SIM_TRAIN	285	82.0	76.1	-43.93	6.55	0.26	2791	0.0000	0.0000
cologne3_setting1_dqn_prlight	REAL_TEST	285	100.2	100.0	-55.89	8.32	0.34	2731	0.0000	0.0000
cologne3_setting1_dqn_prlight	SIM_TRAIN	286	80.5	71.5	-49.24	7.43	0.27	2789	0.0000	0.0000
cologne3_setting1_dqn_prlight	SIM_TRAIN	287	82.0	67.1	-45.17	7.38	0.27	2786	0.0000	0.0000
cologne3_setting1_dqn_prlight	SIM_TRAIN	288	92.5	68.4	-64.00	9.69	0.27	2776	0.0000	0.0000
cologne3_setting1_dqn_prlight	REAL_TEST	288	216.9	100.0	-130.48	17.52	0.43	2334	0.0000	0.0000
cologne3_setting1_dqn_prlight	SIM_TRAIN	289	76.6	64.4	-47.45	6.82	0.26	2759	0.0000	0.0000
cologne3_setting1_dqn_prlight	SIM_TRAIN	290	72.2	59.4	-34.51	5.63	0.26	2779	0.0000	0.0000
cologne3_setting1_dqn_prlight	SIM_TRAIN	291	75.6	56.7	-40.41	6.57	0.26	2780	0.0000	0.0000
cologne3_setting1_dqn_prlight	REAL_TEST	291	111.1	100.0	-86.37	12.11	0.42	2735	0.0000	0.0000
cologne3_setting1_dqn_prlight	SIM_TRAIN	292	77.2	66.5	-39.03	6.33	0.26	2786	0.0000	0.0000
cologne3_setting1_dqn_prlight	SIM_TRAIN	293	74.3	59.0	-31.04	5.30	0.26	2782	0.0000	0.0000
cologne3_setting1_dqn_prlight	SIM_TRAIN	294	69.9	63.1	-31.35	4.86	0.26	2778	0.0000	0.0000
cologne3_setting1_dqn_prlight	REAL_TEST	294	99.4	100.0	-51.83	7.62	0.38	2810	0.0000	0.0000
cologne3_setting1_dqn_prlight	SIM_TRAIN	295	75.0	64.1	-37.61	5.89	0.26	2773	0.0000	0.0000
cologne3_setting1_dqn_prlight	SIM_TRAIN	296	86.8	67.1	-55.45	8.79	0.29	2788	0.0000	0.0000
cologne3_setting1_dqn_prlight	SIM_TRAIN	297	85.8	68.3	-57.97	8.98	0.29	2788	0.0000	0.0000
cologne3_setting1_dqn_prlight	REAL_TEST	297	91.7	100.0	-34.88	5.63	0.35	2811	0.0000	0.0000
cologne3_setting1_dqn_prlight	SIM_TRAIN	298	73.0	62.7	-36.99	6.10	0.26	2777	0.0000	0.0000
cologne3_setting1_dqn_prlight	SIM_TRAIN	299	88.2	63.4	-32.52	5.10	0.26	2787	0.0000	0.0000
