ingolstadt1_noise20_dqn_latent_observation	REAL_TEST	2	390.8	100.0	-148.93	129.90	8.59	687
ingolstadt1_noise20_dqn_latent_observation	REAL_TEST	4	129.5	100.0	-97.82	81.63	8.08	1325
ingolstadt1_noise20_dqn_latent_observation	REAL_TEST	6	99.3	100.0	-97.97	81.49	8.13	1523
ingolstadt1_noise20_dqn_latent_observation	REAL_TEST	8	94.8	100.0	-98.45	81.79	8.25	1596
ingolstadt1_noise20_dqn_latent_observation	REAL_TEST	10	93.1	100.0	-98.34	82.03	8.49	1541
ingolstadt1_noise20_dqn_latent_observation	REAL_TEST	12	78.0	100.0	-97.92	81.05	8.54	1679
ingolstadt1_noise20_dqn_latent_observation	REAL_TEST	14	64.7	100.0	-97.27	85.02	8.23	1648
ingolstadt1_noise20_dqn_latent_observation	REAL_TEST	16	65.2	100.0	-96.29	80.21	8.23	1675
ingolstadt1_noise20_dqn_latent_observation	REAL_TEST	18	45.9	100.0	-97.39	81.44	8.31	1689
ingolstadt1_noise20_dqn_latent_observation	REAL_TEST	20	45.3	100.0	-97.13	83.43	7.56	1689
ingolstadt1_noise20_dqn_latent_observation	REAL_TEST	22	57.5	100.0	-96.94	78.95	8.17	1699
ingolstadt1_noise20_dqn_latent_observation	REAL_TEST	24	48.9	100.0	-99.21	82.55	8.51	1687
ingolstadt1_noise20_dqn_latent_observation	REAL_TEST	26	54.8	100.0	-98.26	80.55	8.53	1693
ingolstadt1_noise20_dqn_latent_observation	REAL_TEST	28	45.4	100.0	-95.79	82.97	7.72	1703
ingolstadt1_noise20_dqn_latent_observation	REAL_TEST	30	55.0	100.0	-98.21	81.14	8.38	1678
ingolstadt1_noise20_dqn_latent_observation	REAL_TEST	32	72.9	100.0	-96.08	83.58	8.28	1696
ingolstadt1_noise20_dqn_latent_observation	REAL_TEST	34	57.3	100.0	-97.11	82.51	8.27	1682
ingolstadt1_noise20_dqn_latent_observation	REAL_TEST	36	71.5	100.0	-97.74	79.25	8.14	1650
ingolstadt1_noise20_dqn_latent_observation	REAL_TEST	38	74.1	100.0	-98.28	80.62	8.30	1662
ingolstadt1_noise20_dqn_latent_observation	REAL_TEST	40	47.6	100.0	-95.97	79.12	7.80	1692
ingolstadt1_noise20_dqn_latent_observation	REAL_TEST	42	49.8	100.0	-98.31	79.61	7.74	1705
ingolstadt1_noise20_dqn_latent_observation	REAL_TEST	44	56.2	100.0	-97.25	81.96	8.15	1650
ingolstadt1_noise20_dqn_latent_observation	REAL_TEST	46	64.4	100.0	-96.40	79.64	7.96	1661
ingolstadt1_noise20_dqn_latent_observation	REAL_TEST	48	58.5	100.0	-98.00	79.72	8.12	1697
ingolstadt1_noise20_dqn_latent_observation	REAL_TEST	50	49.3	100.0	-95.84	81.19	7.58	1703
ingolstadt1_noise20_dqn_latent_observation	REAL_TEST	52	42.2	100.0	-98.46	84.12	8.18	1698
ingolstadt1_noise20_dqn_latent_observation	REAL_TEST	54	57.8	100.0	-98.11	80.00	8.03	1675
ingolstadt1_noise20_dqn_latent_observation	REAL_TEST	56	67.3	100.0	-98.79	83.03	8.07	1704
ingolstadt1_noise20_dqn_latent_observation	REAL_TEST	58	67.1	100.0	-97.22	81.66	8.08	1637
ingolstadt1_noise20_dqn_latent_observation	REAL_TEST	60	68.3	100.0	-98.27	80.23	7.90	1679
ingolstadt1_noise20_dqn_latent_observation	REAL_TEST	62	48.0	100.0	-97.41	80.89	8.26	1681
ingolstadt1_noise20_dqn_latent_observation	REAL_TEST	64	69.6	100.0	-98.78	79.95	8.30	1677
ingolstadt1_noise20_dqn_latent_observation	REAL_TEST	66	50.3	100.0	-97.86	78.87	8.07	1684
ingolstadt1_noise20_dqn_latent_observation	REAL_TEST	68	50.9	100.0	-98.50	80.37	7.96	1689
ingolstadt1_noise20_dqn_latent_observation	REAL_TEST	70	76.5	100.0	-97.84	78.62	7.98	1647
ingolstadt1_noise20_dqn_latent_observation	REAL_TEST	72	54.4	100.0	-97.36	81.42	7.88	1682
ingolstadt1_noise20_dqn_latent_observation	REAL_TEST	74	49.6	100.0	-97.06	80.11	8.09	1675
ingolstadt1_noise20_dqn_latent_observation	REAL_TEST	76	79.7	100.0	-97.87	84.66	8.29	1625
ingolstadt1_noise20_dqn_latent_observation	REAL_TEST	78	99.8	100.0	-97.15	83.27	7.95	1563
ingolstadt1_noise20_dqn_latent_observation	REAL_TEST	80	58.7	100.0	-98.06	82.91	8.08	1698
ingolstadt1_noise20_dqn_latent_observation	REAL_TEST	82	63.8	100.0	-97.58	77.55	7.81	1636
ingolstadt1_noise20_dqn_latent_observation	REAL_TEST	84	64.2	100.0	-97.04	84.51	8.14	1681
ingolstadt1_noise20_dqn_latent_observation	REAL_TEST	86	58.3	100.0	-97.46	83.49	7.90	1644
ingolstadt1_noise20_dqn_latent_observation	REAL_TEST	88	51.8	100.0	-96.60	84.53	8.69	1689
ingolstadt1_noise20_dqn_latent_observation	REAL_TEST	90	55.0	100.0	-96.07	81.16	8.44	1664
ingolstadt1_noise20_dqn_latent_observation	REAL_TEST	92	59.4	100.0	-97.64	79.98	8.33	1672
ingolstadt1_noise20_dqn_latent_observation	REAL_TEST	94	51.0	100.0	-96.32	79.94	8.56	1672
ingolstadt1_noise20_dqn_latent_observation	REAL_TEST	96	57.1	100.0	-97.97	82.15	7.73	1673
ingolstadt1_noise20_dqn_latent_observation	REAL_TEST	98	66.6	100.0	-97.78	80.37	8.14	1681
ingolstadt1_noise20_dqn_latent_observation	REAL_TEST	100	60.3	100.0	-96.02	79.72	8.16	1702
ingolstadt1_noise20_dqn_latent_observation	REAL_TEST	102	55.1	100.0	-96.85	79.62	8.08	1703
ingolstadt1_noise20_dqn_latent_observation	REAL_TEST	104	54.7	100.0	-97.22	77.33	8.21	1699
ingolstadt1_noise20_dqn_latent_observation	REAL_TEST	106	47.2	100.0	-95.58	81.45	8.13	1699
ingolstadt1_noise20_dqn_latent_observation	REAL_TEST	108	44.3	100.0	-97.04	79.23	8.20	1691
ingolstadt1_noise20_dqn_latent_observation	REAL_TEST	110	49.0	100.0	-98.01	79.30	8.29	1703
ingolstadt1_noise20_dqn_latent_observation	REAL_TEST	112	48.0	100.0	-98.92	79.15	8.01	1705
ingolstadt1_noise20_dqn_latent_observation	REAL_TEST	114	47.5	100.0	-97.67	80.02	7.98	1700
ingolstadt1_noise20_dqn_latent_observation	REAL_TEST	116	52.3	100.0	-97.13	79.31	8.07	1703
ingolstadt1_noise20_dqn_latent_observation	REAL_TEST	118	41.4	100.0	-98.12	83.65	8.18	1693
ingolstadt1_noise20_dqn_latent_observation	REAL_TEST	120	46.8	100.0	-98.18	80.14	8.63	1691
ingolstadt1_noise20_dqn_latent_observation	REAL_TEST	122	63.8	100.0	-97.00	80.50	8.33	1667
ingolstadt1_noise20_dqn_latent_observation	REAL_TEST	124	44.1	100.0	-97.41	81.56	8.03	1702
ingolstadt1_noise20_dqn_latent_observation	REAL_TEST	126	48.3	100.0	-98.51	80.59	8.06	1702
ingolstadt1_noise20_dqn_latent_observation	REAL_TEST	128	47.4	100.0	-97.81	81.37	8.19	1701
ingolstadt1_noise20_dqn_latent_observation	REAL_TEST	130	47.0	100.0	-96.59	85.69	8.15	1703
ingolstadt1_noise20_dqn_latent_observation	REAL_TEST	132	55.4	100.0	-98.31	80.31	8.53	1676
ingolstadt1_noise20_dqn_latent_observation	REAL_TEST	134	56.1	100.0	-97.77	82.10	8.09	1682
ingolstadt1_noise20_dqn_latent_observation	REAL_TEST	136	57.5	100.0	-98.29	77.94	8.11	1678
ingolstadt1_noise20_dqn_latent_observation	REAL_TEST	138	57.1	100.0	-98.34	78.58	8.19	1680
ingolstadt1_noise20_dqn_latent_observation	REAL_TEST	140	50.7	100.0	-97.23	78.52	8.07	1684
ingolstadt1_noise20_dqn_latent_observation	REAL_TEST	142	81.3	100.0	-98.34	77.49	8.36	1655
ingolstadt1_noise20_dqn_latent_observation	REAL_TEST	144	66.2	100.0	-98.82	80.65	7.89	1663
ingolstadt1_noise20_dqn_latent_observation	REAL_TEST	146	66.5	100.0	-98.26	79.96	8.24	1682
ingolstadt1_noise20_dqn_latent_observation	REAL_TEST	148	74.6	100.0	-99.12	81.46	7.77	1686
ingolstadt1_noise20_dqn_latent_observation	REAL_TEST	150	44.3	100.0	-96.95	80.12	7.85	1697
ingolstadt1_noise20_dqn_latent_observation	REAL_TEST	152	65.0	100.0	-98.12	81.40	8.13	1688
ingolstadt1_noise20_dqn_latent_observation	REAL_TEST	154	56.2	100.0	-98.19	80.63	8.06	1652
ingolstadt1_noise20_dqn_latent_observation	REAL_TEST	156	46.7	100.0	-96.83	79.29	8.36	1704
ingolstadt1_noise20_dqn_latent_observation	REAL_TEST	158	48.1	100.0	-97.92	80.15	7.95	1700
ingolstadt1_noise20_dqn_latent_observation	REAL_TEST	160	55.7	100.0	-97.36	83.44	8.22	1672
ingolstadt1_noise20_dqn_latent_observation	REAL_TEST	162	61.9	100.0	-98.49	80.54	8.30	1702
ingolstadt1_noise20_dqn_latent_observation	REAL_TEST	164	45.2	100.0	-96.50	83.02	8.30	1705
ingolstadt1_noise20_dqn_latent_observation	REAL_TEST	166	52.0	100.0	-98.19	84.67	7.82	1685
ingolstadt1_noise20_dqn_latent_observation	REAL_TEST	168	51.9	100.0	-97.24	79.79	8.01	1694
ingolstadt1_noise20_dqn_latent_observation	REAL_TEST	170	46.2	100.0	-98.61	81.69	8.02	1664
ingolstadt1_noise20_dqn_latent_observation	REAL_TEST	172	52.2	100.0	-97.02	79.26	8.03	1681
ingolstadt1_noise20_dqn_latent_observation	REAL_TEST	174	72.4	100.0	-96.50	83.54	7.87	1673
ingolstadt1_noise20_dqn_latent_observation	REAL_TEST	176	47.2	100.0	-97.81	80.53	8.02	1681
ingolstadt1_noise20_dqn_latent_observation	REAL_TEST	178	43.2	100.0	-97.07	83.46	7.86	1703
ingolstadt1_noise20_dqn_latent_observation	REAL_TEST	180	55.6	100.0	-98.77	82.77	8.15	1701
ingolstadt1_noise20_dqn_latent_observation	REAL_TEST	182	56.1	100.0	-98.48	81.19	8.11	1680
ingolstadt1_noise20_dqn_latent_observation	REAL_TEST	184	45.8	100.0	-97.58	81.77	8.07	1698
ingolstadt1_noise20_dqn_latent_observation	REAL_TEST	186	52.0	100.0	-96.84	80.72	8.18	1705
ingolstadt1_noise20_dqn_latent_observation	REAL_TEST	188	50.0	100.0	-97.74	77.80	8.29	1686
ingolstadt1_noise20_dqn_latent_observation	REAL_TEST	190	43.4	100.0	-97.56	79.83	8.06	1693
ingolstadt1_noise20_dqn_latent_observation	REAL_TEST	192	46.1	100.0	-97.93	84.63	8.05	1699
ingolstadt1_noise20_dqn_latent_observation	REAL_TEST	194	61.4	100.0	-96.67	83.30	7.73	1685
ingolstadt1_noise20_dqn_latent_observation	REAL_TEST	196	50.8	100.0	-97.78	83.67	7.96	1698
ingolstadt1_noise20_dqn_latent_observation	REAL_TEST	198	60.8	100.0	-97.93	79.80	8.22	1669
