SIM_TRAIN step:0, travel time:261.22528616024977, q_loss:0, rewards:-42.642704, queue:68.13611, delay:0.5331054, throughput:1736
sim step:3600/3600
episode:0/200, sim_loss:0
SIM_TRAIN step:1, travel time:329.52653485952135, q_loss:0, rewards:-65.18839, queue:104.39445, delay:0.52541125, throughput:1666
sim step:3600/3600
episode:1/200, sim_loss:0
SIM_TRAIN step:2, travel time:249.11862643080124, q_loss:427.59433, rewards:-39.184753, queue:62.708332, delay:0.51634675, throughput:1689
sim step:3600/3600
episode:2/200, sim_loss:427.59433
REAL_TEST step:2, travel time:1693.7977695167285, q_loss:100, rewards:-402.12933, queue:617.9496, delay:2.388533, throughput:380
SIM_TRAIN step:3, travel time:537.2347735554399, q_loss:239.81166, rewards:-139.4771, queue:203.78055, delay:0.6755279, throughput:1562
sim step:3600/3600
episode:3/200, sim_loss:239.81166
SIM_TRAIN step:4, travel time:391.22071837584593, q_loss:273.25305, rewards:-86.539764, queue:142.18889, delay:0.63333756, throughput:1659
sim step:3600/3600
episode:4/200, sim_loss:273.25305
REAL_TEST step:4, travel time:1306.3794489092998, q_loss:100, rewards:-364.2569, queue:606.96063, delay:2.4201434, throughput:627
SIM_TRAIN step:5, travel time:213.70484122852682, q_loss:302.522, rewards:-27.88158, queue:42.669445, delay:0.58075273, throughput:1863
sim step:3600/3600
episode:5/200, sim_loss:302.522
SIM_TRAIN step:6, travel time:223.36004162330906, q_loss:307.505, rewards:-30.546074, queue:48.755554, delay:0.5844877, throughput:1815
sim step:3600/3600
episode:6/200, sim_loss:307.505
REAL_TEST step:6, travel time:528.490813648294, q_loss:100, rewards:-161.79979, queue:239.1528, delay:2.357627, throughput:1340
SIM_TRAIN step:7, travel time:199.0900572618428, q_loss:283.29938, rewards:-23.302708, queue:36.336113, delay:0.56799734, throughput:1807
sim step:3600/3600
episode:7/200, sim_loss:283.29938
SIM_TRAIN step:8, travel time:194.54971369078604, q_loss:261.8296, rewards:-21.155214, queue:33.422222, delay:0.5568216, throughput:1815
sim step:3600/3600
episode:8/200, sim_loss:261.8296
REAL_TEST step:8, travel time:1268.1602305475503, q_loss:100, rewards:-351.6243, queue:586.5486, delay:2.4701986, throughput:648
SIM_TRAIN step:9, travel time:231.6207075962539, q_loss:250.94032, rewards:-34.365494, queue:52.34722, delay:0.59362096, throughput:1837
sim step:3600/3600
episode:9/200, sim_loss:250.94032
SIM_TRAIN step:10, travel time:210.27977119084764, q_loss:243.86893, rewards:-25.607494, queue:40.78611, delay:0.5679337, throughput:1839
sim step:3600/3600
episode:10/200, sim_loss:243.86893
REAL_TEST step:10, travel time:511.0940930475693, q_loss:100, rewards:-156.89732, queue:231.83069, delay:2.2971246, throughput:1323
SIM_TRAIN step:11, travel time:216.8105153565851, q_loss:212.93335, rewards:-30.147116, queue:44.675, delay:0.5753095, throughput:1819
sim step:3600/3600
episode:11/200, sim_loss:212.93335
SIM_TRAIN step:12, travel time:210.60874089490113, q_loss:197.8397, rewards:-27.249208, queue:43.052776, delay:0.5843063, throughput:1762
sim step:3600/3600
episode:12/200, sim_loss:197.8397
REAL_TEST step:12, travel time:646.5635128071093, q_loss:100, rewards:-184.46584, queue:306.03406, delay:2.3163157, throughput:1049
SIM_TRAIN step:13, travel time:202.37272254034357, q_loss:184.6435, rewards:-24.640053, queue:36.88889, delay:0.5711071, throughput:1838
sim step:3600/3600
episode:13/200, sim_loss:184.6435
SIM_TRAIN step:14, travel time:196.60145681581685, q_loss:169.17691, rewards:-22.326626, queue:33.97222, delay:0.5491829, throughput:1838
sim step:3600/3600
episode:14/200, sim_loss:169.17691
REAL_TEST step:14, travel time:589.9375, q_loss:100, rewards:-181.15712, queue:264.91306, delay:2.3638232, throughput:1291
SIM_TRAIN step:15, travel time:183.2878709005726, q_loss:157.79228, rewards:-16.942293, queue:26.7, delay:0.54752696, throughput:1862
sim step:3600/3600
episode:15/200, sim_loss:157.79228
SIM_TRAIN step:16, travel time:185.63854166666667, q_loss:132.97096, rewards:-17.416286, queue:27.022223, delay:0.5208817, throughput:1863
sim step:3600/3600
episode:16/200, sim_loss:132.97096
REAL_TEST step:16, travel time:1160.8007471980075, q_loss:100, rewards:-322.61703, queue:497.1261, delay:2.3403807, throughput:742
SIM_TRAIN step:17, travel time:225.91462779802185, q_loss:100.26786, rewards:-33.90579, queue:48.77222, delay:0.5530496, throughput:1823
sim step:3600/3600
episode:17/200, sim_loss:100.26786
SIM_TRAIN step:18, travel time:183.88235294117646, q_loss:74.54176, rewards:-17.731417, queue:27.11111, delay:0.5316751, throughput:1846
sim step:3600/3600
episode:18/200, sim_loss:74.54176
REAL_TEST step:18, travel time:396.53476215368534, q_loss:100, rewards:-111.22549, queue:165.28242, delay:2.3198354, throughput:1504
SIM_TRAIN step:19, travel time:178.21238938053096, q_loss:57.62787, rewards:-15.439832, queue:24.377777, delay:0.5340548, throughput:1845
sim step:3600/3600
episode:19/200, sim_loss:57.62787
SIM_TRAIN step:20, travel time:196.685580426861, q_loss:49.930107, rewards:-21.490374, queue:33.386112, delay:0.54722214, throughput:1858
sim step:3600/3600
episode:20/200, sim_loss:49.930107
REAL_TEST step:20, travel time:165.64453737584944, q_loss:100, rewards:-29.028976, queue:46.780045, delay:2.1692047, throughput:1828
SIM_TRAIN step:21, travel time:184.5712058212058, q_loss:48.222298, rewards:-18.984543, queue:28.194445, delay:0.510281, throughput:1825
sim step:3600/3600
episode:21/200, sim_loss:48.222298
SIM_TRAIN step:22, travel time:181.11758584807492, q_loss:48.9204, rewards:-16.453375, queue:26.580555, delay:0.5287219, throughput:1836
sim step:3600/3600
episode:22/200, sim_loss:48.9204
REAL_TEST step:22, travel time:326.7224255096707, q_loss:100, rewards:-81.83699, queue:128.15038, delay:2.3091733, throughput:1601
SIM_TRAIN step:23, travel time:173.26080166579905, q_loss:49.717155, rewards:-13.753164, queue:21.472221, delay:0.5132086, throughput:1867
sim step:3600/3600
episode:23/200, sim_loss:49.717155
SIM_TRAIN step:24, travel time:162.5616224648986, q_loss:49.275585, rewards:-10.530995, queue:15.886111, delay:0.49349576, throughput:1868
sim step:3600/3600
episode:24/200, sim_loss:49.275585
REAL_TEST step:24, travel time:397.01306847882904, q_loss:100, rewards:-103.47464, queue:166.03905, delay:2.3125577, throughput:1484
SIM_TRAIN step:25, travel time:166.66684018740239, q_loss:47.69272, rewards:-11.457042, queue:17.841667, delay:0.49444607, throughput:1866
sim step:3600/3600
episode:25/200, sim_loss:47.69272
SIM_TRAIN step:26, travel time:163.49895833333332, q_loss:45.472992, rewards:-10.716496, queue:16.208334, delay:0.49759012, throughput:1865
sim step:3600/3600
episode:26/200, sim_loss:45.472992
REAL_TEST step:26, travel time:327.2791427077888, q_loss:100, rewards:-83.99198, queue:128.92928, delay:2.2914941, throughput:1602
SIM_TRAIN step:27, travel time:169.44479166666667, q_loss:40.534885, rewards:-12.356411, queue:19.288889, delay:0.49412018, throughput:1866
sim step:3600/3600
episode:27/200, sim_loss:40.534885
SIM_TRAIN step:28, travel time:160.09739583333334, q_loss:34.281994, rewards:-9.338042, queue:14.513889, delay:0.48237488, throughput:1867
sim step:3600/3600
episode:28/200, sim_loss:34.281994
REAL_TEST step:28, travel time:159.59801359121798, q_loss:100, rewards:-27.985216, queue:44.727337, delay:2.2972586, throughput:1831
SIM_TRAIN step:29, travel time:160.43831337844873, q_loss:31.901018, rewards:-9.485539, queue:14.794444, delay:0.47358018, throughput:1873
sim step:3600/3600
episode:29/200, sim_loss:31.901018
SIM_TRAIN step:30, travel time:159.5671875, q_loss:29.459095, rewards:-9.018667, queue:14.275, delay:0.46816224, throughput:1864
sim step:3600/3600
episode:30/200, sim_loss:29.459095
REAL_TEST step:30, travel time:168.893883951908, q_loss:100, rewards:-30.622053, queue:48.41929, delay:2.2899647, throughput:1823
SIM_TRAIN step:31, travel time:154.26781071242848, q_loss:23.353798, rewards:-7.4570003, queue:11.572222, delay:0.46367437, throughput:1871
sim step:3600/3600
episode:31/200, sim_loss:23.353798
SIM_TRAIN step:32, travel time:160.80749219562955, q_loss:18.461487, rewards:-9.606249, queue:14.808333, delay:0.4671187, throughput:1870
sim step:3600/3600
episode:32/200, sim_loss:18.461487
REAL_TEST step:32, travel time:163.06638787245166, q_loss:100, rewards:-28.603434, queue:44.665024, delay:2.2706182, throughput:1835
SIM_TRAIN step:33, travel time:153.56919875130072, q_loss:14.652139, rewards:-7.294045, queue:11.086111, delay:0.4496948, throughput:1868
sim step:3600/3600
episode:33/200, sim_loss:14.652139
SIM_TRAIN step:34, travel time:148.48125, q_loss:11.763578, rewards:-5.4792075, queue:8.225, delay:0.41329122, throughput:1872
sim step:3600/3600
episode:34/200, sim_loss:11.763578
REAL_TEST step:34, travel time:290.9189754312598, q_loss:100, rewards:-77.76616, queue:113.51866, delay:2.3288898, throughput:1525
SIM_TRAIN step:35, travel time:147.68037480478918, q_loss:8.149523, rewards:-5.3281264, queue:7.7305555, delay:0.4024036, throughput:1869
sim step:3600/3600
episode:35/200, sim_loss:8.149523
SIM_TRAIN step:36, travel time:146.8844351900052, q_loss:6.9515524, rewards:-5.060249, queue:7.4, delay:0.40688646, throughput:1869
sim step:3600/3600
episode:36/200, sim_loss:6.9515524
REAL_TEST step:36, travel time:163.82435964453737, q_loss:100, rewards:-28.901154, queue:47.23671, delay:2.2701273, throughput:1821
SIM_TRAIN step:37, travel time:146.83446121811556, q_loss:6.4259815, rewards:-5.002249, queue:7.536111, delay:0.39815903, throughput:1869
sim step:3600/3600
episode:37/200, sim_loss:6.4259815
SIM_TRAIN step:38, travel time:147.1789802289282, q_loss:4.99187, rewards:-5.0369997, queue:7.6583333, delay:0.40859687, throughput:1872
sim step:3600/3600
episode:38/200, sim_loss:4.99187
REAL_TEST step:38, travel time:172.73863042341873, q_loss:100, rewards:-31.501633, queue:48.32779, delay:2.2491934, throughput:1817
SIM_TRAIN step:39, travel time:147.4516129032258, q_loss:4.3774676, rewards:-5.1904583, queue:7.758333, delay:0.39854097, throughput:1873
sim step:3600/3600
episode:39/200, sim_loss:4.3774676
SIM_TRAIN step:40, travel time:147.56295525494278, q_loss:4.1034265, rewards:-5.267376, queue:7.7833333, delay:0.39866993, throughput:1872
sim step:3600/3600
episode:40/200, sim_loss:4.1034265
REAL_TEST step:40, travel time:162.15891270256142, q_loss:100, rewards:-28.43753, queue:46.723286, delay:2.2324305, throughput:1826
SIM_TRAIN step:41, travel time:147.17126496616345, q_loss:3.3999898, rewards:-5.100874, queue:7.625, delay:0.3979939, throughput:1870
sim step:3600/3600
episode:41/200, sim_loss:3.3999898
SIM_TRAIN step:42, travel time:147.30020811654526, q_loss:2.868276, rewards:-5.12621, queue:7.733333, delay:0.40909353, throughput:1870
sim step:3600/3600
episode:42/200, sim_loss:2.868276
REAL_TEST step:42, travel time:162.61683220073184, q_loss:100, rewards:-28.803602, queue:46.429787, delay:2.2583008, throughput:1834
SIM_TRAIN step:43, travel time:146.73361082206034, q_loss:2.5149674, rewards:-5.0186667, queue:7.463889, delay:0.4032433, throughput:1867
sim step:3600/3600
episode:43/200, sim_loss:2.5149674
SIM_TRAIN step:44, travel time:146.21944877795113, q_loss:2.1452613, rewards:-4.889002, queue:7.197222, delay:0.39447603, throughput:1870
sim step:3600/3600
episode:44/200, sim_loss:2.1452613
REAL_TEST step:44, travel time:166.26189231573446, q_loss:100, rewards:-29.843687, queue:47.350777, delay:2.2624242, throughput:1810
SIM_TRAIN step:45, travel time:148.45, q_loss:1.82371, rewards:-5.5358357, queue:8.116667, delay:0.406434, throughput:1876
sim step:3600/3600
episode:45/200, sim_loss:1.82371
SIM_TRAIN step:46, travel time:146.77147319104634, q_loss:1.5336801, rewards:-4.9447093, queue:7.3722224, delay:0.4079094, throughput:1874
sim step:3600/3600
episode:46/200, sim_loss:1.5336801
REAL_TEST step:46, travel time:171.10454783063253, q_loss:100, rewards:-31.255424, queue:48.606937, delay:2.2979753, throughput:1822
SIM_TRAIN step:47, travel time:147.98231009365244, q_loss:1.2090746, rewards:-5.3623333, queue:8.041667, delay:0.41632685, throughput:1876
sim step:3600/3600
episode:47/200, sim_loss:1.2090746
SIM_TRAIN step:48, travel time:146.95473465140478, q_loss:0.95503193, rewards:-4.9750853, queue:7.55, delay:0.40961534, throughput:1871
sim step:3600/3600
episode:48/200, sim_loss:0.95503193
REAL_TEST step:48, travel time:185.8128593831678, q_loss:100, rewards:-34.573162, queue:56.278126, delay:2.246442, throughput:1830
SIM_TRAIN step:49, travel time:147.07864583333333, q_loss:0.823698, rewards:-5.0171227, queue:7.547222, delay:0.4056511, throughput:1870
sim step:3600/3600
episode:49/200, sim_loss:0.823698
SIM_TRAIN step:50, travel time:146.94534096824572, q_loss:0.8008152, rewards:-4.9415817, queue:7.516667, delay:0.41292885, throughput:1870
sim step:3600/3600
episode:50/200, sim_loss:0.8008152
REAL_TEST step:50, travel time:276.8301097752222, q_loss:100, rewards:-67.63615, queue:102.253975, delay:2.311953, throughput:1614
SIM_TRAIN step:51, travel time:147.58823529411765, q_loss:0.7748247, rewards:-5.168333, queue:7.911111, delay:0.41977012, throughput:1873
sim step:3600/3600
episode:51/200, sim_loss:0.7748247
SIM_TRAIN step:52, travel time:147.19010416666666, q_loss:0.6815515, rewards:-5.0324993, queue:7.6305556, delay:0.4168125, throughput:1874
sim step:3600/3600
episode:52/200, sim_loss:0.6815515
REAL_TEST step:52, travel time:171.125457396759, q_loss:100, rewards:-30.498257, queue:48.029255, delay:2.2206073, throughput:1822
SIM_TRAIN step:53, travel time:146.71540062434963, q_loss:0.63268596, rewards:-4.899791, queue:7.3333335, delay:0.39279395, throughput:1874
sim step:3600/3600
episode:53/200, sim_loss:0.63268596
SIM_TRAIN step:54, travel time:146.878125, q_loss:0.54217213, rewards:-5.0087085, queue:7.383333, delay:0.4108738, throughput:1869
sim step:3600/3600
episode:54/200, sim_loss:0.54217213
REAL_TEST step:54, travel time:502.23261892315736, q_loss:100, rewards:-152.79926, queue:226.12979, delay:2.2745578, throughput:1394
SIM_TRAIN step:55, travel time:147.51067152524726, q_loss:0.55042344, rewards:-5.171084, queue:7.836111, delay:0.40826714, throughput:1871
sim step:3600/3600
episode:55/200, sim_loss:0.55042344
SIM_TRAIN step:56, travel time:147.40499739718896, q_loss:0.5686253, rewards:-5.201916, queue:7.772222, delay:0.40978128, throughput:1872
sim step:3600/3600
episode:56/200, sim_loss:0.5686253
REAL_TEST step:56, travel time:176.46576058546785, q_loss:100, rewards:-32.26158, queue:49.72503, delay:2.258303, throughput:1819
SIM_TRAIN step:57, travel time:147.56533055700157, q_loss:0.5445739, rewards:-5.2379994, queue:7.7944446, delay:0.40673077, throughput:1873
sim step:3600/3600
episode:57/200, sim_loss:0.5445739
SIM_TRAIN step:58, travel time:147.6149843912591, q_loss:0.54497045, rewards:-5.2754574, queue:7.875, delay:0.4081667, throughput:1868
sim step:3600/3600
episode:58/200, sim_loss:0.54497045
REAL_TEST step:58, travel time:302.4730789336121, q_loss:100, rewards:-77.09908, queue:116.77981, delay:2.3528483, throughput:1583
SIM_TRAIN step:59, travel time:147.70208333333332, q_loss:0.52891976, rewards:-5.2415423, queue:7.827778, delay:0.41478813, throughput:1872
sim step:3600/3600
episode:59/200, sim_loss:0.52891976
SIM_TRAIN step:60, travel time:147.02237252861602, q_loss:0.5493382, rewards:-5.030749, queue:7.6305556, delay:0.41494542, throughput:1875
sim step:3600/3600
episode:60/200, sim_loss:0.5493382
REAL_TEST step:60, travel time:500.29221118661786, q_loss:100, rewards:-151.02924, queue:223.69492, delay:2.356882, throughput:1391
SIM_TRAIN step:61, travel time:147.58072916666666, q_loss:0.58034605, rewards:-5.2195415, queue:7.775, delay:0.41188803, throughput:1871
sim step:3600/3600
episode:61/200, sim_loss:0.58034605
SIM_TRAIN step:62, travel time:148.34825611660594, q_loss:0.59516066, rewards:-5.4483337, queue:8.2277775, delay:0.41745266, throughput:1870
sim step:3600/3600
episode:62/200, sim_loss:0.59516066
REAL_TEST step:62, travel time:165.06743335075797, q_loss:100, rewards:-28.783422, queue:46.403576, delay:2.202305, throughput:1832
SIM_TRAIN step:63, travel time:146.89079563182528, q_loss:0.642739, rewards:-5.0550013, queue:7.5055556, delay:0.40268728, throughput:1872
sim step:3600/3600
episode:63/200, sim_loss:0.642739
SIM_TRAIN step:64, travel time:147.57834461218116, q_loss:0.7140937, rewards:-5.19071, queue:7.9, delay:0.41283095, throughput:1874
sim step:3600/3600
episode:64/200, sim_loss:0.7140937
REAL_TEST step:64, travel time:185.77835859905906, q_loss:100, rewards:-35.233925, queue:53.275352, delay:2.2753422, throughput:1822
SIM_TRAIN step:65, travel time:146.94276795005203, q_loss:0.6144384, rewards:-5.056208, queue:7.4194446, delay:0.39674535, throughput:1874
sim step:3600/3600
episode:65/200, sim_loss:0.6144384
SIM_TRAIN step:66, travel time:146.9302809573361, q_loss:0.6605544, rewards:-4.993166, queue:7.5805554, delay:0.41186273, throughput:1874
sim step:3600/3600
episode:66/200, sim_loss:0.6605544
REAL_TEST step:66, travel time:172.57501306847882, q_loss:100, rewards:-31.32549, queue:48.902836, delay:2.3262494, throughput:1821
SIM_TRAIN step:67, travel time:147.8828125, q_loss:0.71890634, rewards:-5.2439604, queue:8.036111, delay:0.41747567, throughput:1868
sim step:3600/3600
episode:67/200, sim_loss:0.71890634
SIM_TRAIN step:68, travel time:147.1945889698231, q_loss:0.7333292, rewards:-5.147791, queue:7.6527777, delay:0.41476142, throughput:1871
sim step:3600/3600
episode:68/200, sim_loss:0.7333292
REAL_TEST step:68, travel time:161.71615263983273, q_loss:100, rewards:-28.347328, queue:45.558327, delay:2.1953611, throughput:1814
SIM_TRAIN step:69, travel time:147.44612181155648, q_loss:0.7275535, rewards:-5.1758757, queue:7.741667, delay:0.40333226, throughput:1868
sim step:3600/3600
episode:69/200, sim_loss:0.7275535
SIM_TRAIN step:70, travel time:146.65538781884436, q_loss:0.6367223, rewards:-4.931251, queue:7.375, delay:0.40408543, throughput:1873
sim step:3600/3600
episode:70/200, sim_loss:0.6367223
REAL_TEST step:70, travel time:171.20282279142708, q_loss:100, rewards:-31.149807, queue:47.521946, delay:2.308405, throughput:1824
SIM_TRAIN step:71, travel time:146.3914627798022, q_loss:0.5956395, rewards:-4.8100405, queue:7.2305555, delay:0.40083042, throughput:1868
sim step:3600/3600
episode:71/200, sim_loss:0.5956395
SIM_TRAIN step:72, travel time:147.5078125, q_loss:0.6123417, rewards:-5.203333, queue:7.641667, delay:0.4140954, throughput:1873
sim step:3600/3600
episode:72/200, sim_loss:0.6123417
REAL_TEST step:72, travel time:168.27286983795085, q_loss:100, rewards:-30.266453, queue:48.073524, delay:2.2606127, throughput:1807
SIM_TRAIN step:73, travel time:147.39427083333334, q_loss:0.6352632, rewards:-5.137543, queue:7.6833334, delay:0.4157972, throughput:1868
sim step:3600/3600
episode:73/200, sim_loss:0.6352632
SIM_TRAIN step:74, travel time:146.99427083333333, q_loss:0.60323495, rewards:-5.086791, queue:7.452778, delay:0.4097268, throughput:1873
sim step:3600/3600
episode:74/200, sim_loss:0.60323495
REAL_TEST step:74, travel time:163.78724516466283, q_loss:100, rewards:-28.85018, queue:45.163013, delay:2.2925372, throughput:1821
SIM_TRAIN step:75, travel time:146.5163977095263, q_loss:0.56213254, rewards:-4.905251, queue:7.302778, delay:0.40269378, throughput:1871
sim step:3600/3600
episode:75/200, sim_loss:0.56213254
SIM_TRAIN step:76, travel time:146.98906819364913, q_loss:0.5653277, rewards:-5.045084, queue:7.5055556, delay:0.40924412, throughput:1876
sim step:3600/3600
episode:76/200, sim_loss:0.5653277
REAL_TEST step:76, travel time:200.53110297961317, q_loss:100, rewards:-40.74713, queue:61.605446, delay:2.3268242, throughput:1730
SIM_TRAIN step:77, travel time:146.8375, q_loss:0.5396675, rewards:-4.9228334, queue:7.3333335, delay:0.4147331, throughput:1873
sim step:3600/3600
episode:77/200, sim_loss:0.5396675
SIM_TRAIN step:78, travel time:147.3872982821447, q_loss:0.55783886, rewards:-5.198001, queue:7.8333335, delay:0.42289072, throughput:1864
sim step:3600/3600
episode:78/200, sim_loss:0.55783886
REAL_TEST step:78, travel time:166.69994772608467, q_loss:100, rewards:-29.522276, queue:47.242153, delay:2.271444, throughput:1831
SIM_TRAIN step:79, travel time:146.65364583333334, q_loss:0.532544, rewards:-4.896916, queue:7.361111, delay:0.40101326, throughput:1874
sim step:3600/3600
episode:79/200, sim_loss:0.532544
SIM_TRAIN step:80, travel time:147.8296875, q_loss:0.5399455, rewards:-5.253958, queue:7.8194447, delay:0.4048042, throughput:1874
sim step:3600/3600
episode:80/200, sim_loss:0.5399455
REAL_TEST step:80, travel time:283.11238891792993, q_loss:100, rewards:-69.129776, queue:105.32177, delay:2.3503485, throughput:1597
SIM_TRAIN step:81, travel time:147.17950052029136, q_loss:0.5165922, rewards:-5.154167, queue:7.5916667, delay:0.40819758, throughput:1873
sim step:3600/3600
episode:81/200, sim_loss:0.5165922
SIM_TRAIN step:82, travel time:147.246875, q_loss:0.5193093, rewards:-5.0946665, queue:7.6583333, delay:0.41458383, throughput:1873
sim step:3600/3600
episode:82/200, sim_loss:0.5193093
REAL_TEST step:82, travel time:165.3936225823314, q_loss:100, rewards:-29.12196, queue:46.02347, delay:2.2969513, throughput:1815
SIM_TRAIN step:83, travel time:149.2462259239979, q_loss:0.6097209, rewards:-5.800124, queue:8.7722225, delay:0.44161385, throughput:1870
sim step:3600/3600
episode:83/200, sim_loss:0.6097209
SIM_TRAIN step:84, travel time:147.5320145757418, q_loss:0.630866, rewards:-5.2224174, queue:7.7777777, delay:0.41921693, throughput:1873
sim step:3600/3600
episode:84/200, sim_loss:0.630866
REAL_TEST step:84, travel time:169.07475169890225, q_loss:100, rewards:-29.98174, queue:48.077713, delay:2.3091345, throughput:1822
SIM_TRAIN step:85, travel time:146.71056741280583, q_loss:0.6288525, rewards:-4.926167, queue:7.4083333, delay:0.40660164, throughput:1868
sim step:3600/3600
episode:85/200, sim_loss:0.6288525
SIM_TRAIN step:86, travel time:147.39635416666667, q_loss:0.6132812, rewards:-5.1692076, queue:7.7611113, delay:0.41367722, throughput:1873
sim step:3600/3600
episode:86/200, sim_loss:0.6132812
REAL_TEST step:86, travel time:161.20334553058024, q_loss:100, rewards:-28.145355, queue:43.20783, delay:2.207667, throughput:1821
SIM_TRAIN step:87, travel time:146.29099427381573, q_loss:0.5984407, rewards:-4.7900414, queue:7.1361113, delay:0.38662377, throughput:1872
sim step:3600/3600
episode:87/200, sim_loss:0.5984407
SIM_TRAIN step:88, travel time:146.73815720978658, q_loss:0.5837965, rewards:-4.920295, queue:7.3333335, delay:0.4002486, throughput:1875
sim step:3600/3600
episode:88/200, sim_loss:0.5837965
REAL_TEST step:88, travel time:164.33350757971772, q_loss:100, rewards:-29.180225, queue:44.130634, delay:2.265434, throughput:1833
SIM_TRAIN step:89, travel time:146.5822060353798, q_loss:0.5715367, rewards:-4.923414, queue:7.2472224, delay:0.39315897, throughput:1874
sim step:3600/3600
episode:89/200, sim_loss:0.5715367
SIM_TRAIN step:90, travel time:146.4518479958355, q_loss:0.56740665, rewards:-4.8595014, queue:7.1916666, delay:0.3955863, throughput:1874
sim step:3600/3600
episode:90/200, sim_loss:0.56740665
REAL_TEST step:90, travel time:172.3700993204391, q_loss:100, rewards:-31.216227, queue:48.57338, delay:2.2301176, throughput:1819
SIM_TRAIN step:91, travel time:146.32639250390423, q_loss:0.57983583, rewards:-4.7756653, queue:7.172222, delay:0.39523438, throughput:1873
sim step:3600/3600
episode:91/200, sim_loss:0.57983583
SIM_TRAIN step:92, travel time:146.92395833333333, q_loss:0.5922539, rewards:-4.9691253, queue:7.3472223, delay:0.39611763, throughput:1875
sim step:3600/3600
episode:92/200, sim_loss:0.5922539
REAL_TEST step:92, travel time:370.18923157344483, q_loss:100, rewards:-101.73292, queue:151.80704, delay:2.310608, throughput:1532
SIM_TRAIN step:93, travel time:147.25833333333333, q_loss:0.60222507, rewards:-5.14496, queue:7.65, delay:0.4204516, throughput:1872
sim step:3600/3600
episode:93/200, sim_loss:0.60222507
SIM_TRAIN step:94, travel time:146.85885416666667, q_loss:0.6774565, rewards:-4.942375, queue:7.4083333, delay:0.40644917, throughput:1873
sim step:3600/3600
episode:94/200, sim_loss:0.6774565
REAL_TEST step:94, travel time:162.4302143230528, q_loss:100, rewards:-28.503641, queue:44.849583, delay:2.2469866, throughput:1823
SIM_TRAIN step:95, travel time:146.4092563702548, q_loss:0.6667716, rewards:-4.8816247, queue:7.177778, delay:0.3922167, throughput:1874
sim step:3600/3600
episode:95/200, sim_loss:0.6667716
SIM_TRAIN step:96, travel time:147.17099792099793, q_loss:0.60929424, rewards:-5.0916243, queue:7.577778, delay:0.39264154, throughput:1872
sim step:3600/3600
episode:96/200, sim_loss:0.60929424
REAL_TEST step:96, travel time:165.77469942498692, q_loss:100, rewards:-29.746319, queue:46.342075, delay:2.2062275, throughput:1824
SIM_TRAIN step:97, travel time:146.27381572097866, q_loss:0.6128335, rewards:-4.7601247, queue:7.0944443, delay:0.3995519, throughput:1873
sim step:3600/3600
episode:97/200, sim_loss:0.6128335
SIM_TRAIN step:98, travel time:146.54919312857888, q_loss:0.5841925, rewards:-4.8480825, queue:7.3, delay:0.40233472, throughput:1875
sim step:3600/3600
episode:98/200, sim_loss:0.5841925
REAL_TEST step:98, travel time:163.19184526921066, q_loss:100, rewards:-28.453228, queue:45.253906, delay:2.2306323, throughput:1831
SIM_TRAIN step:99, travel time:146.60072878709005, q_loss:0.5366756, rewards:-4.9377494, queue:7.3305554, delay:0.39577124, throughput:1868
sim step:3600/3600
episode:99/200, sim_loss:0.5366756
SIM_TRAIN step:100, travel time:146.746875, q_loss:0.52613825, rewards:-4.9424577, queue:7.4166665, delay:0.40574157, throughput:1873
sim step:3600/3600
episode:100/200, sim_loss:0.52613825
REAL_TEST step:100, travel time:167.65185572399372, q_loss:100, rewards:-29.895052, queue:48.109932, delay:2.238895, throughput:1822
SIM_TRAIN step:101, travel time:146.25677083333332, q_loss:0.49823228, rewards:-4.7492933, queue:7.1222224, delay:0.40282983, throughput:1871
sim step:3600/3600
episode:101/200, sim_loss:0.49823228
SIM_TRAIN step:102, travel time:146.88020833333334, q_loss:0.49404296, rewards:-5.0335393, queue:7.513889, delay:0.41041136, throughput:1871
sim step:3600/3600
episode:102/200, sim_loss:0.49404296
REAL_TEST step:102, travel time:161.77835859905906, q_loss:100, rewards:-28.123241, queue:44.632675, delay:2.2499561, throughput:1832
SIM_TRAIN step:103, travel time:146.57075962539022, q_loss:0.4982425, rewards:-4.911706, queue:7.388889, delay:0.3991458, throughput:1874
sim step:3600/3600
episode:103/200, sim_loss:0.4982425
SIM_TRAIN step:104, travel time:146.5866736074961, q_loss:0.5070094, rewards:-4.901708, queue:7.266667, delay:0.40213317, throughput:1873
sim step:3600/3600
episode:104/200, sim_loss:0.5070094
REAL_TEST step:104, travel time:175.3716675378986, q_loss:100, rewards:-32.864586, queue:50.633568, delay:2.3041356, throughput:1809
SIM_TRAIN step:105, travel time:146.2601456815817, q_loss:0.51022637, rewards:-4.7685003, queue:7.138889, delay:0.39964277, throughput:1874
sim step:3600/3600
episode:105/200, sim_loss:0.51022637
SIM_TRAIN step:106, travel time:145.75845913586673, q_loss:0.543838, rewards:-4.619333, queue:6.9, delay:0.3990858, throughput:1873
sim step:3600/3600
episode:106/200, sim_loss:0.543838
REAL_TEST step:106, travel time:162.533716675379, q_loss:100, rewards:-28.464022, queue:44.98464, delay:2.223299, throughput:1834
SIM_TRAIN step:107, travel time:146.76302083333334, q_loss:0.5651455, rewards:-4.9514575, queue:7.422222, delay:0.41235843, throughput:1873
sim step:3600/3600
episode:107/200, sim_loss:0.5651455
SIM_TRAIN step:108, travel time:146.64151925078045, q_loss:0.5358587, rewards:-4.9627924, queue:7.352778, delay:0.394529, throughput:1871
sim step:3600/3600
episode:108/200, sim_loss:0.5358587
REAL_TEST step:108, travel time:175.61944589649764, q_loss:100, rewards:-32.468838, queue:51.81747, delay:2.2647216, throughput:1804
SIM_TRAIN step:109, travel time:147.46927083333333, q_loss:0.55916137, rewards:-5.236587, queue:7.7944446, delay:0.4130527, throughput:1875
sim step:3600/3600
episode:109/200, sim_loss:0.55916137
SIM_TRAIN step:110, travel time:147.22916666666666, q_loss:0.57724935, rewards:-5.104292, queue:7.663889, delay:0.40736452, throughput:1869
sim step:3600/3600
episode:110/200, sim_loss:0.57724935
REAL_TEST step:110, travel time:161.41087297438577, q_loss:100, rewards:-28.250942, queue:45.484135, delay:2.2938738, throughput:1833
SIM_TRAIN step:111, travel time:147.07183758459135, q_loss:0.5462373, rewards:-5.1184583, queue:7.661111, delay:0.4090531, throughput:1868
sim step:3600/3600
episode:111/200, sim_loss:0.5462373
SIM_TRAIN step:112, travel time:145.97032795419054, q_loss:0.50501686, rewards:-4.706794, queue:7.0055556, delay:0.39796856, throughput:1870
sim step:3600/3600
episode:112/200, sim_loss:0.50501686
REAL_TEST step:112, travel time:161.45112388917929, q_loss:100, rewards:-28.65891, queue:44.949474, delay:2.1544342, throughput:1832
SIM_TRAIN step:113, travel time:146.27017178552836, q_loss:0.49224693, rewards:-4.8167095, queue:7.0833335, delay:0.3891668, throughput:1870
sim step:3600/3600
episode:113/200, sim_loss:0.49224693
SIM_TRAIN step:114, travel time:147.50416666666666, q_loss:0.54604113, rewards:-5.1900415, queue:7.8055553, delay:0.41260004, throughput:1871
sim step:3600/3600
episode:114/200, sim_loss:0.54604113
REAL_TEST step:114, travel time:163.33037114479873, q_loss:100, rewards:-29.08162, queue:45.133232, delay:2.2605054, throughput:1826
SIM_TRAIN step:115, travel time:147.3210197710718, q_loss:0.64405286, rewards:-5.175919, queue:7.7527776, delay:0.4151502, throughput:1875
sim step:3600/3600
episode:115/200, sim_loss:0.64405286
SIM_TRAIN step:116, travel time:146.55306971904267, q_loss:0.6645174, rewards:-4.912957, queue:7.266667, delay:0.41367182, throughput:1873
sim step:3600/3600
episode:116/200, sim_loss:0.6645174
REAL_TEST step:116, travel time:165.13486670151593, q_loss:100, rewards:-29.220818, queue:46.078964, delay:2.2650468, throughput:1823
SIM_TRAIN step:117, travel time:147.40301612064482, q_loss:0.65801746, rewards:-5.2175016, queue:7.822222, delay:0.39699522, throughput:1875
sim step:3600/3600
episode:117/200, sim_loss:0.65801746
SIM_TRAIN step:118, travel time:146.24518479958354, q_loss:0.6605473, rewards:-4.7517905, queue:7.1527777, delay:0.4030244, throughput:1871
sim step:3600/3600
episode:118/200, sim_loss:0.6605473
REAL_TEST step:118, travel time:170.95870360690014, q_loss:100, rewards:-31.435976, queue:49.109463, delay:2.2652872, throughput:1830
SIM_TRAIN step:119, travel time:146.57752341311135, q_loss:0.63727283, rewards:-4.910083, queue:7.3805556, delay:0.39447325, throughput:1871
sim step:3600/3600
episode:119/200, sim_loss:0.63727283
SIM_TRAIN step:120, travel time:146.85111920874544, q_loss:0.64439267, rewards:-4.982586, queue:7.427778, delay:0.40392125, throughput:1871
sim step:3600/3600
episode:120/200, sim_loss:0.64439267
REAL_TEST step:120, travel time:166.935703084161, q_loss:100, rewards:-30.300673, queue:48.48796, delay:2.1823795, throughput:1818
SIM_TRAIN step:121, travel time:146.82873503383655, q_loss:0.59671235, rewards:-5.013917, queue:7.422222, delay:0.40017793, throughput:1872
sim step:3600/3600
episode:121/200, sim_loss:0.59671235
SIM_TRAIN step:122, travel time:146.29344432882414, q_loss:0.5706777, rewards:-4.8142924, queue:7.1055555, delay:0.39431414, throughput:1875
sim step:3600/3600
episode:122/200, sim_loss:0.5706777
REAL_TEST step:122, travel time:169.69106116048093, q_loss:100, rewards:-30.65557, queue:49.391483, delay:2.258402, throughput:1816
SIM_TRAIN step:123, travel time:147.42842269651223, q_loss:0.5962242, rewards:-5.196292, queue:7.8166666, delay:0.41749674, throughput:1871
sim step:3600/3600
episode:123/200, sim_loss:0.5962242
SIM_TRAIN step:124, travel time:147.0093701197293, q_loss:0.6026767, rewards:-5.1217084, queue:7.711111, delay:0.40664846, throughput:1869
sim step:3600/3600
episode:124/200, sim_loss:0.6026767
REAL_TEST step:124, travel time:165.24830109775223, q_loss:100, rewards:-29.571436, queue:46.281223, delay:2.2094157, throughput:1833
SIM_TRAIN step:125, travel time:147.00780437044745, q_loss:0.63611484, rewards:-5.089584, queue:7.6916666, delay:0.40636507, throughput:1870
sim step:3600/3600
episode:125/200, sim_loss:0.63611484
SIM_TRAIN step:126, travel time:146.89380530973452, q_loss:0.62198776, rewards:-5.0289607, queue:7.5666666, delay:0.40601993, throughput:1865
sim step:3600/3600
episode:126/200, sim_loss:0.62198776
REAL_TEST step:126, travel time:160.45321484579196, q_loss:100, rewards:-28.01235, queue:45.685867, delay:2.220089, throughput:1833
SIM_TRAIN step:127, travel time:146.1264308012487, q_loss:0.64413226, rewards:-4.8102913, queue:7.2805557, delay:0.3984054, throughput:1866
sim step:3600/3600
episode:127/200, sim_loss:0.64413226
SIM_TRAIN step:128, travel time:146.6451612903226, q_loss:0.6091824, rewards:-4.9322057, queue:7.413889, delay:0.40583232, throughput:1875
sim step:3600/3600
episode:128/200, sim_loss:0.6091824
REAL_TEST step:128, travel time:172.2179822268688, q_loss:100, rewards:-31.652153, queue:50.115437, delay:2.2266297, throughput:1819
SIM_TRAIN step:129, travel time:146.59968766267568, q_loss:0.59758353, rewards:-4.9368753, queue:7.3694444, delay:0.40267593, throughput:1870
sim step:3600/3600
episode:129/200, sim_loss:0.59758353
SIM_TRAIN step:130, travel time:146.67637877211237, q_loss:0.60746026, rewards:-4.94692, queue:7.3472223, delay:0.40837637, throughput:1874
sim step:3600/3600
episode:130/200, sim_loss:0.60746026
REAL_TEST step:130, travel time:172.08520648196549, q_loss:100, rewards:-30.796509, queue:48.451508, delay:2.2611406, throughput:1827
SIM_TRAIN step:131, travel time:146.32118688183238, q_loss:0.58996296, rewards:-4.866041, queue:7.125, delay:0.38638496, throughput:1875
sim step:3600/3600
episode:131/200, sim_loss:0.58996296
SIM_TRAIN step:132, travel time:146.65486725663717, q_loss:0.58642846, rewards:-4.9070826, queue:7.325, delay:0.40473434, throughput:1873
sim step:3600/3600
episode:132/200, sim_loss:0.58642846
REAL_TEST step:132, travel time:162.16570831155252, q_loss:100, rewards:-29.04584, queue:46.185265, delay:2.2925084, throughput:1820
SIM_TRAIN step:133, travel time:146.19947916666666, q_loss:0.6025979, rewards:-4.7800856, queue:7.1583333, delay:0.40564054, throughput:1871
sim step:3600/3600
episode:133/200, sim_loss:0.6025979
SIM_TRAIN step:134, travel time:146.65851119208745, q_loss:0.6132813, rewards:-4.9129176, queue:7.3555555, delay:0.40812394, throughput:1872
sim step:3600/3600
episode:134/200, sim_loss:0.6132813
REAL_TEST step:134, travel time:162.05854678515422, q_loss:100, rewards:-28.824734, queue:44.69373, delay:2.2223887, throughput:1828
SIM_TRAIN step:135, travel time:146.35294117647058, q_loss:0.5981543, rewards:-4.8270855, queue:7.258333, delay:0.40863678, throughput:1872
sim step:3600/3600
episode:135/200, sim_loss:0.5981543
SIM_TRAIN step:136, travel time:146.28928199791883, q_loss:0.62079406, rewards:-4.8018746, queue:7.1666665, delay:0.40365943, throughput:1872
sim step:3600/3600
episode:136/200, sim_loss:0.62079406
REAL_TEST step:136, travel time:178.20230005227393, q_loss:100, rewards:-32.659256, queue:51.087585, delay:2.236282, throughput:1810
SIM_TRAIN step:137, travel time:146.24934929724103, q_loss:0.58421654, rewards:-4.751624, queue:7.138889, delay:0.3854627, throughput:1870
sim step:3600/3600
episode:137/200, sim_loss:0.58421654
SIM_TRAIN step:138, travel time:146.38697916666666, q_loss:0.5617005, rewards:-4.812458, queue:7.1361113, delay:0.39075664, throughput:1871
sim step:3600/3600
episode:138/200, sim_loss:0.5617005
REAL_TEST step:138, travel time:166.45426032409827, q_loss:100, rewards:-29.730364, queue:46.026512, delay:2.197123, throughput:1813
SIM_TRAIN step:139, travel time:146.07908428720083, q_loss:0.58251256, rewards:-4.7719173, queue:7.1444445, delay:0.39181647, throughput:1874
sim step:3600/3600
episode:139/200, sim_loss:0.58251256
SIM_TRAIN step:140, travel time:145.94794377928162, q_loss:0.56465584, rewards:-4.662207, queue:7.016667, delay:0.4082791, throughput:1874
sim step:3600/3600
episode:140/200, sim_loss:0.56465584
REAL_TEST step:140, travel time:159.06011500261368, q_loss:100, rewards:-27.918818, queue:44.073048, delay:2.2760534, throughput:1834
SIM_TRAIN step:141, travel time:146.58250910983864, q_loss:0.58159184, rewards:-4.909083, queue:7.302778, delay:0.40333787, throughput:1874
sim step:3600/3600
episode:141/200, sim_loss:0.58159184
SIM_TRAIN step:142, travel time:145.49635416666666, q_loss:0.52861303, rewards:-4.4678736, queue:6.772222, delay:0.39378786, throughput:1874
sim step:3600/3600
episode:142/200, sim_loss:0.52861303
REAL_TEST step:142, travel time:176.4720334553058, q_loss:100, rewards:-31.925095, queue:50.102333, delay:2.1698139, throughput:1817
SIM_TRAIN step:143, travel time:146.34721499219157, q_loss:0.5271729, rewards:-4.779084, queue:7.163889, delay:0.39683223, throughput:1872
sim step:3600/3600
episode:143/200, sim_loss:0.5271729
SIM_TRAIN step:144, travel time:145.81415929203538, q_loss:0.53908336, rewards:-4.6064177, queue:6.9083333, delay:0.38736024, throughput:1870
sim step:3600/3600
episode:144/200, sim_loss:0.53908336
REAL_TEST step:144, travel time:178.6257187663356, q_loss:100, rewards:-34.31139, queue:53.68701, delay:2.19276, throughput:1811
SIM_TRAIN step:145, travel time:146.72462259239978, q_loss:0.5365242, rewards:-4.939957, queue:7.3194447, delay:0.39717022, throughput:1870
sim step:3600/3600
episode:145/200, sim_loss:0.5365242
SIM_TRAIN step:146, travel time:146.20770432066632, q_loss:0.47600436, rewards:-4.737332, queue:7.038889, delay:0.39056638, throughput:1875
sim step:3600/3600
episode:146/200, sim_loss:0.47600436
REAL_TEST step:146, travel time:183.09043387349712, q_loss:100, rewards:-34.514717, queue:54.391983, delay:2.1726978, throughput:1828
SIM_TRAIN step:147, travel time:146.6046875, q_loss:0.48910776, rewards:-4.889751, queue:7.322222, delay:0.4000201, throughput:1869
sim step:3600/3600
episode:147/200, sim_loss:0.48910776
SIM_TRAIN step:148, travel time:146.40738813735692, q_loss:0.50212854, rewards:-4.821749, queue:7.358333, delay:0.40052697, throughput:1871
sim step:3600/3600
episode:148/200, sim_loss:0.50212854
REAL_TEST step:148, travel time:163.89074751698902, q_loss:100, rewards:-29.259342, queue:46.821365, delay:2.2079756, throughput:1817
SIM_TRAIN step:149, travel time:146.03177083333333, q_loss:0.48404944, rewards:-4.626583, queue:6.9666667, delay:0.39235166, throughput:1874
sim step:3600/3600
episode:149/200, sim_loss:0.48404944
SIM_TRAIN step:150, travel time:145.79947916666666, q_loss:0.46615642, rewards:-4.5860424, queue:6.913889, delay:0.40275562, throughput:1874
sim step:3600/3600
episode:150/200, sim_loss:0.46615642
REAL_TEST step:150, travel time:163.10297961317303, q_loss:100, rewards:-28.939413, queue:46.23957, delay:2.169425, throughput:1828
SIM_TRAIN step:151, travel time:146.82760416666667, q_loss:0.4750913, rewards:-4.928291, queue:7.4333334, delay:0.4032701, throughput:1870
sim step:3600/3600
episode:151/200, sim_loss:0.4750913
SIM_TRAIN step:152, travel time:146.03541666666666, q_loss:0.48429462, rewards:-4.6428328, queue:7.022222, delay:0.39200082, throughput:1871
sim step:3600/3600
episode:152/200, sim_loss:0.48429462
REAL_TEST step:152, travel time:168.56246732880294, q_loss:100, rewards:-30.085096, queue:48.960926, delay:2.3348203, throughput:1823
SIM_TRAIN step:153, travel time:146.32016632016632, q_loss:0.4602924, rewards:-4.8835416, queue:7.3416667, delay:0.40577343, throughput:1875
sim step:3600/3600
episode:153/200, sim_loss:0.4602924
SIM_TRAIN step:154, travel time:146.59083810515358, q_loss:0.4720753, rewards:-4.913792, queue:7.3694444, delay:0.40551922, throughput:1873
sim step:3600/3600
episode:154/200, sim_loss:0.4720753
REAL_TEST step:154, travel time:235.07736539466805, q_loss:100, rewards:-55.89637, queue:84.39551, delay:2.2712183, throughput:1594
SIM_TRAIN step:155, travel time:146.2484375, q_loss:0.46771443, rewards:-4.7731667, queue:7.1138887, delay:0.4013469, throughput:1869
sim step:3600/3600
episode:155/200, sim_loss:0.46771443
SIM_TRAIN step:156, travel time:146.33784487246226, q_loss:0.4752114, rewards:-4.83325, queue:7.288889, delay:0.41027433, throughput:1871
sim step:3600/3600
episode:156/200, sim_loss:0.4752114
REAL_TEST step:156, travel time:173.28332462101412, q_loss:100, rewards:-32.11966, queue:51.23942, delay:2.1698961, throughput:1828
SIM_TRAIN step:157, travel time:146.9708788351534, q_loss:0.48179424, rewards:-5.019667, queue:7.6555557, delay:0.40419558, throughput:1875
sim step:3600/3600
episode:157/200, sim_loss:0.48179424
SIM_TRAIN step:158, travel time:146.65712799167534, q_loss:0.48341572, rewards:-4.973833, queue:7.3416667, delay:0.3973951, throughput:1874
sim step:3600/3600
episode:158/200, sim_loss:0.48341572
REAL_TEST step:158, travel time:653.7921921921921, q_loss:100, rewards:-182.18385, queue:268.37595, delay:2.3800833, throughput:1198
SIM_TRAIN step:159, travel time:146.50885416666668, q_loss:0.49131492, rewards:-4.8021245, queue:7.227778, delay:0.39334658, throughput:1871
sim step:3600/3600
episode:159/200, sim_loss:0.49131492
SIM_TRAIN step:160, travel time:146.05257678292557, q_loss:0.4709799, rewards:-4.642876, queue:7.1, delay:0.4010788, throughput:1873
sim step:3600/3600
episode:160/200, sim_loss:0.4709799
REAL_TEST step:160, travel time:854.27425614489, q_loss:100, rewards:-228.08614, queue:333.88803, delay:2.3998997, throughput:1041
SIM_TRAIN step:161, travel time:146.67221644120707, q_loss:0.4905822, rewards:-4.919667, queue:7.3555555, delay:0.40558678, throughput:1873
sim step:3600/3600
episode:161/200, sim_loss:0.4905822
SIM_TRAIN step:162, travel time:146.07447916666666, q_loss:0.49463746, rewards:-4.688584, queue:6.975, delay:0.39813942, throughput:1873
sim step:3600/3600
episode:162/200, sim_loss:0.49463746
REAL_TEST step:162, travel time:870.4071702944942, q_loss:100, rewards:-236.00134, queue:346.6734, delay:2.3060393, throughput:1038
SIM_TRAIN step:163, travel time:146.5923997917751, q_loss:0.49984092, rewards:-4.850501, queue:7.288889, delay:0.40057656, throughput:1871
sim step:3600/3600
episode:163/200, sim_loss:0.49984092
SIM_TRAIN step:164, travel time:146.01301405517958, q_loss:0.47316784, rewards:-4.6596684, queue:6.947222, delay:0.40532935, throughput:1869
sim step:3600/3600
episode:164/200, sim_loss:0.47316784
REAL_TEST step:164, travel time:866.7250470809793, q_loss:100, rewards:-236.38446, queue:350.79526, delay:2.3865664, throughput:1070
SIM_TRAIN step:165, travel time:146.2125, q_loss:0.47518933, rewards:-4.772748, queue:7.202778, delay:0.40262392, throughput:1873
sim step:3600/3600
episode:165/200, sim_loss:0.47518933
SIM_TRAIN step:166, travel time:146.53458138325533, q_loss:0.47102708, rewards:-4.9381676, queue:7.35, delay:0.39494035, throughput:1872
sim step:3600/3600
episode:166/200, sim_loss:0.47102708
REAL_TEST step:166, travel time:910.3474903474903, q_loss:100, rewards:-245.34425, queue:358.82227, delay:2.352899, throughput:1055
SIM_TRAIN step:167, travel time:146.48074921956297, q_loss:0.47471967, rewards:-4.865707, queue:7.3472223, delay:0.4022814, throughput:1869
sim step:3600/3600
episode:167/200, sim_loss:0.47471967
SIM_TRAIN step:168, travel time:145.93701197293078, q_loss:0.48214382, rewards:-4.6561275, queue:7.0305557, delay:0.39224496, throughput:1872
sim step:3600/3600
episode:168/200, sim_loss:0.48214382
REAL_TEST step:168, travel time:910.6384364820847, q_loss:100, rewards:-243.80069, queue:355.32874, delay:2.3492265, throughput:1051
SIM_TRAIN step:169, travel time:146.23125, q_loss:0.5044511, rewards:-4.7247076, queue:7.077778, delay:0.39505056, throughput:1875
sim step:3600/3600
episode:169/200, sim_loss:0.5044511
SIM_TRAIN step:170, travel time:145.94169703279542, q_loss:0.488532, rewards:-4.643833, queue:6.9555554, delay:0.3913957, throughput:1873
sim step:3600/3600
episode:170/200, sim_loss:0.488532
REAL_TEST step:170, travel time:826.6679365079365, q_loss:100, rewards:-224.93636, queue:328.6733, delay:2.3793385, throughput:1124
SIM_TRAIN step:171, travel time:146.5171875, q_loss:0.5077075, rewards:-4.8571653, queue:7.286111, delay:0.3994414, throughput:1872
sim step:3600/3600
episode:171/200, sim_loss:0.5077075
SIM_TRAIN step:172, travel time:146.76730869338886, q_loss:0.50807184, rewards:-4.9737473, queue:7.4416666, delay:0.3981689, throughput:1872
sim step:3600/3600
episode:172/200, sim_loss:0.50807184
REAL_TEST step:172, travel time:762.6857506361323, q_loss:100, rewards:-207.36307, queue:299.05142, delay:2.3038826, throughput:1179
SIM_TRAIN step:173, travel time:145.95993756503643, q_loss:0.47727668, rewards:-4.730042, queue:7.0944443, delay:0.40071842, throughput:1871
sim step:3600/3600
episode:173/200, sim_loss:0.47727668
SIM_TRAIN step:174, travel time:146.64864864864865, q_loss:0.4615885, rewards:-4.9520426, queue:7.477778, delay:0.39807302, throughput:1873
sim step:3600/3600
episode:174/200, sim_loss:0.4615885
REAL_TEST step:174, travel time:490.2942167321729, q_loss:100, rewards:-139.75821, queue:205.89284, delay:2.3316617, throughput:1297
SIM_TRAIN step:175, travel time:146.98958875585632, q_loss:0.45522892, rewards:-5.0169163, queue:7.547222, delay:0.40138844, throughput:1872
sim step:3600/3600
episode:175/200, sim_loss:0.45522892
SIM_TRAIN step:176, travel time:146.70343392299688, q_loss:0.4702474, rewards:-5.0106664, queue:7.5194445, delay:0.41052195, throughput:1874
sim step:3600/3600
episode:176/200, sim_loss:0.4702474
REAL_TEST step:176, travel time:177.7626764244642, q_loss:100, rewards:-33.543556, queue:51.81999, delay:2.2306337, throughput:1828
SIM_TRAIN step:177, travel time:146.334375, q_loss:0.5053087, rewards:-4.7624164, queue:7.213889, delay:0.40257543, throughput:1873
sim step:3600/3600
episode:177/200, sim_loss:0.5053087
SIM_TRAIN step:178, travel time:146.546875, q_loss:0.5229652, rewards:-4.7659564, queue:7.241667, delay:0.39482236, throughput:1873
sim step:3600/3600
episode:178/200, sim_loss:0.5229652
REAL_TEST step:178, travel time:182.73131207527445, q_loss:100, rewards:-35.742256, queue:55.591244, delay:2.2412374, throughput:1764
SIM_TRAIN step:179, travel time:146.7537740760021, q_loss:0.51302725, rewards:-4.9449606, queue:7.5305557, delay:0.4038391, throughput:1864
sim step:3600/3600
episode:179/200, sim_loss:0.51302725
SIM_TRAIN step:180, travel time:146.54606975533576, q_loss:0.48595226, rewards:-4.837544, queue:7.3444443, delay:0.39966294, throughput:1872
sim step:3600/3600
episode:180/200, sim_loss:0.48595226
REAL_TEST step:180, travel time:432.3407325194229, q_loss:100, rewards:-122.72999, queue:180.35751, delay:2.3150618, throughput:1344
SIM_TRAIN step:181, travel time:146.28125, q_loss:0.49531588, rewards:-4.721252, queue:7.15, delay:0.40148762, throughput:1875
sim step:3600/3600
episode:181/200, sim_loss:0.49531588
SIM_TRAIN step:182, travel time:145.7980218636127, q_loss:0.4935725, rewards:-4.5886674, queue:6.9444447, delay:0.40571615, throughput:1873
sim step:3600/3600
episode:182/200, sim_loss:0.4935725
REAL_TEST step:182, travel time:811.1699429296132, q_loss:100, rewards:-221.46092, queue:323.4968, delay:2.416153, throughput:1086
SIM_TRAIN step:183, travel time:146.99895887558563, q_loss:0.463082, rewards:-5.022417, queue:7.522222, delay:0.3974246, throughput:1873
sim step:3600/3600
episode:183/200, sim_loss:0.463082
SIM_TRAIN step:184, travel time:146.22332118688183, q_loss:0.48210388, rewards:-4.7883735, queue:7.1694446, delay:0.40919074, throughput:1875
sim step:3600/3600
episode:184/200, sim_loss:0.48210388
REAL_TEST step:184, travel time:645.8390036452005, q_loss:100, rewards:-179.74966, queue:261.88422, delay:2.3080263, throughput:1247
SIM_TRAIN step:185, travel time:146.13014055179593, q_loss:0.5146539, rewards:-4.7095413, queue:7.0666666, delay:0.39697003, throughput:1874
sim step:3600/3600
episode:185/200, sim_loss:0.5146539
SIM_TRAIN step:186, travel time:146.47787610619469, q_loss:0.52374965, rewards:-4.871874, queue:7.3, delay:0.4059088, throughput:1873
sim step:3600/3600
episode:186/200, sim_loss:0.52374965
REAL_TEST step:186, travel time:892.7811074918567, q_loss:100, rewards:-238.85963, queue:348.3154, delay:2.309089, throughput:1061
SIM_TRAIN step:187, travel time:145.600624024961, q_loss:0.51365185, rewards:-4.615458, queue:6.9055557, delay:0.39020234, throughput:1872
sim step:3600/3600
episode:187/200, sim_loss:0.51365185
SIM_TRAIN step:188, travel time:145.93753253513796, q_loss:0.51061326, rewards:-4.7262897, queue:7.022222, delay:0.40218806, throughput:1871
sim step:3600/3600
episode:188/200, sim_loss:0.51061326
REAL_TEST step:188, travel time:861.6651495448634, q_loss:100, rewards:-231.66742, queue:336.46292, delay:2.388852, throughput:1064
SIM_TRAIN step:189, travel time:146.5283706402915, q_loss:0.4773304, rewards:-4.8610854, queue:7.2611113, delay:0.4032817, throughput:1872
sim step:3600/3600
episode:189/200, sim_loss:0.4773304
SIM_TRAIN step:190, travel time:146.7203125, q_loss:0.4845247, rewards:-4.921331, queue:7.411111, delay:0.40652192, throughput:1871
sim step:3600/3600
episode:190/200, sim_loss:0.4845247
REAL_TEST step:190, travel time:941.6537704918032, q_loss:100, rewards:-251.22305, queue:367.9738, delay:2.397009, throughput:1022
SIM_TRAIN step:191, travel time:146.10197710718003, q_loss:0.48268476, rewards:-4.7408743, queue:7.116667, delay:0.38880295, throughput:1873
sim step:3600/3600
episode:191/200, sim_loss:0.48268476
SIM_TRAIN step:192, travel time:146.26795005202914, q_loss:0.4625138, rewards:-4.8112926, queue:7.133333, delay:0.39936268, throughput:1872
sim step:3600/3600
episode:192/200, sim_loss:0.4625138
REAL_TEST step:192, travel time:871.5902280130293, q_loss:100, rewards:-233.36522, queue:340.08, delay:2.407586, throughput:1061
SIM_TRAIN step:193, travel time:146.80729166666666, q_loss:0.4877967, rewards:-4.950292, queue:7.3944445, delay:0.40160057, throughput:1875
sim step:3600/3600
episode:193/200, sim_loss:0.4877967
SIM_TRAIN step:194, travel time:146.55, q_loss:0.4782018, rewards:-4.8525844, queue:7.241667, delay:0.39295867, throughput:1876
sim step:3600/3600
episode:194/200, sim_loss:0.4782018
REAL_TEST step:194, travel time:672.841075794621, q_loss:100, rewards:-186.87183, queue:273.66852, delay:2.3141506, throughput:1164
SIM_TRAIN step:195, travel time:145.47371160853723, q_loss:0.4799878, rewards:-4.4822083, queue:6.7194443, delay:0.38654158, throughput:1873
sim step:3600/3600
episode:195/200, sim_loss:0.4799878
SIM_TRAIN step:196, travel time:146.14895833333333, q_loss:0.45890418, rewards:-4.659291, queue:7.061111, delay:0.39378577, throughput:1874
sim step:3600/3600
episode:196/200, sim_loss:0.45890418
REAL_TEST step:196, travel time:878.5563517915309, q_loss:100, rewards:-234.9813, queue:344.8502, delay:2.335435, throughput:1038
SIM_TRAIN step:197, travel time:145.88235294117646, q_loss:0.45630231, rewards:-4.614585, queue:6.9888887, delay:0.39066052, throughput:1871
sim step:3600/3600
episode:197/200, sim_loss:0.45630231
SIM_TRAIN step:198, travel time:145.9609984399376, q_loss:0.4281356, rewards:-4.6812487, queue:7.1, delay:0.39514875, throughput:1872
sim step:3600/3600
episode:198/200, sim_loss:0.4281356
REAL_TEST step:198, travel time:881.5830618892509, q_loss:100, rewards:-236.17099, queue:346.21136, delay:2.4331315, throughput:1022
SIM_TRAIN step:199, travel time:146.72462259239978, q_loss:0.43148723, rewards:-4.923876, queue:7.3861113, delay:0.40274298, throughput:1871
sim step:3600/3600
episode:199/200, sim_loss:0.43148723
Total time taken: 5286.180651426315
