hz4x4_combine2_presslight_latent_observation	REAL_TEST	2	1379.0	100.0	-447.44	57.05	1.19	922
hz4x4_combine2_presslight_latent_observation	REAL_TEST	4	1283.5	100.0	-443.59	63.28	1.23	1048
hz4x4_combine2_presslight_latent_observation	REAL_TEST	6	980.5	100.0	-249.17	47.12	1.25	1589
hz4x4_combine2_presslight_latent_observation	REAL_TEST	8	1051.5	100.0	-252.76	48.30	1.25	1462
hz4x4_combine2_presslight_latent_observation	REAL_TEST	10	973.3	100.0	-284.84	47.36	1.21	1579
hz4x4_combine2_presslight_latent_observation	REAL_TEST	12	1019.7	100.0	-248.99	43.92	1.19	1544
hz4x4_combine2_presslight_latent_observation	REAL_TEST	14	960.7	100.0	-241.91	39.31	1.19	1663
hz4x4_combine2_presslight_latent_observation	REAL_TEST	16	1067.3	100.0	-273.34	51.25	1.19	1495
hz4x4_combine2_presslight_latent_observation	REAL_TEST	18	808.8	100.0	-93.78	32.97	1.16	1954
hz4x4_combine2_presslight_latent_observation	REAL_TEST	20	770.6	100.0	-187.27	33.14	1.18	2013
hz4x4_combine2_presslight_latent_observation	REAL_TEST	22	819.8	100.0	-174.75	38.91	1.15	1948
hz4x4_combine2_presslight_latent_observation	REAL_TEST	24	866.8	100.0	-292.32	40.58	1.20	1855
hz4x4_combine2_presslight_latent_observation	REAL_TEST	26	900.7	100.0	-291.65	45.93	1.28	1790
hz4x4_combine2_presslight_latent_observation	REAL_TEST	28	659.3	100.0	-101.65	28.54	1.20	2195
hz4x4_combine2_presslight_latent_observation	REAL_TEST	30	668.9	100.0	-102.61	29.17	1.20	2170
hz4x4_combine2_presslight_latent_observation	REAL_TEST	32	816.7	100.0	-116.64	39.32	1.18	1943
hz4x4_combine2_presslight_latent_observation	REAL_TEST	34	765.7	100.0	-301.87	36.67	1.20	1936
hz4x4_combine2_presslight_latent_observation	REAL_TEST	36	830.6	100.0	-257.19	34.14	1.18	1917
hz4x4_combine2_presslight_latent_observation	REAL_TEST	38	631.8	100.0	-123.61	27.53	1.22	2320
hz4x4_combine2_presslight_latent_observation	REAL_TEST	40	768.9	100.0	-222.68	33.07	1.17	1984
hz4x4_combine2_presslight_latent_observation	REAL_TEST	42	700.3	100.0	-112.72	28.08	1.17	2154
hz4x4_combine2_presslight_latent_observation	REAL_TEST	44	671.6	100.0	-108.28	31.56	1.19	2170
hz4x4_combine2_presslight_latent_observation	REAL_TEST	46	652.3	100.0	-89.48	30.67	1.22	2291
hz4x4_combine2_presslight_latent_observation	REAL_TEST	48	674.9	100.0	-107.92	29.81	1.13	2207
hz4x4_combine2_presslight_latent_observation	REAL_TEST	50	720.2	100.0	-155.81	29.42	1.18	2159
hz4x4_combine2_presslight_latent_observation	REAL_TEST	52	873.3	100.0	-431.15	28.93	1.20	1793
hz4x4_combine2_presslight_latent_observation	REAL_TEST	54	968.6	100.0	-359.35	40.93	1.12	1649
hz4x4_combine2_presslight_latent_observation	REAL_TEST	56	834.4	100.0	-315.00	29.62	1.19	1797
hz4x4_combine2_presslight_latent_observation	REAL_TEST	58	572.3	100.0	-94.36	25.29	1.17	2428
hz4x4_combine2_presslight_latent_observation	REAL_TEST	60	690.4	100.0	-143.53	33.31	1.23	2152
hz4x4_combine2_presslight_latent_observation	REAL_TEST	62	615.8	100.0	-103.69	28.96	1.23	2356
hz4x4_combine2_presslight_latent_observation	REAL_TEST	64	629.9	100.0	-137.43	29.21	1.19	2253
hz4x4_combine2_presslight_latent_observation	REAL_TEST	66	659.7	100.0	-157.97	31.30	1.21	2236
hz4x4_combine2_presslight_latent_observation	REAL_TEST	68	731.2	100.0	-117.13	27.42	1.16	2094
hz4x4_combine2_presslight_latent_observation	REAL_TEST	70	601.2	100.0	-111.63	27.19	1.19	2353
hz4x4_combine2_presslight_latent_observation	REAL_TEST	72	620.2	100.0	-116.32	27.66	1.20	2344
hz4x4_combine2_presslight_latent_observation	REAL_TEST	74	737.7	100.0	-131.57	31.65	1.13	2196
hz4x4_combine2_presslight_latent_observation	REAL_TEST	76	674.9	100.0	-147.93	25.37	1.19	2225
hz4x4_combine2_presslight_latent_observation	REAL_TEST	78	667.0	100.0	-212.70	30.60	1.16	2226
hz4x4_combine2_presslight_latent_observation	REAL_TEST	80	601.2	100.0	-147.61	24.10	1.17	2369
hz4x4_combine2_presslight_latent_observation	REAL_TEST	82	572.8	100.0	-139.52	26.12	1.18	2384
hz4x4_combine2_presslight_latent_observation	REAL_TEST	84	776.0	100.0	-270.65	29.13	1.20	1861
hz4x4_combine2_presslight_latent_observation	REAL_TEST	86	756.0	100.0	-196.94	33.89	1.20	2095
hz4x4_combine2_presslight_latent_observation	REAL_TEST	88	710.2	100.0	-216.52	30.27	1.16	2127
hz4x4_combine2_presslight_latent_observation	REAL_TEST	90	662.8	100.0	-100.58	30.27	1.16	2274
hz4x4_combine2_presslight_latent_observation	REAL_TEST	92	608.8	100.0	-173.09	27.21	1.15	2362
hz4x4_combine2_presslight_latent_observation	REAL_TEST	94	579.0	100.0	-134.61	25.44	1.17	2437
hz4x4_combine2_presslight_latent_observation	REAL_TEST	96	603.7	100.0	-150.84	26.31	1.18	2295
hz4x4_combine2_presslight_latent_observation	REAL_TEST	98	558.9	100.0	-117.90	24.40	1.18	2409
hz4x4_combine2_presslight_latent_observation	REAL_TEST	100	741.0	100.0	-324.37	26.15	1.19	2030
hz4x4_combine2_presslight_latent_observation	REAL_TEST	102	555.0	100.0	-105.29	23.06	1.18	2469
hz4x4_combine2_presslight_latent_observation	REAL_TEST	104	819.6	100.0	-251.47	34.64	1.17	1938
hz4x4_combine2_presslight_latent_observation	REAL_TEST	106	728.6	100.0	-211.60	35.35	1.18	2132
hz4x4_combine2_presslight_latent_observation	REAL_TEST	108	569.2	100.0	-144.31	25.93	1.17	2396
hz4x4_combine2_presslight_latent_observation	REAL_TEST	110	604.9	100.0	-91.45	26.73	1.11	2371
hz4x4_combine2_presslight_latent_observation	REAL_TEST	112	840.7	100.0	-260.09	35.78	1.14	1966
hz4x4_combine2_presslight_latent_observation	REAL_TEST	114	765.9	100.0	-270.67	31.14	1.12	1997
hz4x4_combine2_presslight_latent_observation	REAL_TEST	116	566.1	100.0	-150.02	26.98	1.20	2430
hz4x4_combine2_presslight_latent_observation	REAL_TEST	118	587.1	100.0	-96.11	24.71	1.22	2361
hz4x4_combine2_presslight_latent_observation	REAL_TEST	120	760.8	100.0	-275.01	37.82	1.23	2092
hz4x4_combine2_presslight_latent_observation	REAL_TEST	122	496.7	100.0	-117.36	21.19	1.17	2561
hz4x4_combine2_presslight_latent_observation	REAL_TEST	124	894.8	100.0	-441.45	39.02	1.18	1783
hz4x4_combine2_presslight_latent_observation	REAL_TEST	126	777.7	100.0	-257.20	35.25	1.21	2023
hz4x4_combine2_presslight_latent_observation	REAL_TEST	128	865.1	100.0	-339.71	38.15	1.17	1947
hz4x4_combine2_presslight_latent_observation	REAL_TEST	130	587.1	100.0	-179.47	25.96	1.17	2350
hz4x4_combine2_presslight_latent_observation	REAL_TEST	132	858.0	100.0	-390.92	39.64	1.15	1790
hz4x4_combine2_presslight_latent_observation	REAL_TEST	134	731.8	100.0	-243.06	35.14	1.18	2146
hz4x4_combine2_presslight_latent_observation	REAL_TEST	136	649.0	100.0	-219.11	29.57	1.24	2276
hz4x4_combine2_presslight_latent_observation	REAL_TEST	138	650.5	100.0	-228.56	29.93	1.23	2279
hz4x4_combine2_presslight_latent_observation	REAL_TEST	140	684.8	100.0	-171.90	25.92	1.20	2269
hz4x4_combine2_presslight_latent_observation	REAL_TEST	142	661.9	100.0	-176.45	30.52	1.17	2213
hz4x4_combine2_presslight_latent_observation	REAL_TEST	144	675.7	100.0	-177.87	26.80	1.14	2285
hz4x4_combine2_presslight_latent_observation	REAL_TEST	146	788.8	100.0	-306.44	30.34	1.16	1999
hz4x4_combine2_presslight_latent_observation	REAL_TEST	148	467.8	100.0	-90.90	19.59	1.20	2594
hz4x4_combine2_presslight_latent_observation	REAL_TEST	150	607.3	100.0	-92.47	29.25	1.22	2331
hz4x4_combine2_presslight_latent_observation	REAL_TEST	152	597.8	100.0	-187.63	27.42	1.17	2390
hz4x4_combine2_presslight_latent_observation	REAL_TEST	154	824.1	100.0	-317.24	31.40	1.17	1848
hz4x4_combine2_presslight_latent_observation	REAL_TEST	156	766.5	100.0	-301.51	38.13	1.21	2067
hz4x4_combine2_presslight_latent_observation	REAL_TEST	158	543.9	100.0	-162.24	22.43	1.16	2436
hz4x4_combine2_presslight_latent_observation	REAL_TEST	160	637.5	100.0	-232.86	30.79	1.21	2225
hz4x4_combine2_presslight_latent_observation	REAL_TEST	162	815.4	100.0	-228.17	34.98	1.17	1933
hz4x4_combine2_presslight_latent_observation	REAL_TEST	164	673.2	100.0	-159.32	32.37	1.19	2214
hz4x4_combine2_presslight_latent_observation	REAL_TEST	166	896.7	100.0	-434.32	41.58	1.19	1736
hz4x4_combine2_presslight_latent_observation	REAL_TEST	168	737.4	100.0	-316.49	29.06	1.20	2115
hz4x4_combine2_presslight_latent_observation	REAL_TEST	170	705.0	100.0	-164.93	31.35	1.21	2203
hz4x4_combine2_presslight_latent_observation	REAL_TEST	172	578.9	100.0	-96.18	22.43	1.17	2435
hz4x4_combine2_presslight_latent_observation	REAL_TEST	174	750.5	100.0	-304.08	32.84	1.18	2061
hz4x4_combine2_presslight_latent_observation	REAL_TEST	176	644.0	100.0	-148.93	25.67	1.20	2229
hz4x4_combine2_presslight_latent_observation	REAL_TEST	178	685.7	100.0	-232.53	30.62	1.18	2224
hz4x4_combine2_presslight_latent_observation	REAL_TEST	180	672.2	100.0	-121.16	31.58	1.17	2242
hz4x4_combine2_presslight_latent_observation	REAL_TEST	182	812.7	100.0	-348.70	31.75	1.15	1919
hz4x4_combine2_presslight_latent_observation	REAL_TEST	184	602.9	100.0	-115.42	24.10	1.18	2353
hz4x4_combine2_presslight_latent_observation	REAL_TEST	186	727.9	100.0	-233.97	31.97	1.17	2174
hz4x4_combine2_presslight_latent_observation	REAL_TEST	188	952.2	100.0	-424.53	39.48	1.17	1752
hz4x4_combine2_presslight_latent_observation	REAL_TEST	190	609.8	100.0	-150.37	27.85	1.19	2311
hz4x4_combine2_presslight_latent_observation	REAL_TEST	192	776.8	100.0	-242.45	28.31	1.17	2024
hz4x4_combine2_presslight_latent_observation	REAL_TEST	194	707.2	100.0	-162.85	31.73	1.18	2168
hz4x4_combine2_presslight_latent_observation	REAL_TEST	196	681.8	100.0	-210.07	32.28	1.20	2205
hz4x4_combine2_presslight_latent_observation	REAL_TEST	198	600.0	100.0	-195.78	21.81	1.19	2327
