hz1x1_noise3_dqn_domain_randomization	REAL_TEST	3	260.3	100.0	-152.19	101.66	1.64	1611
hz1x1_noise3_dqn_domain_randomization	REAL_TEST	6	539.8	100.0	-252.56	168.61	1.62	1020
hz1x1_noise3_dqn_domain_randomization	REAL_TEST	9	535.2	100.0	-244.20	163.85	1.69	1001
hz1x1_noise3_dqn_domain_randomization	REAL_TEST	12	529.2	100.0	-238.36	159.97	1.66	991
hz1x1_noise3_dqn_domain_randomization	REAL_TEST	15	546.8	100.0	-240.18	160.49	1.65	956
hz1x1_noise3_dqn_domain_randomization	REAL_TEST	18	494.8	100.0	-226.81	151.18	1.71	1035
hz1x1_noise3_dqn_domain_randomization	REAL_TEST	21	537.4	100.0	-238.54	158.46	1.69	969
hz1x1_noise3_dqn_domain_randomization	REAL_TEST	24	542.9	100.0	-239.42	160.36	1.63	960
hz1x1_noise3_dqn_domain_randomization	REAL_TEST	27	527.0	100.0	-241.63	161.33	1.67	1021
hz1x1_noise3_dqn_domain_randomization	REAL_TEST	30	569.8	100.0	-256.55	170.35	1.61	963
hz1x1_noise3_dqn_domain_randomization	REAL_TEST	33	703.4	100.0	-311.59	208.58	1.69	821
hz1x1_noise3_dqn_domain_randomization	REAL_TEST	36	589.3	100.0	-258.32	172.72	1.71	876
hz1x1_noise3_dqn_domain_randomization	REAL_TEST	39	1054.0	100.0	-332.49	222.03	1.65	466
hz1x1_noise3_dqn_domain_randomization	REAL_TEST	42	768.4	100.0	-308.31	205.70	1.64	719
hz1x1_noise3_dqn_domain_randomization	REAL_TEST	45	812.6	100.0	-322.75	215.42	1.78	646
hz1x1_noise3_dqn_domain_randomization	REAL_TEST	48	695.4	100.0	-338.03	225.44	1.65	861
hz1x1_noise3_dqn_domain_randomization	REAL_TEST	51	660.7	100.0	-358.90	240.65	1.66	981
hz1x1_noise3_dqn_domain_randomization	REAL_TEST	54	697.1	100.0	-360.30	241.07	1.71	913
hz1x1_noise3_dqn_domain_randomization	REAL_TEST	57	644.6	100.0	-355.52	237.54	1.61	999
hz1x1_noise3_dqn_domain_randomization	REAL_TEST	60	458.8	100.0	-274.70	183.18	1.64	1261
hz1x1_noise3_dqn_domain_randomization	REAL_TEST	63	622.4	100.0	-328.11	218.79	1.73	976
hz1x1_noise3_dqn_domain_randomization	REAL_TEST	66	469.5	100.0	-270.82	181.43	1.67	1216
hz1x1_noise3_dqn_domain_randomization	REAL_TEST	69	544.5	100.0	-287.01	191.53	1.65	1062
hz1x1_noise3_dqn_domain_randomization	REAL_TEST	72	775.4	100.0	-306.67	204.52	1.64	770
hz1x1_noise3_dqn_domain_randomization	REAL_TEST	75	692.2	100.0	-315.96	210.85	1.53	844
hz1x1_noise3_dqn_domain_randomization	REAL_TEST	78	782.2	100.0	-331.06	221.10	1.66	707
hz1x1_noise3_dqn_domain_randomization	REAL_TEST	81	686.2	100.0	-311.75	208.38	1.73	807
hz1x1_noise3_dqn_domain_randomization	REAL_TEST	84	646.2	100.0	-299.66	200.50	1.67	836
hz1x1_noise3_dqn_domain_randomization	REAL_TEST	87	677.4	100.0	-304.53	203.09	1.64	899
hz1x1_noise3_dqn_domain_randomization	REAL_TEST	90	624.7	100.0	-331.51	222.20	1.67	969
hz1x1_noise3_dqn_domain_randomization	REAL_TEST	93	619.9	100.0	-321.80	214.64	1.63	949
hz1x1_noise3_dqn_domain_randomization	REAL_TEST	96	913.4	100.0	-305.92	204.87	1.62	592
hz1x1_noise3_dqn_domain_randomization	REAL_TEST	99	628.0	100.0	-321.77	215.42	1.60	945
hz1x1_noise3_dqn_domain_randomization	REAL_TEST	102	692.2	100.0	-337.99	225.33	1.71	854
hz1x1_noise3_dqn_domain_randomization	REAL_TEST	105	651.5	100.0	-343.35	229.13	1.69	957
hz1x1_noise3_dqn_domain_randomization	REAL_TEST	108	639.3	100.0	-334.24	221.85	1.63	952
hz1x1_noise3_dqn_domain_randomization	REAL_TEST	111	648.1	100.0	-333.73	221.79	1.62	951
hz1x1_noise3_dqn_domain_randomization	REAL_TEST	114	628.0	100.0	-335.49	223.68	1.65	977
hz1x1_noise3_dqn_domain_randomization	REAL_TEST	117	651.0	100.0	-323.64	216.34	1.73	901
hz1x1_noise3_dqn_domain_randomization	REAL_TEST	120	785.3	100.0	-334.12	222.38	1.67	711
hz1x1_noise3_dqn_domain_randomization	REAL_TEST	123	767.8	100.0	-330.90	221.54	1.66	728
hz1x1_noise3_dqn_domain_randomization	REAL_TEST	126	927.7	100.0	-287.41	191.60	1.64	545
hz1x1_noise3_dqn_domain_randomization	REAL_TEST	129	781.0	100.0	-317.87	212.04	1.66	684
hz1x1_noise3_dqn_domain_randomization	REAL_TEST	132	752.9	100.0	-323.60	216.70	1.65	760
hz1x1_noise3_dqn_domain_randomization	REAL_TEST	135	687.2	100.0	-301.42	201.67	1.58	801
hz1x1_noise3_dqn_domain_randomization	REAL_TEST	138	671.9	100.0	-296.80	198.53	1.66	801
hz1x1_noise3_dqn_domain_randomization	REAL_TEST	141	669.6	100.0	-292.33	194.78	1.58	773
hz1x1_noise3_dqn_domain_randomization	REAL_TEST	144	287.7	100.0	-175.91	116.83	1.61	1633
hz1x1_noise3_dqn_domain_randomization	REAL_TEST	147	184.9	100.0	-108.41	72.04	1.70	1922
hz1x1_noise3_dqn_domain_randomization	REAL_TEST	150	217.7	100.0	-137.75	91.02	1.62	1866
hz1x1_noise3_dqn_domain_randomization	REAL_TEST	153	234.0	100.0	-149.47	99.31	1.62	1834
hz1x1_noise3_dqn_domain_randomization	REAL_TEST	156	277.7	100.0	-179.72	119.73	1.59	1748
hz1x1_noise3_dqn_domain_randomization	REAL_TEST	159	194.7	100.0	-116.24	77.06	1.64	1894
hz1x1_noise3_dqn_domain_randomization	REAL_TEST	162	248.9	100.0	-156.91	104.43	1.63	1777
hz1x1_noise3_dqn_domain_randomization	REAL_TEST	165	199.6	100.0	-119.36	79.34	1.62	1842
hz1x1_noise3_dqn_domain_randomization	REAL_TEST	168	196.1	100.0	-116.56	77.84	1.54	1864
hz1x1_noise3_dqn_domain_randomization	REAL_TEST	171	640.1	100.0	-266.80	178.42	1.59	847
hz1x1_noise3_dqn_domain_randomization	REAL_TEST	174	598.4	100.0	-265.88	177.05	1.55	915
hz1x1_noise3_dqn_domain_randomization	REAL_TEST	177	737.1	100.0	-338.98	227.27	1.64	784
hz1x1_noise3_dqn_domain_randomization	REAL_TEST	180	659.8	100.0	-311.62	207.69	1.69	851
hz1x1_noise3_dqn_domain_randomization	REAL_TEST	183	667.3	100.0	-269.77	180.05	1.53	815
hz1x1_noise3_dqn_domain_randomization	REAL_TEST	186	491.9	100.0	-258.58	173.42	1.61	1131
hz1x1_noise3_dqn_domain_randomization	REAL_TEST	189	636.4	100.0	-282.89	188.81	1.55	889
hz1x1_noise3_dqn_domain_randomization	REAL_TEST	192	543.9	100.0	-265.31	177.09	1.57	1013
hz1x1_noise3_dqn_domain_randomization	REAL_TEST	195	219.7	100.0	-137.63	91.30	1.62	1840
hz1x1_noise3_dqn_domain_randomization	REAL_TEST	198	367.6	100.0	-211.71	140.53	1.59	1403
hz1x1_noise3_dqn_domain_randomization	REAL_TEST	201	565.6	100.0	-275.03	184.13	1.59	1002
hz1x1_noise3_dqn_domain_randomization	REAL_TEST	204	445.3	100.0	-199.08	133.21	1.55	1031
hz1x1_noise3_dqn_domain_randomization	REAL_TEST	207	552.9	100.0	-295.55	197.08	1.67	1078
hz1x1_noise3_dqn_domain_randomization	REAL_TEST	210	424.2	100.0	-246.04	164.09	1.61	1376
hz1x1_noise3_dqn_domain_randomization	REAL_TEST	213	573.1	100.0	-262.99	176.61	1.63	863
hz1x1_noise3_dqn_domain_randomization	REAL_TEST	216	596.2	100.0	-272.30	182.40	1.67	860
hz1x1_noise3_dqn_domain_randomization	REAL_TEST	219	736.8	100.0	-308.25	205.28	1.62	724
hz1x1_noise3_dqn_domain_randomization	REAL_TEST	222	632.7	100.0	-284.98	190.52	1.64	884
hz1x1_noise3_dqn_domain_randomization	REAL_TEST	225	416.6	100.0	-233.79	156.11	1.62	1304
hz1x1_noise3_dqn_domain_randomization	REAL_TEST	228	556.0	100.0	-266.86	178.02	1.60	1053
hz1x1_noise3_dqn_domain_randomization	REAL_TEST	231	387.7	100.0	-214.49	142.48	1.64	1294
hz1x1_noise3_dqn_domain_randomization	REAL_TEST	234	247.0	100.0	-146.37	97.76	1.61	1662
hz1x1_noise3_dqn_domain_randomization	REAL_TEST	237	544.8	100.0	-239.68	160.24	1.67	919
hz1x1_noise3_dqn_domain_randomization	REAL_TEST	240	430.5	100.0	-235.49	157.01	1.59	1278
hz1x1_noise3_dqn_domain_randomization	REAL_TEST	243	599.1	100.0	-259.18	172.37	1.60	880
hz1x1_noise3_dqn_domain_randomization	REAL_TEST	246	584.0	100.0	-258.08	171.83	1.58	919
hz1x1_noise3_dqn_domain_randomization	REAL_TEST	249	596.5	100.0	-262.06	174.41	1.63	896
hz1x1_noise3_dqn_domain_randomization	REAL_TEST	252	589.3	100.0	-262.59	175.45	1.62	925
hz1x1_noise3_dqn_domain_randomization	REAL_TEST	255	342.7	100.0	-220.16	146.50	1.66	1606
hz1x1_noise3_dqn_domain_randomization	REAL_TEST	258	295.1	100.0	-171.16	114.84	1.55	1435
hz1x1_noise3_dqn_domain_randomization	REAL_TEST	261	441.8	100.0	-233.41	155.77	1.62	1227
hz1x1_noise3_dqn_domain_randomization	REAL_TEST	264	601.1	100.0	-271.02	180.73	1.65	899
hz1x1_noise3_dqn_domain_randomization	REAL_TEST	267	413.8	100.0	-235.67	157.22	1.66	1343
hz1x1_noise3_dqn_domain_randomization	REAL_TEST	270	482.9	100.0	-231.32	153.84	1.68	1072
hz1x1_noise3_dqn_domain_randomization	REAL_TEST	273	490.0	100.0	-227.84	151.66	1.69	1038
hz1x1_noise3_dqn_domain_randomization	REAL_TEST	276	519.7	100.0	-239.12	159.29	1.58	1012
hz1x1_noise3_dqn_domain_randomization	REAL_TEST	279	297.4	100.0	-174.71	116.44	1.54	1531
hz1x1_noise3_dqn_domain_randomization	REAL_TEST	282	636.5	100.0	-279.50	186.37	1.62	877
hz1x1_noise3_dqn_domain_randomization	REAL_TEST	285	376.6	100.0	-235.14	156.55	1.60	1513
hz1x1_noise3_dqn_domain_randomization	REAL_TEST	288	458.8	100.0	-218.74	146.29	1.62	1091
hz1x1_noise3_dqn_domain_randomization	REAL_TEST	291	248.4	100.0	-154.03	102.23	1.60	1661
hz1x1_noise3_dqn_domain_randomization	REAL_TEST	294	513.0	100.0	-240.89	160.45	1.63	1029
hz1x1_noise3_dqn_domain_randomization	REAL_TEST	297	310.5	100.0	-184.97	122.70	1.58	1453
