MORLGrid: 16 grid policies
SIM_TRAIN step:0, travel time:470.7530160857909, q_loss:0, rewards:-52.007225, queue:3.078993, delay:0.10654361, throughput:2784, raw_metrics:{'fairness': 71.625}
SIM_TRAIN step:1, travel time:471.7039892725444, q_loss:0, rewards:-51.1925, queue:3.0350695, delay:0.10640583, throughput:2794, raw_metrics:{'fairness': 96.188}
SIM_TRAIN step:2, travel time:470.7180690579953, q_loss:0.8379847, rewards:-56.053047, queue:3.3348958, delay:0.10994181, throughput:2786, raw_metrics:{'fairness': 96.25}
SIM_TRAIN step:3, travel time:585.1906836461126, q_loss:0.20825844, rewards:-159.3511, queue:9.798959, delay:0.17203397, throughput:2759, raw_metrics:{'fairness': 109.125}
SIM_TRAIN step:4, travel time:610.4299597855228, q_loss:0.08164206, rewards:-187.51749, queue:11.5755205, delay:0.17233688, throughput:2816, raw_metrics:{'fairness': 66.938}
SIM_TRAIN step:5, travel time:538.9979886020784, q_loss:0.06401804, rewards:-139.0769, queue:8.56684, delay:0.1472192, throughput:2810, raw_metrics:{'fairness': 111.438}
SIM_TRAIN step:6, travel time:492.5053619302949, q_loss:0.07755272, rewards:-138.48166, queue:8.526042, delay:0.14934175, throughput:2921, raw_metrics:{'fairness': 63.625}
SIM_TRAIN step:7, travel time:456.1994636272209, q_loss:0.08096057, rewards:-103.48944, queue:6.328472, delay:0.1433158, throughput:2882, raw_metrics:{'fairness': 112.5}
SIM_TRAIN step:8, travel time:470.6577271203486, q_loss:0.051279403, rewards:-95.563896, queue:5.8475695, delay:0.14379393, throughput:2876, raw_metrics:{'fairness': 101.312}
REAL_TRAIN step:1, travel time:479.61045926919206, q_loss:100, rewards:-174.25444, queue:10.743055, delay:0.19014032, throughput:2535, R_real:-10.0635, components:{'queue': 0.716, 'delay': 0.0, 'waiting': 0.0, 'pressure': 0.0, 'switches': 0.0, 'emission': 9.347}, raw_metrics:{'fairness': 106.75, 'emission': 2306.796, 'fuel': 747.842, 'emergency_stops': 49.0, 'collisions': 7.0, 'ssm_conflicts': 1811.0}, grid;w=queue=0.2;delay=0.2;waiting=0.2;pressure=0.2;switches=0.2
SIM_TRAIN step:9, travel time:484.96548257372655, q_loss:0, rewards:-55.419174, queue:3.2982638, delay:0.10522055, throughput:2779, raw_metrics:{'fairness': 56.188}
SIM_TRAIN step:10, travel time:480.61247066711366, q_loss:0, rewards:-60.994175, queue:3.6373265, delay:0.11068868, throughput:2770, raw_metrics:{'fairness': 77.938}
SIM_TRAIN step:11, travel time:474.08749580958767, q_loss:0.94721305, rewards:-58.283073, queue:3.4690971, delay:0.10951355, throughput:2802, raw_metrics:{'fairness': 73.188}
SIM_TRAIN step:12, travel time:732.9396984924623, q_loss:0.3136016, rewards:-283.54636, queue:17.598785, delay:0.18559171, throughput:2656, raw_metrics:{'fairness': 155.562}
SIM_TRAIN step:13, travel time:1057.3945692256118, q_loss:0.21997446, rewards:-546.6164, queue:34.11302, delay:0.21062769, throughput:2245, raw_metrics:{'fairness': 110.562}
SIM_TRAIN step:14, travel time:802.3221589004359, q_loss:0.11495923, rewards:-383.3894, queue:23.87691, delay:0.2020384, throughput:2626, raw_metrics:{'fairness': 108.312}
SIM_TRAIN step:15, travel time:696.1561139028476, q_loss:0.0680551, rewards:-216.2611, queue:13.360937, delay:0.18762268, throughput:2709, raw_metrics:{'fairness': 78.062}
SIM_TRAIN step:16, travel time:678.4948038887027, q_loss:0.04240916, rewards:-220.33167, queue:13.646007, delay:0.16602701, throughput:2505, raw_metrics:{'fairness': 74.438}
SIM_TRAIN step:17, travel time:660.7143814951392, q_loss:0.026556857, rewards:-206.43332, queue:12.786458, delay:0.15240821, throughput:2417, raw_metrics:{'fairness': 76.938}
REAL_TRAIN step:2, travel time:767.8172980221253, q_loss:100, rewards:-462.75772, queue:28.812326, delay:0.2301186, throughput:1975, R_real:-17.5764, components:{'queue': 1.921, 'delay': 0.0, 'waiting': 0.0, 'pressure': 0.0, 'switches': 0.0, 'emission': 15.656}, raw_metrics:{'fairness': 120.062, 'emission': 3606.637, 'fuel': 1169.244, 'emergency_stops': 43.0, 'collisions': 16.0, 'ssm_conflicts': 2208.0}, grid;w=queue=1.0
SIM_TRAIN step:18, travel time:482.1317465638619, q_loss:0, rewards:-55.6414, queue:3.3163195, delay:0.108664215, throughput:2789, raw_metrics:{'fairness': 76.0}
SIM_TRAIN step:19, travel time:464.88367415353673, q_loss:0, rewards:-52.31722, queue:3.1003473, delay:0.107349, throughput:2798, raw_metrics:{'fairness': 76.625}
SIM_TRAIN step:20, travel time:469.31813610459267, q_loss:0.8875125, rewards:-54.68945, queue:3.2486112, delay:0.10820366, throughput:2810, raw_metrics:{'fairness': 73.625}
SIM_TRAIN step:21, travel time:706.5222929936306, q_loss:0.2284398, rewards:-253.77194, queue:15.734722, delay:0.174863, throughput:2506, raw_metrics:{'fairness': 141.812}
SIM_TRAIN step:22, travel time:925.3657391887361, q_loss:0.10633978, rewards:-392.92084, queue:24.472744, delay:0.20384607, throughput:2374, raw_metrics:{'fairness': 135.25}
SIM_TRAIN step:23, travel time:859.0502849480389, q_loss:0.057268586, rewards:-367.77054, queue:22.901735, delay:0.18378846, throughput:2339, raw_metrics:{'fairness': 124.625}
SIM_TRAIN step:24, travel time:883.6742627345844, q_loss:0.041646168, rewards:-346.80804, queue:21.577084, delay:0.17610112, throughput:2311, raw_metrics:{'fairness': 100.062}
SIM_TRAIN step:25, travel time:869.3494137353434, q_loss:0.03271442, rewards:-405.15308, queue:25.240452, delay:0.16514479, throughput:2249, raw_metrics:{'fairness': 97.375}
SIM_TRAIN step:26, travel time:716.4926273458445, q_loss:0.024690993, rewards:-275.53973, queue:17.108334, delay:0.16224585, throughput:2444, raw_metrics:{'fairness': 108.0}
REAL_TRAIN step:3, travel time:961.2149982800138, q_loss:100, rewards:-632.1811, queue:39.508507, delay:0.1868893, throughput:1490, R_real:-21.9865, components:{'queue': 2.634, 'delay': 0.0, 'waiting': 0.0, 'pressure': 0.0, 'switches': 0.0, 'emission': 19.353}, raw_metrics:{'fairness': 82.75, 'emission': 4350.318, 'fuel': 1410.344, 'emergency_stops': 43.0, 'collisions': 7.0, 'ssm_conflicts': 2114.0}, grid;w=delay=1.0
SIM_TRAIN step:27, travel time:476.74430294906165, q_loss:0, rewards:-53.446114, queue:3.176736, delay:0.10959846, throughput:2794, raw_metrics:{'fairness': 90.0}
SIM_TRAIN step:28, travel time:481.86624203821657, q_loss:0, rewards:-53.51528, queue:3.1796875, delay:0.10528024, throughput:2770, raw_metrics:{'fairness': 96.438}
SIM_TRAIN step:29, travel time:463.7877975192759, q_loss:0.92935026, rewards:-49.77111, queue:2.9361112, delay:0.10697701, throughput:2833, raw_metrics:{'fairness': 60.312}
SIM_TRAIN step:30, travel time:626.8799865906806, q_loss:0.27297926, rewards:-177.40836, queue:10.938194, delay:0.17546003, throughput:2727, raw_metrics:{'fairness': 151.75}
SIM_TRAIN step:31, travel time:629.9674932975871, q_loss:0.25564447, rewards:-187.88666, queue:11.592188, delay:0.17293403, throughput:2602, raw_metrics:{'fairness': 82.688}
SIM_TRAIN step:32, travel time:747.0676943699732, q_loss:0.5990217, rewards:-274.86832, queue:17.07066, delay:0.17536816, throughput:2562, raw_metrics:{'fairness': 70.438}
SIM_TRAIN step:33, travel time:526.6233243967829, q_loss:0.8128547, rewards:-119.9236, queue:7.3279514, delay:0.16871181, throughput:2851, raw_metrics:{'fairness': 63.75}
SIM_TRAIN step:34, travel time:450.692797319933, q_loss:0.6591765, rewards:-80.01889, queue:4.8220487, delay:0.14564955, throughput:2915, raw_metrics:{'fairness': 98.625}
SIM_TRAIN step:35, travel time:490.22862889708347, q_loss:0.54210615, rewards:-80.72, queue:4.8901043, delay:0.12993927, throughput:2725, raw_metrics:{'fairness': 65.688}
REAL_TRAIN step:4, travel time:521.3228293664097, q_loss:100, rewards:-220.39587, queue:13.567187, delay:0.17975299, throughput:2561, R_real:-11.1122, components:{'queue': 0.904, 'delay': 0.0, 'waiting': 0.0, 'pressure': 0.0, 'switches': 0.0, 'emission': 10.208}, raw_metrics:{'fairness': 120.812, 'emission': 2495.514, 'fuel': 809.023, 'emergency_stops': 74.0, 'collisions': 9.0, 'ssm_conflicts': 2144.0}, grid;w=waiting=1.0
SIM_TRAIN step:36, travel time:477.4335008375209, q_loss:0, rewards:-50.530556, queue:2.983507, delay:0.107071444, throughput:2801, raw_metrics:{'fairness': 101.375}
SIM_TRAIN step:37, travel time:482.3540060341938, q_loss:0, rewards:-53.74306, queue:3.1892362, delay:0.10713893, throughput:2797, raw_metrics:{'fairness': 88.312}
SIM_TRAIN step:38, travel time:467.8629815745394, q_loss:0.8484314, rewards:-53.438614, queue:3.167882, delay:0.1065709, throughput:2799, raw_metrics:{'fairness': 76.75}
SIM_TRAIN step:39, travel time:510.34093194770367, q_loss:0.26955298, rewards:-98.19722, queue:5.961458, delay:0.13909306, throughput:2775, raw_metrics:{'fairness': 71.562}
SIM_TRAIN step:40, travel time:491.17934964800537, q_loss:0.14555138, rewards:-91.83056, queue:5.5855904, delay:0.14456381, throughput:2844, raw_metrics:{'fairness': 103.938}
SIM_TRAIN step:41, travel time:446.0572864321608, q_loss:0.12591533, rewards:-80.28027, queue:4.870139, delay:0.14480263, throughput:2910, raw_metrics:{'fairness': 83.125}
SIM_TRAIN step:42, travel time:408.83048576214406, q_loss:0.11545726, rewards:-55.756943, queue:3.3364584, delay:0.128499, throughput:2921, raw_metrics:{'fairness': 47.125}
SIM_TRAIN step:43, travel time:416.683204827355, q_loss:0.10844386, rewards:-51.062782, queue:3.0440972, delay:0.12388229, throughput:2892, raw_metrics:{'fairness': 94.25}
SIM_TRAIN step:44, travel time:399.9249581239531, q_loss:0.10403211, rewards:-57.318333, queue:3.4317708, delay:0.13274288, throughput:2918, raw_metrics:{'fairness': 38.188}
REAL_TRAIN step:5, travel time:438.9326181696279, q_loss:100, rewards:-138.92752, queue:8.479341, delay:0.1830182, throughput:2577, R_real:-9.0168, components:{'queue': 0.565, 'delay': 0.0, 'waiting': 0.0, 'pressure': 0.0, 'switches': 0.0, 'emission': 8.451}, raw_metrics:{'fairness': 78.5, 'emission': 2117.95, 'fuel': 686.619, 'emergency_stops': 63.0, 'collisions': 8.0, 'ssm_conflicts': 1758.0}, grid;w=pressure=1.0
SIM_TRAIN step:45, travel time:476.43565683646113, q_loss:0, rewards:-54.91417, queue:3.2711806, delay:0.1096005, throughput:2792, raw_metrics:{'fairness': 74.438}
SIM_TRAIN step:46, travel time:467.7995306738183, q_loss:0, rewards:-51.397774, queue:3.047396, delay:0.104931474, throughput:2790, raw_metrics:{'fairness': 92.25}
SIM_TRAIN step:47, travel time:467.90378813275225, q_loss:0.8873121, rewards:-54.583893, queue:3.2470486, delay:0.106698595, throughput:2797, raw_metrics:{'fairness': 75.062}
SIM_TRAIN step:48, travel time:627.2433791485082, q_loss:0.20677249, rewards:-214.85777, queue:13.299827, delay:0.16543522, throughput:2669, raw_metrics:{'fairness': 127.0}
SIM_TRAIN step:49, travel time:919.5363727790815, q_loss:0.07071503, rewards:-431.91693, queue:26.968056, delay:0.18851231, throughput:2182, raw_metrics:{'fairness': 115.188}
SIM_TRAIN step:50, travel time:1179.649128686327, q_loss:0.053846836, rewards:-582.7473, queue:36.435936, delay:0.22510134, throughput:1854, raw_metrics:{'fairness': 117.875}
SIM_TRAIN step:51, travel time:1217.0643647334898, q_loss:0.050556418, rewards:-653.8214, queue:40.877083, delay:0.24172388, throughput:1934, raw_metrics:{'fairness': 105.688}
SIM_TRAIN step:52, travel time:1207.8498156218573, q_loss:0.04803542, rewards:-691.04846, queue:43.216145, delay:0.23762152, throughput:2088, raw_metrics:{'fairness': 131.562}
SIM_TRAIN step:53, travel time:1159.8471849865953, q_loss:0.9808092, rewards:-655.5492, queue:40.983852, delay:0.24294586, throughput:2155, raw_metrics:{'fairness': 131.625}
REAL_TRAIN step:6, travel time:1349.9876203576341, q_loss:100, rewards:-980.6967, queue:61.42257, delay:0.30679402, throughput:899, R_real:-31.6853, components:{'queue': 4.095, 'delay': 0.0, 'waiting': 0.0, 'pressure': 0.0, 'switches': 0.0, 'emission': 27.59}, raw_metrics:{'fairness': 120.688, 'emission': 6061.773, 'fuel': 1965.19, 'emergency_stops': 13.0, 'collisions': 8.0, 'ssm_conflicts': 2227.0}, grid;w=switches=1.0
SIM_TRAIN step:54, travel time:465.34830707341604, q_loss:0, rewards:-50.02778, queue:2.952604, delay:0.10792724, throughput:2804, raw_metrics:{'fairness': 78.75}
SIM_TRAIN step:55, travel time:473.5963794837412, q_loss:0, rewards:-53.531956, queue:3.1848958, delay:0.10867696, throughput:2798, raw_metrics:{'fairness': 59.938}
SIM_TRAIN step:56, travel time:483.79892761394103, q_loss:0.8957859, rewards:-56.81251, queue:3.3746529, delay:0.10861821, throughput:2784, raw_metrics:{'fairness': 69.188}
SIM_TRAIN step:57, travel time:759.3107609788804, q_loss:0.26737043, rewards:-301.1664, queue:18.72118, delay:0.17585786, throughput:2367, raw_metrics:{'fairness': 90.188}
SIM_TRAIN step:58, travel time:872.1065683646112, q_loss:0.18427975, rewards:-366.02747, queue:22.790798, delay:0.2023192, throughput:2475, raw_metrics:{'fairness': 134.75}
SIM_TRAIN step:59, travel time:931.918538384177, q_loss:0.0824272, rewards:-385.2911, queue:24.003298, delay:0.1739066, throughput:2171, raw_metrics:{'fairness': 96.312}
SIM_TRAIN step:60, travel time:892.447871270533, q_loss:0.041757636, rewards:-376.69498, queue:23.45191, delay:0.181753, throughput:2373, raw_metrics:{'fairness': 129.25}
SIM_TRAIN step:61, travel time:822.2851876675603, q_loss:0.026379872, rewards:-359.73996, queue:22.379862, delay:0.16870137, throughput:2388, raw_metrics:{'fairness': 79.312}
SIM_TRAIN step:62, travel time:727.9135678391959, q_loss:0.018819988, rewards:-271.5325, queue:16.871181, delay:0.16160159, throughput:2427, raw_metrics:{'fairness': 64.625}
REAL_TRAIN step:7, travel time:1250.0811419984973, q_loss:100, rewards:-804.95026, queue:50.34462, delay:0.2319919, throughput:1092, R_real:-26.5984, components:{'queue': 3.356, 'delay': 0.0, 'waiting': 0.0, 'pressure': 0.0, 'switches': 0.0, 'emission': 23.242}, raw_metrics:{'fairness': 72.625, 'emission': 5143.661, 'fuel': 1667.542, 'emergency_stops': 28.0, 'collisions': 6.0, 'ssm_conflicts': 2123.0}, grid;w=queue=0.5;delay=0.5
SIM_TRAIN step:63, travel time:462.8548927613941, q_loss:0, rewards:-49.806118, queue:2.9456596, delay:0.10664533, throughput:2818, raw_metrics:{'fairness': 63.062}
SIM_TRAIN step:64, travel time:463.48944016091184, q_loss:0, rewards:-52.472504, queue:3.1125, delay:0.10731942, throughput:2787, raw_metrics:{'fairness': 81.875}
SIM_TRAIN step:65, travel time:483.64197116996314, q_loss:0.95676595, rewards:-58.0611, queue:3.4564235, delay:0.110103205, throughput:2794, raw_metrics:{'fairness': 79.125}
SIM_TRAIN step:66, travel time:651.0073726541555, q_loss:0.28416488, rewards:-191.1589, queue:11.792361, delay:0.17953716, throughput:2674, raw_metrics:{'fairness': 133.625}
SIM_TRAIN step:67, travel time:690.0331769436997, q_loss:0.18930683, rewards:-213.71638, queue:13.231597, delay:0.18312599, throughput:2644, raw_metrics:{'fairness': 107.875}
SIM_TRAIN step:68, travel time:750.1709688233323, q_loss:0.17544578, rewards:-240.01836, queue:14.882639, delay:0.16113122, throughput:2420, raw_metrics:{'fairness': 110.875}
SIM_TRAIN step:69, travel time:629.6437667560322, q_loss:0.16509916, rewards:-174.3917, queue:10.756424, delay:0.16655152, throughput:2779, raw_metrics:{'fairness': 100.062}
SIM_TRAIN step:70, travel time:511.24832439678283, q_loss:0.12681268, rewards:-118.52667, queue:7.2439237, delay:0.1501816, throughput:2826, raw_metrics:{'fairness': 67.062}
SIM_TRAIN step:71, travel time:431.7381830372109, q_loss:0.10788869, rewards:-73.61805, queue:4.4355903, delay:0.14034934, throughput:2872, raw_metrics:{'fairness': 99.0}
REAL_TRAIN step:8, travel time:938.6600441501104, q_loss:100, rewards:-554.9083, queue:34.609028, delay:0.19857599, throughput:1535, R_real:-19.9158, components:{'queue': 2.307, 'delay': 0.0, 'waiting': 0.0, 'pressure': 0.0, 'switches': 0.0, 'emission': 17.609}, raw_metrics:{'fairness': 108.938, 'emission': 3979.846, 'fuel': 1290.238, 'emergency_stops': 52.0, 'collisions': 8.0, 'ssm_conflicts': 2091.0}, grid;w=queue=0.5;waiting=0.5
SIM_TRAIN step:72, travel time:454.8501508548441, q_loss:0, rewards:-49.53444, queue:2.932118, delay:0.10444882, throughput:2817, raw_metrics:{'fairness': 59.812}
SIM_TRAIN step:73, travel time:478.2844221105528, q_loss:0, rewards:-53.823895, queue:3.1934028, delay:0.108962566, throughput:2789, raw_metrics:{'fairness': 74.5}
SIM_TRAIN step:74, travel time:443.83109919571046, q_loss:0.8625072, rewards:-47.839455, queue:2.8175347, delay:0.106240705, throughput:2825, raw_metrics:{'fairness': 76.0}
SIM_TRAIN step:75, travel time:543.6089142091153, q_loss:0.22964679, rewards:-144.61029, queue:8.872569, delay:0.16120777, throughput:2837, raw_metrics:{'fairness': 92.5}
SIM_TRAIN step:76, travel time:628.8303721086155, q_loss:0.10805236, rewards:-227.42274, queue:14.072743, delay:0.1811893, throughput:2809, raw_metrics:{'fairness': 133.875}
SIM_TRAIN step:77, travel time:479.515923566879, q_loss:0.08948623, rewards:-116.37333, queue:7.114236, delay:0.16115387, throughput:2905, raw_metrics:{'fairness': 55.5}
SIM_TRAIN step:78, travel time:472.1713040563191, q_loss:0.068285264, rewards:-102.90222, queue:6.2671876, delay:0.15122814, throughput:2893, raw_metrics:{'fairness': 72.375}
SIM_TRAIN step:79, travel time:414.38760469011726, q_loss:0.05895802, rewards:-71.75389, queue:4.3375, delay:0.14142996, throughput:2906, raw_metrics:{'fairness': 92.375}
SIM_TRAIN step:80, travel time:413.64343163538877, q_loss:0.05191595, rewards:-69.311386, queue:4.177257, delay:0.13855842, throughput:2923, raw_metrics:{'fairness': 55.0}
REAL_TRAIN step:9, travel time:584.9430103922226, q_loss:100, rewards:-273.99115, queue:16.978645, delay:0.1900149, throughput:2289, R_real:-12.7806, components:{'queue': 1.132, 'delay': 0.0, 'waiting': 0.0, 'pressure': 0.0, 'switches': 0.0, 'emission': 11.649}, raw_metrics:{'fairness': 90.125, 'emission': 2776.672, 'fuel': 900.174, 'emergency_stops': 54.0, 'collisions': 8.0, 'ssm_conflicts': 1858.0}, grid;w=queue=0.5;pressure=0.5
SIM_TRAIN step:81, travel time:480.13409319477034, q_loss:0, rewards:-56.766663, queue:3.3748264, delay:0.10958555, throughput:2774, raw_metrics:{'fairness': 108.062}
SIM_TRAIN step:82, travel time:481.1118927973199, q_loss:0, rewards:-54.71001, queue:3.2557292, delay:0.106751494, throughput:2769, raw_metrics:{'fairness': 74.938}
SIM_TRAIN step:83, travel time:475.3029490616622, q_loss:0.89952314, rewards:-57.718056, queue:3.4371529, delay:0.1055589, throughput:2771, raw_metrics:{'fairness': 69.062}
SIM_TRAIN step:84, travel time:725.1153201475025, q_loss:0.1701682, rewards:-272.25552, queue:16.890799, delay:0.17637312, throughput:2616, raw_metrics:{'fairness': 88.562}
SIM_TRAIN step:85, travel time:773.868923902112, q_loss:0.060215686, rewards:-277.9258, queue:17.286459, delay:0.19663006, throughput:2542, raw_metrics:{'fairness': 107.875}
SIM_TRAIN step:86, travel time:896.4508883674154, q_loss:0.12235451, rewards:-456.335, queue:28.484896, delay:0.23475663, throughput:2481, raw_metrics:{'fairness': 137.688}
SIM_TRAIN step:87, travel time:937.5, q_loss:0.030188316, rewards:-497.5355, queue:31.064756, delay:0.23640789, throughput:2412, raw_metrics:{'fairness': 141.188}
SIM_TRAIN step:88, travel time:992.922896413007, q_loss:0.018891651, rewards:-481.2725, queue:30.026909, delay:0.23387966, throughput:2412, raw_metrics:{'fairness': 144.438}
SIM_TRAIN step:89, travel time:973.4433646112601, q_loss:0.018253753, rewards:-479.92023, queue:29.955729, delay:0.2531462, throughput:2444, raw_metrics:{'fairness': 189.25}
REAL_TRAIN step:10, travel time:1235.3599424667386, q_loss:100, rewards:-818.96027, queue:51.2559, delay:0.3004852, throughput:1161, R_real:-27.4856, components:{'queue': 3.417, 'delay': 0.0, 'waiting': 0.0, 'pressure': 0.0, 'switches': 0.0, 'emission': 24.069}, raw_metrics:{'fairness': 163.438, 'emission': 5331.496, 'fuel': 1728.436, 'emergency_stops': 19.0, 'collisions': 11.0, 'ssm_conflicts': 2120.0}, grid;w=queue=0.5;switches=0.5
SIM_TRAIN step:90, travel time:456.65906805229633, q_loss:0, rewards:-51.825554, queue:3.0694444, delay:0.10820999, throughput:2809, raw_metrics:{'fairness': 58.812}
SIM_TRAIN step:91, travel time:483.06537043245055, q_loss:0, rewards:-59.442513, queue:3.5546875, delay:0.10782064, throughput:2762, raw_metrics:{'fairness': 49.562}
SIM_TRAIN step:92, travel time:466.84584450402144, q_loss:0.92938024, rewards:-56.18056, queue:3.335764, delay:0.108648166, throughput:2802, raw_metrics:{'fairness': 82.0}
SIM_TRAIN step:93, travel time:612.6278913845123, q_loss:0.24149951, rewards:-171.62057, queue:10.568229, delay:0.17637779, throughput:2715, raw_metrics:{'fairness': 96.438}
SIM_TRAIN step:94, travel time:767.8271935699933, q_loss:0.15867193, rewards:-245.02165, queue:15.192014, delay:0.18105476, throughput:2427, raw_metrics:{'fairness': 91.375}
SIM_TRAIN step:95, travel time:754.0324958123953, q_loss:0.18526252, rewards:-283.0789, queue:17.60573, delay:0.17272256, throughput:2479, raw_metrics:{'fairness': 95.312}
SIM_TRAIN step:96, travel time:688.9554140127389, q_loss:0.202801, rewards:-184.48277, queue:11.415451, delay:0.15456846, throughput:2652, raw_metrics:{'fairness': 96.812}
SIM_TRAIN step:97, travel time:538.8645658732819, q_loss:0.19249764, rewards:-115.55693, queue:7.0652776, delay:0.14357199, throughput:2737, raw_metrics:{'fairness': 87.688}
SIM_TRAIN step:98, travel time:507.10321715817696, q_loss:0.18260841, rewards:-115.99167, queue:7.105382, delay:0.13671462, throughput:2796, raw_metrics:{'fairness': 88.375}
REAL_TRAIN step:11, travel time:869.9258496395469, q_loss:100, rewards:-544.2283, queue:33.909374, delay:0.18071862, throughput:1846, R_real:-19.6798, components:{'queue': 2.261, 'delay': 0.0, 'waiting': 0.0, 'pressure': 0.0, 'switches': 0.0, 'emission': 17.419}, raw_metrics:{'fairness': 71.188, 'emission': 3970.201, 'fuel': 1287.11, 'emergency_stops': 42.0, 'collisions': 6.0, 'ssm_conflicts': 2127.0}, grid;w=delay=0.5;waiting=0.5
SIM_TRAIN step:99, travel time:475.5749245725779, q_loss:0, rewards:-52.88166, queue:3.1302083, delay:0.109364025, throughput:2797, raw_metrics:{'fairness': 57.625}
SIM_TRAIN step:100, travel time:480.3609249329759, q_loss:0, rewards:-55.44667, queue:3.2881944, delay:0.109820865, throughput:2772, raw_metrics:{'fairness': 135.25}
SIM_TRAIN step:101, travel time:474.514745308311, q_loss:0.86877173, rewards:-56.330833, queue:3.3524306, delay:0.107524216, throughput:2773, raw_metrics:{'fairness': 101.625}
SIM_TRAIN step:102, travel time:543.2925603217158, q_loss:0.2016864, rewards:-128.9375, queue:7.8864584, delay:0.16202977, throughput:2857, raw_metrics:{'fairness': 151.125}
SIM_TRAIN step:103, travel time:546.7804223935635, q_loss:0.07696297, rewards:-157.7175, queue:9.707465, delay:0.16829942, throughput:2894, raw_metrics:{'fairness': 33.75}
SIM_TRAIN step:104, travel time:452.1001675041876, q_loss:0.067654565, rewards:-107.09752, queue:6.5510416, delay:0.15157403, throughput:2916, raw_metrics:{'fairness': 94.688}
SIM_TRAIN step:105, travel time:427.3491957104558, q_loss:0.06365482, rewards:-77.67945, queue:4.700868, delay:0.14227271, throughput:2925, raw_metrics:{'fairness': 73.5}
SIM_TRAIN step:106, travel time:434.54758713136727, q_loss:0.057973612, rewards:-74.38944, queue:4.5131946, delay:0.13955675, throughput:2917, raw_metrics:{'fairness': 82.938}
SIM_TRAIN step:107, travel time:399.90110626885684, q_loss:0.052078098, rewards:-63.176388, queue:3.8059027, delay:0.13207953, throughput:2925, raw_metrics:{'fairness': 127.938}
REAL_TRAIN step:12, travel time:496.28863560174324, q_loss:100, rewards:-194.91194, queue:11.988889, delay:0.17421627, throughput:2455, R_real:-10.5211, components:{'queue': 0.799, 'delay': 0.0, 'waiting': 0.0, 'pressure': 0.0, 'switches': 0.0, 'emission': 9.722}, raw_metrics:{'fairness': 94.688, 'emission': 2377.508, 'fuel': 770.767, 'emergency_stops': 57.0, 'collisions': 4.0, 'ssm_conflicts': 1847.0}, grid;w=delay=0.5;pressure=0.5
SIM_TRAIN step:108, travel time:476.6363941018767, q_loss:0, rewards:-56.002495, queue:3.3296876, delay:0.1073393, throughput:2779, raw_metrics:{'fairness': 81.5}
SIM_TRAIN step:109, travel time:474.62420382165607, q_loss:0, rewards:-53.19944, queue:3.1628473, delay:0.10746102, throughput:2789, raw_metrics:{'fairness': 82.062}
SIM_TRAIN step:110, travel time:479.19839142091155, q_loss:0.88498133, rewards:-56.625553, queue:3.365625, delay:0.10830113, throughput:2799, raw_metrics:{'fairness': 102.938}
SIM_TRAIN step:111, travel time:585.3139028475712, q_loss:0.18045226, rewards:-170.2075, queue:10.471528, delay:0.15938233, throughput:2808, raw_metrics:{'fairness': 82.438}
SIM_TRAIN step:112, travel time:829.2815957090178, q_loss:0.04058145, rewards:-287.99884, queue:17.918577, delay:0.17839529, throughput:2378, raw_metrics:{'fairness': 93.625}
SIM_TRAIN step:113, travel time:1043.0358699296012, q_loss:0.02680522, rewards:-508.05252, queue:31.726215, delay:0.20817897, throughput:2019, raw_metrics:{'fairness': 96.438}
SIM_TRAIN step:114, travel time:1127.1884009386524, q_loss:0.023868969, rewards:-624.95496, queue:39.05764, delay:0.2119998, throughput:2023, raw_metrics:{'fairness': 91.5}
SIM_TRAIN step:115, travel time:1093.2423734495474, q_loss:0.019061157, rewards:-598.58496, queue:37.416668, delay:0.21685469, throughput:2009, raw_metrics:{'fairness': 124.75}
SIM_TRAIN step:116, travel time:1137.602748910493, q_loss:0.015645964, rewards:-621.58527, queue:38.86597, delay:0.2093856, throughput:1894, raw_metrics:{'fairness': 91.0}
REAL_TRAIN step:13, travel time:1360.3406593406594, q_loss:100, rewards:-880.1981, queue:55.085762, delay:0.2750128, throughput:985, R_real:-28.8239, components:{'queue': 3.672, 'delay': 0.0, 'waiting': 0.0, 'pressure': 0.0, 'switches': 0.0, 'emission': 25.151}, raw_metrics:{'fairness': 122.0, 'emission': 5546.981, 'fuel': 1798.297, 'emergency_stops': 19.0, 'collisions': 5.0, 'ssm_conflicts': 1833.0}, grid;w=delay=0.5;switches=0.5
SIM_TRAIN step:117, travel time:465.10828025477707, q_loss:0, rewards:-54.83612, queue:3.264757, delay:0.10547691, throughput:2795, raw_metrics:{'fairness': 105.125}
SIM_TRAIN step:118, travel time:470.4292895442359, q_loss:0, rewards:-57.71139, queue:3.4418402, delay:0.1072911, throughput:2772, raw_metrics:{'fairness': 44.375}
SIM_TRAIN step:119, travel time:483.1123030506202, q_loss:0.8550987, rewards:-55.672222, queue:3.3081598, delay:0.10983465, throughput:2797, raw_metrics:{'fairness': 82.938}
SIM_TRAIN step:120, travel time:525.9899430103923, q_loss:0.22637448, rewards:-120.618904, queue:7.360417, delay:0.16039883, throughput:2878, raw_metrics:{'fairness': 105.688}
SIM_TRAIN step:121, travel time:512.27589674824, q_loss:0.10444965, rewards:-133.44083, queue:8.172049, delay:0.16337202, throughput:2911, raw_metrics:{'fairness': 101.125}
SIM_TRAIN step:122, travel time:448.9638069705094, q_loss:0.114587225, rewards:-100.91669, queue:6.1657987, delay:0.14577933, throughput:2912, raw_metrics:{'fairness': 54.562}
SIM_TRAIN step:123, travel time:427.3312101910828, q_loss:0.102564916, rewards:-61.91834, queue:3.715625, delay:0.13630785, throughput:2921, raw_metrics:{'fairness': 42.812}
SIM_TRAIN step:124, travel time:403.9483741200134, q_loss:0.08037873, rewards:-58.06111, queue:3.4711804, delay:0.1326312, throughput:2925, raw_metrics:{'fairness': 61.438}
SIM_TRAIN step:125, travel time:384.6855514582635, q_loss:0.07526349, rewards:-48.608887, queue:2.897743, delay:0.12529293, throughput:2921, raw_metrics:{'fairness': 123.75}
REAL_TRAIN step:14, travel time:416.7763995977204, q_loss:100, rewards:-117.82222, queue:7.1567707, delay:0.18145281, throughput:2628, R_real:-8.4452, components:{'queue': 0.477, 'delay': 0.0, 'waiting': 0.0, 'pressure': 0.0, 'switches': 0.0, 'emission': 7.968}, raw_metrics:{'fairness': 104.75, 'emission': 2019.938, 'fuel': 654.844, 'emergency_stops': 58.0, 'collisions': 8.0, 'ssm_conflicts': 1851.0}, grid;w=waiting=0.5;pressure=0.5
SIM_TRAIN step:126, travel time:464.1025469168901, q_loss:0, rewards:-57.02972, queue:3.4001737, delay:0.10767038, throughput:2792, raw_metrics:{'fairness': 99.625}
SIM_TRAIN step:127, travel time:488.21500334896183, q_loss:0, rewards:-56.601944, queue:3.375, delay:0.10960932, throughput:2772, raw_metrics:{'fairness': 65.562}
SIM_TRAIN step:128, travel time:470.8867671691792, q_loss:0.9075475, rewards:-51.121105, queue:3.0296874, delay:0.10577031, throughput:2809, raw_metrics:{'fairness': 55.938}
SIM_TRAIN step:129, travel time:553.494638069705, q_loss:0.1754572, rewards:-122.18085, queue:7.461458, delay:0.15178451, throughput:2759, raw_metrics:{'fairness': 126.25}
SIM_TRAIN step:130, travel time:556.987273945077, q_loss:0.038983304, rewards:-114.896965, queue:7.0333333, delay:0.15845469, throughput:2769, raw_metrics:{'fairness': 102.5}
SIM_TRAIN step:131, travel time:570.6661079450217, q_loss:0.036748372, rewards:-133.9786, queue:8.254687, delay:0.15544875, throughput:2739, raw_metrics:{'fairness': 111.875}
SIM_TRAIN step:132, travel time:585.846128059001, q_loss:0.05045199, rewards:-143.64383, queue:8.875868, delay:0.15509951, throughput:2614, raw_metrics:{'fairness': 83.625}
SIM_TRAIN step:133, travel time:551.325846463292, q_loss:0.06052843, rewards:-128.70497, queue:7.936111, delay:0.1608384, throughput:2734, raw_metrics:{'fairness': 124.375}
SIM_TRAIN step:134, travel time:532.796848809923, q_loss:0.054756857, rewards:-113.080536, queue:6.954167, delay:0.1579455, throughput:2752, raw_metrics:{'fairness': 86.562}
REAL_TRAIN step:15, travel time:663.7772877618522, q_loss:100, rewards:-316.14835, queue:19.690104, delay:0.2069427, throughput:2079, R_real:-13.4788, components:{'queue': 1.313, 'delay': 0.0, 'waiting': 0.0, 'pressure': 0.0, 'switches': 0.0, 'emission': 12.166}, raw_metrics:{'fairness': 108.188, 'emission': 2862.002, 'fuel': 927.839, 'emergency_stops': 22.0, 'collisions': 5.0, 'ssm_conflicts': 1722.0}, grid;w=waiting=0.5;switches=0.5
SIM_TRAIN step:135, travel time:488.65940328528325, q_loss:0, rewards:-60.854168, queue:3.6425347, delay:0.10848342, throughput:2752, raw_metrics:{'fairness': 71.625}
SIM_TRAIN step:136, travel time:465.9738605898123, q_loss:0, rewards:-55.407497, queue:3.2925348, delay:0.10859956, throughput:2794, raw_metrics:{'fairness': 39.562}
SIM_TRAIN step:137, travel time:478.0073751257124, q_loss:0.8557545, rewards:-51.990005, queue:3.078125, delay:0.10736872, throughput:2805, raw_metrics:{'fairness': 90.375}
SIM_TRAIN step:138, travel time:465.8646112600536, q_loss:0.2027616, rewards:-85.220825, queue:5.1484375, delay:0.14257869, throughput:2902, raw_metrics:{'fairness': 94.0}
SIM_TRAIN step:139, travel time:427.1709688233322, q_loss:0.07357083, rewards:-68.5139, queue:4.1255207, delay:0.13748159, throughput:2923, raw_metrics:{'fairness': 71.562}
SIM_TRAIN step:140, travel time:423.1485082132082, q_loss:0.062285423, rewards:-86.88335, queue:5.305382, delay:0.15081424, throughput:2906, raw_metrics:{'fairness': 55.812}
SIM_TRAIN step:141, travel time:439.4343163538874, q_loss:0.052995432, rewards:-88.10917, queue:5.38125, delay:0.16307588, throughput:2903, raw_metrics:{'fairness': 91.875}
SIM_TRAIN step:142, travel time:443.7657506702413, q_loss:0.046714343, rewards:-96.16083, queue:5.889236, delay:0.17115206, throughput:2915, raw_metrics:{'fairness': 122.375}
SIM_TRAIN step:143, travel time:418.16649916247906, q_loss:0.043290477, rewards:-81.56861, queue:4.9755206, delay:0.16903599, throughput:2912, raw_metrics:{'fairness': 120.688}
REAL_TRAIN step:16, travel time:618.3413886997957, q_loss:100, rewards:-308.12106, queue:19.190798, delay:0.23889165, throughput:2129, R_real:-13.5396, components:{'queue': 1.279, 'delay': 0.0, 'waiting': 0.0, 'pressure': 0.0, 'switches': 0.0, 'emission': 12.26}, raw_metrics:{'fairness': 136.625, 'emission': 2888.634, 'fuel': 936.472, 'emergency_stops': 35.0, 'collisions': 9.0, 'ssm_conflicts': 1863.0}, grid;w=pressure=0.5;switches=0.5
SIM_TRAIN step:144, travel time:445.6503683858004, q_loss:0, rewards:-57.765564, queue:3.4413195, delay:0.1251986, throughput:2854, raw_metrics:{'fairness': 124.312}
SIM_TRAIN step:145, travel time:465.125, q_loss:0, rewards:-60.64695, queue:3.6154513, delay:0.1208674, throughput:2815, raw_metrics:{'fairness': 101.438}
REAL_TRAIN step:18, travel time:416.7763995977204, q_loss:100, rewards:-117.82222, queue:7.1567707, delay:0.18145281, throughput:2628, R_real:-8.4452, components:{'queue': 0.477, 'delay': 0.0, 'waiting': 0.0, 'pressure': 0.0, 'switches': 0.0, 'emission': 7.968}, raw_metrics:{'fairness': 104.75, 'emission': 2019.938, 'fuel': 654.844, 'emergency_stops': 58.0, 'collisions': 8.0, 'ssm_conflicts': 1851.0}, refine;w=waiting=0.5;pressure=0.5;ckpt2
SIM_TRAIN step:146, travel time:478.83785594639863, q_loss:0.05424554, rewards:-61.128338, queue:3.6539931, delay:0.12194983, throughput:2824, raw_metrics:{'fairness': 57.625}
SIM_TRAIN step:147, travel time:392.88467985249747, q_loss:0.03590895, rewards:-57.35444, queue:3.4284723, delay:0.1339436, throughput:2929, raw_metrics:{'fairness': 59.125}
REAL_TRAIN step:20, travel time:469.42775729131745, q_loss:100, rewards:-164.51279, queue:10.092014, delay:0.18652801, throughput:2541, R_real:-9.7952, components:{'queue': 0.673, 'delay': 0.0, 'waiting': 0.0, 'pressure': 0.0, 'switches': 0.0, 'emission': 9.122}, raw_metrics:{'fairness': 100.0, 'emission': 2259.328, 'fuel': 732.454, 'emergency_stops': 64.0, 'collisions': 10.0, 'ssm_conflicts': 1896.0}, refine;w=waiting=0.5;pressure=0.5;ckpt4
SIM_TRAIN step:148, travel time:390.1675603217158, q_loss:0.031629413, rewards:-55.122776, queue:3.297743, delay:0.13037927, throughput:2920, raw_metrics:{'fairness': 58.125}
SIM_TRAIN step:149, travel time:380.64197116996314, q_loss:0.030250017, rewards:-47.43945, queue:2.8105903, delay:0.12129926, throughput:2925, raw_metrics:{'fairness': 77.125}
REAL_TRAIN step:22, travel time:498.3804054054054, q_loss:100, rewards:-208.09528, queue:12.838368, delay:0.1656043, throughput:2374, R_real:-10.5676, components:{'queue': 0.856, 'delay': 0.0, 'waiting': 0.0, 'pressure': 0.0, 'switches': 0.0, 'emission': 9.712}, raw_metrics:{'fairness': 93.562, 'emission': 2366.367, 'fuel': 767.155, 'emergency_stops': 60.0, 'collisions': 8.0, 'ssm_conflicts': 1946.0}, refine;w=waiting=0.5;pressure=0.5;ckpt6
SIM_TRAIN step:150, travel time:375.1592356687898, q_loss:0.027185928, rewards:-46.702225, queue:2.769618, delay:0.12346012, throughput:2921, raw_metrics:{'fairness': 80.812}
SIM_TRAIN step:151, travel time:374.1414683204827, q_loss:0.026486935, rewards:-46.142773, queue:2.7331598, delay:0.121842936, throughput:2927, raw_metrics:{'fairness': 81.688}
REAL_TRAIN step:24, travel time:630.8850150854844, q_loss:100, rewards:-334.39252, queue:20.7875, delay:0.18705179, throughput:2085, R_real:-14.0616, components:{'queue': 1.386, 'delay': 0.0, 'waiting': 0.0, 'pressure': 0.0, 'switches': 0.0, 'emission': 12.676}, raw_metrics:{'fairness': 99.875, 'emission': 2976.407, 'fuel': 964.928, 'emergency_stops': 49.0, 'collisions': 9.0, 'ssm_conflicts': 1912.0}, refine;w=waiting=0.5;pressure=0.5;ckpt8
SIM_TRAIN step:152, travel time:374.3780160857909, q_loss:0.02615224, rewards:-45.413887, queue:2.6901042, delay:0.12270973, throughput:2926, raw_metrics:{'fairness': 73.125}
SIM_TRAIN step:153, travel time:377.3736595174263, q_loss:0.025717467, rewards:-45.458332, queue:2.683854, delay:0.12193664, throughput:2925, raw_metrics:{'fairness': 76.0}
REAL_TRAIN step:26, travel time:411.8478042239356, q_loss:100, rewards:-116.3625, queue:7.057639, delay:0.17128168, throughput:2610, R_real:-8.3310, components:{'queue': 0.471, 'delay': 0.0, 'waiting': 0.0, 'pressure': 0.0, 'switches': 0.0, 'emission': 7.86}, raw_metrics:{'fairness': 76.5, 'emission': 1994.963, 'fuel': 646.748, 'emergency_stops': 59.0, 'collisions': 11.0, 'ssm_conflicts': 1825.0}, refine;w=waiting=0.5;pressure=0.5;ckpt10
SIM_TRAIN step:154, travel time:372.32785786121354, q_loss:0.025465945, rewards:-44.07306, queue:2.6095486, delay:0.1183615, throughput:2924, raw_metrics:{'fairness': 56.688}
SIM_TRAIN step:155, travel time:376.37043245055315, q_loss:0.024712887, rewards:-47.091385, queue:2.7904513, delay:0.121441536, throughput:2925, raw_metrics:{'fairness': 78.875}
REAL_TRAIN step:28, travel time:538.3208179684881, q_loss:100, rewards:-237.36415, queue:14.658681, delay:0.17340952, throughput:2400, R_real:-11.5829, components:{'queue': 0.977, 'delay': 0.0, 'waiting': 0.0, 'pressure': 0.0, 'switches': 0.0, 'emission': 10.606}, raw_metrics:{'fairness': 89.562, 'emission': 2563.509, 'fuel': 831.068, 'emergency_stops': 68.0, 'collisions': 9.0, 'ssm_conflicts': 1805.0}, refine;w=waiting=0.5;pressure=0.5;ckpt12
SIM_TRAIN step:156, travel time:367.53234998323836, q_loss:0.024180342, rewards:-41.33694, queue:2.4501736, delay:0.115743235, throughput:2921, raw_metrics:{'fairness': 64.062}
SIM_TRAIN step:157, travel time:372.1098827470687, q_loss:0.024623293, rewards:-44.421116, queue:2.632639, delay:0.120752715, throughput:2926, raw_metrics:{'fairness': 75.125}
REAL_TRAIN step:30, travel time:404.76399597720416, q_loss:100, rewards:-110.94722, queue:6.6961803, delay:0.1774186, throughput:2657, R_real:-8.1423, components:{'queue': 0.446, 'delay': 0.0, 'waiting': 0.0, 'pressure': 0.0, 'switches': 0.0, 'emission': 7.696}, raw_metrics:{'fairness': 118.312, 'emission': 1964.572, 'fuel': 636.895, 'emergency_stops': 77.0, 'collisions': 3.0, 'ssm_conflicts': 1864.0}, refine;w=waiting=0.5;pressure=0.5;ckpt14
SIM_TRAIN step:158, travel time:370.32417029835733, q_loss:0.024055442, rewards:-43.19111, queue:2.5550346, delay:0.11866535, throughput:2926, raw_metrics:{'fairness': 54.875}
SIM_TRAIN step:159, travel time:371.70097217566206, q_loss:0.022507032, rewards:-43.467224, queue:2.5765624, delay:0.11994635, throughput:2925, raw_metrics:{'fairness': 46.5}
REAL_TRAIN step:32, travel time:419.56319141803556, q_loss:100, rewards:-125.83086, queue:7.6371527, delay:0.17073938, throughput:2615, R_real:-8.5386, components:{'queue': 0.509, 'delay': 0.0, 'waiting': 0.0, 'pressure': 0.0, 'switches': 0.0, 'emission': 8.029}, raw_metrics:{'fairness': 84.625, 'emission': 2031.296, 'fuel': 658.527, 'emergency_stops': 65.0, 'collisions': 13.0, 'ssm_conflicts': 1876.0}, refine;w=waiting=0.5;pressure=0.5;ckpt16
SIM_TRAIN step:160, travel time:378.6894472361809, q_loss:0.024573315, rewards:-47.713055, queue:2.8293402, delay:0.12448826, throughput:2924, raw_metrics:{'fairness': 90.125}
SIM_TRAIN step:161, travel time:368.7711126005362, q_loss:0.024745105, rewards:-43.448605, queue:2.5703125, delay:0.11828324, throughput:2928, raw_metrics:{'fairness': 107.562}
REAL_TRAIN step:34, travel time:396.53905464297685, q_loss:100, rewards:-102.93418, queue:6.2043405, delay:0.16180083, throughput:2651, R_real:-7.9376, components:{'queue': 0.414, 'delay': 0.0, 'waiting': 0.0, 'pressure': 0.0, 'switches': 0.0, 'emission': 7.524}, raw_metrics:{'fairness': 124.812, 'emission': 1926.085, 'fuel': 624.418, 'emergency_stops': 68.0, 'collisions': 8.0, 'ssm_conflicts': 1854.0}, refine;w=waiting=0.5;pressure=0.5;ckpt18
SIM_TRAIN step:162, travel time:370.44087102177554, q_loss:0.02499684, rewards:-43.49361, queue:2.5762153, delay:0.11704779, throughput:2925, raw_metrics:{'fairness': 95.688}
SIM_TRAIN step:163, travel time:377.4896112600536, q_loss:0.025683474, rewards:-44.071663, queue:2.6128473, delay:0.120297804, throughput:2921, raw_metrics:{'fairness': 94.312}
REAL_TRAIN step:36, travel time:499.14448541736505, q_loss:100, rewards:-194.5214, queue:11.976215, delay:0.18488322, throughput:2429, R_real:-10.5758, components:{'queue': 0.798, 'delay': 0.0, 'waiting': 0.0, 'pressure': 0.0, 'switches': 0.0, 'emission': 9.777}, raw_metrics:{'fairness': 142.438, 'emission': 2388.187, 'fuel': 774.229, 'emergency_stops': 60.0, 'collisions': 8.0, 'ssm_conflicts': 1769.0}, refine;w=waiting=0.5;pressure=0.5;ckpt20
SIM_TRAIN step:164, travel time:372.3353433835846, q_loss:0.023163978, rewards:-43.6525, queue:2.5803819, delay:0.11867924, throughput:2925, raw_metrics:{'fairness': 57.562}
SIM_TRAIN step:165, travel time:372.54189008042897, q_loss:0.023623936, rewards:-44.3275, queue:2.6253471, delay:0.11982792, throughput:2924, raw_metrics:{'fairness': 85.125}
REAL_TRAIN step:38, travel time:549.3952396915856, q_loss:100, rewards:-250.80336, queue:15.520486, delay:0.17239289, throughput:2289, R_real:-11.9310, components:{'queue': 1.035, 'delay': 0.0, 'waiting': 0.0, 'pressure': 0.0, 'switches': 0.0, 'emission': 10.896}, raw_metrics:{'fairness': 123.375, 'emission': 2610.809, 'fuel': 846.402, 'emergency_stops': 66.0, 'collisions': 6.0, 'ssm_conflicts': 1897.0}, refine;w=waiting=0.5;pressure=0.5;ckpt22
SIM_TRAIN step:166, travel time:376.77673483070737, q_loss:0.022865076, rewards:-42.381664, queue:2.5041666, delay:0.114784494, throughput:2927, raw_metrics:{'fairness': 65.562}
SIM_TRAIN step:167, travel time:366.52663316582914, q_loss:0.022820741, rewards:-42.623886, queue:2.5329862, delay:0.120758906, throughput:2928, raw_metrics:{'fairness': 68.062}
REAL_TRAIN step:40, travel time:449.98122695273213, q_loss:100, rewards:-146.59222, queue:8.959896, delay:0.178368, throughput:2531, R_real:-9.2913, components:{'queue': 0.597, 'delay': 0.0, 'waiting': 0.0, 'pressure': 0.0, 'switches': 0.0, 'emission': 8.694}, raw_metrics:{'fairness': 95.812, 'emission': 2166.287, 'fuel': 702.29, 'emergency_stops': 61.0, 'collisions': 6.0, 'ssm_conflicts': 1729.0}, refine;w=waiting=0.5;pressure=0.5;ckpt24
SIM_TRAIN step:168, travel time:375.5950385517935, q_loss:0.02349432, rewards:-40.96194, queue:2.4309027, delay:0.11425498, throughput:2929, raw_metrics:{'fairness': 67.688}
SIM_TRAIN step:169, travel time:373.77781501340485, q_loss:0.021961233, rewards:-42.652225, queue:2.538889, delay:0.117616, throughput:2930, raw_metrics:{'fairness': 76.812}
REAL_TRAIN step:42, travel time:425.97720415688906, q_loss:100, rewards:-126.52696, queue:7.70816, delay:0.16236839, throughput:2562, R_real:-8.6817, components:{'queue': 0.514, 'delay': 0.0, 'waiting': 0.0, 'pressure': 0.0, 'switches': 0.0, 'emission': 8.168}, raw_metrics:{'fairness': 137.188, 'emission': 2056.932, 'fuel': 666.838, 'emergency_stops': 65.0, 'collisions': 4.0, 'ssm_conflicts': 1723.0}, refine;w=waiting=0.5;pressure=0.5;ckpt26
SIM_TRAIN step:170, travel time:371.33925578276904, q_loss:0.022851223, rewards:-42.20444, queue:2.4953125, delay:0.11955615, throughput:2924, raw_metrics:{'fairness': 58.25}
SIM_TRAIN step:171, travel time:365.68542713567837, q_loss:0.023030087, rewards:-41.201946, queue:2.4397569, delay:0.11784017, throughput:2925, raw_metrics:{'fairness': 71.625}
REAL_TRAIN step:44, travel time:533.8390881662756, q_loss:100, rewards:-233.73056, queue:14.459202, delay:0.1898249, throughput:2307, R_real:-11.5173, components:{'queue': 0.964, 'delay': 0.0, 'waiting': 0.0, 'pressure': 0.0, 'switches': 0.0, 'emission': 10.553}, raw_metrics:{'fairness': 67.312, 'emission': 2541.405, 'fuel': 823.902, 'emergency_stops': 52.0, 'collisions': 5.0, 'ssm_conflicts': 1776.0}, refine;w=waiting=0.5;pressure=0.5;ckpt28
SIM_TRAIN step:172, travel time:370.8646112600536, q_loss:0.02287831, rewards:-43.104164, queue:2.5666666, delay:0.11930219, throughput:2926, raw_metrics:{'fairness': 92.25}
SIM_TRAIN step:173, travel time:371.32551123030504, q_loss:0.022698164, rewards:-41.920555, queue:2.4895833, delay:0.116715916, throughput:2927, raw_metrics:{'fairness': 66.625}
REAL_TRAIN step:46, travel time:443.73147837747234, q_loss:100, rewards:-138.42445, queue:8.446007, delay:0.17055114, throughput:2604, R_real:-9.1006, components:{'queue': 0.563, 'delay': 0.0, 'waiting': 0.0, 'pressure': 0.0, 'switches': 0.0, 'emission': 8.538}, raw_metrics:{'fairness': 112.938, 'emission': 2140.086, 'fuel': 693.796, 'emergency_stops': 63.0, 'collisions': 6.0, 'ssm_conflicts': 1702.0}, refine;w=waiting=0.5;pressure=0.5;ckpt30
SIM_TRAIN step:174, travel time:373.1705764075067, q_loss:0.022974497, rewards:-44.059444, queue:2.6140625, delay:0.11769899, throughput:2930, raw_metrics:{'fairness': 48.062}
SIM_TRAIN step:175, travel time:364.5936976198458, q_loss:0.022564325, rewards:-40.650837, queue:2.411632, delay:0.117540106, throughput:2925, raw_metrics:{'fairness': 141.5}
REAL_TRAIN step:48, travel time:490.6959436808582, q_loss:100, rewards:-192.09557, queue:11.826216, delay:0.16417463, throughput:2424, R_real:-10.3914, components:{'queue': 0.788, 'delay': 0.0, 'waiting': 0.0, 'pressure': 0.0, 'switches': 0.0, 'emission': 9.603}, raw_metrics:{'fairness': 70.812, 'emission': 2349.558, 'fuel': 761.706, 'emergency_stops': 70.0, 'collisions': 11.0, 'ssm_conflicts': 1745.0}, refine;w=waiting=0.5;pressure=0.5;ckpt32
SIM_TRAIN step:176, travel time:363.84584450402144, q_loss:0.022019695, rewards:-40.12222, queue:2.3793402, delay:0.115532346, throughput:2923, raw_metrics:{'fairness': 95.062}
SIM_TRAIN step:177, travel time:368.4958095876634, q_loss:0.020903284, rewards:-42.256668, queue:2.508507, delay:0.11932463, throughput:2925, raw_metrics:{'fairness': 109.5}
REAL_TRAIN step:50, travel time:497.96178343949043, q_loss:100, rewards:-202.66197, queue:12.48559, delay:0.1692925, throughput:2428, R_real:-10.5811, components:{'queue': 0.832, 'delay': 0.0, 'waiting': 0.0, 'pressure': 0.0, 'switches': 0.0, 'emission': 9.749}, raw_metrics:{'fairness': 75.688, 'emission': 2380.973, 'fuel': 771.891, 'emergency_stops': 56.0, 'collisions': 7.0, 'ssm_conflicts': 1721.0}, refine;w=waiting=0.5;pressure=0.5;ckpt34
SIM_TRAIN step:178, travel time:367.7561139028476, q_loss:0.020848941, rewards:-42.773613, queue:2.5331597, delay:0.11719257, throughput:2926, raw_metrics:{'fairness': 59.438}
SIM_TRAIN step:179, travel time:382.49614482065033, q_loss:0.020610387, rewards:-43.18278, queue:2.5645833, delay:0.11755216, throughput:2922, raw_metrics:{'fairness': 81.562}
REAL_TRAIN step:52, travel time:413.70130740864903, q_loss:100, rewards:-116.76057, queue:7.0895834, delay:0.17159744, throughput:2607, R_real:-8.3655, components:{'queue': 0.473, 'delay': 0.0, 'waiting': 0.0, 'pressure': 0.0, 'switches': 0.0, 'emission': 7.893}, raw_metrics:{'fairness': 118.438, 'emission': 2001.443, 'fuel': 648.849, 'emergency_stops': 57.0, 'collisions': 6.0, 'ssm_conflicts': 1731.0}, refine;w=waiting=0.5;pressure=0.5;ckpt36
SIM_TRAIN step:180, travel time:365.389745308311, q_loss:0.021215038, rewards:-40.9575, queue:2.4234376, delay:0.11485873, throughput:2927, raw_metrics:{'fairness': 82.938}
SIM_TRAIN step:181, travel time:367.37177338250086, q_loss:0.021265903, rewards:-42.149166, queue:2.4958334, delay:0.12089794, throughput:2923, raw_metrics:{'fairness': 33.5}
REAL_TRAIN step:54, travel time:380.3429433456252, q_loss:100, rewards:-87.456406, queue:5.242014, delay:0.1525089, throughput:2682, R_real:-7.5187, components:{'queue': 0.349, 'delay': 0.0, 'waiting': 0.0, 'pressure': 0.0, 'switches': 0.0, 'emission': 7.169}, raw_metrics:{'fairness': 103.812, 'emission': 1852.698, 'fuel': 600.626, 'emergency_stops': 71.0, 'collisions': 5.0, 'ssm_conflicts': 1815.0}, refine;w=waiting=0.5;pressure=0.5;ckpt38
SIM_TRAIN step:182, travel time:371.343949044586, q_loss:0.021053145, rewards:-41.825558, queue:2.4854167, delay:0.119308695, throughput:2928, raw_metrics:{'fairness': 75.5}
SIM_TRAIN step:183, travel time:366.7747234327858, q_loss:0.022135833, rewards:-41.15417, queue:2.4373264, delay:0.11506377, throughput:2927, raw_metrics:{'fairness': 66.125}
REAL_TRAIN step:56, travel time:527.0157559503855, q_loss:100, rewards:-229.88914, queue:14.188194, delay:0.17400263, throughput:2330, R_real:-11.3439, components:{'queue': 0.946, 'delay': 0.0, 'waiting': 0.0, 'pressure': 0.0, 'switches': 0.0, 'emission': 10.398}, raw_metrics:{'fairness': 64.812, 'emission': 2511.029, 'fuel': 814.054, 'emergency_stops': 54.0, 'collisions': 3.0, 'ssm_conflicts': 1973.0}, refine;w=waiting=0.5;pressure=0.5;ckpt40
SIM_TRAIN step:184, travel time:367.1136439825679, q_loss:0.021514755, rewards:-41.69917, queue:2.4717014, delay:0.119238704, throughput:2928, raw_metrics:{'fairness': 34.5}
SIM_TRAIN step:185, travel time:367.34964800536375, q_loss:0.021648534, rewards:-40.563053, queue:2.398611, delay:0.11377546, throughput:2925, raw_metrics:{'fairness': 84.938}
REAL_TRAIN step:58, travel time:403.07576265504525, q_loss:100, rewards:-108.506676, queue:6.555208, delay:0.16346365, throughput:2674, R_real:-8.0984, components:{'queue': 0.437, 'delay': 0.0, 'waiting': 0.0, 'pressure': 0.0, 'switches': 0.0, 'emission': 7.661}, raw_metrics:{'fairness': 86.75, 'emission': 1958.31, 'fuel': 634.865, 'emergency_stops': 89.0, 'collisions': 17.0, 'ssm_conflicts': 1859.0}, refine;w=waiting=0.5;pressure=0.5;ckpt42
SIM_TRAIN step:186, travel time:364.6265504525645, q_loss:0.020713346, rewards:-39.515003, queue:2.3390625, delay:0.11543939, throughput:2927, raw_metrics:{'fairness': 71.562}
SIM_TRAIN step:187, travel time:373.049614482065, q_loss:0.020540575, rewards:-43.320557, queue:2.5743055, delay:0.11944595, throughput:2923, raw_metrics:{'fairness': 83.0}
REAL_TRAIN step:60, travel time:390.696949379819, q_loss:100, rewards:-100.22556, queue:6.0279512, delay:0.16365343, throughput:2644, R_real:-7.8010, components:{'queue': 0.402, 'delay': 0.0, 'waiting': 0.0, 'pressure': 0.0, 'switches': 0.0, 'emission': 7.399}, raw_metrics:{'fairness': 61.375, 'emission': 1898.55, 'fuel': 615.491, 'emergency_stops': 76.0, 'collisions': 13.0, 'ssm_conflicts': 1816.0}, refine;w=waiting=0.5;pressure=0.5;ckpt44
SIM_TRAIN step:188, travel time:369.18063002680964, q_loss:0.021055253, rewards:-40.875557, queue:2.4230902, delay:0.11608747, throughput:2926, raw_metrics:{'fairness': 91.062}
SIM_TRAIN step:189, travel time:368.8082467314784, q_loss:0.020938301, rewards:-40.47056, queue:2.3958333, delay:0.1151366, throughput:2928, raw_metrics:{'fairness': 73.188}
REAL_TRAIN step:62, travel time:379.72242708682535, q_loss:100, rewards:-86.27946, queue:5.1637154, delay:0.15380865, throughput:2681, R_real:-7.5008, components:{'queue': 0.344, 'delay': 0.0, 'waiting': 0.0, 'pressure': 0.0, 'switches': 0.0, 'emission': 7.157}, raw_metrics:{'fairness': 91.625, 'emission': 1849.912, 'fuel': 599.723, 'emergency_stops': 65.0, 'collisions': 4.0, 'ssm_conflicts': 1752.0}, refine;w=waiting=0.5;pressure=0.5;ckpt46
SIM_TRAIN step:190, travel time:366.9959785522788, q_loss:0.021565113, rewards:-39.816387, queue:2.3505208, delay:0.11319264, throughput:2929, raw_metrics:{'fairness': 36.938}
SIM_TRAIN step:191, travel time:370.12839423399265, q_loss:0.020841876, rewards:-41.594444, queue:2.4625, delay:0.117183894, throughput:2928, raw_metrics:{'fairness': 54.562}
REAL_TRAIN step:64, travel time:399.26852162252766, q_loss:100, rewards:-105.98528, queue:6.420139, delay:0.1650759, throughput:2611, R_real:-8.0219, components:{'queue': 0.428, 'delay': 0.0, 'waiting': 0.0, 'pressure': 0.0, 'switches': 0.0, 'emission': 7.594}, raw_metrics:{'fairness': 66.125, 'emission': 1937.206, 'fuel': 628.024, 'emergency_stops': 54.0, 'collisions': 7.0, 'ssm_conflicts': 1771.0}, refine;w=waiting=0.5;pressure=0.5;ckpt48
SIM_TRAIN step:192, travel time:369.73248407643314, q_loss:0.020830128, rewards:-42.441666, queue:2.525868, delay:0.115134835, throughput:2927, raw_metrics:{'fairness': 46.375}
SIM_TRAIN step:193, travel time:410.3700972175662, q_loss:0.021716189, rewards:-52.677223, queue:3.165625, delay:0.11740822, throughput:2927, raw_metrics:{'fairness': 60.938}
REAL_TRAIN step:66, travel time:388.13375796178343, q_loss:100, rewards:-93.52112, queue:5.6203127, delay:0.16133514, throughput:2669, R_real:-7.7082, components:{'queue': 0.375, 'delay': 0.0, 'waiting': 0.0, 'pressure': 0.0, 'switches': 0.0, 'emission': 7.334}, raw_metrics:{'fairness': 25.188, 'emission': 1887.974, 'fuel': 612.063, 'emergency_stops': 59.0, 'collisions': 5.0, 'ssm_conflicts': 1754.0}, refine;w=waiting=0.5;pressure=0.5;ckpt50
SIM_TRAIN step:194, travel time:370.9101876675603, q_loss:0.022069106, rewards:-39.360836, queue:2.327257, delay:0.112041555, throughput:2927, raw_metrics:{'fairness': 120.625}
SIM_TRAIN step:195, travel time:366.23894101876675, q_loss:0.02159618, rewards:-40.926113, queue:2.4175348, delay:0.11119607, throughput:2926, raw_metrics:{'fairness': 88.812}
REAL_TRAIN step:68, travel time:389.4736842105263, q_loss:100, rewards:-94.16224, queue:5.666493, delay:0.15902096, throughput:2680, R_real:-7.7390, components:{'queue': 0.378, 'delay': 0.0, 'waiting': 0.0, 'pressure': 0.0, 'switches': 0.0, 'emission': 7.361}, raw_metrics:{'fairness': 117.312, 'emission': 1894.137, 'fuel': 614.06, 'emergency_stops': 56.0, 'collisions': 7.0, 'ssm_conflicts': 1720.0}, refine;w=waiting=0.5;pressure=0.5;ckpt52
SIM_TRAIN step:196, travel time:367.35757372654155, q_loss:0.021091908, rewards:-41.015, queue:2.432986, delay:0.11440701, throughput:2931, raw_metrics:{'fairness': 32.0}
SIM_TRAIN step:197, travel time:360.7700301709688, q_loss:0.02074967, rewards:-39.750557, queue:2.3538194, delay:0.11444529, throughput:2928, raw_metrics:{'fairness': 115.312}
REAL_TRAIN step:70, travel time:491.4867582970164, q_loss:100, rewards:-193.085, queue:11.896354, delay:0.1741856, throughput:2398, R_real:-10.4251, components:{'queue': 0.793, 'delay': 0.0, 'waiting': 0.0, 'pressure': 0.0, 'switches': 0.0, 'emission': 9.632}, raw_metrics:{'fairness': 75.875, 'emission': 2352.094, 'fuel': 762.528, 'emergency_stops': 70.0, 'collisions': 9.0, 'ssm_conflicts': 1759.0}, refine;w=waiting=0.5;pressure=0.5;ckpt54
SIM_TRAIN step:198, travel time:373.10723860589815, q_loss:0.022261016, rewards:-42.898335, queue:2.5453124, delay:0.11928654, throughput:2925, raw_metrics:{'fairness': 46.25}
SIM_TRAIN step:199, travel time:369.05631914180356, q_loss:0.023468219, rewards:-40.546944, queue:2.396875, delay:0.11695327, throughput:2927, raw_metrics:{'fairness': 96.625}
REAL_TRAIN step:72, travel time:460.4341267180691, q_loss:100, rewards:-166.81694, queue:10.244097, delay:0.18024339, throughput:2467, R_real:-9.6289, components:{'queue': 0.683, 'delay': 0.0, 'waiting': 0.0, 'pressure': 0.0, 'switches': 0.0, 'emission': 8.946}, raw_metrics:{'fairness': 148.375, 'emission': 2212.529, 'fuel': 717.282, 'emergency_stops': 74.0, 'collisions': 10.0, 'ssm_conflicts': 1766.0}, refine;w=waiting=0.5;pressure=0.5;ckpt56
SIM_TRAIN step:200, travel time:365.98893731143147, q_loss:0.023121186, rewards:-40.473057, queue:2.3953125, delay:0.1167082, throughput:2926, raw_metrics:{'fairness': 117.812}
SIM_TRAIN step:201, travel time:369.7619845792826, q_loss:0.02098424, rewards:-41.73084, queue:2.4706597, delay:0.1153653, throughput:2926, raw_metrics:{'fairness': 45.312}
REAL_TRAIN step:74, travel time:529.7700301709689, q_loss:100, rewards:-231.5692, queue:14.3151045, delay:0.17931066, throughput:2338, R_real:-11.4131, components:{'queue': 0.954, 'delay': 0.0, 'waiting': 0.0, 'pressure': 0.0, 'switches': 0.0, 'emission': 10.459}, raw_metrics:{'fairness': 69.5, 'emission': 2523.905, 'fuel': 818.229, 'emergency_stops': 53.0, 'collisions': 1.0, 'ssm_conflicts': 1744.0}, refine;w=waiting=0.5;pressure=0.5;ckpt58
SIM_TRAIN step:202, travel time:370.66074421723096, q_loss:0.021060066, rewards:-40.494446, queue:2.3935764, delay:0.11484901, throughput:2927, raw_metrics:{'fairness': 91.25}
SIM_TRAIN step:203, travel time:370.22955764075067, q_loss:0.020389562, rewards:-40.79778, queue:2.4251735, delay:0.1151136, throughput:2929, raw_metrics:{'fairness': 104.625}
REAL_TRAIN step:76, travel time:431.19745222929936, q_loss:100, rewards:-137.49252, queue:8.387153, delay:0.1622461, throughput:2559, R_real:-8.8257, components:{'queue': 0.559, 'delay': 0.0, 'waiting': 0.0, 'pressure': 0.0, 'switches': 0.0, 'emission': 8.267}, raw_metrics:{'fairness': 62.062, 'emission': 2076.657, 'fuel': 673.233, 'emergency_stops': 67.0, 'collisions': 9.0, 'ssm_conflicts': 1806.0}, refine;w=waiting=0.5;pressure=0.5;ckpt60
SIM_TRAIN step:204, travel time:365.62164879356567, q_loss:0.02067423, rewards:-40.653336, queue:2.402257, delay:0.11814699, throughput:2926, raw_metrics:{'fairness': 41.812}
SIM_TRAIN step:205, travel time:366.24002681863897, q_loss:0.020791825, rewards:-40.945, queue:2.4248264, delay:0.11737919, throughput:2929, raw_metrics:{'fairness': 43.438}
REAL_TRAIN step:78, travel time:382.77304726785115, q_loss:100, rewards:-88.83251, queue:5.3274307, delay:0.1563982, throughput:2682, R_real:-7.5706, components:{'queue': 0.355, 'delay': 0.0, 'waiting': 0.0, 'pressure': 0.0, 'switches': 0.0, 'emission': 7.215}, raw_metrics:{'fairness': 89.938, 'emission': 1863.581, 'fuel': 604.154, 'emergency_stops': 68.0, 'collisions': 9.0, 'ssm_conflicts': 1761.0}, refine;w=waiting=0.5;pressure=0.5;ckpt62
SIM_TRAIN step:206, travel time:373.4099899430104, q_loss:0.020498022, rewards:-40.549168, queue:2.4041667, delay:0.11426614, throughput:2926, raw_metrics:{'fairness': 91.25}
SIM_TRAIN step:207, travel time:364.671581769437, q_loss:0.02071918, rewards:-40.02195, queue:2.3671875, delay:0.112869896, throughput:2929, raw_metrics:{'fairness': 18.812}
REAL_TRAIN step:80, travel time:380.19342943345623, q_loss:100, rewards:-86.57807, queue:5.1786456, delay:0.14979064, throughput:2685, R_real:-7.5034, components:{'queue': 0.345, 'delay': 0.0, 'waiting': 0.0, 'pressure': 0.0, 'switches': 0.0, 'emission': 7.158}, raw_metrics:{'fairness': 45.688, 'emission': 1852.026, 'fuel': 600.409, 'emergency_stops': 73.0, 'collisions': 6.0, 'ssm_conflicts': 1762.0}, refine;w=waiting=0.5;pressure=0.5;ckpt64
SIM_TRAIN step:208, travel time:366.71304056319144, q_loss:0.020516371, rewards:-41.95333, queue:2.484896, delay:0.11994375, throughput:2927, raw_metrics:{'fairness': 66.625}
SIM_TRAIN step:209, travel time:371.0559651474531, q_loss:0.019828102, rewards:-42.071392, queue:2.4958334, delay:0.11817428, throughput:2928, raw_metrics:{'fairness': 79.438}
REAL_TRAIN step:82, travel time:378.66979550787795, q_loss:100, rewards:-84.634186, queue:5.0670137, delay:0.1495393, throughput:2693, R_real:-7.4590, components:{'queue': 0.338, 'delay': 0.0, 'waiting': 0.0, 'pressure': 0.0, 'switches': 0.0, 'emission': 7.121}, raw_metrics:{'fairness': 127.562, 'emission': 1844.513, 'fuel': 597.973, 'emergency_stops': 65.0, 'collisions': 2.0, 'ssm_conflicts': 1689.0}, refine;w=waiting=0.5;pressure=0.5;ckpt66
SIM_TRAIN step:210, travel time:372.14242627345845, q_loss:0.020294948, rewards:-40.754166, queue:2.4144096, delay:0.11521863, throughput:2924, raw_metrics:{'fairness': 96.625}
SIM_TRAIN step:211, travel time:369.1945746818486, q_loss:0.020128544, rewards:-42.038616, queue:2.4977431, delay:0.11948475, throughput:2926, raw_metrics:{'fairness': 73.812}
REAL_TRAIN step:84, travel time:491.83405967147166, q_loss:100, rewards:-191.13559, queue:11.76875, delay:0.17215364, throughput:2434, R_real:-10.4130, components:{'queue': 0.785, 'delay': 0.0, 'waiting': 0.0, 'pressure': 0.0, 'switches': 0.0, 'emission': 9.628}, raw_metrics:{'fairness': 112.812, 'emission': 2355.138, 'fuel': 763.515, 'emergency_stops': 60.0, 'collisions': 7.0, 'ssm_conflicts': 1799.0}, refine;w=waiting=0.5;pressure=0.5;ckpt68
SIM_TRAIN step:212, travel time:370.7298022125377, q_loss:0.02002631, rewards:-40.861664, queue:2.4180555, delay:0.117075495, throughput:2929, raw_metrics:{'fairness': 41.125}
SIM_TRAIN step:213, travel time:381.04490616621985, q_loss:0.02084716, rewards:-43.80333, queue:2.6034722, delay:0.117086135, throughput:2926, raw_metrics:{'fairness': 67.188}
REAL_TRAIN step:86, travel time:388.6573918873617, q_loss:100, rewards:-95.94529, queue:5.775868, delay:0.1631741, throughput:2666, R_real:-7.7422, components:{'queue': 0.385, 'delay': 0.0, 'waiting': 0.0, 'pressure': 0.0, 'switches': 0.0, 'emission': 7.357}, raw_metrics:{'fairness': 123.75, 'emission': 1891.827, 'fuel': 613.312, 'emergency_stops': 61.0, 'collisions': 6.0, 'ssm_conflicts': 1834.0}, refine;w=waiting=0.5;pressure=0.5;ckpt70
SIM_TRAIN step:214, travel time:368.9788803218237, q_loss:0.020279035, rewards:-41.475834, queue:2.4598958, delay:0.11722997, throughput:2925, raw_metrics:{'fairness': 53.0}
SIM_TRAIN step:215, travel time:366.99497150519613, q_loss:0.020484984, rewards:-39.39528, queue:2.3328125, delay:0.11389212, throughput:2925, raw_metrics:{'fairness': 107.438}
REAL_TRAIN step:88, travel time:406.3493127723768, q_loss:100, rewards:-112.48417, queue:6.814757, delay:0.15764582, throughput:2633, R_real:-8.1926, components:{'queue': 0.454, 'delay': 0.0, 'waiting': 0.0, 'pressure': 0.0, 'switches': 0.0, 'emission': 7.738}, raw_metrics:{'fairness': 113.938, 'emission': 1970.52, 'fuel': 638.823, 'emergency_stops': 70.0, 'collisions': 7.0, 'ssm_conflicts': 1813.0}, refine;w=waiting=0.5;pressure=0.5;ckpt72
SIM_TRAIN step:216, travel time:362.6781763325511, q_loss:0.020125393, rewards:-40.119446, queue:2.3777778, delay:0.11451019, throughput:2924, raw_metrics:{'fairness': 59.375}
SIM_TRAIN step:217, travel time:367.2637399463807, q_loss:0.01991269, rewards:-41.51917, queue:2.4588542, delay:0.115815796, throughput:2925, raw_metrics:{'fairness': 38.625}
REAL_TRAIN step:90, travel time:387.5434126718069, q_loss:100, rewards:-89.05306, queue:5.35434, delay:0.16145664, throughput:2679, R_real:-7.6790, components:{'queue': 0.357, 'delay': 0.0, 'waiting': 0.0, 'pressure': 0.0, 'switches': 0.0, 'emission': 7.322}, raw_metrics:{'fairness': 92.812, 'emission': 1886.811, 'fuel': 611.686, 'emergency_stops': 72.0, 'collisions': 8.0, 'ssm_conflicts': 1697.0}, refine;w=waiting=0.5;pressure=0.5;ckpt74
SIM_TRAIN step:218, travel time:366.44083137780757, q_loss:0.019065328, rewards:-42.486946, queue:2.5282986, delay:0.11870223, throughput:2916, raw_metrics:{'fairness': 110.375}
SIM_TRAIN step:219, travel time:366.43043915521287, q_loss:0.01961082, rewards:-41.36583, queue:2.4498265, delay:0.11816944, throughput:2929, raw_metrics:{'fairness': 57.688}
REAL_TRAIN step:92, travel time:393.5967147167281, q_loss:100, rewards:-98.414734, queue:5.924132, delay:0.16274397, throughput:2678, R_real:-7.8553, components:{'queue': 0.395, 'delay': 0.0, 'waiting': 0.0, 'pressure': 0.0, 'switches': 0.0, 'emission': 7.46}, raw_metrics:{'fairness': 137.312, 'emission': 1915.135, 'fuel': 620.868, 'emergency_stops': 70.0, 'collisions': 6.0, 'ssm_conflicts': 1849.0}, refine;w=waiting=0.5;pressure=0.5;ckpt76
SIM_TRAIN step:220, travel time:366.21246648793567, q_loss:0.01935953, rewards:-40.34444, queue:2.3949652, delay:0.11611633, throughput:2928, raw_metrics:{'fairness': 70.312}
SIM_TRAIN step:221, travel time:367.737512571237, q_loss:0.019734083, rewards:-40.625282, queue:2.398264, delay:0.1161432, throughput:2925, raw_metrics:{'fairness': 57.75}
REAL_TRAIN step:94, travel time:387.94636272209186, q_loss:100, rewards:-92.05695, queue:5.538889, delay:0.15683474, throughput:2680, R_real:-7.7024, components:{'queue': 0.369, 'delay': 0.0, 'waiting': 0.0, 'pressure': 0.0, 'switches': 0.0, 'emission': 7.333}, raw_metrics:{'fairness': 60.25, 'emission': 1888.043, 'fuel': 612.085, 'emergency_stops': 85.0, 'collisions': 10.0, 'ssm_conflicts': 1765.0}, refine;w=waiting=0.5;pressure=0.5;ckpt78
SIM_TRAIN step:222, travel time:362.6667784109956, q_loss:0.01937098, rewards:-39.404167, queue:2.332118, delay:0.11390758, throughput:2928, raw_metrics:{'fairness': 65.938}
SIM_TRAIN step:223, travel time:362.4317800871606, q_loss:0.018384341, rewards:-39.347782, queue:2.3284721, delay:0.11402582, throughput:2927, raw_metrics:{'fairness': 50.812}
REAL_TRAIN step:96, travel time:385.9054642976869, q_loss:100, rewards:-89.11334, queue:5.3572917, delay:0.1660013, throughput:2681, R_real:-7.6453, components:{'queue': 0.357, 'delay': 0.0, 'waiting': 0.0, 'pressure': 0.0, 'switches': 0.0, 'emission': 7.288}, raw_metrics:{'fairness': 94.0, 'emission': 1878.307, 'fuel': 608.929, 'emergency_stops': 71.0, 'collisions': 6.0, 'ssm_conflicts': 1726.0}, refine;w=waiting=0.5;pressure=0.5;ckpt80
SIM_TRAIN step:224, travel time:390.5766007375126, q_loss:0.019951422, rewards:-50.16862, queue:3.000521, delay:0.122890815, throughput:2926, raw_metrics:{'fairness': 58.812}
SIM_TRAIN step:225, travel time:369.5663538873995, q_loss:0.020487966, rewards:-42.254448, queue:2.5109375, delay:0.11944187, throughput:2924, raw_metrics:{'fairness': 64.375}
REAL_TRAIN step:98, travel time:377.60073751257124, q_loss:100, rewards:-83.353905, queue:4.988021, delay:0.15578565, throughput:2682, R_real:-7.4380, components:{'queue': 0.333, 'delay': 0.0, 'waiting': 0.0, 'pressure': 0.0, 'switches': 0.0, 'emission': 7.106}, raw_metrics:{'fairness': 82.438, 'emission': 1839.901, 'fuel': 596.478, 'emergency_stops': 55.0, 'collisions': 5.0, 'ssm_conflicts': 1680.0}, refine;w=waiting=0.5;pressure=0.5;ckpt82
SIM_TRAIN step:226, travel time:364.63459604425077, q_loss:0.020288698, rewards:-41.251667, queue:2.4375, delay:0.116249844, throughput:2924, raw_metrics:{'fairness': 75.938}
SIM_TRAIN step:227, travel time:368.78444518940665, q_loss:0.020617988, rewards:-41.22611, queue:2.433507, delay:0.1166726, throughput:2926, raw_metrics:{'fairness': 74.0}
REAL_TRAIN step:100, travel time:382.79148508213206, q_loss:100, rewards:-89.69528, queue:5.3828125, delay:0.1561995, throughput:2679, R_real:-7.5856, components:{'queue': 0.359, 'delay': 0.0, 'waiting': 0.0, 'pressure': 0.0, 'switches': 0.0, 'emission': 7.227}, raw_metrics:{'fairness': 62.125, 'emission': 1865.635, 'fuel': 604.82, 'emergency_stops': 81.0, 'collisions': 9.0, 'ssm_conflicts': 1796.0}, refine;w=waiting=0.5;pressure=0.5;ckpt84
SIM_TRAIN step:228, travel time:368.5326852162253, q_loss:0.020299338, rewards:-41.131943, queue:2.441493, delay:0.118328705, throughput:2932, raw_metrics:{'fairness': 47.875}
SIM_TRAIN step:229, travel time:370.5558162923232, q_loss:0.020762306, rewards:-41.52333, queue:2.4618056, delay:0.12037932, throughput:2925, raw_metrics:{'fairness': 44.688}
REAL_TRAIN step:102, travel time:380.36808581964465, q_loss:100, rewards:-86.63889, queue:5.188542, delay:0.15495034, throughput:2675, R_real:-7.5116, components:{'queue': 0.346, 'delay': 0.0, 'waiting': 0.0, 'pressure': 0.0, 'switches': 0.0, 'emission': 7.166}, raw_metrics:{'fairness': 104.75, 'emission': 1852.829, 'fuel': 600.669, 'emergency_stops': 63.0, 'collisions': 11.0, 'ssm_conflicts': 1697.0}, refine;w=waiting=0.5;pressure=0.5;ckpt86
SIM_TRAIN step:230, travel time:364.41904123365737, q_loss:0.020057151, rewards:-40.14416, queue:2.375868, delay:0.11766917, throughput:2924, raw_metrics:{'fairness': 73.062}
SIM_TRAIN step:231, travel time:367.2148123324397, q_loss:0.019596, rewards:-39.49889, queue:2.3378472, delay:0.11530956, throughput:2927, raw_metrics:{'fairness': 89.438}
REAL_TRAIN step:104, travel time:402.4180355346966, q_loss:100, rewards:-106.24308, queue:6.4310765, delay:0.16535592, throughput:2651, R_real:-8.0874, components:{'queue': 0.429, 'delay': 0.0, 'waiting': 0.0, 'pressure': 0.0, 'switches': 0.0, 'emission': 7.659}, raw_metrics:{'fairness': 81.312, 'emission': 1955.067, 'fuel': 633.814, 'emergency_stops': 62.0, 'collisions': 10.0, 'ssm_conflicts': 1818.0}, refine;w=waiting=0.5;pressure=0.5;ckpt88
SIM_TRAIN step:232, travel time:369.0717158176944, q_loss:0.019611698, rewards:-41.479713, queue:2.4586806, delay:0.11813927, throughput:2924, raw_metrics:{'fairness': 55.438}
SIM_TRAIN step:233, travel time:366.8980891719745, q_loss:0.019661607, rewards:-41.26722, queue:2.4473958, delay:0.11942776, throughput:2927, raw_metrics:{'fairness': 61.375}
REAL_TRAIN step:106, travel time:397.53134428427757, q_loss:100, rewards:-101.50223, queue:6.1197915, delay:0.17623867, throughput:2664, R_real:-7.9499, components:{'queue': 0.408, 'delay': 0.0, 'waiting': 0.0, 'pressure': 0.0, 'switches': 0.0, 'emission': 7.542}, raw_metrics:{'fairness': 122.188, 'emission': 1931.419, 'fuel': 626.147, 'emergency_stops': 80.0, 'collisions': 10.0, 'ssm_conflicts': 1724.0}, refine;w=waiting=0.5;pressure=0.5;ckpt90
SIM_TRAIN step:234, travel time:366.7287965135769, q_loss:0.019687459, rewards:-40.13751, queue:2.3767362, delay:0.11606291, throughput:2928, raw_metrics:{'fairness': 52.188}
SIM_TRAIN step:235, travel time:364.71682305630026, q_loss:0.0199483, rewards:-40.509716, queue:2.407118, delay:0.11552799, throughput:2920, raw_metrics:{'fairness': 77.812}
REAL_TRAIN step:108, travel time:388.98357358364063, q_loss:100, rewards:-92.24695, queue:5.547743, delay:0.17204903, throughput:2675, R_real:-7.7196, components:{'queue': 0.37, 'delay': 0.0, 'waiting': 0.0, 'pressure': 0.0, 'switches': 0.0, 'emission': 7.35}, raw_metrics:{'fairness': 36.188, 'emission': 1891.315, 'fuel': 613.146, 'emergency_stops': 57.0, 'collisions': 6.0, 'ssm_conflicts': 1750.0}, refine;w=waiting=0.5;pressure=0.5;ckpt92
SIM_TRAIN step:236, travel time:364.8085819644653, q_loss:0.020004585, rewards:-40.119446, queue:2.379514, delay:0.1154995, throughput:2926, raw_metrics:{'fairness': 112.0}
REAL_TRAIN step:109, travel time:382.37948374120015, q_loss:100, rewards:-85.966965, queue:5.161979, delay:0.16044126, throughput:2671, R_real:-7.5541, components:{'queue': 0.344, 'delay': 0.0, 'waiting': 0.0, 'pressure': 0.0, 'switches': 0.0, 'emission': 7.21}, raw_metrics:{'fairness': 105.375, 'emission': 1862.25, 'fuel': 603.723, 'emergency_stops': 73.0, 'collisions': 6.0, 'ssm_conflicts': 1738.0}, refine;w=waiting=0.5;pressure=0.5;ckpt93
MORLGrid selected policy with R_real=-7.4380
Saved method state to data/output_data/sim2real_rewards/cityflow_dqn/hz4x4/baseline_rewards_v2_morl_grid_emission_heavy_s0/model/hz4x4_emission_heavy_dqn_morl_grid/method_state.json
real rollouts used: 63/100
REAL_TEST step:0, travel time:377.60073751257124, q_loss:100, rewards:-83.353905, queue:4.988021, delay:0.15578565, throughput:2682, R_real:-7.4380, components:{'queue': 0.333, 'delay': 0.0, 'waiting': 0.0, 'pressure': 0.0, 'switches': 0.0, 'emission': 7.106}, raw_metrics:{'fairness': 82.438, 'emission': 1839.901, 'fuel': 596.478, 'emergency_stops': 55.0, 'collisions': 5.0, 'ssm_conflicts': 1680.0}
Total time taken: 11008.879205465317
