ingolstadt7_setting4_dqn_delayed_q	REAL_TEST	3	513.2	100.0	-111.96	14.48	0.23	1476	0.0000	0.0000
ingolstadt7_setting4_dqn_delayed_q	REAL_TEST	6	332.0	100.0	-84.55	11.01	0.21	2058	0.0000	0.0000
ingolstadt7_setting4_dqn_delayed_q	REAL_TEST	9	432.4	100.0	-103.00	13.34	0.22	1701	0.0000	0.0000
ingolstadt7_setting4_dqn_delayed_q	REAL_TEST	12	439.5	100.0	-101.83	13.07	0.22	1632	0.0000	0.0000
ingolstadt7_setting4_dqn_delayed_q	REAL_TEST	15	420.8	100.0	-99.06	12.77	0.22	1688	0.0000	0.0000
ingolstadt7_setting4_dqn_delayed_q	REAL_TEST	18	552.7	100.0	-114.37	14.44	0.22	1290	0.0000	0.0000
ingolstadt7_setting4_dqn_delayed_q	REAL_TEST	21	317.1	100.0	-96.23	12.53	0.21	2119	0.0000	0.0000
ingolstadt7_setting4_dqn_delayed_q	REAL_TEST	24	436.0	100.0	-101.67	13.13	0.22	1673	0.0000	0.0000
ingolstadt7_setting4_dqn_delayed_q	REAL_TEST	27	363.8	100.0	-94.84	12.27	0.21	1852	0.0000	0.0000
ingolstadt7_setting4_dqn_delayed_q	REAL_TEST	30	494.7	100.0	-117.82	15.22	0.23	1552	0.0000	0.0000
ingolstadt7_setting4_dqn_delayed_q	REAL_TEST	33	512.8	100.0	-117.89	15.07	0.23	1451	0.0000	0.0000
ingolstadt7_setting4_dqn_delayed_q	REAL_TEST	36	520.4	100.0	-119.30	15.23	0.23	1488	0.0000	0.0000
ingolstadt7_setting4_dqn_delayed_q	REAL_TEST	39	417.4	100.0	-105.07	13.71	0.22	1744	0.0000	0.0000
ingolstadt7_setting4_dqn_delayed_q	REAL_TEST	42	375.6	100.0	-105.55	13.70	0.23	1999	0.0000	0.0000
ingolstadt7_setting4_dqn_delayed_q	REAL_TEST	45	439.7	100.0	-104.10	13.47	0.22	1662	0.0000	0.0000
ingolstadt7_setting4_dqn_delayed_q	REAL_TEST	48	392.0	100.0	-100.44	12.95	0.21	1865	0.0000	0.0000
ingolstadt7_setting4_dqn_delayed_q	REAL_TEST	51	356.9	100.0	-95.56	12.42	0.22	2071	0.0000	0.0000
ingolstadt7_setting4_dqn_delayed_q	REAL_TEST	54	447.7	100.0	-120.60	15.62	0.25	2071	0.0000	0.0000
ingolstadt7_setting4_dqn_delayed_q	REAL_TEST	57	477.5	100.0	-105.84	13.92	0.24	1755	0.0000	0.0000
ingolstadt7_setting4_dqn_delayed_q	REAL_TEST	60	566.3	100.0	-119.05	15.26	0.25	1624	0.0000	0.0000
ingolstadt7_setting4_dqn_delayed_q	REAL_TEST	63	317.4	100.0	-88.65	11.59	0.23	2137	0.0000	0.0000
ingolstadt7_setting4_dqn_delayed_q	REAL_TEST	66	269.7	100.0	-75.68	10.02	0.21	2209	0.0000	0.0000
ingolstadt7_setting4_dqn_delayed_q	REAL_TEST	69	292.1	100.0	-82.48	10.82	0.21	2088	0.0000	0.0000
ingolstadt7_setting4_dqn_delayed_q	REAL_TEST	72	310.9	100.0	-84.91	11.25	0.22	2101	0.0000	0.0000
ingolstadt7_setting4_dqn_delayed_q	REAL_TEST	75	338.0	100.0	-90.23	11.75	0.23	2191	0.0000	0.0000
ingolstadt7_setting4_dqn_delayed_q	REAL_TEST	78	371.1	100.0	-99.06	12.86	0.22	2021	0.0000	0.0000
ingolstadt7_setting4_dqn_delayed_q	REAL_TEST	81	346.2	100.0	-108.32	14.34	0.23	2169	0.0000	0.0000
ingolstadt7_setting4_dqn_delayed_q	REAL_TEST	84	325.8	100.0	-104.59	13.97	0.24	2252	0.0000	0.0000
ingolstadt7_setting4_dqn_delayed_q	REAL_TEST	87	556.2	100.0	-129.62	16.46	0.25	1534	0.0000	0.0000
ingolstadt7_setting4_dqn_delayed_q	REAL_TEST	90	349.7	100.0	-104.05	13.61	0.22	2048	0.0000	0.0000
ingolstadt7_setting4_dqn_delayed_q	REAL_TEST	93	551.8	100.0	-122.72	15.56	0.22	1190	0.0000	0.0000
ingolstadt7_setting4_dqn_delayed_q	REAL_TEST	96	632.7	100.0	-134.84	17.22	0.25	1322	0.0000	0.0000
ingolstadt7_setting4_dqn_delayed_q	REAL_TEST	99	523.4	100.0	-126.05	16.18	0.25	1708	0.0000	0.0000
ingolstadt7_setting4_dqn_delayed_q	REAL_TEST	102	559.8	100.0	-122.15	15.47	0.23	1250	0.0000	0.0000
ingolstadt7_setting4_dqn_delayed_q	REAL_TEST	105	443.6	100.0	-110.21	14.21	0.22	1655	0.0000	0.0000
ingolstadt7_setting4_dqn_delayed_q	REAL_TEST	108	356.5	100.0	-114.69	15.31	0.26	2265	0.0000	0.0000
ingolstadt7_setting4_dqn_delayed_q	REAL_TEST	111	593.0	100.0	-127.86	16.18	0.24	1362	0.0000	0.0000
ingolstadt7_setting4_dqn_delayed_q	REAL_TEST	114	471.5	100.0	-125.79	16.29	0.25	1782	0.0000	0.0000
ingolstadt7_setting4_dqn_delayed_q	REAL_TEST	117	431.1	100.0	-123.79	16.54	0.25	1681	0.0000	0.0000
ingolstadt7_setting4_dqn_delayed_q	REAL_TEST	120	519.2	100.0	-128.43	16.41	0.26	1657	0.0000	0.0000
ingolstadt7_setting4_dqn_delayed_q	REAL_TEST	123	607.9	100.0	-121.86	15.67	0.24	1195	0.0000	0.0000
ingolstadt7_setting4_dqn_delayed_q	REAL_TEST	126	579.8	100.0	-131.24	16.68	0.24	1232	0.0000	0.0000
ingolstadt7_setting4_dqn_delayed_q	REAL_TEST	129	468.2	100.0	-109.07	13.97	0.22	1674	0.0000	0.0000
ingolstadt7_setting4_dqn_delayed_q	REAL_TEST	132	194.3	100.0	-54.16	7.59	0.21	2806	0.0000	0.0000
ingolstadt7_setting4_dqn_delayed_q	REAL_TEST	135	220.2	100.0	-59.22	7.94	0.20	2332	0.0000	0.0000
ingolstadt7_setting4_dqn_delayed_q	REAL_TEST	138	306.6	100.0	-86.99	11.50	0.23	2324	0.0000	0.0000
ingolstadt7_setting4_dqn_delayed_q	REAL_TEST	141	317.8	100.0	-82.10	10.93	0.23	2104	0.0000	0.0000
ingolstadt7_setting4_dqn_delayed_q	REAL_TEST	144	386.2	100.0	-102.16	13.23	0.24	2053	0.0000	0.0000
ingolstadt7_setting4_dqn_delayed_q	REAL_TEST	147	329.5	100.0	-90.72	11.93	0.23	1976	0.0000	0.0000
ingolstadt7_setting4_dqn_delayed_q	REAL_TEST	150	392.3	100.0	-98.23	12.71	0.22	1836	0.0000	0.0000
ingolstadt7_setting4_dqn_delayed_q	REAL_TEST	153	256.8	100.0	-64.22	8.84	0.21	2151	0.0000	0.0000
ingolstadt7_setting4_dqn_delayed_q	REAL_TEST	156	194.7	100.0	-56.95	7.80	0.20	2488	0.0000	0.0000
ingolstadt7_setting4_dqn_delayed_q	REAL_TEST	159	447.4	100.0	-108.92	14.04	0.23	1545	0.0000	0.0000
ingolstadt7_setting4_dqn_delayed_q	REAL_TEST	162	264.8	100.0	-73.78	9.77	0.22	2191	0.0000	0.0000
ingolstadt7_setting4_dqn_delayed_q	REAL_TEST	165	228.7	100.0	-71.23	9.35	0.21	2313	0.0000	0.0000
ingolstadt7_setting4_dqn_delayed_q	REAL_TEST	168	222.6	100.0	-67.50	9.09	0.21	2441	0.0000	0.0000
ingolstadt7_setting4_dqn_delayed_q	REAL_TEST	171	444.4	100.0	-104.45	13.59	0.25	1735	0.0000	0.0000
ingolstadt7_setting4_dqn_delayed_q	REAL_TEST	174	319.3	100.0	-83.10	11.23	0.22	2005	0.0000	0.0000
ingolstadt7_setting4_dqn_delayed_q	REAL_TEST	177	461.0	100.0	-106.58	13.68	0.22	1485	0.0000	0.0000
ingolstadt7_setting4_dqn_delayed_q	REAL_TEST	180	390.3	100.0	-107.58	14.00	0.23	1945	0.0000	0.0000
ingolstadt7_setting4_dqn_delayed_q	REAL_TEST	183	364.6	100.0	-103.04	13.45	0.23	1792	0.0000	0.0000
ingolstadt7_setting4_dqn_delayed_q	REAL_TEST	186	624.3	100.0	-119.64	15.19	0.23	1051	0.0000	0.0000
ingolstadt7_setting4_dqn_delayed_q	REAL_TEST	189	238.3	100.0	-72.04	9.47	0.21	2180	0.0000	0.0000
ingolstadt7_setting4_dqn_delayed_q	REAL_TEST	192	285.8	100.0	-104.42	13.71	0.24	2399	0.0000	0.0000
ingolstadt7_setting4_dqn_delayed_q	REAL_TEST	195	362.5	100.0	-114.94	15.04	0.24	2148	0.0000	0.0000
ingolstadt7_setting4_dqn_delayed_q	REAL_TEST	198	395.6	100.0	-114.72	14.89	0.23	1844	0.0000	0.0000
ingolstadt7_setting4_dqn_delayed_q	REAL_TEST	201	459.8	100.0	-100.21	12.82	0.21	1402	0.0000	0.0000
ingolstadt7_setting4_dqn_delayed_q	REAL_TEST	204	670.5	100.0	-122.09	15.44	0.23	955	0.0000	0.0000
ingolstadt7_setting4_dqn_delayed_q	REAL_TEST	207	625.4	100.0	-126.78	16.01	0.24	1053	0.0000	0.0000
ingolstadt7_setting4_dqn_delayed_q	REAL_TEST	210	201.9	100.0	-58.99	8.29	0.21	2426	0.0000	0.0000
ingolstadt7_setting4_dqn_delayed_q	REAL_TEST	213	373.1	100.0	-108.01	13.88	0.22	2091	0.0000	0.0000
ingolstadt7_setting4_dqn_delayed_q	REAL_TEST	216	352.9	100.0	-112.56	14.79	0.24	2259	0.0000	0.0000
ingolstadt7_setting4_dqn_delayed_q	REAL_TEST	219	483.3	100.0	-139.60	18.04	0.28	1897	0.0000	0.0000
ingolstadt7_setting4_dqn_delayed_q	REAL_TEST	222	608.7	100.0	-122.96	15.72	0.25	1122	0.0000	0.0000
ingolstadt7_setting4_dqn_delayed_q	REAL_TEST	225	402.5	100.0	-107.33	13.93	0.23	1948	0.0000	0.0000
ingolstadt7_setting4_dqn_delayed_q	REAL_TEST	228	404.6	100.0	-106.58	13.82	0.24	1966	0.0000	0.0000
ingolstadt7_setting4_dqn_delayed_q	REAL_TEST	231	358.9	100.0	-94.86	12.32	0.22	2018	0.0000	0.0000
ingolstadt7_setting4_dqn_delayed_q	REAL_TEST	234	391.4	100.0	-97.65	12.54	0.23	1871	0.0000	0.0000
ingolstadt7_setting4_dqn_delayed_q	REAL_TEST	237	368.4	100.0	-99.18	12.92	0.22	2013	0.0000	0.0000
ingolstadt7_setting4_dqn_delayed_q	REAL_TEST	240	479.6	100.0	-116.49	14.96	0.23	1410	0.0000	0.0000
ingolstadt7_setting4_dqn_delayed_q	REAL_TEST	243	569.4	100.0	-117.96	14.90	0.23	1196	0.0000	0.0000
ingolstadt7_setting4_dqn_delayed_q	REAL_TEST	246	697.7	100.0	-122.55	15.52	0.23	936	0.0000	0.0000
ingolstadt7_setting4_dqn_delayed_q	REAL_TEST	249	717.6	100.0	-124.34	15.73	0.23	877	0.0000	0.0000
ingolstadt7_setting4_dqn_delayed_q	REAL_TEST	252	411.2	100.0	-110.39	14.39	0.23	1891	0.0000	0.0000
ingolstadt7_setting4_dqn_delayed_q	REAL_TEST	255	325.1	100.0	-103.41	13.53	0.24	2184	0.0000	0.0000
ingolstadt7_setting4_dqn_delayed_q	REAL_TEST	258	311.0	100.0	-101.20	13.35	0.22	2032	0.0000	0.0000
ingolstadt7_setting4_dqn_delayed_q	REAL_TEST	261	247.5	100.0	-80.16	10.38	0.21	2230	0.0000	0.0000
ingolstadt7_setting4_dqn_delayed_q	REAL_TEST	264	377.4	100.0	-97.50	12.62	0.21	1811	0.0000	0.0000
ingolstadt7_setting4_dqn_delayed_q	REAL_TEST	267	279.8	100.0	-89.85	11.83	0.22	2259	0.0000	0.0000
ingolstadt7_setting4_dqn_delayed_q	REAL_TEST	270	276.0	100.0	-92.64	12.31	0.23	2357	0.0000	0.0000
ingolstadt7_setting4_dqn_delayed_q	REAL_TEST	273	209.5	100.0	-56.45	7.94	0.21	2564	0.0000	0.0000
ingolstadt7_setting4_dqn_delayed_q	REAL_TEST	276	322.8	100.0	-99.08	13.08	0.22	2212	0.0000	0.0000
ingolstadt7_setting4_dqn_delayed_q	REAL_TEST	279	360.4	100.0	-109.32	14.35	0.24	2197	0.0000	0.0000
ingolstadt7_setting4_dqn_delayed_q	REAL_TEST	282	304.3	100.0	-108.86	14.54	0.25	2322	0.0000	0.0000
ingolstadt7_setting4_dqn_delayed_q	REAL_TEST	285	306.1	100.0	-98.23	13.14	0.23	2220	0.0000	0.0000
ingolstadt7_setting4_dqn_delayed_q	REAL_TEST	288	329.1	100.0	-97.25	12.89	0.22	2172	0.0000	0.0000
ingolstadt7_setting4_dqn_delayed_q	REAL_TEST	291	317.7	100.0	-88.50	11.60	0.21	2050	0.0000	0.0000
ingolstadt7_setting4_dqn_delayed_q	REAL_TEST	294	306.7	100.0	-88.77	11.58	0.22	2087	0.0000	0.0000
ingolstadt7_setting4_dqn_delayed_q	REAL_TEST	297	416.7	100.0	-110.13	14.30	0.23	1634	0.0000	0.0000
