bullhead_3_setting1_presslight_prlight	SIM_TRAIN	0	655.7	0.0	-108.66	125.37	0.76	2883	0.0000	0.0000
bullhead_3_setting1_presslight_prlight	SIM_TRAIN	1	509.6	0.0	-71.89	96.41	0.75	3539	0.0000	0.0000
bullhead_3_setting1_presslight_prlight	SIM_TRAIN	2	513.6	1051.7	-97.99	108.98	0.76	2763	0.0000	0.0000
bullhead_3_setting1_presslight_prlight	SIM_TRAIN	3	572.7	1575.8	-95.34	132.32	0.79	2839	0.0000	0.0000
bullhead_3_setting1_presslight_prlight	REAL_TEST	3	894.6	100.0	-124.97	126.74	0.79	1774	0.0000	0.0000
bullhead_3_setting1_presslight_prlight	SIM_TRAIN	4	668.4	1911.4	-185.85	144.45	0.80	3110	0.0000	0.0000
bullhead_3_setting1_presslight_prlight	SIM_TRAIN	5	276.7	1925.8	-85.43	42.72	0.77	4040	0.0000	0.0000
bullhead_3_setting1_presslight_prlight	SIM_TRAIN	6	384.4	1826.5	-87.24	71.75	0.78	4028	0.0000	0.0000
bullhead_3_setting1_presslight_prlight	REAL_TEST	6	504.9	100.0	-105.82	83.87	0.76	2779	0.0000	0.0000
bullhead_3_setting1_presslight_prlight	SIM_TRAIN	7	294.1	1783.1	-86.37	47.21	0.77	3954	0.0000	0.0000
bullhead_3_setting1_presslight_prlight	SIM_TRAIN	8	325.8	1758.2	-68.10	50.41	0.78	3803	0.0000	0.0000
bullhead_3_setting1_presslight_prlight	SIM_TRAIN	9	356.2	1757.5	-66.23	51.92	0.78	3750	0.0000	0.0000
bullhead_3_setting1_presslight_prlight	REAL_TEST	9	271.3	100.0	-121.20	42.39	0.74	3395	0.0000	0.0000
bullhead_3_setting1_presslight_prlight	SIM_TRAIN	10	272.7	1673.3	-60.66	43.23	0.79	3866	0.0000	0.0000
bullhead_3_setting1_presslight_prlight	SIM_TRAIN	11	301.6	1626.8	-77.54	47.26	0.78	3889	0.0000	0.0000
bullhead_3_setting1_presslight_prlight	SIM_TRAIN	12	335.5	1574.7	-92.21	46.72	0.79	3691	0.0000	0.0000
bullhead_3_setting1_presslight_prlight	REAL_TEST	12	233.6	100.0	-112.66	33.91	0.73	3471	0.0000	0.0000
bullhead_3_setting1_presslight_prlight	SIM_TRAIN	13	260.8	1566.7	-55.57	28.90	0.78	3806	0.0000	0.0000
bullhead_3_setting1_presslight_prlight	SIM_TRAIN	14	262.1	1617.5	-78.09	43.02	0.80	3893	0.0000	0.0000
bullhead_3_setting1_presslight_prlight	SIM_TRAIN	15	387.0	1495.9	-72.60	58.60	0.78	3719	0.0000	0.0000
bullhead_3_setting1_presslight_prlight	REAL_TEST	15	216.5	100.0	-98.45	32.06	0.75	3916	0.0000	0.0000
bullhead_3_setting1_presslight_prlight	SIM_TRAIN	16	273.2	1451.5	-68.35	36.81	0.79	3825	0.0000	0.0000
bullhead_3_setting1_presslight_prlight	SIM_TRAIN	17	320.6	1323.7	-73.02	46.36	0.79	3923	0.0000	0.0000
bullhead_3_setting1_presslight_prlight	SIM_TRAIN	18	307.5	1223.4	-80.05	45.42	0.78	3668	0.0000	0.0000
bullhead_3_setting1_presslight_prlight	REAL_TEST	18	514.0	100.0	-125.26	81.88	0.79	2543	0.0000	0.0000
bullhead_3_setting1_presslight_prlight	SIM_TRAIN	19	338.6	1191.4	-56.76	47.65	0.76	3751	0.0000	0.0000
bullhead_3_setting1_presslight_prlight	SIM_TRAIN	20	300.5	1102.8	-59.14	39.48	0.76	3652	0.0000	0.0000
bullhead_3_setting1_presslight_prlight	SIM_TRAIN	21	357.7	1006.5	-66.72	57.30	0.80	3679	0.0000	0.0000
bullhead_3_setting1_presslight_prlight	REAL_TEST	21	427.5	100.0	-124.88	71.16	0.77	2815	0.0000	0.0000
bullhead_3_setting1_presslight_prlight	SIM_TRAIN	22	277.4	923.9	-67.05	40.76	0.79	3800	0.0000	0.0000
bullhead_3_setting1_presslight_prlight	SIM_TRAIN	23	240.6	855.0	-65.38	33.83	0.76	4099	0.0000	0.0000
bullhead_3_setting1_presslight_prlight	SIM_TRAIN	24	400.5	909.9	-109.66	81.67	0.78	3592	0.0000	0.0000
bullhead_3_setting1_presslight_prlight	REAL_TEST	24	228.2	100.0	-100.21	33.81	0.74	3728	0.0000	0.0000
bullhead_3_setting1_presslight_prlight	SIM_TRAIN	25	256.3	924.1	-66.68	34.33	0.79	3965	0.0000	0.0000
bullhead_3_setting1_presslight_prlight	SIM_TRAIN	26	264.0	907.1	-72.44	37.18	0.77	4082	0.0000	0.0000
bullhead_3_setting1_presslight_prlight	SIM_TRAIN	27	254.9	888.3	-66.98	31.99	0.77	3944	0.0000	0.0000
bullhead_3_setting1_presslight_prlight	REAL_TEST	27	225.4	100.0	-98.36	32.80	0.72	3707	0.0000	0.0000
bullhead_3_setting1_presslight_prlight	SIM_TRAIN	28	317.8	907.3	-64.05	42.93	0.74	3864	0.0000	0.0000
bullhead_3_setting1_presslight_prlight	SIM_TRAIN	29	347.8	875.9	-113.26	52.88	0.79	3895	0.0000	0.0000
bullhead_3_setting1_presslight_prlight	SIM_TRAIN	30	327.1	870.6	-69.17	45.13	0.78	3754	0.0000	0.0000
bullhead_3_setting1_presslight_prlight	REAL_TEST	30	244.7	100.0	-121.01	40.46	0.77	3884	0.0000	0.0000
bullhead_3_setting1_presslight_prlight	SIM_TRAIN	31	288.9	896.7	-51.63	39.62	0.76	4095	0.0000	0.0000
bullhead_3_setting1_presslight_prlight	SIM_TRAIN	32	286.1	866.6	-54.79	33.15	0.75	4029	0.0000	0.0000
bullhead_3_setting1_presslight_prlight	SIM_TRAIN	33	316.4	875.9	-57.35	38.18	0.78	3942	0.0000	0.0000
bullhead_3_setting1_presslight_prlight	REAL_TEST	33	186.0	100.0	-79.24	21.89	0.68	4100	0.0000	0.0000
bullhead_3_setting1_presslight_prlight	SIM_TRAIN	34	278.3	839.8	-49.04	32.11	0.74	4019	0.0000	0.0000
bullhead_3_setting1_presslight_prlight	SIM_TRAIN	35	266.2	777.5	-61.47	45.99	0.76	4062	0.0000	0.0000
bullhead_3_setting1_presslight_prlight	SIM_TRAIN	36	308.8	857.4	-49.36	64.52	0.78	4074	0.0000	0.0000
bullhead_3_setting1_presslight_prlight	REAL_TEST	36	256.6	100.0	-94.91	37.80	0.71	3715	0.0000	0.0000
bullhead_3_setting1_presslight_prlight	SIM_TRAIN	37	357.9	840.9	-60.18	53.11	0.76	3805	0.0000	0.0000
bullhead_3_setting1_presslight_prlight	SIM_TRAIN	38	309.1	914.3	-58.66	44.32	0.79	3988	0.0000	0.0000
bullhead_3_setting1_presslight_prlight	SIM_TRAIN	39	397.2	931.9	-54.81	77.56	0.76	3454	0.0000	0.0000
bullhead_3_setting1_presslight_prlight	REAL_TEST	39	292.3	100.0	-131.07	49.50	0.79	3507	0.0000	0.0000
bullhead_3_setting1_presslight_prlight	SIM_TRAIN	40	343.5	963.0	-54.70	48.19	0.76	3900	0.0000	0.0000
bullhead_3_setting1_presslight_prlight	SIM_TRAIN	41	344.8	1051.9	-57.18	51.88	0.78	3922	0.0000	0.0000
bullhead_3_setting1_presslight_prlight	SIM_TRAIN	42	260.7	1085.3	-46.97	27.53	0.74	4041	0.0000	0.0000
bullhead_3_setting1_presslight_prlight	REAL_TEST	42	302.2	100.0	-117.14	48.92	0.74	3410	0.0000	0.0000
bullhead_3_setting1_presslight_prlight	SIM_TRAIN	43	267.4	1076.2	-41.38	26.70	0.74	4001	0.0000	0.0000
bullhead_3_setting1_presslight_prlight	SIM_TRAIN	44	215.0	1056.9	-50.55	23.22	0.76	4113	0.0000	0.0000
bullhead_3_setting1_presslight_prlight	SIM_TRAIN	45	283.6	1064.7	-59.94	34.47	0.77	4082	0.0000	0.0000
bullhead_3_setting1_presslight_prlight	REAL_TEST	45	354.0	100.0	-109.09	55.10	0.76	3632	0.0000	0.0000
bullhead_3_setting1_presslight_prlight	SIM_TRAIN	46	303.8	1082.4	-85.54	46.15	0.75	3961	0.0000	0.0000
bullhead_3_setting1_presslight_prlight	SIM_TRAIN	47	331.5	1131.9	-65.40	46.55	0.75	4064	0.0000	0.0000
bullhead_3_setting1_presslight_prlight	SIM_TRAIN	48	319.8	1148.1	-66.97	39.34	0.76	3963	0.0000	0.0000
bullhead_3_setting1_presslight_prlight	REAL_TEST	48	336.4	100.0	-123.37	57.81	0.78	3304	0.0000	0.0000
bullhead_3_setting1_presslight_prlight	SIM_TRAIN	49	239.9	1139.2	-53.95	28.47	0.74	4053	0.0000	0.0000
bullhead_3_setting1_presslight_prlight	SIM_TRAIN	50	234.7	1084.1	-55.41	33.82	0.75	4139	0.0000	0.0000
bullhead_3_setting1_presslight_prlight	SIM_TRAIN	51	309.4	1004.9	-68.61	51.86	0.80	4088	0.0000	0.0000
bullhead_3_setting1_presslight_prlight	REAL_TEST	51	303.8	100.0	-125.44	51.61	0.74	3297	0.0000	0.0000
bullhead_3_setting1_presslight_prlight	SIM_TRAIN	52	237.5	953.3	-74.24	37.29	0.80	4083	0.0000	0.0000
bullhead_3_setting1_presslight_prlight	SIM_TRAIN	53	283.6	893.1	-87.47	46.93	0.80	3960	0.0000	0.0000
bullhead_3_setting1_presslight_prlight	SIM_TRAIN	54	234.9	891.6	-55.13	32.06	0.79	4107	0.0000	0.0000
bullhead_3_setting1_presslight_prlight	REAL_TEST	54	180.6	100.0	-75.75	19.49	0.69	4035	0.0000	0.0000
bullhead_3_setting1_presslight_prlight	SIM_TRAIN	55	273.6	825.6	-67.35	34.91	0.79	3898	0.0000	0.0000
bullhead_3_setting1_presslight_prlight	SIM_TRAIN	56	224.0	792.9	-62.32	31.49	0.77	4021	0.0000	0.0000
bullhead_3_setting1_presslight_prlight	SIM_TRAIN	57	335.9	854.7	-66.37	62.50	0.76	3898	0.0000	0.0000
bullhead_3_setting1_presslight_prlight	REAL_TEST	57	286.1	100.0	-105.77	44.58	0.76	3693	0.0000	0.0000
bullhead_3_setting1_presslight_prlight	SIM_TRAIN	58	258.6	979.5	-66.04	36.23	0.77	4061	0.0000	0.0000
bullhead_3_setting1_presslight_prlight	SIM_TRAIN	59	273.9	963.1	-72.32	40.99	0.78	3798	0.0000	0.0000
bullhead_3_setting1_presslight_prlight	SIM_TRAIN	60	331.1	882.5	-62.68	46.39	0.79	3867	0.0000	0.0000
bullhead_3_setting1_presslight_prlight	REAL_TEST	60	257.4	100.0	-100.33	38.42	0.73	3874	0.0000	0.0000
bullhead_3_setting1_presslight_prlight	SIM_TRAIN	61	312.1	861.2	-66.81	44.40	0.79	3932	0.0000	0.0000
bullhead_3_setting1_presslight_prlight	SIM_TRAIN	62	233.3	992.7	-50.25	33.94	0.76	4041	0.0000	0.0000
bullhead_3_setting1_presslight_prlight	SIM_TRAIN	63	235.1	1059.6	-39.84	35.33	0.76	4192	0.0000	0.0000
bullhead_3_setting1_presslight_prlight	REAL_TEST	63	249.8	100.0	-80.18	33.68	0.70	3980	0.0000	0.0000
bullhead_3_setting1_presslight_prlight	SIM_TRAIN	64	220.1	985.6	-48.22	33.18	0.77	4172	0.0000	0.0000
bullhead_3_setting1_presslight_prlight	SIM_TRAIN	65	223.7	943.1	-44.85	33.61	0.73	4008	0.0000	0.0000
bullhead_3_setting1_presslight_prlight	SIM_TRAIN	66	246.6	952.0	-51.33	40.05	0.74	4019	0.0000	0.0000
bullhead_3_setting1_presslight_prlight	REAL_TEST	66	452.3	100.0	-103.40	69.19	0.75	3299	0.0000	0.0000
bullhead_3_setting1_presslight_prlight	SIM_TRAIN	67	268.5	1052.1	-49.48	33.58	0.73	3905	0.0000	0.0000
bullhead_3_setting1_presslight_prlight	SIM_TRAIN	68	456.9	1139.0	-63.79	98.44	0.75	3725	0.0000	0.0000
bullhead_3_setting1_presslight_prlight	SIM_TRAIN	69	361.0	1333.0	-72.69	59.83	0.80	4019	0.0000	0.0000
bullhead_3_setting1_presslight_prlight	REAL_TEST	69	350.8	100.0	-103.18	54.03	0.75	3640	0.0000	0.0000
bullhead_3_setting1_presslight_prlight	SIM_TRAIN	70	314.9	1426.9	-54.93	54.62	0.73	3717	0.0000	0.0000
bullhead_3_setting1_presslight_prlight	SIM_TRAIN	71	310.6	1414.9	-84.73	39.05	0.74	3994	0.0000	0.0000
bullhead_3_setting1_presslight_prlight	SIM_TRAIN	72	289.5	1380.2	-72.07	39.43	0.78	4057	0.0000	0.0000
bullhead_3_setting1_presslight_prlight	REAL_TEST	72	274.0	100.0	-103.70	43.47	0.70	3848	0.0000	0.0000
bullhead_3_setting1_presslight_prlight	SIM_TRAIN	73	276.7	1372.0	-74.88	48.01	0.79	4032	0.0000	0.0000
bullhead_3_setting1_presslight_prlight	SIM_TRAIN	74	251.3	1386.9	-55.22	38.80	0.76	4080	0.0000	0.0000
bullhead_3_setting1_presslight_prlight	SIM_TRAIN	75	290.7	1384.6	-57.63	49.92	0.77	3778	0.0000	0.0000
bullhead_3_setting1_presslight_prlight	REAL_TEST	75	214.8	100.0	-84.84	27.36	0.70	3914	0.0000	0.0000
bullhead_3_setting1_presslight_prlight	SIM_TRAIN	76	244.2	1339.2	-60.98	34.90	0.77	3993	0.0000	0.0000
bullhead_3_setting1_presslight_prlight	SIM_TRAIN	77	211.6	1314.6	-57.55	27.14	0.78	4054	0.0000	0.0000
bullhead_3_setting1_presslight_prlight	SIM_TRAIN	78	273.0	1303.3	-99.36	49.20	0.75	4079	0.0000	0.0000
bullhead_3_setting1_presslight_prlight	REAL_TEST	78	225.6	100.0	-89.06	32.09	0.69	3903	0.0000	0.0000
bullhead_3_setting1_presslight_prlight	SIM_TRAIN	79	274.5	1356.8	-87.28	48.06	0.79	3990	0.0000	0.0000
bullhead_3_setting1_presslight_prlight	SIM_TRAIN	80	397.4	1328.1	-81.26	44.29	0.79	3776	0.0000	0.0000
bullhead_3_setting1_presslight_prlight	SIM_TRAIN	81	223.8	1300.2	-58.07	36.67	0.76	4167	0.0000	0.0000
bullhead_3_setting1_presslight_prlight	REAL_TEST	81	232.2	100.0	-89.93	33.16	0.71	3744	0.0000	0.0000
bullhead_3_setting1_presslight_prlight	SIM_TRAIN	82	275.9	1209.0	-62.09	33.43	0.79	4143	0.0000	0.0000
bullhead_3_setting1_presslight_prlight	SIM_TRAIN	83	225.7	1021.4	-59.26	27.68	0.77	4033	0.0000	0.0000
bullhead_3_setting1_presslight_prlight	SIM_TRAIN	84	208.0	922.8	-49.49	26.16	0.76	4094	0.0000	0.0000
bullhead_3_setting1_presslight_prlight	REAL_TEST	84	202.8	100.0	-88.36	27.48	0.70	3959	0.0000	0.0000
bullhead_3_setting1_presslight_prlight	SIM_TRAIN	85	264.0	878.8	-46.19	45.71	0.76	3986	0.0000	0.0000
bullhead_3_setting1_presslight_prlight	SIM_TRAIN	86	255.2	946.7	-61.41	41.87	0.77	3945	0.0000	0.0000
bullhead_3_setting1_presslight_prlight	SIM_TRAIN	87	339.2	994.8	-68.73	48.71	0.78	3801	0.0000	0.0000
bullhead_3_setting1_presslight_prlight	REAL_TEST	87	314.9	100.0	-102.72	51.14	0.73	3444	0.0000	0.0000
bullhead_3_setting1_presslight_prlight	SIM_TRAIN	88	294.5	1000.0	-56.23	30.83	0.76	3969	0.0000	0.0000
bullhead_3_setting1_presslight_prlight	SIM_TRAIN	89	365.5	991.8	-74.32	51.50	0.77	3699	0.0000	0.0000
bullhead_3_setting1_presslight_prlight	SIM_TRAIN	90	264.0	1062.9	-61.31	33.08	0.77	4075	0.0000	0.0000
bullhead_3_setting1_presslight_prlight	REAL_TEST	90	299.3	100.0	-103.77	48.90	0.74	3791	0.0000	0.0000
bullhead_3_setting1_presslight_prlight	SIM_TRAIN	91	297.2	1095.6	-74.92	50.04	0.77	3833	0.0000	0.0000
bullhead_3_setting1_presslight_prlight	SIM_TRAIN	92	308.3	1158.9	-74.67	47.81	0.80	4040	0.0000	0.0000
bullhead_3_setting1_presslight_prlight	SIM_TRAIN	93	480.4	1154.3	-92.71	70.32	0.82	3670	0.0000	0.0000
bullhead_3_setting1_presslight_prlight	REAL_TEST	93	219.6	100.0	-94.08	30.35	0.71	3959	0.0000	0.0000
bullhead_3_setting1_presslight_prlight	SIM_TRAIN	94	313.6	1079.9	-43.75	38.50	0.73	4010	0.0000	0.0000
bullhead_3_setting1_presslight_prlight	SIM_TRAIN	95	357.1	1100.0	-70.86	43.09	0.79	3822	0.0000	0.0000
bullhead_3_setting1_presslight_prlight	SIM_TRAIN	96	258.3	1130.4	-66.20	40.76	0.80	4099	0.0000	0.0000
bullhead_3_setting1_presslight_prlight	REAL_TEST	96	239.8	100.0	-102.60	37.57	0.73	3856	0.0000	0.0000
bullhead_3_setting1_presslight_prlight	SIM_TRAIN	97	331.3	1174.1	-61.53	38.44	0.77	4011	0.0000	0.0000
bullhead_3_setting1_presslight_prlight	SIM_TRAIN	98	284.1	1139.2	-90.05	44.51	0.79	4105	0.0000	0.0000
bullhead_3_setting1_presslight_prlight	SIM_TRAIN	99	260.4	1121.7	-56.13	42.85	0.77	3908	0.0000	0.0000
bullhead_3_setting1_presslight_prlight	REAL_TEST	99	250.8	100.0	-103.45	37.95	0.73	3889	0.0000	0.0000
bullhead_3_setting1_presslight_prlight	SIM_TRAIN	100	261.2	1137.9	-66.16	43.63	0.78	3988	0.0000	0.0000
bullhead_3_setting1_presslight_prlight	SIM_TRAIN	101	255.5	1121.6	-66.07	38.14	0.79	3984	0.0000	0.0000
bullhead_3_setting1_presslight_prlight	SIM_TRAIN	102	245.8	1026.5	-54.00	39.73	0.75	3809	0.0000	0.0000
bullhead_3_setting1_presslight_prlight	REAL_TEST	102	281.7	100.0	-114.85	46.09	0.70	3752	0.0000	0.0000
bullhead_3_setting1_presslight_prlight	SIM_TRAIN	103	285.3	1006.2	-66.99	57.25	0.80	3936	0.0000	0.0000
bullhead_3_setting1_presslight_prlight	SIM_TRAIN	104	241.1	1049.4	-49.26	29.96	0.75	4149	0.0000	0.0000
bullhead_3_setting1_presslight_prlight	SIM_TRAIN	105	268.8	1036.1	-62.13	39.29	0.76	4093	0.0000	0.0000
bullhead_3_setting1_presslight_prlight	REAL_TEST	105	245.7	100.0	-85.50	33.03	0.74	3736	0.0000	0.0000
bullhead_3_setting1_presslight_prlight	SIM_TRAIN	106	246.2	1008.2	-61.60	42.54	0.78	4013	0.0000	0.0000
bullhead_3_setting1_presslight_prlight	SIM_TRAIN	107	253.3	919.4	-88.41	43.16	0.73	3821	0.0000	0.0000
bullhead_3_setting1_presslight_prlight	SIM_TRAIN	108	240.5	939.8	-63.70	36.96	0.78	4055	0.0000	0.0000
bullhead_3_setting1_presslight_prlight	REAL_TEST	108	349.8	100.0	-103.29	53.07	0.72	3696	0.0000	0.0000
bullhead_3_setting1_presslight_prlight	SIM_TRAIN	109	232.9	969.1	-55.88	28.89	0.75	4184	0.0000	0.0000
bullhead_3_setting1_presslight_prlight	SIM_TRAIN	110	242.4	921.2	-63.68	35.96	0.79	4027	0.0000	0.0000
bullhead_3_setting1_presslight_prlight	SIM_TRAIN	111	250.6	874.2	-60.77	37.31	0.78	4169	0.0000	0.0000
bullhead_3_setting1_presslight_prlight	REAL_TEST	111	436.5	100.0	-100.40	68.03	0.75	3318	0.0000	0.0000
bullhead_3_setting1_presslight_prlight	SIM_TRAIN	112	264.0	807.0	-53.09	37.89	0.77	4109	0.0000	0.0000
bullhead_3_setting1_presslight_prlight	SIM_TRAIN	113	255.6	826.7	-60.63	35.24	0.74	4092	0.0000	0.0000
bullhead_3_setting1_presslight_prlight	SIM_TRAIN	114	260.4	804.9	-53.86	33.10	0.78	4117	0.0000	0.0000
bullhead_3_setting1_presslight_prlight	REAL_TEST	114	309.1	100.0	-110.04	46.98	0.74	3419	0.0000	0.0000
bullhead_3_setting1_presslight_prlight	SIM_TRAIN	115	312.5	811.5	-56.45	42.41	0.78	3803	0.0000	0.0000
bullhead_3_setting1_presslight_prlight	SIM_TRAIN	116	251.9	819.0	-62.68	32.87	0.75	3986	0.0000	0.0000
bullhead_3_setting1_presslight_prlight	SIM_TRAIN	117	341.6	776.3	-101.06	55.92	0.75	4096	0.0000	0.0000
bullhead_3_setting1_presslight_prlight	REAL_TEST	117	337.3	100.0	-117.92	54.63	0.72	3625	0.0000	0.0000
bullhead_3_setting1_presslight_prlight	SIM_TRAIN	118	261.4	791.9	-57.78	46.55	0.74	3753	0.0000	0.0000
bullhead_3_setting1_presslight_prlight	SIM_TRAIN	119	293.8	848.4	-51.99	37.30	0.75	4042	0.0000	0.0000
bullhead_3_setting1_presslight_prlight	SIM_TRAIN	120	420.6	897.4	-68.91	70.16	0.82	3620	0.0000	0.0000
bullhead_3_setting1_presslight_prlight	REAL_TEST	120	348.6	100.0	-113.63	59.97	0.74	3437	0.0000	0.0000
bullhead_3_setting1_presslight_prlight	SIM_TRAIN	121	329.9	863.0	-72.15	43.76	0.79	3749	0.0000	0.0000
bullhead_3_setting1_presslight_prlight	SIM_TRAIN	122	276.4	844.7	-71.99	40.29	0.79	4043	0.0000	0.0000
bullhead_3_setting1_presslight_prlight	SIM_TRAIN	123	276.6	893.5	-65.15	35.16	0.80	4066	0.0000	0.0000
bullhead_3_setting1_presslight_prlight	REAL_TEST	123	294.2	100.0	-108.57	43.04	0.73	3705	0.0000	0.0000
bullhead_3_setting1_presslight_prlight	SIM_TRAIN	124	251.7	877.2	-61.84	37.12	0.79	4118	0.0000	0.0000
bullhead_3_setting1_presslight_prlight	SIM_TRAIN	125	261.7	881.5	-68.13	35.54	0.74	4011	0.0000	0.0000
bullhead_3_setting1_presslight_prlight	SIM_TRAIN	126	308.4	863.6	-75.58	50.88	0.78	3684	0.0000	0.0000
bullhead_3_setting1_presslight_prlight	REAL_TEST	126	421.1	100.0	-112.93	64.91	0.74	3327	0.0000	0.0000
bullhead_3_setting1_presslight_prlight	SIM_TRAIN	127	281.5	944.3	-50.16	41.51	0.77	4120	0.0000	0.0000
bullhead_3_setting1_presslight_prlight	SIM_TRAIN	128	359.5	1088.2	-67.01	41.46	0.78	3639	0.0000	0.0000
bullhead_3_setting1_presslight_prlight	SIM_TRAIN	129	406.8	1156.7	-76.09	76.92	0.79	3849	0.0000	0.0000
bullhead_3_setting1_presslight_prlight	REAL_TEST	129	271.8	100.0	-106.84	44.80	0.74	3716	0.0000	0.0000
bullhead_3_setting1_presslight_prlight	SIM_TRAIN	130	284.3	1226.3	-56.75	41.28	0.76	4000	0.0000	0.0000
bullhead_3_setting1_presslight_prlight	SIM_TRAIN	131	360.0	1247.5	-78.87	53.11	0.80	3895	0.0000	0.0000
bullhead_3_setting1_presslight_prlight	SIM_TRAIN	132	421.7	1276.1	-79.62	78.01	0.79	3539	0.0000	0.0000
bullhead_3_setting1_presslight_prlight	REAL_TEST	132	369.3	100.0	-110.04	66.29	0.72	2955	0.0000	0.0000
bullhead_3_setting1_presslight_prlight	SIM_TRAIN	133	280.4	1277.4	-73.27	38.87	0.76	3996	0.0000	0.0000
bullhead_3_setting1_presslight_prlight	SIM_TRAIN	134	238.4	1257.3	-67.04	35.71	0.77	3999	0.0000	0.0000
bullhead_3_setting1_presslight_prlight	SIM_TRAIN	135	386.2	1149.9	-55.00	52.61	0.74	3914	0.0000	0.0000
bullhead_3_setting1_presslight_prlight	REAL_TEST	135	310.2	100.0	-90.90	50.25	0.73	3763	0.0000	0.0000
bullhead_3_setting1_presslight_prlight	SIM_TRAIN	136	336.2	1200.9	-115.53	61.31	0.75	3762	0.0000	0.0000
bullhead_3_setting1_presslight_prlight	SIM_TRAIN	137	365.6	1160.6	-84.30	67.49	0.80	3901	0.0000	0.0000
bullhead_3_setting1_presslight_prlight	SIM_TRAIN	138	296.8	1164.6	-87.27	45.46	0.78	3968	0.0000	0.0000
bullhead_3_setting1_presslight_prlight	REAL_TEST	138	243.9	100.0	-91.27	37.79	0.69	3786	0.0000	0.0000
bullhead_3_setting1_presslight_prlight	SIM_TRAIN	139	355.2	1124.6	-120.46	70.87	0.76	3449	0.0000	0.0000
bullhead_3_setting1_presslight_prlight	SIM_TRAIN	140	377.9	1141.5	-116.33	69.87	0.74	3778	0.0000	0.0000
bullhead_3_setting1_presslight_prlight	SIM_TRAIN	141	394.0	1153.8	-65.71	71.60	0.79	3948	0.0000	0.0000
bullhead_3_setting1_presslight_prlight	REAL_TEST	141	253.4	100.0	-92.74	37.77	0.70	3787	0.0000	0.0000
bullhead_3_setting1_presslight_prlight	SIM_TRAIN	142	296.2	1168.5	-101.64	53.65	0.76	3778	0.0000	0.0000
bullhead_3_setting1_presslight_prlight	SIM_TRAIN	143	360.6	1204.7	-77.28	75.23	0.78	3978	0.0000	0.0000
bullhead_3_setting1_presslight_prlight	SIM_TRAIN	144	333.8	1182.3	-96.09	65.28	0.74	4001	0.0000	0.0000
bullhead_3_setting1_presslight_prlight	REAL_TEST	144	230.2	100.0	-89.35	35.23	0.71	3900	0.0000	0.0000
bullhead_3_setting1_presslight_prlight	SIM_TRAIN	145	342.6	1243.5	-56.70	58.26	0.77	4049	0.0000	0.0000
bullhead_3_setting1_presslight_prlight	SIM_TRAIN	146	242.9	1239.9	-53.15	34.22	0.76	4029	0.0000	0.0000
bullhead_3_setting1_presslight_prlight	SIM_TRAIN	147	257.8	1123.5	-51.22	36.87	0.76	4090	0.0000	0.0000
bullhead_3_setting1_presslight_prlight	REAL_TEST	147	302.9	100.0	-98.20	50.86	0.71	3710	0.0000	0.0000
bullhead_3_setting1_presslight_prlight	SIM_TRAIN	148	308.9	1099.2	-72.62	57.87	0.79	3753	0.0000	0.0000
bullhead_3_setting1_presslight_prlight	SIM_TRAIN	149	263.5	1168.5	-56.55	47.38	0.74	3998	0.0000	0.0000
bullhead_3_setting1_presslight_prlight	SIM_TRAIN	150	308.0	1148.6	-69.49	62.83	0.79	3814	0.0000	0.0000
bullhead_3_setting1_presslight_prlight	REAL_TEST	150	434.9	100.0	-98.79	73.18	0.76	3106	0.0000	0.0000
bullhead_3_setting1_presslight_prlight	SIM_TRAIN	151	316.0	1140.4	-56.27	58.27	0.79	4036	0.0000	0.0000
bullhead_3_setting1_presslight_prlight	SIM_TRAIN	152	292.9	1179.9	-80.91	51.68	0.79	3924	0.0000	0.0000
bullhead_3_setting1_presslight_prlight	SIM_TRAIN	153	233.7	1177.2	-50.74	29.55	0.75	3955	0.0000	0.0000
bullhead_3_setting1_presslight_prlight	REAL_TEST	153	239.4	100.0	-95.43	36.71	0.74	3826	0.0000	0.0000
bullhead_3_setting1_presslight_prlight	SIM_TRAIN	154	260.4	1180.8	-64.54	30.91	0.78	3865	0.0000	0.0000
bullhead_3_setting1_presslight_prlight	SIM_TRAIN	155	357.7	1143.9	-78.67	63.35	0.74	3583	0.0000	0.0000
bullhead_3_setting1_presslight_prlight	SIM_TRAIN	156	286.6	1177.8	-67.84	39.42	0.77	3908	0.0000	0.0000
bullhead_3_setting1_presslight_prlight	REAL_TEST	156	268.4	100.0	-101.13	41.44	0.73	3755	0.0000	0.0000
bullhead_3_setting1_presslight_prlight	SIM_TRAIN	157	259.0	1121.6	-65.92	38.38	0.79	3849	0.0000	0.0000
bullhead_3_setting1_presslight_prlight	SIM_TRAIN	158	222.4	1142.5	-45.80	25.20	0.76	4134	0.0000	0.0000
bullhead_3_setting1_presslight_prlight	SIM_TRAIN	159	285.9	1165.5	-63.81	44.82	0.78	3780	0.0000	0.0000
bullhead_3_setting1_presslight_prlight	REAL_TEST	159	346.1	100.0	-88.32	53.44	0.71	3277	0.0000	0.0000
bullhead_3_setting1_presslight_prlight	SIM_TRAIN	160	270.0	1154.8	-75.00	46.44	0.80	3986	0.0000	0.0000
bullhead_3_setting1_presslight_prlight	SIM_TRAIN	161	352.1	1185.8	-124.42	58.15	0.76	3887	0.0000	0.0000
bullhead_3_setting1_presslight_prlight	SIM_TRAIN	162	320.6	1232.9	-61.90	39.08	0.77	3855	0.0000	0.0000
bullhead_3_setting1_presslight_prlight	REAL_TEST	162	340.7	100.0	-89.73	51.59	0.72	3369	0.0000	0.0000
bullhead_3_setting1_presslight_prlight	SIM_TRAIN	163	295.0	1172.0	-110.76	54.21	0.79	3767	0.0000	0.0000
bullhead_3_setting1_presslight_prlight	SIM_TRAIN	164	334.5	1252.3	-73.82	59.44	0.80	3865	0.0000	0.0000
bullhead_3_setting1_presslight_prlight	SIM_TRAIN	165	317.9	1257.1	-89.62	46.06	0.79	3870	0.0000	0.0000
bullhead_3_setting1_presslight_prlight	REAL_TEST	165	223.1	100.0	-91.60	30.95	0.73	3793	0.0000	0.0000
bullhead_3_setting1_presslight_prlight	SIM_TRAIN	166	286.7	1196.9	-76.08	45.28	0.79	3783	0.0000	0.0000
bullhead_3_setting1_presslight_prlight	SIM_TRAIN	167	280.8	1257.6	-48.08	37.45	0.74	4082	0.0000	0.0000
bullhead_3_setting1_presslight_prlight	SIM_TRAIN	168	269.4	1283.2	-61.74	36.60	0.78	4093	0.0000	0.0000
bullhead_3_setting1_presslight_prlight	REAL_TEST	168	262.6	100.0	-102.84	40.70	0.72	3726	0.0000	0.0000
bullhead_3_setting1_presslight_prlight	SIM_TRAIN	169	354.4	1248.6	-73.43	70.46	0.73	3650	0.0000	0.0000
bullhead_3_setting1_presslight_prlight	SIM_TRAIN	170	302.3	1287.4	-78.16	48.18	0.76	3933	0.0000	0.0000
bullhead_3_setting1_presslight_prlight	SIM_TRAIN	171	234.1	1285.1	-54.69	27.40	0.75	4090	0.0000	0.0000
bullhead_3_setting1_presslight_prlight	REAL_TEST	171	290.1	100.0	-101.46	46.63	0.71	3327	0.0000	0.0000
bullhead_3_setting1_presslight_prlight	SIM_TRAIN	172	333.8	1316.5	-62.59	66.47	0.79	3727	0.0000	0.0000
bullhead_3_setting1_presslight_prlight	SIM_TRAIN	173	260.3	1309.6	-80.37	40.68	0.79	4048	0.0000	0.0000
bullhead_3_setting1_presslight_prlight	SIM_TRAIN	174	213.8	1311.2	-48.96	23.54	0.75	4105	0.0000	0.0000
bullhead_3_setting1_presslight_prlight	REAL_TEST	174	420.8	100.0	-85.09	64.44	0.71	3139	0.0000	0.0000
bullhead_3_setting1_presslight_prlight	SIM_TRAIN	175	266.7	1188.5	-69.03	37.22	0.72	3759	0.0000	0.0000
bullhead_3_setting1_presslight_prlight	SIM_TRAIN	176	361.3	1161.6	-70.76	59.50	0.78	4002	0.0000	0.0000
bullhead_3_setting1_presslight_prlight	SIM_TRAIN	177	273.0	1131.8	-70.92	35.99	0.78	3825	0.0000	0.0000
bullhead_3_setting1_presslight_prlight	REAL_TEST	177	263.7	100.0	-80.59	38.56	0.69	3587	0.0000	0.0000
bullhead_3_setting1_presslight_prlight	SIM_TRAIN	178	309.9	1161.7	-101.34	47.93	0.74	3910	0.0000	0.0000
bullhead_3_setting1_presslight_prlight	SIM_TRAIN	179	321.9	1092.2	-90.13	53.43	0.76	3614	0.0000	0.0000
bullhead_3_setting1_presslight_prlight	SIM_TRAIN	180	289.8	1029.6	-80.66	38.69	0.75	3927	0.0000	0.0000
bullhead_3_setting1_presslight_prlight	REAL_TEST	180	298.6	100.0	-84.37	44.41	0.72	3511	0.0000	0.0000
bullhead_3_setting1_presslight_prlight	SIM_TRAIN	181	323.1	971.2	-81.91	53.55	0.80	4067	0.0000	0.0000
bullhead_3_setting1_presslight_prlight	SIM_TRAIN	182	319.5	977.9	-68.86	45.25	0.77	4006	0.0000	0.0000
bullhead_3_setting1_presslight_prlight	SIM_TRAIN	183	307.1	975.6	-72.46	45.55	0.79	3949	0.0000	0.0000
bullhead_3_setting1_presslight_prlight	REAL_TEST	183	392.8	100.0	-125.08	66.42	0.74	3258	0.0000	0.0000
bullhead_3_setting1_presslight_prlight	SIM_TRAIN	184	314.4	970.5	-85.55	56.67	0.80	3710	0.0000	0.0000
bullhead_3_setting1_presslight_prlight	SIM_TRAIN	185	282.7	1017.0	-90.10	47.10	0.80	4077	0.0000	0.0000
bullhead_3_setting1_presslight_prlight	SIM_TRAIN	186	343.6	1087.1	-103.26	65.00	0.81	3650	0.0000	0.0000
bullhead_3_setting1_presslight_prlight	REAL_TEST	186	356.5	100.0	-91.72	56.53	0.74	3585	0.0000	0.0000
bullhead_3_setting1_presslight_prlight	SIM_TRAIN	187	359.8	1070.2	-86.93	66.23	0.79	3822	0.0000	0.0000
bullhead_3_setting1_presslight_prlight	SIM_TRAIN	188	316.1	1156.0	-90.17	52.42	0.80	3772	0.0000	0.0000
bullhead_3_setting1_presslight_prlight	SIM_TRAIN	189	260.5	1215.2	-77.82	40.94	0.80	4091	0.0000	0.0000
bullhead_3_setting1_presslight_prlight	REAL_TEST	189	318.1	100.0	-89.23	52.25	0.71	3423	0.0000	0.0000
bullhead_3_setting1_presslight_prlight	SIM_TRAIN	190	291.7	1220.1	-75.15	45.85	0.80	4070	0.0000	0.0000
bullhead_3_setting1_presslight_prlight	SIM_TRAIN	191	293.5	1249.7	-84.20	47.55	0.80	4075	0.0000	0.0000
bullhead_3_setting1_presslight_prlight	SIM_TRAIN	192	253.1	1259.6	-75.38	42.22	0.75	3931	0.0000	0.0000
bullhead_3_setting1_presslight_prlight	REAL_TEST	192	365.7	100.0	-103.29	57.88	0.73	3308	0.0000	0.0000
bullhead_3_setting1_presslight_prlight	SIM_TRAIN	193	364.5	1277.4	-101.56	57.99	0.77	3740	0.0000	0.0000
bullhead_3_setting1_presslight_prlight	SIM_TRAIN	194	257.7	1254.7	-86.53	45.57	0.74	3806	0.0000	0.0000
bullhead_3_setting1_presslight_prlight	SIM_TRAIN	195	258.8	1229.4	-77.99	39.95	0.78	3875	0.0000	0.0000
bullhead_3_setting1_presslight_prlight	REAL_TEST	195	243.2	100.0	-93.74	39.34	0.70	3533	0.0000	0.0000
bullhead_3_setting1_presslight_prlight	SIM_TRAIN	196	334.9	1258.2	-79.08	47.85	0.78	3909	0.0000	0.0000
bullhead_3_setting1_presslight_prlight	SIM_TRAIN	197	300.0	1178.5	-91.46	52.25	0.78	3887	0.0000	0.0000
bullhead_3_setting1_presslight_prlight	SIM_TRAIN	198	326.2	1178.3	-106.58	65.34	0.79	3807	0.0000	0.0000
bullhead_3_setting1_presslight_prlight	REAL_TEST	198	477.8	100.0	-141.12	91.02	0.75	2722	0.0000	0.0000
bullhead_3_setting1_presslight_prlight	SIM_TRAIN	199	254.0	1211.6	-96.76	45.14	0.75	3830	0.0000	0.0000
bullhead_3_setting1_presslight_prlight	SIM_TRAIN	200	252.8	1224.5	-67.70	29.09	0.74	4162	0.0000	0.0000
bullhead_3_setting1_presslight_prlight	SIM_TRAIN	201	313.2	1179.1	-72.16	38.44	0.77	3967	0.0000	0.0000
bullhead_3_setting1_presslight_prlight	REAL_TEST	201	254.1	100.0	-95.42	37.59	0.73	3810	0.0000	0.0000
bullhead_3_setting1_presslight_prlight	SIM_TRAIN	202	285.5	1095.5	-61.39	40.17	0.74	4005	0.0000	0.0000
bullhead_3_setting1_presslight_prlight	SIM_TRAIN	203	275.5	1044.1	-88.95	46.55	0.76	3972	0.0000	0.0000
bullhead_3_setting1_presslight_prlight	SIM_TRAIN	204	287.5	1076.3	-102.82	50.09	0.78	3991	0.0000	0.0000
bullhead_3_setting1_presslight_prlight	REAL_TEST	204	446.7	100.0	-134.83	82.39	0.77	2784	0.0000	0.0000
bullhead_3_setting1_presslight_prlight	SIM_TRAIN	205	314.9	1183.9	-96.51	46.79	0.76	4074	0.0000	0.0000
bullhead_3_setting1_presslight_prlight	SIM_TRAIN	206	309.0	1244.6	-61.65	42.57	0.75	3905	0.0000	0.0000
bullhead_3_setting1_presslight_prlight	SIM_TRAIN	207	442.8	1178.6	-116.79	108.20	0.78	3667	0.0000	0.0000
bullhead_3_setting1_presslight_prlight	REAL_TEST	207	686.9	100.0	-134.34	107.40	0.80	2585	0.0000	0.0000
bullhead_3_setting1_presslight_prlight	SIM_TRAIN	208	250.2	1268.6	-74.70	42.85	0.79	4169	0.0000	0.0000
bullhead_3_setting1_presslight_prlight	SIM_TRAIN	209	275.0	1223.4	-71.22	38.38	0.75	3874	0.0000	0.0000
bullhead_3_setting1_presslight_prlight	SIM_TRAIN	210	326.1	1278.6	-119.09	46.14	0.78	4140	0.0000	0.0000
bullhead_3_setting1_presslight_prlight	REAL_TEST	210	224.8	100.0	-95.70	31.83	0.73	3671	0.0000	0.0000
bullhead_3_setting1_presslight_prlight	SIM_TRAIN	211	298.5	1262.3	-89.00	50.89	0.80	3914	0.0000	0.0000
bullhead_3_setting1_presslight_prlight	SIM_TRAIN	212	284.8	1227.0	-71.87	37.19	0.80	4128	0.0000	0.0000
bullhead_3_setting1_presslight_prlight	SIM_TRAIN	213	301.2	1134.6	-81.42	48.36	0.80	4087	0.0000	0.0000
bullhead_3_setting1_presslight_prlight	REAL_TEST	213	262.2	100.0	-100.46	38.73	0.71	3646	0.0000	0.0000
bullhead_3_setting1_presslight_prlight	SIM_TRAIN	214	264.1	1009.7	-73.56	36.34	0.79	4119	0.0000	0.0000
bullhead_3_setting1_presslight_prlight	SIM_TRAIN	215	338.0	1036.1	-71.90	63.95	0.78	3776	0.0000	0.0000
bullhead_3_setting1_presslight_prlight	SIM_TRAIN	216	267.4	1003.9	-66.38	40.42	0.79	3972	0.0000	0.0000
bullhead_3_setting1_presslight_prlight	REAL_TEST	216	194.0	100.0	-81.51	22.50	0.68	3775	0.0000	0.0000
bullhead_3_setting1_presslight_prlight	SIM_TRAIN	217	287.0	1075.3	-71.50	50.75	0.80	4007	0.0000	0.0000
bullhead_3_setting1_presslight_prlight	SIM_TRAIN	218	291.7	1116.5	-56.92	42.43	0.79	3904	0.0000	0.0000
bullhead_3_setting1_presslight_prlight	SIM_TRAIN	219	242.5	1128.0	-60.19	32.64	0.80	4077	0.0000	0.0000
bullhead_3_setting1_presslight_prlight	REAL_TEST	219	291.4	100.0	-100.16	44.61	0.75	3411	0.0000	0.0000
bullhead_3_setting1_presslight_prlight	SIM_TRAIN	220	301.3	1147.1	-70.79	55.62	0.79	3745	0.0000	0.0000
bullhead_3_setting1_presslight_prlight	SIM_TRAIN	221	295.9	1099.3	-88.64	45.77	0.77	4114	0.0000	0.0000
bullhead_3_setting1_presslight_prlight	SIM_TRAIN	222	354.7	1102.4	-99.64	65.80	0.80	4059	0.0000	0.0000
bullhead_3_setting1_presslight_prlight	REAL_TEST	222	275.5	100.0	-103.39	43.59	0.72	3581	0.0000	0.0000
bullhead_3_setting1_presslight_prlight	SIM_TRAIN	223	371.7	1200.4	-92.48	67.31	0.79	3646	0.0000	0.0000
bullhead_3_setting1_presslight_prlight	SIM_TRAIN	224	304.2	1263.1	-72.14	55.52	0.80	3653	0.0000	0.0000
bullhead_3_setting1_presslight_prlight	SIM_TRAIN	225	342.5	1238.1	-95.20	56.85	0.74	3265	0.0000	0.0000
bullhead_3_setting1_presslight_prlight	REAL_TEST	225	248.6	100.0	-93.06	36.76	0.72	3482	0.0000	0.0000
bullhead_3_setting1_presslight_prlight	SIM_TRAIN	226	264.1	1350.1	-64.54	43.46	0.76	3865	0.0000	0.0000
bullhead_3_setting1_presslight_prlight	SIM_TRAIN	227	584.0	1498.5	-126.97	83.99	0.76	3221	0.0000	0.0000
bullhead_3_setting1_presslight_prlight	SIM_TRAIN	228	335.1	1526.2	-70.97	42.59	0.78	3751	0.0000	0.0000
bullhead_3_setting1_presslight_prlight	REAL_TEST	228	249.8	100.0	-96.65	37.70	0.71	3689	0.0000	0.0000
bullhead_3_setting1_presslight_prlight	SIM_TRAIN	229	290.6	1499.9	-65.66	38.13	0.78	3844	0.0000	0.0000
bullhead_3_setting1_presslight_prlight	SIM_TRAIN	230	562.9	1523.8	-94.62	107.01	0.77	3669	0.0000	0.0000
bullhead_3_setting1_presslight_prlight	SIM_TRAIN	231	361.0	1588.0	-88.93	54.04	0.76	3690	0.0000	0.0000
bullhead_3_setting1_presslight_prlight	REAL_TEST	231	509.6	100.0	-105.07	82.80	0.76	2629	0.0000	0.0000
bullhead_3_setting1_presslight_prlight	SIM_TRAIN	232	306.7	1542.0	-61.44	40.15	0.78	4082	0.0000	0.0000
bullhead_3_setting1_presslight_prlight	SIM_TRAIN	233	322.2	1496.8	-78.35	37.60	0.79	3887	0.0000	0.0000
bullhead_3_setting1_presslight_prlight	SIM_TRAIN	234	325.1	1505.4	-78.48	42.81	0.76	3805	0.0000	0.0000
bullhead_3_setting1_presslight_prlight	REAL_TEST	234	428.3	100.0	-114.69	74.16	0.73	3202	0.0000	0.0000
bullhead_3_setting1_presslight_prlight	SIM_TRAIN	235	367.7	1581.3	-106.92	69.98	0.78	3656	0.0000	0.0000
bullhead_3_setting1_presslight_prlight	SIM_TRAIN	236	308.0	1587.2	-88.22	41.71	0.77	3823	0.0000	0.0000
bullhead_3_setting1_presslight_prlight	SIM_TRAIN	237	365.2	1549.2	-128.02	52.36	0.76	3823	0.0000	0.0000
bullhead_3_setting1_presslight_prlight	REAL_TEST	237	250.3	100.0	-122.75	43.10	0.71	3651	0.0000	0.0000
bullhead_3_setting1_presslight_prlight	SIM_TRAIN	238	388.2	1538.3	-102.50	66.25	0.77	3892	0.0000	0.0000
bullhead_3_setting1_presslight_prlight	SIM_TRAIN	239	365.3	1625.6	-117.84	51.38	0.77	3865	0.0000	0.0000
bullhead_3_setting1_presslight_prlight	SIM_TRAIN	240	317.3	1582.5	-71.50	49.08	0.80	3952	0.0000	0.0000
bullhead_3_setting1_presslight_prlight	REAL_TEST	240	290.0	100.0	-96.43	47.23	0.71	3510	0.0000	0.0000
bullhead_3_setting1_presslight_prlight	SIM_TRAIN	241	379.9	1522.5	-84.49	73.53	0.80	3791	0.0000	0.0000
bullhead_3_setting1_presslight_prlight	SIM_TRAIN	242	395.2	1564.8	-125.87	59.19	0.76	3795	0.0000	0.0000
bullhead_3_setting1_presslight_prlight	SIM_TRAIN	243	271.0	1594.0	-87.13	38.50	0.76	3969	0.0000	0.0000
bullhead_3_setting1_presslight_prlight	REAL_TEST	243	369.4	100.0	-169.35	69.91	0.69	3434	0.0000	0.0000
bullhead_3_setting1_presslight_prlight	SIM_TRAIN	244	423.6	1591.8	-137.76	63.87	0.77	3556	0.0000	0.0000
bullhead_3_setting1_presslight_prlight	SIM_TRAIN	245	331.8	1384.8	-85.32	50.99	0.79	3943	0.0000	0.0000
bullhead_3_setting1_presslight_prlight	SIM_TRAIN	246	342.6	1398.6	-127.11	53.93	0.74	3678	0.0000	0.0000
bullhead_3_setting1_presslight_prlight	REAL_TEST	246	400.0	100.0	-143.61	76.32	0.69	3240	0.0000	0.0000
bullhead_3_setting1_presslight_prlight	SIM_TRAIN	247	317.2	1306.8	-93.03	44.66	0.74	3880	0.0000	0.0000
bullhead_3_setting1_presslight_prlight	SIM_TRAIN	248	346.1	1346.8	-103.97	49.78	0.73	3748	0.0000	0.0000
bullhead_3_setting1_presslight_prlight	SIM_TRAIN	249	376.5	1287.0	-97.94	58.16	0.78	3551	0.0000	0.0000
bullhead_3_setting1_presslight_prlight	REAL_TEST	249	319.1	100.0	-135.81	60.01	0.73	3371	0.0000	0.0000
bullhead_3_setting1_presslight_prlight	SIM_TRAIN	250	313.9	1340.9	-82.49	48.20	0.80	3794	0.0000	0.0000
bullhead_3_setting1_presslight_prlight	SIM_TRAIN	251	351.4	1366.9	-79.62	56.14	0.80	3885	0.0000	0.0000
bullhead_3_setting1_presslight_prlight	SIM_TRAIN	252	373.1	1402.1	-99.11	55.37	0.81	3733	0.0000	0.0000
bullhead_3_setting1_presslight_prlight	REAL_TEST	252	423.8	100.0	-123.58	78.03	0.71	2724	0.0000	0.0000
bullhead_3_setting1_presslight_prlight	SIM_TRAIN	253	412.7	1432.3	-82.20	61.22	0.80	3733	0.0000	0.0000
bullhead_3_setting1_presslight_prlight	SIM_TRAIN	254	313.9	1515.3	-83.36	56.73	0.76	3624	0.0000	0.0000
bullhead_3_setting1_presslight_prlight	SIM_TRAIN	255	373.4	1463.4	-82.61	78.00	0.76	3501	0.0000	0.0000
bullhead_3_setting1_presslight_prlight	REAL_TEST	255	299.6	100.0	-172.47	64.88	0.71	3549	0.0000	0.0000
bullhead_3_setting1_presslight_prlight	SIM_TRAIN	256	440.1	1456.3	-115.84	91.73	0.74	3574	0.0000	0.0000
bullhead_3_setting1_presslight_prlight	SIM_TRAIN	257	256.5	1379.0	-74.17	42.06	0.80	4050	0.0000	0.0000
bullhead_3_setting1_presslight_prlight	SIM_TRAIN	258	277.2	1288.0	-79.79	44.72	0.81	3868	0.0000	0.0000
bullhead_3_setting1_presslight_prlight	REAL_TEST	258	306.8	100.0	-159.42	60.45	0.69	3548	0.0000	0.0000
bullhead_3_setting1_presslight_prlight	SIM_TRAIN	259	281.6	1237.4	-83.69	49.95	0.80	3882	0.0000	0.0000
bullhead_3_setting1_presslight_prlight	SIM_TRAIN	260	340.4	1223.6	-92.96	70.41	0.82	3627	0.0000	0.0000
bullhead_3_setting1_presslight_prlight	SIM_TRAIN	261	308.0	1252.2	-88.52	56.41	0.77	3733	0.0000	0.0000
bullhead_3_setting1_presslight_prlight	REAL_TEST	261	344.2	100.0	-143.91	64.19	0.75	3186	0.0000	0.0000
bullhead_3_setting1_presslight_prlight	SIM_TRAIN	262	376.4	1324.9	-89.83	81.54	0.81	3373	0.0000	0.0000
bullhead_3_setting1_presslight_prlight	SIM_TRAIN	263	286.4	1266.7	-80.15	49.21	0.80	3703	0.0000	0.0000
bullhead_3_setting1_presslight_prlight	SIM_TRAIN	264	335.8	1192.6	-106.68	47.68	0.80	3972	0.0000	0.0000
bullhead_3_setting1_presslight_prlight	REAL_TEST	264	498.4	100.0	-123.73	84.98	0.77	2755	0.0000	0.0000
bullhead_3_setting1_presslight_prlight	SIM_TRAIN	265	315.4	1133.7	-74.49	49.73	0.77	3754	0.0000	0.0000
bullhead_3_setting1_presslight_prlight	SIM_TRAIN	266	300.8	1182.6	-86.16	40.48	0.79	4051	0.0000	0.0000
bullhead_3_setting1_presslight_prlight	SIM_TRAIN	267	290.4	1192.3	-107.84	40.86	0.80	4139	0.0000	0.0000
bullhead_3_setting1_presslight_prlight	REAL_TEST	267	351.5	100.0	-157.10	68.04	0.70	3285	0.0000	0.0000
bullhead_3_setting1_presslight_prlight	SIM_TRAIN	268	301.1	1194.7	-88.29	45.15	0.80	4014	0.0000	0.0000
bullhead_3_setting1_presslight_prlight	SIM_TRAIN	269	320.6	1184.5	-72.09	43.87	0.80	3976	0.0000	0.0000
bullhead_3_setting1_presslight_prlight	SIM_TRAIN	270	388.9	1182.5	-84.41	53.82	0.79	3769	0.0000	0.0000
bullhead_3_setting1_presslight_prlight	REAL_TEST	270	540.2	100.0	-134.53	103.24	0.77	2321	0.0000	0.0000
bullhead_3_setting1_presslight_prlight	SIM_TRAIN	271	326.8	1173.2	-94.41	45.38	0.75	3857	0.0000	0.0000
bullhead_3_setting1_presslight_prlight	SIM_TRAIN	272	272.3	1169.3	-93.79	49.03	0.77	4002	0.0000	0.0000
bullhead_3_setting1_presslight_prlight	SIM_TRAIN	273	501.9	1157.2	-85.41	122.86	0.77	3154	0.0000	0.0000
bullhead_3_setting1_presslight_prlight	REAL_TEST	273	387.2	100.0	-111.32	73.61	0.76	2849	0.0000	0.0000
bullhead_3_setting1_presslight_prlight	SIM_TRAIN	274	456.6	1303.0	-82.93	82.59	0.78	3947	0.0000	0.0000
bullhead_3_setting1_presslight_prlight	SIM_TRAIN	275	314.3	1495.8	-91.50	63.43	0.79	3691	0.0000	0.0000
bullhead_3_setting1_presslight_prlight	SIM_TRAIN	276	327.7	1542.2	-77.14	57.53	0.77	3928	0.0000	0.0000
bullhead_3_setting1_presslight_prlight	REAL_TEST	276	277.2	100.0	-119.57	47.46	0.76	3230	0.0000	0.0000
bullhead_3_setting1_presslight_prlight	SIM_TRAIN	277	325.9	1608.0	-60.85	54.87	0.77	4010	0.0000	0.0000
bullhead_3_setting1_presslight_prlight	SIM_TRAIN	278	276.2	1580.6	-73.17	47.03	0.78	4149	0.0000	0.0000
bullhead_3_setting1_presslight_prlight	SIM_TRAIN	279	293.6	1536.3	-70.70	40.63	0.75	3967	0.0000	0.0000
bullhead_3_setting1_presslight_prlight	REAL_TEST	279	331.2	100.0	-96.63	54.34	0.71	3463	0.0000	0.0000
bullhead_3_setting1_presslight_prlight	SIM_TRAIN	280	351.0	1493.1	-82.23	63.40	0.78	4028	0.0000	0.0000
bullhead_3_setting1_presslight_prlight	SIM_TRAIN	281	419.8	1553.8	-86.89	74.51	0.79	3719	0.0000	0.0000
bullhead_3_setting1_presslight_prlight	SIM_TRAIN	282	372.7	1599.8	-71.79	56.87	0.77	3696	0.0000	0.0000
bullhead_3_setting1_presslight_prlight	REAL_TEST	282	254.0	100.0	-114.87	40.23	0.73	3323	0.0000	0.0000
bullhead_3_setting1_presslight_prlight	SIM_TRAIN	283	344.0	1599.2	-83.89	61.13	0.74	3838	0.0000	0.0000
bullhead_3_setting1_presslight_prlight	SIM_TRAIN	284	296.6	1623.8	-71.70	49.37	0.79	4015	0.0000	0.0000
bullhead_3_setting1_presslight_prlight	SIM_TRAIN	285	362.7	1582.3	-99.50	53.26	0.80	3894	0.0000	0.0000
bullhead_3_setting1_presslight_prlight	REAL_TEST	285	231.5	100.0	-96.90	37.09	0.75	3719	0.0000	0.0000
bullhead_3_setting1_presslight_prlight	SIM_TRAIN	286	299.1	1572.5	-89.97	40.81	0.77	3804	0.0000	0.0000
bullhead_3_setting1_presslight_prlight	SIM_TRAIN	287	236.0	1689.8	-70.59	37.92	0.78	4064	0.0000	0.0000
bullhead_3_setting1_presslight_prlight	SIM_TRAIN	288	303.8	1548.0	-87.28	44.80	0.79	3752	0.0000	0.0000
bullhead_3_setting1_presslight_prlight	REAL_TEST	288	496.4	100.0	-185.54	101.02	0.73	3144	0.0000	0.0000
bullhead_3_setting1_presslight_prlight	SIM_TRAIN	289	313.4	1564.9	-89.74	49.29	0.79	3864	0.0000	0.0000
bullhead_3_setting1_presslight_prlight	SIM_TRAIN	290	283.4	1435.7	-120.37	51.91	0.75	3696	0.0000	0.0000
bullhead_3_setting1_presslight_prlight	SIM_TRAIN	291	304.0	1407.9	-93.02	48.23	0.80	4040	0.0000	0.0000
bullhead_3_setting1_presslight_prlight	REAL_TEST	291	531.3	100.0	-165.32	107.59	0.73	2224	0.0000	0.0000
bullhead_3_setting1_presslight_prlight	SIM_TRAIN	292	297.2	1336.6	-72.15	50.14	0.73	3719	0.0000	0.0000
bullhead_3_setting1_presslight_prlight	SIM_TRAIN	293	316.6	1384.7	-68.19	60.56	0.75	3703	0.0000	0.0000
bullhead_3_setting1_presslight_prlight	SIM_TRAIN	294	273.4	1353.9	-70.18	33.66	0.76	3932	0.0000	0.0000
bullhead_3_setting1_presslight_prlight	REAL_TEST	294	562.2	100.0	-135.48	100.51	0.78	2198	0.0000	0.0000
bullhead_3_setting1_presslight_prlight	SIM_TRAIN	295	277.6	1253.2	-60.41	28.93	0.76	3880	0.0000	0.0000
bullhead_3_setting1_presslight_prlight	SIM_TRAIN	296	265.8	1217.3	-81.84	47.83	0.79	4124	0.0000	0.0000
bullhead_3_setting1_presslight_prlight	SIM_TRAIN	297	270.3	1101.2	-100.10	45.80	0.76	3947	0.0000	0.0000
bullhead_3_setting1_presslight_prlight	REAL_TEST	297	238.8	100.0	-95.63	35.22	0.72	3635	0.0000	0.0000
bullhead_3_setting1_presslight_prlight	SIM_TRAIN	298	269.3	1087.2	-87.06	42.66	0.78	3992	0.0000	0.0000
bullhead_3_setting1_presslight_prlight	SIM_TRAIN	299	257.0	1031.6	-90.35	50.93	0.79	4023	0.0000	0.0000
