exp_name	mode	step	travel_time	loss	rewards	queue	delay	throughput	train_reward	R_real	components	detail	fairness	emission	fuel	emergency_stops	ssm_conflicts	collisions	phi_raw
cologne1_physical_safety_heavy_dqn_reward_oracle	REAL_TRAIN	0	545.3	0.0	-257.19	171.45	0.93	1092	-1.63	0.0000			37.0000	1003.5431	325.3419	1.0000	1009.0000	17.0000	
cologne1_physical_safety_heavy_dqn_reward_oracle	REAL_TRAIN	1	602.1	0.0	-256.29	170.85	0.94	1034	-1.59	0.0000			64.0000	998.8873	323.8326	0.0000	943.0000	11.0000	
cologne1_physical_safety_heavy_dqn_reward_oracle	REAL_TRAIN	2	385.7	0.2	-229.03	152.62	0.90	1475	-1.69	0.0000			189.0000	934.7223	303.0301	2.0000	1333.0000	58.0000	
cologne1_physical_safety_heavy_dqn_reward_oracle	REAL_TEST	2	393.7	100.0	-185.19	123.56	0.92	1234		-1.3606	queue=0.7722;delay=0.0;waiting=0.0;pressure=0.0;switches=0.0;ssm_conflicts=0.5883;collisions=0.0		259.0000	773.1118	250.6372	4.0000	1059.0000	33.0000	queue=15.4448;delay=0.9168;waiting=4615.8906;pressure=129.3528;switches=0.1556;ssm_conflicts=2.9417;collisions=0.0917
cologne1_physical_safety_heavy_dqn_reward_oracle	REAL_TRAIN	3	144.4	0.2	-91.41	60.88	0.67	1942	-1.28	0.0000			179.0000	482.9075	156.5541	7.0000	1612.0000	43.0000	
cologne1_physical_safety_heavy_dqn_reward_oracle	REAL_TRAIN	4	151.7	0.2	-96.28	64.04	0.70	1958	-1.21	0.0000			181.0000	503.8344	163.3385	3.0000	1456.0000	49.0000	
cologne1_physical_safety_heavy_dqn_reward_oracle	REAL_TEST	4	113.2	100.0	-61.20	40.68	0.64	1929		-1.0304	queue=0.2543;delay=0.0;waiting=0.0;pressure=0.0;switches=0.0;ssm_conflicts=0.7761;collisions=0.0		192.0000	373.1107	120.9587	4.0000	1397.0000	60.0000	queue=5.0851;delay=0.6395;waiting=494.0972;pressure=49.2583;switches=0.5111;ssm_conflicts=3.8806;collisions=0.1667
cologne1_physical_safety_heavy_dqn_reward_oracle	REAL_TRAIN	5	138.3	0.3	-83.52	55.55	0.69	1933	-1.15	0.0000			194.0000	453.6637	147.0734	9.0000	1450.0000	49.0000	
cologne1_physical_safety_heavy_dqn_reward_oracle	REAL_TRAIN	6	124.4	0.3	-73.81	49.14	0.58	1912	-1.05	0.0000			371.0000	419.6955	136.0611	4.0000	1329.0000	65.0000	
cologne1_physical_safety_heavy_dqn_reward_oracle	REAL_TEST	6	72.0	100.0	-30.78	20.36	0.47	1966		-0.7700	queue=0.1272;delay=0.0;waiting=0.0;pressure=0.0;switches=0.0;ssm_conflicts=0.6428;collisions=0.0		173.0000	268.0151	86.8874	5.0000	1157.0000	59.0000	queue=2.5448;delay=0.4668;waiting=146.9038;pressure=29.1556;switches=0.3833;ssm_conflicts=3.2139;collisions=0.1639
cologne1_physical_safety_heavy_dqn_reward_oracle	REAL_TRAIN	7	98.3	0.3	-52.62	34.97	0.53	1918	-0.90	0.0000			329.0000	343.2840	111.2890	7.0000	1234.0000	39.0000	
cologne1_physical_safety_heavy_dqn_reward_oracle	REAL_TRAIN	8	114.9	0.3	-68.04	45.24	0.57	1979	-0.98	0.0000			264.0000	401.5387	130.1749	7.0000	1248.0000	54.0000	
cologne1_physical_safety_heavy_dqn_reward_oracle	REAL_TEST	8	79.4	100.0	-37.24	24.77	0.48	1891		-0.7481	queue=0.1548;delay=0.0;waiting=0.0;pressure=0.0;switches=0.0;ssm_conflicts=0.5933;collisions=0.0		202.0000	286.1455	92.7652	7.0000	1068.0000	32.0000	queue=3.0958;delay=0.481;waiting=309.9747;pressure=33.1694;switches=0.2361;ssm_conflicts=2.9667;collisions=0.0889
cologne1_physical_safety_heavy_dqn_reward_oracle	REAL_TRAIN	9	129.9	0.3	-77.10	51.29	0.59	1894	-1.02	0.0000			241.0000	428.9031	139.0463	10.0000	1260.0000	42.0000	
cologne1_physical_safety_heavy_dqn_reward_oracle	REAL_TRAIN	10	118.4	0.2	-68.29	45.49	0.57	1885	-0.92	0.0000			236.0000	397.5559	128.8838	2.0000	1147.0000	48.0000	
cologne1_physical_safety_heavy_dqn_reward_oracle	REAL_TEST	10	170.1	100.0	-107.29	71.54	0.60	1784		-1.0038	queue=0.4471;delay=0.0;waiting=0.0;pressure=0.0;switches=0.0;ssm_conflicts=0.5567;collisions=0.0		259.0000	530.8121	172.0846	4.0000	1002.0000	50.0000	queue=8.942;delay=0.6034;waiting=2057.1351;pressure=78.55;switches=0.1528;ssm_conflicts=2.7833;collisions=0.1389
cologne1_physical_safety_heavy_dqn_reward_oracle	REAL_TRAIN	11	131.1	0.2	-78.65	52.39	0.59	1895	-1.02	0.0000			240.0000	434.3626	140.8162	11.0000	1243.0000	35.0000	
cologne1_physical_safety_heavy_dqn_reward_oracle	REAL_TRAIN	12	128.3	0.2	-75.93	50.57	0.58	1889	-0.96	0.0000			244.0000	423.4610	137.2821	6.0000	1158.0000	62.0000	
cologne1_physical_safety_heavy_dqn_reward_oracle	REAL_TEST	12	134.5	100.0	-77.72	51.77	0.59	1771		-0.8558	queue=0.3236;delay=0.0;waiting=0.0;pressure=0.0;switches=0.0;ssm_conflicts=0.5322;collisions=0.0		302.0000	423.5909	137.3243	3.0000	958.0000	53.0000	queue=6.4715;delay=0.5862;waiting=1383.4271;pressure=59.2528;switches=0.1083;ssm_conflicts=2.6611;collisions=0.1472
cologne1_physical_safety_heavy_dqn_reward_oracle	REAL_TRAIN	13	121.8	0.2	-70.97	47.28	0.58	1874	-0.93	0.0000			241.0000	403.2363	130.7254	3.0000	1140.0000	47.0000	
cologne1_physical_safety_heavy_dqn_reward_oracle	REAL_TRAIN	14	115.8	0.2	-65.34	43.53	0.59	1854	-0.89	0.0000			253.0000	383.8975	124.4559	7.0000	1111.0000	33.0000	
cologne1_physical_safety_heavy_dqn_reward_oracle	REAL_TEST	14	141.9	100.0	-78.31	52.22	0.59	1724		-0.8031	queue=0.3264;delay=0.0;waiting=0.0;pressure=0.0;switches=0.0;ssm_conflicts=0.4767;collisions=0.0		371.0000	421.5589	136.6656	5.0000	858.0000	46.0000	queue=6.5278;delay=0.5948;waiting=1438.4194;pressure=59.625;switches=0.0889;ssm_conflicts=2.3833;collisions=0.1278
cologne1_physical_safety_heavy_dqn_reward_oracle	REAL_TRAIN	15	104.0	0.2	-54.77	36.50	0.57	1934	-0.80	0.0000			200.0000	349.9171	113.4397	1.0000	1025.0000	37.0000	
cologne1_physical_safety_heavy_dqn_reward_oracle	REAL_TRAIN	16	197.7	0.2	-64.62	43.08	0.58	1539	-0.56	0.0000			217.0000	357.3093	115.8365	4.0000	532.0000	18.0000	
cologne1_physical_safety_heavy_dqn_reward_oracle	REAL_TEST	16	371.3	100.0	-76.89	51.32	0.56	1001		-0.3619	queue=0.3208;delay=0.0;waiting=0.0;pressure=0.0;switches=0.0;ssm_conflicts=0.0411;collisions=0.0		434.0000	367.4065	119.1104	0.0000	74.0000	2.0000	queue=6.4153;delay=0.5641;waiting=11109.5538;pressure=57.2972;switches=0.0028;ssm_conflicts=0.2056;collisions=0.0056
cologne1_physical_safety_heavy_dqn_reward_oracle	REAL_TRAIN	17	341.0	0.2	-79.14	52.78	0.57	1082	-0.44	0.0000			15.0000	380.0311	123.2032	2.0000	198.0000	3.0000	
cologne1_physical_safety_heavy_dqn_reward_oracle	REAL_TRAIN	18	252.5	0.2	-67.00	44.67	0.59	1426	-0.48	0.0000			84.0000	356.9366	115.7158	3.0000	364.0000	5.0000	
cologne1_physical_safety_heavy_dqn_reward_oracle	REAL_TEST	18	371.3	100.0	-76.89	51.32	0.56	1001		-0.3619	queue=0.3208;delay=0.0;waiting=0.0;pressure=0.0;switches=0.0;ssm_conflicts=0.0411;collisions=0.0		434.0000	367.4065	119.1104	0.0000	74.0000	2.0000	queue=6.4153;delay=0.5641;waiting=11109.5538;pressure=57.2972;switches=0.0028;ssm_conflicts=0.2056;collisions=0.0056
cologne1_physical_safety_heavy_dqn_reward_oracle	REAL_TRAIN	19	257.1	0.2	-70.12	46.73	0.60	1405	-0.51	0.0000			278.0000	366.8074	118.9159	2.0000	384.0000	19.0000	
cologne1_physical_safety_heavy_dqn_reward_oracle	REAL_TRAIN	20	357.9	0.2	-81.85	54.58	0.59	1074	-0.45	0.0000			406.0000	389.4163	126.2458	1.0000	204.0000	7.0000	
cologne1_physical_safety_heavy_dqn_reward_oracle	REAL_TEST	20	371.3	100.0	-76.89	51.32	0.56	1001		-0.3619	queue=0.3208;delay=0.0;waiting=0.0;pressure=0.0;switches=0.0;ssm_conflicts=0.0411;collisions=0.0		434.0000	367.4065	119.1104	0.0000	74.0000	2.0000	queue=6.4153;delay=0.5641;waiting=11109.5538;pressure=57.2972;switches=0.0028;ssm_conflicts=0.2056;collisions=0.0056
cologne1_physical_safety_heavy_dqn_reward_oracle	REAL_TRAIN	21	308.2	0.2	-75.91	50.57	0.58	1212	-0.48	0.0000			444.0000	377.4365	122.3619	1.0000	296.0000	8.0000	
cologne1_physical_safety_heavy_dqn_reward_oracle	REAL_TRAIN	22	348.5	0.2	-78.58	52.43	0.57	1061	-0.44	0.0000			415.0000	378.0311	122.5548	3.0000	200.0000	4.0000	
cologne1_physical_safety_heavy_dqn_reward_oracle	REAL_TEST	22	371.3	100.0	-76.89	51.32	0.56	1001		-0.3619	queue=0.3208;delay=0.0;waiting=0.0;pressure=0.0;switches=0.0;ssm_conflicts=0.0411;collisions=0.0		434.0000	367.4065	119.1104	0.0000	74.0000	2.0000	queue=6.4153;delay=0.5641;waiting=11109.5538;pressure=57.2972;switches=0.0028;ssm_conflicts=0.2056;collisions=0.0056
cologne1_physical_safety_heavy_dqn_reward_oracle	REAL_TRAIN	23	329.0	0.2	-76.60	51.11	0.56	1111	-0.44	0.0000			381.0000	371.8808	120.5609	2.0000	211.0000	3.0000	
cologne1_physical_safety_heavy_dqn_reward_oracle	REAL_TRAIN	24	280.5	0.2	-71.87	47.89	0.58	1332	-0.47	0.0000			396.0000	368.1947	119.3657	2.0000	302.0000	28.0000	
cologne1_physical_safety_heavy_dqn_reward_oracle	REAL_TEST	24	371.3	100.0	-76.89	51.32	0.56	1001		-0.3619	queue=0.3208;delay=0.0;waiting=0.0;pressure=0.0;switches=0.0;ssm_conflicts=0.0411;collisions=0.0		434.0000	367.4065	119.1104	0.0000	74.0000	2.0000	queue=6.4153;delay=0.5641;waiting=11109.5538;pressure=57.2972;switches=0.0028;ssm_conflicts=0.2056;collisions=0.0056
cologne1_physical_safety_heavy_dqn_reward_oracle	REAL_TRAIN	25	249.3	0.1	-69.76	46.47	0.59	1528	-0.50	0.0000			165.0000	373.0939	120.9539	2.0000	383.0000	10.0000	
cologne1_physical_safety_heavy_dqn_reward_oracle	REAL_TRAIN	26	305.2	0.1	-72.16	48.05	0.57	1215	-0.46	0.0000			466.0000	364.7471	118.2481	2.0000	282.0000	5.0000	
cologne1_physical_safety_heavy_dqn_reward_oracle	REAL_TEST	26	370.6	100.0	-76.76	51.24	0.56	1002		-0.3619	queue=0.3202;delay=0.0;waiting=0.0;pressure=0.0;switches=0.0;ssm_conflicts=0.0417;collisions=0.0		434.0000	366.9183	118.9522	0.0000	75.0000	3.0000	queue=6.4049;delay=0.564;waiting=11075.7538;pressure=57.2083;switches=0.0056;ssm_conflicts=0.2083;collisions=0.0083
cologne1_physical_safety_heavy_dqn_reward_oracle	REAL_TRAIN	27	354.9	0.1	-79.22	52.83	0.58	1058	-0.43	0.0000			13.0000	379.4187	123.0047	4.0000	182.0000	6.0000	
cologne1_physical_safety_heavy_dqn_reward_oracle	REAL_TRAIN	28	325.8	0.1	-75.46	50.31	0.57	1134	-0.46	0.0000			363.0000	369.3159	119.7293	1.0000	255.0000	2.0000	
cologne1_physical_safety_heavy_dqn_reward_oracle	REAL_TEST	28	370.6	100.0	-76.88	51.32	0.56	1002		-0.3674	queue=0.3207;delay=0.0;waiting=0.0;pressure=0.0;switches=0.0;ssm_conflicts=0.0467;collisions=0.0		434.0000	367.1008	119.0113	0.0000	84.0000	3.0000	queue=6.4146;delay=0.5644;waiting=11076.0601;pressure=57.2111;switches=0.0056;ssm_conflicts=0.2333;collisions=0.0083
cologne1_physical_safety_heavy_dqn_reward_oracle	REAL_TRAIN	29	332.8	0.0	-77.33	51.54	0.57	1112	-0.44	0.0000			378.0000	374.1143	121.2850	2.0000	218.0000	3.0000	
cologne1_physical_safety_heavy_dqn_reward_oracle	REAL_TRAIN	30	354.0	0.0	-78.65	52.46	0.57	1064	-0.43	0.0000			7.0000	377.2265	122.2940	0.0000	186.0000	9.0000	
cologne1_physical_safety_heavy_dqn_reward_oracle	REAL_TEST	30	2536.5	100.0	-275.87	184.16	0.95	73		-1.2593	queue=1.151;delay=0.0;waiting=0.0;pressure=0.0;switches=0.0;ssm_conflicts=0.1083;collisions=0.0		62.0000	1019.9103	330.6493	0.0000	195.0000	0.0000	queue=23.0194;delay=0.9528;waiting=38016.4115;pressure=185.3194;switches=0.0111;ssm_conflicts=0.5417;collisions=0.0
cologne1_physical_safety_heavy_dqn_reward_oracle	REAL_TRAIN	31	342.4	0.0	-76.93	51.31	0.57	1086	-0.46	0.0000			395.0000	372.2298	120.6740	0.0000	257.0000	4.0000	
cologne1_physical_safety_heavy_dqn_reward_oracle	REAL_TRAIN	32	358.7	0.0	-78.81	52.54	0.57	1045	-0.43	0.0000			1.0000	377.6814	122.4415	1.0000	186.0000	7.0000	
cologne1_physical_safety_heavy_dqn_reward_oracle	REAL_TEST	32	368.0	100.0	-76.49	51.06	0.56	1005		-0.3624	queue=0.3191;delay=0.0;waiting=0.0;pressure=0.0;switches=0.0;ssm_conflicts=0.0433;collisions=0.0		434.0000	366.3407	118.7649	0.0000	78.0000	2.0000	queue=6.3819;delay=0.5606;waiting=10997.249;pressure=57.0667;switches=0.0222;ssm_conflicts=0.2167;collisions=0.0056
cologne1_physical_safety_heavy_dqn_reward_oracle	REAL_TRAIN	33	351.5	0.0	-79.36	52.93	0.57	1070	-0.44	0.0000			411.0000	380.5038	123.3564	1.0000	200.0000	1.0000	
cologne1_physical_safety_heavy_dqn_reward_oracle	REAL_TRAIN	34	345.1	0.0	-78.17	52.10	0.58	1091	-0.45	0.0000			391.0000	377.4755	122.3747	2.0000	231.0000	4.0000	
cologne1_physical_safety_heavy_dqn_reward_oracle	REAL_TEST	34	367.7	100.0	-76.72	51.21	0.56	1007		-0.3662	queue=0.3201;delay=0.0;waiting=0.0;pressure=0.0;switches=0.0;ssm_conflicts=0.0461;collisions=0.0		2.0000	366.7045	118.8828	0.0000	83.0000	1.0000	queue=6.401;delay=0.5627;waiting=10996.9569;pressure=57.1083;switches=0.0028;ssm_conflicts=0.2306;collisions=0.0028
cologne1_physical_safety_heavy_dqn_reward_oracle	REAL_TRAIN	35	342.4	0.0	-77.32	51.59	0.57	1091	-0.44	0.0000			22.0000	373.8864	121.2111	1.0000	215.0000	6.0000	
cologne1_physical_safety_heavy_dqn_reward_oracle	REAL_TRAIN	36	337.3	0.0	-78.17	52.11	0.58	1115	-0.47	0.0000			18.0000	378.2347	122.6207	2.0000	251.0000	3.0000	
cologne1_physical_safety_heavy_dqn_reward_oracle	REAL_TEST	36	367.7	100.0	-76.72	51.21	0.56	1007		-0.3662	queue=0.3201;delay=0.0;waiting=0.0;pressure=0.0;switches=0.0;ssm_conflicts=0.0461;collisions=0.0		2.0000	366.7045	118.8828	0.0000	83.0000	1.0000	queue=6.401;delay=0.5627;waiting=10996.9569;pressure=57.1083;switches=0.0028;ssm_conflicts=0.2306;collisions=0.0028
cologne1_physical_safety_heavy_dqn_reward_oracle	REAL_TRAIN	37	331.6	0.0	-77.44	51.63	0.58	1135	-0.47	0.0000			379.0000	376.2241	121.9689	0.0000	260.0000	4.0000	
cologne1_physical_safety_heavy_dqn_reward_oracle	REAL_TRAIN	38	323.7	0.0	-77.48	51.67	0.57	1138	-0.46	0.0000			376.0000	377.0538	122.2379	1.0000	249.0000	6.0000	
cologne1_physical_safety_heavy_dqn_reward_oracle	REAL_TEST	38	325.3	100.0	-75.58	50.41	0.56	1153		-0.4012	queue=0.3151;delay=0.0;waiting=0.0;pressure=0.0;switches=0.0;ssm_conflicts=0.0861;collisions=0.0		370.0000	369.4791	119.7822	0.0000	155.0000	6.0000	queue=6.301;delay=0.5636;waiting=4638.6861;pressure=56.625;switches=0.1333;ssm_conflicts=0.4306;collisions=0.0167
cologne1_physical_safety_heavy_dqn_reward_oracle	REAL_TRAIN	39	323.1	0.0	-77.10	51.39	0.57	1161	-0.46	0.0000			373.0000	376.5166	122.0637	1.0000	244.0000	5.0000	
cologne1_physical_safety_heavy_dqn_reward_oracle	REAL_TRAIN	40	313.5	0.0	-70.42	46.90	0.57	1147	-0.43	0.0000			369.0000	351.9639	114.1039	2.0000	251.0000	6.0000	
cologne1_physical_safety_heavy_dqn_reward_oracle	REAL_TEST	40	357.4	100.0	-76.98	51.36	0.56	1041		-0.3827	queue=0.321;delay=0.0;waiting=0.0;pressure=0.0;switches=0.0;ssm_conflicts=0.0617;collisions=0.0		4.0000	369.0458	119.6419	0.0000	111.0000	3.0000	queue=6.4201;delay=0.5625;waiting=9317.1899;pressure=57.3556;switches=0.1278;ssm_conflicts=0.3083;collisions=0.0083
cologne1_physical_safety_heavy_dqn_reward_oracle	REAL_TRAIN	41	319.5	0.0	-76.30	50.84	0.57	1165	-0.46	0.0000			26.0000	374.1998	121.3126	2.0000	259.0000	3.0000	
cologne1_physical_safety_heavy_dqn_reward_oracle	REAL_TRAIN	42	288.7	0.0	-68.52	45.68	0.56	1178	-0.43	0.0000			11.0000	346.7791	112.4230	2.0000	255.0000	5.0000	
cologne1_physical_safety_heavy_dqn_reward_oracle	REAL_TEST	42	367.9	100.0	-76.76	51.22	0.57	1007		-0.3662	queue=0.3201;delay=0.0;waiting=0.0;pressure=0.0;switches=0.0;ssm_conflicts=0.0461;collisions=0.0		434.0000	367.0873	119.0069	0.0000	83.0000	3.0000	queue=6.4024;delay=0.5654;waiting=10847.6167;pressure=57.1806;switches=0.0889;ssm_conflicts=0.2306;collisions=0.0083
cologne1_physical_safety_heavy_dqn_reward_oracle	REAL_TRAIN	43	325.9	0.0	-71.69	47.81	0.57	1124	-0.43	0.0000			380.0000	355.3010	115.1858	2.0000	231.0000	7.0000	
cologne1_physical_safety_heavy_dqn_reward_oracle	REAL_TRAIN	44	293.7	0.0	-70.84	47.23	0.57	1233	-0.46	0.0000			324.0000	359.5328	116.5576	2.0000	288.0000	18.0000	
cologne1_physical_safety_heavy_dqn_reward_oracle	REAL_TEST	44	363.1	100.0	-77.19	51.52	0.56	1025		-0.3698	queue=0.322;delay=0.0;waiting=0.0;pressure=0.0;switches=0.0;ssm_conflicts=0.0478;collisions=0.0		18.0000	369.6953	119.8524	0.0000	86.0000	2.0000	queue=6.4403;delay=0.5553;waiting=10961.692;pressure=57.5444;switches=0.0139;ssm_conflicts=0.2389;collisions=0.0056
cologne1_physical_safety_heavy_dqn_reward_oracle	REAL_TRAIN	45	286.9	0.0	-67.41	44.91	0.57	1205	-0.45	0.0000			11.0000	345.0190	111.8523	1.0000	303.0000	10.0000	
cologne1_physical_safety_heavy_dqn_reward_oracle	REAL_TRAIN	46	332.8	0.0	-76.44	50.96	0.57	1118	-0.45	0.0000			18.0000	372.8272	120.8677	1.0000	245.0000	6.0000	
cologne1_physical_safety_heavy_dqn_reward_oracle	REAL_TEST	46	362.4	100.0	-77.39	51.64	0.57	1029		-0.3767	queue=0.3228;delay=0.0;waiting=0.0;pressure=0.0;switches=0.0;ssm_conflicts=0.0539;collisions=0.0		14.0000	371.1422	120.3215	0.0000	97.0000	2.0000	queue=6.4556;delay=0.5659;waiting=10745.2806;pressure=57.7083;switches=0.1278;ssm_conflicts=0.2694;collisions=0.0056
cologne1_physical_safety_heavy_dqn_reward_oracle	REAL_TRAIN	47	295.6	0.0	-64.98	43.29	0.57	1184	-0.46	0.0000			351.0000	335.2810	108.6953	3.0000	346.0000	2.0000	
cologne1_physical_safety_heavy_dqn_reward_oracle	REAL_TRAIN	48	319.7	0.0	-74.30	49.48	0.57	1162	-0.44	0.0000			349.0000	367.0693	119.0010	2.0000	242.0000	11.0000	
cologne1_physical_safety_heavy_dqn_reward_oracle	REAL_TEST	48	363.1	100.0	-77.20	51.53	0.55	1025		-0.3709	queue=0.322;delay=0.0;waiting=0.0;pressure=0.0;switches=0.0;ssm_conflicts=0.0489;collisions=0.0		431.0000	369.7290	119.8634	0.0000	88.0000	3.0000	queue=6.4406;delay=0.5545;waiting=10961.9354;pressure=57.5417;switches=0.0083;ssm_conflicts=0.2444;collisions=0.0083
cologne1_physical_safety_heavy_dqn_reward_oracle	REAL_TRAIN	49	303.3	0.0	-70.76	47.16	0.57	1186	-0.44	0.0000			7.0000	354.8214	115.0303	3.0000	267.0000	6.0000	
cologne1_physical_safety_heavy_dqn_reward_oracle	REAL_TRAIN	50	292.3	0.0	-67.45	44.94	0.57	1191	-0.45	0.0000			2.0000	343.8878	111.4856	1.0000	304.0000	17.0000	
cologne1_physical_safety_heavy_dqn_reward_oracle	REAL_TEST	50	345.4	100.0	-77.08	51.43	0.56	1081		-0.3853	queue=0.3215;delay=0.0;waiting=0.0;pressure=0.0;switches=0.0;ssm_conflicts=0.0639;collisions=0.0		396.0000	372.3858	120.7247	1.0000	115.0000	9.0000	queue=6.4292;delay=0.5596;waiting=7883.7698;pressure=57.6222;switches=0.1833;ssm_conflicts=0.3194;collisions=0.025
cologne1_physical_safety_heavy_dqn_reward_oracle	REAL_TRAIN	51	324.1	0.0	-75.31	50.15	0.58	1152	-0.46	0.0000			358.0000	369.9840	119.9459	3.0000	266.0000	7.0000	
cologne1_physical_safety_heavy_dqn_reward_oracle	REAL_TRAIN	52	329.3	0.0	-76.43	50.97	0.58	1119	-0.46	0.0000			27.0000	373.0434	120.9378	4.0000	259.0000	14.0000	
cologne1_physical_safety_heavy_dqn_reward_oracle	REAL_TEST	52	371.3	100.0	-76.89	51.32	0.56	1001		-0.3652	queue=0.3207;delay=0.0;waiting=0.0;pressure=0.0;switches=0.0;ssm_conflicts=0.0444;collisions=0.0		0.0000	367.3619	119.0960	0.0000	80.0000	2.0000	queue=6.4146;delay=0.5635;waiting=11109.5472;pressure=57.2889;switches=0.0056;ssm_conflicts=0.2222;collisions=0.0056
cologne1_physical_safety_heavy_dqn_reward_oracle	REAL_TRAIN	53	327.6	0.0	-75.48	50.33	0.57	1136	-0.44	0.0000			372.0000	369.3337	119.7351	2.0000	222.0000	3.0000	
cologne1_physical_safety_heavy_dqn_reward_oracle	REAL_TRAIN	54	313.0	0.0	-70.63	47.08	0.57	1158	-0.43	0.0000			7.0000	353.1781	114.4975	1.0000	246.0000	6.0000	
cologne1_physical_safety_heavy_dqn_reward_oracle	REAL_TEST	54	363.1	100.0	-77.20	51.53	0.55	1025		-0.3709	queue=0.322;delay=0.0;waiting=0.0;pressure=0.0;switches=0.0;ssm_conflicts=0.0489;collisions=0.0		431.0000	369.7290	119.8634	0.0000	88.0000	3.0000	queue=6.4406;delay=0.5545;waiting=10961.9354;pressure=57.5417;switches=0.0083;ssm_conflicts=0.2444;collisions=0.0083
cologne1_physical_safety_heavy_dqn_reward_oracle	REAL_TRAIN	55	303.2	0.0	-71.89	47.92	0.57	1185	-0.45	0.0000			351.0000	359.3920	116.5120	1.0000	266.0000	5.0000	
cologne1_physical_safety_heavy_dqn_reward_oracle	REAL_TRAIN	56	341.9	0.0	-77.72	51.82	0.57	1081	-0.44	0.0000			386.0000	375.3390	121.6820	4.0000	211.0000	3.0000	
cologne1_physical_safety_heavy_dqn_reward_oracle	REAL_TEST	56	363.6	100.0	-77.26	51.58	0.56	1024		-0.3740	queue=0.3224;delay=0.0;waiting=0.0;pressure=0.0;switches=0.0;ssm_conflicts=0.0517;collisions=0.0		431.0000	370.2485	120.0318	0.0000	93.0000	3.0000	queue=6.4472;delay=0.5562;waiting=10965.8378;pressure=57.5972;switches=0.0139;ssm_conflicts=0.2583;collisions=0.0083
cologne1_physical_safety_heavy_dqn_reward_oracle	REAL_TRAIN	57	311.3	0.0	-70.38	46.91	0.57	1155	-0.44	0.0000			361.0000	352.1644	114.1689	3.0000	262.0000	11.0000	
cologne1_physical_safety_heavy_dqn_reward_oracle	REAL_TRAIN	58	341.0	0.0	-76.98	51.32	0.57	1092	-0.43	0.0000			388.0000	372.2060	120.6663	3.0000	196.0000	4.0000	
cologne1_physical_safety_heavy_dqn_reward_oracle	REAL_TEST	58	361.6	100.0	-77.08	51.45	0.56	1029		-0.3721	queue=0.3216;delay=0.0;waiting=0.0;pressure=0.0;switches=0.0;ssm_conflicts=0.0506;collisions=0.0		431.0000	369.8155	119.8914	0.0000	91.0000	1.0000	queue=6.4316;delay=0.5555;waiting=10907.4264;pressure=57.4778;switches=0.0083;ssm_conflicts=0.2528;collisions=0.0028
cologne1_physical_safety_heavy_dqn_reward_oracle	REAL_TRAIN	59	356.4	0.0	-79.28	52.87	0.57	1053	-0.43	0.0000			411.0000	379.6103	123.0668	4.0000	174.0000	5.0000	
cologne1_physical_safety_heavy_dqn_reward_oracle	REAL_TRAIN	60	315.5	0.0	-71.42	47.62	0.57	1152	-0.46	0.0000			366.0000	356.7600	115.6587	0.0000	285.0000	12.0000	
cologne1_physical_safety_heavy_dqn_reward_oracle	REAL_TEST	60	339.2	100.0	-76.91	51.33	0.56	1094		-0.3963	queue=0.3208;delay=0.0;waiting=0.0;pressure=0.0;switches=0.0;ssm_conflicts=0.0756;collisions=0.0		397.0000	372.3388	120.7094	0.0000	136.0000	0.0000	queue=6.4156;delay=0.5553;waiting=5840.7024;pressure=57.4583;switches=0.0472;ssm_conflicts=0.3778;collisions=0.0
cologne1_physical_safety_heavy_dqn_reward_oracle	REAL_TRAIN	61	338.8	0.0	-77.09	51.41	0.57	1090	-0.42	0.0000			396.0000	372.0549	120.6173	2.0000	179.0000	5.0000	
cologne1_physical_safety_heavy_dqn_reward_oracle	REAL_TRAIN	62	306.0	0.0	-72.86	48.55	0.57	1183	-0.45	0.0000			3.0000	362.8405	117.6300	3.0000	265.0000	8.0000	
cologne1_physical_safety_heavy_dqn_reward_oracle	REAL_TEST	62	359.2	100.0	-77.12	51.47	0.56	1037		-0.3773	queue=0.3217;delay=0.0;waiting=0.0;pressure=0.0;switches=0.0;ssm_conflicts=0.0556;collisions=0.0		14.0000	370.3122	120.0524	0.0000	100.0000	1.0000	queue=6.434;delay=0.5605;waiting=10695.6149;pressure=57.5694;switches=0.0861;ssm_conflicts=0.2778;collisions=0.0028
cologne1_physical_safety_heavy_dqn_reward_oracle	REAL_TRAIN	63	304.1	0.0	-68.52	45.69	0.57	1162	-0.40	0.0000			355.0000	346.0386	112.1829	1.0000	208.0000	6.0000	
cologne1_physical_safety_heavy_dqn_reward_oracle	REAL_TRAIN	64	313.5	0.0	-74.79	49.82	0.57	1185	-0.46	0.0000			19.0000	371.4172	120.4105	2.0000	265.0000	8.0000	
cologne1_physical_safety_heavy_dqn_reward_oracle	REAL_TEST	64	368.7	100.0	-76.94	51.34	0.58	1007		-0.3770	queue=0.3209;delay=0.0;waiting=0.0;pressure=0.0;switches=0.0;ssm_conflicts=0.0561;collisions=0.0		6.0000	368.1761	119.3599	0.0000	101.0000	3.0000	queue=6.4174;delay=0.5762;waiting=10845.6257;pressure=57.3722;switches=0.1278;ssm_conflicts=0.2806;collisions=0.0083
cologne1_physical_safety_heavy_dqn_reward_oracle	REAL_TRAIN	65	301.2	0.0	-70.48	46.94	0.58	1200	-0.46	0.0000			339.0000	355.4927	115.2478	3.0000	300.0000	9.0000	
cologne1_physical_safety_heavy_dqn_reward_oracle	REAL_TRAIN	66	295.4	0.0	-69.78	46.49	0.57	1204	-0.46	0.0000			328.0000	352.4267	114.2539	2.0000	306.0000	3.0000	
cologne1_physical_safety_heavy_dqn_reward_oracle	REAL_TEST	66	361.4	100.0	-77.43	51.67	0.57	1033		-0.3846	queue=0.323;delay=0.0;waiting=0.0;pressure=0.0;switches=0.0;ssm_conflicts=0.0617;collisions=0.0		428.0000	371.3839	120.3998	0.0000	111.0000	4.0000	queue=6.459;delay=0.5713;waiting=10710.6378;pressure=57.7556;switches=0.1139;ssm_conflicts=0.3083;collisions=0.0111
cologne1_physical_safety_heavy_dqn_reward_oracle	REAL_TRAIN	67	309.3	0.0	-71.36	47.57	0.57	1183	-0.45	0.0000			6.0000	357.3230	115.8413	1.0000	278.0000	6.0000	
cologne1_physical_safety_heavy_dqn_reward_oracle	REAL_TRAIN	68	331.7	0.0	-76.29	50.83	0.58	1139	-0.47	0.0000			1.0000	373.2498	121.0047	3.0000	271.0000	7.0000	
cologne1_physical_safety_heavy_dqn_reward_oracle	REAL_TEST	68	362.5	100.0	-77.18	51.51	0.56	1027		-0.3736	queue=0.322;delay=0.0;waiting=0.0;pressure=0.0;switches=0.0;ssm_conflicts=0.0517;collisions=0.0		429.0000	369.7754	119.8784	0.0000	93.0000	3.0000	queue=6.4392;delay=0.5552;waiting=10756.7875;pressure=57.5389;switches=0.0139;ssm_conflicts=0.2583;collisions=0.0083
cologne1_physical_safety_heavy_dqn_reward_oracle	REAL_TRAIN	69	324.7	0.0	-75.67	50.43	0.57	1161	-0.45	0.0000			23.0000	371.4241	120.4128	1.0000	246.0000	13.0000	
cologne1_physical_safety_heavy_dqn_reward_oracle	REAL_TRAIN	70	308.0	0.0	-70.77	47.16	0.56	1185	-0.44	0.0000			342.0000	356.0007	115.4126	1.0000	259.0000	7.0000	
cologne1_physical_safety_heavy_dqn_reward_oracle	REAL_TEST	70	368.2	100.0	-76.77	51.23	0.57	1007		-0.3702	queue=0.3202;delay=0.0;waiting=0.0;pressure=0.0;switches=0.0;ssm_conflicts=0.05;collisions=0.0		434.0000	367.6211	119.1800	0.0000	90.0000	1.0000	queue=6.4038;delay=0.5689;waiting=10845.4729;pressure=57.225;switches=0.1222;ssm_conflicts=0.25;collisions=0.0028
cologne1_physical_safety_heavy_dqn_reward_oracle	REAL_TRAIN	71	307.8	0.0	-70.65	47.03	0.58	1168	-0.45	0.0000			1.0000	352.8580	114.3937	3.0000	278.0000	8.0000	
cologne1_physical_safety_heavy_dqn_reward_oracle	REAL_TRAIN	72	331.0	0.0	-76.80	51.18	0.57	1132	-0.45	0.0000			356.0000	373.4577	121.0721	2.0000	227.0000	6.0000	
cologne1_physical_safety_heavy_dqn_reward_oracle	REAL_TEST	72	360.1	100.0	-77.22	51.54	0.56	1029		-0.3738	queue=0.3221;delay=0.0;waiting=0.0;pressure=0.0;switches=0.0;ssm_conflicts=0.0517;collisions=0.0		427.0000	370.3001	120.0485	1.0000	93.0000	2.0000	queue=6.4424;delay=0.5573;waiting=10717.7597;pressure=57.5667;switches=0.1083;ssm_conflicts=0.2583;collisions=0.0056
cologne1_physical_safety_heavy_dqn_reward_oracle	REAL_TRAIN	73	313.4	0.0	-71.19	47.41	0.57	1157	-0.44	0.0000			361.0000	354.9446	115.0702	4.0000	265.0000	4.0000	
cologne1_physical_safety_heavy_dqn_reward_oracle	REAL_TRAIN	74	300.0	0.0	-72.76	48.49	0.57	1252	-0.46	0.0000			314.0000	366.5364	118.8281	2.0000	278.0000	4.0000	
cologne1_physical_safety_heavy_dqn_reward_oracle	REAL_TEST	74	355.4	100.0	-78.52	52.40	0.56	1056		-0.3864	queue=0.3275;delay=0.0;waiting=0.0;pressure=0.0;switches=0.0;ssm_conflicts=0.0589;collisions=0.0		416.0000	376.2578	121.9799	0.0000	106.0000	1.0000	queue=6.55;delay=0.5556;waiting=8751.6313;pressure=58.475;switches=0.0333;ssm_conflicts=0.2944;collisions=0.0028
cologne1_physical_safety_heavy_dqn_reward_oracle	REAL_TRAIN	75	341.7	0.0	-76.86	51.23	0.57	1106	-0.45	0.0000			394.0000	373.5678	121.1078	2.0000	233.0000	12.0000	
cologne1_physical_safety_heavy_dqn_reward_oracle	REAL_TRAIN	76	343.2	0.0	-77.75	51.84	0.57	1095	-0.42	0.0000			26.0000	376.0403	121.9094	2.0000	180.0000	8.0000	
cologne1_physical_safety_heavy_dqn_reward_oracle	REAL_TEST	76	364.4	100.0	-77.52	51.72	0.57	1024		-0.3816	queue=0.3233;delay=0.0;waiting=0.0;pressure=0.0;switches=0.0;ssm_conflicts=0.0583;collisions=0.0		429.0000	371.6076	120.4724	2.0000	105.0000	2.0000	queue=6.4656;delay=0.5695;waiting=10841.9295;pressure=57.8194;switches=0.1611;ssm_conflicts=0.2917;collisions=0.0056
cologne1_physical_safety_heavy_dqn_reward_oracle	REAL_TRAIN	77	348.6	0.0	-79.12	52.77	0.57	1078	-0.46	0.0000			397.0000	381.0091	123.5202	3.0000	233.0000	3.0000	
cologne1_physical_safety_heavy_dqn_reward_oracle	REAL_TRAIN	78	322.4	0.0	-75.46	50.31	0.57	1137	-0.43	0.0000			2.0000	369.4499	119.7728	3.0000	213.0000	2.0000	
cologne1_physical_safety_heavy_dqn_reward_oracle	REAL_TEST	78	366.7	100.0	-77.52	51.74	0.56	1016		-0.3662	queue=0.3234;delay=0.0;waiting=0.0;pressure=0.0;switches=0.0;ssm_conflicts=0.0428;collisions=0.0		432.0000	370.8768	120.2355	0.0000	77.0000	1.0000	queue=6.4677;delay=0.5635;waiting=11083.3944;pressure=57.8083;switches=0.0111;ssm_conflicts=0.2139;collisions=0.0028
cologne1_physical_safety_heavy_dqn_reward_oracle	REAL_TRAIN	79	345.1	0.0	-77.35	51.59	0.56	1073	-0.42	0.0000			407.0000	373.9012	121.2159	1.0000	180.0000	1.0000	
cologne1_physical_safety_heavy_dqn_reward_oracle	REAL_TRAIN	80	337.0	0.0	-76.80	51.21	0.57	1107	-0.43	0.0000			18.0000	372.8151	120.8638	1.0000	201.0000	5.0000	
cologne1_physical_safety_heavy_dqn_reward_oracle	REAL_TEST	80	360.6	100.0	-77.11	51.47	0.56	1033		-0.3789	queue=0.3217;delay=0.0;waiting=0.0;pressure=0.0;switches=0.0;ssm_conflicts=0.0572;collisions=0.0		427.0000	370.1874	120.0120	0.0000	103.0000	1.0000	queue=6.4344;delay=0.5617;waiting=10709.7503;pressure=57.5389;switches=0.0944;ssm_conflicts=0.2861;collisions=0.0028
cologne1_physical_safety_heavy_dqn_reward_oracle	REAL_TRAIN	81	301.0	0.0	-63.58	42.44	0.57	1130	-0.42	0.0000			380.0000	326.7970	105.9449	1.0000	270.0000	6.0000	
cologne1_physical_safety_heavy_dqn_reward_oracle	REAL_TRAIN	82	321.9	0.0	-70.77	47.16	0.56	1134	-0.40	0.0000			374.0000	351.5544	113.9711	3.0000	183.0000	10.0000	
cologne1_physical_safety_heavy_dqn_reward_oracle	REAL_TEST	82	360.6	100.0	-77.11	51.47	0.56	1033		-0.3789	queue=0.3217;delay=0.0;waiting=0.0;pressure=0.0;switches=0.0;ssm_conflicts=0.0572;collisions=0.0		427.0000	370.1874	120.0120	0.0000	103.0000	1.0000	queue=6.4344;delay=0.5617;waiting=10709.7503;pressure=57.5389;switches=0.0944;ssm_conflicts=0.2861;collisions=0.0028
cologne1_physical_safety_heavy_dqn_reward_oracle	REAL_TRAIN	83	331.7	0.0	-76.08	50.69	0.57	1133	-0.43	0.0000			364.0000	370.6954	120.1765	2.0000	197.0000	3.0000	
cologne1_physical_safety_heavy_dqn_reward_oracle	REAL_TRAIN	84	306.6	0.0	-70.87	47.17	0.58	1184	-0.44	0.0000			344.0000	355.4137	115.2223	2.0000	270.0000	8.0000	
cologne1_physical_safety_heavy_dqn_reward_oracle	REAL_TEST	84	365.4	100.0	-77.91	51.95	0.58	1024		-0.4008	queue=0.3247;delay=0.0;waiting=0.0;pressure=0.0;switches=0.0;ssm_conflicts=0.0761;collisions=0.0		11.0000	373.3899	121.0502	2.0000	137.0000	6.0000	queue=6.4941;delay=0.5836;waiting=10889.8184;pressure=58.0833;switches=0.1778;ssm_conflicts=0.3806;collisions=0.0167
cologne1_physical_safety_heavy_dqn_reward_oracle	REAL_TRAIN	85	334.2	0.0	-77.80	51.84	0.58	1123	-0.44	0.0000			387.0000	377.6521	122.4319	3.0000	216.0000	4.0000	
cologne1_physical_safety_heavy_dqn_reward_oracle	REAL_TRAIN	86	333.9	0.0	-76.09	50.72	0.57	1110	-0.44	0.0000			385.0000	371.0467	120.2905	2.0000	217.0000	6.0000	
cologne1_physical_safety_heavy_dqn_reward_oracle	REAL_TEST	86	342.9	100.0	-77.42	51.65	0.56	1095		-0.3917	queue=0.3228;delay=0.0;waiting=0.0;pressure=0.0;switches=0.0;ssm_conflicts=0.0689;collisions=0.0		3.0000	374.0792	121.2736	0.0000	124.0000	0.0000	queue=6.4559;delay=0.562;waiting=7809.0028;pressure=57.8306;switches=0.175;ssm_conflicts=0.3444;collisions=0.0
cologne1_physical_safety_heavy_dqn_reward_oracle	REAL_TRAIN	87	306.8	0.0	-69.05	46.00	0.58	1177	-0.42	0.0000			2.0000	347.8739	112.7779	0.0000	232.0000	5.0000	
cologne1_physical_safety_heavy_dqn_reward_oracle	REAL_TRAIN	88	325.6	0.0	-75.80	50.49	0.57	1141	-0.43	0.0000			367.0000	371.0902	120.3045	0.0000	215.0000	3.0000	
cologne1_physical_safety_heavy_dqn_reward_oracle	REAL_TEST	88	364.0	100.0	-77.40	51.67	0.56	1024		-0.3718	queue=0.3229;delay=0.0;waiting=0.0;pressure=0.0;switches=0.0;ssm_conflicts=0.0489;collisions=0.0		429.0000	370.8350	120.2219	0.0000	88.0000	0.0000	queue=6.4583;delay=0.5628;waiting=10729.8628;pressure=57.7222;switches=0.0861;ssm_conflicts=0.2444;collisions=0.0
cologne1_physical_safety_heavy_dqn_reward_oracle	REAL_TRAIN	89	330.3	0.0	-75.70	50.46	0.57	1126	-0.42	0.0000			377.0000	370.6109	120.1492	2.0000	193.0000	6.0000	
cologne1_physical_safety_heavy_dqn_reward_oracle	REAL_TRAIN	90	335.3	0.0	-76.40	50.96	0.56	1118	-0.43	0.0000			378.0000	372.1364	120.6438	1.0000	196.0000	5.0000	
cologne1_physical_safety_heavy_dqn_reward_oracle	REAL_TEST	90	364.1	100.0	-78.56	52.43	0.56	1028		-0.3760	queue=0.3277;delay=0.0;waiting=0.0;pressure=0.0;switches=0.0;ssm_conflicts=0.0483;collisions=0.0		428.0000	375.0111	121.5758	0.0000	87.0000	2.0000	queue=6.5538;delay=0.5601;waiting=10735.9045;pressure=58.4917;switches=0.0194;ssm_conflicts=0.2417;collisions=0.0056
cologne1_physical_safety_heavy_dqn_reward_oracle	REAL_TRAIN	91	313.5	0.0	-68.26	45.48	0.57	1138	-0.42	0.0000			31.0000	344.6649	111.7376	0.0000	250.0000	10.0000	
cologne1_physical_safety_heavy_dqn_reward_oracle	REAL_TRAIN	92	329.0	0.0	-76.36	50.90	0.57	1139	-0.45	0.0000			2.0000	372.6740	120.8180	1.0000	232.0000	3.0000	
cologne1_physical_safety_heavy_dqn_reward_oracle	REAL_TEST	92	360.3	100.0	-77.26	51.57	0.57	1029		-0.3817	queue=0.3223;delay=0.0;waiting=0.0;pressure=0.0;switches=0.0;ssm_conflicts=0.0594;collisions=0.0		428.0000	370.8396	120.2234	0.0000	107.0000	1.0000	queue=6.4458;delay=0.5659;waiting=10749.8337;pressure=57.6778;switches=0.1389;ssm_conflicts=0.2972;collisions=0.0028
cologne1_physical_safety_heavy_dqn_reward_oracle	REAL_TRAIN	93	331.1	0.0	-76.57	51.06	0.57	1118	-0.44	0.0000			388.0000	372.6958	120.8251	2.0000	215.0000	5.0000	
cologne1_physical_safety_heavy_dqn_reward_oracle	REAL_TRAIN	94	322.2	0.0	-75.48	50.32	0.57	1161	-0.44	0.0000			360.0000	370.7076	120.1805	0.0000	234.0000	4.0000	
cologne1_physical_safety_heavy_dqn_reward_oracle	REAL_TEST	94	361.7	100.0	-77.39	51.64	0.57	1032		-0.3922	queue=0.3227;delay=0.0;waiting=0.0;pressure=0.0;switches=0.0;ssm_conflicts=0.0694;collisions=0.0		17.0000	371.4572	120.4236	0.0000	125.0000	3.0000	queue=6.4545;delay=0.572;waiting=10722.1844;pressure=57.7528;switches=0.1139;ssm_conflicts=0.3472;collisions=0.0083
cologne1_physical_safety_heavy_dqn_reward_oracle	REAL_TRAIN	95	292.2	0.0	-67.09	44.69	0.57	1218	-0.48	0.0000			344.0000	345.7704	112.0959	1.0000	356.0000	4.0000	
cologne1_physical_safety_heavy_dqn_reward_oracle	REAL_TRAIN	96	338.0	0.0	-77.37	51.58	0.57	1109	-0.44	0.0000			387.0000	375.4920	121.7316	0.0000	218.0000	5.0000	
cologne1_physical_safety_heavy_dqn_reward_oracle	REAL_TEST	96	358.6	100.0	-77.14	51.48	0.57	1033		-0.3868	queue=0.3218;delay=0.0;waiting=0.0;pressure=0.0;switches=0.0;ssm_conflicts=0.065;collisions=0.0		427.0000	370.7789	120.2037	0.0000	117.0000	1.0000	queue=6.4354;delay=0.5679;waiting=10737.4722;pressure=57.5972;switches=0.1222;ssm_conflicts=0.325;collisions=0.0028
cologne1_physical_safety_heavy_dqn_reward_oracle	REAL_TRAIN	97	311.7	0.0	-70.78	47.17	0.57	1168	-0.42	0.0000			357.0000	354.5735	114.9499	2.0000	227.0000	5.0000	
cologne1_physical_safety_heavy_dqn_reward_oracle	REAL_TRAIN	98	293.0	0.0	-71.94	47.92	0.57	1234	-0.46	0.0000			323.0000	362.9525	117.6662	3.0000	295.0000	3.0000	
cologne1_physical_safety_heavy_dqn_reward_oracle	REAL_TEST	98	366.6	100.0	-77.51	51.73	0.56	1016		-0.3683	queue=0.3233;delay=0.0;waiting=0.0;pressure=0.0;switches=0.0;ssm_conflicts=0.045;collisions=0.0		432.0000	370.6900	120.1749	0.0000	81.0000	1.0000	queue=6.466;delay=0.561;waiting=11083.3573;pressure=57.7861;switches=0.0139;ssm_conflicts=0.225;collisions=0.0028
cologne1_physical_safety_heavy_dqn_reward_oracle	REAL_TRAIN	99	323.7	0.0	-73.35	48.88	0.57	1147	-0.44	0.0000			4.0000	362.1407	117.4031	1.0000	234.0000	5.0000	
cologne1_physical_safety_heavy_dqn_reward_oracle	REAL_TRAIN	100	323.7	0.0	-74.16	49.43	0.58	1140	-0.43	0.0000			360.0000	365.3129	118.4316	2.0000	221.0000	6.0000	
cologne1_physical_safety_heavy_dqn_reward_oracle	REAL_TEST	100	365.2	100.0	-77.41	51.68	0.56	1020		-0.3713	queue=0.323;delay=0.0;waiting=0.0;pressure=0.0;switches=0.0;ssm_conflicts=0.0483;collisions=0.0		432.0000	370.4210	120.0877	0.0000	87.0000	2.0000	queue=6.4601;delay=0.5619;waiting=11034.0017;pressure=57.7139;switches=0.0111;ssm_conflicts=0.2417;collisions=0.0056
cologne1_physical_safety_heavy_dqn_reward_oracle	REAL_TRAIN	101	330.2	0.0	-75.74	50.51	0.57	1135	-0.45	0.0000			374.0000	370.6921	120.1755	2.0000	236.0000	3.0000	
cologne1_physical_safety_heavy_dqn_reward_oracle	REAL_TRAIN	102	316.3	0.0	-72.21	48.13	0.57	1156	-0.44	0.0000			3.0000	358.5898	116.2520	1.0000	249.0000	3.0000	
cologne1_physical_safety_heavy_dqn_reward_oracle	REAL_TEST	102	365.2	100.0	-77.42	51.67	0.56	1020		-0.3696	queue=0.323;delay=0.0;waiting=0.0;pressure=0.0;switches=0.0;ssm_conflicts=0.0467;collisions=0.0		432.0000	370.5529	120.1305	0.0000	84.0000	2.0000	queue=6.4594;delay=0.5602;waiting=11039.8236;pressure=57.7167;switches=0.0139;ssm_conflicts=0.2333;collisions=0.0056
cologne1_physical_safety_heavy_dqn_reward_oracle	REAL_TRAIN	103	334.4	0.0	-76.60	51.07	0.57	1130	-0.46	0.0000			8.0000	373.6559	121.1363	3.0000	247.0000	9.0000	
cologne1_physical_safety_heavy_dqn_reward_oracle	REAL_TRAIN	104	301.2	0.0	-70.54	46.98	0.58	1188	-0.45	0.0000			351.0000	354.9890	115.0846	3.0000	290.0000	29.0000	
cologne1_physical_safety_heavy_dqn_reward_oracle	REAL_TEST	104	365.1	100.0	-77.33	51.62	0.56	1020		-0.3699	queue=0.3226;delay=0.0;waiting=0.0;pressure=0.0;switches=0.0;ssm_conflicts=0.0472;collisions=0.0		432.0000	370.3294	120.0580	0.0000	85.0000	3.0000	queue=6.4528;delay=0.5598;waiting=11031.8306;pressure=57.675;switches=0.0111;ssm_conflicts=0.2361;collisions=0.0083
cologne1_physical_safety_heavy_dqn_reward_oracle	REAL_TRAIN	105	333.2	0.0	-76.62	51.06	0.57	1131	-0.44	0.0000			9.0000	373.2030	120.9895	4.0000	212.0000	5.0000	
cologne1_physical_safety_heavy_dqn_reward_oracle	REAL_TRAIN	106	349.1	0.0	-77.14	51.46	0.57	1068	-0.41	0.0000			401.0000	371.9032	120.5682	1.0000	153.0000	2.0000	
cologne1_physical_safety_heavy_dqn_reward_oracle	REAL_TEST	106	363.0	100.0	-76.38	50.97	0.57	1021		-0.3664	queue=0.3186;delay=0.0;waiting=0.0;pressure=0.0;switches=0.0;ssm_conflicts=0.0478;collisions=0.0		8.0000	366.5156	118.8216	0.0000	86.0000	3.0000	queue=6.3715;delay=0.5654;waiting=10656.4045;pressure=56.9972;switches=0.0806;ssm_conflicts=0.2389;collisions=0.0083
cologne1_physical_safety_heavy_dqn_reward_oracle	REAL_TRAIN	107	312.7	0.0	-70.42	46.99	0.57	1153	-0.42	0.0000			357.0000	351.9906	114.1125	3.0000	226.0000	6.0000	
cologne1_physical_safety_heavy_dqn_reward_oracle	REAL_TRAIN	108	362.8	0.0	-79.16	52.82	0.57	1038	-0.42	0.0000			423.0000	378.1344	122.5883	0.0000	155.0000	1.0000	
cologne1_physical_safety_heavy_dqn_reward_oracle	REAL_TEST	108	364.7	100.0	-77.66	51.80	0.57	1024		-0.3821	queue=0.3237;delay=0.0;waiting=0.0;pressure=0.0;switches=0.0;ssm_conflicts=0.0583;collisions=0.0		11.0000	372.0675	120.6215	2.0000	105.0000	5.0000	queue=6.475;delay=0.5749;waiting=10842.3667;pressure=57.9056;switches=0.125;ssm_conflicts=0.2917;collisions=0.0139
cologne1_physical_safety_heavy_dqn_reward_oracle	REAL_TRAIN	109	342.8	0.0	-78.13	52.11	0.58	1082	-0.42	0.0000			395.0000	376.5262	122.0669	2.0000	172.0000	3.0000	
cologne1_physical_safety_heavy_dqn_reward_oracle	REAL_TRAIN	110	316.2	0.0	-72.02	48.01	0.58	1162	-0.43	0.0000			357.0000	357.6099	115.9343	2.0000	240.0000	1.0000	
cologne1_physical_safety_heavy_dqn_reward_oracle	REAL_TEST	110	363.9	100.0	-76.57	51.05	0.58	1021		-0.4035	queue=0.3191;delay=0.0;waiting=0.0;pressure=0.0;switches=0.0;ssm_conflicts=0.0844;collisions=0.0		428.0000	368.5395	119.4777	2.0000	152.0000	5.0000	queue=6.3812;delay=0.5823;waiting=10772.6812;pressure=57.2028;switches=0.2139;ssm_conflicts=0.4222;collisions=0.0139
cologne1_physical_safety_heavy_dqn_reward_oracle	REAL_TRAIN	111	332.7	0.0	-76.84	51.24	0.57	1125	-0.43	0.0000			21.0000	374.0744	121.2720	2.0000	198.0000	2.0000	
cologne1_physical_safety_heavy_dqn_reward_oracle	REAL_TRAIN	112	335.1	0.0	-74.06	49.38	0.56	1108	-0.42	0.0000			35.0000	362.8799	117.6428	1.0000	193.0000	7.0000	
cologne1_physical_safety_heavy_dqn_reward_oracle	REAL_TEST	112	365.2	100.0	-77.42	51.68	0.56	1020		-0.3686	queue=0.323;delay=0.0;waiting=0.0;pressure=0.0;switches=0.0;ssm_conflicts=0.0456;collisions=0.0		432.0000	370.5721	120.1367	0.0000	82.0000	1.0000	queue=6.4601;delay=0.5606;waiting=11039.8333;pressure=57.725;switches=0.0111;ssm_conflicts=0.2278;collisions=0.0028
cologne1_physical_safety_heavy_dqn_reward_oracle	REAL_TRAIN	113	333.0	0.0	-76.15	50.77	0.57	1133	-0.43	0.0000			374.0000	370.5388	120.1258	1.0000	197.0000	4.0000	
cologne1_physical_safety_heavy_dqn_reward_oracle	REAL_TRAIN	114	305.6	0.0	-69.97	46.62	0.57	1165	-0.44	0.0000			355.0000	351.2626	113.8765	2.0000	272.0000	5.0000	
cologne1_physical_safety_heavy_dqn_reward_oracle	REAL_TEST	114	360.0	100.0	-77.02	51.41	0.56	1028		-0.3797	queue=0.3213;delay=0.0;waiting=0.0;pressure=0.0;switches=0.0;ssm_conflicts=0.0583;collisions=0.0		428.0000	370.1883	120.0123	0.0000	105.0000	4.0000	queue=6.4264;delay=0.5573;waiting=10896.0677;pressure=57.5306;switches=0.1056;ssm_conflicts=0.2917;collisions=0.0111
cologne1_physical_safety_heavy_dqn_reward_oracle	REAL_TRAIN	115	359.5	0.0	-78.50	52.38	0.56	1046	-0.42	0.0000			418.0000	376.5990	122.0906	3.0000	172.0000	4.0000	
cologne1_physical_safety_heavy_dqn_reward_oracle	REAL_TRAIN	116	312.9	0.0	-70.66	47.07	0.57	1160	-0.44	0.0000			352.0000	353.6734	114.6581	1.0000	265.0000	6.0000	
cologne1_physical_safety_heavy_dqn_reward_oracle	REAL_TEST	116	362.5	100.0	-77.40	51.64	0.57	1030		-0.3778	queue=0.3228;delay=0.0;waiting=0.0;pressure=0.0;switches=0.0;ssm_conflicts=0.055;collisions=0.0		428.0000	371.1785	120.3333	0.0000	99.0000	5.0000	queue=6.4556;delay=0.5681;waiting=10764.701;pressure=57.725;switches=0.1056;ssm_conflicts=0.275;collisions=0.0139
cologne1_physical_safety_heavy_dqn_reward_oracle	REAL_TRAIN	117	339.5	0.0	-77.32	51.55	0.58	1105	-0.47	0.0000			8.0000	375.8368	121.8434	2.0000	271.0000	5.0000	
cologne1_physical_safety_heavy_dqn_reward_oracle	REAL_TRAIN	118	320.5	0.0	-75.41	50.24	0.57	1169	-0.45	0.0000			349.0000	371.3072	120.3749	2.0000	244.0000	6.0000	
cologne1_physical_safety_heavy_dqn_reward_oracle	REAL_TEST	118	363.0	100.0	-77.19	51.52	0.55	1025		-0.3692	queue=0.322;delay=0.0;waiting=0.0;pressure=0.0;switches=0.0;ssm_conflicts=0.0472;collisions=0.0		18.0000	369.6854	119.8492	0.0000	85.0000	2.0000	queue=6.4399;delay=0.5549;waiting=10961.9257;pressure=57.5417;switches=0.0111;ssm_conflicts=0.2361;collisions=0.0056
cologne1_physical_safety_heavy_dqn_reward_oracle	REAL_TRAIN	119	324.7	0.0	-74.68	49.79	0.56	1132	-0.43	0.0000			368.0000	366.8684	118.9359	3.0000	221.0000	4.0000	
cologne1_physical_safety_heavy_dqn_reward_oracle	REAL_TRAIN	120	313.0	0.0	-73.02	48.63	0.57	1179	-0.45	0.0000			2.0000	363.3634	117.7995	6.0000	264.0000	6.0000	
cologne1_physical_safety_heavy_dqn_reward_oracle	REAL_TEST	120	365.2	100.0	-77.43	51.68	0.56	1020		-0.3691	queue=0.323;delay=0.0;waiting=0.0;pressure=0.0;switches=0.0;ssm_conflicts=0.0461;collisions=0.0		432.0000	370.5822	120.1400	0.0000	83.0000	1.0000	queue=6.4604;delay=0.561;waiting=11039.7132;pressure=57.7278;switches=0.0139;ssm_conflicts=0.2306;collisions=0.0028
cologne1_physical_safety_heavy_dqn_reward_oracle	REAL_TRAIN	121	325.1	0.0	-74.85	49.89	0.57	1145	-0.44	0.0000			0.0000	367.8425	119.2516	4.0000	224.0000	5.0000	
cologne1_physical_safety_heavy_dqn_reward_oracle	REAL_TRAIN	122	325.5	0.0	-76.75	51.15	0.57	1147	-0.44	0.0000			370.0000	374.8480	121.5228	2.0000	218.0000	4.0000	
cologne1_physical_safety_heavy_dqn_reward_oracle	REAL_TEST	122	365.2	100.0	-77.41	51.67	0.56	1020		-0.3724	queue=0.323;delay=0.0;waiting=0.0;pressure=0.0;switches=0.0;ssm_conflicts=0.0494;collisions=0.0		432.0000	370.4495	120.0969	0.0000	89.0000	2.0000	queue=6.459;delay=0.5618;waiting=11033.9955;pressure=57.7111;switches=0.0111;ssm_conflicts=0.2472;collisions=0.0056
cologne1_physical_safety_heavy_dqn_reward_oracle	REAL_TRAIN	123	317.2	0.0	-73.58	49.03	0.57	1161	-0.43	0.0000			356.0000	363.6977	117.9079	4.0000	223.0000	4.0000	
cologne1_physical_safety_heavy_dqn_reward_oracle	REAL_TRAIN	124	296.3	0.0	-68.62	45.73	0.58	1201	-0.46	0.0000			336.0000	348.5547	112.9986	1.0000	305.0000	12.0000	
cologne1_physical_safety_heavy_dqn_reward_oracle	REAL_TEST	124	364.0	100.0	-77.41	51.66	0.56	1024		-0.3701	queue=0.3229;delay=0.0;waiting=0.0;pressure=0.0;switches=0.0;ssm_conflicts=0.0472;collisions=0.0		11.0000	370.6285	120.1550	0.0000	85.0000	0.0000	queue=6.458;delay=0.5629;waiting=10729.9573;pressure=57.7194;switches=0.075;ssm_conflicts=0.2361;collisions=0.0
cologne1_physical_safety_heavy_dqn_reward_oracle	REAL_TRAIN	125	333.8	0.0	-76.57	51.06	0.57	1127	-0.45	0.0000			20.0000	373.3482	121.0366	5.0000	227.0000	11.0000	
cologne1_physical_safety_heavy_dqn_reward_oracle	REAL_TRAIN	126	336.7	0.0	-76.87	51.23	0.57	1101	-0.46	0.0000			376.0000	372.9692	120.9137	3.0000	245.0000	15.0000	
cologne1_physical_safety_heavy_dqn_reward_oracle	REAL_TEST	126	364.5	100.0	-77.43	51.68	0.56	1022		-0.3686	queue=0.323;delay=0.0;waiting=0.0;pressure=0.0;switches=0.0;ssm_conflicts=0.0456;collisions=0.0		13.0000	370.4520	120.0977	0.0000	82.0000	2.0000	queue=6.4601;delay=0.5599;waiting=10892.1917;pressure=57.7139;switches=0.0222;ssm_conflicts=0.2278;collisions=0.0056
cologne1_physical_safety_heavy_dqn_reward_oracle	REAL_TRAIN	127	328.0	0.0	-76.10	50.73	0.57	1138	-0.45	0.0000			369.0000	371.9697	120.5897	7.0000	239.0000	4.0000	
cologne1_physical_safety_heavy_dqn_reward_oracle	REAL_TRAIN	128	347.1	0.0	-78.32	52.24	0.57	1086	-0.44	0.0000			1.0000	377.3623	122.3380	3.0000	203.0000	3.0000	
cologne1_physical_safety_heavy_dqn_reward_oracle	REAL_TEST	128	362.8	100.0	-77.10	51.47	0.56	1026		-0.3722	queue=0.3217;delay=0.0;waiting=0.0;pressure=0.0;switches=0.0;ssm_conflicts=0.0506;collisions=0.0		17.0000	369.8407	119.8996	0.0000	91.0000	1.0000	queue=6.4333;delay=0.5557;waiting=10885.1049;pressure=57.5194;switches=0.0167;ssm_conflicts=0.2528;collisions=0.0028
cologne1_physical_safety_heavy_dqn_reward_oracle	REAL_TRAIN	129	337.1	0.0	-76.72	51.16	0.57	1109	-0.44	0.0000			377.0000	373.2558	121.0066	2.0000	214.0000	6.0000	
cologne1_physical_safety_heavy_dqn_reward_oracle	REAL_TRAIN	130	328.4	0.0	-71.78	47.86	0.56	1115	-0.43	0.0000			388.0000	355.9359	115.3916	2.0000	233.0000	5.0000	
cologne1_physical_safety_heavy_dqn_reward_oracle	REAL_TEST	130	363.1	100.0	-77.18	51.53	0.56	1025		-0.3715	queue=0.322;delay=0.0;waiting=0.0;pressure=0.0;switches=0.0;ssm_conflicts=0.0494;collisions=0.0		431.0000	369.9314	119.9290	0.0000	89.0000	3.0000	queue=6.4406;delay=0.5555;waiting=10958.3333;pressure=57.5417;switches=0.0111;ssm_conflicts=0.2472;collisions=0.0083
cologne1_physical_safety_heavy_dqn_reward_oracle	REAL_TRAIN	131	314.2	0.0	-70.79	47.20	0.57	1156	-0.43	0.0000			12.0000	353.5543	114.6195	3.0000	246.0000	7.0000	
cologne1_physical_safety_heavy_dqn_reward_oracle	REAL_TRAIN	132	309.1	0.0	-71.06	47.35	0.57	1174	-0.45	0.0000			349.0000	356.2080	115.4798	2.0000	275.0000	4.0000	
cologne1_physical_safety_heavy_dqn_reward_oracle	REAL_TEST	132	365.2	100.0	-77.42	51.67	0.56	1020		-0.3696	queue=0.323;delay=0.0;waiting=0.0;pressure=0.0;switches=0.0;ssm_conflicts=0.0467;collisions=0.0		432.0000	370.5529	120.1305	0.0000	84.0000	2.0000	queue=6.4594;delay=0.5602;waiting=11039.8236;pressure=57.7167;switches=0.0139;ssm_conflicts=0.2333;collisions=0.0056
cologne1_physical_safety_heavy_dqn_reward_oracle	REAL_TRAIN	133	339.4	0.0	-77.21	51.47	0.57	1104	-0.43	0.0000			22.0000	374.0130	121.2521	2.0000	203.0000	3.0000	
cologne1_physical_safety_heavy_dqn_reward_oracle	REAL_TRAIN	134	309.2	0.0	-70.97	47.31	0.57	1179	-0.43	0.0000			347.0000	355.3766	115.2103	1.0000	238.0000	8.0000	
cologne1_physical_safety_heavy_dqn_reward_oracle	REAL_TEST	134	363.1	100.0	-77.19	51.52	0.55	1025		-0.3686	queue=0.322;delay=0.0;waiting=0.0;pressure=0.0;switches=0.0;ssm_conflicts=0.0467;collisions=0.0		18.0000	369.6347	119.8328	0.0000	84.0000	2.0000	queue=6.4396;delay=0.5548;waiting=10961.9236;pressure=57.5389;switches=0.0111;ssm_conflicts=0.2333;collisions=0.0056
cologne1_physical_safety_heavy_dqn_reward_oracle	REAL_TRAIN	135	326.4	0.0	-75.44	50.29	0.56	1149	-0.42	0.0000			363.0000	370.2444	120.0303	2.0000	195.0000	4.0000	
cologne1_physical_safety_heavy_dqn_reward_oracle	REAL_TRAIN	136	339.4	0.0	-75.24	50.17	0.57	1100	-0.45	0.0000			12.0000	367.4926	119.1382	2.0000	239.0000	25.0000	
cologne1_physical_safety_heavy_dqn_reward_oracle	REAL_TEST	136	362.7	100.0	-77.51	51.72	0.57	1029		-0.3860	queue=0.3232;delay=0.0;waiting=0.0;pressure=0.0;switches=0.0;ssm_conflicts=0.0628;collisions=0.0		14.0000	371.3708	120.3956	1.0000	113.0000	3.0000	queue=6.4646;delay=0.5721;waiting=10761.3521;pressure=57.7917;switches=0.1194;ssm_conflicts=0.3139;collisions=0.0083
cologne1_physical_safety_heavy_dqn_reward_oracle	REAL_TRAIN	137	325.2	0.0	-75.51	50.32	0.57	1155	-0.44	0.0000			361.0000	370.6277	120.1546	3.0000	225.0000	7.0000	
cologne1_physical_safety_heavy_dqn_reward_oracle	REAL_TRAIN	138	331.0	0.0	-75.74	50.47	0.57	1141	-0.43	0.0000			366.0000	370.4829	120.1077	3.0000	212.0000	3.0000	
cologne1_physical_safety_heavy_dqn_reward_oracle	REAL_TEST	138	365.2	100.0	-77.43	51.68	0.56	1020		-0.3697	queue=0.323;delay=0.0;waiting=0.0;pressure=0.0;switches=0.0;ssm_conflicts=0.0467;collisions=0.0		15.0000	370.5028	120.1142	0.0000	84.0000	1.0000	queue=6.4604;delay=0.5603;waiting=11039.8292;pressure=57.7306;switches=0.0111;ssm_conflicts=0.2333;collisions=0.0028
cologne1_physical_safety_heavy_dqn_reward_oracle	REAL_TRAIN	139	333.7	0.0	-76.75	51.17	0.57	1103	-0.45	0.0000			10.0000	372.9184	120.8972	2.0000	231.0000	5.0000	
cologne1_physical_safety_heavy_dqn_reward_oracle	REAL_TRAIN	140	361.4	0.0	-78.60	52.44	0.57	1040	-0.43	0.0000			420.0000	376.2732	121.9849	1.0000	179.0000	2.0000	
cologne1_physical_safety_heavy_dqn_reward_oracle	REAL_TEST	140	364.1	100.0	-77.41	51.66	0.56	1024		-0.3729	queue=0.3229;delay=0.0;waiting=0.0;pressure=0.0;switches=0.0;ssm_conflicts=0.05;collisions=0.0		428.0000	371.0315	120.2856	0.0000	90.0000	4.0000	queue=6.4573;delay=0.5647;waiting=10836.1653;pressure=57.7111;switches=0.0833;ssm_conflicts=0.25;collisions=0.0111
cologne1_physical_safety_heavy_dqn_reward_oracle	REAL_TRAIN	141	334.5	0.0	-76.62	51.11	0.57	1108	-0.44	0.0000			388.0000	372.5739	120.7856	3.0000	210.0000	4.0000	
cologne1_physical_safety_heavy_dqn_reward_oracle	REAL_TRAIN	142	352.9	0.0	-78.89	52.60	0.57	1066	-0.43	0.0000			408.0000	379.2657	122.9551	1.0000	188.0000	1.0000	
cologne1_physical_safety_heavy_dqn_reward_oracle	REAL_TEST	142	363.9	100.0	-77.44	51.69	0.56	1024		-0.3686	queue=0.3231;delay=0.0;waiting=0.0;pressure=0.0;switches=0.0;ssm_conflicts=0.0456;collisions=0.0		11.0000	370.6412	120.1591	0.0000	82.0000	3.0000	queue=6.4618;delay=0.5626;waiting=10724.2778;pressure=57.6639;switches=0.0778;ssm_conflicts=0.2278;collisions=0.0083
cologne1_physical_safety_heavy_dqn_reward_oracle	REAL_TRAIN	143	317.4	0.0	-74.08	49.35	0.57	1172	-0.44	0.0000			2.0000	366.2850	118.7467	2.0000	235.0000	6.0000	
cologne1_physical_safety_heavy_dqn_reward_oracle	REAL_TRAIN	144	308.3	0.0	-74.30	49.49	0.57	1172	-0.46	0.0000			360.0000	366.7993	118.9134	2.0000	280.0000	11.0000	
cologne1_physical_safety_heavy_dqn_reward_oracle	REAL_TEST	144	363.9	100.0	-77.36	51.64	0.56	1024		-0.3672	queue=0.3227;delay=0.0;waiting=0.0;pressure=0.0;switches=0.0;ssm_conflicts=0.0444;collisions=0.0		11.0000	370.4530	120.0981	0.0000	80.0000	2.0000	queue=6.4549;delay=0.5612;waiting=10724.1642;pressure=57.6444;switches=0.0833;ssm_conflicts=0.2222;collisions=0.0056
cologne1_physical_safety_heavy_dqn_reward_oracle	REAL_TRAIN	145	331.6	0.0	-76.66	51.11	0.57	1116	-0.44	0.0000			13.0000	372.8507	120.8753	1.0000	219.0000	4.0000	
cologne1_physical_safety_heavy_dqn_reward_oracle	REAL_TRAIN	146	332.9	0.0	-76.24	50.84	0.57	1125	-0.43	0.0000			373.0000	371.8636	120.5553	0.0000	211.0000	2.0000	
cologne1_physical_safety_heavy_dqn_reward_oracle	REAL_TEST	146	363.6	100.0	-77.43	51.70	0.56	1022		-0.3703	queue=0.3231;delay=0.0;waiting=0.0;pressure=0.0;switches=0.0;ssm_conflicts=0.0472;collisions=0.0		13.0000	370.3232	120.0560	0.0000	85.0000	1.0000	queue=6.4622;delay=0.5617;waiting=10916.9733;pressure=57.6278;switches=0.0222;ssm_conflicts=0.2361;collisions=0.0028
cologne1_physical_safety_heavy_dqn_reward_oracle	REAL_TRAIN	147	332.1	0.0	-76.10	50.73	0.57	1126	-0.43	0.0000			376.0000	371.0794	120.3011	2.0000	202.0000	9.0000	
cologne1_physical_safety_heavy_dqn_reward_oracle	REAL_TRAIN	148	331.1	0.0	-76.63	51.11	0.57	1109	-0.43	0.0000			385.0000	372.3381	120.7091	0.0000	201.0000	2.0000	
cologne1_physical_safety_heavy_dqn_reward_oracle	REAL_TEST	148	365.1	100.0	-77.41	51.66	0.56	1020		-0.3679	queue=0.3229;delay=0.0;waiting=0.0;pressure=0.0;switches=0.0;ssm_conflicts=0.045;collisions=0.0		15.0000	370.4717	120.1042	0.0000	81.0000	1.0000	queue=6.458;delay=0.5599;waiting=11039.8118;pressure=57.725;switches=0.0139;ssm_conflicts=0.225;collisions=0.0028
cologne1_physical_safety_heavy_dqn_reward_oracle	REAL_TRAIN	149	333.6	0.0	-75.15	50.11	0.57	1125	-0.42	0.0000			381.0000	367.5820	119.1672	2.0000	198.0000	2.0000	
cologne1_physical_safety_heavy_dqn_reward_oracle	REAL_TRAIN	150	321.5	0.0	-74.75	49.82	0.56	1148	-0.45	0.0000			1.0000	367.2175	119.0490	2.0000	258.0000	22.0000	
cologne1_physical_safety_heavy_dqn_reward_oracle	REAL_TEST	150	363.9	100.0	-77.41	51.67	0.56	1024		-0.3718	queue=0.3229;delay=0.0;waiting=0.0;pressure=0.0;switches=0.0;ssm_conflicts=0.0489;collisions=0.0		428.0000	370.5219	120.1204	0.0000	88.0000	1.0000	queue=6.4583;delay=0.5608;waiting=10729.9142;pressure=57.7111;switches=0.0806;ssm_conflicts=0.2444;collisions=0.0028
cologne1_physical_safety_heavy_dqn_reward_oracle	REAL_TRAIN	151	310.3	0.0	-71.86	47.91	0.57	1181	-0.44	0.0000			339.0000	358.6546	116.2729	2.0000	258.0000	5.0000	
cologne1_physical_safety_heavy_dqn_reward_oracle	REAL_TRAIN	152	329.9	0.0	-76.63	51.08	0.57	1117	-0.43	0.0000			22.0000	372.9684	120.9135	3.0000	203.0000	2.0000	
cologne1_physical_safety_heavy_dqn_reward_oracle	REAL_TEST	152	365.2	100.0	-77.42	51.67	0.56	1020		-0.3696	queue=0.323;delay=0.0;waiting=0.0;pressure=0.0;switches=0.0;ssm_conflicts=0.0467;collisions=0.0		432.0000	370.5670	120.1351	0.0000	84.0000	2.0000	queue=6.4594;delay=0.5602;waiting=11039.8236;pressure=57.7167;switches=0.0111;ssm_conflicts=0.2333;collisions=0.0056
cologne1_physical_safety_heavy_dqn_reward_oracle	REAL_TRAIN	153	328.7	0.0	-76.36	50.91	0.57	1151	-0.44	0.0000			357.0000	373.7828	121.1775	1.0000	214.0000	4.0000	
cologne1_physical_safety_heavy_dqn_reward_oracle	REAL_TRAIN	154	338.4	0.0	-76.96	51.31	0.58	1118	-0.45	0.0000			383.0000	374.5188	121.4161	3.0000	240.0000	7.0000	
cologne1_physical_safety_heavy_dqn_reward_oracle	REAL_TEST	154	365.2	100.0	-77.41	51.67	0.56	1020		-0.3707	queue=0.323;delay=0.0;waiting=0.0;pressure=0.0;switches=0.0;ssm_conflicts=0.0478;collisions=0.0		432.0000	370.3780	120.0738	0.0000	86.0000	2.0000	queue=6.4594;delay=0.5615;waiting=11034.3479;pressure=57.7083;switches=0.0167;ssm_conflicts=0.2389;collisions=0.0056
cologne1_physical_safety_heavy_dqn_reward_oracle	REAL_TRAIN	155	301.8	0.0	-70.86	47.22	0.57	1194	-0.44	0.0000			3.0000	355.8943	115.3781	2.0000	256.0000	5.0000	
cologne1_physical_safety_heavy_dqn_reward_oracle	REAL_TRAIN	156	337.5	0.0	-76.97	51.31	0.58	1109	-0.45	0.0000			8.0000	373.8910	121.2126	5.0000	226.0000	4.0000	
cologne1_physical_safety_heavy_dqn_reward_oracle	REAL_TEST	156	361.8	100.0	-77.13	51.49	0.56	1029		-0.3718	queue=0.3218;delay=0.0;waiting=0.0;pressure=0.0;switches=0.0;ssm_conflicts=0.05;collisions=0.0		427.0000	369.9810	119.9451	0.0000	90.0000	1.0000	queue=6.4361;delay=0.5555;waiting=10648.8934;pressure=57.5417;switches=0.0833;ssm_conflicts=0.25;collisions=0.0028
cologne1_physical_safety_heavy_dqn_reward_oracle	REAL_TRAIN	157	336.3	0.0	-76.56	51.04	0.57	1101	-0.42	0.0000			385.0000	371.5563	120.4557	1.0000	174.0000	3.0000	
cologne1_physical_safety_heavy_dqn_reward_oracle	REAL_TRAIN	158	307.7	0.0	-74.85	49.91	0.57	1176	-0.43	0.0000			355.0000	369.3509	119.7406	4.0000	219.0000	4.0000	
cologne1_physical_safety_heavy_dqn_reward_oracle	REAL_TEST	158	361.8	100.0	-77.18	51.52	0.56	1029		-0.3720	queue=0.322;delay=0.0;waiting=0.0;pressure=0.0;switches=0.0;ssm_conflicts=0.05;collisions=0.0		427.0000	369.9722	119.9422	0.0000	90.0000	2.0000	queue=6.4396;delay=0.5551;waiting=10652.176;pressure=57.5361;switches=0.0833;ssm_conflicts=0.25;collisions=0.0056
cologne1_physical_safety_heavy_dqn_reward_oracle	REAL_TRAIN	159	317.3	0.0	-72.16	48.08	0.57	1150	-0.43	0.0000			365.0000	358.0747	116.0850	2.0000	230.0000	6.0000	
cologne1_physical_safety_heavy_dqn_reward_oracle	REAL_TRAIN	160	318.2	0.0	-74.61	49.72	0.56	1165	-0.43	0.0000			3.0000	368.0945	119.3333	2.0000	222.0000	6.0000	
cologne1_physical_safety_heavy_dqn_reward_oracle	REAL_TEST	160	365.2	100.0	-77.43	51.69	0.56	1020		-0.3697	queue=0.323;delay=0.0;waiting=0.0;pressure=0.0;switches=0.0;ssm_conflicts=0.0467;collisions=0.0		432.0000	370.5965	120.1446	0.0000	84.0000	2.0000	queue=6.4608;delay=0.5608;waiting=11039.6997;pressure=57.7361;switches=0.0167;ssm_conflicts=0.2333;collisions=0.0056
cologne1_physical_safety_heavy_dqn_reward_oracle	REAL_TRAIN	161	334.4	0.0	-77.09	51.42	0.56	1094	-0.44	0.0000			388.0000	373.4921	121.0833	2.0000	206.0000	5.0000	
cologne1_physical_safety_heavy_dqn_reward_oracle	REAL_TRAIN	162	333.9	0.0	-77.50	51.66	0.57	1112	-0.44	0.0000			385.0000	376.2683	121.9833	4.0000	218.0000	5.0000	
cologne1_physical_safety_heavy_dqn_reward_oracle	REAL_TEST	162	365.2	100.0	-77.43	51.68	0.56	1020		-0.3680	queue=0.323;delay=0.0;waiting=0.0;pressure=0.0;switches=0.0;ssm_conflicts=0.045;collisions=0.0		432.0000	370.5248	120.1214	0.0000	81.0000	2.0000	queue=6.4604;delay=0.5607;waiting=11039.7017;pressure=57.7278;switches=0.0139;ssm_conflicts=0.225;collisions=0.0056
cologne1_physical_safety_heavy_dqn_reward_oracle	REAL_TRAIN	163	341.0	0.0	-78.93	52.65	0.56	1101	-0.45	0.0000			4.0000	380.8305	123.4623	1.0000	209.0000	3.0000	
cologne1_physical_safety_heavy_dqn_reward_oracle	REAL_TRAIN	164	332.5	0.0	-76.64	51.06	0.57	1126	-0.45	0.0000			366.0000	373.6991	121.1503	3.0000	244.0000	2.0000	
cologne1_physical_safety_heavy_dqn_reward_oracle	REAL_TEST	164	363.1	100.0	-77.12	51.48	0.56	1025		-0.3728	queue=0.3217;delay=0.0;waiting=0.0;pressure=0.0;switches=0.0;ssm_conflicts=0.0511;collisions=0.0		18.0000	369.8364	119.8982	0.0000	92.0000	1.0000	queue=6.4347;delay=0.5553;waiting=10958.8177;pressure=57.5333;switches=0.0167;ssm_conflicts=0.2556;collisions=0.0028
cologne1_physical_safety_heavy_dqn_reward_oracle	REAL_TRAIN	165	349.3	0.0	-78.02	52.03	0.57	1088	-0.42	0.0000			7.0000	375.8698	121.8541	0.0000	164.0000	2.0000	
cologne1_physical_safety_heavy_dqn_reward_oracle	REAL_TRAIN	166	338.0	0.0	-76.11	50.74	0.57	1102	-0.43	0.0000			8.0000	370.1418	119.9971	1.0000	202.0000	2.0000	
cologne1_physical_safety_heavy_dqn_reward_oracle	REAL_TEST	166	361.8	100.0	-77.12	51.47	0.56	1029		-0.3711	queue=0.3217;delay=0.0;waiting=0.0;pressure=0.0;switches=0.0;ssm_conflicts=0.0494;collisions=0.0		14.0000	369.9377	119.9310	0.0000	89.0000	1.0000	queue=6.4333;delay=0.5569;waiting=10648.8399;pressure=57.5417;switches=0.0861;ssm_conflicts=0.2472;collisions=0.0028
cologne1_physical_safety_heavy_dqn_reward_oracle	REAL_TRAIN	167	325.9	0.0	-73.62	49.07	0.57	1145	-0.44	0.0000			2.0000	363.4033	117.8125	1.0000	238.0000	6.0000	
cologne1_physical_safety_heavy_dqn_reward_oracle	REAL_TRAIN	168	340.2	0.0	-76.61	51.09	0.56	1099	-0.43	0.0000			390.0000	372.1684	120.6541	1.0000	201.0000	2.0000	
cologne1_physical_safety_heavy_dqn_reward_oracle	REAL_TEST	168	365.2	100.0	-77.43	51.68	0.56	1020		-0.3697	queue=0.323;delay=0.0;waiting=0.0;pressure=0.0;switches=0.0;ssm_conflicts=0.0467;collisions=0.0		432.0000	370.5763	120.1381	0.0000	84.0000	2.0000	queue=6.4604;delay=0.5608;waiting=11039.6986;pressure=57.7389;switches=0.0167;ssm_conflicts=0.2333;collisions=0.0056
cologne1_physical_safety_heavy_dqn_reward_oracle	REAL_TRAIN	169	352.7	0.0	-77.05	51.39	0.56	1057	-0.41	0.0000			20.0000	371.7612	120.5221	0.0000	161.0000	4.0000	
cologne1_physical_safety_heavy_dqn_reward_oracle	REAL_TRAIN	170	324.8	0.0	-73.43	48.94	0.57	1142	-0.43	0.0000			365.0000	362.3028	117.4557	2.0000	215.0000	10.0000	
cologne1_physical_safety_heavy_dqn_reward_oracle	REAL_TEST	170	364.1	100.0	-77.41	51.67	0.56	1024		-0.3735	queue=0.3229;delay=0.0;waiting=0.0;pressure=0.0;switches=0.0;ssm_conflicts=0.0506;collisions=0.0		428.0000	371.0080	120.2780	0.0000	91.0000	2.0000	queue=6.4587;delay=0.5636;waiting=10842.0302;pressure=57.7444;switches=0.0861;ssm_conflicts=0.2528;collisions=0.0056
cologne1_physical_safety_heavy_dqn_reward_oracle	REAL_TRAIN	171	329.7	0.0	-75.38	50.27	0.57	1119	-0.44	0.0000			380.0000	367.6877	119.2015	1.0000	219.0000	9.0000	
cologne1_physical_safety_heavy_dqn_reward_oracle	REAL_TRAIN	172	322.8	0.0	-75.96	50.61	0.57	1152	-0.45	0.0000			366.0000	372.0894	120.6284	0.0000	236.0000	4.0000	
cologne1_physical_safety_heavy_dqn_reward_oracle	REAL_TEST	172	363.9	100.0	-77.36	51.64	0.56	1024		-0.3733	queue=0.3227;delay=0.0;waiting=0.0;pressure=0.0;switches=0.0;ssm_conflicts=0.0506;collisions=0.0		428.0000	370.4631	120.1014	0.0000	91.0000	2.0000	queue=6.4545;delay=0.5612;waiting=10724.4059;pressure=57.7028;switches=0.0806;ssm_conflicts=0.2528;collisions=0.0056
cologne1_physical_safety_heavy_dqn_reward_oracle	REAL_TRAIN	173	318.2	0.0	-75.92	50.57	0.57	1159	-0.45	0.0000			353.0000	372.1706	120.6548	3.0000	242.0000	9.0000	
cologne1_physical_safety_heavy_dqn_reward_oracle	REAL_TRAIN	174	348.5	0.0	-77.87	51.93	0.57	1076	-0.45	0.0000			9.0000	375.6991	121.7988	3.0000	218.0000	1.0000	
cologne1_physical_safety_heavy_dqn_reward_oracle	REAL_TEST	174	363.9	100.0	-77.38	51.65	0.56	1024		-0.3717	queue=0.3228;delay=0.0;waiting=0.0;pressure=0.0;switches=0.0;ssm_conflicts=0.0489;collisions=0.0		11.0000	370.4453	120.0956	0.0000	88.0000	2.0000	queue=6.4566;delay=0.5617;waiting=10724.4198;pressure=57.7083;switches=0.0861;ssm_conflicts=0.2444;collisions=0.0056
cologne1_physical_safety_heavy_dqn_reward_oracle	REAL_TRAIN	175	330.7	0.0	-76.29	50.90	0.57	1108	-0.43	0.0000			9.0000	371.7559	120.5204	1.0000	203.0000	4.0000	
cologne1_physical_safety_heavy_dqn_reward_oracle	REAL_TRAIN	176	356.4	0.0	-77.40	51.64	0.57	1049	-0.41	0.0000			415.0000	371.9769	120.5921	3.0000	148.0000	0.0000	
cologne1_physical_safety_heavy_dqn_reward_oracle	REAL_TEST	176	363.9	100.0	-77.42	51.67	0.56	1024		-0.3713	queue=0.3229;delay=0.0;waiting=0.0;pressure=0.0;switches=0.0;ssm_conflicts=0.0483;collisions=0.0		11.0000	370.6381	120.1581	0.0000	87.0000	1.0000	queue=6.4587;delay=0.5615;waiting=10729.859;pressure=57.7361;switches=0.0944;ssm_conflicts=0.2417;collisions=0.0028
cologne1_physical_safety_heavy_dqn_reward_oracle	REAL_TRAIN	177	350.8	0.0	-77.30	51.57	0.56	1062	-0.42	0.0000			411.0000	372.1280	120.6411	2.0000	171.0000	3.0000	
cologne1_physical_safety_heavy_dqn_reward_oracle	REAL_TRAIN	178	314.7	0.0	-74.85	49.88	0.58	1173	-0.47	0.0000			14.0000	370.2532	120.0331	1.0000	289.0000	11.0000	
cologne1_physical_safety_heavy_dqn_reward_oracle	REAL_TEST	178	364.0	100.0	-77.37	51.65	0.56	1025		-0.3695	queue=0.3228;delay=0.0;waiting=0.0;pressure=0.0;switches=0.0;ssm_conflicts=0.0467;collisions=0.0		428.0000	370.7797	120.2040	0.0000	84.0000	4.0000	queue=6.4562;delay=0.5643;waiting=10836.7528;pressure=57.7389;switches=0.0889;ssm_conflicts=0.2333;collisions=0.0111
cologne1_physical_safety_heavy_dqn_reward_oracle	REAL_TRAIN	179	333.0	0.0	-75.85	50.57	0.57	1118	-0.45	0.0000			377.0000	370.1060	119.9855	5.0000	235.0000	7.0000	
cologne1_physical_safety_heavy_dqn_reward_oracle	REAL_TRAIN	180	304.4	0.0	-71.07	47.34	0.58	1177	-0.46	0.0000			349.0000	355.5666	115.2718	2.0000	291.0000	6.0000	
cologne1_physical_safety_heavy_dqn_reward_oracle	REAL_TEST	180	365.2	100.0	-77.40	51.66	0.56	1020		-0.3712	queue=0.3229;delay=0.0;waiting=0.0;pressure=0.0;switches=0.0;ssm_conflicts=0.0483;collisions=0.0		432.0000	370.3295	120.0580	0.0000	87.0000	2.0000	queue=6.4576;delay=0.5614;waiting=11034.3406;pressure=57.7056;switches=0.0167;ssm_conflicts=0.2417;collisions=0.0056
cologne1_physical_safety_heavy_dqn_reward_oracle	REAL_TRAIN	181	346.4	0.0	-77.41	51.64	0.57	1081	-0.41	0.0000			10.0000	373.3403	121.0341	1.0000	151.0000	23.0000	
cologne1_physical_safety_heavy_dqn_reward_oracle	REAL_TRAIN	182	350.2	0.0	-77.92	51.96	0.57	1074	-0.43	0.0000			11.0000	375.3246	121.6774	5.0000	187.0000	5.0000	
cologne1_physical_safety_heavy_dqn_reward_oracle	REAL_TEST	182	365.2	100.0	-77.39	51.66	0.56	1020		-0.3706	queue=0.3229;delay=0.0;waiting=0.0;pressure=0.0;switches=0.0;ssm_conflicts=0.0478;collisions=0.0		15.0000	370.1991	120.0158	0.0000	86.0000	2.0000	queue=6.4573;delay=0.5614;waiting=11034.3344;pressure=57.7;switches=0.0167;ssm_conflicts=0.2389;collisions=0.0056
cologne1_physical_safety_heavy_dqn_reward_oracle	REAL_TRAIN	183	322.0	0.0	-72.59	48.36	0.58	1160	-0.45	0.0000			350.0000	360.0480	116.7247	4.0000	269.0000	4.0000	
cologne1_physical_safety_heavy_dqn_reward_oracle	REAL_TRAIN	184	335.6	0.0	-76.64	51.11	0.56	1127	-0.43	0.0000			8.0000	373.6115	121.1220	1.0000	203.0000	7.0000	
cologne1_physical_safety_heavy_dqn_reward_oracle	REAL_TEST	184	364.0	100.0	-77.42	51.67	0.56	1024		-0.3735	queue=0.3229;delay=0.0;waiting=0.0;pressure=0.0;switches=0.0;ssm_conflicts=0.0506;collisions=0.0		428.0000	370.6159	120.1509	0.0000	91.0000	1.0000	queue=6.4583;delay=0.5609;waiting=10729.9108;pressure=57.7417;switches=0.0806;ssm_conflicts=0.2528;collisions=0.0028
cologne1_physical_safety_heavy_dqn_reward_oracle	REAL_TRAIN	185	303.8	0.0	-67.05	44.70	0.57	1174	-0.41	0.0000			357.0000	342.1280	110.9151	2.0000	238.0000	3.0000	
cologne1_physical_safety_heavy_dqn_reward_oracle	REAL_TRAIN	186	320.5	0.0	-74.08	49.38	0.57	1139	-0.44	0.0000			363.0000	364.1920	118.0682	4.0000	237.0000	11.0000	
cologne1_physical_safety_heavy_dqn_reward_oracle	REAL_TEST	186	365.2	100.0	-77.41	51.67	0.56	1020		-0.3707	queue=0.323;delay=0.0;waiting=0.0;pressure=0.0;switches=0.0;ssm_conflicts=0.0478;collisions=0.0		432.0000	370.3780	120.0738	0.0000	86.0000	2.0000	queue=6.4594;delay=0.5615;waiting=11034.3479;pressure=57.7083;switches=0.0167;ssm_conflicts=0.2389;collisions=0.0056
cologne1_physical_safety_heavy_dqn_reward_oracle	REAL_TRAIN	187	339.9	0.0	-77.01	51.36	0.57	1096	-0.44	0.0000			3.0000	373.3307	121.0309	2.0000	207.0000	4.0000	
cologne1_physical_safety_heavy_dqn_reward_oracle	REAL_TRAIN	188	336.7	0.0	-77.06	51.36	0.57	1112	-0.44	0.0000			15.0000	374.5126	121.4141	0.0000	214.0000	3.0000	
cologne1_physical_safety_heavy_dqn_reward_oracle	REAL_TEST	188	365.2	100.0	-77.42	51.68	0.56	1020		-0.3686	queue=0.323;delay=0.0;waiting=0.0;pressure=0.0;switches=0.0;ssm_conflicts=0.0456;collisions=0.0		432.0000	370.5721	120.1367	0.0000	82.0000	1.0000	queue=6.4601;delay=0.5606;waiting=11039.8333;pressure=57.725;switches=0.0111;ssm_conflicts=0.2278;collisions=0.0028
cologne1_physical_safety_heavy_dqn_reward_oracle	REAL_TRAIN	189	329.9	0.0	-75.82	50.57	0.57	1132	-0.44	0.0000			374.0000	370.6126	120.1497	1.0000	228.0000	8.0000	
cologne1_physical_safety_heavy_dqn_reward_oracle	REAL_TRAIN	190	334.7	0.0	-77.58	51.72	0.57	1105	-0.43	0.0000			388.0000	375.3490	121.6852	2.0000	191.0000	4.0000	
cologne1_physical_safety_heavy_dqn_reward_oracle	REAL_TEST	190	363.0	100.0	-77.09	51.46	0.56	1025		-0.3727	queue=0.3216;delay=0.0;waiting=0.0;pressure=0.0;switches=0.0;ssm_conflicts=0.0511;collisions=0.0		18.0000	369.7593	119.8732	0.0000	92.0000	1.0000	queue=6.4323;delay=0.5553;waiting=10958.8007;pressure=57.5278;switches=0.0167;ssm_conflicts=0.2556;collisions=0.0028
cologne1_physical_safety_heavy_dqn_reward_oracle	REAL_TRAIN	191	328.5	0.0	-76.54	51.01	0.57	1142	-0.43	0.0000			17.0000	373.2036	120.9897	0.0000	207.0000	7.0000	
cologne1_physical_safety_heavy_dqn_reward_oracle	REAL_TRAIN	192	308.9	0.0	-70.78	47.18	0.57	1168	-0.45	0.0000			353.0000	355.1034	115.1217	2.0000	274.0000	5.0000	
cologne1_physical_safety_heavy_dqn_reward_oracle	REAL_TEST	192	365.1	100.0	-77.43	51.67	0.56	1020		-0.3680	queue=0.323;delay=0.0;waiting=0.0;pressure=0.0;switches=0.0;ssm_conflicts=0.045;collisions=0.0		432.0000	370.5164	120.1186	0.0000	81.0000	1.0000	queue=6.4594;delay=0.5603;waiting=11039.8271;pressure=57.7278;switches=0.0111;ssm_conflicts=0.225;collisions=0.0028
cologne1_physical_safety_heavy_dqn_reward_oracle	REAL_TRAIN	193	331.2	0.0	-75.21	50.13	0.57	1127	-0.44	0.0000			380.0000	368.2661	119.3890	1.0000	223.0000	1.0000	
cologne1_physical_safety_heavy_dqn_reward_oracle	REAL_TRAIN	194	338.5	0.0	-75.25	50.17	0.57	1096	-0.44	0.0000			41.0000	366.7465	118.8964	2.0000	222.0000	4.0000	
cologne1_physical_safety_heavy_dqn_reward_oracle	REAL_TEST	194	363.9	100.0	-77.46	51.70	0.56	1024		-0.3687	queue=0.3231;delay=0.0;waiting=0.0;pressure=0.0;switches=0.0;ssm_conflicts=0.0456;collisions=0.0		428.0000	370.6642	120.1666	0.0000	82.0000	3.0000	queue=6.4628;delay=0.5611;waiting=10680.8205;pressure=57.6944;switches=0.1028;ssm_conflicts=0.2278;collisions=0.0083
cologne1_physical_safety_heavy_dqn_reward_oracle	REAL_TRAIN	195	334.2	0.0	-76.79	51.22	0.57	1114	-0.45	0.0000			383.0000	373.6176	121.1239	3.0000	225.0000	6.0000	
cologne1_physical_safety_heavy_dqn_reward_oracle	REAL_TRAIN	196	335.9	0.0	-76.08	50.71	0.57	1121	-0.44	0.0000			383.0000	370.7595	120.1973	1.0000	214.0000	5.0000	
cologne1_physical_safety_heavy_dqn_reward_oracle	REAL_TEST	196	365.1	100.0	-77.41	51.66	0.56	1020		-0.3679	queue=0.3229;delay=0.0;waiting=0.0;pressure=0.0;switches=0.0;ssm_conflicts=0.045;collisions=0.0		15.0000	370.4859	120.1087	0.0000	81.0000	1.0000	queue=6.458;delay=0.5599;waiting=11039.8118;pressure=57.725;switches=0.0083;ssm_conflicts=0.225;collisions=0.0028
cologne1_physical_safety_heavy_dqn_reward_oracle	REAL_TRAIN	197	343.7	0.0	-76.80	51.22	0.56	1084	-0.43	0.0000			19.0000	371.9023	120.5679	1.0000	197.0000	4.0000	
cologne1_physical_safety_heavy_dqn_reward_oracle	REAL_TRAIN	198	335.0	0.0	-75.57	50.37	0.57	1121	-0.44	0.0000			16.0000	369.0165	119.6323	2.0000	225.0000	3.0000	
cologne1_physical_safety_heavy_dqn_reward_oracle	REAL_TEST	198	365.1	100.0	-77.43	51.67	0.56	1020		-0.3680	queue=0.323;delay=0.0;waiting=0.0;pressure=0.0;switches=0.0;ssm_conflicts=0.045;collisions=0.0		432.0000	370.5164	120.1186	0.0000	81.0000	1.0000	queue=6.4594;delay=0.5603;waiting=11039.8271;pressure=57.7278;switches=0.0111;ssm_conflicts=0.225;collisions=0.0028
cologne1_physical_safety_heavy_dqn_reward_oracle	REAL_TRAIN	199	333.1	0.0	-75.79	50.51	0.57	1128	-0.43	0.0000			380.0000	370.1807	120.0097	3.0000	213.0000	2.0000	
cologne1_physical_safety_heavy_dqn_reward_oracle	REAL_TEST	0	363.9	100.0	-77.41	51.66	0.56	1024		-0.3712	queue=0.3229;delay=0.0;waiting=0.0;pressure=0.0;switches=0.0;ssm_conflicts=0.0483;collisions=0.0		11.0000	370.6447	120.1602	0.0000	87.0000	1.0000	queue=6.458;delay=0.561;waiting=10729.9024;pressure=57.7333;switches=0.0806;ssm_conflicts=0.2417;collisions=0.0028
