tempe_1x1_flexible_presslight_ugat	REAL_TRAIN	0	166.2	100.0	-52.80	14.90	0.50	1826	0.4667	0.0194
tempe_1x1_flexible_presslight_ugat	REAL_TRAIN	1	166.2	100.0	-52.80	14.90	0.50	1826	0.4667	0.0194
tempe_1x1_flexible_presslight_ugat	REAL_TRAIN	2	165.5	100.0	-52.43	14.53	0.49	1826	0.4917	0.0028
tempe_1x1_flexible_presslight_ugat	REAL_TRAIN	3	166.2	100.0	-52.71	14.75	0.50	1832	0.4972	0.0000
tempe_1x1_flexible_presslight_ugat	REAL_TRAIN	4	166.3	100.0	-52.95	15.00	0.51	1824	0.5028	0.0000
tempe_1x1_flexible_presslight_ugat	REAL_TRAIN	5	167.0	100.0	-53.30	15.36	0.50	1820	0.5000	0.0000
tempe_1x1_flexible_presslight_ugat	REAL_TRAIN	6	167.4	100.0	-53.59	15.65	0.51	1820	0.5000	0.0000
tempe_1x1_flexible_presslight_ugat	REAL_TRAIN	7	167.6	100.0	-53.57	15.68	0.50	1824	0.4750	0.0111
tempe_1x1_flexible_presslight_ugat	REAL_TRAIN	8	166.5	100.0	-53.08	15.18	0.51	1814	0.5000	0.0000
tempe_1x1_flexible_presslight_ugat	REAL_TRAIN	9	165.4	100.0	-52.33	14.47	0.51	1828	0.4833	0.0083
tempe_1x1_flexible_presslight_ugat	REAL_TRAIN	10	163.5	100.0	-51.22	13.36	0.49	1827	0.4972	0.0000
tempe_1x1_flexible_presslight_ugat	REAL_TRAIN	11	164.0	100.0	-51.68	13.82	0.51	1828	0.5000	0.0000
tempe_1x1_flexible_presslight_ugat	REAL_TRAIN	12	163.4	100.0	-51.34	13.40	0.50	1822	0.5000	0.0028
tempe_1x1_flexible_presslight_ugat	REAL_TRAIN	13	167.8	100.0	-53.74	15.86	0.52	1826	0.4250	0.0361
tempe_1x1_flexible_presslight_ugat	REAL_TRAIN	14	172.9	100.0	-56.65	18.68	0.54	1818	0.2583	0.1472
tempe_1x1_flexible_presslight_ugat	REAL_TRAIN	15	171.9	100.0	-56.10	18.23	0.53	1816	0.4139	0.0389
tempe_1x1_flexible_presslight_ugat	REAL_TRAIN	16	172.2	100.0	-56.14	18.23	0.53	1820	0.4500	0.0278
tempe_1x1_flexible_presslight_ugat	REAL_TRAIN	17	174.4	100.0	-57.23	19.33	0.53	1827	0.2944	0.1167
tempe_1x1_flexible_presslight_ugat	REAL_TRAIN	18	171.4	100.0	-55.63	17.72	0.52	1821	0.4278	0.0472
tempe_1x1_flexible_presslight_ugat	REAL_TRAIN	19	170.3	100.0	-55.19	17.28	0.53	1819	0.4528	0.0250
tempe_1x1_flexible_presslight_ugat	REAL_TRAIN	20	173.8	100.0	-57.20	19.26	0.54	1811	0.4333	0.0306
tempe_1x1_flexible_presslight_ugat	REAL_TRAIN	21	172.1	100.0	-56.05	18.07	0.54	1818	0.4556	0.0167
tempe_1x1_flexible_presslight_ugat	REAL_TRAIN	22	168.8	100.0	-54.14	16.21	0.52	1828	0.4944	0.0000
tempe_1x1_flexible_presslight_ugat	REAL_TRAIN	23	167.9	100.0	-53.85	15.92	0.52	1815	0.4861	0.0028
tempe_1x1_flexible_presslight_ugat	REAL_TRAIN	24	172.0	100.0	-55.95	18.04	0.53	1818	0.4806	0.0083
tempe_1x1_flexible_presslight_ugat	REAL_TRAIN	25	166.7	100.0	-53.16	15.20	0.52	1818	0.4833	0.0028
tempe_1x1_flexible_presslight_ugat	REAL_TRAIN	26	165.3	100.0	-52.29	14.34	0.51	1830	0.4722	0.0000
tempe_1x1_flexible_presslight_ugat	REAL_TRAIN	27	164.3	100.0	-51.69	13.76	0.50	1828	0.4750	0.0028
tempe_1x1_flexible_presslight_ugat	REAL_TRAIN	28	164.5	100.0	-51.85	13.87	0.50	1824	0.4583	0.0000
tempe_1x1_flexible_presslight_ugat	REAL_TRAIN	29	164.9	100.0	-52.06	14.11	0.50	1832	0.4528	0.0000
tempe_1x1_flexible_presslight_ugat	REAL_TRAIN	30	167.5	100.0	-53.66	15.63	0.52	1817	0.3194	0.0444
tempe_1x1_flexible_presslight_ugat	REAL_TRAIN	31	170.4	100.0	-55.00	16.99	0.53	1832	0.3111	0.0528
tempe_1x1_flexible_presslight_ugat	REAL_TRAIN	32	171.9	100.0	-55.93	17.92	0.54	1814	0.3028	0.0667
tempe_1x1_flexible_presslight_ugat	REAL_TRAIN	33	171.2	100.0	-55.72	17.72	0.54	1813	0.2806	0.0778
tempe_1x1_flexible_presslight_ugat	REAL_TRAIN	34	172.3	100.0	-56.30	18.31	0.55	1820	0.2528	0.0917
tempe_1x1_flexible_presslight_ugat	REAL_TRAIN	35	173.3	100.0	-56.74	18.72	0.55	1814	0.2972	0.0778
tempe_1x1_flexible_presslight_ugat	REAL_TRAIN	36	178.3	100.0	-59.57	21.52	0.56	1809	0.2611	0.1083
tempe_1x1_flexible_presslight_ugat	REAL_TRAIN	37	176.4	100.0	-58.29	20.21	0.55	1814	0.2500	0.1111
tempe_1x1_flexible_presslight_ugat	REAL_TRAIN	38	176.1	100.0	-58.36	20.36	0.56	1818	0.2583	0.1028
tempe_1x1_flexible_presslight_ugat	REAL_TRAIN	39	173.3	100.0	-56.73	18.80	0.54	1824	0.3917	0.0222
tempe_1x1_flexible_presslight_ugat	REAL_TRAIN	40	172.8	100.0	-56.33	18.28	0.55	1827	0.2861	0.0806
tempe_1x1_flexible_presslight_ugat	REAL_TRAIN	41	169.6	100.0	-54.68	16.70	0.53	1817	0.3694	0.0389
tempe_1x1_flexible_presslight_ugat	REAL_TRAIN	42	169.1	100.0	-54.53	16.52	0.53	1822	0.3667	0.0444
tempe_1x1_flexible_presslight_ugat	REAL_TRAIN	43	163.1	100.0	-51.22	13.25	0.50	1824	0.4500	0.0028
tempe_1x1_flexible_presslight_ugat	REAL_TRAIN	44	168.4	100.0	-54.05	16.06	0.52	1828	0.3750	0.0361
tempe_1x1_flexible_presslight_ugat	REAL_TRAIN	45	167.2	100.0	-53.45	15.44	0.52	1825	0.3861	0.0444
tempe_1x1_flexible_presslight_ugat	REAL_TRAIN	46	164.2	100.0	-51.70	13.73	0.50	1825	0.4028	0.0167
tempe_1x1_flexible_presslight_ugat	REAL_TRAIN	47	166.2	100.0	-52.86	14.82	0.51	1823	0.3722	0.0361
tempe_1x1_flexible_presslight_ugat	REAL_TRAIN	48	167.0	100.0	-53.29	15.26	0.52	1823	0.3444	0.0500
tempe_1x1_flexible_presslight_ugat	REAL_TRAIN	49	170.6	100.0	-55.20	17.12	0.53	1829	0.3250	0.0500
tempe_1x1_flexible_presslight_ugat	REAL_TRAIN	50	168.2	100.0	-53.89	15.83	0.52	1827	0.2750	0.0944
tempe_1x1_flexible_presslight_ugat	REAL_TRAIN	51	172.8	100.0	-56.50	18.41	0.54	1822	0.3000	0.0750
tempe_1x1_flexible_presslight_ugat	REAL_TRAIN	52	173.8	100.0	-56.99	18.88	0.54	1809	0.2722	0.0750
tempe_1x1_flexible_presslight_ugat	REAL_TRAIN	53	173.8	100.0	-57.06	18.94	0.54	1824	0.2889	0.0583
tempe_1x1_flexible_presslight_ugat	REAL_TRAIN	54	166.6	100.0	-53.03	14.96	0.51	1829	0.3222	0.0583
tempe_1x1_flexible_presslight_ugat	REAL_TRAIN	55	163.6	100.0	-51.40	13.36	0.50	1831	0.3278	0.0417
tempe_1x1_flexible_presslight_ugat	REAL_TRAIN	56	163.6	100.0	-51.46	13.43	0.50	1820	0.3028	0.0750
tempe_1x1_flexible_presslight_ugat	REAL_TRAIN	57	161.5	100.0	-50.22	12.21	0.47	1832	0.3194	0.0806
tempe_1x1_flexible_presslight_ugat	REAL_TRAIN	58	165.6	100.0	-52.47	14.43	0.48	1825	0.3556	0.0444
tempe_1x1_flexible_presslight_ugat	REAL_TRAIN	59	167.8	100.0	-53.65	15.53	0.48	1830	0.3389	0.0389
tempe_1x1_flexible_presslight_ugat	REAL_TRAIN	60	168.9	100.0	-54.23	16.06	0.49	1827	0.3056	0.0611
tempe_1x1_flexible_presslight_ugat	REAL_TRAIN	61	163.6	100.0	-51.42	13.34	0.48	1831	0.3306	0.0417
tempe_1x1_flexible_presslight_ugat	REAL_TRAIN	62	165.0	100.0	-52.03	13.95	0.47	1832	0.3389	0.0389
tempe_1x1_flexible_presslight_ugat	REAL_TRAIN	63	169.0	100.0	-54.32	16.26	0.51	1819	0.2972	0.0750
tempe_1x1_flexible_presslight_ugat	REAL_TRAIN	64	172.4	100.0	-56.05	18.02	0.52	1823	0.2778	0.0778
tempe_1x1_flexible_presslight_ugat	REAL_TRAIN	65	178.5	100.0	-59.63	21.61	0.52	1813	0.2889	0.0778
tempe_1x1_flexible_presslight_ugat	REAL_TRAIN	66	198.6	100.0	-70.57	32.62	0.52	1790	0.3028	0.0944
tempe_1x1_flexible_presslight_ugat	REAL_TRAIN	67	183.1	100.0	-61.96	24.00	0.51	1819	0.3500	0.0500
tempe_1x1_flexible_presslight_ugat	REAL_TRAIN	68	186.1	100.0	-63.67	25.72	0.55	1810	0.2667	0.0778
tempe_1x1_flexible_presslight_ugat	REAL_TRAIN	69	183.3	100.0	-62.24	24.31	0.55	1814	0.3000	0.0639
tempe_1x1_flexible_presslight_ugat	REAL_TRAIN	70	185.4	100.0	-63.38	25.46	0.55	1811	0.2806	0.0750
tempe_1x1_flexible_presslight_ugat	REAL_TRAIN	71	251.9	100.0	-99.44	61.65	0.61	1776	0.2056	0.1250
tempe_1x1_flexible_presslight_ugat	REAL_TRAIN	72	208.6	100.0	-76.14	38.26	0.56	1783	0.2750	0.0722
tempe_1x1_flexible_presslight_ugat	REAL_TRAIN	73	181.4	100.0	-61.28	23.40	0.54	1808	0.3611	0.0083
tempe_1x1_flexible_presslight_ugat	REAL_TRAIN	74	168.2	100.0	-53.99	16.09	0.52	1822	0.4250	0.0028
tempe_1x1_flexible_presslight_ugat	REAL_TRAIN	75	176.1	100.0	-58.40	20.54	0.53	1814	0.4028	0.0028
tempe_1x1_flexible_presslight_ugat	REAL_TRAIN	76	169.6	100.0	-54.69	16.78	0.52	1825	0.4694	0.0028
tempe_1x1_flexible_presslight_ugat	REAL_TRAIN	77	168.7	100.0	-54.18	16.28	0.52	1815	0.4361	0.0028
tempe_1x1_flexible_presslight_ugat	REAL_TRAIN	78	167.1	100.0	-53.20	15.28	0.51	1828	0.4694	0.0028
tempe_1x1_flexible_presslight_ugat	REAL_TRAIN	79	166.3	100.0	-52.74	14.84	0.51	1828	0.4667	0.0028
tempe_1x1_flexible_presslight_ugat	REAL_TRAIN	80	161.7	100.0	-50.44	12.54	0.49	1827	0.4667	0.0028
tempe_1x1_flexible_presslight_ugat	REAL_TRAIN	81	165.3	100.0	-52.30	14.33	0.50	1830	0.4167	0.0028
tempe_1x1_flexible_presslight_ugat	REAL_TRAIN	82	160.4	100.0	-49.61	11.66	0.47	1835	0.4944	0.0000
tempe_1x1_flexible_presslight_ugat	REAL_TRAIN	83	162.9	100.0	-51.03	13.10	0.49	1826	0.4944	0.0000
tempe_1x1_flexible_presslight_ugat	REAL_TRAIN	84	161.4	100.0	-50.26	12.35	0.49	1826	0.4583	0.0028
tempe_1x1_flexible_presslight_ugat	REAL_TRAIN	85	161.8	100.0	-50.36	12.42	0.48	1828	0.4972	0.0000
tempe_1x1_flexible_presslight_ugat	REAL_TRAIN	86	160.6	100.0	-49.75	11.84	0.47	1833	0.4722	0.0028
tempe_1x1_flexible_presslight_ugat	REAL_TRAIN	87	161.6	100.0	-50.31	12.39	0.48	1825	0.4333	0.0083
tempe_1x1_flexible_presslight_ugat	REAL_TRAIN	88	160.6	100.0	-49.73	11.76	0.48	1825	0.4361	0.0028
tempe_1x1_flexible_presslight_ugat	REAL_TRAIN	89	159.6	100.0	-49.14	11.20	0.46	1831	0.4639	0.0028
tempe_1x1_flexible_presslight_ugat	REAL_TRAIN	90	161.4	100.0	-50.13	12.21	0.49	1829	0.4278	0.0028
tempe_1x1_flexible_presslight_ugat	REAL_TRAIN	91	162.4	100.0	-50.70	12.80	0.49	1826	0.4583	0.0028
tempe_1x1_flexible_presslight_ugat	REAL_TRAIN	92	160.9	100.0	-49.88	11.92	0.49	1826	0.4167	0.0028
tempe_1x1_flexible_presslight_ugat	REAL_TRAIN	93	161.9	100.0	-50.40	12.47	0.49	1825	0.4250	0.0083
tempe_1x1_flexible_presslight_ugat	REAL_TRAIN	94	161.7	100.0	-50.28	12.37	0.49	1829	0.4139	0.0028
tempe_1x1_flexible_presslight_ugat	REAL_TRAIN	95	160.5	100.0	-49.68	11.77	0.49	1832	0.4361	0.0028
tempe_1x1_flexible_presslight_ugat	REAL_TRAIN	96	162.5	100.0	-50.75	12.82	0.49	1827	0.4556	0.0028
tempe_1x1_flexible_presslight_ugat	REAL_TRAIN	97	163.7	100.0	-51.41	13.43	0.50	1830	0.3889	0.0083
tempe_1x1_flexible_presslight_ugat	REAL_TRAIN	98	164.6	100.0	-51.96	13.99	0.51	1821	0.3472	0.0222
tempe_1x1_flexible_presslight_ugat	REAL_TRAIN	99	163.7	100.0	-51.37	13.46	0.50	1826	0.4167	0.0028
