SIM_TRAIN step:0, travel time:66.185, q_loss:0, rewards:-8.042779, queue:3.375, delay:0.16584277, throughput:2780, raw_metrics:{'fairness': 65.667}
SIM_TRAIN step:1, travel time:56.25607142857143, q_loss:0, rewards:-0.5538886, queue:0.8787037, delay:0.13287447, throughput:2791, raw_metrics:{'fairness': 0.0}
SIM_TRAIN step:2, travel time:64.7075, q_loss:11.479114, rewards:-7.5180554, queue:3.211111, delay:0.169574, throughput:2784, raw_metrics:{'fairness': 43.667}
SIM_TRAIN step:3, travel time:65.99357142857143, q_loss:2.9509735, rewards:-6.593611, queue:3.886111, delay:0.1785494, throughput:2781, raw_metrics:{'fairness': 51.333}
SIM_TRAIN step:4, travel time:63.25714285714286, q_loss:0.8341267, rewards:-7.0605564, queue:3.0611112, delay:0.18282321, throughput:2785, raw_metrics:{'fairness': 49.0}
SIM_TRAIN step:5, travel time:66.37522313459479, q_loss:0.6348372, rewards:-6.7850003, queue:3.9074075, delay:0.19179495, throughput:2784, raw_metrics:{'fairness': 39.667}
SIM_TRAIN step:6, travel time:66.90392857142857, q_loss:0.6566428, rewards:-7.176669, queue:4.071296, delay:0.19756939, throughput:2782, raw_metrics:{'fairness': 38.0}
SIM_TRAIN step:7, travel time:67.03605855051767, q_loss:0.69466025, rewards:-6.741668, queue:3.8944445, delay:0.19587837, throughput:2784, raw_metrics:{'fairness': 30.0}
SIM_TRAIN step:8, travel time:63.90357142857143, q_loss:0.6470454, rewards:-9.340556, queue:3.7972221, delay:0.18609373, throughput:2791, raw_metrics:{'fairness': 0.0}
SIM_TRAIN step:9, travel time:56.982506247768654, q_loss:0.5579401, rewards:-1.3355559, queue:1.1416667, delay:0.15487917, throughput:2786, raw_metrics:{'fairness': 146.333}
SIM_TRAIN step:10, travel time:63.5219564441271, q_loss:0.518912, rewards:-9.3324995, queue:3.812963, delay:0.1943115, throughput:2790, raw_metrics:{'fairness': 0.0}
SIM_TRAIN step:11, travel time:64.73964285714285, q_loss:0.52284956, rewards:-10.750832, queue:4.273148, delay:0.1932463, throughput:2779, raw_metrics:{'fairness': 170.667}
SIM_TRAIN step:12, travel time:66.02821428571428, q_loss:0.5106094, rewards:-11.303055, queue:4.4564815, delay:0.20204835, throughput:2778, raw_metrics:{'fairness': 23.667}
SIM_TRAIN step:13, travel time:53.39021777936451, q_loss:0.5312417, rewards:-2.4399998, queue:1.5296296, delay:0.1671752, throughput:2782, raw_metrics:{'fairness': 46.667}
SIM_TRAIN step:14, travel time:71.42464285714286, q_loss:0.5785952, rewards:-13.675277, queue:5.4675927, delay:0.21212766, throughput:2780, raw_metrics:{'fairness': 44.0}
SIM_TRAIN step:15, travel time:66.73214285714286, q_loss:0.58335835, rewards:-5.4461107, queue:3.262037, delay:0.19155516, throughput:2782, raw_metrics:{'fairness': 32.0}
SIM_TRAIN step:16, travel time:67.43178571428571, q_loss:0.5792699, rewards:-9.320833, queue:3.8074074, delay:0.19763495, throughput:2779, raw_metrics:{'fairness': 50.333}
SIM_TRAIN step:17, travel time:68.21571428571428, q_loss:0.5884875, rewards:-7.5049987, queue:3.6592593, delay:0.20295586, throughput:2782, raw_metrics:{'fairness': 46.667}
SIM_TRAIN step:18, travel time:67.13887897179579, q_loss:0.5647699, rewards:-8.855, queue:4.2944446, delay:0.19912978, throughput:2778, raw_metrics:{'fairness': 55.0}
SIM_TRAIN step:19, travel time:69.0825, q_loss:0.55705833, rewards:-8.367224, queue:4.3546295, delay:0.1984144, throughput:2780, raw_metrics:{'fairness': 41.667}
SIM_TRAIN step:20, travel time:66.81863620135665, q_loss:0.615272, rewards:-9.328612, queue:3.8101852, delay:0.19268301, throughput:2780, raw_metrics:{'fairness': 52.333}
SIM_TRAIN step:21, travel time:67.0035701535166, q_loss:1.4058685, rewards:-8.648887, queue:3.5657408, delay:0.20854676, throughput:2783, raw_metrics:{'fairness': 31.333}
SIM_TRAIN step:22, travel time:54.397001071046056, q_loss:2.38926, rewards:-2.8908339, queue:1.6611111, delay:0.17523669, throughput:2778, raw_metrics:{'fairness': 67.667}
SIM_TRAIN step:23, travel time:54.199214566226345, q_loss:3.003083, rewards:-2.976945, queue:1.6787037, delay:0.1847901, throughput:2780, raw_metrics:{'fairness': 76.0}
SIM_TRAIN step:24, travel time:65.2891824348447, q_loss:3.1448646, rewards:-7.8061104, queue:3.3018517, delay:0.19098864, throughput:2783, raw_metrics:{'fairness': 44.0}
SIM_TRAIN step:25, travel time:67.925, q_loss:3.971611, rewards:-7.2797236, queue:4.1185184, delay:0.19535542, throughput:2780, raw_metrics:{'fairness': 34.667}
REAL_TRAIN step:1, travel time:387.5767575322812, q_loss:100, rewards:-55.309723, queue:18.350925, delay:0.40871266, throughput:1603, R_real:-35.9407, components:{'queue': 0.756, 'delay': 1.226, 'waiting': 33.959, 'pressure': 0.0, 'switches': 0.0}, raw_metrics:{'fairness': 49.0, 'emission': 428.449, 'fuel': 138.9, 'emergency_stops': 0.0, 'collisions': 0.0, 'ssm_conflicts': 393.0}, init;w=queue=0.593;delay=0.844;waiting=0.858;pressure=0.847;switches=0.624
SIM_TRAIN step:26, travel time:59.88575508746876, q_loss:3.675175, rewards:-7.1138897, queue:3.0768518, delay:0.19541423, throughput:2781, raw_metrics:{'fairness': 31.667}
SIM_TRAIN step:27, travel time:67.50785714285715, q_loss:4.753626, rewards:-7.709999, queue:4.05463, delay:0.18774498, throughput:2778, raw_metrics:{'fairness': 32.333}
SIM_TRAIN step:28, travel time:64.5785153461813, q_loss:4.7725077, rewards:-10.761941, queue:4.262963, delay:0.19662605, throughput:2778, raw_metrics:{'fairness': 51.333}
SIM_TRAIN step:29, travel time:64.9775080328454, q_loss:4.5427175, rewards:-6.4386115, queue:3.712037, delay:0.1898639, throughput:2783, raw_metrics:{'fairness': 67.0}
SIM_TRAIN step:30, travel time:62.73357142857143, q_loss:4.443205, rewards:-9.377222, queue:3.8212962, delay:0.1895628, throughput:2790, raw_metrics:{'fairness': 45.0}
SIM_TRAIN step:31, travel time:71.51553016779721, q_loss:4.595855, rewards:-10.042224, queue:4.937963, delay:0.21720716, throughput:2768, raw_metrics:{'fairness': 73.333}
REAL_TRAIN step:2, travel time:378.1795195954488, q_loss:100, rewards:-109.145836, queue:37.141666, delay:0.6378667, throughput:1872, R_real:-132.8372, components:{'queue': 2.272, 'delay': 1.914, 'waiting': 128.652, 'pressure': 0.0, 'switches': 0.0}, raw_metrics:{'fairness': 95.333, 'emission': 837.193, 'fuel': 271.413, 'emergency_stops': 4.0, 'collisions': 0.0, 'ssm_conflicts': 569.0}, init;w=queue=0.384;delay=0.298;waiting=0.057;pressure=0.273;switches=0.478
SIM_TRAIN step:32, travel time:65.79178571428571, q_loss:4.2281733, rewards:-11.659167, queue:4.515741, delay:0.2204193, throughput:2781, raw_metrics:{'fairness': 23.0}
SIM_TRAIN step:33, travel time:52.864334166369154, q_loss:4.8313985, rewards:-1.9274998, queue:1.3490741, delay:0.15294433, throughput:2780, raw_metrics:{'fairness': 0.0}
SIM_TRAIN step:34, travel time:65.27811495894323, q_loss:5.0211554, rewards:-10.588334, queue:4.2175927, delay:0.2050792, throughput:2783, raw_metrics:{'fairness': 62.667}
SIM_TRAIN step:35, travel time:65.54071428571429, q_loss:4.3156357, rewards:-8.869999, queue:4.2287035, delay:0.20370755, throughput:2759, raw_metrics:{'fairness': 76.333}
SIM_TRAIN step:36, travel time:64.87642857142858, q_loss:3.5463889, rewards:-8.609446, queue:3.5805554, delay:0.20071381, throughput:2780, raw_metrics:{'fairness': 49.0}
SIM_TRAIN step:37, travel time:63.44734023563013, q_loss:3.2962887, rewards:-7.336113, queue:3.1583333, delay:0.1847671, throughput:2785, raw_metrics:{'fairness': 0.0}
REAL_TRAIN step:3, travel time:528.9009146341464, q_loss:100, rewards:-81.55277, queue:28.358334, delay:0.6150152, throughput:1444, R_real:-51.9521, components:{'queue': 1.386, 'delay': 1.845, 'waiting': 48.721, 'pressure': 0.0, 'switches': 0.0}, raw_metrics:{'fairness': 50.333, 'emission': 598.979, 'fuel': 194.185, 'emergency_stops': 2.0, 'collisions': 0.0, 'ssm_conflicts': 596.0}, init;w=queue=0.812;delay=0.48;waiting=0.393;pressure=0.836;switches=0.337
SIM_TRAIN step:38, travel time:70.4, q_loss:3.343639, rewards:-6.3602796, queue:3.775, delay:0.20652658, throughput:2780, raw_metrics:{'fairness': 57.667}
SIM_TRAIN step:39, travel time:66.3741520885398, q_loss:3.7943861, rewards:-6.876389, queue:3.848148, delay:0.18885049, throughput:2782, raw_metrics:{'fairness': 51.0}
SIM_TRAIN step:40, travel time:68.77714285714286, q_loss:3.7944956, rewards:-9.752503, queue:4.5833335, delay:0.20880367, throughput:2782, raw_metrics:{'fairness': 46.333}
SIM_TRAIN step:41, travel time:59.747142857142855, q_loss:5.088158, rewards:-7.1388903, queue:3.088889, delay:0.20960592, throughput:2786, raw_metrics:{'fairness': 54.333}
SIM_TRAIN step:42, travel time:63.4744734023563, q_loss:5.62783, rewards:-10.258057, queue:4.1138887, delay:0.20323232, throughput:2778, raw_metrics:{'fairness': 53.333}
SIM_TRAIN step:43, travel time:66.69785714285715, q_loss:6.6770954, rewards:-11.705835, queue:4.564815, delay:0.22114822, throughput:2779, raw_metrics:{'fairness': 42.0}
REAL_TRAIN step:4, travel time:394.04919460165434, q_loss:100, rewards:-111.266396, queue:38.34722, delay:0.6566882, throughput:1802, R_real:-143.5461, components:{'queue': 2.36, 'delay': 1.97, 'waiting': 139.216, 'pressure': 0.0, 'switches': 0.0}, raw_metrics:{'fairness': 98.0, 'emission': 853.417, 'fuel': 276.672, 'emergency_stops': 0.0, 'collisions': 0.0, 'ssm_conflicts': 570.0}, init;w=queue=0.648;delay=0.368;waiting=0.957;pressure=0.14;switches=0.87
SIM_TRAIN step:44, travel time:68.11678571428571, q_loss:5.944898, rewards:-10.170279, queue:4.0555553, delay:0.21688247, throughput:2785, raw_metrics:{'fairness': 33.0}
SIM_TRAIN step:45, travel time:65.33964285714286, q_loss:7.256077, rewards:-7.7758336, queue:3.9574075, delay:0.20159596, throughput:2771, raw_metrics:{'fairness': 59.333}
SIM_TRAIN step:46, travel time:66.7875, q_loss:7.5414796, rewards:-8.403056, queue:4.3240743, delay:0.20295177, throughput:2765, raw_metrics:{'fairness': 63.0}
SIM_TRAIN step:47, travel time:75.97857142857143, q_loss:8.642973, rewards:-13.087499, queue:5.887963, delay:0.22621195, throughput:2767, raw_metrics:{'fairness': 63.333}
SIM_TRAIN step:48, travel time:63.78864691181721, q_loss:9.161283, rewards:-10.688888, queue:4.2166667, delay:0.22009054, throughput:2761, raw_metrics:{'fairness': 59.333}
SIM_TRAIN step:49, travel time:68.44535714285715, q_loss:8.480313, rewards:-10.856387, queue:4.314815, delay:0.23512624, throughput:2762, raw_metrics:{'fairness': 75.333}
REAL_TRAIN step:5, travel time:354.3805938937683, q_loss:100, rewards:-105.68861, queue:36.283333, delay:0.630923, throughput:1904, R_real:-131.5361, components:{'queue': 2.217, 'delay': 1.893, 'waiting': 127.426, 'pressure': 0.0, 'switches': 0.0}, raw_metrics:{'fairness': 144.667, 'emission': 814.044, 'fuel': 263.908, 'emergency_stops': 2.0, 'collisions': 1.0, 'ssm_conflicts': 551.0}, init;w=queue=0.474;delay=0.801;waiting=0.52;pressure=0.679;switches=0.721
SIM_TRAIN step:50, travel time:70.42428571428572, q_loss:5.3620596, rewards:-9.655831, queue:4.799074, delay:0.23526202, throughput:2771, raw_metrics:{'fairness': 45.667}
SIM_TRAIN step:51, travel time:67.42556229917886, q_loss:7.6854744, rewards:-10.1697235, queue:4.022222, delay:0.21735688, throughput:2770, raw_metrics:{'fairness': 206.333}
SIM_TRAIN step:52, travel time:60.80142857142857, q_loss:7.8924108, rewards:-4.861391, queue:2.7398148, delay:0.22137086, throughput:2779, raw_metrics:{'fairness': 9.0}
SIM_TRAIN step:53, travel time:68.18029275258836, q_loss:7.6140933, rewards:-8.557501, queue:4.413889, delay:0.21646313, throughput:2774, raw_metrics:{'fairness': 71.0}
SIM_TRAIN step:54, travel time:68.88428571428571, q_loss:8.281797, rewards:-13.801665, queue:5.2851853, delay:0.2283808, throughput:2760, raw_metrics:{'fairness': 67.667}
SIM_TRAIN step:55, travel time:64.38450553373795, q_loss:7.8062644, rewards:-10.62917, queue:4.1944447, delay:0.21766178, throughput:2771, raw_metrics:{'fairness': 241.667}
REAL_TRAIN step:6, travel time:72.19572829131653, q_loss:100, rewards:-12.893333, queue:1.9296297, delay:0.26378924, throughput:2810, R_real:-1.0085, components:{'queue': 0.097, 'delay': 0.791, 'waiting': 0.121, 'pressure': 0.0, 'switches': 0.0}, raw_metrics:{'fairness': 36.0, 'emission': 187.022, 'fuel': 60.63, 'emergency_stops': 1.0, 'collisions': 0.0, 'ssm_conflicts': 554.0}, init;w=queue=0.582;delay=0.537;waiting=0.759;pressure=0.106;switches=0.474
SIM_TRAIN step:56, travel time:63.00928571428572, q_loss:4.274262, rewards:-9.334167, queue:3.800926, delay:0.18836996, throughput:2779, raw_metrics:{'fairness': 40.0}
SIM_TRAIN step:57, travel time:66.33714285714285, q_loss:5.209283, rewards:-8.93528, queue:3.660185, delay:0.1921946, throughput:2780, raw_metrics:{'fairness': 46.667}
SIM_TRAIN step:58, travel time:66.54321428571428, q_loss:4.578673, rewards:-11.389998, queue:4.4685187, delay:0.20243827, throughput:2779, raw_metrics:{'fairness': 39.0}
SIM_TRAIN step:59, travel time:67.46428571428571, q_loss:4.2885013, rewards:-12.377223, queue:4.802778, delay:0.2072594, throughput:2779, raw_metrics:{'fairness': 43.0}
SIM_TRAIN step:60, travel time:63.339285714285715, q_loss:3.8858678, rewards:-10.194722, queue:4.07037, delay:0.20903215, throughput:2778, raw_metrics:{'fairness': 37.0}
SIM_TRAIN step:61, travel time:66.09460906818994, q_loss:3.418479, rewards:-8.811112, queue:3.6194444, delay:0.205911, throughput:2779, raw_metrics:{'fairness': 40.333}
REAL_TRAIN step:7, travel time:77.56897759103641, q_loss:100, rewards:-13.569724, queue:2.0805554, delay:0.2805042, throughput:2811, R_real:-1.0359, components:{'queue': 0.097, 'delay': 0.842, 'waiting': 0.097, 'pressure': 0.0, 'switches': 0.0}, raw_metrics:{'fairness': 2.333, 'emission': 191.786, 'fuel': 62.175, 'emergency_stops': 4.0, 'collisions': 0.0, 'ssm_conflicts': 628.0}, init;w=queue=0.186;delay=0.737;waiting=0.217;pressure=0.135;switches=0.324
SIM_TRAIN step:62, travel time:77.89392857142857, q_loss:2.3212261, rewards:-12.568058, queue:5.562963, delay:0.22125705, throughput:2765, raw_metrics:{'fairness': 32.667}
SIM_TRAIN step:63, travel time:68.51553016779721, q_loss:2.86153, rewards:-10.843885, queue:4.312037, delay:0.20922376, throughput:2774, raw_metrics:{'fairness': 39.667}
SIM_TRAIN step:64, travel time:66.54071428571429, q_loss:3.1810985, rewards:-9.134724, queue:3.7546296, delay:0.20919402, throughput:2781, raw_metrics:{'fairness': 40.333}
SIM_TRAIN step:65, travel time:71.09389503748662, q_loss:3.357756, rewards:-5.984722, queue:3.7166667, delay:0.19174317, throughput:2778, raw_metrics:{'fairness': 50.0}
SIM_TRAIN step:66, travel time:63.715357142857144, q_loss:3.1487179, rewards:-3.8677788, queue:3.1351852, delay:0.19450727, throughput:2780, raw_metrics:{'fairness': 45.0}
SIM_TRAIN step:67, travel time:64.95323098893252, q_loss:2.6021163, rewards:-5.5344443, queue:3.4777777, delay:0.2003048, throughput:2780, raw_metrics:{'fairness': 23.667}
REAL_TRAIN step:8, travel time:74.46848739495799, q_loss:100, rewards:-13.493338, queue:2.1203704, delay:0.28416035, throughput:2813, R_real:-1.1246, components:{'queue': 0.113, 'delay': 0.852, 'waiting': 0.159, 'pressure': 0.0, 'switches': 0.0}, raw_metrics:{'fairness': 0.0, 'emission': 191.391, 'fuel': 62.047, 'emergency_stops': 4.0, 'collisions': 0.0, 'ssm_conflicts': 598.0}, init;w=queue=0.15;delay=0.222;waiting=0.386;pressure=0.903;switches=0.45
SIM_TRAIN step:68, travel time:66.53247680228408, q_loss:2.069349, rewards:-12.715002, queue:4.890741, delay:0.21844189, throughput:2776, raw_metrics:{'fairness': 39.333}
SIM_TRAIN step:69, travel time:69.98464833987862, q_loss:1.8248433, rewards:-6.3241653, queue:3.5972223, delay:0.19395535, throughput:2785, raw_metrics:{'fairness': 46.0}
SIM_TRAIN step:70, travel time:65.6490539093181, q_loss:1.2789526, rewards:-10.731388, queue:4.2703705, delay:0.1924667, throughput:2783, raw_metrics:{'fairness': 47.667}
SIM_TRAIN step:71, travel time:61.59657265262406, q_loss:1.0808221, rewards:-9.080555, queue:3.7203703, delay:0.19012997, throughput:2779, raw_metrics:{'fairness': 69.0}
SIM_TRAIN step:72, travel time:60.953230988932525, q_loss:1.006726, rewards:-8.050555, queue:3.3601851, delay:0.20255388, throughput:2780, raw_metrics:{'fairness': 41.333}
SIM_TRAIN step:73, travel time:65.9721528025705, q_loss:0.9850082, rewards:-8.631943, queue:3.5601852, delay:0.18693285, throughput:2778, raw_metrics:{'fairness': 54.667}
REAL_TRAIN step:9, travel time:75.20448179271709, q_loss:100, rewards:-12.479444, queue:1.7953703, delay:0.26415756, throughput:2810, R_real:-0.9845, components:{'queue': 0.086, 'delay': 0.792, 'waiting': 0.106, 'pressure': 0.0, 'switches': 0.0}, raw_metrics:{'fairness': 0.0, 'emission': 184.981, 'fuel': 59.969, 'emergency_stops': 1.0, 'collisions': 0.0, 'ssm_conflicts': 516.0}, init;w=queue=0.613;delay=0.902;waiting=0.099;pressure=0.97;switches=0.653
SIM_TRAIN step:74, travel time:66.77293823634416, q_loss:1.1951036, rewards:-12.390834, queue:4.7796297, delay:0.2280059, throughput:2785, raw_metrics:{'fairness': 62.333}
SIM_TRAIN step:75, travel time:66.67904319885756, q_loss:1.9583125, rewards:-10.09139, queue:4.0287037, delay:0.20691955, throughput:2774, raw_metrics:{'fairness': 225.0}
SIM_TRAIN step:76, travel time:63.32916815423063, q_loss:2.4461286, rewards:-9.672498, queue:3.9120371, delay:0.18589559, throughput:2787, raw_metrics:{'fairness': 193.333}
SIM_TRAIN step:77, travel time:66.81756515530168, q_loss:2.8944638, rewards:-9.72, queue:3.913889, delay:0.20284846, throughput:2776, raw_metrics:{'fairness': 55.0}
SIM_TRAIN step:78, travel time:68.03995718872636, q_loss:3.4474144, rewards:-9.507502, queue:3.8203704, delay:0.21034789, throughput:2790, raw_metrics:{'fairness': 0.0}
SIM_TRAIN step:79, travel time:60.621428571428574, q_loss:3.7455528, rewards:-3.9386122, queue:1.9833333, delay:0.17815164, throughput:2778, raw_metrics:{'fairness': 132.667}
REAL_TRAIN step:10, travel time:631.1102323282254, q_loss:100, rewards:-125.046104, queue:46.00185, delay:0.753387, throughput:1398, R_real:-140.9929, components:{'queue': 2.706, 'delay': 2.26, 'waiting': 136.026, 'pressure': 0.0, 'switches': 0.0}, raw_metrics:{'fairness': 167.333, 'emission': 1017.1, 'fuel': 329.737, 'emergency_stops': 0.0, 'collisions': 0.0, 'ssm_conflicts': 608.0}, init;w=queue=0.171;delay=0.358;waiting=0.751;pressure=0.608;switches=0.325
SIM_TRAIN step:80, travel time:73.33583154889365, q_loss:3.3033898, rewards:-6.792222, queue:3.9462962, delay:0.2042824, throughput:2783, raw_metrics:{'fairness': 145.0}
SIM_TRAIN step:81, travel time:68.825, q_loss:4.433358, rewards:-7.846388, queue:3.8537037, delay:0.2006422, throughput:2765, raw_metrics:{'fairness': 180.0}
SIM_TRAIN step:82, travel time:65.82392857142857, q_loss:4.850731, rewards:-7.9025006, queue:3.3064816, delay:0.20683062, throughput:2787, raw_metrics:{'fairness': 178.333}
SIM_TRAIN step:83, travel time:67.46538187009278, q_loss:5.285126, rewards:-7.731667, queue:3.6462963, delay:0.2077604, throughput:2784, raw_metrics:{'fairness': 79.667}
SIM_TRAIN step:84, travel time:61.0635487325955, q_loss:6.510061, rewards:0.14277826, queue:1.4546297, delay:0.19044638, throughput:2789, raw_metrics:{'fairness': 0.0}
SIM_TRAIN step:85, travel time:63.982506247768654, q_loss:6.8279605, rewards:-10.59, queue:4.2296295, delay:0.19917881, throughput:2777, raw_metrics:{'fairness': 74.667}
REAL_TRAIN step:11, travel time:173.91040242976462, q_loss:100, rewards:-74.38028, queue:22.878704, delay:0.5359405, throughput:2498, R_real:-55.6529, components:{'queue': 1.387, 'delay': 1.608, 'waiting': 52.658, 'pressure': 0.0, 'switches': 0.0}, raw_metrics:{'fairness': 42.667, 'emission': 518.672, 'fuel': 168.149, 'emergency_stops': 2.0, 'collisions': 1.0, 'ssm_conflicts': 599.0}, bo;w=queue=0.79;delay=0.625;waiting=1.0;pressure=0.014;switches=0.27
SIM_TRAIN step:86, travel time:60.75258836129954, q_loss:4.873287, rewards:-1.1058329, queue:1.6101851, delay:0.18389802, throughput:2786, raw_metrics:{'fairness': 0.0}
SIM_TRAIN step:87, travel time:69.57392857142857, q_loss:6.826753, rewards:-5.625278, queue:3.4120371, delay:0.19566977, throughput:2779, raw_metrics:{'fairness': 75.0}
SIM_TRAIN step:88, travel time:57.334403997144896, q_loss:6.986689, rewards:-4.453887, queue:2.112037, delay:0.20667367, throughput:2786, raw_metrics:{'fairness': 0.0}
SIM_TRAIN step:89, travel time:68.61156729739379, q_loss:6.3640223, rewards:-10.401946, queue:4.0731483, delay:0.19647403, throughput:2791, raw_metrics:{'fairness': 57.667}
SIM_TRAIN step:90, travel time:68.46785714285714, q_loss:6.829475, rewards:-6.96361, queue:3.6962962, delay:0.1993617, throughput:2774, raw_metrics:{'fairness': 72.333}
SIM_TRAIN step:91, travel time:58.27061763655837, q_loss:5.9025707, rewards:-0.92472196, queue:1.8277777, delay:0.18898024, throughput:2783, raw_metrics:{'fairness': 0.0}
REAL_TRAIN step:12, travel time:685.7992525360385, q_loss:100, rewards:-92.6111, queue:39.247223, delay:0.6795798, throughput:1245, R_real:-153.9286, components:{'queue': 2.263, 'delay': 2.039, 'waiting': 149.627, 'pressure': 0.0, 'switches': 0.0}, raw_metrics:{'fairness': 124.0, 'emission': 968.508, 'fuel': 313.984, 'emergency_stops': 0.0, 'collisions': 0.0, 'ssm_conflicts': 482.0}, bo;w=queue=0.475;delay=0.675;waiting=0.585;pressure=0.104;switches=0.278
SIM_TRAIN step:92, travel time:66.95892857142857, q_loss:3.3456097, rewards:-7.7822237, queue:4.162963, delay:0.19959933, throughput:2776, raw_metrics:{'fairness': 58.0}
SIM_TRAIN step:93, travel time:68.12495537308104, q_loss:4.7126527, rewards:-5.9555564, queue:3.475926, delay:0.20064232, throughput:2785, raw_metrics:{'fairness': 77.333}
SIM_TRAIN step:94, travel time:67.94964285714286, q_loss:4.8078017, rewards:-5.013333, queue:3.2787037, delay:0.1879685, throughput:2788, raw_metrics:{'fairness': 13.667}
SIM_TRAIN step:95, travel time:59.19742948946805, q_loss:4.2173505, rewards:-2.6975, queue:1.5768518, delay:0.1673321, throughput:2782, raw_metrics:{'fairness': 0.0}
SIM_TRAIN step:96, travel time:61.79114601927883, q_loss:4.2504783, rewards:-8.456109, queue:3.5138888, delay:0.21389647, throughput:2777, raw_metrics:{'fairness': 65.333}
SIM_TRAIN step:97, travel time:68.58, q_loss:3.6796005, rewards:-9.232222, queue:4.4101853, delay:0.2102952, throughput:2779, raw_metrics:{'fairness': 73.667}
REAL_TRAIN step:13, travel time:369.4475494411006, q_loss:100, rewards:-110.085815, queue:37.64722, delay:0.6250472, throughput:1856, R_real:-141.5583, components:{'queue': 2.296, 'delay': 1.875, 'waiting': 137.387, 'pressure': 0.0, 'switches': 0.0}, raw_metrics:{'fairness': 150.667, 'emission': 832.119, 'fuel': 269.768, 'emergency_stops': 2.0, 'collisions': 0.0, 'ssm_conflicts': 509.0}, bo;w=queue=0.352;delay=0.039;waiting=0.381;pressure=0.955;switches=0.794
SIM_TRAIN step:98, travel time:71.13321428571429, q_loss:1.966519, rewards:-6.2636127, queue:3.8101852, delay:0.21896258, throughput:2778, raw_metrics:{'fairness': 40.667}
SIM_TRAIN step:99, travel time:57.55321428571428, q_loss:2.7272623, rewards:-1.5452783, queue:1.2064815, delay:0.17104901, throughput:2785, raw_metrics:{'fairness': 0.0}
SIM_TRAIN step:100, travel time:67.28953945019636, q_loss:2.5047638, rewards:-8.970001, queue:3.6833334, delay:0.1922378, throughput:2785, raw_metrics:{'fairness': 42.667}
SIM_TRAIN step:101, travel time:65.58428571428571, q_loss:2.3676531, rewards:-6.336114, queue:3.7129629, delay:0.18904565, throughput:2785, raw_metrics:{'fairness': 0.0}
SIM_TRAIN step:102, travel time:68.17321428571428, q_loss:2.230062, rewards:-10.151944, queue:4.0731483, delay:0.2009634, throughput:2781, raw_metrics:{'fairness': 60.0}
SIM_TRAIN step:103, travel time:63.76588151320485, q_loss:2.3671408, rewards:-10.456388, queue:4.178704, delay:0.20258585, throughput:2780, raw_metrics:{'fairness': 41.667}
REAL_TRAIN step:14, travel time:113.20448179271709, q_loss:100, rewards:-42.158047, queue:11.92037, delay:0.4653365, throughput:2736, R_real:-8.5613, components:{'queue': 0.698, 'delay': 1.396, 'waiting': 6.467, 'pressure': 0.0, 'switches': 0.0}, raw_metrics:{'fairness': 11.333, 'emission': 350.005, 'fuel': 113.468, 'emergency_stops': 4.0, 'collisions': 0.0, 'ssm_conflicts': 799.0}, bo;w=queue=0.173;delay=0.883;waiting=0.463;pressure=0.519;switches=0.687
SIM_TRAIN step:104, travel time:68.97715917201998, q_loss:1.2340163, rewards:-10.223056, queue:4.077778, delay:0.21640715, throughput:2779, raw_metrics:{'fairness': 57.333}
SIM_TRAIN step:105, travel time:66.2042127811496, q_loss:2.7792833, rewards:-9.014722, queue:3.7074075, delay:0.20280157, throughput:2777, raw_metrics:{'fairness': 62.333}
SIM_TRAIN step:106, travel time:67.49928571428572, q_loss:4.555209, rewards:-3.2172215, queue:2.8814814, delay:0.20180427, throughput:2786, raw_metrics:{'fairness': 55.333}
SIM_TRAIN step:107, travel time:72.19314530524812, q_loss:4.599288, rewards:-8.769166, queue:4.3787036, delay:0.22415908, throughput:2771, raw_metrics:{'fairness': 72.0}
SIM_TRAIN step:108, travel time:63.004285714285714, q_loss:5.0460587, rewards:-1.7449988, queue:1.9666667, delay:0.18490595, throughput:2779, raw_metrics:{'fairness': 0.0}
SIM_TRAIN step:109, travel time:61.30535714285714, q_loss:4.675339, rewards:-1.228333, queue:1.8509259, delay:0.18616407, throughput:2781, raw_metrics:{'fairness': 0.0}
REAL_TRAIN step:15, travel time:426.1279069767442, q_loss:100, rewards:-116.61138, queue:40.425, delay:0.6291056, throughput:1731, R_real:-167.4989, components:{'queue': 2.486, 'delay': 1.887, 'waiting': 163.126, 'pressure': 0.0, 'switches': 0.0}, raw_metrics:{'fairness': 154.333, 'emission': 893.569, 'fuel': 289.69, 'emergency_stops': 2.0, 'collisions': 0.0, 'ssm_conflicts': 487.0}, bo;w=queue=0.251;delay=0.203;waiting=0.918;pressure=0.805;switches=0.357
SIM_TRAIN step:110, travel time:74.73759371652982, q_loss:3.4856677, rewards:-14.362224, queue:5.4481483, delay:0.225701, throughput:2783, raw_metrics:{'fairness': 36.0}
SIM_TRAIN step:111, travel time:66.42591931453053, q_loss:5.821613, rewards:-9.4800005, queue:3.8305554, delay:0.19117999, throughput:2787, raw_metrics:{'fairness': 56.0}
SIM_TRAIN step:112, travel time:68.77392857142857, q_loss:6.4817286, rewards:-6.3955555, queue:3.636111, delay:0.17965947, throughput:2776, raw_metrics:{'fairness': 49.333}
SIM_TRAIN step:113, travel time:67.605, q_loss:7.1106205, rewards:-6.2241664, queue:3.4083333, delay:0.19287248, throughput:2778, raw_metrics:{'fairness': 45.667}
SIM_TRAIN step:114, travel time:67.16214285714285, q_loss:7.989961, rewards:-9.128612, queue:3.725, delay:0.19474524, throughput:2778, raw_metrics:{'fairness': 45.333}
SIM_TRAIN step:115, travel time:62.99607283113174, q_loss:8.321249, rewards:-9.470555, queue:3.8833334, delay:0.18636975, throughput:2791, raw_metrics:{'fairness': 59.333}
REAL_TRAIN step:16, travel time:385.3803122289679, q_loss:100, rewards:-108.83139, queue:37.48426, delay:0.6128896, throughput:1801, R_real:-141.7296, components:{'queue': 2.276, 'delay': 1.839, 'waiting': 137.615, 'pressure': 0.0, 'switches': 0.0}, raw_metrics:{'fairness': 155.0, 'emission': 840.178, 'fuel': 272.381, 'emergency_stops': 2.0, 'collisions': 1.0, 'ssm_conflicts': 544.0}, bo;w=queue=0.582;delay=0.719;waiting=0.756;pressure=0.112;switches=0.178
SIM_TRAIN step:116, travel time:69.07892857142858, q_loss:4.10047, rewards:-11.203053, queue:4.389815, delay:0.2147724, throughput:2775, raw_metrics:{'fairness': 26.0}
SIM_TRAIN step:117, travel time:67.61714285714285, q_loss:6.156372, rewards:-9.766668, queue:3.9472222, delay:0.20255163, throughput:2778, raw_metrics:{'fairness': 47.0}
SIM_TRAIN step:118, travel time:76.42214285714286, q_loss:5.506535, rewards:-16.937222, queue:6.2925925, delay:0.22745723, throughput:2781, raw_metrics:{'fairness': 40.667}
SIM_TRAIN step:119, travel time:72.58821428571429, q_loss:4.5535665, rewards:-16.59, queue:6.2212963, delay:0.23666662, throughput:2766, raw_metrics:{'fairness': 33.0}
SIM_TRAIN step:120, travel time:137.40892857142856, q_loss:4.5471697, rewards:-34.404167, queue:13.667593, delay:0.29341188, throughput:2700, raw_metrics:{'fairness': 34.333}
SIM_TRAIN step:121, travel time:91.25107142857142, q_loss:4.7030625, rewards:-20.716667, queue:7.6694446, delay:0.23516788, throughput:2748, raw_metrics:{'fairness': 49.333}
REAL_TRAIN step:17, travel time:91.11624649859944, q_loss:100, rewards:-23.969732, queue:5.632407, delay:0.3269424, throughput:2811, R_real:-4.5677, components:{'queue': 0.28, 'delay': 0.981, 'waiting': 3.306, 'pressure': 0.0, 'switches': 0.0}, raw_metrics:{'fairness': 2.0, 'emission': 251.224, 'fuel': 81.444, 'emergency_stops': 4.0, 'collisions': 0.0, 'ssm_conflicts': 615.0}, bo;w=queue=0.379;delay=0.895;waiting=0.265;pressure=0.36;switches=0.335
SIM_TRAIN step:122, travel time:108.56178571428572, q_loss:3.0908482, rewards:-10.650559, queue:6.338889, delay:0.24588625, throughput:2721, raw_metrics:{'fairness': 30.333}
SIM_TRAIN step:123, travel time:83.49536045681656, q_loss:3.9913108, rewards:-19.634998, queue:7.5425925, delay:0.25211668, throughput:2770, raw_metrics:{'fairness': 51.0}
SIM_TRAIN step:124, travel time:79.81714285714285, q_loss:4.150595, rewards:-13.798334, queue:6.075926, delay:0.23403798, throughput:2783, raw_metrics:{'fairness': 38.0}
SIM_TRAIN step:125, travel time:81.41357142857143, q_loss:3.6746984, rewards:-20.209442, queue:7.3814816, delay:0.24428892, throughput:2771, raw_metrics:{'fairness': 28.0}
SIM_TRAIN step:126, travel time:94.78964285714285, q_loss:3.264179, rewards:-15.608329, queue:7.2564816, delay:0.243029, throughput:2755, raw_metrics:{'fairness': 73.333}
SIM_TRAIN step:127, travel time:68.04142857142857, q_loss:2.95219, rewards:-10.313334, queue:4.0916667, delay:0.212947, throughput:2776, raw_metrics:{'fairness': 182.667}
REAL_TRAIN step:18, travel time:619.9361256544503, q_loss:100, rewards:-128.3275, queue:42.586113, delay:0.7976657, throughput:1322, R_real:-82.6285, components:{'queue': 2.252, 'delay': 2.393, 'waiting': 77.983, 'pressure': 0.0, 'switches': 0.0}, raw_metrics:{'fairness': 56.333, 'emission': 799.595, 'fuel': 259.223, 'emergency_stops': 3.0, 'collisions': 0.0, 'ssm_conflicts': 702.0}, bo;w=queue=0.221;delay=0.229;waiting=0.404;pressure=0.496;switches=0.098
SIM_TRAIN step:128, travel time:85.04746609564597, q_loss:2.3316336, rewards:-14.908052, queue:6.262037, delay:0.23087683, throughput:2761, raw_metrics:{'fairness': 42.667}
SIM_TRAIN step:129, travel time:75.97393787932882, q_loss:2.817066, rewards:-16.600279, queue:6.1537037, delay:0.22317491, throughput:2779, raw_metrics:{'fairness': 46.333}
SIM_TRAIN step:130, travel time:89.163870046412, q_loss:2.7126405, rewards:-15.490831, queue:6.5055556, delay:0.21786821, throughput:2761, raw_metrics:{'fairness': 61.333}
SIM_TRAIN step:131, travel time:61.534642857142856, q_loss:2.2140412, rewards:-0.24194522, queue:1.574074, delay:0.16391663, throughput:2779, raw_metrics:{'fairness': 0.0}
SIM_TRAIN step:132, travel time:68.692005710207, q_loss:2.1575782, rewards:-10.762224, queue:4.2296295, delay:0.20562612, throughput:2777, raw_metrics:{'fairness': 58.667}
SIM_TRAIN step:133, travel time:68.0975, q_loss:2.214654, rewards:-10.765001, queue:4.2555556, delay:0.21211348, throughput:2775, raw_metrics:{'fairness': 29.0}
REAL_TRAIN step:19, travel time:624.8279395900755, q_loss:100, rewards:-108.22168, queue:35.72963, delay:0.64721406, throughput:1253, R_real:-85.2092, components:{'queue': 1.799, 'delay': 1.942, 'waiting': 81.469, 'pressure': 0.0, 'switches': 0.0}, raw_metrics:{'fairness': 51.667, 'emission': 703.56, 'fuel': 228.09, 'emergency_stops': 2.0, 'collisions': 1.0, 'ssm_conflicts': 559.0}, bo;w=queue=0.754;delay=0.908;waiting=0.333;pressure=0.928;switches=0.298
SIM_TRAIN step:134, travel time:68.38821428571428, q_loss:1.5886723, rewards:-6.259443, queue:3.4907408, delay:0.1929813, throughput:2786, raw_metrics:{'fairness': 46.0}
SIM_TRAIN step:135, travel time:65.725, q_loss:2.1237268, rewards:-4.315279, queue:2.9444444, delay:0.18738626, throughput:2781, raw_metrics:{'fairness': 16.333}
SIM_TRAIN step:136, travel time:69.37736522670475, q_loss:2.5152416, rewards:-4.6738896, queue:3.4074075, delay:0.20118755, throughput:2784, raw_metrics:{'fairness': 54.333}
SIM_TRAIN step:137, travel time:68.34857142857143, q_loss:2.8412738, rewards:-10.968057, queue:4.336111, delay:0.21373163, throughput:2774, raw_metrics:{'fairness': 49.333}
SIM_TRAIN step:138, travel time:65.45860099928622, q_loss:3.1726649, rewards:-8.3352785, queue:3.4675925, delay:0.19878563, throughput:2779, raw_metrics:{'fairness': 33.667}
SIM_TRAIN step:139, travel time:64.35130310603355, q_loss:3.4049656, rewards:-7.651666, queue:3.2759259, delay:0.20016521, throughput:2785, raw_metrics:{'fairness': 47.333}
REAL_TRAIN step:20, travel time:187.04336147352265, q_loss:100, rewards:-79.73003, queue:24.749075, delay:0.5317612, throughput:2449, R_real:-86.8715, components:{'queue': 1.418, 'delay': 1.595, 'waiting': 83.858, 'pressure': 0.0, 'switches': 0.0}, raw_metrics:{'fairness': 43.667, 'emission': 564.509, 'fuel': 183.01, 'emergency_stops': 0.0, 'collisions': 0.0, 'ssm_conflicts': 603.0}, bo;w=queue=0.57;delay=0.865;waiting=0.761;pressure=0.162;switches=0.523
SIM_TRAIN step:140, travel time:93.40571428571428, q_loss:2.5721452, rewards:-17.183056, queue:7.4046297, delay:0.24746487, throughput:2749, raw_metrics:{'fairness': 54.333}
SIM_TRAIN step:141, travel time:67.27357142857143, q_loss:3.8486445, rewards:-9.470556, queue:3.8324075, delay:0.21122025, throughput:2785, raw_metrics:{'fairness': 43.0}
SIM_TRAIN step:142, travel time:66.13459478757586, q_loss:4.839094, rewards:-12.166111, queue:4.677778, delay:0.2157114, throughput:2782, raw_metrics:{'fairness': 50.0}
SIM_TRAIN step:143, travel time:73.59335951445912, q_loss:4.155101, rewards:-9.810831, queue:4.6666665, delay:0.21817529, throughput:2787, raw_metrics:{'fairness': 67.667}
SIM_TRAIN step:144, travel time:68.04998214923242, q_loss:2.9274187, rewards:-10.046946, queue:4.0064816, delay:0.19806252, throughput:2770, raw_metrics:{'fairness': 31.667}
SIM_TRAIN step:145, travel time:72.27357142857143, q_loss:2.220619, rewards:-14.247781, queue:5.4185185, delay:0.22205226, throughput:2765, raw_metrics:{'fairness': 27.333}
REAL_TRAIN step:21, travel time:454.8554382744378, q_loss:100, rewards:-117.93473, queue:42.219444, delay:0.6805861, throughput:1665, R_real:-186.4721, components:{'queue': 2.621, 'delay': 2.042, 'waiting': 181.81, 'pressure': 0.0, 'switches': 0.0}, raw_metrics:{'fairness': 146.333, 'emission': 930.846, 'fuel': 301.774, 'emergency_stops': 4.0, 'collisions': 0.0, 'ssm_conflicts': 430.0}, bo;w=queue=0.354;delay=0.893;waiting=0.096;pressure=0.529;switches=0.961
SIM_TRAIN step:146, travel time:75.76222777579436, q_loss:2.0270782, rewards:-12.961667, queue:5.616667, delay:0.240042, throughput:2760, raw_metrics:{'fairness': 25.333}
SIM_TRAIN step:147, travel time:67.38236344162799, q_loss:2.4916012, rewards:-12.267501, queue:4.775, delay:0.21779427, throughput:2763, raw_metrics:{'fairness': 71.333}
SIM_TRAIN step:148, travel time:65.10746162084969, q_loss:2.956082, rewards:-11.241942, queue:4.423148, delay:0.21667147, throughput:2761, raw_metrics:{'fairness': 75.667}
SIM_TRAIN step:149, travel time:69.34451981435201, q_loss:3.4260225, rewards:-6.754442, queue:3.6722221, delay:0.21035942, throughput:2775, raw_metrics:{'fairness': 16.0}
SIM_TRAIN step:150, travel time:70.1125, q_loss:3.67828, rewards:-7.415556, queue:3.8064816, delay:0.19876449, throughput:2786, raw_metrics:{'fairness': 19.333}
SIM_TRAIN step:151, travel time:69.1038914673331, q_loss:3.5012429, rewards:-11.161665, queue:4.3851852, delay:0.219626, throughput:2772, raw_metrics:{'fairness': 60.333}
REAL_TRAIN step:22, travel time:391.681550126369, q_loss:100, rewards:-127.22888, queue:43.133335, delay:0.7179692, throughput:1867, R_real:-139.6929, components:{'queue': 2.636, 'delay': 2.154, 'waiting': 134.903, 'pressure': 0.0, 'switches': 0.0}, raw_metrics:{'fairness': 143.333, 'emission': 882.005, 'fuel': 285.94, 'emergency_stops': 1.0, 'collisions': 0.0, 'ssm_conflicts': 706.0}, bo;w=queue=0.38;delay=0.783;waiting=0.39;pressure=0.444;switches=0.662
SIM_TRAIN step:152, travel time:59.63620135665833, q_loss:2.134989, rewards:-3.1702783, queue:2.3425925, delay:0.19824997, throughput:2776, raw_metrics:{'fairness': 46.0}
SIM_TRAIN step:153, travel time:73.8093538022135, q_loss:2.3593826, rewards:-13.970277, queue:5.337037, delay:0.23547722, throughput:2768, raw_metrics:{'fairness': 36.333}
SIM_TRAIN step:154, travel time:67.27571428571429, q_loss:1.6965204, rewards:-13.140834, queue:5.0111113, delay:0.2482594, throughput:2768, raw_metrics:{'fairness': 38.333}
SIM_TRAIN step:155, travel time:71.38857142857142, q_loss:1.245626, rewards:-11.801944, queue:5.349074, delay:0.22763556, throughput:2769, raw_metrics:{'fairness': 39.667}
SIM_TRAIN step:156, travel time:73.25169582292038, q_loss:1.201676, rewards:-10.335831, queue:4.8925924, delay:0.24204506, throughput:2767, raw_metrics:{'fairness': 56.333}
SIM_TRAIN step:157, travel time:71.08282756158515, q_loss:1.1366898, rewards:-12.413613, queue:4.8416667, delay:0.24959968, throughput:2780, raw_metrics:{'fairness': 38.667}
REAL_TRAIN step:23, travel time:208.54143441099964, q_loss:100, rewards:-71.564445, queue:22.462963, delay:0.5391848, throughput:2454, R_real:-39.7367, components:{'queue': 1.312, 'delay': 1.618, 'waiting': 36.807, 'pressure': 0.0, 'switches': 0.0}, raw_metrics:{'fairness': 57.0, 'emission': 540.22, 'fuel': 175.135, 'emergency_stops': 4.0, 'collisions': 0.0, 'ssm_conflicts': 690.0}, bo;w=queue=0.853;delay=0.049;waiting=0.182;pressure=0.409;switches=0.332
SIM_TRAIN step:158, travel time:72.57892857142858, q_loss:1.1583908, rewards:-13.715, queue:5.237037, delay:0.22850843, throughput:2778, raw_metrics:{'fairness': 19.333}
SIM_TRAIN step:159, travel time:68.58392857142857, q_loss:1.32121, rewards:-13.855556, queue:5.3333335, delay:0.22462693, throughput:2774, raw_metrics:{'fairness': 26.333}
SIM_TRAIN step:160, travel time:68.94392857142857, q_loss:1.1773845, rewards:-7.4927783, queue:4.4305553, delay:0.22650155, throughput:2780, raw_metrics:{'fairness': 29.0}
SIM_TRAIN step:161, travel time:68.62857142857143, q_loss:0.9735607, rewards:-10.063333, queue:4.0425925, delay:0.20811377, throughput:2779, raw_metrics:{'fairness': 56.333}
SIM_TRAIN step:162, travel time:69.13959300249911, q_loss:0.9729406, rewards:-12.667226, queue:4.9314814, delay:0.23005289, throughput:2784, raw_metrics:{'fairness': 9.333}
SIM_TRAIN step:163, travel time:81.73678571428572, q_loss:1.1128293, rewards:-13.859728, queue:5.6212964, delay:0.22295658, throughput:2744, raw_metrics:{'fairness': 43.0}
REAL_TRAIN step:24, travel time:191.38808731039586, q_loss:100, rewards:-60.43083, queue:19.338888, delay:0.50939125, throughput:2316, R_real:-35.3056, components:{'queue': 1.075, 'delay': 1.528, 'waiting': 32.703, 'pressure': 0.0, 'switches': 0.0}, raw_metrics:{'fairness': 98.0, 'emission': 475.458, 'fuel': 154.14, 'emergency_stops': 1.0, 'collisions': 0.0, 'ssm_conflicts': 765.0}, bo;w=delay=0.404;waiting=0.276;pressure=0.342;switches=0.327
SIM_TRAIN step:164, travel time:73.64311206281228, q_loss:1.0616248, rewards:-8.486945, queue:4.4694443, delay:0.22926545, throughput:2776, raw_metrics:{'fairness': 24.333}
SIM_TRAIN step:165, travel time:63.57642857142857, q_loss:1.2323046, rewards:-6.490278, queue:2.863889, delay:0.19789536, throughput:2780, raw_metrics:{'fairness': 37.333}
SIM_TRAIN step:166, travel time:86.12642857142858, q_loss:1.1684858, rewards:-10.780557, queue:5.742593, delay:0.21579613, throughput:2766, raw_metrics:{'fairness': 51.0}
SIM_TRAIN step:167, travel time:65.290967511603, q_loss:1.1753572, rewards:-10.690001, queue:4.250926, delay:0.2008248, throughput:2780, raw_metrics:{'fairness': 32.667}
SIM_TRAIN step:168, travel time:69.89535714285714, q_loss:1.0662768, rewards:-10.065836, queue:4.764815, delay:0.20751685, throughput:2782, raw_metrics:{'fairness': 35.333}
SIM_TRAIN step:169, travel time:63.823214285714286, q_loss:1.0186625, rewards:-7.3755546, queue:3.1657407, delay:0.1910454, throughput:2785, raw_metrics:{'fairness': 18.333}
REAL_TRAIN step:25, travel time:840.5563909774436, q_loss:100, rewards:-100.37972, queue:41.628704, delay:0.73622537, throughput:1102, R_real:-163.0840, components:{'queue': 2.361, 'delay': 2.209, 'waiting': 158.514, 'pressure': 0.0, 'switches': 0.0}, raw_metrics:{'fairness': 122.333, 'emission': 1000.112, 'fuel': 324.23, 'emergency_stops': 2.0, 'collisions': 0.0, 'ssm_conflicts': 453.0}, bo;w=queue=0.43;delay=1.0;waiting=0.178;pressure=0.829;switches=0.329
SIM_TRAIN step:170, travel time:67.17285714285714, q_loss:0.9713127, rewards:-10.295, queue:4.125, delay:0.21059059, throughput:2784, raw_metrics:{'fairness': 40.333}
SIM_TRAIN step:171, travel time:65.1224125624554, q_loss:0.9880468, rewards:-7.75389, queue:3.2648149, delay:0.19253477, throughput:2779, raw_metrics:{'fairness': 45.0}
SIM_TRAIN step:172, travel time:58.80792574080685, q_loss:1.0453058, rewards:-2.8316667, queue:1.637037, delay:0.17286727, throughput:2782, raw_metrics:{'fairness': 0.0}
SIM_TRAIN step:173, travel time:65.47035714285714, q_loss:0.98462707, rewards:-7.837781, queue:3.3212962, delay:0.18365787, throughput:2786, raw_metrics:{'fairness': 0.0}
SIM_TRAIN step:174, travel time:66.745, q_loss:0.9279551, rewards:-8.402501, queue:3.4925926, delay:0.19119604, throughput:2782, raw_metrics:{'fairness': 43.333}
SIM_TRAIN step:175, travel time:67.41128168511246, q_loss:0.9319941, rewards:-8.546667, queue:3.538889, delay:0.20169288, throughput:2778, raw_metrics:{'fairness': 97.333}
REAL_TRAIN step:26, travel time:73.72093837535014, q_loss:100, rewards:-13.348058, queue:2.0481482, delay:0.25879115, throughput:2808, R_real:-1.0762, components:{'queue': 0.103, 'delay': 0.776, 'waiting': 0.197, 'pressure': 0.0, 'switches': 0.0}, raw_metrics:{'fairness': 0.0, 'emission': 189.765, 'fuel': 61.519, 'emergency_stops': 2.0, 'collisions': 0.0, 'ssm_conflicts': 515.0}, bo;w=queue=0.954;delay=0.893;waiting=0.23;pressure=0.162;switches=0.334
SIM_TRAIN step:176, travel time:68.475, q_loss:0.8249932, rewards:-10.04778, queue:4.0342593, delay:0.19520094, throughput:2778, raw_metrics:{'fairness': 47.0}
SIM_TRAIN step:177, travel time:59.121785714285714, q_loss:0.8645978, rewards:-0.32222214, queue:1.4083333, delay:0.15969439, throughput:2781, raw_metrics:{'fairness': 0.0}
SIM_TRAIN step:178, travel time:64.46428571428571, q_loss:0.84126955, rewards:-7.093055, queue:3.086111, delay:0.18008946, throughput:2790, raw_metrics:{'fairness': 0.0}
SIM_TRAIN step:179, travel time:65.83541592288468, q_loss:0.7737849, rewards:-8.414446, queue:3.5018518, delay:0.19455498, throughput:2778, raw_metrics:{'fairness': 49.0}
SIM_TRAIN step:180, travel time:59.520171367368796, q_loss:0.7291375, rewards:-3.2294433, queue:1.7731482, delay:0.17603926, throughput:2779, raw_metrics:{'fairness': 0.0}
SIM_TRAIN step:181, travel time:66.40035714285715, q_loss:0.6959482, rewards:-8.713056, queue:3.5574074, delay:0.20570724, throughput:2781, raw_metrics:{'fairness': 60.667}
REAL_TRAIN step:27, travel time:75.01855742296918, q_loss:100, rewards:-14.999165, queue:2.5851853, delay:0.27521214, throughput:2813, R_real:-1.2340, components:{'queue': 0.124, 'delay': 0.826, 'waiting': 0.284, 'pressure': 0.0, 'switches': 0.0}, raw_metrics:{'fairness': 0.0, 'emission': 200.319, 'fuel': 64.941, 'emergency_stops': 1.0, 'collisions': 0.0, 'ssm_conflicts': 653.0}, bo;w=queue=0.052;delay=0.277;waiting=0.286;pressure=0.272;switches=0.343
SIM_TRAIN step:182, travel time:59.800428418421994, q_loss:0.702639, rewards:-3.3813884, queue:1.7805556, delay:0.1827231, throughput:2787, raw_metrics:{'fairness': 0.0}
SIM_TRAIN step:183, travel time:66.6131334760885, q_loss:0.674496, rewards:-8.020834, queue:4.1546297, delay:0.19100337, throughput:2781, raw_metrics:{'fairness': 38.333}
SIM_TRAIN step:184, travel time:64.05533737950732, q_loss:0.6626883, rewards:-0.7291665, queue:2.0712962, delay:0.18882358, throughput:2775, raw_metrics:{'fairness': 39.667}
SIM_TRAIN step:185, travel time:63.941491259364966, q_loss:0.7270384, rewards:-10.081669, queue:4.0305557, delay:0.20216548, throughput:2785, raw_metrics:{'fairness': 9.0}
SIM_TRAIN step:186, travel time:67.22392857142857, q_loss:0.7994362, rewards:-10.280833, queue:4.0953703, delay:0.21221726, throughput:2782, raw_metrics:{'fairness': 47.667}
SIM_TRAIN step:187, travel time:57.85362370581935, q_loss:0.761492, rewards:-5.190278, queue:2.3675926, delay:0.2050185, throughput:2780, raw_metrics:{'fairness': 15.333}
REAL_TRAIN step:28, travel time:134.48549946294307, q_loss:100, rewards:-22.936111, queue:7.264815, delay:0.38846236, throughput:2572, R_real:-5.7891, components:{'queue': 0.397, 'delay': 1.165, 'waiting': 4.227, 'pressure': 0.0, 'switches': 0.0}, raw_metrics:{'fairness': 5.333, 'emission': 318.598, 'fuel': 103.286, 'emergency_stops': 2.0, 'collisions': 0.0, 'ssm_conflicts': 800.0}, bo;w=queue=0.742;delay=0.214;waiting=0.157;switches=0.326
SIM_TRAIN step:188, travel time:67.50624776865405, q_loss:0.57343054, rewards:-9.717224, queue:3.8935184, delay:0.22661817, throughput:2783, raw_metrics:{'fairness': 35.0}
SIM_TRAIN step:189, travel time:67.1781506604784, q_loss:1.0626192, rewards:-12.852501, queue:4.9407406, delay:0.23345011, throughput:2772, raw_metrics:{'fairness': 54.0}
SIM_TRAIN step:190, travel time:66.37093895037486, q_loss:2.1038687, rewards:-6.877779, queue:4.039815, delay:0.20711331, throughput:2781, raw_metrics:{'fairness': 47.0}
SIM_TRAIN step:191, travel time:66.2202784719743, q_loss:2.9452772, rewards:-8.888336, queue:4.335185, delay:0.21303974, throughput:2781, raw_metrics:{'fairness': 46.0}
SIM_TRAIN step:192, travel time:69.94607142857143, q_loss:3.2690978, rewards:-6.3883333, queue:3.586111, delay:0.19992317, throughput:2781, raw_metrics:{'fairness': 57.0}
SIM_TRAIN step:193, travel time:68.99892895394503, q_loss:3.351647, rewards:-9.958333, queue:4.0342593, delay:0.20008592, throughput:2777, raw_metrics:{'fairness': 44.667}
REAL_TRAIN step:29, travel time:106.99859943977592, q_loss:100, rewards:-39.03276, queue:10.92037, delay:0.38107717, throughput:2769, R_real:-8.0493, components:{'queue': 0.62, 'delay': 1.143, 'waiting': 6.286, 'pressure': 0.0, 'switches': 0.0}, raw_metrics:{'fairness': 13.333, 'emission': 335.367, 'fuel': 108.723, 'emergency_stops': 0.0, 'collisions': 0.0, 'ssm_conflicts': 727.0}, bo;w=queue=0.767;delay=0.498;waiting=0.678;pressure=0.31;switches=0.467
SIM_TRAIN step:194, travel time:64.4, q_loss:2.9622908, rewards:-10.481111, queue:4.175, delay:0.20765829, throughput:2773, raw_metrics:{'fairness': 55.333}
SIM_TRAIN step:195, travel time:64.82857142857142, q_loss:4.7551775, rewards:-10.923057, queue:4.3064814, delay:0.1943374, throughput:2782, raw_metrics:{'fairness': 56.667}
SIM_TRAIN step:196, travel time:66.48661192431274, q_loss:5.578665, rewards:-7.101946, queue:3.9953704, delay:0.20719458, throughput:2777, raw_metrics:{'fairness': 49.333}
SIM_TRAIN step:197, travel time:65.23348803998572, q_loss:5.734262, rewards:-9.033889, queue:3.6805556, delay:0.18841793, throughput:2779, raw_metrics:{'fairness': 51.667}
SIM_TRAIN step:198, travel time:68.97107142857143, q_loss:5.465672, rewards:-5.9116673, queue:3.5814815, delay:0.20202333, throughput:2776, raw_metrics:{'fairness': 44.0}
SIM_TRAIN step:199, travel time:64.78015703069237, q_loss:5.752727, rewards:-7.131391, queue:3.8, delay:0.19125764, throughput:2787, raw_metrics:{'fairness': 0.0}
REAL_TRAIN step:30, travel time:136.5801362495518, q_loss:100, rewards:-19.862776, queue:5.9962964, delay:0.3224893, throughput:2551, R_real:-5.6832, components:{'queue': 0.33, 'delay': 0.967, 'waiting': 4.386, 'pressure': 0.0, 'switches': 0.0}, raw_metrics:{'fairness': 2.333, 'emission': 294.33, 'fuel': 95.419, 'emergency_stops': 4.0, 'collisions': 0.0, 'ssm_conflicts': 599.0}, bo;w=queue=0.027;delay=0.417;waiting=0.512;pressure=0.747;switches=0.454
SIM_TRAIN step:200, travel time:53.30571428571429, q_loss:2.910064, rewards:-1.9222212, queue:1.3638889, delay:0.1731448, throughput:2788, raw_metrics:{'fairness': 19.333}
SIM_TRAIN step:201, travel time:70.66714285714286, q_loss:4.2046857, rewards:-6.1300015, queue:3.6592593, delay:0.20286937, throughput:2780, raw_metrics:{'fairness': 44.667}
SIM_TRAIN step:202, travel time:71.85183862906105, q_loss:4.512436, rewards:-10.189445, queue:4.9194446, delay:0.21374056, throughput:2781, raw_metrics:{'fairness': 17.667}
SIM_TRAIN step:203, travel time:66.89253837915031, q_loss:4.402939, rewards:-3.539444, queue:2.838889, delay:0.19298477, throughput:2785, raw_metrics:{'fairness': 24.333}
SIM_TRAIN step:204, travel time:62.893928571428575, q_loss:4.2493563, rewards:-6.179444, queue:2.7342594, delay:0.18497244, throughput:2787, raw_metrics:{'fairness': 0.0}
SIM_TRAIN step:205, travel time:60.0017850767583, q_loss:4.1673594, rewards:-6.9425006, queue:3.012037, delay:0.21224616, throughput:2776, raw_metrics:{'fairness': 70.667}
REAL_TRAIN step:31, travel time:450.8468634686347, q_loss:100, rewards:-118.706955, queue:42.130554, delay:0.67122895, throughput:1658, R_real:-188.3552, components:{'queue': 2.605, 'delay': 2.014, 'waiting': 183.737, 'pressure': 0.0, 'switches': 0.0}, raw_metrics:{'fairness': 146.667, 'emission': 924.563, 'fuel': 299.738, 'emergency_stops': 1.0, 'collisions': 0.0, 'ssm_conflicts': 411.0}, bo;w=queue=0.141;delay=0.4;pressure=1.0;switches=0.658
SIM_TRAIN step:206, travel time:77.05142857142857, q_loss:2.2574785, rewards:-19.954443, queue:7.2537036, delay:0.24418423, throughput:2783, raw_metrics:{'fairness': 43.0}
SIM_TRAIN step:207, travel time:64.82714285714286, q_loss:3.235403, rewards:-7.028335, queue:3.050926, delay:0.19103761, throughput:2785, raw_metrics:{'fairness': 16.667}
SIM_TRAIN step:208, travel time:68.59728668332738, q_loss:3.7508595, rewards:-6.1788893, queue:3.4787037, delay:0.1956602, throughput:2779, raw_metrics:{'fairness': 16.667}
SIM_TRAIN step:209, travel time:70.28857142857143, q_loss:3.4623852, rewards:-8.479167, queue:4.085185, delay:0.20620388, throughput:2774, raw_metrics:{'fairness': 70.667}
SIM_TRAIN step:210, travel time:65.69035714285714, q_loss:3.063163, rewards:-8.241111, queue:3.4287038, delay:0.19855206, throughput:2781, raw_metrics:{'fairness': 48.0}
SIM_TRAIN step:211, travel time:59.274544805426636, q_loss:3.2679505, rewards:-3.1055555, queue:1.7037038, delay:0.1771171, throughput:2781, raw_metrics:{'fairness': 0.0}
REAL_TRAIN step:32, travel time:335.87314662273474, q_loss:100, rewards:-102.919174, queue:34.744446, delay:0.56558865, throughput:1967, R_real:-123.6185, components:{'queue': 2.116, 'delay': 1.697, 'waiting': 119.805, 'pressure': 0.0, 'switches': 0.0}, raw_metrics:{'fairness': 82.667, 'emission': 786.58, 'fuel': 255.004, 'emergency_stops': 3.0, 'collisions': 0.0, 'ssm_conflicts': 505.0}, bo;w=queue=0.041;delay=0.841;waiting=0.445;pressure=0.826;switches=0.452
SIM_TRAIN step:212, travel time:67.98571428571428, q_loss:2.2238727, rewards:-7.3175006, queue:3.9694445, delay:0.20986523, throughput:2782, raw_metrics:{'fairness': 46.333}
SIM_TRAIN step:213, travel time:61.59357142857143, q_loss:2.2279038, rewards:-1.2558326, queue:1.7694445, delay:0.17663331, throughput:2775, raw_metrics:{'fairness': 52.333}
SIM_TRAIN step:214, travel time:58.26464285714286, q_loss:2.0622709, rewards:-2.648334, queue:1.5601852, delay:0.16744229, throughput:2780, raw_metrics:{'fairness': 0.0}
SIM_TRAIN step:215, travel time:67.61428571428571, q_loss:1.8390418, rewards:-11.78, queue:4.6138887, delay:0.21773487, throughput:2774, raw_metrics:{'fairness': 60.0}
SIM_TRAIN step:216, travel time:69.65178571428571, q_loss:1.6341356, rewards:-6.276668, queue:3.575, delay:0.19849096, throughput:2790, raw_metrics:{'fairness': 41.333}
SIM_TRAIN step:217, travel time:68.50178571428572, q_loss:1.401948, rewards:-9.487777, queue:3.8212962, delay:0.21092065, throughput:2786, raw_metrics:{'fairness': 14.667}
REAL_TRAIN step:33, travel time:215.6119119878604, q_loss:100, rewards:-69.676674, queue:23.350925, delay:0.50880647, throughput:2327, R_real:-69.5874, components:{'queue': 1.466, 'delay': 1.526, 'waiting': 66.595, 'pressure': 0.0, 'switches': 0.0}, raw_metrics:{'fairness': 37.0, 'emission': 553.044, 'fuel': 179.293, 'emergency_stops': 3.0, 'collisions': 0.0, 'ssm_conflicts': 573.0}, bo;w=queue=0.081;delay=0.76;waiting=0.289;pressure=0.199;switches=0.335
SIM_TRAIN step:218, travel time:73.45357142857142, q_loss:1.2147719, rewards:-8.433887, queue:4.3462963, delay:0.22406599, throughput:2779, raw_metrics:{'fairness': 32.333}
SIM_TRAIN step:219, travel time:63.987504462691895, q_loss:1.2379727, rewards:-7.0027776, queue:3.0481482, delay:0.1915939, throughput:2783, raw_metrics:{'fairness': 171.0}
SIM_TRAIN step:220, travel time:64.69821428571429, q_loss:1.1811018, rewards:-7.0861106, queue:3.035185, delay:0.20290945, throughput:2782, raw_metrics:{'fairness': 38.0}
SIM_TRAIN step:221, travel time:65.5575, q_loss:0.9486929, rewards:-8.393612, queue:3.4944444, delay:0.19756873, throughput:2785, raw_metrics:{'fairness': 14.667}
SIM_TRAIN step:222, travel time:63.3275, q_loss:0.87863725, rewards:-6.6669445, queue:2.8953705, delay:0.1860797, throughput:2786, raw_metrics:{'fairness': 0.0}
SIM_TRAIN step:223, travel time:64.26428571428572, q_loss:0.8721221, rewards:-6.3483343, queue:2.7990742, delay:0.18687814, throughput:2785, raw_metrics:{'fairness': 0.0}
REAL_TRAIN step:34, travel time:72.84558823529412, q_loss:100, rewards:-12.878893, queue:1.9453703, delay:0.27685085, throughput:2809, R_real:-1.1184, components:{'queue': 0.107, 'delay': 0.831, 'waiting': 0.181, 'pressure': 0.0, 'switches': 0.0}, raw_metrics:{'fairness': 0.0, 'emission': 188.147, 'fuel': 60.995, 'emergency_stops': 1.0, 'collisions': 0.0, 'ssm_conflicts': 573.0}, bo;w=queue=0.594;delay=0.519;waiting=0.256;pressure=0.327;switches=0.471
SIM_TRAIN step:224, travel time:68.02107142857143, q_loss:0.8263, rewards:-11.33, queue:4.460185, delay:0.20695369, throughput:2773, raw_metrics:{'fairness': 64.333}
SIM_TRAIN step:225, travel time:67.27775794359158, q_loss:0.76406485, rewards:-5.9136124, queue:3.3675926, delay:0.19216704, throughput:2778, raw_metrics:{'fairness': 80.0}
SIM_TRAIN step:226, travel time:68.48304177079615, q_loss:0.7088105, rewards:-5.4761124, queue:3.337037, delay:0.19160211, throughput:2782, raw_metrics:{'fairness': 47.667}
SIM_TRAIN step:227, travel time:62.08461263834345, q_loss:0.7037153, rewards:-0.96583337, queue:1.7064815, delay:0.17760907, throughput:2778, raw_metrics:{'fairness': 0.0}
SIM_TRAIN step:228, travel time:65.53052481256694, q_loss:0.66962326, rewards:-7.6208324, queue:3.9981482, delay:0.19762029, throughput:2778, raw_metrics:{'fairness': 42.0}
SIM_TRAIN step:229, travel time:66.12209925026777, q_loss:0.60851985, rewards:-8.293055, queue:3.4583333, delay:0.20124619, throughput:2777, raw_metrics:{'fairness': 45.0}
REAL_TRAIN step:35, travel time:75.406162464986, q_loss:100, rewards:-13.913892, queue:2.2712963, delay:0.27210212, throughput:2807, R_real:-1.1574, components:{'queue': 0.114, 'delay': 0.816, 'waiting': 0.227, 'pressure': 0.0, 'switches': 0.0}, raw_metrics:{'fairness': 0.0, 'emission': 192.733, 'fuel': 62.482, 'emergency_stops': 1.0, 'collisions': 0.0, 'ssm_conflicts': 535.0}, bo;w=queue=0.577;delay=0.896;waiting=0.133;pressure=0.728;switches=0.669
SIM_TRAIN step:230, travel time:56.691428571428574, q_loss:0.66995174, rewards:-4.267222, queue:2.0944445, delay:0.18618917, throughput:2777, raw_metrics:{'fairness': 131.0}
SIM_TRAIN step:231, travel time:64.98857142857143, q_loss:0.64342165, rewards:-7.1875, queue:3.0648148, delay:0.21473682, throughput:2779, raw_metrics:{'fairness': 38.333}
SIM_TRAIN step:232, travel time:63.138214285714284, q_loss:0.60271436, rewards:-5.2533345, queue:2.3842592, delay:0.22726806, throughput:2779, raw_metrics:{'fairness': 134.0}
SIM_TRAIN step:233, travel time:70.00392716886826, q_loss:0.55986035, rewards:-10.478056, queue:4.1555557, delay:0.25385568, throughput:2778, raw_metrics:{'fairness': 210.667}
SIM_TRAIN step:234, travel time:73.20571428571428, q_loss:0.52428615, rewards:-8.659725, queue:4.3462963, delay:0.24089861, throughput:2781, raw_metrics:{'fairness': 212.0}
SIM_TRAIN step:235, travel time:69.18843683083512, q_loss:0.58110774, rewards:-8.701667, queue:4.311111, delay:0.22776082, throughput:2779, raw_metrics:{'fairness': 196.333}
REAL_TRAIN step:36, travel time:152.8740157480315, q_loss:100, rewards:-47.44723, queue:13.491667, delay:0.53484416, throughput:2701, R_real:-9.1756, components:{'queue': 0.797, 'delay': 1.605, 'waiting': 6.775, 'pressure': 0.0, 'switches': 0.0}, raw_metrics:{'fairness': 63.333, 'emission': 375.397, 'fuel': 121.7, 'emergency_stops': 3.0, 'collisions': 1.0, 'ssm_conflicts': 904.0}, bo;w=queue=0.719;delay=0.246;waiting=0.311;pressure=0.018;switches=0.323
SIM_TRAIN step:236, travel time:67.78107142857142, q_loss:0.6437318, rewards:-10.711391, queue:4.1203704, delay:0.2312387, throughput:2785, raw_metrics:{'fairness': 181.0}
SIM_TRAIN step:237, travel time:89.93142857142857, q_loss:0.6570905, rewards:-12.52611, queue:5.137963, delay:0.26481873, throughput:2784, raw_metrics:{'fairness': 64.0}
SIM_TRAIN step:238, travel time:62.371428571428574, q_loss:0.658948, rewards:-6.5852785, queue:2.7990742, delay:0.23666508, throughput:2786, raw_metrics:{'fairness': 7.667}
SIM_TRAIN step:239, travel time:87.54285714285714, q_loss:0.6116609, rewards:-5.0030546, queue:3.2240741, delay:0.21987022, throughput:2775, raw_metrics:{'fairness': 158.667}
SIM_TRAIN step:240, travel time:73.8996786861835, q_loss:0.5521229, rewards:-9.189999, queue:4.4555554, delay:0.27090582, throughput:2776, raw_metrics:{'fairness': 234.667}
SIM_TRAIN step:241, travel time:71.90789003927169, q_loss:0.5386263, rewards:-6.488891, queue:3.5990741, delay:0.23902029, throughput:2781, raw_metrics:{'fairness': 5.667}
REAL_TRAIN step:37, travel time:226.75253312548713, q_loss:100, rewards:-77.94109, queue:24.099073, delay:0.5998433, throughput:2383, R_real:-85.6720, components:{'queue': 1.409, 'delay': 1.8, 'waiting': 82.463, 'pressure': 0.0, 'switches': 0.0}, raw_metrics:{'fairness': 91.0, 'emission': 551.095, 'fuel': 178.661, 'emergency_stops': 0.0, 'collisions': 0.0, 'ssm_conflicts': 685.0}, bo;w=queue=0.18;delay=0.23;waiting=0.062;pressure=0.288;switches=0.389
SIM_TRAIN step:242, travel time:71.7143877186719, q_loss:0.6247545, rewards:-16.108334, queue:6.0305557, delay:0.24333705, throughput:2753, raw_metrics:{'fairness': 52.0}
SIM_TRAIN step:243, travel time:68.16815423063191, q_loss:0.6386697, rewards:-9.884999, queue:3.9842594, delay:0.23051433, throughput:2786, raw_metrics:{'fairness': 28.0}
SIM_TRAIN step:244, travel time:64.96607142857142, q_loss:0.71975607, rewards:-10.495001, queue:4.1583333, delay:0.25510046, throughput:2769, raw_metrics:{'fairness': 39.333}
SIM_TRAIN step:245, travel time:64.76294180649768, q_loss:0.6622872, rewards:-10.598331, queue:4.2185187, delay:0.23502138, throughput:2787, raw_metrics:{'fairness': 47.333}
SIM_TRAIN step:246, travel time:69.27178571428571, q_loss:0.69332397, rewards:-9.619445, queue:4.6425924, delay:0.2443789, throughput:2777, raw_metrics:{'fairness': 23.0}
SIM_TRAIN step:247, travel time:65.37772224205641, q_loss:0.67830986, rewards:-8.280003, queue:3.4703703, delay:0.21667099, throughput:2782, raw_metrics:{'fairness': 51.667}
REAL_TRAIN step:38, travel time:135.41980965808952, q_loss:100, rewards:-50.667225, queue:14.758333, delay:0.46974838, throughput:2705, R_real:-16.6690, components:{'queue': 0.829, 'delay': 1.409, 'waiting': 14.43, 'pressure': 0.0, 'switches': 0.0}, raw_metrics:{'fairness': 10.667, 'emission': 395.795, 'fuel': 128.313, 'emergency_stops': 1.0, 'collisions': 1.0, 'ssm_conflicts': 739.0}, bo;w=queue=0.601;delay=0.217;waiting=0.147;pressure=0.19;switches=0.312
SIM_TRAIN step:248, travel time:61.316428571428574, q_loss:0.60025954, rewards:-8.531668, queue:3.5481482, delay:0.20743206, throughput:2791, raw_metrics:{'fairness': 0.0}
SIM_TRAIN step:249, travel time:69.75910064239828, q_loss:0.4192438, rewards:-10.203334, queue:4.648148, delay:0.22682495, throughput:2775, raw_metrics:{'fairness': 62.333}
SIM_TRAIN step:250, travel time:68.06714285714285, q_loss:0.30960134, rewards:-9.0497265, queue:3.7574074, delay:0.21074538, throughput:2789, raw_metrics:{'fairness': 15.667}
SIM_TRAIN step:251, travel time:63.53552302749018, q_loss:0.25224116, rewards:-9.930553, queue:4.0027776, delay:0.21782961, throughput:2786, raw_metrics:{'fairness': 44.0}
SIM_TRAIN step:252, travel time:55.98714285714286, q_loss:0.26905197, rewards:-4.0449996, queue:2.0287037, delay:0.21292537, throughput:2780, raw_metrics:{'fairness': 0.0}
SIM_TRAIN step:253, travel time:61.10710460549804, q_loss:0.2830895, rewards:-3.5044458, queue:1.8712963, delay:0.1938672, throughput:2780, raw_metrics:{'fairness': 7.0}
REAL_TRAIN step:39, travel time:781.402199074074, q_loss:100, rewards:-117.10333, queue:45.96389, delay:0.7126668, throughput:1073, R_real:-167.9150, components:{'queue': 2.517, 'delay': 2.138, 'waiting': 163.26, 'pressure': 0.0, 'switches': 0.0}, raw_metrics:{'fairness': 97.667, 'emission': 1051.167, 'fuel': 340.782, 'emergency_stops': 2.0, 'collisions': 0.0, 'ssm_conflicts': 368.0}, bo;w=queue=0.095;delay=0.73;waiting=0.119;pressure=0.069;switches=0.322
SIM_TRAIN step:254, travel time:67.05033916458407, q_loss:0.48166865, rewards:-9.465557, queue:3.85, delay:0.20698982, throughput:2781, raw_metrics:{'fairness': 40.0}
SIM_TRAIN step:255, travel time:53.96822563370225, q_loss:0.35844234, rewards:-2.3841672, queue:1.4824075, delay:0.19479068, throughput:2788, raw_metrics:{'fairness': 0.0}
SIM_TRAIN step:256, travel time:66.94607142857143, q_loss:0.31229165, rewards:-8.526942, queue:3.5490742, delay:0.2113307, throughput:2787, raw_metrics:{'fairness': 0.0}
SIM_TRAIN step:257, travel time:66.08996786861834, q_loss:0.29480857, rewards:-7.057498, queue:3.9527779, delay:0.20868355, throughput:2781, raw_metrics:{'fairness': 49.333}
SIM_TRAIN step:258, travel time:59.370938950374864, q_loss:0.29981694, rewards:-2.8441672, queue:1.6898148, delay:0.20217739, throughput:2790, raw_metrics:{'fairness': 0.0}
SIM_TRAIN step:259, travel time:66.3025, q_loss:0.2813072, rewards:-11.091945, queue:4.3814816, delay:0.22066145, throughput:2782, raw_metrics:{'fairness': 48.667}
REAL_TRAIN step:40, travel time:76.1155462184874, q_loss:100, rewards:-14.812776, queue:2.5703704, delay:0.28611428, throughput:2817, R_real:-1.2272, components:{'queue': 0.133, 'delay': 0.858, 'waiting': 0.236, 'pressure': 0.0, 'switches': 0.0}, raw_metrics:{'fairness': 0.0, 'emission': 198.138, 'fuel': 64.234, 'emergency_stops': 1.0, 'collisions': 0.0, 'ssm_conflicts': 580.0}, bo;w=queue=0.672;delay=0.95;waiting=0.16;pressure=0.095;switches=0.79
DynShaping selected R_real=-0.9845 w={'queue': 0.613, 'delay': 0.902, 'waiting': 0.099, 'pressure': 0.97, 'switches': 0.653}
Saved method state to data/output_data/sim2real_rewards/cityflow_presslight/cologne3/baseline_rewards_v2_dynamic_reward_shaping_efficiency_aligned_s0/model/cologne3_efficiency_aligned_presslight_dynamic_reward_shaping/method_state.json
real rollouts used: 40/100
REAL_TEST step:0, travel time:75.20448179271709, q_loss:100, rewards:-12.479444, queue:1.7953703, delay:0.26415756, throughput:2810, R_real:-0.9845, components:{'queue': 0.086, 'delay': 0.792, 'waiting': 0.106, 'pressure': 0.0, 'switches': 0.0}, raw_metrics:{'fairness': 0.0, 'emission': 184.981, 'fuel': 59.969, 'emergency_stops': 1.0, 'collisions': 0.0, 'ssm_conflicts': 516.0}
Total time taken: 10724.360454320908
