ingolstadt1_setting3_presslight_oblivious_q	REAL_TEST	3	205.5	100.0	-48.72	46.41	0.42	1275	0.0000	0.0000
ingolstadt1_setting3_presslight_oblivious_q	REAL_TEST	6	190.3	100.0	-48.65	46.27	0.44	1354	0.0000	0.0000
ingolstadt1_setting3_presslight_oblivious_q	REAL_TEST	9	207.3	100.0	-49.97	48.07	0.43	1165	0.0000	0.0000
ingolstadt1_setting3_presslight_oblivious_q	REAL_TEST	12	204.5	100.0	-49.57	47.72	0.42	1150	0.0000	0.0000
ingolstadt1_setting3_presslight_oblivious_q	REAL_TEST	15	184.4	100.0	-46.81	44.75	0.42	1241	0.0000	0.0000
ingolstadt1_setting3_presslight_oblivious_q	REAL_TEST	18	191.7	100.0	-43.15	40.66	0.40	1321	0.0000	0.0000
ingolstadt1_setting3_presslight_oblivious_q	REAL_TEST	21	191.7	100.0	-43.15	40.66	0.40	1321	0.0000	0.0000
ingolstadt1_setting3_presslight_oblivious_q	REAL_TEST	24	198.7	100.0	-46.23	43.96	0.44	1287	0.0000	0.0000
ingolstadt1_setting3_presslight_oblivious_q	REAL_TEST	27	182.4	100.0	-45.02	42.27	0.43	1400	0.0000	0.0000
ingolstadt1_setting3_presslight_oblivious_q	REAL_TEST	30	193.6	100.0	-45.94	43.58	0.43	1330	0.0000	0.0000
ingolstadt1_setting3_presslight_oblivious_q	REAL_TEST	33	200.4	100.0	-46.12	43.91	0.43	1267	0.0000	0.0000
ingolstadt1_setting3_presslight_oblivious_q	REAL_TEST	36	194.7	100.0	-47.51	45.45	0.44	1242	0.0000	0.0000
ingolstadt1_setting3_presslight_oblivious_q	REAL_TEST	39	177.9	100.0	-45.58	43.28	0.43	1345	0.0000	0.0000
ingolstadt1_setting3_presslight_oblivious_q	REAL_TEST	42	192.6	100.0	-47.50	45.46	0.43	1237	0.0000	0.0000
ingolstadt1_setting3_presslight_oblivious_q	REAL_TEST	45	157.8	100.0	-33.63	30.47	0.40	1500	0.0000	0.0000
ingolstadt1_setting3_presslight_oblivious_q	REAL_TEST	48	199.3	100.0	-51.98	49.82	0.44	1222	0.0000	0.0000
ingolstadt1_setting3_presslight_oblivious_q	REAL_TEST	51	192.3	100.0	-51.35	49.23	0.43	1294	0.0000	0.0000
ingolstadt1_setting3_presslight_oblivious_q	REAL_TEST	54	208.1	100.0	-53.12	51.26	0.43	1176	0.0000	0.0000
ingolstadt1_setting3_presslight_oblivious_q	REAL_TEST	57	223.1	100.0	-54.74	53.03	0.43	1108	0.0000	0.0000
ingolstadt1_setting3_presslight_oblivious_q	REAL_TEST	60	207.2	100.0	-49.83	48.01	0.43	1145	0.0000	0.0000
ingolstadt1_setting3_presslight_oblivious_q	REAL_TEST	63	221.0	100.0	-51.16	49.42	0.43	1108	0.0000	0.0000
ingolstadt1_setting3_presslight_oblivious_q	REAL_TEST	66	208.8	100.0	-49.35	47.47	0.43	1154	0.0000	0.0000
ingolstadt1_setting3_presslight_oblivious_q	REAL_TEST	69	190.6	100.0	-46.41	44.34	0.44	1227	0.0000	0.0000
ingolstadt1_setting3_presslight_oblivious_q	REAL_TEST	72	194.8	100.0	-46.92	44.84	0.44	1219	0.0000	0.0000
ingolstadt1_setting3_presslight_oblivious_q	REAL_TEST	75	192.7	100.0	-45.37	43.12	0.45	1259	0.0000	0.0000
ingolstadt1_setting3_presslight_oblivious_q	REAL_TEST	78	204.9	100.0	-48.57	46.66	0.44	1145	0.0000	0.0000
ingolstadt1_setting3_presslight_oblivious_q	REAL_TEST	81	189.7	100.0	-45.92	43.66	0.45	1267	0.0000	0.0000
ingolstadt1_setting3_presslight_oblivious_q	REAL_TEST	84	185.7	100.0	-45.76	43.65	0.44	1257	0.0000	0.0000
ingolstadt1_setting3_presslight_oblivious_q	REAL_TEST	87	187.8	100.0	-45.59	43.49	0.43	1246	0.0000	0.0000
ingolstadt1_setting3_presslight_oblivious_q	REAL_TEST	90	197.0	100.0	-41.41	38.84	0.42	1316	0.0000	0.0000
ingolstadt1_setting3_presslight_oblivious_q	REAL_TEST	93	203.3	100.0	-42.47	40.04	0.42	1280	0.0000	0.0000
ingolstadt1_setting3_presslight_oblivious_q	REAL_TEST	96	203.3	100.0	-42.47	40.04	0.42	1280	0.0000	0.0000
ingolstadt1_setting3_presslight_oblivious_q	REAL_TEST	99	191.4	100.0	-40.61	37.89	0.41	1357	0.0000	0.0000
ingolstadt1_setting3_presslight_oblivious_q	REAL_TEST	102	199.5	100.0	-47.10	45.11	0.44	1182	0.0000	0.0000
ingolstadt1_setting3_presslight_oblivious_q	REAL_TEST	105	183.0	100.0	-45.21	43.05	0.44	1285	0.0000	0.0000
ingolstadt1_setting3_presslight_oblivious_q	REAL_TEST	108	178.9	100.0	-38.14	35.13	0.43	1412	0.0000	0.0000
ingolstadt1_setting3_presslight_oblivious_q	REAL_TEST	111	169.6	100.0	-36.48	33.36	0.43	1450	0.0000	0.0000
ingolstadt1_setting3_presslight_oblivious_q	REAL_TEST	114	164.3	100.0	-34.79	31.65	0.40	1461	0.0000	0.0000
ingolstadt1_setting3_presslight_oblivious_q	REAL_TEST	117	205.3	100.0	-43.41	40.86	0.42	1281	0.0000	0.0000
ingolstadt1_setting3_presslight_oblivious_q	REAL_TEST	120	200.7	100.0	-45.67	43.23	0.42	1284	0.0000	0.0000
ingolstadt1_setting3_presslight_oblivious_q	REAL_TEST	123	209.1	100.0	-43.70	41.35	0.42	1251	0.0000	0.0000
ingolstadt1_setting3_presslight_oblivious_q	REAL_TEST	126	192.7	100.0	-45.37	43.12	0.45	1259	0.0000	0.0000
ingolstadt1_setting3_presslight_oblivious_q	REAL_TEST	129	178.8	100.0	-45.04	42.72	0.44	1306	0.0000	0.0000
ingolstadt1_setting3_presslight_oblivious_q	REAL_TEST	132	179.9	100.0	-46.42	44.30	0.44	1246	0.0000	0.0000
ingolstadt1_setting3_presslight_oblivious_q	REAL_TEST	135	175.0	100.0	-44.09	41.72	0.44	1337	0.0000	0.0000
ingolstadt1_setting3_presslight_oblivious_q	REAL_TEST	138	209.1	100.0	-43.70	41.35	0.42	1251	0.0000	0.0000
ingolstadt1_setting3_presslight_oblivious_q	REAL_TEST	141	164.4	100.0	-39.47	36.73	0.43	1431	0.0000	0.0000
ingolstadt1_setting3_presslight_oblivious_q	REAL_TEST	144	169.4	100.0	-40.33	37.75	0.43	1383	0.0000	0.0000
ingolstadt1_setting3_presslight_oblivious_q	REAL_TEST	147	177.3	100.0	-43.16	40.95	0.43	1273	0.0000	0.0000
ingolstadt1_setting3_presslight_oblivious_q	REAL_TEST	150	188.8	100.0	-44.63	42.56	0.44	1206	0.0000	0.0000
ingolstadt1_setting3_presslight_oblivious_q	REAL_TEST	153	174.5	100.0	-41.88	39.48	0.44	1341	0.0000	0.0000
ingolstadt1_setting3_presslight_oblivious_q	REAL_TEST	156	194.7	100.0	-40.88	38.46	0.44	1309	0.0000	0.0000
ingolstadt1_setting3_presslight_oblivious_q	REAL_TEST	159	195.3	100.0	-42.79	40.41	0.42	1350	0.0000	0.0000
ingolstadt1_setting3_presslight_oblivious_q	REAL_TEST	162	205.5	100.0	-41.48	39.02	0.42	1329	0.0000	0.0000
ingolstadt1_setting3_presslight_oblivious_q	REAL_TEST	165	205.7	100.0	-40.46	37.99	0.42	1299	0.0000	0.0000
ingolstadt1_setting3_presslight_oblivious_q	REAL_TEST	168	193.6	100.0	-43.37	41.05	0.45	1294	0.0000	0.0000
ingolstadt1_setting3_presslight_oblivious_q	REAL_TEST	171	174.4	100.0	-38.75	35.63	0.42	1439	0.0000	0.0000
ingolstadt1_setting3_presslight_oblivious_q	REAL_TEST	174	188.0	100.0	-47.17	45.11	0.44	1260	0.0000	0.0000
ingolstadt1_setting3_presslight_oblivious_q	REAL_TEST	177	181.5	100.0	-48.88	46.63	0.44	1307	0.0000	0.0000
ingolstadt1_setting3_presslight_oblivious_q	REAL_TEST	180	187.1	100.0	-45.56	43.40	0.44	1263	0.0000	0.0000
ingolstadt1_setting3_presslight_oblivious_q	REAL_TEST	183	212.0	100.0	-44.21	42.01	0.45	1250	0.0000	0.0000
ingolstadt1_setting3_presslight_oblivious_q	REAL_TEST	186	211.0	100.0	-45.08	43.01	0.45	1227	0.0000	0.0000
ingolstadt1_setting3_presslight_oblivious_q	REAL_TEST	189	175.0	100.0	-42.28	39.64	0.43	1423	0.0000	0.0000
ingolstadt1_setting3_presslight_oblivious_q	REAL_TEST	192	175.0	100.0	-42.28	39.64	0.43	1423	0.0000	0.0000
ingolstadt1_setting3_presslight_oblivious_q	REAL_TEST	195	196.0	100.0	-41.34	38.58	0.44	1348	0.0000	0.0000
ingolstadt1_setting3_presslight_oblivious_q	REAL_TEST	198	184.3	100.0	-36.21	33.05	0.43	1413	0.0000	0.0000
ingolstadt1_setting3_presslight_oblivious_q	REAL_TEST	201	184.2	100.0	-41.05	38.35	0.44	1358	0.0000	0.0000
ingolstadt1_setting3_presslight_oblivious_q	REAL_TEST	204	188.1	100.0	-46.98	44.78	0.44	1235	0.0000	0.0000
ingolstadt1_setting3_presslight_oblivious_q	REAL_TEST	207	176.4	100.0	-44.17	41.88	0.44	1320	0.0000	0.0000
ingolstadt1_setting3_presslight_oblivious_q	REAL_TEST	210	188.2	100.0	-46.37	44.22	0.45	1233	0.0000	0.0000
ingolstadt1_setting3_presslight_oblivious_q	REAL_TEST	213	188.2	100.0	-46.37	44.22	0.45	1233	0.0000	0.0000
ingolstadt1_setting3_presslight_oblivious_q	REAL_TEST	216	210.7	100.0	-42.95	40.56	0.42	1282	0.0000	0.0000
ingolstadt1_setting3_presslight_oblivious_q	REAL_TEST	219	213.4	100.0	-45.43	43.15	0.43	1207	0.0000	0.0000
ingolstadt1_setting3_presslight_oblivious_q	REAL_TEST	222	197.9	100.0	-45.57	43.30	0.45	1251	0.0000	0.0000
ingolstadt1_setting3_presslight_oblivious_q	REAL_TEST	225	184.1	100.0	-39.05	36.29	0.41	1378	0.0000	0.0000
ingolstadt1_setting3_presslight_oblivious_q	REAL_TEST	228	195.9	100.0	-46.10	43.85	0.45	1276	0.0000	0.0000
ingolstadt1_setting3_presslight_oblivious_q	REAL_TEST	231	184.3	100.0	-36.21	33.05	0.43	1413	0.0000	0.0000
ingolstadt1_setting3_presslight_oblivious_q	REAL_TEST	234	187.6	100.0	-42.82	40.31	0.44	1364	0.0000	0.0000
ingolstadt1_setting3_presslight_oblivious_q	REAL_TEST	237	191.4	100.0	-40.45	37.69	0.41	1382	0.0000	0.0000
ingolstadt1_setting3_presslight_oblivious_q	REAL_TEST	240	187.6	100.0	-42.82	40.31	0.44	1364	0.0000	0.0000
ingolstadt1_setting3_presslight_oblivious_q	REAL_TEST	243	147.0	100.0	-14.34	10.81	0.29	1381	0.0000	0.0000
ingolstadt1_setting3_presslight_oblivious_q	REAL_TEST	246	142.6	100.0	-13.23	9.68	0.29	1386	0.0000	0.0000
ingolstadt1_setting3_presslight_oblivious_q	REAL_TEST	249	146.7	100.0	-14.96	11.42	0.35	1382	0.0000	0.0000
ingolstadt1_setting3_presslight_oblivious_q	REAL_TEST	252	191.5	100.0	-46.22	44.01	0.44	1259	0.0000	0.0000
ingolstadt1_setting3_presslight_oblivious_q	REAL_TEST	255	142.7	100.0	-12.80	9.19	0.33	1386	0.0000	0.0000
ingolstadt1_setting3_presslight_oblivious_q	REAL_TEST	258	168.9	100.0	-23.30	19.82	0.39	1382	0.0000	0.0000
ingolstadt1_setting3_presslight_oblivious_q	REAL_TEST	261	152.4	100.0	-17.14	13.64	0.36	1382	0.0000	0.0000
ingolstadt1_setting3_presslight_oblivious_q	REAL_TEST	264	145.6	100.0	-13.98	10.41	0.34	1386	0.0000	0.0000
ingolstadt1_setting3_presslight_oblivious_q	REAL_TEST	267	158.2	100.0	-11.11	7.53	0.33	1247	0.0000	0.0000
ingolstadt1_setting3_presslight_oblivious_q	REAL_TEST	270	157.6	100.0	-19.47	16.01	0.37	1382	0.0000	0.0000
ingolstadt1_setting3_presslight_oblivious_q	REAL_TEST	273	149.3	100.0	-12.20	8.61	0.33	1325	0.0000	0.0000
ingolstadt1_setting3_presslight_oblivious_q	REAL_TEST	276	150.2	100.0	-10.74	7.14	0.33	1310	0.0000	0.0000
ingolstadt1_setting3_presslight_oblivious_q	REAL_TEST	279	149.4	100.0	-11.30	7.71	0.33	1320	0.0000	0.0000
ingolstadt1_setting3_presslight_oblivious_q	REAL_TEST	282	142.7	100.0	-12.80	9.19	0.33	1386	0.0000	0.0000
ingolstadt1_setting3_presslight_oblivious_q	REAL_TEST	285	150.9	100.0	-12.46	8.88	0.34	1326	0.0000	0.0000
ingolstadt1_setting3_presslight_oblivious_q	REAL_TEST	288	142.7	100.0	-12.80	9.19	0.33	1386	0.0000	0.0000
ingolstadt1_setting3_presslight_oblivious_q	REAL_TEST	291	147.5	100.0	-11.71	8.13	0.33	1304	0.0000	0.0000
ingolstadt1_setting3_presslight_oblivious_q	REAL_TEST	294	146.9	100.0	-11.45	7.82	0.33	1325	0.0000	0.0000
ingolstadt1_setting3_presslight_oblivious_q	REAL_TEST	297	149.3	100.0	-8.72	5.09	0.24	1265	0.0000	0.0000
