exp_name	mode	step	travel_time	loss	rewards	queue	delay	throughput	train_reward	R_real	components	detail	fairness	emission	fuel	emergency_stops	ssm_conflicts	collisions	phi_raw
ingolstadt1_efficiency_aligned_presslight_reward_oracle	REAL_TRAIN	0	202.9	0.0	-20.99	17.94	0.44	1019	-3.53	0.0000			75.0000	147.4523	47.8027	1.0000	240.0000	0.0000	
ingolstadt1_efficiency_aligned_presslight_reward_oracle	REAL_TRAIN	1	197.2	0.0	-21.76	18.72	0.46	1047	-2.58	0.0000			39.0000	152.7911	49.5335	5.0000	274.0000	0.0000	
ingolstadt1_efficiency_aligned_presslight_reward_oracle	REAL_TRAIN	2	147.3	3.4	-20.10	16.38	0.42	1436	-3.37	0.0000			0.0000	158.2146	51.2916	4.0000	414.0000	0.0000	
ingolstadt1_efficiency_aligned_presslight_reward_oracle	REAL_TEST	2	47.9	100.0	-5.48	1.58	0.19	1705		-0.2292	queue=0.016;delay=0.1884;waiting=0.0248;pressure=0.0;switches=0.0		0.0000	82.4428	26.7267	2.0000	217.0000	0.0000	queue=0.1603;delay=0.1884;waiting=4.9514;pressure=5.4611;switches=0.4556
ingolstadt1_efficiency_aligned_presslight_reward_oracle	REAL_TRAIN	3	78.2	1.1	-6.47	2.51	0.22	1705	-0.37	0.0000			0.0000	88.3528	28.6427	4.0000	243.0000	0.0000	
ingolstadt1_efficiency_aligned_presslight_reward_oracle	REAL_TRAIN	4	42.5	0.9	-7.47	3.46	0.17	1705	-0.26	0.0000			0.0000	93.5324	30.3219	1.0000	334.0000	0.0000	
ingolstadt1_efficiency_aligned_presslight_reward_oracle	REAL_TEST	4	37.3	100.0	-5.07	1.13	0.16	1703		-0.1730	queue=0.011;delay=0.1562;waiting=0.0057;pressure=0.0;switches=0.0		0.0000	80.1569	25.9857	3.0000	236.0000	0.0000	queue=0.1096;delay=0.1562;waiting=1.1483;pressure=5.0306;switches=0.5639
ingolstadt1_efficiency_aligned_presslight_reward_oracle	REAL_TRAIN	5	41.6	0.7	-5.23	1.37	0.17	1701	-0.20	0.0000			0.0000	80.9524	26.2436	2.0000	184.0000	0.0000	
ingolstadt1_efficiency_aligned_presslight_reward_oracle	REAL_TRAIN	6	39.2	0.6	-5.06	1.19	0.16	1705	-0.18	0.0000			0.0000	79.8959	25.9011	3.0000	193.0000	0.0000	
ingolstadt1_efficiency_aligned_presslight_reward_oracle	REAL_TEST	6	37.8	100.0	-5.26	1.36	0.18	1702		-0.2013	queue=0.0143;delay=0.1773;waiting=0.0097;pressure=0.0;switches=0.0		0.0000	81.5633	26.4416	6.0000	215.0000	0.0000	queue=0.1429;delay=0.1773;waiting=1.9484;pressure=5.2944;switches=0.5417
ingolstadt1_efficiency_aligned_presslight_reward_oracle	REAL_TRAIN	7	43.7	0.5	-5.39	1.56	0.19	1700	-0.22	0.0000			0.0000	82.0916	26.6129	4.0000	217.0000	0.0000	
ingolstadt1_efficiency_aligned_presslight_reward_oracle	REAL_TRAIN	8	40.1	0.4	-4.86	1.01	0.16	1703	-0.18	0.0000			0.0000	78.9284	25.5874	1.0000	177.0000	0.0000	
ingolstadt1_efficiency_aligned_presslight_reward_oracle	REAL_TEST	8	38.0	100.0	-5.07	1.18	0.17	1703		-0.1862	queue=0.012;delay=0.1663;waiting=0.0079;pressure=0.0;switches=0.0		0.0000	80.2730	26.0233	2.0000	217.0000	0.0000	queue=0.1201;delay=0.1663;waiting=1.5727;pressure=5.0556;switches=0.4778
ingolstadt1_efficiency_aligned_presslight_reward_oracle	REAL_TRAIN	9	41.3	0.4	-5.00	1.21	0.16	1701	-0.18	0.0000			0.0000	79.5810	25.7990	2.0000	192.0000	0.0000	
ingolstadt1_efficiency_aligned_presslight_reward_oracle	REAL_TRAIN	10	41.9	0.4	-4.99	1.11	0.16	1703	-0.18	0.0000			0.0000	79.7356	25.8491	3.0000	202.0000	0.0000	
ingolstadt1_efficiency_aligned_presslight_reward_oracle	REAL_TEST	10	37.6	100.0	-4.95	1.05	0.16	1698		-0.1743	queue=0.0105;delay=0.1574;waiting=0.0063;pressure=0.0;switches=0.0		0.0000	79.3854	25.7356	4.0000	198.0000	0.0000	queue=0.1053;delay=0.1574;waiting=1.2686;pressure=4.9444;switches=0.4861
ingolstadt1_efficiency_aligned_presslight_reward_oracle	REAL_TRAIN	11	37.1	0.3	-4.99	1.16	0.15	1705	-0.17	0.0000			0.0000	79.3940	25.7384	2.0000	199.0000	0.0000	
ingolstadt1_efficiency_aligned_presslight_reward_oracle	REAL_TRAIN	12	37.5	0.3	-4.97	1.10	0.15	1704	-0.17	0.0000			0.0000	79.6667	25.8267	2.0000	202.0000	0.0000	
ingolstadt1_efficiency_aligned_presslight_reward_oracle	REAL_TEST	12	43.7	100.0	-4.94	1.06	0.16	1700		-0.1779	queue=0.0109;delay=0.1566;waiting=0.0103;pressure=0.0;switches=0.0		0.0000	79.5346	25.7839	3.0000	182.0000	0.0000	queue=0.1087;delay=0.1566;waiting=2.0687;pressure=4.9056;switches=0.4389
ingolstadt1_efficiency_aligned_presslight_reward_oracle	REAL_TRAIN	13	38.6	0.3	-4.97	1.08	0.16	1700	-0.18	0.0000			0.0000	79.4567	25.7587	1.0000	195.0000	0.0000	
ingolstadt1_efficiency_aligned_presslight_reward_oracle	REAL_TRAIN	14	38.3	0.2	-4.98	1.10	0.16	1703	-0.18	0.0000			0.0000	79.8998	25.9023	3.0000	195.0000	0.0000	
ingolstadt1_efficiency_aligned_presslight_reward_oracle	REAL_TEST	14	40.3	100.0	-4.90	1.03	0.16	1704		-0.1763	queue=0.0106;delay=0.1574;waiting=0.0083;pressure=0.0;switches=0.0		0.0000	79.0172	25.6162	3.0000	177.0000	0.0000	queue=0.1056;delay=0.1574;waiting=1.6617;pressure=4.9083;switches=0.4583
ingolstadt1_efficiency_aligned_presslight_reward_oracle	REAL_TRAIN	15	36.3	0.1	-4.90	1.04	0.15	1703	-0.17	0.0000			0.0000	79.0671	25.6324	2.0000	181.0000	0.0000	
ingolstadt1_efficiency_aligned_presslight_reward_oracle	REAL_TRAIN	16	37.7	0.1	-5.03	1.19	0.15	1704	-0.17	0.0000			0.0000	80.1232	25.9747	3.0000	218.0000	0.0000	
ingolstadt1_efficiency_aligned_presslight_reward_oracle	REAL_TEST	16	36.2	100.0	-4.79	0.95	0.15	1702		-0.1661	queue=0.0095;delay=0.1508;waiting=0.0058;pressure=0.0;switches=0.0		0.0000	78.3428	25.3976	4.0000	173.0000	0.0000	queue=0.0951;delay=0.1508;waiting=1.1594;pressure=4.8056;switches=0.4917
ingolstadt1_efficiency_aligned_presslight_reward_oracle	REAL_TRAIN	17	37.1	0.0	-4.94	1.09	0.16	1700	-0.18	0.0000			0.0000	79.4176	25.7460	1.0000	167.0000	0.0000	
ingolstadt1_efficiency_aligned_presslight_reward_oracle	REAL_TRAIN	18	41.6	0.0	-4.94	1.08	0.16	1701	-0.18	0.0000			0.0000	79.6317	25.8154	3.0000	185.0000	0.0000	
ingolstadt1_efficiency_aligned_presslight_reward_oracle	REAL_TEST	18	40.4	100.0	-4.87	1.06	0.16	1704		-0.1825	queue=0.0109;delay=0.1615;waiting=0.0102;pressure=0.0;switches=0.0		0.0000	79.0111	25.6142	5.0000	166.0000	0.0000	queue=0.1087;delay=0.1615;waiting=2.0328;pressure=4.8472;switches=0.4417
ingolstadt1_efficiency_aligned_presslight_reward_oracle	REAL_TRAIN	19	38.5	0.0	-4.94	1.14	0.16	1703	-0.18	0.0000			0.0000	79.5272	25.7815	3.0000	196.0000	0.0000	
ingolstadt1_efficiency_aligned_presslight_reward_oracle	REAL_TRAIN	20	38.4	0.0	-4.93	1.03	0.16	1703	-0.17	0.0000			0.0000	79.4449	25.7549	6.0000	207.0000	0.0000	
ingolstadt1_efficiency_aligned_presslight_reward_oracle	REAL_TEST	20	39.0	100.0	-4.96	1.12	0.16	1704		-0.1790	queue=0.0113;delay=0.1571;waiting=0.0107;pressure=0.0;switches=0.0		0.0000	79.2869	25.7036	2.0000	186.0000	0.0000	queue=0.1129;delay=0.1571;waiting=2.1403;pressure=4.975;switches=0.4083
ingolstadt1_efficiency_aligned_presslight_reward_oracle	REAL_TRAIN	21	38.0	0.0	-4.92	1.04	0.16	1703	-0.17	0.0000			0.0000	79.3518	25.7247	2.0000	198.0000	0.0000	
ingolstadt1_efficiency_aligned_presslight_reward_oracle	REAL_TRAIN	22	42.1	0.0	-5.25	1.36	0.16	1701	-0.19	0.0000			0.0000	80.9585	26.2455	6.0000	201.0000	0.0000	
ingolstadt1_efficiency_aligned_presslight_reward_oracle	REAL_TEST	22	39.3	100.0	-5.36	1.49	0.15	1704		-0.1812	queue=0.0141;delay=0.1533;waiting=0.0138;pressure=0.0;switches=0.0		0.0000	81.6652	26.4746	1.0000	231.0000	0.0000	queue=0.1409;delay=0.1533;waiting=2.7641;pressure=5.3528;switches=0.4444
ingolstadt1_efficiency_aligned_presslight_reward_oracle	REAL_TRAIN	23	39.1	0.0	-5.02	1.14	0.16	1704	-0.18	0.0000			0.0000	80.0887	25.9636	1.0000	206.0000	0.0000	
ingolstadt1_efficiency_aligned_presslight_reward_oracle	REAL_TRAIN	24	36.5	0.0	-5.06	1.14	0.15	1703	-0.17	0.0000			0.0000	80.0717	25.9581	2.0000	230.0000	0.0000	
ingolstadt1_efficiency_aligned_presslight_reward_oracle	REAL_TEST	24	35.7	100.0	-4.86	0.99	0.15	1702		-0.1601	queue=0.0097;delay=0.1456;waiting=0.0048;pressure=0.0;switches=0.0		0.0000	79.3955	25.7388	2.0000	231.0000	0.0000	queue=0.0966;delay=0.1456;waiting=0.9671;pressure=4.8806;switches=0.4833
ingolstadt1_efficiency_aligned_presslight_reward_oracle	REAL_TRAIN	25	42.0	0.0	-5.16	1.32	0.16	1703	-0.18	0.0000			0.0000	80.3151	26.0370	3.0000	195.0000	0.0000	
ingolstadt1_efficiency_aligned_presslight_reward_oracle	REAL_TRAIN	26	40.0	0.0	-5.02	1.16	0.16	1702	-0.18	0.0000			0.0000	79.9100	25.9056	1.0000	221.0000	0.0000	
ingolstadt1_efficiency_aligned_presslight_reward_oracle	REAL_TEST	26	37.3	100.0	-4.96	1.11	0.16	1703		-0.1752	queue=0.0113;delay=0.1568;waiting=0.0072;pressure=0.0;switches=0.0		0.0000	79.6403	25.8182	5.0000	208.0000	0.0000	queue=0.1129;delay=0.1568;waiting=1.4301;pressure=4.95;switches=0.4917
ingolstadt1_efficiency_aligned_presslight_reward_oracle	REAL_TRAIN	27	36.8	0.0	-4.80	0.96	0.15	1702	-0.17	0.0000			0.0000	78.4946	25.4468	2.0000	176.0000	0.0000	
ingolstadt1_efficiency_aligned_presslight_reward_oracle	REAL_TRAIN	28	37.9	0.0	-5.07	1.12	0.15	1702	-0.17	0.0000			0.0000	80.1776	25.9924	3.0000	236.0000	0.0000	
ingolstadt1_efficiency_aligned_presslight_reward_oracle	REAL_TEST	28	39.9	100.0	-4.99	1.18	0.15	1703		-0.1740	queue=0.0117;delay=0.1533;waiting=0.009;pressure=0.0;switches=0.0		0.0000	79.5294	25.7822	4.0000	200.0000	0.0000	queue=0.1171;delay=0.1533;waiting=1.8032;pressure=4.9694;switches=0.4556
ingolstadt1_efficiency_aligned_presslight_reward_oracle	REAL_TRAIN	29	36.9	0.0	-5.09	1.20	0.15	1703	-0.17	0.0000			0.0000	80.0522	25.9517	4.0000	216.0000	0.0000	
ingolstadt1_efficiency_aligned_presslight_reward_oracle	REAL_TRAIN	30	40.4	0.0	-5.19	1.24	0.16	1700	-0.18	0.0000			0.0000	81.1116	26.2952	6.0000	255.0000	0.0000	
ingolstadt1_efficiency_aligned_presslight_reward_oracle	REAL_TEST	30	38.2	100.0	-5.00	1.11	0.15	1704		-0.1667	queue=0.0109;delay=0.1488;waiting=0.0069;pressure=0.0;switches=0.0		0.0000	79.6201	25.8116	3.0000	221.0000	0.0000	queue=0.1093;delay=0.1488;waiting=1.383;pressure=4.9583;switches=0.4222
ingolstadt1_efficiency_aligned_presslight_reward_oracle	REAL_TRAIN	31	36.3	0.0	-4.90	1.00	0.15	1705	-0.16	0.0000			0.0000	79.4170	25.7458	1.0000	234.0000	0.0000	
ingolstadt1_efficiency_aligned_presslight_reward_oracle	REAL_TRAIN	32	36.3	0.0	-4.96	1.07	0.15	1703	-0.16	0.0000			0.0000	79.7562	25.8558	5.0000	235.0000	0.0000	
ingolstadt1_efficiency_aligned_presslight_reward_oracle	REAL_TEST	32	37.5	100.0	-5.03	1.07	0.15	1703		-0.1671	queue=0.0105;delay=0.1509;waiting=0.0057;pressure=0.0;switches=0.0		0.0000	80.1554	25.9852	2.0000	256.0000	0.0000	queue=0.1051;delay=0.1509;waiting=1.1498;pressure=4.975;switches=0.5056
ingolstadt1_efficiency_aligned_presslight_reward_oracle	REAL_TRAIN	33	36.7	0.0	-5.03	1.12	0.15	1705	-0.17	0.0000			0.0000	80.2171	26.0052	2.0000	233.0000	0.0000	
ingolstadt1_efficiency_aligned_presslight_reward_oracle	REAL_TRAIN	34	37.0	0.0	-4.96	1.12	0.15	1703	-0.17	0.0000			0.0000	79.7172	25.8431	2.0000	233.0000	0.0000	
ingolstadt1_efficiency_aligned_presslight_reward_oracle	REAL_TEST	34	37.3	100.0	-5.00	1.17	0.16	1704		-0.1787	queue=0.0118;delay=0.1584;waiting=0.0084;pressure=0.0;switches=0.0		0.0000	79.6852	25.8328	3.0000	204.0000	0.0000	queue=0.1183;delay=0.1584;waiting=1.686;pressure=4.9917;switches=0.4556
ingolstadt1_efficiency_aligned_presslight_reward_oracle	REAL_TRAIN	35	38.4	0.0	-4.94	1.05	0.15	1705	-0.17	0.0000			0.0000	79.5562	25.7909	4.0000	224.0000	0.0000	
ingolstadt1_efficiency_aligned_presslight_reward_oracle	REAL_TRAIN	36	37.8	0.0	-5.04	1.14	0.15	1703	-0.17	0.0000			0.0000	80.0383	25.9472	5.0000	233.0000	0.0000	
ingolstadt1_efficiency_aligned_presslight_reward_oracle	REAL_TEST	36	39.0	100.0	-4.83	0.99	0.15	1703		-0.1621	queue=0.0098;delay=0.1453;waiting=0.007;pressure=0.0;switches=0.0		0.0000	78.6306	25.4909	6.0000	201.0000	0.0000	queue=0.0982;delay=0.1453;waiting=1.3902;pressure=4.8;switches=0.4667
ingolstadt1_efficiency_aligned_presslight_reward_oracle	REAL_TRAIN	37	37.1	0.0	-4.94	1.06	0.15	1704	-0.17	0.0000			0.0000	79.5139	25.7772	4.0000	220.0000	0.0000	
ingolstadt1_efficiency_aligned_presslight_reward_oracle	REAL_TRAIN	38	38.8	0.0	-5.00	1.17	0.15	1705	-0.17	0.0000			0.0000	79.7449	25.8521	7.0000	221.0000	0.0000	
ingolstadt1_efficiency_aligned_presslight_reward_oracle	REAL_TEST	38	52.3	100.0	-5.32	1.51	0.18	1700		-0.2192	queue=0.0158;delay=0.1753;waiting=0.0282;pressure=0.0;switches=0.0		0.0000	81.3342	26.3674	3.0000	161.0000	0.0000	queue=0.1577;delay=0.1753;waiting=5.6389;pressure=5.2583;switches=0.3639
ingolstadt1_efficiency_aligned_presslight_reward_oracle	REAL_TRAIN	39	37.3	0.0	-4.92	0.98	0.15	1703	-0.17	0.0000			0.0000	79.5337	25.7836	5.0000	224.0000	0.0000	
ingolstadt1_efficiency_aligned_presslight_reward_oracle	REAL_TRAIN	40	37.1	0.0	-5.01	1.10	0.15	1700	-0.17	0.0000			0.0000	80.0428	25.9487	5.0000	242.0000	0.0000	
ingolstadt1_efficiency_aligned_presslight_reward_oracle	REAL_TEST	40	37.6	100.0	-4.87	1.02	0.16	1705		-0.1757	queue=0.0104;delay=0.1573;waiting=0.0079;pressure=0.0;switches=0.0		0.0000	79.1012	25.6434	2.0000	177.0000	0.0000	queue=0.1045;delay=0.1573;waiting=1.5871;pressure=4.8556;switches=0.4889
ingolstadt1_efficiency_aligned_presslight_reward_oracle	REAL_TRAIN	41	38.2	0.0	-4.91	1.07	0.16	1701	-0.18	0.0000			0.0000	79.1975	25.6747	2.0000	198.0000	0.0000	
ingolstadt1_efficiency_aligned_presslight_reward_oracle	REAL_TRAIN	42	36.5	0.0	-4.82	1.00	0.15	1704	-0.17	0.0000			0.0000	78.6844	25.5083	1.0000	181.0000	0.0000	
ingolstadt1_efficiency_aligned_presslight_reward_oracle	REAL_TEST	42	42.1	100.0	-5.05	1.22	0.17	1700		-0.1926	queue=0.0125;delay=0.1655;waiting=0.0146;pressure=0.0;switches=0.0		0.0000	79.8728	25.8936	1.0000	191.0000	0.0000	queue=0.1248;delay=0.1655;waiting=2.9216;pressure=5.0528;switches=0.3333
ingolstadt1_efficiency_aligned_presslight_reward_oracle	REAL_TRAIN	43	41.3	0.0	-5.04	1.18	0.16	1701	-0.18	0.0000			0.0000	80.1839	25.9944	7.0000	218.0000	0.0000	
ingolstadt1_efficiency_aligned_presslight_reward_oracle	REAL_TRAIN	44	38.9	0.0	-4.88	1.05	0.15	1705	-0.17	0.0000			0.0000	79.3193	25.7141	5.0000	213.0000	0.0000	
ingolstadt1_efficiency_aligned_presslight_reward_oracle	REAL_TEST	44	37.1	100.0	-5.03	1.16	0.15	1701		-0.1675	queue=0.0112;delay=0.1475;waiting=0.0088;pressure=0.0;switches=0.0		0.0000	79.8672	25.8918	4.0000	229.0000	0.0000	queue=0.1119;delay=0.1475;waiting=1.7569;pressure=5.0472;switches=0.4278
ingolstadt1_efficiency_aligned_presslight_reward_oracle	REAL_TRAIN	45	37.7	0.0	-4.83	0.98	0.15	1703	-0.16	0.0000			0.0000	78.7332	25.5241	5.0000	206.0000	0.0000	
ingolstadt1_efficiency_aligned_presslight_reward_oracle	REAL_TRAIN	46	38.6	0.0	-4.86	0.98	0.15	1704	-0.17	0.0000			0.0000	78.8586	25.5648	2.0000	194.0000	0.0000	
ingolstadt1_efficiency_aligned_presslight_reward_oracle	REAL_TEST	46	36.6	100.0	-4.82	0.98	0.15	1704		-0.1666	queue=0.0099;delay=0.1502;waiting=0.0065;pressure=0.0;switches=0.0		0.0000	78.6835	25.5080	3.0000	199.0000	0.0000	queue=0.0988;delay=0.1502;waiting=1.3012;pressure=4.8111;switches=0.4556
ingolstadt1_efficiency_aligned_presslight_reward_oracle	REAL_TRAIN	47	35.7	0.0	-4.80	0.89	0.14	1703	-0.16	0.0000			0.0000	78.7476	25.5288	4.0000	209.0000	0.0000	
ingolstadt1_efficiency_aligned_presslight_reward_oracle	REAL_TRAIN	48	38.3	0.0	-4.92	1.08	0.15	1702	-0.17	0.0000			0.0000	79.4127	25.7444	1.0000	217.0000	0.0000	
ingolstadt1_efficiency_aligned_presslight_reward_oracle	REAL_TEST	48	36.7	100.0	-4.75	0.94	0.15	1699		-0.1655	queue=0.0095;delay=0.1495;waiting=0.0065;pressure=0.0;switches=0.0		0.0000	78.3551	25.4015	3.0000	182.0000	0.0000	queue=0.0947;delay=0.1495;waiting=1.2952;pressure=4.7278;switches=0.4028
ingolstadt1_efficiency_aligned_presslight_reward_oracle	REAL_TRAIN	49	37.2	0.0	-5.01	1.15	0.15	1704	-0.17	0.0000			0.0000	79.8986	25.9019	4.0000	208.0000	0.0000	
ingolstadt1_efficiency_aligned_presslight_reward_oracle	REAL_TRAIN	50	35.6	0.0	-4.92	1.07	0.15	1702	-0.16	0.0000			0.0000	79.7410	25.8508	8.0000	248.0000	0.0000	
ingolstadt1_efficiency_aligned_presslight_reward_oracle	REAL_TEST	50	121.2	100.0	-44.71	41.24	0.44	1590		-4.8742	queue=0.3798;delay=0.4394;waiting=4.055;pressure=0.0;switches=0.0		201.0000	294.0814	95.3387	6.0000	825.0000	0.0000	queue=3.7979;delay=0.4394;waiting=811.0044;pressure=44.6722;switches=0.2806
ingolstadt1_efficiency_aligned_presslight_reward_oracle	REAL_TRAIN	51	36.3	0.0	-4.78	0.94	0.15	1703	-0.16	0.0000			0.0000	78.6985	25.5129	4.0000	199.0000	0.0000	
ingolstadt1_efficiency_aligned_presslight_reward_oracle	REAL_TRAIN	52	37.2	0.0	-4.91	1.04	0.15	1703	-0.17	0.0000			0.0000	79.3423	25.7216	2.0000	229.0000	0.0000	
ingolstadt1_efficiency_aligned_presslight_reward_oracle	REAL_TEST	52	36.4	100.0	-4.97	1.08	0.15	1703		-0.1648	queue=0.0106;delay=0.1491;waiting=0.0052;pressure=0.0;switches=0.0		0.0000	79.9629	25.9228	2.0000	238.0000	0.0000	queue=0.1057;delay=0.1491;waiting=1.0341;pressure=4.9472;switches=0.5278
ingolstadt1_efficiency_aligned_presslight_reward_oracle	REAL_TRAIN	53	36.9	0.0	-5.07	1.25	0.15	1703	-0.17	0.0000			0.0000	80.3288	26.0414	3.0000	231.0000	0.0000	
ingolstadt1_efficiency_aligned_presslight_reward_oracle	REAL_TRAIN	54	39.4	0.0	-5.05	1.15	0.16	1702	-0.18	0.0000			0.0000	79.9963	25.9336	5.0000	224.0000	0.0000	
ingolstadt1_efficiency_aligned_presslight_reward_oracle	REAL_TEST	54	35.6	100.0	-4.87	0.94	0.15	1705		-0.1618	queue=0.0094;delay=0.1479;waiting=0.0044;pressure=0.0;switches=0.0		0.0000	79.2377	25.6877	6.0000	228.0000	0.0000	queue=0.0943;delay=0.1479;waiting=0.8794;pressure=4.8722;switches=0.55
ingolstadt1_efficiency_aligned_presslight_reward_oracle	REAL_TRAIN	55	37.1	0.0	-4.98	1.06	0.15	1703	-0.17	0.0000			0.0000	79.5983	25.8046	6.0000	219.0000	0.0000	
ingolstadt1_efficiency_aligned_presslight_reward_oracle	REAL_TRAIN	56	36.0	0.0	-4.87	0.99	0.14	1702	-0.16	0.0000			0.0000	78.8762	25.5705	3.0000	224.0000	0.0000	
ingolstadt1_efficiency_aligned_presslight_reward_oracle	REAL_TEST	56	38.5	100.0	-4.94	1.03	0.16	1703		-0.1727	queue=0.0104;delay=0.1551;waiting=0.0071;pressure=0.0;switches=0.0		0.0000	79.6222	25.8123	5.0000	203.0000	0.0000	queue=0.1045;delay=0.1551;waiting=1.419;pressure=4.9389;switches=0.4667
ingolstadt1_efficiency_aligned_presslight_reward_oracle	REAL_TRAIN	57	36.8	0.0	-4.99	1.06	0.15	1702	-0.17	0.0000			0.0000	80.0840	25.9620	5.0000	234.0000	0.0000	
ingolstadt1_efficiency_aligned_presslight_reward_oracle	REAL_TRAIN	58	36.4	0.0	-4.89	1.03	0.15	1703	-0.16	0.0000			0.0000	79.4191	25.7465	8.0000	226.0000	0.0000	
ingolstadt1_efficiency_aligned_presslight_reward_oracle	REAL_TEST	58	37.0	100.0	-5.00	1.09	0.15	1705		-0.1632	queue=0.0104;delay=0.1471;waiting=0.0057;pressure=0.0;switches=0.0		0.0000	79.6721	25.8285	4.0000	247.0000	0.0000	queue=0.1042;delay=0.1471;waiting=1.137;pressure=4.9528;switches=0.525
ingolstadt1_efficiency_aligned_presslight_reward_oracle	REAL_TRAIN	59	37.8	0.0	-5.12	1.20	0.16	1703	-0.17	0.0000			0.0000	80.5782	26.1223	5.0000	256.0000	0.0000	
ingolstadt1_efficiency_aligned_presslight_reward_oracle	REAL_TRAIN	60	36.8	0.0	-4.82	0.97	0.15	1705	-0.16	0.0000			0.0000	78.8236	25.5534	2.0000	221.0000	0.0000	
ingolstadt1_efficiency_aligned_presslight_reward_oracle	REAL_TEST	60	35.7	100.0	-5.01	1.04	0.14	1705		-0.1592	queue=0.01;delay=0.1446;waiting=0.0046;pressure=0.0;switches=0.0		0.0000	80.4063	26.0665	3.0000	275.0000	0.0000	queue=0.1002;delay=0.1446;waiting=0.9107;pressure=4.9583;switches=0.55
ingolstadt1_efficiency_aligned_presslight_reward_oracle	REAL_TRAIN	61	35.9	0.0	-4.98	1.06	0.15	1703	-0.17	0.0000			0.0000	79.9157	25.9075	4.0000	248.0000	0.0000	
ingolstadt1_efficiency_aligned_presslight_reward_oracle	REAL_TRAIN	62	36.1	0.0	-5.01	1.09	0.15	1704	-0.17	0.0000			0.0000	80.0123	25.9388	3.0000	223.0000	0.0000	
ingolstadt1_efficiency_aligned_presslight_reward_oracle	REAL_TEST	62	36.0	100.0	-4.81	0.91	0.14	1704		-0.1560	queue=0.0089;delay=0.1429;waiting=0.0042;pressure=0.0;switches=0.0		0.0000	78.8543	25.5634	5.0000	234.0000	0.0000	queue=0.089;delay=0.1429;waiting=0.8483;pressure=4.7528;switches=0.4972
ingolstadt1_efficiency_aligned_presslight_reward_oracle	REAL_TRAIN	63	35.8	0.0	-4.97	1.08	0.15	1705	-0.17	0.0000			0.0000	79.8836	25.8971	2.0000	238.0000	0.0000	
ingolstadt1_efficiency_aligned_presslight_reward_oracle	REAL_TRAIN	64	36.5	0.0	-4.90	1.04	0.15	1702	-0.16	0.0000			0.0000	79.5677	25.7947	3.0000	236.0000	0.0000	
ingolstadt1_efficiency_aligned_presslight_reward_oracle	REAL_TEST	64	36.4	100.0	-4.96	1.02	0.15	1705		-0.1607	queue=0.0099;delay=0.1458;waiting=0.0051;pressure=0.0;switches=0.0		0.0000	79.4954	25.7712	1.0000	263.0000	0.0000	queue=0.0989;delay=0.1458;waiting=1.0132;pressure=4.9333;switches=0.5778
ingolstadt1_efficiency_aligned_presslight_reward_oracle	REAL_TRAIN	65	35.7	0.0	-4.88	0.97	0.14	1703	-0.16	0.0000			0.0000	79.2955	25.7064	4.0000	239.0000	0.0000	
ingolstadt1_efficiency_aligned_presslight_reward_oracle	REAL_TRAIN	66	36.3	0.0	-5.05	1.16	0.15	1704	-0.17	0.0000			0.0000	80.5524	26.1139	1.0000	264.0000	0.0000	
ingolstadt1_efficiency_aligned_presslight_reward_oracle	REAL_TEST	66	36.3	100.0	-4.91	1.04	0.15	1702		-0.1628	queue=0.0102;delay=0.1465;waiting=0.0061;pressure=0.0;switches=0.0		0.0000	79.3080	25.7105	3.0000	218.0000	0.0000	queue=0.1019;delay=0.1465;waiting=1.2204;pressure=4.8972;switches=0.4417
ingolstadt1_efficiency_aligned_presslight_reward_oracle	REAL_TRAIN	67	37.5	0.0	-4.91	0.95	0.15	1703	-0.16	0.0000			0.0000	79.5630	25.7931	7.0000	221.0000	0.0000	
ingolstadt1_efficiency_aligned_presslight_reward_oracle	REAL_TRAIN	68	35.9	0.0	-4.89	0.94	0.14	1705	-0.16	0.0000			0.0000	79.4100	25.7435	8.0000	235.0000	0.0000	
ingolstadt1_efficiency_aligned_presslight_reward_oracle	REAL_TEST	68	35.8	100.0	-4.79	0.91	0.14	1703		-0.1530	queue=0.009;delay=0.1389;waiting=0.0051;pressure=0.0;switches=0.0		0.0000	78.3921	25.4135	3.0000	223.0000	0.0000	queue=0.09;delay=0.1389;waiting=1.0164;pressure=4.7528;switches=0.4833
ingolstadt1_efficiency_aligned_presslight_reward_oracle	REAL_TRAIN	69	36.0	0.0	-5.00	1.17	0.15	1701	-0.16	0.0000			0.0000	80.1390	25.9799	3.0000	247.0000	0.0000	
ingolstadt1_efficiency_aligned_presslight_reward_oracle	REAL_TRAIN	70	37.9	0.0	-5.04	1.16	0.15	1702	-0.17	0.0000			0.0000	80.3454	26.0468	4.0000	246.0000	0.0000	
ingolstadt1_efficiency_aligned_presslight_reward_oracle	REAL_TEST	70	36.7	100.0	-5.07	1.10	0.16	1704		-0.1721	queue=0.011;delay=0.1558;waiting=0.0053;pressure=0.0;switches=0.0		0.0000	80.5535	26.1142	5.0000	282.0000	0.0000	queue=0.1097;delay=0.1558;waiting=1.0648;pressure=5.0222;switches=0.6278
ingolstadt1_efficiency_aligned_presslight_reward_oracle	REAL_TRAIN	71	36.5	0.0	-5.01	1.06	0.15	1703	-0.16	0.0000			0.0000	79.8332	25.8807	2.0000	251.0000	0.0000	
ingolstadt1_efficiency_aligned_presslight_reward_oracle	REAL_TRAIN	72	36.8	0.0	-5.20	1.25	0.15	1703	-0.17	0.0000			0.0000	81.3115	26.3600	3.0000	260.0000	0.0000	
ingolstadt1_efficiency_aligned_presslight_reward_oracle	REAL_TEST	72	38.6	100.0	-4.87	1.00	0.15	1702		-0.1687	queue=0.0101;delay=0.1521;waiting=0.0065;pressure=0.0;switches=0.0		0.0000	79.5134	25.7771	0.0000	221.0000	0.0000	queue=0.1006;delay=0.1521;waiting=1.2924;pressure=4.825;switches=0.4667
ingolstadt1_efficiency_aligned_presslight_reward_oracle	REAL_TRAIN	73	36.9	0.0	-4.88	0.97	0.14	1703	-0.16	0.0000			0.0000	79.4426	25.7541	5.0000	247.0000	0.0000	
ingolstadt1_efficiency_aligned_presslight_reward_oracle	REAL_TRAIN	74	36.3	0.0	-4.99	1.05	0.14	1700	-0.16	0.0000			0.0000	80.1332	25.9780	7.0000	266.0000	0.0000	
ingolstadt1_efficiency_aligned_presslight_reward_oracle	REAL_TEST	74	36.3	100.0	-5.05	1.08	0.15	1703		-0.1669	queue=0.0106;delay=0.1512;waiting=0.0051;pressure=0.0;switches=0.0		0.0000	80.3375	26.0442	2.0000	269.0000	0.0000	queue=0.1059;delay=0.1512;waiting=1.0188;pressure=5.0278;switches=0.5806
ingolstadt1_efficiency_aligned_presslight_reward_oracle	REAL_TRAIN	75	36.8	0.0	-4.98	1.02	0.15	1703	-0.16	0.0000			0.0000	80.0529	25.9520	4.0000	244.0000	0.0000	
ingolstadt1_efficiency_aligned_presslight_reward_oracle	REAL_TRAIN	76	36.0	0.0	-4.91	0.93	0.15	1702	-0.16	0.0000			0.0000	79.4301	25.7500	4.0000	240.0000	0.0000	
ingolstadt1_efficiency_aligned_presslight_reward_oracle	REAL_TEST	76	36.4	100.0	-4.98	1.09	0.15	1703		-0.1658	queue=0.0107;delay=0.1486;waiting=0.0065;pressure=0.0;switches=0.0		0.0000	79.7280	25.8466	4.0000	230.0000	0.0000	queue=0.1069;delay=0.1486;waiting=1.3018;pressure=4.9639;switches=0.4944
ingolstadt1_efficiency_aligned_presslight_reward_oracle	REAL_TRAIN	77	36.3	0.0	-4.93	0.98	0.15	1703	-0.16	0.0000			0.0000	79.5334	25.7835	1.0000	239.0000	0.0000	
ingolstadt1_efficiency_aligned_presslight_reward_oracle	REAL_TRAIN	78	36.1	0.0	-4.85	0.93	0.14	1703	-0.16	0.0000			0.0000	79.1083	25.6457	4.0000	227.0000	0.0000	
ingolstadt1_efficiency_aligned_presslight_reward_oracle	REAL_TEST	78	36.7	100.0	-4.91	1.01	0.14	1702		-0.1561	queue=0.0099;delay=0.1415;waiting=0.0047;pressure=0.0;switches=0.0		0.0000	79.5122	25.7767	5.0000	238.0000	0.0000	queue=0.0988;delay=0.1415;waiting=0.9441;pressure=4.8444;switches=0.5306
ingolstadt1_efficiency_aligned_presslight_reward_oracle	REAL_TRAIN	79	36.5	0.0	-5.02	1.01	0.15	1697	-0.16	0.0000			0.0000	80.1667	25.9888	4.0000	253.0000	0.0000	
ingolstadt1_efficiency_aligned_presslight_reward_oracle	REAL_TRAIN	80	35.3	0.0	-4.93	0.96	0.15	1701	-0.16	0.0000			0.0000	79.7294	25.8471	2.0000	246.0000	0.0000	
ingolstadt1_efficiency_aligned_presslight_reward_oracle	REAL_TEST	80	36.0	100.0	-4.93	0.99	0.15	1703		-0.1603	queue=0.0098;delay=0.1457;waiting=0.0047;pressure=0.0;switches=0.0		0.0000	79.6967	25.8365	5.0000	246.0000	0.0000	queue=0.0984;delay=0.1457;waiting=0.9425;pressure=4.8972;switches=0.5111
ingolstadt1_efficiency_aligned_presslight_reward_oracle	REAL_TRAIN	81	36.9	0.0	-4.97	1.08	0.15	1701	-0.17	0.0000			0.0000	79.7061	25.8395	2.0000	235.0000	0.0000	
ingolstadt1_efficiency_aligned_presslight_reward_oracle	REAL_TRAIN	82	36.5	0.0	-4.83	0.93	0.14	1702	-0.16	0.0000			0.0000	79.0959	25.6417	4.0000	226.0000	0.0000	
ingolstadt1_efficiency_aligned_presslight_reward_oracle	REAL_TEST	82	37.7	100.0	-4.88	0.93	0.15	1703		-0.1617	queue=0.0093;delay=0.1476;waiting=0.0048;pressure=0.0;switches=0.0		0.0000	79.1124	25.6470	4.0000	225.0000	0.0000	queue=0.0927;delay=0.1476;waiting=0.9637;pressure=4.9222;switches=0.4833
ingolstadt1_efficiency_aligned_presslight_reward_oracle	REAL_TRAIN	83	37.3	0.0	-4.94	1.05	0.15	1703	-0.17	0.0000			0.0000	79.5355	25.7842	3.0000	236.0000	0.0000	
ingolstadt1_efficiency_aligned_presslight_reward_oracle	REAL_TRAIN	84	35.6	0.0	-4.83	0.91	0.15	1705	-0.16	0.0000			0.0000	78.8960	25.5769	3.0000	240.0000	0.0000	
ingolstadt1_efficiency_aligned_presslight_reward_oracle	REAL_TEST	84	38.3	100.0	-4.83	1.00	0.15	1703		-0.1645	queue=0.0101;delay=0.1479;waiting=0.0065;pressure=0.0;switches=0.0		0.0000	78.9225	25.5855	3.0000	198.0000	0.0000	queue=0.1008;delay=0.1479;waiting=1.2972;pressure=4.8111;switches=0.4722
ingolstadt1_efficiency_aligned_presslight_reward_oracle	REAL_TRAIN	85	37.9	0.0	-5.06	1.10	0.15	1704	-0.17	0.0000			0.0000	80.2192	26.0059	4.0000	251.0000	0.0000	
ingolstadt1_efficiency_aligned_presslight_reward_oracle	REAL_TRAIN	86	36.6	0.0	-4.94	1.02	0.15	1702	-0.16	0.0000			0.0000	79.4260	25.7487	5.0000	233.0000	0.0000	
ingolstadt1_efficiency_aligned_presslight_reward_oracle	REAL_TEST	86	37.5	100.0	-5.06	1.18	0.15	1703		-0.1663	queue=0.0114;delay=0.1471;waiting=0.0079;pressure=0.0;switches=0.0		0.0000	79.9767	25.9272	4.0000	228.0000	0.0000	queue=0.114;delay=0.1471;waiting=1.5755;pressure=5.0528;switches=0.4389
ingolstadt1_efficiency_aligned_presslight_reward_oracle	REAL_TRAIN	87	35.8	0.0	-4.82	0.92	0.14	1703	-0.15	0.0000			0.0000	78.8020	25.5464	5.0000	228.0000	0.0000	
ingolstadt1_efficiency_aligned_presslight_reward_oracle	REAL_TRAIN	88	35.2	0.0	-4.88	0.95	0.14	1701	-0.16	0.0000			0.0000	79.3632	25.7284	3.0000	251.0000	0.0000	
ingolstadt1_efficiency_aligned_presslight_reward_oracle	REAL_TEST	88	37.6	100.0	-5.21	1.21	0.15	1703		-0.1664	queue=0.0116;delay=0.1484;waiting=0.0065;pressure=0.0;switches=0.0		0.0000	81.2513	26.3405	2.0000	276.0000	0.0000	queue=0.1161;delay=0.1484;waiting=1.2931;pressure=5.15;switches=0.5611
ingolstadt1_efficiency_aligned_presslight_reward_oracle	REAL_TRAIN	89	36.6	0.0	-4.90	0.95	0.15	1704	-0.16	0.0000			0.0000	79.2460	25.6904	4.0000	226.0000	0.0000	
ingolstadt1_efficiency_aligned_presslight_reward_oracle	REAL_TRAIN	90	36.3	0.0	-4.93	0.94	0.15	1704	-0.16	0.0000			0.0000	79.1681	25.6651	3.0000	234.0000	0.0000	
ingolstadt1_efficiency_aligned_presslight_reward_oracle	REAL_TEST	90	35.6	100.0	-4.77	0.88	0.14	1703		-0.1562	queue=0.0089;delay=0.143;waiting=0.0044;pressure=0.0;switches=0.0		0.0000	78.4924	25.4461	2.0000	208.0000	0.0000	queue=0.0885;delay=0.143;waiting=0.8745;pressure=4.7167;switches=0.5194
ingolstadt1_efficiency_aligned_presslight_reward_oracle	REAL_TRAIN	91	36.1	0.0	-4.93	0.97	0.15	1704	-0.16	0.0000			0.0000	79.4209	25.7470	3.0000	240.0000	0.0000	
ingolstadt1_efficiency_aligned_presslight_reward_oracle	REAL_TRAIN	92	36.3	0.0	-4.88	0.88	0.14	1704	-0.16	0.0000			0.0000	79.2603	25.6950	4.0000	229.0000	0.0000	
ingolstadt1_efficiency_aligned_presslight_reward_oracle	REAL_TEST	92	37.3	100.0	-4.87	0.92	0.15	1705		-0.1607	queue=0.0092;delay=0.1458;waiting=0.0056;pressure=0.0;switches=0.0		0.0000	79.0678	25.6326	2.0000	218.0000	0.0000	queue=0.0917;delay=0.1458;waiting=1.128;pressure=4.8444;switches=0.5083
ingolstadt1_efficiency_aligned_presslight_reward_oracle	REAL_TRAIN	93	35.8	0.0	-4.78	0.87	0.14	1704	-0.16	0.0000			0.0000	78.3449	25.3982	2.0000	208.0000	0.0000	
ingolstadt1_efficiency_aligned_presslight_reward_oracle	REAL_TRAIN	94	36.3	0.0	-4.91	1.01	0.15	1704	-0.16	0.0000			0.0000	79.3839	25.7351	2.0000	230.0000	0.0000	
ingolstadt1_efficiency_aligned_presslight_reward_oracle	REAL_TEST	94	37.5	100.0	-4.92	1.04	0.15	1704		-0.1707	queue=0.0105;delay=0.1537;waiting=0.0065;pressure=0.0;switches=0.0		0.0000	79.5456	25.7875	5.0000	211.0000	0.0000	queue=0.1049;delay=0.1537;waiting=1.308;pressure=4.9056;switches=0.5111
ingolstadt1_efficiency_aligned_presslight_reward_oracle	REAL_TRAIN	95	35.3	0.0	-4.87	0.95	0.14	1703	-0.16	0.0000			0.0000	79.2191	25.6816	3.0000	251.0000	0.0000	
ingolstadt1_efficiency_aligned_presslight_reward_oracle	REAL_TRAIN	96	36.4	0.0	-4.89	0.96	0.14	1701	-0.16	0.0000			0.0000	79.2134	25.6798	5.0000	240.0000	0.0000	
ingolstadt1_efficiency_aligned_presslight_reward_oracle	REAL_TEST	96	36.1	100.0	-4.96	1.04	0.15	1704		-0.1626	queue=0.0102;delay=0.1463;waiting=0.0061;pressure=0.0;switches=0.0		0.0000	79.4394	25.7531	4.0000	232.0000	0.0000	queue=0.1024;delay=0.1463;waiting=1.2246;pressure=4.9278;switches=0.5167
ingolstadt1_efficiency_aligned_presslight_reward_oracle	REAL_TRAIN	97	37.0	0.0	-5.00	1.04	0.15	1703	-0.17	0.0000			0.0000	79.7169	25.8430	2.0000	251.0000	0.0000	
ingolstadt1_efficiency_aligned_presslight_reward_oracle	REAL_TRAIN	98	39.1	0.0	-6.17	2.30	0.16	1704	-0.22	0.0000			0.0000	86.0186	27.8860	6.0000	244.0000	0.0000	
ingolstadt1_efficiency_aligned_presslight_reward_oracle	REAL_TEST	98	36.4	100.0	-4.97	1.02	0.14	1705		-0.1584	queue=0.0099;delay=0.1435;waiting=0.005;pressure=0.0;switches=0.0		0.0000	79.9402	25.9154	9.0000	271.0000	0.0000	queue=0.0995;delay=0.1435;waiting=0.9979;pressure=4.8917;switches=0.5528
ingolstadt1_efficiency_aligned_presslight_reward_oracle	REAL_TRAIN	99	36.6	0.0	-4.88	0.95	0.15	1703	-0.17	0.0000			0.0000	79.2180	25.6813	5.0000	215.0000	0.0000	
ingolstadt1_efficiency_aligned_presslight_reward_oracle	REAL_TRAIN	100	36.9	0.0	-5.04	1.09	0.15	1702	-0.17	0.0000			0.0000	80.5044	26.0983	6.0000	236.0000	0.0000	
ingolstadt1_efficiency_aligned_presslight_reward_oracle	REAL_TEST	100	37.4	100.0	-4.85	0.99	0.15	1700		-0.1667	queue=0.0099;delay=0.151;waiting=0.0058;pressure=0.0;switches=0.0		0.0000	78.9132	25.5825	1.0000	203.0000	0.0000	queue=0.0986;delay=0.151;waiting=1.1677;pressure=4.8556;switches=0.5306
ingolstadt1_efficiency_aligned_presslight_reward_oracle	REAL_TRAIN	101	35.9	0.0	-4.92	0.99	0.15	1703	-0.17	0.0000			0.0000	79.5776	25.7979	5.0000	243.0000	0.0000	
ingolstadt1_efficiency_aligned_presslight_reward_oracle	REAL_TRAIN	102	36.8	0.0	-4.93	1.04	0.15	1702	-0.17	0.0000			0.0000	79.5512	25.7893	3.0000	241.0000	0.0000	
ingolstadt1_efficiency_aligned_presslight_reward_oracle	REAL_TEST	102	36.0	100.0	-4.95	1.01	0.15	1703		-0.1616	queue=0.0099;delay=0.1461;waiting=0.0057;pressure=0.0;switches=0.0		0.0000	79.7386	25.8501	6.0000	236.0000	0.0000	queue=0.0989;delay=0.1461;waiting=1.1373;pressure=4.9278;switches=0.4944
ingolstadt1_efficiency_aligned_presslight_reward_oracle	REAL_TRAIN	103	36.5	0.0	-4.90	0.97	0.15	1704	-0.16	0.0000			0.0000	79.2721	25.6988	7.0000	238.0000	0.0000	
ingolstadt1_efficiency_aligned_presslight_reward_oracle	REAL_TRAIN	104	36.4	0.0	-4.90	1.06	0.15	1703	-0.16	0.0000			0.0000	79.3288	25.7172	2.0000	217.0000	0.0000	
ingolstadt1_efficiency_aligned_presslight_reward_oracle	REAL_TEST	104	38.0	100.0	-4.94	1.07	0.15	1704		-0.1636	queue=0.0105;delay=0.1458;waiting=0.0073;pressure=0.0;switches=0.0		0.0000	79.3302	25.7177	3.0000	216.0000	0.0000	queue=0.1052;delay=0.1458;waiting=1.4683;pressure=4.9056;switches=0.5056
ingolstadt1_efficiency_aligned_presslight_reward_oracle	REAL_TRAIN	105	36.5	0.0	-4.97	1.06	0.15	1703	-0.17	0.0000			0.0000	79.7443	25.8519	5.0000	246.0000	0.0000	
ingolstadt1_efficiency_aligned_presslight_reward_oracle	REAL_TRAIN	106	37.8	0.0	-5.03	1.12	0.16	1703	-0.17	0.0000			0.0000	80.1663	25.9887	3.0000	240.0000	0.0000	
ingolstadt1_efficiency_aligned_presslight_reward_oracle	REAL_TEST	106	36.5	100.0	-4.79	0.91	0.15	1705		-0.1634	queue=0.0091;delay=0.1483;waiting=0.0059;pressure=0.0;switches=0.0		0.0000	78.3734	25.4075	4.0000	189.0000	0.0000	queue=0.0908;delay=0.1483;waiting=1.1873;pressure=4.7639;switches=0.4722
ingolstadt1_efficiency_aligned_presslight_reward_oracle	REAL_TRAIN	107	36.8	0.0	-4.87	1.02	0.15	1703	-0.17	0.0000			0.0000	79.1671	25.6648	2.0000	232.0000	0.0000	
ingolstadt1_efficiency_aligned_presslight_reward_oracle	REAL_TRAIN	108	37.8	0.0	-4.88	1.04	0.15	1702	-0.17	0.0000			0.0000	79.2976	25.7071	1.0000	204.0000	0.0000	
ingolstadt1_efficiency_aligned_presslight_reward_oracle	REAL_TEST	108	40.0	100.0	-4.94	1.13	0.16	1705		-0.1816	queue=0.0116;delay=0.1616;waiting=0.0084;pressure=0.0;switches=0.0		0.0000	79.6962	25.8363	3.0000	205.0000	0.0000	queue=0.1158;delay=0.1616;waiting=1.6899;pressure=4.9444;switches=0.4778
ingolstadt1_efficiency_aligned_presslight_reward_oracle	REAL_TRAIN	109	39.6	0.0	-4.99	1.05	0.16	1703	-0.17	0.0000			0.0000	79.9327	25.9130	6.0000	211.0000	0.0000	
ingolstadt1_efficiency_aligned_presslight_reward_oracle	REAL_TRAIN	110	37.8	0.0	-4.99	1.07	0.16	1703	-0.17	0.0000			0.0000	80.0066	25.9369	1.0000	217.0000	0.0000	
ingolstadt1_efficiency_aligned_presslight_reward_oracle	REAL_TEST	110	36.3	100.0	-4.81	0.99	0.16	1702		-0.1740	queue=0.0101;delay=0.1574;waiting=0.0065;pressure=0.0;switches=0.0		0.0000	78.9393	25.5909	2.0000	195.0000	0.0000	queue=0.1015;delay=0.1574;waiting=1.2981;pressure=4.7889;switches=0.5056
ingolstadt1_efficiency_aligned_presslight_reward_oracle	REAL_TRAIN	111	36.5	0.0	-4.83	0.96	0.15	1704	-0.16	0.0000			0.0000	78.9377	25.5904	2.0000	224.0000	0.0000	
ingolstadt1_efficiency_aligned_presslight_reward_oracle	REAL_TRAIN	112	35.6	0.0	-4.77	0.90	0.14	1705	-0.16	0.0000			0.0000	78.4803	25.4421	1.0000	216.0000	0.0000	
ingolstadt1_efficiency_aligned_presslight_reward_oracle	REAL_TEST	112	35.7	100.0	-4.85	0.96	0.14	1705		-0.1572	queue=0.0095;delay=0.1433;waiting=0.0044;pressure=0.0;switches=0.0		0.0000	79.3392	25.7206	6.0000	237.0000	0.0000	queue=0.0954;delay=0.1433;waiting=0.8711;pressure=4.8083;switches=0.5333
ingolstadt1_efficiency_aligned_presslight_reward_oracle	REAL_TRAIN	113	36.3	0.0	-4.90	0.99	0.15	1705	-0.16	0.0000			0.0000	79.3378	25.7201	4.0000	232.0000	0.0000	
ingolstadt1_efficiency_aligned_presslight_reward_oracle	REAL_TRAIN	114	36.9	0.0	-4.93	1.02	0.15	1705	-0.17	0.0000			0.0000	79.8007	25.8702	2.0000	230.0000	0.0000	
ingolstadt1_efficiency_aligned_presslight_reward_oracle	REAL_TEST	114	36.3	100.0	-4.89	0.97	0.15	1704		-0.1628	queue=0.0096;delay=0.1486;waiting=0.0045;pressure=0.0;switches=0.0		0.0000	79.5016	25.7732	6.0000	231.0000	0.0000	queue=0.0964;delay=0.1486;waiting=0.8988;pressure=4.8472;switches=0.5111
ingolstadt1_efficiency_aligned_presslight_reward_oracle	REAL_TRAIN	115	35.2	0.0	-5.00	1.11	0.15	1702	-0.16	0.0000			0.0000	80.0055	25.9366	3.0000	239.0000	0.0000	
ingolstadt1_efficiency_aligned_presslight_reward_oracle	REAL_TRAIN	116	38.8	0.0	-5.05	1.14	0.15	1704	-0.17	0.0000			0.0000	80.1501	25.9835	2.0000	246.0000	0.0000	
ingolstadt1_efficiency_aligned_presslight_reward_oracle	REAL_TEST	116	36.4	100.0	-4.81	0.90	0.15	1700		-0.1608	queue=0.0091;delay=0.1468;waiting=0.0048;pressure=0.0;switches=0.0		0.0000	79.1813	25.6694	5.0000	220.0000	0.0000	queue=0.0914;delay=0.1468;waiting=0.9674;pressure=4.7917;switches=0.5056
ingolstadt1_efficiency_aligned_presslight_reward_oracle	REAL_TRAIN	117	35.9	0.0	-5.08	1.16	0.15	1704	-0.16	0.0000			0.0000	80.1445	25.9817	3.0000	246.0000	0.0000	
ingolstadt1_efficiency_aligned_presslight_reward_oracle	REAL_TRAIN	118	36.7	0.0	-4.97	1.07	0.15	1701	-0.17	0.0000			0.0000	79.8620	25.8901	9.0000	215.0000	0.0000	
ingolstadt1_efficiency_aligned_presslight_reward_oracle	REAL_TEST	118	35.7	100.0	-4.77	0.88	0.15	1702		-0.1584	queue=0.0089;delay=0.145;waiting=0.0044;pressure=0.0;switches=0.0		0.0000	78.6404	25.4940	4.0000	215.0000	0.0000	queue=0.0894;delay=0.145;waiting=0.8872;pressure=4.7583;switches=0.5139
ingolstadt1_efficiency_aligned_presslight_reward_oracle	REAL_TRAIN	119	35.9	0.0	-4.97	1.06	0.15	1703	-0.16	0.0000			0.0000	79.8700	25.8927	1.0000	237.0000	0.0000	
ingolstadt1_efficiency_aligned_presslight_reward_oracle	REAL_TRAIN	120	35.7	0.0	-5.11	1.18	0.15	1703	-0.17	0.0000			0.0000	80.7442	26.1760	6.0000	255.0000	0.0000	
ingolstadt1_efficiency_aligned_presslight_reward_oracle	REAL_TEST	120	36.4	100.0	-4.89	0.96	0.15	1705		-0.1628	queue=0.0096;delay=0.1475;waiting=0.0057;pressure=0.0;switches=0.0		0.0000	79.4387	25.7528	5.0000	237.0000	0.0000	queue=0.0964;delay=0.1475;waiting=1.1345;pressure=4.8611;switches=0.5
ingolstadt1_efficiency_aligned_presslight_reward_oracle	REAL_TRAIN	121	35.5	0.0	-4.95	1.02	0.14	1703	-0.16	0.0000			0.0000	79.7225	25.8448	3.0000	249.0000	0.0000	
ingolstadt1_efficiency_aligned_presslight_reward_oracle	REAL_TRAIN	122	37.5	0.0	-5.03	1.11	0.15	1703	-0.17	0.0000			0.0000	80.4026	26.0653	2.0000	254.0000	0.0000	
ingolstadt1_efficiency_aligned_presslight_reward_oracle	REAL_TEST	122	35.5	100.0	-4.99	1.04	0.15	1705		-0.1613	queue=0.01;delay=0.1462;waiting=0.0051;pressure=0.0;switches=0.0		0.0000	79.9483	25.9180	2.0000	264.0000	0.0000	queue=0.1001;delay=0.1462;waiting=1.0103;pressure=4.9611;switches=0.5417
ingolstadt1_efficiency_aligned_presslight_reward_oracle	REAL_TRAIN	123	35.9	0.0	-4.92	1.07	0.14	1705	-0.16	0.0000			0.0000	79.2906	25.7048	1.0000	221.0000	0.0000	
ingolstadt1_efficiency_aligned_presslight_reward_oracle	REAL_TRAIN	124	35.5	0.0	-4.93	0.98	0.15	1704	-0.16	0.0000			0.0000	79.6018	25.8057	5.0000	245.0000	0.0000	
ingolstadt1_efficiency_aligned_presslight_reward_oracle	REAL_TEST	124	35.7	100.0	-4.90	0.98	0.15	1705		-0.1660	queue=0.0098;delay=0.1501;waiting=0.006;pressure=0.0;switches=0.0		0.0000	79.2880	25.7040	5.0000	218.0000	0.0000	queue=0.0983;delay=0.1501;waiting=1.1948;pressure=4.8639;switches=0.4889
ingolstadt1_efficiency_aligned_presslight_reward_oracle	REAL_TRAIN	125	35.8	0.0	-4.90	0.99	0.15	1705	-0.16	0.0000			0.0000	79.6689	25.8275	7.0000	244.0000	0.0000	
ingolstadt1_efficiency_aligned_presslight_reward_oracle	REAL_TRAIN	126	36.7	0.0	-4.97	1.02	0.15	1704	-0.16	0.0000			0.0000	79.8624	25.8902	3.0000	240.0000	0.0000	
ingolstadt1_efficiency_aligned_presslight_reward_oracle	REAL_TEST	126	36.4	100.0	-4.98	1.01	0.15	1703		-0.1645	queue=0.01;delay=0.1497;waiting=0.0048;pressure=0.0;switches=0.0		0.0000	80.0165	25.9402	4.0000	267.0000	0.0000	queue=0.0997;delay=0.1497;waiting=0.9687;pressure=4.9417;switches=0.5333
ingolstadt1_efficiency_aligned_presslight_reward_oracle	REAL_TRAIN	127	36.2	0.0	-4.94	1.07	0.15	1703	-0.17	0.0000			0.0000	79.6151	25.8100	2.0000	213.0000	0.0000	
ingolstadt1_efficiency_aligned_presslight_reward_oracle	REAL_TRAIN	128	37.3	0.0	-4.86	0.99	0.15	1703	-0.16	0.0000			0.0000	78.9342	25.5893	0.0000	222.0000	0.0000	
ingolstadt1_efficiency_aligned_presslight_reward_oracle	REAL_TEST	128	36.0	100.0	-4.96	0.99	0.15	1704		-0.1607	queue=0.0098;delay=0.1452;waiting=0.0058;pressure=0.0;switches=0.0		0.0000	79.5703	25.7955	2.0000	237.0000	0.0000	queue=0.0979;delay=0.1452;waiting=1.1574;pressure=4.9;switches=0.5056
ingolstadt1_efficiency_aligned_presslight_reward_oracle	REAL_TRAIN	129	36.9	0.0	-4.91	0.99	0.15	1703	-0.17	0.0000			0.0000	79.3700	25.7306	3.0000	226.0000	0.0000	
ingolstadt1_efficiency_aligned_presslight_reward_oracle	REAL_TRAIN	130	36.3	0.0	-4.92	1.02	0.15	1703	-0.16	0.0000			0.0000	79.3572	25.7264	3.0000	228.0000	0.0000	
ingolstadt1_efficiency_aligned_presslight_reward_oracle	REAL_TEST	130	36.1	100.0	-4.89	0.98	0.14	1704		-0.1585	queue=0.0096;delay=0.1435;waiting=0.0054;pressure=0.0;switches=0.0		0.0000	79.3467	25.7230	2.0000	226.0000	0.0000	queue=0.0958;delay=0.1435;waiting=1.0784;pressure=4.8611;switches=0.4806
ingolstadt1_efficiency_aligned_presslight_reward_oracle	REAL_TRAIN	131	36.8	0.0	-4.92	1.02	0.14	1703	-0.16	0.0000			0.0000	79.5855	25.8004	6.0000	226.0000	0.0000	
ingolstadt1_efficiency_aligned_presslight_reward_oracle	REAL_TRAIN	132	36.0	0.0	-4.90	0.98	0.15	1705	-0.16	0.0000			0.0000	79.4389	25.7529	4.0000	241.0000	0.0000	
ingolstadt1_efficiency_aligned_presslight_reward_oracle	REAL_TEST	132	35.3	100.0	-4.80	0.92	0.14	1705		-0.1573	queue=0.009;delay=0.1435;waiting=0.0048;pressure=0.0;switches=0.0		0.0000	78.7319	25.5237	1.0000	219.0000	0.0000	queue=0.0904;delay=0.1435;waiting=0.9573;pressure=4.7861;switches=0.4889
ingolstadt1_efficiency_aligned_presslight_reward_oracle	REAL_TRAIN	133	36.3	0.0	-4.95	1.06	0.15	1703	-0.17	0.0000			0.0000	79.5392	25.7854	6.0000	235.0000	0.0000	
ingolstadt1_efficiency_aligned_presslight_reward_oracle	REAL_TRAIN	134	37.7	0.0	-4.94	0.98	0.15	1705	-0.17	0.0000			0.0000	79.7152	25.8425	3.0000	240.0000	0.0000	
ingolstadt1_efficiency_aligned_presslight_reward_oracle	REAL_TEST	134	35.6	100.0	-5.03	1.06	0.15	1701		-0.1627	queue=0.0103;delay=0.1474;waiting=0.0049;pressure=0.0;switches=0.0		0.0000	80.2426	26.0134	3.0000	269.0000	0.0000	queue=0.1034;delay=0.1474;waiting=0.989;pressure=4.975;switches=0.5194
ingolstadt1_efficiency_aligned_presslight_reward_oracle	REAL_TRAIN	135	36.2	0.0	-4.91	1.07	0.15	1704	-0.16	0.0000			0.0000	79.6203	25.8117	4.0000	227.0000	0.0000	
ingolstadt1_efficiency_aligned_presslight_reward_oracle	REAL_TRAIN	136	36.0	0.0	-5.05	1.15	0.15	1705	-0.17	0.0000			0.0000	80.3303	26.0419	5.0000	242.0000	0.0000	
ingolstadt1_efficiency_aligned_presslight_reward_oracle	REAL_TEST	136	36.5	100.0	-5.29	1.35	0.16	1704		-0.1763	queue=0.013;delay=0.1567;waiting=0.0066;pressure=0.0;switches=0.0		0.0000	81.7542	26.5035	4.0000	292.0000	0.0000	queue=0.1296;delay=0.1567;waiting=1.3184;pressure=5.2333;switches=0.4833
ingolstadt1_efficiency_aligned_presslight_reward_oracle	REAL_TRAIN	137	36.8	0.0	-4.88	0.97	0.15	1703	-0.16	0.0000			0.0000	79.0323	25.6211	4.0000	224.0000	0.0000	
ingolstadt1_efficiency_aligned_presslight_reward_oracle	REAL_TRAIN	138	35.7	0.0	-4.94	1.02	0.15	1705	-0.16	0.0000			0.0000	79.7332	25.8483	5.0000	253.0000	0.0000	
ingolstadt1_efficiency_aligned_presslight_reward_oracle	REAL_TEST	138	36.0	100.0	-4.99	1.07	0.14	1704		-0.1589	queue=0.0104;delay=0.1427;waiting=0.0059;pressure=0.0;switches=0.0		0.0000	80.0032	25.9358	4.0000	249.0000	0.0000	queue=0.1036;delay=0.1427;waiting=1.1763;pressure=4.9417;switches=0.4556
ingolstadt1_efficiency_aligned_presslight_reward_oracle	REAL_TRAIN	139	37.4	0.0	-5.15	1.27	0.16	1702	-0.18	0.0000			0.0000	81.0240	26.2668	8.0000	252.0000	0.0000	
ingolstadt1_efficiency_aligned_presslight_reward_oracle	REAL_TRAIN	140	38.5	0.0	-4.92	1.02	0.15	1703	-0.17	0.0000			0.0000	79.5225	25.7800	3.0000	209.0000	0.0000	
ingolstadt1_efficiency_aligned_presslight_reward_oracle	REAL_TEST	140	36.5	100.0	-5.14	1.29	0.15	1704		-0.1695	queue=0.0122;delay=0.1465;waiting=0.0108;pressure=0.0;switches=0.0		0.0000	80.7284	26.1709	5.0000	242.0000	0.0000	queue=0.1223;delay=0.1465;waiting=2.1527;pressure=5.1306;switches=0.4611
ingolstadt1_efficiency_aligned_presslight_reward_oracle	REAL_TRAIN	141	35.4	0.0	-5.00	1.12	0.15	1702	-0.17	0.0000			0.0000	80.2660	26.0210	5.0000	260.0000	0.0000	
ingolstadt1_efficiency_aligned_presslight_reward_oracle	REAL_TRAIN	142	40.0	0.0	-5.69	1.84	0.17	1704	-0.20	0.0000			0.0000	83.7840	27.1616	4.0000	240.0000	0.0000	
ingolstadt1_efficiency_aligned_presslight_reward_oracle	REAL_TEST	142	35.4	100.0	-4.88	0.96	0.14	1703		-0.1581	queue=0.0094;delay=0.1447;waiting=0.0041;pressure=0.0;switches=0.0		0.0000	79.4395	25.7531	3.0000	254.0000	0.0000	queue=0.0939;delay=0.1447;waiting=0.8117;pressure=4.825;switches=0.5472
ingolstadt1_efficiency_aligned_presslight_reward_oracle	REAL_TRAIN	143	36.8	0.0	-4.92	1.01	0.15	1705	-0.17	0.0000			0.0000	79.7732	25.8613	4.0000	248.0000	0.0000	
ingolstadt1_efficiency_aligned_presslight_reward_oracle	REAL_TRAIN	144	35.0	0.0	-4.80	0.91	0.14	1703	-0.16	0.0000			0.0000	78.7027	25.5142	6.0000	231.0000	0.0000	
ingolstadt1_efficiency_aligned_presslight_reward_oracle	REAL_TEST	144	34.9	100.0	-4.80	0.93	0.15	1705		-0.1616	queue=0.0094;delay=0.1475;waiting=0.0046;pressure=0.0;switches=0.0		0.0000	79.0620	25.6307	4.0000	217.0000	0.0000	queue=0.0941;delay=0.1475;waiting=0.9282;pressure=4.7444;switches=0.5194
ingolstadt1_efficiency_aligned_presslight_reward_oracle	REAL_TRAIN	145	36.6	0.0	-4.97	1.06	0.15	1705	-0.16	0.0000			0.0000	79.8542	25.8875	3.0000	248.0000	0.0000	
ingolstadt1_efficiency_aligned_presslight_reward_oracle	REAL_TRAIN	146	35.6	0.0	-4.93	1.02	0.15	1705	-0.16	0.0000			0.0000	79.6072	25.8075	2.0000	252.0000	0.0000	
ingolstadt1_efficiency_aligned_presslight_reward_oracle	REAL_TEST	146	34.8	100.0	-4.76	0.87	0.14	1705		-0.1559	queue=0.0088;delay=0.1427;waiting=0.0044;pressure=0.0;switches=0.0		0.0000	78.7110	25.5169	6.0000	222.0000	0.0000	queue=0.088;delay=0.1427;waiting=0.8863;pressure=4.75;switches=0.5083
ingolstadt1_efficiency_aligned_presslight_reward_oracle	REAL_TRAIN	147	35.7	0.0	-4.94	1.04	0.15	1705	-0.17	0.0000			0.0000	79.6519	25.8220	5.0000	234.0000	0.0000	
ingolstadt1_efficiency_aligned_presslight_reward_oracle	REAL_TRAIN	148	36.2	0.0	-4.95	1.07	0.15	1705	-0.17	0.0000			0.0000	79.7209	25.8443	5.0000	231.0000	0.0000	
ingolstadt1_efficiency_aligned_presslight_reward_oracle	REAL_TEST	148	38.4	100.0	-4.91	0.99	0.15	1704		-0.1717	queue=0.0101;delay=0.1548;waiting=0.0067;pressure=0.0;switches=0.0		0.0000	79.6083	25.8078	5.0000	207.0000	0.0000	queue=0.1012;delay=0.1548;waiting=1.3487;pressure=4.8694;switches=0.5056
ingolstadt1_efficiency_aligned_presslight_reward_oracle	REAL_TRAIN	149	35.9	0.0	-4.88	1.02	0.15	1704	-0.17	0.0000			0.0000	79.1895	25.6720	3.0000	239.0000	0.0000	
ingolstadt1_efficiency_aligned_presslight_reward_oracle	REAL_TRAIN	150	36.9	0.0	-4.88	1.08	0.15	1705	-0.17	0.0000			0.0000	79.2370	25.6874	1.0000	230.0000	0.0000	
ingolstadt1_efficiency_aligned_presslight_reward_oracle	REAL_TEST	150	37.1	100.0	-4.90	1.02	0.15	1703		-0.1688	queue=0.0103;delay=0.1532;waiting=0.0053;pressure=0.0;switches=0.0		0.0000	79.4384	25.7527	2.0000	224.0000	0.0000	queue=0.1034;delay=0.1532;waiting=1.0645;pressure=4.8972;switches=0.5167
ingolstadt1_efficiency_aligned_presslight_reward_oracle	REAL_TRAIN	151	35.7	0.0	-4.96	1.01	0.15	1705	-0.17	0.0000			0.0000	79.7625	25.8578	5.0000	247.0000	0.0000	
ingolstadt1_efficiency_aligned_presslight_reward_oracle	REAL_TRAIN	152	36.4	0.0	-4.91	1.01	0.15	1704	-0.17	0.0000			0.0000	79.5453	25.7874	7.0000	218.0000	0.0000	
ingolstadt1_efficiency_aligned_presslight_reward_oracle	REAL_TEST	152	36.0	100.0	-4.86	1.02	0.15	1705		-0.1684	queue=0.0105;delay=0.1519;waiting=0.006;pressure=0.0;switches=0.0		0.0000	79.1555	25.6610	6.0000	199.0000	0.0000	queue=0.105;delay=0.1519;waiting=1.2026;pressure=4.8222;switches=0.5194
ingolstadt1_efficiency_aligned_presslight_reward_oracle	REAL_TRAIN	153	35.6	0.0	-4.84	0.94	0.15	1703	-0.16	0.0000			0.0000	78.9752	25.6026	5.0000	214.0000	0.0000	
ingolstadt1_efficiency_aligned_presslight_reward_oracle	REAL_TRAIN	154	35.0	0.0	-4.90	0.95	0.15	1705	-0.16	0.0000			0.0000	79.5890	25.8015	7.0000	251.0000	0.0000	
ingolstadt1_efficiency_aligned_presslight_reward_oracle	REAL_TEST	154	36.1	100.0	-4.89	1.00	0.15	1703		-0.1652	queue=0.01;delay=0.1501;waiting=0.0051;pressure=0.0;switches=0.0		0.0000	79.4287	25.7496	1.0000	237.0000	0.0000	queue=0.1005;delay=0.1501;waiting=1.016;pressure=4.8583;switches=0.5333
ingolstadt1_efficiency_aligned_presslight_reward_oracle	REAL_TRAIN	155	36.0	0.0	-4.96	1.06	0.15	1705	-0.17	0.0000			0.0000	79.7619	25.8576	3.0000	232.0000	0.0000	
ingolstadt1_efficiency_aligned_presslight_reward_oracle	REAL_TRAIN	156	35.8	0.0	-4.92	0.95	0.15	1704	-0.16	0.0000			0.0000	79.7055	25.8393	4.0000	247.0000	0.0000	
ingolstadt1_efficiency_aligned_presslight_reward_oracle	REAL_TEST	156	35.4	100.0	-4.94	1.04	0.14	1705		-0.1604	queue=0.0101;delay=0.1445;waiting=0.0058;pressure=0.0;switches=0.0		0.0000	79.7548	25.8553	4.0000	224.0000	0.0000	queue=0.1015;delay=0.1445;waiting=1.1593;pressure=4.9167;switches=0.4917
ingolstadt1_efficiency_aligned_presslight_reward_oracle	REAL_TRAIN	157	35.2	0.0	-4.87	1.02	0.15	1703	-0.16	0.0000			0.0000	79.4647	25.7612	10.0000	239.0000	0.0000	
ingolstadt1_efficiency_aligned_presslight_reward_oracle	REAL_TRAIN	158	35.7	0.0	-4.89	0.99	0.15	1703	-0.16	0.0000			0.0000	79.3468	25.7230	5.0000	231.0000	0.0000	
ingolstadt1_efficiency_aligned_presslight_reward_oracle	REAL_TEST	158	35.5	100.0	-5.09	1.13	0.15	1705		-0.1680	queue=0.0112;delay=0.1521;waiting=0.0046;pressure=0.0;switches=0.0		0.0000	80.7840	26.1890	10.0000	296.0000	0.0000	queue=0.1124;delay=0.1521;waiting=0.9279;pressure=5.0694;switches=0.6389
ingolstadt1_efficiency_aligned_presslight_reward_oracle	REAL_TRAIN	159	35.8	0.0	-4.92	0.97	0.15	1705	-0.16	0.0000			0.0000	79.7829	25.8644	4.0000	239.0000	0.0000	
ingolstadt1_efficiency_aligned_presslight_reward_oracle	REAL_TRAIN	160	35.7	0.0	-5.14	1.25	0.16	1704	-0.18	0.0000			0.0000	80.8038	26.1954	4.0000	263.0000	0.0000	
ingolstadt1_efficiency_aligned_presslight_reward_oracle	REAL_TEST	160	35.8	100.0	-4.84	0.98	0.15	1704		-0.1681	queue=0.01;delay=0.1513;waiting=0.0068;pressure=0.0;switches=0.0		0.0000	78.7012	25.5138	4.0000	179.0000	0.0000	queue=0.1001;delay=0.1513;waiting=1.3521;pressure=4.8556;switches=0.4972
ingolstadt1_efficiency_aligned_presslight_reward_oracle	REAL_TRAIN	161	35.7	0.0	-4.94	1.05	0.15	1705	-0.17	0.0000			0.0000	79.6209	25.8119	6.0000	233.0000	0.0000	
ingolstadt1_efficiency_aligned_presslight_reward_oracle	REAL_TRAIN	162	35.9	0.0	-4.92	0.98	0.15	1704	-0.17	0.0000			0.0000	79.5135	25.7771	1.0000	240.0000	0.0000	
ingolstadt1_efficiency_aligned_presslight_reward_oracle	REAL_TEST	162	36.3	100.0	-4.95	1.03	0.15	1703		-0.1666	queue=0.0101;delay=0.151;waiting=0.0055;pressure=0.0;switches=0.0		0.0000	79.8854	25.8976	4.0000	252.0000	0.0000	queue=0.1015;delay=0.151;waiting=1.0924;pressure=4.9528;switches=0.5111
ingolstadt1_efficiency_aligned_presslight_reward_oracle	REAL_TRAIN	163	37.2	0.0	-4.93	1.03	0.15	1702	-0.17	0.0000			0.0000	79.4916	25.7700	1.0000	217.0000	0.0000	
ingolstadt1_efficiency_aligned_presslight_reward_oracle	REAL_TRAIN	164	36.4	0.0	-4.79	0.94	0.15	1703	-0.17	0.0000			0.0000	78.6141	25.4855	3.0000	201.0000	0.0000	
ingolstadt1_efficiency_aligned_presslight_reward_oracle	REAL_TEST	164	35.1	100.0	-4.93	0.97	0.15	1704		-0.1593	queue=0.0095;delay=0.1452;waiting=0.0046;pressure=0.0;switches=0.0		0.0000	79.6056	25.8069	3.0000	252.0000	0.0000	queue=0.0948;delay=0.1452;waiting=0.9196;pressure=4.9139;switches=0.4972
ingolstadt1_efficiency_aligned_presslight_reward_oracle	REAL_TRAIN	165	36.5	0.0	-4.89	0.99	0.15	1705	-0.17	0.0000			0.0000	79.0724	25.6341	2.0000	217.0000	0.0000	
ingolstadt1_efficiency_aligned_presslight_reward_oracle	REAL_TRAIN	166	37.1	0.0	-5.09	1.23	0.16	1705	-0.17	0.0000			0.0000	80.6644	26.1502	2.0000	253.0000	0.0000	
ingolstadt1_efficiency_aligned_presslight_reward_oracle	REAL_TEST	166	37.2	100.0	-4.90	1.02	0.16	1703		-0.1736	queue=0.0104;delay=0.156;waiting=0.0072;pressure=0.0;switches=0.0		0.0000	79.4841	25.7676	4.0000	222.0000	0.0000	queue=0.104;delay=0.156;waiting=1.4314;pressure=4.9167;switches=0.5028
ingolstadt1_efficiency_aligned_presslight_reward_oracle	REAL_TRAIN	167	35.8	0.0	-4.91	1.04	0.15	1705	-0.17	0.0000			0.0000	79.4583	25.7592	1.0000	225.0000	0.0000	
ingolstadt1_efficiency_aligned_presslight_reward_oracle	REAL_TRAIN	168	36.4	0.0	-4.96	1.09	0.15	1705	-0.17	0.0000			0.0000	79.7967	25.8689	2.0000	238.0000	0.0000	
ingolstadt1_efficiency_aligned_presslight_reward_oracle	REAL_TEST	168	36.2	100.0	-5.01	1.08	0.15	1703		-0.1684	queue=0.0106;delay=0.1519;waiting=0.0059;pressure=0.0;switches=0.0		0.0000	80.2204	26.0063	4.0000	245.0000	0.0000	queue=0.1065;delay=0.1519;waiting=1.1836;pressure=4.9444;switches=0.5278
ingolstadt1_efficiency_aligned_presslight_reward_oracle	REAL_TRAIN	169	38.4	0.0	-4.99	1.09	0.15	1703	-0.17	0.0000			0.0000	80.0384	25.9472	6.0000	229.0000	0.0000	
ingolstadt1_efficiency_aligned_presslight_reward_oracle	REAL_TRAIN	170	36.7	0.0	-4.86	0.94	0.15	1702	-0.16	0.0000			0.0000	79.1598	25.6624	2.0000	216.0000	0.0000	
ingolstadt1_efficiency_aligned_presslight_reward_oracle	REAL_TEST	170	35.6	100.0	-4.85	0.98	0.15	1705		-0.1636	queue=0.0098;delay=0.1489;waiting=0.005;pressure=0.0;switches=0.0		0.0000	79.1813	25.6694	4.0000	224.0000	0.0000	queue=0.0978;delay=0.1489;waiting=0.9904;pressure=4.85;switches=0.5278
ingolstadt1_efficiency_aligned_presslight_reward_oracle	REAL_TRAIN	171	36.6	0.0	-4.89	1.02	0.15	1702	-0.16	0.0000			0.0000	79.2456	25.6902	3.0000	230.0000	0.0000	
ingolstadt1_efficiency_aligned_presslight_reward_oracle	REAL_TRAIN	172	36.3	0.0	-4.93	1.04	0.15	1703	-0.17	0.0000			0.0000	79.5380	25.7850	6.0000	236.0000	0.0000	
ingolstadt1_efficiency_aligned_presslight_reward_oracle	REAL_TEST	172	37.1	100.0	-4.94	1.00	0.15	1704		-0.1676	queue=0.01;delay=0.1519;waiting=0.0057;pressure=0.0;switches=0.0		0.0000	79.7319	25.8479	4.0000	242.0000	0.0000	queue=0.0996;delay=0.1519;waiting=1.1367;pressure=4.9278;switches=0.5167
ingolstadt1_efficiency_aligned_presslight_reward_oracle	REAL_TRAIN	173	35.8	0.0	-4.91	1.01	0.15	1705	-0.16	0.0000			0.0000	79.3592	25.7271	6.0000	214.0000	0.0000	
ingolstadt1_efficiency_aligned_presslight_reward_oracle	REAL_TRAIN	174	36.8	0.0	-4.97	1.04	0.15	1704	-0.17	0.0000			0.0000	80.0964	25.9661	4.0000	234.0000	0.0000	
ingolstadt1_efficiency_aligned_presslight_reward_oracle	REAL_TEST	174	36.4	100.0	-5.00	1.06	0.15	1705		-0.1628	queue=0.0104;delay=0.1469;waiting=0.0055;pressure=0.0;switches=0.0		0.0000	79.9717	25.9256	3.0000	250.0000	0.0000	queue=0.1043;delay=0.1469;waiting=1.0934;pressure=4.9528;switches=0.5361
ingolstadt1_efficiency_aligned_presslight_reward_oracle	REAL_TRAIN	175	35.6	0.0	-4.98	1.06	0.15	1703	-0.17	0.0000			0.0000	79.8864	25.8980	2.0000	244.0000	0.0000	
ingolstadt1_efficiency_aligned_presslight_reward_oracle	REAL_TRAIN	176	36.3	0.0	-4.99	1.06	0.15	1703	-0.17	0.0000			0.0000	79.8716	25.8932	9.0000	245.0000	0.0000	
ingolstadt1_efficiency_aligned_presslight_reward_oracle	REAL_TEST	176	36.9	100.0	-4.84	0.99	0.15	1703		-0.1639	queue=0.01;delay=0.1478;waiting=0.0061;pressure=0.0;switches=0.0		0.0000	79.2005	25.6756	5.0000	219.0000	0.0000	queue=0.0996;delay=0.1478;waiting=1.2181;pressure=4.8278;switches=0.4639
ingolstadt1_efficiency_aligned_presslight_reward_oracle	REAL_TRAIN	177	35.9	0.0	-4.89	1.01	0.15	1703	-0.17	0.0000			0.0000	79.2686	25.6977	4.0000	225.0000	0.0000	
ingolstadt1_efficiency_aligned_presslight_reward_oracle	REAL_TRAIN	178	36.5	0.0	-4.90	1.00	0.15	1703	-0.17	0.0000			0.0000	79.5772	25.7977	9.0000	232.0000	0.0000	
ingolstadt1_efficiency_aligned_presslight_reward_oracle	REAL_TEST	178	35.9	100.0	-5.04	1.05	0.14	1703		-0.1596	queue=0.0102;delay=0.1448;waiting=0.0045;pressure=0.0;switches=0.0		0.0000	80.2222	26.0068	6.0000	283.0000	0.0000	queue=0.1024;delay=0.1448;waiting=0.9091;pressure=5.0028;switches=0.5417
ingolstadt1_efficiency_aligned_presslight_reward_oracle	REAL_TRAIN	179	35.3	0.0	-4.98	1.05	0.14	1704	-0.16	0.0000			0.0000	79.8771	25.8950	2.0000	262.0000	0.0000	
ingolstadt1_efficiency_aligned_presslight_reward_oracle	REAL_TRAIN	180	35.8	0.0	-4.89	0.98	0.15	1705	-0.16	0.0000			0.0000	79.3050	25.7095	5.0000	237.0000	0.0000	
ingolstadt1_efficiency_aligned_presslight_reward_oracle	REAL_TEST	180	36.6	100.0	-4.89	1.02	0.15	1703		-0.1717	queue=0.0104;delay=0.1538;waiting=0.0076;pressure=0.0;switches=0.0		0.0000	79.1966	25.6743	7.0000	189.0000	0.0000	queue=0.1038;delay=0.1538;waiting=1.5191;pressure=4.8444;switches=0.4833
ingolstadt1_efficiency_aligned_presslight_reward_oracle	REAL_TRAIN	181	36.5	0.0	-4.89	1.00	0.15	1705	-0.16	0.0000			0.0000	79.2398	25.6883	5.0000	224.0000	0.0000	
ingolstadt1_efficiency_aligned_presslight_reward_oracle	REAL_TRAIN	182	36.5	0.0	-4.89	0.99	0.15	1704	-0.16	0.0000			0.0000	79.4942	25.7708	6.0000	240.0000	0.0000	
ingolstadt1_efficiency_aligned_presslight_reward_oracle	REAL_TEST	182	36.4	100.0	-4.83	0.96	0.15	1703		-0.1619	queue=0.0098;delay=0.1462;waiting=0.0059;pressure=0.0;switches=0.0		0.0000	79.0343	25.6217	8.0000	215.0000	0.0000	queue=0.0977;delay=0.1462;waiting=1.1854;pressure=4.7944;switches=0.4833
ingolstadt1_efficiency_aligned_presslight_reward_oracle	REAL_TRAIN	183	35.8	0.0	-4.96	1.02	0.15	1702	-0.17	0.0000			0.0000	79.7016	25.8380	3.0000	246.0000	0.0000	
ingolstadt1_efficiency_aligned_presslight_reward_oracle	REAL_TRAIN	184	36.7	0.0	-4.97	0.96	0.15	1704	-0.16	0.0000			0.0000	79.5421	25.7864	6.0000	251.0000	0.0000	
ingolstadt1_efficiency_aligned_presslight_reward_oracle	REAL_TEST	184	35.9	100.0	-4.87	0.93	0.14	1705		-0.1555	queue=0.0091;delay=0.1422;waiting=0.0043;pressure=0.0;switches=0.0		0.0000	79.0441	25.6249	4.0000	253.0000	0.0000	queue=0.0911;delay=0.1422;waiting=0.8534;pressure=4.8556;switches=0.5556
ingolstadt1_efficiency_aligned_presslight_reward_oracle	REAL_TRAIN	185	36.7	0.0	-5.04	1.06	0.15	1703	-0.16	0.0000			0.0000	80.2610	26.0194	7.0000	264.0000	0.0000	
ingolstadt1_efficiency_aligned_presslight_reward_oracle	REAL_TRAIN	186	36.4	0.0	-4.88	0.96	0.15	1705	-0.16	0.0000			0.0000	79.2277	25.6844	3.0000	237.0000	0.0000	
ingolstadt1_efficiency_aligned_presslight_reward_oracle	REAL_TEST	186	36.7	100.0	-5.00	1.02	0.15	1704		-0.1706	queue=0.0104;delay=0.1549;waiting=0.0053;pressure=0.0;switches=0.0		0.0000	80.0893	25.9638	3.0000	246.0000	0.0000	queue=0.1044;delay=0.1549;waiting=1.0538;pressure=4.9583;switches=0.5361
ingolstadt1_efficiency_aligned_presslight_reward_oracle	REAL_TRAIN	187	35.9	0.0	-4.95	0.97	0.15	1702	-0.16	0.0000			0.0000	79.7173	25.8432	2.0000	271.0000	0.0000	
ingolstadt1_efficiency_aligned_presslight_reward_oracle	REAL_TRAIN	188	36.5	0.0	-4.92	0.98	0.15	1704	-0.16	0.0000			0.0000	79.6737	25.8290	5.0000	245.0000	0.0000	
ingolstadt1_efficiency_aligned_presslight_reward_oracle	REAL_TEST	188	36.8	100.0	-4.91	1.02	0.15	1703		-0.1680	queue=0.0103;delay=0.1525;waiting=0.0053;pressure=0.0;switches=0.0		0.0000	79.7510	25.8541	3.0000	233.0000	0.0000	queue=0.1029;delay=0.1525;waiting=1.0567;pressure=4.9083;switches=0.5111
ingolstadt1_efficiency_aligned_presslight_reward_oracle	REAL_TRAIN	189	37.2	0.0	-4.95	1.00	0.15	1705	-0.17	0.0000			0.0000	80.0145	25.9395	1.0000	248.0000	0.0000	
ingolstadt1_efficiency_aligned_presslight_reward_oracle	REAL_TRAIN	190	37.1	0.0	-4.93	1.00	0.15	1702	-0.16	0.0000			0.0000	79.6261	25.8136	6.0000	253.0000	0.0000	
ingolstadt1_efficiency_aligned_presslight_reward_oracle	REAL_TEST	190	36.7	100.0	-4.90	1.01	0.15	1703		-0.1656	queue=0.01;delay=0.1502;waiting=0.0054;pressure=0.0;switches=0.0		0.0000	79.4003	25.7404	4.0000	232.0000	0.0000	queue=0.1005;delay=0.1502;waiting=1.0748;pressure=4.9111;switches=0.5139
ingolstadt1_efficiency_aligned_presslight_reward_oracle	REAL_TRAIN	191	37.4	0.0	-4.99	1.05	0.15	1704	-0.17	0.0000			0.0000	80.2332	26.0104	3.0000	259.0000	0.0000	
ingolstadt1_efficiency_aligned_presslight_reward_oracle	REAL_TRAIN	192	35.5	0.0	-4.84	0.94	0.15	1704	-0.16	0.0000			0.0000	79.1617	25.6630	4.0000	233.0000	0.0000	
ingolstadt1_efficiency_aligned_presslight_reward_oracle	REAL_TEST	192	36.6	100.0	-4.85	0.95	0.14	1703		-0.1585	queue=0.0094;delay=0.1442;waiting=0.0049;pressure=0.0;switches=0.0		0.0000	78.9411	25.5915	1.0000	239.0000	0.0000	queue=0.0941;delay=0.1442;waiting=0.9755;pressure=4.8222;switches=0.4917
ingolstadt1_efficiency_aligned_presslight_reward_oracle	REAL_TRAIN	193	35.7	0.0	-4.89	0.93	0.15	1701	-0.16	0.0000			0.0000	79.5538	25.7901	3.0000	260.0000	0.0000	
ingolstadt1_efficiency_aligned_presslight_reward_oracle	REAL_TRAIN	194	36.3	0.0	-4.90	1.02	0.14	1703	-0.16	0.0000			0.0000	79.4640	25.7610	1.0000	248.0000	0.0000	
ingolstadt1_efficiency_aligned_presslight_reward_oracle	REAL_TEST	194	35.6	100.0	-4.94	1.02	0.14	1705		-0.1498	queue=0.0098;delay=0.135;waiting=0.0051;pressure=0.0;switches=0.0		0.0000	79.6065	25.8072	1.0000	261.0000	0.0000	queue=0.0975;delay=0.135;waiting=1.0102;pressure=4.9056;switches=0.4778
ingolstadt1_efficiency_aligned_presslight_reward_oracle	REAL_TRAIN	195	35.1	0.0	-4.85	0.91	0.14	1704	-0.16	0.0000			0.0000	79.1406	25.6562	5.0000	230.0000	0.0000	
ingolstadt1_efficiency_aligned_presslight_reward_oracle	REAL_TRAIN	196	36.1	0.0	-4.83	0.93	0.14	1705	-0.15	0.0000			0.0000	79.1050	25.6446	6.0000	250.0000	0.0000	
ingolstadt1_efficiency_aligned_presslight_reward_oracle	REAL_TEST	196	36.5	100.0	-4.90	0.98	0.14	1700		-0.1575	queue=0.0098;delay=0.1433;waiting=0.0044;pressure=0.0;switches=0.0		0.0000	79.4651	25.7614	9.0000	259.0000	0.0000	queue=0.0978;delay=0.1433;waiting=0.877;pressure=4.8667;switches=0.5306
ingolstadt1_efficiency_aligned_presslight_reward_oracle	REAL_TRAIN	197	35.7	0.0	-4.95	0.97	0.14	1704	-0.16	0.0000			0.0000	79.9534	25.9197	3.0000	280.0000	0.0000	
ingolstadt1_efficiency_aligned_presslight_reward_oracle	REAL_TRAIN	198	37.4	0.0	-5.21	1.20	0.15	1704	-0.17	0.0000			0.0000	81.4184	26.3946	5.0000	311.0000	0.0000	
ingolstadt1_efficiency_aligned_presslight_reward_oracle	REAL_TEST	198	36.0	100.0	-4.88	0.91	0.14	1703		-0.1561	queue=0.0091;delay=0.1427;waiting=0.0043;pressure=0.0;switches=0.0		0.0000	79.6368	25.8170	2.0000	241.0000	0.0000	queue=0.0908;delay=0.1427;waiting=0.8622;pressure=4.8444;switches=0.5167
ingolstadt1_efficiency_aligned_presslight_reward_oracle	REAL_TRAIN	199	36.1	0.0	-5.01	1.02	0.15	1703	-0.16	0.0000			0.0000	80.2329	26.0103	3.0000	270.0000	0.0000	
ingolstadt1_efficiency_aligned_presslight_reward_oracle	REAL_TEST	0	35.8	100.0	-4.97	1.09	0.14	1702		-0.1607	queue=0.0106;delay=0.1442;waiting=0.0059;pressure=0.0;switches=0.0		0.0000	79.6421	25.8188	1.0000	243.0000	0.0000	queue=0.1063;delay=0.1442;waiting=1.1723;pressure=4.9139;switches=0.4944
