tempe_16_combine1_presslight_latent_observation	REAL_TEST	2	607.9	100.0	-1359.13	127.41	1.42	11543
tempe_16_combine1_presslight_latent_observation	REAL_TEST	4	494.3	100.0	-1132.55	110.68	1.42	14222
tempe_16_combine1_presslight_latent_observation	REAL_TEST	6	641.4	100.0	-1592.81	135.66	1.40	11454
tempe_16_combine1_presslight_latent_observation	REAL_TEST	8	425.2	100.0	-1078.21	93.89	1.38	14204
tempe_16_combine1_presslight_latent_observation	REAL_TEST	10	520.1	100.0	-1270.93	108.80	1.39	12462
tempe_16_combine1_presslight_latent_observation	REAL_TEST	12	420.3	100.0	-1161.40	98.24	1.37	13751
tempe_16_combine1_presslight_latent_observation	REAL_TEST	14	445.7	100.0	-1091.92	99.96	1.40	13803
tempe_16_combine1_presslight_latent_observation	REAL_TEST	16	484.3	100.0	-1152.18	109.37	1.39	13960
tempe_16_combine1_presslight_latent_observation	REAL_TEST	18	399.4	100.0	-808.59	89.36	1.40	14761
tempe_16_combine1_presslight_latent_observation	REAL_TEST	20	415.5	100.0	-1221.40	96.57	1.34	14391
tempe_16_combine1_presslight_latent_observation	REAL_TEST	22	492.8	100.0	-1342.97	120.39	1.40	13791
tempe_16_combine1_presslight_latent_observation	REAL_TEST	24	431.6	100.0	-1027.78	107.71	1.39	15421
tempe_16_combine1_presslight_latent_observation	REAL_TEST	26	385.4	100.0	-886.59	92.42	1.36	15557
tempe_16_combine1_presslight_latent_observation	REAL_TEST	28	418.3	100.0	-907.20	92.25	1.34	15457
tempe_16_combine1_presslight_latent_observation	REAL_TEST	30	371.5	100.0	-907.32	89.70	1.38	16368
tempe_16_combine1_presslight_latent_observation	REAL_TEST	32	436.5	100.0	-934.62	91.45	1.40	14837
tempe_16_combine1_presslight_latent_observation	REAL_TEST	34	482.4	100.0	-911.75	102.36	1.42	14771
tempe_16_combine1_presslight_latent_observation	REAL_TEST	36	356.5	100.0	-712.42	85.46	1.33	16592
tempe_16_combine1_presslight_latent_observation	REAL_TEST	38	479.0	100.0	-1000.54	105.95	1.40	14650
tempe_16_combine1_presslight_latent_observation	REAL_TEST	40	221.7	100.0	-537.23	57.35	1.39	18399
tempe_16_combine1_presslight_latent_observation	REAL_TEST	42	252.7	100.0	-779.17	71.02	1.31	17632
tempe_16_combine1_presslight_latent_observation	REAL_TEST	44	403.4	100.0	-585.74	79.92	1.36	15883
tempe_16_combine1_presslight_latent_observation	REAL_TEST	46	207.4	100.0	-474.43	54.26	1.31	18391
tempe_16_combine1_presslight_latent_observation	REAL_TEST	48	281.4	100.0	-369.66	60.92	1.33	17866
tempe_16_combine1_presslight_latent_observation	REAL_TEST	50	284.2	100.0	-613.62	70.55	1.38	16769
tempe_16_combine1_presslight_latent_observation	REAL_TEST	52	304.0	100.0	-482.61	70.20	1.32	17099
tempe_16_combine1_presslight_latent_observation	REAL_TEST	54	313.7	100.0	-544.94	71.26	1.37	16759
tempe_16_combine1_presslight_latent_observation	REAL_TEST	56	407.3	100.0	-767.76	93.92	1.37	15224
tempe_16_combine1_presslight_latent_observation	REAL_TEST	58	225.7	100.0	-517.33	56.86	1.38	18310
tempe_16_combine1_presslight_latent_observation	REAL_TEST	60	240.1	100.0	-430.26	55.62	1.34	18064
tempe_16_combine1_presslight_latent_observation	REAL_TEST	62	307.5	100.0	-586.43	75.74	1.32	17717
tempe_16_combine1_presslight_latent_observation	REAL_TEST	64	290.1	100.0	-561.11	65.94	1.29	17578
tempe_16_combine1_presslight_latent_observation	REAL_TEST	66	180.8	100.0	-364.45	46.67	1.30	19068
tempe_16_combine1_presslight_latent_observation	REAL_TEST	68	187.0	100.0	-346.79	45.02	1.28	19289
tempe_16_combine1_presslight_latent_observation	REAL_TEST	70	265.6	100.0	-638.57	65.23	1.35	16716
tempe_16_combine1_presslight_latent_observation	REAL_TEST	72	305.6	100.0	-544.44	77.12	1.36	17602
tempe_16_combine1_presslight_latent_observation	REAL_TEST	74	294.5	100.0	-702.48	73.54	1.32	17412
tempe_16_combine1_presslight_latent_observation	REAL_TEST	76	308.9	100.0	-752.36	75.51	1.30	17528
tempe_16_combine1_presslight_latent_observation	REAL_TEST	78	330.7	100.0	-564.33	79.14	1.35	17293
tempe_16_combine1_presslight_latent_observation	REAL_TEST	80	376.3	100.0	-577.16	82.89	1.30	16454
tempe_16_combine1_presslight_latent_observation	REAL_TEST	82	207.3	100.0	-572.89	53.28	1.30	18675
tempe_16_combine1_presslight_latent_observation	REAL_TEST	84	288.6	100.0	-697.94	76.07	1.28	16853
tempe_16_combine1_presslight_latent_observation	REAL_TEST	86	241.2	100.0	-515.79	62.81	1.31	19005
tempe_16_combine1_presslight_latent_observation	REAL_TEST	88	261.7	100.0	-455.92	61.39	1.28	17117
tempe_16_combine1_presslight_latent_observation	REAL_TEST	90	167.7	100.0	-466.77	42.34	1.28	19477
tempe_16_combine1_presslight_latent_observation	REAL_TEST	92	317.1	100.0	-632.40	78.09	1.34	16862
tempe_16_combine1_presslight_latent_observation	REAL_TEST	94	268.5	100.0	-508.66	60.97	1.29	17439
tempe_16_combine1_presslight_latent_observation	REAL_TEST	96	215.3	100.0	-421.65	44.01	1.27	18597
tempe_16_combine1_presslight_latent_observation	REAL_TEST	98	255.0	100.0	-553.26	61.03	1.34	17364
tempe_16_combine1_presslight_latent_observation	REAL_TEST	100	277.5	100.0	-411.93	62.35	1.39	17905
tempe_16_combine1_presslight_latent_observation	REAL_TEST	102	381.1	100.0	-1048.74	99.67	1.33	15762
tempe_16_combine1_presslight_latent_observation	REAL_TEST	104	289.0	100.0	-713.46	69.44	1.34	17396
tempe_16_combine1_presslight_latent_observation	REAL_TEST	106	375.6	100.0	-976.56	97.45	1.36	16654
tempe_16_combine1_presslight_latent_observation	REAL_TEST	108	277.6	100.0	-597.51	74.50	1.37	18142
tempe_16_combine1_presslight_latent_observation	REAL_TEST	110	309.4	100.0	-862.66	83.48	1.30	17332
tempe_16_combine1_presslight_latent_observation	REAL_TEST	112	327.1	100.0	-655.90	84.63	1.33	16821
tempe_16_combine1_presslight_latent_observation	REAL_TEST	114	362.1	100.0	-572.55	87.90	1.33	17246
tempe_16_combine1_presslight_latent_observation	REAL_TEST	116	472.8	100.0	-833.78	102.91	1.37	14007
tempe_16_combine1_presslight_latent_observation	REAL_TEST	118	330.2	100.0	-756.97	82.00	1.35	16737
tempe_16_combine1_presslight_latent_observation	REAL_TEST	120	395.0	100.0	-788.35	87.29	1.37	15521
tempe_16_combine1_presslight_latent_observation	REAL_TEST	122	214.0	100.0	-519.32	50.83	1.31	18861
tempe_16_combine1_presslight_latent_observation	REAL_TEST	124	411.6	100.0	-767.56	94.37	1.33	14903
tempe_16_combine1_presslight_latent_observation	REAL_TEST	126	153.0	100.0	-427.28	37.19	1.27	19550
tempe_16_combine1_presslight_latent_observation	REAL_TEST	128	375.8	100.0	-906.51	89.38	1.32	15611
tempe_16_combine1_presslight_latent_observation	REAL_TEST	130	242.4	100.0	-544.57	59.40	1.33	18498
tempe_16_combine1_presslight_latent_observation	REAL_TEST	132	403.3	100.0	-695.94	88.70	1.34	15141
tempe_16_combine1_presslight_latent_observation	REAL_TEST	134	302.2	100.0	-668.57	68.32	1.34	17040
tempe_16_combine1_presslight_latent_observation	REAL_TEST	136	261.0	100.0	-725.46	68.28	1.34	17735
tempe_16_combine1_presslight_latent_observation	REAL_TEST	138	375.8	100.0	-799.33	86.95	1.37	16409
tempe_16_combine1_presslight_latent_observation	REAL_TEST	140	249.5	100.0	-620.17	63.84	1.36	17549
tempe_16_combine1_presslight_latent_observation	REAL_TEST	142	249.1	100.0	-660.30	65.18	1.33	18513
tempe_16_combine1_presslight_latent_observation	REAL_TEST	144	442.3	100.0	-777.23	92.63	1.36	14600
tempe_16_combine1_presslight_latent_observation	REAL_TEST	146	205.2	100.0	-480.70	51.50	1.31	19432
tempe_16_combine1_presslight_latent_observation	REAL_TEST	148	343.6	100.0	-822.74	78.89	1.35	16469
tempe_16_combine1_presslight_latent_observation	REAL_TEST	150	292.8	100.0	-780.97	79.31	1.32	17277
tempe_16_combine1_presslight_latent_observation	REAL_TEST	152	181.4	100.0	-524.62	42.51	1.30	19081
tempe_16_combine1_presslight_latent_observation	REAL_TEST	154	365.0	100.0	-795.71	78.33	1.30	15964
tempe_16_combine1_presslight_latent_observation	REAL_TEST	156	227.1	100.0	-638.59	61.03	1.31	18737
tempe_16_combine1_presslight_latent_observation	REAL_TEST	158	291.9	100.0	-875.21	73.34	1.28	17229
tempe_16_combine1_presslight_latent_observation	REAL_TEST	160	344.9	100.0	-670.26	73.99	1.32	16422
tempe_16_combine1_presslight_latent_observation	REAL_TEST	162	328.1	100.0	-718.94	81.84	1.29	16879
tempe_16_combine1_presslight_latent_observation	REAL_TEST	164	371.6	100.0	-735.32	84.98	1.35	16070
tempe_16_combine1_presslight_latent_observation	REAL_TEST	166	337.7	100.0	-700.75	71.38	1.27	16888
tempe_16_combine1_presslight_latent_observation	REAL_TEST	168	340.3	100.0	-574.70	72.71	1.30	15855
tempe_16_combine1_presslight_latent_observation	REAL_TEST	170	291.2	100.0	-639.38	68.67	1.33	17606
tempe_16_combine1_presslight_latent_observation	REAL_TEST	172	423.4	100.0	-723.96	86.72	1.29	14292
tempe_16_combine1_presslight_latent_observation	REAL_TEST	174	283.4	100.0	-433.95	66.81	1.31	18010
tempe_16_combine1_presslight_latent_observation	REAL_TEST	176	262.8	100.0	-396.25	61.67	1.31	18142
tempe_16_combine1_presslight_latent_observation	REAL_TEST	178	320.4	100.0	-578.35	69.06	1.30	16989
tempe_16_combine1_presslight_latent_observation	REAL_TEST	180	266.2	100.0	-461.71	63.65	1.32	17929
tempe_16_combine1_presslight_latent_observation	REAL_TEST	182	244.3	100.0	-515.09	45.54	1.27	17999
tempe_16_combine1_presslight_latent_observation	REAL_TEST	184	309.6	100.0	-637.55	81.85	1.32	17533
tempe_16_combine1_presslight_latent_observation	REAL_TEST	186	270.6	100.0	-495.06	60.01	1.29	17676
tempe_16_combine1_presslight_latent_observation	REAL_TEST	188	312.5	100.0	-625.94	75.65	1.31	17480
tempe_16_combine1_presslight_latent_observation	REAL_TEST	190	247.5	100.0	-533.78	59.03	1.32	18274
tempe_16_combine1_presslight_latent_observation	REAL_TEST	192	385.3	100.0	-738.95	81.87	1.30	16031
tempe_16_combine1_presslight_latent_observation	REAL_TEST	194	310.0	100.0	-824.33	84.92	1.35	17512
tempe_16_combine1_presslight_latent_observation	REAL_TEST	196	392.3	100.0	-563.36	81.27	1.32	15332
tempe_16_combine1_presslight_latent_observation	REAL_TEST	198	336.4	100.0	-528.16	66.33	1.31	16581
