exp_name	mode	step	travel_time	loss	rewards	queue	delay	throughput	train_reward	R_real	components	detail	fairness	emission	fuel	emergency_stops	ssm_conflicts	collisions	phi_raw
cologne3_emission_heavy_presslight_reward_oracle	REAL_TRAIN	0	641.9	0.0	-143.83	47.63	0.82	1357	-3.28	0.0000			77.6667	867.9301	281.3774	0.0000	883.0000	1.0000	
cologne3_emission_heavy_presslight_reward_oracle	REAL_TRAIN	1	687.8	0.0	-161.63	53.21	0.89	1300	-3.68	0.0000			63.0000	940.9774	305.0590	1.0000	830.0000	0.0000	
cologne3_emission_heavy_presslight_reward_oracle	REAL_TRAIN	2	572.7	2.5	-155.92	51.40	0.88	1647	-3.52	0.0000			68.6667	949.7352	307.8978	0.0000	1043.0000	1.0000	
cologne3_emission_heavy_presslight_reward_oracle	REAL_TEST	2	327.4	100.0	-47.49	14.38	0.39	1868		-2.9931	queue=0.3463;delay=0.0;waiting=0.0;pressure=0.0;switches=0.0;emission=2.6468		9.0000	331.2378	107.3847	2.0000	476.0000	0.0000	queue=6.9267;delay=1.1774;waiting=7402.1054;pressure=47.6694;switches=0.6806;emission=13.2338
cologne3_emission_heavy_presslight_reward_oracle	REAL_TRAIN	3	88.0	0.3	-19.31	4.07	0.32	2802	-0.48	0.0000			2.0000	223.0943	72.3247	3.0000	745.0000	1.0000	
cologne3_emission_heavy_presslight_reward_oracle	REAL_TRAIN	4	75.1	0.3	-13.26	1.98	0.26	2807	-0.33	0.0000			32.0000	188.7695	61.1968	9.0000	611.0000	0.0000	
cologne3_emission_heavy_presslight_reward_oracle	REAL_TEST	4	75.3	100.0	-13.13	1.98	0.26	2807		-0.9944	queue=0.0445;delay=0.0;waiting=0.0;pressure=0.0;switches=0.0;emission=0.9499		0.0000	187.8272	60.8913	3.0000	634.0000	1.0000	queue=0.8896;delay=0.7925;waiting=14.7762;pressure=13.3972;switches=2.0028;emission=4.7496
cologne3_emission_heavy_presslight_reward_oracle	REAL_TRAIN	5	77.3	0.2	-12.74	1.83	0.26	2805	-0.33	0.0000			0.0000	185.7338	60.2126	5.0000	523.0000	1.0000	
cologne3_emission_heavy_presslight_reward_oracle	REAL_TRAIN	6	74.2	0.2	-12.02	1.60	0.25	2800	-0.32	0.0000			0.0000	180.9901	58.6748	3.0000	487.0000	0.0000	
cologne3_emission_heavy_presslight_reward_oracle	REAL_TEST	6	145.0	100.0	-20.89	6.27	0.31	2506		-1.6676	queue=0.1458;delay=0.0;waiting=0.0;pressure=0.0;switches=0.0;emission=1.5219		46.6667	289.3526	93.8054	8.0000	493.0000	0.0000	queue=2.9154;delay=0.9256;waiting=907.9153;pressure=23.3028;switches=1.3083;emission=7.6094
cologne3_emission_heavy_presslight_reward_oracle	REAL_TRAIN	7	74.4	0.2	-12.14	1.65	0.25	2799	-0.32	0.0000			0.0000	181.9454	58.9845	2.0000	479.0000	0.0000	
cologne3_emission_heavy_presslight_reward_oracle	REAL_TRAIN	8	83.5	0.2	-12.27	1.70	0.25	2812	-0.32	0.0000			0.0000	183.6609	59.5407	8.0000	487.0000	0.0000	
cologne3_emission_heavy_presslight_reward_oracle	REAL_TEST	8	76.0	100.0	-12.31	1.68	0.25	2814		-0.9559	queue=0.0378;delay=0.0;waiting=0.0;pressure=0.0;switches=0.0;emission=0.9181		0.0000	183.7354	59.5648	7.0000	510.0000	0.0000	queue=0.7552;delay=0.7357;waiting=11.4028;pressure=12.5083;switches=1.7583;emission=4.5907
cologne3_emission_heavy_presslight_reward_oracle	REAL_TRAIN	9	590.3	0.2	-58.34	20.56	0.47	1319	-1.16	0.0000			43.6667	476.7508	154.5594	1.0000	343.0000	0.0000	
cologne3_emission_heavy_presslight_reward_oracle	REAL_TRAIN	10	478.4	0.2	-57.33	19.29	0.41	1498	-1.08	0.0000			44.0000	441.8604	143.2480	3.0000	358.0000	0.0000	
cologne3_emission_heavy_presslight_reward_oracle	REAL_TEST	10	573.1	100.0	-62.14	20.76	0.46	1341		-3.5049	queue=0.4258;delay=0.0;waiting=0.0;pressure=0.0;switches=0.0;emission=3.079		27.3333	479.7971	155.5470	1.0000	352.0000	0.0000	queue=8.5169;delay=1.3811;waiting=8556.2954;pressure=63.8833;switches=1.6778;emission=15.3952
cologne3_emission_heavy_presslight_reward_oracle	REAL_TRAIN	11	449.4	0.2	-55.74	18.56	0.42	1544	-1.05	0.0000			34.6667	431.1853	139.7872	3.0000	395.0000	0.0000	
cologne3_emission_heavy_presslight_reward_oracle	REAL_TRAIN	12	470.4	0.2	-54.55	18.05	0.42	1519	-1.03	0.0000			31.0000	420.6481	136.3711	0.0000	397.0000	0.0000	
cologne3_emission_heavy_presslight_reward_oracle	REAL_TEST	12	77.5	100.0	-12.23	1.67	0.24	2794		-0.9575	queue=0.0381;delay=0.0;waiting=0.0;pressure=0.0;switches=0.0;emission=0.9194		30.0000	182.4624	59.1521	6.0000	502.0000	2.0000	queue=0.7613;delay=0.7284;waiting=13.4427;pressure=12.4639;switches=1.7528;emission=4.5971
cologne3_emission_heavy_presslight_reward_oracle	REAL_TRAIN	13	93.6	0.3	-12.55	1.78	0.26	2793	-0.33	0.0000			30.0000	184.5421	59.8263	3.0000	488.0000	0.0000	
cologne3_emission_heavy_presslight_reward_oracle	REAL_TRAIN	14	91.2	0.3	-12.83	1.84	0.25	2799	-0.33	0.0000			0.0000	185.8542	60.2517	6.0000	558.0000	0.0000	
cologne3_emission_heavy_presslight_reward_oracle	REAL_TEST	14	92.1	100.0	-12.27	1.67	0.25	2795		-0.9532	queue=0.0378;delay=0.0;waiting=0.0;pressure=0.0;switches=0.0;emission=0.9154		0.0000	182.4993	59.1641	5.0000	485.0000	0.0000	queue=0.7551;delay=0.74;waiting=12.71;pressure=12.5444;switches=1.75;emission=4.5772
cologne3_emission_heavy_presslight_reward_oracle	REAL_TRAIN	15	155.4	0.2	-20.32	6.10	0.30	2501	-0.55	0.0000			48.6667	289.7276	93.9270	2.0000	473.0000	0.0000	
cologne3_emission_heavy_presslight_reward_oracle	REAL_TRAIN	16	84.5	0.2	-12.27	1.67	0.24	2799	-0.32	0.0000			0.0000	182.5194	59.1706	5.0000	490.0000	0.0000	
cologne3_emission_heavy_presslight_reward_oracle	REAL_TEST	16	146.1	100.0	-19.66	6.39	0.31	2520		-1.8431	queue=0.1714;delay=0.0;waiting=0.0;pressure=0.0;switches=0.0;emission=1.6717		43.3333	296.7365	96.1992	3.0000	493.0000	1.0000	queue=3.4281;delay=0.9424;waiting=1161.8521;pressure=22.6222;switches=1.5056;emission=8.3585
cologne3_emission_heavy_presslight_reward_oracle	REAL_TRAIN	17	76.9	0.2	-12.32	1.69	0.25	2802	-0.32	0.0000			0.0000	183.1041	59.3601	6.0000	504.0000	1.0000	
cologne3_emission_heavy_presslight_reward_oracle	REAL_TRAIN	18	140.0	0.2	-15.80	5.27	0.29	2551	-0.52	0.0000			44.0000	287.9168	93.3399	4.0000	498.0000	1.0000	
cologne3_emission_heavy_presslight_reward_oracle	REAL_TEST	18	79.1	100.0	-12.20	1.68	0.25	2791		-0.9410	queue=0.037;delay=0.0;waiting=0.0;pressure=0.0;switches=0.0;emission=0.904		35.6667	182.0202	59.0087	4.0000	489.0000	1.0000	queue=0.7398;delay=0.7496;waiting=12.6837;pressure=12.4528;switches=1.8583;emission=4.5198
cologne3_emission_heavy_presslight_reward_oracle	REAL_TRAIN	19	74.6	0.2	-12.14	1.64	0.24	2804	-0.31	0.0000			0.0000	182.0979	59.0339	3.0000	494.0000	0.0000	
cologne3_emission_heavy_presslight_reward_oracle	REAL_TRAIN	20	582.9	0.2	-53.67	19.02	0.42	1315	-1.07	0.0000			36.0000	475.0014	153.9922	2.0000	392.0000	0.0000	
cologne3_emission_heavy_presslight_reward_oracle	REAL_TEST	20	154.2	100.0	-29.56	8.47	0.31	2258		-1.7912	queue=0.1665;delay=0.0;waiting=0.0;pressure=0.0;switches=0.0;emission=1.6247		61.6667	279.4969	90.6104	1.0000	504.0000	1.0000	queue=3.3299;delay=0.939;waiting=1396.2941;pressure=30.7028;switches=1.5167;emission=8.1237
cologne3_emission_heavy_presslight_reward_oracle	REAL_TRAIN	21	574.3	0.2	-62.76	21.39	0.46	1347	-1.21	0.0000			29.0000	496.2553	160.8826	3.0000	341.0000	0.0000	
cologne3_emission_heavy_presslight_reward_oracle	REAL_TRAIN	22	74.5	0.2	-12.18	1.63	0.23	2800	-0.31	0.0000			0.0000	182.3270	59.1082	6.0000	541.0000	1.0000	
cologne3_emission_heavy_presslight_reward_oracle	REAL_TEST	22	87.9	100.0	-12.12	1.61	0.24	2794		-0.9391	queue=0.0357;delay=0.0;waiting=0.0;pressure=0.0;switches=0.0;emission=0.9034		0.0000	181.9100	58.9730	1.0000	481.0000	0.0000	queue=0.7137;delay=0.7228;waiting=10.2552;pressure=12.3583;switches=1.8944;emission=4.5172
cologne3_emission_heavy_presslight_reward_oracle	REAL_TRAIN	23	83.3	0.2	-12.08	1.59	0.24	2804	-0.31	0.0000			0.0000	182.0879	59.0307	3.0000	519.0000	0.0000	
cologne3_emission_heavy_presslight_reward_oracle	REAL_TRAIN	24	86.2	0.2	-12.46	1.71	0.25	2787	-0.32	0.0000			0.0000	183.7191	59.5595	6.0000	514.0000	0.0000	
cologne3_emission_heavy_presslight_reward_oracle	REAL_TEST	24	139.5	100.0	-18.08	5.68	0.29	2547		-1.6237	queue=0.1402;delay=0.0;waiting=0.0;pressure=0.0;switches=0.0;emission=1.4834		49.0000	284.4784	92.2252	2.0000	512.0000	0.0000	queue=2.8044;delay=0.8659;waiting=851.2758;pressure=20.5667;switches=1.65;emission=7.4172
cologne3_emission_heavy_presslight_reward_oracle	REAL_TRAIN	25	143.5	0.2	-18.78	6.14	0.30	2541	-0.60	0.0000			46.6667	295.1615	95.6886	5.0000	525.0000	1.0000	
cologne3_emission_heavy_presslight_reward_oracle	REAL_TRAIN	26	78.7	0.2	-12.45	1.74	0.25	2796	-0.32	0.0000			0.0000	183.7081	59.5560	5.0000	511.0000	0.0000	
cologne3_emission_heavy_presslight_reward_oracle	REAL_TEST	26	163.2	100.0	-29.71	8.54	0.32	2260		-1.7946	queue=0.1664;delay=0.0;waiting=0.0;pressure=0.0;switches=0.0;emission=1.6282		62.3333	282.2089	91.4896	2.0000	484.0000	0.0000	queue=3.3279;delay=0.9613;waiting=1428.5174;pressure=31.2361;switches=1.8861;emission=8.141
cologne3_emission_heavy_presslight_reward_oracle	REAL_TRAIN	27	77.1	0.2	-12.33	1.70	0.25	2809	-0.32	0.0000			0.0000	183.9495	59.6342	9.0000	494.0000	1.0000	
cologne3_emission_heavy_presslight_reward_oracle	REAL_TRAIN	28	77.1	0.1	-12.64	1.78	0.25	2812	-0.32	0.0000			0.0000	185.8073	60.2365	6.0000	529.0000	0.0000	
cologne3_emission_heavy_presslight_reward_oracle	REAL_TEST	28	170.5	100.0	-61.40	19.00	0.45	2446		-4.5256	queue=0.5586;delay=0.0;waiting=0.0;pressure=0.0;switches=0.0;emission=3.967		48.6667	474.9364	153.9707	6.0000	546.0000	0.0000	queue=11.1721;delay=1.3461;waiting=7703.9369;pressure=62.0333;switches=1.4194;emission=19.8349
cologne3_emission_heavy_presslight_reward_oracle	REAL_TRAIN	29	135.4	0.1	-14.50	4.90	0.29	2557	-0.52	0.0000			5.0000	283.8821	92.0319	6.0000	484.0000	0.0000	
cologne3_emission_heavy_presslight_reward_oracle	REAL_TRAIN	30	76.4	0.1	-13.01	1.91	0.26	2805	-0.33	0.0000			0.0000	187.3117	60.7242	4.0000	500.0000	0.0000	
cologne3_emission_heavy_presslight_reward_oracle	REAL_TEST	30	482.4	100.0	-56.37	18.85	0.43	1484		-3.1663	queue=0.3746;delay=0.0;waiting=0.0;pressure=0.0;switches=0.0;emission=2.7916		35.0000	439.1925	142.3831	1.0000	361.0000	0.0000	queue=7.4929;delay=1.2913;waiting=7312.023;pressure=59.4417;switches=1.875;emission=13.9581
cologne3_emission_heavy_presslight_reward_oracle	REAL_TRAIN	31	74.6	0.1	-12.46	1.72	0.25	2802	-0.32	0.0000			0.0000	184.3380	59.7601	7.0000	508.0000	0.0000	
cologne3_emission_heavy_presslight_reward_oracle	REAL_TRAIN	32	75.7	0.1	-12.33	1.68	0.24	2808	-0.32	0.0000			0.0000	183.5552	59.5064	4.0000	511.0000	0.0000	
cologne3_emission_heavy_presslight_reward_oracle	REAL_TEST	32	574.0	100.0	-62.02	21.09	0.43	1334		-3.6054	queue=0.4408;delay=0.0;waiting=0.0;pressure=0.0;switches=0.0;emission=3.1647		24.0000	490.6814	159.0756	1.0000	359.0000	0.0000	queue=8.8153;delay=1.3041;waiting=8823.0728;pressure=64.8639;switches=1.8778;emission=15.8233
cologne3_emission_heavy_presslight_reward_oracle	REAL_TRAIN	33	76.5	0.1	-12.13	1.61	0.24	2806	-0.31	0.0000			0.0000	182.1225	59.0419	6.0000	491.0000	0.0000	
cologne3_emission_heavy_presslight_reward_oracle	REAL_TRAIN	34	75.4	0.1	-12.05	1.60	0.24	2809	-0.31	0.0000			0.0000	181.9793	58.9955	5.0000	513.0000	0.0000	
cologne3_emission_heavy_presslight_reward_oracle	REAL_TEST	34	79.6	100.0	-13.13	2.01	0.25	2806		-1.0651	queue=0.0548;delay=0.0;waiting=0.0;pressure=0.0;switches=0.0;emission=1.0103		0.0000	187.6705	60.8405	0.0000	475.0000	0.0000	queue=1.0969;delay=0.7445;waiting=37.9;pressure=13.425;switches=1.8444;emission=5.0514
cologne3_emission_heavy_presslight_reward_oracle	REAL_TRAIN	35	629.2	0.1	-57.53	20.76	0.45	1234	-1.16	0.0000			35.0000	505.9237	164.0171	1.0000	374.0000	0.0000	
cologne3_emission_heavy_presslight_reward_oracle	REAL_TRAIN	36	74.7	0.1	-11.89	1.56	0.25	2801	-0.31	0.0000			31.6667	180.7817	58.6072	5.0000	469.0000	0.0000	
cologne3_emission_heavy_presslight_reward_oracle	REAL_TEST	36	478.1	100.0	-56.60	18.94	0.43	1505		-3.1885	queue=0.3764;delay=0.0;waiting=0.0;pressure=0.0;switches=0.0;emission=2.8122		45.6667	443.6743	143.8361	3.0000	376.0000	0.0000	queue=7.5274;delay=1.2858;waiting=7252.6087;pressure=59.7417;switches=1.1583;emission=14.0608
cologne3_emission_heavy_presslight_reward_oracle	REAL_TRAIN	37	192.6	0.1	-12.37	1.85	0.26	2211	-0.31	0.0000			88.6667	162.3880	52.6443	7.0000	430.0000	0.0000	
cologne3_emission_heavy_presslight_reward_oracle	REAL_TRAIN	38	73.9	0.1	-11.88	1.53	0.24	2803	-0.31	0.0000			0.0000	180.8958	58.6442	5.0000	512.0000	1.0000	
cologne3_emission_heavy_presslight_reward_oracle	REAL_TEST	38	74.1	100.0	-11.97	1.60	0.24	2806		-0.9317	queue=0.0354;delay=0.0;waiting=0.0;pressure=0.0;switches=0.0;emission=0.8963		0.0000	181.4605	58.8273	5.0000	516.0000	0.0000	queue=0.7075;delay=0.7194;waiting=10.3762;pressure=12.2472;switches=1.8528;emission=4.4814
cologne3_emission_heavy_presslight_reward_oracle	REAL_TRAIN	39	594.8	0.1	-56.89	20.51	0.44	1340	-1.15	0.0000			63.0000	511.2835	165.7546	3.0000	455.0000	0.0000	
cologne3_emission_heavy_presslight_reward_oracle	REAL_TRAIN	40	168.8	0.1	-33.03	9.66	0.33	2223	-0.65	0.0000			73.0000	301.2198	97.6528	5.0000	510.0000	1.0000	
cologne3_emission_heavy_presslight_reward_oracle	REAL_TEST	40	73.9	100.0	-11.74	1.50	0.23	2805		-0.9195	queue=0.0333;delay=0.0;waiting=0.0;pressure=0.0;switches=0.0;emission=0.8863		0.0000	180.2400	58.4316	5.0000	492.0000	0.0000	queue=0.6655;delay=0.6978;waiting=8.3801;pressure=12.0389;switches=2.025;emission=4.4313
cologne3_emission_heavy_presslight_reward_oracle	REAL_TRAIN	41	74.7	0.1	-11.96	1.54	0.23	2805	-0.31	0.0000			0.0000	181.7854	58.9326	9.0000	533.0000	0.0000	
cologne3_emission_heavy_presslight_reward_oracle	REAL_TRAIN	42	479.9	0.1	-57.23	19.21	0.41	1485	-1.07	0.0000			34.3333	439.8894	142.6091	6.0000	343.0000	0.0000	
cologne3_emission_heavy_presslight_reward_oracle	REAL_TEST	42	75.5	100.0	-11.46	1.41	0.23	2811		-0.9099	queue=0.0319;delay=0.0;waiting=0.0;pressure=0.0;switches=0.0;emission=0.878		0.0000	179.8379	58.3013	6.0000	489.0000	0.0000	queue=0.6376;delay=0.6775;waiting=8.1725;pressure=11.7083;switches=1.8889;emission=4.3902
cologne3_emission_heavy_presslight_reward_oracle	REAL_TRAIN	43	75.8	0.1	-11.96	1.56	0.24	2806	-0.32	0.0000			0.0000	181.3882	58.8039	6.0000	508.0000	0.0000	
cologne3_emission_heavy_presslight_reward_oracle	REAL_TRAIN	44	171.3	0.1	-31.77	9.25	0.33	2194	-0.63	0.0000			61.3333	292.0259	94.6722	7.0000	521.0000	0.0000	
cologne3_emission_heavy_presslight_reward_oracle	REAL_TEST	44	132.7	100.0	-17.50	5.29	0.28	2553		-1.6122	queue=0.1388;delay=0.0;waiting=0.0;pressure=0.0;switches=0.0;emission=1.4735		5.0000	279.0204	90.4558	8.0000	473.0000	0.0000	queue=2.7756;delay=0.846;waiting=787.5125;pressure=20.6139;switches=1.65;emission=7.3673
cologne3_emission_heavy_presslight_reward_oracle	REAL_TRAIN	45	488.0	0.2	-56.97	19.04	0.41	1470	-1.06	0.0000			31.0000	434.7223	140.9339	1.0000	376.0000	0.0000	
cologne3_emission_heavy_presslight_reward_oracle	REAL_TRAIN	46	172.7	0.1	-32.56	9.53	0.33	2192	-0.64	0.0000			61.6667	296.5822	96.1494	6.0000	487.0000	2.0000	
cologne3_emission_heavy_presslight_reward_oracle	REAL_TEST	46	72.4	100.0	-11.60	1.45	0.23	2812		-0.9080	queue=0.0321;delay=0.0;waiting=0.0;pressure=0.0;switches=0.0;emission=0.8759		0.0000	179.3317	58.1371	3.0000	470.0000	0.0000	queue=0.6416;delay=0.6826;waiting=8.0323;pressure=11.8361;switches=1.8556;emission=4.3794
cologne3_emission_heavy_presslight_reward_oracle	REAL_TRAIN	47	467.8	0.1	-47.98	16.58	0.39	1498	-0.96	0.0000			43.6667	432.8954	140.3416	3.0000	394.0000	0.0000	
cologne3_emission_heavy_presslight_reward_oracle	REAL_TRAIN	48	484.4	0.2	-57.28	19.24	0.41	1478	-1.07	0.0000			33.0000	440.0910	142.6744	1.0000	327.0000	0.0000	
cologne3_emission_heavy_presslight_reward_oracle	REAL_TEST	48	72.4	100.0	-11.69	1.48	0.23	2808		-0.9289	queue=0.0347;delay=0.0;waiting=0.0;pressure=0.0;switches=0.0;emission=0.8942		0.0000	179.6305	58.2340	9.0000	472.0000	1.0000	queue=0.6938;delay=0.6818;waiting=9.7866;pressure=11.8944;switches=1.7944;emission=4.4711
cologne3_emission_heavy_presslight_reward_oracle	REAL_TRAIN	49	73.0	0.2	-11.79	1.52	0.23	2800	-0.31	0.0000			0.0000	180.2030	58.4196	7.0000	509.0000	0.0000	
cologne3_emission_heavy_presslight_reward_oracle	REAL_TRAIN	50	73.5	0.2	-12.14	1.64	0.24	2807	-0.32	0.0000			33.3333	182.3301	59.1092	4.0000	517.0000	0.0000	
cologne3_emission_heavy_presslight_reward_oracle	REAL_TEST	50	75.5	100.0	-11.74	1.53	0.23	2802		-0.9426	queue=0.0368;delay=0.0;waiting=0.0;pressure=0.0;switches=0.0;emission=0.9058		0.0000	180.2363	58.4304	5.0000	490.0000	0.0000	queue=0.7366;delay=0.7034;waiting=10.1627;pressure=11.8833;switches=1.8;emission=4.5291
cologne3_emission_heavy_presslight_reward_oracle	REAL_TRAIN	51	71.7	0.2	-11.49	1.41	0.23	2806	-0.30	0.0000			0.0000	178.8028	57.9657	6.0000	503.0000	0.0000	
cologne3_emission_heavy_presslight_reward_oracle	REAL_TRAIN	52	72.6	0.2	-11.43	1.38	0.22	2810	-0.30	0.0000			0.0000	178.2203	57.7768	8.0000	514.0000	1.0000	
cologne3_emission_heavy_presslight_reward_oracle	REAL_TEST	52	70.7	100.0	-11.21	1.32	0.22	2815		-0.8939	queue=0.0299;delay=0.0;waiting=0.0;pressure=0.0;switches=0.0;emission=0.864		0.0000	177.5838	57.5705	4.0000	512.0000	0.0000	queue=0.599;delay=0.6554;waiting=6.7196;pressure=11.4167;switches=1.7583;emission=4.32
cologne3_emission_heavy_presslight_reward_oracle	REAL_TRAIN	53	72.2	0.2	-11.42	1.38	0.22	2808	-0.30	0.0000			0.0000	178.0586	57.7244	8.0000	503.0000	2.0000	
cologne3_emission_heavy_presslight_reward_oracle	REAL_TRAIN	54	479.4	0.2	-56.57	19.00	0.41	1487	-1.07	0.0000			34.0000	436.4100	141.4811	6.0000	379.0000	0.0000	
cologne3_emission_heavy_presslight_reward_oracle	REAL_TEST	54	75.6	100.0	-11.35	1.36	0.22	2810		-0.9089	queue=0.0312;delay=0.0;waiting=0.0;pressure=0.0;switches=0.0;emission=0.8777		0.0000	178.3444	57.8170	5.0000	487.0000	0.0000	queue=0.6247;delay=0.6597;waiting=7.294;pressure=11.5889;switches=1.9417;emission=4.3884
cologne3_emission_heavy_presslight_reward_oracle	REAL_TRAIN	55	73.3	0.2	-11.23	1.34	0.22	2810	-0.30	0.0000			35.0000	177.5674	57.5652	4.0000	461.0000	0.0000	
cologne3_emission_heavy_presslight_reward_oracle	REAL_TRAIN	56	74.3	0.2	-11.70	1.48	0.23	2804	-0.31	0.0000			0.0000	180.2523	58.4356	5.0000	521.0000	0.0000	
cologne3_emission_heavy_presslight_reward_oracle	REAL_TEST	56	74.7	100.0	-11.65	1.46	0.23	2809		-0.9270	queue=0.0342;delay=0.0;waiting=0.0;pressure=0.0;switches=0.0;emission=0.8928		0.0000	179.6582	58.2430	4.0000	501.0000	0.0000	queue=0.6845;delay=0.6962;waiting=8.922;pressure=11.8528;switches=1.8889;emission=4.4641
cologne3_emission_heavy_presslight_reward_oracle	REAL_TRAIN	57	73.3	0.2	-11.59	1.42	0.23	2811	-0.31	0.0000			0.0000	179.8214	58.2959	3.0000	509.0000	0.0000	
cologne3_emission_heavy_presslight_reward_oracle	REAL_TRAIN	58	642.4	0.1	-58.15	21.05	0.46	1211	-1.15	0.0000			32.3333	511.0777	165.6880	4.0000	325.0000	0.0000	
cologne3_emission_heavy_presslight_reward_oracle	REAL_TEST	58	76.2	100.0	-11.71	1.49	0.23	2803		-0.9232	queue=0.0337;delay=0.0;waiting=0.0;pressure=0.0;switches=0.0;emission=0.8895		0.0000	179.2657	58.1157	7.0000	478.0000	0.0000	queue=0.6742;delay=0.6781;waiting=9.1376;pressure=11.9472;switches=1.625;emission=4.4474
cologne3_emission_heavy_presslight_reward_oracle	REAL_TRAIN	59	479.7	0.2	-58.15	19.46	0.41	1487	-1.09	0.0000			35.6667	442.9384	143.5975	4.0000	386.0000	1.0000	
cologne3_emission_heavy_presslight_reward_oracle	REAL_TRAIN	60	73.0	0.2	-11.99	1.55	0.23	2799	-0.31	0.0000			0.0000	181.2360	58.7545	9.0000	510.0000	0.0000	
cologne3_emission_heavy_presslight_reward_oracle	REAL_TEST	60	75.4	100.0	-11.84	1.55	0.23	2803		-0.9295	queue=0.0347;delay=0.0;waiting=0.0;pressure=0.0;switches=0.0;emission=0.8948		0.0000	180.4375	58.4956	5.0000	525.0000	1.0000	queue=0.6937;delay=0.6908;waiting=10.5446;pressure=12.0861;switches=1.7056;emission=4.474
cologne3_emission_heavy_presslight_reward_oracle	REAL_TRAIN	61	73.5	0.1	-11.56	1.40	0.23	2809	-0.31	0.0000			0.0000	179.1613	58.0819	7.0000	539.0000	2.0000	
cologne3_emission_heavy_presslight_reward_oracle	REAL_TRAIN	62	73.5	0.1	-11.66	1.47	0.23	2809	-0.31	0.0000			0.0000	179.8889	58.3178	6.0000	498.0000	2.0000	
cologne3_emission_heavy_presslight_reward_oracle	REAL_TEST	62	75.7	100.0	-11.87	1.53	0.24	2804		-0.9258	queue=0.0339;delay=0.0;waiting=0.0;pressure=0.0;switches=0.0;emission=0.8919		0.0000	180.7899	58.6099	10.0000	471.0000	0.0000	queue=0.6784;delay=0.7155;waiting=9.1571;pressure=12.125;switches=1.7278;emission=4.4595
cologne3_emission_heavy_presslight_reward_oracle	REAL_TRAIN	63	73.8	0.1	-11.84	1.56	0.24	2807	-0.31	0.0000			0.0000	180.8202	58.6197	5.0000	498.0000	0.0000	
cologne3_emission_heavy_presslight_reward_oracle	REAL_TRAIN	64	74.4	0.2	-11.72	1.50	0.23	2801	-0.31	0.0000			0.0000	179.9671	58.3431	1.0000	523.0000	0.0000	
cologne3_emission_heavy_presslight_reward_oracle	REAL_TEST	64	188.3	100.0	-12.25	1.82	0.25	2226		-0.9394	queue=0.0397;delay=0.0;waiting=0.0;pressure=0.0;switches=0.0;emission=0.8997		0.0000	161.8860	52.4815	5.0000	410.0000	0.0000	queue=0.7943;delay=0.7638;waiting=464.2778;pressure=12.4389;switches=1.6889;emission=4.4987
cologne3_emission_heavy_presslight_reward_oracle	REAL_TRAIN	65	578.6	0.2	-61.03	20.85	0.45	1341	-1.18	0.0000			47.3333	488.6956	158.4318	2.0000	327.0000	0.0000	
cologne3_emission_heavy_presslight_reward_oracle	REAL_TRAIN	66	72.9	0.2	-11.82	1.55	0.23	2805	-0.31	0.0000			0.0000	180.6421	58.5620	4.0000	508.0000	1.0000	
cologne3_emission_heavy_presslight_reward_oracle	REAL_TEST	66	541.5	100.0	-56.20	18.77	0.41	1398		-3.1925	queue=0.3799;delay=0.0;waiting=0.0;pressure=0.0;switches=0.0;emission=2.8125		43.3333	436.4335	141.4887	4.0000	341.0000	0.0000	queue=7.5987;delay=1.2201;waiting=7496.0477;pressure=59.8167;switches=1.7306;emission=14.0626
cologne3_emission_heavy_presslight_reward_oracle	REAL_TRAIN	67	622.8	0.2	-59.74	21.48	0.47	1246	-1.21	0.0000			30.3333	519.4689	168.4084	0.0000	350.0000	0.0000	
cologne3_emission_heavy_presslight_reward_oracle	REAL_TRAIN	68	73.8	0.2	-11.81	1.49	0.23	2813	-0.31	0.0000			0.0000	180.6223	58.5555	4.0000	490.0000	0.0000	
cologne3_emission_heavy_presslight_reward_oracle	REAL_TEST	68	72.2	100.0	-11.63	1.46	0.23	2811		-0.9196	queue=0.0326;delay=0.0;waiting=0.0;pressure=0.0;switches=0.0;emission=0.887		0.0000	180.2521	58.4355	2.0000	524.0000	0.0000	queue=0.6524;delay=0.6823;waiting=8.2565;pressure=11.8528;switches=1.6583;emission=4.4348
cologne3_emission_heavy_presslight_reward_oracle	REAL_TRAIN	69	193.0	0.1	-12.38	1.88	0.25	2206	-0.32	0.0000			89.3333	162.2635	52.6039	3.0000	437.0000	0.0000	
cologne3_emission_heavy_presslight_reward_oracle	REAL_TRAIN	70	72.1	0.1	-11.72	1.48	0.23	2796	-0.31	0.0000			0.0000	179.8464	58.3040	4.0000	509.0000	0.0000	
cologne3_emission_heavy_presslight_reward_oracle	REAL_TEST	70	157.6	100.0	-30.15	8.53	0.33	2265		-1.7996	queue=0.1655;delay=0.0;waiting=0.0;pressure=0.0;switches=0.0;emission=1.6341		59.0000	281.8162	91.3622	5.0000	537.0000	1.0000	queue=3.31;delay=0.9752;waiting=1377.1231;pressure=32.4528;switches=1.5111;emission=8.1705
cologne3_emission_heavy_presslight_reward_oracle	REAL_TRAIN	71	75.7	0.2	-11.82	1.52	0.23	2787	-0.31	0.0000			0.0000	179.8486	58.3047	4.0000	530.0000	0.0000	
cologne3_emission_heavy_presslight_reward_oracle	REAL_TRAIN	72	75.6	0.2	-11.85	1.54	0.23	2804	-0.31	0.0000			0.0000	180.7836	58.6078	5.0000	518.0000	0.0000	
cologne3_emission_heavy_presslight_reward_oracle	REAL_TEST	72	95.1	100.0	-14.51	2.40	0.25	2789		-1.0493	queue=0.0503;delay=0.0;waiting=0.0;pressure=0.0;switches=0.0;emission=0.999		0.0000	195.8132	63.4803	5.0000	516.0000	0.0000	queue=1.0057;delay=0.7429;waiting=34.1721;pressure=14.6806;switches=1.5861;emission=4.9949
cologne3_emission_heavy_presslight_reward_oracle	REAL_TRAIN	73	551.6	0.1	-60.06	20.58	0.46	1363	-1.19	0.0000			40.3333	466.9771	151.3908	2.0000	342.0000	0.0000	
cologne3_emission_heavy_presslight_reward_oracle	REAL_TRAIN	74	134.0	0.2	-14.67	4.97	0.29	2560	-0.53	0.0000			5.0000	285.0125	92.3984	2.0000	500.0000	0.0000	
cologne3_emission_heavy_presslight_reward_oracle	REAL_TEST	74	91.2	100.0	-12.56	1.77	0.25	2801		-0.9798	queue=0.0411;delay=0.0;waiting=0.0;pressure=0.0;switches=0.0;emission=0.9387		33.0000	184.8036	59.9111	3.0000	494.0000	0.0000	queue=0.8218;delay=0.7506;waiting=13.2729;pressure=12.8417;switches=1.6806;emission=4.6937
cologne3_emission_heavy_presslight_reward_oracle	REAL_TRAIN	75	170.7	0.2	-31.58	9.04	0.33	2285	-0.63	0.0000			96.3333	305.0373	98.8904	4.0000	540.0000	0.0000	
cologne3_emission_heavy_presslight_reward_oracle	REAL_TRAIN	76	76.8	0.1	-12.09	1.61	0.24	2808	-0.31	0.0000			0.0000	182.0236	59.0098	4.0000	530.0000	0.0000	
cologne3_emission_heavy_presslight_reward_oracle	REAL_TEST	76	74.7	100.0	-11.94	1.55	0.24	2804		-0.9310	queue=0.0346;delay=0.0;waiting=0.0;pressure=0.0;switches=0.0;emission=0.8963		0.0000	181.3023	58.7760	5.0000	493.0000	1.0000	queue=0.6929;delay=0.7058;waiting=9.4333;pressure=12.1444;switches=1.6889;emission=4.4815
cologne3_emission_heavy_presslight_reward_oracle	REAL_TRAIN	77	73.4	0.2	-11.98	1.57	0.23	2797	-0.31	0.0000			0.0000	182.0660	59.0236	7.0000	529.0000	1.0000	
cologne3_emission_heavy_presslight_reward_oracle	REAL_TRAIN	78	136.5	0.1	-17.34	5.86	0.29	2562	-0.58	0.0000			1.3333	299.9669	97.2465	4.0000	518.0000	0.0000	
cologne3_emission_heavy_presslight_reward_oracle	REAL_TEST	78	74.3	100.0	-12.11	1.62	0.24	2807		-0.9451	queue=0.0369;delay=0.0;waiting=0.0;pressure=0.0;switches=0.0;emission=0.9082		0.0000	182.9333	59.3048	2.0000	541.0000	0.0000	queue=0.7381;delay=0.7231;waiting=10.4634;pressure=12.3861;switches=1.8583;emission=4.5411
cologne3_emission_heavy_presslight_reward_oracle	REAL_TRAIN	79	73.3	0.2	-12.04	1.60	0.23	2811	-0.32	0.0000			0.0000	182.2298	59.0767	5.0000	540.0000	0.0000	
cologne3_emission_heavy_presslight_reward_oracle	REAL_TRAIN	80	75.3	0.1	-11.86	1.51	0.23	2799	-0.31	0.0000			0.0000	180.7826	58.6075	2.0000	505.0000	0.0000	
cologne3_emission_heavy_presslight_reward_oracle	REAL_TEST	80	75.8	100.0	-12.19	1.66	0.24	2805		-0.9483	queue=0.0373;delay=0.0;waiting=0.0;pressure=0.0;switches=0.0;emission=0.9109		0.0000	183.0699	59.3490	7.0000	542.0000	0.0000	queue=0.747;delay=0.727;waiting=10.2388;pressure=12.4556;switches=1.775;emission=4.5547
cologne3_emission_heavy_presslight_reward_oracle	REAL_TRAIN	81	73.7	0.2	-12.06	1.62	0.24	2803	-0.32	0.0000			0.0000	181.8645	58.9583	3.0000	518.0000	0.0000	
cologne3_emission_heavy_presslight_reward_oracle	REAL_TRAIN	82	497.9	0.1	-57.45	19.11	0.42	1460	-1.07	0.0000			33.0000	441.7089	143.1989	2.0000	393.0000	0.0000	
cologne3_emission_heavy_presslight_reward_oracle	REAL_TEST	82	139.0	100.0	-16.91	5.75	0.30	2513		-1.6635	queue=0.1469;delay=0.0;waiting=0.0;pressure=0.0;switches=0.0;emission=1.5166		10.3333	294.9837	95.6310	2.0000	471.0000	1.0000	queue=2.9389;delay=0.893;waiting=903.6111;pressure=23.525;switches=1.5306;emission=7.5828
cologne3_emission_heavy_presslight_reward_oracle	REAL_TRAIN	83	75.2	0.1	-12.16	1.60	0.24	2805	-0.32	0.0000			0.0000	182.8757	59.2861	7.0000	540.0000	0.0000	
cologne3_emission_heavy_presslight_reward_oracle	REAL_TRAIN	84	73.2	0.1	-11.73	1.50	0.23	2812	-0.31	0.0000			0.0000	180.6796	58.5741	6.0000	500.0000	0.0000	
cologne3_emission_heavy_presslight_reward_oracle	REAL_TEST	84	218.0	100.0	-30.08	10.02	0.33	2131		-2.1645	queue=0.2218;delay=0.0;waiting=0.0;pressure=0.0;switches=0.0;emission=1.9427		96.3333	351.3970	113.9200	5.0000	497.0000	0.0000	queue=4.4369;delay=1.0011;waiting=1731.166;pressure=37.5583;switches=1.4667;emission=9.7133
cologne3_emission_heavy_presslight_reward_oracle	REAL_TRAIN	85	75.1	0.1	-11.58	1.46	0.23	2813	-0.31	0.0000			0.0000	180.2867	58.4467	3.0000	513.0000	1.0000	
cologne3_emission_heavy_presslight_reward_oracle	REAL_TRAIN	86	489.3	0.1	-56.65	18.98	0.42	1467	-1.06	0.0000			35.3333	435.2129	141.0930	2.0000	380.0000	0.0000	
cologne3_emission_heavy_presslight_reward_oracle	REAL_TEST	86	103.0	100.0	-12.58	1.75	0.25	2796		-0.9671	queue=0.0387;delay=0.0;waiting=0.0;pressure=0.0;switches=0.0;emission=0.9284		0.0000	184.6712	59.8682	3.0000	519.0000	1.0000	queue=0.7737;delay=0.7486;waiting=11.362;pressure=12.7361;switches=1.7361;emission=4.6419
cologne3_emission_heavy_presslight_reward_oracle	REAL_TRAIN	87	74.9	0.2	-12.09	1.61	0.23	2805	-0.31	0.0000			35.0000	182.2480	59.0826	1.0000	510.0000	0.0000	
cologne3_emission_heavy_presslight_reward_oracle	REAL_TRAIN	88	74.3	0.1	-11.90	1.52	0.23	2811	-0.31	0.0000			0.0000	181.2768	58.7677	2.0000	521.0000	0.0000	
cologne3_emission_heavy_presslight_reward_oracle	REAL_TEST	88	131.2	100.0	-14.45	4.87	0.28	2555		-1.5533	queue=0.1298;delay=0.0;waiting=0.0;pressure=0.0;switches=0.0;emission=1.4234		5.0000	283.8633	92.0258	9.0000	496.0000	0.0000	queue=2.5969;delay=0.8458;waiting=762.3762;pressure=21.0361;switches=1.6361;emission=7.1172
cologne3_emission_heavy_presslight_reward_oracle	REAL_TRAIN	89	131.8	0.1	-14.11	4.74	0.28	2557	-0.51	0.0000			48.6667	281.5199	91.2661	5.0000	515.0000	1.0000	
cologne3_emission_heavy_presslight_reward_oracle	REAL_TRAIN	90	140.0	0.1	-19.50	6.34	0.30	2544	-0.61	0.0000			3.0000	298.7625	96.8560	7.0000	530.0000	0.0000	
cologne3_emission_heavy_presslight_reward_oracle	REAL_TEST	90	72.8	100.0	-11.82	1.52	0.23	2808		-0.9273	queue=0.0346;delay=0.0;waiting=0.0;pressure=0.0;switches=0.0;emission=0.8928		0.0000	180.7716	58.6039	8.0000	509.0000	0.0000	queue=0.6911;delay=0.6868;waiting=9.1559;pressure=12.0111;switches=1.9333;emission=4.4639
cologne3_emission_heavy_presslight_reward_oracle	REAL_TRAIN	91	72.9	0.1	-11.60	1.44	0.23	2811	-0.31	0.0000			0.0000	180.1192	58.3924	2.0000	532.0000	0.0000	
cologne3_emission_heavy_presslight_reward_oracle	REAL_TRAIN	92	73.4	0.1	-11.60	1.45	0.23	2803	-0.31	0.0000			0.0000	179.1808	58.0882	7.0000	504.0000	1.0000	
cologne3_emission_heavy_presslight_reward_oracle	REAL_TEST	92	138.9	100.0	-19.17	6.41	0.29	2519		-1.8335	queue=0.1717;delay=0.0;waiting=0.0;pressure=0.0;switches=0.0;emission=1.6618		8.3333	299.4223	97.0700	6.0000	511.0000	1.0000	queue=3.4345;delay=0.8805;waiting=1191.5556;pressure=22.6694;switches=1.7333;emission=8.3091
cologne3_emission_heavy_presslight_reward_oracle	REAL_TRAIN	93	73.2	0.1	-11.65	1.47	0.23	2808	-0.31	0.0000			0.0000	179.8593	58.3082	7.0000	499.0000	1.0000	
cologne3_emission_heavy_presslight_reward_oracle	REAL_TRAIN	94	75.0	0.1	-11.85	1.53	0.23	2806	-0.31	0.0000			35.6667	181.1244	58.7183	7.0000	516.0000	2.0000	
cologne3_emission_heavy_presslight_reward_oracle	REAL_TEST	94	71.6	100.0	-11.35	1.35	0.22	2813		-0.9080	queue=0.0311;delay=0.0;waiting=0.0;pressure=0.0;switches=0.0;emission=0.8769		0.0000	178.5375	57.8797	7.0000	516.0000	0.0000	queue=0.6216;delay=0.6662;waiting=7.5736;pressure=11.525;switches=2.0611;emission=4.3845
cologne3_emission_heavy_presslight_reward_oracle	REAL_TRAIN	95	259.5	0.1	-13.27	3.83	0.29	2000	-0.45	0.0000			98.6667	235.0490	76.2006	4.0000	456.0000	1.0000	
cologne3_emission_heavy_presslight_reward_oracle	REAL_TRAIN	96	137.7	0.1	-17.67	5.86	0.29	2542	-0.59	0.0000			4.3333	292.6552	94.8761	5.0000	526.0000	1.0000	
cologne3_emission_heavy_presslight_reward_oracle	REAL_TEST	96	75.6	100.0	-12.01	1.59	0.23	2804		-0.9394	queue=0.0362;delay=0.0;waiting=0.0;pressure=0.0;switches=0.0;emission=0.9032		0.0000	181.7348	58.9162	3.0000	536.0000	1.0000	queue=0.7231;delay=0.7001;waiting=9.8281;pressure=12.2139;switches=1.7583;emission=4.516
cologne3_emission_heavy_presslight_reward_oracle	REAL_TRAIN	97	75.3	0.1	-12.07	1.59	0.23	2813	-0.31	0.0000			0.0000	182.6790	59.2223	7.0000	515.0000	1.0000	
cologne3_emission_heavy_presslight_reward_oracle	REAL_TRAIN	98	151.1	0.1	-30.48	8.58	0.31	2274	-0.60	0.0000			53.0000	279.7480	90.6918	6.0000	494.0000	1.0000	
cologne3_emission_heavy_presslight_reward_oracle	REAL_TEST	98	85.4	100.0	-12.75	1.80	0.25	2809		-0.9708	queue=0.0397;delay=0.0;waiting=0.0;pressure=0.0;switches=0.0;emission=0.9311		0.0000	185.9916	60.2962	5.0000	519.0000	0.0000	queue=0.7943;delay=0.7497;waiting=12.5086;pressure=12.8806;switches=1.7806;emission=4.6555
cologne3_emission_heavy_presslight_reward_oracle	REAL_TRAIN	99	78.4	0.1	-11.90	1.54	0.24	2796	-0.31	0.0000			0.0000	180.7535	58.5981	3.0000	526.0000	0.0000	
cologne3_emission_heavy_presslight_reward_oracle	REAL_TRAIN	100	74.4	0.1	-12.04	1.59	0.23	2804	-0.31	0.0000			0.0000	181.6907	58.9019	5.0000	515.0000	0.0000	
cologne3_emission_heavy_presslight_reward_oracle	REAL_TEST	100	73.4	100.0	-11.85	1.53	0.24	2806		-0.9347	queue=0.0355;delay=0.0;waiting=0.0;pressure=0.0;switches=0.0;emission=0.8992		0.0000	180.8854	58.6408	4.0000	496.0000	0.0000	queue=0.7101;delay=0.7262;waiting=9.9381;pressure=12.0306;switches=1.7667;emission=4.4958
cologne3_emission_heavy_presslight_reward_oracle	REAL_TRAIN	101	154.6	0.1	-30.38	8.69	0.32	2263	-0.61	0.0000			62.0000	285.1719	92.4502	3.0000	548.0000	0.0000	
cologne3_emission_heavy_presslight_reward_oracle	REAL_TRAIN	102	498.0	0.1	-56.50	18.88	0.39	1455	-1.06	0.0000			42.6667	433.1461	140.4229	0.0000	396.0000	0.0000	
cologne3_emission_heavy_presslight_reward_oracle	REAL_TEST	102	154.3	100.0	-28.94	8.29	0.32	2265		-1.7674	queue=0.1624;delay=0.0;waiting=0.0;pressure=0.0;switches=0.0;emission=1.605		64.0000	278.0235	90.1327	7.0000	506.0000	0.0000	queue=3.2486;delay=0.947;waiting=1348.1458;pressure=30.2278;switches=1.5333;emission=8.0248
cologne3_emission_heavy_presslight_reward_oracle	REAL_TRAIN	103	76.0	0.1	-12.35	1.71	0.25	2803	-0.32	0.0000			0.0000	183.3593	59.4429	8.0000	494.0000	0.0000	
cologne3_emission_heavy_presslight_reward_oracle	REAL_TRAIN	104	74.5	0.1	-12.14	1.65	0.24	2812	-0.31	0.0000			0.0000	182.6076	59.1992	5.0000	527.0000	0.0000	
cologne3_emission_heavy_presslight_reward_oracle	REAL_TEST	104	74.9	100.0	-11.77	1.51	0.24	2800		-0.9222	queue=0.0341;delay=0.0;waiting=0.0;pressure=0.0;switches=0.0;emission=0.8881		0.0000	180.1399	58.3992	7.0000	492.0000	0.0000	queue=0.6822;delay=0.72;waiting=9.1438;pressure=11.9917;switches=1.8333;emission=4.4404
cologne3_emission_heavy_presslight_reward_oracle	REAL_TRAIN	105	78.3	0.1	-12.94	1.89	0.25	2796	-0.33	0.0000			35.0000	187.0217	60.6302	7.0000	556.0000	1.0000	
cologne3_emission_heavy_presslight_reward_oracle	REAL_TRAIN	106	78.4	0.1	-12.61	1.79	0.25	2810	-0.33	0.0000			0.0000	185.5449	60.1514	7.0000	522.0000	0.0000	
cologne3_emission_heavy_presslight_reward_oracle	REAL_TEST	106	78.1	100.0	-12.78	1.84	0.26	2808		-0.9822	queue=0.0422;delay=0.0;waiting=0.0;pressure=0.0;switches=0.0;emission=0.94		0.0000	186.3038	60.3974	9.0000	560.0000	1.0000	queue=0.8436;delay=0.7692;waiting=13.6163;pressure=13.0417;switches=1.7917;emission=4.6999
cologne3_emission_heavy_presslight_reward_oracle	REAL_TRAIN	107	87.0	0.1	-12.57	1.78	0.25	2806	-0.32	0.0000			0.0000	185.1715	60.0304	1.0000	498.0000	0.0000	
cologne3_emission_heavy_presslight_reward_oracle	REAL_TRAIN	108	517.4	0.1	-58.86	19.57	0.40	1474	-1.11	0.0000			48.3333	463.2830	150.1931	2.0000	422.0000	0.0000	
cologne3_emission_heavy_presslight_reward_oracle	REAL_TEST	108	72.8	100.0	-12.81	1.83	0.25	2806		-0.9980	queue=0.0441;delay=0.0;waiting=0.0;pressure=0.0;switches=0.0;emission=0.9539		0.0000	186.4363	60.4404	3.0000	565.0000	0.0000	queue=0.8811;delay=0.746;waiting=17.1407;pressure=12.9361;switches=1.7556;emission=4.7696
cologne3_emission_heavy_presslight_reward_oracle	REAL_TRAIN	109	83.4	0.2	-12.48	1.76	0.25	2808	-0.32	0.0000			0.0000	185.2482	60.0552	7.0000	548.0000	1.0000	
cologne3_emission_heavy_presslight_reward_oracle	REAL_TRAIN	110	79.8	0.1	-12.59	1.74	0.25	2809	-0.32	0.0000			0.0000	185.7274	60.2106	9.0000	559.0000	0.0000	
cologne3_emission_heavy_presslight_reward_oracle	REAL_TEST	110	87.3	100.0	-12.66	1.78	0.26	2802		-0.9715	queue=0.0399;delay=0.0;waiting=0.0;pressure=0.0;switches=0.0;emission=0.9316		33.3333	185.3616	60.0920	8.0000	510.0000	0.0000	queue=0.7981;delay=0.7686;waiting=11.5671;pressure=12.8917;switches=1.7667;emission=4.6581
cologne3_emission_heavy_presslight_reward_oracle	REAL_TRAIN	111	75.9	0.1	-12.28	1.66	0.24	2811	-0.32	0.0000			0.0000	183.2249	59.3993	4.0000	507.0000	0.0000	
cologne3_emission_heavy_presslight_reward_oracle	REAL_TRAIN	112	74.9	0.2	-12.43	1.72	0.25	2802	-0.32	0.0000			5.6667	184.3078	59.7504	5.0000	528.0000	0.0000	
cologne3_emission_heavy_presslight_reward_oracle	REAL_TEST	112	92.0	100.0	-13.03	1.93	0.27	2783		-0.9851	queue=0.0425;delay=0.0;waiting=0.0;pressure=0.0;switches=0.0;emission=0.9425		0.0000	186.6773	60.5185	3.0000	489.0000	1.0000	queue=0.8508;delay=0.7966;waiting=14.9675;pressure=13.2611;switches=1.7083;emission=4.7126
cologne3_emission_heavy_presslight_reward_oracle	REAL_TRAIN	113	74.5	0.1	-12.17	1.64	0.24	2799	-0.32	0.0000			31.6667	182.7701	59.2518	3.0000	545.0000	0.0000	
cologne3_emission_heavy_presslight_reward_oracle	REAL_TRAIN	114	391.2	0.1	-54.49	18.08	0.39	1600	-1.03	0.0000			47.3333	424.2866	137.5507	1.0000	411.0000	0.0000	
cologne3_emission_heavy_presslight_reward_oracle	REAL_TEST	114	102.7	100.0	-13.71	2.11	0.27	2773		-1.0099	queue=0.0458;delay=0.0;waiting=0.0;pressure=0.0;switches=0.0;emission=0.9642		39.3333	189.5525	61.4507	7.0000	507.0000	1.0000	queue=0.9156;delay=0.8238;waiting=16.7343;pressure=13.9278;switches=1.7611;emission=4.8208
cologne3_emission_heavy_presslight_reward_oracle	REAL_TRAIN	115	90.4	0.2	-13.14	1.95	0.26	2802	-0.33	0.0000			0.0000	188.0609	60.9671	4.0000	501.0000	1.0000	
cologne3_emission_heavy_presslight_reward_oracle	REAL_TRAIN	116	77.5	0.2	-12.65	1.78	0.25	2804	-0.32	0.0000			0.0000	184.8650	59.9310	6.0000	511.0000	0.0000	
cologne3_emission_heavy_presslight_reward_oracle	REAL_TEST	116	82.0	100.0	-12.84	1.85	0.25	2798		-0.9708	queue=0.0403;delay=0.0;waiting=0.0;pressure=0.0;switches=0.0;emission=0.9305		0.0000	186.3970	60.4277	6.0000	513.0000	0.0000	queue=0.8058;delay=0.7631;waiting=12.9192;pressure=13.0889;switches=1.7833;emission=4.6526
cologne3_emission_heavy_presslight_reward_oracle	REAL_TRAIN	117	77.1	0.1	-12.27	1.65	0.24	2795	-0.32	0.0000			35.6667	183.0346	59.3376	3.0000	529.0000	0.0000	
cologne3_emission_heavy_presslight_reward_oracle	REAL_TRAIN	118	153.4	0.1	-20.08	6.16	0.31	2527	-0.55	0.0000			14.6667	297.9733	96.6002	1.0000	551.0000	0.0000	
cologne3_emission_heavy_presslight_reward_oracle	REAL_TEST	118	75.5	100.0	-12.28	1.67	0.24	2807		-0.9531	queue=0.0375;delay=0.0;waiting=0.0;pressure=0.0;switches=0.0;emission=0.9156		0.0000	183.6776	59.5460	4.0000	538.0000	0.0000	queue=0.7505;delay=0.732;waiting=10.3237;pressure=12.4556;switches=1.8361;emission=4.5778
cologne3_emission_heavy_presslight_reward_oracle	REAL_TRAIN	119	73.5	0.1	-12.08	1.60	0.24	2796	-0.32	0.0000			0.0000	182.4996	59.1641	3.0000	550.0000	0.0000	
cologne3_emission_heavy_presslight_reward_oracle	REAL_TRAIN	120	76.0	0.1	-12.18	1.61	0.25	2807	-0.31	0.0000			0.0000	182.7976	59.2608	2.0000	515.0000	0.0000	
cologne3_emission_heavy_presslight_reward_oracle	REAL_TEST	120	72.1	100.0	-11.80	1.51	0.23	2809		-0.9220	queue=0.0339;delay=0.0;waiting=0.0;pressure=0.0;switches=0.0;emission=0.8881		0.0000	180.4036	58.4847	2.0000	508.0000	0.0000	queue=0.6785;delay=0.6946;waiting=8.9433;pressure=12.0;switches=1.7139;emission=4.4406
cologne3_emission_heavy_presslight_reward_oracle	REAL_TRAIN	121	74.7	0.1	-11.89	1.55	0.24	2805	-0.31	0.0000			0.0000	180.8697	58.6358	0.0000	518.0000	0.0000	
cologne3_emission_heavy_presslight_reward_oracle	REAL_TRAIN	122	482.2	0.1	-56.69	19.00	0.42	1476	-1.07	0.0000			29.6667	436.7813	141.6014	1.0000	377.0000	0.0000	
cologne3_emission_heavy_presslight_reward_oracle	REAL_TEST	122	72.9	100.0	-12.00	1.56	0.24	2805		-0.9385	queue=0.0354;delay=0.0;waiting=0.0;pressure=0.0;switches=0.0;emission=0.9031		0.0000	181.4478	58.8232	5.0000	530.0000	0.0000	queue=0.7075;delay=0.7185;waiting=9.3492;pressure=12.2528;switches=1.8583;emission=4.5157
cologne3_emission_heavy_presslight_reward_oracle	REAL_TRAIN	123	72.8	0.1	-11.50	1.43	0.23	2802	-0.30	0.0000			34.3333	178.7532	57.9496	5.0000	493.0000	0.0000	
cologne3_emission_heavy_presslight_reward_oracle	REAL_TRAIN	124	74.5	0.1	-11.94	1.57	0.23	2806	-0.31	0.0000			0.0000	181.4538	58.8251	4.0000	518.0000	0.0000	
cologne3_emission_heavy_presslight_reward_oracle	REAL_TEST	124	95.2	100.0	-13.15	1.98	0.25	2793		-0.9967	queue=0.0441;delay=0.0;waiting=0.0;pressure=0.0;switches=0.0;emission=0.9526		0.0000	187.9389	60.9275	6.0000	553.0000	0.0000	queue=0.8824;delay=0.7559;waiting=15.026;pressure=13.2917;switches=1.7472;emission=4.7628
cologne3_emission_heavy_presslight_reward_oracle	REAL_TRAIN	125	74.5	0.1	-11.88	1.55	0.23	2806	-0.31	0.0000			0.0000	180.6596	58.5676	4.0000	498.0000	0.0000	
cologne3_emission_heavy_presslight_reward_oracle	REAL_TRAIN	126	75.5	0.1	-12.13	1.64	0.24	2805	-0.32	0.0000			0.0000	182.2799	59.0929	4.0000	484.0000	0.0000	
cologne3_emission_heavy_presslight_reward_oracle	REAL_TEST	126	76.3	100.0	-11.81	1.52	0.23	2803		-0.9310	queue=0.0344;delay=0.0;waiting=0.0;pressure=0.0;switches=0.0;emission=0.8966		0.0000	180.4490	58.4994	6.0000	468.0000	0.0000	queue=0.6876;delay=0.7008;waiting=9.4111;pressure=12.0139;switches=1.6722;emission=4.483
cologne3_emission_heavy_presslight_reward_oracle	REAL_TRAIN	127	74.7	0.1	-11.92	1.56	0.23	2801	-0.31	0.0000			34.0000	181.1374	58.7226	5.0000	512.0000	0.0000	
cologne3_emission_heavy_presslight_reward_oracle	REAL_TRAIN	128	74.2	0.1	-11.70	1.49	0.24	2804	-0.31	0.0000			0.0000	179.7257	58.2649	10.0000	480.0000	0.0000	
cologne3_emission_heavy_presslight_reward_oracle	REAL_TEST	128	540.8	100.0	-59.87	19.92	0.43	1375		-3.3697	queue=0.4067;delay=0.0;waiting=0.0;pressure=0.0;switches=0.0;emission=2.963		28.3333	464.1341	150.4691	0.0000	328.0000	0.0000	queue=8.1339;delay=1.2973;waiting=8246.8652;pressure=63.3111;switches=1.2278;emission=14.815
cologne3_emission_heavy_presslight_reward_oracle	REAL_TRAIN	129	74.2	0.1	-11.81	1.54	0.23	2801	-0.31	0.0000			0.0000	180.8607	58.6328	6.0000	504.0000	0.0000	
cologne3_emission_heavy_presslight_reward_oracle	REAL_TRAIN	130	509.5	0.1	-57.84	19.27	0.41	1434	-1.09	0.0000			30.3333	445.4106	144.3990	1.0000	362.0000	0.0000	
cologne3_emission_heavy_presslight_reward_oracle	REAL_TEST	130	72.6	100.0	-11.46	1.43	0.23	2805		-0.9136	queue=0.0329;delay=0.0;waiting=0.0;pressure=0.0;switches=0.0;emission=0.8807		0.0000	178.2494	57.7863	7.0000	465.0000	0.0000	queue=0.6578;delay=0.6943;waiting=8.291;pressure=11.7361;switches=1.6861;emission=4.4036
cologne3_emission_heavy_presslight_reward_oracle	REAL_TRAIN	131	133.8	0.1	-14.11	4.80	0.27	2558	-0.51	0.0000			5.0000	282.5343	91.5950	1.0000	492.0000	0.0000	
cologne3_emission_heavy_presslight_reward_oracle	REAL_TRAIN	132	487.4	0.1	-55.75	18.67	0.41	1470	-1.05	0.0000			31.6667	431.4865	139.8849	2.0000	349.0000	0.0000	
cologne3_emission_heavy_presslight_reward_oracle	REAL_TEST	132	75.0	100.0	-11.41	1.41	0.23	2805		-0.9105	queue=0.0325;delay=0.0;waiting=0.0;pressure=0.0;switches=0.0;emission=0.878		0.0000	178.3591	57.8218	1.0000	464.0000	0.0000	queue=0.65;delay=0.6896;waiting=8.5905;pressure=11.6861;switches=1.7444;emission=4.3899
cologne3_emission_heavy_presslight_reward_oracle	REAL_TRAIN	133	75.8	0.1	-11.82	1.51	0.23	2803	-0.31	0.0000			0.0000	180.3048	58.4526	8.0000	494.0000	0.0000	
cologne3_emission_heavy_presslight_reward_oracle	REAL_TRAIN	134	74.1	0.1	-11.62	1.46	0.23	2807	-0.31	0.0000			34.6667	179.6513	58.2408	2.0000	492.0000	0.0000	
cologne3_emission_heavy_presslight_reward_oracle	REAL_TEST	134	75.2	100.0	-11.98	1.59	0.24	2804		-0.9447	queue=0.037;delay=0.0;waiting=0.0;pressure=0.0;switches=0.0;emission=0.9077		0.0000	181.4664	58.8292	4.0000	513.0000	0.0000	queue=0.74;delay=0.7288;waiting=10.5637;pressure=12.1278;switches=1.7417;emission=4.5383
cologne3_emission_heavy_presslight_reward_oracle	REAL_TRAIN	135	72.2	0.1	-11.77	1.50	0.23	2801	-0.31	0.0000			32.0000	180.2732	58.4424	4.0000	531.0000	1.0000	
cologne3_emission_heavy_presslight_reward_oracle	REAL_TRAIN	136	73.7	0.1	-11.66	1.49	0.23	2805	-0.31	0.0000			0.0000	179.5094	58.1948	3.0000	463.0000	0.0000	
cologne3_emission_heavy_presslight_reward_oracle	REAL_TEST	136	475.6	100.0	-56.58	18.96	0.40	1485		-3.1859	queue=0.3777;delay=0.0;waiting=0.0;pressure=0.0;switches=0.0;emission=2.8082		30.3333	437.0915	141.7020	2.0000	385.0000	0.0000	queue=7.5539;delay=1.2137;waiting=7501.3389;pressure=60.825;switches=1.3667;emission=14.041
cologne3_emission_heavy_presslight_reward_oracle	REAL_TRAIN	137	76.2	0.1	-12.32	1.68	0.24	2804	-0.32	0.0000			0.0000	183.8242	59.5936	5.0000	519.0000	0.0000	
cologne3_emission_heavy_presslight_reward_oracle	REAL_TRAIN	138	154.3	0.1	-31.15	8.78	0.30	2259	-0.61	0.0000			51.0000	279.8677	90.7306	9.0000	460.0000	0.0000	
cologne3_emission_heavy_presslight_reward_oracle	REAL_TEST	138	76.0	100.0	-11.64	1.47	0.24	2805		-0.9168	queue=0.0332;delay=0.0;waiting=0.0;pressure=0.0;switches=0.0;emission=0.8836		0.0000	179.4379	58.1716	7.0000	463.0000	0.0000	queue=0.6637;delay=0.7077;waiting=8.9885;pressure=11.7778;switches=1.75;emission=4.4182
cologne3_emission_heavy_presslight_reward_oracle	REAL_TRAIN	139	143.2	0.1	-15.83	5.26	0.28	2546	-0.55	0.0000			41.6667	289.9532	94.0001	5.0000	515.0000	0.0000	
cologne3_emission_heavy_presslight_reward_oracle	REAL_TRAIN	140	77.0	0.2	-12.01	1.59	0.24	2803	-0.31	0.0000			0.0000	181.5824	58.8668	4.0000	526.0000	0.0000	
cologne3_emission_heavy_presslight_reward_oracle	REAL_TEST	140	89.7	100.0	-12.53	1.76	0.24	2789		-0.9600	queue=0.0386;delay=0.0;waiting=0.0;pressure=0.0;switches=0.0;emission=0.9215		0.0000	183.9210	59.6250	2.0000	462.0000	1.0000	queue=0.7711;delay=0.733;waiting=12.5182;pressure=12.7389;switches=1.7111;emission=4.6073
cologne3_emission_heavy_presslight_reward_oracle	REAL_TRAIN	141	76.4	0.1	-12.04	1.61	0.24	2803	-0.31	0.0000			0.0000	181.9686	58.9920	4.0000	508.0000	0.0000	
cologne3_emission_heavy_presslight_reward_oracle	REAL_TRAIN	142	472.6	0.1	-55.70	18.45	0.41	1503	-1.04	0.0000			31.0000	427.4061	138.5620	5.0000	361.0000	0.0000	
cologne3_emission_heavy_presslight_reward_oracle	REAL_TEST	142	503.1	100.0	-64.98	21.36	0.43	1434		-3.7375	queue=0.4587;delay=0.0;waiting=0.0;pressure=0.0;switches=0.0;emission=3.2789		46.3333	490.0089	158.8575	4.0000	390.0000	0.0000	queue=9.1731;delay=1.2858;waiting=8674.8833;pressure=66.1639;switches=1.1083;emission=16.3943
cologne3_emission_heavy_presslight_reward_oracle	REAL_TRAIN	143	91.3	0.2	-12.93	1.89	0.25	2801	-0.33	0.0000			34.0000	186.6799	60.5194	7.0000	531.0000	2.0000	
cologne3_emission_heavy_presslight_reward_oracle	REAL_TRAIN	144	470.3	0.2	-55.03	18.24	0.38	1518	-1.03	0.0000			33.3333	426.7380	138.3454	0.0000	404.0000	0.0000	
cologne3_emission_heavy_presslight_reward_oracle	REAL_TEST	144	73.9	100.0	-12.05	1.59	0.24	2800		-0.9392	queue=0.0359;delay=0.0;waiting=0.0;pressure=0.0;switches=0.0;emission=0.9033		0.0000	181.3638	58.7959	8.0000	500.0000	0.0000	queue=0.7177;delay=0.7227;waiting=10.5021;pressure=12.2472;switches=1.7361;emission=4.5165
cologne3_emission_heavy_presslight_reward_oracle	REAL_TRAIN	145	104.0	0.2	-12.97	1.89	0.26	2802	-0.33	0.0000			0.0000	187.4237	60.7605	2.0000	490.0000	0.0000	
cologne3_emission_heavy_presslight_reward_oracle	REAL_TRAIN	146	188.5	0.2	-33.48	9.83	0.34	2279	-0.67	0.0000			94.0000	315.6513	102.3313	4.0000	544.0000	1.0000	
cologne3_emission_heavy_presslight_reward_oracle	REAL_TEST	146	94.0	100.0	-13.01	1.91	0.25	2801		-0.9877	queue=0.042;delay=0.0;waiting=0.0;pressure=0.0;switches=0.0;emission=0.9456		32.6667	187.4593	60.7721	5.0000	504.0000	1.0000	queue=0.8409;delay=0.7509;waiting=15.6568;pressure=13.2056;switches=1.7194;emission=4.7281
cologne3_emission_heavy_presslight_reward_oracle	REAL_TRAIN	147	90.0	0.2	-12.93	1.87	0.26	2790	-0.33	0.0000			31.0000	186.6394	60.5062	4.0000	520.0000	0.0000	
cologne3_emission_heavy_presslight_reward_oracle	REAL_TRAIN	148	79.9	0.2	-12.67	1.79	0.25	2803	-0.32	0.0000			0.0000	185.0850	60.0023	7.0000	527.0000	0.0000	
cologne3_emission_heavy_presslight_reward_oracle	REAL_TEST	148	85.4	100.0	-12.21	1.66	0.24	2801		-0.9466	queue=0.0371;delay=0.0;waiting=0.0;pressure=0.0;switches=0.0;emission=0.9095		0.0000	182.2994	59.0992	4.0000	480.0000	0.0000	queue=0.7427;delay=0.7257;waiting=11.1787;pressure=12.4417;switches=1.775;emission=4.5474
cologne3_emission_heavy_presslight_reward_oracle	REAL_TRAIN	149	213.5	0.2	-21.04	4.80	0.29	2195	-0.44	0.0000			0.0000	209.2295	67.8299	3.0000	590.0000	1.0000	
cologne3_emission_heavy_presslight_reward_oracle	REAL_TRAIN	150	87.4	0.2	-12.66	1.82	0.25	2805	-0.33	0.0000			0.0000	186.0133	60.3033	3.0000	522.0000	1.0000	
cologne3_emission_heavy_presslight_reward_oracle	REAL_TEST	150	71.6	100.0	-11.70	1.51	0.23	2801		-0.9178	queue=0.0338;delay=0.0;waiting=0.0;pressure=0.0;switches=0.0;emission=0.8839		0.0000	179.4567	58.1777	6.0000	488.0000	0.0000	queue=0.6765;delay=0.7031;waiting=9.9275;pressure=11.9194;switches=1.725;emission=4.4197
cologne3_emission_heavy_presslight_reward_oracle	REAL_TRAIN	151	93.5	0.2	-12.44	1.72	0.25	2804	-0.32	0.0000			0.0000	184.1388	59.6956	5.0000	495.0000	0.0000	
cologne3_emission_heavy_presslight_reward_oracle	REAL_TRAIN	152	80.2	0.1	-12.62	1.79	0.25	2805	-0.32	0.0000			0.0000	184.8827	59.9367	9.0000	517.0000	0.0000	
cologne3_emission_heavy_presslight_reward_oracle	REAL_TEST	152	72.8	100.0	-12.19	1.65	0.24	2807		-0.9432	queue=0.0371;delay=0.0;waiting=0.0;pressure=0.0;switches=0.0;emission=0.9061		0.0000	183.3358	59.4352	3.0000	498.0000	0.0000	queue=0.742;delay=0.725;waiting=12.503;pressure=12.4;switches=1.8444;emission=4.5306
cologne3_emission_heavy_presslight_reward_oracle	REAL_TRAIN	153	75.5	0.1	-12.26	1.69	0.24	2802	-0.32	0.0000			0.0000	182.5699	59.1870	3.0000	492.0000	0.0000	
cologne3_emission_heavy_presslight_reward_oracle	REAL_TRAIN	154	80.7	0.1	-12.37	1.73	0.25	2800	-0.32	0.0000			0.0000	183.4273	59.4649	3.0000	520.0000	0.0000	
cologne3_emission_heavy_presslight_reward_oracle	REAL_TEST	154	76.9	100.0	-12.17	1.62	0.24	2791		-0.9428	queue=0.0362;delay=0.0;waiting=0.0;pressure=0.0;switches=0.0;emission=0.9065		0.0000	181.8955	58.9683	4.0000	497.0000	0.0000	queue=0.7248;delay=0.733;waiting=11.2965;pressure=12.3778;switches=1.8583;emission=4.5327
cologne3_emission_heavy_presslight_reward_oracle	REAL_TRAIN	155	78.0	0.1	-12.23	1.67	0.25	2806	-0.31	0.0000			0.0000	183.0781	59.3517	4.0000	484.0000	0.0000	
cologne3_emission_heavy_presslight_reward_oracle	REAL_TRAIN	156	80.0	0.1	-12.34	1.70	0.25	2796	-0.32	0.0000			0.0000	183.4837	59.4832	3.0000	466.0000	0.0000	
cologne3_emission_heavy_presslight_reward_oracle	REAL_TEST	156	86.0	100.0	-12.31	1.69	0.25	2797		-0.9495	queue=0.0378;delay=0.0;waiting=0.0;pressure=0.0;switches=0.0;emission=0.9117		32.3333	182.8263	59.2701	3.0000	446.0000	0.0000	queue=0.7565;delay=0.7451;waiting=12.1921;pressure=12.475;switches=1.8222;emission=4.5583
cologne3_emission_heavy_presslight_reward_oracle	REAL_TRAIN	157	136.5	0.1	-16.48	5.49	0.31	2550	-0.55	0.0000			5.3333	292.2503	94.7448	1.0000	526.0000	0.0000	
cologne3_emission_heavy_presslight_reward_oracle	REAL_TRAIN	158	80.8	0.1	-12.65	1.79	0.26	2807	-0.32	0.0000			0.0000	185.0179	59.9806	3.0000	507.0000	0.0000	
cologne3_emission_heavy_presslight_reward_oracle	REAL_TEST	158	73.7	100.0	-11.95	1.56	0.24	2804		-0.9328	queue=0.0348;delay=0.0;waiting=0.0;pressure=0.0;switches=0.0;emission=0.8979		0.0000	181.9251	58.9779	5.0000	531.0000	0.0000	queue=0.6965;delay=0.7091;waiting=9.219;pressure=12.0972;switches=1.9639;emission=4.4897
cologne3_emission_heavy_presslight_reward_oracle	REAL_TRAIN	159	79.4	0.1	-12.84	1.85	0.26	2801	-0.33	0.0000			33.6667	186.6876	60.5219	7.0000	563.0000	0.0000	
cologne3_emission_heavy_presslight_reward_oracle	REAL_TRAIN	160	158.7	0.1	-30.46	8.60	0.35	2265	-0.61	0.0000			62.3333	282.8704	91.7040	1.0000	507.0000	0.0000	
cologne3_emission_heavy_presslight_reward_oracle	REAL_TEST	160	199.4	100.0	-12.76	1.98	0.27	2206		-0.9642	queue=0.0434;delay=0.0;waiting=0.0;pressure=0.0;switches=0.0;emission=0.9208		0.0000	164.5482	53.3446	6.0000	442.0000	1.0000	queue=0.8689;delay=0.8076;waiting=513.7369;pressure=13.0083;switches=1.8806;emission=4.6038
cologne3_emission_heavy_presslight_reward_oracle	REAL_TRAIN	161	75.1	0.1	-12.42	1.74	0.25	2802	-0.32	0.0000			35.0000	184.1231	59.6905	6.0000	530.0000	1.0000	
cologne3_emission_heavy_presslight_reward_oracle	REAL_TRAIN	162	76.8	0.1	-13.08	1.93	0.26	2802	-0.33	0.0000			0.0000	188.0681	60.9694	5.0000	552.0000	0.0000	
cologne3_emission_heavy_presslight_reward_oracle	REAL_TEST	162	73.9	100.0	-12.31	1.66	0.25	2804		-0.9548	queue=0.0383;delay=0.0;waiting=0.0;pressure=0.0;switches=0.0;emission=0.9166		0.0000	183.7140	59.5579	4.0000	542.0000	0.0000	queue=0.7654;delay=0.7351;waiting=10.7392;pressure=12.3861;switches=1.8528;emission=4.5829
cologne3_emission_heavy_presslight_reward_oracle	REAL_TRAIN	163	75.3	0.1	-12.46	1.70	0.25	2801	-0.32	0.0000			39.3333	184.4801	59.8062	5.0000	570.0000	0.0000	
cologne3_emission_heavy_presslight_reward_oracle	REAL_TRAIN	164	136.1	0.1	-17.28	5.23	0.29	2545	-0.53	0.0000			5.0000	278.4947	90.2853	6.0000	520.0000	0.0000	
cologne3_emission_heavy_presslight_reward_oracle	REAL_TEST	164	185.6	100.0	-11.45	1.58	0.26	2223		-0.9052	queue=0.0356;delay=0.0;waiting=0.0;pressure=0.0;switches=0.0;emission=0.8696		85.6667	157.7777	51.1496	6.0000	421.0000	0.0000	queue=0.7128;delay=0.7704;waiting=319.0337;pressure=11.7139;switches=1.7583;emission=4.348
cologne3_emission_heavy_presslight_reward_oracle	REAL_TRAIN	165	76.2	0.1	-12.25	1.68	0.24	2804	-0.32	0.0000			34.0000	183.2001	59.3912	5.0000	555.0000	0.0000	
cologne3_emission_heavy_presslight_reward_oracle	REAL_TRAIN	166	76.5	0.1	-12.92	1.89	0.25	2797	-0.33	0.0000			0.0000	187.4252	60.7610	3.0000	573.0000	0.0000	
cologne3_emission_heavy_presslight_reward_oracle	REAL_TEST	166	139.1	100.0	-18.75	5.71	0.30	2520		-1.6630	queue=0.146;delay=0.0;waiting=0.0;pressure=0.0;switches=0.0;emission=1.517		10.6667	285.7746	92.6454	5.0000	531.0000	0.0000	queue=2.9207;delay=0.9007;waiting=845.0962;pressure=21.9889;switches=1.6083;emission=7.585
cologne3_emission_heavy_presslight_reward_oracle	REAL_TRAIN	167	135.0	0.1	-17.05	4.98	0.29	2558	-0.52	0.0000			3.6667	276.6889	89.6999	3.0000	553.0000	0.0000	
cologne3_emission_heavy_presslight_reward_oracle	REAL_TRAIN	168	87.1	0.1	-12.71	1.78	0.26	2803	-0.33	0.0000			0.0000	186.4038	60.4299	6.0000	565.0000	0.0000	
cologne3_emission_heavy_presslight_reward_oracle	REAL_TEST	168	132.4	100.0	-17.60	5.34	0.30	2555		-1.6190	queue=0.1398;delay=0.0;waiting=0.0;pressure=0.0;switches=0.0;emission=1.4793		5.0000	281.3954	91.2257	5.0000	522.0000	0.0000	queue=2.7953;delay=0.8935;waiting=796.7583;pressure=20.775;switches=1.6722;emission=7.3964
cologne3_emission_heavy_presslight_reward_oracle	REAL_TRAIN	169	76.1	0.1	-12.01	1.61	0.24	2796	-0.31	0.0000			0.0000	181.1856	58.7382	8.0000	486.0000	0.0000	
cologne3_emission_heavy_presslight_reward_oracle	REAL_TRAIN	170	75.7	0.1	-11.95	1.58	0.23	2803	-0.31	0.0000			0.0000	182.0416	59.0157	9.0000	531.0000	0.0000	
cologne3_emission_heavy_presslight_reward_oracle	REAL_TEST	170	76.5	100.0	-12.60	1.76	0.25	2804		-0.9685	queue=0.0396;delay=0.0;waiting=0.0;pressure=0.0;switches=0.0;emission=0.9289		0.0000	185.5902	60.1661	6.0000	570.0000	0.0000	queue=0.7914;delay=0.7481;waiting=14.1289;pressure=12.8222;switches=1.7306;emission=4.6444
cologne3_emission_heavy_presslight_reward_oracle	REAL_TRAIN	171	76.4	0.1	-12.35	1.70	0.25	2814	-0.32	0.0000			0.0000	184.1715	59.7062	2.0000	512.0000	0.0000	
cologne3_emission_heavy_presslight_reward_oracle	REAL_TRAIN	172	220.4	0.1	-35.18	9.79	0.32	2163	-0.65	0.0000			24.0000	277.4302	89.9404	2.0000	425.0000	0.0000	
cologne3_emission_heavy_presslight_reward_oracle	REAL_TEST	172	562.4	100.0	-60.84	20.41	0.44	1353		-3.4478	queue=0.4183;delay=0.0;waiting=0.0;pressure=0.0;switches=0.0;emission=3.0295		44.6667	474.5043	153.8310	1.0000	331.0000	2.0000	queue=8.3664;delay=1.332;waiting=8441.2743;pressure=64.4222;switches=1.275;emission=15.1475
cologne3_emission_heavy_presslight_reward_oracle	REAL_TRAIN	173	81.3	0.1	-12.20	1.67	0.25	2797	-0.31	0.0000			0.0000	182.4039	59.1331	4.0000	496.0000	1.0000	
cologne3_emission_heavy_presslight_reward_oracle	REAL_TRAIN	174	76.0	0.1	-12.29	1.67	0.24	2799	-0.32	0.0000			32.3333	182.8667	59.2832	5.0000	514.0000	1.0000	
cologne3_emission_heavy_presslight_reward_oracle	REAL_TEST	174	75.8	100.0	-12.15	1.64	0.24	2803		-0.9493	queue=0.0372;delay=0.0;waiting=0.0;pressure=0.0;switches=0.0;emission=0.9121		0.0000	182.7962	59.2603	8.0000	548.0000	1.0000	queue=0.7448;delay=0.7189;waiting=10.4894;pressure=12.3611;switches=1.8806;emission=4.5603
cologne3_emission_heavy_presslight_reward_oracle	REAL_TRAIN	175	79.7	0.1	-12.36	1.68	0.24	2805	-0.32	0.0000			0.0000	183.6290	59.5303	4.0000	517.0000	1.0000	
cologne3_emission_heavy_presslight_reward_oracle	REAL_TRAIN	176	75.7	0.1	-12.04	1.60	0.24	2788	-0.31	0.0000			0.0000	180.9627	58.6659	3.0000	515.0000	0.0000	
cologne3_emission_heavy_presslight_reward_oracle	REAL_TEST	176	160.7	100.0	-20.69	6.37	0.32	2501		-1.8186	queue=0.1684;delay=0.0;waiting=0.0;pressure=0.0;switches=0.0;emission=1.6503		50.6667	297.8694	96.5665	5.0000	488.0000	0.0000	queue=3.3678;delay=0.9715;waiting=967.8049;pressure=23.6028;switches=1.5056;emission=8.2513
cologne3_emission_heavy_presslight_reward_oracle	REAL_TRAIN	177	74.9	0.1	-11.83	1.56	0.24	2806	-0.31	0.0000			0.0000	180.4926	58.5135	4.0000	498.0000	1.0000	
cologne3_emission_heavy_presslight_reward_oracle	REAL_TRAIN	178	138.5	0.1	-16.93	5.74	0.29	2562	-0.56	0.0000			5.0000	299.1941	96.9960	3.0000	545.0000	0.0000	
cologne3_emission_heavy_presslight_reward_oracle	REAL_TEST	178	80.0	100.0	-11.91	1.57	0.24	2802		-0.9407	queue=0.0364;delay=0.0;waiting=0.0;pressure=0.0;switches=0.0;emission=0.9043		0.0000	181.3289	58.7846	2.0000	527.0000	0.0000	queue=0.7272;delay=0.7241;waiting=10.0215;pressure=12.2722;switches=1.9944;emission=4.5216
cologne3_emission_heavy_presslight_reward_oracle	REAL_TRAIN	179	512.7	0.1	-57.96	19.33	0.42	1443	-1.08	0.0000			28.6667	445.8052	144.5269	3.0000	349.0000	0.0000	
cologne3_emission_heavy_presslight_reward_oracle	REAL_TRAIN	180	132.5	0.1	-16.74	5.07	0.28	2552	-0.53	0.0000			5.0000	279.4965	90.6101	5.0000	563.0000	0.0000	
cologne3_emission_heavy_presslight_reward_oracle	REAL_TEST	180	91.5	100.0	-12.76	1.81	0.25	2790		-0.9734	queue=0.0399;delay=0.0;waiting=0.0;pressure=0.0;switches=0.0;emission=0.9336		0.0000	186.1436	60.3455	3.0000	529.0000	1.0000	queue=0.7971;delay=0.7507;waiting=13.6234;pressure=12.9917;switches=1.775;emission=4.6679
cologne3_emission_heavy_presslight_reward_oracle	REAL_TRAIN	181	138.1	0.1	-16.41	4.91	0.29	2555	-0.52	0.0000			5.0000	276.2763	89.5661	9.0000	509.0000	0.0000	
cologne3_emission_heavy_presslight_reward_oracle	REAL_TRAIN	182	82.1	0.1	-12.04	1.58	0.24	2796	-0.31	0.0000			0.0000	181.9166	58.9752	7.0000	516.0000	0.0000	
cologne3_emission_heavy_presslight_reward_oracle	REAL_TEST	182	99.8	100.0	-12.62	1.78	0.25	2785		-0.9657	queue=0.0389;delay=0.0;waiting=0.0;pressure=0.0;switches=0.0;emission=0.9268		0.0000	184.4645	59.8012	3.0000	466.0000	0.0000	queue=0.7771;delay=0.759;waiting=14.1875;pressure=12.7833;switches=1.6583;emission=4.6341
cologne3_emission_heavy_presslight_reward_oracle	REAL_TRAIN	183	173.7	0.1	-29.21	8.85	0.32	2395	-0.77	0.0000			55.6667	331.7236	107.5419	4.0000	524.0000	0.0000	
cologne3_emission_heavy_presslight_reward_oracle	REAL_TRAIN	184	74.4	0.1	-11.94	1.56	0.24	2803	-0.31	0.0000			0.0000	181.2232	58.7503	3.0000	546.0000	0.0000	
cologne3_emission_heavy_presslight_reward_oracle	REAL_TEST	184	72.7	100.0	-12.24	1.66	0.23	2813		-0.9483	queue=0.0375;delay=0.0;waiting=0.0;pressure=0.0;switches=0.0;emission=0.9108		0.0000	183.9113	59.6218	5.0000	538.0000	0.0000	queue=0.7508;delay=0.7021;waiting=11.2649;pressure=12.5306;switches=1.8083;emission=4.554
cologne3_emission_heavy_presslight_reward_oracle	REAL_TRAIN	185	74.5	0.1	-12.09	1.59	0.24	2796	-0.31	0.0000			33.0000	182.1716	59.0578	2.0000	560.0000	0.0000	
cologne3_emission_heavy_presslight_reward_oracle	REAL_TRAIN	186	132.1	0.1	-16.33	4.88	0.28	2559	-0.52	0.0000			5.0000	274.0295	88.8377	7.0000	542.0000	0.0000	
cologne3_emission_heavy_presslight_reward_oracle	REAL_TEST	186	71.4	100.0	-11.78	1.50	0.23	2812		-0.9245	queue=0.0339;delay=0.0;waiting=0.0;pressure=0.0;switches=0.0;emission=0.8906		0.0000	180.7137	58.5852	4.0000	533.0000	1.0000	queue=0.6786;delay=0.687;waiting=8.8126;pressure=11.9444;switches=1.8778;emission=4.4531
cologne3_emission_heavy_presslight_reward_oracle	REAL_TRAIN	187	137.7	0.1	-17.55	5.95	0.32	2556	-0.59	0.0000			1.3333	301.2879	97.6748	9.0000	530.0000	0.0000	
cologne3_emission_heavy_presslight_reward_oracle	REAL_TRAIN	188	133.7	0.1	-15.46	5.20	0.30	2553	-0.54	0.0000			48.6667	289.7300	93.9277	4.0000	541.0000	0.0000	
cologne3_emission_heavy_presslight_reward_oracle	REAL_TEST	188	152.5	100.0	-16.23	5.55	0.32	2543		-1.6630	queue=0.1449;delay=0.0;waiting=0.0;pressure=0.0;switches=0.0;emission=1.5181		5.0000	295.0597	95.6556	5.0000	549.0000	1.0000	queue=2.8975;delay=0.9655;waiting=839.6958;pressure=21.5639;switches=1.5944;emission=7.5905
cologne3_emission_heavy_presslight_reward_oracle	REAL_TRAIN	189	133.5	0.1	-16.46	4.90	0.28	2549	-0.52	0.0000			5.0000	274.0407	88.8414	3.0000	573.0000	0.0000	
cologne3_emission_heavy_presslight_reward_oracle	REAL_TRAIN	190	130.4	0.1	-16.72	4.98	0.29	2560	-0.53	0.0000			5.0000	276.0071	89.4788	6.0000	564.0000	0.0000	
cologne3_emission_heavy_presslight_reward_oracle	REAL_TEST	190	72.8	100.0	-11.78	1.53	0.23	2806		-0.9231	queue=0.0341;delay=0.0;waiting=0.0;pressure=0.0;switches=0.0;emission=0.889		0.0000	180.6241	58.5561	4.0000	505.0000	0.0000	queue=0.6811;delay=0.6919;waiting=9.9179;pressure=11.9944;switches=1.6667;emission=4.4451
cologne3_emission_heavy_presslight_reward_oracle	REAL_TRAIN	191	139.2	0.1	-16.56	4.94	0.29	2565	-0.52	0.0000			5.0000	278.3761	90.2469	3.0000	522.0000	0.0000	
cologne3_emission_heavy_presslight_reward_oracle	REAL_TRAIN	192	506.4	0.2	-51.13	17.63	0.40	1397	-0.99	0.0000			18.6667	438.5734	142.1824	6.0000	423.0000	0.0000	
cologne3_emission_heavy_presslight_reward_oracle	REAL_TEST	192	133.6	100.0	-17.71	5.33	0.31	2563		-1.6294	queue=0.1399;delay=0.0;waiting=0.0;pressure=0.0;switches=0.0;emission=1.4895		5.0000	285.5004	92.5565	1.0000	577.0000	0.0000	queue=2.7987;delay=0.9427;waiting=773.4637;pressure=20.3861;switches=1.5194;emission=7.4474
cologne3_emission_heavy_presslight_reward_oracle	REAL_TRAIN	193	74.6	0.2	-12.23	1.64	0.24	2804	-0.32	0.0000			0.0000	183.0645	59.3473	4.0000	542.0000	0.0000	
cologne3_emission_heavy_presslight_reward_oracle	REAL_TRAIN	194	77.3	0.1	-12.37	1.71	0.25	2798	-0.32	0.0000			0.0000	183.6653	59.5420	5.0000	544.0000	1.0000	
cologne3_emission_heavy_presslight_reward_oracle	REAL_TEST	194	133.6	100.0	-16.94	5.18	0.30	2561		-1.6068	queue=0.1367;delay=0.0;waiting=0.0;pressure=0.0;switches=0.0;emission=1.4701		5.0000	279.7740	90.7000	4.0000	515.0000	1.0000	queue=2.7339;delay=0.8982;waiting=834.5456;pressure=19.7583;switches=1.6778;emission=7.3506
cologne3_emission_heavy_presslight_reward_oracle	REAL_TRAIN	195	76.6	0.1	-12.15	1.63	0.24	2802	-0.32	0.0000			0.0000	182.5959	59.1954	3.0000	510.0000	0.0000	
cologne3_emission_heavy_presslight_reward_oracle	REAL_TRAIN	196	132.4	0.1	-16.44	4.78	0.28	2549	-0.52	0.0000			5.0000	273.5451	88.6807	7.0000	499.0000	0.0000	
cologne3_emission_heavy_presslight_reward_oracle	REAL_TEST	196	499.3	100.0	-58.05	19.38	0.41	1455		-3.2761	queue=0.3908;delay=0.0;waiting=0.0;pressure=0.0;switches=0.0;emission=2.8853		29.6667	442.2111	143.3618	2.0000	339.0000	0.0000	queue=7.8161;delay=1.229;waiting=7765.7035;pressure=62.1194;switches=1.1611;emission=14.4263
cologne3_emission_heavy_presslight_reward_oracle	REAL_TRAIN	197	550.0	0.1	-54.17	18.81	0.40	1337	-1.05	0.0000			32.3333	458.8277	148.7488	1.0000	359.0000	0.0000	
cologne3_emission_heavy_presslight_reward_oracle	REAL_TRAIN	198	480.8	0.1	-58.19	19.34	0.42	1477	-1.09	0.0000			29.6667	441.5356	143.1427	1.0000	388.0000	0.0000	
cologne3_emission_heavy_presslight_reward_oracle	REAL_TEST	198	82.6	100.0	-12.29	1.69	0.24	2805		-0.9467	queue=0.0374;delay=0.0;waiting=0.0;pressure=0.0;switches=0.0;emission=0.9093		0.0000	183.2897	59.4203	4.0000	479.0000	1.0000	queue=0.7483;delay=0.7276;waiting=11.105;pressure=12.5389;switches=1.65;emission=4.5464
cologne3_emission_heavy_presslight_reward_oracle	REAL_TRAIN	199	81.1	0.2	-12.25	1.66	0.24	2801	-0.32	0.0000			0.0000	183.5605	59.5081	8.0000	538.0000	1.0000	
cologne3_emission_heavy_presslight_reward_oracle	REAL_TEST	0	400.9	100.0	-47.68	15.52	0.38	1865		-2.8742	queue=0.3191;delay=0.0;waiting=0.0;pressure=0.0;switches=0.0;emission=2.5551		152.6667	421.5884	136.6756	3.0000	718.0000	0.0000	queue=6.3826;delay=1.1488;waiting=4377.7146;pressure=51.3333;switches=1.4361;emission=12.7754
