bullhead_3_barrier_leading_lagging_fixed_presslight_dr_noshield	SIM_TRAIN	0	179.9	0.0	-21.51	13.09	0.57	4213	0.4759	0.1389
bullhead_3_barrier_leading_lagging_fixed_presslight_dr_noshield	SIM_TRAIN	1	231.4	0.0	-23.64	16.03	0.59	4103	0.4759	0.1861
bullhead_3_barrier_leading_lagging_fixed_presslight_dr_noshield	SIM_TRAIN	2	183.2	139.1	-25.19	11.02	0.69	4154	0.4704	0.1435
bullhead_3_barrier_leading_lagging_fixed_presslight_dr_noshield	SIM_TRAIN	3	213.0	192.1	-30.15	12.41	0.69	4103	0.3111	0.1537
bullhead_3_barrier_leading_lagging_fixed_presslight_dr_noshield	REAL_TEST	3	991.1	100.0	-323.36	184.15	0.74	1800	0.3528	0.2315
bullhead_3_barrier_leading_lagging_fixed_presslight_dr_noshield	SIM_TRAIN	4	165.5	193.0	-21.48	10.09	0.62	4218	0.2972	0.1537
bullhead_3_barrier_leading_lagging_fixed_presslight_dr_noshield	SIM_TRAIN	5	245.5	187.1	-21.21	12.78	0.60	4042	0.3861	0.1954
bullhead_3_barrier_leading_lagging_fixed_presslight_dr_noshield	SIM_TRAIN	6	204.8	191.9	-23.92	12.57	0.61	4146	0.3648	0.1426
bullhead_3_barrier_leading_lagging_fixed_presslight_dr_noshield	REAL_TEST	6	758.8	100.0	-123.55	108.21	0.73	2138	0.4056	0.2148
bullhead_3_barrier_leading_lagging_fixed_presslight_dr_noshield	SIM_TRAIN	7	221.3	170.9	-23.16	10.66	0.65	4107	0.3250	0.1583
bullhead_3_barrier_leading_lagging_fixed_presslight_dr_noshield	SIM_TRAIN	8	146.6	157.6	-17.35	9.53	0.65	4277	0.3130	0.1435
bullhead_3_barrier_leading_lagging_fixed_presslight_dr_noshield	SIM_TRAIN	9	325.5	166.6	-63.08	25.62	0.76	3881	0.5019	0.2139
bullhead_3_barrier_leading_lagging_fixed_presslight_dr_noshield	REAL_TEST	9	782.4	100.0	-142.29	115.99	0.75	2091	0.3954	0.2093
bullhead_3_barrier_leading_lagging_fixed_presslight_dr_noshield	SIM_TRAIN	10	216.4	175.8	-24.01	12.51	0.64	4097	0.4111	0.1870
bullhead_3_barrier_leading_lagging_fixed_presslight_dr_noshield	SIM_TRAIN	11	200.3	186.6	-20.56	12.93	0.61	4107	0.3380	0.1880
bullhead_3_barrier_leading_lagging_fixed_presslight_dr_noshield	SIM_TRAIN	12	181.4	203.7	-25.66	13.93	0.64	4216	0.4583	0.2028
bullhead_3_barrier_leading_lagging_fixed_presslight_dr_noshield	REAL_TEST	12	786.4	100.0	-148.65	117.81	0.75	2086	0.4019	0.2028
bullhead_3_barrier_leading_lagging_fixed_presslight_dr_noshield	SIM_TRAIN	13	186.7	186.5	-20.38	9.67	0.64	4157	0.2907	0.1648
bullhead_3_barrier_leading_lagging_fixed_presslight_dr_noshield	SIM_TRAIN	14	202.3	182.8	-19.03	14.35	0.60	4155	0.3324	0.1704
bullhead_3_barrier_leading_lagging_fixed_presslight_dr_noshield	SIM_TRAIN	15	240.2	184.2	-22.79	12.99	0.65	4023	0.4306	0.2102
bullhead_3_barrier_leading_lagging_fixed_presslight_dr_noshield	REAL_TEST	15	779.5	100.0	-147.82	117.78	0.75	2102	0.3694	0.2056
bullhead_3_barrier_leading_lagging_fixed_presslight_dr_noshield	SIM_TRAIN	16	146.5	170.9	-18.79	8.61	0.65	4283	0.2759	0.1444
bullhead_3_barrier_leading_lagging_fixed_presslight_dr_noshield	SIM_TRAIN	17	166.8	176.9	-18.73	9.00	0.65	4214	0.3185	0.1370
bullhead_3_barrier_leading_lagging_fixed_presslight_dr_noshield	SIM_TRAIN	18	163.1	171.8	-19.05	9.55	0.62	4236	0.2778	0.1463
bullhead_3_barrier_leading_lagging_fixed_presslight_dr_noshield	REAL_TEST	18	761.0	100.0	-133.80	111.98	0.74	2143	0.3685	0.2037
bullhead_3_barrier_leading_lagging_fixed_presslight_dr_noshield	SIM_TRAIN	19	190.9	171.6	-19.44	18.02	0.63	4205	0.3861	0.1722
bullhead_3_barrier_leading_lagging_fixed_presslight_dr_noshield	SIM_TRAIN	20	168.3	194.6	-24.70	11.42	0.66	4224	0.3231	0.1417
bullhead_3_barrier_leading_lagging_fixed_presslight_dr_noshield	SIM_TRAIN	21	157.6	198.3	-22.40	11.36	0.62	4260	0.3917	0.1657
bullhead_3_barrier_leading_lagging_fixed_presslight_dr_noshield	REAL_TEST	21	698.4	100.0	-118.77	103.91	0.73	2291	0.3370	0.2102
bullhead_3_barrier_leading_lagging_fixed_presslight_dr_noshield	SIM_TRAIN	22	155.0	206.3	-16.10	10.87	0.59	4268	0.2963	0.1444
bullhead_3_barrier_leading_lagging_fixed_presslight_dr_noshield	SIM_TRAIN	23	192.9	207.0	-17.07	9.57	0.61	4141	0.2833	0.1685
bullhead_3_barrier_leading_lagging_fixed_presslight_dr_noshield	SIM_TRAIN	24	149.5	203.1	-17.46	10.72	0.64	4242	0.3537	0.1796
bullhead_3_barrier_leading_lagging_fixed_presslight_dr_noshield	REAL_TEST	24	725.0	100.0	-123.79	105.47	0.72	2183	0.3426	0.2185
bullhead_3_barrier_leading_lagging_fixed_presslight_dr_noshield	SIM_TRAIN	25	229.7	171.2	-24.99	13.79	0.62	4074	0.4259	0.1981
bullhead_3_barrier_leading_lagging_fixed_presslight_dr_noshield	SIM_TRAIN	26	220.9	165.8	-17.87	9.88	0.63	4102	0.3167	0.1759
bullhead_3_barrier_leading_lagging_fixed_presslight_dr_noshield	SIM_TRAIN	27	277.9	162.7	-22.87	13.11	0.59	3967	0.4278	0.2046
bullhead_3_barrier_leading_lagging_fixed_presslight_dr_noshield	REAL_TEST	27	733.8	100.0	-129.94	107.11	0.73	2183	0.2426	0.1722
bullhead_3_barrier_leading_lagging_fixed_presslight_dr_noshield	SIM_TRAIN	28	244.4	167.4	-20.66	13.42	0.61	4045	0.4259	0.1926
bullhead_3_barrier_leading_lagging_fixed_presslight_dr_noshield	SIM_TRAIN	29	176.5	171.2	-23.84	15.84	0.65	4230	0.3769	0.1546
bullhead_3_barrier_leading_lagging_fixed_presslight_dr_noshield	SIM_TRAIN	30	143.4	179.6	-17.45	8.19	0.65	4285	0.3417	0.1278
bullhead_3_barrier_leading_lagging_fixed_presslight_dr_noshield	REAL_TEST	30	763.7	100.0	-125.76	109.89	0.73	2151	0.2704	0.1676
bullhead_3_barrier_leading_lagging_fixed_presslight_dr_noshield	SIM_TRAIN	31	197.1	174.5	-20.60	15.76	0.61	4192	0.4648	0.1778
bullhead_3_barrier_leading_lagging_fixed_presslight_dr_noshield	SIM_TRAIN	32	225.9	181.5	-23.50	13.00	0.64	4069	0.4074	0.1713
bullhead_3_barrier_leading_lagging_fixed_presslight_dr_noshield	SIM_TRAIN	33	238.8	181.3	-18.39	15.04	0.61	4080	0.4583	0.1741
bullhead_3_barrier_leading_lagging_fixed_presslight_dr_noshield	REAL_TEST	33	763.7	100.0	-125.67	110.17	0.74	2155	0.2602	0.1713
bullhead_3_barrier_leading_lagging_fixed_presslight_dr_noshield	SIM_TRAIN	34	219.0	169.4	-19.32	12.74	0.61	4107	0.4194	0.1843
bullhead_3_barrier_leading_lagging_fixed_presslight_dr_noshield	SIM_TRAIN	35	218.8	169.9	-16.92	10.84	0.58	4129	0.3352	0.1676
bullhead_3_barrier_leading_lagging_fixed_presslight_dr_noshield	SIM_TRAIN	36	336.9	163.4	-150.47	50.78	0.61	3941	0.4722	0.2120
bullhead_3_barrier_leading_lagging_fixed_presslight_dr_noshield	REAL_TEST	36	747.8	100.0	-121.42	108.25	0.74	2190	0.2259	0.1843
bullhead_3_barrier_leading_lagging_fixed_presslight_dr_noshield	SIM_TRAIN	37	187.0	237.7	-19.04	11.07	0.59	4167	0.3315	0.1880
bullhead_3_barrier_leading_lagging_fixed_presslight_dr_noshield	SIM_TRAIN	38	282.8	247.0	-21.87	15.01	0.62	3935	0.3426	0.1898
bullhead_3_barrier_leading_lagging_fixed_presslight_dr_noshield	SIM_TRAIN	39	228.1	222.1	-20.77	11.70	0.66	4085	0.3185	0.1583
bullhead_3_barrier_leading_lagging_fixed_presslight_dr_noshield	REAL_TEST	39	816.7	100.0	-173.11	126.43	0.75	1941	0.2296	0.1806
bullhead_3_barrier_leading_lagging_fixed_presslight_dr_noshield	SIM_TRAIN	40	191.3	212.8	-58.13	24.10	0.73	4159	0.3574	0.1620
bullhead_3_barrier_leading_lagging_fixed_presslight_dr_noshield	SIM_TRAIN	41	202.5	214.3	-24.29	11.56	0.70	4109	0.3824	0.1630
bullhead_3_barrier_leading_lagging_fixed_presslight_dr_noshield	SIM_TRAIN	42	208.0	218.6	-39.03	17.54	0.69	4138	0.3176	0.1694
bullhead_3_barrier_leading_lagging_fixed_presslight_dr_noshield	REAL_TEST	42	764.3	100.0	-134.48	112.05	0.72	2111	0.2176	0.1824
bullhead_3_barrier_leading_lagging_fixed_presslight_dr_noshield	SIM_TRAIN	43	194.6	199.4	-17.65	11.20	0.59	4158	0.3028	0.1704
bullhead_3_barrier_leading_lagging_fixed_presslight_dr_noshield	SIM_TRAIN	44	200.7	191.6	-34.52	15.92	0.64	4165	0.4287	0.2120
bullhead_3_barrier_leading_lagging_fixed_presslight_dr_noshield	SIM_TRAIN	45	156.0	181.2	-18.46	9.56	0.61	4241	0.2991	0.1843
bullhead_3_barrier_leading_lagging_fixed_presslight_dr_noshield	REAL_TEST	45	730.2	100.0	-112.83	107.67	0.71	2233	0.3463	0.2259
bullhead_3_barrier_leading_lagging_fixed_presslight_dr_noshield	SIM_TRAIN	46	190.3	176.0	-19.82	14.13	0.61	4191	0.3398	0.1750
bullhead_3_barrier_leading_lagging_fixed_presslight_dr_noshield	SIM_TRAIN	47	147.9	172.9	-16.04	9.95	0.64	4283	0.3389	0.1565
bullhead_3_barrier_leading_lagging_fixed_presslight_dr_noshield	SIM_TRAIN	48	167.9	166.1	-21.08	12.67	0.68	4257	0.4083	0.1639
bullhead_3_barrier_leading_lagging_fixed_presslight_dr_noshield	REAL_TEST	48	696.4	100.0	-111.85	101.91	0.71	2312	0.2704	0.1907
bullhead_3_barrier_leading_lagging_fixed_presslight_dr_noshield	SIM_TRAIN	49	186.2	161.1	-18.90	10.35	0.65	4211	0.3093	0.1500
bullhead_3_barrier_leading_lagging_fixed_presslight_dr_noshield	SIM_TRAIN	50	196.4	148.4	-17.91	14.46	0.60	4159	0.3926	0.1806
bullhead_3_barrier_leading_lagging_fixed_presslight_dr_noshield	SIM_TRAIN	51	153.2	138.6	-15.27	9.08	0.61	4261	0.3046	0.1731
bullhead_3_barrier_leading_lagging_fixed_presslight_dr_noshield	REAL_TEST	51	725.6	100.0	-111.22	105.59	0.71	2264	0.2852	0.1815
bullhead_3_barrier_leading_lagging_fixed_presslight_dr_noshield	SIM_TRAIN	52	166.3	130.7	-23.21	12.74	0.68	4233	0.3685	0.1750
bullhead_3_barrier_leading_lagging_fixed_presslight_dr_noshield	SIM_TRAIN	53	221.9	119.8	-23.69	10.74	0.66	4088	0.2907	0.1546
bullhead_3_barrier_leading_lagging_fixed_presslight_dr_noshield	SIM_TRAIN	54	153.4	115.3	-19.82	9.10	0.65	4242	0.2398	0.1343
bullhead_3_barrier_leading_lagging_fixed_presslight_dr_noshield	REAL_TEST	54	704.9	100.0	-93.80	98.63	0.66	2308	0.2454	0.1833
bullhead_3_barrier_leading_lagging_fixed_presslight_dr_noshield	SIM_TRAIN	55	301.6	127.4	-18.80	11.94	0.58	3868	0.4056	0.2111
bullhead_3_barrier_leading_lagging_fixed_presslight_dr_noshield	SIM_TRAIN	56	177.4	133.3	-23.54	11.64	0.64	4183	0.3620	0.1731
bullhead_3_barrier_leading_lagging_fixed_presslight_dr_noshield	SIM_TRAIN	57	166.1	125.7	-19.96	10.95	0.61	4232	0.3602	0.1861
bullhead_3_barrier_leading_lagging_fixed_presslight_dr_noshield	REAL_TEST	57	708.1	100.0	-100.85	101.02	0.70	2282	0.2407	0.1861
bullhead_3_barrier_leading_lagging_fixed_presslight_dr_noshield	SIM_TRAIN	58	155.6	128.3	-17.53	9.23	0.63	4266	0.2963	0.1537
bullhead_3_barrier_leading_lagging_fixed_presslight_dr_noshield	SIM_TRAIN	59	154.0	121.5	-14.10	8.19	0.61	4256	0.2565	0.1398
bullhead_3_barrier_leading_lagging_fixed_presslight_dr_noshield	SIM_TRAIN	60	195.4	161.5	-17.66	24.32	0.60	4260	0.2759	0.1704
bullhead_3_barrier_leading_lagging_fixed_presslight_dr_noshield	REAL_TEST	60	690.1	100.0	-85.30	96.10	0.69	2336	0.2241	0.1759
bullhead_3_barrier_leading_lagging_fixed_presslight_dr_noshield	SIM_TRAIN	61	198.6	210.4	-17.65	25.72	0.61	4249	0.2491	0.1519
bullhead_3_barrier_leading_lagging_fixed_presslight_dr_noshield	SIM_TRAIN	62	322.2	227.8	-19.63	14.57	0.60	3836	0.4648	0.1676
bullhead_3_barrier_leading_lagging_fixed_presslight_dr_noshield	SIM_TRAIN	63	178.1	245.8	-16.68	10.75	0.59	4173	0.3676	0.1685
bullhead_3_barrier_leading_lagging_fixed_presslight_dr_noshield	REAL_TEST	63	702.6	100.0	-89.04	97.50	0.67	2300	0.2778	0.1759
bullhead_3_barrier_leading_lagging_fixed_presslight_dr_noshield	SIM_TRAIN	64	155.0	244.0	-19.19	9.56	0.66	4259	0.3343	0.1389
bullhead_3_barrier_leading_lagging_fixed_presslight_dr_noshield	SIM_TRAIN	65	157.3	250.1	-16.19	10.39	0.60	4256	0.3435	0.1398
bullhead_3_barrier_leading_lagging_fixed_presslight_dr_noshield	SIM_TRAIN	66	180.3	248.1	-18.53	8.89	0.62	4195	0.2861	0.1241
bullhead_3_barrier_leading_lagging_fixed_presslight_dr_noshield	REAL_TEST	66	701.6	100.0	-89.68	97.74	0.67	2305	0.3241	0.1722
bullhead_3_barrier_leading_lagging_fixed_presslight_dr_noshield	SIM_TRAIN	67	170.6	238.7	-19.48	10.35	0.63	4227	0.2843	0.1380
bullhead_3_barrier_leading_lagging_fixed_presslight_dr_noshield	SIM_TRAIN	68	164.3	239.0	-19.62	10.84	0.63	4243	0.3676	0.1611
bullhead_3_barrier_leading_lagging_fixed_presslight_dr_noshield	SIM_TRAIN	69	150.3	245.7	-16.99	8.68	0.67	4268	0.3157	0.1509
bullhead_3_barrier_leading_lagging_fixed_presslight_dr_noshield	REAL_TEST	69	706.9	100.0	-98.42	99.44	0.69	2317	0.2657	0.1759
bullhead_3_barrier_leading_lagging_fixed_presslight_dr_noshield	SIM_TRAIN	70	195.5	243.9	-24.87	13.97	0.60	4181	0.3630	0.1769
bullhead_3_barrier_leading_lagging_fixed_presslight_dr_noshield	SIM_TRAIN	71	161.3	240.7	-19.89	9.70	0.66	4229	0.2759	0.1306
bullhead_3_barrier_leading_lagging_fixed_presslight_dr_noshield	SIM_TRAIN	72	227.9	246.7	-22.06	12.87	0.62	4061	0.3491	0.1685
bullhead_3_barrier_leading_lagging_fixed_presslight_dr_noshield	REAL_TEST	72	276.1	100.0	-126.50	41.11	0.73	3219	0.5176	0.1963
bullhead_3_barrier_leading_lagging_fixed_presslight_dr_noshield	SIM_TRAIN	73	211.6	277.5	-19.82	10.69	0.61	4093	0.3259	0.1602
bullhead_3_barrier_leading_lagging_fixed_presslight_dr_noshield	SIM_TRAIN	74	192.0	235.5	-22.27	11.93	0.63	4161	0.3907	0.1722
bullhead_3_barrier_leading_lagging_fixed_presslight_dr_noshield	SIM_TRAIN	75	153.7	203.9	-17.00	9.77	0.61	4274	0.3352	0.1472
bullhead_3_barrier_leading_lagging_fixed_presslight_dr_noshield	REAL_TEST	75	271.0	100.0	-129.12	40.67	0.74	3198	0.5176	0.1981
bullhead_3_barrier_leading_lagging_fixed_presslight_dr_noshield	SIM_TRAIN	76	181.2	155.0	-18.40	10.18	0.63	4176	0.3852	0.1556
bullhead_3_barrier_leading_lagging_fixed_presslight_dr_noshield	SIM_TRAIN	77	165.6	113.2	-18.89	9.96	0.61	4223	0.3231	0.1676
bullhead_3_barrier_leading_lagging_fixed_presslight_dr_noshield	SIM_TRAIN	78	221.1	105.1	-20.59	11.60	0.62	4107	0.3759	0.1796
bullhead_3_barrier_leading_lagging_fixed_presslight_dr_noshield	REAL_TEST	78	270.0	100.0	-126.80	40.03	0.74	3229	0.5324	0.2000
bullhead_3_barrier_leading_lagging_fixed_presslight_dr_noshield	SIM_TRAIN	79	267.8	106.4	-31.11	18.57	0.68	3969	0.5250	0.2037
bullhead_3_barrier_leading_lagging_fixed_presslight_dr_noshield	SIM_TRAIN	80	159.3	130.7	-20.30	11.50	0.64	4246	0.3481	0.1759
bullhead_3_barrier_leading_lagging_fixed_presslight_dr_noshield	SIM_TRAIN	81	177.2	134.4	-16.61	10.96	0.61	4215	0.4065	0.1778
bullhead_3_barrier_leading_lagging_fixed_presslight_dr_noshield	REAL_TEST	81	698.3	100.0	-102.41	99.97	0.72	2317	0.3222	0.1889
bullhead_3_barrier_leading_lagging_fixed_presslight_dr_noshield	SIM_TRAIN	82	193.6	136.5	-19.19	11.90	0.62	4173	0.3093	0.1463
bullhead_3_barrier_leading_lagging_fixed_presslight_dr_noshield	SIM_TRAIN	83	213.1	143.5	-25.65	12.48	0.64	4100	0.4426	0.1981
bullhead_3_barrier_leading_lagging_fixed_presslight_dr_noshield	SIM_TRAIN	84	163.9	155.1	-19.38	9.68	0.63	4222	0.3333	0.1648
bullhead_3_barrier_leading_lagging_fixed_presslight_dr_noshield	REAL_TEST	84	263.8	100.0	-130.76	39.30	0.74	3197	0.5648	0.2213
bullhead_3_barrier_leading_lagging_fixed_presslight_dr_noshield	SIM_TRAIN	85	169.6	155.1	-19.89	10.39	0.63	4229	0.3481	0.1639
bullhead_3_barrier_leading_lagging_fixed_presslight_dr_noshield	SIM_TRAIN	86	153.7	149.5	-19.21	9.12	0.67	4251	0.2806	0.1750
bullhead_3_barrier_leading_lagging_fixed_presslight_dr_noshield	SIM_TRAIN	87	200.8	182.4	-12.48	31.01	0.62	4276	0.3231	0.1741
bullhead_3_barrier_leading_lagging_fixed_presslight_dr_noshield	REAL_TEST	87	265.4	100.0	-128.82	39.53	0.76	3253	0.5046	0.1972
bullhead_3_barrier_leading_lagging_fixed_presslight_dr_noshield	SIM_TRAIN	88	179.5	200.5	-19.65	13.42	0.66	4196	0.4213	0.1593
bullhead_3_barrier_leading_lagging_fixed_presslight_dr_noshield	SIM_TRAIN	89	178.8	202.6	-18.12	11.11	0.62	4190	0.3565	0.1731
bullhead_3_barrier_leading_lagging_fixed_presslight_dr_noshield	SIM_TRAIN	90	188.5	199.3	-19.02	10.97	0.59	4197	0.3713	0.1713
bullhead_3_barrier_leading_lagging_fixed_presslight_dr_noshield	REAL_TEST	90	685.9	100.0	-92.88	96.82	0.68	2381	0.3093	0.1963
bullhead_3_barrier_leading_lagging_fixed_presslight_dr_noshield	SIM_TRAIN	91	176.5	191.3	-21.64	13.14	0.61	4212	0.4185	0.1963
bullhead_3_barrier_leading_lagging_fixed_presslight_dr_noshield	SIM_TRAIN	92	220.3	198.5	-32.18	14.84	0.73	4121	0.4185	0.1843
bullhead_3_barrier_leading_lagging_fixed_presslight_dr_noshield	SIM_TRAIN	93	299.2	216.7	-24.45	22.49	0.66	3950	0.5083	0.2204
bullhead_3_barrier_leading_lagging_fixed_presslight_dr_noshield	REAL_TEST	93	663.3	100.0	-87.01	94.71	0.69	2406	0.2898	0.1870
bullhead_3_barrier_leading_lagging_fixed_presslight_dr_noshield	SIM_TRAIN	94	144.6	303.0	-13.86	7.97	0.64	4262	0.2833	0.1528
bullhead_3_barrier_leading_lagging_fixed_presslight_dr_noshield	SIM_TRAIN	95	150.2	429.0	-19.39	8.98	0.66	4294	0.2991	0.1630
bullhead_3_barrier_leading_lagging_fixed_presslight_dr_noshield	SIM_TRAIN	96	188.8	554.0	-27.09	14.75	0.70	4178	0.4185	0.1722
bullhead_3_barrier_leading_lagging_fixed_presslight_dr_noshield	REAL_TEST	96	302.2	100.0	-163.36	52.76	0.75	3298	0.4065	0.1704
bullhead_3_barrier_leading_lagging_fixed_presslight_dr_noshield	SIM_TRAIN	97	188.5	815.7	-32.16	15.16	0.68	4196	0.4000	0.1769
bullhead_3_barrier_leading_lagging_fixed_presslight_dr_noshield	SIM_TRAIN	98	397.1	948.2	-124.26	71.49	0.68	3930	0.3333	0.1843
bullhead_3_barrier_leading_lagging_fixed_presslight_dr_noshield	SIM_TRAIN	99	208.3	1083.5	-23.92	11.16	0.66	4106	0.2944	0.1685
bullhead_3_barrier_leading_lagging_fixed_presslight_dr_noshield	REAL_TEST	99	221.4	100.0	-90.88	26.20	0.62	3341	0.3111	0.1620
bullhead_3_barrier_leading_lagging_fixed_presslight_dr_noshield	SIM_TRAIN	100	214.3	1319.0	-20.93	11.63	0.68	4080	0.3796	0.1593
bullhead_3_barrier_leading_lagging_fixed_presslight_dr_noshield	SIM_TRAIN	101	199.4	1594.6	-22.59	11.08	0.65	4132	0.2917	0.1676
bullhead_3_barrier_leading_lagging_fixed_presslight_dr_noshield	SIM_TRAIN	102	250.8	1862.9	-23.98	42.19	0.61	4121	0.2769	0.1657
bullhead_3_barrier_leading_lagging_fixed_presslight_dr_noshield	REAL_TEST	102	223.3	100.0	-79.22	26.91	0.63	3877	0.3574	0.1963
bullhead_3_barrier_leading_lagging_fixed_presslight_dr_noshield	SIM_TRAIN	103	363.5	2222.4	-20.95	12.24	0.60	3642	0.4787	0.2167
bullhead_3_barrier_leading_lagging_fixed_presslight_dr_noshield	SIM_TRAIN	104	172.5	2958.2	-20.52	9.60	0.64	4214	0.2704	0.1333
bullhead_3_barrier_leading_lagging_fixed_presslight_dr_noshield	SIM_TRAIN	105	162.2	3659.5	-20.84	9.82	0.66	4247	0.3222	0.1417
bullhead_3_barrier_leading_lagging_fixed_presslight_dr_noshield	REAL_TEST	105	196.8	100.0	-79.37	21.68	0.61	3655	0.4426	0.1685
bullhead_3_barrier_leading_lagging_fixed_presslight_dr_noshield	SIM_TRAIN	106	208.1	4104.7	-20.02	12.40	0.63	4114	0.4139	0.1778
bullhead_3_barrier_leading_lagging_fixed_presslight_dr_noshield	SIM_TRAIN	107	202.8	3274.6	-23.16	20.98	0.67	4205	0.3667	0.1630
bullhead_3_barrier_leading_lagging_fixed_presslight_dr_noshield	SIM_TRAIN	108	181.3	1593.4	-22.32	11.27	0.65	4173	0.3713	0.1704
bullhead_3_barrier_leading_lagging_fixed_presslight_dr_noshield	REAL_TEST	108	221.2	100.0	-98.59	27.69	0.68	3368	0.5083	0.1972
bullhead_3_barrier_leading_lagging_fixed_presslight_dr_noshield	SIM_TRAIN	109	266.1	1562.3	-44.55	43.91	0.65	4230	0.2787	0.1500
bullhead_3_barrier_leading_lagging_fixed_presslight_dr_noshield	SIM_TRAIN	110	155.5	1215.7	-16.81	11.39	0.64	4261	0.3667	0.1398
bullhead_3_barrier_leading_lagging_fixed_presslight_dr_noshield	SIM_TRAIN	111	213.0	931.9	-21.08	11.29	0.68	4115	0.4009	0.1463
bullhead_3_barrier_leading_lagging_fixed_presslight_dr_noshield	REAL_TEST	111	214.2	100.0	-90.94	25.07	0.57	3350	0.4102	0.1889
bullhead_3_barrier_leading_lagging_fixed_presslight_dr_noshield	SIM_TRAIN	112	208.3	796.0	-29.01	16.26	0.66	4122	0.4065	0.1704
bullhead_3_barrier_leading_lagging_fixed_presslight_dr_noshield	SIM_TRAIN	113	213.3	648.2	-18.98	10.74	0.65	4125	0.3630	0.1287
bullhead_3_barrier_leading_lagging_fixed_presslight_dr_noshield	SIM_TRAIN	114	196.7	628.1	-22.78	13.82	0.61	4158	0.4074	0.1824
bullhead_3_barrier_leading_lagging_fixed_presslight_dr_noshield	REAL_TEST	114	304.3	100.0	-181.95	56.25	0.72	3186	0.4398	0.2139
bullhead_3_barrier_leading_lagging_fixed_presslight_dr_noshield	SIM_TRAIN	115	212.6	600.2	-16.54	12.61	0.60	4145	0.2852	0.1500
bullhead_3_barrier_leading_lagging_fixed_presslight_dr_noshield	SIM_TRAIN	116	236.8	578.9	-24.83	12.60	0.68	4031	0.3676	0.1713
bullhead_3_barrier_leading_lagging_fixed_presslight_dr_noshield	SIM_TRAIN	117	198.2	560.0	-24.56	12.91	0.64	4153	0.3833	0.1806
bullhead_3_barrier_leading_lagging_fixed_presslight_dr_noshield	REAL_TEST	117	363.6	100.0	-221.31	73.89	0.75	3052	0.3602	0.1750
bullhead_3_barrier_leading_lagging_fixed_presslight_dr_noshield	SIM_TRAIN	118	223.2	549.8	-20.71	12.09	0.63	4085	0.3546	0.1880
bullhead_3_barrier_leading_lagging_fixed_presslight_dr_noshield	SIM_TRAIN	119	269.5	531.3	-19.28	11.03	0.60	3962	0.3407	0.1870
bullhead_3_barrier_leading_lagging_fixed_presslight_dr_noshield	SIM_TRAIN	120	205.0	548.3	-21.51	11.43	0.63	4151	0.3259	0.1519
bullhead_3_barrier_leading_lagging_fixed_presslight_dr_noshield	REAL_TEST	120	211.6	100.0	-91.15	24.94	0.63	3403	0.3398	0.1537
bullhead_3_barrier_leading_lagging_fixed_presslight_dr_noshield	SIM_TRAIN	121	194.7	398.4	-21.40	9.80	0.65	4148	0.2741	0.1454
bullhead_3_barrier_leading_lagging_fixed_presslight_dr_noshield	SIM_TRAIN	122	203.7	284.9	-19.12	11.70	0.62	4115	0.3796	0.1824
bullhead_3_barrier_leading_lagging_fixed_presslight_dr_noshield	SIM_TRAIN	123	239.8	227.1	-18.87	15.08	0.60	4049	0.4287	0.1704
bullhead_3_barrier_leading_lagging_fixed_presslight_dr_noshield	REAL_TEST	123	219.4	100.0	-90.65	26.31	0.61	3363	0.3426	0.1361
bullhead_3_barrier_leading_lagging_fixed_presslight_dr_noshield	SIM_TRAIN	124	149.6	162.7	-19.55	9.72	0.68	4265	0.3130	0.1583
bullhead_3_barrier_leading_lagging_fixed_presslight_dr_noshield	SIM_TRAIN	125	258.2	162.7	-32.86	14.93	0.70	4003	0.4889	0.2185
bullhead_3_barrier_leading_lagging_fixed_presslight_dr_noshield	SIM_TRAIN	126	186.0	154.8	-18.49	11.38	0.61	4186	0.3481	0.1750
bullhead_3_barrier_leading_lagging_fixed_presslight_dr_noshield	REAL_TEST	126	219.7	100.0	-91.37	26.26	0.62	3361	0.3843	0.1472
bullhead_3_barrier_leading_lagging_fixed_presslight_dr_noshield	SIM_TRAIN	127	174.9	148.9	-21.98	12.61	0.69	4218	0.3972	0.1611
bullhead_3_barrier_leading_lagging_fixed_presslight_dr_noshield	SIM_TRAIN	128	152.6	143.6	-18.22	11.76	0.70	4276	0.3741	0.1704
bullhead_3_barrier_leading_lagging_fixed_presslight_dr_noshield	SIM_TRAIN	129	149.9	142.6	-18.08	9.55	0.64	4260	0.2907	0.1546
bullhead_3_barrier_leading_lagging_fixed_presslight_dr_noshield	REAL_TEST	129	235.8	100.0	-100.66	30.62	0.68	3378	0.4176	0.1944
bullhead_3_barrier_leading_lagging_fixed_presslight_dr_noshield	SIM_TRAIN	130	180.4	139.4	-20.05	14.19	0.64	4198	0.4083	0.1722
bullhead_3_barrier_leading_lagging_fixed_presslight_dr_noshield	SIM_TRAIN	131	318.8	134.1	-22.21	13.60	0.60	3850	0.4241	0.2250
bullhead_3_barrier_leading_lagging_fixed_presslight_dr_noshield	SIM_TRAIN	132	171.6	136.7	-18.53	10.57	0.63	4238	0.3259	0.1778
bullhead_3_barrier_leading_lagging_fixed_presslight_dr_noshield	REAL_TEST	132	381.4	100.0	-99.36	51.70	0.71	3380	0.4278	0.2000
bullhead_3_barrier_leading_lagging_fixed_presslight_dr_noshield	SIM_TRAIN	133	164.4	133.5	-27.73	13.96	0.66	4248	0.4324	0.2065
bullhead_3_barrier_leading_lagging_fixed_presslight_dr_noshield	SIM_TRAIN	134	150.4	140.9	-14.97	10.95	0.60	4284	0.3417	0.1870
bullhead_3_barrier_leading_lagging_fixed_presslight_dr_noshield	SIM_TRAIN	135	139.8	140.1	-12.97	7.21	0.63	4283	0.2417	0.1537
bullhead_3_barrier_leading_lagging_fixed_presslight_dr_noshield	REAL_TEST	135	538.8	100.0	-90.02	76.07	0.69	3045	0.4028	0.2065
bullhead_3_barrier_leading_lagging_fixed_presslight_dr_noshield	SIM_TRAIN	136	164.8	150.1	-19.47	10.20	0.63	4225	0.3213	0.1713
bullhead_3_barrier_leading_lagging_fixed_presslight_dr_noshield	SIM_TRAIN	137	149.0	134.6	-18.53	9.18	0.65	4284	0.2370	0.1407
bullhead_3_barrier_leading_lagging_fixed_presslight_dr_noshield	SIM_TRAIN	138	152.1	122.8	-17.68	10.30	0.61	4269	0.3472	0.1769
bullhead_3_barrier_leading_lagging_fixed_presslight_dr_noshield	REAL_TEST	138	622.1	100.0	-97.76	90.35	0.73	2856	0.4639	0.2194
bullhead_3_barrier_leading_lagging_fixed_presslight_dr_noshield	SIM_TRAIN	139	161.9	119.9	-19.86	9.45	0.66	4221	0.2528	0.1426
bullhead_3_barrier_leading_lagging_fixed_presslight_dr_noshield	SIM_TRAIN	140	181.6	121.8	-20.13	13.51	0.62	4199	0.4009	0.1981
bullhead_3_barrier_leading_lagging_fixed_presslight_dr_noshield	SIM_TRAIN	141	229.1	127.1	-18.82	11.79	0.61	4060	0.3824	0.1963
bullhead_3_barrier_leading_lagging_fixed_presslight_dr_noshield	REAL_TEST	141	572.8	100.0	-91.16	82.68	0.73	2919	0.4241	0.2074
bullhead_3_barrier_leading_lagging_fixed_presslight_dr_noshield	SIM_TRAIN	142	196.6	117.0	-22.61	11.97	0.63	4201	0.3157	0.1620
bullhead_3_barrier_leading_lagging_fixed_presslight_dr_noshield	SIM_TRAIN	143	170.1	123.2	-16.78	10.74	0.61	4210	0.2991	0.1620
bullhead_3_barrier_leading_lagging_fixed_presslight_dr_noshield	SIM_TRAIN	144	210.3	120.8	-18.97	10.98	0.60	4104	0.3417	0.1907
bullhead_3_barrier_leading_lagging_fixed_presslight_dr_noshield	REAL_TEST	144	630.5	100.0	-88.26	90.43	0.71	2474	0.4481	0.2287
bullhead_3_barrier_leading_lagging_fixed_presslight_dr_noshield	SIM_TRAIN	145	192.4	119.8	-20.38	10.83	0.64	4161	0.3500	0.1889
bullhead_3_barrier_leading_lagging_fixed_presslight_dr_noshield	SIM_TRAIN	146	184.5	114.2	-17.73	11.48	0.64	4179	0.3056	0.1759
bullhead_3_barrier_leading_lagging_fixed_presslight_dr_noshield	SIM_TRAIN	147	180.7	113.0	-21.40	12.16	0.63	4213	0.3907	0.1824
bullhead_3_barrier_leading_lagging_fixed_presslight_dr_noshield	REAL_TEST	147	520.7	100.0	-89.85	75.05	0.72	3147	0.4398	0.2194
bullhead_3_barrier_leading_lagging_fixed_presslight_dr_noshield	SIM_TRAIN	148	289.0	117.8	-25.74	14.22	0.60	3953	0.4676	0.2148
bullhead_3_barrier_leading_lagging_fixed_presslight_dr_noshield	SIM_TRAIN	149	176.0	118.0	-19.47	9.59	0.65	4189	0.3120	0.1593
bullhead_3_barrier_leading_lagging_fixed_presslight_dr_noshield	SIM_TRAIN	150	210.8	110.1	-19.53	9.53	0.63	4122	0.3222	0.1778
bullhead_3_barrier_leading_lagging_fixed_presslight_dr_noshield	REAL_TEST	150	615.2	100.0	-79.49	87.03	0.67	2482	0.4139	0.2139
bullhead_3_barrier_leading_lagging_fixed_presslight_dr_noshield	SIM_TRAIN	151	226.6	111.9	-21.14	11.20	0.64	4080	0.3083	0.1630
bullhead_3_barrier_leading_lagging_fixed_presslight_dr_noshield	SIM_TRAIN	152	181.1	112.1	-17.20	10.80	0.63	4226	0.3120	0.1667
bullhead_3_barrier_leading_lagging_fixed_presslight_dr_noshield	SIM_TRAIN	153	198.0	111.3	-20.00	10.73	0.62	4123	0.3130	0.1778
bullhead_3_barrier_leading_lagging_fixed_presslight_dr_noshield	REAL_TEST	153	588.6	100.0	-80.38	83.26	0.67	2531	0.4056	0.2120
bullhead_3_barrier_leading_lagging_fixed_presslight_dr_noshield	SIM_TRAIN	154	162.1	105.2	-22.87	10.70	0.64	4249	0.2954	0.1620
bullhead_3_barrier_leading_lagging_fixed_presslight_dr_noshield	SIM_TRAIN	155	153.9	101.5	-17.89	9.11	0.63	4248	0.2648	0.1287
bullhead_3_barrier_leading_lagging_fixed_presslight_dr_noshield	SIM_TRAIN	156	171.9	101.9	-23.00	9.88	0.67	4193	0.3046	0.1574
bullhead_3_barrier_leading_lagging_fixed_presslight_dr_noshield	REAL_TEST	156	624.8	100.0	-80.92	87.98	0.67	2451	0.4167	0.2130
bullhead_3_barrier_leading_lagging_fixed_presslight_dr_noshield	SIM_TRAIN	157	140.8	97.4	-13.10	7.22	0.62	4285	0.2102	0.1287
bullhead_3_barrier_leading_lagging_fixed_presslight_dr_noshield	SIM_TRAIN	158	173.9	101.7	-17.48	11.82	0.60	4245	0.3463	0.1519
bullhead_3_barrier_leading_lagging_fixed_presslight_dr_noshield	SIM_TRAIN	159	238.8	99.0	-44.42	18.98	0.76	4026	0.4380	0.1824
bullhead_3_barrier_leading_lagging_fixed_presslight_dr_noshield	REAL_TEST	159	601.8	100.0	-78.32	85.03	0.68	2511	0.4130	0.2148
bullhead_3_barrier_leading_lagging_fixed_presslight_dr_noshield	SIM_TRAIN	160	168.1	96.0	-18.73	9.59	0.64	4219	0.2944	0.1685
bullhead_3_barrier_leading_lagging_fixed_presslight_dr_noshield	SIM_TRAIN	161	201.2	97.2	-18.02	11.11	0.59	4144	0.3454	0.1713
bullhead_3_barrier_leading_lagging_fixed_presslight_dr_noshield	SIM_TRAIN	162	158.5	90.7	-19.05	9.23	0.66	4234	0.2852	0.1537
bullhead_3_barrier_leading_lagging_fixed_presslight_dr_noshield	REAL_TEST	162	648.3	100.0	-81.46	90.33	0.69	2422	0.3778	0.2139
bullhead_3_barrier_leading_lagging_fixed_presslight_dr_noshield	SIM_TRAIN	163	179.1	87.0	-19.71	10.57	0.66	4198	0.2889	0.1454
bullhead_3_barrier_leading_lagging_fixed_presslight_dr_noshield	SIM_TRAIN	164	161.6	83.1	-16.78	8.72	0.63	4250	0.2213	0.1426
bullhead_3_barrier_leading_lagging_fixed_presslight_dr_noshield	SIM_TRAIN	165	178.3	82.1	-18.38	9.01	0.64	4196	0.2620	0.1639
bullhead_3_barrier_leading_lagging_fixed_presslight_dr_noshield	REAL_TEST	165	616.6	100.0	-80.20	86.71	0.67	2473	0.3778	0.2130
bullhead_3_barrier_leading_lagging_fixed_presslight_dr_noshield	SIM_TRAIN	166	172.3	79.6	-19.75	11.06	0.63	4229	0.3435	0.1750
bullhead_3_barrier_leading_lagging_fixed_presslight_dr_noshield	SIM_TRAIN	167	151.1	79.7	-16.82	10.29	0.65	4293	0.2963	0.1648
bullhead_3_barrier_leading_lagging_fixed_presslight_dr_noshield	SIM_TRAIN	168	241.1	79.7	-18.43	11.73	0.61	4020	0.3444	0.1833
bullhead_3_barrier_leading_lagging_fixed_presslight_dr_noshield	REAL_TEST	168	200.6	100.0	-84.80	23.28	0.67	3738	0.3148	0.1741
bullhead_3_barrier_leading_lagging_fixed_presslight_dr_noshield	SIM_TRAIN	169	148.1	82.3	-15.29	9.53	0.60	4289	0.3093	0.1611
bullhead_3_barrier_leading_lagging_fixed_presslight_dr_noshield	SIM_TRAIN	170	400.5	95.5	-166.96	60.40	0.67	3703	0.4204	0.2287
bullhead_3_barrier_leading_lagging_fixed_presslight_dr_noshield	SIM_TRAIN	171	142.8	105.8	-12.33	8.32	0.65	4297	0.2602	0.1481
bullhead_3_barrier_leading_lagging_fixed_presslight_dr_noshield	REAL_TEST	171	604.9	100.0	-83.13	87.81	0.67	2448	0.3769	0.2222
bullhead_3_barrier_leading_lagging_fixed_presslight_dr_noshield	SIM_TRAIN	172	231.6	106.9	-19.93	12.04	0.63	4064	0.3065	0.1741
bullhead_3_barrier_leading_lagging_fixed_presslight_dr_noshield	SIM_TRAIN	173	140.8	113.3	-9.37	7.95	0.66	4285	0.3093	0.1546
bullhead_3_barrier_leading_lagging_fixed_presslight_dr_noshield	SIM_TRAIN	174	172.4	115.2	-21.66	11.88	0.63	4216	0.3315	0.1713
bullhead_3_barrier_leading_lagging_fixed_presslight_dr_noshield	REAL_TEST	174	174.7	100.0	-62.48	15.93	0.59	3971	0.2102	0.1778
bullhead_3_barrier_leading_lagging_fixed_presslight_dr_noshield	SIM_TRAIN	175	149.1	112.6	-22.91	10.13	0.68	4274	0.2528	0.1704
bullhead_3_barrier_leading_lagging_fixed_presslight_dr_noshield	SIM_TRAIN	176	149.7	111.0	-14.95	10.21	0.62	4290	0.3444	0.1852
bullhead_3_barrier_leading_lagging_fixed_presslight_dr_noshield	SIM_TRAIN	177	332.0	120.8	-56.28	25.19	0.70	3739	0.5222	0.2370
bullhead_3_barrier_leading_lagging_fixed_presslight_dr_noshield	REAL_TEST	177	279.8	100.0	-73.48	34.10	0.59	3588	0.3278	0.2037
bullhead_3_barrier_leading_lagging_fixed_presslight_dr_noshield	SIM_TRAIN	178	378.3	138.0	-170.04	70.23	0.64	3704	0.4176	0.2296
bullhead_3_barrier_leading_lagging_fixed_presslight_dr_noshield	SIM_TRAIN	179	146.2	173.1	-11.17	9.63	0.61	4297	0.2741	0.1648
bullhead_3_barrier_leading_lagging_fixed_presslight_dr_noshield	SIM_TRAIN	180	210.2	175.6	-19.06	9.82	0.65	4088	0.2787	0.1648
bullhead_3_barrier_leading_lagging_fixed_presslight_dr_noshield	REAL_TEST	180	228.4	100.0	-67.54	25.64	0.62	3746	0.3167	0.2028
bullhead_3_barrier_leading_lagging_fixed_presslight_dr_noshield	SIM_TRAIN	181	188.2	171.4	-19.06	11.60	0.60	4186	0.3861	0.1741
bullhead_3_barrier_leading_lagging_fixed_presslight_dr_noshield	SIM_TRAIN	182	146.3	165.9	-14.91	9.22	0.61	4272	0.3102	0.1509
bullhead_3_barrier_leading_lagging_fixed_presslight_dr_noshield	SIM_TRAIN	183	153.0	168.8	-17.08	9.79	0.63	4266	0.3111	0.1704
bullhead_3_barrier_leading_lagging_fixed_presslight_dr_noshield	REAL_TEST	183	230.6	100.0	-69.15	25.72	0.60	3704	0.3204	0.1972
bullhead_3_barrier_leading_lagging_fixed_presslight_dr_noshield	SIM_TRAIN	184	147.3	160.2	-12.16	9.78	0.62	4290	0.3491	0.1620
bullhead_3_barrier_leading_lagging_fixed_presslight_dr_noshield	SIM_TRAIN	185	199.3	159.7	-55.02	23.16	0.73	4142	0.5194	0.2148
bullhead_3_barrier_leading_lagging_fixed_presslight_dr_noshield	SIM_TRAIN	186	274.0	154.2	-21.35	13.36	0.63	3973	0.4537	0.2120
bullhead_3_barrier_leading_lagging_fixed_presslight_dr_noshield	REAL_TEST	186	263.6	100.0	-81.93	34.43	0.66	3549	0.3963	0.1898
bullhead_3_barrier_leading_lagging_fixed_presslight_dr_noshield	SIM_TRAIN	187	143.5	157.1	-12.27	8.69	0.62	4280	0.2657	0.1343
bullhead_3_barrier_leading_lagging_fixed_presslight_dr_noshield	SIM_TRAIN	188	140.5	157.7	-8.99	7.74	0.60	4294	0.2639	0.1389
bullhead_3_barrier_leading_lagging_fixed_presslight_dr_noshield	SIM_TRAIN	189	163.5	159.7	-20.55	10.36	0.62	4264	0.3037	0.1426
bullhead_3_barrier_leading_lagging_fixed_presslight_dr_noshield	REAL_TEST	189	283.4	100.0	-74.87	35.54	0.62	3579	0.3417	0.2019
bullhead_3_barrier_leading_lagging_fixed_presslight_dr_noshield	SIM_TRAIN	190	177.3	161.4	-26.06	12.26	0.61	4193	0.3454	0.1583
bullhead_3_barrier_leading_lagging_fixed_presslight_dr_noshield	SIM_TRAIN	191	328.6	178.1	-87.53	33.95	0.59	3882	0.4648	0.2269
bullhead_3_barrier_leading_lagging_fixed_presslight_dr_noshield	SIM_TRAIN	192	153.9	178.9	-17.11	12.34	0.68	4291	0.3824	0.1639
bullhead_3_barrier_leading_lagging_fixed_presslight_dr_noshield	REAL_TEST	192	251.2	100.0	-71.98	29.11	0.60	3602	0.3343	0.2028
bullhead_3_barrier_leading_lagging_fixed_presslight_dr_noshield	SIM_TRAIN	193	145.1	156.2	-12.18	8.94	0.61	4276	0.2981	0.1750
bullhead_3_barrier_leading_lagging_fixed_presslight_dr_noshield	SIM_TRAIN	194	148.7	145.1	-14.21	10.57	0.65	4277	0.3241	0.1602
bullhead_3_barrier_leading_lagging_fixed_presslight_dr_noshield	SIM_TRAIN	195	186.4	147.6	-22.73	12.07	0.67	4184	0.3833	0.1833
bullhead_3_barrier_leading_lagging_fixed_presslight_dr_noshield	REAL_TEST	195	251.3	100.0	-74.20	29.69	0.60	3539	0.3250	0.2009
bullhead_3_barrier_leading_lagging_fixed_presslight_dr_noshield	SIM_TRAIN	196	179.7	144.4	-20.31	10.45	0.64	4187	0.3611	0.1685
bullhead_3_barrier_leading_lagging_fixed_presslight_dr_noshield	SIM_TRAIN	197	146.1	147.2	-13.91	9.76	0.65	4278	0.3759	0.1778
bullhead_3_barrier_leading_lagging_fixed_presslight_dr_noshield	SIM_TRAIN	198	195.9	166.5	-18.80	17.29	0.61	4192	0.3889	0.1870
bullhead_3_barrier_leading_lagging_fixed_presslight_dr_noshield	REAL_TEST	198	442.7	100.0	-78.75	62.57	0.65	3334	0.3500	0.2009
bullhead_3_barrier_leading_lagging_fixed_presslight_dr_noshield	SIM_TRAIN	199	190.2	205.7	-20.37	10.35	0.65	4172	0.3537	0.1769
bullhead_3_barrier_leading_lagging_fixed_presslight_dr_noshield	SIM_TRAIN	200	193.9	209.3	-21.44	11.22	0.64	4133	0.3657	0.1639
bullhead_3_barrier_leading_lagging_fixed_presslight_dr_noshield	SIM_TRAIN	201	185.8	221.5	-19.20	10.50	0.63	4170	0.3750	0.1824
bullhead_3_barrier_leading_lagging_fixed_presslight_dr_noshield	REAL_TEST	201	670.8	100.0	-78.41	91.34	0.68	2381	0.3815	0.2083
bullhead_3_barrier_leading_lagging_fixed_presslight_dr_noshield	SIM_TRAIN	202	166.0	226.2	-22.07	11.74	0.64	4248	0.3287	0.1833
bullhead_3_barrier_leading_lagging_fixed_presslight_dr_noshield	SIM_TRAIN	203	270.2	250.0	-19.94	10.57	0.63	4006	0.3481	0.1713
bullhead_3_barrier_leading_lagging_fixed_presslight_dr_noshield	SIM_TRAIN	204	180.3	266.7	-18.20	9.05	0.62	4172	0.2704	0.1361
bullhead_3_barrier_leading_lagging_fixed_presslight_dr_noshield	REAL_TEST	204	676.5	100.0	-80.16	93.97	0.68	2360	0.3639	0.2167
bullhead_3_barrier_leading_lagging_fixed_presslight_dr_noshield	SIM_TRAIN	205	167.5	240.7	-17.05	11.13	0.62	4205	0.3074	0.1778
bullhead_3_barrier_leading_lagging_fixed_presslight_dr_noshield	SIM_TRAIN	206	273.8	240.3	-51.74	25.90	0.72	3981	0.4769	0.1981
bullhead_3_barrier_leading_lagging_fixed_presslight_dr_noshield	SIM_TRAIN	207	178.8	292.6	-28.46	14.24	0.61	4211	0.3722	0.1870
bullhead_3_barrier_leading_lagging_fixed_presslight_dr_noshield	REAL_TEST	207	285.3	100.0	-73.25	35.38	0.62	3631	0.3491	0.2028
bullhead_3_barrier_leading_lagging_fixed_presslight_dr_noshield	SIM_TRAIN	208	216.9	271.3	-20.25	10.70	0.66	4099	0.3167	0.1593
bullhead_3_barrier_leading_lagging_fixed_presslight_dr_noshield	SIM_TRAIN	209	198.1	332.5	-17.58	12.28	0.61	4170	0.4046	0.1917
bullhead_3_barrier_leading_lagging_fixed_presslight_dr_noshield	SIM_TRAIN	210	193.1	315.0	-23.15	10.56	0.67	4162	0.3157	0.1769
bullhead_3_barrier_leading_lagging_fixed_presslight_dr_noshield	REAL_TEST	210	251.0	100.0	-96.33	35.30	0.71	3734	0.4657	0.2204
bullhead_3_barrier_leading_lagging_fixed_presslight_dr_noshield	SIM_TRAIN	211	197.4	320.5	-17.90	13.70	0.61	4156	0.3463	0.1620
bullhead_3_barrier_leading_lagging_fixed_presslight_dr_noshield	SIM_TRAIN	212	168.6	293.3	-19.14	10.96	0.64	4174	0.2750	0.1694
bullhead_3_barrier_leading_lagging_fixed_presslight_dr_noshield	SIM_TRAIN	213	176.8	235.4	-16.90	9.98	0.62	4162	0.2593	0.1657
bullhead_3_barrier_leading_lagging_fixed_presslight_dr_noshield	REAL_TEST	213	222.6	100.0	-84.21	28.38	0.69	3935	0.4417	0.2241
bullhead_3_barrier_leading_lagging_fixed_presslight_dr_noshield	SIM_TRAIN	214	196.0	282.4	-21.68	18.03	0.66	4176	0.3231	0.1833
bullhead_3_barrier_leading_lagging_fixed_presslight_dr_noshield	SIM_TRAIN	215	140.7	383.5	-7.61	7.54	0.60	4291	0.2194	0.1565
bullhead_3_barrier_leading_lagging_fixed_presslight_dr_noshield	SIM_TRAIN	216	141.1	387.5	-11.15	7.97	0.65	4282	0.2750	0.1593
bullhead_3_barrier_leading_lagging_fixed_presslight_dr_noshield	REAL_TEST	216	200.5	100.0	-74.66	22.74	0.69	4143	0.4278	0.2056
bullhead_3_barrier_leading_lagging_fixed_presslight_dr_noshield	SIM_TRAIN	217	159.4	400.6	-16.86	10.49	0.61	4261	0.3231	0.1667
bullhead_3_barrier_leading_lagging_fixed_presslight_dr_noshield	SIM_TRAIN	218	195.3	432.2	-17.55	10.55	0.62	4181	0.2991	0.1722
bullhead_3_barrier_leading_lagging_fixed_presslight_dr_noshield	SIM_TRAIN	219	248.7	425.2	-20.40	12.44	0.60	4039	0.3509	0.1731
bullhead_3_barrier_leading_lagging_fixed_presslight_dr_noshield	REAL_TEST	219	208.2	100.0	-60.70	21.96	0.62	4122	0.3370	0.1833
bullhead_3_barrier_leading_lagging_fixed_presslight_dr_noshield	SIM_TRAIN	220	152.9	418.5	-14.15	11.68	0.64	4280	0.3398	0.1537
bullhead_3_barrier_leading_lagging_fixed_presslight_dr_noshield	SIM_TRAIN	221	151.8	363.5	-18.77	11.05	0.64	4228	0.2639	0.1231
bullhead_3_barrier_leading_lagging_fixed_presslight_dr_noshield	SIM_TRAIN	222	223.4	365.8	-18.06	12.58	0.58	4093	0.3556	0.1741
bullhead_3_barrier_leading_lagging_fixed_presslight_dr_noshield	REAL_TEST	222	240.2	100.0	-80.69	30.89	0.65	3958	0.4352	0.2065
bullhead_3_barrier_leading_lagging_fixed_presslight_dr_noshield	SIM_TRAIN	223	187.9	354.3	-24.03	12.37	0.70	4185	0.3287	0.1417
bullhead_3_barrier_leading_lagging_fixed_presslight_dr_noshield	SIM_TRAIN	224	160.5	343.5	-20.04	10.18	0.64	4251	0.2907	0.1556
bullhead_3_barrier_leading_lagging_fixed_presslight_dr_noshield	SIM_TRAIN	225	153.7	312.8	-16.33	11.84	0.60	4284	0.3315	0.1657
bullhead_3_barrier_leading_lagging_fixed_presslight_dr_noshield	REAL_TEST	225	214.0	100.0	-62.64	23.58	0.61	4054	0.3370	0.2019
bullhead_3_barrier_leading_lagging_fixed_presslight_dr_noshield	SIM_TRAIN	226	243.1	319.3	-23.83	13.72	0.59	4017	0.3694	0.1824
bullhead_3_barrier_leading_lagging_fixed_presslight_dr_noshield	SIM_TRAIN	227	197.1	325.4	-27.33	14.25	0.68	4147	0.3333	0.1537
bullhead_3_barrier_leading_lagging_fixed_presslight_dr_noshield	SIM_TRAIN	228	212.0	241.7	-19.66	10.66	0.65	4126	0.2889	0.1528
bullhead_3_barrier_leading_lagging_fixed_presslight_dr_noshield	REAL_TEST	228	230.6	100.0	-74.66	28.56	0.62	4016	0.4269	0.1981
bullhead_3_barrier_leading_lagging_fixed_presslight_dr_noshield	SIM_TRAIN	229	199.2	158.9	-19.51	12.28	0.66	4142	0.3306	0.1796
bullhead_3_barrier_leading_lagging_fixed_presslight_dr_noshield	SIM_TRAIN	230	218.1	160.9	-18.68	12.69	0.64	4091	0.3611	0.1722
bullhead_3_barrier_leading_lagging_fixed_presslight_dr_noshield	SIM_TRAIN	231	152.5	159.2	-15.05	9.22	0.61	4243	0.2880	0.1611
bullhead_3_barrier_leading_lagging_fixed_presslight_dr_noshield	REAL_TEST	231	224.6	100.0	-91.64	27.11	0.60	3416	0.3917	0.1991
bullhead_3_barrier_leading_lagging_fixed_presslight_dr_noshield	SIM_TRAIN	232	198.0	159.1	-16.48	10.08	0.60	4100	0.2852	0.1843
bullhead_3_barrier_leading_lagging_fixed_presslight_dr_noshield	SIM_TRAIN	233	169.6	157.9	-15.13	10.54	0.59	4206	0.2620	0.1630
bullhead_3_barrier_leading_lagging_fixed_presslight_dr_noshield	SIM_TRAIN	234	249.6	158.8	-21.15	12.02	0.60	4042	0.3481	0.1917
bullhead_3_barrier_leading_lagging_fixed_presslight_dr_noshield	REAL_TEST	234	715.1	100.0	-97.04	100.63	0.70	2277	0.3537	0.2139
bullhead_3_barrier_leading_lagging_fixed_presslight_dr_noshield	SIM_TRAIN	235	169.1	158.7	-20.95	12.48	0.69	4237	0.3352	0.1620
bullhead_3_barrier_leading_lagging_fixed_presslight_dr_noshield	SIM_TRAIN	236	151.8	154.2	-19.72	10.81	0.66	4266	0.2944	0.1870
bullhead_3_barrier_leading_lagging_fixed_presslight_dr_noshield	SIM_TRAIN	237	151.9	147.9	-19.21	11.92	0.74	4279	0.3463	0.1528
bullhead_3_barrier_leading_lagging_fixed_presslight_dr_noshield	REAL_TEST	237	695.8	100.0	-89.46	98.19	0.68	2327	0.3435	0.2185
bullhead_3_barrier_leading_lagging_fixed_presslight_dr_noshield	SIM_TRAIN	238	155.3	151.7	-19.26	9.61	0.68	4241	0.2528	0.1620
bullhead_3_barrier_leading_lagging_fixed_presslight_dr_noshield	SIM_TRAIN	239	158.6	144.6	-16.80	12.62	0.63	4263	0.3139	0.1583
bullhead_3_barrier_leading_lagging_fixed_presslight_dr_noshield	SIM_TRAIN	240	158.8	149.0	-13.95	9.91	0.60	4256	0.2648	0.1528
bullhead_3_barrier_leading_lagging_fixed_presslight_dr_noshield	REAL_TEST	240	726.4	100.0	-102.17	101.79	0.70	2236	0.3398	0.2167
bullhead_3_barrier_leading_lagging_fixed_presslight_dr_noshield	SIM_TRAIN	241	252.4	134.5	-19.57	12.05	0.60	3980	0.3676	0.1935
bullhead_3_barrier_leading_lagging_fixed_presslight_dr_noshield	SIM_TRAIN	242	189.9	156.8	-34.89	14.18	0.73	4166	0.4056	0.1898
bullhead_3_barrier_leading_lagging_fixed_presslight_dr_noshield	SIM_TRAIN	243	273.8	153.7	-19.39	13.81	0.62	3994	0.3389	0.1972
bullhead_3_barrier_leading_lagging_fixed_presslight_dr_noshield	REAL_TEST	243	219.9	100.0	-83.10	27.82	0.65	4044	0.3361	0.2046
bullhead_3_barrier_leading_lagging_fixed_presslight_dr_noshield	SIM_TRAIN	244	153.9	132.5	-15.42	8.68	0.62	4236	0.2454	0.1667
bullhead_3_barrier_leading_lagging_fixed_presslight_dr_noshield	SIM_TRAIN	245	147.7	117.1	-15.91	8.92	0.62	4291	0.2602	0.1833
bullhead_3_barrier_leading_lagging_fixed_presslight_dr_noshield	SIM_TRAIN	246	148.0	122.1	-15.28	8.69	0.63	4256	0.2426	0.1787
bullhead_3_barrier_leading_lagging_fixed_presslight_dr_noshield	REAL_TEST	246	211.1	100.0	-85.39	26.27	0.64	3988	0.3241	0.2065
bullhead_3_barrier_leading_lagging_fixed_presslight_dr_noshield	SIM_TRAIN	247	290.8	122.2	-24.24	14.09	0.61	3916	0.4037	0.2028
bullhead_3_barrier_leading_lagging_fixed_presslight_dr_noshield	SIM_TRAIN	248	169.3	160.9	-19.54	10.32	0.63	4214	0.3046	0.1898
bullhead_3_barrier_leading_lagging_fixed_presslight_dr_noshield	SIM_TRAIN	249	147.6	160.0	-15.91	8.22	0.64	4274	0.2204	0.1454
bullhead_3_barrier_leading_lagging_fixed_presslight_dr_noshield	REAL_TEST	249	703.6	100.0	-93.88	98.57	0.67	2292	0.3917	0.2185
bullhead_3_barrier_leading_lagging_fixed_presslight_dr_noshield	SIM_TRAIN	250	177.5	153.2	-16.19	11.39	0.58	4183	0.2944	0.1750
bullhead_3_barrier_leading_lagging_fixed_presslight_dr_noshield	SIM_TRAIN	251	183.0	176.0	-19.05	9.62	0.62	4148	0.2269	0.1519
bullhead_3_barrier_leading_lagging_fixed_presslight_dr_noshield	SIM_TRAIN	252	171.8	159.1	-33.80	19.26	0.71	4232	0.3833	0.1796
bullhead_3_barrier_leading_lagging_fixed_presslight_dr_noshield	REAL_TEST	252	588.4	100.0	-91.73	86.41	0.68	2472	0.3944	0.2130
bullhead_3_barrier_leading_lagging_fixed_presslight_dr_noshield	SIM_TRAIN	253	213.8	186.3	-18.82	11.20	0.62	4081	0.3222	0.1694
bullhead_3_barrier_leading_lagging_fixed_presslight_dr_noshield	SIM_TRAIN	254	172.8	221.9	-15.68	11.93	0.60	4218	0.2435	0.1620
bullhead_3_barrier_leading_lagging_fixed_presslight_dr_noshield	SIM_TRAIN	255	400.2	226.4	-24.84	13.31	0.61	3656	0.4444	0.2148
bullhead_3_barrier_leading_lagging_fixed_presslight_dr_noshield	REAL_TEST	255	588.3	100.0	-94.10	86.45	0.70	2506	0.3759	0.2148
bullhead_3_barrier_leading_lagging_fixed_presslight_dr_noshield	SIM_TRAIN	256	154.6	231.7	-21.91	12.08	0.61	4257	0.2944	0.1898
bullhead_3_barrier_leading_lagging_fixed_presslight_dr_noshield	SIM_TRAIN	257	190.8	244.4	-17.80	10.91	0.59	4173	0.3250	0.1778
bullhead_3_barrier_leading_lagging_fixed_presslight_dr_noshield	SIM_TRAIN	258	147.6	245.5	-14.38	9.51	0.61	4269	0.2713	0.1667
bullhead_3_barrier_leading_lagging_fixed_presslight_dr_noshield	REAL_TEST	258	580.8	100.0	-85.35	84.29	0.68	2531	0.3750	0.2111
bullhead_3_barrier_leading_lagging_fixed_presslight_dr_noshield	SIM_TRAIN	259	169.3	242.5	-19.30	9.94	0.64	4228	0.2926	0.1611
bullhead_3_barrier_leading_lagging_fixed_presslight_dr_noshield	SIM_TRAIN	260	148.1	215.6	-11.91	10.05	0.62	4287	0.3407	0.1657
bullhead_3_barrier_leading_lagging_fixed_presslight_dr_noshield	SIM_TRAIN	261	191.7	215.0	-17.78	10.64	0.60	4167	0.3343	0.1611
bullhead_3_barrier_leading_lagging_fixed_presslight_dr_noshield	REAL_TEST	261	179.5	100.0	-62.27	17.08	0.59	4011	0.3278	0.2093
bullhead_3_barrier_leading_lagging_fixed_presslight_dr_noshield	SIM_TRAIN	262	178.8	193.8	-47.44	20.57	0.62	4263	0.3722	0.1954
bullhead_3_barrier_leading_lagging_fixed_presslight_dr_noshield	SIM_TRAIN	263	168.1	224.5	-16.71	10.24	0.63	4209	0.2843	0.1565
bullhead_3_barrier_leading_lagging_fixed_presslight_dr_noshield	SIM_TRAIN	264	170.9	209.6	-18.32	10.27	0.62	4222	0.2935	0.1389
bullhead_3_barrier_leading_lagging_fixed_presslight_dr_noshield	REAL_TEST	264	578.2	100.0	-82.39	82.30	0.66	2546	0.3296	0.2157
bullhead_3_barrier_leading_lagging_fixed_presslight_dr_noshield	SIM_TRAIN	265	177.3	212.5	-21.43	13.39	0.70	4213	0.4259	0.1583
bullhead_3_barrier_leading_lagging_fixed_presslight_dr_noshield	SIM_TRAIN	266	208.5	205.1	-53.26	22.10	0.71	4157	0.4454	0.1972
bullhead_3_barrier_leading_lagging_fixed_presslight_dr_noshield	SIM_TRAIN	267	175.1	206.9	-18.92	16.87	0.61	4195	0.3731	0.1759
bullhead_3_barrier_leading_lagging_fixed_presslight_dr_noshield	REAL_TEST	267	741.1	100.0	-105.09	102.61	0.71	2193	0.3352	0.2185
bullhead_3_barrier_leading_lagging_fixed_presslight_dr_noshield	SIM_TRAIN	268	145.2	202.1	-12.68	8.12	0.60	4263	0.2593	0.1352
bullhead_3_barrier_leading_lagging_fixed_presslight_dr_noshield	SIM_TRAIN	269	202.3	186.3	-20.63	12.18	0.61	4123	0.4009	0.1639
bullhead_3_barrier_leading_lagging_fixed_presslight_dr_noshield	SIM_TRAIN	270	190.8	178.3	-20.96	11.29	0.61	4190	0.3130	0.1565
bullhead_3_barrier_leading_lagging_fixed_presslight_dr_noshield	REAL_TEST	270	724.9	100.0	-101.44	105.05	0.71	2260	0.3370	0.2176
bullhead_3_barrier_leading_lagging_fixed_presslight_dr_noshield	SIM_TRAIN	271	149.7	168.9	-13.62	10.74	0.61	4280	0.2806	0.1574
bullhead_3_barrier_leading_lagging_fixed_presslight_dr_noshield	SIM_TRAIN	272	158.4	160.0	-19.17	9.77	0.64	4269	0.2824	0.1648
bullhead_3_barrier_leading_lagging_fixed_presslight_dr_noshield	SIM_TRAIN	273	198.2	159.7	-19.53	10.43	0.62	4124	0.2991	0.1657
bullhead_3_barrier_leading_lagging_fixed_presslight_dr_noshield	REAL_TEST	273	743.2	100.0	-97.21	103.95	0.70	2194	0.3398	0.2167
bullhead_3_barrier_leading_lagging_fixed_presslight_dr_noshield	SIM_TRAIN	274	207.8	163.8	-18.65	11.04	0.58	4099	0.3019	0.1639
bullhead_3_barrier_leading_lagging_fixed_presslight_dr_noshield	SIM_TRAIN	275	185.1	159.5	-19.13	10.35	0.65	4177	0.2630	0.1741
bullhead_3_barrier_leading_lagging_fixed_presslight_dr_noshield	SIM_TRAIN	276	296.5	164.6	-30.41	13.90	0.70	3895	0.4370	0.1833
bullhead_3_barrier_leading_lagging_fixed_presslight_dr_noshield	REAL_TEST	276	729.0	100.0	-101.35	101.44	0.70	2237	0.3398	0.2167
bullhead_3_barrier_leading_lagging_fixed_presslight_dr_noshield	SIM_TRAIN	277	188.5	156.8	-19.01	12.42	0.58	4187	0.3185	0.1731
bullhead_3_barrier_leading_lagging_fixed_presslight_dr_noshield	SIM_TRAIN	278	213.2	160.1	-16.24	9.79	0.58	4126	0.2778	0.1731
bullhead_3_barrier_leading_lagging_fixed_presslight_dr_noshield	SIM_TRAIN	279	165.0	157.0	-18.87	11.24	0.61	4238	0.2806	0.1593
bullhead_3_barrier_leading_lagging_fixed_presslight_dr_noshield	REAL_TEST	279	738.1	100.0	-100.67	102.93	0.69	2203	0.3426	0.2176
bullhead_3_barrier_leading_lagging_fixed_presslight_dr_noshield	SIM_TRAIN	280	205.4	155.2	-17.79	9.26	0.63	4127	0.2389	0.1472
bullhead_3_barrier_leading_lagging_fixed_presslight_dr_noshield	SIM_TRAIN	281	218.3	149.4	-18.28	10.86	0.59	4075	0.2676	0.1454
bullhead_3_barrier_leading_lagging_fixed_presslight_dr_noshield	SIM_TRAIN	282	168.8	118.8	-17.82	8.92	0.64	4215	0.2269	0.1546
bullhead_3_barrier_leading_lagging_fixed_presslight_dr_noshield	REAL_TEST	282	284.8	100.0	-92.58	39.23	0.67	3619	0.2546	0.1852
bullhead_3_barrier_leading_lagging_fixed_presslight_dr_noshield	SIM_TRAIN	283	160.0	118.3	-17.30	10.94	0.61	4248	0.2852	0.1602
bullhead_3_barrier_leading_lagging_fixed_presslight_dr_noshield	SIM_TRAIN	284	172.1	114.0	-18.25	9.81	0.60	4242	0.2870	0.1824
bullhead_3_barrier_leading_lagging_fixed_presslight_dr_noshield	SIM_TRAIN	285	211.1	107.4	-22.00	10.63	0.65	4156	0.2815	0.1713
bullhead_3_barrier_leading_lagging_fixed_presslight_dr_noshield	REAL_TEST	285	726.9	100.0	-102.14	102.46	0.70	2229	0.3343	0.2167
bullhead_3_barrier_leading_lagging_fixed_presslight_dr_noshield	SIM_TRAIN	286	209.7	112.9	-22.28	11.06	0.63	4116	0.3009	0.1657
bullhead_3_barrier_leading_lagging_fixed_presslight_dr_noshield	SIM_TRAIN	287	203.9	126.7	-30.53	21.50	0.69	4204	0.4278	0.1704
bullhead_3_barrier_leading_lagging_fixed_presslight_dr_noshield	SIM_TRAIN	288	164.8	159.5	-16.92	8.80	0.63	4237	0.2352	0.1481
bullhead_3_barrier_leading_lagging_fixed_presslight_dr_noshield	REAL_TEST	288	694.7	100.0	-89.36	97.54	0.68	2299	0.3398	0.2176
bullhead_3_barrier_leading_lagging_fixed_presslight_dr_noshield	SIM_TRAIN	289	178.8	226.7	-20.58	12.96	0.65	4193	0.3954	0.1787
bullhead_3_barrier_leading_lagging_fixed_presslight_dr_noshield	SIM_TRAIN	290	242.4	311.3	-49.69	23.47	0.71	4070	0.4639	0.1824
bullhead_3_barrier_leading_lagging_fixed_presslight_dr_noshield	SIM_TRAIN	291	173.7	366.6	-16.81	8.51	0.62	4191	0.2620	0.1398
bullhead_3_barrier_leading_lagging_fixed_presslight_dr_noshield	REAL_TEST	291	256.7	100.0	-85.73	35.60	0.67	4046	0.3259	0.2009
bullhead_3_barrier_leading_lagging_fixed_presslight_dr_noshield	SIM_TRAIN	292	274.1	454.2	-19.63	11.29	0.62	3931	0.3750	0.1870
bullhead_3_barrier_leading_lagging_fixed_presslight_dr_noshield	SIM_TRAIN	293	290.0	631.8	-21.77	14.39	0.61	3913	0.4019	0.1880
bullhead_3_barrier_leading_lagging_fixed_presslight_dr_noshield	SIM_TRAIN	294	172.4	816.4	-16.21	11.11	0.61	4210	0.3565	0.1704
bullhead_3_barrier_leading_lagging_fixed_presslight_dr_noshield	REAL_TEST	294	711.9	100.0	-101.81	101.65	0.70	2270	0.3972	0.2185
bullhead_3_barrier_leading_lagging_fixed_presslight_dr_noshield	SIM_TRAIN	295	291.0	950.1	-29.40	15.75	0.71	3939	0.4898	0.1815
bullhead_3_barrier_leading_lagging_fixed_presslight_dr_noshield	SIM_TRAIN	296	210.7	903.1	-19.28	13.38	0.63	4109	0.3148	0.1657
bullhead_3_barrier_leading_lagging_fixed_presslight_dr_noshield	SIM_TRAIN	297	194.2	1126.6	-17.94	11.23	0.61	4158	0.3250	0.1694
bullhead_3_barrier_leading_lagging_fixed_presslight_dr_noshield	REAL_TEST	297	699.1	100.0	-92.29	98.86	0.68	2313	0.3954	0.2148
bullhead_3_barrier_leading_lagging_fixed_presslight_dr_noshield	SIM_TRAIN	298	233.2	1049.8	-20.55	11.40	0.62	4051	0.3787	0.1704
bullhead_3_barrier_leading_lagging_fixed_presslight_dr_noshield	SIM_TRAIN	299	233.8	1145.6	-60.57	23.80	0.72	4055	0.4750	0.1972
