hz1x1_setting4_dqn_domain_randomization	SIM_TRAIN	0	840.7	0.0	-150.84	100.04	0.63	1097
hz1x1_setting4_dqn_domain_randomization	SIM_TRAIN	1	863.6	0.0	-144.06	95.79	0.65	1068
hz1x1_setting4_dqn_domain_randomization	SIM_TRAIN	2	793.2	1133.6	-159.08	105.94	0.66	1383
hz1x1_setting4_dqn_domain_randomization	SIM_TRAIN	3	305.0	323.8	-73.88	48.91	0.59	1741
hz1x1_setting4_dqn_domain_randomization	REAL_TEST	3	326.7	100.0	-160.17	106.80	0.78	1286
hz1x1_setting4_dqn_domain_randomization	SIM_TRAIN	4	369.3	303.3	-76.72	50.81	0.65	1724
hz1x1_setting4_dqn_domain_randomization	SIM_TRAIN	5	341.6	285.2	-88.50	58.66	0.69	1722
hz1x1_setting4_dqn_domain_randomization	SIM_TRAIN	6	155.2	300.4	-59.00	38.91	0.58	1969
hz1x1_setting4_dqn_domain_randomization	REAL_TEST	6	330.4	100.0	-183.81	122.56	0.85	1442
hz1x1_setting4_dqn_domain_randomization	SIM_TRAIN	7	364.0	284.0	-85.97	57.07	0.75	1690
hz1x1_setting4_dqn_domain_randomization	SIM_TRAIN	8	146.2	279.3	-59.32	39.00	0.61	1979
hz1x1_setting4_dqn_domain_randomization	SIM_TRAIN	9	168.6	276.1	-64.86	43.06	0.65	1940
hz1x1_setting4_dqn_domain_randomization	REAL_TEST	9	352.6	100.0	-197.74	131.82	0.89	1416
hz1x1_setting4_dqn_domain_randomization	SIM_TRAIN	10	293.6	256.9	-82.92	54.80	0.76	1776
hz1x1_setting4_dqn_domain_randomization	SIM_TRAIN	11	336.4	246.4	-88.02	58.47	0.73	1734
hz1x1_setting4_dqn_domain_randomization	SIM_TRAIN	12	124.5	248.8	-52.08	34.24	0.61	1972
hz1x1_setting4_dqn_domain_randomization	REAL_TEST	12	326.8	100.0	-182.65	121.83	0.86	1451
hz1x1_setting4_dqn_domain_randomization	SIM_TRAIN	13	138.3	249.2	-59.35	39.03	0.64	1954
hz1x1_setting4_dqn_domain_randomization	SIM_TRAIN	14	203.9	242.7	-67.13	44.53	0.69	1893
hz1x1_setting4_dqn_domain_randomization	SIM_TRAIN	15	114.3	245.2	-45.04	29.51	0.60	1956
hz1x1_setting4_dqn_domain_randomization	REAL_TEST	15	285.2	100.0	-156.43	104.34	0.83	1510
hz1x1_setting4_dqn_domain_randomization	SIM_TRAIN	16	226.7	241.0	-68.70	45.54	0.70	1862
hz1x1_setting4_dqn_domain_randomization	SIM_TRAIN	17	358.8	225.8	-91.92	61.14	0.77	1662
hz1x1_setting4_dqn_domain_randomization	SIM_TRAIN	18	126.1	217.1	-48.12	31.66	0.62	1975
hz1x1_setting4_dqn_domain_randomization	REAL_TEST	18	305.9	100.0	-173.17	115.41	0.89	1508
hz1x1_setting4_dqn_domain_randomization	SIM_TRAIN	19	440.8	211.2	-96.00	63.73	0.84	1580
hz1x1_setting4_dqn_domain_randomization	SIM_TRAIN	20	333.2	206.1	-86.97	57.78	0.79	1728
hz1x1_setting4_dqn_domain_randomization	SIM_TRAIN	21	103.5	197.4	-34.05	22.30	0.54	1971
hz1x1_setting4_dqn_domain_randomization	REAL_TEST	21	337.6	100.0	-192.47	128.31	0.86	1464
hz1x1_setting4_dqn_domain_randomization	SIM_TRAIN	22	105.0	200.3	-37.39	24.40	0.59	1984
hz1x1_setting4_dqn_domain_randomization	SIM_TRAIN	23	98.6	200.6	-32.73	21.37	0.57	1982
hz1x1_setting4_dqn_domain_randomization	SIM_TRAIN	24	405.9	197.5	-89.99	59.76	0.81	1621
hz1x1_setting4_dqn_domain_randomization	REAL_TEST	24	288.9	100.0	-159.90	106.61	0.86	1508
hz1x1_setting4_dqn_domain_randomization	SIM_TRAIN	25	94.9	191.3	-29.50	19.12	0.55	1982
hz1x1_setting4_dqn_domain_randomization	SIM_TRAIN	26	103.0	196.1	-36.32	23.79	0.59	1981
hz1x1_setting4_dqn_domain_randomization	SIM_TRAIN	27	480.1	195.0	-87.79	57.90	0.79	1524
hz1x1_setting4_dqn_domain_randomization	REAL_TEST	27	268.2	100.0	-149.71	99.78	0.84	1567
hz1x1_setting4_dqn_domain_randomization	SIM_TRAIN	28	272.5	191.0	-80.49	53.60	0.76	1790
hz1x1_setting4_dqn_domain_randomization	SIM_TRAIN	29	99.9	202.5	-32.82	21.42	0.59	1976
hz1x1_setting4_dqn_domain_randomization	SIM_TRAIN	30	102.8	199.2	-34.69	22.72	0.60	1978
hz1x1_setting4_dqn_domain_randomization	REAL_TEST	30	302.6	100.0	-167.75	111.85	0.84	1493
hz1x1_setting4_dqn_domain_randomization	SIM_TRAIN	31	101.5	199.0	-34.32	22.34	0.61	1974
hz1x1_setting4_dqn_domain_randomization	SIM_TRAIN	32	293.5	202.5	-84.63	56.16	0.81	1758
hz1x1_setting4_dqn_domain_randomization	SIM_TRAIN	33	129.1	205.4	-53.70	35.39	0.69	1958
hz1x1_setting4_dqn_domain_randomization	REAL_TEST	33	384.9	100.0	-184.54	123.02	0.81	1194
hz1x1_setting4_dqn_domain_randomization	SIM_TRAIN	34	501.0	220.3	-93.21	62.06	0.83	1505
hz1x1_setting4_dqn_domain_randomization	SIM_TRAIN	35	110.9	216.2	-38.66	25.43	0.64	1981
hz1x1_setting4_dqn_domain_randomization	SIM_TRAIN	36	108.0	212.3	-38.13	25.02	0.61	1982
hz1x1_setting4_dqn_domain_randomization	REAL_TEST	36	265.0	100.0	-146.13	97.37	0.85	1569
hz1x1_setting4_dqn_domain_randomization	SIM_TRAIN	37	307.1	213.3	-85.62	56.79	0.79	1740
hz1x1_setting4_dqn_domain_randomization	SIM_TRAIN	38	97.2	213.0	-31.41	20.51	0.58	1981
hz1x1_setting4_dqn_domain_randomization	SIM_TRAIN	39	630.3	217.1	-86.57	57.22	0.85	1361
hz1x1_setting4_dqn_domain_randomization	REAL_TEST	39	268.8	100.0	-150.38	100.26	0.87	1580
hz1x1_setting4_dqn_domain_randomization	SIM_TRAIN	40	99.3	216.3	-33.30	21.74	0.59	1979
hz1x1_setting4_dqn_domain_randomization	SIM_TRAIN	41	108.3	220.3	-40.21	26.36	0.62	1967
hz1x1_setting4_dqn_domain_randomization	SIM_TRAIN	42	196.1	225.0	-76.22	50.50	0.72	1854
hz1x1_setting4_dqn_domain_randomization	REAL_TEST	42	290.0	100.0	-163.73	109.14	0.86	1539
hz1x1_setting4_dqn_domain_randomization	SIM_TRAIN	43	316.7	219.3	-84.41	56.09	0.78	1723
hz1x1_setting4_dqn_domain_randomization	SIM_TRAIN	44	121.2	214.9	-46.09	30.25	0.65	1984
hz1x1_setting4_dqn_domain_randomization	SIM_TRAIN	45	580.2	220.5	-86.02	57.06	0.82	1414
hz1x1_setting4_dqn_domain_randomization	REAL_TEST	45	269.4	100.0	-147.41	98.31	0.85	1564
hz1x1_setting4_dqn_domain_randomization	SIM_TRAIN	46	102.3	221.6	-35.64	23.46	0.60	1987
hz1x1_setting4_dqn_domain_randomization	SIM_TRAIN	47	96.7	216.0	-29.33	19.20	0.56	1981
hz1x1_setting4_dqn_domain_randomization	SIM_TRAIN	48	550.3	215.5	-85.70	56.89	0.82	1452
hz1x1_setting4_dqn_domain_randomization	REAL_TEST	48	270.1	100.0	-148.43	98.96	0.85	1548
hz1x1_setting4_dqn_domain_randomization	SIM_TRAIN	49	181.8	223.2	-67.96	45.05	0.71	1891
hz1x1_setting4_dqn_domain_randomization	SIM_TRAIN	50	185.8	216.0	-73.53	48.96	0.75	1882
hz1x1_setting4_dqn_domain_randomization	SIM_TRAIN	51	393.4	220.5	-85.40	56.68	0.81	1615
hz1x1_setting4_dqn_domain_randomization	REAL_TEST	51	272.8	100.0	-150.92	100.57	0.84	1553
hz1x1_setting4_dqn_domain_randomization	SIM_TRAIN	52	100.5	223.4	-34.26	22.41	0.60	1980
hz1x1_setting4_dqn_domain_randomization	SIM_TRAIN	53	361.9	222.5	-85.38	56.83	0.80	1666
hz1x1_setting4_dqn_domain_randomization	SIM_TRAIN	54	598.7	221.1	-91.65	60.67	0.84	1386
hz1x1_setting4_dqn_domain_randomization	REAL_TEST	54	259.1	100.0	-150.04	100.05	0.86	1662
hz1x1_setting4_dqn_domain_randomization	SIM_TRAIN	55	137.1	207.1	-56.30	37.12	0.67	1968
hz1x1_setting4_dqn_domain_randomization	SIM_TRAIN	56	280.2	203.4	-85.30	56.61	0.78	1788
hz1x1_setting4_dqn_domain_randomization	SIM_TRAIN	57	154.1	197.0	-64.14	42.52	0.68	1926
hz1x1_setting4_dqn_domain_randomization	REAL_TEST	57	248.5	100.0	-127.91	85.30	0.80	1546
hz1x1_setting4_dqn_domain_randomization	SIM_TRAIN	58	97.5	199.7	-31.93	20.79	0.58	1992
hz1x1_setting4_dqn_domain_randomization	SIM_TRAIN	59	404.4	200.5	-98.32	65.44	0.76	1635
hz1x1_setting4_dqn_domain_randomization	SIM_TRAIN	60	504.5	201.6	-93.34	61.82	0.85	1502
hz1x1_setting4_dqn_domain_randomization	REAL_TEST	60	258.7	100.0	-147.24	98.17	0.87	1644
hz1x1_setting4_dqn_domain_randomization	SIM_TRAIN	61	133.7	192.4	-54.22	35.77	0.68	1961
hz1x1_setting4_dqn_domain_randomization	SIM_TRAIN	62	104.1	195.5	-35.31	23.14	0.61	1977
hz1x1_setting4_dqn_domain_randomization	SIM_TRAIN	63	165.1	198.8	-64.24	42.53	0.73	1935
hz1x1_setting4_dqn_domain_randomization	REAL_TEST	63	252.2	100.0	-137.92	91.94	0.83	1608
hz1x1_setting4_dqn_domain_randomization	SIM_TRAIN	64	230.1	198.4	-80.06	53.00	0.78	1857
hz1x1_setting4_dqn_domain_randomization	SIM_TRAIN	65	110.0	193.1	-39.50	25.93	0.64	1969
hz1x1_setting4_dqn_domain_randomization	SIM_TRAIN	66	251.9	201.3	-79.59	52.74	0.75	1828
hz1x1_setting4_dqn_domain_randomization	REAL_TEST	66	239.5	100.0	-128.86	85.87	0.82	1616
hz1x1_setting4_dqn_domain_randomization	SIM_TRAIN	67	97.4	195.8	-31.66	20.62	0.58	1984
hz1x1_setting4_dqn_domain_randomization	SIM_TRAIN	68	91.6	192.9	-27.05	17.59	0.54	1984
hz1x1_setting4_dqn_domain_randomization	SIM_TRAIN	69	100.7	198.0	-34.59	22.81	0.59	1978
hz1x1_setting4_dqn_domain_randomization	REAL_TEST	69	261.7	100.0	-134.00	89.34	0.78	1499
hz1x1_setting4_dqn_domain_randomization	SIM_TRAIN	70	99.2	191.0	-32.04	20.88	0.57	1984
hz1x1_setting4_dqn_domain_randomization	SIM_TRAIN	71	122.2	188.6	-46.98	30.96	0.65	1971
hz1x1_setting4_dqn_domain_randomization	SIM_TRAIN	72	98.7	193.1	-32.52	21.29	0.56	1972
hz1x1_setting4_dqn_domain_randomization	REAL_TEST	72	255.7	100.0	-141.35	94.28	0.83	1608
hz1x1_setting4_dqn_domain_randomization	SIM_TRAIN	73	101.3	196.2	-34.43	22.58	0.58	1972
hz1x1_setting4_dqn_domain_randomization	SIM_TRAIN	74	250.2	191.4	-81.48	54.28	0.74	1819
hz1x1_setting4_dqn_domain_randomization	SIM_TRAIN	75	96.1	198.8	-30.47	19.86	0.55	1981
hz1x1_setting4_dqn_domain_randomization	REAL_TEST	75	261.8	100.0	-153.14	102.13	0.84	1656
hz1x1_setting4_dqn_domain_randomization	SIM_TRAIN	76	92.9	193.5	-27.90	18.22	0.54	1993
hz1x1_setting4_dqn_domain_randomization	SIM_TRAIN	77	94.4	194.2	-28.58	18.69	0.53	1982
hz1x1_setting4_dqn_domain_randomization	SIM_TRAIN	78	401.1	192.1	-95.83	63.74	0.82	1618
hz1x1_setting4_dqn_domain_randomization	REAL_TEST	78	287.2	100.0	-156.57	104.40	0.80	1518
hz1x1_setting4_dqn_domain_randomization	SIM_TRAIN	79	148.0	198.6	-60.95	40.42	0.70	1951
hz1x1_setting4_dqn_domain_randomization	SIM_TRAIN	80	108.1	200.4	-40.23	26.51	0.63	1979
hz1x1_setting4_dqn_domain_randomization	SIM_TRAIN	81	432.2	202.1	-95.67	63.63	0.84	1583
hz1x1_setting4_dqn_domain_randomization	REAL_TEST	81	260.5	100.0	-145.60	97.09	0.84	1601
hz1x1_setting4_dqn_domain_randomization	SIM_TRAIN	82	124.5	219.6	-45.39	30.03	0.67	1967
hz1x1_setting4_dqn_domain_randomization	SIM_TRAIN	83	167.9	219.2	-67.26	44.60	0.74	1926
hz1x1_setting4_dqn_domain_randomization	SIM_TRAIN	84	97.0	217.2	-31.19	20.22	0.58	1979
hz1x1_setting4_dqn_domain_randomization	REAL_TEST	84	261.2	100.0	-144.43	96.28	0.85	1590
hz1x1_setting4_dqn_domain_randomization	SIM_TRAIN	85	98.0	218.2	-31.91	20.77	0.58	1978
hz1x1_setting4_dqn_domain_randomization	SIM_TRAIN	86	620.3	213.9	-94.87	62.86	0.83	1369
hz1x1_setting4_dqn_domain_randomization	SIM_TRAIN	87	479.4	215.6	-101.00	67.09	0.82	1530
hz1x1_setting4_dqn_domain_randomization	REAL_TEST	87	270.8	100.0	-153.50	102.37	0.85	1604
hz1x1_setting4_dqn_domain_randomization	SIM_TRAIN	88	363.0	208.3	-85.44	56.87	0.81	1662
hz1x1_setting4_dqn_domain_randomization	SIM_TRAIN	89	559.9	216.3	-97.73	64.87	0.83	1431
hz1x1_setting4_dqn_domain_randomization	SIM_TRAIN	90	239.3	216.8	-87.15	57.78	0.78	1811
hz1x1_setting4_dqn_domain_randomization	REAL_TEST	90	268.1	100.0	-153.43	102.30	0.85	1625
hz1x1_setting4_dqn_domain_randomization	SIM_TRAIN	91	96.2	209.6	-30.54	19.88	0.57	1983
hz1x1_setting4_dqn_domain_randomization	SIM_TRAIN	92	98.1	216.3	-32.70	21.38	0.59	1983
hz1x1_setting4_dqn_domain_randomization	SIM_TRAIN	93	232.9	220.5	-81.60	54.14	0.77	1843
hz1x1_setting4_dqn_domain_randomization	REAL_TEST	93	248.8	100.0	-136.94	91.25	0.83	1626
hz1x1_setting4_dqn_domain_randomization	SIM_TRAIN	94	98.0	222.3	-32.46	21.48	0.58	1978
hz1x1_setting4_dqn_domain_randomization	SIM_TRAIN	95	566.5	214.3	-93.26	61.78	0.84	1426
hz1x1_setting4_dqn_domain_randomization	SIM_TRAIN	96	309.3	204.9	-90.78	60.30	0.80	1753
hz1x1_setting4_dqn_domain_randomization	REAL_TEST	96	271.5	100.0	-152.44	101.62	0.85	1600
hz1x1_setting4_dqn_domain_randomization	SIM_TRAIN	97	106.2	209.0	-38.74	25.37	0.61	1982
hz1x1_setting4_dqn_domain_randomization	SIM_TRAIN	98	98.3	209.1	-32.38	21.18	0.58	1977
hz1x1_setting4_dqn_domain_randomization	SIM_TRAIN	99	99.6	201.5	-32.58	21.32	0.60	1980
hz1x1_setting4_dqn_domain_randomization	REAL_TEST	99	258.2	100.0	-143.83	95.91	0.86	1626
hz1x1_setting4_dqn_domain_randomization	SIM_TRAIN	100	511.8	200.9	-96.62	64.21	0.85	1498
hz1x1_setting4_dqn_domain_randomization	SIM_TRAIN	101	235.1	200.5	-90.73	60.27	0.77	1836
hz1x1_setting4_dqn_domain_randomization	SIM_TRAIN	102	103.4	201.5	-35.58	23.31	0.62	1979
hz1x1_setting4_dqn_domain_randomization	REAL_TEST	102	248.4	100.0	-137.59	91.73	0.85	1644
hz1x1_setting4_dqn_domain_randomization	SIM_TRAIN	103	101.2	201.1	-32.45	21.15	0.60	1984
hz1x1_setting4_dqn_domain_randomization	SIM_TRAIN	104	222.2	198.8	-82.81	54.87	0.77	1852
hz1x1_setting4_dqn_domain_randomization	SIM_TRAIN	105	94.7	200.2	-29.29	19.07	0.57	1984
hz1x1_setting4_dqn_domain_randomization	REAL_TEST	105	255.5	100.0	-143.32	95.53	0.85	1639
hz1x1_setting4_dqn_domain_randomization	SIM_TRAIN	106	311.6	199.9	-88.22	58.79	0.81	1738
hz1x1_setting4_dqn_domain_randomization	SIM_TRAIN	107	103.3	187.3	-34.52	22.67	0.60	1979
hz1x1_setting4_dqn_domain_randomization	SIM_TRAIN	108	99.7	186.5	-32.56	21.30	0.59	1986
hz1x1_setting4_dqn_domain_randomization	REAL_TEST	108	262.1	100.0	-149.76	99.86	0.86	1646
hz1x1_setting4_dqn_domain_randomization	SIM_TRAIN	109	98.8	176.5	-33.10	21.60	0.56	1980
hz1x1_setting4_dqn_domain_randomization	SIM_TRAIN	110	363.7	178.2	-93.36	62.12	0.81	1681
hz1x1_setting4_dqn_domain_randomization	SIM_TRAIN	111	155.5	183.5	-66.25	43.94	0.73	1928
hz1x1_setting4_dqn_domain_randomization	REAL_TEST	111	256.8	100.0	-144.06	95.99	0.86	1637
hz1x1_setting4_dqn_domain_randomization	SIM_TRAIN	112	97.8	180.3	-32.20	21.23	0.57	1980
hz1x1_setting4_dqn_domain_randomization	SIM_TRAIN	113	311.1	185.0	-93.24	62.04	0.80	1763
hz1x1_setting4_dqn_domain_randomization	SIM_TRAIN	114	344.1	198.1	-94.60	62.84	0.81	1697
hz1x1_setting4_dqn_domain_randomization	REAL_TEST	114	251.3	100.0	-141.21	94.14	0.84	1646
hz1x1_setting4_dqn_domain_randomization	SIM_TRAIN	115	519.8	192.4	-100.17	66.49	0.83	1464
hz1x1_setting4_dqn_domain_randomization	SIM_TRAIN	116	533.9	184.8	-92.40	61.31	0.84	1478
hz1x1_setting4_dqn_domain_randomization	SIM_TRAIN	117	94.0	198.4	-28.33	18.44	0.55	1979
hz1x1_setting4_dqn_domain_randomization	REAL_TEST	117	265.4	100.0	-144.97	96.62	0.85	1590
hz1x1_setting4_dqn_domain_randomization	SIM_TRAIN	118	94.0	184.8	-28.31	18.44	0.56	1981
hz1x1_setting4_dqn_domain_randomization	SIM_TRAIN	119	125.2	180.7	-47.39	31.19	0.69	1965
hz1x1_setting4_dqn_domain_randomization	SIM_TRAIN	120	103.0	180.0	-36.25	23.73	0.61	1978
hz1x1_setting4_dqn_domain_randomization	REAL_TEST	120	263.4	100.0	-144.90	96.60	0.84	1600
hz1x1_setting4_dqn_domain_randomization	SIM_TRAIN	121	341.6	185.9	-90.40	60.02	0.82	1704
hz1x1_setting4_dqn_domain_randomization	SIM_TRAIN	122	197.1	192.0	-84.97	56.48	0.75	1876
hz1x1_setting4_dqn_domain_randomization	SIM_TRAIN	123	92.8	202.7	-27.99	18.31	0.53	1990
hz1x1_setting4_dqn_domain_randomization	REAL_TEST	123	273.2	100.0	-154.42	102.92	0.86	1601
hz1x1_setting4_dqn_domain_randomization	SIM_TRAIN	124	586.6	196.6	-91.11	60.52	0.85	1411
hz1x1_setting4_dqn_domain_randomization	SIM_TRAIN	125	96.7	201.2	-30.67	20.11	0.57	1981
hz1x1_setting4_dqn_domain_randomization	SIM_TRAIN	126	99.4	189.0	-33.54	21.96	0.57	1975
hz1x1_setting4_dqn_domain_randomization	REAL_TEST	126	264.8	100.0	-147.03	98.03	0.85	1608
hz1x1_setting4_dqn_domain_randomization	SIM_TRAIN	127	449.4	191.7	-97.29	64.55	0.84	1568
hz1x1_setting4_dqn_domain_randomization	SIM_TRAIN	128	93.7	191.5	-28.25	18.42	0.55	1986
hz1x1_setting4_dqn_domain_randomization	SIM_TRAIN	129	93.5	183.8	-28.44	18.59	0.56	1978
hz1x1_setting4_dqn_domain_randomization	REAL_TEST	129	253.9	100.0	-137.43	91.56	0.83	1598
hz1x1_setting4_dqn_domain_randomization	SIM_TRAIN	130	91.7	184.9	-27.35	17.72	0.54	1978
hz1x1_setting4_dqn_domain_randomization	SIM_TRAIN	131	95.2	186.8	-29.28	19.19	0.57	1974
hz1x1_setting4_dqn_domain_randomization	SIM_TRAIN	132	95.1	182.1	-27.82	18.16	0.56	1986
hz1x1_setting4_dqn_domain_randomization	REAL_TEST	132	256.8	100.0	-135.97	90.71	0.84	1547
hz1x1_setting4_dqn_domain_randomization	SIM_TRAIN	133	489.6	190.9	-87.53	57.80	0.82	1507
hz1x1_setting4_dqn_domain_randomization	SIM_TRAIN	134	102.8	182.4	-33.52	21.98	0.59	1982
hz1x1_setting4_dqn_domain_randomization	SIM_TRAIN	135	543.3	188.5	-86.00	57.18	0.83	1453
hz1x1_setting4_dqn_domain_randomization	REAL_TEST	135	307.1	100.0	-153.75	102.48	0.83	1367
hz1x1_setting4_dqn_domain_randomization	SIM_TRAIN	136	92.8	180.8	-28.00	18.17	0.55	1986
hz1x1_setting4_dqn_domain_randomization	SIM_TRAIN	137	92.6	169.2	-28.01	18.22	0.54	1982
hz1x1_setting4_dqn_domain_randomization	SIM_TRAIN	138	98.5	164.8	-32.58	21.40	0.58	1982
hz1x1_setting4_dqn_domain_randomization	REAL_TEST	138	273.0	100.0	-146.88	97.90	0.85	1537
hz1x1_setting4_dqn_domain_randomization	SIM_TRAIN	139	95.1	166.9	-29.45	19.31	0.56	1977
hz1x1_setting4_dqn_domain_randomization	SIM_TRAIN	140	538.7	160.9	-86.79	57.58	0.83	1467
hz1x1_setting4_dqn_domain_randomization	SIM_TRAIN	141	342.0	158.2	-95.82	63.55	0.81	1692
hz1x1_setting4_dqn_domain_randomization	REAL_TEST	141	293.9	100.0	-160.33	106.88	0.86	1515
hz1x1_setting4_dqn_domain_randomization	SIM_TRAIN	142	98.1	157.7	-30.49	19.80	0.58	1985
hz1x1_setting4_dqn_domain_randomization	SIM_TRAIN	143	91.9	145.3	-27.37	17.75	0.53	1977
hz1x1_setting4_dqn_domain_randomization	SIM_TRAIN	144	271.7	154.5	-96.17	63.98	0.81	1782
hz1x1_setting4_dqn_domain_randomization	REAL_TEST	144	306.2	100.0	-166.50	111.00	0.87	1474
hz1x1_setting4_dqn_domain_randomization	SIM_TRAIN	145	99.5	164.2	-33.30	21.88	0.60	1983
hz1x1_setting4_dqn_domain_randomization	SIM_TRAIN	146	104.5	169.4	-35.22	23.08	0.61	1977
hz1x1_setting4_dqn_domain_randomization	SIM_TRAIN	147	98.5	156.6	-30.63	19.98	0.58	1980
hz1x1_setting4_dqn_domain_randomization	REAL_TEST	147	277.1	100.0	-151.24	100.84	0.86	1548
hz1x1_setting4_dqn_domain_randomization	SIM_TRAIN	148	93.3	165.8	-26.21	17.05	0.56	1985
hz1x1_setting4_dqn_domain_randomization	SIM_TRAIN	149	94.7	159.0	-29.57	19.21	0.55	1983
hz1x1_setting4_dqn_domain_randomization	SIM_TRAIN	150	295.0	145.6	-90.90	60.27	0.81	1749
hz1x1_setting4_dqn_domain_randomization	REAL_TEST	150	295.4	100.0	-152.68	101.73	0.87	1428
hz1x1_setting4_dqn_domain_randomization	SIM_TRAIN	151	527.4	157.7	-89.30	59.46	0.84	1476
hz1x1_setting4_dqn_domain_randomization	SIM_TRAIN	152	91.5	160.4	-26.40	17.12	0.53	1987
hz1x1_setting4_dqn_domain_randomization	SIM_TRAIN	153	101.0	172.1	-33.05	21.55	0.61	1973
hz1x1_setting4_dqn_domain_randomization	REAL_TEST	153	281.9	100.0	-152.83	101.91	0.85	1531
hz1x1_setting4_dqn_domain_randomization	SIM_TRAIN	154	334.3	171.1	-92.63	61.62	0.83	1713
hz1x1_setting4_dqn_domain_randomization	SIM_TRAIN	155	97.1	161.9	-30.61	19.93	0.57	1983
hz1x1_setting4_dqn_domain_randomization	SIM_TRAIN	156	98.0	154.7	-32.12	20.78	0.57	1978
hz1x1_setting4_dqn_domain_randomization	REAL_TEST	156	271.9	100.0	-152.00	101.28	0.86	1599
hz1x1_setting4_dqn_domain_randomization	SIM_TRAIN	157	92.0	153.3	-26.33	17.09	0.54	1986
hz1x1_setting4_dqn_domain_randomization	SIM_TRAIN	158	345.7	155.8	-95.04	63.28	0.83	1695
hz1x1_setting4_dqn_domain_randomization	SIM_TRAIN	159	95.0	146.4	-28.46	18.52	0.55	1991
hz1x1_setting4_dqn_domain_randomization	REAL_TEST	159	282.9	100.0	-154.78	103.25	0.86	1537
hz1x1_setting4_dqn_domain_randomization	SIM_TRAIN	160	88.6	151.3	-24.47	15.87	0.51	1984
hz1x1_setting4_dqn_domain_randomization	SIM_TRAIN	161	95.3	150.9	-29.50	19.11	0.54	1983
hz1x1_setting4_dqn_domain_randomization	SIM_TRAIN	162	367.9	153.6	-92.56	61.65	0.81	1666
hz1x1_setting4_dqn_domain_randomization	REAL_TEST	162	277.7	100.0	-149.27	99.49	0.85	1535
hz1x1_setting4_dqn_domain_randomization	SIM_TRAIN	163	92.3	159.8	-27.55	17.97	0.55	1981
hz1x1_setting4_dqn_domain_randomization	SIM_TRAIN	164	507.5	158.7	-92.96	61.51	0.82	1495
hz1x1_setting4_dqn_domain_randomization	SIM_TRAIN	165	90.1	153.8	-25.47	16.46	0.53	1986
hz1x1_setting4_dqn_domain_randomization	REAL_TEST	165	279.7	100.0	-149.90	99.93	0.84	1526
hz1x1_setting4_dqn_domain_randomization	SIM_TRAIN	166	159.0	158.6	-66.98	44.37	0.73	1927
hz1x1_setting4_dqn_domain_randomization	SIM_TRAIN	167	298.8	173.5	-92.27	61.12	0.80	1734
hz1x1_setting4_dqn_domain_randomization	SIM_TRAIN	168	95.8	179.8	-30.16	19.56	0.56	1981
hz1x1_setting4_dqn_domain_randomization	REAL_TEST	168	248.1	100.0	-132.95	88.61	0.84	1612
hz1x1_setting4_dqn_domain_randomization	SIM_TRAIN	169	408.4	172.3	-91.58	60.83	0.81	1612
hz1x1_setting4_dqn_domain_randomization	SIM_TRAIN	170	528.9	201.9	-92.28	61.28	0.83	1481
hz1x1_setting4_dqn_domain_randomization	SIM_TRAIN	171	356.8	206.4	-89.34	59.49	0.79	1679
hz1x1_setting4_dqn_domain_randomization	REAL_TEST	171	248.2	100.0	-131.95	88.01	0.84	1600
hz1x1_setting4_dqn_domain_randomization	SIM_TRAIN	172	89.9	206.7	-25.68	16.69	0.51	1980
hz1x1_setting4_dqn_domain_randomization	SIM_TRAIN	173	129.6	206.0	-49.84	33.09	0.68	1968
hz1x1_setting4_dqn_domain_randomization	SIM_TRAIN	174	95.5	218.6	-28.17	18.40	0.56	1976
hz1x1_setting4_dqn_domain_randomization	REAL_TEST	174	250.4	100.0	-134.49	89.63	0.84	1598
hz1x1_setting4_dqn_domain_randomization	SIM_TRAIN	175	91.3	208.8	-26.65	17.25	0.53	1980
hz1x1_setting4_dqn_domain_randomization	SIM_TRAIN	176	89.9	197.7	-25.30	16.40	0.52	1983
hz1x1_setting4_dqn_domain_randomization	SIM_TRAIN	177	288.9	198.2	-83.99	55.68	0.76	1744
hz1x1_setting4_dqn_domain_randomization	REAL_TEST	177	247.3	100.0	-133.40	88.90	0.83	1609
hz1x1_setting4_dqn_domain_randomization	SIM_TRAIN	178	91.6	213.7	-25.99	16.81	0.53	1989
hz1x1_setting4_dqn_domain_randomization	SIM_TRAIN	179	90.7	218.1	-26.25	17.09	0.54	1989
hz1x1_setting4_dqn_domain_randomization	SIM_TRAIN	180	94.9	204.3	-27.29	17.81	0.55	1983
hz1x1_setting4_dqn_domain_randomization	REAL_TEST	180	246.1	100.0	-128.81	85.84	0.82	1563
hz1x1_setting4_dqn_domain_randomization	SIM_TRAIN	181	91.6	190.7	-26.85	17.49	0.53	1982
hz1x1_setting4_dqn_domain_randomization	SIM_TRAIN	182	403.2	188.5	-84.87	56.25	0.75	1613
hz1x1_setting4_dqn_domain_randomization	SIM_TRAIN	183	96.4	176.8	-28.74	18.76	0.56	1983
hz1x1_setting4_dqn_domain_randomization	REAL_TEST	183	558.2	100.0	-167.09	111.54	0.78	669
hz1x1_setting4_dqn_domain_randomization	SIM_TRAIN	184	92.8	173.8	-27.89	18.13	0.54	1985
hz1x1_setting4_dqn_domain_randomization	SIM_TRAIN	185	133.3	174.6	-52.76	34.83	0.67	1953
hz1x1_setting4_dqn_domain_randomization	SIM_TRAIN	186	103.2	176.5	-35.50	23.29	0.59	1984
hz1x1_setting4_dqn_domain_randomization	REAL_TEST	186	552.8	100.0	-167.15	111.59	0.79	678
hz1x1_setting4_dqn_domain_randomization	SIM_TRAIN	187	92.3	171.4	-27.08	17.69	0.51	1990
hz1x1_setting4_dqn_domain_randomization	SIM_TRAIN	188	383.7	172.0	-84.33	56.04	0.75	1652
hz1x1_setting4_dqn_domain_randomization	SIM_TRAIN	189	94.3	178.5	-27.47	17.89	0.55	1977
hz1x1_setting4_dqn_domain_randomization	REAL_TEST	189	242.4	100.0	-127.15	84.76	0.82	1595
hz1x1_setting4_dqn_domain_randomization	SIM_TRAIN	190	97.3	185.1	-29.96	19.55	0.57	1984
hz1x1_setting4_dqn_domain_randomization	SIM_TRAIN	191	405.1	170.0	-86.22	57.30	0.78	1628
hz1x1_setting4_dqn_domain_randomization	SIM_TRAIN	192	90.8	174.3	-25.94	16.80	0.52	1986
hz1x1_setting4_dqn_domain_randomization	REAL_TEST	192	281.7	100.0	-142.60	95.13	0.82	1424
hz1x1_setting4_dqn_domain_randomization	SIM_TRAIN	193	245.2	182.5	-84.03	55.77	0.77	1822
hz1x1_setting4_dqn_domain_randomization	SIM_TRAIN	194	98.1	195.7	-29.96	19.55	0.56	1986
hz1x1_setting4_dqn_domain_randomization	SIM_TRAIN	195	92.5	206.7	-27.88	18.10	0.54	1990
hz1x1_setting4_dqn_domain_randomization	REAL_TEST	195	237.0	100.0	-125.49	83.63	0.83	1628
hz1x1_setting4_dqn_domain_randomization	SIM_TRAIN	196	410.8	205.9	-88.26	58.68	0.77	1613
hz1x1_setting4_dqn_domain_randomization	SIM_TRAIN	197	91.2	199.2	-26.63	17.26	0.52	1980
hz1x1_setting4_dqn_domain_randomization	SIM_TRAIN	198	270.3	214.7	-85.61	56.63	0.76	1788
hz1x1_setting4_dqn_domain_randomization	REAL_TEST	198	243.8	100.0	-125.85	83.86	0.84	1577
hz1x1_setting4_dqn_domain_randomization	SIM_TRAIN	199	616.8	226.0	-92.07	61.09	0.82	1370
hz1x1_setting4_dqn_domain_randomization	SIM_TRAIN	200	529.7	235.5	-92.47	61.57	0.79	1471
hz1x1_setting4_dqn_domain_randomization	SIM_TRAIN	201	96.9	232.4	-30.41	19.82	0.55	1986
hz1x1_setting4_dqn_domain_randomization	REAL_TEST	201	247.9	100.0	-127.12	84.74	0.81	1550
hz1x1_setting4_dqn_domain_randomization	SIM_TRAIN	202	120.4	240.9	-45.58	30.00	0.63	1967
hz1x1_setting4_dqn_domain_randomization	SIM_TRAIN	203	94.1	237.6	-28.89	18.74	0.54	1985
hz1x1_setting4_dqn_domain_randomization	SIM_TRAIN	204	94.3	241.1	-28.76	18.81	0.53	1985
hz1x1_setting4_dqn_domain_randomization	REAL_TEST	204	260.1	100.0	-130.88	87.33	0.81	1485
hz1x1_setting4_dqn_domain_randomization	SIM_TRAIN	205	604.7	231.3	-90.44	60.23	0.81	1380
hz1x1_setting4_dqn_domain_randomization	SIM_TRAIN	206	255.1	243.7	-79.19	52.49	0.76	1814
hz1x1_setting4_dqn_domain_randomization	SIM_TRAIN	207	94.4	265.5	-28.15	18.39	0.53	1988
hz1x1_setting4_dqn_domain_randomization	REAL_TEST	207	285.4	100.0	-141.63	94.50	0.78	1379
hz1x1_setting4_dqn_domain_randomization	SIM_TRAIN	208	509.6	256.1	-91.95	61.18	0.79	1498
hz1x1_setting4_dqn_domain_randomization	SIM_TRAIN	209	107.2	268.9	-39.65	26.00	0.60	1975
hz1x1_setting4_dqn_domain_randomization	SIM_TRAIN	210	182.3	288.9	-70.13	46.65	0.72	1889
hz1x1_setting4_dqn_domain_randomization	REAL_TEST	210	249.3	100.0	-121.62	81.08	0.79	1477
hz1x1_setting4_dqn_domain_randomization	SIM_TRAIN	211	516.2	292.7	-94.80	63.07	0.79	1468
hz1x1_setting4_dqn_domain_randomization	SIM_TRAIN	212	91.8	288.0	-25.34	16.58	0.52	1987
hz1x1_setting4_dqn_domain_randomization	SIM_TRAIN	213	93.0	285.2	-27.89	18.09	0.52	1978
hz1x1_setting4_dqn_domain_randomization	REAL_TEST	213	263.4	100.0	-131.20	87.47	0.80	1462
hz1x1_setting4_dqn_domain_randomization	SIM_TRAIN	214	115.3	266.3	-41.41	27.20	0.62	1980
hz1x1_setting4_dqn_domain_randomization	SIM_TRAIN	215	278.9	278.3	-85.38	56.70	0.77	1766
hz1x1_setting4_dqn_domain_randomization	SIM_TRAIN	216	175.3	303.2	-70.29	46.67	0.73	1916
hz1x1_setting4_dqn_domain_randomization	REAL_TEST	216	256.4	100.0	-125.93	83.97	0.81	1478
hz1x1_setting4_dqn_domain_randomization	SIM_TRAIN	217	248.4	327.4	-80.27	53.40	0.77	1789
hz1x1_setting4_dqn_domain_randomization	SIM_TRAIN	218	622.1	346.8	-84.51	56.02	0.81	1358
hz1x1_setting4_dqn_domain_randomization	SIM_TRAIN	219	627.4	341.2	-84.21	55.76	0.81	1365
hz1x1_setting4_dqn_domain_randomization	REAL_TEST	219	255.4	100.0	-125.28	83.57	0.81	1468
hz1x1_setting4_dqn_domain_randomization	SIM_TRAIN	220	166.4	330.4	-65.66	43.51	0.70	1920
hz1x1_setting4_dqn_domain_randomization	SIM_TRAIN	221	567.0	338.7	-81.70	54.42	0.79	1437
hz1x1_setting4_dqn_domain_randomization	SIM_TRAIN	222	550.4	321.6	-84.71	56.25	0.79	1450
hz1x1_setting4_dqn_domain_randomization	REAL_TEST	222	302.6	100.0	-135.77	90.56	0.78	1245
hz1x1_setting4_dqn_domain_randomization	SIM_TRAIN	223	100.7	333.7	-33.94	22.02	0.56	1967
hz1x1_setting4_dqn_domain_randomization	SIM_TRAIN	224	101.2	336.8	-34.65	22.61	0.56	1982
hz1x1_setting4_dqn_domain_randomization	SIM_TRAIN	225	174.3	321.5	-66.56	44.20	0.71	1892
hz1x1_setting4_dqn_domain_randomization	REAL_TEST	225	252.4	100.0	-121.02	80.66	0.78	1438
hz1x1_setting4_dqn_domain_randomization	SIM_TRAIN	226	100.4	318.1	-34.07	22.32	0.54	1976
hz1x1_setting4_dqn_domain_randomization	SIM_TRAIN	227	348.5	319.6	-82.22	54.64	0.76	1687
hz1x1_setting4_dqn_domain_randomization	SIM_TRAIN	228	94.6	320.8	-29.49	19.27	0.51	1982
hz1x1_setting4_dqn_domain_randomization	REAL_TEST	228	285.7	100.0	-134.87	89.99	0.78	1332
hz1x1_setting4_dqn_domain_randomization	SIM_TRAIN	229	103.6	325.3	-36.66	24.01	0.55	1978
hz1x1_setting4_dqn_domain_randomization	SIM_TRAIN	230	107.0	316.1	-36.81	24.25	0.57	1981
hz1x1_setting4_dqn_domain_randomization	SIM_TRAIN	231	121.9	287.9	-46.81	31.02	0.64	1950
hz1x1_setting4_dqn_domain_randomization	REAL_TEST	231	281.2	100.0	-129.71	86.55	0.76	1310
hz1x1_setting4_dqn_domain_randomization	SIM_TRAIN	232	102.0	273.5	-35.02	22.89	0.52	1980
hz1x1_setting4_dqn_domain_randomization	SIM_TRAIN	233	106.5	261.9	-39.41	25.94	0.55	1928
hz1x1_setting4_dqn_domain_randomization	SIM_TRAIN	234	391.8	284.9	-86.57	57.54	0.73	1628
hz1x1_setting4_dqn_domain_randomization	REAL_TEST	234	334.1	100.0	-141.60	94.51	0.77	1121
hz1x1_setting4_dqn_domain_randomization	SIM_TRAIN	235	103.3	299.5	-36.47	23.88	0.54	1980
hz1x1_setting4_dqn_domain_randomization	SIM_TRAIN	236	97.6	272.3	-32.04	20.88	0.54	1982
hz1x1_setting4_dqn_domain_randomization	SIM_TRAIN	237	467.9	259.9	-90.40	59.98	0.79	1550
hz1x1_setting4_dqn_domain_randomization	REAL_TEST	237	275.2	100.0	-140.75	93.86	0.80	1450
hz1x1_setting4_dqn_domain_randomization	SIM_TRAIN	238	602.8	288.4	-85.78	56.62	0.82	1385
hz1x1_setting4_dqn_domain_randomization	SIM_TRAIN	239	359.1	294.6	-92.74	61.66	0.78	1677
hz1x1_setting4_dqn_domain_randomization	SIM_TRAIN	240	100.8	308.4	-34.12	22.31	0.55	1971
hz1x1_setting4_dqn_domain_randomization	REAL_TEST	240	273.7	100.0	-133.28	88.84	0.82	1426
hz1x1_setting4_dqn_domain_randomization	SIM_TRAIN	241	97.4	294.5	-31.58	20.69	0.54	1985
hz1x1_setting4_dqn_domain_randomization	SIM_TRAIN	242	96.5	289.0	-30.59	19.99	0.53	1981
hz1x1_setting4_dqn_domain_randomization	SIM_TRAIN	243	108.3	262.1	-38.45	25.18	0.60	1978
hz1x1_setting4_dqn_domain_randomization	REAL_TEST	243	254.8	100.0	-124.91	83.27	0.80	1454
hz1x1_setting4_dqn_domain_randomization	SIM_TRAIN	244	102.5	248.2	-34.21	22.34	0.56	1992
hz1x1_setting4_dqn_domain_randomization	SIM_TRAIN	245	100.0	249.2	-33.68	22.02	0.55	1980
hz1x1_setting4_dqn_domain_randomization	SIM_TRAIN	246	98.6	233.5	-30.42	19.88	0.57	1976
hz1x1_setting4_dqn_domain_randomization	REAL_TEST	246	277.3	100.0	-136.88	91.19	0.81	1416
hz1x1_setting4_dqn_domain_randomization	SIM_TRAIN	247	615.2	232.0	-87.93	58.43	0.81	1390
hz1x1_setting4_dqn_domain_randomization	SIM_TRAIN	248	211.4	225.1	-82.05	54.41	0.75	1863
hz1x1_setting4_dqn_domain_randomization	SIM_TRAIN	249	100.8	251.3	-33.84	22.01	0.54	1984
hz1x1_setting4_dqn_domain_randomization	REAL_TEST	249	302.6	100.0	-146.20	97.52	0.79	1347
hz1x1_setting4_dqn_domain_randomization	SIM_TRAIN	250	614.0	271.0	-83.65	55.24	0.82	1383
hz1x1_setting4_dqn_domain_randomization	SIM_TRAIN	251	464.6	240.4	-88.03	58.40	0.78	1588
hz1x1_setting4_dqn_domain_randomization	SIM_TRAIN	252	95.4	239.6	-28.15	18.39	0.52	1980
hz1x1_setting4_dqn_domain_randomization	REAL_TEST	252	255.3	100.0	-134.22	89.50	0.83	1574
hz1x1_setting4_dqn_domain_randomization	SIM_TRAIN	253	94.6	213.7	-28.85	18.82	0.49	1982
hz1x1_setting4_dqn_domain_randomization	SIM_TRAIN	254	346.9	198.8	-84.14	55.94	0.76	1689
hz1x1_setting4_dqn_domain_randomization	SIM_TRAIN	255	370.6	249.4	-83.13	55.40	0.77	1659
hz1x1_setting4_dqn_domain_randomization	REAL_TEST	255	276.2	100.0	-136.28	90.84	0.84	1420
hz1x1_setting4_dqn_domain_randomization	SIM_TRAIN	256	371.3	260.9	-87.27	57.99	0.78	1652
hz1x1_setting4_dqn_domain_randomization	SIM_TRAIN	257	96.5	288.9	-30.60	19.86	0.53	1984
hz1x1_setting4_dqn_domain_randomization	SIM_TRAIN	258	614.5	292.1	-80.09	53.03	0.82	1377
hz1x1_setting4_dqn_domain_randomization	REAL_TEST	258	272.6	100.0	-135.23	90.18	0.83	1430
hz1x1_setting4_dqn_domain_randomization	SIM_TRAIN	259	116.5	267.3	-46.94	31.09	0.62	1969
hz1x1_setting4_dqn_domain_randomization	SIM_TRAIN	260	206.1	294.2	-77.01	51.17	0.72	1843
hz1x1_setting4_dqn_domain_randomization	SIM_TRAIN	261	113.9	321.8	-43.69	28.72	0.59	1971
hz1x1_setting4_dqn_domain_randomization	REAL_TEST	261	267.7	100.0	-129.97	86.64	0.80	1424
hz1x1_setting4_dqn_domain_randomization	SIM_TRAIN	262	184.2	333.3	-71.42	47.24	0.71	1904
hz1x1_setting4_dqn_domain_randomization	SIM_TRAIN	263	101.9	342.8	-35.40	23.14	0.53	1982
hz1x1_setting4_dqn_domain_randomization	SIM_TRAIN	264	435.7	346.9	-82.96	55.28	0.73	1576
hz1x1_setting4_dqn_domain_randomization	REAL_TEST	264	276.1	100.0	-126.71	84.50	0.77	1330
hz1x1_setting4_dqn_domain_randomization	SIM_TRAIN	265	106.9	357.3	-37.16	24.42	0.59	1979
hz1x1_setting4_dqn_domain_randomization	SIM_TRAIN	266	508.9	372.7	-86.60	57.43	0.76	1481
hz1x1_setting4_dqn_domain_randomization	SIM_TRAIN	267	145.5	394.5	-63.57	42.21	0.63	1933
hz1x1_setting4_dqn_domain_randomization	REAL_TEST	267	270.5	100.0	-122.43	81.64	0.79	1334
hz1x1_setting4_dqn_domain_randomization	SIM_TRAIN	268	115.6	409.8	-45.80	30.09	0.59	1970
hz1x1_setting4_dqn_domain_randomization	SIM_TRAIN	269	292.3	396.3	-79.12	52.39	0.75	1775
hz1x1_setting4_dqn_domain_randomization	SIM_TRAIN	270	109.7	424.7	-41.91	27.48	0.59	1954
hz1x1_setting4_dqn_domain_randomization	REAL_TEST	270	273.6	100.0	-127.97	85.28	0.81	1381
hz1x1_setting4_dqn_domain_randomization	SIM_TRAIN	271	343.6	437.8	-81.98	54.32	0.74	1703
hz1x1_setting4_dqn_domain_randomization	SIM_TRAIN	272	557.2	419.3	-92.05	60.98	0.79	1459
hz1x1_setting4_dqn_domain_randomization	SIM_TRAIN	273	100.1	441.0	-32.67	21.37	0.54	1982
hz1x1_setting4_dqn_domain_randomization	REAL_TEST	273	262.5	100.0	-147.71	98.53	0.82	1622
hz1x1_setting4_dqn_domain_randomization	SIM_TRAIN	274	425.0	459.9	-89.13	59.16	0.73	1603
hz1x1_setting4_dqn_domain_randomization	SIM_TRAIN	275	208.8	433.7	-77.35	51.27	0.70	1870
hz1x1_setting4_dqn_domain_randomization	SIM_TRAIN	276	144.0	466.0	-61.65	40.74	0.62	1949
hz1x1_setting4_dqn_domain_randomization	REAL_TEST	276	267.3	100.0	-120.82	80.56	0.79	1334
hz1x1_setting4_dqn_domain_randomization	SIM_TRAIN	277	106.9	476.6	-37.00	24.27	0.55	1989
hz1x1_setting4_dqn_domain_randomization	SIM_TRAIN	278	200.3	483.0	-74.68	49.64	0.69	1865
hz1x1_setting4_dqn_domain_randomization	SIM_TRAIN	279	635.5	499.2	-90.27	60.06	0.77	1347
hz1x1_setting4_dqn_domain_randomization	REAL_TEST	279	279.5	100.0	-122.08	81.47	0.77	1266
hz1x1_setting4_dqn_domain_randomization	SIM_TRAIN	280	95.5	498.8	-29.93	19.61	0.50	1984
hz1x1_setting4_dqn_domain_randomization	SIM_TRAIN	281	635.8	490.7	-93.05	62.00	0.79	1344
hz1x1_setting4_dqn_domain_randomization	SIM_TRAIN	282	181.9	494.3	-71.96	47.65	0.66	1895
hz1x1_setting4_dqn_domain_randomization	REAL_TEST	282	308.3	100.0	-134.67	89.81	0.77	1205
hz1x1_setting4_dqn_domain_randomization	SIM_TRAIN	283	640.5	503.8	-89.53	59.36	0.79	1338
hz1x1_setting4_dqn_domain_randomization	SIM_TRAIN	284	363.8	503.9	-82.43	54.84	0.75	1672
hz1x1_setting4_dqn_domain_randomization	SIM_TRAIN	285	109.8	496.4	-40.06	26.40	0.56	1956
hz1x1_setting4_dqn_domain_randomization	REAL_TEST	285	265.8	100.0	-127.82	85.28	0.81	1414
hz1x1_setting4_dqn_domain_randomization	SIM_TRAIN	286	156.2	532.9	-70.27	46.66	0.63	1946
hz1x1_setting4_dqn_domain_randomization	SIM_TRAIN	287	110.9	563.7	-42.49	27.85	0.59	1973
hz1x1_setting4_dqn_domain_randomization	SIM_TRAIN	288	486.6	590.9	-91.31	60.76	0.77	1519
hz1x1_setting4_dqn_domain_randomization	REAL_TEST	288	317.6	100.0	-133.56	89.10	0.73	1149
hz1x1_setting4_dqn_domain_randomization	SIM_TRAIN	289	368.3	589.0	-91.08	60.53	0.72	1668
hz1x1_setting4_dqn_domain_randomization	SIM_TRAIN	290	517.9	605.9	-93.48	62.18	0.78	1492
hz1x1_setting4_dqn_domain_randomization	SIM_TRAIN	291	106.4	603.3	-38.43	25.21	0.57	1981
hz1x1_setting4_dqn_domain_randomization	REAL_TEST	291	277.8	100.0	-127.69	85.12	0.81	1336
hz1x1_setting4_dqn_domain_randomization	SIM_TRAIN	292	126.3	571.9	-51.48	33.89	0.61	1949
hz1x1_setting4_dqn_domain_randomization	SIM_TRAIN	293	103.2	550.5	-36.27	23.76	0.55	1988
hz1x1_setting4_dqn_domain_randomization	SIM_TRAIN	294	204.0	553.7	-78.46	52.13	0.70	1834
hz1x1_setting4_dqn_domain_randomization	REAL_TEST	294	290.1	100.0	-133.31	88.94	0.81	1307
hz1x1_setting4_dqn_domain_randomization	SIM_TRAIN	295	121.4	593.6	-48.15	31.74	0.60	1946
hz1x1_setting4_dqn_domain_randomization	SIM_TRAIN	296	192.8	563.6	-76.40	50.70	0.72	1896
hz1x1_setting4_dqn_domain_randomization	SIM_TRAIN	297	406.5	555.2	-87.62	58.31	0.78	1617
hz1x1_setting4_dqn_domain_randomization	REAL_TEST	297	272.0	100.0	-131.53	87.71	0.81	1414
hz1x1_setting4_dqn_domain_randomization	SIM_TRAIN	298	338.1	570.7	-93.82	62.42	0.78	1683
hz1x1_setting4_dqn_domain_randomization	SIM_TRAIN	299	102.7	531.6	-34.15	22.25	0.56	1979
hz1x1_setting4_dqn_domain_randomization	REAL_TEST	300	323.7	100.0	-148.87	99.35	0.80	1256
