exp_name	mode	step	travel_time	loss	rewards	queue	delay	throughput	train_reward	R_real	components	detail	fairness	emission	fuel	emergency_stops	ssm_conflicts	collisions	phi_raw
tempe_16_emission_heavy_dqn_reward_inference	SIM_TRAIN	0	445.3	0.0	-1126.76	79.71	0.41	18480	-0.59	0.0000			1089.1875						
tempe_16_emission_heavy_dqn_reward_inference	SIM_TRAIN	1	123.9	0.0	-212.79	14.95	0.33	21191	-0.11	0.0000			575.0625						
tempe_16_emission_heavy_dqn_reward_inference	SIM_TRAIN	2	108.6	0.0	-182.41	13.62	0.30	20959	-0.09	0.0000			596.0000						
tempe_16_emission_heavy_dqn_reward_inference	REAL_TRAIN	1	285.4	100.0	-792.56	58.95	0.41	16801		-39.0108	queue=3.3157;delay=0.0;waiting=0.0;pressure=0.0;switches=0.0;emission=35.6952	probe[queue]	172.1250	9340.2137	3028.0214	60.0000	10104.0000	2.0000	queue=66.313;delay=6.5072;waiting=65098.1663;pressure=938.9472;switches=6.1667;emission=178.4758
tempe_16_emission_heavy_dqn_reward_inference	SIM_TRAIN	3	532.8	0.0	-1381.40	102.39	0.42	15824	-0.42	0.0000			689.5625						
tempe_16_emission_heavy_dqn_reward_inference	SIM_TRAIN	4	384.8	0.0	-953.49	72.62	0.34	17949	-0.34	0.0000			824.6250						
tempe_16_emission_heavy_dqn_reward_inference	SIM_TRAIN	5	148.7	0.0	-342.97	26.47	0.28	20966	-0.28	0.0000			732.5625						
tempe_16_emission_heavy_dqn_reward_inference	REAL_TRAIN	2	385.5	100.0	-880.91	75.23	0.33	14584		-42.8600	queue=3.6875;delay=0.0;waiting=0.0;pressure=0.0;switches=0.0;emission=39.1725	probe[delay]	227.5625	11293.9580	3661.4158	60.0000	10965.0000	7.0000	queue=73.7497;delay=5.2919;waiting=59246.9606;pressure=1175.8417;switches=6.8611;emission=195.8624
tempe_16_emission_heavy_dqn_reward_inference	SIM_TRAIN	6	428.5	32.3	-1204.99	79.77	0.43	17559	-8.83	0.0000			1169.0000						
tempe_16_emission_heavy_dqn_reward_inference	SIM_TRAIN	7	230.2	58.4	-664.88	46.67	0.39	20625	-4.88	0.0000			467.3125						
tempe_16_emission_heavy_dqn_reward_inference	SIM_TRAIN	8	190.5	41.2	-441.67	34.96	0.34	20306	-4.07	0.0000			693.3750						
tempe_16_emission_heavy_dqn_reward_inference	REAL_TRAIN	3	318.1	100.0	-827.33	70.38	0.40	16596		-39.9434	queue=3.4624;delay=0.0;waiting=0.0;pressure=0.0;switches=0.0;emission=36.481	probe[waiting]	240.7500	10485.1249	3399.1957	52.0000	9055.0000	5.0000	queue=69.2488;delay=6.3949;waiting=56192.6496;pressure=1111.3472;switches=4.3389;emission=182.405
tempe_16_emission_heavy_dqn_reward_inference	SIM_TRAIN	9	514.3	6.4	-1329.99	96.20	0.42	15937	-6.38	0.0000			790.6250						
tempe_16_emission_heavy_dqn_reward_inference	SIM_TRAIN	10	181.6	7.0	-443.84	32.81	0.37	20927	-4.07	0.0000			638.5625						
tempe_16_emission_heavy_dqn_reward_inference	SIM_TRAIN	11	115.1	8.8	-181.71	13.26	0.33	21115	-1.98	0.0000			975.3125						
tempe_16_emission_heavy_dqn_reward_inference	REAL_TRAIN	4	249.9	100.0	-612.56	56.89	0.36	17680		-31.1394	queue=2.5694;delay=0.0;waiting=0.0;pressure=0.0;switches=0.0;emission=28.57	probe[pressure]	248.3750	8802.2998	2853.6322	68.0000	10068.0000	4.0000	queue=51.3883;delay=5.8026;waiting=41250.651;pressure=1141.5111;switches=5.8944;emission=142.8499
tempe_16_emission_heavy_dqn_reward_inference	SIM_TRAIN	12	523.7	0.1	-1306.94	95.69	0.42	14996	-0.46	0.0000			806.8125						
tempe_16_emission_heavy_dqn_reward_inference	SIM_TRAIN	13	1091.3	0.0	-2844.47	209.12	0.58	9009	-0.15	0.0000			506.7500						
tempe_16_emission_heavy_dqn_reward_inference	SIM_TRAIN	14	1001.4	0.0	-2614.96	192.85	0.57	10126	-0.14	0.0000			479.4375						
tempe_16_emission_heavy_dqn_reward_inference	REAL_TRAIN	5	894.8	100.0	-2066.85	156.90	0.63	8867		-81.5044	queue=8.6263;delay=0.0;waiting=0.0;pressure=0.0;switches=0.0;emission=72.8782	probe[switches]	223.4375	18931.2061	6137.3786	6.0000	7143.0000	2.0000	queue=172.5254;delay=10.1238;waiting=217361.6919;pressure=2039.1333;switches=0.2667;emission=364.3908
tempe_16_emission_heavy_dqn_reward_inference	SIM_TRAIN	15	585.2	0.1	-1360.43	100.58	0.42	17783	-0.71	0.0000			752.1875						
tempe_16_emission_heavy_dqn_reward_inference	SIM_TRAIN	16	117.4	0.0	-227.12	16.55	0.36	21070	-0.12	0.0000			513.6875						
tempe_16_emission_heavy_dqn_reward_inference	SIM_TRAIN	17	99.1	0.0	-132.09	10.46	0.32	21172	-0.07	0.0000			418.4375						
tempe_16_emission_heavy_dqn_reward_inference	REAL_TRAIN	6	203.8	100.0	-525.15	37.92	0.37	18003		-29.1689	queue=2.2024;delay=0.0;waiting=0.0;pressure=0.0;switches=0.0;emission=26.9665	probe[queue]	246.3750	7075.5431	2293.8271	89.0000	8438.0000	6.0000	queue=44.0478;delay=5.8902;waiting=28866.2077;pressure=736.6333;switches=6.4333;emission=134.8324
tempe_16_emission_heavy_dqn_reward_inference	SIM_TRAIN	18	595.5	0.0	-1468.07	107.79	0.43	15812	-0.43	0.0000			646.3750						
tempe_16_emission_heavy_dqn_reward_inference	SIM_TRAIN	19	325.9	0.0	-917.19	71.67	0.36	18622	-0.36	0.0000			835.4375						
tempe_16_emission_heavy_dqn_reward_inference	SIM_TRAIN	20	214.4	0.0	-610.27	46.34	0.30	20091	-0.30	0.0000			856.4375						
tempe_16_emission_heavy_dqn_reward_inference	REAL_TRAIN	7	486.7	100.0	-1113.41	102.50	0.34	13887		-50.7468	queue=4.6608;delay=0.0;waiting=0.0;pressure=0.0;switches=0.0;emission=46.086	probe[delay]	315.0000	14215.8374	4608.6746	86.0000	9839.0000	3.0000	queue=93.2165;delay=5.3854;waiting=88720.8327;pressure=1569.6528;switches=7.2528;emission=230.4301
tempe_16_emission_heavy_dqn_reward_inference	SIM_TRAIN	21	468.5	23.8	-1315.94	90.91	0.43	17831	-8.05	0.0000			991.6875						
tempe_16_emission_heavy_dqn_reward_inference	SIM_TRAIN	22	183.8	16.0	-509.09	37.42	0.39	20796	-3.64	0.0000			1077.0000						
tempe_16_emission_heavy_dqn_reward_inference	SIM_TRAIN	23	134.4	10.5	-227.60	17.76	0.34	20898	-1.42	0.0000			816.7500						
tempe_16_emission_heavy_dqn_reward_inference	REAL_TRAIN	8	242.9	100.0	-575.18	47.15	0.35	18008		-31.1399	queue=2.4085;delay=0.0;waiting=0.0;pressure=0.0;switches=0.0;emission=28.7314	probe[waiting]	170.8750	8309.1807	2693.7610	60.0000	9584.0000	5.0000	queue=48.1702;delay=5.6311;waiting=23059.4468;pressure=680.4361;switches=6.5889;emission=143.6568
tempe_16_emission_heavy_dqn_reward_inference	SIM_TRAIN	24	555.5	8.0	-1369.77	99.38	0.43	15634	-6.53	0.0000			667.6250						
tempe_16_emission_heavy_dqn_reward_inference	SIM_TRAIN	25	388.2	7.8	-1044.26	67.96	0.41	18257	-5.39	0.0000			654.6250						
tempe_16_emission_heavy_dqn_reward_inference	SIM_TRAIN	26	131.2	7.6	-262.69	21.44	0.33	21164	-2.73	0.0000			594.2500						
tempe_16_emission_heavy_dqn_reward_inference	REAL_TRAIN	9	392.1	100.0	-982.35	81.10	0.42	14935		-44.4738	queue=4.1083;delay=0.0;waiting=0.0;pressure=0.0;switches=0.0;emission=40.3655	probe[pressure]	159.5625	11469.3142	3718.2678	53.0000	6487.0000	2.0000	queue=82.1651;delay=6.7519;waiting=94070.5472;pressure=1424.5806;switches=4.2972;emission=201.8277
tempe_16_emission_heavy_dqn_reward_inference	SIM_TRAIN	27	564.8	0.1	-1466.38	105.36	0.44	14459	-0.45	0.0000			862.5000						
tempe_16_emission_heavy_dqn_reward_inference	SIM_TRAIN	28	1119.7	0.0	-2768.66	211.31	0.55	8535	-0.16	0.0000			570.6875						
tempe_16_emission_heavy_dqn_reward_inference	SIM_TRAIN	29	1186.2	0.0	-2809.05	218.07	0.56	7872	-0.15	0.0000			397.8125						
tempe_16_emission_heavy_dqn_reward_inference	REAL_TRAIN	10	1243.3	100.0	-2255.13	177.68	0.61	5600		-84.0802	queue=9.4126;delay=0.0;waiting=0.0;pressure=0.0;switches=0.0;emission=74.6676	probe[switches]	173.7500	20325.2465	6589.3247	1.0000	5829.0000	0.0000	queue=188.2529;delay=9.839;waiting=258681.3321;pressure=2097.7972;switches=0.1167;emission=373.3379
tempe_16_emission_heavy_dqn_reward_inference	SIM_TRAIN	30	500.5	0.0	-1161.00	84.14	0.40	18807	-0.60	0.0000			934.6875						
tempe_16_emission_heavy_dqn_reward_inference	SIM_TRAIN	31	141.5	0.0	-206.78	16.67	0.34	20796	-0.11	0.0000			340.8750						
tempe_16_emission_heavy_dqn_reward_inference	SIM_TRAIN	32	87.2	0.0	-77.78	6.10	0.29	21258	-0.04	0.0000			374.6250						
tempe_16_emission_heavy_dqn_reward_inference	REAL_TRAIN	11	173.5	100.0	-335.06	30.49	0.31	19331		-22.7500	queue=1.4111;delay=0.0;waiting=0.0;pressure=0.0;switches=0.0;emission=21.3389	probe[queue]	140.3125	6553.9971	2124.7437	85.0000	7688.0000	1.0000	queue=28.2213;delay=4.981;waiting=17175.084;pressure=699.6861;switches=7.0111;emission=106.6945
tempe_16_emission_heavy_dqn_reward_inference	SIM_TRAIN	33	716.7	0.0	-1811.86	129.11	0.45	13417	-0.45	0.0000			595.6250						
tempe_16_emission_heavy_dqn_reward_inference	SIM_TRAIN	34	264.4	0.0	-663.37	52.25	0.34	19238	-0.34	0.0000			721.3750						
tempe_16_emission_heavy_dqn_reward_inference	SIM_TRAIN	35	332.6	0.0	-780.61	67.83	0.33	18247	-0.33	0.0000			871.6250						
tempe_16_emission_heavy_dqn_reward_inference	REAL_TRAIN	12	504.7	100.0	-1114.08	87.05	0.37	13045		-51.9451	queue=4.6523;delay=0.0;waiting=0.0;pressure=0.0;switches=0.0;emission=47.2927	probe[delay]	168.1250	12917.9247	4187.8994	42.0000	8223.0000	1.0000	queue=93.0461;delay=5.9637;waiting=102157.6073;pressure=1193.2389;switches=6.4444;emission=236.4637
tempe_16_emission_heavy_dqn_reward_inference	SIM_TRAIN	36	454.1	15.7	-1079.21	79.26	0.41	18711	-4.69	0.0000			531.0625						
tempe_16_emission_heavy_dqn_reward_inference	SIM_TRAIN	37	126.5	6.6	-196.54	15.53	0.33	21025	-1.00	0.0000			528.0000						
tempe_16_emission_heavy_dqn_reward_inference	SIM_TRAIN	38	107.6	4.0	-118.26	9.47	0.28	21057	-0.44	0.0000			473.5000						
tempe_16_emission_heavy_dqn_reward_inference	REAL_TRAIN	13	217.9	100.0	-489.72	39.01	0.35	17730		-29.4232	queue=2.0576;delay=0.0;waiting=0.0;pressure=0.0;switches=0.0;emission=27.3656	probe[waiting]	202.1250	7638.9049	2476.4660	97.0000	8370.0000	6.0000	queue=41.1515;delay=5.676;waiting=29253.7334;pressure=652.2;switches=6.3111;emission=136.8279
tempe_16_emission_heavy_dqn_reward_inference	SIM_TRAIN	39	545.6	8.9	-1245.37	93.61	0.41	16599	-7.31	0.0000			623.1875						
tempe_16_emission_heavy_dqn_reward_inference	SIM_TRAIN	40	163.8	8.1	-368.49	28.67	0.37	20984	-3.85	0.0000			612.6875						
tempe_16_emission_heavy_dqn_reward_inference	SIM_TRAIN	41	119.6	7.4	-207.95	16.05	0.33	21113	-2.58	0.0000			418.2500						
tempe_16_emission_heavy_dqn_reward_inference	REAL_TRAIN	14	307.3	100.0	-845.83	75.85	0.41	16942		-37.0698	queue=3.5408;delay=0.0;waiting=0.0;pressure=0.0;switches=0.0;emission=33.529	probe[pressure]	131.9375	10033.9950	3252.9421	71.0000	6845.0000	1.0000	queue=70.8163;delay=6.4821;waiting=69616.9279;pressure=1317.9944;switches=6.1333;emission=167.6449
tempe_16_emission_heavy_dqn_reward_inference	SIM_TRAIN	42	525.2	0.1	-1268.49	98.33	0.42	14782	-0.46	0.0000			704.3750						
tempe_16_emission_heavy_dqn_reward_inference	SIM_TRAIN	43	1115.5	0.0	-2528.27	200.27	0.52	8755	-0.15	0.0000			428.6875						
tempe_16_emission_heavy_dqn_reward_inference	SIM_TRAIN	44	962.0	0.0	-2186.53	174.48	0.51	11223	-0.14	0.0000			555.2500						
tempe_16_emission_heavy_dqn_reward_inference	REAL_TRAIN	15	867.9	100.0	-1887.02	152.36	0.57	9216		-78.5377	queue=7.8777;delay=0.0;waiting=0.0;pressure=0.0;switches=0.0;emission=70.66	probe[switches]	236.1250	19516.2847	6327.0579	8.0000	7636.0000	0.0000	queue=157.555;delay=9.0474;waiting=189893.7408;pressure=2158.6028;switches=0.3056;emission=353.2999
tempe_16_emission_heavy_dqn_reward_inference	REAL_TRAIN	0	81.9	100.0	-28.56	2.82	0.19	20964		-12.5660	queue=0.1344;delay=0.0;waiting=0.0;pressure=0.0;switches=0.0;emission=12.4316	final;warmstart	108.6875	3716.2898	1204.7747	122.0000	5439.0000	5.0000	queue=2.6873;delay=3.0404;waiting=55.5371;pressure=151.0222;switches=8.1556;emission=62.158
tempe_16_emission_heavy_dqn_reward_inference	SIM_TRAIN	45	84.4	0.0	-60.30	4.39	0.24	21307	-0.03	0.0000			561.3125						
tempe_16_emission_heavy_dqn_reward_inference	SIM_TRAIN	46	85.6	0.0	-64.47	4.80	0.24	21304	-0.03	0.0000			541.0000						
tempe_16_emission_heavy_dqn_reward_inference	REAL_TRAIN	2	81.9	100.0	-28.56	2.82	0.19	20964		-12.5660	queue=0.1344;delay=0.0;waiting=0.0;pressure=0.0;switches=0.0;emission=12.4316	final;ckpt	108.6875	3716.2898	1204.7747	122.0000	5439.0000	5.0000	queue=2.6873;delay=3.0404;waiting=55.5371;pressure=151.0222;switches=8.1556;emission=62.158
tempe_16_emission_heavy_dqn_reward_inference	SIM_TRAIN	47	87.0	0.7	-73.20	5.48	0.24	20978	-0.04	0.0000			587.4375						
tempe_16_emission_heavy_dqn_reward_inference	SIM_TRAIN	48	736.9	0.8	-1975.68	148.90	0.48	12058	-1.03	0.0000			591.3750						
tempe_16_emission_heavy_dqn_reward_inference	REAL_TRAIN	4	451.6	100.0	-1126.51	92.75	0.40	14276		-51.6928	queue=4.7084;delay=0.0;waiting=0.0;pressure=0.0;switches=0.0;emission=46.9844	final;ckpt	311.3125	13184.1418	4274.1992	52.0000	11944.0000	5.0000	queue=94.168;delay=6.4244;waiting=66917.2215;pressure=1421.55;switches=5.1639;emission=234.9218
tempe_16_emission_heavy_dqn_reward_inference	SIM_TRAIN	49	669.3	0.5	-1536.40	118.40	0.43	14577	-0.80	0.0000			672.5000						
tempe_16_emission_heavy_dqn_reward_inference	SIM_TRAIN	50	361.6	0.3	-1024.66	73.86	0.39	18632	-0.53	0.0000			1113.8750						
tempe_16_emission_heavy_dqn_reward_inference	REAL_TRAIN	6	323.5	100.0	-759.44	60.60	0.42	17234		-41.0666	queue=3.1751;delay=0.0;waiting=0.0;pressure=0.0;switches=0.0;emission=37.8916	final;ckpt	255.5625	10603.4499	3437.5526	63.0000	10952.0000	6.0000	queue=63.5013;delay=6.7692;waiting=37986.8862;pressure=1090.525;switches=4.8611;emission=189.4578
tempe_16_emission_heavy_dqn_reward_inference	SIM_TRAIN	51	203.8	0.2	-471.52	36.33	0.34	20636	-0.24	0.0000			718.9375						
tempe_16_emission_heavy_dqn_reward_inference	SIM_TRAIN	52	172.6	0.2	-343.99	33.69	0.31	20817	-0.18	0.0000			571.9375						
tempe_16_emission_heavy_dqn_reward_inference	REAL_TRAIN	8	267.9	100.0	-568.17	53.34	0.34	18246		-31.8516	queue=2.3828;delay=0.0;waiting=0.0;pressure=0.0;switches=0.0;emission=29.4687	final;ckpt	180.3125	9350.6051	3031.3868	87.0000	9835.0000	7.0000	queue=47.657;delay=5.4879;waiting=35634.8759;pressure=1188.2889;switches=6.0667;emission=147.3437
tempe_16_emission_heavy_dqn_reward_inference	SIM_TRAIN	53	115.0	0.1	-163.03	15.35	0.29	21046	-0.08	0.0000			550.9375						
tempe_16_emission_heavy_dqn_reward_inference	SIM_TRAIN	54	144.5	0.1	-219.55	18.18	0.29	20480	-0.11	0.0000			591.9375						
tempe_16_emission_heavy_dqn_reward_inference	REAL_TRAIN	10	154.3	100.0	-287.90	24.45	0.32	19640		-21.4136	queue=1.2145;delay=0.0;waiting=0.0;pressure=0.0;switches=0.0;emission=20.1991	final;ckpt	182.3750	6017.9334	1950.9537	83.0000	9785.0000	3.0000	queue=24.291;delay=5.1372;waiting=12962.1601;pressure=554.7222;switches=7.0306;emission=100.9955
tempe_16_emission_heavy_dqn_reward_inference	SIM_TRAIN	55	189.7	0.1	-284.92	21.86	0.31	19816	-0.15	0.0000			422.8125						
tempe_16_emission_heavy_dqn_reward_inference	SIM_TRAIN	56	195.0	0.1	-312.05	27.12	0.30	19834	-0.16	0.0000			513.4375						
tempe_16_emission_heavy_dqn_reward_inference	REAL_TRAIN	12	205.2	100.0	-380.48	34.99	0.30	17990		-25.2999	queue=1.6013;delay=0.0;waiting=0.0;pressure=0.0;switches=0.0;emission=23.6986	final;ckpt	154.9375	7153.1841	2318.9980	101.0000	9489.0000	9.0000	queue=32.0253;delay=4.8693;waiting=20937.572;pressure=771.5361;switches=7.2444;emission=118.4931
tempe_16_emission_heavy_dqn_reward_inference	SIM_TRAIN	57	151.0	0.1	-168.75	12.80	0.29	20594	-0.09	0.0000			259.1875						
tempe_16_emission_heavy_dqn_reward_inference	SIM_TRAIN	58	138.1	0.1	-141.16	10.25	0.27	20588	-0.07	0.0000			374.2500						
tempe_16_emission_heavy_dqn_reward_inference	REAL_TRAIN	14	152.6	100.0	-207.40	19.23	0.27	19501		-19.7453	queue=0.8793;delay=0.0;waiting=0.0;pressure=0.0;switches=0.0;emission=18.866	final;ckpt	150.0000	5873.4689	1904.1196	109.0000	9029.0000	15.0000	queue=17.5867;delay=4.3511;waiting=10116.8971;pressure=530.0639;switches=7.4833;emission=94.33
tempe_16_emission_heavy_dqn_reward_inference	SIM_TRAIN	59	141.1	0.1	-178.59	12.72	0.28	20674	-0.09	0.0000			449.5625						
tempe_16_emission_heavy_dqn_reward_inference	SIM_TRAIN	60	133.7	0.1	-139.17	10.21	0.27	20746	-0.07	0.0000			690.3125						
tempe_16_emission_heavy_dqn_reward_inference	REAL_TRAIN	16	181.2	100.0	-387.84	35.98	0.32	18931		-23.7497	queue=1.6306;delay=0.0;waiting=0.0;pressure=0.0;switches=0.0;emission=22.1191	final;ckpt	172.0000	6699.8139	2172.0159	87.0000	10446.0000	4.0000	queue=32.6123;delay=5.08;waiting=20915.8086;pressure=724.5583;switches=7.6111;emission=110.5955
tempe_16_emission_heavy_dqn_reward_inference	SIM_TRAIN	61	152.5	0.1	-190.24	14.49	0.28	20457	-0.10	0.0000			350.2500						
tempe_16_emission_heavy_dqn_reward_inference	SIM_TRAIN	62	140.6	0.1	-149.30	10.94	0.28	20652	-0.08	0.0000			897.8750						
tempe_16_emission_heavy_dqn_reward_inference	REAL_TRAIN	18	210.5	100.0	-394.52	39.38	0.30	18978		-25.5789	queue=1.6604;delay=0.0;waiting=0.0;pressure=0.0;switches=0.0;emission=23.9185	final;ckpt	129.7500	7703.5266	2497.4144	112.0000	9661.0000	7.0000	queue=33.2078;delay=4.8134;waiting=26697.5064;pressure=985.4056;switches=7.1056;emission=119.5924
tempe_16_emission_heavy_dqn_reward_inference	SIM_TRAIN	63	168.9	0.0	-214.69	17.87	0.28	20319	-0.11	0.0000			359.9375						
tempe_16_emission_heavy_dqn_reward_inference	SIM_TRAIN	64	132.5	0.0	-131.36	9.43	0.27	20694	-0.07	0.0000			336.1875						
tempe_16_emission_heavy_dqn_reward_inference	REAL_TRAIN	20	342.3	100.0	-850.70	76.80	0.35	15054		-38.6239	queue=3.567;delay=0.0;waiting=0.0;pressure=0.0;switches=0.0;emission=35.0569	final;ckpt	272.0625	10599.5479	3436.2946	102.0000	8662.0000	1.0000	queue=71.3398;delay=5.5591;waiting=64709.0092;pressure=1379.4222;switches=7.2611;emission=175.2845
tempe_16_emission_heavy_dqn_reward_inference	SIM_TRAIN	65	186.1	0.0	-235.52	19.89	0.28	20290	-0.12	0.0000			435.8750						
tempe_16_emission_heavy_dqn_reward_inference	SIM_TRAIN	66	192.3	0.0	-274.79	19.16	0.28	20007	-0.14	0.0000			250.0625						
tempe_16_emission_heavy_dqn_reward_inference	REAL_TRAIN	22	130.9	100.0	-210.80	17.05	0.29	20128		-19.5534	queue=0.8931;delay=0.0;waiting=0.0;pressure=0.0;switches=0.0;emission=18.6603	final;ckpt	230.4375	5303.0212	1719.1815	98.0000	10192.0000	4.0000	queue=17.8628;delay=4.7143;waiting=5097.0989;pressure=384.0194;switches=8.6472;emission=93.3015
tempe_16_emission_heavy_dqn_reward_inference	SIM_TRAIN	67	129.4	0.0	-125.50	9.07	0.26	20794	-0.06	0.0000			464.9375						
tempe_16_emission_heavy_dqn_reward_inference	SIM_TRAIN	68	123.1	0.0	-108.67	7.62	0.25	20825	-0.05	0.0000			390.6875						
tempe_16_emission_heavy_dqn_reward_inference	REAL_TRAIN	24	166.5	100.0	-314.38	29.12	0.28	19306		-21.8317	queue=1.3207;delay=0.0;waiting=0.0;pressure=0.0;switches=0.0;emission=20.511	final;ckpt	162.3125	6209.9134	2013.1922	76.0000	8760.0000	5.0000	queue=26.4136;delay=4.5339;waiting=20017.6102;pressure=615.4333;switches=7.6694;emission=102.5551
tempe_16_emission_heavy_dqn_reward_inference	SIM_TRAIN	69	115.5	0.0	-115.01	8.32	0.25	20888	-0.06	0.0000			345.9375						
tempe_16_emission_heavy_dqn_reward_inference	SIM_TRAIN	70	106.2	0.0	-98.61	7.14	0.24	21049	-0.05	0.0000			392.7500						
tempe_16_emission_heavy_dqn_reward_inference	REAL_TRAIN	26	168.2	100.0	-299.07	25.35	0.31	19184		-22.6853	queue=1.2598;delay=0.0;waiting=0.0;pressure=0.0;switches=0.0;emission=21.4255	final;ckpt	162.6250	6349.0508	2058.2988	111.0000	10123.0000	4.0000	queue=25.196;delay=4.9158;waiting=13863.8329;pressure=528.6833;switches=8.8333;emission=107.1275
tempe_16_emission_heavy_dqn_reward_inference	SIM_TRAIN	71	108.4	0.0	-100.43	7.25	0.25	21008	-0.05	0.0000			331.7500						
tempe_16_emission_heavy_dqn_reward_inference	SIM_TRAIN	72	92.7	0.0	-88.75	6.45	0.24	21244	-0.04	0.0000			520.1250						
tempe_16_emission_heavy_dqn_reward_inference	REAL_TRAIN	28	92.7	100.0	-75.63	6.37	0.25	20853		-14.2256	queue=0.3307;delay=0.0;waiting=0.0;pressure=0.0;switches=0.0;emission=13.895	final;ckpt	249.4375	4080.8753	1322.9704	139.0000	8364.0000	6.0000	queue=6.6131;delay=4.0302;waiting=816.8751;pressure=181.3194;switches=10.2972;emission=69.4748
tempe_16_emission_heavy_dqn_reward_inference	SIM_TRAIN	73	92.8	0.0	-83.06	5.95	0.24	21295	-0.04	0.0000			412.6875						
tempe_16_emission_heavy_dqn_reward_inference	SIM_TRAIN	74	86.2	0.0	-67.28	5.12	0.24	21289	-0.03	0.0000			349.1250						
tempe_16_emission_heavy_dqn_reward_inference	REAL_TRAIN	30	118.3	100.0	-139.92	13.45	0.26	20542		-16.5655	queue=0.5999;delay=0.0;waiting=0.0;pressure=0.0;switches=0.0;emission=15.9657	final;ckpt	174.7500	4907.7082	1591.0246	109.0000	8071.0000	3.0000	queue=11.9972;delay=4.2094;waiting=4154.8139;pressure=366.5472;switches=10.0278;emission=79.8283
tempe_16_emission_heavy_dqn_reward_inference	SIM_TRAIN	75	84.9	0.0	-62.00	4.70	0.24	21287	-0.03	0.0000			347.3750						
tempe_16_emission_heavy_dqn_reward_inference	SIM_TRAIN	76	84.4	0.0	-60.06	4.52	0.23	21293	-0.03	0.0000			292.0000						
tempe_16_emission_heavy_dqn_reward_inference	REAL_TRAIN	32	176.6	100.0	-258.36	25.55	0.27	19623		-21.6849	queue=1.0915;delay=0.0;waiting=0.0;pressure=0.0;switches=0.0;emission=20.5934	final;ckpt	157.0625	6647.1955	2154.9551	103.0000	9089.0000	6.0000	queue=21.8308;delay=4.329;waiting=10671.1537;pressure=673.9806;switches=8.4722;emission=102.967
tempe_16_emission_heavy_dqn_reward_inference	SIM_TRAIN	77	83.3	0.0	-55.66	4.15	0.23	21286	-0.03	0.0000			321.0000						
tempe_16_emission_heavy_dqn_reward_inference	SIM_TRAIN	78	84.3	0.0	-59.89	4.51	0.23	21278	-0.03	0.0000			378.8125						
tempe_16_emission_heavy_dqn_reward_inference	REAL_TRAIN	34	246.7	100.0	-581.16	48.38	0.31	17498		-31.6358	queue=2.4362;delay=0.0;waiting=0.0;pressure=0.0;switches=0.0;emission=29.1996	final;ckpt	239.6875	8334.6846	2702.0335	83.0000	9996.0000	4.0000	queue=48.725;delay=5.0202;waiting=36954.3601;pressure=727.6111;switches=7.4833;emission=145.998
tempe_16_emission_heavy_dqn_reward_inference	SIM_TRAIN	79	83.6	0.0	-57.54	4.32	0.24	21309	-0.03	0.0000			293.6875						
tempe_16_emission_heavy_dqn_reward_inference	SIM_TRAIN	80	82.3	0.0	-51.63	3.81	0.23	21315	-0.02	0.0000			370.0625						
tempe_16_emission_heavy_dqn_reward_inference	REAL_TRAIN	36	126.9	100.0	-200.04	17.90	0.28	20060		-18.3711	queue=0.8471;delay=0.0;waiting=0.0;pressure=0.0;switches=0.0;emission=17.524	final;ckpt	142.1250	5144.5689	1667.8137	88.0000	8883.0000	4.0000	queue=16.9418;delay=4.4138;waiting=6275.9892;pressure=402.5083;switches=7.6972;emission=87.62
tempe_16_emission_heavy_dqn_reward_inference	SIM_TRAIN	81	82.1	0.0	-51.19	3.77	0.23	21290	-0.02	0.0000			489.3125						
tempe_16_emission_heavy_dqn_reward_inference	SIM_TRAIN	82	82.0	0.0	-50.61	3.70	0.23	21318	-0.02	0.0000			348.4375						
tempe_16_emission_heavy_dqn_reward_inference	REAL_TRAIN	38	179.7	100.0	-397.98	31.00	0.31	19163		-25.9433	queue=1.6737;delay=0.0;waiting=0.0;pressure=0.0;switches=0.0;emission=24.2696	final;ckpt	179.9375	6742.6641	2185.9079	88.0000	8618.0000	5.0000	queue=33.4741;delay=5.0354;waiting=26302.4483;pressure=576.6417;switches=7.0528;emission=121.3479
tempe_16_emission_heavy_dqn_reward_inference	SIM_TRAIN	83	82.6	0.0	-53.68	3.88	0.23	21278	-0.03	0.0000			663.0000						
tempe_16_emission_heavy_dqn_reward_inference	SIM_TRAIN	84	84.7	0.0	-62.20	4.45	0.23	21242	-0.03	0.0000			545.9375						
tempe_16_emission_heavy_dqn_reward_inference	REAL_TRAIN	40	143.5	100.0	-340.56	21.66	0.30	19428		-23.4187	queue=1.4371;delay=0.0;waiting=0.0;pressure=0.0;switches=0.0;emission=21.9817	final;ckpt	202.0625	5571.5542	1806.2410	104.0000	8452.0000	3.0000	queue=28.7411;delay=4.8209;waiting=23042.4701;pressure=343.7222;switches=8.3333;emission=109.9083
tempe_16_emission_heavy_dqn_reward_inference	SIM_TRAIN	85	87.4	0.0	-72.59	5.06	0.23	21280	-0.04	0.0000			224.0625						
tempe_16_emission_heavy_dqn_reward_inference	SIM_TRAIN	86	82.8	0.0	-54.21	3.91	0.23	21262	-0.03	0.0000			500.1250						
tempe_16_emission_heavy_dqn_reward_inference	REAL_TRAIN	42	186.5	100.0	-390.32	37.57	0.30	19024		-23.9132	queue=1.6419;delay=0.0;waiting=0.0;pressure=0.0;switches=0.0;emission=22.2713	final;ckpt	241.8750	6875.8058	2229.0718	91.0000	9418.0000	1.0000	queue=32.838;delay=4.8478;waiting=26455.6251;pressure=707.7306;switches=7.2583;emission=111.3565
tempe_16_emission_heavy_dqn_reward_inference	SIM_TRAIN	87	82.5	0.0	-51.74	3.82	0.23	21281	-0.02	0.0000			381.3125						
tempe_16_emission_heavy_dqn_reward_inference	SIM_TRAIN	88	82.7	0.0	-52.59	3.87	0.23	21286	-0.03	0.0000			664.0625						
tempe_16_emission_heavy_dqn_reward_inference	REAL_TRAIN	44	92.4	100.0	-58.68	5.55	0.24	20878		-13.7750	queue=0.2611;delay=0.0;waiting=0.0;pressure=0.0;switches=0.0;emission=13.5139	final;ckpt	142.2500	4070.6937	1319.6698	133.0000	6959.0000	0.0000	queue=5.2229;delay=3.8193;waiting=549.8529;pressure=215.9556;switches=8.8778;emission=67.5695
tempe_16_emission_heavy_dqn_reward_inference	SIM_TRAIN	89	80.2	0.0	-41.84	3.11	0.22	21306	-0.02	0.0000			318.3125						
tempe_16_emission_heavy_dqn_reward_inference	SIM_TRAIN	90	79.8	0.0	-40.33	3.02	0.22	21322	-0.02	0.0000			414.5625						
tempe_16_emission_heavy_dqn_reward_inference	REAL_TRAIN	46	90.5	100.0	-64.49	5.71	0.24	20860		-13.7442	queue=0.2848;delay=0.0;waiting=0.0;pressure=0.0;switches=0.0;emission=13.4594	final;ckpt	107.9375	4003.8053	1297.9851	108.0000	6846.0000	0.0000	queue=5.6958;delay=3.8422;waiting=668.5541;pressure=208.1306;switches=8.575;emission=67.2972
tempe_16_emission_heavy_dqn_reward_inference	SIM_TRAIN	91	83.8	0.0	-57.43	4.15	0.22	21313	-0.03	0.0000			343.6875						
tempe_16_emission_heavy_dqn_reward_inference	SIM_TRAIN	92	80.2	0.0	-41.63	3.10	0.22	21318	-0.02	0.0000			433.4375						
tempe_16_emission_heavy_dqn_reward_inference	REAL_TRAIN	48	259.0	100.0	-695.75	51.52	0.32	16722		-35.3513	queue=2.9163;delay=0.0;waiting=0.0;pressure=0.0;switches=0.0;emission=32.435	final;ckpt	201.3125	8402.1968	2723.9236	73.0000	7661.0000	3.0000	queue=58.327;delay=5.0429;waiting=60953.1911;pressure=719.1389;switches=7.0417;emission=162.1748
tempe_16_emission_heavy_dqn_reward_inference	SIM_TRAIN	93	79.6	0.0	-39.27	2.95	0.22	21322	-0.02	0.0000			482.5000						
tempe_16_emission_heavy_dqn_reward_inference	SIM_TRAIN	94	79.6	0.0	-39.19	2.96	0.22	21322	-0.02	0.0000			590.0000						
tempe_16_emission_heavy_dqn_reward_inference	REAL_TRAIN	50	159.0	100.0	-251.58	20.30	0.25	18688		-21.2466	queue=1.067;delay=0.0;waiting=0.0;pressure=0.0;switches=0.0;emission=20.1795	final;ckpt	167.0000	5785.4475	1875.5867	117.0000	6141.0000	7.0000	queue=21.3408;delay=4.0311;waiting=19227.3963;pressure=479.7889;switches=8.7139;emission=100.8977
tempe_16_emission_heavy_dqn_reward_inference	SIM_TRAIN	95	79.7	0.0	-39.38	2.98	0.22	21314	-0.02	0.0000			555.7500						
tempe_16_emission_heavy_dqn_reward_inference	SIM_TRAIN	96	79.5	0.0	-38.75	2.96	0.22	21295	-0.02	0.0000			402.8125						
tempe_16_emission_heavy_dqn_reward_inference	REAL_TRAIN	52	91.6	100.0	-57.83	5.44	0.24	20883		-13.7336	queue=0.2574;delay=0.0;waiting=0.0;pressure=0.0;switches=0.0;emission=13.4761	final;ckpt	193.3125	4043.9801	1311.0094	135.0000	7299.0000	9.0000	queue=5.149;delay=3.8361;waiting=321.9021;pressure=202.725;switches=9.425;emission=67.3806
tempe_16_emission_heavy_dqn_reward_inference	SIM_TRAIN	97	79.2	0.0	-37.60	2.85	0.22	21310	-0.02	0.0000			312.5000						
tempe_16_emission_heavy_dqn_reward_inference	SIM_TRAIN	98	84.0	0.0	-73.28	4.38	0.23	21325	-0.04	0.0000			274.8125						
tempe_16_emission_heavy_dqn_reward_inference	REAL_TRAIN	54	95.8	100.0	-107.53	7.09	0.24	20781		-15.6434	queue=0.4634;delay=0.0;waiting=0.0;pressure=0.0;switches=0.0;emission=15.18	final;ckpt	136.8125	4169.1300	1351.5824	130.0000	7201.0000	4.0000	queue=9.2673;delay=3.915;waiting=1099.6072;pressure=240.6472;switches=9.4694;emission=75.9
tempe_16_emission_heavy_dqn_reward_inference	SIM_TRAIN	99	79.4	0.0	-39.78	2.91	0.22	21318	-0.02	0.0000			365.1875						
tempe_16_emission_heavy_dqn_reward_inference	SIM_TRAIN	100	79.2	0.0	-37.71	2.85	0.22	21315	-0.02	0.0000			400.5625						
tempe_16_emission_heavy_dqn_reward_inference	REAL_TRAIN	56	89.6	100.0	-65.82	4.93	0.25	20832		-14.1423	queue=0.2899;delay=0.0;waiting=0.0;pressure=0.0;switches=0.0;emission=13.8523	final;ckpt	171.5000	3981.6921	1290.8159	116.0000	8239.0000	1.0000	queue=5.7988;delay=3.9752;waiting=292.976;pressure=172.7111;switches=8.8722;emission=69.2616
tempe_16_emission_heavy_dqn_reward_inference	SIM_TRAIN	101	79.0	0.0	-37.03	2.78	0.22	21314	-0.02	0.0000			525.5625						
tempe_16_emission_heavy_dqn_reward_inference	SIM_TRAIN	102	78.9	0.0	-36.38	2.75	0.22	21318	-0.02	0.0000			284.7500						
tempe_16_emission_heavy_dqn_reward_inference	REAL_TRAIN	58	91.6	100.0	-77.74	5.10	0.24	20749		-14.8027	queue=0.3393;delay=0.0;waiting=0.0;pressure=0.0;switches=0.0;emission=14.4635	final;ckpt	185.0625	4030.4964	1306.6379	143.0000	7456.0000	4.0000	queue=6.7855;delay=3.8926;waiting=382.8753;pressure=199.4417;switches=9.25;emission=72.3173
tempe_16_emission_heavy_dqn_reward_inference	SIM_TRAIN	103	79.0	0.0	-36.41	2.78	0.22	21323	-0.02	0.0000			378.2500						
tempe_16_emission_heavy_dqn_reward_inference	SIM_TRAIN	104	79.1	0.0	-36.97	2.81	0.22	21317	-0.02	0.0000			573.6250						
tempe_16_emission_heavy_dqn_reward_inference	REAL_TRAIN	60	92.5	100.0	-62.57	5.31	0.25	20875		-14.1522	queue=0.2772;delay=0.0;waiting=0.0;pressure=0.0;switches=0.0;emission=13.875	final;ckpt	237.9375	4084.3772	1324.1054	131.0000	8169.0000	6.0000	queue=5.5446;delay=3.9723;waiting=278.6001;pressure=191.6;switches=9.3361;emission=69.3749
tempe_16_emission_heavy_dqn_reward_inference	SIM_TRAIN	105	78.9	0.0	-36.03	2.72	0.22	21324	-0.02	0.0000			691.3750						
tempe_16_emission_heavy_dqn_reward_inference	SIM_TRAIN	106	78.8	0.0	-35.62	2.70	0.22	21324	-0.02	0.0000			234.5625						
tempe_16_emission_heavy_dqn_reward_inference	REAL_TRAIN	62	112.0	100.0	-154.41	11.17	0.26	20382		-17.3575	queue=0.6555;delay=0.0;waiting=0.0;pressure=0.0;switches=0.0;emission=16.702	final;ckpt	119.1875	4668.9481	1513.6200	95.0000	8512.0000	1.0000	queue=13.1093;delay=4.2364;waiting=6813.7888;pressure=315.8806;switches=7.4083;emission=83.5101
tempe_16_emission_heavy_dqn_reward_inference	SIM_TRAIN	107	78.9	0.0	-36.77	2.76	0.22	21314	-0.02	0.0000			450.7500						
tempe_16_emission_heavy_dqn_reward_inference	SIM_TRAIN	108	101.1	0.0	-102.96	10.38	0.23	20990	-0.05	0.0000			415.3750						
tempe_16_emission_heavy_dqn_reward_inference	REAL_TRAIN	64	208.0	100.0	-312.16	31.70	0.26	18279		-24.0307	queue=1.3182;delay=0.0;waiting=0.0;pressure=0.0;switches=0.0;emission=22.7125	final;ckpt	153.8750	7259.3131	2353.4055	121.0000	7105.0000	4.0000	queue=26.3648;delay=4.1574;waiting=24684.4429;pressure=620.1444;switches=7.9056;emission=113.5623
tempe_16_emission_heavy_dqn_reward_inference	SIM_TRAIN	109	79.3	0.0	-37.79	2.91	0.22	21318	-0.02	0.0000			455.0000						
tempe_16_emission_heavy_dqn_reward_inference	SIM_TRAIN	110	78.8	0.0	-35.82	2.73	0.22	21315	-0.02	0.0000			634.5625						
tempe_16_emission_heavy_dqn_reward_inference	REAL_TRAIN	66	102.8	100.0	-118.67	7.94	0.25	20610		-16.5685	queue=0.5114;delay=0.0;waiting=0.0;pressure=0.0;switches=0.0;emission=16.0571	final;ckpt	155.3750	4390.8267	1423.4548	120.0000	7139.0000	6.0000	queue=10.2277;delay=4.0085;waiting=1445.7405;pressure=270.3444;switches=8.8583;emission=80.2854
tempe_16_emission_heavy_dqn_reward_inference	SIM_TRAIN	111	79.5	0.0	-39.66	3.09	0.22	21224	-0.02	0.0000			526.8125						
tempe_16_emission_heavy_dqn_reward_inference	SIM_TRAIN	112	79.2	0.0	-38.09	2.84	0.22	21330	-0.02	0.0000			258.1875						
tempe_16_emission_heavy_dqn_reward_inference	REAL_TRAIN	68	105.4	100.0	-131.87	9.36	0.26	20418		-16.9009	queue=0.5645;delay=0.0;waiting=0.0;pressure=0.0;switches=0.0;emission=16.3364	final;ckpt	188.3125	4462.2354	1446.6052	116.0000	8064.0000	6.0000	queue=11.2898;delay=4.2282;waiting=1931.2195;pressure=300.0972;switches=8.3;emission=81.6822
tempe_16_emission_heavy_dqn_reward_inference	SIM_TRAIN	113	79.2	0.0	-37.72	2.81	0.22	21327	-0.02	0.0000			339.8125						
tempe_16_emission_heavy_dqn_reward_inference	SIM_TRAIN	114	78.9	0.0	-36.35	2.77	0.22	21316	-0.02	0.0000			409.5625						
tempe_16_emission_heavy_dqn_reward_inference	REAL_TRAIN	70	128.8	100.0	-226.47	17.98	0.26	19702		-19.6779	queue=0.9581;delay=0.0;waiting=0.0;pressure=0.0;switches=0.0;emission=18.7198	final;ckpt	130.5625	5131.8656	1663.6966	77.0000	7534.0000	3.0000	queue=19.1614;delay=4.0988;waiting=8149.1607;pressure=446.5444;switches=7.3389;emission=93.599
tempe_16_emission_heavy_dqn_reward_inference	SIM_TRAIN	115	78.9	0.0	-35.87	2.76	0.22	21321	-0.02	0.0000			690.0000						
tempe_16_emission_heavy_dqn_reward_inference	SIM_TRAIN	116	79.0	0.0	-36.83	2.83	0.22	21315	-0.02	0.0000			371.6875						
tempe_16_emission_heavy_dqn_reward_inference	REAL_TRAIN	72	179.1	100.0	-313.83	22.32	0.26	18340		-25.1422	queue=1.3237;delay=0.0;waiting=0.0;pressure=0.0;switches=0.0;emission=23.8186	final;ckpt	141.2500	6347.5474	2057.8157	97.0000	6677.0000	4.0000	queue=26.4731;delay=4.2038;waiting=19576.2436;pressure=586.3278;switches=7.575;emission=119.0928
tempe_16_emission_heavy_dqn_reward_inference	SIM_TRAIN	117	78.7	0.0	-35.59	2.71	0.22	21319	-0.02	0.0000			438.6250						
tempe_16_emission_heavy_dqn_reward_inference	SIM_TRAIN	118	78.7	0.0	-35.51	2.70	0.22	21327	-0.02	0.0000			396.5000						
tempe_16_emission_heavy_dqn_reward_inference	REAL_TRAIN	74	217.5	100.0	-524.33	45.52	0.30	18468		-29.1963	queue=2.2005;delay=0.0;waiting=0.0;pressure=0.0;switches=0.0;emission=26.9958	final;ckpt	191.1250	7664.2909	2484.6944	92.0000	7902.0000	3.0000	queue=44.0099;delay=4.7572;waiting=38010.3985;pressure=1034.4417;switches=7.2;emission=134.9789
tempe_16_emission_heavy_dqn_reward_inference	SIM_TRAIN	119	78.8	0.0	-36.45	2.74	0.22	21322	-0.02	0.0000			694.3750						
tempe_16_emission_heavy_dqn_reward_inference	SIM_TRAIN	120	78.7	0.0	-35.73	2.69	0.22	21322	-0.02	0.0000			252.8750						
tempe_16_emission_heavy_dqn_reward_inference	REAL_TRAIN	76	95.0	100.0	-61.68	5.53	0.23	20812		-14.2509	queue=0.2752;delay=0.0;waiting=0.0;pressure=0.0;switches=0.0;emission=13.9757	final;ckpt	227.8750	4161.4171	1349.0814	124.0000	7009.0000	2.0000	queue=5.5038;delay=3.6586;waiting=360.1127;pressure=214.1694;switches=9.4639;emission=69.8786
tempe_16_emission_heavy_dqn_reward_inference	SIM_TRAIN	121	78.8	0.0	-35.79	2.72	0.22	21322	-0.02	0.0000			289.3125						
tempe_16_emission_heavy_dqn_reward_inference	SIM_TRAIN	122	78.9	0.0	-35.81	2.75	0.22	21324	-0.02	0.0000			378.8750						
tempe_16_emission_heavy_dqn_reward_inference	REAL_TRAIN	78	101.6	100.0	-113.75	9.74	0.21	20517		-15.5353	queue=0.492;delay=0.0;waiting=0.0;pressure=0.0;switches=0.0;emission=15.0432	final;ckpt	161.5625	4353.8088	1411.4547	119.0000	6711.0000	3.0000	queue=9.8407;delay=3.4113;waiting=2832.2366;pressure=299.9972;switches=8.5222;emission=75.2161
tempe_16_emission_heavy_dqn_reward_inference	SIM_TRAIN	123	85.3	0.0	-62.24	4.78	0.22	21263	-0.03	0.0000			419.1875						
tempe_16_emission_heavy_dqn_reward_inference	SIM_TRAIN	124	84.8	0.0	-60.57	4.67	0.22	21263	-0.03	0.0000			241.3125						
tempe_16_emission_heavy_dqn_reward_inference	REAL_TRAIN	80	180.6	100.0	-350.33	31.18	0.24	18353		-23.0960	queue=1.4783;delay=0.0;waiting=0.0;pressure=0.0;switches=0.0;emission=21.6177	final;ckpt	165.8750	6377.5357	2067.5385	108.0000	5871.0000	2.0000	queue=29.5667;delay=3.9174;waiting=28659.824;pressure=701.7472;switches=7.45;emission=108.0883
tempe_16_emission_heavy_dqn_reward_inference	SIM_TRAIN	125	91.6	0.0	-75.90	6.05	0.23	21162	-0.04	0.0000			373.0625						
tempe_16_emission_heavy_dqn_reward_inference	SIM_TRAIN	126	89.5	0.0	-61.93	4.93	0.22	21101	-0.03	0.0000			309.8125						
tempe_16_emission_heavy_dqn_reward_inference	REAL_TRAIN	82	142.5	100.0	-225.15	17.33	0.24	19252		-20.2268	queue=0.9544;delay=0.0;waiting=0.0;pressure=0.0;switches=0.0;emission=19.2723	final;ckpt	155.5625	5390.1977	1747.4472	117.0000	6181.0000	3.0000	queue=19.0885;delay=3.8997;waiting=11850.8635;pressure=424.7194;switches=7.825;emission=96.3617
tempe_16_emission_heavy_dqn_reward_inference	SIM_TRAIN	127	98.1	0.0	-63.00	4.97	0.22	21127	-0.03	0.0000			426.7500						
tempe_16_emission_heavy_dqn_reward_inference	SIM_TRAIN	128	81.7	0.0	-47.73	3.84	0.22	21291	-0.02	0.0000			658.4375						
tempe_16_emission_heavy_dqn_reward_inference	REAL_TRAIN	84	143.4	100.0	-235.52	23.47	0.24	19373		-18.6598	queue=0.9984;delay=0.0;waiting=0.0;pressure=0.0;switches=0.0;emission=17.6614	final;ckpt	145.2500	5539.8151	1795.9513	106.0000	6490.0000	3.0000	queue=19.9686;delay=3.8575;waiting=11499.8383;pressure=560.2556;switches=7.2278;emission=88.3068
tempe_16_emission_heavy_dqn_reward_inference	SIM_TRAIN	129	80.3	0.0	-42.92	3.31	0.22	21275	-0.02	0.0000			396.8125						
tempe_16_emission_heavy_dqn_reward_inference	SIM_TRAIN	130	81.7	0.0	-46.95	3.86	0.22	21289	-0.02	0.0000			375.5625						
tempe_16_emission_heavy_dqn_reward_inference	REAL_TRAIN	86	143.2	100.0	-257.84	26.03	0.23	19924		-18.8868	queue=1.0911;delay=0.0;waiting=0.0;pressure=0.0;switches=0.0;emission=17.7957	final;ckpt	150.2500	5603.6583	1816.6501	115.0000	6435.0000	1.0000	queue=21.8223;delay=3.7145;waiting=20438.9949;pressure=655.375;switches=7.7111;emission=88.9783
tempe_16_emission_heavy_dqn_reward_inference	SIM_TRAIN	131	83.8	0.0	-55.47	4.68	0.22	21228	-0.03	0.0000			366.8750						
tempe_16_emission_heavy_dqn_reward_inference	SIM_TRAIN	132	79.2	0.0	-37.21	2.81	0.22	21326	-0.02	0.0000			504.7500						
tempe_16_emission_heavy_dqn_reward_inference	REAL_TRAIN	88	250.4	100.0	-594.20	55.52	0.30	18175		-30.7352	queue=2.4929;delay=0.0;waiting=0.0;pressure=0.0;switches=0.0;emission=28.2423	final;ckpt	153.9375	8656.5810	2806.3894	68.0000	8104.0000	7.0000	queue=49.8576;delay=4.8288;waiting=41368.4648;pressure=1250.0778;switches=6.1778;emission=141.2114
tempe_16_emission_heavy_dqn_reward_inference	SIM_TRAIN	133	79.0	0.0	-36.82	2.77	0.21	21320	-0.02	0.0000			371.1250						
tempe_16_emission_heavy_dqn_reward_inference	SIM_TRAIN	134	78.8	0.0	-36.24	2.73	0.21	21333	-0.02	0.0000			256.8125						
tempe_16_emission_heavy_dqn_reward_inference	REAL_TRAIN	90	168.6	100.0	-322.63	33.91	0.24	19642		-21.2122	queue=1.3627;delay=0.0;waiting=0.0;pressure=0.0;switches=0.0;emission=19.8494	final;ckpt	75.6250	6410.0423	2078.0743	98.0000	7747.0000	0.0000	queue=27.2545;delay=3.8601;waiting=26171.0202;pressure=845.2167;switches=8.0361;emission=99.2471
tempe_16_emission_heavy_dqn_reward_inference	SIM_TRAIN	135	78.8	0.0	-36.03	2.72	0.22	21326	-0.02	0.0000			414.2500						
tempe_16_emission_heavy_dqn_reward_inference	SIM_TRAIN	136	78.9	0.0	-36.33	2.73	0.22	21317	-0.02	0.0000			459.1875						
tempe_16_emission_heavy_dqn_reward_inference	REAL_TRAIN	92	158.7	100.0	-317.55	30.76	0.24	19700		-20.7954	queue=1.3403;delay=0.0;waiting=0.0;pressure=0.0;switches=0.0;emission=19.4551	final;ckpt	104.8750	6081.2659	1971.4879	95.0000	6328.0000	1.0000	queue=26.8063;delay=3.8268;waiting=27532.4202;pressure=791.7083;switches=6.9222;emission=97.2756
tempe_16_emission_heavy_dqn_reward_inference	SIM_TRAIN	137	87.3	0.0	-72.18	5.83	0.22	21260	-0.04	0.0000			372.0000						
tempe_16_emission_heavy_dqn_reward_inference	SIM_TRAIN	138	78.9	0.0	-36.16	2.75	0.21	21327	-0.02	0.0000			265.1250						
tempe_16_emission_heavy_dqn_reward_inference	REAL_TRAIN	94	161.5	100.0	-321.04	30.64	0.25	19536		-21.0316	queue=1.3533;delay=0.0;waiting=0.0;pressure=0.0;switches=0.0;emission=19.6783	final;ckpt	86.2500	6128.0006	1986.6387	84.0000	6800.0000	5.0000	queue=27.066;delay=3.9967;waiting=27241.8843;pressure=761.9028;switches=6.6278;emission=98.3915
tempe_16_emission_heavy_dqn_reward_inference	SIM_TRAIN	139	79.8	0.0	-40.56	3.07	0.22	21305	-0.02	0.0000			456.3125						
tempe_16_emission_heavy_dqn_reward_inference	SIM_TRAIN	140	79.1	0.0	-37.43	2.82	0.21	21323	-0.02	0.0000			551.1250						
tempe_16_emission_heavy_dqn_reward_inference	REAL_TRAIN	96	141.5	100.0	-241.25	24.82	0.22	19981		-18.6239	queue=1.022;delay=0.0;waiting=0.0;pressure=0.0;switches=0.0;emission=17.602	final;ckpt	66.6250	5555.4135	1801.0090	117.0000	7288.0000	3.0000	queue=20.4396;delay=3.5497;waiting=21682.5537;pressure=642.5639;switches=8.0639;emission=88.0098
tempe_16_emission_heavy_dqn_reward_inference	SIM_TRAIN	141	78.7	0.0	-35.95	2.68	0.21	21311	-0.02	0.0000			312.0000						
tempe_16_emission_heavy_dqn_reward_inference	SIM_TRAIN	142	78.8	0.0	-35.92	2.72	0.22	21329	-0.02	0.0000			241.5000						
tempe_16_emission_heavy_dqn_reward_inference	REAL_TRAIN	98	93.9	100.0	-75.28	7.34	0.22	20593		-13.9462	queue=0.3294;delay=0.0;waiting=0.0;pressure=0.0;switches=0.0;emission=13.6168	final;ckpt	116.3125	4103.1383	1330.1886	113.0000	7367.0000	3.0000	queue=6.5871;delay=3.5667;waiting=1084.6105;pressure=234.1778;switches=8.2361;emission=68.084
tempe_16_emission_heavy_dqn_reward_inference	SIM_TRAIN	143	79.0	0.0	-36.75	2.81	0.21	21315	-0.02	0.0000			358.0625						
tempe_16_emission_heavy_dqn_reward_inference	SIM_TRAIN	144	78.4	0.0	-34.37	2.60	0.21	21316	-0.02	0.0000			377.2500						
tempe_16_emission_heavy_dqn_reward_inference	REAL_TRAIN	100	137.7	100.0	-227.15	23.33	0.23	19938		-18.0982	queue=0.9643;delay=0.0;waiting=0.0;pressure=0.0;switches=0.0;emission=17.1339	final;ckpt	141.3125	5398.6657	1750.1927	124.0000	6960.0000	4.0000	queue=19.2851;delay=3.6029;waiting=20054.2697;pressure=604.1;switches=8.4278;emission=85.6697
tempe_16_emission_heavy_dqn_reward_inference	SIM_TRAIN	145	79.0	0.0	-35.94	2.77	0.21	21319	-0.02	0.0000			670.9375						
tempe_16_emission_heavy_dqn_reward_inference	SIM_TRAIN	146	78.3	0.0	-34.12	2.59	0.21	21320	-0.02	0.0000			365.8125						
tempe_16_emission_heavy_dqn_reward_inference	REAL_TRAIN	102	133.4	100.0	-203.01	20.89	0.23	20120		-17.8580	queue=0.8653;delay=0.0;waiting=0.0;pressure=0.0;switches=0.0;emission=16.9926	final;ckpt	122.1250	5330.1563	1727.9813	137.0000	7273.0000	3.0000	queue=17.3066;delay=3.6645;waiting=14845.5884;pressure=545.4;switches=9.5306;emission=84.9632
tempe_16_emission_heavy_dqn_reward_inference	SIM_TRAIN	147	78.2	0.0	-33.35	2.52	0.21	21323	-0.02	0.0000			465.0625						
tempe_16_emission_heavy_dqn_reward_inference	SIM_TRAIN	148	78.4	0.0	-34.31	2.58	0.21	21331	-0.02	0.0000			501.3125						
tempe_16_emission_heavy_dqn_reward_inference	REAL_TRAIN	104	110.8	100.0	-132.64	13.76	0.21	20351		-15.4823	queue=0.5694;delay=0.0;waiting=0.0;pressure=0.0;switches=0.0;emission=14.9129	final;ckpt	168.1875	4620.3009	1497.8505	126.0000	6734.0000	3.0000	queue=11.3881;delay=3.3077;waiting=6504.9411;pressure=380.5139;switches=8.0667;emission=74.5645
tempe_16_emission_heavy_dqn_reward_inference	SIM_TRAIN	149	78.4	0.0	-34.17	2.59	0.21	21327	-0.02	0.0000			323.5000						
tempe_16_emission_heavy_dqn_reward_inference	SIM_TRAIN	150	78.5	0.0	-34.66	2.63	0.21	21309	-0.02	0.0000			258.0000						
tempe_16_emission_heavy_dqn_reward_inference	REAL_TRAIN	106	218.0	100.0	-447.43	46.39	0.24	18050		-25.6298	queue=1.8842;delay=0.0;waiting=0.0;pressure=0.0;switches=0.0;emission=23.7456	final;ckpt	169.4375	7677.6040	2489.0128	99.0000	7555.0000	5.0000	queue=37.6837;delay=3.9039;waiting=33515.8746;pressure=1030.1611;switches=7.4306;emission=118.728
tempe_16_emission_heavy_dqn_reward_inference	SIM_TRAIN	151	78.9	0.0	-36.43	2.76	0.22	21319	-0.02	0.0000			221.0000						
tempe_16_emission_heavy_dqn_reward_inference	SIM_TRAIN	152	78.4	0.0	-33.98	2.59	0.21	21317	-0.02	0.0000			377.0625						
tempe_16_emission_heavy_dqn_reward_inference	REAL_TRAIN	108	119.4	100.0	-164.24	16.98	0.21	20280		-16.4117	queue=0.7031;delay=0.0;waiting=0.0;pressure=0.0;switches=0.0;emission=15.7086	final;ckpt	148.5625	4892.3114	1586.0347	148.0000	6465.0000	3.0000	queue=14.0612;delay=3.3231;waiting=10665.4247;pressure=457.0778;switches=9.1889;emission=78.5432
tempe_16_emission_heavy_dqn_reward_inference	SIM_TRAIN	153	78.0	0.0	-32.72	2.48	0.21	21325	-0.02	0.0000			452.1250						
tempe_16_emission_heavy_dqn_reward_inference	SIM_TRAIN	154	78.2	0.0	-33.23	2.54	0.21	21324	-0.02	0.0000			588.6250						
tempe_16_emission_heavy_dqn_reward_inference	REAL_TRAIN	110	124.1	100.0	-183.07	18.75	0.22	20189		-16.8710	queue=0.7802;delay=0.0;waiting=0.0;pressure=0.0;switches=0.0;emission=16.0908	final;ckpt	164.8125	5020.6371	1627.6375	139.0000	6521.0000	0.0000	queue=15.6043;delay=3.4867;waiting=13073.0622;pressure=493.4583;switches=8.4139;emission=80.4539
tempe_16_emission_heavy_dqn_reward_inference	SIM_TRAIN	155	78.0	0.0	-32.69	2.46	0.21	21330	-0.02	0.0000			385.9375						
tempe_16_emission_heavy_dqn_reward_inference	SIM_TRAIN	156	78.1	0.0	-33.26	2.50	0.21	21331	-0.02	0.0000			387.3125						
tempe_16_emission_heavy_dqn_reward_inference	REAL_TRAIN	112	87.3	100.0	-43.72	4.05	0.21	20791		-13.3154	queue=0.1988;delay=0.0;waiting=0.0;pressure=0.0;switches=0.0;emission=13.1166	final;ckpt	153.2500	3883.4415	1258.9638	116.0000	6666.0000	7.0000	queue=3.976;delay=3.2843;waiting=116.2337;pressure=176.5639;switches=9.0722;emission=65.583
tempe_16_emission_heavy_dqn_reward_inference	SIM_TRAIN	157	78.5	0.0	-34.61	2.62	0.21	21320	-0.02	0.0000			572.7500						
tempe_16_emission_heavy_dqn_reward_inference	SIM_TRAIN	158	78.3	0.0	-33.93	2.56	0.21	21325	-0.02	0.0000			275.6875						
tempe_16_emission_heavy_dqn_reward_inference	REAL_TRAIN	114	124.7	100.0	-159.25	16.83	0.21	20203		-16.6138	queue=0.6809;delay=0.0;waiting=0.0;pressure=0.0;switches=0.0;emission=15.9329	final;ckpt	128.4375	5051.4005	1637.6101	124.0000	5926.0000	3.0000	queue=13.6178;delay=3.4033;waiting=8871.853;pressure=470.4556;switches=8.4417;emission=79.6647
tempe_16_emission_heavy_dqn_reward_inference	SIM_TRAIN	159	78.2	0.0	-33.33	2.53	0.21	21327	-0.02	0.0000			521.5000						
tempe_16_emission_heavy_dqn_reward_inference	SIM_TRAIN	160	78.0	0.0	-32.97	2.46	0.21	21321	-0.02	0.0000			574.8750						
tempe_16_emission_heavy_dqn_reward_inference	REAL_TRAIN	116	87.6	100.0	-49.81	4.08	0.22	20931		-13.6833	queue=0.2236;delay=0.0;waiting=0.0;pressure=0.0;switches=0.0;emission=13.4596	final;ckpt	144.4375	3921.5809	1271.3280	140.0000	7690.0000	3.0000	queue=4.4727;delay=3.5059;waiting=172.6961;pressure=172.8278;switches=9.4444;emission=67.2982
tempe_16_emission_heavy_dqn_reward_inference	SIM_TRAIN	161	78.1	0.0	-32.98	2.49	0.21	21325	-0.02	0.0000			436.9375						
tempe_16_emission_heavy_dqn_reward_inference	SIM_TRAIN	162	78.1	0.0	-33.03	2.51	0.21	21326	-0.02	0.0000			409.8125						
tempe_16_emission_heavy_dqn_reward_inference	REAL_TRAIN	118	114.4	100.0	-144.71	14.67	0.22	20262		-16.0291	queue=0.6212;delay=0.0;waiting=0.0;pressure=0.0;switches=0.0;emission=15.4079	final;ckpt	63.8125	4723.2079	1531.2121	129.0000	6966.0000	3.0000	queue=12.4237;delay=3.465;waiting=7602.5007;pressure=402.4278;switches=8.8111;emission=77.0396
tempe_16_emission_heavy_dqn_reward_inference	SIM_TRAIN	163	78.1	0.0	-32.80	2.47	0.21	21333	-0.02	0.0000			394.8750						
tempe_16_emission_heavy_dqn_reward_inference	SIM_TRAIN	164	78.1	0.0	-33.09	2.50	0.21	21327	-0.02	0.0000			474.9375						
tempe_16_emission_heavy_dqn_reward_inference	REAL_TRAIN	120	110.8	100.0	-123.13	9.33	0.23	20106		-16.8128	queue=0.5288;delay=0.0;waiting=0.0;pressure=0.0;switches=0.0;emission=16.284	final;ckpt	87.3125	4581.3215	1485.2139	132.0000	6102.0000	4.0000	queue=10.5763;delay=3.6631;waiting=5077.8133;pressure=222.8944;switches=7.5222;emission=81.4199
tempe_16_emission_heavy_dqn_reward_inference	SIM_TRAIN	165	78.1	0.0	-33.17	2.50	0.21	21327	-0.02	0.0000			583.4375						
tempe_16_emission_heavy_dqn_reward_inference	SIM_TRAIN	166	78.2	0.0	-33.65	2.54	0.21	21320	-0.02	0.0000			345.2500						
tempe_16_emission_heavy_dqn_reward_inference	REAL_TRAIN	122	138.0	100.0	-208.86	22.78	0.23	19467		-17.8934	queue=0.8894;delay=0.0;waiting=0.0;pressure=0.0;switches=0.0;emission=17.004	final;ckpt	141.5000	5409.6369	1753.7496	103.0000	6745.0000	2.0000	queue=17.7882;delay=3.671;waiting=9959.9973;pressure=596.5333;switches=7.9444;emission=85.0201
tempe_16_emission_heavy_dqn_reward_inference	SIM_TRAIN	167	77.9	0.0	-32.26	2.44	0.21	21322	-0.01	0.0000			268.0000						
tempe_16_emission_heavy_dqn_reward_inference	SIM_TRAIN	168	78.1	0.0	-33.17	2.48	0.21	21326	-0.02	0.0000			459.5625						
tempe_16_emission_heavy_dqn_reward_inference	REAL_TRAIN	124	135.0	100.0	-225.34	22.78	0.23	20071		-18.1971	queue=0.9574;delay=0.0;waiting=0.0;pressure=0.0;switches=0.0;emission=17.2397	final;ckpt	128.6875	5354.2241	1735.7847	146.0000	6800.0000	2.0000	queue=19.1479;delay=3.6216;waiting=20106.0415;pressure=587.6333;switches=9.0278;emission=86.1984
tempe_16_emission_heavy_dqn_reward_inference	SIM_TRAIN	169	77.9	0.0	-32.59	2.45	0.21	21317	-0.02	0.0000			526.1250						
tempe_16_emission_heavy_dqn_reward_inference	SIM_TRAIN	170	78.0	0.0	-32.67	2.46	0.21	21320	-0.02	0.0000			485.5625						
tempe_16_emission_heavy_dqn_reward_inference	REAL_TRAIN	126	143.9	100.0	-227.75	21.93	0.24	19272		-19.2304	queue=0.965;delay=0.0;waiting=0.0;pressure=0.0;switches=0.0;emission=18.2653	final;ckpt	207.3125	5554.2898	1800.6453	91.0000	6809.0000	8.0000	queue=19.3006;delay=3.8816;waiting=13536.6924;pressure=504.5889;switches=7.4278;emission=91.3266
tempe_16_emission_heavy_dqn_reward_inference	SIM_TRAIN	171	78.0	0.0	-32.81	2.48	0.21	21325	-0.02	0.0000			428.3750						
tempe_16_emission_heavy_dqn_reward_inference	SIM_TRAIN	172	77.9	0.0	-32.23	2.42	0.21	21327	-0.01	0.0000			291.5000						
tempe_16_emission_heavy_dqn_reward_inference	REAL_TRAIN	128	165.0	100.0	-328.77	33.34	0.25	19281		-20.9562	queue=1.387;delay=0.0;waiting=0.0;pressure=0.0;switches=0.0;emission=19.5692	final;ckpt	228.2500	6195.4559	2008.5085	116.0000	5958.0000	1.0000	queue=27.7405;delay=3.9787;waiting=27645.1164;pressure=777.6833;switches=6.8056;emission=97.8459
tempe_16_emission_heavy_dqn_reward_inference	SIM_TRAIN	173	78.0	0.0	-32.61	2.45	0.21	21318	-0.02	0.0000			504.5625						
tempe_16_emission_heavy_dqn_reward_inference	SIM_TRAIN	174	78.0	0.0	-32.60	2.46	0.21	21326	-0.02	0.0000			712.6250						
tempe_16_emission_heavy_dqn_reward_inference	REAL_TRAIN	130	84.8	100.0	-38.15	3.44	0.21	20835		-12.9881	queue=0.1763;delay=0.0;waiting=0.0;pressure=0.0;switches=0.0;emission=12.8118	final;ckpt	190.9375	3802.2945	1232.6567	163.0000	6147.0000	3.0000	queue=3.5268;delay=3.4299;waiting=338.248;pressure=159.8;switches=9.125;emission=64.0588
tempe_16_emission_heavy_dqn_reward_inference	SIM_TRAIN	175	78.1	0.0	-33.07	2.48	0.21	21322	-0.02	0.0000			414.5000						
tempe_16_emission_heavy_dqn_reward_inference	SIM_TRAIN	176	77.8	0.0	-32.05	2.41	0.21	21329	-0.01	0.0000			332.8125						
tempe_16_emission_heavy_dqn_reward_inference	REAL_TRAIN	132	83.6	100.0	-36.67	3.52	0.21	20766		-12.7676	queue=0.1712;delay=0.0;waiting=0.0;pressure=0.0;switches=0.0;emission=12.5963	final;ckpt	117.1250	3752.8723	1216.6346	132.0000	5963.0000	1.0000	queue=3.4249;delay=3.3104;waiting=162.0854;pressure=156.2806;switches=9.5889;emission=62.9817
tempe_16_emission_heavy_dqn_reward_inference	SIM_TRAIN	177	77.9	0.0	-32.31	2.44	0.21	21329	-0.01	0.0000			604.1875						
tempe_16_emission_heavy_dqn_reward_inference	SIM_TRAIN	178	77.9	0.0	-32.36	2.43	0.21	21322	-0.01	0.0000			386.8750						
tempe_16_emission_heavy_dqn_reward_inference	REAL_TRAIN	134	119.7	100.0	-170.12	17.33	0.22	20155		-16.3492	queue=0.7258;delay=0.0;waiting=0.0;pressure=0.0;switches=0.0;emission=15.6234	final;ckpt	104.9375	4858.6538	1575.1238	109.0000	5864.0000	4.0000	queue=14.5156;delay=3.5821;waiting=11234.6069;pressure=467.7417;switches=7.4667;emission=78.1172
tempe_16_emission_heavy_dqn_reward_inference	SIM_TRAIN	179	78.1	0.0	-32.93	2.48	0.21	21327	-0.02	0.0000			628.0625						
tempe_16_emission_heavy_dqn_reward_inference	SIM_TRAIN	180	78.0	0.0	-32.68	2.43	0.21	21328	-0.02	0.0000			282.5000						
tempe_16_emission_heavy_dqn_reward_inference	REAL_TRAIN	136	138.2	100.0	-219.02	22.86	0.22	19964		-18.0219	queue=0.931;delay=0.0;waiting=0.0;pressure=0.0;switches=0.0;emission=17.0909	final;ckpt	81.0000	5432.7220	1761.2331	114.0000	6513.0000	0.0000	queue=18.6208;delay=3.4531;waiting=18742.141;pressure=607.1167;switches=8.2694;emission=85.4545
tempe_16_emission_heavy_dqn_reward_inference	SIM_TRAIN	181	77.8	0.0	-31.87	2.39	0.21	21330	-0.01	0.0000			255.2500						
tempe_16_emission_heavy_dqn_reward_inference	SIM_TRAIN	182	77.8	0.0	-31.82	2.40	0.21	21321	-0.01	0.0000			373.3125						
tempe_16_emission_heavy_dqn_reward_inference	REAL_TRAIN	138	135.0	100.0	-210.03	21.87	0.22	19977		-17.6723	queue=0.8923;delay=0.0;waiting=0.0;pressure=0.0;switches=0.0;emission=16.78	final;ckpt	62.6875	5328.1882	1727.3441	94.0000	5611.0000	6.0000	queue=17.8459;delay=3.5938;waiting=17136.1818;pressure=583.3472;switches=7.3444;emission=83.9
tempe_16_emission_heavy_dqn_reward_inference	SIM_TRAIN	183	77.7	0.0	-31.49	2.37	0.21	21327	-0.01	0.0000			231.4375						
tempe_16_emission_heavy_dqn_reward_inference	SIM_TRAIN	184	77.9	0.0	-32.28	2.44	0.21	21333	-0.01	0.0000			256.6250						
tempe_16_emission_heavy_dqn_reward_inference	REAL_TRAIN	140	87.4	100.0	-38.30	3.94	0.21	20811		-13.0201	queue=0.1756;delay=0.0;waiting=0.0;pressure=0.0;switches=0.0;emission=12.8445	final;ckpt	142.1875	3885.9854	1259.7888	101.0000	5840.0000	3.0000	queue=3.5118;delay=3.2922;waiting=135.8374;pressure=180.3111;switches=8.0389;emission=64.2225
tempe_16_emission_heavy_dqn_reward_inference	SIM_TRAIN	185	77.9	0.0	-32.38	2.44	0.21	21319	-0.01	0.0000			430.5625						
tempe_16_emission_heavy_dqn_reward_inference	SIM_TRAIN	186	78.3	0.0	-33.83	2.54	0.21	21326	-0.02	0.0000			474.0625						
tempe_16_emission_heavy_dqn_reward_inference	REAL_TRAIN	142	92.9	100.0	-47.78	4.94	0.21	20906		-13.7149	queue=0.2158;delay=0.0;waiting=0.0;pressure=0.0;switches=0.0;emission=13.499	final;ckpt	184.5625	4101.6121	1329.6929	137.0000	7419.0000	4.0000	queue=4.3167;delay=3.3247;waiting=186.9763;pressure=196.9139;switches=8.9778;emission=67.4952
tempe_16_emission_heavy_dqn_reward_inference	SIM_TRAIN	187	77.8	0.0	-31.71	2.40	0.21	21313	-0.01	0.0000			288.5625						
tempe_16_emission_heavy_dqn_reward_inference	SIM_TRAIN	188	78.0	0.0	-32.33	2.46	0.21	21328	-0.01	0.0000			183.2500						
tempe_16_emission_heavy_dqn_reward_inference	REAL_TRAIN	144	85.1	100.0	-41.15	3.63	0.22	20891		-13.1268	queue=0.189;delay=0.0;waiting=0.0;pressure=0.0;switches=0.0;emission=12.9377	final;ckpt	168.3750	3825.9526	1240.3263	159.0000	7153.0000	5.0000	queue=3.7806;delay=3.5416;waiting=450.1003;pressure=162.0972;switches=9.8528;emission=64.6886
tempe_16_emission_heavy_dqn_reward_inference	SIM_TRAIN	189	77.9	0.0	-32.37	2.44	0.21	21325	-0.02	0.0000			261.4375						
tempe_16_emission_heavy_dqn_reward_inference	SIM_TRAIN	190	78.0	0.0	-32.88	2.48	0.21	21327	-0.02	0.0000			391.5625						
tempe_16_emission_heavy_dqn_reward_inference	REAL_TRAIN	146	81.7	100.0	-29.12	2.77	0.20	20840		-12.5145	queue=0.1378;delay=0.0;waiting=0.0;pressure=0.0;switches=0.0;emission=12.3767	final;ckpt	95.8750	3686.4371	1195.0968	121.0000	5344.0000	3.0000	queue=2.7566;delay=3.204;waiting=50.2962;pressure=143.1361;switches=8.5333;emission=61.8833
tempe_16_emission_heavy_dqn_reward_inference	SIM_TRAIN	191	77.8	0.0	-31.86	2.41	0.21	21331	-0.01	0.0000			445.7500						
tempe_16_emission_heavy_dqn_reward_inference	SIM_TRAIN	192	77.6	0.0	-30.98	2.34	0.21	21328	-0.01	0.0000			472.6875						
tempe_16_emission_heavy_dqn_reward_inference	REAL_TRAIN	148	102.9	100.0	-103.58	9.92	0.24	20430		-14.9058	queue=0.4485;delay=0.0;waiting=0.0;pressure=0.0;switches=0.0;emission=14.4573	final;ckpt	108.3125	4373.3830	1417.8004	121.0000	6653.0000	6.0000	queue=8.9706;delay=3.8776;waiting=2972.0072;pressure=278.6611;switches=8.5389;emission=72.2865
tempe_16_emission_heavy_dqn_reward_inference	SIM_TRAIN	193	77.8	0.0	-31.89	2.40	0.21	21334	-0.01	0.0000			389.0000						
tempe_16_emission_heavy_dqn_reward_inference	SIM_TRAIN	194	77.5	0.0	-30.50	2.31	0.21	21327	-0.01	0.0000			384.5625						
tempe_16_emission_heavy_dqn_reward_inference	REAL_TRAIN	150	85.1	100.0	-44.61	3.55	0.24	20885		-13.2444	queue=0.2009;delay=0.0;waiting=0.0;pressure=0.0;switches=0.0;emission=13.0435	final;ckpt	135.5625	3817.6704	1237.6414	135.0000	6811.0000	5.0000	queue=4.0178;delay=3.7664;waiting=168.7644;pressure=159.6583;switches=8.0972;emission=65.2177
tempe_16_emission_heavy_dqn_reward_inference	SIM_TRAIN	195	77.7	0.0	-31.52	2.40	0.21	21327	-0.01	0.0000			277.6875						
tempe_16_emission_heavy_dqn_reward_inference	SIM_TRAIN	196	77.7	0.0	-31.30	2.38	0.21	21332	-0.01	0.0000			295.7500						
tempe_16_emission_heavy_dqn_reward_inference	REAL_TRAIN	152	87.2	100.0	-36.14	3.73	0.20	20793		-12.9834	queue=0.1672;delay=0.0;waiting=0.0;pressure=0.0;switches=0.0;emission=12.8162	final;ckpt	134.2500	3876.3419	1256.6624	118.0000	6030.0000	0.0000	queue=3.344;delay=3.2055;waiting=86.4849;pressure=174.1167;switches=8.5333;emission=64.0808
tempe_16_emission_heavy_dqn_reward_inference	SIM_TRAIN	197	77.7	0.0	-31.42	2.38	0.21	21324	-0.01	0.0000			408.1250						
tempe_16_emission_heavy_dqn_reward_inference	SIM_TRAIN	198	77.6	0.0	-31.29	2.35	0.21	21332	-0.01	0.0000			465.4375						
tempe_16_emission_heavy_dqn_reward_inference	REAL_TRAIN	154	86.3	100.0	-36.94	3.65	0.21	20843		-12.9706	queue=0.1707;delay=0.0;waiting=0.0;pressure=0.0;switches=0.0;emission=12.7998	final;ckpt	152.8125	3850.4397	1248.2651	104.0000	5921.0000	3.0000	queue=3.4145;delay=3.3378;waiting=91.1105;pressure=172.0806;switches=8.4778;emission=63.9992
tempe_16_emission_heavy_dqn_reward_inference	SIM_TRAIN	199	77.7	0.0	-31.56	2.37	0.21	21328	-0.01	0.0000			250.9375						
tempe_16_emission_heavy_dqn_reward_inference	REAL_TRAIN	155	84.8	100.0	-40.97	3.50	0.22	20845		-13.0977	queue=0.1894;delay=0.0;waiting=0.0;pressure=0.0;switches=0.0;emission=12.9083	final;ckpt	137.5625	3805.0663	1233.5552	120.0000	6904.0000	2.0000	queue=3.7881;delay=3.4923;waiting=423.0826;pressure=158.0861;switches=10.2639;emission=64.5414
tempe_16_emission_heavy_dqn_reward_inference	REAL_TEST	0	81.7	100.0	-29.12	2.77	0.20	20840		-12.5145	queue=0.1378;delay=0.0;waiting=0.0;pressure=0.0;switches=0.0;emission=12.3767		95.8750	3686.4371	1195.0968	121.0000	5344.0000	3.0000	queue=2.7566;delay=3.204;waiting=50.2962;pressure=143.1361;switches=8.5333;emission=61.8833
