cologne1_dz100_presslight_domain_randomization	REAL_TEST	3	56.9	100.0	-20.74	11.10	0.41	1993
cologne1_dz100_presslight_domain_randomization	REAL_TEST	6	104.5	100.0	-48.01	39.53	0.52	1987
cologne1_dz100_presslight_domain_randomization	REAL_TEST	9	60.3	100.0	-20.80	11.12	0.44	1995
cologne1_dz100_presslight_domain_randomization	REAL_TEST	12	64.8	100.0	-22.65	12.95	0.46	1994
cologne1_dz100_presslight_domain_randomization	REAL_TEST	15	53.5	100.0	-18.63	8.96	0.41	1997
cologne1_dz100_presslight_domain_randomization	REAL_TEST	18	57.7	100.0	-19.46	9.85	0.41	1996
cologne1_dz100_presslight_domain_randomization	REAL_TEST	21	60.0	100.0	-21.03	11.28	0.45	1996
cologne1_dz100_presslight_domain_randomization	REAL_TEST	24	61.6	100.0	-20.87	11.22	0.46	1996
cologne1_dz100_presslight_domain_randomization	REAL_TEST	27	91.9	100.0	-40.41	31.60	0.50	1956
cologne1_dz100_presslight_domain_randomization	REAL_TEST	30	62.1	100.0	-21.80	12.33	0.44	1998
cologne1_dz100_presslight_domain_randomization	REAL_TEST	33	65.1	100.0	-21.79	12.27	0.45	1997
cologne1_dz100_presslight_domain_randomization	REAL_TEST	36	87.3	100.0	-38.19	29.44	0.46	1993
cologne1_dz100_presslight_domain_randomization	REAL_TEST	39	65.5	100.0	-23.61	14.46	0.44	1992
cologne1_dz100_presslight_domain_randomization	REAL_TEST	42	60.8	100.0	-21.03	11.65	0.43	1995
cologne1_dz100_presslight_domain_randomization	REAL_TEST	45	82.8	100.0	-35.53	26.43	0.48	1986
cologne1_dz100_presslight_domain_randomization	REAL_TEST	48	62.8	100.0	-23.53	14.12	0.43	1996
cologne1_dz100_presslight_domain_randomization	REAL_TEST	51	55.3	100.0	-19.21	9.59	0.41	1995
cologne1_dz100_presslight_domain_randomization	REAL_TEST	54	54.0	100.0	-18.02	8.40	0.40	1997
cologne1_dz100_presslight_domain_randomization	REAL_TEST	57	56.0	100.0	-19.73	10.24	0.41	1994
cologne1_dz100_presslight_domain_randomization	REAL_TEST	60	56.0	100.0	-20.00	10.30	0.42	1997
cologne1_dz100_presslight_domain_randomization	REAL_TEST	63	56.9	100.0	-20.31	10.74	0.42	1995
cologne1_dz100_presslight_domain_randomization	REAL_TEST	66	57.0	100.0	-20.47	10.84	0.42	1991
cologne1_dz100_presslight_domain_randomization	REAL_TEST	69	173.4	100.0	-75.53	67.94	0.68	1570
cologne1_dz100_presslight_domain_randomization	REAL_TEST	72	55.2	100.0	-19.01	9.25	0.42	1997
cologne1_dz100_presslight_domain_randomization	REAL_TEST	75	61.2	100.0	-22.57	12.89	0.43	1993
cologne1_dz100_presslight_domain_randomization	REAL_TEST	78	52.9	100.0	-18.48	8.86	0.39	1997
cologne1_dz100_presslight_domain_randomization	REAL_TEST	81	54.1	100.0	-18.84	9.25	0.40	1998
cologne1_dz100_presslight_domain_randomization	REAL_TEST	84	57.4	100.0	-20.59	11.06	0.42	1995
cologne1_dz100_presslight_domain_randomization	REAL_TEST	87	59.8	100.0	-21.74	12.13	0.43	1995
cologne1_dz100_presslight_domain_randomization	REAL_TEST	90	58.7	100.0	-21.79	12.24	0.42	1991
cologne1_dz100_presslight_domain_randomization	REAL_TEST	93	59.1	100.0	-21.86	12.37	0.43	1996
cologne1_dz100_presslight_domain_randomization	REAL_TEST	96	59.4	100.0	-21.50	11.92	0.42	1996
cologne1_dz100_presslight_domain_randomization	REAL_TEST	99	60.8	100.0	-22.96	13.55	0.44	1996
cologne1_dz100_presslight_domain_randomization	REAL_TEST	102	59.8	100.0	-22.00	12.64	0.44	1990
cologne1_dz100_presslight_domain_randomization	REAL_TEST	105	58.5	100.0	-21.29	11.87	0.42	1996
cologne1_dz100_presslight_domain_randomization	REAL_TEST	108	56.5	100.0	-20.43	10.89	0.41	1996
cologne1_dz100_presslight_domain_randomization	REAL_TEST	111	58.2	100.0	-21.19	11.51	0.42	1997
cologne1_dz100_presslight_domain_randomization	REAL_TEST	114	54.5	100.0	-19.26	9.79	0.40	1997
cologne1_dz100_presslight_domain_randomization	REAL_TEST	117	57.1	100.0	-20.76	11.11	0.40	1995
cologne1_dz100_presslight_domain_randomization	REAL_TEST	120	69.5	100.0	-26.57	17.54	0.48	1817
cologne1_dz100_presslight_domain_randomization	REAL_TEST	123	571.1	100.0	-129.62	125.25	0.89	805
cologne1_dz100_presslight_domain_randomization	REAL_TEST	126	56.0	100.0	-19.63	9.93	0.40	1997
cologne1_dz100_presslight_domain_randomization	REAL_TEST	129	56.0	100.0	-19.83	10.23	0.40	1998
cologne1_dz100_presslight_domain_randomization	REAL_TEST	132	55.2	100.0	-19.33	9.64	0.40	1997
cologne1_dz100_presslight_domain_randomization	REAL_TEST	135	68.2	100.0	-26.18	16.60	0.48	1998
cologne1_dz100_presslight_domain_randomization	REAL_TEST	138	58.1	100.0	-21.01	11.36	0.43	1997
cologne1_dz100_presslight_domain_randomization	REAL_TEST	141	55.8	100.0	-19.94	10.25	0.40	1994
cologne1_dz100_presslight_domain_randomization	REAL_TEST	144	55.8	100.0	-19.83	10.15	0.41	1998
cologne1_dz100_presslight_domain_randomization	REAL_TEST	147	55.9	100.0	-19.88	10.26	0.41	1996
cologne1_dz100_presslight_domain_randomization	REAL_TEST	150	57.8	100.0	-20.74	11.07	0.42	1995
cologne1_dz100_presslight_domain_randomization	REAL_TEST	153	57.4	100.0	-20.73	11.03	0.42	1996
cologne1_dz100_presslight_domain_randomization	REAL_TEST	156	62.3	100.0	-23.17	13.65	0.43	1998
cologne1_dz100_presslight_domain_randomization	REAL_TEST	159	60.4	100.0	-21.79	12.25	0.43	1996
cologne1_dz100_presslight_domain_randomization	REAL_TEST	162	60.6	100.0	-22.31	12.80	0.43	1998
cologne1_dz100_presslight_domain_randomization	REAL_TEST	165	62.1	100.0	-22.70	13.14	0.43	1998
cologne1_dz100_presslight_domain_randomization	REAL_TEST	168	59.7	100.0	-21.94	12.37	0.41	1998
cologne1_dz100_presslight_domain_randomization	REAL_TEST	171	59.4	100.0	-22.02	12.47	0.42	1997
cologne1_dz100_presslight_domain_randomization	REAL_TEST	174	2226.2	100.0	-185.83	184.77	0.94	113
cologne1_dz100_presslight_domain_randomization	REAL_TEST	177	57.7	100.0	-19.79	10.08	0.41	1997
cologne1_dz100_presslight_domain_randomization	REAL_TEST	180	98.2	100.0	-43.88	35.20	0.51	1995
cologne1_dz100_presslight_domain_randomization	REAL_TEST	183	76.2	100.0	-31.40	22.13	0.48	1997
cologne1_dz100_presslight_domain_randomization	REAL_TEST	186	89.9	100.0	-39.83	30.93	0.52	1994
cologne1_dz100_presslight_domain_randomization	REAL_TEST	189	91.1	100.0	-40.02	31.32	0.51	1995
cologne1_dz100_presslight_domain_randomization	REAL_TEST	192	109.9	100.0	-50.87	42.35	0.50	1997
cologne1_dz100_presslight_domain_randomization	REAL_TEST	195	69.1	100.0	-27.78	18.66	0.45	1997
cologne1_dz100_presslight_domain_randomization	REAL_TEST	198	128.9	100.0	-61.36	53.16	0.55	1995
cologne1_dz100_presslight_domain_randomization	REAL_TEST	201	69.4	100.0	-27.47	18.21	0.46	1997
cologne1_dz100_presslight_domain_randomization	REAL_TEST	204	86.2	100.0	-37.54	28.55	0.49	1992
cologne1_dz100_presslight_domain_randomization	REAL_TEST	207	119.0	100.0	-56.29	48.25	0.53	1998
cologne1_dz100_presslight_domain_randomization	REAL_TEST	210	126.6	100.0	-60.70	52.53	0.55	1995
cologne1_dz100_presslight_domain_randomization	REAL_TEST	213	288.8	100.0	-122.04	117.06	0.57	1457
cologne1_dz100_presslight_domain_randomization	REAL_TEST	216	374.8	100.0	-141.43	137.69	0.56	1264
cologne1_dz100_presslight_domain_randomization	REAL_TEST	219	317.2	100.0	-130.22	125.53	0.57	1398
cologne1_dz100_presslight_domain_randomization	REAL_TEST	222	147.0	100.0	-71.35	63.43	0.59	1984
cologne1_dz100_presslight_domain_randomization	REAL_TEST	225	124.2	100.0	-59.19	51.22	0.54	1997
cologne1_dz100_presslight_domain_randomization	REAL_TEST	228	134.2	100.0	-64.66	56.84	0.56	1998
cologne1_dz100_presslight_domain_randomization	REAL_TEST	231	140.7	100.0	-68.26	60.52	0.56	1995
cologne1_dz100_presslight_domain_randomization	REAL_TEST	234	166.7	100.0	-76.37	69.44	0.62	1785
cologne1_dz100_presslight_domain_randomization	REAL_TEST	237	127.9	100.0	-61.05	53.12	0.55	1992
cologne1_dz100_presslight_domain_randomization	REAL_TEST	240	135.5	100.0	-65.61	57.90	0.56	1997
cologne1_dz100_presslight_domain_randomization	REAL_TEST	243	138.1	100.0	-66.73	58.98	0.57	1998
cologne1_dz100_presslight_domain_randomization	REAL_TEST	246	362.8	100.0	-135.03	131.19	0.56	1255
cologne1_dz100_presslight_domain_randomization	REAL_TEST	249	327.4	100.0	-123.04	119.02	0.56	1285
cologne1_dz100_presslight_domain_randomization	REAL_TEST	252	370.8	100.0	-139.40	135.76	0.56	1266
cologne1_dz100_presslight_domain_randomization	REAL_TEST	255	453.0	100.0	-139.95	136.99	0.56	1003
cologne1_dz100_presslight_domain_randomization	REAL_TEST	258	427.7	100.0	-152.49	148.95	0.74	1184
cologne1_dz100_presslight_domain_randomization	REAL_TEST	261	387.4	100.0	-145.01	141.34	0.57	1251
cologne1_dz100_presslight_domain_randomization	REAL_TEST	264	453.0	100.0	-139.95	136.99	0.56	1003
cologne1_dz100_presslight_domain_randomization	REAL_TEST	267	299.0	100.0	-120.64	115.57	0.57	1381
cologne1_dz100_presslight_domain_randomization	REAL_TEST	270	453.9	100.0	-140.60	137.62	0.56	1005
cologne1_dz100_presslight_domain_randomization	REAL_TEST	273	453.0	100.0	-139.95	136.99	0.56	1003
cologne1_dz100_presslight_domain_randomization	REAL_TEST	276	450.4	100.0	-140.23	137.27	0.56	1011
cologne1_dz100_presslight_domain_randomization	REAL_TEST	279	453.0	100.0	-139.95	136.99	0.56	1003
cologne1_dz100_presslight_domain_randomization	REAL_TEST	282	428.3	100.0	-148.84	145.64	0.60	1144
cologne1_dz100_presslight_domain_randomization	REAL_TEST	285	411.3	100.0	-147.46	144.14	0.63	1194
cologne1_dz100_presslight_domain_randomization	REAL_TEST	288	453.0	100.0	-139.95	136.99	0.56	1003
cologne1_dz100_presslight_domain_randomization	REAL_TEST	291	453.9	100.0	-140.60	137.62	0.56	1005
cologne1_dz100_presslight_domain_randomization	REAL_TEST	294	453.0	100.0	-139.95	136.99	0.56	1003
cologne1_dz100_presslight_domain_randomization	REAL_TEST	297	453.0	100.0	-139.95	136.99	0.56	1003
