cologne1_dz20_presslight_domain_randomization	REAL_TEST	3	69.8	100.0	-26.89	17.11	0.45	1997
cologne1_dz20_presslight_domain_randomization	REAL_TEST	6	382.5	100.0	-134.94	131.19	0.56	1171
cologne1_dz20_presslight_domain_randomization	REAL_TEST	9	128.4	100.0	-40.33	32.56	0.50	1513
cologne1_dz20_presslight_domain_randomization	REAL_TEST	12	72.4	100.0	-27.24	17.23	0.45	1998
cologne1_dz20_presslight_domain_randomization	REAL_TEST	15	102.6	100.0	-41.65	32.70	0.52	1865
cologne1_dz20_presslight_domain_randomization	REAL_TEST	18	95.8	100.0	-39.64	30.36	0.52	1922
cologne1_dz20_presslight_domain_randomization	REAL_TEST	21	77.6	100.0	-28.99	19.51	0.48	1943
cologne1_dz20_presslight_domain_randomization	REAL_TEST	24	110.3	100.0	-44.47	35.18	0.55	1888
cologne1_dz20_presslight_domain_randomization	REAL_TEST	27	68.8	100.0	-24.42	14.77	0.44	1997
cologne1_dz20_presslight_domain_randomization	REAL_TEST	30	130.1	100.0	-34.15	26.42	0.47	1480
cologne1_dz20_presslight_domain_randomization	REAL_TEST	33	138.9	100.0	-67.07	59.01	0.54	1949
cologne1_dz20_presslight_domain_randomization	REAL_TEST	36	130.8	100.0	-34.36	26.31	0.49	1557
cologne1_dz20_presslight_domain_randomization	REAL_TEST	39	111.0	100.0	-51.18	42.38	0.49	1962
cologne1_dz20_presslight_domain_randomization	REAL_TEST	42	65.5	100.0	-24.86	15.27	0.42	1997
cologne1_dz20_presslight_domain_randomization	REAL_TEST	45	314.0	100.0	-125.31	120.22	0.58	1359
cologne1_dz20_presslight_domain_randomization	REAL_TEST	48	61.3	100.0	-22.08	12.33	0.41	1997
cologne1_dz20_presslight_domain_randomization	REAL_TEST	51	65.4	100.0	-24.50	14.72	0.42	1998
cologne1_dz20_presslight_domain_randomization	REAL_TEST	54	67.3	100.0	-24.87	14.96	0.44	1997
cologne1_dz20_presslight_domain_randomization	REAL_TEST	57	69.8	100.0	-27.84	18.08	0.43	1998
cologne1_dz20_presslight_domain_randomization	REAL_TEST	60	73.1	100.0	-29.31	19.54	0.46	1991
cologne1_dz20_presslight_domain_randomization	REAL_TEST	63	73.7	100.0	-29.92	20.12	0.46	1987
cologne1_dz20_presslight_domain_randomization	REAL_TEST	66	80.6	100.0	-33.81	24.17	0.49	1986
cologne1_dz20_presslight_domain_randomization	REAL_TEST	69	796.2	100.0	-160.77	157.53	0.90	581
cologne1_dz20_presslight_domain_randomization	REAL_TEST	72	63.7	100.0	-23.64	13.91	0.42	1998
cologne1_dz20_presslight_domain_randomization	REAL_TEST	75	76.8	100.0	-32.26	22.48	0.48	1991
cologne1_dz20_presslight_domain_randomization	REAL_TEST	78	71.3	100.0	-27.76	17.85	0.46	1997
cologne1_dz20_presslight_domain_randomization	REAL_TEST	81	68.5	100.0	-26.55	16.61	0.45	1997
cologne1_dz20_presslight_domain_randomization	REAL_TEST	84	66.3	100.0	-25.69	15.96	0.44	1998
cologne1_dz20_presslight_domain_randomization	REAL_TEST	87	72.8	100.0	-28.88	19.09	0.46	1993
cologne1_dz20_presslight_domain_randomization	REAL_TEST	90	72.6	100.0	-30.05	20.42	0.46	1987
cologne1_dz20_presslight_domain_randomization	REAL_TEST	93	118.0	100.0	-55.45	46.53	0.54	1985
cologne1_dz20_presslight_domain_randomization	REAL_TEST	96	71.9	100.0	-29.12	19.39	0.46	1995
cologne1_dz20_presslight_domain_randomization	REAL_TEST	99	102.9	100.0	-46.90	37.86	0.53	1991
cologne1_dz20_presslight_domain_randomization	REAL_TEST	102	73.9	100.0	-30.22	20.58	0.46	1995
cologne1_dz20_presslight_domain_randomization	REAL_TEST	105	101.7	100.0	-45.84	36.59	0.53	1987
cologne1_dz20_presslight_domain_randomization	REAL_TEST	108	70.7	100.0	-28.17	18.31	0.45	1995
cologne1_dz20_presslight_domain_randomization	REAL_TEST	111	74.9	100.0	-29.36	19.70	0.47	1997
cologne1_dz20_presslight_domain_randomization	REAL_TEST	114	64.4	100.0	-24.18	14.22	0.43	1997
cologne1_dz20_presslight_domain_randomization	REAL_TEST	117	1182.5	100.0	-141.99	139.45	0.92	341
cologne1_dz20_presslight_domain_randomization	REAL_TEST	120	106.0	100.0	-47.43	38.09	0.56	1991
cologne1_dz20_presslight_domain_randomization	REAL_TEST	123	1586.0	100.0	-173.79	171.88	0.93	225
cologne1_dz20_presslight_domain_randomization	REAL_TEST	126	72.8	100.0	-28.13	18.27	0.47	1994
cologne1_dz20_presslight_domain_randomization	REAL_TEST	129	62.8	100.0	-23.39	13.63	0.43	1997
cologne1_dz20_presslight_domain_randomization	REAL_TEST	132	60.2	100.0	-22.16	12.39	0.42	1997
cologne1_dz20_presslight_domain_randomization	REAL_TEST	135	99.8	100.0	-42.03	32.64	0.57	1932
cologne1_dz20_presslight_domain_randomization	REAL_TEST	138	67.9	100.0	-26.12	16.23	0.45	1998
cologne1_dz20_presslight_domain_randomization	REAL_TEST	141	76.1	100.0	-31.37	21.74	0.46	1997
cologne1_dz20_presslight_domain_randomization	REAL_TEST	144	65.7	100.0	-25.26	15.55	0.44	1994
cologne1_dz20_presslight_domain_randomization	REAL_TEST	147	65.8	100.0	-24.32	14.47	0.44	1997
cologne1_dz20_presslight_domain_randomization	REAL_TEST	150	67.5	100.0	-25.94	16.24	0.45	1997
cologne1_dz20_presslight_domain_randomization	REAL_TEST	153	77.5	100.0	-32.31	22.58	0.47	1994
cologne1_dz20_presslight_domain_randomization	REAL_TEST	156	71.1	100.0	-28.06	18.28	0.46	1994
cologne1_dz20_presslight_domain_randomization	REAL_TEST	159	69.8	100.0	-27.08	17.24	0.44	1993
cologne1_dz20_presslight_domain_randomization	REAL_TEST	162	64.5	100.0	-23.76	14.09	0.43	1994
cologne1_dz20_presslight_domain_randomization	REAL_TEST	165	62.7	100.0	-22.79	12.99	0.42	1995
cologne1_dz20_presslight_domain_randomization	REAL_TEST	168	62.5	100.0	-22.58	12.71	0.42	1998
cologne1_dz20_presslight_domain_randomization	REAL_TEST	171	78.9	100.0	-32.65	22.94	0.46	1994
cologne1_dz20_presslight_domain_randomization	REAL_TEST	174	2375.7	100.0	-186.92	185.97	0.95	91
cologne1_dz20_presslight_domain_randomization	REAL_TEST	177	66.2	100.0	-24.53	14.82	0.43	1996
cologne1_dz20_presslight_domain_randomization	REAL_TEST	180	189.1	100.0	-88.58	81.43	0.59	1735
cologne1_dz20_presslight_domain_randomization	REAL_TEST	183	67.0	100.0	-26.74	17.11	0.45	1993
cologne1_dz20_presslight_domain_randomization	REAL_TEST	186	111.7	100.0	-51.89	43.17	0.54	1996
cologne1_dz20_presslight_domain_randomization	REAL_TEST	189	83.9	100.0	-36.38	27.19	0.48	1993
cologne1_dz20_presslight_domain_randomization	REAL_TEST	192	131.9	100.0	-63.06	54.76	0.53	1958
cologne1_dz20_presslight_domain_randomization	REAL_TEST	195	121.5	100.0	-57.12	48.67	0.54	1983
cologne1_dz20_presslight_domain_randomization	REAL_TEST	198	108.4	100.0	-49.98	41.36	0.52	1998
cologne1_dz20_presslight_domain_randomization	REAL_TEST	201	66.0	100.0	-26.25	16.65	0.44	1997
cologne1_dz20_presslight_domain_randomization	REAL_TEST	204	110.3	100.0	-50.96	42.29	0.52	1997
cologne1_dz20_presslight_domain_randomization	REAL_TEST	207	122.6	100.0	-57.99	49.53	0.55	1996
cologne1_dz20_presslight_domain_randomization	REAL_TEST	210	295.4	100.0	-121.16	116.04	0.58	1408
cologne1_dz20_presslight_domain_randomization	REAL_TEST	213	118.6	100.0	-55.78	47.32	0.55	1997
cologne1_dz20_presslight_domain_randomization	REAL_TEST	216	275.7	100.0	-104.29	99.61	0.57	1335
cologne1_dz20_presslight_domain_randomization	REAL_TEST	219	225.9	100.0	-109.64	102.69	0.59	1756
cologne1_dz20_presslight_domain_randomization	REAL_TEST	222	118.5	100.0	-55.57	46.96	0.56	1984
cologne1_dz20_presslight_domain_randomization	REAL_TEST	225	134.1	100.0	-64.09	55.92	0.56	1970
cologne1_dz20_presslight_domain_randomization	REAL_TEST	228	114.0	100.0	-53.20	44.54	0.54	1985
cologne1_dz20_presslight_domain_randomization	REAL_TEST	231	115.6	100.0	-53.80	45.26	0.55	1987
cologne1_dz20_presslight_domain_randomization	REAL_TEST	234	277.5	100.0	-104.59	99.80	0.57	1330
cologne1_dz20_presslight_domain_randomization	REAL_TEST	237	280.0	100.0	-104.64	99.98	0.58	1318
cologne1_dz20_presslight_domain_randomization	REAL_TEST	240	131.9	100.0	-62.89	54.33	0.58	1975
cologne1_dz20_presslight_domain_randomization	REAL_TEST	243	112.6	100.0	-52.36	43.69	0.54	1996
cologne1_dz20_presslight_domain_randomization	REAL_TEST	246	118.0	100.0	-55.55	47.05	0.53	1994
cologne1_dz20_presslight_domain_randomization	REAL_TEST	249	115.3	100.0	-54.03	45.52	0.54	1998
cologne1_dz20_presslight_domain_randomization	REAL_TEST	252	296.1	100.0	-113.19	108.51	0.58	1331
cologne1_dz20_presslight_domain_randomization	REAL_TEST	255	115.5	100.0	-54.24	45.68	0.54	1997
cologne1_dz20_presslight_domain_randomization	REAL_TEST	258	386.2	100.0	-150.36	146.68	0.73	1342
cologne1_dz20_presslight_domain_randomization	REAL_TEST	261	116.5	100.0	-54.85	46.40	0.53	1993
cologne1_dz20_presslight_domain_randomization	REAL_TEST	264	118.3	100.0	-55.76	47.16	0.54	1993
cologne1_dz20_presslight_domain_randomization	REAL_TEST	267	1506.5	100.0	-180.23	178.64	0.92	269
cologne1_dz20_presslight_domain_randomization	REAL_TEST	270	120.0	100.0	-56.47	47.94	0.55	1998
cologne1_dz20_presslight_domain_randomization	REAL_TEST	273	120.8	100.0	-57.08	48.67	0.54	1993
cologne1_dz20_presslight_domain_randomization	REAL_TEST	276	301.6	100.0	-122.21	117.23	0.60	1388
cologne1_dz20_presslight_domain_randomization	REAL_TEST	279	115.4	100.0	-54.17	45.76	0.54	1994
cologne1_dz20_presslight_domain_randomization	REAL_TEST	282	321.3	100.0	-128.83	123.85	0.60	1366
cologne1_dz20_presslight_domain_randomization	REAL_TEST	285	352.6	100.0	-145.58	141.26	0.68	1413
cologne1_dz20_presslight_domain_randomization	REAL_TEST	288	124.3	100.0	-59.16	50.83	0.55	1984
cologne1_dz20_presslight_domain_randomization	REAL_TEST	291	123.8	100.0	-58.80	50.43	0.54	1993
cologne1_dz20_presslight_domain_randomization	REAL_TEST	294	324.1	100.0	-118.88	114.83	0.57	1256
cologne1_dz20_presslight_domain_randomization	REAL_TEST	297	290.7	100.0	-108.93	104.48	0.57	1311
