cologne3_sensor20_dqn_latent_observation	REAL_TEST	2	1326.1	100.0	-196.37	29.98	0.57	552
cologne3_sensor20_dqn_latent_observation	REAL_TEST	4	1067.5	100.0	-226.32	37.02	0.54	808
cologne3_sensor20_dqn_latent_observation	REAL_TEST	6	1038.5	100.0	-277.44	48.51	0.61	862
cologne3_sensor20_dqn_latent_observation	REAL_TEST	8	1383.7	100.0	-290.29	46.75	0.63	559
cologne3_sensor20_dqn_latent_observation	REAL_TEST	10	1038.5	100.0	-309.49	49.48	0.65	862
cologne3_sensor20_dqn_latent_observation	REAL_TEST	12	1381.2	100.0	-294.39	47.92	0.61	559
cologne3_sensor20_dqn_latent_observation	REAL_TEST	14	1300.3	100.0	-370.06	52.40	0.75	611
cologne3_sensor20_dqn_latent_observation	REAL_TEST	16	863.0	100.0	-324.98	46.99	0.71	919
cologne3_sensor20_dqn_latent_observation	REAL_TEST	18	1465.7	100.0	-271.19	41.75	0.64	436
cologne3_sensor20_dqn_latent_observation	REAL_TEST	20	357.9	100.0	-256.33	37.91	0.58	1903
cologne3_sensor20_dqn_latent_observation	REAL_TEST	22	812.5	100.0	-233.29	31.51	0.55	1171
cologne3_sensor20_dqn_latent_observation	REAL_TEST	24	1212.3	100.0	-232.58	31.10	0.50	680
cologne3_sensor20_dqn_latent_observation	REAL_TEST	26	775.6	100.0	-238.87	31.77	0.55	1162
cologne3_sensor20_dqn_latent_observation	REAL_TEST	28	173.5	100.0	-102.23	16.29	0.44	2733
cologne3_sensor20_dqn_latent_observation	REAL_TEST	30	342.5	100.0	-167.86	25.26	0.48	2065
cologne3_sensor20_dqn_latent_observation	REAL_TEST	32	303.5	100.0	-56.63	9.12	0.42	1979
cologne3_sensor20_dqn_latent_observation	REAL_TEST	34	719.3	100.0	-265.97	37.97	0.63	1201
cologne3_sensor20_dqn_latent_observation	REAL_TEST	36	819.5	100.0	-207.50	31.97	0.49	1036
cologne3_sensor20_dqn_latent_observation	REAL_TEST	38	651.8	100.0	-243.92	33.47	0.58	1287
cologne3_sensor20_dqn_latent_observation	REAL_TEST	40	693.8	100.0	-249.10	33.58	0.54	1237
cologne3_sensor20_dqn_latent_observation	REAL_TEST	42	933.9	100.0	-288.07	44.17	0.62	911
cologne3_sensor20_dqn_latent_observation	REAL_TEST	44	723.8	100.0	-265.59	38.35	0.60	1135
cologne3_sensor20_dqn_latent_observation	REAL_TEST	46	721.5	100.0	-297.52	43.32	0.62	1143
cologne3_sensor20_dqn_latent_observation	REAL_TEST	48	748.6	100.0	-276.80	42.16	0.63	1119
cologne3_sensor20_dqn_latent_observation	REAL_TEST	50	124.0	100.0	-3.85	0.79	0.11	2597
cologne3_sensor20_dqn_latent_observation	REAL_TEST	52	125.1	100.0	-71.81	12.16	0.37	2777
cologne3_sensor20_dqn_latent_observation	REAL_TEST	54	139.3	100.0	-64.32	10.95	0.34	2759
cologne3_sensor20_dqn_latent_observation	REAL_TEST	56	82.6	100.0	-15.77	2.32	0.26	2743
cologne3_sensor20_dqn_latent_observation	REAL_TEST	58	137.1	100.0	-42.80	7.34	0.29	2744
cologne3_sensor20_dqn_latent_observation	REAL_TEST	60	91.0	100.0	-15.73	2.34	0.21	2744
cologne3_sensor20_dqn_latent_observation	REAL_TEST	62	115.3	100.0	-69.65	11.76	0.45	2762
cologne3_sensor20_dqn_latent_observation	REAL_TEST	64	95.8	100.0	-40.30	6.54	0.36	2775
cologne3_sensor20_dqn_latent_observation	REAL_TEST	66	406.5	100.0	-99.16	16.23	0.32	1822
cologne3_sensor20_dqn_latent_observation	REAL_TEST	68	178.3	100.0	-45.27	8.49	0.34	2202
cologne3_sensor20_dqn_latent_observation	REAL_TEST	70	182.9	100.0	-62.39	10.68	0.27	2438
cologne3_sensor20_dqn_latent_observation	REAL_TEST	72	170.5	100.0	-20.11	3.24	0.25	2430
cologne3_sensor20_dqn_latent_observation	REAL_TEST	74	136.6	100.0	-58.90	9.42	0.34	2589
cologne3_sensor20_dqn_latent_observation	REAL_TEST	76	428.3	100.0	-151.89	23.94	0.44	1649
cologne3_sensor20_dqn_latent_observation	REAL_TEST	78	197.1	100.0	-92.68	15.20	0.43	2377
cologne3_sensor20_dqn_latent_observation	REAL_TEST	80	125.0	100.0	-39.42	6.74	0.26	2771
cologne3_sensor20_dqn_latent_observation	REAL_TEST	82	121.2	100.0	-63.53	9.34	0.37	2715
cologne3_sensor20_dqn_latent_observation	REAL_TEST	84	468.0	100.0	-97.58	18.28	0.44	1546
cologne3_sensor20_dqn_latent_observation	REAL_TEST	86	298.5	100.0	-125.66	20.52	0.45	2044
cologne3_sensor20_dqn_latent_observation	REAL_TEST	88	445.9	100.0	-96.04	19.64	0.40	1583
cologne3_sensor20_dqn_latent_observation	REAL_TEST	90	78.4	100.0	-13.27	2.56	0.21	2767
cologne3_sensor20_dqn_latent_observation	REAL_TEST	92	77.2	100.0	-12.55	2.39	0.22	2767
cologne3_sensor20_dqn_latent_observation	REAL_TEST	94	443.9	100.0	-87.39	17.86	0.39	1635
cologne3_sensor20_dqn_latent_observation	REAL_TEST	96	558.1	100.0	-84.09	16.77	0.40	1355
cologne3_sensor20_dqn_latent_observation	REAL_TEST	98	90.7	100.0	-26.02	4.00	0.29	2813
cologne3_sensor20_dqn_latent_observation	REAL_TEST	100	134.2	100.0	-38.93	5.23	0.30	2678
cologne3_sensor20_dqn_latent_observation	REAL_TEST	102	639.7	100.0	-97.36	20.06	0.43	1256
cologne3_sensor20_dqn_latent_observation	REAL_TEST	104	78.3	100.0	-20.11	2.98	0.30	2806
cologne3_sensor20_dqn_latent_observation	REAL_TEST	106	84.6	100.0	-21.60	3.64	0.26	2807
cologne3_sensor20_dqn_latent_observation	REAL_TEST	108	182.6	100.0	-33.23	5.61	0.18	2513
cologne3_sensor20_dqn_latent_observation	REAL_TEST	110	117.7	100.0	-37.31	7.98	0.27	2722
cologne3_sensor20_dqn_latent_observation	REAL_TEST	112	513.0	100.0	-100.89	19.03	0.48	1461
cologne3_sensor20_dqn_latent_observation	REAL_TEST	114	334.6	100.0	-196.26	29.69	0.48	2017
cologne3_sensor20_dqn_latent_observation	REAL_TEST	116	80.1	100.0	-15.79	2.55	0.22	2812
cologne3_sensor20_dqn_latent_observation	REAL_TEST	118	425.4	100.0	-97.05	15.38	0.28	1730
cologne3_sensor20_dqn_latent_observation	REAL_TEST	120	210.9	100.0	-69.28	13.29	0.36	2511
cologne3_sensor20_dqn_latent_observation	REAL_TEST	122	590.3	100.0	-164.23	24.82	0.42	1417
cologne3_sensor20_dqn_latent_observation	REAL_TEST	124	188.3	100.0	-120.29	17.65	0.42	2345
cologne3_sensor20_dqn_latent_observation	REAL_TEST	126	104.2	100.0	-49.21	7.69	0.36	2805
cologne3_sensor20_dqn_latent_observation	REAL_TEST	128	402.9	100.0	-204.56	32.05	0.54	1843
cologne3_sensor20_dqn_latent_observation	REAL_TEST	130	75.9	100.0	-8.46	1.43	0.21	2809
cologne3_sensor20_dqn_latent_observation	REAL_TEST	132	443.7	100.0	-185.72	28.04	0.40	1654
cologne3_sensor20_dqn_latent_observation	REAL_TEST	134	107.4	100.0	-57.24	8.81	0.37	2793
cologne3_sensor20_dqn_latent_observation	REAL_TEST	136	147.6	100.0	-47.46	7.26	0.29	2512
cologne3_sensor20_dqn_latent_observation	REAL_TEST	138	153.3	100.0	-52.53	8.18	0.31	2513
cologne3_sensor20_dqn_latent_observation	REAL_TEST	140	145.7	100.0	-33.22	4.36	0.25	2510
cologne3_sensor20_dqn_latent_observation	REAL_TEST	142	390.0	100.0	-194.60	29.72	0.56	1851
cologne3_sensor20_dqn_latent_observation	REAL_TEST	144	99.1	100.0	-39.51	6.07	0.36	2778
cologne3_sensor20_dqn_latent_observation	REAL_TEST	146	360.2	100.0	-159.93	24.48	0.44	1939
cologne3_sensor20_dqn_latent_observation	REAL_TEST	148	77.4	100.0	-16.07	2.67	0.30	2811
cologne3_sensor20_dqn_latent_observation	REAL_TEST	150	593.7	100.0	-118.25	22.70	0.44	1317
cologne3_sensor20_dqn_latent_observation	REAL_TEST	152	99.0	100.0	-18.78	2.90	0.27	2789
cologne3_sensor20_dqn_latent_observation	REAL_TEST	154	408.2	100.0	-143.87	22.72	0.39	1834
cologne3_sensor20_dqn_latent_observation	REAL_TEST	156	516.1	100.0	-93.03	17.91	0.47	1466
cologne3_sensor20_dqn_latent_observation	REAL_TEST	158	114.2	100.0	-59.92	9.44	0.41	2749
cologne3_sensor20_dqn_latent_observation	REAL_TEST	160	108.9	100.0	-24.65	4.04	0.27	2694
cologne3_sensor20_dqn_latent_observation	REAL_TEST	162	590.7	100.0	-87.91	18.34	0.33	1241
cologne3_sensor20_dqn_latent_observation	REAL_TEST	164	489.7	100.0	-121.81	18.24	0.35	1575
cologne3_sensor20_dqn_latent_observation	REAL_TEST	166	206.1	100.0	-124.50	18.80	0.44	2297
cologne3_sensor20_dqn_latent_observation	REAL_TEST	168	278.6	100.0	-103.02	17.46	0.38	2060
cologne3_sensor20_dqn_latent_observation	REAL_TEST	170	134.7	100.0	-40.50	6.28	0.30	2540
cologne3_sensor20_dqn_latent_observation	REAL_TEST	172	98.0	100.0	-10.99	1.92	0.20	2780
cologne3_sensor20_dqn_latent_observation	REAL_TEST	174	94.3	100.0	-16.19	2.99	0.21	2777
cologne3_sensor20_dqn_latent_observation	REAL_TEST	176	74.2	100.0	-9.70	1.70	0.22	2808
cologne3_sensor20_dqn_latent_observation	REAL_TEST	178	129.0	100.0	-38.90	6.59	0.31	2771
cologne3_sensor20_dqn_latent_observation	REAL_TEST	180	298.4	100.0	-94.55	15.84	0.38	2057
cologne3_sensor20_dqn_latent_observation	REAL_TEST	182	82.0	100.0	-13.84	2.64	0.22	2764
cologne3_sensor20_dqn_latent_observation	REAL_TEST	184	525.2	100.0	-81.86	17.71	0.33	1426
cologne3_sensor20_dqn_latent_observation	REAL_TEST	186	75.8	100.0	-14.16	2.67	0.26	2771
cologne3_sensor20_dqn_latent_observation	REAL_TEST	188	602.8	100.0	-117.78	21.36	0.43	1332
cologne3_sensor20_dqn_latent_observation	REAL_TEST	190	121.3	100.0	-46.47	7.87	0.26	2760
cologne3_sensor20_dqn_latent_observation	REAL_TEST	192	595.7	100.0	-90.52	13.62	0.29	1438
cologne3_sensor20_dqn_latent_observation	REAL_TEST	194	77.7	100.0	-8.10	1.43	0.18	2809
cologne3_sensor20_dqn_latent_observation	REAL_TEST	196	237.3	100.0	-96.32	15.23	0.33	2287
cologne3_sensor20_dqn_latent_observation	REAL_TEST	198	98.9	100.0	-5.71	1.10	0.15	2745
