bullhead_3_setting1_presslight_delayed_q	SIM_TRAIN	0	525.8	0.0	-122.18	120.17	0.75	3082	0.0000	0.0000
bullhead_3_setting1_presslight_delayed_q	SIM_TRAIN	1	517.8	0.0	-77.97	96.11	0.76	3499	0.0000	0.0000
bullhead_3_setting1_presslight_delayed_q	SIM_TRAIN	2	600.8	1290.9	-86.12	120.76	0.75	2824	0.0000	0.0000
bullhead_3_setting1_presslight_delayed_q	SIM_TRAIN	3	453.5	1537.8	-89.61	95.68	0.85	3941	0.0000	0.0000
bullhead_3_setting1_presslight_delayed_q	REAL_TEST	3	275.3	100.0	-117.88	47.26	0.72	3390	0.0000	0.0000
bullhead_3_setting1_presslight_delayed_q	SIM_TRAIN	4	333.1	1665.5	-107.04	62.79	0.78	3619	0.0000	0.0000
bullhead_3_setting1_presslight_delayed_q	SIM_TRAIN	5	401.4	1587.7	-123.69	70.35	0.79	3690	0.0000	0.0000
bullhead_3_setting1_presslight_delayed_q	SIM_TRAIN	6	282.5	1585.6	-64.39	35.48	0.78	3945	0.0000	0.0000
bullhead_3_setting1_presslight_delayed_q	REAL_TEST	6	315.9	100.0	-112.92	59.29	0.71	3071	0.0000	0.0000
bullhead_3_setting1_presslight_delayed_q	SIM_TRAIN	7	411.8	1641.5	-94.17	68.84	0.76	3572	0.0000	0.0000
bullhead_3_setting1_presslight_delayed_q	SIM_TRAIN	8	356.8	1624.0	-68.99	58.17	0.80	4003	0.0000	0.0000
bullhead_3_setting1_presslight_delayed_q	SIM_TRAIN	9	295.7	1641.2	-51.87	45.69	0.76	4073	0.0000	0.0000
bullhead_3_setting1_presslight_delayed_q	REAL_TEST	9	430.9	100.0	-76.97	68.69	0.73	3241	0.0000	0.0000
bullhead_3_setting1_presslight_delayed_q	SIM_TRAIN	10	339.9	1655.7	-68.87	49.75	0.80	3849	0.0000	0.0000
bullhead_3_setting1_presslight_delayed_q	SIM_TRAIN	11	349.0	1704.8	-68.80	52.39	0.79	3979	0.0000	0.0000
bullhead_3_setting1_presslight_delayed_q	SIM_TRAIN	12	365.2	1673.2	-62.85	75.42	0.76	3894	0.0000	0.0000
bullhead_3_setting1_presslight_delayed_q	REAL_TEST	12	372.6	100.0	-102.76	63.43	0.75	3656	0.0000	0.0000
bullhead_3_setting1_presslight_delayed_q	SIM_TRAIN	13	455.3	1664.0	-83.17	95.23	0.80	3891	0.0000	0.0000
bullhead_3_setting1_presslight_delayed_q	SIM_TRAIN	14	324.7	1660.9	-60.28	57.21	0.80	3979	0.0000	0.0000
bullhead_3_setting1_presslight_delayed_q	SIM_TRAIN	15	312.5	1586.9	-68.28	57.70	0.78	3999	0.0000	0.0000
bullhead_3_setting1_presslight_delayed_q	REAL_TEST	15	320.4	100.0	-98.69	54.55	0.70	3091	0.0000	0.0000
bullhead_3_setting1_presslight_delayed_q	SIM_TRAIN	16	283.6	1521.9	-66.24	39.38	0.78	3972	0.0000	0.0000
bullhead_3_setting1_presslight_delayed_q	SIM_TRAIN	17	403.9	1450.4	-69.85	53.48	0.77	3889	0.0000	0.0000
bullhead_3_setting1_presslight_delayed_q	SIM_TRAIN	18	306.9	1649.7	-56.88	43.69	0.79	3952	0.0000	0.0000
bullhead_3_setting1_presslight_delayed_q	REAL_TEST	18	196.9	100.0	-70.85	23.76	0.70	3978	0.0000	0.0000
bullhead_3_setting1_presslight_delayed_q	SIM_TRAIN	19	369.8	1992.2	-81.48	69.97	0.76	3738	0.0000	0.0000
bullhead_3_setting1_presslight_delayed_q	SIM_TRAIN	20	282.8	2091.8	-56.82	46.02	0.78	4050	0.0000	0.0000
bullhead_3_setting1_presslight_delayed_q	SIM_TRAIN	21	413.2	2291.7	-67.08	91.68	0.78	3563	0.0000	0.0000
bullhead_3_setting1_presslight_delayed_q	REAL_TEST	21	190.0	100.0	-86.58	22.91	0.72	4004	0.0000	0.0000
bullhead_3_setting1_presslight_delayed_q	SIM_TRAIN	22	317.3	2018.6	-83.55	46.86	0.79	3870	0.0000	0.0000
bullhead_3_setting1_presslight_delayed_q	SIM_TRAIN	23	246.7	1834.0	-54.37	35.82	0.77	3963	0.0000	0.0000
bullhead_3_setting1_presslight_delayed_q	SIM_TRAIN	24	375.2	1740.8	-68.93	65.12	0.78	3566	0.0000	0.0000
bullhead_3_setting1_presslight_delayed_q	REAL_TEST	24	351.0	100.0	-90.68	53.47	0.73	3132	0.0000	0.0000
bullhead_3_setting1_presslight_delayed_q	SIM_TRAIN	25	358.4	1707.2	-78.99	52.32	0.80	3717	0.0000	0.0000
bullhead_3_setting1_presslight_delayed_q	SIM_TRAIN	26	285.8	1757.2	-64.00	41.82	0.80	4107	0.0000	0.0000
bullhead_3_setting1_presslight_delayed_q	SIM_TRAIN	27	340.4	1650.7	-74.38	51.43	0.82	3791	0.0000	0.0000
bullhead_3_setting1_presslight_delayed_q	REAL_TEST	27	448.1	100.0	-98.61	66.73	0.75	2800	0.0000	0.0000
bullhead_3_setting1_presslight_delayed_q	SIM_TRAIN	28	284.7	1619.5	-96.61	48.17	0.80	3943	0.0000	0.0000
bullhead_3_setting1_presslight_delayed_q	SIM_TRAIN	29	253.3	1715.6	-57.22	35.30	0.78	4033	0.0000	0.0000
bullhead_3_setting1_presslight_delayed_q	SIM_TRAIN	30	436.4	2031.6	-71.89	93.20	0.77	3735	0.0000	0.0000
bullhead_3_setting1_presslight_delayed_q	REAL_TEST	30	336.6	100.0	-104.23	52.26	0.75	3250	0.0000	0.0000
bullhead_3_setting1_presslight_delayed_q	SIM_TRAIN	31	313.2	2096.7	-61.41	50.76	0.79	3782	0.0000	0.0000
bullhead_3_setting1_presslight_delayed_q	SIM_TRAIN	32	357.2	2088.3	-58.98	66.69	0.78	3834	0.0000	0.0000
bullhead_3_setting1_presslight_delayed_q	SIM_TRAIN	33	267.8	2146.7	-56.47	40.35	0.81	4060	0.0000	0.0000
bullhead_3_setting1_presslight_delayed_q	REAL_TEST	33	362.6	100.0	-105.27	55.77	0.75	3063	0.0000	0.0000
bullhead_3_setting1_presslight_delayed_q	SIM_TRAIN	34	327.0	2042.1	-64.20	55.54	0.77	3521	0.0000	0.0000
bullhead_3_setting1_presslight_delayed_q	SIM_TRAIN	35	382.8	1927.9	-49.59	75.84	0.76	3940	0.0000	0.0000
bullhead_3_setting1_presslight_delayed_q	SIM_TRAIN	36	282.5	1846.7	-51.00	41.58	0.75	3776	0.0000	0.0000
bullhead_3_setting1_presslight_delayed_q	REAL_TEST	36	332.3	100.0	-106.56	50.46	0.76	3446	0.0000	0.0000
bullhead_3_setting1_presslight_delayed_q	SIM_TRAIN	37	333.8	1805.9	-52.32	53.70	0.74	3633	0.0000	0.0000
bullhead_3_setting1_presslight_delayed_q	SIM_TRAIN	38	287.6	1756.0	-70.92	49.10	0.78	3695	0.0000	0.0000
bullhead_3_setting1_presslight_delayed_q	SIM_TRAIN	39	284.5	1632.8	-58.06	45.64	0.79	3778	0.0000	0.0000
bullhead_3_setting1_presslight_delayed_q	REAL_TEST	39	293.4	100.0	-102.99	43.44	0.74	3650	0.0000	0.0000
bullhead_3_setting1_presslight_delayed_q	SIM_TRAIN	40	298.8	1701.1	-64.95	48.17	0.80	3852	0.0000	0.0000
bullhead_3_setting1_presslight_delayed_q	SIM_TRAIN	41	375.5	1700.5	-68.01	63.91	0.81	3521	0.0000	0.0000
bullhead_3_setting1_presslight_delayed_q	SIM_TRAIN	42	285.5	1725.5	-69.24	50.46	0.81	4063	0.0000	0.0000
bullhead_3_setting1_presslight_delayed_q	REAL_TEST	42	366.8	100.0	-107.28	56.58	0.74	3535	0.0000	0.0000
bullhead_3_setting1_presslight_delayed_q	SIM_TRAIN	43	279.9	1600.0	-75.09	44.97	0.82	4061	0.0000	0.0000
bullhead_3_setting1_presslight_delayed_q	SIM_TRAIN	44	264.3	1510.0	-58.70	32.80	0.79	3972	0.0000	0.0000
bullhead_3_setting1_presslight_delayed_q	SIM_TRAIN	45	263.7	1384.5	-71.82	36.17	0.82	4066	0.0000	0.0000
bullhead_3_setting1_presslight_delayed_q	REAL_TEST	45	429.6	100.0	-121.99	68.16	0.76	3333	0.0000	0.0000
bullhead_3_setting1_presslight_delayed_q	SIM_TRAIN	46	329.9	1388.8	-101.96	56.55	0.80	3955	0.0000	0.0000
bullhead_3_setting1_presslight_delayed_q	SIM_TRAIN	47	298.6	1282.9	-63.26	39.63	0.82	4065	0.0000	0.0000
bullhead_3_setting1_presslight_delayed_q	SIM_TRAIN	48	330.9	1220.6	-66.49	38.78	0.76	3818	0.0000	0.0000
bullhead_3_setting1_presslight_delayed_q	REAL_TEST	48	309.6	100.0	-121.89	46.75	0.72	3035	0.0000	0.0000
bullhead_3_setting1_presslight_delayed_q	SIM_TRAIN	49	398.8	1192.6	-62.55	52.23	0.76	3812	0.0000	0.0000
bullhead_3_setting1_presslight_delayed_q	SIM_TRAIN	50	298.4	1124.1	-56.46	49.66	0.74	3789	0.0000	0.0000
bullhead_3_setting1_presslight_delayed_q	SIM_TRAIN	51	316.5	1150.6	-53.78	40.34	0.74	3929	0.0000	0.0000
bullhead_3_setting1_presslight_delayed_q	REAL_TEST	51	344.7	100.0	-118.18	54.24	0.72	2865	0.0000	0.0000
bullhead_3_setting1_presslight_delayed_q	SIM_TRAIN	52	303.2	1233.6	-68.27	44.60	0.79	3850	0.0000	0.0000
bullhead_3_setting1_presslight_delayed_q	SIM_TRAIN	53	355.1	1245.1	-53.55	56.23	0.75	3902	0.0000	0.0000
bullhead_3_setting1_presslight_delayed_q	SIM_TRAIN	54	363.3	1346.0	-50.85	63.50	0.74	4068	0.0000	0.0000
bullhead_3_setting1_presslight_delayed_q	REAL_TEST	54	314.4	100.0	-97.91	48.43	0.73	3725	0.0000	0.0000
bullhead_3_setting1_presslight_delayed_q	SIM_TRAIN	55	349.0	1290.1	-69.88	54.56	0.79	3619	0.0000	0.0000
bullhead_3_setting1_presslight_delayed_q	SIM_TRAIN	56	354.4	1213.2	-68.10	46.78	0.77	3725	0.0000	0.0000
bullhead_3_setting1_presslight_delayed_q	SIM_TRAIN	57	311.7	1270.8	-61.03	54.20	0.77	4051	0.0000	0.0000
bullhead_3_setting1_presslight_delayed_q	REAL_TEST	57	270.1	100.0	-86.55	39.17	0.74	3827	0.0000	0.0000
bullhead_3_setting1_presslight_delayed_q	SIM_TRAIN	58	319.4	1269.7	-50.38	55.15	0.76	4102	0.0000	0.0000
bullhead_3_setting1_presslight_delayed_q	SIM_TRAIN	59	299.3	1322.5	-65.01	51.99	0.75	3916	0.0000	0.0000
bullhead_3_setting1_presslight_delayed_q	SIM_TRAIN	60	242.9	1415.2	-54.89	39.56	0.77	4119	0.0000	0.0000
bullhead_3_setting1_presslight_delayed_q	REAL_TEST	60	253.4	100.0	-107.89	40.63	0.74	3785	0.0000	0.0000
bullhead_3_setting1_presslight_delayed_q	SIM_TRAIN	61	260.0	1418.5	-60.27	42.67	0.78	4054	0.0000	0.0000
bullhead_3_setting1_presslight_delayed_q	SIM_TRAIN	62	243.9	1430.5	-56.84	36.63	0.77	3986	0.0000	0.0000
bullhead_3_setting1_presslight_delayed_q	SIM_TRAIN	63	289.5	1461.7	-60.09	44.38	0.77	4093	0.0000	0.0000
bullhead_3_setting1_presslight_delayed_q	REAL_TEST	63	326.5	100.0	-122.32	57.07	0.78	3520	0.0000	0.0000
bullhead_3_setting1_presslight_delayed_q	SIM_TRAIN	64	313.3	1446.3	-55.73	47.62	0.76	4119	0.0000	0.0000
bullhead_3_setting1_presslight_delayed_q	SIM_TRAIN	65	282.2	1378.9	-60.76	48.92	0.79	4116	0.0000	0.0000
bullhead_3_setting1_presslight_delayed_q	SIM_TRAIN	66	403.9	1290.3	-63.57	57.04	0.76	3662	0.0000	0.0000
bullhead_3_setting1_presslight_delayed_q	REAL_TEST	66	435.3	100.0	-116.96	72.06	0.76	2815	0.0000	0.0000
bullhead_3_setting1_presslight_delayed_q	SIM_TRAIN	67	411.7	1318.6	-86.75	80.79	0.78	3989	0.0000	0.0000
bullhead_3_setting1_presslight_delayed_q	SIM_TRAIN	68	221.1	1391.0	-49.33	31.98	0.77	4162	0.0000	0.0000
bullhead_3_setting1_presslight_delayed_q	SIM_TRAIN	69	224.7	1260.3	-56.08	35.12	0.80	4177	0.0000	0.0000
bullhead_3_setting1_presslight_delayed_q	REAL_TEST	69	373.3	100.0	-116.80	63.22	0.73	3305	0.0000	0.0000
bullhead_3_setting1_presslight_delayed_q	SIM_TRAIN	70	324.4	1117.1	-56.34	52.57	0.78	4092	0.0000	0.0000
bullhead_3_setting1_presslight_delayed_q	SIM_TRAIN	71	346.4	1109.8	-56.53	57.64	0.78	3939	0.0000	0.0000
bullhead_3_setting1_presslight_delayed_q	SIM_TRAIN	72	299.8	1147.4	-70.54	49.53	0.81	4047	0.0000	0.0000
bullhead_3_setting1_presslight_delayed_q	REAL_TEST	72	280.6	100.0	-107.93	45.07	0.74	3814	0.0000	0.0000
bullhead_3_setting1_presslight_delayed_q	SIM_TRAIN	73	344.4	1103.6	-110.43	73.78	0.81	3489	0.0000	0.0000
bullhead_3_setting1_presslight_delayed_q	SIM_TRAIN	74	272.1	1089.6	-68.26	51.68	0.77	3678	0.0000	0.0000
bullhead_3_setting1_presslight_delayed_q	SIM_TRAIN	75	257.6	1128.4	-76.13	43.24	0.79	4027	0.0000	0.0000
bullhead_3_setting1_presslight_delayed_q	REAL_TEST	75	339.4	100.0	-106.97	54.85	0.75	3156	0.0000	0.0000
bullhead_3_setting1_presslight_delayed_q	SIM_TRAIN	76	288.1	1074.2	-71.44	49.76	0.78	3735	0.0000	0.0000
bullhead_3_setting1_presslight_delayed_q	SIM_TRAIN	77	261.3	1126.7	-64.88	47.63	0.76	3640	0.0000	0.0000
bullhead_3_setting1_presslight_delayed_q	SIM_TRAIN	78	305.2	1169.5	-76.03	64.78	0.76	3734	0.0000	0.0000
bullhead_3_setting1_presslight_delayed_q	REAL_TEST	78	222.7	100.0	-97.86	33.78	0.74	3884	0.0000	0.0000
bullhead_3_setting1_presslight_delayed_q	SIM_TRAIN	79	244.4	1281.2	-64.47	37.27	0.78	4061	0.0000	0.0000
bullhead_3_setting1_presslight_delayed_q	SIM_TRAIN	80	304.9	1358.8	-83.30	56.23	0.79	3958	0.0000	0.0000
bullhead_3_setting1_presslight_delayed_q	SIM_TRAIN	81	265.3	1453.3	-75.47	44.66	0.82	4045	0.0000	0.0000
bullhead_3_setting1_presslight_delayed_q	REAL_TEST	81	459.8	100.0	-113.93	72.02	0.75	2664	0.0000	0.0000
bullhead_3_setting1_presslight_delayed_q	SIM_TRAIN	82	265.1	1473.6	-50.62	34.45	0.77	4000	0.0000	0.0000
bullhead_3_setting1_presslight_delayed_q	SIM_TRAIN	83	266.8	1521.7	-73.07	44.18	0.79	3845	0.0000	0.0000
bullhead_3_setting1_presslight_delayed_q	SIM_TRAIN	84	257.9	1591.3	-68.96	39.06	0.81	3943	0.0000	0.0000
bullhead_3_setting1_presslight_delayed_q	REAL_TEST	84	207.1	100.0	-90.92	28.23	0.73	3871	0.0000	0.0000
bullhead_3_setting1_presslight_delayed_q	SIM_TRAIN	85	269.5	1477.7	-63.62	37.98	0.79	3881	0.0000	0.0000
bullhead_3_setting1_presslight_delayed_q	SIM_TRAIN	86	247.7	1447.7	-71.65	40.10	0.80	4060	0.0000	0.0000
bullhead_3_setting1_presslight_delayed_q	SIM_TRAIN	87	342.1	1405.9	-117.59	71.24	0.80	3988	0.0000	0.0000
bullhead_3_setting1_presslight_delayed_q	REAL_TEST	87	305.6	100.0	-95.61	47.54	0.75	3676	0.0000	0.0000
bullhead_3_setting1_presslight_delayed_q	SIM_TRAIN	88	272.0	1340.7	-75.84	46.94	0.80	4004	0.0000	0.0000
bullhead_3_setting1_presslight_delayed_q	SIM_TRAIN	89	388.1	1255.5	-58.25	62.68	0.78	3867	0.0000	0.0000
bullhead_3_setting1_presslight_delayed_q	SIM_TRAIN	90	272.9	1328.0	-63.15	46.39	0.80	4090	0.0000	0.0000
bullhead_3_setting1_presslight_delayed_q	REAL_TEST	90	352.4	100.0	-88.62	53.97	0.75	3493	0.0000	0.0000
bullhead_3_setting1_presslight_delayed_q	SIM_TRAIN	91	367.1	1278.7	-55.93	63.81	0.76	3990	0.0000	0.0000
bullhead_3_setting1_presslight_delayed_q	SIM_TRAIN	92	300.8	1240.2	-58.46	53.99	0.78	4096	0.0000	0.0000
bullhead_3_setting1_presslight_delayed_q	SIM_TRAIN	93	256.8	1151.9	-63.95	41.97	0.81	3991	0.0000	0.0000
bullhead_3_setting1_presslight_delayed_q	REAL_TEST	93	568.9	100.0	-105.60	90.64	0.78	2381	0.0000	0.0000
bullhead_3_setting1_presslight_delayed_q	SIM_TRAIN	94	257.5	1154.3	-63.83	37.59	0.78	3843	0.0000	0.0000
bullhead_3_setting1_presslight_delayed_q	SIM_TRAIN	95	258.2	1160.4	-70.60	40.82	0.81	4044	0.0000	0.0000
bullhead_3_setting1_presslight_delayed_q	SIM_TRAIN	96	253.7	1134.5	-53.83	40.58	0.78	4043	0.0000	0.0000
bullhead_3_setting1_presslight_delayed_q	REAL_TEST	96	377.9	100.0	-110.72	60.85	0.73	3039	0.0000	0.0000
bullhead_3_setting1_presslight_delayed_q	SIM_TRAIN	97	307.1	1173.0	-93.25	58.78	0.79	3806	0.0000	0.0000
bullhead_3_setting1_presslight_delayed_q	SIM_TRAIN	98	257.1	1210.8	-46.37	42.60	0.78	3973	0.0000	0.0000
bullhead_3_setting1_presslight_delayed_q	SIM_TRAIN	99	326.3	1298.0	-54.84	58.21	0.77	3803	0.0000	0.0000
bullhead_3_setting1_presslight_delayed_q	REAL_TEST	99	259.7	100.0	-99.70	40.05	0.73	3590	0.0000	0.0000
bullhead_3_setting1_presslight_delayed_q	SIM_TRAIN	100	313.4	1428.6	-50.83	48.71	0.75	3803	0.0000	0.0000
bullhead_3_setting1_presslight_delayed_q	SIM_TRAIN	101	324.2	1449.1	-53.89	42.02	0.77	3846	0.0000	0.0000
bullhead_3_setting1_presslight_delayed_q	SIM_TRAIN	102	316.4	1416.2	-56.84	57.97	0.75	3699	0.0000	0.0000
bullhead_3_setting1_presslight_delayed_q	REAL_TEST	102	230.6	100.0	-99.92	35.94	0.73	3814	0.0000	0.0000
bullhead_3_setting1_presslight_delayed_q	SIM_TRAIN	103	254.6	1519.9	-53.40	36.40	0.74	4106	0.0000	0.0000
bullhead_3_setting1_presslight_delayed_q	SIM_TRAIN	104	268.6	1449.5	-57.18	45.28	0.75	3817	0.0000	0.0000
bullhead_3_setting1_presslight_delayed_q	SIM_TRAIN	105	282.3	1495.6	-102.39	49.61	0.75	3900	0.0000	0.0000
bullhead_3_setting1_presslight_delayed_q	REAL_TEST	105	442.6	100.0	-116.39	69.87	0.76	2751	0.0000	0.0000
bullhead_3_setting1_presslight_delayed_q	SIM_TRAIN	106	261.6	1350.7	-48.13	46.76	0.75	4041	0.0000	0.0000
bullhead_3_setting1_presslight_delayed_q	SIM_TRAIN	107	312.5	1415.5	-58.23	56.47	0.76	3673	0.0000	0.0000
bullhead_3_setting1_presslight_delayed_q	SIM_TRAIN	108	284.1	1346.5	-68.14	47.79	0.75	3836	0.0000	0.0000
bullhead_3_setting1_presslight_delayed_q	REAL_TEST	108	370.6	100.0	-147.94	63.37	0.81	3009	0.0000	0.0000
bullhead_3_setting1_presslight_delayed_q	SIM_TRAIN	109	338.2	1343.1	-66.85	43.35	0.77	3990	0.0000	0.0000
bullhead_3_setting1_presslight_delayed_q	SIM_TRAIN	110	259.7	1413.7	-47.12	37.19	0.77	4133	0.0000	0.0000
bullhead_3_setting1_presslight_delayed_q	SIM_TRAIN	111	274.0	1399.3	-59.24	43.34	0.76	4114	0.0000	0.0000
bullhead_3_setting1_presslight_delayed_q	REAL_TEST	111	311.4	100.0	-132.07	54.84	0.81	3641	0.0000	0.0000
bullhead_3_setting1_presslight_delayed_q	SIM_TRAIN	112	381.1	1336.4	-79.21	78.21	0.76	3897	0.0000	0.0000
bullhead_3_setting1_presslight_delayed_q	SIM_TRAIN	113	353.3	1308.4	-49.50	63.79	0.76	3887	0.0000	0.0000
bullhead_3_setting1_presslight_delayed_q	SIM_TRAIN	114	385.9	1293.3	-76.81	71.36	0.78	3740	0.0000	0.0000
bullhead_3_setting1_presslight_delayed_q	REAL_TEST	114	232.9	100.0	-112.40	39.61	0.77	3918	0.0000	0.0000
bullhead_3_setting1_presslight_delayed_q	SIM_TRAIN	115	337.7	1390.4	-65.58	59.98	0.74	3728	0.0000	0.0000
bullhead_3_setting1_presslight_delayed_q	SIM_TRAIN	116	319.7	1416.9	-51.10	48.43	0.74	4011	0.0000	0.0000
bullhead_3_setting1_presslight_delayed_q	SIM_TRAIN	117	323.1	1295.1	-69.17	44.05	0.77	3970	0.0000	0.0000
bullhead_3_setting1_presslight_delayed_q	REAL_TEST	117	386.7	100.0	-145.63	69.07	0.79	2940	0.0000	0.0000
bullhead_3_setting1_presslight_delayed_q	SIM_TRAIN	118	303.6	1298.8	-56.79	49.18	0.77	4100	0.0000	0.0000
bullhead_3_setting1_presslight_delayed_q	SIM_TRAIN	119	300.2	1367.7	-60.35	51.62	0.78	3801	0.0000	0.0000
bullhead_3_setting1_presslight_delayed_q	SIM_TRAIN	120	381.0	1340.1	-74.37	59.95	0.77	3588	0.0000	0.0000
bullhead_3_setting1_presslight_delayed_q	REAL_TEST	120	381.5	100.0	-122.40	63.77	0.75	3372	0.0000	0.0000
bullhead_3_setting1_presslight_delayed_q	SIM_TRAIN	121	322.4	1246.2	-96.70	65.65	0.76	3860	0.0000	0.0000
bullhead_3_setting1_presslight_delayed_q	SIM_TRAIN	122	316.5	1212.5	-86.89	55.28	0.78	3893	0.0000	0.0000
bullhead_3_setting1_presslight_delayed_q	SIM_TRAIN	123	394.1	1246.5	-90.84	72.08	0.77	3735	0.0000	0.0000
bullhead_3_setting1_presslight_delayed_q	REAL_TEST	123	298.9	100.0	-130.47	49.51	0.80	3481	0.0000	0.0000
bullhead_3_setting1_presslight_delayed_q	SIM_TRAIN	124	460.2	1314.9	-100.51	101.25	0.77	3221	0.0000	0.0000
bullhead_3_setting1_presslight_delayed_q	SIM_TRAIN	125	290.1	1425.8	-67.84	50.83	0.78	3782	0.0000	0.0000
bullhead_3_setting1_presslight_delayed_q	SIM_TRAIN	126	355.4	1459.5	-58.60	58.63	0.75	3893	0.0000	0.0000
bullhead_3_setting1_presslight_delayed_q	REAL_TEST	126	287.9	100.0	-128.62	52.04	0.79	3625	0.0000	0.0000
bullhead_3_setting1_presslight_delayed_q	SIM_TRAIN	127	396.7	1551.2	-59.88	66.28	0.77	3826	0.0000	0.0000
bullhead_3_setting1_presslight_delayed_q	SIM_TRAIN	128	320.4	1465.9	-65.81	57.55	0.80	3622	0.0000	0.0000
bullhead_3_setting1_presslight_delayed_q	SIM_TRAIN	129	340.0	1483.0	-82.94	67.15	0.80	3730	0.0000	0.0000
bullhead_3_setting1_presslight_delayed_q	REAL_TEST	129	266.7	100.0	-118.51	45.86	0.80	3670	0.0000	0.0000
bullhead_3_setting1_presslight_delayed_q	SIM_TRAIN	130	333.5	1419.1	-93.43	62.29	0.80	3728	0.0000	0.0000
bullhead_3_setting1_presslight_delayed_q	SIM_TRAIN	131	311.0	1373.4	-72.41	55.07	0.80	3852	0.0000	0.0000
bullhead_3_setting1_presslight_delayed_q	SIM_TRAIN	132	285.4	1394.9	-76.40	57.65	0.79	3907	0.0000	0.0000
bullhead_3_setting1_presslight_delayed_q	REAL_TEST	132	378.2	100.0	-129.64	65.81	0.81	3591	0.0000	0.0000
bullhead_3_setting1_presslight_delayed_q	SIM_TRAIN	133	255.7	1372.0	-52.72	39.26	0.77	4137	0.0000	0.0000
bullhead_3_setting1_presslight_delayed_q	SIM_TRAIN	134	249.2	1385.3	-62.55	36.80	0.79	4017	0.0000	0.0000
bullhead_3_setting1_presslight_delayed_q	SIM_TRAIN	135	301.2	1383.5	-73.15	53.93	0.78	3696	0.0000	0.0000
bullhead_3_setting1_presslight_delayed_q	REAL_TEST	135	402.4	100.0	-128.38	70.35	0.80	3449	0.0000	0.0000
bullhead_3_setting1_presslight_delayed_q	SIM_TRAIN	136	357.8	1475.9	-76.13	62.34	0.77	3556	0.0000	0.0000
bullhead_3_setting1_presslight_delayed_q	SIM_TRAIN	137	270.1	1496.5	-67.91	41.27	0.80	4060	0.0000	0.0000
bullhead_3_setting1_presslight_delayed_q	SIM_TRAIN	138	304.0	1392.9	-64.83	44.51	0.78	3866	0.0000	0.0000
bullhead_3_setting1_presslight_delayed_q	REAL_TEST	138	362.3	100.0	-110.28	58.98	0.77	3549	0.0000	0.0000
bullhead_3_setting1_presslight_delayed_q	SIM_TRAIN	139	308.3	1308.7	-66.98	48.80	0.77	3892	0.0000	0.0000
bullhead_3_setting1_presslight_delayed_q	SIM_TRAIN	140	274.9	1335.3	-63.54	46.94	0.75	3844	0.0000	0.0000
bullhead_3_setting1_presslight_delayed_q	SIM_TRAIN	141	276.1	1208.9	-77.21	37.06	0.79	4002	0.0000	0.0000
bullhead_3_setting1_presslight_delayed_q	REAL_TEST	141	407.9	100.0	-105.73	60.59	0.75	3414	0.0000	0.0000
bullhead_3_setting1_presslight_delayed_q	SIM_TRAIN	142	350.9	1105.2	-64.32	58.04	0.77	3782	0.0000	0.0000
bullhead_3_setting1_presslight_delayed_q	SIM_TRAIN	143	325.5	1099.9	-101.81	58.01	0.81	3833	0.0000	0.0000
bullhead_3_setting1_presslight_delayed_q	SIM_TRAIN	144	309.7	1185.5	-70.73	46.45	0.79	3958	0.0000	0.0000
bullhead_3_setting1_presslight_delayed_q	REAL_TEST	144	261.0	100.0	-107.71	41.21	0.73	3348	0.0000	0.0000
bullhead_3_setting1_presslight_delayed_q	SIM_TRAIN	145	279.3	1188.5	-69.29	49.59	0.79	3932	0.0000	0.0000
bullhead_3_setting1_presslight_delayed_q	SIM_TRAIN	146	252.1	1226.5	-69.21	42.03	0.79	4006	0.0000	0.0000
bullhead_3_setting1_presslight_delayed_q	SIM_TRAIN	147	245.2	1258.8	-51.26	33.83	0.78	3935	0.0000	0.0000
bullhead_3_setting1_presslight_delayed_q	REAL_TEST	147	218.4	100.0	-91.28	31.65	0.74	4020	0.0000	0.0000
bullhead_3_setting1_presslight_delayed_q	SIM_TRAIN	148	245.4	1244.1	-64.64	32.21	0.79	4077	0.0000	0.0000
bullhead_3_setting1_presslight_delayed_q	SIM_TRAIN	149	315.0	1241.5	-58.35	42.57	0.77	3885	0.0000	0.0000
bullhead_3_setting1_presslight_delayed_q	SIM_TRAIN	150	307.5	1235.8	-66.82	56.70	0.76	3825	0.0000	0.0000
bullhead_3_setting1_presslight_delayed_q	REAL_TEST	150	251.3	100.0	-111.99	41.74	0.75	3648	0.0000	0.0000
bullhead_3_setting1_presslight_delayed_q	SIM_TRAIN	151	280.4	1245.3	-63.19	42.62	0.78	3876	0.0000	0.0000
bullhead_3_setting1_presslight_delayed_q	SIM_TRAIN	152	254.4	1246.6	-75.59	39.31	0.78	3931	0.0000	0.0000
bullhead_3_setting1_presslight_delayed_q	SIM_TRAIN	153	286.1	1158.3	-97.39	41.89	0.78	3862	0.0000	0.0000
bullhead_3_setting1_presslight_delayed_q	REAL_TEST	153	239.5	100.0	-122.46	40.48	0.77	3757	0.0000	0.0000
bullhead_3_setting1_presslight_delayed_q	SIM_TRAIN	154	398.8	1185.1	-133.04	68.25	0.78	3608	0.0000	0.0000
bullhead_3_setting1_presslight_delayed_q	SIM_TRAIN	155	265.2	1221.4	-107.72	42.63	0.78	4011	0.0000	0.0000
bullhead_3_setting1_presslight_delayed_q	SIM_TRAIN	156	330.8	1251.1	-60.30	42.20	0.80	3974	0.0000	0.0000
bullhead_3_setting1_presslight_delayed_q	REAL_TEST	156	303.6	100.0	-123.57	50.59	0.79	3741	0.0000	0.0000
bullhead_3_setting1_presslight_delayed_q	SIM_TRAIN	157	298.3	1231.8	-87.42	50.94	0.75	3952	0.0000	0.0000
bullhead_3_setting1_presslight_delayed_q	SIM_TRAIN	158	297.0	1161.0	-70.07	45.79	0.76	3912	0.0000	0.0000
bullhead_3_setting1_presslight_delayed_q	SIM_TRAIN	159	329.4	1165.5	-58.76	54.10	0.74	3801	0.0000	0.0000
bullhead_3_setting1_presslight_delayed_q	REAL_TEST	159	288.4	100.0	-119.44	46.36	0.78	3740	0.0000	0.0000
bullhead_3_setting1_presslight_delayed_q	SIM_TRAIN	160	345.5	1266.2	-74.95	58.92	0.81	3804	0.0000	0.0000
bullhead_3_setting1_presslight_delayed_q	SIM_TRAIN	161	340.3	1514.7	-89.86	52.37	0.82	4115	0.0000	0.0000
bullhead_3_setting1_presslight_delayed_q	SIM_TRAIN	162	277.5	1455.1	-57.05	36.06	0.77	3749	0.0000	0.0000
bullhead_3_setting1_presslight_delayed_q	REAL_TEST	162	299.4	100.0	-124.82	51.35	0.78	3778	0.0000	0.0000
bullhead_3_setting1_presslight_delayed_q	SIM_TRAIN	163	310.7	1473.9	-52.34	37.01	0.76	3977	0.0000	0.0000
bullhead_3_setting1_presslight_delayed_q	SIM_TRAIN	164	314.4	1441.8	-48.52	47.13	0.74	3703	0.0000	0.0000
bullhead_3_setting1_presslight_delayed_q	SIM_TRAIN	165	261.9	1280.3	-67.47	40.63	0.79	3906	0.0000	0.0000
bullhead_3_setting1_presslight_delayed_q	REAL_TEST	165	360.4	100.0	-128.26	63.03	0.79	3654	0.0000	0.0000
bullhead_3_setting1_presslight_delayed_q	SIM_TRAIN	166	368.8	1278.0	-54.21	61.17	0.77	3905	0.0000	0.0000
bullhead_3_setting1_presslight_delayed_q	SIM_TRAIN	167	351.9	1393.4	-52.58	67.65	0.76	3602	0.0000	0.0000
bullhead_3_setting1_presslight_delayed_q	SIM_TRAIN	168	255.0	1460.9	-54.11	39.33	0.75	3785	0.0000	0.0000
bullhead_3_setting1_presslight_delayed_q	REAL_TEST	168	317.0	100.0	-132.39	50.07	0.79	3500	0.0000	0.0000
bullhead_3_setting1_presslight_delayed_q	SIM_TRAIN	169	325.5	1437.5	-58.95	48.22	0.78	3908	0.0000	0.0000
bullhead_3_setting1_presslight_delayed_q	SIM_TRAIN	170	361.1	1464.3	-43.99	55.02	0.72	3878	0.0000	0.0000
bullhead_3_setting1_presslight_delayed_q	SIM_TRAIN	171	335.8	1530.6	-71.58	50.62	0.77	3760	0.0000	0.0000
bullhead_3_setting1_presslight_delayed_q	REAL_TEST	171	371.1	100.0	-134.41	62.76	0.81	3532	0.0000	0.0000
bullhead_3_setting1_presslight_delayed_q	SIM_TRAIN	172	279.6	1522.1	-57.81	26.49	0.75	3851	0.0000	0.0000
bullhead_3_setting1_presslight_delayed_q	SIM_TRAIN	173	315.7	1477.1	-65.62	50.80	0.79	3862	0.0000	0.0000
bullhead_3_setting1_presslight_delayed_q	SIM_TRAIN	174	309.8	1308.2	-53.01	33.37	0.77	3925	0.0000	0.0000
bullhead_3_setting1_presslight_delayed_q	REAL_TEST	174	277.5	100.0	-112.06	42.49	0.76	3952	0.0000	0.0000
bullhead_3_setting1_presslight_delayed_q	SIM_TRAIN	175	276.4	1219.8	-68.30	38.79	0.78	4039	0.0000	0.0000
bullhead_3_setting1_presslight_delayed_q	SIM_TRAIN	176	289.7	1175.4	-63.00	44.97	0.76	3994	0.0000	0.0000
bullhead_3_setting1_presslight_delayed_q	SIM_TRAIN	177	353.5	1341.9	-76.44	65.64	0.81	4046	0.0000	0.0000
bullhead_3_setting1_presslight_delayed_q	REAL_TEST	177	295.2	100.0	-95.29	44.77	0.73	3662	0.0000	0.0000
bullhead_3_setting1_presslight_delayed_q	SIM_TRAIN	178	286.1	1362.6	-98.94	44.55	0.77	3961	0.0000	0.0000
bullhead_3_setting1_presslight_delayed_q	SIM_TRAIN	179	299.3	1324.9	-67.38	34.56	0.79	4030	0.0000	0.0000
bullhead_3_setting1_presslight_delayed_q	SIM_TRAIN	180	293.5	1186.0	-67.30	47.01	0.79	3800	0.0000	0.0000
bullhead_3_setting1_presslight_delayed_q	REAL_TEST	180	247.1	100.0	-98.57	37.85	0.72	3717	0.0000	0.0000
bullhead_3_setting1_presslight_delayed_q	SIM_TRAIN	181	419.6	1323.0	-74.49	87.12	0.78	3208	0.0000	0.0000
bullhead_3_setting1_presslight_delayed_q	SIM_TRAIN	182	284.5	1289.1	-46.19	35.90	0.74	3815	0.0000	0.0000
bullhead_3_setting1_presslight_delayed_q	SIM_TRAIN	183	334.9	1332.5	-61.54	56.53	0.77	3753	0.0000	0.0000
bullhead_3_setting1_presslight_delayed_q	REAL_TEST	183	309.8	100.0	-109.54	48.18	0.74	3731	0.0000	0.0000
bullhead_3_setting1_presslight_delayed_q	SIM_TRAIN	184	362.2	1419.5	-67.32	67.38	0.77	3585	0.0000	0.0000
bullhead_3_setting1_presslight_delayed_q	SIM_TRAIN	185	303.5	1423.4	-78.64	47.19	0.79	4073	0.0000	0.0000
bullhead_3_setting1_presslight_delayed_q	SIM_TRAIN	186	332.6	1437.1	-86.91	56.32	0.81	3770	0.0000	0.0000
bullhead_3_setting1_presslight_delayed_q	REAL_TEST	186	267.9	100.0	-110.82	42.99	0.74	3744	0.0000	0.0000
bullhead_3_setting1_presslight_delayed_q	SIM_TRAIN	187	476.1	1489.0	-79.22	86.65	0.74	3511	0.0000	0.0000
bullhead_3_setting1_presslight_delayed_q	SIM_TRAIN	188	534.3	1518.0	-89.97	104.42	0.81	3454	0.0000	0.0000
bullhead_3_setting1_presslight_delayed_q	SIM_TRAIN	189	275.4	1596.7	-83.00	41.97	0.78	3826	0.0000	0.0000
bullhead_3_setting1_presslight_delayed_q	REAL_TEST	189	307.3	100.0	-118.07	47.73	0.76	3386	0.0000	0.0000
bullhead_3_setting1_presslight_delayed_q	SIM_TRAIN	190	375.2	1572.1	-59.25	49.15	0.75	3552	0.0000	0.0000
bullhead_3_setting1_presslight_delayed_q	SIM_TRAIN	191	293.3	1631.1	-59.15	33.43	0.78	3892	0.0000	0.0000
bullhead_3_setting1_presslight_delayed_q	SIM_TRAIN	192	244.8	1578.5	-58.67	36.26	0.77	3967	0.0000	0.0000
bullhead_3_setting1_presslight_delayed_q	REAL_TEST	192	349.5	100.0	-112.47	55.36	0.75	3392	0.0000	0.0000
bullhead_3_setting1_presslight_delayed_q	SIM_TRAIN	193	333.6	1656.0	-67.80	47.96	0.78	3761	0.0000	0.0000
bullhead_3_setting1_presslight_delayed_q	SIM_TRAIN	194	208.7	1649.0	-47.24	23.17	0.72	4034	0.0000	0.0000
bullhead_3_setting1_presslight_delayed_q	SIM_TRAIN	195	269.0	1586.7	-52.09	40.07	0.73	3806	0.0000	0.0000
bullhead_3_setting1_presslight_delayed_q	REAL_TEST	195	476.0	100.0	-123.65	86.61	0.78	2879	0.0000	0.0000
bullhead_3_setting1_presslight_delayed_q	SIM_TRAIN	196	327.0	1418.7	-70.79	51.42	0.73	3902	0.0000	0.0000
bullhead_3_setting1_presslight_delayed_q	SIM_TRAIN	197	348.7	1417.2	-48.55	64.18	0.75	3693	0.0000	0.0000
bullhead_3_setting1_presslight_delayed_q	SIM_TRAIN	198	321.1	1500.9	-68.99	53.36	0.77	4128	0.0000	0.0000
bullhead_3_setting1_presslight_delayed_q	REAL_TEST	198	459.7	100.0	-110.40	81.49	0.77	2960	0.0000	0.0000
bullhead_3_setting1_presslight_delayed_q	SIM_TRAIN	199	360.5	1500.8	-58.36	51.04	0.75	3907	0.0000	0.0000
bullhead_3_setting1_presslight_delayed_q	SIM_TRAIN	200	357.1	1518.4	-57.86	61.82	0.71	3620	0.0000	0.0000
bullhead_3_setting1_presslight_delayed_q	SIM_TRAIN	201	272.7	1519.7	-52.65	41.30	0.75	4045	0.0000	0.0000
bullhead_3_setting1_presslight_delayed_q	REAL_TEST	201	247.9	100.0	-90.09	38.15	0.72	3785	0.0000	0.0000
bullhead_3_setting1_presslight_delayed_q	SIM_TRAIN	202	309.3	1417.5	-56.33	36.68	0.72	3856	0.0000	0.0000
bullhead_3_setting1_presslight_delayed_q	SIM_TRAIN	203	336.4	1408.7	-52.47	54.94	0.76	4063	0.0000	0.0000
bullhead_3_setting1_presslight_delayed_q	SIM_TRAIN	204	355.2	1505.8	-44.06	60.43	0.74	4038	0.0000	0.0000
bullhead_3_setting1_presslight_delayed_q	REAL_TEST	204	261.6	100.0	-95.97	40.05	0.70	3537	0.0000	0.0000
bullhead_3_setting1_presslight_delayed_q	SIM_TRAIN	205	276.7	1577.6	-55.48	34.49	0.75	4009	0.0000	0.0000
bullhead_3_setting1_presslight_delayed_q	SIM_TRAIN	206	408.8	1636.5	-85.02	89.76	0.80	3287	0.0000	0.0000
bullhead_3_setting1_presslight_delayed_q	SIM_TRAIN	207	242.3	1667.6	-52.72	41.95	0.75	3940	0.0000	0.0000
bullhead_3_setting1_presslight_delayed_q	REAL_TEST	207	231.6	100.0	-100.10	34.71	0.71	3649	0.0000	0.0000
bullhead_3_setting1_presslight_delayed_q	SIM_TRAIN	208	327.6	1789.6	-66.79	39.29	0.75	3755	0.0000	0.0000
bullhead_3_setting1_presslight_delayed_q	SIM_TRAIN	209	382.4	1793.6	-63.90	55.77	0.76	3656	0.0000	0.0000
bullhead_3_setting1_presslight_delayed_q	SIM_TRAIN	210	246.1	1733.6	-55.86	31.20	0.71	3815	0.0000	0.0000
bullhead_3_setting1_presslight_delayed_q	REAL_TEST	210	258.7	100.0	-96.07	38.90	0.72	3438	0.0000	0.0000
bullhead_3_setting1_presslight_delayed_q	SIM_TRAIN	211	301.6	1793.4	-60.34	52.30	0.78	3841	0.0000	0.0000
bullhead_3_setting1_presslight_delayed_q	SIM_TRAIN	212	324.6	1701.4	-58.16	51.92	0.77	3859	0.0000	0.0000
bullhead_3_setting1_presslight_delayed_q	SIM_TRAIN	213	336.4	1749.7	-63.14	43.91	0.79	3935	0.0000	0.0000
bullhead_3_setting1_presslight_delayed_q	REAL_TEST	213	223.6	100.0	-98.77	33.84	0.72	3836	0.0000	0.0000
bullhead_3_setting1_presslight_delayed_q	SIM_TRAIN	214	266.7	1742.1	-47.44	25.67	0.75	3842	0.0000	0.0000
bullhead_3_setting1_presslight_delayed_q	SIM_TRAIN	215	339.4	1608.7	-64.35	41.40	0.78	3883	0.0000	0.0000
bullhead_3_setting1_presslight_delayed_q	SIM_TRAIN	216	266.1	1575.4	-48.34	43.91	0.73	4064	0.0000	0.0000
bullhead_3_setting1_presslight_delayed_q	REAL_TEST	216	246.7	100.0	-97.10	37.75	0.72	3510	0.0000	0.0000
bullhead_3_setting1_presslight_delayed_q	SIM_TRAIN	217	364.6	1630.2	-61.73	68.04	0.80	4053	0.0000	0.0000
bullhead_3_setting1_presslight_delayed_q	SIM_TRAIN	218	271.4	1560.7	-60.13	41.43	0.79	3932	0.0000	0.0000
bullhead_3_setting1_presslight_delayed_q	SIM_TRAIN	219	352.9	1499.8	-60.22	64.86	0.77	3748	0.0000	0.0000
bullhead_3_setting1_presslight_delayed_q	REAL_TEST	219	254.5	100.0	-96.34	41.60	0.72	3514	0.0000	0.0000
bullhead_3_setting1_presslight_delayed_q	SIM_TRAIN	220	287.8	1468.9	-56.90	37.61	0.78	3836	0.0000	0.0000
bullhead_3_setting1_presslight_delayed_q	SIM_TRAIN	221	304.9	1450.6	-63.69	49.40	0.78	3768	0.0000	0.0000
bullhead_3_setting1_presslight_delayed_q	SIM_TRAIN	222	285.9	1325.4	-57.77	50.23	0.75	3747	0.0000	0.0000
bullhead_3_setting1_presslight_delayed_q	REAL_TEST	222	253.3	100.0	-94.11	39.27	0.72	3476	0.0000	0.0000
bullhead_3_setting1_presslight_delayed_q	SIM_TRAIN	223	469.7	1322.4	-135.57	108.49	0.77	3313	0.0000	0.0000
bullhead_3_setting1_presslight_delayed_q	SIM_TRAIN	224	239.8	1247.7	-60.06	36.34	0.78	3897	0.0000	0.0000
bullhead_3_setting1_presslight_delayed_q	SIM_TRAIN	225	302.2	1222.7	-48.92	41.40	0.75	4006	0.0000	0.0000
bullhead_3_setting1_presslight_delayed_q	REAL_TEST	225	361.1	100.0	-99.04	58.15	0.75	3354	0.0000	0.0000
bullhead_3_setting1_presslight_delayed_q	SIM_TRAIN	226	244.1	1238.4	-50.42	39.23	0.78	4094	0.0000	0.0000
bullhead_3_setting1_presslight_delayed_q	SIM_TRAIN	227	400.1	1185.6	-68.52	78.48	0.79	3600	0.0000	0.0000
bullhead_3_setting1_presslight_delayed_q	SIM_TRAIN	228	276.7	1222.9	-47.12	38.42	0.77	4025	0.0000	0.0000
bullhead_3_setting1_presslight_delayed_q	REAL_TEST	228	273.8	100.0	-99.31	43.36	0.74	3409	0.0000	0.0000
bullhead_3_setting1_presslight_delayed_q	SIM_TRAIN	229	252.9	1246.2	-58.23	37.25	0.78	3863	0.0000	0.0000
bullhead_3_setting1_presslight_delayed_q	SIM_TRAIN	230	245.4	1308.4	-56.61	30.85	0.78	4203	0.0000	0.0000
bullhead_3_setting1_presslight_delayed_q	SIM_TRAIN	231	240.4	1219.1	-47.12	30.45	0.75	4120	0.0000	0.0000
bullhead_3_setting1_presslight_delayed_q	REAL_TEST	231	202.3	100.0	-85.24	25.43	0.71	3890	0.0000	0.0000
bullhead_3_setting1_presslight_delayed_q	SIM_TRAIN	232	296.9	1276.6	-45.36	45.78	0.73	3966	0.0000	0.0000
bullhead_3_setting1_presslight_delayed_q	SIM_TRAIN	233	246.5	1378.3	-52.62	29.45	0.75	3941	0.0000	0.0000
bullhead_3_setting1_presslight_delayed_q	SIM_TRAIN	234	301.7	1408.3	-63.69	36.24	0.78	3935	0.0000	0.0000
bullhead_3_setting1_presslight_delayed_q	REAL_TEST	234	335.3	100.0	-102.96	50.75	0.75	3376	0.0000	0.0000
bullhead_3_setting1_presslight_delayed_q	SIM_TRAIN	235	290.6	1497.6	-65.66	31.94	0.73	3843	0.0000	0.0000
bullhead_3_setting1_presslight_delayed_q	SIM_TRAIN	236	297.8	1666.1	-57.94	30.85	0.74	3987	0.0000	0.0000
bullhead_3_setting1_presslight_delayed_q	SIM_TRAIN	237	326.7	1645.8	-45.22	45.21	0.73	3923	0.0000	0.0000
bullhead_3_setting1_presslight_delayed_q	REAL_TEST	237	312.0	100.0	-134.13	52.82	0.76	3470	0.0000	0.0000
bullhead_3_setting1_presslight_delayed_q	SIM_TRAIN	238	273.5	1940.5	-49.08	40.63	0.73	4099	0.0000	0.0000
bullhead_3_setting1_presslight_delayed_q	SIM_TRAIN	239	325.3	2156.3	-45.97	40.14	0.72	3924	0.0000	0.0000
bullhead_3_setting1_presslight_delayed_q	SIM_TRAIN	240	308.3	2342.3	-61.66	53.73	0.76	3551	0.0000	0.0000
bullhead_3_setting1_presslight_delayed_q	REAL_TEST	240	252.7	100.0	-111.41	38.88	0.74	3627	0.0000	0.0000
bullhead_3_setting1_presslight_delayed_q	SIM_TRAIN	241	253.0	2207.3	-52.03	35.80	0.75	3961	0.0000	0.0000
bullhead_3_setting1_presslight_delayed_q	SIM_TRAIN	242	257.8	1800.3	-44.66	34.17	0.73	3770	0.0000	0.0000
bullhead_3_setting1_presslight_delayed_q	SIM_TRAIN	243	231.7	1529.7	-45.80	30.74	0.74	4055	0.0000	0.0000
bullhead_3_setting1_presslight_delayed_q	REAL_TEST	243	321.3	100.0	-104.60	48.66	0.74	3412	0.0000	0.0000
bullhead_3_setting1_presslight_delayed_q	SIM_TRAIN	244	293.7	1544.0	-55.45	49.27	0.76	3955	0.0000	0.0000
bullhead_3_setting1_presslight_delayed_q	SIM_TRAIN	245	279.8	1402.1	-66.51	42.45	0.78	4138	0.0000	0.0000
bullhead_3_setting1_presslight_delayed_q	SIM_TRAIN	246	277.9	1249.7	-53.98	35.65	0.76	4114	0.0000	0.0000
bullhead_3_setting1_presslight_delayed_q	REAL_TEST	246	342.8	100.0	-114.28	53.64	0.74	3371	0.0000	0.0000
bullhead_3_setting1_presslight_delayed_q	SIM_TRAIN	247	329.4	1137.7	-58.54	46.15	0.75	3901	0.0000	0.0000
bullhead_3_setting1_presslight_delayed_q	SIM_TRAIN	248	273.2	1085.3	-64.78	37.47	0.73	4024	0.0000	0.0000
bullhead_3_setting1_presslight_delayed_q	SIM_TRAIN	249	283.8	1162.7	-63.43	44.93	0.76	4117	0.0000	0.0000
bullhead_3_setting1_presslight_delayed_q	REAL_TEST	249	262.7	100.0	-104.35	42.19	0.71	3574	0.0000	0.0000
bullhead_3_setting1_presslight_delayed_q	SIM_TRAIN	250	280.5	1166.9	-46.17	40.54	0.73	4111	0.0000	0.0000
bullhead_3_setting1_presslight_delayed_q	SIM_TRAIN	251	276.2	1183.6	-70.18	42.67	0.77	3959	0.0000	0.0000
bullhead_3_setting1_presslight_delayed_q	SIM_TRAIN	252	261.4	1054.2	-77.61	43.12	0.80	4068	0.0000	0.0000
bullhead_3_setting1_presslight_delayed_q	REAL_TEST	252	331.9	100.0	-94.14	51.40	0.72	3325	0.0000	0.0000
bullhead_3_setting1_presslight_delayed_q	SIM_TRAIN	253	264.2	904.6	-69.72	47.43	0.78	3919	0.0000	0.0000
bullhead_3_setting1_presslight_delayed_q	SIM_TRAIN	254	312.3	964.6	-76.53	54.54	0.79	3882	0.0000	0.0000
bullhead_3_setting1_presslight_delayed_q	SIM_TRAIN	255	297.6	1097.1	-77.45	55.48	0.81	3942	0.0000	0.0000
bullhead_3_setting1_presslight_delayed_q	REAL_TEST	255	267.8	100.0	-95.13	38.67	0.72	3548	0.0000	0.0000
bullhead_3_setting1_presslight_delayed_q	SIM_TRAIN	256	297.9	1203.0	-65.87	52.79	0.79	3924	0.0000	0.0000
bullhead_3_setting1_presslight_delayed_q	SIM_TRAIN	257	246.7	1347.8	-63.98	39.10	0.79	4145	0.0000	0.0000
bullhead_3_setting1_presslight_delayed_q	SIM_TRAIN	258	382.4	1315.1	-64.06	77.39	0.78	3592	0.0000	0.0000
bullhead_3_setting1_presslight_delayed_q	REAL_TEST	258	260.4	100.0	-100.88	39.50	0.71	3359	0.0000	0.0000
bullhead_3_setting1_presslight_delayed_q	SIM_TRAIN	259	236.8	1349.3	-57.97	36.69	0.78	3985	0.0000	0.0000
bullhead_3_setting1_presslight_delayed_q	SIM_TRAIN	260	276.9	1364.1	-83.41	44.86	0.79	3835	0.0000	0.0000
bullhead_3_setting1_presslight_delayed_q	SIM_TRAIN	261	244.7	1335.1	-47.91	38.74	0.75	3934	0.0000	0.0000
bullhead_3_setting1_presslight_delayed_q	REAL_TEST	261	228.0	100.0	-95.84	32.36	0.71	3816	0.0000	0.0000
bullhead_3_setting1_presslight_delayed_q	SIM_TRAIN	262	256.9	1248.2	-62.90	38.33	0.78	3940	0.0000	0.0000
bullhead_3_setting1_presslight_delayed_q	SIM_TRAIN	263	271.7	1240.1	-68.53	38.00	0.78	3880	0.0000	0.0000
bullhead_3_setting1_presslight_delayed_q	SIM_TRAIN	264	245.4	1129.0	-58.67	34.34	0.78	4152	0.0000	0.0000
bullhead_3_setting1_presslight_delayed_q	REAL_TEST	264	277.8	100.0	-92.82	41.03	0.71	3373	0.0000	0.0000
bullhead_3_setting1_presslight_delayed_q	SIM_TRAIN	265	306.2	1110.7	-54.79	40.83	0.77	3773	0.0000	0.0000
bullhead_3_setting1_presslight_delayed_q	SIM_TRAIN	266	313.0	1140.3	-77.49	44.71	0.80	4028	0.0000	0.0000
bullhead_3_setting1_presslight_delayed_q	SIM_TRAIN	267	236.1	1198.1	-49.26	36.11	0.75	4062	0.0000	0.0000
bullhead_3_setting1_presslight_delayed_q	REAL_TEST	267	212.3	100.0	-88.43	28.07	0.67	3682	0.0000	0.0000
bullhead_3_setting1_presslight_delayed_q	SIM_TRAIN	268	227.0	1208.2	-58.98	28.17	0.77	4080	0.0000	0.0000
bullhead_3_setting1_presslight_delayed_q	SIM_TRAIN	269	243.8	1078.6	-51.49	32.01	0.75	3915	0.0000	0.0000
bullhead_3_setting1_presslight_delayed_q	SIM_TRAIN	270	243.0	1049.7	-60.96	34.59	0.76	3999	0.0000	0.0000
bullhead_3_setting1_presslight_delayed_q	REAL_TEST	270	196.3	100.0	-83.41	24.73	0.71	3990	0.0000	0.0000
bullhead_3_setting1_presslight_delayed_q	SIM_TRAIN	271	264.8	1039.0	-50.25	46.89	0.76	3880	0.0000	0.0000
bullhead_3_setting1_presslight_delayed_q	SIM_TRAIN	272	404.7	1219.0	-54.95	46.23	0.74	3812	0.0000	0.0000
bullhead_3_setting1_presslight_delayed_q	SIM_TRAIN	273	263.2	1444.2	-62.49	35.42	0.77	3888	0.0000	0.0000
bullhead_3_setting1_presslight_delayed_q	REAL_TEST	273	272.5	100.0	-90.47	39.71	0.70	3411	0.0000	0.0000
bullhead_3_setting1_presslight_delayed_q	SIM_TRAIN	274	235.2	1378.4	-48.94	31.84	0.75	4004	0.0000	0.0000
bullhead_3_setting1_presslight_delayed_q	SIM_TRAIN	275	256.1	1414.7	-47.93	32.48	0.74	3878	0.0000	0.0000
bullhead_3_setting1_presslight_delayed_q	SIM_TRAIN	276	250.5	1261.8	-58.71	38.84	0.73	3850	0.0000	0.0000
bullhead_3_setting1_presslight_delayed_q	REAL_TEST	276	223.9	100.0	-99.44	33.03	0.71	3699	0.0000	0.0000
bullhead_3_setting1_presslight_delayed_q	SIM_TRAIN	277	273.1	1280.9	-65.02	40.97	0.78	3908	0.0000	0.0000
bullhead_3_setting1_presslight_delayed_q	SIM_TRAIN	278	319.0	1331.5	-51.31	40.63	0.75	3861	0.0000	0.0000
bullhead_3_setting1_presslight_delayed_q	SIM_TRAIN	279	298.2	1342.6	-59.47	46.04	0.76	3837	0.0000	0.0000
bullhead_3_setting1_presslight_delayed_q	REAL_TEST	279	227.0	100.0	-89.58	29.89	0.71	3537	0.0000	0.0000
bullhead_3_setting1_presslight_delayed_q	SIM_TRAIN	280	255.6	1266.0	-55.57	32.40	0.78	4088	0.0000	0.0000
bullhead_3_setting1_presslight_delayed_q	SIM_TRAIN	281	280.7	1260.1	-55.27	33.88	0.74	3852	0.0000	0.0000
bullhead_3_setting1_presslight_delayed_q	SIM_TRAIN	282	358.2	1370.0	-41.58	60.52	0.74	3900	0.0000	0.0000
bullhead_3_setting1_presslight_delayed_q	REAL_TEST	282	278.9	100.0	-105.53	42.75	0.74	3320	0.0000	0.0000
bullhead_3_setting1_presslight_delayed_q	SIM_TRAIN	283	348.8	1482.2	-90.23	52.04	0.82	3609	0.0000	0.0000
bullhead_3_setting1_presslight_delayed_q	SIM_TRAIN	284	327.2	1581.6	-69.15	52.93	0.80	3978	0.0000	0.0000
bullhead_3_setting1_presslight_delayed_q	SIM_TRAIN	285	239.6	1580.5	-50.42	36.07	0.75	3904	0.0000	0.0000
bullhead_3_setting1_presslight_delayed_q	REAL_TEST	285	257.1	100.0	-97.59	38.46	0.72	3494	0.0000	0.0000
bullhead_3_setting1_presslight_delayed_q	SIM_TRAIN	286	290.2	1408.6	-61.13	40.60	0.74	3946	0.0000	0.0000
bullhead_3_setting1_presslight_delayed_q	SIM_TRAIN	287	256.4	1432.5	-52.73	32.64	0.77	4125	0.0000	0.0000
bullhead_3_setting1_presslight_delayed_q	SIM_TRAIN	288	338.3	1322.2	-53.29	49.92	0.78	3870	0.0000	0.0000
bullhead_3_setting1_presslight_delayed_q	REAL_TEST	288	353.7	100.0	-90.32	54.41	0.73	3306	0.0000	0.0000
bullhead_3_setting1_presslight_delayed_q	SIM_TRAIN	289	309.5	1341.6	-52.51	54.14	0.75	3702	0.0000	0.0000
bullhead_3_setting1_presslight_delayed_q	SIM_TRAIN	290	297.3	1340.8	-55.72	37.35	0.74	3918	0.0000	0.0000
bullhead_3_setting1_presslight_delayed_q	SIM_TRAIN	291	356.5	1377.2	-60.18	52.74	0.77	3917	0.0000	0.0000
bullhead_3_setting1_presslight_delayed_q	REAL_TEST	291	223.9	100.0	-96.37	32.28	0.71	3892	0.0000	0.0000
bullhead_3_setting1_presslight_delayed_q	SIM_TRAIN	292	324.9	1424.0	-51.68	52.20	0.73	3675	0.0000	0.0000
bullhead_3_setting1_presslight_delayed_q	SIM_TRAIN	293	277.0	1462.8	-45.40	28.25	0.72	3912	0.0000	0.0000
bullhead_3_setting1_presslight_delayed_q	SIM_TRAIN	294	271.2	1461.5	-55.69	36.71	0.78	4024	0.0000	0.0000
bullhead_3_setting1_presslight_delayed_q	REAL_TEST	294	241.5	100.0	-104.43	37.23	0.73	3834	0.0000	0.0000
bullhead_3_setting1_presslight_delayed_q	SIM_TRAIN	295	326.9	1506.5	-76.76	53.00	0.74	3537	0.0000	0.0000
bullhead_3_setting1_presslight_delayed_q	SIM_TRAIN	296	278.1	1532.4	-43.79	30.00	0.72	3986	0.0000	0.0000
bullhead_3_setting1_presslight_delayed_q	SIM_TRAIN	297	273.6	1452.9	-42.42	34.10	0.75	4071	0.0000	0.0000
bullhead_3_setting1_presslight_delayed_q	REAL_TEST	297	262.1	100.0	-90.57	39.29	0.72	3717	0.0000	0.0000
bullhead_3_setting1_presslight_delayed_q	SIM_TRAIN	298	313.4	1412.1	-55.00	54.41	0.72	3808	0.0000	0.0000
bullhead_3_setting1_presslight_delayed_q	SIM_TRAIN	299	264.0	1493.8	-45.39	26.59	0.75	3997	0.0000	0.0000
