tempe_1x1_setting1_dqn_domain_adaptation	SIM_TEST	0	144.7	0.0	-3.83	5.58	0.38	1875
tempe_1x1_setting1_dqn_domain_adaptation	REAL_TRAIN	0	159.3	0.0	-4.68	7.68	0.44	1829
tempe_1x1_setting1_dqn_domain_adaptation	SIM_TEST	1	144.0	0.0	-3.41	4.91	0.38	1875
tempe_1x1_setting1_dqn_domain_adaptation	REAL_TRAIN	1	159.3	0.0	-4.68	7.68	0.44	1829
tempe_1x1_setting1_dqn_domain_adaptation	SIM_TEST	2	142.9	0.0	-2.87	4.10	0.36	1875
tempe_1x1_setting1_dqn_domain_adaptation	REAL_TRAIN	2	159.3	0.0	-4.68	7.68	0.44	1829
tempe_1x1_setting1_dqn_domain_adaptation	SIM_TEST	3	142.9	0.0	-3.64	5.35	0.37	1875
tempe_1x1_setting1_dqn_domain_adaptation	REAL_TRAIN	3	159.3	0.0	-4.68	7.68	0.44	1829
tempe_1x1_setting1_dqn_domain_adaptation	SIM_TEST	4	143.9	0.0	-3.93	5.73	0.37	1874
tempe_1x1_setting1_dqn_domain_adaptation	REAL_TRAIN	4	159.3	0.0	-4.68	7.68	0.44	1829
tempe_1x1_setting1_dqn_domain_adaptation	SIM_TEST	5	143.7	0.0	-3.56	5.24	0.37	1873
tempe_1x1_setting1_dqn_domain_adaptation	REAL_TRAIN	5	159.3	0.0	-4.68	7.68	0.44	1829
tempe_1x1_setting1_dqn_domain_adaptation	SIM_TEST	6	142.8	0.0	-3.63	5.37	0.36	1874
tempe_1x1_setting1_dqn_domain_adaptation	REAL_TRAIN	6	159.3	0.0	-4.68	7.68	0.44	1829
tempe_1x1_setting1_dqn_domain_adaptation	SIM_TEST	7	144.0	0.0	-3.87	5.61	0.37	1875
tempe_1x1_setting1_dqn_domain_adaptation	REAL_TRAIN	7	159.3	0.0	-4.68	7.68	0.44	1829
tempe_1x1_setting1_dqn_domain_adaptation	SIM_TEST	8	143.2	0.0	-3.68	5.33	0.36	1873
tempe_1x1_setting1_dqn_domain_adaptation	REAL_TRAIN	8	159.3	0.0	-4.68	7.68	0.44	1829
tempe_1x1_setting1_dqn_domain_adaptation	SIM_TEST	9	143.8	0.0	-3.90	5.64	0.37	1875
tempe_1x1_setting1_dqn_domain_adaptation	REAL_TRAIN	9	159.3	0.0	-4.68	7.68	0.44	1829
tempe_1x1_setting1_dqn_domain_adaptation	SIM_TRAIN	9	302.7	0.0	-65.98	91.65	0.50	1698
tempe_1x1_setting1_dqn_domain_adaptation	SIM_TEST	10	143.7	0.0	-3.78	5.53	0.37	1873
tempe_1x1_setting1_dqn_domain_adaptation	REAL_TRAIN	10	159.3	0.0	-4.68	7.68	0.44	1829
tempe_1x1_setting1_dqn_domain_adaptation	SIM_TRAIN	10	319.6	0.0	-72.19	101.54	0.51	1660
tempe_1x1_setting1_dqn_domain_adaptation	SIM_TEST	11	144.2	0.0	-3.35	4.79	0.37	1874
tempe_1x1_setting1_dqn_domain_adaptation	REAL_TRAIN	11	159.3	0.0	-4.68	7.68	0.44	1829
tempe_1x1_setting1_dqn_domain_adaptation	SIM_TRAIN	11	136.4	154.0	-1.68	2.71	0.30	1872
tempe_1x1_setting1_dqn_domain_adaptation	SIM_TEST	12	524.9	0.0	-138.96	210.44	0.70	1456
tempe_1x1_setting1_dqn_domain_adaptation	REAL_TRAIN	12	580.3	0.0	-159.28	238.81	0.69	1306
tempe_1x1_setting1_dqn_domain_adaptation	SIM_TRAIN	12	223.7	41.0	-25.61	41.17	0.59	1853
tempe_1x1_setting1_dqn_domain_adaptation	SIM_TEST	13	184.0	0.0	-16.28	25.61	0.53	1849
tempe_1x1_setting1_dqn_domain_adaptation	REAL_TRAIN	13	212.7	0.0	-21.53	36.12	0.57	1797
tempe_1x1_setting1_dqn_domain_adaptation	SIM_TRAIN	13	160.7	27.8	-8.98	14.26	0.47	1869
tempe_1x1_setting1_dqn_domain_adaptation	SIM_TEST	14	156.3	0.0	-7.18	11.27	0.45	1865
tempe_1x1_setting1_dqn_domain_adaptation	REAL_TRAIN	14	184.7	0.0	-12.52	21.01	0.55	1811
tempe_1x1_setting1_dqn_domain_adaptation	SIM_TRAIN	14	153.2	26.8	-6.61	10.35	0.43	1870
tempe_1x1_setting1_dqn_domain_adaptation	SIM_TEST	15	149.6	0.0	-5.43	8.53	0.41	1867
tempe_1x1_setting1_dqn_domain_adaptation	REAL_TRAIN	15	177.8	0.0	-10.34	17.32	0.54	1820
tempe_1x1_setting1_dqn_domain_adaptation	SIM_TRAIN	15	154.4	23.5	-7.10	11.13	0.44	1867
tempe_1x1_setting1_dqn_domain_adaptation	SIM_TEST	16	155.0	0.0	-6.73	10.55	0.44	1869
tempe_1x1_setting1_dqn_domain_adaptation	REAL_TRAIN	16	174.0	0.0	-9.11	15.36	0.50	1817
tempe_1x1_setting1_dqn_domain_adaptation	SIM_TRAIN	16	150.8	18.5	-6.09	9.40	0.43	1872
tempe_1x1_setting1_dqn_domain_adaptation	SIM_TEST	17	155.3	0.0	-6.45	10.31	0.43	1870
tempe_1x1_setting1_dqn_domain_adaptation	REAL_TRAIN	17	189.2	0.0	-14.14	23.39	0.55	1807
tempe_1x1_setting1_dqn_domain_adaptation	SIM_TRAIN	17	150.0	14.2	-5.80	8.93	0.42	1872
tempe_1x1_setting1_dqn_domain_adaptation	SIM_TEST	18	149.1	0.0	-5.25	7.96	0.44	1869
tempe_1x1_setting1_dqn_domain_adaptation	REAL_TRAIN	18	169.1	0.0	-7.78	12.93	0.52	1827
tempe_1x1_setting1_dqn_domain_adaptation	SIM_TRAIN	18	149.0	12.7	-5.58	8.35	0.42	1869
tempe_1x1_setting1_dqn_domain_adaptation	SIM_TEST	19	149.0	0.0	-4.51	6.84	0.40	1874
tempe_1x1_setting1_dqn_domain_adaptation	REAL_TRAIN	19	186.2	0.0	-13.69	21.16	0.48	1807
tempe_1x1_setting1_dqn_domain_adaptation	SIM_TRAIN	19	147.6	10.9	-5.15	7.62	0.39	1873
tempe_1x1_setting1_dqn_domain_adaptation	SIM_TEST	20	153.0	0.0	-6.04	9.00	0.40	1868
tempe_1x1_setting1_dqn_domain_adaptation	REAL_TRAIN	20	187.5	0.0	-14.34	22.11	0.49	1811
tempe_1x1_setting1_dqn_domain_adaptation	SIM_TRAIN	20	148.4	9.5	-5.49	8.06	0.41	1869
tempe_1x1_setting1_dqn_domain_adaptation	SIM_TEST	21	174.5	0.0	-7.36	10.46	0.53	1858
tempe_1x1_setting1_dqn_domain_adaptation	REAL_TRAIN	21	179.0	0.0	-11.38	17.42	0.50	1810
tempe_1x1_setting1_dqn_domain_adaptation	SIM_TRAIN	21	149.9	9.2	-6.03	8.74	0.42	1872
tempe_1x1_setting1_dqn_domain_adaptation	SIM_TEST	22	146.0	0.0	-4.53	6.74	0.38	1872
tempe_1x1_setting1_dqn_domain_adaptation	REAL_TRAIN	22	163.8	0.0	-5.83	9.71	0.44	1829
tempe_1x1_setting1_dqn_domain_adaptation	SIM_TRAIN	22	150.7	8.5	-6.24	9.07	0.42	1874
tempe_1x1_setting1_dqn_domain_adaptation	SIM_TEST	23	148.5	0.0	-5.71	8.11	0.41	1867
tempe_1x1_setting1_dqn_domain_adaptation	REAL_TRAIN	23	163.6	0.0	-5.73	9.45	0.44	1829
tempe_1x1_setting1_dqn_domain_adaptation	SIM_TRAIN	23	148.0	7.4	-5.36	7.89	0.39	1872
tempe_1x1_setting1_dqn_domain_adaptation	SIM_TEST	24	147.7	0.0	-4.05	6.00	0.40	1872
tempe_1x1_setting1_dqn_domain_adaptation	REAL_TRAIN	24	165.5	0.0	-6.38	10.51	0.45	1828
tempe_1x1_setting1_dqn_domain_adaptation	SIM_TRAIN	24	148.2	4.8	-5.28	7.86	0.39	1871
tempe_1x1_setting1_dqn_domain_adaptation	SIM_TEST	25	149.7	0.0	-5.46	8.37	0.37	1875
tempe_1x1_setting1_dqn_domain_adaptation	REAL_TRAIN	25	165.0	0.0	-5.96	10.24	0.40	1826
tempe_1x1_setting1_dqn_domain_adaptation	SIM_TRAIN	25	147.7	2.8	-5.09	7.60	0.39	1874
tempe_1x1_setting1_dqn_domain_adaptation	SIM_TEST	26	144.8	0.0	-4.23	6.25	0.38	1875
tempe_1x1_setting1_dqn_domain_adaptation	REAL_TRAIN	26	158.7	0.0	-4.27	7.41	0.40	1830
tempe_1x1_setting1_dqn_domain_adaptation	SIM_TRAIN	26	145.9	1.9	-4.55	6.70	0.38	1875
tempe_1x1_setting1_dqn_domain_adaptation	SIM_TEST	27	192.3	0.0	-5.36	8.38	0.61	1847
tempe_1x1_setting1_dqn_domain_adaptation	REAL_TRAIN	27	161.5	0.0	-5.29	8.88	0.45	1830
tempe_1x1_setting1_dqn_domain_adaptation	SIM_TRAIN	27	145.1	1.5	-4.34	6.37	0.38	1870
tempe_1x1_setting1_dqn_domain_adaptation	SIM_TEST	28	144.6	0.0	-3.84	5.75	0.38	1873
tempe_1x1_setting1_dqn_domain_adaptation	REAL_TRAIN	28	161.5	0.0	-5.24	8.89	0.45	1829
tempe_1x1_setting1_dqn_domain_adaptation	SIM_TRAIN	28	145.4	1.3	-4.39	6.51	0.39	1873
tempe_1x1_setting1_dqn_domain_adaptation	SIM_TEST	29	144.6	0.0	-3.69	5.57	0.39	1872
tempe_1x1_setting1_dqn_domain_adaptation	REAL_TRAIN	29	161.6	0.0	-5.35	8.93	0.46	1830
tempe_1x1_setting1_dqn_domain_adaptation	SIM_TRAIN	29	146.0	1.0	-4.57	6.84	0.38	1872
tempe_1x1_setting1_dqn_domain_adaptation	SIM_TEST	30	144.0	0.0	-3.72	5.54	0.38	1872
tempe_1x1_setting1_dqn_domain_adaptation	REAL_TRAIN	30	163.0	0.0	-5.82	9.61	0.48	1829
tempe_1x1_setting1_dqn_domain_adaptation	SIM_TRAIN	30	145.1	0.8	-4.33	6.46	0.39	1873
tempe_1x1_setting1_dqn_domain_adaptation	SIM_TEST	31	144.1	0.0	-3.46	5.16	0.39	1873
tempe_1x1_setting1_dqn_domain_adaptation	REAL_TRAIN	31	163.4	0.0	-6.02	9.83	0.48	1830
tempe_1x1_setting1_dqn_domain_adaptation	SIM_TRAIN	31	145.3	0.7	-4.42	6.57	0.39	1875
tempe_1x1_setting1_dqn_domain_adaptation	SIM_TEST	32	144.5	0.0	-3.73	5.66	0.39	1873
tempe_1x1_setting1_dqn_domain_adaptation	REAL_TRAIN	32	162.0	0.0	-5.54	9.19	0.47	1827
tempe_1x1_setting1_dqn_domain_adaptation	SIM_TRAIN	32	144.8	0.7	-4.26	6.32	0.39	1873
tempe_1x1_setting1_dqn_domain_adaptation	SIM_TEST	33	132.2	0.0	-0.56	0.89	0.27	1878
tempe_1x1_setting1_dqn_domain_adaptation	REAL_TRAIN	33	162.7	0.0	-5.76	9.43	0.47	1831
tempe_1x1_setting1_dqn_domain_adaptation	SIM_TRAIN	33	145.0	0.7	-4.25	6.34	0.39	1872
tempe_1x1_setting1_dqn_domain_adaptation	SIM_TEST	34	146.6	0.0	-4.22	6.39	0.40	1872
tempe_1x1_setting1_dqn_domain_adaptation	REAL_TRAIN	34	160.6	0.0	-5.12	8.52	0.46	1827
tempe_1x1_setting1_dqn_domain_adaptation	SIM_TRAIN	34	145.1	0.6	-4.31	6.39	0.38	1875
tempe_1x1_setting1_dqn_domain_adaptation	SIM_TEST	35	147.3	0.0	-3.27	4.85	0.40	1872
tempe_1x1_setting1_dqn_domain_adaptation	REAL_TRAIN	35	160.1	0.0	-5.04	8.33	0.45	1826
tempe_1x1_setting1_dqn_domain_adaptation	SIM_TRAIN	35	145.3	0.6	-4.42	6.57	0.38	1870
tempe_1x1_setting1_dqn_domain_adaptation	SIM_TEST	36	143.6	0.0	-3.58	5.25	0.37	1875
tempe_1x1_setting1_dqn_domain_adaptation	REAL_TRAIN	36	159.9	0.0	-4.92	8.14	0.44	1832
tempe_1x1_setting1_dqn_domain_adaptation	SIM_TRAIN	36	144.3	0.6	-4.10	6.05	0.37	1872
tempe_1x1_setting1_dqn_domain_adaptation	SIM_TEST	37	144.6	0.0	-3.76	5.63	0.39	1876
tempe_1x1_setting1_dqn_domain_adaptation	REAL_TRAIN	37	161.5	0.0	-5.36	8.81	0.46	1831
tempe_1x1_setting1_dqn_domain_adaptation	SIM_TRAIN	37	144.5	0.5	-4.17	6.19	0.39	1874
tempe_1x1_setting1_dqn_domain_adaptation	SIM_TEST	38	143.2	0.0	-3.46	5.14	0.37	1875
tempe_1x1_setting1_dqn_domain_adaptation	REAL_TRAIN	38	160.5	0.0	-5.07	8.31	0.45	1828
tempe_1x1_setting1_dqn_domain_adaptation	SIM_TRAIN	38	145.1	0.5	-4.32	6.32	0.37	1875
tempe_1x1_setting1_dqn_domain_adaptation	SIM_TEST	39	150.4	0.0	-4.89	7.30	0.42	1871
tempe_1x1_setting1_dqn_domain_adaptation	REAL_TRAIN	39	162.1	0.0	-5.61	9.20	0.47	1831
tempe_1x1_setting1_dqn_domain_adaptation	SIM_TRAIN	39	145.0	0.5	-4.34	6.35	0.38	1871
tempe_1x1_setting1_dqn_domain_adaptation	SIM_TEST	40	144.2	0.0	-3.68	5.55	0.39	1873
tempe_1x1_setting1_dqn_domain_adaptation	REAL_TRAIN	40	161.9	0.0	-5.59	9.16	0.47	1831
tempe_1x1_setting1_dqn_domain_adaptation	SIM_TRAIN	40	145.3	0.5	-4.43	6.54	0.39	1871
tempe_1x1_setting1_dqn_domain_adaptation	SIM_TEST	41	144.0	0.0	-3.64	5.43	0.38	1875
tempe_1x1_setting1_dqn_domain_adaptation	REAL_TRAIN	41	160.8	0.0	-5.21	8.56	0.45	1830
tempe_1x1_setting1_dqn_domain_adaptation	SIM_TRAIN	41	144.4	0.5	-4.08	5.97	0.37	1871
tempe_1x1_setting1_dqn_domain_adaptation	SIM_TEST	42	140.7	0.0	-2.50	3.97	0.34	1877
tempe_1x1_setting1_dqn_domain_adaptation	REAL_TRAIN	42	161.5	0.0	-5.38	8.84	0.45	1828
tempe_1x1_setting1_dqn_domain_adaptation	SIM_TRAIN	42	144.5	0.4	-4.12	6.06	0.37	1873
tempe_1x1_setting1_dqn_domain_adaptation	SIM_TEST	43	144.5	0.0	-3.53	5.26	0.38	1872
tempe_1x1_setting1_dqn_domain_adaptation	REAL_TRAIN	43	161.8	0.0	-5.55	8.97	0.46	1826
tempe_1x1_setting1_dqn_domain_adaptation	SIM_TRAIN	43	144.7	0.4	-4.18	6.17	0.37	1873
tempe_1x1_setting1_dqn_domain_adaptation	SIM_TEST	44	143.8	0.0	-3.87	5.70	0.37	1874
tempe_1x1_setting1_dqn_domain_adaptation	REAL_TRAIN	44	160.8	0.0	-5.26	8.51	0.45	1825
tempe_1x1_setting1_dqn_domain_adaptation	SIM_TRAIN	44	144.2	0.4	-4.06	5.95	0.37	1873
tempe_1x1_setting1_dqn_domain_adaptation	SIM_TEST	45	147.9	0.0	-4.44	6.73	0.41	1870
tempe_1x1_setting1_dqn_domain_adaptation	REAL_TRAIN	45	161.3	0.0	-5.40	8.87	0.46	1827
tempe_1x1_setting1_dqn_domain_adaptation	SIM_TRAIN	45	145.2	0.4	-4.31	6.33	0.37	1874
tempe_1x1_setting1_dqn_domain_adaptation	SIM_TEST	46	144.2	0.0	-4.03	5.83	0.36	1874
tempe_1x1_setting1_dqn_domain_adaptation	REAL_TRAIN	46	161.3	0.0	-5.24	8.65	0.44	1828
tempe_1x1_setting1_dqn_domain_adaptation	SIM_TRAIN	46	144.8	0.4	-4.21	6.18	0.38	1870
tempe_1x1_setting1_dqn_domain_adaptation	SIM_TEST	47	184.1	0.0	-4.26	6.63	0.59	1850
tempe_1x1_setting1_dqn_domain_adaptation	REAL_TRAIN	47	160.1	0.0	-4.95	8.12	0.44	1828
tempe_1x1_setting1_dqn_domain_adaptation	SIM_TRAIN	47	145.1	0.4	-4.31	6.33	0.38	1875
tempe_1x1_setting1_dqn_domain_adaptation	SIM_TEST	48	147.7	0.0	-4.35	6.60	0.40	1872
tempe_1x1_setting1_dqn_domain_adaptation	REAL_TRAIN	48	162.0	0.0	-5.54	9.09	0.46	1827
tempe_1x1_setting1_dqn_domain_adaptation	SIM_TRAIN	48	144.5	0.4	-4.15	6.06	0.37	1872
tempe_1x1_setting1_dqn_domain_adaptation	SIM_TEST	49	143.8	0.0	-3.61	5.45	0.38	1875
tempe_1x1_setting1_dqn_domain_adaptation	REAL_TRAIN	49	160.2	0.0	-5.07	8.32	0.45	1829
tempe_1x1_setting1_dqn_domain_adaptation	SIM_TRAIN	49	144.4	0.4	-4.10	6.03	0.38	1873
tempe_1x1_setting1_dqn_domain_adaptation	SIM_TEST	50	144.0	0.0	-3.46	5.12	0.38	1874
tempe_1x1_setting1_dqn_domain_adaptation	REAL_TRAIN	50	159.9	0.0	-4.96	8.11	0.44	1827
tempe_1x1_setting1_dqn_domain_adaptation	SIM_TRAIN	50	145.1	0.4	-4.30	6.31	0.38	1873
tempe_1x1_setting1_dqn_domain_adaptation	SIM_TEST	51	144.6	0.0	-3.46	5.14	0.37	1875
tempe_1x1_setting1_dqn_domain_adaptation	REAL_TRAIN	51	160.0	0.0	-4.95	8.10	0.44	1829
tempe_1x1_setting1_dqn_domain_adaptation	SIM_TRAIN	51	144.5	0.4	-4.08	5.99	0.36	1874
tempe_1x1_setting1_dqn_domain_adaptation	SIM_TEST	52	143.9	0.0	-3.71	5.57	0.38	1873
tempe_1x1_setting1_dqn_domain_adaptation	REAL_TRAIN	52	160.5	0.0	-5.09	8.36	0.45	1830
tempe_1x1_setting1_dqn_domain_adaptation	SIM_TRAIN	52	145.3	0.4	-4.38	6.49	0.38	1874
tempe_1x1_setting1_dqn_domain_adaptation	SIM_TEST	53	145.2	0.0	-3.27	4.99	0.37	1873
tempe_1x1_setting1_dqn_domain_adaptation	REAL_TRAIN	53	160.5	0.0	-5.14	8.33	0.44	1829
tempe_1x1_setting1_dqn_domain_adaptation	SIM_TRAIN	53	145.1	0.4	-4.32	6.36	0.37	1874
tempe_1x1_setting1_dqn_domain_adaptation	SIM_TEST	54	149.6	0.0	-4.36	6.36	0.41	1871
tempe_1x1_setting1_dqn_domain_adaptation	REAL_TRAIN	54	163.0	0.0	-5.89	9.48	0.47	1826
tempe_1x1_setting1_dqn_domain_adaptation	SIM_TRAIN	54	144.6	0.4	-4.21	6.17	0.38	1874
tempe_1x1_setting1_dqn_domain_adaptation	SIM_TEST	55	143.4	0.0	-3.09	4.51	0.37	1874
tempe_1x1_setting1_dqn_domain_adaptation	REAL_TRAIN	55	161.5	0.0	-5.42	8.79	0.46	1829
tempe_1x1_setting1_dqn_domain_adaptation	SIM_TRAIN	55	145.0	0.4	-4.35	6.36	0.38	1872
tempe_1x1_setting1_dqn_domain_adaptation	SIM_TEST	56	144.4	0.0	-3.73	5.54	0.39	1875
tempe_1x1_setting1_dqn_domain_adaptation	REAL_TRAIN	56	160.3	0.0	-5.08	8.26	0.44	1830
tempe_1x1_setting1_dqn_domain_adaptation	SIM_TRAIN	56	144.2	0.3	-4.02	5.89	0.37	1873
tempe_1x1_setting1_dqn_domain_adaptation	SIM_TEST	57	144.0	0.0	-3.69	5.57	0.37	1876
tempe_1x1_setting1_dqn_domain_adaptation	REAL_TRAIN	57	159.8	0.0	-4.87	8.04	0.43	1829
tempe_1x1_setting1_dqn_domain_adaptation	SIM_TRAIN	57	144.7	0.3	-4.18	6.13	0.37	1873
tempe_1x1_setting1_dqn_domain_adaptation	SIM_TEST	58	143.6	0.0	-3.83	5.74	0.37	1874
tempe_1x1_setting1_dqn_domain_adaptation	REAL_TRAIN	58	160.4	0.0	-5.05	8.29	0.45	1832
tempe_1x1_setting1_dqn_domain_adaptation	SIM_TRAIN	58	144.5	0.3	-4.13	6.12	0.38	1875
tempe_1x1_setting1_dqn_domain_adaptation	SIM_TEST	59	144.4	0.0	-3.28	4.91	0.38	1875
tempe_1x1_setting1_dqn_domain_adaptation	REAL_TRAIN	59	160.2	0.0	-4.97	8.12	0.44	1827
tempe_1x1_setting1_dqn_domain_adaptation	SIM_TRAIN	59	144.8	0.3	-4.23	6.28	0.38	1872
tempe_1x1_setting1_dqn_domain_adaptation	SIM_TEST	60	192.2	0.0	-4.70	7.10	0.61	1846
tempe_1x1_setting1_dqn_domain_adaptation	REAL_TRAIN	60	160.3	0.0	-4.92	8.13	0.44	1828
tempe_1x1_setting1_dqn_domain_adaptation	SIM_TRAIN	60	144.1	0.3	-4.02	5.92	0.37	1869
tempe_1x1_setting1_dqn_domain_adaptation	SIM_TEST	61	143.5	0.0	-3.65	5.43	0.36	1875
tempe_1x1_setting1_dqn_domain_adaptation	REAL_TRAIN	61	159.1	0.0	-4.58	7.57	0.42	1831
tempe_1x1_setting1_dqn_domain_adaptation	SIM_TRAIN	61	144.1	0.3	-4.02	5.91	0.37	1875
tempe_1x1_setting1_dqn_domain_adaptation	SIM_TEST	62	144.0	0.0	-3.42	5.01	0.38	1873
tempe_1x1_setting1_dqn_domain_adaptation	REAL_TRAIN	62	160.1	0.0	-4.97	8.17	0.45	1826
tempe_1x1_setting1_dqn_domain_adaptation	SIM_TRAIN	62	145.0	0.3	-4.26	6.25	0.38	1871
tempe_1x1_setting1_dqn_domain_adaptation	SIM_TEST	63	143.7	0.0	-3.34	4.93	0.37	1876
tempe_1x1_setting1_dqn_domain_adaptation	REAL_TRAIN	63	160.4	0.0	-4.92	8.08	0.43	1828
tempe_1x1_setting1_dqn_domain_adaptation	SIM_TRAIN	63	145.4	0.3	-4.42	6.42	0.38	1874
tempe_1x1_setting1_dqn_domain_adaptation	SIM_TEST	64	144.6	0.0	-3.86	5.85	0.37	1873
tempe_1x1_setting1_dqn_domain_adaptation	REAL_TRAIN	64	160.5	0.0	-4.97	8.24	0.44	1830
tempe_1x1_setting1_dqn_domain_adaptation	SIM_TRAIN	64	144.8	0.3	-4.18	6.14	0.38	1874
tempe_1x1_setting1_dqn_domain_adaptation	SIM_TEST	65	143.8	0.0	-3.72	5.47	0.36	1875
tempe_1x1_setting1_dqn_domain_adaptation	REAL_TRAIN	65	159.8	0.0	-4.80	7.89	0.43	1824
tempe_1x1_setting1_dqn_domain_adaptation	SIM_TRAIN	65	144.5	0.3	-4.15	6.01	0.37	1873
tempe_1x1_setting1_dqn_domain_adaptation	SIM_TEST	66	144.7	0.0	-3.88	5.87	0.39	1874
tempe_1x1_setting1_dqn_domain_adaptation	REAL_TRAIN	66	159.1	0.0	-4.68	7.78	0.44	1830
tempe_1x1_setting1_dqn_domain_adaptation	SIM_TRAIN	66	144.6	0.3	-4.18	6.13	0.37	1875
tempe_1x1_setting1_dqn_domain_adaptation	SIM_TEST	67	143.2	0.0	-3.53	5.28	0.36	1874
tempe_1x1_setting1_dqn_domain_adaptation	REAL_TRAIN	67	159.6	0.0	-4.74	7.89	0.43	1828
tempe_1x1_setting1_dqn_domain_adaptation	SIM_TRAIN	67	144.6	0.3	-4.16	6.12	0.38	1872
tempe_1x1_setting1_dqn_domain_adaptation	SIM_TEST	68	142.9	0.0	-3.38	5.06	0.36	1875
tempe_1x1_setting1_dqn_domain_adaptation	REAL_TRAIN	68	159.5	0.0	-4.76	7.83	0.43	1829
tempe_1x1_setting1_dqn_domain_adaptation	SIM_TRAIN	68	144.8	0.3	-4.17	6.13	0.37	1873
tempe_1x1_setting1_dqn_domain_adaptation	SIM_TEST	69	143.4	0.0	-3.79	5.55	0.36	1873
tempe_1x1_setting1_dqn_domain_adaptation	REAL_TRAIN	69	159.3	0.0	-4.69	7.74	0.44	1830
tempe_1x1_setting1_dqn_domain_adaptation	SIM_TRAIN	69	144.3	0.3	-4.07	6.02	0.37	1873
tempe_1x1_setting1_dqn_domain_adaptation	SIM_TEST	70	143.5	0.0	-3.35	4.97	0.37	1874
tempe_1x1_setting1_dqn_domain_adaptation	REAL_TRAIN	70	160.1	0.0	-4.88	8.13	0.44	1831
tempe_1x1_setting1_dqn_domain_adaptation	SIM_TRAIN	70	144.4	0.3	-4.07	5.96	0.37	1875
tempe_1x1_setting1_dqn_domain_adaptation	SIM_TEST	71	143.5	0.0	-3.77	5.59	0.37	1874
tempe_1x1_setting1_dqn_domain_adaptation	REAL_TRAIN	71	160.4	0.0	-4.95	8.12	0.44	1828
tempe_1x1_setting1_dqn_domain_adaptation	SIM_TRAIN	71	145.0	0.3	-4.28	6.28	0.38	1876
tempe_1x1_setting1_dqn_domain_adaptation	SIM_TEST	72	143.2	0.0	-3.50	5.20	0.37	1873
tempe_1x1_setting1_dqn_domain_adaptation	REAL_TRAIN	72	160.2	0.0	-4.86	8.00	0.44	1826
tempe_1x1_setting1_dqn_domain_adaptation	SIM_TRAIN	72	144.6	0.3	-4.22	6.17	0.37	1875
tempe_1x1_setting1_dqn_domain_adaptation	SIM_TEST	73	143.2	0.0	-3.27	4.83	0.37	1876
tempe_1x1_setting1_dqn_domain_adaptation	REAL_TRAIN	73	159.4	0.0	-4.65	7.75	0.43	1828
tempe_1x1_setting1_dqn_domain_adaptation	SIM_TRAIN	73	144.3	0.3	-4.08	5.99	0.38	1874
tempe_1x1_setting1_dqn_domain_adaptation	SIM_TEST	74	144.1	0.0	-3.81	5.70	0.36	1875
tempe_1x1_setting1_dqn_domain_adaptation	REAL_TRAIN	74	159.9	0.0	-4.80	7.97	0.43	1829
tempe_1x1_setting1_dqn_domain_adaptation	SIM_TRAIN	74	144.9	0.3	-4.22	6.17	0.38	1875
tempe_1x1_setting1_dqn_domain_adaptation	SIM_TEST	75	143.5	0.0	-3.59	5.35	0.37	1875
tempe_1x1_setting1_dqn_domain_adaptation	REAL_TRAIN	75	160.4	0.0	-5.02	8.20	0.44	1832
tempe_1x1_setting1_dqn_domain_adaptation	SIM_TRAIN	75	145.1	0.3	-4.33	6.38	0.38	1876
tempe_1x1_setting1_dqn_domain_adaptation	SIM_TEST	76	143.6	0.0	-3.77	5.72	0.38	1875
tempe_1x1_setting1_dqn_domain_adaptation	REAL_TRAIN	76	160.0	0.0	-4.90	8.10	0.45	1823
tempe_1x1_setting1_dqn_domain_adaptation	SIM_TRAIN	76	144.4	0.3	-4.05	5.95	0.37	1874
tempe_1x1_setting1_dqn_domain_adaptation	SIM_TEST	77	143.7	0.0	-3.44	5.11	0.38	1875
tempe_1x1_setting1_dqn_domain_adaptation	REAL_TRAIN	77	160.9	0.0	-5.24	8.64	0.45	1828
tempe_1x1_setting1_dqn_domain_adaptation	SIM_TRAIN	77	144.8	0.3	-4.24	6.27	0.38	1872
tempe_1x1_setting1_dqn_domain_adaptation	SIM_TEST	78	144.4	0.0	-3.66	5.55	0.38	1872
tempe_1x1_setting1_dqn_domain_adaptation	REAL_TRAIN	78	159.8	0.0	-4.98	8.15	0.45	1830
tempe_1x1_setting1_dqn_domain_adaptation	SIM_TRAIN	78	144.3	0.3	-4.11	6.03	0.38	1874
tempe_1x1_setting1_dqn_domain_adaptation	SIM_TEST	79	143.6	0.0	-3.59	5.38	0.37	1874
tempe_1x1_setting1_dqn_domain_adaptation	REAL_TRAIN	79	160.8	0.0	-5.20	8.57	0.45	1825
tempe_1x1_setting1_dqn_domain_adaptation	SIM_TRAIN	79	145.1	0.3	-4.30	6.29	0.38	1873
tempe_1x1_setting1_dqn_domain_adaptation	SIM_TEST	80	132.5	0.0	-0.68	1.11	0.28	1877
tempe_1x1_setting1_dqn_domain_adaptation	REAL_TRAIN	80	160.5	0.0	-5.10	8.41	0.46	1826
tempe_1x1_setting1_dqn_domain_adaptation	SIM_TRAIN	80	144.7	0.3	-4.23	6.21	0.39	1874
tempe_1x1_setting1_dqn_domain_adaptation	SIM_TEST	81	145.1	0.0	-3.76	5.64	0.38	1873
tempe_1x1_setting1_dqn_domain_adaptation	REAL_TRAIN	81	160.2	0.0	-4.99	8.24	0.45	1829
tempe_1x1_setting1_dqn_domain_adaptation	SIM_TRAIN	81	144.9	0.3	-4.25	6.26	0.37	1874
tempe_1x1_setting1_dqn_domain_adaptation	SIM_TEST	82	183.9	0.0	-4.06	6.21	0.60	1854
tempe_1x1_setting1_dqn_domain_adaptation	REAL_TRAIN	82	160.5	0.0	-5.20	8.44	0.45	1829
tempe_1x1_setting1_dqn_domain_adaptation	SIM_TRAIN	82	144.5	0.3	-4.16	6.13	0.38	1876
tempe_1x1_setting1_dqn_domain_adaptation	SIM_TEST	83	143.7	0.0	-3.76	5.67	0.36	1875
tempe_1x1_setting1_dqn_domain_adaptation	REAL_TRAIN	83	160.5	0.0	-5.16	8.51	0.45	1823
tempe_1x1_setting1_dqn_domain_adaptation	SIM_TRAIN	83	145.0	0.3	-4.29	6.33	0.38	1871
tempe_1x1_setting1_dqn_domain_adaptation	SIM_TEST	84	143.3	0.0	-3.57	5.27	0.37	1873
tempe_1x1_setting1_dqn_domain_adaptation	REAL_TRAIN	84	160.8	0.0	-5.16	8.50	0.45	1830
tempe_1x1_setting1_dqn_domain_adaptation	SIM_TRAIN	84	144.5	0.3	-4.14	6.04	0.37	1873
tempe_1x1_setting1_dqn_domain_adaptation	SIM_TEST	85	143.9	0.0	-3.90	5.76	0.37	1873
tempe_1x1_setting1_dqn_domain_adaptation	REAL_TRAIN	85	161.4	0.0	-5.36	8.77	0.45	1825
tempe_1x1_setting1_dqn_domain_adaptation	SIM_TRAIN	85	144.5	0.3	-4.08	6.04	0.37	1874
tempe_1x1_setting1_dqn_domain_adaptation	SIM_TEST	86	148.8	0.0	-4.39	6.62	0.40	1871
tempe_1x1_setting1_dqn_domain_adaptation	REAL_TRAIN	86	160.3	0.0	-5.06	8.36	0.45	1830
tempe_1x1_setting1_dqn_domain_adaptation	SIM_TRAIN	86	144.5	0.3	-4.17	6.14	0.38	1874
tempe_1x1_setting1_dqn_domain_adaptation	SIM_TEST	87	145.9	0.0	-3.87	5.82	0.38	1873
tempe_1x1_setting1_dqn_domain_adaptation	REAL_TRAIN	87	162.1	0.0	-5.74	9.21	0.46	1829
tempe_1x1_setting1_dqn_domain_adaptation	SIM_TRAIN	87	144.4	0.3	-4.07	6.04	0.37	1875
tempe_1x1_setting1_dqn_domain_adaptation	SIM_TEST	88	143.8	0.0	-3.70	5.53	0.36	1874
tempe_1x1_setting1_dqn_domain_adaptation	REAL_TRAIN	88	159.1	0.0	-4.65	7.69	0.43	1831
tempe_1x1_setting1_dqn_domain_adaptation	SIM_TRAIN	88	144.5	0.3	-4.17	6.10	0.37	1873
tempe_1x1_setting1_dqn_domain_adaptation	SIM_TEST	89	147.2	0.0	-4.35	6.61	0.39	1870
tempe_1x1_setting1_dqn_domain_adaptation	REAL_TRAIN	89	160.1	0.0	-4.89	8.08	0.44	1826
tempe_1x1_setting1_dqn_domain_adaptation	SIM_TRAIN	89	144.7	0.3	-4.20	6.24	0.38	1871
tempe_1x1_setting1_dqn_domain_adaptation	SIM_TEST	90	143.4	0.0	-3.48	5.15	0.36	1872
tempe_1x1_setting1_dqn_domain_adaptation	REAL_TRAIN	90	161.7	0.0	-5.57	8.93	0.46	1827
tempe_1x1_setting1_dqn_domain_adaptation	SIM_TRAIN	90	144.8	0.3	-4.22	6.26	0.38	1871
tempe_1x1_setting1_dqn_domain_adaptation	SIM_TEST	91	143.2	0.0	-3.48	5.17	0.36	1874
tempe_1x1_setting1_dqn_domain_adaptation	REAL_TRAIN	91	161.4	0.0	-5.48	8.89	0.45	1828
tempe_1x1_setting1_dqn_domain_adaptation	SIM_TRAIN	91	144.3	0.3	-4.04	5.91	0.37	1873
tempe_1x1_setting1_dqn_domain_adaptation	SIM_TEST	92	140.2	0.0	-2.37	3.49	0.33	1875
tempe_1x1_setting1_dqn_domain_adaptation	REAL_TRAIN	92	161.8	0.0	-5.51	8.91	0.45	1825
tempe_1x1_setting1_dqn_domain_adaptation	SIM_TRAIN	92	144.7	0.3	-4.18	6.14	0.39	1874
tempe_1x1_setting1_dqn_domain_adaptation	SIM_TEST	93	144.1	0.0	-3.68	5.51	0.37	1875
tempe_1x1_setting1_dqn_domain_adaptation	REAL_TRAIN	93	160.1	0.0	-5.08	8.23	0.44	1828
tempe_1x1_setting1_dqn_domain_adaptation	SIM_TRAIN	93	144.3	0.3	-4.09	6.06	0.37	1871
tempe_1x1_setting1_dqn_domain_adaptation	SIM_TEST	94	144.3	0.0	-4.08	5.99	0.38	1874
tempe_1x1_setting1_dqn_domain_adaptation	REAL_TRAIN	94	164.5	0.0	-6.50	10.45	0.48	1825
tempe_1x1_setting1_dqn_domain_adaptation	SIM_TRAIN	94	144.9	0.3	-4.25	6.28	0.38	1875
tempe_1x1_setting1_dqn_domain_adaptation	SIM_TEST	95	191.0	0.0	-4.54	6.79	0.61	1848
tempe_1x1_setting1_dqn_domain_adaptation	REAL_TRAIN	95	160.2	0.0	-5.09	8.29	0.45	1826
tempe_1x1_setting1_dqn_domain_adaptation	SIM_TRAIN	95	144.9	0.3	-4.25	6.28	0.38	1873
tempe_1x1_setting1_dqn_domain_adaptation	SIM_TEST	96	144.2	0.0	-3.79	5.69	0.38	1875
tempe_1x1_setting1_dqn_domain_adaptation	REAL_TRAIN	96	160.1	0.0	-4.98	8.29	0.45	1828
tempe_1x1_setting1_dqn_domain_adaptation	SIM_TRAIN	96	144.4	0.3	-4.08	6.08	0.37	1875
tempe_1x1_setting1_dqn_domain_adaptation	SIM_TEST	97	143.5	0.0	-3.84	5.68	0.37	1874
tempe_1x1_setting1_dqn_domain_adaptation	REAL_TRAIN	97	161.9	0.0	-5.70	9.21	0.47	1829
tempe_1x1_setting1_dqn_domain_adaptation	SIM_TRAIN	97	144.5	0.3	-4.13	6.05	0.37	1873
tempe_1x1_setting1_dqn_domain_adaptation	SIM_TEST	98	143.8	0.0	-3.44	5.20	0.38	1874
tempe_1x1_setting1_dqn_domain_adaptation	REAL_TRAIN	98	160.2	0.0	-4.97	8.32	0.46	1829
tempe_1x1_setting1_dqn_domain_adaptation	SIM_TRAIN	98	144.8	0.3	-4.23	6.22	0.38	1872
tempe_1x1_setting1_dqn_domain_adaptation	SIM_TEST	99	143.8	0.0	-3.20	4.68	0.36	1874
tempe_1x1_setting1_dqn_domain_adaptation	REAL_TRAIN	99	161.7	0.0	-5.62	9.12	0.47	1830
tempe_1x1_setting1_dqn_domain_adaptation	SIM_TRAIN	99	144.6	0.3	-4.23	6.16	0.37	1874
tempe_1x1_setting1_dqn_domain_adaptation	REAL_TEST	100	163.3	100.0	-6.24	10.11	0.49	1827
