hz1x1_setting4_dqn_domain_adaptation	SIM_TEST	0	136.7	0.0	-52.48	34.74	0.67	1965
hz1x1_setting4_dqn_domain_adaptation	REAL_TRAIN	0	308.9	0.0	-170.65	113.77	0.88	1487
hz1x1_setting4_dqn_domain_adaptation	SIM_TEST	1	224.2	0.0	-75.96	50.34	0.76	1850
hz1x1_setting4_dqn_domain_adaptation	REAL_TRAIN	1	308.9	0.0	-170.65	113.77	0.88	1487
hz1x1_setting4_dqn_domain_adaptation	SIM_TEST	2	95.7	0.0	-30.19	19.84	0.53	1982
hz1x1_setting4_dqn_domain_adaptation	REAL_TRAIN	2	308.9	0.0	-170.65	113.77	0.88	1487
hz1x1_setting4_dqn_domain_adaptation	SIM_TEST	3	97.1	0.0	-31.88	20.87	0.55	1979
hz1x1_setting4_dqn_domain_adaptation	REAL_TRAIN	3	308.9	0.0	-170.65	113.77	0.88	1487
hz1x1_setting4_dqn_domain_adaptation	SIM_TEST	4	114.4	0.0	-42.70	28.19	0.63	1966
hz1x1_setting4_dqn_domain_adaptation	REAL_TRAIN	4	308.9	0.0	-170.65	113.77	0.88	1487
hz1x1_setting4_dqn_domain_adaptation	SIM_TEST	5	138.3	0.0	-53.21	35.20	0.68	1958
hz1x1_setting4_dqn_domain_adaptation	REAL_TRAIN	5	308.9	0.0	-170.65	113.77	0.88	1487
hz1x1_setting4_dqn_domain_adaptation	SIM_TEST	6	98.3	0.0	-32.97	21.57	0.55	1969
hz1x1_setting4_dqn_domain_adaptation	REAL_TRAIN	6	308.9	0.0	-170.65	113.77	0.88	1487
hz1x1_setting4_dqn_domain_adaptation	SIM_TEST	7	206.1	0.0	-71.97	47.79	0.74	1873
hz1x1_setting4_dqn_domain_adaptation	REAL_TRAIN	7	308.9	0.0	-170.65	113.77	0.88	1487
hz1x1_setting4_dqn_domain_adaptation	SIM_TEST	8	101.0	0.0	-35.19	23.04	0.57	1973
hz1x1_setting4_dqn_domain_adaptation	REAL_TRAIN	8	308.9	0.0	-170.65	113.77	0.88	1487
hz1x1_setting4_dqn_domain_adaptation	SIM_TEST	9	110.0	0.0	-42.23	27.91	0.62	1965
hz1x1_setting4_dqn_domain_adaptation	REAL_TRAIN	9	308.9	0.0	-170.65	113.77	0.88	1487
hz1x1_setting4_dqn_domain_adaptation	SIM_TRAIN	9	884.5	0.0	-133.04	88.74	0.63	1045
hz1x1_setting4_dqn_domain_adaptation	SIM_TEST	10	214.9	0.0	-75.75	50.13	0.74	1868
hz1x1_setting4_dqn_domain_adaptation	REAL_TRAIN	10	308.9	0.0	-170.65	113.77	0.88	1487
hz1x1_setting4_dqn_domain_adaptation	SIM_TRAIN	10	867.7	0.0	-121.24	80.82	0.65	1063
hz1x1_setting4_dqn_domain_adaptation	SIM_TEST	11	224.4	0.0	-77.89	51.71	0.76	1855
hz1x1_setting4_dqn_domain_adaptation	REAL_TRAIN	11	308.9	0.0	-170.65	113.77	0.88	1487
hz1x1_setting4_dqn_domain_adaptation	SIM_TRAIN	11	911.8	845.8	-121.22	80.75	0.66	1137
hz1x1_setting4_dqn_domain_adaptation	SIM_TEST	12	255.2	0.0	-81.36	53.97	0.62	1895
hz1x1_setting4_dqn_domain_adaptation	REAL_TRAIN	12	348.5	0.0	-179.24	119.49	0.83	1314
hz1x1_setting4_dqn_domain_adaptation	SIM_TRAIN	12	457.2	217.7	-95.27	63.39	0.74	1589
hz1x1_setting4_dqn_domain_adaptation	SIM_TEST	13	190.1	0.0	-80.84	53.33	0.64	1888
hz1x1_setting4_dqn_domain_adaptation	REAL_TRAIN	13	371.4	0.0	-176.32	117.52	0.82	1198
hz1x1_setting4_dqn_domain_adaptation	SIM_TRAIN	13	458.0	229.2	-96.29	64.11	0.74	1589
hz1x1_setting4_dqn_domain_adaptation	SIM_TEST	14	281.9	0.0	-70.28	46.71	0.65	1814
hz1x1_setting4_dqn_domain_adaptation	REAL_TRAIN	14	316.9	0.0	-167.87	111.84	0.83	1387
hz1x1_setting4_dqn_domain_adaptation	SIM_TRAIN	14	440.4	228.0	-100.52	67.00	0.77	1594
hz1x1_setting4_dqn_domain_adaptation	SIM_TEST	15	118.6	0.0	-47.69	31.26	0.58	1988
hz1x1_setting4_dqn_domain_adaptation	REAL_TRAIN	15	347.0	0.0	-178.95	119.23	0.85	1339
hz1x1_setting4_dqn_domain_adaptation	SIM_TRAIN	15	419.7	235.9	-93.15	62.04	0.76	1617
hz1x1_setting4_dqn_domain_adaptation	SIM_TEST	16	269.0	0.0	-83.34	55.34	0.73	1816
hz1x1_setting4_dqn_domain_adaptation	REAL_TRAIN	16	342.6	0.0	-176.82	117.79	0.84	1346
hz1x1_setting4_dqn_domain_adaptation	SIM_TRAIN	16	432.9	222.5	-97.28	64.75	0.79	1616
hz1x1_setting4_dqn_domain_adaptation	SIM_TEST	17	405.5	0.0	-86.71	57.74	0.80	1650
hz1x1_setting4_dqn_domain_adaptation	REAL_TRAIN	17	316.2	0.0	-164.50	109.66	0.84	1379
hz1x1_setting4_dqn_domain_adaptation	SIM_TRAIN	17	397.3	215.0	-89.52	59.64	0.77	1640
hz1x1_setting4_dqn_domain_adaptation	SIM_TEST	18	308.0	0.0	-65.53	43.44	0.58	1800
hz1x1_setting4_dqn_domain_adaptation	REAL_TRAIN	18	366.2	0.0	-180.66	120.38	0.83	1242
hz1x1_setting4_dqn_domain_adaptation	SIM_TRAIN	18	407.9	213.9	-91.86	61.19	0.78	1629
hz1x1_setting4_dqn_domain_adaptation	SIM_TEST	19	506.1	0.0	-99.05	65.73	0.84	1516
hz1x1_setting4_dqn_domain_adaptation	REAL_TRAIN	19	321.0	0.0	-170.33	113.50	0.86	1398
hz1x1_setting4_dqn_domain_adaptation	SIM_TRAIN	19	383.2	204.8	-90.37	60.26	0.80	1664
hz1x1_setting4_dqn_domain_adaptation	SIM_TEST	20	367.3	0.0	-86.37	57.47	0.78	1686
hz1x1_setting4_dqn_domain_adaptation	REAL_TRAIN	20	312.4	0.0	-165.41	110.24	0.86	1407
hz1x1_setting4_dqn_domain_adaptation	SIM_TRAIN	20	412.6	191.9	-94.63	62.91	0.77	1608
hz1x1_setting4_dqn_domain_adaptation	SIM_TEST	21	169.5	0.0	-51.68	33.95	0.67	1942
hz1x1_setting4_dqn_domain_adaptation	REAL_TRAIN	21	304.9	0.0	-159.62	106.40	0.86	1422
hz1x1_setting4_dqn_domain_adaptation	SIM_TRAIN	21	391.2	188.9	-87.72	58.46	0.77	1663
hz1x1_setting4_dqn_domain_adaptation	SIM_TEST	22	167.7	0.0	-60.97	40.19	0.60	1961
hz1x1_setting4_dqn_domain_adaptation	REAL_TRAIN	22	306.3	0.0	-167.01	111.31	0.88	1464
hz1x1_setting4_dqn_domain_adaptation	SIM_TRAIN	22	379.4	193.2	-91.70	61.08	0.80	1654
hz1x1_setting4_dqn_domain_adaptation	SIM_TEST	23	146.8	0.0	-62.41	41.19	0.61	1959
hz1x1_setting4_dqn_domain_adaptation	REAL_TRAIN	23	312.5	0.0	-168.34	112.19	0.88	1432
hz1x1_setting4_dqn_domain_adaptation	SIM_TRAIN	23	363.2	186.9	-88.72	59.04	0.77	1687
hz1x1_setting4_dqn_domain_adaptation	SIM_TEST	24	412.0	0.0	-88.43	58.60	0.82	1634
hz1x1_setting4_dqn_domain_adaptation	REAL_TRAIN	24	329.8	0.0	-181.12	120.71	0.88	1427
hz1x1_setting4_dqn_domain_adaptation	SIM_TRAIN	24	307.2	183.0	-84.52	56.19	0.78	1753
hz1x1_setting4_dqn_domain_adaptation	SIM_TEST	25	134.2	0.0	-58.15	38.39	0.58	1963
hz1x1_setting4_dqn_domain_adaptation	REAL_TRAIN	25	300.4	0.0	-160.69	107.07	0.85	1442
hz1x1_setting4_dqn_domain_adaptation	SIM_TRAIN	25	378.2	180.8	-88.63	59.10	0.76	1670
hz1x1_setting4_dqn_domain_adaptation	SIM_TEST	26	232.5	0.0	-62.64	41.41	0.63	1874
hz1x1_setting4_dqn_domain_adaptation	REAL_TRAIN	26	264.6	0.0	-142.84	95.22	0.84	1531
hz1x1_setting4_dqn_domain_adaptation	SIM_TRAIN	26	364.7	182.0	-87.07	58.02	0.78	1693
hz1x1_setting4_dqn_domain_adaptation	SIM_TEST	27	544.3	0.0	-71.87	47.53	0.85	1486
hz1x1_setting4_dqn_domain_adaptation	REAL_TRAIN	27	310.5	0.0	-171.71	114.41	0.86	1479
hz1x1_setting4_dqn_domain_adaptation	SIM_TRAIN	27	311.3	177.6	-82.02	54.52	0.77	1747
hz1x1_setting4_dqn_domain_adaptation	SIM_TEST	28	339.4	0.0	-73.82	49.11	0.72	1735
hz1x1_setting4_dqn_domain_adaptation	REAL_TRAIN	28	280.5	0.0	-144.62	96.42	0.82	1433
hz1x1_setting4_dqn_domain_adaptation	SIM_TRAIN	28	352.3	180.6	-79.59	52.97	0.79	1716
hz1x1_setting4_dqn_domain_adaptation	SIM_TEST	29	136.3	0.0	-56.56	37.49	0.57	1966
hz1x1_setting4_dqn_domain_adaptation	REAL_TRAIN	29	311.1	0.0	-171.89	114.52	0.87	1473
hz1x1_setting4_dqn_domain_adaptation	SIM_TRAIN	29	335.6	176.9	-82.90	55.14	0.77	1732
hz1x1_setting4_dqn_domain_adaptation	SIM_TEST	30	170.1	0.0	-60.48	39.99	0.62	1961
hz1x1_setting4_dqn_domain_adaptation	REAL_TRAIN	30	276.6	0.0	-150.67	100.39	0.86	1526
hz1x1_setting4_dqn_domain_adaptation	SIM_TRAIN	30	304.0	173.9	-83.61	55.61	0.76	1739
hz1x1_setting4_dqn_domain_adaptation	SIM_TEST	31	169.7	0.0	-60.22	39.83	0.61	1965
hz1x1_setting4_dqn_domain_adaptation	REAL_TRAIN	31	298.4	0.0	-163.12	108.73	0.87	1469
hz1x1_setting4_dqn_domain_adaptation	SIM_TRAIN	31	367.0	175.5	-86.07	57.30	0.79	1680
hz1x1_setting4_dqn_domain_adaptation	SIM_TEST	32	369.5	0.0	-90.36	59.96	0.78	1665
hz1x1_setting4_dqn_domain_adaptation	REAL_TRAIN	32	381.3	0.0	-178.96	119.34	0.82	1171
hz1x1_setting4_dqn_domain_adaptation	SIM_TRAIN	32	315.7	174.6	-75.81	50.38	0.74	1730
hz1x1_setting4_dqn_domain_adaptation	SIM_TEST	33	213.2	0.0	-60.51	39.98	0.66	1884
hz1x1_setting4_dqn_domain_adaptation	REAL_TRAIN	33	277.7	0.0	-150.90	100.60	0.86	1513
hz1x1_setting4_dqn_domain_adaptation	SIM_TRAIN	33	342.8	175.3	-87.77	58.41	0.77	1710
hz1x1_setting4_dqn_domain_adaptation	SIM_TEST	34	651.2	0.0	-107.13	71.32	0.78	1321
hz1x1_setting4_dqn_domain_adaptation	REAL_TRAIN	34	396.8	0.0	-187.23	124.79	0.84	1169
hz1x1_setting4_dqn_domain_adaptation	SIM_TRAIN	34	295.9	171.6	-74.63	49.63	0.75	1778
hz1x1_setting4_dqn_domain_adaptation	SIM_TEST	35	132.5	0.0	-50.85	33.58	0.66	1975
hz1x1_setting4_dqn_domain_adaptation	REAL_TRAIN	35	317.7	0.0	-166.33	110.86	0.86	1400
hz1x1_setting4_dqn_domain_adaptation	SIM_TRAIN	35	371.0	177.3	-86.33	57.46	0.79	1672
hz1x1_setting4_dqn_domain_adaptation	SIM_TEST	36	139.9	0.0	-54.06	35.70	0.63	1976
hz1x1_setting4_dqn_domain_adaptation	REAL_TRAIN	36	279.9	0.0	-152.47	101.67	0.86	1511
hz1x1_setting4_dqn_domain_adaptation	SIM_TRAIN	36	307.9	183.3	-82.06	54.72	0.78	1736
hz1x1_setting4_dqn_domain_adaptation	SIM_TEST	37	295.7	0.0	-84.95	56.43	0.78	1763
hz1x1_setting4_dqn_domain_adaptation	REAL_TRAIN	37	296.7	0.0	-161.53	107.67	0.87	1480
hz1x1_setting4_dqn_domain_adaptation	SIM_TRAIN	37	341.5	175.6	-86.96	57.86	0.78	1722
hz1x1_setting4_dqn_domain_adaptation	SIM_TEST	38	100.8	0.0	-34.62	22.67	0.59	1982
hz1x1_setting4_dqn_domain_adaptation	REAL_TRAIN	38	302.2	0.0	-164.09	109.41	0.87	1483
hz1x1_setting4_dqn_domain_adaptation	SIM_TRAIN	38	317.8	183.1	-83.87	55.76	0.77	1738
hz1x1_setting4_dqn_domain_adaptation	SIM_TEST	39	606.3	0.0	-102.55	67.89	0.87	1386
hz1x1_setting4_dqn_domain_adaptation	REAL_TRAIN	39	301.2	0.0	-167.52	111.70	0.87	1518
hz1x1_setting4_dqn_domain_adaptation	SIM_TRAIN	39	321.0	185.3	-89.06	59.36	0.79	1728
hz1x1_setting4_dqn_domain_adaptation	SIM_TEST	40	98.2	0.0	-32.70	21.48	0.55	1973
hz1x1_setting4_dqn_domain_adaptation	REAL_TRAIN	40	297.0	0.0	-160.53	106.96	0.86	1476
hz1x1_setting4_dqn_domain_adaptation	SIM_TRAIN	40	316.3	189.7	-87.32	58.12	0.79	1727
hz1x1_setting4_dqn_domain_adaptation	SIM_TEST	41	100.3	0.0	-33.94	22.28	0.59	1983
hz1x1_setting4_dqn_domain_adaptation	REAL_TRAIN	41	279.1	0.0	-154.77	103.15	0.86	1543
hz1x1_setting4_dqn_domain_adaptation	SIM_TRAIN	41	328.4	181.3	-92.57	61.71	0.78	1716
hz1x1_setting4_dqn_domain_adaptation	SIM_TEST	42	178.8	0.0	-65.50	43.38	0.70	1913
hz1x1_setting4_dqn_domain_adaptation	REAL_TRAIN	42	289.7	0.0	-160.96	107.38	0.84	1517
hz1x1_setting4_dqn_domain_adaptation	SIM_TRAIN	42	300.2	187.9	-79.93	53.25	0.78	1757
hz1x1_setting4_dqn_domain_adaptation	SIM_TEST	43	420.9	0.0	-106.73	70.96	0.78	1557
hz1x1_setting4_dqn_domain_adaptation	REAL_TRAIN	43	367.5	0.0	-176.58	117.66	0.82	1225
hz1x1_setting4_dqn_domain_adaptation	SIM_TRAIN	43	239.1	193.7	-73.10	48.48	0.73	1833
hz1x1_setting4_dqn_domain_adaptation	SIM_TEST	44	136.6	0.0	-55.97	37.00	0.64	1959
hz1x1_setting4_dqn_domain_adaptation	REAL_TRAIN	44	310.1	0.0	-170.27	113.58	0.83	1459
hz1x1_setting4_dqn_domain_adaptation	SIM_TRAIN	44	306.5	191.9	-83.54	55.63	0.77	1729
hz1x1_setting4_dqn_domain_adaptation	SIM_TEST	45	536.7	0.0	-103.88	69.08	0.86	1449
hz1x1_setting4_dqn_domain_adaptation	REAL_TRAIN	45	286.8	0.0	-163.02	108.70	0.87	1554
hz1x1_setting4_dqn_domain_adaptation	SIM_TRAIN	45	293.3	192.6	-83.77	55.84	0.77	1751
hz1x1_setting4_dqn_domain_adaptation	SIM_TEST	46	104.3	0.0	-37.79	25.01	0.58	1983
hz1x1_setting4_dqn_domain_adaptation	REAL_TRAIN	46	280.2	0.0	-158.67	105.81	0.86	1564
hz1x1_setting4_dqn_domain_adaptation	SIM_TRAIN	46	311.1	199.2	-90.83	60.55	0.79	1748
hz1x1_setting4_dqn_domain_adaptation	SIM_TEST	47	115.1	0.0	-27.64	18.03	0.67	1973
hz1x1_setting4_dqn_domain_adaptation	REAL_TRAIN	47	330.2	0.0	-169.14	112.75	0.84	1350
hz1x1_setting4_dqn_domain_adaptation	SIM_TRAIN	47	300.5	198.0	-82.14	54.71	0.76	1763
hz1x1_setting4_dqn_domain_adaptation	SIM_TEST	48	606.0	0.0	-106.25	70.72	0.81	1360
hz1x1_setting4_dqn_domain_adaptation	REAL_TRAIN	48	339.1	0.0	-172.69	115.08	0.80	1344
hz1x1_setting4_dqn_domain_adaptation	SIM_TRAIN	48	252.6	189.1	-79.03	52.61	0.76	1808
hz1x1_setting4_dqn_domain_adaptation	SIM_TEST	49	170.5	0.0	-64.13	42.54	0.71	1922
hz1x1_setting4_dqn_domain_adaptation	REAL_TRAIN	49	292.4	0.0	-162.25	108.17	0.87	1532
hz1x1_setting4_dqn_domain_adaptation	SIM_TRAIN	49	329.6	193.2	-91.73	61.10	0.77	1704
hz1x1_setting4_dqn_domain_adaptation	SIM_TEST	50	157.3	0.0	-64.29	42.75	0.73	1939
hz1x1_setting4_dqn_domain_adaptation	REAL_TRAIN	50	275.4	0.0	-154.34	102.95	0.86	1568
hz1x1_setting4_dqn_domain_adaptation	SIM_TRAIN	50	278.3	195.9	-78.53	52.23	0.77	1772
hz1x1_setting4_dqn_domain_adaptation	SIM_TEST	51	459.4	0.0	-99.62	66.29	0.79	1510
hz1x1_setting4_dqn_domain_adaptation	REAL_TRAIN	51	330.3	0.0	-168.18	112.13	0.84	1346
hz1x1_setting4_dqn_domain_adaptation	SIM_TRAIN	51	248.2	192.7	-76.46	50.91	0.74	1815
hz1x1_setting4_dqn_domain_adaptation	SIM_TEST	52	107.3	0.0	-40.15	26.54	0.60	1974
hz1x1_setting4_dqn_domain_adaptation	REAL_TRAIN	52	271.8	0.0	-148.51	99.01	0.84	1558
hz1x1_setting4_dqn_domain_adaptation	SIM_TRAIN	52	329.6	191.2	-91.09	60.59	0.78	1698
hz1x1_setting4_dqn_domain_adaptation	SIM_TEST	53	321.0	0.0	-88.09	58.67	0.80	1703
hz1x1_setting4_dqn_domain_adaptation	REAL_TRAIN	53	274.9	0.0	-155.67	103.78	0.86	1578
hz1x1_setting4_dqn_domain_adaptation	SIM_TRAIN	53	342.8	192.6	-83.90	55.88	0.77	1698
hz1x1_setting4_dqn_domain_adaptation	SIM_TEST	54	629.8	0.0	-110.60	73.39	0.83	1328
hz1x1_setting4_dqn_domain_adaptation	REAL_TRAIN	54	265.9	0.0	-144.95	96.65	0.84	1566
hz1x1_setting4_dqn_domain_adaptation	SIM_TRAIN	54	312.3	196.9	-83.74	55.69	0.76	1712
hz1x1_setting4_dqn_domain_adaptation	SIM_TEST	55	126.6	0.0	-48.62	32.04	0.65	1947
hz1x1_setting4_dqn_domain_adaptation	REAL_TRAIN	55	336.4	0.0	-165.14	110.02	0.78	1284
hz1x1_setting4_dqn_domain_adaptation	SIM_TRAIN	55	311.9	193.2	-81.62	54.33	0.75	1749
hz1x1_setting4_dqn_domain_adaptation	SIM_TEST	56	255.5	0.0	-76.56	50.94	0.71	1818
hz1x1_setting4_dqn_domain_adaptation	REAL_TRAIN	56	248.6	0.0	-128.05	85.38	0.77	1548
hz1x1_setting4_dqn_domain_adaptation	SIM_TRAIN	56	318.6	191.6	-81.25	54.09	0.76	1715
hz1x1_setting4_dqn_domain_adaptation	SIM_TEST	57	126.9	0.0	-48.57	32.17	0.67	1971
hz1x1_setting4_dqn_domain_adaptation	REAL_TRAIN	57	230.0	0.0	-122.48	81.62	0.83	1638
hz1x1_setting4_dqn_domain_adaptation	SIM_TRAIN	57	291.2	194.3	-82.04	54.56	0.76	1767
hz1x1_setting4_dqn_domain_adaptation	SIM_TEST	58	105.6	0.0	-39.33	26.00	0.60	1973
hz1x1_setting4_dqn_domain_adaptation	REAL_TRAIN	58	257.8	0.0	-139.55	93.01	0.85	1580
hz1x1_setting4_dqn_domain_adaptation	SIM_TRAIN	58	296.5	196.6	-84.55	56.26	0.77	1740
hz1x1_setting4_dqn_domain_adaptation	SIM_TEST	59	255.9	0.0	-79.86	53.14	0.77	1804
hz1x1_setting4_dqn_domain_adaptation	REAL_TRAIN	59	241.0	0.0	-131.38	87.55	0.84	1641
hz1x1_setting4_dqn_domain_adaptation	SIM_TRAIN	59	299.3	189.0	-83.64	55.62	0.76	1738
hz1x1_setting4_dqn_domain_adaptation	SIM_TEST	60	501.5	0.0	-70.55	46.63	0.86	1504
hz1x1_setting4_dqn_domain_adaptation	REAL_TRAIN	60	255.3	0.0	-143.04	95.37	0.85	1633
hz1x1_setting4_dqn_domain_adaptation	SIM_TRAIN	60	306.8	190.7	-83.41	55.48	0.77	1747
hz1x1_setting4_dqn_domain_adaptation	SIM_TEST	61	169.8	0.0	-76.90	50.95	0.70	1942
hz1x1_setting4_dqn_domain_adaptation	REAL_TRAIN	61	486.5	0.0	-198.86	132.69	0.79	934
hz1x1_setting4_dqn_domain_adaptation	SIM_TRAIN	61	325.8	192.5	-80.04	53.28	0.76	1717
hz1x1_setting4_dqn_domain_adaptation	SIM_TEST	62	111.9	0.0	-42.01	27.77	0.61	1975
hz1x1_setting4_dqn_domain_adaptation	REAL_TRAIN	62	245.1	0.0	-132.40	88.28	0.84	1604
hz1x1_setting4_dqn_domain_adaptation	SIM_TRAIN	62	301.6	194.3	-82.90	55.14	0.76	1739
hz1x1_setting4_dqn_domain_adaptation	SIM_TEST	63	213.4	0.0	-72.83	48.28	0.68	1866
hz1x1_setting4_dqn_domain_adaptation	REAL_TRAIN	63	285.7	0.0	-146.20	97.51	0.76	1439
hz1x1_setting4_dqn_domain_adaptation	SIM_TRAIN	63	320.2	193.5	-78.95	52.55	0.76	1736
hz1x1_setting4_dqn_domain_adaptation	SIM_TEST	64	277.9	0.0	-80.53	53.36	0.72	1809
hz1x1_setting4_dqn_domain_adaptation	REAL_TRAIN	64	239.6	0.0	-128.75	85.76	0.81	1612
hz1x1_setting4_dqn_domain_adaptation	SIM_TRAIN	64	297.0	193.9	-87.39	58.10	0.74	1778
hz1x1_setting4_dqn_domain_adaptation	SIM_TEST	65	110.3	0.0	-40.49	26.74	0.64	1973
hz1x1_setting4_dqn_domain_adaptation	REAL_TRAIN	65	243.8	0.0	-135.89	90.57	0.86	1679
hz1x1_setting4_dqn_domain_adaptation	SIM_TRAIN	65	304.3	193.8	-80.11	53.24	0.74	1749
hz1x1_setting4_dqn_domain_adaptation	SIM_TEST	66	244.6	0.0	-84.47	56.18	0.70	1826
hz1x1_setting4_dqn_domain_adaptation	REAL_TRAIN	66	250.4	0.0	-132.93	88.71	0.80	1585
hz1x1_setting4_dqn_domain_adaptation	SIM_TRAIN	66	292.8	185.1	-80.47	53.51	0.75	1780
hz1x1_setting4_dqn_domain_adaptation	SIM_TEST	67	110.1	0.0	-43.00	28.46	0.62	1949
hz1x1_setting4_dqn_domain_adaptation	REAL_TRAIN	67	249.7	0.0	-136.35	90.89	0.85	1593
hz1x1_setting4_dqn_domain_adaptation	SIM_TRAIN	67	294.0	192.0	-81.03	53.88	0.77	1746
hz1x1_setting4_dqn_domain_adaptation	SIM_TEST	68	108.0	0.0	-40.75	26.89	0.58	1981
hz1x1_setting4_dqn_domain_adaptation	REAL_TRAIN	68	226.4	0.0	-122.27	81.55	0.82	1673
hz1x1_setting4_dqn_domain_adaptation	SIM_TRAIN	68	285.5	189.9	-85.20	56.54	0.75	1771
hz1x1_setting4_dqn_domain_adaptation	SIM_TEST	69	104.6	0.0	-38.42	25.41	0.59	1981
hz1x1_setting4_dqn_domain_adaptation	REAL_TRAIN	69	232.2	0.0	-127.48	85.03	0.84	1657
hz1x1_setting4_dqn_domain_adaptation	SIM_TRAIN	69	271.0	183.4	-79.38	52.80	0.74	1765
hz1x1_setting4_dqn_domain_adaptation	SIM_TEST	70	99.8	0.0	-33.60	22.12	0.55	1984
hz1x1_setting4_dqn_domain_adaptation	REAL_TRAIN	70	232.2	0.0	-122.23	81.50	0.81	1608
hz1x1_setting4_dqn_domain_adaptation	SIM_TRAIN	70	269.2	182.6	-79.80	53.03	0.75	1807
hz1x1_setting4_dqn_domain_adaptation	SIM_TEST	71	115.6	0.0	-43.95	29.05	0.63	1961
hz1x1_setting4_dqn_domain_adaptation	REAL_TRAIN	71	225.9	0.0	-121.34	80.96	0.83	1666
hz1x1_setting4_dqn_domain_adaptation	SIM_TRAIN	71	275.0	182.8	-78.68	52.37	0.76	1796
hz1x1_setting4_dqn_domain_adaptation	SIM_TEST	72	103.8	0.0	-37.37	24.59	0.61	1984
hz1x1_setting4_dqn_domain_adaptation	REAL_TRAIN	72	240.9	0.0	-132.33	88.20	0.84	1646
hz1x1_setting4_dqn_domain_adaptation	SIM_TRAIN	72	263.0	179.4	-74.45	49.55	0.74	1791
hz1x1_setting4_dqn_domain_adaptation	SIM_TEST	73	100.4	0.0	-34.00	22.35	0.59	1985
hz1x1_setting4_dqn_domain_adaptation	REAL_TRAIN	73	248.6	0.0	-135.15	90.12	0.80	1629
hz1x1_setting4_dqn_domain_adaptation	SIM_TRAIN	73	262.1	181.3	-77.09	51.30	0.75	1790
hz1x1_setting4_dqn_domain_adaptation	SIM_TEST	74	206.8	0.0	-67.18	44.60	0.72	1873
hz1x1_setting4_dqn_domain_adaptation	REAL_TRAIN	74	229.8	0.0	-123.15	82.05	0.82	1652
hz1x1_setting4_dqn_domain_adaptation	SIM_TRAIN	74	310.6	171.5	-79.98	53.12	0.77	1764
hz1x1_setting4_dqn_domain_adaptation	SIM_TEST	75	98.9	0.0	-33.35	21.88	0.56	1984
hz1x1_setting4_dqn_domain_adaptation	REAL_TRAIN	75	240.9	0.0	-130.17	86.78	0.84	1613
hz1x1_setting4_dqn_domain_adaptation	SIM_TRAIN	75	288.2	168.0	-75.69	50.30	0.76	1800
hz1x1_setting4_dqn_domain_adaptation	SIM_TEST	76	100.7	0.0	-34.86	23.03	0.55	1985
hz1x1_setting4_dqn_domain_adaptation	REAL_TRAIN	76	242.7	0.0	-131.49	87.67	0.81	1624
hz1x1_setting4_dqn_domain_adaptation	SIM_TRAIN	76	265.9	167.6	-78.96	52.33	0.76	1777
hz1x1_setting4_dqn_domain_adaptation	SIM_TEST	77	122.1	0.0	-51.85	34.29	0.62	1978
hz1x1_setting4_dqn_domain_adaptation	REAL_TRAIN	77	244.1	0.0	-134.44	89.67	0.83	1638
hz1x1_setting4_dqn_domain_adaptation	SIM_TRAIN	77	264.9	162.3	-74.88	49.79	0.75	1788
hz1x1_setting4_dqn_domain_adaptation	SIM_TEST	78	320.0	0.0	-86.37	57.50	0.83	1724
hz1x1_setting4_dqn_domain_adaptation	REAL_TRAIN	78	233.8	0.0	-128.65	85.76	0.85	1682
hz1x1_setting4_dqn_domain_adaptation	SIM_TRAIN	78	271.0	157.2	-77.97	51.88	0.75	1745
hz1x1_setting4_dqn_domain_adaptation	SIM_TEST	79	125.1	0.0	-48.82	32.36	0.67	1960
hz1x1_setting4_dqn_domain_adaptation	REAL_TRAIN	79	238.9	0.0	-132.95	88.61	0.85	1676
hz1x1_setting4_dqn_domain_adaptation	SIM_TRAIN	79	271.7	156.7	-77.41	51.44	0.77	1777
hz1x1_setting4_dqn_domain_adaptation	SIM_TEST	80	131.9	0.0	-60.01	39.79	0.62	1947
hz1x1_setting4_dqn_domain_adaptation	REAL_TRAIN	80	240.8	0.0	-131.11	87.36	0.83	1635
hz1x1_setting4_dqn_domain_adaptation	SIM_TRAIN	80	288.4	167.3	-81.39	54.14	0.76	1753
hz1x1_setting4_dqn_domain_adaptation	SIM_TEST	81	370.9	0.0	-85.39	56.82	0.83	1655
hz1x1_setting4_dqn_domain_adaptation	REAL_TRAIN	81	254.5	0.0	-141.89	94.52	0.85	1622
hz1x1_setting4_dqn_domain_adaptation	SIM_TRAIN	81	273.4	164.0	-76.97	51.19	0.75	1800
hz1x1_setting4_dqn_domain_adaptation	SIM_TEST	82	133.6	0.0	-34.70	22.80	0.73	1957
hz1x1_setting4_dqn_domain_adaptation	REAL_TRAIN	82	242.7	0.0	-135.20	90.17	0.84	1649
hz1x1_setting4_dqn_domain_adaptation	SIM_TRAIN	82	262.4	162.0	-75.79	50.36	0.77	1823
hz1x1_setting4_dqn_domain_adaptation	SIM_TEST	83	148.9	0.0	-58.21	38.53	0.69	1956
hz1x1_setting4_dqn_domain_adaptation	REAL_TRAIN	83	242.8	0.0	-133.31	88.91	0.84	1629
hz1x1_setting4_dqn_domain_adaptation	SIM_TRAIN	83	258.6	171.7	-75.46	50.12	0.75	1816
hz1x1_setting4_dqn_domain_adaptation	SIM_TEST	84	110.2	0.0	-42.54	28.05	0.58	1974
hz1x1_setting4_dqn_domain_adaptation	REAL_TRAIN	84	253.4	0.0	-141.38	94.25	0.84	1644
hz1x1_setting4_dqn_domain_adaptation	SIM_TRAIN	84	298.0	162.8	-81.46	54.20	0.77	1745
hz1x1_setting4_dqn_domain_adaptation	SIM_TEST	85	103.1	0.0	-36.17	23.75	0.57	1983
hz1x1_setting4_dqn_domain_adaptation	REAL_TRAIN	85	236.1	0.0	-127.01	84.66	0.84	1638
hz1x1_setting4_dqn_domain_adaptation	SIM_TRAIN	85	298.1	162.4	-77.37	51.48	0.72	1767
hz1x1_setting4_dqn_domain_adaptation	SIM_TEST	86	716.4	0.0	-111.92	74.62	0.79	1202
hz1x1_setting4_dqn_domain_adaptation	REAL_TRAIN	86	245.6	0.0	-132.78	88.53	0.82	1588
hz1x1_setting4_dqn_domain_adaptation	SIM_TRAIN	86	260.6	161.5	-73.01	48.53	0.74	1801
hz1x1_setting4_dqn_domain_adaptation	SIM_TEST	87	536.6	0.0	-111.75	74.46	0.79	1410
hz1x1_setting4_dqn_domain_adaptation	REAL_TRAIN	87	244.7	0.0	-132.59	88.47	0.81	1606
hz1x1_setting4_dqn_domain_adaptation	SIM_TRAIN	87	270.4	162.6	-75.81	50.38	0.77	1778
hz1x1_setting4_dqn_domain_adaptation	SIM_TEST	88	384.5	0.0	-77.32	51.44	0.77	1642
hz1x1_setting4_dqn_domain_adaptation	REAL_TRAIN	88	254.9	0.0	-134.93	89.89	0.83	1557
hz1x1_setting4_dqn_domain_adaptation	SIM_TRAIN	88	297.5	160.3	-76.50	50.95	0.75	1750
hz1x1_setting4_dqn_domain_adaptation	SIM_TEST	89	499.0	0.0	-87.69	58.20	0.84	1503
hz1x1_setting4_dqn_domain_adaptation	REAL_TRAIN	89	255.7	0.0	-140.73	93.81	0.82	1589
hz1x1_setting4_dqn_domain_adaptation	SIM_TRAIN	89	300.0	157.8	-83.29	55.41	0.74	1730
hz1x1_setting4_dqn_domain_adaptation	SIM_TEST	90	214.4	0.0	-69.58	46.11	0.70	1851
hz1x1_setting4_dqn_domain_adaptation	REAL_TRAIN	90	240.6	0.0	-130.17	86.82	0.82	1616
hz1x1_setting4_dqn_domain_adaptation	SIM_TRAIN	90	297.3	158.4	-79.36	52.79	0.74	1749
hz1x1_setting4_dqn_domain_adaptation	SIM_TEST	91	98.4	0.0	-33.13	21.82	0.57	1977
hz1x1_setting4_dqn_domain_adaptation	REAL_TRAIN	91	242.4	0.0	-135.90	90.57	0.85	1670
hz1x1_setting4_dqn_domain_adaptation	SIM_TRAIN	91	276.0	159.8	-77.52	51.55	0.75	1776
hz1x1_setting4_dqn_domain_adaptation	SIM_TEST	92	95.6	0.0	-31.07	20.42	0.56	1988
hz1x1_setting4_dqn_domain_adaptation	REAL_TRAIN	92	266.6	0.0	-152.54	101.69	0.85	1637
hz1x1_setting4_dqn_domain_adaptation	SIM_TRAIN	92	292.1	164.0	-84.65	56.40	0.79	1776
hz1x1_setting4_dqn_domain_adaptation	SIM_TEST	93	210.3	0.0	-70.21	46.60	0.70	1865
hz1x1_setting4_dqn_domain_adaptation	REAL_TRAIN	93	223.2	0.0	-122.15	81.42	0.83	1693
hz1x1_setting4_dqn_domain_adaptation	SIM_TRAIN	93	272.1	170.8	-78.39	52.10	0.77	1801
hz1x1_setting4_dqn_domain_adaptation	SIM_TEST	94	105.9	0.0	-39.41	26.15	0.59	1989
hz1x1_setting4_dqn_domain_adaptation	REAL_TRAIN	94	240.1	0.0	-129.56	86.37	0.84	1614
hz1x1_setting4_dqn_domain_adaptation	SIM_TRAIN	94	279.0	161.8	-77.00	51.38	0.76	1777
hz1x1_setting4_dqn_domain_adaptation	SIM_TEST	95	550.8	0.0	-75.87	50.39	0.86	1449
hz1x1_setting4_dqn_domain_adaptation	REAL_TRAIN	95	231.9	0.0	-126.36	84.28	0.84	1652
hz1x1_setting4_dqn_domain_adaptation	SIM_TRAIN	95	289.1	164.2	-78.14	52.09	0.76	1769
hz1x1_setting4_dqn_domain_adaptation	SIM_TEST	96	263.3	0.0	-73.15	48.63	0.76	1798
hz1x1_setting4_dqn_domain_adaptation	REAL_TRAIN	96	226.5	0.0	-122.88	81.95	0.82	1678
hz1x1_setting4_dqn_domain_adaptation	SIM_TRAIN	96	270.6	161.3	-75.37	50.15	0.76	1787
hz1x1_setting4_dqn_domain_adaptation	SIM_TEST	97	99.8	0.0	-34.55	22.76	0.58	1984
hz1x1_setting4_dqn_domain_adaptation	REAL_TRAIN	97	246.9	0.0	-137.38	91.62	0.85	1641
hz1x1_setting4_dqn_domain_adaptation	SIM_TRAIN	97	269.5	165.0	-75.96	50.35	0.76	1776
hz1x1_setting4_dqn_domain_adaptation	SIM_TEST	98	111.5	0.0	-43.13	28.42	0.58	1989
hz1x1_setting4_dqn_domain_adaptation	REAL_TRAIN	98	265.4	0.0	-137.66	91.79	0.82	1487
hz1x1_setting4_dqn_domain_adaptation	SIM_TRAIN	98	272.3	167.8	-76.60	50.93	0.75	1799
hz1x1_setting4_dqn_domain_adaptation	SIM_TEST	99	98.5	0.0	-32.30	21.24	0.58	1988
hz1x1_setting4_dqn_domain_adaptation	REAL_TRAIN	99	244.3	0.0	-135.67	90.46	0.85	1655
hz1x1_setting4_dqn_domain_adaptation	SIM_TRAIN	99	278.6	166.5	-77.77	51.80	0.76	1760
hz1x1_setting4_dqn_domain_adaptation	REAL_TEST	100	239.3	100.0	-131.58	87.71	0.85	1651
