cologne3_setting1_presslight_naive	SIM_TRAIN	0	62.7	0.0	-6.01	2.70	0.16	2790	0.0000	0.0000
cologne3_setting1_presslight_naive	SIM_TRAIN	1	56.6	0.0	-1.60	1.24	0.14	2782	0.0000	0.0000
cologne3_setting1_presslight_naive	SIM_TRAIN	2	56.0	16.2	-0.70	0.93	0.14	2791	0.0000	0.0000
cologne3_setting1_presslight_naive	SIM_TRAIN	3	66.7	12.9	-4.78	3.15	0.17	2784	0.0000	0.0000
cologne3_setting1_presslight_naive	REAL_TEST	3	291.8	100.0	-69.89	21.62	0.49	2265	0.0000	0.0000
cologne3_setting1_presslight_naive	SIM_TRAIN	4	64.7	13.1	-7.36	3.19	0.17	2784	0.0000	0.0000
cologne3_setting1_presslight_naive	SIM_TRAIN	5	57.9	13.1	1.01	1.01	0.14	2784	0.0000	0.0000
cologne3_setting1_presslight_naive	SIM_TRAIN	6	57.8	12.8	0.62	1.09	0.14	2783	0.0000	0.0000
cologne3_setting1_presslight_naive	REAL_TEST	6	430.8	100.0	-92.97	32.44	0.55	2003	0.0000	0.0000
cologne3_setting1_presslight_naive	SIM_TRAIN	7	64.2	12.4	-7.21	3.11	0.17	2781	0.0000	0.0000
cologne3_setting1_presslight_naive	SIM_TRAIN	8	63.7	12.0	-6.73	2.97	0.17	2784	0.0000	0.0000
cologne3_setting1_presslight_naive	SIM_TRAIN	9	65.3	12.5	-4.58	2.95	0.17	2787	0.0000	0.0000
cologne3_setting1_presslight_naive	REAL_TEST	9	346.0	100.0	-92.80	30.13	0.54	2133	0.0000	0.0000
cologne3_setting1_presslight_naive	SIM_TRAIN	10	62.9	13.3	-6.80	3.02	0.17	2787	0.0000	0.0000
cologne3_setting1_presslight_naive	SIM_TRAIN	11	63.0	13.6	-7.16	3.11	0.17	2784	0.0000	0.0000
cologne3_setting1_presslight_naive	SIM_TRAIN	12	62.3	14.0	-5.40	2.54	0.15	2789	0.0000	0.0000
cologne3_setting1_presslight_naive	REAL_TEST	12	343.5	100.0	-91.67	30.32	0.53	2143	0.0000	0.0000
cologne3_setting1_presslight_naive	SIM_TRAIN	13	59.3	12.9	0.70	1.16	0.15	2783	0.0000	0.0000
cologne3_setting1_presslight_naive	SIM_TRAIN	14	66.6	12.3	-4.59	2.92	0.17	2781	0.0000	0.0000
cologne3_setting1_presslight_naive	SIM_TRAIN	15	65.7	12.2	-7.38	3.17	0.17	2784	0.0000	0.0000
cologne3_setting1_presslight_naive	REAL_TEST	15	334.6	100.0	-78.13	25.42	0.51	2246	0.0000	0.0000
cologne3_setting1_presslight_naive	SIM_TRAIN	16	62.9	12.7	-9.28	3.82	0.16	2783	0.0000	0.0000
cologne3_setting1_presslight_naive	SIM_TRAIN	17	66.6	13.5	-5.45	3.18	0.17	2784	0.0000	0.0000
cologne3_setting1_presslight_naive	SIM_TRAIN	18	64.1	13.2	-6.71	2.95	0.16	2783	0.0000	0.0000
cologne3_setting1_presslight_naive	REAL_TEST	18	413.5	100.0	-110.68	36.97	0.63	2110	0.0000	0.0000
cologne3_setting1_presslight_naive	SIM_TRAIN	19	62.4	14.5	-8.25	3.49	0.15	2790	0.0000	0.0000
cologne3_setting1_presslight_naive	SIM_TRAIN	20	65.6	14.1	-4.66	3.02	0.17	2782	0.0000	0.0000
cologne3_setting1_presslight_naive	SIM_TRAIN	21	67.1	14.7	-5.06	3.20	0.17	2785	0.0000	0.0000
cologne3_setting1_presslight_naive	REAL_TEST	21	371.9	100.0	-86.72	28.58	0.55	2204	0.0000	0.0000
cologne3_setting1_presslight_naive	SIM_TRAIN	22	67.6	15.1	-2.94	2.96	0.17	2790	0.0000	0.0000
cologne3_setting1_presslight_naive	SIM_TRAIN	23	62.8	14.5	-7.21	3.11	0.17	2784	0.0000	0.0000
cologne3_setting1_presslight_naive	SIM_TRAIN	24	61.3	13.9	-2.95	2.62	0.17	2784	0.0000	0.0000
cologne3_setting1_presslight_naive	REAL_TEST	24	340.7	100.0	-92.70	30.20	0.53	2231	0.0000	0.0000
cologne3_setting1_presslight_naive	SIM_TRAIN	25	66.3	14.1	-5.20	3.21	0.16	2782	0.0000	0.0000
cologne3_setting1_presslight_naive	SIM_TRAIN	26	67.3	14.2	-5.11	3.25	0.16	2783	0.0000	0.0000
cologne3_setting1_presslight_naive	SIM_TRAIN	27	60.1	13.8	1.27	1.16	0.14	2783	0.0000	0.0000
cologne3_setting1_presslight_naive	REAL_TEST	27	404.5	100.0	-91.14	30.71	0.56	2033	0.0000	0.0000
cologne3_setting1_presslight_naive	SIM_TRAIN	28	64.0	14.3	-7.43	3.20	0.17	2780	0.0000	0.0000
cologne3_setting1_presslight_naive	SIM_TRAIN	29	66.2	14.1	-2.15	2.41	0.16	2790	0.0000	0.0000
cologne3_setting1_presslight_naive	SIM_TRAIN	30	64.9	14.6	-7.03	3.06	0.17	2783	0.0000	0.0000
cologne3_setting1_presslight_naive	REAL_TEST	30	405.3	100.0	-92.09	31.17	0.56	2029	0.0000	0.0000
cologne3_setting1_presslight_naive	SIM_TRAIN	31	66.1	14.6	-8.32	3.48	0.18	2780	0.0000	0.0000
cologne3_setting1_presslight_naive	SIM_TRAIN	32	64.9	14.5	-8.09	3.43	0.16	2783	0.0000	0.0000
cologne3_setting1_presslight_naive	SIM_TRAIN	33	69.2	15.5	-4.28	3.15	0.16	2790	0.0000	0.0000
cologne3_setting1_presslight_naive	REAL_TEST	33	372.8	100.0	-96.66	31.83	0.56	2201	0.0000	0.0000
cologne3_setting1_presslight_naive	SIM_TRAIN	34	63.6	15.3	-7.56	3.24	0.16	2781	0.0000	0.0000
cologne3_setting1_presslight_naive	SIM_TRAIN	35	64.3	15.6	-7.98	3.36	0.16	2786	0.0000	0.0000
cologne3_setting1_presslight_naive	SIM_TRAIN	36	68.7	15.9	-5.84	3.43	0.17	2782	0.0000	0.0000
cologne3_setting1_presslight_naive	REAL_TEST	36	430.7	100.0	-104.17	35.13	0.59	2070	0.0000	0.0000
cologne3_setting1_presslight_naive	SIM_TRAIN	37	66.7	15.5	-5.50	3.25	0.17	2784	0.0000	0.0000
cologne3_setting1_presslight_naive	SIM_TRAIN	38	65.9	16.2	-7.75	3.30	0.17	2784	0.0000	0.0000
cologne3_setting1_presslight_naive	SIM_TRAIN	39	67.3	16.4	-5.32	3.33	0.17	2782	0.0000	0.0000
cologne3_setting1_presslight_naive	REAL_TEST	39	324.9	100.0	-76.59	25.14	0.52	2360	0.0000	0.0000
cologne3_setting1_presslight_naive	SIM_TRAIN	40	67.8	15.6	-6.09	3.37	0.17	2782	0.0000	0.0000
cologne3_setting1_presslight_naive	SIM_TRAIN	41	69.6	16.4	-5.68	3.43	0.17	2782	0.0000	0.0000
cologne3_setting1_presslight_naive	SIM_TRAIN	42	67.6	16.7	-5.77	3.36	0.17	2785	0.0000	0.0000
cologne3_setting1_presslight_naive	REAL_TEST	42	356.8	100.0	-81.29	27.25	0.57	2195	0.0000	0.0000
cologne3_setting1_presslight_naive	SIM_TRAIN	43	68.7	15.8	-4.38	3.14	0.17	2784	0.0000	0.0000
cologne3_setting1_presslight_naive	SIM_TRAIN	44	63.8	14.3	-7.05	3.08	0.16	2784	0.0000	0.0000
cologne3_setting1_presslight_naive	SIM_TRAIN	45	66.5	14.7	-8.28	3.48	0.17	2783	0.0000	0.0000
cologne3_setting1_presslight_naive	REAL_TEST	45	348.5	100.0	-84.15	28.45	0.56	2367	0.0000	0.0000
cologne3_setting1_presslight_naive	SIM_TRAIN	46	68.0	14.9	-5.07	3.20	0.18	2786	0.0000	0.0000
cologne3_setting1_presslight_naive	SIM_TRAIN	47	70.1	14.6	-4.32	3.27	0.17	2783	0.0000	0.0000
cologne3_setting1_presslight_naive	SIM_TRAIN	48	67.5	14.3	-8.10	3.41	0.17	2784	0.0000	0.0000
cologne3_setting1_presslight_naive	REAL_TEST	48	325.2	100.0	-76.54	25.11	0.55	2401	0.0000	0.0000
cologne3_setting1_presslight_naive	SIM_TRAIN	49	66.6	14.2	-7.53	3.23	0.17	2783	0.0000	0.0000
cologne3_setting1_presslight_naive	SIM_TRAIN	50	68.3	13.8	-3.59	2.97	0.17	2790	0.0000	0.0000
cologne3_setting1_presslight_naive	SIM_TRAIN	51	69.0	13.8	-4.98	3.26	0.17	2783	0.0000	0.0000
cologne3_setting1_presslight_naive	REAL_TEST	51	533.8	100.0	-94.89	35.74	0.61	1677	0.0000	0.0000
cologne3_setting1_presslight_naive	SIM_TRAIN	52	68.0	14.1	-6.18	3.40	0.18	2784	0.0000	0.0000
cologne3_setting1_presslight_naive	SIM_TRAIN	53	67.3	13.5	-8.49	3.54	0.18	2784	0.0000	0.0000
cologne3_setting1_presslight_naive	SIM_TRAIN	54	66.9	14.9	-7.45	3.95	0.17	2780	0.0000	0.0000
cologne3_setting1_presslight_naive	REAL_TEST	54	559.6	100.0	-97.14	35.77	0.62	1564	0.0000	0.0000
cologne3_setting1_presslight_naive	SIM_TRAIN	55	67.9	15.3	-8.90	3.68	0.18	2777	0.0000	0.0000
cologne3_setting1_presslight_naive	SIM_TRAIN	56	67.3	14.8	-4.76	3.16	0.17	2783	0.0000	0.0000
cologne3_setting1_presslight_naive	SIM_TRAIN	57	64.7	14.6	-7.99	3.38	0.17	2782	0.0000	0.0000
cologne3_setting1_presslight_naive	REAL_TEST	57	355.5	100.0	-77.95	26.43	0.56	2122	0.0000	0.0000
cologne3_setting1_presslight_naive	SIM_TRAIN	58	65.3	14.5	-7.23	3.14	0.16	2784	0.0000	0.0000
cologne3_setting1_presslight_naive	SIM_TRAIN	59	67.8	15.5	-6.02	3.80	0.17	2783	0.0000	0.0000
cologne3_setting1_presslight_naive	SIM_TRAIN	60	74.3	14.8	-5.05	4.12	0.16	2768	0.0000	0.0000
cologne3_setting1_presslight_naive	REAL_TEST	60	314.7	100.0	-91.45	29.78	0.59	2245	0.0000	0.0000
cologne3_setting1_presslight_naive	SIM_TRAIN	61	66.1	15.2	-7.54	3.25	0.16	2786	0.0000	0.0000
cologne3_setting1_presslight_naive	SIM_TRAIN	62	65.5	15.8	-6.95	3.02	0.16	2785	0.0000	0.0000
cologne3_setting1_presslight_naive	SIM_TRAIN	63	67.6	15.9	-3.62	2.91	0.16	2782	0.0000	0.0000
cologne3_setting1_presslight_naive	REAL_TEST	63	528.7	100.0	-106.54	36.00	0.65	1778	0.0000	0.0000
cologne3_setting1_presslight_naive	SIM_TRAIN	64	64.0	16.1	-9.24	3.76	0.17	2783	0.0000	0.0000
cologne3_setting1_presslight_naive	SIM_TRAIN	65	64.1	16.3	-9.29	3.80	0.17	2783	0.0000	0.0000
cologne3_setting1_presslight_naive	SIM_TRAIN	66	68.5	15.1	-5.08	3.39	0.17	2783	0.0000	0.0000
cologne3_setting1_presslight_naive	REAL_TEST	66	381.3	100.0	-103.61	33.48	0.62	2089	0.0000	0.0000
cologne3_setting1_presslight_naive	SIM_TRAIN	67	66.6	15.9	-4.59	3.15	0.16	2784	0.0000	0.0000
cologne3_setting1_presslight_naive	SIM_TRAIN	68	64.1	16.2	-6.44	2.87	0.16	2782	0.0000	0.0000
cologne3_setting1_presslight_naive	SIM_TRAIN	69	69.4	15.6	-5.28	3.44	0.17	2782	0.0000	0.0000
cologne3_setting1_presslight_naive	REAL_TEST	69	447.3	100.0	-105.06	35.39	0.62	1927	0.0000	0.0000
cologne3_setting1_presslight_naive	SIM_TRAIN	70	71.3	15.7	-6.40	3.64	0.17	2781	0.0000	0.0000
cologne3_setting1_presslight_naive	SIM_TRAIN	71	61.5	16.6	-6.00	2.74	0.16	2781	0.0000	0.0000
cologne3_setting1_presslight_naive	SIM_TRAIN	72	63.5	16.6	-6.68	2.95	0.16	2791	0.0000	0.0000
cologne3_setting1_presslight_naive	REAL_TEST	72	342.9	100.0	-79.20	26.07	0.51	2230	0.0000	0.0000
cologne3_setting1_presslight_naive	SIM_TRAIN	73	64.8	15.9	-8.05	3.37	0.17	2783	0.0000	0.0000
cologne3_setting1_presslight_naive	SIM_TRAIN	74	63.8	15.8	-6.31	2.81	0.16	2790	0.0000	0.0000
cologne3_setting1_presslight_naive	SIM_TRAIN	75	65.2	15.2	-7.53	3.22	0.16	2784	0.0000	0.0000
cologne3_setting1_presslight_naive	REAL_TEST	75	377.3	100.0	-88.68	29.33	0.54	2115	0.0000	0.0000
cologne3_setting1_presslight_naive	SIM_TRAIN	76	64.6	15.1	-7.66	3.26	0.17	2784	0.0000	0.0000
cologne3_setting1_presslight_naive	SIM_TRAIN	77	66.8	14.6	-8.87	3.67	0.16	2783	0.0000	0.0000
cologne3_setting1_presslight_naive	SIM_TRAIN	78	59.8	14.6	-7.36	3.15	0.17	2783	0.0000	0.0000
cologne3_setting1_presslight_naive	REAL_TEST	78	428.8	100.0	-91.06	30.72	0.57	1933	0.0000	0.0000
cologne3_setting1_presslight_naive	SIM_TRAIN	79	64.5	14.6	-6.52	2.88	0.16	2790	0.0000	0.0000
cologne3_setting1_presslight_naive	SIM_TRAIN	80	64.8	14.8	-8.04	3.41	0.16	2781	0.0000	0.0000
cologne3_setting1_presslight_naive	SIM_TRAIN	81	67.2	14.3	-7.10	3.10	0.17	2785	0.0000	0.0000
cologne3_setting1_presslight_naive	REAL_TEST	81	645.5	100.0	-77.43	27.71	0.59	1384	0.0000	0.0000
cologne3_setting1_presslight_naive	SIM_TRAIN	82	65.8	14.0	-8.21	3.46	0.17	2781	0.0000	0.0000
cologne3_setting1_presslight_naive	SIM_TRAIN	83	63.6	14.6	-6.50	2.87	0.16	2784	0.0000	0.0000
cologne3_setting1_presslight_naive	SIM_TRAIN	84	66.2	14.8	-8.25	3.47	0.17	2780	0.0000	0.0000
cologne3_setting1_presslight_naive	REAL_TEST	84	628.9	100.0	-97.84	34.08	0.62	1440	0.0000	0.0000
cologne3_setting1_presslight_naive	SIM_TRAIN	85	66.5	14.6	-7.90	3.32	0.17	2785	0.0000	0.0000
cologne3_setting1_presslight_naive	SIM_TRAIN	86	65.9	13.6	-8.02	3.38	0.16	2782	0.0000	0.0000
cologne3_setting1_presslight_naive	SIM_TRAIN	87	67.0	14.1	-8.34	3.45	0.17	2785	0.0000	0.0000
cologne3_setting1_presslight_naive	REAL_TEST	87	498.6	100.0	-107.51	35.38	0.62	1706	0.0000	0.0000
cologne3_setting1_presslight_naive	SIM_TRAIN	88	56.4	13.8	1.07	1.24	0.14	2784	0.0000	0.0000
cologne3_setting1_presslight_naive	SIM_TRAIN	89	68.0	13.7	-3.68	2.90	0.16	2790	0.0000	0.0000
cologne3_setting1_presslight_naive	SIM_TRAIN	90	67.6	15.4	-4.84	3.14	0.17	2782	0.0000	0.0000
cologne3_setting1_presslight_naive	REAL_TEST	90	524.0	100.0	-93.87	30.95	0.60	1607	0.0000	0.0000
cologne3_setting1_presslight_naive	SIM_TRAIN	91	60.2	14.6	-7.91	3.36	0.17	2783	0.0000	0.0000
cologne3_setting1_presslight_naive	SIM_TRAIN	92	64.0	13.9	-7.21	3.13	0.16	2782	0.0000	0.0000
cologne3_setting1_presslight_naive	SIM_TRAIN	93	57.5	13.6	-1.37	1.18	0.14	2784	0.0000	0.0000
cologne3_setting1_presslight_naive	REAL_TEST	93	581.0	100.0	-100.57	34.21	0.60	1524	0.0000	0.0000
cologne3_setting1_presslight_naive	SIM_TRAIN	94	52.2	13.8	-1.47	1.22	0.15	2781	0.0000	0.0000
cologne3_setting1_presslight_naive	SIM_TRAIN	95	61.8	14.7	-8.57	3.57	0.17	2782	0.0000	0.0000
cologne3_setting1_presslight_naive	SIM_TRAIN	96	64.1	15.3	-5.92	2.70	0.15	2790	0.0000	0.0000
cologne3_setting1_presslight_naive	REAL_TEST	96	538.6	100.0	-124.05	41.03	0.67	1629	0.0000	0.0000
cologne3_setting1_presslight_naive	SIM_TRAIN	97	65.2	15.0	-7.68	3.28	0.17	2782	0.0000	0.0000
cologne3_setting1_presslight_naive	SIM_TRAIN	98	64.2	14.7	-6.83	3.03	0.16	2783	0.0000	0.0000
cologne3_setting1_presslight_naive	SIM_TRAIN	99	68.0	15.2	-6.44	3.78	0.17	2786	0.0000	0.0000
cologne3_setting1_presslight_naive	REAL_TEST	99	531.3	100.0	-103.76	34.42	0.61	1654	0.0000	0.0000
cologne3_setting1_presslight_naive	SIM_TRAIN	100	66.1	15.0	-8.36	3.49	0.16	2784	0.0000	0.0000
cologne3_setting1_presslight_naive	SIM_TRAIN	101	61.7	15.4	0.55	1.32	0.14	2781	0.0000	0.0000
cologne3_setting1_presslight_naive	SIM_TRAIN	102	63.8	14.7	-6.86	3.01	0.16	2782	0.0000	0.0000
cologne3_setting1_presslight_naive	REAL_TEST	102	437.4	100.0	-117.30	38.71	0.64	1852	0.0000	0.0000
cologne3_setting1_presslight_naive	SIM_TRAIN	103	64.4	15.1	-7.02	3.05	0.16	2783	0.0000	0.0000
cologne3_setting1_presslight_naive	SIM_TRAIN	104	63.4	13.9	-6.50	2.90	0.16	2783	0.0000	0.0000
cologne3_setting1_presslight_naive	SIM_TRAIN	105	63.0	15.2	-5.72	2.64	0.16	2783	0.0000	0.0000
cologne3_setting1_presslight_naive	REAL_TEST	105	463.1	100.0	-104.52	35.66	0.59	1904	0.0000	0.0000
cologne3_setting1_presslight_naive	SIM_TRAIN	106	60.9	15.2	-7.06	3.08	0.16	2791	0.0000	0.0000
cologne3_setting1_presslight_naive	SIM_TRAIN	107	64.7	15.8	-6.44	2.85	0.15	2790	0.0000	0.0000
cologne3_setting1_presslight_naive	SIM_TRAIN	108	62.3	14.4	-5.89	2.71	0.15	2790	0.0000	0.0000
cologne3_setting1_presslight_naive	REAL_TEST	108	471.2	100.0	-108.60	36.91	0.60	1868	0.0000	0.0000
cologne3_setting1_presslight_naive	SIM_TRAIN	109	58.5	15.6	0.58	1.64	0.17	2780	0.0000	0.0000
cologne3_setting1_presslight_naive	SIM_TRAIN	110	66.1	14.5	-7.22	3.13	0.16	2782	0.0000	0.0000
cologne3_setting1_presslight_naive	SIM_TRAIN	111	63.8	14.2	-6.86	3.01	0.16	2782	0.0000	0.0000
cologne3_setting1_presslight_naive	REAL_TEST	111	599.1	100.0	-102.64	40.20	0.68	1541	0.0000	0.0000
cologne3_setting1_presslight_naive	SIM_TRAIN	112	66.3	15.5	-3.09	2.73	0.16	2789	0.0000	0.0000
cologne3_setting1_presslight_naive	SIM_TRAIN	113	58.7	14.9	-1.89	1.33	0.15	2782	0.0000	0.0000
cologne3_setting1_presslight_naive	SIM_TRAIN	114	55.8	14.3	-0.22	0.80	0.13	2790	0.0000	0.0000
cologne3_setting1_presslight_naive	REAL_TEST	114	583.2	100.0	-118.46	40.88	0.68	1548	0.0000	0.0000
cologne3_setting1_presslight_naive	SIM_TRAIN	115	62.2	14.5	-5.56	2.58	0.15	2789	0.0000	0.0000
cologne3_setting1_presslight_naive	SIM_TRAIN	116	61.1	14.1	-8.26	3.46	0.17	2784	0.0000	0.0000
cologne3_setting1_presslight_naive	SIM_TRAIN	117	64.3	13.2	-8.98	3.72	0.17	2784	0.0000	0.0000
cologne3_setting1_presslight_naive	REAL_TEST	117	440.4	100.0	-104.98	34.68	0.63	1879	0.0000	0.0000
cologne3_setting1_presslight_naive	SIM_TRAIN	118	65.2	14.2	-6.84	3.64	0.18	2789	0.0000	0.0000
cologne3_setting1_presslight_naive	SIM_TRAIN	119	69.3	14.1	-4.46	3.03	0.17	2784	0.0000	0.0000
cologne3_setting1_presslight_naive	SIM_TRAIN	120	64.9	13.8	-4.96	3.37	0.16	2783	0.0000	0.0000
cologne3_setting1_presslight_naive	REAL_TEST	120	542.0	100.0	-105.79	40.77	0.67	1706	0.0000	0.0000
cologne3_setting1_presslight_naive	SIM_TRAIN	121	64.2	13.8	-7.73	3.30	0.16	2781	0.0000	0.0000
cologne3_setting1_presslight_naive	SIM_TRAIN	122	66.9	13.6	-8.31	4.09	0.18	2768	0.0000	0.0000
cologne3_setting1_presslight_naive	SIM_TRAIN	123	65.3	15.1	-7.48	3.21	0.17	2782	0.0000	0.0000
cologne3_setting1_presslight_naive	REAL_TEST	123	395.5	100.0	-100.04	32.79	0.58	2106	0.0000	0.0000
cologne3_setting1_presslight_naive	SIM_TRAIN	124	58.9	15.0	-6.51	2.87	0.15	2790	0.0000	0.0000
cologne3_setting1_presslight_naive	SIM_TRAIN	125	60.8	14.6	-7.53	3.22	0.17	2784	0.0000	0.0000
cologne3_setting1_presslight_naive	SIM_TRAIN	126	64.1	15.4	-6.91	3.03	0.16	2781	0.0000	0.0000
cologne3_setting1_presslight_naive	REAL_TEST	126	652.2	100.0	-99.51	39.42	0.66	1435	0.0000	0.0000
cologne3_setting1_presslight_naive	SIM_TRAIN	127	62.7	15.5	-8.61	3.59	0.16	2782	0.0000	0.0000
cologne3_setting1_presslight_naive	SIM_TRAIN	128	61.7	16.5	-5.52	2.58	0.16	2791	0.0000	0.0000
cologne3_setting1_presslight_naive	SIM_TRAIN	129	76.7	16.5	-3.86	4.02	0.17	2766	0.0000	0.0000
cologne3_setting1_presslight_naive	REAL_TEST	129	387.3	100.0	-101.17	33.47	0.58	2061	0.0000	0.0000
cologne3_setting1_presslight_naive	SIM_TRAIN	130	59.7	17.0	-7.28	3.13	0.17	2783	0.0000	0.0000
cologne3_setting1_presslight_naive	SIM_TRAIN	131	65.1	16.8	-9.29	3.81	0.17	2783	0.0000	0.0000
cologne3_setting1_presslight_naive	SIM_TRAIN	132	61.1	17.0	-8.05	3.37	0.17	2786	0.0000	0.0000
cologne3_setting1_presslight_naive	REAL_TEST	132	585.2	100.0	-109.89	36.63	0.63	1570	0.0000	0.0000
cologne3_setting1_presslight_naive	SIM_TRAIN	133	64.4	17.0	-6.70	2.96	0.17	2781	0.0000	0.0000
cologne3_setting1_presslight_naive	SIM_TRAIN	134	64.4	18.0	-9.74	3.95	0.17	2782	0.0000	0.0000
cologne3_setting1_presslight_naive	SIM_TRAIN	135	65.0	17.7	-4.07	3.11	0.17	2783	0.0000	0.0000
cologne3_setting1_presslight_naive	REAL_TEST	135	535.7	100.0	-104.84	35.72	0.61	1611	0.0000	0.0000
cologne3_setting1_presslight_naive	SIM_TRAIN	136	61.5	18.6	-3.52	2.73	0.17	2784	0.0000	0.0000
cologne3_setting1_presslight_naive	SIM_TRAIN	137	66.2	18.0	-4.68	3.42	0.16	2789	0.0000	0.0000
cologne3_setting1_presslight_naive	SIM_TRAIN	138	57.4	20.9	-4.94	2.39	0.16	2790	0.0000	0.0000
cologne3_setting1_presslight_naive	REAL_TEST	138	525.5	100.0	-103.39	34.90	0.60	1763	0.0000	0.0000
cologne3_setting1_presslight_naive	SIM_TRAIN	139	62.3	19.6	-8.57	3.57	0.16	2782	0.0000	0.0000
cologne3_setting1_presslight_naive	SIM_TRAIN	140	63.0	20.0	-8.19	3.44	0.16	2790	0.0000	0.0000
cologne3_setting1_presslight_naive	SIM_TRAIN	141	64.4	19.0	-6.85	3.02	0.16	2789	0.0000	0.0000
cologne3_setting1_presslight_naive	REAL_TEST	141	335.0	100.0	-79.34	25.50	0.58	2054	0.0000	0.0000
cologne3_setting1_presslight_naive	SIM_TRAIN	142	65.7	19.4	-7.77	3.28	0.17	2781	0.0000	0.0000
cologne3_setting1_presslight_naive	SIM_TRAIN	143	65.7	17.6	-8.03	3.39	0.17	2783	0.0000	0.0000
cologne3_setting1_presslight_naive	SIM_TRAIN	144	59.4	16.6	-1.60	1.26	0.15	2784	0.0000	0.0000
cologne3_setting1_presslight_naive	REAL_TEST	144	317.5	100.0	-83.23	26.70	0.54	2292	0.0000	0.0000
cologne3_setting1_presslight_naive	SIM_TRAIN	145	63.6	17.0	-6.85	3.01	0.16	2786	0.0000	0.0000
cologne3_setting1_presslight_naive	SIM_TRAIN	146	60.6	16.8	-7.82	3.37	0.16	2791	0.0000	0.0000
cologne3_setting1_presslight_naive	SIM_TRAIN	147	68.9	15.9	-7.48	3.74	0.17	2775	0.0000	0.0000
cologne3_setting1_presslight_naive	REAL_TEST	147	313.1	100.0	-77.82	24.81	0.52	2304	0.0000	0.0000
cologne3_setting1_presslight_naive	SIM_TRAIN	148	53.2	16.5	-1.42	1.17	0.15	2784	0.0000	0.0000
cologne3_setting1_presslight_naive	SIM_TRAIN	149	69.9	16.5	-5.68	3.46	0.17	2785	0.0000	0.0000
cologne3_setting1_presslight_naive	SIM_TRAIN	150	61.3	16.1	-8.55	3.56	0.17	2783	0.0000	0.0000
cologne3_setting1_presslight_naive	REAL_TEST	150	353.7	100.0	-91.47	30.19	0.56	2160	0.0000	0.0000
cologne3_setting1_presslight_naive	SIM_TRAIN	151	63.1	16.7	-7.10	3.11	0.17	2783	0.0000	0.0000
cologne3_setting1_presslight_naive	SIM_TRAIN	152	53.1	15.3	-1.42	1.19	0.14	2784	0.0000	0.0000
cologne3_setting1_presslight_naive	SIM_TRAIN	153	61.8	15.4	-8.50	3.55	0.16	2786	0.0000	0.0000
cologne3_setting1_presslight_naive	REAL_TEST	153	409.4	100.0	-111.45	36.92	0.62	1994	0.0000	0.0000
cologne3_setting1_presslight_naive	SIM_TRAIN	154	61.3	15.3	-7.72	3.31	0.17	2791	0.0000	0.0000
cologne3_setting1_presslight_naive	SIM_TRAIN	155	61.7	15.0	-8.40	3.53	0.17	2782	0.0000	0.0000
cologne3_setting1_presslight_naive	SIM_TRAIN	156	54.3	15.4	-1.89	1.34	0.15	2783	0.0000	0.0000
cologne3_setting1_presslight_naive	REAL_TEST	156	624.7	100.0	-105.08	38.51	0.63	1490	0.0000	0.0000
cologne3_setting1_presslight_naive	SIM_TRAIN	157	60.6	15.8	-7.66	3.28	0.16	2790	0.0000	0.0000
cologne3_setting1_presslight_naive	SIM_TRAIN	158	63.9	14.9	-9.15	3.79	0.17	2783	0.0000	0.0000
cologne3_setting1_presslight_naive	SIM_TRAIN	159	51.2	16.4	-0.29	0.84	0.15	2790	0.0000	0.0000
cologne3_setting1_presslight_naive	REAL_TEST	159	567.8	100.0	-121.69	40.25	0.64	1523	0.0000	0.0000
cologne3_setting1_presslight_naive	SIM_TRAIN	160	59.6	15.6	-6.89	3.02	0.16	2791	0.0000	0.0000
cologne3_setting1_presslight_naive	SIM_TRAIN	161	62.5	15.3	-8.66	3.58	0.18	2781	0.0000	0.0000
cologne3_setting1_presslight_naive	SIM_TRAIN	162	60.8	15.0	-7.62	3.25	0.18	2785	0.0000	0.0000
cologne3_setting1_presslight_naive	REAL_TEST	162	504.6	100.0	-125.86	41.54	0.65	1588	0.0000	0.0000
cologne3_setting1_presslight_naive	SIM_TRAIN	163	62.4	15.3	-8.35	3.49	0.17	2784	0.0000	0.0000
cologne3_setting1_presslight_naive	SIM_TRAIN	164	62.9	15.1	-8.24	3.48	0.16	2790	0.0000	0.0000
cologne3_setting1_presslight_naive	SIM_TRAIN	165	63.2	15.1	-9.28	3.80	0.17	2783	0.0000	0.0000
cologne3_setting1_presslight_naive	REAL_TEST	165	392.6	100.0	-98.40	32.50	0.58	1977	0.0000	0.0000
cologne3_setting1_presslight_naive	SIM_TRAIN	166	63.1	15.5	-7.10	3.04	0.18	2784	0.0000	0.0000
cologne3_setting1_presslight_naive	SIM_TRAIN	167	61.2	16.0	-7.57	3.22	0.18	2784	0.0000	0.0000
cologne3_setting1_presslight_naive	SIM_TRAIN	168	64.4	16.0	-4.21	3.23	0.17	2791	0.0000	0.0000
cologne3_setting1_presslight_naive	REAL_TEST	168	361.6	100.0	-91.56	30.14	0.59	1994	0.0000	0.0000
cologne3_setting1_presslight_naive	SIM_TRAIN	169	64.7	15.3	-9.90	3.97	0.17	2781	0.0000	0.0000
cologne3_setting1_presslight_naive	SIM_TRAIN	170	73.1	15.9	-7.46	3.66	0.16	2768	0.0000	0.0000
cologne3_setting1_presslight_naive	SIM_TRAIN	171	60.9	16.2	-7.49	3.20	0.16	2791	0.0000	0.0000
cologne3_setting1_presslight_naive	REAL_TEST	171	513.0	100.0	-102.61	34.94	0.59	1759	0.0000	0.0000
cologne3_setting1_presslight_naive	SIM_TRAIN	172	60.6	16.5	-7.21	3.15	0.16	2784	0.0000	0.0000
cologne3_setting1_presslight_naive	SIM_TRAIN	173	60.1	16.7	-7.40	3.21	0.17	2784	0.0000	0.0000
cologne3_setting1_presslight_naive	SIM_TRAIN	174	59.9	16.5	-7.30	3.15	0.16	2790	0.0000	0.0000
cologne3_setting1_presslight_naive	REAL_TEST	174	593.1	100.0	-106.36	39.72	0.64	1537	0.0000	0.0000
cologne3_setting1_presslight_naive	SIM_TRAIN	175	60.6	16.2	-7.53	3.21	0.16	2791	0.0000	0.0000
cologne3_setting1_presslight_naive	SIM_TRAIN	176	53.3	15.6	-1.54	1.24	0.15	2785	0.0000	0.0000
cologne3_setting1_presslight_naive	SIM_TRAIN	177	63.9	16.0	-9.37	3.83	0.17	2782	0.0000	0.0000
cologne3_setting1_presslight_naive	REAL_TEST	177	548.7	100.0	-132.61	43.75	0.66	1503	0.0000	0.0000
cologne3_setting1_presslight_naive	SIM_TRAIN	178	58.3	16.8	-6.05	2.76	0.16	2789	0.0000	0.0000
cologne3_setting1_presslight_naive	SIM_TRAIN	179	60.2	16.1	-1.91	2.31	0.17	2787	0.0000	0.0000
cologne3_setting1_presslight_naive	SIM_TRAIN	180	62.2	17.6	-8.65	3.61	0.17	2783	0.0000	0.0000
cologne3_setting1_presslight_naive	REAL_TEST	180	369.1	100.0	-107.47	35.11	0.61	1988	0.0000	0.0000
cologne3_setting1_presslight_naive	SIM_TRAIN	181	63.1	17.0	-7.19	3.13	0.16	2792	0.0000	0.0000
cologne3_setting1_presslight_naive	SIM_TRAIN	182	57.9	16.4	-5.55	2.59	0.16	2790	0.0000	0.0000
cologne3_setting1_presslight_naive	SIM_TRAIN	183	61.8	15.7	-8.25	3.47	0.17	2782	0.0000	0.0000
cologne3_setting1_presslight_naive	REAL_TEST	183	415.6	100.0	-111.61	38.23	0.63	1985	0.0000	0.0000
cologne3_setting1_presslight_naive	SIM_TRAIN	184	64.4	15.5	-9.53	3.89	0.17	2783	0.0000	0.0000
cologne3_setting1_presslight_naive	SIM_TRAIN	185	63.8	16.0	-7.52	3.22	0.17	2783	0.0000	0.0000
cologne3_setting1_presslight_naive	SIM_TRAIN	186	61.2	15.4	-7.93	3.36	0.16	2786	0.0000	0.0000
cologne3_setting1_presslight_naive	REAL_TEST	186	405.4	100.0	-92.41	31.76	0.54	2021	0.0000	0.0000
cologne3_setting1_presslight_naive	SIM_TRAIN	187	60.3	16.3	-6.92	3.04	0.16	2784	0.0000	0.0000
cologne3_setting1_presslight_naive	SIM_TRAIN	188	65.7	15.8	-6.11	3.64	0.18	2783	0.0000	0.0000
cologne3_setting1_presslight_naive	SIM_TRAIN	189	64.6	16.4	-6.01	3.53	0.17	2784	0.0000	0.0000
cologne3_setting1_presslight_naive	REAL_TEST	189	384.1	100.0	-83.78	28.73	0.57	2078	0.0000	0.0000
cologne3_setting1_presslight_naive	SIM_TRAIN	190	63.5	17.7	-4.33	3.07	0.17	2786	0.0000	0.0000
cologne3_setting1_presslight_naive	SIM_TRAIN	191	60.8	16.9	-7.60	3.23	0.17	2790	0.0000	0.0000
cologne3_setting1_presslight_naive	SIM_TRAIN	192	60.9	16.3	-7.94	3.38	0.16	2785	0.0000	0.0000
cologne3_setting1_presslight_naive	REAL_TEST	192	340.0	100.0	-84.03	28.38	0.55	2223	0.0000	0.0000
cologne3_setting1_presslight_naive	SIM_TRAIN	193	62.6	15.4	-2.27	2.73	0.16	2787	0.0000	0.0000
cologne3_setting1_presslight_naive	SIM_TRAIN	194	62.1	15.9	-9.17	3.78	0.17	2782	0.0000	0.0000
cologne3_setting1_presslight_naive	SIM_TRAIN	195	68.9	15.6	-7.90	3.74	0.17	2769	0.0000	0.0000
cologne3_setting1_presslight_naive	REAL_TEST	195	483.5	100.0	-81.15	28.03	0.52	1811	0.0000	0.0000
cologne3_setting1_presslight_naive	SIM_TRAIN	196	62.3	15.1	-2.45	2.47	0.16	2790	0.0000	0.0000
cologne3_setting1_presslight_naive	SIM_TRAIN	197	65.4	14.5	-7.98	3.37	0.17	2784	0.0000	0.0000
cologne3_setting1_presslight_naive	SIM_TRAIN	198	62.3	15.5	-5.25	2.49	0.16	2791	0.0000	0.0000
cologne3_setting1_presslight_naive	REAL_TEST	198	281.7	100.0	-85.92	28.26	0.54	2426	0.0000	0.0000
cologne3_setting1_presslight_naive	SIM_TRAIN	199	62.2	15.3	-7.97	3.38	0.17	2791	0.0000	0.0000
cologne3_setting1_presslight_naive	SIM_TRAIN	200	62.0	14.5	-8.42	3.53	0.17	2784	0.0000	0.0000
cologne3_setting1_presslight_naive	SIM_TRAIN	201	64.6	15.2	-7.13	3.07	0.16	2783	0.0000	0.0000
cologne3_setting1_presslight_naive	REAL_TEST	201	467.9	100.0	-86.83	34.36	0.62	1816	0.0000	0.0000
cologne3_setting1_presslight_naive	SIM_TRAIN	202	63.6	15.3	-6.16	2.78	0.16	2791	0.0000	0.0000
cologne3_setting1_presslight_naive	SIM_TRAIN	203	62.0	15.1	-6.27	2.81	0.17	2785	0.0000	0.0000
cologne3_setting1_presslight_naive	SIM_TRAIN	204	60.2	15.3	-7.12	3.07	0.15	2790	0.0000	0.0000
cologne3_setting1_presslight_naive	REAL_TEST	204	528.8	100.0	-100.03	34.30	0.61	1590	0.0000	0.0000
cologne3_setting1_presslight_naive	SIM_TRAIN	205	65.2	16.1	-6.91	3.01	0.17	2786	0.0000	0.0000
cologne3_setting1_presslight_naive	SIM_TRAIN	206	63.1	15.7	-5.93	2.70	0.16	2790	0.0000	0.0000
cologne3_setting1_presslight_naive	SIM_TRAIN	207	60.3	14.9	-7.82	3.34	0.16	2784	0.0000	0.0000
cologne3_setting1_presslight_naive	REAL_TEST	207	425.3	100.0	-102.17	33.66	0.58	1898	0.0000	0.0000
cologne3_setting1_presslight_naive	SIM_TRAIN	208	62.0	14.7	-7.86	3.35	0.16	2788	0.0000	0.0000
cologne3_setting1_presslight_naive	SIM_TRAIN	209	55.8	14.7	1.94	0.91	0.14	2788	0.0000	0.0000
cologne3_setting1_presslight_naive	SIM_TRAIN	210	53.0	14.1	-1.38	1.19	0.14	2783	0.0000	0.0000
cologne3_setting1_presslight_naive	REAL_TEST	210	285.4	100.0	-97.37	32.27	0.59	2326	0.0000	0.0000
cologne3_setting1_presslight_naive	SIM_TRAIN	211	61.1	14.4	-7.91	3.35	0.16	2783	0.0000	0.0000
cologne3_setting1_presslight_naive	SIM_TRAIN	212	59.1	14.6	-6.29	2.83	0.15	2790	0.0000	0.0000
cologne3_setting1_presslight_naive	SIM_TRAIN	213	61.5	15.2	-7.66	3.25	0.17	2784	0.0000	0.0000
cologne3_setting1_presslight_naive	REAL_TEST	213	527.3	100.0	-101.86	39.38	0.66	1593	0.0000	0.0000
cologne3_setting1_presslight_naive	SIM_TRAIN	214	64.6	14.8	-9.26	3.82	0.17	2781	0.0000	0.0000
cologne3_setting1_presslight_naive	SIM_TRAIN	215	59.7	15.6	-6.82	3.01	0.16	2785	0.0000	0.0000
cologne3_setting1_presslight_naive	SIM_TRAIN	216	59.6	17.5	-6.72	2.96	0.16	2782	0.0000	0.0000
cologne3_setting1_presslight_naive	REAL_TEST	216	711.1	100.0	-98.04	37.00	0.65	1265	0.0000	0.0000
cologne3_setting1_presslight_naive	SIM_TRAIN	217	52.6	15.9	-0.43	0.87	0.14	2792	0.0000	0.0000
cologne3_setting1_presslight_naive	SIM_TRAIN	218	60.6	16.7	-7.88	3.34	0.17	2785	0.0000	0.0000
cologne3_setting1_presslight_naive	SIM_TRAIN	219	62.9	16.0	-5.90	2.71	0.16	2791	0.0000	0.0000
cologne3_setting1_presslight_naive	REAL_TEST	219	486.5	100.0	-114.51	38.17	0.64	1654	0.0000	0.0000
cologne3_setting1_presslight_naive	SIM_TRAIN	220	60.2	15.6	-7.46	3.20	0.17	2783	0.0000	0.0000
cologne3_setting1_presslight_naive	SIM_TRAIN	221	56.7	15.1	0.72	1.37	0.15	2783	0.0000	0.0000
cologne3_setting1_presslight_naive	SIM_TRAIN	222	61.3	15.7	-7.52	3.24	0.17	2790	0.0000	0.0000
cologne3_setting1_presslight_naive	REAL_TEST	222	629.7	100.0	-110.21	37.71	0.64	1508	0.0000	0.0000
cologne3_setting1_presslight_naive	SIM_TRAIN	223	64.3	16.2	-7.58	3.67	0.19	2781	0.0000	0.0000
cologne3_setting1_presslight_naive	SIM_TRAIN	224	66.0	15.6	-7.66	3.25	0.17	2782	0.0000	0.0000
cologne3_setting1_presslight_naive	SIM_TRAIN	225	62.7	15.6	-8.74	3.61	0.17	2779	0.0000	0.0000
cologne3_setting1_presslight_naive	REAL_TEST	225	746.2	100.0	-97.79	39.62	0.63	1356	0.0000	0.0000
cologne3_setting1_presslight_naive	SIM_TRAIN	226	58.6	15.0	-6.27	2.83	0.15	2791	0.0000	0.0000
cologne3_setting1_presslight_naive	SIM_TRAIN	227	59.7	15.4	-7.40	3.20	0.17	2791	0.0000	0.0000
cologne3_setting1_presslight_naive	SIM_TRAIN	228	61.5	14.5	1.23	1.23	0.15	2782	0.0000	0.0000
cologne3_setting1_presslight_naive	REAL_TEST	228	789.6	100.0	-92.28	37.91	0.61	1228	0.0000	0.0000
cologne3_setting1_presslight_naive	SIM_TRAIN	229	63.9	14.9	-7.12	3.08	0.17	2783	0.0000	0.0000
cologne3_setting1_presslight_naive	SIM_TRAIN	230	61.0	14.8	-7.94	3.34	0.17	2785	0.0000	0.0000
cologne3_setting1_presslight_naive	SIM_TRAIN	231	63.9	14.3	-9.28	3.80	0.17	2782	0.0000	0.0000
cologne3_setting1_presslight_naive	REAL_TEST	231	658.6	100.0	-109.08	38.84	0.66	1325	0.0000	0.0000
cologne3_setting1_presslight_naive	SIM_TRAIN	232	61.2	15.7	-8.28	3.50	0.16	2783	0.0000	0.0000
cologne3_setting1_presslight_naive	SIM_TRAIN	233	61.2	14.3	-8.30	3.47	0.16	2785	0.0000	0.0000
cologne3_setting1_presslight_naive	SIM_TRAIN	234	53.3	14.7	-1.58	1.23	0.14	2783	0.0000	0.0000
cologne3_setting1_presslight_naive	REAL_TEST	234	648.4	100.0	-106.66	37.63	0.65	1358	0.0000	0.0000
cologne3_setting1_presslight_naive	SIM_TRAIN	235	59.5	15.1	0.44	1.23	0.15	2784	0.0000	0.0000
cologne3_setting1_presslight_naive	SIM_TRAIN	236	52.2	14.9	-1.00	1.06	0.14	2785	0.0000	0.0000
cologne3_setting1_presslight_naive	SIM_TRAIN	237	59.2	15.2	-6.58	2.94	0.16	2791	0.0000	0.0000
cologne3_setting1_presslight_naive	REAL_TEST	237	653.5	100.0	-104.48	35.84	0.65	1325	0.0000	0.0000
cologne3_setting1_presslight_naive	SIM_TRAIN	238	65.7	14.8	-5.15	3.48	0.17	2786	0.0000	0.0000
cologne3_setting1_presslight_naive	SIM_TRAIN	239	66.3	15.4	-5.64	3.57	0.17	2784	0.0000	0.0000
cologne3_setting1_presslight_naive	SIM_TRAIN	240	69.2	15.9	-5.82	3.42	0.18	2782	0.0000	0.0000
cologne3_setting1_presslight_naive	REAL_TEST	240	678.5	100.0	-108.83	40.18	0.65	1296	0.0000	0.0000
cologne3_setting1_presslight_naive	SIM_TRAIN	241	61.8	14.9	-7.73	3.30	0.15	2790	0.0000	0.0000
cologne3_setting1_presslight_naive	SIM_TRAIN	242	68.8	14.9	-7.21	4.11	0.18	2785	0.0000	0.0000
cologne3_setting1_presslight_naive	SIM_TRAIN	243	63.7	15.2	-5.17	3.31	0.18	2784	0.0000	0.0000
cologne3_setting1_presslight_naive	REAL_TEST	243	648.8	100.0	-101.62	37.10	0.63	1361	0.0000	0.0000
cologne3_setting1_presslight_naive	SIM_TRAIN	244	65.2	14.6	-6.14	3.61	0.17	2782	0.0000	0.0000
cologne3_setting1_presslight_naive	SIM_TRAIN	245	64.4	15.2	-5.16	3.40	0.16	2782	0.0000	0.0000
cologne3_setting1_presslight_naive	SIM_TRAIN	246	60.2	14.8	-6.92	3.02	0.16	2791	0.0000	0.0000
cologne3_setting1_presslight_naive	REAL_TEST	246	793.9	100.0	-140.71	48.01	0.72	1113	0.0000	0.0000
cologne3_setting1_presslight_naive	SIM_TRAIN	247	55.8	14.4	1.33	1.22	0.14	2782	0.0000	0.0000
cologne3_setting1_presslight_naive	SIM_TRAIN	248	61.4	14.4	-8.01	3.37	0.18	2784	0.0000	0.0000
cologne3_setting1_presslight_naive	SIM_TRAIN	249	60.0	14.6	-7.07	3.09	0.15	2789	0.0000	0.0000
cologne3_setting1_presslight_naive	REAL_TEST	249	705.3	100.0	-130.58	48.82	0.77	1319	0.0000	0.0000
cologne3_setting1_presslight_naive	SIM_TRAIN	250	60.5	13.7	-6.87	3.01	0.16	2790	0.0000	0.0000
cologne3_setting1_presslight_naive	SIM_TRAIN	251	58.7	14.4	-6.03	2.74	0.17	2782	0.0000	0.0000
cologne3_setting1_presslight_naive	SIM_TRAIN	252	58.9	14.8	-6.38	2.85	0.16	2790	0.0000	0.0000
cologne3_setting1_presslight_naive	REAL_TEST	252	608.1	100.0	-100.92	38.78	0.68	1445	0.0000	0.0000
cologne3_setting1_presslight_naive	SIM_TRAIN	253	58.9	13.7	-6.06	2.72	0.16	2790	0.0000	0.0000
cologne3_setting1_presslight_naive	SIM_TRAIN	254	60.6	14.6	-7.24	3.12	0.15	2790	0.0000	0.0000
cologne3_setting1_presslight_naive	SIM_TRAIN	255	62.2	14.0	-8.28	3.47	0.17	2784	0.0000	0.0000
cologne3_setting1_presslight_naive	REAL_TEST	255	731.9	100.0	-137.01	46.75	0.74	1250	0.0000	0.0000
cologne3_setting1_presslight_naive	SIM_TRAIN	256	64.2	14.2	-7.23	3.12	0.17	2783	0.0000	0.0000
cologne3_setting1_presslight_naive	SIM_TRAIN	257	60.7	15.0	-7.06	3.07	0.17	2784	0.0000	0.0000
cologne3_setting1_presslight_naive	SIM_TRAIN	258	61.9	15.3	-8.70	3.59	0.17	2782	0.0000	0.0000
cologne3_setting1_presslight_naive	REAL_TEST	258	716.1	100.0	-121.89	41.17	0.70	1256	0.0000	0.0000
cologne3_setting1_presslight_naive	SIM_TRAIN	259	61.6	15.1	-8.41	3.51	0.17	2785	0.0000	0.0000
cologne3_setting1_presslight_naive	SIM_TRAIN	260	63.8	15.8	-6.85	3.02	0.17	2785	0.0000	0.0000
cologne3_setting1_presslight_naive	SIM_TRAIN	261	60.1	15.6	-7.12	3.07	0.17	2782	0.0000	0.0000
cologne3_setting1_presslight_naive	REAL_TEST	261	693.5	100.0	-114.55	39.85	0.67	1302	0.0000	0.0000
cologne3_setting1_presslight_naive	SIM_TRAIN	262	59.7	15.0	-7.07	3.09	0.16	2789	0.0000	0.0000
cologne3_setting1_presslight_naive	SIM_TRAIN	263	61.5	16.2	-8.51	3.54	0.17	2781	0.0000	0.0000
cologne3_setting1_presslight_naive	SIM_TRAIN	264	58.9	15.3	-6.07	2.74	0.16	2790	0.0000	0.0000
cologne3_setting1_presslight_naive	REAL_TEST	264	739.6	100.0	-120.00	42.72	0.73	1225	0.0000	0.0000
cologne3_setting1_presslight_naive	SIM_TRAIN	265	61.4	14.2	-8.32	3.48	0.16	2783	0.0000	0.0000
cologne3_setting1_presslight_naive	SIM_TRAIN	266	60.1	13.8	-7.65	3.27	0.16	2783	0.0000	0.0000
cologne3_setting1_presslight_naive	SIM_TRAIN	267	59.6	14.6	-7.04	3.08	0.17	2783	0.0000	0.0000
cologne3_setting1_presslight_naive	REAL_TEST	267	670.6	100.0	-113.79	39.28	0.65	1397	0.0000	0.0000
cologne3_setting1_presslight_naive	SIM_TRAIN	268	62.2	14.2	-3.95	2.88	0.16	2782	0.0000	0.0000
cologne3_setting1_presslight_naive	SIM_TRAIN	269	64.1	15.6	-5.64	3.44	0.16	2784	0.0000	0.0000
cologne3_setting1_presslight_naive	SIM_TRAIN	270	62.2	14.8	-8.24	3.45	0.15	2790	0.0000	0.0000
cologne3_setting1_presslight_naive	REAL_TEST	270	698.1	100.0	-93.03	35.80	0.63	1395	0.0000	0.0000
cologne3_setting1_presslight_naive	SIM_TRAIN	271	53.1	14.2	-1.18	1.12	0.14	2785	0.0000	0.0000
cologne3_setting1_presslight_naive	SIM_TRAIN	272	62.1	14.1	-3.66	2.87	0.17	2785	0.0000	0.0000
cologne3_setting1_presslight_naive	SIM_TRAIN	273	60.7	14.0	-8.18	3.46	0.16	2781	0.0000	0.0000
cologne3_setting1_presslight_naive	REAL_TEST	273	879.5	100.0	-150.17	53.39	0.80	1049	0.0000	0.0000
cologne3_setting1_presslight_naive	SIM_TRAIN	274	64.1	14.1	-4.40	3.21	0.16	2780	0.0000	0.0000
cologne3_setting1_presslight_naive	SIM_TRAIN	275	69.0	12.8	-4.79	3.25	0.17	2780	0.0000	0.0000
cologne3_setting1_presslight_naive	SIM_TRAIN	276	61.2	13.0	-7.48	3.17	0.16	2791	0.0000	0.0000
cologne3_setting1_presslight_naive	REAL_TEST	276	586.6	100.0	-91.28	33.94	0.60	1569	0.0000	0.0000
cologne3_setting1_presslight_naive	SIM_TRAIN	277	66.3	12.7	-6.42	3.69	0.17	2783	0.0000	0.0000
cologne3_setting1_presslight_naive	SIM_TRAIN	278	60.7	12.0	-7.66	3.26	0.17	2775	0.0000	0.0000
cologne3_setting1_presslight_naive	SIM_TRAIN	279	62.9	12.8	-9.05	3.69	0.17	2784	0.0000	0.0000
cologne3_setting1_presslight_naive	REAL_TEST	279	584.4	100.0	-118.78	44.17	0.74	1502	0.0000	0.0000
cologne3_setting1_presslight_naive	SIM_TRAIN	280	58.3	13.3	0.73	1.52	0.15	2780	0.0000	0.0000
cologne3_setting1_presslight_naive	SIM_TRAIN	281	62.7	13.8	-8.33	3.50	0.16	2789	0.0000	0.0000
cologne3_setting1_presslight_naive	SIM_TRAIN	282	60.0	13.6	-7.11	3.10	0.15	2792	0.0000	0.0000
cologne3_setting1_presslight_naive	REAL_TEST	282	749.2	100.0	-92.10	36.37	0.61	1299	0.0000	0.0000
cologne3_setting1_presslight_naive	SIM_TRAIN	283	52.6	13.2	-1.02	1.06	0.13	2786	0.0000	0.0000
cologne3_setting1_presslight_naive	SIM_TRAIN	284	61.6	13.6	-8.32	3.48	0.17	2790	0.0000	0.0000
cologne3_setting1_presslight_naive	SIM_TRAIN	285	63.7	14.0	-8.34	3.71	0.17	2782	0.0000	0.0000
cologne3_setting1_presslight_naive	REAL_TEST	285	609.9	100.0	-94.80	36.59	0.61	1518	0.0000	0.0000
cologne3_setting1_presslight_naive	SIM_TRAIN	286	56.0	13.7	-0.07	0.74	0.13	2789	0.0000	0.0000
cologne3_setting1_presslight_naive	SIM_TRAIN	287	66.7	14.3	-3.31	2.67	0.16	2780	0.0000	0.0000
cologne3_setting1_presslight_naive	SIM_TRAIN	288	64.3	12.7	-4.99	3.30	0.17	2781	0.0000	0.0000
cologne3_setting1_presslight_naive	REAL_TEST	288	545.9	100.0	-82.53	31.12	0.56	1612	0.0000	0.0000
cologne3_setting1_presslight_naive	SIM_TRAIN	289	64.1	14.4	-9.30	3.82	0.16	2784	0.0000	0.0000
cologne3_setting1_presslight_naive	SIM_TRAIN	290	67.7	13.8	-6.57	3.90	0.16	2786	0.0000	0.0000
cologne3_setting1_presslight_naive	SIM_TRAIN	291	62.9	14.5	-8.93	3.70	0.16	2781	0.0000	0.0000
cologne3_setting1_presslight_naive	REAL_TEST	291	462.9	100.0	-73.82	26.28	0.55	1775	0.0000	0.0000
cologne3_setting1_presslight_naive	SIM_TRAIN	292	64.3	14.9	-6.84	2.97	0.16	2780	0.0000	0.0000
cologne3_setting1_presslight_naive	SIM_TRAIN	293	63.9	15.1	-9.43	3.88	0.17	2782	0.0000	0.0000
cologne3_setting1_presslight_naive	SIM_TRAIN	294	66.4	13.2	-5.75	3.29	0.17	2782	0.0000	0.0000
cologne3_setting1_presslight_naive	REAL_TEST	294	548.0	100.0	-95.62	32.39	0.60	1643	0.0000	0.0000
cologne3_setting1_presslight_naive	SIM_TRAIN	295	64.9	14.1	-7.24	3.16	0.17	2784	0.0000	0.0000
cologne3_setting1_presslight_naive	SIM_TRAIN	296	60.1	14.0	1.26	1.16	0.15	2778	0.0000	0.0000
cologne3_setting1_presslight_naive	SIM_TRAIN	297	61.5	14.5	0.97	1.21	0.15	2783	0.0000	0.0000
cologne3_setting1_presslight_naive	REAL_TEST	297	629.9	100.0	-111.78	38.62	0.66	1496	0.0000	0.0000
cologne3_setting1_presslight_naive	SIM_TRAIN	298	66.1	15.6	-7.18	3.06	0.17	2789	0.0000	0.0000
cologne3_setting1_presslight_naive	SIM_TRAIN	299	64.2	14.6	-6.56	2.90	0.16	2787	0.0000	0.0000
