cologne1_setting3_dqn_delayed_q	REAL_TEST	3	260.3	100.0	-81.55	54.43	0.56	1300	0.0000	0.0000
cologne1_setting3_dqn_delayed_q	REAL_TEST	6	112.5	100.0	-50.51	33.74	0.54	1780	0.0000	0.0000
cologne1_setting3_dqn_delayed_q	REAL_TEST	9	120.6	100.0	-53.78	35.92	0.54	1754	0.0000	0.0000
cologne1_setting3_dqn_delayed_q	REAL_TEST	12	115.7	100.0	-51.67	34.48	0.54	1769	0.0000	0.0000
cologne1_setting3_dqn_delayed_q	REAL_TEST	15	88.5	100.0	-36.85	24.61	0.52	1816	0.0000	0.0000
cologne1_setting3_dqn_delayed_q	REAL_TEST	18	96.9	100.0	-41.94	28.01	0.53	1845	0.0000	0.0000
cologne1_setting3_dqn_delayed_q	REAL_TEST	21	80.2	100.0	-33.92	22.62	0.52	1967	0.0000	0.0000
cologne1_setting3_dqn_delayed_q	REAL_TEST	24	87.3	100.0	-38.42	25.67	0.54	1966	0.0000	0.0000
cologne1_setting3_dqn_delayed_q	REAL_TEST	27	82.7	100.0	-33.74	22.51	0.52	1967	0.0000	0.0000
cologne1_setting3_dqn_delayed_q	REAL_TEST	30	82.9	100.0	-34.60	23.05	0.51	1982	0.0000	0.0000
cologne1_setting3_dqn_delayed_q	REAL_TEST	33	88.6	100.0	-36.93	24.64	0.50	1930	0.0000	0.0000
cologne1_setting3_dqn_delayed_q	REAL_TEST	36	98.1	100.0	-43.01	28.76	0.54	1874	0.0000	0.0000
cologne1_setting3_dqn_delayed_q	REAL_TEST	39	122.7	100.0	-52.79	35.21	0.56	1917	0.0000	0.0000
cologne1_setting3_dqn_delayed_q	REAL_TEST	42	133.0	100.0	-56.01	37.38	0.59	1915	0.0000	0.0000
cologne1_setting3_dqn_delayed_q	REAL_TEST	45	115.0	100.0	-48.20	32.12	0.55	1997	0.0000	0.0000
cologne1_setting3_dqn_delayed_q	REAL_TEST	48	94.9	100.0	-42.26	28.18	0.54	1923	0.0000	0.0000
cologne1_setting3_dqn_delayed_q	REAL_TEST	51	102.5	100.0	-44.31	29.55	0.53	1916	0.0000	0.0000
cologne1_setting3_dqn_delayed_q	REAL_TEST	54	102.1	100.0	-43.94	29.33	0.54	1915	0.0000	0.0000
cologne1_setting3_dqn_delayed_q	REAL_TEST	57	92.9	100.0	-38.19	25.50	0.50	1926	0.0000	0.0000
cologne1_setting3_dqn_delayed_q	REAL_TEST	60	100.6	100.0	-42.97	28.64	0.51	1997	0.0000	0.0000
cologne1_setting3_dqn_delayed_q	REAL_TEST	63	102.0	100.0	-44.08	29.43	0.51	1947	0.0000	0.0000
cologne1_setting3_dqn_delayed_q	REAL_TEST	66	112.4	100.0	-46.80	31.25	0.54	1947	0.0000	0.0000
cologne1_setting3_dqn_delayed_q	REAL_TEST	69	109.9	100.0	-47.55	31.71	0.54	1930	0.0000	0.0000
cologne1_setting3_dqn_delayed_q	REAL_TEST	72	114.0	100.0	-48.43	32.31	0.55	1946	0.0000	0.0000
cologne1_setting3_dqn_delayed_q	REAL_TEST	75	109.0	100.0	-46.05	30.72	0.55	1967	0.0000	0.0000
cologne1_setting3_dqn_delayed_q	REAL_TEST	78	121.1	100.0	-50.52	33.72	0.57	1967	0.0000	0.0000
cologne1_setting3_dqn_delayed_q	REAL_TEST	81	128.9	100.0	-52.32	34.91	0.56	1910	0.0000	0.0000
cologne1_setting3_dqn_delayed_q	REAL_TEST	84	86.5	100.0	-37.11	24.76	0.53	1881	0.0000	0.0000
cologne1_setting3_dqn_delayed_q	REAL_TEST	87	92.4	100.0	-38.97	26.06	0.53	1867	0.0000	0.0000
cologne1_setting3_dqn_delayed_q	REAL_TEST	90	95.5	100.0	-41.62	27.82	0.53	1866	0.0000	0.0000
cologne1_setting3_dqn_delayed_q	REAL_TEST	93	99.4	100.0	-45.02	30.07	0.54	1911	0.0000	0.0000
cologne1_setting3_dqn_delayed_q	REAL_TEST	96	125.3	100.0	-54.90	36.65	0.57	1850	0.0000	0.0000
cologne1_setting3_dqn_delayed_q	REAL_TEST	99	127.7	100.0	-55.56	37.06	0.56	1875	0.0000	0.0000
cologne1_setting3_dqn_delayed_q	REAL_TEST	102	97.0	100.0	-45.28	30.25	0.54	1944	0.0000	0.0000
cologne1_setting3_dqn_delayed_q	REAL_TEST	105	86.3	100.0	-37.03	24.79	0.51	1947	0.0000	0.0000
cologne1_setting3_dqn_delayed_q	REAL_TEST	108	87.1	100.0	-37.06	24.80	0.51	1911	0.0000	0.0000
cologne1_setting3_dqn_delayed_q	REAL_TEST	111	87.2	100.0	-37.15	24.80	0.52	1881	0.0000	0.0000
cologne1_setting3_dqn_delayed_q	REAL_TEST	114	102.4	100.0	-46.12	30.77	0.56	1923	0.0000	0.0000
cologne1_setting3_dqn_delayed_q	REAL_TEST	117	90.0	100.0	-40.83	27.27	0.52	1947	0.0000	0.0000
cologne1_setting3_dqn_delayed_q	REAL_TEST	120	98.0	100.0	-45.84	30.58	0.56	1922	0.0000	0.0000
cologne1_setting3_dqn_delayed_q	REAL_TEST	123	121.3	100.0	-65.20	43.55	0.59	1830	0.0000	0.0000
cologne1_setting3_dqn_delayed_q	REAL_TEST	126	149.9	100.0	-57.75	38.54	0.55	1809	0.0000	0.0000
cologne1_setting3_dqn_delayed_q	REAL_TEST	129	225.7	100.0	-73.85	49.28	0.56	1464	0.0000	0.0000
cologne1_setting3_dqn_delayed_q	REAL_TEST	132	252.2	100.0	-79.84	53.29	0.56	1338	0.0000	0.0000
cologne1_setting3_dqn_delayed_q	REAL_TEST	135	255.4	100.0	-78.23	52.21	0.56	1306	0.0000	0.0000
cologne1_setting3_dqn_delayed_q	REAL_TEST	138	210.2	100.0	-69.72	46.54	0.56	1428	0.0000	0.0000
cologne1_setting3_dqn_delayed_q	REAL_TEST	141	270.3	100.0	-86.54	57.76	0.57	1296	0.0000	0.0000
cologne1_setting3_dqn_delayed_q	REAL_TEST	144	277.3	100.0	-88.95	59.37	0.57	1283	0.0000	0.0000
cologne1_setting3_dqn_delayed_q	REAL_TEST	147	263.8	100.0	-83.11	55.46	0.57	1297	0.0000	0.0000
cologne1_setting3_dqn_delayed_q	REAL_TEST	150	122.2	100.0	-52.22	34.89	0.55	1783	0.0000	0.0000
cologne1_setting3_dqn_delayed_q	REAL_TEST	153	226.8	100.0	-71.92	47.94	0.57	1445	0.0000	0.0000
cologne1_setting3_dqn_delayed_q	REAL_TEST	156	195.6	100.0	-65.45	43.67	0.56	1586	0.0000	0.0000
cologne1_setting3_dqn_delayed_q	REAL_TEST	159	233.4	100.0	-73.47	49.06	0.56	1395	0.0000	0.0000
cologne1_setting3_dqn_delayed_q	REAL_TEST	162	224.7	100.0	-69.98	46.71	0.56	1424	0.0000	0.0000
cologne1_setting3_dqn_delayed_q	REAL_TEST	165	230.9	100.0	-76.26	50.90	0.55	1463	0.0000	0.0000
cologne1_setting3_dqn_delayed_q	REAL_TEST	168	203.9	100.0	-66.90	44.59	0.56	1607	0.0000	0.0000
cologne1_setting3_dqn_delayed_q	REAL_TEST	171	241.4	100.0	-77.24	51.56	0.56	1390	0.0000	0.0000
cologne1_setting3_dqn_delayed_q	REAL_TEST	174	206.3	100.0	-66.54	44.37	0.56	1563	0.0000	0.0000
cologne1_setting3_dqn_delayed_q	REAL_TEST	177	198.3	100.0	-66.12	44.07	0.57	1542	0.0000	0.0000
cologne1_setting3_dqn_delayed_q	REAL_TEST	180	160.5	100.0	-64.93	43.34	0.59	1656	0.0000	0.0000
cologne1_setting3_dqn_delayed_q	REAL_TEST	183	94.2	100.0	-41.45	27.65	0.54	1984	0.0000	0.0000
cologne1_setting3_dqn_delayed_q	REAL_TEST	186	191.5	100.0	-62.23	41.52	0.57	1539	0.0000	0.0000
cologne1_setting3_dqn_delayed_q	REAL_TEST	189	114.9	100.0	-52.52	35.04	0.55	1862	0.0000	0.0000
cologne1_setting3_dqn_delayed_q	REAL_TEST	192	205.4	100.0	-66.16	44.13	0.57	1524	0.0000	0.0000
cologne1_setting3_dqn_delayed_q	REAL_TEST	195	196.7	100.0	-63.66	42.46	0.56	1578	0.0000	0.0000
cologne1_setting3_dqn_delayed_q	REAL_TEST	198	207.8	100.0	-67.50	45.03	0.56	1504	0.0000	0.0000
cologne1_setting3_dqn_delayed_q	REAL_TEST	201	213.4	100.0	-68.83	45.94	0.57	1424	0.0000	0.0000
cologne1_setting3_dqn_delayed_q	REAL_TEST	204	171.2	100.0	-61.20	40.84	0.56	1606	0.0000	0.0000
cologne1_setting3_dqn_delayed_q	REAL_TEST	207	159.0	100.0	-64.83	43.27	0.59	1667	0.0000	0.0000
cologne1_setting3_dqn_delayed_q	REAL_TEST	210	143.4	100.0	-62.53	41.75	0.56	1701	0.0000	0.0000
cologne1_setting3_dqn_delayed_q	REAL_TEST	213	109.5	100.0	-47.17	31.47	0.55	1953	0.0000	0.0000
cologne1_setting3_dqn_delayed_q	REAL_TEST	216	153.0	100.0	-62.50	41.70	0.56	1790	0.0000	0.0000
cologne1_setting3_dqn_delayed_q	REAL_TEST	219	112.4	100.0	-48.39	32.27	0.56	1923	0.0000	0.0000
cologne1_setting3_dqn_delayed_q	REAL_TEST	222	144.7	100.0	-53.80	35.84	0.55	1883	0.0000	0.0000
cologne1_setting3_dqn_delayed_q	REAL_TEST	225	117.2	100.0	-49.50	33.02	0.54	1972	0.0000	0.0000
cologne1_setting3_dqn_delayed_q	REAL_TEST	228	151.0	100.0	-52.93	35.26	0.56	1866	0.0000	0.0000
cologne1_setting3_dqn_delayed_q	REAL_TEST	231	135.3	100.0	-53.21	35.46	0.55	1927	0.0000	0.0000
cologne1_setting3_dqn_delayed_q	REAL_TEST	234	147.9	100.0	-52.57	35.02	0.54	1890	0.0000	0.0000
cologne1_setting3_dqn_delayed_q	REAL_TEST	237	114.4	100.0	-50.42	33.61	0.54	1967	0.0000	0.0000
cologne1_setting3_dqn_delayed_q	REAL_TEST	240	133.8	100.0	-52.01	34.69	0.54	1916	0.0000	0.0000
cologne1_setting3_dqn_delayed_q	REAL_TEST	243	112.1	100.0	-49.20	32.82	0.54	1970	0.0000	0.0000
cologne1_setting3_dqn_delayed_q	REAL_TEST	246	174.6	100.0	-61.87	41.29	0.56	1601	0.0000	0.0000
cologne1_setting3_dqn_delayed_q	REAL_TEST	249	187.1	100.0	-61.11	40.74	0.56	1572	0.0000	0.0000
cologne1_setting3_dqn_delayed_q	REAL_TEST	252	124.9	100.0	-50.37	33.58	0.54	1945	0.0000	0.0000
cologne1_setting3_dqn_delayed_q	REAL_TEST	255	121.6	100.0	-50.18	33.44	0.53	1995	0.0000	0.0000
cologne1_setting3_dqn_delayed_q	REAL_TEST	258	176.4	100.0	-62.01	41.38	0.57	1599	0.0000	0.0000
cologne1_setting3_dqn_delayed_q	REAL_TEST	261	183.0	100.0	-60.75	40.52	0.57	1627	0.0000	0.0000
cologne1_setting3_dqn_delayed_q	REAL_TEST	264	234.3	100.0	-74.45	49.65	0.56	1405	0.0000	0.0000
cologne1_setting3_dqn_delayed_q	REAL_TEST	267	157.9	100.0	-60.88	40.59	0.56	1672	0.0000	0.0000
cologne1_setting3_dqn_delayed_q	REAL_TEST	270	141.3	100.0	-61.48	41.06	0.58	1747	0.0000	0.0000
cologne1_setting3_dqn_delayed_q	REAL_TEST	273	138.5	100.0	-60.23	40.21	0.56	1748	0.0000	0.0000
cologne1_setting3_dqn_delayed_q	REAL_TEST	276	144.4	100.0	-61.71	41.18	0.57	1704	0.0000	0.0000
cologne1_setting3_dqn_delayed_q	REAL_TEST	279	245.7	100.0	-75.68	50.51	0.56	1337	0.0000	0.0000
cologne1_setting3_dqn_delayed_q	REAL_TEST	282	238.4	100.0	-74.04	49.43	0.56	1370	0.0000	0.0000
cologne1_setting3_dqn_delayed_q	REAL_TEST	285	187.6	100.0	-62.81	41.88	0.56	1569	0.0000	0.0000
cologne1_setting3_dqn_delayed_q	REAL_TEST	288	186.0	100.0	-62.83	41.89	0.57	1572	0.0000	0.0000
cologne1_setting3_dqn_delayed_q	REAL_TEST	291	195.5	100.0	-60.31	40.25	0.55	1536	0.0000	0.0000
cologne1_setting3_dqn_delayed_q	REAL_TEST	294	154.0	100.0	-54.73	36.47	0.55	1844	0.0000	0.0000
cologne1_setting3_dqn_delayed_q	REAL_TEST	297	145.3	100.0	-57.57	38.39	0.56	1735	0.0000	0.0000
