MORLGrid: 16 grid policies
SIM_TRAIN step:0, travel time:128.2401408450704, q_loss:0, rewards:-6.169443, queue:5.1916666, delay:0.4755681, throughput:1393, raw_metrics:{'fairness': 0.0}
SIM_TRAIN step:1, travel time:129.2169014084507, q_loss:0, rewards:-6.888057, queue:5.525, delay:0.5086349, throughput:1399, raw_metrics:{'fairness': 0.0}
SIM_TRAIN step:2, travel time:128.39154929577464, q_loss:1.9134842, rewards:-6.776388, queue:5.538889, delay:0.4971496, throughput:1385, raw_metrics:{'fairness': 0.0}
SIM_TRAIN step:3, travel time:193.92464788732394, q_loss:0.6400179, rewards:-32.776936, queue:28.36111, delay:0.65484464, throughput:1390, raw_metrics:{'fairness': 270.0}
SIM_TRAIN step:4, travel time:186.06338028169014, q_loss:0.2229009, rewards:-33.64361, queue:27.802778, delay:0.6101648, throughput:1364, raw_metrics:{'fairness': 175.0}
SIM_TRAIN step:5, travel time:129.4049295774648, q_loss:0.20555119, rewards:-8.809719, queue:5.741667, delay:0.634934, throughput:1399, raw_metrics:{'fairness': 0.0}
SIM_TRAIN step:6, travel time:130.6718309859155, q_loss:0.10310455, rewards:-10.404168, queue:6.366667, delay:0.66613865, throughput:1384, raw_metrics:{'fairness': 230.0}
SIM_TRAIN step:7, travel time:128.46267605633804, q_loss:0.10116825, rewards:-6.8961086, queue:5.6194444, delay:0.52461416, throughput:1395, raw_metrics:{'fairness': 0.0}
SIM_TRAIN step:8, travel time:124.30915492957746, q_loss:0.058330048, rewards:-5.487224, queue:4.0277777, delay:0.529162, throughput:1399, raw_metrics:{'fairness': 0.0}
REAL_TRAIN step:1, travel time:148.1380281690141, q_loss:100, rewards:-17.834726, queue:12.294444, delay:0.68896073, throughput:1360, R_real:-1.4600, components:{'queue': 0.075, 'delay': 0.0, 'waiting': 0.0, 'pressure': 0.0, 'switches': 0.0, 'emission': 1.385}, raw_metrics:{'fairness': 671.0, 'emission': 418.867, 'fuel': 135.792, 'emergency_stops': 3.0, 'collisions': 0.0, 'ssm_conflicts': 285.0}, grid;w=queue=0.2;delay=0.2;waiting=0.2;pressure=0.2;switches=0.2
SIM_TRAIN step:9, travel time:126.7, q_loss:0, rewards:-5.730556, queue:4.575, delay:0.4801362, throughput:1396, raw_metrics:{'fairness': 283.0}
SIM_TRAIN step:10, travel time:127.96619718309859, q_loss:0, rewards:-6.3888903, queue:5.2222223, delay:0.4869358, throughput:1387, raw_metrics:{'fairness': 248.0}
SIM_TRAIN step:11, travel time:127.76267605633802, q_loss:1.732426, rewards:-6.152222, queue:4.9666667, delay:0.4954675, throughput:1394, raw_metrics:{'fairness': 232.0}
SIM_TRAIN step:12, travel time:325.6964788732394, q_loss:0.3682542, rewards:-85.81942, queue:79.611115, delay:0.69184786, throughput:1254, raw_metrics:{'fairness': 165.0}
SIM_TRAIN step:13, travel time:1034.7091549295774, q_loss:0.2015362, rewards:-242.20633, queue:241.29445, delay:0.60796195, throughput:713, raw_metrics:{'fairness': 625.0}
SIM_TRAIN step:14, travel time:691.4964788732394, q_loss:0.13677247, rewards:-215.1144, queue:205.28612, delay:0.7599271, throughput:1206, raw_metrics:{'fairness': 1011.0}
SIM_TRAIN step:15, travel time:243.09859154929578, q_loss:0.17271999, rewards:-51.15667, queue:40.48611, delay:0.7017372, throughput:1325, raw_metrics:{'fairness': 1040.0}
SIM_TRAIN step:16, travel time:284.72976776917665, q_loss:0.14793587, rewards:-77.059715, queue:66.86389, delay:0.7490116, throughput:1247, raw_metrics:{'fairness': 1026.0}
SIM_TRAIN step:17, travel time:197.28521126760563, q_loss:0.08502842, rewards:-36.692505, queue:30.641666, delay:0.676815, throughput:1386, raw_metrics:{'fairness': 219.0}
REAL_TRAIN step:2, travel time:283.4267844002943, q_loss:100, rewards:-78.931946, queue:62.66111, delay:0.7764945, throughput:1198, R_real:-3.2242, components:{'queue': 0.33, 'delay': 0.0, 'waiting': 0.0, 'pressure': 0.0, 'switches': 0.0, 'emission': 2.894}, raw_metrics:{'fairness': 650.0, 'emission': 680.019, 'fuel': 220.456, 'emergency_stops': 1.0, 'collisions': 0.0, 'ssm_conflicts': 207.0}, grid;w=queue=1.0
SIM_TRAIN step:18, travel time:133.1718309859155, q_loss:0, rewards:-8.379168, queue:6.897222, delay:0.5140458, throughput:1396, raw_metrics:{'fairness': 209.0}
SIM_TRAIN step:19, travel time:127.5507042253521, q_loss:0, rewards:-5.998606, queue:4.927778, delay:0.48998007, throughput:1399, raw_metrics:{'fairness': 0.0}
SIM_TRAIN step:20, travel time:125.90915492957747, q_loss:1.8910873, rewards:-5.472777, queue:4.302778, delay:0.48272857, throughput:1398, raw_metrics:{'fairness': 0.0}
SIM_TRAIN step:21, travel time:160.10281690140846, q_loss:0.548403, rewards:-17.966663, queue:16.558332, delay:0.5278037, throughput:1374, raw_metrics:{'fairness': 255.0}
SIM_TRAIN step:22, travel time:199.86267605633802, q_loss:0.15909003, rewards:-36.634995, queue:30.538889, delay:0.6963771, throughput:1390, raw_metrics:{'fairness': 1031.0}
SIM_TRAIN step:23, travel time:149.74647887323943, q_loss:0.062261615, rewards:-17.908323, queue:13.302778, delay:0.69756275, throughput:1390, raw_metrics:{'fairness': 1022.0}
SIM_TRAIN step:24, travel time:145.01338028169013, q_loss:0.04128483, rewards:-13.106381, queue:11.2, delay:0.56957924, throughput:1398, raw_metrics:{'fairness': 0.0}
SIM_TRAIN step:25, travel time:142.23521126760562, q_loss:0.024512948, rewards:-11.168614, queue:10.311111, delay:0.47896042, throughput:1390, raw_metrics:{'fairness': 280.0}
SIM_TRAIN step:26, travel time:180.5781690140845, q_loss:0.013314072, rewards:-25.685, queue:25.063889, delay:0.47522354, throughput:1326, raw_metrics:{'fairness': 246.0}
REAL_TRAIN step:3, travel time:2601.6486486486488, q_loss:100, rewards:-494.19922, queue:475.175, delay:0.9816589, throughput:24, R_real:-14.8603, components:{'queue': 2.063, 'delay': 0.0, 'waiting': 0.0, 'pressure': 0.0, 'switches': 0.0, 'emission': 12.798}, raw_metrics:{'fairness': 19.0, 'emission': 2656.192, 'fuel': 861.123, 'emergency_stops': 0.0, 'collisions': 0.0, 'ssm_conflicts': 646.0}, grid;w=delay=1.0
SIM_TRAIN step:27, travel time:125.94154929577465, q_loss:0, rewards:-5.4438868, queue:4.3333335, delay:0.4902413, throughput:1397, raw_metrics:{'fairness': 0.0}
SIM_TRAIN step:28, travel time:128.11338028169016, q_loss:0, rewards:-6.212222, queue:5.0305557, delay:0.48573604, throughput:1391, raw_metrics:{'fairness': 326.0}
SIM_TRAIN step:29, travel time:128.94577464788733, q_loss:1.8979517, rewards:-6.6652784, queue:5.2694445, delay:0.505265, throughput:1396, raw_metrics:{'fairness': 0.0}
SIM_TRAIN step:30, travel time:198.08163265306123, q_loss:0.7063665, rewards:-35.47583, queue:33.344444, delay:0.56789917, throughput:1302, raw_metrics:{'fairness': 1011.0}
SIM_TRAIN step:31, travel time:478.2239436619718, q_loss:7.6245933, rewards:-135.59166, queue:130.04723, delay:0.7439315, throughput:1322, raw_metrics:{'fairness': 1010.0}
SIM_TRAIN step:32, travel time:195.27042253521128, q_loss:8.234745, rewards:-34.836662, queue:29.725, delay:0.6846051, throughput:1375, raw_metrics:{'fairness': 0.0}
SIM_TRAIN step:33, travel time:248.24577464788732, q_loss:5.8512087, rewards:-53.344997, queue:49.394444, delay:0.64363223, throughput:1377, raw_metrics:{'fairness': 1053.0}
SIM_TRAIN step:34, travel time:147.8950704225352, q_loss:4.7828856, rewards:-16.773613, queue:12.569445, delay:0.625958, throughput:1392, raw_metrics:{'fairness': 209.0}
SIM_TRAIN step:35, travel time:134.78521126760563, q_loss:4.200322, rewards:-9.383059, queue:7.8777776, delay:0.53695476, throughput:1396, raw_metrics:{'fairness': 1021.0}
REAL_TRAIN step:4, travel time:189.1706435285611, q_loss:100, rewards:-37.66111, queue:26.827778, delay:0.79339314, throughput:1303, R_real:-2.0370, components:{'queue': 0.159, 'delay': 0.0, 'waiting': 0.0, 'pressure': 0.0, 'switches': 0.0, 'emission': 1.878}, raw_metrics:{'fairness': 689.0, 'emission': 499.898, 'fuel': 162.062, 'emergency_stops': 10.0, 'collisions': 0.0, 'ssm_conflicts': 678.0}, grid;w=waiting=1.0
SIM_TRAIN step:36, travel time:128.09014084507044, q_loss:0, rewards:-6.636109, queue:5.236111, delay:0.510589, throughput:1396, raw_metrics:{'fairness': 231.0}
SIM_TRAIN step:37, travel time:127.65352112676057, q_loss:0, rewards:-6.183612, queue:5.141667, delay:0.482529, throughput:1377, raw_metrics:{'fairness': 218.0}
SIM_TRAIN step:38, travel time:125.69718309859155, q_loss:2.1146033, rewards:-5.1988897, queue:4.272222, delay:0.4720177, throughput:1394, raw_metrics:{'fairness': 251.0}
SIM_TRAIN step:39, travel time:138.18309859154928, q_loss:0.6790764, rewards:-10.9125, queue:8.775, delay:0.5513718, throughput:1393, raw_metrics:{'fairness': 230.0}
SIM_TRAIN step:40, travel time:127.35915492957747, q_loss:0.26455334, rewards:-10.472498, queue:5.463889, delay:0.7387454, throughput:1394, raw_metrics:{'fairness': 175.0}
SIM_TRAIN step:41, travel time:124.40211267605633, q_loss:0.11050343, rewards:-8.928612, queue:4.3555555, delay:0.7284132, throughput:1397, raw_metrics:{'fairness': 1005.0}
SIM_TRAIN step:42, travel time:121.28309859154929, q_loss:0.06496211, rewards:-5.770554, queue:3.011111, delay:0.62963706, throughput:1397, raw_metrics:{'fairness': 786.0}
SIM_TRAIN step:43, travel time:120.52957746478873, q_loss:0.052387476, rewards:-4.6475005, queue:2.7333333, delay:0.57276785, throughput:1398, raw_metrics:{'fairness': 0.0}
SIM_TRAIN step:44, travel time:120.47183098591549, q_loss:0.045466457, rewards:-4.4713883, queue:2.7666667, delay:0.5579123, throughput:1397, raw_metrics:{'fairness': 808.0}
REAL_TRAIN step:5, travel time:143.8443661971831, q_loss:100, rewards:-20.3889, queue:10.561111, delay:0.74417394, throughput:1366, R_real:-1.5298, components:{'queue': 0.086, 'delay': 0.0, 'waiting': 0.0, 'pressure': 0.0, 'switches': 0.0, 'emission': 1.444}, raw_metrics:{'fairness': 679.0, 'emission': 409.856, 'fuel': 132.871, 'emergency_stops': 6.0, 'collisions': 0.0, 'ssm_conflicts': 227.0}, grid;w=pressure=1.0
SIM_TRAIN step:45, travel time:126.61901408450704, q_loss:0, rewards:-5.766942, queue:4.625, delay:0.48959193, throughput:1396, raw_metrics:{'fairness': 0.0}
SIM_TRAIN step:46, travel time:129.69084507042254, q_loss:0, rewards:-7.055552, queue:5.686111, delay:0.51695716, throughput:1395, raw_metrics:{'fairness': 232.0}
SIM_TRAIN step:47, travel time:128.35211267605635, q_loss:2.166537, rewards:-6.2219443, queue:5.0944443, delay:0.47578883, throughput:1398, raw_metrics:{'fairness': 0.0}
SIM_TRAIN step:48, travel time:314.9669014084507, q_loss:0.89324516, rewards:-85.1547, queue:72.45556, delay:0.78571063, throughput:1191, raw_metrics:{'fairness': 994.0}
SIM_TRAIN step:49, travel time:517.1394366197183, q_loss:0.2663148, rewards:-169.22913, queue:151.83888, delay:0.8431488, throughput:880, raw_metrics:{'fairness': 832.0}
SIM_TRAIN step:50, travel time:414.77535211267605, q_loss:0.1145204, rewards:-126.33974, queue:111.99167, delay:0.79703146, throughput:972, raw_metrics:{'fairness': 882.0}
SIM_TRAIN step:51, travel time:206.46901408450705, q_loss:0.077137925, rewards:-35.981937, queue:25.175, delay:0.717186, throughput:1327, raw_metrics:{'fairness': 1056.0}
SIM_TRAIN step:52, travel time:1420.323011963406, q_loss:0.08914273, rewards:-342.67078, queue:329.71112, delay:0.762557, throughput:367, raw_metrics:{'fairness': 244.0}
SIM_TRAIN step:53, travel time:1424.2380281690141, q_loss:0.037534613, rewards:-341.08582, queue:336.99167, delay:0.702334, throughput:314, raw_metrics:{'fairness': 14.0}
REAL_TRAIN step:6, travel time:292.3231343283582, q_loss:100, rewards:-84.49249, queue:64.78611, delay:0.8021492, throughput:1179, R_real:-3.3821, components:{'queue': 0.353, 'delay': 0.0, 'waiting': 0.0, 'pressure': 0.0, 'switches': 0.0, 'emission': 3.029}, raw_metrics:{'fairness': 661.0, 'emission': 689.217, 'fuel': 223.438, 'emergency_stops': 1.0, 'collisions': 0.0, 'ssm_conflicts': 184.0}, grid;w=switches=1.0
SIM_TRAIN step:54, travel time:126.77112676056338, q_loss:0, rewards:-5.9430537, queue:4.6944447, delay:0.5053088, throughput:1394, raw_metrics:{'fairness': 255.0}
SIM_TRAIN step:55, travel time:126.95211267605634, q_loss:0, rewards:-5.876664, queue:4.6833334, delay:0.49074543, throughput:1399, raw_metrics:{'fairness': 0.0}
SIM_TRAIN step:56, travel time:127.07464788732395, q_loss:2.206225, rewards:-5.891666, queue:4.6805553, delay:0.4864968, throughput:1394, raw_metrics:{'fairness': 246.0}
SIM_TRAIN step:57, travel time:384.28521126760563, q_loss:0.745483, rewards:-108.983086, queue:96.566666, delay:0.81360745, throughput:1364, raw_metrics:{'fairness': 1133.0}
SIM_TRAIN step:58, travel time:685.5598591549295, q_loss:0.27278244, rewards:-193.03026, queue:189.20555, delay:0.67253023, throughput:823, raw_metrics:{'fairness': 103.0}
SIM_TRAIN step:59, travel time:997.584388185654, q_loss:0.19546774, rewards:-284.07645, queue:280.65, delay:0.70129704, throughput:950, raw_metrics:{'fairness': 760.0}
SIM_TRAIN step:60, travel time:306.89718309859154, q_loss:0.061107147, rewards:-74.158035, queue:62.76389, delay:0.7522972, throughput:1279, raw_metrics:{'fairness': 257.0}
SIM_TRAIN step:61, travel time:275.29647887323944, q_loss:0.027998976, rewards:-62.169456, queue:55.375, delay:0.6490912, throughput:1353, raw_metrics:{'fairness': 800.0}
SIM_TRAIN step:62, travel time:188.75704225352112, q_loss:0.020859279, rewards:-35.273052, queue:25.1, delay:0.77623004, throughput:1396, raw_metrics:{'fairness': 1087.0}
REAL_TRAIN step:7, travel time:150.35985915492958, q_loss:100, rewards:-22.029726, queue:13.177778, delay:0.72263664, throughput:1365, R_real:-1.5811, components:{'queue': 0.092, 'delay': 0.0, 'waiting': 0.0, 'pressure': 0.0, 'switches': 0.0, 'emission': 1.489}, raw_metrics:{'fairness': 150.0, 'emission': 423.582, 'fuel': 137.321, 'emergency_stops': 1.0, 'collisions': 0.0, 'ssm_conflicts': 249.0}, grid;w=queue=0.5;delay=0.5
SIM_TRAIN step:63, travel time:129.25352112676057, q_loss:0, rewards:-6.629165, queue:5.5444446, delay:0.48679963, throughput:1399, raw_metrics:{'fairness': 0.0}
SIM_TRAIN step:64, travel time:128.28169014084506, q_loss:0, rewards:-6.2950006, queue:5.133333, delay:0.48626247, throughput:1400, raw_metrics:{'fairness': 0.0}
SIM_TRAIN step:65, travel time:128.02042253521128, q_loss:2.3170946, rewards:-6.243058, queue:5.0944443, delay:0.48452917, throughput:1396, raw_metrics:{'fairness': 250.0}
SIM_TRAIN step:66, travel time:257.71408450704223, q_loss:1.2899147, rewards:-57.785553, queue:51.908333, delay:0.66822815, throughput:1385, raw_metrics:{'fairness': 243.0}
SIM_TRAIN step:67, travel time:466.9302816901409, q_loss:1.3686621, rewards:-122.687195, queue:119.84167, delay:0.6492974, throughput:1364, raw_metrics:{'fairness': 192.0}
SIM_TRAIN step:68, travel time:235.97112676056338, q_loss:0.99290043, rewards:-44.17028, queue:42.797222, delay:0.56861746, throughput:1393, raw_metrics:{'fairness': 218.0}
SIM_TRAIN step:69, travel time:131.61549295774648, q_loss:0.67854404, rewards:-8.832225, queue:6.6305556, delay:0.565181, throughput:1390, raw_metrics:{'fairness': 289.0}
SIM_TRAIN step:70, travel time:198.04788732394366, q_loss:0.5224399, rewards:-36.716675, queue:31.686111, delay:0.61964905, throughput:1343, raw_metrics:{'fairness': 261.0}
SIM_TRAIN step:71, travel time:162.793661971831, q_loss:0.4386653, rewards:-18.93028, queue:17.85, delay:0.5123564, throughput:1397, raw_metrics:{'fairness': 233.0}
REAL_TRAIN step:8, travel time:144.9443661971831, q_loss:100, rewards:-17.787777, queue:11.008333, delay:0.7020178, throughput:1363, R_real:-1.4576, components:{'queue': 0.075, 'delay': 0.0, 'waiting': 0.0, 'pressure': 0.0, 'switches': 0.0, 'emission': 1.382}, raw_metrics:{'fairness': 676.0, 'emission': 412.663, 'fuel': 133.781, 'emergency_stops': 5.0, 'collisions': 0.0, 'ssm_conflicts': 303.0}, grid;w=queue=0.5;waiting=0.5
SIM_TRAIN step:72, travel time:127.39929577464788, q_loss:0, rewards:-5.8577757, queue:4.8194447, delay:0.47943628, throughput:1390, raw_metrics:{'fairness': 280.0}
SIM_TRAIN step:73, travel time:129.5154929577465, q_loss:0, rewards:-6.7311096, queue:5.6555557, delay:0.4851018, throughput:1399, raw_metrics:{'fairness': 0.0}
SIM_TRAIN step:74, travel time:124.54718309859155, q_loss:1.3541863, rewards:-5.0213885, queue:3.9416666, delay:0.48565724, throughput:1392, raw_metrics:{'fairness': 282.0}
SIM_TRAIN step:75, travel time:142.94014084507043, q_loss:0.2028983, rewards:-13.521392, queue:10.425, delay:0.6220173, throughput:1393, raw_metrics:{'fairness': 0.0}
SIM_TRAIN step:76, travel time:210.143661971831, q_loss:0.14243795, rewards:-45.54943, queue:35.5, delay:0.7055245, throughput:1311, raw_metrics:{'fairness': 962.0}
SIM_TRAIN step:77, travel time:128.6161971830986, q_loss:0.11944031, rewards:-9.96389, queue:5.55, delay:0.7123014, throughput:1399, raw_metrics:{'fairness': 0.0}
SIM_TRAIN step:78, travel time:132.38169014084508, q_loss:0.14289741, rewards:-13.344723, queue:7.0194445, delay:0.711084, throughput:1378, raw_metrics:{'fairness': 1041.0}
SIM_TRAIN step:79, travel time:127.53169014084507, q_loss:0.09308943, rewards:-12.144444, queue:5.686111, delay:0.7873955, throughput:1391, raw_metrics:{'fairness': 222.0}
SIM_TRAIN step:80, travel time:124.68169014084508, q_loss:0.05240024, rewards:-9.425282, queue:4.35, delay:0.74231714, throughput:1398, raw_metrics:{'fairness': 0.0}
REAL_TRAIN step:9, travel time:162.49562682215745, q_loss:100, rewards:-31.556108, queue:16.597221, delay:0.82057947, throughput:1312, R_real:-1.8450, components:{'queue': 0.132, 'delay': 0.0, 'waiting': 0.0, 'pressure': 0.0, 'switches': 0.0, 'emission': 1.713}, raw_metrics:{'fairness': 720.0, 'emission': 435.237, 'fuel': 141.099, 'emergency_stops': 3.0, 'collisions': 0.0, 'ssm_conflicts': 162.0}, grid;w=queue=0.5;pressure=0.5
SIM_TRAIN step:81, travel time:127.1774647887324, q_loss:0, rewards:-5.9211116, queue:4.891667, delay:0.48212534, throughput:1388, raw_metrics:{'fairness': 209.0}
SIM_TRAIN step:82, travel time:125.57112676056337, q_loss:0, rewards:-5.138332, queue:4.1916666, delay:0.47184062, throughput:1399, raw_metrics:{'fairness': 0.0}
SIM_TRAIN step:83, travel time:127.17042253521127, q_loss:1.3192434, rewards:-5.888611, queue:4.797222, delay:0.48097262, throughput:1393, raw_metrics:{'fairness': 236.0}
SIM_TRAIN step:84, travel time:240.69035890218157, q_loss:0.2459922, rewards:-52.600018, queue:44.83889, delay:0.7143223, throughput:1377, raw_metrics:{'fairness': 192.0}
SIM_TRAIN step:85, travel time:214.9732394366197, q_loss:0.12239754, rewards:-54.27305, queue:39.372223, delay:0.83535105, throughput:1317, raw_metrics:{'fairness': 908.0}
SIM_TRAIN step:86, travel time:186.98591549295776, q_loss:0.078837484, rewards:-34.178623, queue:22.422222, delay:0.7637201, throughput:1319, raw_metrics:{'fairness': 998.0}
SIM_TRAIN step:87, travel time:247.7443661971831, q_loss:0.016656538, rewards:-61.31556, queue:40.538887, delay:0.86471903, throughput:1298, raw_metrics:{'fairness': 1027.0}
SIM_TRAIN step:88, travel time:239.60915492957747, q_loss:0.008308413, rewards:-51.875835, queue:41.116665, delay:0.7614686, throughput:1351, raw_metrics:{'fairness': 1013.0}
SIM_TRAIN step:89, travel time:214.0725352112676, q_loss:0.005955266, rewards:-50.40973, queue:31.713888, delay:0.87619334, throughput:1306, raw_metrics:{'fairness': 992.0}
REAL_TRAIN step:10, travel time:268.6676624346527, q_loss:100, rewards:-75.762764, queue:55.866665, delay:0.83379024, throughput:1190, R_real:-3.1252, components:{'queue': 0.316, 'delay': 0.0, 'waiting': 0.0, 'pressure': 0.0, 'switches': 0.0, 'emission': 2.809}, raw_metrics:{'fairness': 670.0, 'emission': 639.834, 'fuel': 207.429, 'emergency_stops': 0.0, 'collisions': 0.0, 'ssm_conflicts': 117.0}, grid;w=queue=0.5;switches=0.5
SIM_TRAIN step:90, travel time:126.53591549295774, q_loss:0, rewards:-5.7380548, queue:4.552778, delay:0.49129835, throughput:1396, raw_metrics:{'fairness': 242.0}
SIM_TRAIN step:91, travel time:127.34859154929578, q_loss:0, rewards:-6.016667, queue:4.913889, delay:0.48426467, throughput:1389, raw_metrics:{'fairness': 226.0}
SIM_TRAIN step:92, travel time:127.5556338028169, q_loss:2.0085728, rewards:-6.146949, queue:5.016667, delay:0.48307106, throughput:1392, raw_metrics:{'fairness': 0.0}
SIM_TRAIN step:93, travel time:293.51056338028167, q_loss:0.85750353, rewards:-70.54277, queue:63.413887, delay:0.70310557, throughput:1358, raw_metrics:{'fairness': 1048.0}
SIM_TRAIN step:94, travel time:271.63591549295774, q_loss:0.28577372, rewards:-64.55085, queue:57.055557, delay:0.74478567, throughput:1308, raw_metrics:{'fairness': 1006.0}
SIM_TRAIN step:95, travel time:345.1880281690141, q_loss:0.292651, rewards:-83.06299, queue:82.30278, delay:0.5455506, throughput:1372, raw_metrics:{'fairness': 297.0}
SIM_TRAIN step:96, travel time:143.94577464788733, q_loss:0.23386484, rewards:-11.799165, queue:10.491667, delay:0.52663004, throughput:1396, raw_metrics:{'fairness': 224.0}
SIM_TRAIN step:97, travel time:128.02464788732394, q_loss:0.17585015, rewards:-6.569167, queue:5.0916667, delay:0.5167308, throughput:1400, raw_metrics:{'fairness': 0.0}
SIM_TRAIN step:98, travel time:128.2711267605634, q_loss:0.14254464, rewards:-9.168611, queue:5.366667, delay:0.5837811, throughput:1392, raw_metrics:{'fairness': 206.0}
REAL_TRAIN step:11, travel time:151.29466858789624, q_loss:100, rewards:-22.922499, queue:12.65, delay:0.7435157, throughput:1330, R_real:-1.6000, components:{'queue': 0.096, 'delay': 0.0, 'waiting': 0.0, 'pressure': 0.0, 'switches': 0.0, 'emission': 1.504}, raw_metrics:{'fairness': 705.0, 'emission': 417.068, 'fuel': 135.209, 'emergency_stops': 2.0, 'collisions': 0.0, 'ssm_conflicts': 254.0}, grid;w=delay=0.5;waiting=0.5
SIM_TRAIN step:99, travel time:128.70704225352114, q_loss:0, rewards:-6.4369426, queue:5.3166666, delay:0.49121758, throughput:1399, raw_metrics:{'fairness': 0.0}
SIM_TRAIN step:100, travel time:126.68521126760564, q_loss:0, rewards:-5.802775, queue:4.55, delay:0.4952707, throughput:1398, raw_metrics:{'fairness': 0.0}
SIM_TRAIN step:101, travel time:126.28943661971832, q_loss:2.3444266, rewards:-5.505835, queue:4.4972224, delay:0.478221, throughput:1397, raw_metrics:{'fairness': 0.0}
SIM_TRAIN step:102, travel time:152.77605633802816, q_loss:0.6918619, rewards:-17.398888, queue:14.002778, delay:0.5737299, throughput:1397, raw_metrics:{'fairness': 1099.0}
SIM_TRAIN step:103, travel time:141.106338028169, q_loss:0.2352412, rewards:-16.139997, queue:10.516666, delay:0.69544727, throughput:1396, raw_metrics:{'fairness': 1044.0}
SIM_TRAIN step:104, travel time:124.95281690140845, q_loss:0.23244447, rewards:-8.511945, queue:4.327778, delay:0.6923203, throughput:1396, raw_metrics:{'fairness': 215.0}
SIM_TRAIN step:105, travel time:123.00985915492957, q_loss:0.1051509, rewards:-7.198335, queue:3.7916667, delay:0.68996495, throughput:1397, raw_metrics:{'fairness': 1014.0}
SIM_TRAIN step:106, travel time:121.44507042253521, q_loss:0.065506704, rewards:-4.2733326, queue:3.0, delay:0.51211166, throughput:1398, raw_metrics:{'fairness': 0.0}
SIM_TRAIN step:107, travel time:120.10985915492958, q_loss:0.038928807, rewards:-3.4383342, queue:2.5083334, delay:0.47580066, throughput:1393, raw_metrics:{'fairness': 202.0}
REAL_TRAIN step:12, travel time:147.49606862044317, q_loss:100, rewards:-21.041948, queue:11.472222, delay:0.6849618, throughput:1340, R_real:-1.5436, components:{'queue': 0.089, 'delay': 0.0, 'waiting': 0.0, 'pressure': 0.0, 'switches': 0.0, 'emission': 1.455}, raw_metrics:{'fairness': 689.0, 'emission': 412.16, 'fuel': 133.618, 'emergency_stops': 5.0, 'collisions': 0.0, 'ssm_conflicts': 246.0}, grid;w=delay=0.5;pressure=0.5
SIM_TRAIN step:108, travel time:126.63124560168895, q_loss:0, rewards:-5.7025003, queue:4.602778, delay:0.48022047, throughput:1399, raw_metrics:{'fairness': 0.0}
SIM_TRAIN step:109, travel time:126.11056338028169, q_loss:0, rewards:-5.451666, queue:4.3444443, delay:0.48551285, throughput:1399, raw_metrics:{'fairness': 0.0}
SIM_TRAIN step:110, travel time:128.08028169014085, q_loss:1.9299246, rewards:-6.2452774, queue:5.075, delay:0.48874706, throughput:1399, raw_metrics:{'fairness': 0.0}
SIM_TRAIN step:111, travel time:188.9894366197183, q_loss:0.4982378, rewards:-33.820004, queue:26.394444, delay:0.6648525, throughput:1362, raw_metrics:{'fairness': 1069.0}
SIM_TRAIN step:112, travel time:136.57676056338028, q_loss:0.17970648, rewards:-14.103052, queue:8.25, delay:0.7130804, throughput:1394, raw_metrics:{'fairness': 1034.0}
SIM_TRAIN step:113, travel time:144.7830985915493, q_loss:0.16571702, rewards:-16.009716, queue:11.2, delay:0.6931908, throughput:1394, raw_metrics:{'fairness': 270.0}
SIM_TRAIN step:114, travel time:134.43028169014084, q_loss:0.11283593, rewards:-12.398335, queue:7.9444447, delay:0.736661, throughput:1391, raw_metrics:{'fairness': 266.0}
SIM_TRAIN step:115, travel time:136.52464788732394, q_loss:0.11297997, rewards:-12.965002, queue:8.8, delay:0.71166366, throughput:1395, raw_metrics:{'fairness': 1031.0}
SIM_TRAIN step:116, travel time:133.66478873239436, q_loss:0.038699266, rewards:-13.103333, queue:8.113889, delay:0.70046973, throughput:1387, raw_metrics:{'fairness': 203.0}
REAL_TRAIN step:13, travel time:261.13154069767444, q_loss:100, rewards:-66.02861, queue:55.725, delay:0.7489946, throughput:1284, R_real:-2.8976, components:{'queue': 0.276, 'delay': 0.0, 'waiting': 0.0, 'pressure': 0.0, 'switches': 0.0, 'emission': 2.622}, raw_metrics:{'fairness': 674.0, 'emission': 658.311, 'fuel': 213.418, 'emergency_stops': 6.0, 'collisions': 0.0, 'ssm_conflicts': 1088.0}, grid;w=delay=0.5;switches=0.5
SIM_TRAIN step:117, travel time:127.25704225352112, q_loss:0, rewards:-5.9358344, queue:4.763889, delay:0.48757163, throughput:1399, raw_metrics:{'fairness': 0.0}
SIM_TRAIN step:118, travel time:127.71619718309859, q_loss:0, rewards:-6.2652736, queue:4.961111, delay:0.505386, throughput:1398, raw_metrics:{'fairness': 0.0}
SIM_TRAIN step:119, travel time:126.29929577464789, q_loss:1.6696522, rewards:-5.639999, queue:4.461111, delay:0.49770546, throughput:1398, raw_metrics:{'fairness': 0.0}
SIM_TRAIN step:120, travel time:186.06338028169014, q_loss:0.39052442, rewards:-31.723057, queue:26.188889, delay:0.673071, throughput:1388, raw_metrics:{'fairness': 1056.0}
SIM_TRAIN step:121, travel time:131.92042253521126, q_loss:0.18129043, rewards:-8.108056, queue:6.766667, delay:0.509298, throughput:1394, raw_metrics:{'fairness': 228.0}
SIM_TRAIN step:122, travel time:127.13239436619719, q_loss:0.13523394, rewards:-8.96861, queue:5.2222223, delay:0.62691885, throughput:1399, raw_metrics:{'fairness': 0.0}
SIM_TRAIN step:123, travel time:123.8274647887324, q_loss:0.11623963, rewards:-5.7647223, queue:3.8722222, delay:0.53239524, throughput:1399, raw_metrics:{'fairness': 0.0}
SIM_TRAIN step:124, travel time:121.47112676056338, q_loss:0.08817326, rewards:-4.208886, queue:2.8888888, delay:0.49596557, throughput:1399, raw_metrics:{'fairness': 0.0}
SIM_TRAIN step:125, travel time:120.45070422535211, q_loss:0.07970095, rewards:-3.7669458, queue:2.4694445, delay:0.49971974, throughput:1397, raw_metrics:{'fairness': 244.0}
REAL_TRAIN step:14, travel time:150.05937052932762, q_loss:100, rewards:-21.314169, queue:12.536111, delay:0.7124454, throughput:1341, R_real:-1.5530, components:{'queue': 0.089, 'delay': 0.0, 'waiting': 0.0, 'pressure': 0.0, 'switches': 0.0, 'emission': 1.463}, raw_metrics:{'fairness': 694.0, 'emission': 416.526, 'fuel': 135.033, 'emergency_stops': 1.0, 'collisions': 0.0, 'ssm_conflicts': 165.0}, grid;w=waiting=0.5;pressure=0.5
SIM_TRAIN step:126, travel time:126.48239436619718, q_loss:0, rewards:-5.79722, queue:4.5805554, delay:0.4966302, throughput:1391, raw_metrics:{'fairness': 245.0}
SIM_TRAIN step:127, travel time:125.1830985915493, q_loss:0, rewards:-5.1691675, queue:4.086111, delay:0.481211, throughput:1399, raw_metrics:{'fairness': 0.0}
SIM_TRAIN step:128, travel time:126.64366197183098, q_loss:1.657608, rewards:-5.652222, queue:4.6, delay:0.48393843, throughput:1398, raw_metrics:{'fairness': 0.0}
SIM_TRAIN step:129, travel time:174.44718309859155, q_loss:0.7170846, rewards:-25.355553, queue:21.938889, delay:0.6398942, throughput:1398, raw_metrics:{'fairness': 0.0}
SIM_TRAIN step:130, travel time:189.7218309859155, q_loss:0.22853495, rewards:-38.518887, queue:27.594444, delay:0.7430191, throughput:1375, raw_metrics:{'fairness': 1029.0}
SIM_TRAIN step:131, travel time:129.96267605633804, q_loss:0.15822908, rewards:-9.962498, queue:6.0666666, delay:0.6920453, throughput:1398, raw_metrics:{'fairness': 261.0}
SIM_TRAIN step:132, travel time:129.45281690140845, q_loss:0.089561656, rewards:-8.002223, queue:6.0972223, delay:0.56414104, throughput:1394, raw_metrics:{'fairness': 263.0}
SIM_TRAIN step:133, travel time:143.3767605633803, q_loss:0.0915897, rewards:-14.109712, queue:11.316667, delay:0.62535197, throughput:1392, raw_metrics:{'fairness': 774.0}
SIM_TRAIN step:134, travel time:127.54718309859155, q_loss:0.06900563, rewards:-8.56861, queue:5.3722224, delay:0.631726, throughput:1396, raw_metrics:{'fairness': 0.0}
REAL_TRAIN step:15, travel time:2352.0641025641025, q_loss:100, rewards:-469.7472, queue:450.96945, delay:0.9586063, throughput:61, R_real:-14.1691, components:{'queue': 1.961, 'delay': 0.0, 'waiting': 0.0, 'pressure': 0.0, 'switches': 0.0, 'emission': 12.208}, raw_metrics:{'fairness': 28.0, 'emission': 2535.493, 'fuel': 821.993, 'emergency_stops': 0.0, 'collisions': 0.0, 'ssm_conflicts': 656.0}, grid;w=waiting=0.5;switches=0.5
SIM_TRAIN step:135, travel time:124.83450704225352, q_loss:0, rewards:-5.048891, queue:4.047222, delay:0.4800471, throughput:1394, raw_metrics:{'fairness': 240.0}
SIM_TRAIN step:136, travel time:127.90070422535211, q_loss:0, rewards:-6.183891, queue:5.0805554, delay:0.48368144, throughput:1394, raw_metrics:{'fairness': 239.0}
SIM_TRAIN step:137, travel time:125.71056338028168, q_loss:1.3602363, rewards:-5.5050006, queue:4.302778, delay:0.48572347, throughput:1397, raw_metrics:{'fairness': 0.0}
SIM_TRAIN step:138, travel time:141.4887323943662, q_loss:0.38171938, rewards:-12.815281, queue:9.913889, delay:0.59338325, throughput:1387, raw_metrics:{'fairness': 267.0}
SIM_TRAIN step:139, travel time:126.61971830985915, q_loss:0.08176027, rewards:-9.9925, queue:5.075, delay:0.6999483, throughput:1389, raw_metrics:{'fairness': 1013.0}
SIM_TRAIN step:140, travel time:124.59718309859154, q_loss:0.05450659, rewards:-8.536388, queue:4.1916666, delay:0.70360345, throughput:1399, raw_metrics:{'fairness': 0.0}
SIM_TRAIN step:141, travel time:123.23450704225353, q_loss:0.03889894, rewards:-7.115001, queue:3.9805555, delay:0.6754207, throughput:1398, raw_metrics:{'fairness': 216.0}
SIM_TRAIN step:142, travel time:127.19718309859155, q_loss:0.029036809, rewards:-9.246664, queue:5.625, delay:0.7159833, throughput:1396, raw_metrics:{'fairness': 1036.0}
SIM_TRAIN step:143, travel time:124.74647887323944, q_loss:0.025937798, rewards:-8.000276, queue:4.675, delay:0.7053488, throughput:1398, raw_metrics:{'fairness': 791.0}
REAL_TRAIN step:16, travel time:143.4943661971831, q_loss:100, rewards:-21.68472, queue:10.483334, delay:0.8105413, throughput:1368, R_real:-1.5673, components:{'queue': 0.091, 'delay': 0.0, 'waiting': 0.0, 'pressure': 0.0, 'switches': 0.0, 'emission': 1.476}, raw_metrics:{'fairness': 682.0, 'emission': 408.097, 'fuel': 132.3, 'emergency_stops': 2.0, 'collisions': 0.0, 'ssm_conflicts': 219.0}, grid;w=pressure=0.5;switches=0.5
SIM_TRAIN step:144, travel time:129.87464788732393, q_loss:0, rewards:-7.5727777, queue:5.788889, delay:0.54978025, throughput:1395, raw_metrics:{'fairness': 264.0}
SIM_TRAIN step:145, travel time:130.8330985915493, q_loss:0, rewards:-8.260003, queue:6.1361113, delay:0.5777685, throughput:1399, raw_metrics:{'fairness': 0.0}
REAL_TRAIN step:18, travel time:144.9443661971831, q_loss:100, rewards:-17.787777, queue:11.008333, delay:0.7020178, throughput:1363, R_real:-1.4576, components:{'queue': 0.075, 'delay': 0.0, 'waiting': 0.0, 'pressure': 0.0, 'switches': 0.0, 'emission': 1.382}, raw_metrics:{'fairness': 676.0, 'emission': 412.663, 'fuel': 133.781, 'emergency_stops': 5.0, 'collisions': 0.0, 'ssm_conflicts': 303.0}, refine;w=queue=0.5;waiting=0.5;ckpt2
SIM_TRAIN step:146, travel time:129.65915492957745, q_loss:0.122934386, rewards:-7.494173, queue:5.741667, delay:0.5512449, throughput:1398, raw_metrics:{'fairness': 0.0}
SIM_TRAIN step:147, travel time:143.00352112676057, q_loss:0.056609936, rewards:-15.291661, queue:10.380555, delay:0.5957163, throughput:1396, raw_metrics:{'fairness': 238.0}
REAL_TRAIN step:20, travel time:132.46408450704226, q_loss:100, rewards:-8.516946, queue:6.008333, delay:0.57872516, throughput:1368, R_real:-1.1851, components:{'queue': 0.037, 'delay': 0.0, 'waiting': 0.0, 'pressure': 0.0, 'switches': 0.0, 'emission': 1.148}, raw_metrics:{'fairness': 679.0, 'emission': 385.815, 'fuel': 125.077, 'emergency_stops': 3.0, 'collisions': 0.0, 'ssm_conflicts': 249.0}, refine;w=queue=0.5;waiting=0.5;ckpt4
SIM_TRAIN step:148, travel time:135.30140845070423, q_loss:0.02878248, rewards:-9.284169, queue:7.766667, delay:0.52902865, throughput:1393, raw_metrics:{'fairness': 311.0}
SIM_TRAIN step:149, travel time:126.0507042253521, q_loss:0.017973978, rewards:-6.055279, queue:4.2555556, delay:0.55035084, throughput:1399, raw_metrics:{'fairness': 0.0}
REAL_TRAIN step:22, travel time:153.0950704225352, q_loss:100, rewards:-18.543339, queue:13.766666, delay:0.6493333, throughput:1365, R_real:-1.4833, components:{'queue': 0.079, 'delay': 0.0, 'waiting': 0.0, 'pressure': 0.0, 'switches': 0.0, 'emission': 1.405}, raw_metrics:{'fairness': 665.0, 'emission': 433.228, 'fuel': 140.448, 'emergency_stops': 6.0, 'collisions': 0.0, 'ssm_conflicts': 614.0}, refine;w=queue=0.5;waiting=0.5;ckpt6
SIM_TRAIN step:150, travel time:124.68943661971831, q_loss:0.011641333, rewards:-5.5047216, queue:3.7916667, delay:0.5423294, throughput:1399, raw_metrics:{'fairness': 0.0}
SIM_TRAIN step:151, travel time:123.11549295774648, q_loss:0.008260128, rewards:-5.1591687, queue:3.325, delay:0.5408596, throughput:1400, raw_metrics:{'fairness': 0.0}
REAL_TRAIN step:24, travel time:137.25704225352112, q_loss:100, rewards:-8.340833, queue:7.586111, delay:0.5028978, throughput:1373, R_real:-1.1813, components:{'queue': 0.037, 'delay': 0.0, 'waiting': 0.0, 'pressure': 0.0, 'switches': 0.0, 'emission': 1.144}, raw_metrics:{'fairness': 152.0, 'emission': 397.969, 'fuel': 129.017, 'emergency_stops': 6.0, 'collisions': 0.0, 'ssm_conflicts': 466.0}, refine;w=queue=0.5;waiting=0.5;ckpt8
SIM_TRAIN step:152, travel time:121.81549295774649, q_loss:0.006823739, rewards:-3.9905562, queue:2.8833334, delay:0.4903401, throughput:1396, raw_metrics:{'fairness': 257.0}
SIM_TRAIN step:153, travel time:122.6112676056338, q_loss:0.0060033333, rewards:-4.5233345, queue:3.0944445, delay:0.5077301, throughput:1399, raw_metrics:{'fairness': 0.0}
REAL_TRAIN step:26, travel time:129.54788732394366, q_loss:100, rewards:-5.267222, queue:4.677778, delay:0.4718835, throughput:1374, R_real:-1.0890, components:{'queue': 0.024, 'delay': 0.0, 'waiting': 0.0, 'pressure': 0.0, 'switches': 0.0, 'emission': 1.065}, raw_metrics:{'fairness': 154.0, 'emission': 380.141, 'fuel': 123.237, 'emergency_stops': 8.0, 'collisions': 0.0, 'ssm_conflicts': 289.0}, refine;w=queue=0.5;waiting=0.5;ckpt10
SIM_TRAIN step:154, travel time:122.69718309859155, q_loss:0.005440353, rewards:-4.4169445, queue:3.1194444, delay:0.49962798, throughput:1398, raw_metrics:{'fairness': 0.0}
SIM_TRAIN step:155, travel time:122.50633802816901, q_loss:0.004620414, rewards:-4.310836, queue:3.088889, delay:0.49350458, throughput:1394, raw_metrics:{'fairness': 238.0}
REAL_TRAIN step:28, travel time:134.3549295774648, q_loss:100, rewards:-6.5341673, queue:6.275, delay:0.49172464, throughput:1371, R_real:-1.1271, components:{'queue': 0.03, 'delay': 0.0, 'waiting': 0.0, 'pressure': 0.0, 'switches': 0.0, 'emission': 1.097}, raw_metrics:{'fairness': 151.0, 'emission': 392.312, 'fuel': 127.183, 'emergency_stops': 10.0, 'collisions': 0.0, 'ssm_conflicts': 510.0}, refine;w=queue=0.5;waiting=0.5;ckpt12
SIM_TRAIN step:156, travel time:121.96267605633803, q_loss:0.0044420506, rewards:-4.123612, queue:2.8944445, delay:0.49654257, throughput:1400, raw_metrics:{'fairness': 0.0}
SIM_TRAIN step:157, travel time:122.09859154929578, q_loss:0.0037694254, rewards:-4.285279, queue:2.9, delay:0.51034486, throughput:1399, raw_metrics:{'fairness': 0.0}
REAL_TRAIN step:30, travel time:138.2161971830986, q_loss:100, rewards:-7.8788905, queue:7.741667, delay:0.4773671, throughput:1367, R_real:-1.1703, components:{'queue': 0.035, 'delay': 0.0, 'waiting': 0.0, 'pressure': 0.0, 'switches': 0.0, 'emission': 1.135}, raw_metrics:{'fairness': 153.0, 'emission': 401.368, 'fuel': 130.119, 'emergency_stops': 11.0, 'collisions': 0.0, 'ssm_conflicts': 581.0}, refine;w=queue=0.5;waiting=0.5;ckpt14
SIM_TRAIN step:158, travel time:121.66478873239437, q_loss:0.0037279625, rewards:-3.7680569, queue:2.7722223, delay:0.47243798, throughput:1397, raw_metrics:{'fairness': 274.0}
SIM_TRAIN step:159, travel time:122.99718309859155, q_loss:0.0034292652, rewards:-4.5994444, queue:3.2416666, delay:0.51642567, throughput:1397, raw_metrics:{'fairness': 200.0}
REAL_TRAIN step:32, travel time:139.57676056338028, q_loss:100, rewards:-8.584446, queue:8.230556, delay:0.48797035, throughput:1364, R_real:-1.1952, components:{'queue': 0.038, 'delay': 0.0, 'waiting': 0.0, 'pressure': 0.0, 'switches': 0.0, 'emission': 1.158}, raw_metrics:{'fairness': 152.0, 'emission': 405.34, 'fuel': 131.406, 'emergency_stops': 5.0, 'collisions': 0.0, 'ssm_conflicts': 778.0}, refine;w=queue=0.5;waiting=0.5;ckpt16
SIM_TRAIN step:160, travel time:122.37887323943661, q_loss:0.0031670863, rewards:-4.1077785, queue:3.05, delay:0.483611, throughput:1397, raw_metrics:{'fairness': 250.0}
SIM_TRAIN step:161, travel time:121.67394366197183, q_loss:0.0027880918, rewards:-3.9155564, queue:2.838889, delay:0.4954541, throughput:1398, raw_metrics:{'fairness': 0.0}
REAL_TRAIN step:34, travel time:134.59084507042255, q_loss:100, rewards:-7.0758348, queue:6.358333, delay:0.5011505, throughput:1371, R_real:-1.1447, components:{'queue': 0.032, 'delay': 0.0, 'waiting': 0.0, 'pressure': 0.0, 'switches': 0.0, 'emission': 1.113}, raw_metrics:{'fairness': 154.0, 'emission': 392.933, 'fuel': 127.384, 'emergency_stops': 10.0, 'collisions': 0.0, 'ssm_conflicts': 495.0}, refine;w=queue=0.5;waiting=0.5;ckpt18
SIM_TRAIN step:162, travel time:121.61901408450704, q_loss:0.0015886595, rewards:-3.7719462, queue:2.7944446, delay:0.47472137, throughput:1396, raw_metrics:{'fairness': 241.0}
SIM_TRAIN step:163, travel time:121.17535211267605, q_loss:0.0013945522, rewards:-3.4547205, queue:2.6111112, delay:0.45919156, throughput:1400, raw_metrics:{'fairness': 0.0}
REAL_TRAIN step:36, travel time:184.78871201157742, q_loss:100, rewards:-36.64805, queue:25.677778, delay:0.68269163, throughput:1284, R_real:-2.0026, components:{'queue': 0.154, 'delay': 0.0, 'waiting': 0.0, 'pressure': 0.0, 'switches': 0.0, 'emission': 1.849}, raw_metrics:{'fairness': 664.0, 'emission': 489.889, 'fuel': 158.817, 'emergency_stops': 7.0, 'collisions': 0.0, 'ssm_conflicts': 611.0}, refine;w=queue=0.5;waiting=0.5;ckpt20
SIM_TRAIN step:164, travel time:121.65492957746478, q_loss:0.001139273, rewards:-3.516666, queue:2.738889, delay:0.45375115, throughput:1396, raw_metrics:{'fairness': 212.0}
SIM_TRAIN step:165, travel time:122.06901408450705, q_loss:0.0009097774, rewards:-3.8336124, queue:2.8666666, delay:0.4708792, throughput:1400, raw_metrics:{'fairness': 0.0}
REAL_TRAIN step:38, travel time:138.2330985915493, q_loss:100, rewards:-8.484167, queue:7.7694445, delay:0.5089996, throughput:1367, R_real:-1.1866, components:{'queue': 0.037, 'delay': 0.0, 'waiting': 0.0, 'pressure': 0.0, 'switches': 0.0, 'emission': 1.149}, raw_metrics:{'fairness': 152.0, 'emission': 400.996, 'fuel': 129.998, 'emergency_stops': 9.0, 'collisions': 1.0, 'ssm_conflicts': 515.0}, refine;w=queue=0.5;waiting=0.5;ckpt22
SIM_TRAIN step:166, travel time:122.06478873239436, q_loss:0.0008221053, rewards:-3.7944427, queue:2.9694445, delay:0.45821273, throughput:1399, raw_metrics:{'fairness': 0.0}
SIM_TRAIN step:167, travel time:121.52887323943662, q_loss:0.00076167093, rewards:-3.5369442, queue:2.7222223, delay:0.45391285, throughput:1400, raw_metrics:{'fairness': 0.0}
REAL_TRAIN step:40, travel time:145.2654929577465, q_loss:100, rewards:-11.261666, queue:10.45, delay:0.52590257, throughput:1364, R_real:-1.2731, components:{'queue': 0.049, 'delay': 0.0, 'waiting': 0.0, 'pressure': 0.0, 'switches': 0.0, 'emission': 1.224}, raw_metrics:{'fairness': 152.0, 'emission': 417.556, 'fuel': 135.367, 'emergency_stops': 8.0, 'collisions': 0.0, 'ssm_conflicts': 721.0}, refine;w=queue=0.5;waiting=0.5;ckpt24
SIM_TRAIN step:168, travel time:123.02042253521127, q_loss:0.0007733085, rewards:-4.295278, queue:3.2666667, delay:0.47367927, throughput:1397, raw_metrics:{'fairness': 0.0}
SIM_TRAIN step:169, travel time:122.85633802816902, q_loss:0.0006876098, rewards:-4.1850004, queue:3.2361112, delay:0.47161895, throughput:1399, raw_metrics:{'fairness': 0.0}
REAL_TRAIN step:42, travel time:141.5154929577465, q_loss:100, rewards:-11.011668, queue:9.080556, delay:0.5515066, throughput:1369, R_real:-1.2609, components:{'queue': 0.048, 'delay': 0.0, 'waiting': 0.0, 'pressure': 0.0, 'switches': 0.0, 'emission': 1.213}, raw_metrics:{'fairness': 679.0, 'emission': 408.353, 'fuel': 132.383, 'emergency_stops': 9.0, 'collisions': 0.0, 'ssm_conflicts': 620.0}, refine;w=queue=0.5;waiting=0.5;ckpt26
SIM_TRAIN step:170, travel time:123.55281690140845, q_loss:0.0006029217, rewards:-4.217774, queue:3.3944445, delay:0.4553578, throughput:1400, raw_metrics:{'fairness': 0.0}
SIM_TRAIN step:171, travel time:122.3943661971831, q_loss:0.00056813983, rewards:-3.8877788, queue:2.9805555, delay:0.46209478, throughput:1397, raw_metrics:{'fairness': 217.0}
REAL_TRAIN step:44, travel time:140.88591549295774, q_loss:100, rewards:-9.840277, queue:8.694445, delay:0.5416679, throughput:1366, R_real:-1.2313, components:{'queue': 0.043, 'delay': 0.0, 'waiting': 0.0, 'pressure': 0.0, 'switches': 0.0, 'emission': 1.188}, raw_metrics:{'fairness': 153.0, 'emission': 408.263, 'fuel': 132.354, 'emergency_stops': 8.0, 'collisions': 0.0, 'ssm_conflicts': 756.0}, refine;w=queue=0.5;waiting=0.5;ckpt28
SIM_TRAIN step:172, travel time:122.61408450704225, q_loss:0.0005141807, rewards:-3.9613888, queue:3.075, delay:0.46308294, throughput:1400, raw_metrics:{'fairness': 0.0}
SIM_TRAIN step:173, travel time:122.83169014084507, q_loss:0.0004775043, rewards:-4.143611, queue:3.1527777, delay:0.47217578, throughput:1400, raw_metrics:{'fairness': 0.0}
REAL_TRAIN step:46, travel time:138.79014084507043, q_loss:100, rewards:-9.840555, queue:8.105556, delay:0.5366525, throughput:1370, R_real:-1.2284, components:{'queue': 0.043, 'delay': 0.0, 'waiting': 0.0, 'pressure': 0.0, 'switches': 0.0, 'emission': 1.186}, raw_metrics:{'fairness': 153.0, 'emission': 401.903, 'fuel': 130.292, 'emergency_stops': 14.0, 'collisions': 0.0, 'ssm_conflicts': 524.0}, refine;w=queue=0.5;waiting=0.5;ckpt30
SIM_TRAIN step:174, travel time:122.2669014084507, q_loss:0.0004500629, rewards:-3.9527774, queue:2.9583333, delay:0.4767262, throughput:1399, raw_metrics:{'fairness': 0.0}
SIM_TRAIN step:175, travel time:122.2450704225352, q_loss:0.00041104265, rewards:-3.9088898, queue:2.9583333, delay:0.47229856, throughput:1397, raw_metrics:{'fairness': 242.0}
REAL_TRAIN step:48, travel time:183.5039653929344, q_loss:100, rewards:-36.04778, queue:25.791666, delay:0.67782056, throughput:1294, R_real:-1.9821, components:{'queue': 0.151, 'delay': 0.0, 'waiting': 0.0, 'pressure': 0.0, 'switches': 0.0, 'emission': 1.831}, raw_metrics:{'fairness': 661.0, 'emission': 487.978, 'fuel': 158.197, 'emergency_stops': 4.0, 'collisions': 0.0, 'ssm_conflicts': 670.0}, refine;w=queue=0.5;waiting=0.5;ckpt32
SIM_TRAIN step:176, travel time:140.48661971830987, q_loss:0.0041614603, rewards:-13.25416, queue:9.308333, delay:0.5392815, throughput:1396, raw_metrics:{'fairness': 279.0}
SIM_TRAIN step:177, travel time:123.67323943661972, q_loss:0.0023473375, rewards:-4.439721, queue:3.4777777, delay:0.4728293, throughput:1398, raw_metrics:{'fairness': 0.0}
REAL_TRAIN step:50, travel time:148.85845070422536, q_loss:100, rewards:-12.453889, queue:11.905556, delay:0.51482034, throughput:1361, R_real:-1.3129, components:{'queue': 0.053, 'delay': 0.0, 'waiting': 0.0, 'pressure': 0.0, 'switches': 0.0, 'emission': 1.26}, raw_metrics:{'fairness': 158.0, 'emission': 425.887, 'fuel': 138.068, 'emergency_stops': 3.0, 'collisions': 0.0, 'ssm_conflicts': 884.0}, refine;w=queue=0.5;waiting=0.5;ckpt34
SIM_TRAIN step:178, travel time:121.8387323943662, q_loss:0.00183194, rewards:-3.6791673, queue:2.8333333, delay:0.45969734, throughput:1398, raw_metrics:{'fairness': 0.0}
SIM_TRAIN step:179, travel time:121.6387323943662, q_loss:0.0018161716, rewards:-3.7966669, queue:2.8111112, delay:0.47652286, throughput:1398, raw_metrics:{'fairness': 0.0}
REAL_TRAIN step:52, travel time:528.6059291395517, q_loss:100, rewards:-180.33968, queue:167.98889, delay:0.85106957, throughput:1009, R_real:-6.1849, components:{'queue': 0.753, 'delay': 0.0, 'waiting': 0.0, 'pressure': 0.0, 'switches': 0.0, 'emission': 5.432}, raw_metrics:{'fairness': 493.0, 'emission': 1219.934, 'fuel': 395.493, 'emergency_stops': 3.0, 'collisions': 0.0, 'ssm_conflicts': 1281.0}, refine;w=queue=0.5;waiting=0.5;ckpt36
SIM_TRAIN step:180, travel time:122.25633802816901, q_loss:0.001576768, rewards:-4.1011114, queue:2.963889, delay:0.49307, throughput:1398, raw_metrics:{'fairness': 0.0}
SIM_TRAIN step:181, travel time:122.09577464788732, q_loss:0.0016437424, rewards:-4.1805573, queue:2.9527779, delay:0.48932365, throughput:1399, raw_metrics:{'fairness': 0.0}
REAL_TRAIN step:54, travel time:375.46926970354303, q_loss:100, rewards:-110.57471, queue:102.683334, delay:0.69967216, throughput:1215, R_real:-4.1641, components:{'queue': 0.461, 'delay': 0.0, 'waiting': 0.0, 'pressure': 0.0, 'switches': 0.0, 'emission': 3.703}, raw_metrics:{'fairness': 643.0, 'emission': 898.808, 'fuel': 291.385, 'emergency_stops': 3.0, 'collisions': 0.0, 'ssm_conflicts': 1230.0}, refine;w=queue=0.5;waiting=0.5;ckpt38
SIM_TRAIN step:182, travel time:121.42887323943663, q_loss:0.0015151928, rewards:-3.588888, queue:2.663889, delay:0.4648023, throughput:1400, raw_metrics:{'fairness': 0.0}
SIM_TRAIN step:183, travel time:121.76549295774647, q_loss:0.0014522361, rewards:-3.7933347, queue:2.7833333, delay:0.47633088, throughput:1399, raw_metrics:{'fairness': 0.0}
REAL_TRAIN step:56, travel time:470.34204793028323, q_loss:100, rewards:-148.91829, queue:139.96945, delay:0.7361008, throughput:1196, R_real:-5.2684, components:{'queue': 0.621, 'delay': 0.0, 'waiting': 0.0, 'pressure': 0.0, 'switches': 0.0, 'emission': 4.648}, raw_metrics:{'fairness': 633.0, 'emission': 1095.177, 'fuel': 355.047, 'emergency_stops': 4.0, 'collisions': 0.0, 'ssm_conflicts': 1282.0}, refine;w=queue=0.5;waiting=0.5;ckpt40
SIM_TRAIN step:184, travel time:121.56971830985916, q_loss:0.0014818578, rewards:-3.6038876, queue:2.7055554, delay:0.4666525, throughput:1398, raw_metrics:{'fairness': 0.0}
SIM_TRAIN step:185, travel time:122.65140845070422, q_loss:0.0013179897, rewards:-4.3291674, queue:3.1027777, delay:0.49065045, throughput:1399, raw_metrics:{'fairness': 0.0}
REAL_TRAIN step:58, travel time:972.64, q_loss:100, rewards:-298.62723, queue:290.27222, delay:0.736527, throughput:708, R_real:-9.4371, components:{'queue': 1.247, 'delay': 0.0, 'waiting': 0.0, 'pressure': 0.0, 'switches': 0.0, 'emission': 8.191}, raw_metrics:{'fairness': 638.0, 'emission': 1809.447, 'fuel': 586.611, 'emergency_stops': 0.0, 'collisions': 0.0, 'ssm_conflicts': 1083.0}, refine;w=queue=0.5;waiting=0.5;ckpt42
SIM_TRAIN step:186, travel time:121.37676056338029, q_loss:0.0012695449, rewards:-3.6675005, queue:2.6527777, delay:0.4797358, throughput:1397, raw_metrics:{'fairness': 251.0}
SIM_TRAIN step:187, travel time:121.85211267605634, q_loss:0.0012706695, rewards:-3.7894433, queue:2.8333333, delay:0.46968463, throughput:1397, raw_metrics:{'fairness': 262.0}
REAL_TRAIN step:60, travel time:606.7703488372093, q_loss:100, rewards:-203.6192, queue:194.67223, delay:0.7374306, throughput:1116, R_real:-6.8337, components:{'queue': 0.849, 'delay': 0.0, 'waiting': 0.0, 'pressure': 0.0, 'switches': 0.0, 'emission': 5.984}, raw_metrics:{'fairness': 681.0, 'emission': 1376.025, 'fuel': 446.096, 'emergency_stops': 3.0, 'collisions': 0.0, 'ssm_conflicts': 1294.0}, refine;w=queue=0.5;waiting=0.5;ckpt44
SIM_TRAIN step:188, travel time:121.57676056338028, q_loss:0.0012034146, rewards:-3.7530565, queue:2.7777777, delay:0.48167178, throughput:1399, raw_metrics:{'fairness': 0.0}
SIM_TRAIN step:189, travel time:120.7056338028169, q_loss:0.0011254846, rewards:-3.417779, queue:2.4777777, delay:0.4749748, throughput:1398, raw_metrics:{'fairness': 0.0}
REAL_TRAIN step:62, travel time:321.96451846488054, q_loss:100, rewards:-88.3422, queue:80.075, delay:0.7025139, throughput:1249, R_real:-3.5348, components:{'queue': 0.368, 'delay': 0.0, 'waiting': 0.0, 'pressure': 0.0, 'switches': 0.0, 'emission': 3.167}, raw_metrics:{'fairness': 715.0, 'emission': 787.084, 'fuel': 255.165, 'emergency_stops': 3.0, 'collisions': 0.0, 'ssm_conflicts': 1243.0}, refine;w=queue=0.5;waiting=0.5;ckpt46
SIM_TRAIN step:190, travel time:121.12112676056339, q_loss:0.0005729089, rewards:-3.6552792, queue:2.711111, delay:0.4771058, throughput:1400, raw_metrics:{'fairness': 0.0}
SIM_TRAIN step:191, travel time:120.47323943661972, q_loss:0.00045807924, rewards:-3.261388, queue:2.4416666, delay:0.46385425, throughput:1393, raw_metrics:{'fairness': 226.0}
REAL_TRAIN step:64, travel time:355.9702034883721, q_loss:100, rewards:-102.461914, queue:93.23889, delay:0.72913826, throughput:1231, R_real:-3.9385, components:{'queue': 0.427, 'delay': 0.0, 'waiting': 0.0, 'pressure': 0.0, 'switches': 0.0, 'emission': 3.512}, raw_metrics:{'fairness': 710.0, 'emission': 855.274, 'fuel': 277.272, 'emergency_stops': 1.0, 'collisions': 0.0, 'ssm_conflicts': 1291.0}, refine;w=queue=0.5;waiting=0.5;ckpt48
SIM_TRAIN step:192, travel time:121.11549295774648, q_loss:0.0004262594, rewards:-3.4986107, queue:2.6333334, delay:0.46184486, throughput:1398, raw_metrics:{'fairness': 0.0}
SIM_TRAIN step:193, travel time:121.40563380281691, q_loss:0.00039008947, rewards:-3.6916678, queue:2.7361112, delay:0.47112584, throughput:1400, raw_metrics:{'fairness': 0.0}
REAL_TRAIN step:66, travel time:333.12112676056336, q_loss:100, rewards:-90.563866, queue:87.74722, delay:0.6617299, throughput:1295, R_real:-3.5914, components:{'queue': 0.377, 'delay': 0.0, 'waiting': 0.0, 'pressure': 0.0, 'switches': 0.0, 'emission': 3.214}, raw_metrics:{'fairness': 668.0, 'emission': 828.982, 'fuel': 268.748, 'emergency_stops': 2.0, 'collisions': 0.0, 'ssm_conflicts': 1296.0}, refine;w=queue=0.5;waiting=0.5;ckpt50
SIM_TRAIN step:194, travel time:122.17323943661972, q_loss:0.00036223273, rewards:-3.8833327, queue:3.0, delay:0.46647993, throughput:1397, raw_metrics:{'fairness': 244.0}
SIM_TRAIN step:195, travel time:121.36267605633803, q_loss:0.00034294257, rewards:-3.4974997, queue:2.7083333, delay:0.44944575, throughput:1397, raw_metrics:{'fairness': 210.0}
REAL_TRAIN step:68, travel time:389.51338028169016, q_loss:100, rewards:-115.68477, queue:111.280556, delay:0.6966326, throughput:1251, R_real:-4.3215, components:{'queue': 0.483, 'delay': 0.0, 'waiting': 0.0, 'pressure': 0.0, 'switches': 0.0, 'emission': 3.839}, raw_metrics:{'fairness': 244.0, 'emission': 951.759, 'fuel': 308.552, 'emergency_stops': 1.0, 'collisions': 0.0, 'ssm_conflicts': 1289.0}, refine;w=queue=0.5;waiting=0.5;ckpt52
SIM_TRAIN step:196, travel time:120.73028169014084, q_loss:0.0003523603, rewards:-3.356945, queue:2.5166667, delay:0.46141943, throughput:1398, raw_metrics:{'fairness': 0.0}
SIM_TRAIN step:197, travel time:121.30633802816901, q_loss:0.00031271495, rewards:-3.543889, queue:2.7055554, delay:0.46359405, throughput:1398, raw_metrics:{'fairness': 0.0}
REAL_TRAIN step:70, travel time:374.59647887323945, q_loss:100, rewards:-107.49276, queue:105.01945, delay:0.64397335, throughput:1268, R_real:-4.0663, components:{'queue': 0.449, 'delay': 0.0, 'waiting': 0.0, 'pressure': 0.0, 'switches': 0.0, 'emission': 3.618}, raw_metrics:{'fairness': 433.0, 'emission': 915.66, 'fuel': 296.849, 'emergency_stops': 5.0, 'collisions': 0.0, 'ssm_conflicts': 1225.0}, refine;w=queue=0.5;waiting=0.5;ckpt54
SIM_TRAIN step:198, travel time:120.80211267605634, q_loss:0.0003145597, rewards:-3.3183331, queue:2.475, delay:0.45887336, throughput:1396, raw_metrics:{'fairness': 214.0}
SIM_TRAIN step:199, travel time:120.12323943661971, q_loss:0.000268506, rewards:-3.0849993, queue:2.3138888, delay:0.45334715, throughput:1398, raw_metrics:{'fairness': 0.0}
REAL_TRAIN step:72, travel time:409.11408450704226, q_loss:100, rewards:-121.95498, queue:119.49167, delay:0.6221889, throughput:1256, R_real:-4.4725, components:{'queue': 0.509, 'delay': 0.0, 'waiting': 0.0, 'pressure': 0.0, 'switches': 0.0, 'emission': 3.964}, raw_metrics:{'fairness': 661.0, 'emission': 987.51, 'fuel': 320.142, 'emergency_stops': 6.0, 'collisions': 0.0, 'ssm_conflicts': 1251.0}, refine;w=queue=0.5;waiting=0.5;ckpt56
SIM_TRAIN step:200, travel time:121.34929577464789, q_loss:0.00039442518, rewards:-3.670834, queue:2.7277777, delay:0.46928388, throughput:1396, raw_metrics:{'fairness': 234.0}
SIM_TRAIN step:201, travel time:123.75915492957746, q_loss:0.0003000642, rewards:-4.565557, queue:3.5305555, delay:0.47823837, throughput:1399, raw_metrics:{'fairness': 0.0}
REAL_TRAIN step:74, travel time:334.8488120950324, q_loss:100, rewards:-94.21944, queue:86.20556, delay:0.7174072, throughput:1201, R_real:-3.7196, components:{'queue': 0.393, 'delay': 0.0, 'waiting': 0.0, 'pressure': 0.0, 'switches': 0.0, 'emission': 3.326}, raw_metrics:{'fairness': 603.0, 'emission': 817.904, 'fuel': 265.157, 'emergency_stops': 1.0, 'collisions': 0.0, 'ssm_conflicts': 1221.0}, refine;w=queue=0.5;waiting=0.5;ckpt58
SIM_TRAIN step:202, travel time:120.65281690140846, q_loss:0.00031028915, rewards:-3.3197217, queue:2.4944444, delay:0.4599438, throughput:1399, raw_metrics:{'fairness': 0.0}
SIM_TRAIN step:203, travel time:122.4225352112676, q_loss:0.0002909847, rewards:-4.0675006, queue:3.0444446, delay:0.4770833, throughput:1400, raw_metrics:{'fairness': 0.0}
REAL_TRAIN step:76, travel time:320.7450704225352, q_loss:100, rewards:-84.53171, queue:83.102776, delay:0.59458625, throughput:1282, R_real:-3.4341, components:{'queue': 0.353, 'delay': 0.0, 'waiting': 0.0, 'pressure': 0.0, 'switches': 0.0, 'emission': 3.081}, raw_metrics:{'fairness': 657.0, 'emission': 804.745, 'fuel': 260.891, 'emergency_stops': 5.0, 'collisions': 0.0, 'ssm_conflicts': 1270.0}, refine;w=queue=0.5;waiting=0.5;ckpt60
SIM_TRAIN step:204, travel time:122.1056338028169, q_loss:0.00027959386, rewards:-3.8552794, queue:2.9666667, delay:0.4675546, throughput:1398, raw_metrics:{'fairness': 0.0}
SIM_TRAIN step:205, travel time:122.03169014084507, q_loss:0.0002785814, rewards:-3.7466674, queue:2.8888888, delay:0.45854566, throughput:1396, raw_metrics:{'fairness': 244.0}
REAL_TRAIN step:78, travel time:344.40405503258506, q_loss:100, rewards:-97.71251, queue:89.43056, delay:0.7115396, throughput:1169, R_real:-3.8209, components:{'queue': 0.408, 'delay': 0.0, 'waiting': 0.0, 'pressure': 0.0, 'switches': 0.0, 'emission': 3.413}, raw_metrics:{'fairness': 608.0, 'emission': 833.358, 'fuel': 270.167, 'emergency_stops': 7.0, 'collisions': 0.0, 'ssm_conflicts': 1196.0}, refine;w=queue=0.5;waiting=0.5;ckpt62
SIM_TRAIN step:206, travel time:120.28098591549296, q_loss:0.0002837745, rewards:-3.125833, queue:2.4444444, delay:0.45136067, throughput:1399, raw_metrics:{'fairness': 0.0}
SIM_TRAIN step:207, travel time:120.39225352112676, q_loss:0.00027660027, rewards:-3.1388888, queue:2.3916667, delay:0.45506355, throughput:1398, raw_metrics:{'fairness': 0.0}
REAL_TRAIN step:80, travel time:279.1295774647887, q_loss:100, rewards:-65.76391, queue:65.361115, delay:0.5321052, throughput:1323, R_real:-2.8940, components:{'queue': 0.275, 'delay': 0.0, 'waiting': 0.0, 'pressure': 0.0, 'switches': 0.0, 'emission': 2.62}, raw_metrics:{'fairness': 212.0, 'emission': 716.219, 'fuel': 232.191, 'emergency_stops': 5.0, 'collisions': 0.0, 'ssm_conflicts': 1246.0}, refine;w=queue=0.5;waiting=0.5;ckpt64
SIM_TRAIN step:208, travel time:120.84225352112676, q_loss:0.0025241352, rewards:-3.265556, queue:2.5, delay:0.45298848, throughput:1400, raw_metrics:{'fairness': 0.0}
SIM_TRAIN step:209, travel time:122.58661971830986, q_loss:0.0047902274, rewards:-4.34, queue:3.1222222, delay:0.49859512, throughput:1396, raw_metrics:{'fairness': 229.0}
REAL_TRAIN step:82, travel time:202.19154929577465, q_loss:100, rewards:-34.95417, queue:33.702778, delay:0.56697756, throughput:1338, R_real:-1.9860, components:{'queue': 0.146, 'delay': 0.0, 'waiting': 0.0, 'pressure': 0.0, 'switches': 0.0, 'emission': 1.84}, raw_metrics:{'fairness': 184.0, 'emission': 546.136, 'fuel': 177.052, 'emergency_stops': 7.0, 'collisions': 0.0, 'ssm_conflicts': 1111.0}, refine;w=queue=0.5;waiting=0.5;ckpt66
SIM_TRAIN step:210, travel time:120.97323943661972, q_loss:0.0010453571, rewards:-3.3783345, queue:2.5416667, delay:0.46187067, throughput:1399, raw_metrics:{'fairness': 0.0}
SIM_TRAIN step:211, travel time:120.3943661971831, q_loss:0.0007177277, rewards:-3.2202775, queue:2.3666666, delay:0.46057993, throughput:1399, raw_metrics:{'fairness': 0.0}
REAL_TRAIN step:84, travel time:183.64225352112675, q_loss:100, rewards:-28.069447, queue:25.930555, delay:0.6254703, throughput:1356, R_real:-1.7864, components:{'queue': 0.117, 'delay': 0.0, 'waiting': 0.0, 'pressure': 0.0, 'switches': 0.0, 'emission': 1.669}, raw_metrics:{'fairness': 172.0, 'emission': 505.937, 'fuel': 164.019, 'emergency_stops': 4.0, 'collisions': 0.0, 'ssm_conflicts': 1251.0}, refine;w=queue=0.5;waiting=0.5;ckpt68
SIM_TRAIN step:212, travel time:120.2450704225352, q_loss:0.00041537598, rewards:-3.044167, queue:2.2833333, delay:0.45223475, throughput:1398, raw_metrics:{'fairness': 0.0}
SIM_TRAIN step:213, travel time:120.35140845070423, q_loss:0.00032810526, rewards:-3.0505555, queue:2.35, delay:0.44441095, throughput:1399, raw_metrics:{'fairness': 0.0}
REAL_TRAIN step:86, travel time:225.38521126760563, q_loss:100, rewards:-47.42557, queue:43.255554, delay:0.73711157, throughput:1316, R_real:-2.3581, components:{'queue': 0.198, 'delay': 0.0, 'waiting': 0.0, 'pressure': 0.0, 'switches': 0.0, 'emission': 2.161}, raw_metrics:{'fairness': 657.0, 'emission': 598.079, 'fuel': 193.891, 'emergency_stops': 0.0, 'collisions': 0.0, 'ssm_conflicts': 1335.0}, refine;w=queue=0.5;waiting=0.5;ckpt70
SIM_TRAIN step:214, travel time:120.51338028169015, q_loss:0.00028950933, rewards:-3.0330544, queue:2.3611112, delay:0.43916965, throughput:1397, raw_metrics:{'fairness': 226.0}
SIM_TRAIN step:215, travel time:121.20915492957747, q_loss:0.00027803515, rewards:-3.3713887, queue:2.625, delay:0.45031175, throughput:1398, raw_metrics:{'fairness': 0.0}
REAL_TRAIN step:88, travel time:201.9901408450704, q_loss:100, rewards:-36.94723, queue:33.43889, delay:0.6844884, throughput:1345, R_real:-2.0466, components:{'queue': 0.154, 'delay': 0.0, 'waiting': 0.0, 'pressure': 0.0, 'switches': 0.0, 'emission': 1.893}, raw_metrics:{'fairness': 660.0, 'emission': 546.292, 'fuel': 177.102, 'emergency_stops': 4.0, 'collisions': 0.0, 'ssm_conflicts': 1313.0}, refine;w=queue=0.5;waiting=0.5;ckpt72
SIM_TRAIN step:216, travel time:120.88239436619719, q_loss:0.00026580616, rewards:-3.280834, queue:2.5333333, delay:0.4488626, throughput:1396, raw_metrics:{'fairness': 244.0}
SIM_TRAIN step:217, travel time:122.06408450704225, q_loss:0.00037929762, rewards:-3.7383335, queue:2.9194446, delay:0.45285198, throughput:1399, raw_metrics:{'fairness': 0.0}
REAL_TRAIN step:90, travel time:277.3567874911158, q_loss:100, rewards:-72.70836, queue:63.202778, delay:0.80507696, throughput:1296, R_real:-3.0962, components:{'queue': 0.303, 'delay': 0.0, 'waiting': 0.0, 'pressure': 0.0, 'switches': 0.0, 'emission': 2.793}, raw_metrics:{'fairness': 661.0, 'emission': 705.639, 'fuel': 228.761, 'emergency_stops': 2.0, 'collisions': 0.0, 'ssm_conflicts': 1214.0}, refine;w=queue=0.5;waiting=0.5;ckpt74
SIM_TRAIN step:218, travel time:120.95422535211267, q_loss:0.0003410703, rewards:-3.477221, queue:2.5805554, delay:0.46363422, throughput:1398, raw_metrics:{'fairness': 0.0}
SIM_TRAIN step:219, travel time:121.30492957746479, q_loss:0.0002444384, rewards:-3.491666, queue:2.6472223, delay:0.45747033, throughput:1396, raw_metrics:{'fairness': 248.0}
REAL_TRAIN step:92, travel time:291.9654427645788, q_loss:100, rewards:-77.77357, queue:68.486115, delay:0.76955676, throughput:1234, R_real:-3.2376, components:{'queue': 0.325, 'delay': 0.0, 'waiting': 0.0, 'pressure': 0.0, 'switches': 0.0, 'emission': 2.913}, raw_metrics:{'fairness': 626.0, 'emission': 725.055, 'fuel': 235.056, 'emergency_stops': 5.0, 'collisions': 0.0, 'ssm_conflicts': 1156.0}, refine;w=queue=0.5;waiting=0.5;ckpt76
SIM_TRAIN step:220, travel time:120.82323943661972, q_loss:0.00024411968, rewards:-3.2294447, queue:2.475, delay:0.45010304, throughput:1398, raw_metrics:{'fairness': 0.0}
SIM_TRAIN step:221, travel time:121.45, q_loss:0.00023640723, rewards:-3.561945, queue:2.7166667, delay:0.4605449, throughput:1399, raw_metrics:{'fairness': 0.0}
REAL_TRAIN step:94, travel time:210.8894366197183, q_loss:100, rewards:-40.562233, queue:36.758335, delay:0.694397, throughput:1347, R_real:-2.1582, components:{'queue': 0.169, 'delay': 0.0, 'waiting': 0.0, 'pressure': 0.0, 'switches': 0.0, 'emission': 1.989}, raw_metrics:{'fairness': 153.0, 'emission': 566.933, 'fuel': 183.794, 'emergency_stops': 2.0, 'collisions': 0.0, 'ssm_conflicts': 1234.0}, refine;w=queue=0.5;waiting=0.5;ckpt78
SIM_TRAIN step:222, travel time:121.09366197183098, q_loss:0.00023670381, rewards:-3.4200003, queue:2.5916667, delay:0.45931107, throughput:1398, raw_metrics:{'fairness': 0.0}
SIM_TRAIN step:223, travel time:121.21690140845071, q_loss:0.00022084138, rewards:-3.5269444, queue:2.636111, delay:0.46876252, throughput:1399, raw_metrics:{'fairness': 0.0}
REAL_TRAIN step:96, travel time:218.81619718309858, q_loss:100, rewards:-44.787216, queue:40.405556, delay:0.73679537, throughput:1341, R_real:-2.2790, components:{'queue': 0.187, 'delay': 0.0, 'waiting': 0.0, 'pressure': 0.0, 'switches': 0.0, 'emission': 2.092}, raw_metrics:{'fairness': 657.0, 'emission': 582.65, 'fuel': 188.889, 'emergency_stops': 0.0, 'collisions': 0.0, 'ssm_conflicts': 1285.0}, refine;w=queue=0.5;waiting=0.5;ckpt80
SIM_TRAIN step:224, travel time:120.94788732394366, q_loss:0.00022574035, rewards:-3.3002784, queue:2.5972223, delay:0.45089078, throughput:1396, raw_metrics:{'fairness': 242.0}
SIM_TRAIN step:225, travel time:121.8556338028169, q_loss:0.00021421684, rewards:-3.6202776, queue:2.838889, delay:0.45701256, throughput:1400, raw_metrics:{'fairness': 0.0}
REAL_TRAIN step:98, travel time:267.6163793103448, q_loss:100, rewards:-66.3714, queue:58.758335, delay:0.7247418, throughput:1233, R_real:-2.9053, components:{'queue': 0.277, 'delay': 0.0, 'waiting': 0.0, 'pressure': 0.0, 'switches': 0.0, 'emission': 2.628}, raw_metrics:{'fairness': 634.0, 'emission': 675.185, 'fuel': 218.889, 'emergency_stops': 6.0, 'collisions': 0.0, 'ssm_conflicts': 1136.0}, refine;w=queue=0.5;waiting=0.5;ckpt82
SIM_TRAIN step:226, travel time:120.96830985915493, q_loss:0.00022914882, rewards:-3.4416673, queue:2.5944445, delay:0.45977864, throughput:1397, raw_metrics:{'fairness': 220.0}
SIM_TRAIN step:227, travel time:120.55704225352113, q_loss:0.00020486269, rewards:-3.16889, queue:2.4527779, delay:0.44929904, throughput:1399, raw_metrics:{'fairness': 0.0}
REAL_TRAIN step:100, travel time:221.71459074733096, q_loss:100, rewards:-47.795273, queue:40.675, delay:0.7343591, throughput:1294, R_real:-2.3534, components:{'queue': 0.2, 'delay': 0.0, 'waiting': 0.0, 'pressure': 0.0, 'switches': 0.0, 'emission': 2.154}, raw_metrics:{'fairness': 664.0, 'emission': 580.501, 'fuel': 188.193, 'emergency_stops': 2.0, 'collisions': 0.0, 'ssm_conflicts': 1039.0}, refine;w=queue=0.5;waiting=0.5;ckpt84
SIM_TRAIN step:228, travel time:119.90492957746478, q_loss:0.00020112285, rewards:-2.9061112, queue:2.2277777, delay:0.4473308, throughput:1399, raw_metrics:{'fairness': 0.0}
SIM_TRAIN step:229, travel time:119.70774647887323, q_loss:0.00019536329, rewards:-2.9413886, queue:2.1666667, delay:0.45674378, throughput:1397, raw_metrics:{'fairness': 199.0}
REAL_TRAIN step:102, travel time:297.2801161103048, q_loss:100, rewards:-79.69329, queue:69.675, delay:0.73101664, throughput:1205, R_real:-3.2847, components:{'queue': 0.333, 'delay': 0.0, 'waiting': 0.0, 'pressure': 0.0, 'switches': 0.0, 'emission': 2.952}, raw_metrics:{'fairness': 625.0, 'emission': 728.806, 'fuel': 236.272, 'emergency_stops': 1.0, 'collisions': 0.0, 'ssm_conflicts': 1034.0}, refine;w=queue=0.5;waiting=0.5;ckpt86
SIM_TRAIN step:230, travel time:120.65352112676057, q_loss:0.00019523015, rewards:-3.1963902, queue:2.4916666, delay:0.4501874, throughput:1399, raw_metrics:{'fairness': 0.0}
SIM_TRAIN step:231, travel time:120.94295774647887, q_loss:0.00019099873, rewards:-3.36, queue:2.5833333, delay:0.45214725, throughput:1400, raw_metrics:{'fairness': 0.0}
REAL_TRAIN step:104, travel time:284.8356263577118, q_loss:100, rewards:-73.91248, queue:65.058334, delay:0.71188116, throughput:1202, R_real:-3.1188, components:{'queue': 0.309, 'delay': 0.0, 'waiting': 0.0, 'pressure': 0.0, 'switches': 0.0, 'emission': 2.81}, raw_metrics:{'fairness': 637.0, 'emission': 704.238, 'fuel': 228.308, 'emergency_stops': 4.0, 'collisions': 0.0, 'ssm_conflicts': 1019.0}, refine;w=queue=0.5;waiting=0.5;ckpt88
SIM_TRAIN step:232, travel time:121.1, q_loss:0.00038931615, rewards:-3.5149987, queue:2.6416667, delay:0.46430787, throughput:1397, raw_metrics:{'fairness': 0.0}
SIM_TRAIN step:233, travel time:119.95140845070422, q_loss:0.00022011407, rewards:-2.9661112, queue:2.2583334, delay:0.4497768, throughput:1396, raw_metrics:{'fairness': 248.0}
REAL_TRAIN step:106, travel time:232.07464788732395, q_loss:100, rewards:-50.53554, queue:45.586113, delay:0.75343156, throughput:1344, R_real:-2.4378, components:{'queue': 0.211, 'delay': 0.0, 'waiting': 0.0, 'pressure': 0.0, 'switches': 0.0, 'emission': 2.227}, raw_metrics:{'fairness': 170.0, 'emission': 609.709, 'fuel': 197.661, 'emergency_stops': 2.0, 'collisions': 0.0, 'ssm_conflicts': 1283.0}, refine;w=queue=0.5;waiting=0.5;ckpt90
SIM_TRAIN step:234, travel time:119.57887323943662, q_loss:0.0002031258, rewards:-2.874999, queue:2.1444445, delay:0.4474087, throughput:1398, raw_metrics:{'fairness': 0.0}
SIM_TRAIN step:235, travel time:120.46619718309859, q_loss:0.00016992916, rewards:-3.1005557, queue:2.4222221, delay:0.44332764, throughput:1400, raw_metrics:{'fairness': 0.0}
REAL_TRAIN step:108, travel time:216.1143674052895, q_loss:100, rewards:-46.143326, queue:38.333332, delay:0.7303849, throughput:1277, R_real:-2.3031, components:{'queue': 0.193, 'delay': 0.0, 'waiting': 0.0, 'pressure': 0.0, 'switches': 0.0, 'emission': 2.11}, raw_metrics:{'fairness': 664.0, 'emission': 565.616, 'fuel': 183.367, 'emergency_stops': 1.0, 'collisions': 0.0, 'ssm_conflicts': 999.0}, refine;w=queue=0.5;waiting=0.5;ckpt92
SIM_TRAIN step:236, travel time:120.10985915492958, q_loss:0.00017966243, rewards:-3.039722, queue:2.3444445, delay:0.44577265, throughput:1397, raw_metrics:{'fairness': 0.0}
REAL_TRAIN step:109, travel time:246.0, q_loss:100, rewards:-56.27918, queue:50.880554, delay:0.7533667, throughput:1357, R_real:-2.6097, components:{'queue': 0.235, 'delay': 0.0, 'waiting': 0.0, 'pressure': 0.0, 'switches': 0.0, 'emission': 2.375}, raw_metrics:{'fairness': 682.0, 'emission': 641.849, 'fuel': 208.081, 'emergency_stops': 0.0, 'collisions': 0.0, 'ssm_conflicts': 1190.0}, refine;w=queue=0.5;waiting=0.5;ckpt93
MORLGrid selected policy with R_real=-1.0890
Saved method state to data/output_data/sim2real_rewards/cityflow_dqn/bullhead_1/baseline_rewards_v2_morl_grid_emission_heavy_s0/model/bullhead_1_emission_heavy_dqn_morl_grid/method_state.json
real rollouts used: 63/100
REAL_TEST step:0, travel time:129.54788732394366, q_loss:100, rewards:-5.267222, queue:4.677778, delay:0.4718835, throughput:1374, R_real:-1.0890, components:{'queue': 0.024, 'delay': 0.0, 'waiting': 0.0, 'pressure': 0.0, 'switches': 0.0, 'emission': 1.065}, raw_metrics:{'fairness': 154.0, 'emission': 380.141, 'fuel': 123.237, 'emergency_stops': 8.0, 'collisions': 0.0, 'ssm_conflicts': 289.0}
Total time taken: 2351.5313251018524
