cologne3_noise20_dqn_latent_observation	REAL_TEST	2	643.6	100.0	-453.99	76.15	8.23	1398
cologne3_noise20_dqn_latent_observation	REAL_TEST	4	721.6	100.0	-425.25	75.72	8.38	1268
cologne3_noise20_dqn_latent_observation	REAL_TEST	6	925.0	100.0	-488.57	80.60	8.30	1024
cologne3_noise20_dqn_latent_observation	REAL_TEST	8	784.8	100.0	-410.49	71.89	8.55	1285
cologne3_noise20_dqn_latent_observation	REAL_TEST	10	468.6	100.0	-399.88	68.14	7.98	1711
cologne3_noise20_dqn_latent_observation	REAL_TEST	12	127.4	100.0	-368.05	59.18	7.97	2677
cologne3_noise20_dqn_latent_observation	REAL_TEST	14	92.3	100.0	-317.52	54.82	8.23	2811
cologne3_noise20_dqn_latent_observation	REAL_TEST	16	151.7	100.0	-325.60	58.17	8.09	2540
cologne3_noise20_dqn_latent_observation	REAL_TEST	18	99.6	100.0	-318.56	54.76	8.04	2804
cologne3_noise20_dqn_latent_observation	REAL_TEST	20	790.3	100.0	-494.59	80.81	8.04	1232
cologne3_noise20_dqn_latent_observation	REAL_TEST	22	699.9	100.0	-439.33	75.71	8.30	1312
cologne3_noise20_dqn_latent_observation	REAL_TEST	24	689.6	100.0	-454.37	75.66	8.26	1296
cologne3_noise20_dqn_latent_observation	REAL_TEST	26	695.6	100.0	-464.92	74.37	8.34	1349
cologne3_noise20_dqn_latent_observation	REAL_TEST	28	573.0	100.0	-438.09	73.48	8.58	1477
cologne3_noise20_dqn_latent_observation	REAL_TEST	30	708.4	100.0	-462.72	76.73	8.35	1299
cologne3_noise20_dqn_latent_observation	REAL_TEST	32	761.4	100.0	-474.64	77.72	8.42	1141
cologne3_noise20_dqn_latent_observation	REAL_TEST	34	918.5	100.0	-491.85	80.92	8.37	957
cologne3_noise20_dqn_latent_observation	REAL_TEST	36	749.7	100.0	-464.08	77.58	8.47	1224
cologne3_noise20_dqn_latent_observation	REAL_TEST	38	689.4	100.0	-447.36	75.42	8.31	1310
cologne3_noise20_dqn_latent_observation	REAL_TEST	40	535.2	100.0	-392.97	69.48	8.24	1590
cologne3_noise20_dqn_latent_observation	REAL_TEST	42	721.4	100.0	-426.36	73.83	8.37	1327
cologne3_noise20_dqn_latent_observation	REAL_TEST	44	568.2	100.0	-416.85	70.86	8.31	1550
cologne3_noise20_dqn_latent_observation	REAL_TEST	46	466.5	100.0	-364.69	65.37	8.39	1769
cologne3_noise20_dqn_latent_observation	REAL_TEST	48	466.0	100.0	-347.63	66.34	8.10	1815
cologne3_noise20_dqn_latent_observation	REAL_TEST	50	263.7	100.0	-339.94	61.86	8.27	2457
cologne3_noise20_dqn_latent_observation	REAL_TEST	52	171.3	100.0	-328.79	59.35	7.95	2739
cologne3_noise20_dqn_latent_observation	REAL_TEST	54	128.0	100.0	-326.80	58.47	7.79	2788
cologne3_noise20_dqn_latent_observation	REAL_TEST	56	514.6	100.0	-353.26	62.91	8.19	1462
cologne3_noise20_dqn_latent_observation	REAL_TEST	58	97.3	100.0	-308.42	55.58	8.32	2804
cologne3_noise20_dqn_latent_observation	REAL_TEST	60	140.7	100.0	-319.44	56.14	8.15	2545
cologne3_noise20_dqn_latent_observation	REAL_TEST	62	146.9	100.0	-315.95	56.12	7.87	2527
cologne3_noise20_dqn_latent_observation	REAL_TEST	64	84.9	100.0	-301.90	51.13	8.04	2809
cologne3_noise20_dqn_latent_observation	REAL_TEST	66	81.8	100.0	-304.07	52.32	8.17	2810
cologne3_noise20_dqn_latent_observation	REAL_TEST	68	84.6	100.0	-299.15	53.19	7.91	2806
cologne3_noise20_dqn_latent_observation	REAL_TEST	70	88.3	100.0	-302.75	52.04	8.19	2813
cologne3_noise20_dqn_latent_observation	REAL_TEST	72	675.5	100.0	-385.51	67.83	8.12	1208
cologne3_noise20_dqn_latent_observation	REAL_TEST	74	89.5	100.0	-303.57	52.75	8.25	2812
cologne3_noise20_dqn_latent_observation	REAL_TEST	76	82.8	100.0	-301.47	51.32	8.25	2803
cologne3_noise20_dqn_latent_observation	REAL_TEST	78	82.4	100.0	-299.46	53.39	8.17	2807
cologne3_noise20_dqn_latent_observation	REAL_TEST	80	81.4	100.0	-299.92	52.18	8.24	2804
cologne3_noise20_dqn_latent_observation	REAL_TEST	82	98.2	100.0	-305.11	53.65	8.32	2807
cologne3_noise20_dqn_latent_observation	REAL_TEST	84	148.8	100.0	-316.45	55.96	8.33	2531
cologne3_noise20_dqn_latent_observation	REAL_TEST	86	483.8	100.0	-348.01	60.63	8.12	1486
cologne3_noise20_dqn_latent_observation	REAL_TEST	88	84.1	100.0	-300.87	50.18	8.22	2781
cologne3_noise20_dqn_latent_observation	REAL_TEST	90	135.4	100.0	-317.21	54.44	8.12	2559
cologne3_noise20_dqn_latent_observation	REAL_TEST	92	78.2	100.0	-298.63	51.65	8.09	2814
cologne3_noise20_dqn_latent_observation	REAL_TEST	94	83.2	100.0	-300.11	51.57	8.13	2810
cologne3_noise20_dqn_latent_observation	REAL_TEST	96	144.3	100.0	-320.46	54.97	8.00	2543
cologne3_noise20_dqn_latent_observation	REAL_TEST	98	142.9	100.0	-317.24	54.60	8.00	2547
cologne3_noise20_dqn_latent_observation	REAL_TEST	100	80.4	100.0	-299.33	53.15	7.99	2809
cologne3_noise20_dqn_latent_observation	REAL_TEST	102	80.6	100.0	-297.44	52.05	8.09	2805
cologne3_noise20_dqn_latent_observation	REAL_TEST	104	112.5	100.0	-308.09	52.81	8.35	2806
cologne3_noise20_dqn_latent_observation	REAL_TEST	106	201.8	100.0	-297.19	51.67	8.15	2202
cologne3_noise20_dqn_latent_observation	REAL_TEST	108	103.2	100.0	-300.55	54.41	8.17	2794
cologne3_noise20_dqn_latent_observation	REAL_TEST	110	92.4	100.0	-304.71	54.04	8.36	2805
cologne3_noise20_dqn_latent_observation	REAL_TEST	112	89.1	100.0	-305.07	52.68	7.96	2773
cologne3_noise20_dqn_latent_observation	REAL_TEST	114	90.8	100.0	-298.85	51.77	8.20	2809
cologne3_noise20_dqn_latent_observation	REAL_TEST	116	86.4	100.0	-301.25	52.95	8.23	2800
cologne3_noise20_dqn_latent_observation	REAL_TEST	118	89.1	100.0	-303.99	53.82	8.37	2806
cologne3_noise20_dqn_latent_observation	REAL_TEST	120	87.1	100.0	-299.33	54.22	7.87	2809
cologne3_noise20_dqn_latent_observation	REAL_TEST	122	84.6	100.0	-299.95	53.86	8.13	2804
cologne3_noise20_dqn_latent_observation	REAL_TEST	124	110.3	100.0	-334.05	56.99	8.06	2769
cologne3_noise20_dqn_latent_observation	REAL_TEST	126	86.1	100.0	-303.46	54.63	8.16	2809
cologne3_noise20_dqn_latent_observation	REAL_TEST	128	109.4	100.0	-318.16	56.26	8.14	2806
cologne3_noise20_dqn_latent_observation	REAL_TEST	130	502.7	100.0	-417.78	71.69	8.32	1496
cologne3_noise20_dqn_latent_observation	REAL_TEST	132	312.2	100.0	-401.40	67.69	8.66	2174
cologne3_noise20_dqn_latent_observation	REAL_TEST	134	302.4	100.0	-405.92	67.88	8.34	2128
cologne3_noise20_dqn_latent_observation	REAL_TEST	136	275.4	100.0	-401.52	66.14	8.28	2337
cologne3_noise20_dqn_latent_observation	REAL_TEST	138	338.9	100.0	-402.99	66.19	8.18	2074
cologne3_noise20_dqn_latent_observation	REAL_TEST	140	470.4	100.0	-403.94	68.44	8.45	1691
cologne3_noise20_dqn_latent_observation	REAL_TEST	142	444.9	100.0	-412.20	70.27	7.92	1776
cologne3_noise20_dqn_latent_observation	REAL_TEST	144	176.7	100.0	-351.05	61.09	8.00	2504
cologne3_noise20_dqn_latent_observation	REAL_TEST	146	102.3	100.0	-309.13	55.55	7.87	2800
cologne3_noise20_dqn_latent_observation	REAL_TEST	148	144.5	100.0	-324.44	58.58	8.25	2789
cologne3_noise20_dqn_latent_observation	REAL_TEST	150	277.8	100.0	-364.71	63.85	8.13	2539
cologne3_noise20_dqn_latent_observation	REAL_TEST	152	89.6	100.0	-305.44	55.58	8.69	2806
cologne3_noise20_dqn_latent_observation	REAL_TEST	154	458.0	100.0	-347.74	63.05	8.30	1535
cologne3_noise20_dqn_latent_observation	REAL_TEST	156	99.4	100.0	-316.62	56.42	7.92	2809
cologne3_noise20_dqn_latent_observation	REAL_TEST	158	91.1	100.0	-303.65	53.03	8.28	2793
cologne3_noise20_dqn_latent_observation	REAL_TEST	160	159.8	100.0	-327.75	56.08	8.34	2523
cologne3_noise20_dqn_latent_observation	REAL_TEST	162	93.1	100.0	-303.35	53.58	7.91	2810
cologne3_noise20_dqn_latent_observation	REAL_TEST	164	176.9	100.0	-329.87	57.86	8.22	2485
cologne3_noise20_dqn_latent_observation	REAL_TEST	166	483.3	100.0	-408.49	66.98	8.31	1683
cologne3_noise20_dqn_latent_observation	REAL_TEST	168	664.4	100.0	-456.89	74.71	8.26	1307
cologne3_noise20_dqn_latent_observation	REAL_TEST	170	414.6	100.0	-412.56	69.63	8.25	1862
cologne3_noise20_dqn_latent_observation	REAL_TEST	172	578.6	100.0	-453.02	72.43	8.10	1417
cologne3_noise20_dqn_latent_observation	REAL_TEST	174	108.5	100.0	-316.29	55.38	8.31	2812
cologne3_noise20_dqn_latent_observation	REAL_TEST	176	87.1	100.0	-304.20	53.45	8.23	2811
cologne3_noise20_dqn_latent_observation	REAL_TEST	178	89.5	100.0	-306.30	54.56	8.14	2811
cologne3_noise20_dqn_latent_observation	REAL_TEST	180	348.4	100.0	-339.74	60.86	8.23	1954
cologne3_noise20_dqn_latent_observation	REAL_TEST	182	107.3	100.0	-317.41	56.52	8.40	2796
cologne3_noise20_dqn_latent_observation	REAL_TEST	184	100.2	100.0	-312.88	57.33	8.12	2797
cologne3_noise20_dqn_latent_observation	REAL_TEST	186	154.1	100.0	-327.76	56.37	7.98	2549
cologne3_noise20_dqn_latent_observation	REAL_TEST	188	164.0	100.0	-339.18	58.92	8.32	2516
cologne3_noise20_dqn_latent_observation	REAL_TEST	190	88.9	100.0	-301.23	53.16	8.21	2814
cologne3_noise20_dqn_latent_observation	REAL_TEST	192	95.0	100.0	-308.40	54.99	8.27	2792
cologne3_noise20_dqn_latent_observation	REAL_TEST	194	174.4	100.0	-339.77	59.23	8.14	2501
cologne3_noise20_dqn_latent_observation	REAL_TEST	196	184.6	100.0	-389.89	66.25	8.29	2552
cologne3_noise20_dqn_latent_observation	REAL_TEST	198	124.1	100.0	-339.86	59.15	8.47	2769
