tempe_16_dz20_dqn_latent_observation	REAL_TEST	1	1294.0	100.0	-2626.39	199.67	0.58	5688
tempe_16_dz20_dqn_latent_observation	REAL_TEST	2	1302.0	100.0	-2353.19	180.72	0.59	5189
tempe_16_dz20_dqn_latent_observation	REAL_TEST	3	806.5	100.0	-1748.69	138.76	0.58	9844
tempe_16_dz20_dqn_latent_observation	REAL_TEST	4	544.1	100.0	-1327.89	104.75	0.50	12875
tempe_16_dz20_dqn_latent_observation	REAL_TEST	5	422.0	100.0	-1089.84	92.76	0.47	14596
tempe_16_dz20_dqn_latent_observation	REAL_TEST	6	522.2	100.0	-1338.10	112.06	0.47	13555
tempe_16_dz20_dqn_latent_observation	REAL_TEST	7	602.7	100.0	-1464.74	122.30	0.49	12522
tempe_16_dz20_dqn_latent_observation	REAL_TEST	8	399.6	100.0	-1014.02	84.68	0.46	15050
tempe_16_dz20_dqn_latent_observation	REAL_TEST	9	488.4	100.0	-1306.19	107.58	0.48	14298
tempe_16_dz20_dqn_latent_observation	REAL_TEST	10	627.0	100.0	-1546.82	131.19	0.49	12577
tempe_16_dz20_dqn_latent_observation	REAL_TEST	11	452.1	100.0	-1200.80	104.56	0.46	14929
tempe_16_dz20_dqn_latent_observation	REAL_TEST	12	547.0	100.0	-1367.31	111.05	0.45	12745
tempe_16_dz20_dqn_latent_observation	REAL_TEST	13	459.8	100.0	-1374.56	109.12	0.42	14900
tempe_16_dz20_dqn_latent_observation	REAL_TEST	14	951.7	100.0	-2007.34	166.08	0.48	8006
tempe_16_dz20_dqn_latent_observation	REAL_TEST	15	545.6	100.0	-1471.08	122.98	0.43	12970
tempe_16_dz20_dqn_latent_observation	REAL_TEST	16	666.8	100.0	-1629.15	127.99	0.42	11103
tempe_16_dz20_dqn_latent_observation	REAL_TEST	17	755.7	100.0	-1905.55	144.99	0.47	10129
tempe_16_dz20_dqn_latent_observation	REAL_TEST	18	868.6	100.0	-2037.68	160.39	0.43	8974
tempe_16_dz20_dqn_latent_observation	REAL_TEST	19	1143.0	100.0	-2411.98	188.93	0.52	6497
tempe_16_dz20_dqn_latent_observation	REAL_TEST	20	929.0	100.0	-2149.14	161.37	0.47	8008
tempe_16_dz20_dqn_latent_observation	REAL_TEST	21	1180.9	100.0	-2481.93	192.39	0.51	6365
tempe_16_dz20_dqn_latent_observation	REAL_TEST	22	1040.0	100.0	-2284.99	174.14	0.49	7399
tempe_16_dz20_dqn_latent_observation	REAL_TEST	23	1069.0	100.0	-2128.25	156.55	0.49	6663
tempe_16_dz20_dqn_latent_observation	REAL_TEST	24	1219.1	100.0	-2474.58	189.60	0.51	5979
tempe_16_dz20_dqn_latent_observation	REAL_TEST	25	1214.2	100.0	-2352.21	175.10	0.51	5849
tempe_16_dz20_dqn_latent_observation	REAL_TEST	26	1089.1	100.0	-2240.62	164.45	0.50	6727
tempe_16_dz20_dqn_latent_observation	REAL_TEST	27	1269.1	100.0	-2499.28	192.76	0.51	5424
tempe_16_dz20_dqn_latent_observation	REAL_TEST	28	1111.1	100.0	-2280.59	167.90	0.50	6478
tempe_16_dz20_dqn_latent_observation	REAL_TEST	29	987.8	100.0	-2133.97	178.24	0.47	8155
tempe_16_dz20_dqn_latent_observation	REAL_TEST	30	963.1	100.0	-2237.71	163.54	0.48	8168
tempe_16_dz20_dqn_latent_observation	REAL_TEST	31	943.9	100.0	-2038.59	168.25	0.47	8381
tempe_16_dz20_dqn_latent_observation	REAL_TEST	32	1525.4	100.0	-2648.25	204.91	0.52	4190
tempe_16_dz20_dqn_latent_observation	REAL_TEST	33	707.2	100.0	-1690.46	141.81	0.42	11006
tempe_16_dz20_dqn_latent_observation	REAL_TEST	34	1155.1	100.0	-2501.88	189.34	0.49	6372
tempe_16_dz20_dqn_latent_observation	REAL_TEST	35	840.3	100.0	-1786.94	139.68	0.48	9074
tempe_16_dz20_dqn_latent_observation	REAL_TEST	36	948.8	100.0	-2198.54	171.21	0.46	8568
tempe_16_dz20_dqn_latent_observation	REAL_TEST	37	975.6	100.0	-2059.44	170.60	0.48	8318
tempe_16_dz20_dqn_latent_observation	REAL_TEST	38	1472.1	100.0	-2659.92	208.93	0.51	4562
tempe_16_dz20_dqn_latent_observation	REAL_TEST	39	644.9	100.0	-1402.23	109.93	0.42	11129
tempe_16_dz20_dqn_latent_observation	REAL_TEST	40	1108.9	100.0	-2434.15	187.37	0.48	7040
tempe_16_dz20_dqn_latent_observation	REAL_TEST	41	847.6	100.0	-1829.06	145.17	0.46	9178
tempe_16_dz20_dqn_latent_observation	REAL_TEST	42	1047.5	100.0	-2330.13	188.45	0.44	7584
tempe_16_dz20_dqn_latent_observation	REAL_TEST	43	1110.6	100.0	-2182.21	179.90	0.49	6985
tempe_16_dz20_dqn_latent_observation	REAL_TEST	44	983.7	100.0	-2226.78	178.67	0.45	8191
tempe_16_dz20_dqn_latent_observation	REAL_TEST	45	1298.6	100.0	-2457.91	194.61	0.50	5425
tempe_16_dz20_dqn_latent_observation	REAL_TEST	46	788.7	100.0	-1709.77	144.23	0.43	9962
tempe_16_dz20_dqn_latent_observation	REAL_TEST	47	1154.7	100.0	-2479.02	189.14	0.49	6761
tempe_16_dz20_dqn_latent_observation	REAL_TEST	48	756.2	100.0	-1628.73	138.06	0.41	10259
tempe_16_dz20_dqn_latent_observation	REAL_TEST	49	1239.5	100.0	-2517.38	191.95	0.50	6003
tempe_16_dz20_dqn_latent_observation	REAL_TEST	50	888.6	100.0	-1921.20	158.98	0.43	8817
tempe_16_dz20_dqn_latent_observation	REAL_TEST	51	1308.6	100.0	-2535.02	197.76	0.48	5374
tempe_16_dz20_dqn_latent_observation	REAL_TEST	52	787.1	100.0	-1755.84	145.19	0.41	9974
tempe_16_dz20_dqn_latent_observation	REAL_TEST	53	1210.0	100.0	-2454.29	186.71	0.50	6462
tempe_16_dz20_dqn_latent_observation	REAL_TEST	54	803.7	100.0	-1803.43	150.99	0.41	9926
tempe_16_dz20_dqn_latent_observation	REAL_TEST	55	847.4	100.0	-1823.32	143.45	0.44	9069
tempe_16_dz20_dqn_latent_observation	REAL_TEST	56	909.4	100.0	-2087.31	165.22	0.46	8626
tempe_16_dz20_dqn_latent_observation	REAL_TEST	57	862.7	100.0	-1895.03	148.41	0.46	9115
tempe_16_dz20_dqn_latent_observation	REAL_TEST	58	656.1	100.0	-1628.89	136.69	0.41	11487
tempe_16_dz20_dqn_latent_observation	REAL_TEST	59	824.3	100.0	-1867.72	149.80	0.44	9476
tempe_16_dz20_dqn_latent_observation	REAL_TEST	60	710.7	100.0	-1677.88	130.22	0.44	10817
tempe_16_dz20_dqn_latent_observation	REAL_TEST	61	1245.8	100.0	-2490.71	192.95	0.49	5657
tempe_16_dz20_dqn_latent_observation	REAL_TEST	62	645.9	100.0	-1610.10	129.10	0.43	11539
tempe_16_dz20_dqn_latent_observation	REAL_TEST	63	1078.8	100.0	-2171.38	178.73	0.46	7260
tempe_16_dz20_dqn_latent_observation	REAL_TEST	64	573.6	100.0	-1417.12	111.72	0.41	12292
tempe_16_dz20_dqn_latent_observation	REAL_TEST	65	1252.0	100.0	-2493.05	195.31	0.49	5542
tempe_16_dz20_dqn_latent_observation	REAL_TEST	66	816.7	100.0	-1896.07	145.35	0.45	9398
tempe_16_dz20_dqn_latent_observation	REAL_TEST	67	1182.1	100.0	-2395.35	185.02	0.50	6486
tempe_16_dz20_dqn_latent_observation	REAL_TEST	68	792.4	100.0	-1835.96	149.46	0.45	10051
tempe_16_dz20_dqn_latent_observation	REAL_TEST	69	1235.0	100.0	-2518.00	194.01	0.50	5854
tempe_16_dz20_dqn_latent_observation	REAL_TEST	70	992.9	100.0	-1966.98	159.58	0.47	7996
tempe_16_dz20_dqn_latent_observation	REAL_TEST	71	1017.8	100.0	-2243.68	169.12	0.48	7878
tempe_16_dz20_dqn_latent_observation	REAL_TEST	72	716.2	100.0	-1610.66	131.03	0.43	10640
tempe_16_dz20_dqn_latent_observation	REAL_TEST	73	1096.0	100.0	-2397.56	186.95	0.50	7334
tempe_16_dz20_dqn_latent_observation	REAL_TEST	74	692.1	100.0	-1610.48	129.47	0.43	11063
tempe_16_dz20_dqn_latent_observation	REAL_TEST	75	797.0	100.0	-1806.05	148.46	0.43	10046
tempe_16_dz20_dqn_latent_observation	REAL_TEST	76	888.6	100.0	-2165.49	165.81	0.47	8651
tempe_16_dz20_dqn_latent_observation	REAL_TEST	77	927.5	100.0	-1939.75	161.57	0.46	8436
tempe_16_dz20_dqn_latent_observation	REAL_TEST	78	972.1	100.0	-2183.18	174.36	0.47	8053
tempe_16_dz20_dqn_latent_observation	REAL_TEST	79	998.4	100.0	-2210.75	176.62	0.48	7701
tempe_16_dz20_dqn_latent_observation	REAL_TEST	80	857.1	100.0	-2113.90	167.28	0.44	9274
tempe_16_dz20_dqn_latent_observation	REAL_TEST	81	954.8	100.0	-2134.00	173.54	0.48	8350
tempe_16_dz20_dqn_latent_observation	REAL_TEST	82	846.1	100.0	-2038.23	158.95	0.46	9457
tempe_16_dz20_dqn_latent_observation	REAL_TEST	83	1106.6	100.0	-2328.46	187.49	0.48	7227
tempe_16_dz20_dqn_latent_observation	REAL_TEST	84	827.9	100.0	-1956.36	153.21	0.44	9417
tempe_16_dz20_dqn_latent_observation	REAL_TEST	85	1146.0	100.0	-2424.86	194.93	0.50	6716
tempe_16_dz20_dqn_latent_observation	REAL_TEST	86	926.1	100.0	-2215.07	171.95	0.46	8482
tempe_16_dz20_dqn_latent_observation	REAL_TEST	87	1032.6	100.0	-2219.08	180.26	0.47	7692
tempe_16_dz20_dqn_latent_observation	REAL_TEST	88	921.0	100.0	-2058.46	160.00	0.46	8275
tempe_16_dz20_dqn_latent_observation	REAL_TEST	89	1231.8	100.0	-2384.41	193.08	0.50	5970
tempe_16_dz20_dqn_latent_observation	REAL_TEST	90	976.4	100.0	-2215.62	173.74	0.47	7797
tempe_16_dz20_dqn_latent_observation	REAL_TEST	91	852.4	100.0	-1911.34	149.94	0.44	9224
tempe_16_dz20_dqn_latent_observation	REAL_TEST	92	951.1	100.0	-2245.16	176.54	0.45	8167
tempe_16_dz20_dqn_latent_observation	REAL_TEST	93	1157.0	100.0	-2337.70	185.16	0.48	6704
tempe_16_dz20_dqn_latent_observation	REAL_TEST	94	914.7	100.0	-2247.70	177.90	0.45	8642
tempe_16_dz20_dqn_latent_observation	REAL_TEST	95	1142.6	100.0	-2436.68	188.28	0.50	6824
tempe_16_dz20_dqn_latent_observation	REAL_TEST	96	648.9	100.0	-1603.09	128.00	0.41	11320
tempe_16_dz20_dqn_latent_observation	REAL_TEST	97	1163.1	100.0	-2466.22	189.00	0.49	6404
tempe_16_dz20_dqn_latent_observation	REAL_TEST	98	911.8	100.0	-2077.30	171.20	0.46	8934
tempe_16_dz20_dqn_latent_observation	REAL_TEST	99	1040.0	100.0	-2326.64	186.53	0.49	7627
tempe_16_dz20_dqn_latent_observation	REAL_TEST	100	1132.7	100.0	-2343.76	186.89	0.48	6584
tempe_16_dz20_dqn_latent_observation	REAL_TEST	101	1137.1	100.0	-2451.15	194.88	0.49	6827
tempe_16_dz20_dqn_latent_observation	REAL_TEST	102	1168.0	100.0	-2379.88	190.06	0.48	6145
tempe_16_dz20_dqn_latent_observation	REAL_TEST	103	1278.5	100.0	-2610.34	206.43	0.51	5666
tempe_16_dz20_dqn_latent_observation	REAL_TEST	104	783.1	100.0	-1798.87	146.53	0.46	9960
tempe_16_dz20_dqn_latent_observation	REAL_TEST	105	1341.0	100.0	-2619.63	207.65	0.49	5208
tempe_16_dz20_dqn_latent_observation	REAL_TEST	106	1219.5	100.0	-2452.59	188.05	0.49	6064
tempe_16_dz20_dqn_latent_observation	REAL_TEST	107	1027.2	100.0	-2153.82	165.09	0.48	7410
tempe_16_dz20_dqn_latent_observation	REAL_TEST	108	922.8	100.0	-2157.97	171.34	0.44	8443
tempe_16_dz20_dqn_latent_observation	REAL_TEST	109	1042.0	100.0	-2413.49	191.51	0.46	7627
tempe_16_dz20_dqn_latent_observation	REAL_TEST	110	1196.3	100.0	-2382.92	189.45	0.48	6217
tempe_16_dz20_dqn_latent_observation	REAL_TEST	111	1056.3	100.0	-2271.64	178.46	0.47	7443
tempe_16_dz20_dqn_latent_observation	REAL_TEST	112	999.4	100.0	-2277.93	177.89	0.48	7666
tempe_16_dz20_dqn_latent_observation	REAL_TEST	113	1131.0	100.0	-2531.07	200.38	0.48	7066
tempe_16_dz20_dqn_latent_observation	REAL_TEST	114	1329.5	100.0	-2452.82	193.63	0.50	5215
tempe_16_dz20_dqn_latent_observation	REAL_TEST	115	981.7	100.0	-2401.00	188.95	0.48	8128
tempe_16_dz20_dqn_latent_observation	REAL_TEST	116	1045.1	100.0	-2271.35	187.38	0.48	7772
tempe_16_dz20_dqn_latent_observation	REAL_TEST	117	1092.0	100.0	-2398.62	189.42	0.49	7153
tempe_16_dz20_dqn_latent_observation	REAL_TEST	118	1323.6	100.0	-2568.20	202.40	0.50	5413
tempe_16_dz20_dqn_latent_observation	REAL_TEST	119	1024.4	100.0	-2295.64	185.24	0.47	7821
tempe_16_dz20_dqn_latent_observation	REAL_TEST	120	1220.9	100.0	-2456.86	189.96	0.50	5932
tempe_16_dz20_dqn_latent_observation	REAL_TEST	121	911.7	100.0	-2148.54	174.63	0.44	8939
tempe_16_dz20_dqn_latent_observation	REAL_TEST	122	1251.2	100.0	-2473.68	194.58	0.49	5729
tempe_16_dz20_dqn_latent_observation	REAL_TEST	123	1040.5	100.0	-2437.10	190.23	0.49	7378
tempe_16_dz20_dqn_latent_observation	REAL_TEST	124	940.6	100.0	-2046.39	163.99	0.47	8323
tempe_16_dz20_dqn_latent_observation	REAL_TEST	125	870.5	100.0	-2176.93	170.84	0.45	9110
tempe_16_dz20_dqn_latent_observation	REAL_TEST	126	983.7	100.0	-2115.91	162.72	0.47	7730
tempe_16_dz20_dqn_latent_observation	REAL_TEST	127	1161.2	100.0	-2509.20	200.25	0.50	6320
tempe_16_dz20_dqn_latent_observation	REAL_TEST	128	1140.7	100.0	-2407.60	189.75	0.50	6672
tempe_16_dz20_dqn_latent_observation	REAL_TEST	129	1214.3	100.0	-2507.97	198.49	0.49	5925
tempe_16_dz20_dqn_latent_observation	REAL_TEST	130	778.1	100.0	-1916.66	156.62	0.45	10225
tempe_16_dz20_dqn_latent_observation	REAL_TEST	131	1089.1	100.0	-2398.80	192.63	0.48	7045
tempe_16_dz20_dqn_latent_observation	REAL_TEST	132	981.9	100.0	-2221.42	173.64	0.47	7883
tempe_16_dz20_dqn_latent_observation	REAL_TEST	133	1129.8	100.0	-2437.38	192.66	0.48	6449
tempe_16_dz20_dqn_latent_observation	REAL_TEST	134	1173.3	100.0	-2475.95	193.43	0.50	6379
tempe_16_dz20_dqn_latent_observation	REAL_TEST	135	1070.8	100.0	-2315.92	183.80	0.50	7182
tempe_16_dz20_dqn_latent_observation	REAL_TEST	136	1110.6	100.0	-2408.39	186.25	0.49	6897
tempe_16_dz20_dqn_latent_observation	REAL_TEST	137	849.7	100.0	-2072.66	162.46	0.45	9251
tempe_16_dz20_dqn_latent_observation	REAL_TEST	138	1127.8	100.0	-2432.17	187.00	0.48	6658
tempe_16_dz20_dqn_latent_observation	REAL_TEST	139	870.4	100.0	-2141.31	169.74	0.45	9324
tempe_16_dz20_dqn_latent_observation	REAL_TEST	140	1157.2	100.0	-2377.14	184.08	0.49	6297
tempe_16_dz20_dqn_latent_observation	REAL_TEST	141	906.3	100.0	-2228.72	176.23	0.48	8513
tempe_16_dz20_dqn_latent_observation	REAL_TEST	142	1300.0	100.0	-2610.63	202.60	0.51	5305
tempe_16_dz20_dqn_latent_observation	REAL_TEST	143	909.1	100.0	-2289.42	180.16	0.46	8830
tempe_16_dz20_dqn_latent_observation	REAL_TEST	144	1009.2	100.0	-2278.04	171.85	0.47	7362
tempe_16_dz20_dqn_latent_observation	REAL_TEST	145	924.7	100.0	-2183.95	171.32	0.46	8177
tempe_16_dz20_dqn_latent_observation	REAL_TEST	146	1215.4	100.0	-2610.08	200.03	0.49	5967
tempe_16_dz20_dqn_latent_observation	REAL_TEST	147	1067.2	100.0	-2297.36	175.99	0.49	6677
tempe_16_dz20_dqn_latent_observation	REAL_TEST	148	1185.4	100.0	-2597.32	203.31	0.49	6325
tempe_16_dz20_dqn_latent_observation	REAL_TEST	149	1023.5	100.0	-2362.78	184.34	0.48	7343
tempe_16_dz20_dqn_latent_observation	REAL_TEST	150	1006.2	100.0	-2262.46	177.34	0.47	7502
tempe_16_dz20_dqn_latent_observation	REAL_TEST	151	781.1	100.0	-1945.74	163.11	0.43	10275
tempe_16_dz20_dqn_latent_observation	REAL_TEST	152	1333.4	100.0	-2629.09	205.60	0.50	5177
tempe_16_dz20_dqn_latent_observation	REAL_TEST	153	767.1	100.0	-1934.96	149.71	0.46	9897
tempe_16_dz20_dqn_latent_observation	REAL_TEST	154	867.8	100.0	-2133.24	168.37	0.44	9077
tempe_16_dz20_dqn_latent_observation	REAL_TEST	155	1189.8	100.0	-2452.43	184.24	0.50	5983
tempe_16_dz20_dqn_latent_observation	REAL_TEST	156	804.2	100.0	-1994.10	157.85	0.44	9443
tempe_16_dz20_dqn_latent_observation	REAL_TEST	157	1298.1	100.0	-2587.01	197.08	0.51	5053
tempe_16_dz20_dqn_latent_observation	REAL_TEST	158	932.1	100.0	-2182.15	169.28	0.45	8206
tempe_16_dz20_dqn_latent_observation	REAL_TEST	159	1149.0	100.0	-2525.50	193.37	0.49	6402
tempe_16_dz20_dqn_latent_observation	REAL_TEST	160	837.6	100.0	-2098.37	163.17	0.45	9338
tempe_16_dz20_dqn_latent_observation	REAL_TEST	161	1257.1	100.0	-2662.22	205.94	0.52	5947
tempe_16_dz20_dqn_latent_observation	REAL_TEST	162	844.6	100.0	-2120.03	164.73	0.44	9131
tempe_16_dz20_dqn_latent_observation	REAL_TEST	163	1434.9	100.0	-2780.27	215.46	0.51	4781
tempe_16_dz20_dqn_latent_observation	REAL_TEST	164	1006.7	100.0	-2324.88	181.77	0.47	7745
tempe_16_dz20_dqn_latent_observation	REAL_TEST	165	1243.1	100.0	-2612.75	200.92	0.50	5841
tempe_16_dz20_dqn_latent_observation	REAL_TEST	166	1022.2	100.0	-2389.49	187.85	0.47	7528
tempe_16_dz20_dqn_latent_observation	REAL_TEST	167	1213.0	100.0	-2510.38	192.88	0.51	5950
tempe_16_dz20_dqn_latent_observation	REAL_TEST	168	920.9	100.0	-2159.55	175.95	0.45	8700
tempe_16_dz20_dqn_latent_observation	REAL_TEST	169	1353.2	100.0	-2759.81	213.59	0.51	5136
tempe_16_dz20_dqn_latent_observation	REAL_TEST	170	980.6	100.0	-2275.58	182.63	0.46	8171
tempe_16_dz20_dqn_latent_observation	REAL_TEST	171	1088.8	100.0	-2500.81	188.28	0.49	6932
tempe_16_dz20_dqn_latent_observation	REAL_TEST	172	916.0	100.0	-2199.81	172.67	0.46	8743
tempe_16_dz20_dqn_latent_observation	REAL_TEST	173	1288.6	100.0	-2666.29	203.94	0.51	5403
tempe_16_dz20_dqn_latent_observation	REAL_TEST	174	854.2	100.0	-2136.73	166.42	0.46	9212
tempe_16_dz20_dqn_latent_observation	REAL_TEST	175	1129.0	100.0	-2445.54	181.06	0.50	6485
tempe_16_dz20_dqn_latent_observation	REAL_TEST	176	1243.3	100.0	-2486.93	195.62	0.51	5888
tempe_16_dz20_dqn_latent_observation	REAL_TEST	177	911.0	100.0	-2110.16	164.52	0.45	8541
tempe_16_dz20_dqn_latent_observation	REAL_TEST	178	882.6	100.0	-2107.03	169.33	0.45	9263
tempe_16_dz20_dqn_latent_observation	REAL_TEST	179	1405.6	100.0	-2610.74	201.58	0.52	4723
tempe_16_dz20_dqn_latent_observation	REAL_TEST	180	955.8	100.0	-2247.07	177.45	0.47	8244
tempe_16_dz20_dqn_latent_observation	REAL_TEST	181	1378.0	100.0	-2707.51	211.62	0.49	5025
tempe_16_dz20_dqn_latent_observation	REAL_TEST	182	981.5	100.0	-2239.01	177.10	0.48	8004
tempe_16_dz20_dqn_latent_observation	REAL_TEST	183	1157.6	100.0	-2498.58	196.80	0.48	6730
tempe_16_dz20_dqn_latent_observation	REAL_TEST	184	1343.4	100.0	-2741.48	211.24	0.52	5212
tempe_16_dz20_dqn_latent_observation	REAL_TEST	185	1257.2	100.0	-2588.44	206.80	0.49	6007
tempe_16_dz20_dqn_latent_observation	REAL_TEST	186	1230.5	100.0	-2537.73	197.43	0.50	5740
tempe_16_dz20_dqn_latent_observation	REAL_TEST	187	1278.8	100.0	-2544.59	202.34	0.49	5827
tempe_16_dz20_dqn_latent_observation	REAL_TEST	188	1324.5	100.0	-2676.64	210.14	0.51	5239
tempe_16_dz20_dqn_latent_observation	REAL_TEST	189	1180.7	100.0	-2389.52	189.77	0.48	6674
tempe_16_dz20_dqn_latent_observation	REAL_TEST	190	1231.1	100.0	-2652.43	206.93	0.50	6255
tempe_16_dz20_dqn_latent_observation	REAL_TEST	191	1472.2	100.0	-2684.50	211.16	0.51	4335
tempe_16_dz20_dqn_latent_observation	REAL_TEST	192	970.5	100.0	-2268.40	177.46	0.49	8131
tempe_16_dz20_dqn_latent_observation	REAL_TEST	193	1158.0	100.0	-2441.22	194.94	0.46	6487
tempe_16_dz20_dqn_latent_observation	REAL_TEST	194	1252.3	100.0	-2622.40	199.89	0.51	5492
tempe_16_dz20_dqn_latent_observation	REAL_TEST	195	1180.0	100.0	-2458.18	195.83	0.48	6293
tempe_16_dz20_dqn_latent_observation	REAL_TEST	196	1038.9	100.0	-2390.16	180.80	0.49	7391
tempe_16_dz20_dqn_latent_observation	REAL_TEST	197	1043.2	100.0	-2314.83	187.20	0.46	7729
tempe_16_dz20_dqn_latent_observation	REAL_TEST	198	1164.8	100.0	-2421.78	185.29	0.50	6238
tempe_16_dz20_dqn_latent_observation	REAL_TEST	199	1119.0	100.0	-2452.73	194.03	0.47	6880
