bullhead_3_flexible_presslight_ugat_shield	REAL_TRAIN	0	274.7	100.0	-95.63	35.94	0.66	3246	0.0000	0.1343
bullhead_3_flexible_presslight_ugat_shield	REAL_TRAIN	1	274.7	100.0	-95.63	35.94	0.66	3246	0.0000	0.1343
bullhead_3_flexible_presslight_ugat_shield	REAL_TRAIN	2	220.8	100.0	-93.14	27.08	0.59	3312	0.0000	0.1370
bullhead_3_flexible_presslight_ugat_shield	REAL_TRAIN	3	328.4	100.0	-99.38	45.30	0.68	3139	0.0000	0.1278
bullhead_3_flexible_presslight_ugat_shield	REAL_TRAIN	4	421.7	100.0	-87.32	60.49	0.60	3150	0.0000	0.1463
bullhead_3_flexible_presslight_ugat_shield	REAL_TRAIN	5	635.5	100.0	-137.20	115.07	0.68	2698	0.0000	0.1611
bullhead_3_flexible_presslight_ugat_shield	REAL_TRAIN	6	632.7	100.0	-117.49	97.50	0.66	2261	0.0000	0.1593
bullhead_3_flexible_presslight_ugat_shield	REAL_TRAIN	7	625.3	100.0	-324.32	139.19	0.72	2412	0.0000	0.1787
bullhead_3_flexible_presslight_ugat_shield	REAL_TRAIN	8	186.2	100.0	-48.73	15.52	0.57	3697	0.0000	0.1213
bullhead_3_flexible_presslight_ugat_shield	REAL_TRAIN	9	703.8	100.0	-118.29	103.68	0.67	2125	0.0000	0.1537
bullhead_3_flexible_presslight_ugat_shield	REAL_TRAIN	10	173.4	100.0	-39.50	12.09	0.62	4066	0.0000	0.1407
bullhead_3_flexible_presslight_ugat_shield	REAL_TRAIN	11	718.2	100.0	-98.70	104.59	0.69	2369	0.0000	0.1537
bullhead_3_flexible_presslight_ugat_shield	REAL_TRAIN	12	568.3	100.0	-76.76	84.66	0.66	2590	0.0000	0.1620
bullhead_3_flexible_presslight_ugat_shield	REAL_TRAIN	13	152.2	100.0	-48.38	8.54	0.59	4141	0.0000	0.1389
bullhead_3_flexible_presslight_ugat_shield	REAL_TRAIN	14	228.7	100.0	-140.71	41.36	0.64	3783	0.0000	0.1102
bullhead_3_flexible_presslight_ugat_shield	REAL_TRAIN	15	287.5	100.0	-208.47	65.62	0.66	3704	0.0000	0.1037
bullhead_3_flexible_presslight_ugat_shield	REAL_TRAIN	16	298.5	100.0	-217.64	68.96	0.66	3640	0.0000	0.1176
bullhead_3_flexible_presslight_ugat_shield	REAL_TRAIN	17	226.0	100.0	-124.16	38.46	0.60	3857	0.0000	0.1278
bullhead_3_flexible_presslight_ugat_shield	REAL_TRAIN	18	307.8	100.0	-226.90	72.33	0.66	3623	0.0000	0.1481
bullhead_3_flexible_presslight_ugat_shield	REAL_TRAIN	19	370.6	100.0	-270.45	88.10	0.69	3231	0.0000	0.1546
bullhead_3_flexible_presslight_ugat_shield	REAL_TRAIN	20	151.2	100.0	-49.14	8.71	0.60	4069	0.0000	0.1204
bullhead_3_flexible_presslight_ugat_shield	REAL_TRAIN	21	254.6	100.0	-174.03	52.75	0.67	3722	0.0000	0.1463
bullhead_3_flexible_presslight_ugat_shield	REAL_TRAIN	22	354.6	100.0	-280.47	90.11	0.71	3544	0.0000	0.1639
bullhead_3_flexible_presslight_ugat_shield	REAL_TRAIN	23	257.1	100.0	-175.98	53.38	0.67	3719	0.0000	0.1509
bullhead_3_flexible_presslight_ugat_shield	REAL_TRAIN	24	157.7	100.0	-55.81	11.37	0.61	4023	0.0000	0.1343
bullhead_3_flexible_presslight_ugat_shield	REAL_TRAIN	25	229.6	100.0	-114.52	35.89	0.66	3545	0.0000	0.1278
bullhead_3_flexible_presslight_ugat_shield	REAL_TRAIN	26	148.2	100.0	-43.97	7.00	0.58	4140	0.0000	0.1370
bullhead_3_flexible_presslight_ugat_shield	REAL_TRAIN	27	149.3	100.0	-44.59	7.26	0.59	4146	0.0000	0.0963
bullhead_3_flexible_presslight_ugat_shield	REAL_TRAIN	28	148.7	100.0	-43.80	7.10	0.58	4128	0.0000	0.0741
bullhead_3_flexible_presslight_ugat_shield	REAL_TRAIN	29	148.5	100.0	-44.15	7.15	0.57	4102	0.0000	0.0972
bullhead_3_flexible_presslight_ugat_shield	REAL_TRAIN	30	148.3	100.0	-43.61	7.02	0.58	4127	0.0000	0.1065
bullhead_3_flexible_presslight_ugat_shield	REAL_TRAIN	31	148.2	100.0	-43.43	6.99	0.58	4121	0.0000	0.1259
bullhead_3_flexible_presslight_ugat_shield	REAL_TRAIN	32	148.5	100.0	-43.53	7.06	0.59	4144	0.0000	0.1370
bullhead_3_flexible_presslight_ugat_shield	REAL_TRAIN	33	143.9	100.0	-37.22	5.14	0.55	4182	0.0000	0.1157
bullhead_3_flexible_presslight_ugat_shield	REAL_TRAIN	34	149.8	100.0	-44.36	7.59	0.58	4133	0.0000	0.1065
bullhead_3_flexible_presslight_ugat_shield	REAL_TRAIN	35	145.6	100.0	-38.51	5.69	0.57	4192	0.0000	0.1222
bullhead_3_flexible_presslight_ugat_shield	REAL_TRAIN	36	192.5	100.0	-79.73	21.35	0.66	3982	0.0000	0.1333
bullhead_3_flexible_presslight_ugat_shield	REAL_TRAIN	37	145.6	100.0	-39.10	5.91	0.58	4194	0.0000	0.1065
bullhead_3_flexible_presslight_ugat_shield	REAL_TRAIN	38	165.4	100.0	-58.44	13.23	0.63	4074	0.0000	0.1222
bullhead_3_flexible_presslight_ugat_shield	REAL_TRAIN	39	147.1	100.0	-39.99	6.34	0.55	4154	0.0000	0.1102
bullhead_3_flexible_presslight_ugat_shield	REAL_TRAIN	40	150.8	100.0	-42.30	7.42	0.59	4172	0.0000	0.1194
bullhead_3_flexible_presslight_ugat_shield	REAL_TRAIN	41	148.2	100.0	-39.07	6.89	0.57	4155	0.0000	0.1167
bullhead_3_flexible_presslight_ugat_shield	REAL_TRAIN	42	145.7	100.0	-37.76	5.83	0.56	4184	0.0000	0.1148
bullhead_3_flexible_presslight_ugat_shield	REAL_TRAIN	43	146.9	100.0	-41.66	6.43	0.55	4169	0.0000	0.1065
bullhead_3_flexible_presslight_ugat_shield	REAL_TRAIN	44	151.9	100.0	-46.11	8.45	0.57	4127	0.0000	0.1269
bullhead_3_flexible_presslight_ugat_shield	REAL_TRAIN	45	159.4	100.0	-52.98	10.93	0.59	4123	0.0000	0.1185
bullhead_3_flexible_presslight_ugat_shield	REAL_TRAIN	46	192.4	100.0	-79.72	21.15	0.59	3998	0.0000	0.1519
bullhead_3_flexible_presslight_ugat_shield	REAL_TRAIN	47	183.9	100.0	-68.80	18.13	0.59	3976	0.0000	0.1389
bullhead_3_flexible_presslight_ugat_shield	REAL_TRAIN	48	187.7	100.0	-67.90	18.83	0.57	3919	0.0000	0.1463
bullhead_3_flexible_presslight_ugat_shield	REAL_TRAIN	49	193.5	100.0	-77.44	20.14	0.54	3540	0.0000	0.1278
bullhead_3_flexible_presslight_ugat_shield	REAL_TRAIN	50	151.4	100.0	-43.33	7.56	0.53	4133	0.0000	0.1222
bullhead_3_flexible_presslight_ugat_shield	REAL_TRAIN	51	146.0	100.0	-37.69	5.75	0.52	4188	0.0000	0.1000
bullhead_3_flexible_presslight_ugat_shield	REAL_TRAIN	52	212.9	100.0	-87.41	25.04	0.64	3475	0.0000	0.1426
bullhead_3_flexible_presslight_ugat_shield	REAL_TRAIN	53	145.4	100.0	-37.96	5.62	0.52	4195	0.0000	0.0935
bullhead_3_flexible_presslight_ugat_shield	REAL_TRAIN	54	145.1	100.0	-39.08	5.69	0.53	4191	0.0000	0.1157
bullhead_3_flexible_presslight_ugat_shield	REAL_TRAIN	55	151.4	100.0	-45.69	8.25	0.57	4182	0.0000	0.1269
bullhead_3_flexible_presslight_ugat_shield	REAL_TRAIN	56	145.2	100.0	-37.34	5.55	0.53	4182	0.0000	0.1046
bullhead_3_flexible_presslight_ugat_shield	REAL_TRAIN	57	145.2	100.0	-38.20	5.50	0.54	4189	0.0000	0.1130
bullhead_3_flexible_presslight_ugat_shield	REAL_TRAIN	58	144.2	100.0	-36.76	5.15	0.53	4196	0.0000	0.1157
bullhead_3_flexible_presslight_ugat_shield	REAL_TRAIN	59	355.3	100.0	-62.58	48.29	0.55	2981	0.0000	0.1463
bullhead_3_flexible_presslight_ugat_shield	REAL_TRAIN	60	145.6	100.0	-36.86	5.59	0.52	4198	0.0000	0.1185
bullhead_3_flexible_presslight_ugat_shield	REAL_TRAIN	61	144.9	100.0	-37.45	5.48	0.52	4188	0.0000	0.1287
bullhead_3_flexible_presslight_ugat_shield	REAL_TRAIN	62	145.7	100.0	-37.53	5.55	0.52	4195	0.0000	0.1241
bullhead_3_flexible_presslight_ugat_shield	REAL_TRAIN	63	148.5	100.0	-38.97	6.56	0.51	4100	0.0000	0.1056
bullhead_3_flexible_presslight_ugat_shield	REAL_TRAIN	64	526.4	100.0	-76.36	75.63	0.58	2582	0.0000	0.1574
bullhead_3_flexible_presslight_ugat_shield	REAL_TRAIN	65	301.6	100.0	-55.41	37.51	0.54	3217	0.0000	0.1306
bullhead_3_flexible_presslight_ugat_shield	REAL_TRAIN	66	284.9	100.0	-55.20	34.57	0.54	3274	0.0000	0.1296
bullhead_3_flexible_presslight_ugat_shield	REAL_TRAIN	67	147.2	100.0	-35.61	5.56	0.51	4211	0.0000	0.0759
bullhead_3_flexible_presslight_ugat_shield	REAL_TRAIN	68	148.9	100.0	-38.03	6.39	0.53	4196	0.0000	0.1167
bullhead_3_flexible_presslight_ugat_shield	REAL_TRAIN	69	146.8	100.0	-36.93	5.84	0.53	4182	0.0000	0.1231
bullhead_3_flexible_presslight_ugat_shield	REAL_TRAIN	70	145.7	100.0	-36.92	5.45	0.52	4194	0.0000	0.0954
bullhead_3_flexible_presslight_ugat_shield	REAL_TRAIN	71	572.7	100.0	-89.03	86.19	0.59	2476	0.0000	0.1574
bullhead_3_flexible_presslight_ugat_shield	REAL_TRAIN	72	145.1	100.0	-37.87	5.44	0.53	4185	0.0000	0.1306
bullhead_3_flexible_presslight_ugat_shield	REAL_TRAIN	73	656.5	100.0	-105.40	99.28	0.61	2341	0.0000	0.1639
bullhead_3_flexible_presslight_ugat_shield	REAL_TRAIN	74	148.6	100.0	-39.41	6.43	0.51	4198	0.0000	0.1130
bullhead_3_flexible_presslight_ugat_shield	REAL_TRAIN	75	146.6	100.0	-38.14	5.84	0.51	4185	0.0000	0.1241
bullhead_3_flexible_presslight_ugat_shield	REAL_TRAIN	76	146.5	100.0	-37.46	5.78	0.52	4184	0.0000	0.1157
bullhead_3_flexible_presslight_ugat_shield	REAL_TRAIN	77	476.2	100.0	-97.03	71.19	0.63	2582	0.0000	0.1639
bullhead_3_flexible_presslight_ugat_shield	REAL_TRAIN	78	150.0	100.0	-40.04	6.88	0.53	4195	0.0000	0.1315
bullhead_3_flexible_presslight_ugat_shield	REAL_TRAIN	79	730.3	100.0	-124.35	110.40	0.67	2187	0.0000	0.1667
bullhead_3_flexible_presslight_ugat_shield	REAL_TRAIN	80	249.7	100.0	-85.12	31.37	0.64	3442	0.0000	0.1500
bullhead_3_flexible_presslight_ugat_shield	REAL_TRAIN	81	235.6	100.0	-53.84	25.91	0.57	3493	0.0000	0.1481
bullhead_3_flexible_presslight_ugat_shield	REAL_TRAIN	82	149.1	100.0	-39.20	6.61	0.53	4199	0.0000	0.1287
bullhead_3_flexible_presslight_ugat_shield	REAL_TRAIN	83	148.1	100.0	-38.68	6.19	0.53	4191	0.0000	0.1324
bullhead_3_flexible_presslight_ugat_shield	REAL_TRAIN	84	144.5	100.0	-36.16	5.09	0.51	4196	0.0000	0.1278
bullhead_3_flexible_presslight_ugat_shield	REAL_TRAIN	85	147.8	100.0	-37.39	6.13	0.52	4186	0.0000	0.1204
bullhead_3_flexible_presslight_ugat_shield	REAL_TRAIN	86	148.5	100.0	-38.61	6.39	0.54	4194	0.0000	0.1250
bullhead_3_flexible_presslight_ugat_shield	REAL_TRAIN	87	147.4	100.0	-38.34	6.07	0.52	4179	0.0000	0.1278
bullhead_3_flexible_presslight_ugat_shield	REAL_TRAIN	88	146.9	100.0	-38.73	6.02	0.52	4187	0.0000	0.1250
bullhead_3_flexible_presslight_ugat_shield	REAL_TRAIN	89	148.8	100.0	-38.47	6.45	0.52	4201	0.0000	0.1102
bullhead_3_flexible_presslight_ugat_shield	REAL_TRAIN	90	148.1	100.0	-39.50	6.43	0.54	4180	0.0000	0.1306
bullhead_3_flexible_presslight_ugat_shield	REAL_TRAIN	91	147.9	100.0	-39.96	6.54	0.52	4173	0.0000	0.1250
bullhead_3_flexible_presslight_ugat_shield	REAL_TRAIN	92	147.1	100.0	-39.18	6.22	0.53	4179	0.0000	0.1278
bullhead_3_flexible_presslight_ugat_shield	REAL_TRAIN	93	148.3	100.0	-38.84	6.49	0.53	4168	0.0000	0.1250
bullhead_3_flexible_presslight_ugat_shield	REAL_TRAIN	94	148.1	100.0	-39.85	6.56	0.54	4184	0.0000	0.1204
bullhead_3_flexible_presslight_ugat_shield	REAL_TRAIN	95	148.3	100.0	-39.43	6.65	0.53	4174	0.0000	0.1333
bullhead_3_flexible_presslight_ugat_shield	REAL_TRAIN	96	147.6	100.0	-39.36	6.34	0.54	4182	0.0000	0.1315
bullhead_3_flexible_presslight_ugat_shield	REAL_TRAIN	97	147.6	100.0	-38.69	6.24	0.52	4191	0.0000	0.1194
bullhead_3_flexible_presslight_ugat_shield	REAL_TRAIN	98	149.1	100.0	-40.28	6.90	0.53	4191	0.0000	0.1231
bullhead_3_flexible_presslight_ugat_shield	REAL_TRAIN	99	147.6	100.0	-38.97	6.29	0.54	4186	0.0000	0.1269
