bullhead_3_sensor5_dqn_latent_observation	REAL_TEST	2	1266.7	100.0	-780.48	180.72	0.54	1174
bullhead_3_sensor5_dqn_latent_observation	REAL_TEST	4	265.8	100.0	-221.61	51.10	0.79	3665
bullhead_3_sensor5_dqn_latent_observation	REAL_TEST	6	395.8	100.0	-455.53	102.11	0.78	3317
bullhead_3_sensor5_dqn_latent_observation	REAL_TEST	8	233.7	100.0	-157.05	34.97	0.74	3843
bullhead_3_sensor5_dqn_latent_observation	REAL_TEST	10	718.4	100.0	-542.61	128.07	0.68	1880
bullhead_3_sensor5_dqn_latent_observation	REAL_TEST	12	532.2	100.0	-405.98	97.31	0.63	2430
bullhead_3_sensor5_dqn_latent_observation	REAL_TEST	14	581.1	100.0	-471.35	111.45	0.70	2319
bullhead_3_sensor5_dqn_latent_observation	REAL_TEST	16	600.5	100.0	-464.55	112.41	0.68	2338
bullhead_3_sensor5_dqn_latent_observation	REAL_TEST	18	624.6	100.0	-496.99	119.17	0.68	2237
bullhead_3_sensor5_dqn_latent_observation	REAL_TEST	20	965.0	100.0	-802.26	191.00	0.66	1566
bullhead_3_sensor5_dqn_latent_observation	REAL_TEST	22	449.1	100.0	-340.91	83.50	0.65	2751
bullhead_3_sensor5_dqn_latent_observation	REAL_TEST	24	647.6	100.0	-499.03	117.31	0.66	2175
bullhead_3_sensor5_dqn_latent_observation	REAL_TEST	26	206.7	100.0	-99.53	25.62	0.61	3958
bullhead_3_sensor5_dqn_latent_observation	REAL_TEST	28	193.3	100.0	-98.20	23.47	0.62	4012
bullhead_3_sensor5_dqn_latent_observation	REAL_TEST	30	301.9	100.0	-172.42	43.44	0.66	3455
bullhead_3_sensor5_dqn_latent_observation	REAL_TEST	32	172.2	100.0	-70.27	16.32	0.64	4096
bullhead_3_sensor5_dqn_latent_observation	REAL_TEST	34	177.4	100.0	-83.98	19.20	0.70	4081
bullhead_3_sensor5_dqn_latent_observation	REAL_TEST	36	338.8	100.0	-183.70	44.84	0.66	3285
bullhead_3_sensor5_dqn_latent_observation	REAL_TEST	38	325.4	100.0	-128.31	29.78	0.62	3378
bullhead_3_sensor5_dqn_latent_observation	REAL_TEST	40	256.3	100.0	-125.13	30.77	0.60	3737
bullhead_3_sensor5_dqn_latent_observation	REAL_TEST	42	912.9	100.0	-580.63	156.12	0.74	1586
bullhead_3_sensor5_dqn_latent_observation	REAL_TEST	44	524.1	100.0	-263.27	73.98	0.62	2800
bullhead_3_sensor5_dqn_latent_observation	REAL_TEST	46	365.5	100.0	-197.91	53.43	0.63	2895
bullhead_3_sensor5_dqn_latent_observation	REAL_TEST	48	572.6	100.0	-308.21	85.92	0.65	2387
bullhead_3_sensor5_dqn_latent_observation	REAL_TEST	50	723.8	100.0	-381.33	104.83	0.63	1913
bullhead_3_sensor5_dqn_latent_observation	REAL_TEST	52	372.6	100.0	-197.13	52.29	0.72	3163
bullhead_3_sensor5_dqn_latent_observation	REAL_TEST	54	310.2	100.0	-164.16	41.46	0.67	3413
bullhead_3_sensor5_dqn_latent_observation	REAL_TEST	56	339.2	100.0	-170.25	43.53	0.63	3308
bullhead_3_sensor5_dqn_latent_observation	REAL_TEST	58	326.4	100.0	-167.08	39.76	0.63	3420
bullhead_3_sensor5_dqn_latent_observation	REAL_TEST	60	260.4	100.0	-137.73	34.74	0.69	3770
bullhead_3_sensor5_dqn_latent_observation	REAL_TEST	62	258.0	100.0	-124.61	30.70	0.59	3771
bullhead_3_sensor5_dqn_latent_observation	REAL_TEST	64	169.4	100.0	-67.53	15.32	0.61	4136
bullhead_3_sensor5_dqn_latent_observation	REAL_TEST	66	177.1	100.0	-64.22	15.41	0.59	4092
bullhead_3_sensor5_dqn_latent_observation	REAL_TEST	68	301.9	100.0	-152.30	39.41	0.63	3371
bullhead_3_sensor5_dqn_latent_observation	REAL_TEST	70	215.8	100.0	-108.66	25.73	0.60	3670
bullhead_3_sensor5_dqn_latent_observation	REAL_TEST	72	330.2	100.0	-129.92	35.74	0.56	3292
bullhead_3_sensor5_dqn_latent_observation	REAL_TEST	74	353.0	100.0	-169.71	41.36	0.62	3358
bullhead_3_sensor5_dqn_latent_observation	REAL_TEST	76	473.9	100.0	-206.64	58.65	0.60	3035
bullhead_3_sensor5_dqn_latent_observation	REAL_TEST	78	378.1	100.0	-186.07	51.23	0.64	3238
bullhead_3_sensor5_dqn_latent_observation	REAL_TEST	80	737.9	100.0	-369.04	105.00	0.72	2081
bullhead_3_sensor5_dqn_latent_observation	REAL_TEST	82	687.4	100.0	-373.06	105.30	0.70	2105
bullhead_3_sensor5_dqn_latent_observation	REAL_TEST	84	550.1	100.0	-335.06	92.32	0.74	2696
bullhead_3_sensor5_dqn_latent_observation	REAL_TEST	86	721.4	100.0	-355.05	98.67	0.65	2154
bullhead_3_sensor5_dqn_latent_observation	REAL_TEST	88	525.0	100.0	-295.53	84.73	0.70	2860
bullhead_3_sensor5_dqn_latent_observation	REAL_TEST	90	602.9	100.0	-320.75	89.96	0.72	2382
bullhead_3_sensor5_dqn_latent_observation	REAL_TEST	92	721.5	100.0	-378.35	106.52	0.70	2060
bullhead_3_sensor5_dqn_latent_observation	REAL_TEST	94	163.8	100.0	-49.68	12.90	0.59	4147
bullhead_3_sensor5_dqn_latent_observation	REAL_TEST	96	684.5	100.0	-336.26	98.87	0.52	2226
bullhead_3_sensor5_dqn_latent_observation	REAL_TEST	98	714.7	100.0	-317.84	93.58	0.62	2191
bullhead_3_sensor5_dqn_latent_observation	REAL_TEST	100	963.7	100.0	-514.70	141.61	0.62	1486
bullhead_3_sensor5_dqn_latent_observation	REAL_TEST	102	798.4	100.0	-356.88	101.73	0.57	1960
bullhead_3_sensor5_dqn_latent_observation	REAL_TEST	104	774.4	100.0	-418.93	116.45	0.69	2040
bullhead_3_sensor5_dqn_latent_observation	REAL_TEST	106	810.8	100.0	-439.05	121.94	0.70	1932
bullhead_3_sensor5_dqn_latent_observation	REAL_TEST	108	747.7	100.0	-340.50	99.06	0.57	2214
bullhead_3_sensor5_dqn_latent_observation	REAL_TEST	110	748.7	100.0	-361.19	102.89	0.66	2093
bullhead_3_sensor5_dqn_latent_observation	REAL_TEST	112	830.1	100.0	-556.13	150.27	0.69	1788
bullhead_3_sensor5_dqn_latent_observation	REAL_TEST	114	918.7	100.0	-587.23	158.55	0.74	1548
bullhead_3_sensor5_dqn_latent_observation	REAL_TEST	116	711.0	100.0	-363.95	92.29	0.74	1929
bullhead_3_sensor5_dqn_latent_observation	REAL_TEST	118	348.9	100.0	-178.35	47.43	0.69	3106
bullhead_3_sensor5_dqn_latent_observation	REAL_TEST	120	910.2	100.0	-555.62	148.94	0.72	1557
bullhead_3_sensor5_dqn_latent_observation	REAL_TEST	122	328.5	100.0	-171.46	45.22	0.67	3191
bullhead_3_sensor5_dqn_latent_observation	REAL_TEST	124	812.7	100.0	-400.06	108.44	0.68	1923
bullhead_3_sensor5_dqn_latent_observation	REAL_TEST	126	584.7	100.0	-451.87	121.76	0.63	2243
bullhead_3_sensor5_dqn_latent_observation	REAL_TEST	128	474.0	100.0	-236.30	66.02	0.65	2635
bullhead_3_sensor5_dqn_latent_observation	REAL_TEST	130	306.0	100.0	-165.52	44.39	0.69	3587
bullhead_3_sensor5_dqn_latent_observation	REAL_TEST	132	319.2	100.0	-154.46	37.81	0.67	3573
bullhead_3_sensor5_dqn_latent_observation	REAL_TEST	134	188.8	100.0	-96.40	22.50	0.62	3991
bullhead_3_sensor5_dqn_latent_observation	REAL_TEST	136	279.3	100.0	-162.10	40.25	0.57	3249
bullhead_3_sensor5_dqn_latent_observation	REAL_TEST	138	200.6	100.0	-107.76	25.92	0.64	3952
bullhead_3_sensor5_dqn_latent_observation	REAL_TEST	140	190.7	100.0	-94.63	21.27	0.60	4012
bullhead_3_sensor5_dqn_latent_observation	REAL_TEST	142	185.1	100.0	-78.57	17.64	0.56	3998
bullhead_3_sensor5_dqn_latent_observation	REAL_TEST	144	284.5	100.0	-137.01	35.17	0.64	3517
bullhead_3_sensor5_dqn_latent_observation	REAL_TEST	146	255.0	100.0	-130.29	34.25	0.58	3552
bullhead_3_sensor5_dqn_latent_observation	REAL_TEST	148	195.5	100.0	-99.48	24.57	0.62	3951
bullhead_3_sensor5_dqn_latent_observation	REAL_TEST	150	202.0	100.0	-111.35	27.63	0.65	3935
bullhead_3_sensor5_dqn_latent_observation	REAL_TEST	152	182.1	100.0	-82.85	19.39	0.58	4019
bullhead_3_sensor5_dqn_latent_observation	REAL_TEST	154	194.8	100.0	-103.24	25.01	0.66	3959
bullhead_3_sensor5_dqn_latent_observation	REAL_TEST	156	228.8	100.0	-90.75	16.61	0.50	3885
bullhead_3_sensor5_dqn_latent_observation	REAL_TEST	158	301.5	100.0	-172.83	44.08	0.73	3290
bullhead_3_sensor5_dqn_latent_observation	REAL_TEST	160	197.1	100.0	-63.16	14.33	0.53	3924
bullhead_3_sensor5_dqn_latent_observation	REAL_TEST	162	265.4	100.0	-104.40	26.40	0.54	3310
bullhead_3_sensor5_dqn_latent_observation	REAL_TEST	164	344.5	100.0	-195.94	47.37	0.69	2980
bullhead_3_sensor5_dqn_latent_observation	REAL_TEST	166	276.9	100.0	-157.39	39.39	0.71	3392
bullhead_3_sensor5_dqn_latent_observation	REAL_TEST	168	421.6	100.0	-236.14	63.53	0.72	2681
bullhead_3_sensor5_dqn_latent_observation	REAL_TEST	170	271.0	100.0	-157.86	39.09	0.71	3385
bullhead_3_sensor5_dqn_latent_observation	REAL_TEST	172	194.2	100.0	-94.07	18.98	0.58	4024
bullhead_3_sensor5_dqn_latent_observation	REAL_TEST	174	549.2	100.0	-312.27	86.28	0.79	2436
bullhead_3_sensor5_dqn_latent_observation	REAL_TEST	176	541.4	100.0	-320.78	88.92	0.70	2353
bullhead_3_sensor5_dqn_latent_observation	REAL_TEST	178	471.7	100.0	-269.74	73.43	0.76	2635
bullhead_3_sensor5_dqn_latent_observation	REAL_TEST	180	419.8	100.0	-80.65	14.53	0.50	3415
bullhead_3_sensor5_dqn_latent_observation	REAL_TEST	182	192.6	100.0	-102.26	24.39	0.69	3957
bullhead_3_sensor5_dqn_latent_observation	REAL_TEST	184	424.3	100.0	-228.95	63.53	0.67	2680
bullhead_3_sensor5_dqn_latent_observation	REAL_TEST	186	190.5	100.0	-60.74	10.86	0.57	4090
bullhead_3_sensor5_dqn_latent_observation	REAL_TEST	188	501.3	100.0	-208.86	54.94	0.69	2615
bullhead_3_sensor5_dqn_latent_observation	REAL_TEST	190	183.3	100.0	-87.83	20.23	0.63	4026
bullhead_3_sensor5_dqn_latent_observation	REAL_TEST	192	177.2	100.0	-77.89	17.46	0.60	4019
bullhead_3_sensor5_dqn_latent_observation	REAL_TEST	194	157.9	100.0	-46.38	10.19	0.60	4118
bullhead_3_sensor5_dqn_latent_observation	REAL_TEST	196	176.8	100.0	-77.81	17.17	0.60	4018
bullhead_3_sensor5_dqn_latent_observation	REAL_TEST	198	198.0	100.0	-107.56	26.06	0.67	3954
