bullhead_3_combine2_dqn_latent_observation	REAL_TEST	2	513.4	100.0	-528.25	115.56	1.25	2658
bullhead_3_combine2_dqn_latent_observation	REAL_TEST	4	241.5	100.0	-185.12	41.52	1.58	3712
bullhead_3_combine2_dqn_latent_observation	REAL_TEST	6	384.4	100.0	-315.45	71.59	1.52	3362
bullhead_3_combine2_dqn_latent_observation	REAL_TEST	8	794.9	100.0	-494.69	125.40	1.54	2151
bullhead_3_combine2_dqn_latent_observation	REAL_TEST	10	760.3	100.0	-413.87	119.85	1.31	2126
bullhead_3_combine2_dqn_latent_observation	REAL_TEST	12	1357.9	100.0	-923.04	232.17	1.36	1082
bullhead_3_combine2_dqn_latent_observation	REAL_TEST	14	627.3	100.0	-524.86	125.12	1.52	2809
bullhead_3_combine2_dqn_latent_observation	REAL_TEST	16	668.9	100.0	-553.86	128.77	1.32	2496
bullhead_3_combine2_dqn_latent_observation	REAL_TEST	18	1328.9	100.0	-938.27	237.69	1.46	1219
bullhead_3_combine2_dqn_latent_observation	REAL_TEST	20	870.1	100.0	-691.94	180.20	1.37	2145
bullhead_3_combine2_dqn_latent_observation	REAL_TEST	22	1326.2	100.0	-834.46	224.03	1.40	1208
bullhead_3_combine2_dqn_latent_observation	REAL_TEST	24	1624.2	100.0	-1009.41	256.80	1.52	787
bullhead_3_combine2_dqn_latent_observation	REAL_TEST	26	940.0	100.0	-496.78	132.82	1.37	2136
bullhead_3_combine2_dqn_latent_observation	REAL_TEST	28	883.1	100.0	-578.21	152.61	1.40	2168
bullhead_3_combine2_dqn_latent_observation	REAL_TEST	30	888.8	100.0	-509.61	139.25	1.38	1885
bullhead_3_combine2_dqn_latent_observation	REAL_TEST	32	316.4	100.0	-167.39	50.34	1.53	3860
bullhead_3_combine2_dqn_latent_observation	REAL_TEST	34	1190.2	100.0	-631.25	176.77	1.60	1378
bullhead_3_combine2_dqn_latent_observation	REAL_TEST	36	1013.3	100.0	-529.23	145.47	1.40	1604
bullhead_3_combine2_dqn_latent_observation	REAL_TEST	38	1184.1	100.0	-704.47	184.68	1.40	1286
bullhead_3_combine2_dqn_latent_observation	REAL_TEST	40	888.0	100.0	-548.11	146.57	1.48	2072
bullhead_3_combine2_dqn_latent_observation	REAL_TEST	42	1012.4	100.0	-638.29	175.76	1.48	2016
bullhead_3_combine2_dqn_latent_observation	REAL_TEST	44	1159.4	100.0	-685.34	180.64	1.42	1325
bullhead_3_combine2_dqn_latent_observation	REAL_TEST	46	460.5	100.0	-281.83	79.15	1.42	3301
bullhead_3_combine2_dqn_latent_observation	REAL_TEST	48	650.8	100.0	-426.78	113.91	1.47	2692
bullhead_3_combine2_dqn_latent_observation	REAL_TEST	50	919.8	100.0	-336.70	91.92	1.22	2227
bullhead_3_combine2_dqn_latent_observation	REAL_TEST	52	1137.2	100.0	-811.56	211.87	1.45	1646
bullhead_3_combine2_dqn_latent_observation	REAL_TEST	54	470.5	100.0	-438.88	107.43	1.54	3290
bullhead_3_combine2_dqn_latent_observation	REAL_TEST	56	742.5	100.0	-557.53	144.16	1.48	2349
bullhead_3_combine2_dqn_latent_observation	REAL_TEST	58	541.5	100.0	-465.02	113.89	1.34	2850
bullhead_3_combine2_dqn_latent_observation	REAL_TEST	60	563.9	100.0	-394.24	101.88	1.28	3035
bullhead_3_combine2_dqn_latent_observation	REAL_TEST	62	919.2	100.0	-724.37	187.26	1.40	2414
bullhead_3_combine2_dqn_latent_observation	REAL_TEST	64	386.8	100.0	-472.90	108.03	1.34	3592
bullhead_3_combine2_dqn_latent_observation	REAL_TEST	66	653.3	100.0	-461.84	117.09	1.46	2812
bullhead_3_combine2_dqn_latent_observation	REAL_TEST	68	872.1	100.0	-617.37	170.46	1.50	2028
bullhead_3_combine2_dqn_latent_observation	REAL_TEST	70	1089.3	100.0	-761.72	197.25	1.36	1681
bullhead_3_combine2_dqn_latent_observation	REAL_TEST	72	663.6	100.0	-535.56	141.58	1.37	2726
bullhead_3_combine2_dqn_latent_observation	REAL_TEST	74	756.0	100.0	-373.94	107.39	1.42	2863
bullhead_3_combine2_dqn_latent_observation	REAL_TEST	76	1532.0	100.0	-659.41	176.43	1.13	1321
bullhead_3_combine2_dqn_latent_observation	REAL_TEST	78	519.3	100.0	-302.99	78.60	1.40	3347
bullhead_3_combine2_dqn_latent_observation	REAL_TEST	80	552.9	100.0	-335.66	87.51	1.47	3229
bullhead_3_combine2_dqn_latent_observation	REAL_TEST	82	293.2	100.0	-252.49	60.66	1.26	3766
bullhead_3_combine2_dqn_latent_observation	REAL_TEST	84	192.9	100.0	-109.56	27.49	1.38	4093
bullhead_3_combine2_dqn_latent_observation	REAL_TEST	86	690.8	100.0	-489.00	129.24	1.30	2724
bullhead_3_combine2_dqn_latent_observation	REAL_TEST	88	612.1	100.0	-442.28	115.65	1.40	2756
bullhead_3_combine2_dqn_latent_observation	REAL_TEST	90	445.7	100.0	-249.33	70.33	1.37	3185
bullhead_3_combine2_dqn_latent_observation	REAL_TEST	92	491.9	100.0	-359.95	89.83	1.38	3097
bullhead_3_combine2_dqn_latent_observation	REAL_TEST	94	174.4	100.0	-72.96	18.21	1.27	4137
bullhead_3_combine2_dqn_latent_observation	REAL_TEST	96	610.9	100.0	-404.33	112.11	1.26	2817
bullhead_3_combine2_dqn_latent_observation	REAL_TEST	98	897.6	100.0	-512.73	140.81	1.22	2150
bullhead_3_combine2_dqn_latent_observation	REAL_TEST	100	546.3	100.0	-333.46	92.74	1.27	3035
bullhead_3_combine2_dqn_latent_observation	REAL_TEST	102	413.6	100.0	-177.46	51.27	1.26	3352
bullhead_3_combine2_dqn_latent_observation	REAL_TEST	104	328.0	100.0	-173.73	49.25	1.41	3565
bullhead_3_combine2_dqn_latent_observation	REAL_TEST	106	442.6	100.0	-239.32	68.73	1.46	3012
bullhead_3_combine2_dqn_latent_observation	REAL_TEST	108	234.5	100.0	-137.07	34.89	1.11	3819
bullhead_3_combine2_dqn_latent_observation	REAL_TEST	110	424.0	100.0	-215.28	61.83	1.32	3185
bullhead_3_combine2_dqn_latent_observation	REAL_TEST	112	486.1	100.0	-212.73	62.05	1.12	3051
bullhead_3_combine2_dqn_latent_observation	REAL_TEST	114	359.8	100.0	-186.77	53.38	1.35	3346
bullhead_3_combine2_dqn_latent_observation	REAL_TEST	116	496.2	100.0	-253.63	68.31	1.37	3011
bullhead_3_combine2_dqn_latent_observation	REAL_TEST	118	542.8	100.0	-297.37	88.18	1.42	2931
bullhead_3_combine2_dqn_latent_observation	REAL_TEST	120	427.2	100.0	-235.84	68.85	1.41	3166
bullhead_3_combine2_dqn_latent_observation	REAL_TEST	122	392.3	100.0	-204.51	58.59	1.45	3245
bullhead_3_combine2_dqn_latent_observation	REAL_TEST	124	575.8	100.0	-246.34	71.81	1.41	2689
bullhead_3_combine2_dqn_latent_observation	REAL_TEST	126	552.6	100.0	-247.86	74.19	1.30	2627
bullhead_3_combine2_dqn_latent_observation	REAL_TEST	128	603.3	100.0	-279.99	82.50	1.37	2570
bullhead_3_combine2_dqn_latent_observation	REAL_TEST	130	446.3	100.0	-236.45	68.96	1.48	3023
bullhead_3_combine2_dqn_latent_observation	REAL_TEST	132	454.5	100.0	-192.16	54.00	1.41	3042
bullhead_3_combine2_dqn_latent_observation	REAL_TEST	134	665.3	100.0	-299.93	82.84	1.20	2634
bullhead_3_combine2_dqn_latent_observation	REAL_TEST	136	628.2	100.0	-295.04	77.68	1.15	2811
bullhead_3_combine2_dqn_latent_observation	REAL_TEST	138	394.4	100.0	-214.16	60.29	1.38	3295
bullhead_3_combine2_dqn_latent_observation	REAL_TEST	140	460.5	100.0	-208.01	58.66	1.34	3038
bullhead_3_combine2_dqn_latent_observation	REAL_TEST	142	422.7	100.0	-209.58	59.68	1.39	3246
bullhead_3_combine2_dqn_latent_observation	REAL_TEST	144	450.7	100.0	-217.13	60.14	1.32	3076
bullhead_3_combine2_dqn_latent_observation	REAL_TEST	146	533.4	100.0	-294.69	88.07	1.24	2892
bullhead_3_combine2_dqn_latent_observation	REAL_TEST	148	570.7	100.0	-342.09	93.72	1.35	2987
bullhead_3_combine2_dqn_latent_observation	REAL_TEST	150	267.2	100.0	-129.36	34.05	1.22	3792
bullhead_3_combine2_dqn_latent_observation	REAL_TEST	152	456.7	100.0	-252.60	71.44	1.28	3256
bullhead_3_combine2_dqn_latent_observation	REAL_TEST	154	423.4	100.0	-265.52	69.05	1.47	3558
bullhead_3_combine2_dqn_latent_observation	REAL_TEST	156	419.1	100.0	-169.90	49.36	1.18	3252
bullhead_3_combine2_dqn_latent_observation	REAL_TEST	158	483.6	100.0	-241.81	70.77	1.38	2926
bullhead_3_combine2_dqn_latent_observation	REAL_TEST	160	682.3	100.0	-184.47	53.97	1.26	2377
bullhead_3_combine2_dqn_latent_observation	REAL_TEST	162	680.4	100.0	-319.05	95.05	1.26	2357
bullhead_3_combine2_dqn_latent_observation	REAL_TEST	164	568.6	100.0	-292.54	85.94	1.38	2670
bullhead_3_combine2_dqn_latent_observation	REAL_TEST	166	674.1	100.0	-319.86	93.60	1.33	2429
bullhead_3_combine2_dqn_latent_observation	REAL_TEST	168	463.2	100.0	-240.78	70.45	1.42	3026
bullhead_3_combine2_dqn_latent_observation	REAL_TEST	170	612.4	100.0	-311.38	90.73	1.40	2681
bullhead_3_combine2_dqn_latent_observation	REAL_TEST	172	605.7	100.0	-328.97	95.55	1.31	2631
bullhead_3_combine2_dqn_latent_observation	REAL_TEST	174	622.6	100.0	-276.36	77.13	1.38	2640
bullhead_3_combine2_dqn_latent_observation	REAL_TEST	176	562.8	100.0	-273.62	77.71	1.40	2931
bullhead_3_combine2_dqn_latent_observation	REAL_TEST	178	669.2	100.0	-353.69	106.25	1.42	2423
bullhead_3_combine2_dqn_latent_observation	REAL_TEST	180	625.4	100.0	-266.96	79.73	1.26	2657
bullhead_3_combine2_dqn_latent_observation	REAL_TEST	182	718.3	100.0	-543.15	141.46	1.41	2427
bullhead_3_combine2_dqn_latent_observation	REAL_TEST	184	691.9	100.0	-355.69	101.17	1.36	2491
bullhead_3_combine2_dqn_latent_observation	REAL_TEST	186	462.4	100.0	-336.23	85.85	1.16	3132
bullhead_3_combine2_dqn_latent_observation	REAL_TEST	188	509.9	100.0	-251.29	65.95	1.37	3333
bullhead_3_combine2_dqn_latent_observation	REAL_TEST	190	578.5	100.0	-513.99	128.64	1.39	2896
bullhead_3_combine2_dqn_latent_observation	REAL_TEST	192	516.2	100.0	-293.64	89.64	1.28	2923
bullhead_3_combine2_dqn_latent_observation	REAL_TEST	194	570.8	100.0	-344.59	98.94	1.31	2865
bullhead_3_combine2_dqn_latent_observation	REAL_TEST	196	340.8	100.0	-188.88	48.58	1.46	3794
bullhead_3_combine2_dqn_latent_observation	REAL_TEST	198	808.7	100.0	-577.02	146.47	1.49	2538
