tempe_1x1_setting4_dqn_prlight	REAL_TEST	3	466.3	100.0	-115.96	185.71	0.70	1421	0.0000	0.0000
tempe_1x1_setting4_dqn_prlight	REAL_TEST	6	514.0	100.0	-136.52	204.16	0.70	1732	0.0000	0.0000
tempe_1x1_setting4_dqn_prlight	REAL_TEST	9	302.9	100.0	-56.34	91.49	0.64	1658	0.0000	0.0000
tempe_1x1_setting4_dqn_prlight	REAL_TEST	12	293.7	100.0	-55.02	84.91	0.64	1731	0.0000	0.0000
tempe_1x1_setting4_dqn_prlight	REAL_TEST	15	326.6	100.0	-67.50	107.11	0.65	1533	0.0000	0.0000
tempe_1x1_setting4_dqn_prlight	REAL_TEST	18	303.0	100.0	-56.95	90.05	0.64	1763	0.0000	0.0000
tempe_1x1_setting4_dqn_prlight	REAL_TEST	21	331.7	100.0	-64.54	105.30	0.65	1738	0.0000	0.0000
tempe_1x1_setting4_dqn_prlight	REAL_TEST	24	361.5	100.0	-78.33	124.30	0.67	1594	0.0000	0.0000
tempe_1x1_setting4_dqn_prlight	REAL_TEST	27	321.3	100.0	-64.88	98.87	0.64	1785	0.0000	0.0000
tempe_1x1_setting4_dqn_prlight	REAL_TEST	30	399.7	100.0	-95.23	142.22	0.65	1746	0.0000	0.0000
tempe_1x1_setting4_dqn_prlight	REAL_TEST	33	578.9	100.0	-157.12	232.65	0.68	1313	0.0000	0.0000
tempe_1x1_setting4_dqn_prlight	REAL_TEST	36	290.5	100.0	-52.47	82.52	0.63	1742	0.0000	0.0000
tempe_1x1_setting4_dqn_prlight	REAL_TEST	39	334.4	100.0	-70.17	105.65	0.64	1801	0.0000	0.0000
tempe_1x1_setting4_dqn_prlight	REAL_TEST	42	313.4	100.0	-62.62	95.29	0.64	1774	0.0000	0.0000
tempe_1x1_setting4_dqn_prlight	REAL_TEST	45	264.6	100.0	-44.07	68.62	0.63	1773	0.0000	0.0000
tempe_1x1_setting4_dqn_prlight	REAL_TEST	48	274.3	100.0	-47.80	74.43	0.62	1758	0.0000	0.0000
tempe_1x1_setting4_dqn_prlight	REAL_TEST	51	264.9	100.0	-44.65	70.07	0.62	1738	0.0000	0.0000
tempe_1x1_setting4_dqn_prlight	REAL_TEST	54	281.1	100.0	-48.81	77.73	0.64	1766	0.0000	0.0000
tempe_1x1_setting4_dqn_prlight	REAL_TEST	57	272.2	100.0	-44.53	72.02	0.63	1795	0.0000	0.0000
tempe_1x1_setting4_dqn_prlight	REAL_TEST	60	262.1	100.0	-43.34	69.79	0.63	1679	0.0000	0.0000
tempe_1x1_setting4_dqn_prlight	REAL_TEST	63	330.6	100.0	-66.87	105.27	0.65	1713	0.0000	0.0000
tempe_1x1_setting4_dqn_prlight	REAL_TEST	66	281.9	100.0	-50.80	78.18	0.63	1763	0.0000	0.0000
tempe_1x1_setting4_dqn_prlight	REAL_TEST	69	312.7	100.0	-63.28	94.47	0.63	1793	0.0000	0.0000
tempe_1x1_setting4_dqn_prlight	REAL_TEST	72	327.2	100.0	-67.71	101.67	0.64	1814	0.0000	0.0000
tempe_1x1_setting4_dqn_prlight	REAL_TEST	75	297.0	100.0	-57.94	86.47	0.63	1754	0.0000	0.0000
tempe_1x1_setting4_dqn_prlight	REAL_TEST	78	313.4	100.0	-64.79	96.36	0.63	1730	0.0000	0.0000
tempe_1x1_setting4_dqn_prlight	REAL_TEST	81	266.3	100.0	-45.04	71.29	0.62	1704	0.0000	0.0000
tempe_1x1_setting4_dqn_prlight	REAL_TEST	84	268.1	100.0	-45.84	70.01	0.64	1805	0.0000	0.0000
tempe_1x1_setting4_dqn_prlight	REAL_TEST	87	296.4	100.0	-56.77	86.24	0.64	1722	0.0000	0.0000
tempe_1x1_setting4_dqn_prlight	REAL_TEST	90	268.0	100.0	-45.21	70.49	0.63	1792	0.0000	0.0000
tempe_1x1_setting4_dqn_prlight	REAL_TEST	93	325.5	100.0	-68.18	101.46	0.64	1789	0.0000	0.0000
tempe_1x1_setting4_dqn_prlight	REAL_TEST	96	282.9	100.0	-51.69	78.93	0.64	1764	0.0000	0.0000
tempe_1x1_setting4_dqn_prlight	REAL_TEST	99	252.7	100.0	-40.53	64.15	0.63	1711	0.0000	0.0000
tempe_1x1_setting4_dqn_prlight	REAL_TEST	102	260.1	100.0	-41.32	66.61	0.63	1753	0.0000	0.0000
tempe_1x1_setting4_dqn_prlight	REAL_TEST	105	282.3	100.0	-49.86	78.72	0.63	1763	0.0000	0.0000
tempe_1x1_setting4_dqn_prlight	REAL_TEST	108	316.2	100.0	-66.13	101.44	0.63	1566	0.0000	0.0000
tempe_1x1_setting4_dqn_prlight	REAL_TEST	111	363.2	100.0	-82.29	127.93	0.65	1510	0.0000	0.0000
tempe_1x1_setting4_dqn_prlight	REAL_TEST	114	253.2	100.0	-39.61	62.79	0.63	1752	0.0000	0.0000
tempe_1x1_setting4_dqn_prlight	REAL_TEST	117	288.1	100.0	-51.36	80.67	0.63	1811	0.0000	0.0000
tempe_1x1_setting4_dqn_prlight	REAL_TEST	120	253.1	100.0	-39.19	62.62	0.62	1764	0.0000	0.0000
tempe_1x1_setting4_dqn_prlight	REAL_TEST	123	265.0	100.0	-44.73	68.71	0.63	1808	0.0000	0.0000
tempe_1x1_setting4_dqn_prlight	REAL_TEST	126	302.2	100.0	-57.59	90.09	0.64	1737	0.0000	0.0000
tempe_1x1_setting4_dqn_prlight	REAL_TEST	129	301.7	100.0	-58.65	89.32	0.64	1744	0.0000	0.0000
tempe_1x1_setting4_dqn_prlight	REAL_TEST	132	292.0	100.0	-52.95	83.50	0.64	1774	0.0000	0.0000
tempe_1x1_setting4_dqn_prlight	REAL_TEST	135	312.0	100.0	-58.93	95.84	0.65	1705	0.0000	0.0000
tempe_1x1_setting4_dqn_prlight	REAL_TEST	138	302.6	100.0	-56.03	91.34	0.63	1682	0.0000	0.0000
tempe_1x1_setting4_dqn_prlight	REAL_TEST	141	276.6	100.0	-47.61	75.64	0.65	1751	0.0000	0.0000
tempe_1x1_setting4_dqn_prlight	REAL_TEST	144	323.1	100.0	-63.61	101.46	0.66	1715	0.0000	0.0000
tempe_1x1_setting4_dqn_prlight	REAL_TEST	147	286.8	100.0	-50.89	82.69	0.63	1705	0.0000	0.0000
tempe_1x1_setting4_dqn_prlight	REAL_TEST	150	415.9	100.0	-92.63	151.00	0.67	1780	0.0000	0.0000
tempe_1x1_setting4_dqn_prlight	REAL_TEST	153	281.5	100.0	-49.03	78.80	0.63	1734	0.0000	0.0000
tempe_1x1_setting4_dqn_prlight	REAL_TEST	156	294.1	100.0	-53.96	86.74	0.63	1694	0.0000	0.0000
tempe_1x1_setting4_dqn_prlight	REAL_TEST	159	290.4	100.0	-53.37	82.75	0.64	1766	0.0000	0.0000
tempe_1x1_setting4_dqn_prlight	REAL_TEST	162	300.8	100.0	-56.69	89.44	0.64	1736	0.0000	0.0000
tempe_1x1_setting4_dqn_prlight	REAL_TEST	165	313.1	100.0	-60.30	97.15	0.63	1681	0.0000	0.0000
tempe_1x1_setting4_dqn_prlight	REAL_TEST	168	282.3	100.0	-51.16	79.71	0.64	1714	0.0000	0.0000
tempe_1x1_setting4_dqn_prlight	REAL_TEST	171	264.0	100.0	-44.00	69.36	0.64	1719	0.0000	0.0000
tempe_1x1_setting4_dqn_prlight	REAL_TEST	174	301.2	100.0	-57.61	89.44	0.63	1735	0.0000	0.0000
tempe_1x1_setting4_dqn_prlight	REAL_TEST	177	293.3	100.0	-53.25	84.74	0.64	1749	0.0000	0.0000
tempe_1x1_setting4_dqn_prlight	REAL_TEST	180	331.6	100.0	-68.52	106.09	0.65	1703	0.0000	0.0000
tempe_1x1_setting4_dqn_prlight	REAL_TEST	183	501.0	100.0	-135.74	200.78	0.68	1612	0.0000	0.0000
tempe_1x1_setting4_dqn_prlight	REAL_TEST	186	352.9	100.0	-74.91	116.90	0.66	1765	0.0000	0.0000
tempe_1x1_setting4_dqn_prlight	REAL_TEST	189	303.0	100.0	-55.74	90.81	0.63	1704	0.0000	0.0000
tempe_1x1_setting4_dqn_prlight	REAL_TEST	192	311.6	100.0	-58.54	95.26	0.64	1702	0.0000	0.0000
tempe_1x1_setting4_dqn_prlight	REAL_TEST	195	271.1	100.0	-44.48	72.33	0.64	1785	0.0000	0.0000
tempe_1x1_setting4_dqn_prlight	REAL_TEST	198	367.9	100.0	-77.24	126.06	0.67	1701	0.0000	0.0000
tempe_1x1_setting4_dqn_prlight	REAL_TEST	201	271.5	100.0	-46.46	72.99	0.64	1747	0.0000	0.0000
tempe_1x1_setting4_dqn_prlight	REAL_TEST	204	320.2	100.0	-62.78	102.54	0.62	1609	0.0000	0.0000
tempe_1x1_setting4_dqn_prlight	REAL_TEST	207	280.8	100.0	-47.83	77.59	0.65	1751	0.0000	0.0000
tempe_1x1_setting4_dqn_prlight	REAL_TEST	210	284.8	100.0	-49.74	80.47	0.64	1714	0.0000	0.0000
tempe_1x1_setting4_dqn_prlight	REAL_TEST	213	281.6	100.0	-48.76	78.78	0.64	1734	0.0000	0.0000
tempe_1x1_setting4_dqn_prlight	REAL_TEST	216	289.5	100.0	-50.95	81.81	0.65	1757	0.0000	0.0000
tempe_1x1_setting4_dqn_prlight	REAL_TEST	219	328.0	100.0	-63.92	104.52	0.64	1698	0.0000	0.0000
tempe_1x1_setting4_dqn_prlight	REAL_TEST	222	286.2	100.0	-50.46	81.60	0.65	1728	0.0000	0.0000
tempe_1x1_setting4_dqn_prlight	REAL_TEST	225	279.1	100.0	-48.15	77.32	0.65	1743	0.0000	0.0000
tempe_1x1_setting4_dqn_prlight	REAL_TEST	228	318.3	100.0	-62.61	100.35	0.65	1642	0.0000	0.0000
tempe_1x1_setting4_dqn_prlight	REAL_TEST	231	318.3	100.0	-61.69	100.14	0.63	1656	0.0000	0.0000
tempe_1x1_setting4_dqn_prlight	REAL_TEST	234	299.7	100.0	-55.32	89.53	0.64	1684	0.0000	0.0000
tempe_1x1_setting4_dqn_prlight	REAL_TEST	237	420.1	100.0	-94.15	154.60	0.67	1717	0.0000	0.0000
tempe_1x1_setting4_dqn_prlight	REAL_TEST	240	363.7	100.0	-75.56	123.88	0.66	1691	0.0000	0.0000
tempe_1x1_setting4_dqn_prlight	REAL_TEST	243	337.5	100.0	-66.50	108.31	0.67	1781	0.0000	0.0000
tempe_1x1_setting4_dqn_prlight	REAL_TEST	246	359.8	100.0	-73.41	119.75	0.67	1783	0.0000	0.0000
tempe_1x1_setting4_dqn_prlight	REAL_TEST	249	297.8	100.0	-56.67	88.36	0.64	1706	0.0000	0.0000
tempe_1x1_setting4_dqn_prlight	REAL_TEST	252	273.6	100.0	-49.42	75.35	0.61	1698	0.0000	0.0000
tempe_1x1_setting4_dqn_prlight	REAL_TEST	255	289.5	100.0	-54.57	84.74	0.62	1680	0.0000	0.0000
tempe_1x1_setting4_dqn_prlight	REAL_TEST	258	262.4	100.0	-42.80	68.23	0.62	1746	0.0000	0.0000
tempe_1x1_setting4_dqn_prlight	REAL_TEST	261	263.3	100.0	-42.97	68.13	0.63	1776	0.0000	0.0000
tempe_1x1_setting4_dqn_prlight	REAL_TEST	264	281.7	100.0	-50.56	80.37	0.61	1668	0.0000	0.0000
tempe_1x1_setting4_dqn_prlight	REAL_TEST	267	334.1	100.0	-67.09	108.22	0.64	1694	0.0000	0.0000
tempe_1x1_setting4_dqn_prlight	REAL_TEST	270	271.1	100.0	-46.35	73.64	0.63	1704	0.0000	0.0000
tempe_1x1_setting4_dqn_prlight	REAL_TEST	273	252.2	100.0	-40.06	63.17	0.61	1717	0.0000	0.0000
tempe_1x1_setting4_dqn_prlight	REAL_TEST	276	293.1	100.0	-53.78	86.39	0.63	1672	0.0000	0.0000
tempe_1x1_setting4_dqn_prlight	REAL_TEST	279	286.3	100.0	-52.62	82.10	0.62	1717	0.0000	0.0000
tempe_1x1_setting4_dqn_prlight	REAL_TEST	282	276.9	100.0	-49.90	78.09	0.61	1618	0.0000	0.0000
tempe_1x1_setting4_dqn_prlight	REAL_TEST	285	272.3	100.0	-48.12	74.61	0.61	1716	0.0000	0.0000
tempe_1x1_setting4_dqn_prlight	REAL_TEST	288	291.8	100.0	-53.80	85.34	0.62	1688	0.0000	0.0000
tempe_1x1_setting4_dqn_prlight	REAL_TEST	291	323.5	100.0	-68.92	103.09	0.64	1664	0.0000	0.0000
tempe_1x1_setting4_dqn_prlight	REAL_TEST	294	287.2	100.0	-52.10	81.08	0.63	1773	0.0000	0.0000
tempe_1x1_setting4_dqn_prlight	REAL_TEST	297	275.2	100.0	-47.22	74.53	0.62	1775	0.0000	0.0000
