hz4x4_setting4_dqn_jlgat	SIM_TEST	0	355.1	100.0	-25.28	1.44	0.09	2929
hz4x4_setting4_dqn_jlgat	REAL_TRAIN	0	441.8	100.0	-106.89	6.55	0.17	2450
hz4x4_setting4_dqn_jlgat	SIM_TRAIN	0	652.8	0.0	-188.23	11.59	0.15	2696
hz4x4_setting4_dqn_jlgat	SIM_TEST	1	355.1	100.0	-25.28	1.44	0.09	2929
hz4x4_setting4_dqn_jlgat	REAL_TRAIN	1	441.8	100.0	-106.89	6.55	0.17	2450
hz4x4_setting4_dqn_jlgat	SIM_TRAIN	0	585.4	0.0	-140.32	8.61	0.15	2804
hz4x4_setting4_dqn_jlgat	SIM_TEST	2	355.1	100.0	-25.28	1.44	0.09	2929
hz4x4_setting4_dqn_jlgat	REAL_TRAIN	2	441.8	100.0	-106.89	6.55	0.17	2450
hz4x4_setting4_dqn_jlgat	SIM_TRAIN	0	543.8	7.8	-94.35	5.72	0.14	2794
hz4x4_setting4_dqn_jlgat	SIM_TEST	3	503.2	100.0	-103.06	6.31	0.14	2750
hz4x4_setting4_dqn_jlgat	REAL_TRAIN	3	609.4	100.0	-245.87	15.29	0.19	2053
hz4x4_setting4_dqn_jlgat	SIM_TRAIN	0	462.5	6.4	-64.32	3.88	0.14	2812
hz4x4_setting4_dqn_jlgat	SIM_TEST	4	416.1	100.0	-50.77	3.03	0.12	2905
hz4x4_setting4_dqn_jlgat	REAL_TRAIN	4	629.8	100.0	-254.00	15.81	0.18	2010
hz4x4_setting4_dqn_jlgat	SIM_TRAIN	0	389.0	5.7	-44.84	2.67	0.13	2922
hz4x4_setting4_dqn_jlgat	SIM_TEST	5	428.9	100.0	-95.15	5.83	0.13	2923
hz4x4_setting4_dqn_jlgat	REAL_TRAIN	5	525.6	100.0	-181.85	11.27	0.19	2257
hz4x4_setting4_dqn_jlgat	SIM_TRAIN	0	376.6	4.8	-37.31	2.20	0.12	2925
hz4x4_setting4_dqn_jlgat	SIM_TEST	6	425.5	100.0	-45.25	2.70	0.11	2829
hz4x4_setting4_dqn_jlgat	REAL_TRAIN	6	532.1	100.0	-190.76	11.83	0.18	2220
hz4x4_setting4_dqn_jlgat	SIM_TRAIN	0	366.1	4.1	-36.11	2.13	0.12	2923
hz4x4_setting4_dqn_jlgat	SIM_TEST	7	438.1	100.0	-83.30	5.09	0.11	2926
hz4x4_setting4_dqn_jlgat	REAL_TRAIN	7	505.7	100.0	-176.15	10.91	0.18	2332
hz4x4_setting4_dqn_jlgat	SIM_TRAIN	0	376.0	3.6	-38.36	2.27	0.11	2925
hz4x4_setting4_dqn_jlgat	SIM_TEST	8	423.8	100.0	-58.35	3.50	0.11	2798
hz4x4_setting4_dqn_jlgat	REAL_TRAIN	8	456.5	100.0	-120.95	7.44	0.18	2427
hz4x4_setting4_dqn_jlgat	SIM_TRAIN	0	368.2	3.2	-36.09	2.12	0.11	2920
hz4x4_setting4_dqn_jlgat	SIM_TEST	9	365.2	100.0	-33.15	1.93	0.10	2921
hz4x4_setting4_dqn_jlgat	REAL_TRAIN	9	520.6	100.0	-175.06	10.84	0.18	2309
hz4x4_setting4_dqn_jlgat	SIM_TRAIN	0	363.5	3.0	-34.37	2.02	0.11	2927
hz4x4_setting4_dqn_jlgat	SIM_TEST	10	354.3	100.0	-30.87	1.80	0.10	2927
hz4x4_setting4_dqn_jlgat	REAL_TRAIN	10	449.1	100.0	-116.92	7.18	0.18	2430
hz4x4_setting4_dqn_jlgat	SIM_TRAIN	0	366.7	2.8	-33.82	1.99	0.11	2924
hz4x4_setting4_dqn_jlgat	SIM_TEST	11	452.6	100.0	-101.88	6.26	0.11	2760
hz4x4_setting4_dqn_jlgat	REAL_TRAIN	11	434.6	100.0	-106.38	6.52	0.18	2451
hz4x4_setting4_dqn_jlgat	SIM_TRAIN	0	361.3	2.7	-34.13	2.01	0.10	2925
hz4x4_setting4_dqn_jlgat	SIM_TEST	12	436.9	100.0	-76.61	4.65	0.10	2754
hz4x4_setting4_dqn_jlgat	REAL_TRAIN	12	453.9	100.0	-127.66	7.86	0.18	2367
hz4x4_setting4_dqn_jlgat	SIM_TRAIN	0	363.6	2.5	-34.78	2.05	0.11	2920
hz4x4_setting4_dqn_jlgat	SIM_TEST	13	360.6	100.0	-30.62	1.78	0.10	2922
hz4x4_setting4_dqn_jlgat	REAL_TRAIN	13	435.9	100.0	-105.71	6.49	0.17	2438
hz4x4_setting4_dqn_jlgat	SIM_TRAIN	0	357.4	2.5	-31.89	1.87	0.10	2922
hz4x4_setting4_dqn_jlgat	SIM_TEST	14	363.5	100.0	-35.73	2.10	0.11	2916
hz4x4_setting4_dqn_jlgat	REAL_TRAIN	14	447.4	100.0	-119.10	7.32	0.18	2409
hz4x4_setting4_dqn_jlgat	SIM_TRAIN	0	360.0	2.1	-31.53	1.85	0.11	2926
hz4x4_setting4_dqn_jlgat	SIM_TEST	15	399.0	100.0	-76.47	4.66	0.11	2890
hz4x4_setting4_dqn_jlgat	REAL_TRAIN	15	482.5	100.0	-149.42	9.24	0.18	2331
hz4x4_setting4_dqn_jlgat	SIM_TRAIN	0	360.8	1.7	-33.80	1.98	0.11	2927
hz4x4_setting4_dqn_jlgat	SIM_TEST	16	359.5	100.0	-32.34	1.88	0.11	2922
hz4x4_setting4_dqn_jlgat	REAL_TRAIN	16	437.5	100.0	-108.14	6.63	0.18	2428
hz4x4_setting4_dqn_jlgat	SIM_TRAIN	0	354.0	1.5	-29.17	1.70	0.10	2924
hz4x4_setting4_dqn_jlgat	SIM_TEST	17	355.0	100.0	-28.87	1.66	0.10	2919
hz4x4_setting4_dqn_jlgat	REAL_TRAIN	17	432.6	100.0	-105.59	6.47	0.17	2455
hz4x4_setting4_dqn_jlgat	SIM_TRAIN	0	353.9	1.3	-30.05	1.76	0.10	2924
hz4x4_setting4_dqn_jlgat	SIM_TEST	18	362.1	100.0	-32.92	1.92	0.11	2925
hz4x4_setting4_dqn_jlgat	REAL_TRAIN	18	440.0	100.0	-111.73	6.86	0.18	2448
hz4x4_setting4_dqn_jlgat	SIM_TRAIN	0	365.6	1.1	-31.23	1.83	0.10	2922
hz4x4_setting4_dqn_jlgat	SIM_TEST	19	350.9	100.0	-28.82	1.67	0.10	2924
hz4x4_setting4_dqn_jlgat	REAL_TRAIN	19	432.8	100.0	-102.76	6.29	0.18	2456
hz4x4_setting4_dqn_jlgat	SIM_TRAIN	0	352.8	1.1	-29.72	1.74	0.10	2924
hz4x4_setting4_dqn_jlgat	SIM_TEST	20	359.0	100.0	-28.43	1.64	0.10	2927
hz4x4_setting4_dqn_jlgat	REAL_TRAIN	20	430.9	100.0	-99.67	6.10	0.17	2462
hz4x4_setting4_dqn_jlgat	SIM_TRAIN	0	357.8	1.1	-29.16	1.70	0.10	2928
hz4x4_setting4_dqn_jlgat	SIM_TEST	21	389.4	100.0	-46.85	2.80	0.10	2843
hz4x4_setting4_dqn_jlgat	REAL_TRAIN	21	424.9	100.0	-97.46	5.96	0.17	2475
hz4x4_setting4_dqn_jlgat	SIM_TRAIN	0	357.9	1.0	-30.09	1.76	0.10	2928
hz4x4_setting4_dqn_jlgat	SIM_TEST	22	352.9	100.0	-26.87	1.55	0.09	2927
hz4x4_setting4_dqn_jlgat	REAL_TRAIN	22	444.6	100.0	-111.39	6.84	0.17	2450
hz4x4_setting4_dqn_jlgat	SIM_TRAIN	0	357.1	1.0	-28.78	1.67	0.10	2926
hz4x4_setting4_dqn_jlgat	SIM_TEST	23	353.9	100.0	-27.43	1.58	0.09	2926
hz4x4_setting4_dqn_jlgat	REAL_TRAIN	23	433.9	100.0	-105.22	6.45	0.17	2453
hz4x4_setting4_dqn_jlgat	SIM_TRAIN	0	351.1	0.9	-28.07	1.63	0.10	2925
hz4x4_setting4_dqn_jlgat	SIM_TEST	24	363.5	100.0	-30.94	1.80	0.10	2927
hz4x4_setting4_dqn_jlgat	REAL_TRAIN	24	454.6	100.0	-124.18	7.64	0.16	2392
hz4x4_setting4_dqn_jlgat	SIM_TRAIN	0	352.0	0.9	-28.47	1.66	0.10	2929
hz4x4_setting4_dqn_jlgat	SIM_TEST	25	364.3	100.0	-30.66	1.78	0.10	2929
hz4x4_setting4_dqn_jlgat	REAL_TRAIN	25	439.8	100.0	-111.25	6.82	0.18	2452
hz4x4_setting4_dqn_jlgat	SIM_TRAIN	0	363.7	0.9	-29.38	1.70	0.10	2923
hz4x4_setting4_dqn_jlgat	SIM_TEST	26	360.5	100.0	-27.31	1.57	0.09	2925
hz4x4_setting4_dqn_jlgat	REAL_TRAIN	26	464.5	100.0	-137.54	8.48	0.16	2383
hz4x4_setting4_dqn_jlgat	SIM_TRAIN	0	364.8	0.8	-29.62	1.74	0.10	2927
hz4x4_setting4_dqn_jlgat	SIM_TEST	27	360.5	100.0	-27.25	1.57	0.09	2928
hz4x4_setting4_dqn_jlgat	REAL_TRAIN	27	434.6	100.0	-102.88	6.30	0.17	2468
hz4x4_setting4_dqn_jlgat	SIM_TRAIN	0	355.5	0.8	-28.01	1.62	0.09	2926
hz4x4_setting4_dqn_jlgat	SIM_TEST	28	359.1	100.0	-27.16	1.56	0.09	2924
hz4x4_setting4_dqn_jlgat	REAL_TRAIN	28	433.6	100.0	-103.54	6.34	0.16	2461
hz4x4_setting4_dqn_jlgat	SIM_TRAIN	0	357.0	0.8	-28.30	1.64	0.09	2930
hz4x4_setting4_dqn_jlgat	SIM_TEST	29	356.1	100.0	-26.81	1.54	0.09	2925
hz4x4_setting4_dqn_jlgat	REAL_TRAIN	29	425.5	100.0	-99.05	6.06	0.17	2469
hz4x4_setting4_dqn_jlgat	SIM_TRAIN	0	358.8	0.8	-28.57	1.66	0.10	2925
hz4x4_setting4_dqn_jlgat	SIM_TEST	30	352.2	100.0	-29.18	1.69	0.09	2929
hz4x4_setting4_dqn_jlgat	REAL_TRAIN	30	440.8	100.0	-106.94	6.56	0.17	2448
hz4x4_setting4_dqn_jlgat	SIM_TRAIN	0	356.0	0.8	-28.33	1.64	0.10	2930
hz4x4_setting4_dqn_jlgat	SIM_TEST	31	393.5	100.0	-51.38	3.09	0.09	2786
hz4x4_setting4_dqn_jlgat	REAL_TRAIN	31	426.5	100.0	-102.43	6.28	0.16	2419
hz4x4_setting4_dqn_jlgat	SIM_TRAIN	0	363.9	0.8	-28.13	1.63	0.10	2926
hz4x4_setting4_dqn_jlgat	SIM_TEST	32	362.8	100.0	-28.27	1.63	0.09	2922
hz4x4_setting4_dqn_jlgat	REAL_TRAIN	32	446.4	100.0	-121.01	7.44	0.17	2381
hz4x4_setting4_dqn_jlgat	SIM_TRAIN	0	363.7	0.7	-27.87	1.61	0.10	2926
hz4x4_setting4_dqn_jlgat	SIM_TEST	33	355.1	100.0	-29.57	1.71	0.09	2927
hz4x4_setting4_dqn_jlgat	REAL_TRAIN	33	430.2	100.0	-100.63	6.16	0.16	2464
hz4x4_setting4_dqn_jlgat	SIM_TRAIN	0	363.6	0.8	-27.83	1.61	0.09	2931
hz4x4_setting4_dqn_jlgat	SIM_TEST	34	358.2	100.0	-26.43	1.52	0.09	2928
hz4x4_setting4_dqn_jlgat	REAL_TRAIN	34	425.8	100.0	-98.82	6.04	0.17	2460
hz4x4_setting4_dqn_jlgat	SIM_TRAIN	0	370.8	0.8	-27.88	1.61	0.10	2927
hz4x4_setting4_dqn_jlgat	SIM_TEST	35	364.0	100.0	-27.47	1.58	0.09	2926
hz4x4_setting4_dqn_jlgat	REAL_TRAIN	35	439.4	100.0	-107.27	6.58	0.17	2436
hz4x4_setting4_dqn_jlgat	SIM_TRAIN	0	364.2	0.8	-27.70	1.61	0.09	2927
hz4x4_setting4_dqn_jlgat	SIM_TEST	36	359.4	100.0	-26.98	1.56	0.09	2926
hz4x4_setting4_dqn_jlgat	REAL_TRAIN	36	460.6	100.0	-127.40	7.85	0.17	2372
hz4x4_setting4_dqn_jlgat	SIM_TRAIN	0	359.7	0.7	-27.47	1.59	0.09	2928
hz4x4_setting4_dqn_jlgat	SIM_TEST	37	376.8	100.0	-28.17	1.62	0.09	2917
hz4x4_setting4_dqn_jlgat	REAL_TRAIN	37	478.3	100.0	-143.57	8.86	0.17	2416
hz4x4_setting4_dqn_jlgat	SIM_TRAIN	0	369.8	0.8	-28.40	1.65	0.10	2928
hz4x4_setting4_dqn_jlgat	SIM_TEST	38	358.6	100.0	-26.52	1.52	0.09	2931
hz4x4_setting4_dqn_jlgat	REAL_TRAIN	38	444.0	100.0	-107.42	6.59	0.17	2445
hz4x4_setting4_dqn_jlgat	SIM_TRAIN	0	368.1	0.8	-27.35	1.58	0.09	2926
hz4x4_setting4_dqn_jlgat	SIM_TEST	39	372.7	100.0	-30.17	1.75	0.10	2928
hz4x4_setting4_dqn_jlgat	REAL_TRAIN	39	446.8	100.0	-110.25	6.77	0.17	2431
hz4x4_setting4_dqn_jlgat	SIM_TRAIN	0	367.5	0.8	-28.04	1.63	0.09	2927
hz4x4_setting4_dqn_jlgat	SIM_TEST	40	367.3	100.0	-27.26	1.56	0.09	2929
hz4x4_setting4_dqn_jlgat	REAL_TRAIN	40	459.9	100.0	-129.28	7.97	0.16	2379
hz4x4_setting4_dqn_jlgat	SIM_TRAIN	0	369.5	0.7	-28.21	1.63	0.10	2931
hz4x4_setting4_dqn_jlgat	SIM_TEST	41	363.3	100.0	-26.67	1.54	0.09	2923
hz4x4_setting4_dqn_jlgat	REAL_TRAIN	41	490.6	100.0	-164.46	10.18	0.16	2318
hz4x4_setting4_dqn_jlgat	SIM_TRAIN	0	368.5	0.7	-27.96	1.63	0.10	2928
hz4x4_setting4_dqn_jlgat	SIM_TEST	42	534.6	100.0	-115.94	7.14	0.09	2659
hz4x4_setting4_dqn_jlgat	REAL_TRAIN	42	534.9	100.0	-194.97	12.09	0.16	2179
hz4x4_setting4_dqn_jlgat	SIM_TRAIN	0	366.1	0.7	-27.53	1.59	0.09	2926
hz4x4_setting4_dqn_jlgat	SIM_TEST	43	373.3	100.0	-25.62	1.47	0.09	2906
hz4x4_setting4_dqn_jlgat	REAL_TRAIN	43	456.3	100.0	-118.67	7.29	0.17	2417
hz4x4_setting4_dqn_jlgat	SIM_TRAIN	0	380.7	0.7	-28.16	1.64	0.09	2916
hz4x4_setting4_dqn_jlgat	SIM_TEST	44	365.9	100.0	-25.63	1.47	0.09	2927
hz4x4_setting4_dqn_jlgat	REAL_TRAIN	44	451.7	100.0	-120.57	7.41	0.16	2421
hz4x4_setting4_dqn_jlgat	SIM_TRAIN	0	364.3	0.7	-26.83	1.55	0.09	2929
hz4x4_setting4_dqn_jlgat	SIM_TEST	45	367.5	100.0	-30.01	1.74	0.10	2928
hz4x4_setting4_dqn_jlgat	REAL_TRAIN	45	472.8	100.0	-134.84	8.30	0.17	2409
hz4x4_setting4_dqn_jlgat	SIM_TRAIN	0	365.8	0.7	-27.79	1.61	0.09	2921
hz4x4_setting4_dqn_jlgat	SIM_TEST	46	362.7	100.0	-25.77	1.48	0.09	2930
hz4x4_setting4_dqn_jlgat	REAL_TRAIN	46	462.1	100.0	-123.59	7.61	0.17	2408
hz4x4_setting4_dqn_jlgat	SIM_TRAIN	0	374.1	0.7	-28.18	1.63	0.10	2926
hz4x4_setting4_dqn_jlgat	SIM_TEST	47	369.7	100.0	-27.68	1.60	0.09	2930
hz4x4_setting4_dqn_jlgat	REAL_TRAIN	47	464.6	100.0	-121.87	7.49	0.17	2417
hz4x4_setting4_dqn_jlgat	SIM_TRAIN	0	367.6	0.7	-28.19	1.63	0.09	2928
hz4x4_setting4_dqn_jlgat	SIM_TEST	48	389.9	100.0	-45.30	2.70	0.10	2928
hz4x4_setting4_dqn_jlgat	REAL_TRAIN	48	524.7	100.0	-182.91	11.34	0.16	2174
hz4x4_setting4_dqn_jlgat	SIM_TRAIN	0	366.8	0.7	-28.02	1.62	0.10	2929
hz4x4_setting4_dqn_jlgat	SIM_TEST	49	374.4	100.0	-29.10	1.68	0.10	2919
hz4x4_setting4_dqn_jlgat	REAL_TRAIN	49	458.2	100.0	-123.05	7.57	0.17	2388
hz4x4_setting4_dqn_jlgat	SIM_TRAIN	0	364.3	0.7	-27.50	1.59	0.09	2922
hz4x4_setting4_dqn_jlgat	SIM_TEST	50	372.7	100.0	-26.71	1.53	0.09	2922
hz4x4_setting4_dqn_jlgat	REAL_TRAIN	50	481.2	100.0	-145.88	9.00	0.17	2367
hz4x4_setting4_dqn_jlgat	SIM_TRAIN	0	374.1	0.7	-27.86	1.61	0.09	2920
hz4x4_setting4_dqn_jlgat	SIM_TEST	51	577.0	100.0	-153.21	9.49	0.10	2617
hz4x4_setting4_dqn_jlgat	REAL_TRAIN	51	458.2	100.0	-126.64	7.79	0.17	2407
hz4x4_setting4_dqn_jlgat	SIM_TRAIN	0	370.6	0.7	-27.75	1.61	0.10	2925
hz4x4_setting4_dqn_jlgat	SIM_TEST	52	545.2	100.0	-126.62	7.81	0.10	2634
hz4x4_setting4_dqn_jlgat	REAL_TRAIN	52	456.0	100.0	-127.45	7.85	0.16	2383
hz4x4_setting4_dqn_jlgat	SIM_TRAIN	0	389.7	0.8	-31.97	1.87	0.10	2919
hz4x4_setting4_dqn_jlgat	SIM_TEST	53	368.1	100.0	-27.02	1.55	0.09	2923
hz4x4_setting4_dqn_jlgat	REAL_TRAIN	53	432.5	100.0	-101.84	6.24	0.16	2446
hz4x4_setting4_dqn_jlgat	SIM_TRAIN	0	368.6	0.8	-26.89	1.55	0.09	2925
hz4x4_setting4_dqn_jlgat	SIM_TEST	54	411.6	100.0	-30.74	1.79	0.09	2838
hz4x4_setting4_dqn_jlgat	REAL_TRAIN	54	462.7	100.0	-123.54	7.60	0.17	2417
hz4x4_setting4_dqn_jlgat	SIM_TRAIN	0	377.2	0.8	-26.91	1.56	0.09	2920
hz4x4_setting4_dqn_jlgat	SIM_TEST	55	363.9	100.0	-26.80	1.55	0.09	2930
hz4x4_setting4_dqn_jlgat	REAL_TRAIN	55	445.3	100.0	-110.66	6.79	0.17	2422
hz4x4_setting4_dqn_jlgat	SIM_TRAIN	0	373.6	0.8	-27.93	1.62	0.10	2927
hz4x4_setting4_dqn_jlgat	SIM_TEST	56	371.0	100.0	-26.06	1.49	0.09	2917
hz4x4_setting4_dqn_jlgat	REAL_TRAIN	56	484.9	100.0	-145.15	8.96	0.18	2363
hz4x4_setting4_dqn_jlgat	SIM_TRAIN	0	374.9	0.7	-26.99	1.56	0.09	2920
hz4x4_setting4_dqn_jlgat	SIM_TEST	57	403.8	100.0	-31.36	1.82	0.09	2881
hz4x4_setting4_dqn_jlgat	REAL_TRAIN	57	474.9	100.0	-137.86	8.50	0.17	2392
hz4x4_setting4_dqn_jlgat	SIM_TRAIN	0	380.9	0.7	-27.53	1.59	0.09	2919
hz4x4_setting4_dqn_jlgat	SIM_TEST	58	397.6	100.0	-43.29	2.57	0.10	2917
hz4x4_setting4_dqn_jlgat	REAL_TRAIN	58	444.5	100.0	-111.32	6.83	0.17	2432
hz4x4_setting4_dqn_jlgat	SIM_TRAIN	0	374.2	0.7	-27.07	1.57	0.09	2910
hz4x4_setting4_dqn_jlgat	SIM_TEST	59	370.0	100.0	-27.94	1.61	0.09	2930
hz4x4_setting4_dqn_jlgat	REAL_TRAIN	59	448.8	100.0	-112.60	6.91	0.17	2420
hz4x4_setting4_dqn_jlgat	SIM_TRAIN	0	372.6	0.7	-28.58	1.66	0.10	2929
hz4x4_setting4_dqn_jlgat	SIM_TEST	60	375.3	100.0	-27.19	1.57	0.09	2918
hz4x4_setting4_dqn_jlgat	REAL_TRAIN	60	450.5	100.0	-113.75	6.98	0.17	2418
hz4x4_setting4_dqn_jlgat	SIM_TRAIN	0	378.5	0.7	-26.98	1.56	0.09	2920
hz4x4_setting4_dqn_jlgat	SIM_TEST	61	366.7	100.0	-25.55	1.46	0.09	2931
hz4x4_setting4_dqn_jlgat	REAL_TRAIN	61	471.2	100.0	-129.22	7.95	0.17	2410
hz4x4_setting4_dqn_jlgat	SIM_TRAIN	0	373.6	0.7	-27.73	1.60	0.10	2927
hz4x4_setting4_dqn_jlgat	SIM_TEST	62	364.3	100.0	-26.25	1.51	0.09	2927
hz4x4_setting4_dqn_jlgat	REAL_TRAIN	62	531.2	100.0	-184.77	11.46	0.17	2254
hz4x4_setting4_dqn_jlgat	SIM_TRAIN	0	367.4	0.7	-26.71	1.55	0.09	2928
hz4x4_setting4_dqn_jlgat	SIM_TEST	63	363.0	100.0	-28.65	1.65	0.09	2925
hz4x4_setting4_dqn_jlgat	REAL_TRAIN	63	516.5	100.0	-173.98	10.77	0.16	2300
hz4x4_setting4_dqn_jlgat	SIM_TRAIN	0	370.3	0.7	-27.53	1.59	0.09	2927
hz4x4_setting4_dqn_jlgat	SIM_TEST	64	368.9	100.0	-26.75	1.54	0.09	2928
hz4x4_setting4_dqn_jlgat	REAL_TRAIN	64	503.8	100.0	-169.44	10.49	0.16	2298
hz4x4_setting4_dqn_jlgat	SIM_TRAIN	0	377.0	0.7	-27.51	1.59	0.09	2915
hz4x4_setting4_dqn_jlgat	SIM_TEST	65	357.5	100.0	-27.12	1.56	0.09	2928
hz4x4_setting4_dqn_jlgat	REAL_TRAIN	65	450.0	100.0	-117.04	7.19	0.16	2421
hz4x4_setting4_dqn_jlgat	SIM_TRAIN	0	367.3	0.7	-27.28	1.57	0.09	2928
hz4x4_setting4_dqn_jlgat	SIM_TEST	66	375.0	100.0	-26.03	1.49	0.09	2928
hz4x4_setting4_dqn_jlgat	REAL_TRAIN	66	468.3	100.0	-128.88	7.93	0.17	2417
hz4x4_setting4_dqn_jlgat	SIM_TRAIN	0	377.3	0.7	-26.22	1.51	0.09	2915
hz4x4_setting4_dqn_jlgat	SIM_TEST	67	404.5	100.0	-29.39	1.70	0.09	2872
hz4x4_setting4_dqn_jlgat	REAL_TRAIN	67	506.3	100.0	-168.82	10.45	0.16	2268
hz4x4_setting4_dqn_jlgat	SIM_TRAIN	0	384.5	0.7	-27.19	1.57	0.09	2903
hz4x4_setting4_dqn_jlgat	SIM_TEST	68	390.9	100.0	-31.43	1.83	0.09	2850
hz4x4_setting4_dqn_jlgat	REAL_TRAIN	68	457.3	100.0	-119.79	7.36	0.17	2434
hz4x4_setting4_dqn_jlgat	SIM_TRAIN	0	387.5	0.7	-28.32	1.64	0.09	2911
hz4x4_setting4_dqn_jlgat	SIM_TEST	69	362.8	100.0	-27.58	1.58	0.09	2929
hz4x4_setting4_dqn_jlgat	REAL_TRAIN	69	478.4	100.0	-150.87	9.32	0.16	2324
hz4x4_setting4_dqn_jlgat	SIM_TRAIN	0	378.1	0.8	-28.71	1.67	0.09	2927
hz4x4_setting4_dqn_jlgat	SIM_TEST	70	378.0	100.0	-29.01	1.67	0.10	2924
hz4x4_setting4_dqn_jlgat	REAL_TRAIN	70	462.6	100.0	-122.77	7.55	0.18	2426
hz4x4_setting4_dqn_jlgat	SIM_TRAIN	0	379.5	0.8	-27.59	1.59	0.09	2922
hz4x4_setting4_dqn_jlgat	SIM_TEST	71	360.5	100.0	-28.98	1.67	0.09	2923
hz4x4_setting4_dqn_jlgat	REAL_TRAIN	71	482.0	100.0	-139.51	8.60	0.17	2395
hz4x4_setting4_dqn_jlgat	SIM_TRAIN	0	370.5	0.7	-28.65	1.66	0.10	2926
hz4x4_setting4_dqn_jlgat	SIM_TEST	72	358.4	100.0	-26.45	1.51	0.09	2930
hz4x4_setting4_dqn_jlgat	REAL_TRAIN	72	462.5	100.0	-121.66	7.48	0.17	2378
hz4x4_setting4_dqn_jlgat	SIM_TRAIN	0	367.1	0.8	-27.24	1.57	0.09	2931
hz4x4_setting4_dqn_jlgat	SIM_TEST	73	375.5	100.0	-27.23	1.56	0.09	2926
hz4x4_setting4_dqn_jlgat	REAL_TRAIN	73	469.9	100.0	-125.62	7.72	0.17	2421
hz4x4_setting4_dqn_jlgat	SIM_TRAIN	0	377.2	0.8	-26.65	1.53	0.09	2912
hz4x4_setting4_dqn_jlgat	SIM_TEST	74	386.1	100.0	-26.09	1.49	0.08	2903
hz4x4_setting4_dqn_jlgat	REAL_TRAIN	74	464.8	100.0	-124.66	7.66	0.17	2424
hz4x4_setting4_dqn_jlgat	SIM_TRAIN	0	380.8	0.8	-26.96	1.55	0.09	2913
hz4x4_setting4_dqn_jlgat	SIM_TEST	75	380.5	100.0	-25.80	1.48	0.09	2902
hz4x4_setting4_dqn_jlgat	REAL_TRAIN	75	459.4	100.0	-119.50	7.34	0.17	2429
hz4x4_setting4_dqn_jlgat	SIM_TRAIN	0	378.6	0.8	-26.73	1.54	0.09	2919
hz4x4_setting4_dqn_jlgat	SIM_TEST	76	381.5	100.0	-26.12	1.49	0.09	2911
hz4x4_setting4_dqn_jlgat	REAL_TRAIN	76	458.5	100.0	-119.53	7.34	0.17	2433
hz4x4_setting4_dqn_jlgat	SIM_TRAIN	0	384.4	0.7	-27.65	1.60	0.09	2905
hz4x4_setting4_dqn_jlgat	SIM_TEST	77	389.3	100.0	-27.16	1.56	0.09	2886
hz4x4_setting4_dqn_jlgat	REAL_TRAIN	77	449.8	100.0	-114.96	7.06	0.17	2407
hz4x4_setting4_dqn_jlgat	SIM_TRAIN	0	385.9	0.8	-27.31	1.57	0.09	2901
hz4x4_setting4_dqn_jlgat	SIM_TEST	78	368.7	100.0	-25.39	1.45	0.09	2930
hz4x4_setting4_dqn_jlgat	REAL_TRAIN	78	457.6	100.0	-119.28	7.33	0.17	2424
hz4x4_setting4_dqn_jlgat	SIM_TRAIN	0	378.8	0.7	-26.64	1.53	0.09	2922
hz4x4_setting4_dqn_jlgat	SIM_TEST	79	361.6	100.0	-25.23	1.44	0.09	2927
hz4x4_setting4_dqn_jlgat	REAL_TRAIN	79	450.9	100.0	-111.33	6.83	0.17	2435
hz4x4_setting4_dqn_jlgat	SIM_TRAIN	0	376.0	0.7	-27.41	1.58	0.09	2918
hz4x4_setting4_dqn_jlgat	SIM_TEST	80	389.5	100.0	-28.43	1.64	0.09	2895
hz4x4_setting4_dqn_jlgat	REAL_TRAIN	80	455.4	100.0	-119.57	7.34	0.17	2417
hz4x4_setting4_dqn_jlgat	SIM_TRAIN	0	379.5	0.7	-27.74	1.60	0.09	2923
hz4x4_setting4_dqn_jlgat	SIM_TEST	81	385.0	100.0	-24.48	1.40	0.09	2901
hz4x4_setting4_dqn_jlgat	REAL_TRAIN	81	455.4	100.0	-118.02	7.24	0.17	2432
hz4x4_setting4_dqn_jlgat	SIM_TRAIN	0	373.1	0.7	-26.18	1.50	0.09	2926
hz4x4_setting4_dqn_jlgat	SIM_TEST	82	369.9	100.0	-26.03	1.49	0.09	2929
hz4x4_setting4_dqn_jlgat	REAL_TRAIN	82	451.8	100.0	-115.75	7.10	0.17	2434
hz4x4_setting4_dqn_jlgat	SIM_TRAIN	0	378.7	0.7	-26.96	1.55	0.09	2923
hz4x4_setting4_dqn_jlgat	SIM_TEST	83	360.6	100.0	-24.48	1.39	0.09	2929
hz4x4_setting4_dqn_jlgat	REAL_TRAIN	83	457.5	100.0	-118.28	7.26	0.17	2425
hz4x4_setting4_dqn_jlgat	SIM_TRAIN	0	371.2	0.7	-26.81	1.54	0.09	2921
hz4x4_setting4_dqn_jlgat	SIM_TEST	84	361.6	100.0	-26.67	1.53	0.09	2925
hz4x4_setting4_dqn_jlgat	REAL_TRAIN	84	469.3	100.0	-137.31	8.46	0.17	2381
hz4x4_setting4_dqn_jlgat	SIM_TRAIN	0	374.0	0.7	-26.58	1.53	0.09	2927
hz4x4_setting4_dqn_jlgat	SIM_TEST	85	361.0	100.0	-26.99	1.55	0.09	2924
hz4x4_setting4_dqn_jlgat	REAL_TRAIN	85	451.7	100.0	-113.23	6.94	0.17	2441
hz4x4_setting4_dqn_jlgat	SIM_TRAIN	0	377.4	0.7	-27.01	1.55	0.09	2913
hz4x4_setting4_dqn_jlgat	SIM_TEST	86	379.0	100.0	-25.52	1.45	0.09	2913
hz4x4_setting4_dqn_jlgat	REAL_TRAIN	86	454.1	100.0	-113.91	6.99	0.17	2439
hz4x4_setting4_dqn_jlgat	SIM_TRAIN	0	376.4	0.7	-27.18	1.57	0.09	2921
hz4x4_setting4_dqn_jlgat	SIM_TEST	87	376.3	100.0	-26.54	1.53	0.09	2907
hz4x4_setting4_dqn_jlgat	REAL_TRAIN	87	463.7	100.0	-121.25	7.45	0.17	2432
hz4x4_setting4_dqn_jlgat	SIM_TRAIN	0	373.5	0.7	-26.25	1.51	0.09	2928
hz4x4_setting4_dqn_jlgat	SIM_TEST	88	353.4	100.0	-28.17	1.62	0.09	2931
hz4x4_setting4_dqn_jlgat	REAL_TRAIN	88	458.7	100.0	-118.55	7.28	0.18	2426
hz4x4_setting4_dqn_jlgat	SIM_TRAIN	0	370.4	0.7	-26.52	1.53	0.09	2930
hz4x4_setting4_dqn_jlgat	SIM_TEST	89	365.1	100.0	-25.88	1.48	0.09	2929
hz4x4_setting4_dqn_jlgat	REAL_TRAIN	89	478.0	100.0	-140.80	8.68	0.18	2363
hz4x4_setting4_dqn_jlgat	SIM_TRAIN	0	374.0	0.7	-26.07	1.50	0.09	2914
hz4x4_setting4_dqn_jlgat	SIM_TEST	90	397.5	100.0	-29.68	1.72	0.09	2892
hz4x4_setting4_dqn_jlgat	REAL_TRAIN	90	505.6	100.0	-170.67	10.57	0.18	2315
hz4x4_setting4_dqn_jlgat	SIM_TRAIN	0	379.8	0.6	-26.67	1.54	0.09	2919
hz4x4_setting4_dqn_jlgat	SIM_TEST	91	372.5	100.0	-25.83	1.48	0.09	2920
hz4x4_setting4_dqn_jlgat	REAL_TRAIN	91	452.2	100.0	-116.95	7.18	0.17	2421
hz4x4_setting4_dqn_jlgat	SIM_TRAIN	0	382.1	0.7	-28.29	1.63	0.09	2911
hz4x4_setting4_dqn_jlgat	SIM_TEST	92	373.5	100.0	-25.58	1.46	0.09	2926
hz4x4_setting4_dqn_jlgat	REAL_TRAIN	92	477.2	100.0	-149.86	9.26	0.17	2318
hz4x4_setting4_dqn_jlgat	SIM_TRAIN	0	378.4	0.6	-27.26	1.57	0.09	2924
hz4x4_setting4_dqn_jlgat	SIM_TEST	93	382.9	100.0	-25.26	1.44	0.09	2905
hz4x4_setting4_dqn_jlgat	REAL_TRAIN	93	456.5	100.0	-124.93	7.68	0.16	2407
hz4x4_setting4_dqn_jlgat	SIM_TRAIN	0	376.0	0.6	-26.72	1.54	0.09	2920
hz4x4_setting4_dqn_jlgat	SIM_TEST	94	363.5	100.0	-26.78	1.54	0.09	2924
hz4x4_setting4_dqn_jlgat	REAL_TRAIN	94	443.9	100.0	-109.47	6.72	0.17	2441
hz4x4_setting4_dqn_jlgat	SIM_TRAIN	0	371.5	0.6	-26.20	1.51	0.09	2929
hz4x4_setting4_dqn_jlgat	SIM_TEST	95	463.0	100.0	-81.91	5.01	0.09	2648
hz4x4_setting4_dqn_jlgat	REAL_TRAIN	95	479.2	100.0	-154.02	9.52	0.16	2305
hz4x4_setting4_dqn_jlgat	SIM_TRAIN	0	381.0	0.7	-26.57	1.53	0.09	2913
hz4x4_setting4_dqn_jlgat	SIM_TEST	96	370.8	100.0	-25.84	1.48	0.09	2926
hz4x4_setting4_dqn_jlgat	REAL_TRAIN	96	463.4	100.0	-130.16	8.01	0.17	2401
hz4x4_setting4_dqn_jlgat	SIM_TRAIN	0	378.9	0.7	-27.32	1.58	0.09	2922
hz4x4_setting4_dqn_jlgat	SIM_TEST	97	373.0	100.0	-25.91	1.48	0.09	2929
hz4x4_setting4_dqn_jlgat	REAL_TRAIN	97	483.5	100.0	-156.08	9.64	0.17	2335
hz4x4_setting4_dqn_jlgat	SIM_TRAIN	0	378.1	0.7	-26.80	1.54	0.09	2924
hz4x4_setting4_dqn_jlgat	SIM_TEST	98	376.5	100.0	-26.37	1.51	0.09	2925
hz4x4_setting4_dqn_jlgat	REAL_TRAIN	98	464.6	100.0	-135.33	8.34	0.17	2364
hz4x4_setting4_dqn_jlgat	SIM_TRAIN	0	388.5	0.7	-27.71	1.60	0.09	2909
hz4x4_setting4_dqn_jlgat	SIM_TEST	99	365.1	100.0	-26.44	1.52	0.09	2925
hz4x4_setting4_dqn_jlgat	REAL_TRAIN	99	451.2	100.0	-113.50	6.97	0.17	2430
hz4x4_setting4_dqn_jlgat	SIM_TRAIN	0	381.2	0.7	-26.20	1.51	0.09	2921
