bullhead_1_barrier_leading_lagging_fixed_presslight_dr	SIM_TRAIN	0	143.2	0.0	-14.77	11.30	0.74	1395	0.0000	0.0944
bullhead_1_barrier_leading_lagging_fixed_presslight_dr	SIM_TRAIN	1	143.6	0.0	-14.64	11.50	0.66	1398	0.0000	0.0667
bullhead_1_barrier_leading_lagging_fixed_presslight_dr	SIM_TRAIN	2	131.8	27.5	-10.01	7.05	0.68	1398	0.0000	0.0250
bullhead_1_barrier_leading_lagging_fixed_presslight_dr	SIM_TRAIN	3	129.3	20.4	-9.06	6.24	0.72	1393	0.0000	0.0694
bullhead_1_barrier_leading_lagging_fixed_presslight_dr	REAL_TEST	3	156.7	100.0	-36.79	13.15	0.80	1278	0.0000	0.1472
bullhead_1_barrier_leading_lagging_fixed_presslight_dr	SIM_TRAIN	4	130.5	17.5	-9.56	6.65	0.72	1398	0.0000	0.0361
bullhead_1_barrier_leading_lagging_fixed_presslight_dr	SIM_TRAIN	5	134.4	16.3	-11.05	8.12	0.71	1390	0.0000	0.0694
bullhead_1_barrier_leading_lagging_fixed_presslight_dr	SIM_TRAIN	6	127.8	14.9	-8.40	5.64	0.70	1397	0.0000	0.0444
bullhead_1_barrier_leading_lagging_fixed_presslight_dr	REAL_TEST	6	156.4	100.0	-36.70	13.12	0.80	1275	0.0000	0.1583
bullhead_1_barrier_leading_lagging_fixed_presslight_dr	SIM_TRAIN	7	132.2	13.4	-10.09	7.04	0.76	1398	0.0000	0.0333
bullhead_1_barrier_leading_lagging_fixed_presslight_dr	SIM_TRAIN	8	129.7	12.8	-9.17	6.29	0.72	1390	0.0000	0.0556
bullhead_1_barrier_leading_lagging_fixed_presslight_dr	SIM_TRAIN	9	177.2	12.0	-16.97	13.68	0.86	1354	0.0000	0.0472
bullhead_1_barrier_leading_lagging_fixed_presslight_dr	REAL_TEST	9	157.3	100.0	-37.04	13.43	0.80	1275	0.0000	0.1611
bullhead_1_barrier_leading_lagging_fixed_presslight_dr	SIM_TRAIN	10	129.9	11.5	-9.25	6.45	0.70	1397	0.0000	0.0750
bullhead_1_barrier_leading_lagging_fixed_presslight_dr	SIM_TRAIN	11	132.2	11.4	-10.18	7.01	0.69	1397	0.0000	0.0861
bullhead_1_barrier_leading_lagging_fixed_presslight_dr	SIM_TRAIN	12	129.9	11.7	-9.34	6.32	0.70	1397	0.0000	0.0889
bullhead_1_barrier_leading_lagging_fixed_presslight_dr	REAL_TEST	12	157.8	100.0	-37.23	13.63	0.80	1273	0.0000	0.1611
bullhead_1_barrier_leading_lagging_fixed_presslight_dr	SIM_TRAIN	13	128.0	11.3	-8.47	5.71	0.68	1395	0.0000	0.0583
bullhead_1_barrier_leading_lagging_fixed_presslight_dr	SIM_TRAIN	14	127.4	11.1	-8.39	5.47	0.68	1385	0.0000	0.0556
bullhead_1_barrier_leading_lagging_fixed_presslight_dr	SIM_TRAIN	15	131.6	10.8	-9.97	7.08	0.69	1395	0.0000	0.0944
bullhead_1_barrier_leading_lagging_fixed_presslight_dr	REAL_TEST	15	156.0	100.0	-36.56	12.97	0.80	1275	0.0000	0.1583
bullhead_1_barrier_leading_lagging_fixed_presslight_dr	SIM_TRAIN	16	127.3	10.4	-8.29	5.35	0.68	1396	0.0000	0.0806
bullhead_1_barrier_leading_lagging_fixed_presslight_dr	SIM_TRAIN	17	133.0	9.5	-10.47	7.69	0.67	1396	0.0000	0.0917
bullhead_1_barrier_leading_lagging_fixed_presslight_dr	SIM_TRAIN	18	126.4	9.4	-7.86	5.09	0.70	1398	0.0000	0.0306
bullhead_1_barrier_leading_lagging_fixed_presslight_dr	REAL_TEST	18	157.3	100.0	-37.04	13.43	0.80	1275	0.0000	0.1611
bullhead_1_barrier_leading_lagging_fixed_presslight_dr	SIM_TRAIN	19	133.0	9.3	-10.56	7.33	0.64	1390	0.0000	0.0778
bullhead_1_barrier_leading_lagging_fixed_presslight_dr	SIM_TRAIN	20	174.3	9.7	-15.67	12.57	0.74	1362	0.0000	0.1083
bullhead_1_barrier_leading_lagging_fixed_presslight_dr	SIM_TRAIN	21	138.1	9.7	-12.32	9.34	0.81	1389	0.0000	0.1194
bullhead_1_barrier_leading_lagging_fixed_presslight_dr	REAL_TEST	21	160.3	100.0	-38.16	14.57	0.80	1274	0.0000	0.1583
bullhead_1_barrier_leading_lagging_fixed_presslight_dr	SIM_TRAIN	22	126.2	9.7	-7.79	4.97	0.69	1396	0.0000	0.0472
bullhead_1_barrier_leading_lagging_fixed_presslight_dr	SIM_TRAIN	23	170.5	9.7	-13.35	10.36	0.80	1366	0.0000	0.1500
bullhead_1_barrier_leading_lagging_fixed_presslight_dr	SIM_TRAIN	24	125.2	9.0	-7.36	4.64	0.67	1398	0.0000	0.0500
bullhead_1_barrier_leading_lagging_fixed_presslight_dr	REAL_TEST	24	160.9	100.0	-38.35	14.76	0.80	1273	0.0000	0.1000
bullhead_1_barrier_leading_lagging_fixed_presslight_dr	SIM_TRAIN	25	128.8	8.2	-8.84	5.95	0.69	1397	0.0000	0.0667
bullhead_1_barrier_leading_lagging_fixed_presslight_dr	SIM_TRAIN	26	128.2	7.8	-8.63	5.77	0.66	1395	0.0000	0.0667
bullhead_1_barrier_leading_lagging_fixed_presslight_dr	SIM_TRAIN	27	133.3	7.6	-10.69	7.68	0.74	1396	0.0000	0.0917
bullhead_1_barrier_leading_lagging_fixed_presslight_dr	REAL_TEST	27	166.2	100.0	-40.31	16.80	0.81	1268	0.0000	0.1306
bullhead_1_barrier_leading_lagging_fixed_presslight_dr	SIM_TRAIN	28	131.4	7.4	-9.96	6.86	0.67	1397	0.0000	0.0917
bullhead_1_barrier_leading_lagging_fixed_presslight_dr	SIM_TRAIN	29	131.7	7.8	-10.00	7.06	0.67	1395	0.0000	0.0861
bullhead_1_barrier_leading_lagging_fixed_presslight_dr	SIM_TRAIN	30	129.8	8.0	-9.25	6.39	0.68	1395	0.0000	0.0750
bullhead_1_barrier_leading_lagging_fixed_presslight_dr	REAL_TEST	30	168.0	100.0	-41.00	17.46	0.81	1273	0.0000	0.1667
bullhead_1_barrier_leading_lagging_fixed_presslight_dr	SIM_TRAIN	31	128.0	8.2	-8.53	5.74	0.70	1392	0.0000	0.0528
bullhead_1_barrier_leading_lagging_fixed_presslight_dr	SIM_TRAIN	32	134.4	8.5	-11.18	8.16	0.66	1397	0.0000	0.0722
bullhead_1_barrier_leading_lagging_fixed_presslight_dr	SIM_TRAIN	33	135.9	8.4	-11.74	8.69	0.68	1398	0.0000	0.1056
bullhead_1_barrier_leading_lagging_fixed_presslight_dr	REAL_TEST	33	164.4	100.0	-39.65	16.10	0.80	1272	0.0000	0.1306
bullhead_1_barrier_leading_lagging_fixed_presslight_dr	SIM_TRAIN	34	128.6	8.6	-8.80	5.78	0.67	1392	0.0000	0.0667
bullhead_1_barrier_leading_lagging_fixed_presslight_dr	SIM_TRAIN	35	128.5	8.5	-8.70	5.90	0.65	1394	0.0000	0.1000
bullhead_1_barrier_leading_lagging_fixed_presslight_dr	SIM_TRAIN	36	131.2	8.1	-9.83	6.81	0.67	1396	0.0000	0.0694
bullhead_1_barrier_leading_lagging_fixed_presslight_dr	REAL_TEST	36	161.2	100.0	-38.45	14.91	0.81	1274	0.0000	0.1667
bullhead_1_barrier_leading_lagging_fixed_presslight_dr	SIM_TRAIN	37	126.7	8.1	-8.04	5.25	0.65	1398	0.0000	0.0694
bullhead_1_barrier_leading_lagging_fixed_presslight_dr	SIM_TRAIN	38	137.7	8.6	-12.77	9.49	0.61	1379	0.0000	0.0611
bullhead_1_barrier_leading_lagging_fixed_presslight_dr	SIM_TRAIN	39	130.0	8.9	-9.32	6.50	0.71	1398	0.0000	0.0917
bullhead_1_barrier_leading_lagging_fixed_presslight_dr	REAL_TEST	39	157.1	100.0	-36.93	13.36	0.80	1276	0.0000	0.1639
bullhead_1_barrier_leading_lagging_fixed_presslight_dr	SIM_TRAIN	40	130.0	9.2	-9.39	6.38	0.68	1391	0.0000	0.1083
bullhead_1_barrier_leading_lagging_fixed_presslight_dr	SIM_TRAIN	41	137.5	9.3	-12.54	9.37	0.64	1380	0.0000	0.0917
bullhead_1_barrier_leading_lagging_fixed_presslight_dr	SIM_TRAIN	42	128.2	9.9	-8.59	5.79	0.64	1392	0.0000	0.0778
bullhead_1_barrier_leading_lagging_fixed_presslight_dr	REAL_TEST	42	155.0	100.0	-36.07	12.48	0.79	1278	0.0000	0.1667
bullhead_1_barrier_leading_lagging_fixed_presslight_dr	SIM_TRAIN	43	129.2	9.6	-8.99	6.12	0.61	1397	0.0000	0.0833
bullhead_1_barrier_leading_lagging_fixed_presslight_dr	SIM_TRAIN	44	129.9	9.4	-9.26	6.45	0.65	1395	0.0000	0.0806
bullhead_1_barrier_leading_lagging_fixed_presslight_dr	SIM_TRAIN	45	126.4	9.5	-7.79	5.09	0.65	1399	0.0000	0.0583
bullhead_1_barrier_leading_lagging_fixed_presslight_dr	REAL_TEST	45	155.0	100.0	-36.08	12.53	0.79	1277	0.0000	0.1639
bullhead_1_barrier_leading_lagging_fixed_presslight_dr	SIM_TRAIN	46	126.0	8.9	-7.71	4.95	0.66	1398	0.0000	0.0611
bullhead_1_barrier_leading_lagging_fixed_presslight_dr	SIM_TRAIN	47	132.7	8.2	-10.29	7.52	0.73	1397	0.0000	0.1194
bullhead_1_barrier_leading_lagging_fixed_presslight_dr	SIM_TRAIN	48	144.7	8.3	-13.26	10.35	0.79	1386	0.0000	0.1222
bullhead_1_barrier_leading_lagging_fixed_presslight_dr	REAL_TEST	48	154.6	100.0	-35.93	12.38	0.78	1277	0.0000	0.1639
bullhead_1_barrier_leading_lagging_fixed_presslight_dr	SIM_TRAIN	49	130.1	8.7	-9.36	6.48	0.65	1397	0.0000	0.1000
bullhead_1_barrier_leading_lagging_fixed_presslight_dr	SIM_TRAIN	50	137.7	8.9	-12.03	8.80	0.70	1396	0.0000	0.1694
bullhead_1_barrier_leading_lagging_fixed_presslight_dr	SIM_TRAIN	51	189.6	8.3	-11.71	8.65	0.75	1344	0.0000	0.1583
bullhead_1_barrier_leading_lagging_fixed_presslight_dr	REAL_TEST	51	152.6	100.0	-38.26	14.43	0.76	1350	0.0000	0.1583
bullhead_1_barrier_leading_lagging_fixed_presslight_dr	SIM_TRAIN	52	132.1	8.4	-10.26	7.11	0.66	1398	0.0000	0.0944
bullhead_1_barrier_leading_lagging_fixed_presslight_dr	SIM_TRAIN	53	140.1	8.5	-13.31	10.27	0.70	1398	0.0000	0.1250
bullhead_1_barrier_leading_lagging_fixed_presslight_dr	SIM_TRAIN	54	125.6	8.0	-7.49	4.81	0.64	1399	0.0000	0.0806
bullhead_1_barrier_leading_lagging_fixed_presslight_dr	REAL_TEST	54	154.4	100.0	-35.89	12.30	0.78	1278	0.0000	0.1667
bullhead_1_barrier_leading_lagging_fixed_presslight_dr	SIM_TRAIN	55	132.6	7.9	-10.52	7.40	0.62	1387	0.0000	0.0639
bullhead_1_barrier_leading_lagging_fixed_presslight_dr	SIM_TRAIN	56	126.6	7.2	-8.04	5.26	0.64	1390	0.0000	0.0833
bullhead_1_barrier_leading_lagging_fixed_presslight_dr	SIM_TRAIN	57	133.8	7.3	-11.02	7.96	0.67	1395	0.0000	0.0778
bullhead_1_barrier_leading_lagging_fixed_presslight_dr	REAL_TEST	57	160.0	100.0	-38.04	14.47	0.80	1276	0.0000	0.1667
bullhead_1_barrier_leading_lagging_fixed_presslight_dr	SIM_TRAIN	58	202.7	7.3	-21.83	18.21	0.83	1353	0.0000	0.1639
bullhead_1_barrier_leading_lagging_fixed_presslight_dr	SIM_TRAIN	59	131.7	8.5	-9.99	7.01	0.63	1397	0.0000	0.0833
bullhead_1_barrier_leading_lagging_fixed_presslight_dr	SIM_TRAIN	60	127.8	8.7	-8.43	5.62	0.65	1397	0.0000	0.0806
bullhead_1_barrier_leading_lagging_fixed_presslight_dr	REAL_TEST	60	155.5	100.0	-36.32	12.76	0.80	1277	0.0000	0.1639
bullhead_1_barrier_leading_lagging_fixed_presslight_dr	SIM_TRAIN	61	133.9	8.9	-10.87	7.55	0.67	1398	0.0000	0.0417
bullhead_1_barrier_leading_lagging_fixed_presslight_dr	SIM_TRAIN	62	125.8	9.6	-7.67	4.94	0.66	1394	0.0000	0.0722
bullhead_1_barrier_leading_lagging_fixed_presslight_dr	SIM_TRAIN	63	141.3	8.5	-10.92	8.00	0.73	1374	0.0000	0.1194
bullhead_1_barrier_leading_lagging_fixed_presslight_dr	REAL_TEST	63	157.3	100.0	-37.00	13.43	0.80	1277	0.0000	0.1667
bullhead_1_barrier_leading_lagging_fixed_presslight_dr	SIM_TRAIN	64	149.4	8.6	-13.12	10.06	0.80	1390	0.0000	0.1222
bullhead_1_barrier_leading_lagging_fixed_presslight_dr	SIM_TRAIN	65	141.4	9.4	-12.55	9.64	0.78	1395	0.0000	0.1306
bullhead_1_barrier_leading_lagging_fixed_presslight_dr	SIM_TRAIN	66	132.5	9.4	-10.28	7.31	0.72	1392	0.0000	0.1111
bullhead_1_barrier_leading_lagging_fixed_presslight_dr	REAL_TEST	66	158.2	100.0	-37.37	13.78	0.80	1276	0.0000	0.1639
bullhead_1_barrier_leading_lagging_fixed_presslight_dr	SIM_TRAIN	67	147.9	9.8	-14.31	11.33	0.70	1376	0.0000	0.1250
bullhead_1_barrier_leading_lagging_fixed_presslight_dr	SIM_TRAIN	68	127.4	10.6	-8.25	5.50	0.64	1397	0.0000	0.0722
bullhead_1_barrier_leading_lagging_fixed_presslight_dr	SIM_TRAIN	69	131.1	10.5	-10.00	6.87	0.69	1397	0.0000	0.0889
bullhead_1_barrier_leading_lagging_fixed_presslight_dr	REAL_TEST	69	154.7	100.0	-36.00	12.45	0.79	1278	0.0000	0.1667
bullhead_1_barrier_leading_lagging_fixed_presslight_dr	SIM_TRAIN	70	130.0	10.5	-9.39	6.36	0.70	1393	0.0000	0.0472
bullhead_1_barrier_leading_lagging_fixed_presslight_dr	SIM_TRAIN	71	127.8	10.3	-8.40	5.59	0.66	1396	0.0000	0.0833
bullhead_1_barrier_leading_lagging_fixed_presslight_dr	SIM_TRAIN	72	151.7	10.0	-14.51	11.40	0.75	1387	0.0000	0.1028
bullhead_1_barrier_leading_lagging_fixed_presslight_dr	REAL_TEST	72	161.9	100.0	-38.72	15.14	0.81	1276	0.0000	0.1583
bullhead_1_barrier_leading_lagging_fixed_presslight_dr	SIM_TRAIN	73	129.4	10.5	-9.13	6.04	0.65	1394	0.0000	0.0278
bullhead_1_barrier_leading_lagging_fixed_presslight_dr	SIM_TRAIN	74	130.0	10.2	-9.38	6.36	0.66	1397	0.0000	0.0222
bullhead_1_barrier_leading_lagging_fixed_presslight_dr	SIM_TRAIN	75	127.6	9.3	-8.33	5.64	0.65	1396	0.0000	0.0417
bullhead_1_barrier_leading_lagging_fixed_presslight_dr	REAL_TEST	75	156.5	100.0	-36.74	13.16	0.80	1270	0.0000	0.1639
bullhead_1_barrier_leading_lagging_fixed_presslight_dr	SIM_TRAIN	76	127.4	9.0	-8.30	5.58	0.66	1398	0.0000	0.0750
bullhead_1_barrier_leading_lagging_fixed_presslight_dr	SIM_TRAIN	77	129.1	8.9	-8.94	6.06	0.63	1399	0.0000	0.0583
bullhead_1_barrier_leading_lagging_fixed_presslight_dr	SIM_TRAIN	78	128.9	8.3	-8.87	5.95	0.70	1393	0.0000	0.0528
bullhead_1_barrier_leading_lagging_fixed_presslight_dr	REAL_TEST	78	155.2	100.0	-36.14	12.57	0.79	1277	0.0000	0.1667
bullhead_1_barrier_leading_lagging_fixed_presslight_dr	SIM_TRAIN	79	125.7	7.8	-7.58	4.84	0.64	1398	0.0000	0.0917
bullhead_1_barrier_leading_lagging_fixed_presslight_dr	SIM_TRAIN	80	134.7	7.2	-11.38	7.87	0.65	1395	0.0000	0.0833
bullhead_1_barrier_leading_lagging_fixed_presslight_dr	SIM_TRAIN	81	129.2	6.9	-9.03	6.14	0.61	1399	0.0000	0.0667
bullhead_1_barrier_leading_lagging_fixed_presslight_dr	REAL_TEST	81	155.3	100.0	-36.25	12.69	0.79	1278	0.0000	0.1639
bullhead_1_barrier_leading_lagging_fixed_presslight_dr	SIM_TRAIN	82	129.0	6.5	-8.95	6.05	0.65	1397	0.0000	0.0611
bullhead_1_barrier_leading_lagging_fixed_presslight_dr	SIM_TRAIN	83	132.5	6.4	-10.31	7.37	0.62	1396	0.0000	0.1111
bullhead_1_barrier_leading_lagging_fixed_presslight_dr	SIM_TRAIN	84	128.4	6.6	-8.70	5.88	0.69	1397	0.0000	0.0750
bullhead_1_barrier_leading_lagging_fixed_presslight_dr	REAL_TEST	84	158.7	100.0	-37.54	13.90	0.81	1278	0.0000	0.1917
bullhead_1_barrier_leading_lagging_fixed_presslight_dr	SIM_TRAIN	85	129.9	6.9	-9.36	6.51	0.74	1391	0.0000	0.1028
bullhead_1_barrier_leading_lagging_fixed_presslight_dr	SIM_TRAIN	86	131.0	7.0	-9.74	6.83	0.71	1398	0.0000	0.0750
bullhead_1_barrier_leading_lagging_fixed_presslight_dr	SIM_TRAIN	87	126.3	6.7	-7.87	5.07	0.68	1398	0.0000	0.0861
bullhead_1_barrier_leading_lagging_fixed_presslight_dr	REAL_TEST	87	154.9	100.0	-36.04	12.44	0.79	1278	0.0000	0.1667
bullhead_1_barrier_leading_lagging_fixed_presslight_dr	SIM_TRAIN	88	129.3	6.2	-9.05	6.41	0.75	1391	0.0000	0.1028
bullhead_1_barrier_leading_lagging_fixed_presslight_dr	SIM_TRAIN	89	131.7	6.2	-10.04	7.16	0.60	1383	0.0000	0.0778
bullhead_1_barrier_leading_lagging_fixed_presslight_dr	SIM_TRAIN	90	125.4	6.0	-7.46	4.78	0.66	1397	0.0000	0.0694
bullhead_1_barrier_leading_lagging_fixed_presslight_dr	REAL_TEST	90	155.0	100.0	-36.07	12.48	0.79	1278	0.0000	0.1667
bullhead_1_barrier_leading_lagging_fixed_presslight_dr	SIM_TRAIN	91	134.5	6.0	-11.14	8.18	0.76	1395	0.0000	0.1167
bullhead_1_barrier_leading_lagging_fixed_presslight_dr	SIM_TRAIN	92	129.6	6.1	-9.34	6.26	0.67	1399	0.0000	0.0889
bullhead_1_barrier_leading_lagging_fixed_presslight_dr	SIM_TRAIN	93	137.5	6.1	-12.13	9.14	0.78	1395	0.0000	0.0889
bullhead_1_barrier_leading_lagging_fixed_presslight_dr	REAL_TEST	93	154.9	100.0	-36.07	12.48	0.78	1278	0.0000	0.1639
bullhead_1_barrier_leading_lagging_fixed_presslight_dr	SIM_TRAIN	94	128.4	6.4	-8.65	5.81	0.66	1395	0.0000	0.0694
bullhead_1_barrier_leading_lagging_fixed_presslight_dr	SIM_TRAIN	95	130.7	6.3	-9.57	6.72	0.64	1394	0.0000	0.1028
bullhead_1_barrier_leading_lagging_fixed_presslight_dr	SIM_TRAIN	96	128.2	6.2	-8.63	5.80	0.65	1398	0.0000	0.0667
bullhead_1_barrier_leading_lagging_fixed_presslight_dr	REAL_TEST	96	156.6	100.0	-36.73	13.05	0.79	1277	0.0000	0.1528
bullhead_1_barrier_leading_lagging_fixed_presslight_dr	SIM_TRAIN	97	126.3	6.1	-7.80	5.06	0.69	1398	0.0000	0.0972
bullhead_1_barrier_leading_lagging_fixed_presslight_dr	SIM_TRAIN	98	129.9	5.8	-9.27	6.54	0.66	1397	0.0000	0.1083
bullhead_1_barrier_leading_lagging_fixed_presslight_dr	SIM_TRAIN	99	126.2	5.7	-7.79	5.01	0.66	1398	0.0000	0.0667
bullhead_1_barrier_leading_lagging_fixed_presslight_dr	REAL_TEST	99	1800.1	100.0	-414.69	406.14	0.80	199	0.0000	0.1917
bullhead_1_barrier_leading_lagging_fixed_presslight_dr	SIM_TRAIN	100	134.8	5.8	-11.44	8.27	0.69	1389	0.0000	0.0556
bullhead_1_barrier_leading_lagging_fixed_presslight_dr	SIM_TRAIN	101	128.7	6.0	-8.85	5.96	0.71	1394	0.0000	0.0889
bullhead_1_barrier_leading_lagging_fixed_presslight_dr	SIM_TRAIN	102	128.8	6.3	-8.85	6.05	0.72	1397	0.0000	0.0528
bullhead_1_barrier_leading_lagging_fixed_presslight_dr	REAL_TEST	102	1955.2	100.0	-431.72	423.82	0.78	162	0.0000	0.1917
bullhead_1_barrier_leading_lagging_fixed_presslight_dr	SIM_TRAIN	103	195.7	7.9	-35.63	30.67	0.78	1346	0.0000	0.1500
bullhead_1_barrier_leading_lagging_fixed_presslight_dr	SIM_TRAIN	104	164.0	10.2	-14.14	11.22	0.82	1370	0.0000	0.0722
bullhead_1_barrier_leading_lagging_fixed_presslight_dr	SIM_TRAIN	105	126.1	10.0	-7.68	5.06	0.67	1398	0.0000	0.0639
bullhead_1_barrier_leading_lagging_fixed_presslight_dr	REAL_TEST	105	1968.9	100.0	-432.64	424.77	0.78	159	0.0000	0.1917
bullhead_1_barrier_leading_lagging_fixed_presslight_dr	SIM_TRAIN	106	138.3	9.9	-12.59	9.87	0.65	1385	0.0000	0.1306
bullhead_1_barrier_leading_lagging_fixed_presslight_dr	SIM_TRAIN	107	129.1	9.1	-8.95	6.13	0.67	1396	0.0000	0.0639
bullhead_1_barrier_leading_lagging_fixed_presslight_dr	SIM_TRAIN	108	128.4	9.2	-8.79	5.85	0.69	1396	0.0000	0.1111
bullhead_1_barrier_leading_lagging_fixed_presslight_dr	REAL_TEST	108	159.6	100.0	-37.90	14.31	0.81	1273	0.0000	0.1556
bullhead_1_barrier_leading_lagging_fixed_presslight_dr	SIM_TRAIN	109	130.0	9.2	-9.30	6.47	0.70	1397	0.0000	0.0722
bullhead_1_barrier_leading_lagging_fixed_presslight_dr	SIM_TRAIN	110	126.4	9.1	-7.80	5.11	0.67	1399	0.0000	0.0861
bullhead_1_barrier_leading_lagging_fixed_presslight_dr	SIM_TRAIN	111	128.8	8.8	-8.84	6.03	0.69	1396	0.0000	0.0694
bullhead_1_barrier_leading_lagging_fixed_presslight_dr	REAL_TEST	111	158.1	100.0	-37.34	13.74	0.80	1276	0.0000	0.1528
bullhead_1_barrier_leading_lagging_fixed_presslight_dr	SIM_TRAIN	112	142.9	9.3	-13.67	10.77	0.77	1390	0.0000	0.1028
bullhead_1_barrier_leading_lagging_fixed_presslight_dr	SIM_TRAIN	113	135.2	9.5	-11.46	8.41	0.68	1396	0.0000	0.0833
bullhead_1_barrier_leading_lagging_fixed_presslight_dr	SIM_TRAIN	114	137.3	9.6	-12.08	8.87	0.70	1395	0.0000	0.1028
bullhead_1_barrier_leading_lagging_fixed_presslight_dr	REAL_TEST	114	156.2	100.0	-36.62	13.03	0.80	1276	0.0000	0.1472
bullhead_1_barrier_leading_lagging_fixed_presslight_dr	SIM_TRAIN	115	131.7	9.7	-10.09	7.08	0.62	1399	0.0000	0.0833
bullhead_1_barrier_leading_lagging_fixed_presslight_dr	SIM_TRAIN	116	135.4	10.5	-11.44	8.36	0.63	1397	0.0000	0.1056
bullhead_1_barrier_leading_lagging_fixed_presslight_dr	SIM_TRAIN	117	129.4	9.5	-9.05	6.25	0.67	1395	0.0000	0.0528
bullhead_1_barrier_leading_lagging_fixed_presslight_dr	REAL_TEST	117	157.5	100.0	-37.08	13.49	0.81	1274	0.0000	0.1333
bullhead_1_barrier_leading_lagging_fixed_presslight_dr	SIM_TRAIN	118	149.5	8.4	-12.56	9.56	0.70	1370	0.0000	0.0694
bullhead_1_barrier_leading_lagging_fixed_presslight_dr	SIM_TRAIN	119	134.6	8.2	-11.17	8.22	0.73	1397	0.0000	0.1222
bullhead_1_barrier_leading_lagging_fixed_presslight_dr	SIM_TRAIN	120	131.2	8.4	-9.87	7.03	0.77	1396	0.0000	0.0806
bullhead_1_barrier_leading_lagging_fixed_presslight_dr	REAL_TEST	120	156.4	100.0	-36.62	12.95	0.79	1278	0.0000	0.0778
bullhead_1_barrier_leading_lagging_fixed_presslight_dr	SIM_TRAIN	121	128.8	8.1	-8.90	6.03	0.67	1398	0.0000	0.1306
bullhead_1_barrier_leading_lagging_fixed_presslight_dr	SIM_TRAIN	122	153.4	8.0	-14.62	11.85	0.81	1386	0.0000	0.1250
bullhead_1_barrier_leading_lagging_fixed_presslight_dr	SIM_TRAIN	123	129.2	8.2	-9.07	6.25	0.69	1398	0.0000	0.1333
bullhead_1_barrier_leading_lagging_fixed_presslight_dr	REAL_TEST	123	155.4	100.0	-36.29	12.69	0.79	1276	0.0000	0.1111
bullhead_1_barrier_leading_lagging_fixed_presslight_dr	SIM_TRAIN	124	130.7	8.0	-9.57	6.63	0.69	1396	0.0000	0.0778
bullhead_1_barrier_leading_lagging_fixed_presslight_dr	SIM_TRAIN	125	137.4	8.0	-11.80	9.01	0.78	1393	0.0000	0.1250
bullhead_1_barrier_leading_lagging_fixed_presslight_dr	SIM_TRAIN	126	126.9	7.9	-8.04	5.35	0.63	1395	0.0000	0.0944
bullhead_1_barrier_leading_lagging_fixed_presslight_dr	REAL_TEST	126	155.2	100.0	-36.20	12.62	0.79	1277	0.0000	0.1333
bullhead_1_barrier_leading_lagging_fixed_presslight_dr	SIM_TRAIN	127	140.4	8.1	-13.58	10.34	0.81	1389	0.0000	0.1139
bullhead_1_barrier_leading_lagging_fixed_presslight_dr	SIM_TRAIN	128	128.3	8.0	-8.65	5.97	0.68	1396	0.0000	0.0694
bullhead_1_barrier_leading_lagging_fixed_presslight_dr	SIM_TRAIN	129	133.6	7.7	-10.80	7.89	0.68	1397	0.0000	0.0889
bullhead_1_barrier_leading_lagging_fixed_presslight_dr	REAL_TEST	129	154.9	100.0	-36.13	12.55	0.79	1276	0.0000	0.1306
bullhead_1_barrier_leading_lagging_fixed_presslight_dr	SIM_TRAIN	130	134.8	7.3	-11.24	8.51	0.81	1394	0.0000	0.1333
bullhead_1_barrier_leading_lagging_fixed_presslight_dr	SIM_TRAIN	131	129.2	6.6	-9.01	6.18	0.66	1398	0.0000	0.0583
bullhead_1_barrier_leading_lagging_fixed_presslight_dr	SIM_TRAIN	132	128.8	6.5	-8.94	6.08	0.67	1389	0.0000	0.0806
bullhead_1_barrier_leading_lagging_fixed_presslight_dr	REAL_TEST	132	156.7	100.0	-36.76	13.14	0.80	1276	0.0000	0.0528
bullhead_1_barrier_leading_lagging_fixed_presslight_dr	SIM_TRAIN	133	129.2	6.4	-8.99	6.11	0.62	1394	0.0000	0.0917
bullhead_1_barrier_leading_lagging_fixed_presslight_dr	SIM_TRAIN	134	150.1	6.8	-16.85	13.91	0.82	1382	0.0000	0.1417
bullhead_1_barrier_leading_lagging_fixed_presslight_dr	SIM_TRAIN	135	129.1	6.8	-9.15	6.22	0.68	1391	0.0000	0.0861
bullhead_1_barrier_leading_lagging_fixed_presslight_dr	REAL_TEST	135	154.4	100.0	-35.88	12.29	0.77	1278	0.0000	0.1278
bullhead_1_barrier_leading_lagging_fixed_presslight_dr	SIM_TRAIN	136	129.6	6.6	-9.21	6.46	0.69	1393	0.0000	0.0944
bullhead_1_barrier_leading_lagging_fixed_presslight_dr	SIM_TRAIN	137	126.9	6.3	-8.06	5.32	0.67	1398	0.0000	0.0833
bullhead_1_barrier_leading_lagging_fixed_presslight_dr	SIM_TRAIN	138	188.4	6.1	-12.74	9.72	0.76	1349	0.0000	0.1139
bullhead_1_barrier_leading_lagging_fixed_presslight_dr	REAL_TEST	138	155.9	100.0	-36.49	12.88	0.80	1275	0.0000	0.1000
bullhead_1_barrier_leading_lagging_fixed_presslight_dr	SIM_TRAIN	139	128.3	6.0	-8.67	5.92	0.67	1398	0.0000	0.0944
bullhead_1_barrier_leading_lagging_fixed_presslight_dr	SIM_TRAIN	140	142.6	5.9	-12.90	10.13	0.83	1392	0.0000	0.1222
bullhead_1_barrier_leading_lagging_fixed_presslight_dr	SIM_TRAIN	141	128.1	5.9	-8.58	5.77	0.64	1388	0.0000	0.0917
bullhead_1_barrier_leading_lagging_fixed_presslight_dr	REAL_TEST	141	155.3	100.0	-36.26	12.68	0.80	1276	0.0000	0.1389
bullhead_1_barrier_leading_lagging_fixed_presslight_dr	SIM_TRAIN	142	129.0	5.7	-8.93	6.09	0.69	1392	0.0000	0.0972
bullhead_1_barrier_leading_lagging_fixed_presslight_dr	SIM_TRAIN	143	161.6	5.5	-13.14	10.21	0.79	1373	0.0000	0.1361
bullhead_1_barrier_leading_lagging_fixed_presslight_dr	SIM_TRAIN	144	128.9	5.7	-8.87	6.01	0.64	1396	0.0000	0.0639
bullhead_1_barrier_leading_lagging_fixed_presslight_dr	REAL_TEST	144	154.6	100.0	-35.96	12.38	0.77	1273	0.0000	0.1528
bullhead_1_barrier_leading_lagging_fixed_presslight_dr	SIM_TRAIN	145	129.7	5.7	-9.18	6.27	0.66	1395	0.0000	0.0694
bullhead_1_barrier_leading_lagging_fixed_presslight_dr	SIM_TRAIN	146	131.3	6.1	-9.97	6.99	0.66	1399	0.0000	0.0556
bullhead_1_barrier_leading_lagging_fixed_presslight_dr	SIM_TRAIN	147	168.6	6.0	-13.95	11.12	0.80	1364	0.0000	0.1361
bullhead_1_barrier_leading_lagging_fixed_presslight_dr	REAL_TEST	147	157.1	100.0	-36.90	13.24	0.80	1277	0.0000	0.1167
bullhead_1_barrier_leading_lagging_fixed_presslight_dr	SIM_TRAIN	148	133.0	5.8	-10.44	7.61	0.72	1395	0.0000	0.1167
bullhead_1_barrier_leading_lagging_fixed_presslight_dr	SIM_TRAIN	149	126.6	5.7	-7.96	5.21	0.64	1399	0.0000	0.0528
bullhead_1_barrier_leading_lagging_fixed_presslight_dr	SIM_TRAIN	150	163.5	5.7	-11.60	8.76	0.73	1367	0.0000	0.1333
bullhead_1_barrier_leading_lagging_fixed_presslight_dr	REAL_TEST	150	156.3	100.0	-36.63	12.96	0.80	1277	0.0000	0.1194
bullhead_1_barrier_leading_lagging_fixed_presslight_dr	SIM_TRAIN	151	176.7	5.9	-13.11	10.09	0.75	1355	0.0000	0.1139
bullhead_1_barrier_leading_lagging_fixed_presslight_dr	SIM_TRAIN	152	134.1	6.1	-10.67	7.81	0.68	1398	0.0000	0.0944
bullhead_1_barrier_leading_lagging_fixed_presslight_dr	SIM_TRAIN	153	138.3	6.6	-13.05	9.81	0.68	1388	0.0000	0.0889
bullhead_1_barrier_leading_lagging_fixed_presslight_dr	REAL_TEST	153	156.1	100.0	-36.50	12.86	0.80	1279	0.0000	0.1111
bullhead_1_barrier_leading_lagging_fixed_presslight_dr	SIM_TRAIN	154	184.3	6.9	-16.24	13.05	0.85	1352	0.0000	0.1083
bullhead_1_barrier_leading_lagging_fixed_presslight_dr	SIM_TRAIN	155	126.3	6.8	-7.78	5.08	0.64	1398	0.0000	0.0528
bullhead_1_barrier_leading_lagging_fixed_presslight_dr	SIM_TRAIN	156	126.8	6.4	-7.96	5.25	0.64	1399	0.0000	0.0611
bullhead_1_barrier_leading_lagging_fixed_presslight_dr	REAL_TEST	156	156.8	100.0	-36.76	13.07	0.79	1273	0.0000	0.0083
bullhead_1_barrier_leading_lagging_fixed_presslight_dr	SIM_TRAIN	157	127.5	6.5	-8.29	5.52	0.64	1396	0.0000	0.0417
bullhead_1_barrier_leading_lagging_fixed_presslight_dr	SIM_TRAIN	158	125.3	6.0	-7.40	4.73	0.64	1397	0.0000	0.0556
bullhead_1_barrier_leading_lagging_fixed_presslight_dr	SIM_TRAIN	159	140.4	5.7	-11.89	9.10	0.76	1385	0.0000	0.1472
bullhead_1_barrier_leading_lagging_fixed_presslight_dr	REAL_TEST	159	157.2	100.0	-36.91	13.21	0.79	1278	0.0000	0.0056
bullhead_1_barrier_leading_lagging_fixed_presslight_dr	SIM_TRAIN	160	130.3	5.5	-9.47	6.61	0.67	1396	0.0000	0.0917
bullhead_1_barrier_leading_lagging_fixed_presslight_dr	SIM_TRAIN	161	166.8	5.6	-13.65	10.50	0.76	1359	0.0000	0.0972
bullhead_1_barrier_leading_lagging_fixed_presslight_dr	SIM_TRAIN	162	137.8	5.5	-12.08	9.39	0.71	1397	0.0000	0.1222
bullhead_1_barrier_leading_lagging_fixed_presslight_dr	REAL_TEST	162	156.9	100.0	-36.80	13.11	0.79	1275	0.0000	0.0083
bullhead_1_barrier_leading_lagging_fixed_presslight_dr	SIM_TRAIN	163	131.9	5.5	-10.12	7.26	0.66	1399	0.0000	0.0694
bullhead_1_barrier_leading_lagging_fixed_presslight_dr	SIM_TRAIN	164	131.9	5.8	-10.20	7.27	0.75	1394	0.0000	0.0889
bullhead_1_barrier_leading_lagging_fixed_presslight_dr	SIM_TRAIN	165	128.7	6.1	-8.93	6.10	0.67	1397	0.0000	0.0833
bullhead_1_barrier_leading_lagging_fixed_presslight_dr	REAL_TEST	165	156.5	100.0	-36.67	13.01	0.79	1274	0.0000	0.0083
bullhead_1_barrier_leading_lagging_fixed_presslight_dr	SIM_TRAIN	166	128.1	6.4	-8.63	5.83	0.65	1392	0.0000	0.0306
bullhead_1_barrier_leading_lagging_fixed_presslight_dr	SIM_TRAIN	167	130.6	6.2	-9.63	6.54	0.67	1398	0.0000	0.0556
bullhead_1_barrier_leading_lagging_fixed_presslight_dr	SIM_TRAIN	168	128.3	6.0	-8.65	5.85	0.65	1394	0.0000	0.0583
bullhead_1_barrier_leading_lagging_fixed_presslight_dr	REAL_TEST	168	156.1	100.0	-36.57	12.88	0.79	1278	0.0000	0.1167
bullhead_1_barrier_leading_lagging_fixed_presslight_dr	SIM_TRAIN	169	184.9	6.4	-15.64	12.28	0.73	1349	0.0000	0.1083
bullhead_1_barrier_leading_lagging_fixed_presslight_dr	SIM_TRAIN	170	135.1	7.3	-11.77	8.39	0.69	1398	0.0000	0.1139
bullhead_1_barrier_leading_lagging_fixed_presslight_dr	SIM_TRAIN	171	127.5	7.4	-8.26	5.53	0.67	1396	0.0000	0.0556
bullhead_1_barrier_leading_lagging_fixed_presslight_dr	REAL_TEST	171	156.3	100.0	-36.62	12.92	0.79	1275	0.0000	0.1278
bullhead_1_barrier_leading_lagging_fixed_presslight_dr	SIM_TRAIN	172	143.7	7.3	-13.61	10.60	0.81	1394	0.0000	0.1250
bullhead_1_barrier_leading_lagging_fixed_presslight_dr	SIM_TRAIN	173	135.0	7.7	-11.18	8.39	0.77	1386	0.0000	0.1056
bullhead_1_barrier_leading_lagging_fixed_presslight_dr	SIM_TRAIN	174	129.3	7.4	-9.03	6.06	0.68	1395	0.0000	0.0806
bullhead_1_barrier_leading_lagging_fixed_presslight_dr	REAL_TEST	174	156.6	100.0	-36.76	13.09	0.78	1274	0.0000	0.1278
bullhead_1_barrier_leading_lagging_fixed_presslight_dr	SIM_TRAIN	175	160.4	7.4	-14.11	11.10	0.77	1361	0.0000	0.1250
bullhead_1_barrier_leading_lagging_fixed_presslight_dr	SIM_TRAIN	176	134.8	7.7	-11.34	8.32	0.70	1397	0.0000	0.1694
bullhead_1_barrier_leading_lagging_fixed_presslight_dr	SIM_TRAIN	177	139.0	8.0	-12.69	9.89	0.82	1386	0.0000	0.1333
bullhead_1_barrier_leading_lagging_fixed_presslight_dr	REAL_TEST	177	157.6	100.0	-37.12	13.45	0.79	1277	0.0000	0.1472
bullhead_1_barrier_leading_lagging_fixed_presslight_dr	SIM_TRAIN	178	129.2	7.9	-8.91	6.12	0.67	1397	0.0000	0.0556
bullhead_1_barrier_leading_lagging_fixed_presslight_dr	SIM_TRAIN	179	143.8	8.2	-14.15	11.21	0.70	1386	0.0000	0.1250
bullhead_1_barrier_leading_lagging_fixed_presslight_dr	SIM_TRAIN	180	132.8	8.7	-10.75	7.62	0.69	1394	0.0000	0.0889
bullhead_1_barrier_leading_lagging_fixed_presslight_dr	REAL_TEST	180	157.6	100.0	-37.10	13.43	0.79	1276	0.0000	0.1361
bullhead_1_barrier_leading_lagging_fixed_presslight_dr	SIM_TRAIN	181	130.1	8.8	-9.43	6.59	0.64	1390	0.0000	0.0944
bullhead_1_barrier_leading_lagging_fixed_presslight_dr	SIM_TRAIN	182	126.7	8.7	-7.93	5.22	0.61	1396	0.0000	0.0444
bullhead_1_barrier_leading_lagging_fixed_presslight_dr	SIM_TRAIN	183	130.7	8.2	-9.65	6.72	0.65	1395	0.0000	0.0917
bullhead_1_barrier_leading_lagging_fixed_presslight_dr	REAL_TEST	183	154.8	100.0	-36.00	12.41	0.77	1277	0.0000	0.0833
bullhead_1_barrier_leading_lagging_fixed_presslight_dr	SIM_TRAIN	184	133.4	8.5	-10.98	7.91	0.65	1382	0.0000	0.0806
bullhead_1_barrier_leading_lagging_fixed_presslight_dr	SIM_TRAIN	185	136.3	8.6	-11.63	8.82	0.76	1385	0.0000	0.1111
bullhead_1_barrier_leading_lagging_fixed_presslight_dr	SIM_TRAIN	186	128.3	8.5	-8.56	5.82	0.66	1399	0.0000	0.0333
bullhead_1_barrier_leading_lagging_fixed_presslight_dr	REAL_TEST	186	155.0	100.0	-36.08	12.48	0.78	1277	0.0000	0.0833
bullhead_1_barrier_leading_lagging_fixed_presslight_dr	SIM_TRAIN	187	129.1	8.9	-8.92	6.15	0.64	1399	0.0000	0.0528
bullhead_1_barrier_leading_lagging_fixed_presslight_dr	SIM_TRAIN	188	130.7	8.7	-9.68	6.86	0.73	1391	0.0000	0.1056
bullhead_1_barrier_leading_lagging_fixed_presslight_dr	SIM_TRAIN	189	132.4	8.4	-10.21	7.36	0.74	1394	0.0000	0.1000
bullhead_1_barrier_leading_lagging_fixed_presslight_dr	REAL_TEST	189	155.1	100.0	-36.10	12.50	0.79	1277	0.0000	0.1500
bullhead_1_barrier_leading_lagging_fixed_presslight_dr	SIM_TRAIN	190	134.8	8.2	-11.06	8.14	0.70	1393	0.0000	0.0778
bullhead_1_barrier_leading_lagging_fixed_presslight_dr	SIM_TRAIN	191	129.2	7.5	-8.96	6.11	0.66	1399	0.0000	0.0472
bullhead_1_barrier_leading_lagging_fixed_presslight_dr	SIM_TRAIN	192	133.5	7.4	-10.78	7.59	0.63	1398	0.0000	0.0417
bullhead_1_barrier_leading_lagging_fixed_presslight_dr	REAL_TEST	192	155.5	100.0	-36.28	12.65	0.78	1278	0.0000	0.1472
bullhead_1_barrier_leading_lagging_fixed_presslight_dr	SIM_TRAIN	193	131.7	7.8	-10.06	7.02	0.62	1394	0.0000	0.0944
bullhead_1_barrier_leading_lagging_fixed_presslight_dr	SIM_TRAIN	194	162.3	7.1	-12.68	9.71	0.72	1368	0.0000	0.1222
bullhead_1_barrier_leading_lagging_fixed_presslight_dr	SIM_TRAIN	195	141.9	7.0	-13.45	10.43	0.69	1389	0.0000	0.1111
bullhead_1_barrier_leading_lagging_fixed_presslight_dr	REAL_TEST	195	156.6	100.0	-36.76	13.09	0.79	1275	0.0000	0.1556
bullhead_1_barrier_leading_lagging_fixed_presslight_dr	SIM_TRAIN	196	131.0	7.3	-9.83	6.74	0.66	1399	0.0000	0.0639
bullhead_1_barrier_leading_lagging_fixed_presslight_dr	SIM_TRAIN	197	174.8	7.9	-13.27	10.02	0.75	1350	0.0000	0.0611
bullhead_1_barrier_leading_lagging_fixed_presslight_dr	SIM_TRAIN	198	134.2	7.7	-11.00	8.06	0.65	1388	0.0000	0.0778
bullhead_1_barrier_leading_lagging_fixed_presslight_dr	REAL_TEST	198	156.6	100.0	-36.77	13.17	0.80	1278	0.0000	0.1528
bullhead_1_barrier_leading_lagging_fixed_presslight_dr	SIM_TRAIN	199	171.8	7.9	-14.62	11.46	0.77	1360	0.0000	0.1667
bullhead_1_barrier_leading_lagging_fixed_presslight_dr	SIM_TRAIN	200	130.7	7.4	-9.53	6.73	0.68	1398	0.0000	0.1111
bullhead_1_barrier_leading_lagging_fixed_presslight_dr	SIM_TRAIN	201	128.0	7.7	-8.46	5.80	0.64	1397	0.0000	0.0806
bullhead_1_barrier_leading_lagging_fixed_presslight_dr	REAL_TEST	201	157.3	100.0	-36.98	13.42	0.80	1274	0.0000	0.1667
bullhead_1_barrier_leading_lagging_fixed_presslight_dr	SIM_TRAIN	202	158.2	7.9	-12.36	9.40	0.71	1376	0.0000	0.1139
bullhead_1_barrier_leading_lagging_fixed_presslight_dr	SIM_TRAIN	203	128.3	8.7	-8.68	5.85	0.63	1396	0.0000	0.0556
bullhead_1_barrier_leading_lagging_fixed_presslight_dr	SIM_TRAIN	204	128.3	8.5	-8.64	5.84	0.62	1398	0.0000	0.0500
bullhead_1_barrier_leading_lagging_fixed_presslight_dr	REAL_TEST	204	155.3	100.0	-36.27	12.71	0.80	1275	0.0000	0.1639
bullhead_1_barrier_leading_lagging_fixed_presslight_dr	SIM_TRAIN	205	128.1	8.3	-8.53	5.78	0.65	1399	0.0000	0.0806
bullhead_1_barrier_leading_lagging_fixed_presslight_dr	SIM_TRAIN	206	128.9	8.5	-8.87	5.91	0.64	1397	0.0000	0.0639
bullhead_1_barrier_leading_lagging_fixed_presslight_dr	SIM_TRAIN	207	147.5	8.0	-12.70	9.82	0.77	1396	0.0000	0.1472
bullhead_1_barrier_leading_lagging_fixed_presslight_dr	REAL_TEST	207	154.6	100.0	-35.99	12.41	0.79	1278	0.0000	0.1667
bullhead_1_barrier_leading_lagging_fixed_presslight_dr	SIM_TRAIN	208	129.2	7.8	-9.04	6.10	0.62	1395	0.0000	0.0639
bullhead_1_barrier_leading_lagging_fixed_presslight_dr	SIM_TRAIN	209	138.4	8.1	-11.64	8.72	0.69	1384	0.0000	0.1028
bullhead_1_barrier_leading_lagging_fixed_presslight_dr	SIM_TRAIN	210	153.9	7.6	-13.44	10.56	0.80	1380	0.0000	0.1167
bullhead_1_barrier_leading_lagging_fixed_presslight_dr	REAL_TEST	210	155.0	100.0	-36.12	12.56	0.79	1277	0.0000	0.1667
bullhead_1_barrier_leading_lagging_fixed_presslight_dr	SIM_TRAIN	211	227.6	7.5	-18.45	14.98	0.86	1311	0.0000	0.1333
bullhead_1_barrier_leading_lagging_fixed_presslight_dr	SIM_TRAIN	212	136.1	7.8	-11.93	8.71	0.62	1393	0.0000	0.0750
bullhead_1_barrier_leading_lagging_fixed_presslight_dr	SIM_TRAIN	213	179.9	8.3	-15.37	11.76	0.77	1355	0.0000	0.1000
bullhead_1_barrier_leading_lagging_fixed_presslight_dr	REAL_TEST	213	154.5	100.0	-35.95	12.38	0.79	1278	0.0000	0.1667
bullhead_1_barrier_leading_lagging_fixed_presslight_dr	SIM_TRAIN	214	135.3	8.6	-11.40	8.47	0.72	1397	0.0000	0.1083
bullhead_1_barrier_leading_lagging_fixed_presslight_dr	SIM_TRAIN	215	128.8	8.2	-8.92	6.01	0.64	1390	0.0000	0.0556
bullhead_1_barrier_leading_lagging_fixed_presslight_dr	SIM_TRAIN	216	126.3	8.3	-7.91	5.07	0.63	1399	0.0000	0.0556
bullhead_1_barrier_leading_lagging_fixed_presslight_dr	REAL_TEST	216	155.1	100.0	-36.09	12.49	0.79	1278	0.0000	0.1667
bullhead_1_barrier_leading_lagging_fixed_presslight_dr	SIM_TRAIN	217	135.0	8.5	-10.47	7.72	0.67	1396	0.0000	0.0861
bullhead_1_barrier_leading_lagging_fixed_presslight_dr	SIM_TRAIN	218	135.4	8.7	-11.46	8.52	0.62	1396	0.0000	0.0861
bullhead_1_barrier_leading_lagging_fixed_presslight_dr	SIM_TRAIN	219	152.8	9.7	-13.56	10.36	0.70	1376	0.0000	0.1111
bullhead_1_barrier_leading_lagging_fixed_presslight_dr	REAL_TEST	219	154.7	100.0	-35.99	12.41	0.79	1278	0.0000	0.1667
bullhead_1_barrier_leading_lagging_fixed_presslight_dr	SIM_TRAIN	220	135.5	10.8	-11.83	8.69	0.66	1395	0.0000	0.0917
bullhead_1_barrier_leading_lagging_fixed_presslight_dr	SIM_TRAIN	221	126.1	10.9	-7.74	4.94	0.63	1397	0.0000	0.0417
bullhead_1_barrier_leading_lagging_fixed_presslight_dr	SIM_TRAIN	222	132.2	11.4	-10.36	7.30	0.61	1396	0.0000	0.0917
bullhead_1_barrier_leading_lagging_fixed_presslight_dr	REAL_TEST	222	154.6	100.0	-35.94	12.33	0.78	1277	0.0000	0.1611
bullhead_1_barrier_leading_lagging_fixed_presslight_dr	SIM_TRAIN	223	132.8	11.9	-10.54	7.20	0.68	1394	0.0000	0.0444
bullhead_1_barrier_leading_lagging_fixed_presslight_dr	SIM_TRAIN	224	132.3	12.2	-10.20	7.26	0.73	1396	0.0000	0.1111
bullhead_1_barrier_leading_lagging_fixed_presslight_dr	SIM_TRAIN	225	134.2	11.9	-11.08	7.99	0.68	1391	0.0000	0.0833
bullhead_1_barrier_leading_lagging_fixed_presslight_dr	REAL_TEST	225	154.7	100.0	-35.99	12.41	0.79	1278	0.0000	0.1667
bullhead_1_barrier_leading_lagging_fixed_presslight_dr	SIM_TRAIN	226	133.0	11.1	-10.55	7.44	0.67	1394	0.0000	0.0611
bullhead_1_barrier_leading_lagging_fixed_presslight_dr	SIM_TRAIN	227	126.4	10.8	-7.87	5.04	0.65	1397	0.0000	0.0417
bullhead_1_barrier_leading_lagging_fixed_presslight_dr	SIM_TRAIN	228	130.8	10.7	-9.82	6.83	0.67	1397	0.0000	0.0806
bullhead_1_barrier_leading_lagging_fixed_presslight_dr	REAL_TEST	228	155.5	100.0	-36.33	12.74	0.80	1277	0.0000	0.1611
bullhead_1_barrier_leading_lagging_fixed_presslight_dr	SIM_TRAIN	229	132.6	10.3	-10.41	7.29	0.67	1398	0.0000	0.0278
bullhead_1_barrier_leading_lagging_fixed_presslight_dr	SIM_TRAIN	230	159.2	10.5	-14.91	12.07	0.75	1391	0.0000	0.1222
bullhead_1_barrier_leading_lagging_fixed_presslight_dr	SIM_TRAIN	231	138.3	11.0	-12.60	9.74	0.58	1385	0.0000	0.1250
bullhead_1_barrier_leading_lagging_fixed_presslight_dr	REAL_TEST	231	155.0	100.0	-36.10	12.53	0.78	1278	0.0000	0.1639
bullhead_1_barrier_leading_lagging_fixed_presslight_dr	SIM_TRAIN	232	132.5	9.9	-10.38	7.47	0.76	1394	0.0000	0.1111
bullhead_1_barrier_leading_lagging_fixed_presslight_dr	SIM_TRAIN	233	127.8	8.9	-8.48	5.51	0.64	1395	0.0000	0.0694
bullhead_1_barrier_leading_lagging_fixed_presslight_dr	SIM_TRAIN	234	130.2	9.0	-9.39	6.42	0.64	1389	0.0000	0.0528
bullhead_1_barrier_leading_lagging_fixed_presslight_dr	REAL_TEST	234	155.1	100.0	-36.09	12.49	0.79	1278	0.0000	0.1667
bullhead_1_barrier_leading_lagging_fixed_presslight_dr	SIM_TRAIN	235	128.5	9.2	-8.69	5.80	0.61	1398	0.0000	0.0472
bullhead_1_barrier_leading_lagging_fixed_presslight_dr	SIM_TRAIN	236	128.0	9.0	-8.53	5.58	0.68	1398	0.0000	0.0333
bullhead_1_barrier_leading_lagging_fixed_presslight_dr	SIM_TRAIN	237	129.7	8.9	-9.19	6.33	0.69	1385	0.0000	0.0722
bullhead_1_barrier_leading_lagging_fixed_presslight_dr	REAL_TEST	237	154.8	100.0	-36.00	12.41	0.79	1278	0.0000	0.1667
bullhead_1_barrier_leading_lagging_fixed_presslight_dr	SIM_TRAIN	238	128.4	8.2	-8.72	5.80	0.66	1392	0.0000	0.0667
bullhead_1_barrier_leading_lagging_fixed_presslight_dr	SIM_TRAIN	239	133.0	8.3	-10.75	7.55	0.70	1395	0.0000	0.0833
bullhead_1_barrier_leading_lagging_fixed_presslight_dr	SIM_TRAIN	240	128.9	8.1	-8.85	5.99	0.71	1396	0.0000	0.1028
bullhead_1_barrier_leading_lagging_fixed_presslight_dr	REAL_TEST	240	154.5	100.0	-35.94	12.39	0.79	1274	0.0000	0.1694
bullhead_1_barrier_leading_lagging_fixed_presslight_dr	SIM_TRAIN	241	134.7	8.1	-11.30	8.23	0.72	1398	0.0000	0.0889
bullhead_1_barrier_leading_lagging_fixed_presslight_dr	SIM_TRAIN	242	128.2	8.1	-8.66	5.83	0.70	1392	0.0000	0.0639
bullhead_1_barrier_leading_lagging_fixed_presslight_dr	SIM_TRAIN	243	177.1	7.8	-14.81	11.52	0.78	1355	0.0000	0.0861
bullhead_1_barrier_leading_lagging_fixed_presslight_dr	REAL_TEST	243	155.5	100.0	-36.23	12.59	0.79	1278	0.0000	0.0167
bullhead_1_barrier_leading_lagging_fixed_presslight_dr	SIM_TRAIN	244	128.7	7.3	-8.89	6.06	0.69	1395	0.0000	0.0667
bullhead_1_barrier_leading_lagging_fixed_presslight_dr	SIM_TRAIN	245	125.7	7.0	-7.55	4.81	0.66	1398	0.0000	0.0583
bullhead_1_barrier_leading_lagging_fixed_presslight_dr	SIM_TRAIN	246	125.7	6.5	-7.60	4.90	0.68	1398	0.0000	0.0806
bullhead_1_barrier_leading_lagging_fixed_presslight_dr	REAL_TEST	246	145.2	100.0	-34.87	10.99	0.73	1346	0.0000	0.0944
bullhead_1_barrier_leading_lagging_fixed_presslight_dr	SIM_TRAIN	247	129.1	6.2	-9.03	6.12	0.67	1399	0.0000	0.0444
bullhead_1_barrier_leading_lagging_fixed_presslight_dr	SIM_TRAIN	248	130.0	6.1	-9.25	6.49	0.68	1390	0.0000	0.0639
bullhead_1_barrier_leading_lagging_fixed_presslight_dr	SIM_TRAIN	249	127.8	5.8	-8.39	5.57	0.65	1399	0.0000	0.0472
bullhead_1_barrier_leading_lagging_fixed_presslight_dr	REAL_TEST	249	147.0	100.0	-35.61	11.75	0.78	1361	0.0000	0.1056
bullhead_1_barrier_leading_lagging_fixed_presslight_dr	SIM_TRAIN	250	132.0	5.8	-10.18	7.27	0.68	1392	0.0000	0.1028
bullhead_1_barrier_leading_lagging_fixed_presslight_dr	SIM_TRAIN	251	125.3	5.7	-7.39	4.69	0.66	1398	0.0000	0.0806
bullhead_1_barrier_leading_lagging_fixed_presslight_dr	SIM_TRAIN	252	129.5	5.8	-9.15	6.18	0.68	1394	0.0000	0.1167
bullhead_1_barrier_leading_lagging_fixed_presslight_dr	REAL_TEST	252	155.3	100.0	-36.19	12.59	0.79	1276	0.0000	0.0417
bullhead_1_barrier_leading_lagging_fixed_presslight_dr	SIM_TRAIN	253	126.4	5.4	-7.83	5.09	0.65	1398	0.0000	0.0361
bullhead_1_barrier_leading_lagging_fixed_presslight_dr	SIM_TRAIN	254	127.3	5.4	-8.31	5.44	0.66	1397	0.0000	0.0583
bullhead_1_barrier_leading_lagging_fixed_presslight_dr	SIM_TRAIN	255	140.5	5.1	-13.50	10.61	0.68	1380	0.0000	0.1250
bullhead_1_barrier_leading_lagging_fixed_presslight_dr	REAL_TEST	255	154.2	100.0	-35.83	12.26	0.78	1277	0.0000	0.1444
bullhead_1_barrier_leading_lagging_fixed_presslight_dr	SIM_TRAIN	256	128.2	5.2	-8.62	5.76	0.67	1399	0.0000	0.0389
bullhead_1_barrier_leading_lagging_fixed_presslight_dr	SIM_TRAIN	257	881.9	5.9	-180.37	174.86	0.87	684	0.0000	0.1444
bullhead_1_barrier_leading_lagging_fixed_presslight_dr	SIM_TRAIN	258	131.4	8.0	-9.96	6.97	0.67	1399	0.0000	0.0861
bullhead_1_barrier_leading_lagging_fixed_presslight_dr	REAL_TEST	258	149.6	100.0	-36.64	12.59	0.63	1338	0.0000	0.1361
bullhead_1_barrier_leading_lagging_fixed_presslight_dr	SIM_TRAIN	259	184.7	7.0	-12.46	9.23	0.71	1346	0.0000	0.0972
bullhead_1_barrier_leading_lagging_fixed_presslight_dr	SIM_TRAIN	260	126.1	6.8	-7.71	5.03	0.66	1398	0.0000	0.0472
bullhead_1_barrier_leading_lagging_fixed_presslight_dr	SIM_TRAIN	261	127.2	7.0	-8.20	5.44	0.65	1396	0.0000	0.0444
bullhead_1_barrier_leading_lagging_fixed_presslight_dr	REAL_TEST	261	139.4	100.0	-32.64	8.67	0.69	1370	0.0000	0.1222
bullhead_1_barrier_leading_lagging_fixed_presslight_dr	SIM_TRAIN	262	134.3	7.7	-11.03	8.00	0.74	1386	0.0000	0.0778
bullhead_1_barrier_leading_lagging_fixed_presslight_dr	SIM_TRAIN	263	140.9	8.0	-12.87	9.69	0.73	1397	0.0000	0.0750
bullhead_1_barrier_leading_lagging_fixed_presslight_dr	SIM_TRAIN	264	130.8	8.4	-9.63	6.53	0.62	1391	0.0000	0.0944
bullhead_1_barrier_leading_lagging_fixed_presslight_dr	REAL_TEST	264	144.2	100.0	-34.33	10.24	0.70	1363	0.0000	0.1583
bullhead_1_barrier_leading_lagging_fixed_presslight_dr	SIM_TRAIN	265	133.3	8.3	-10.26	7.57	0.69	1396	0.0000	0.1250
bullhead_1_barrier_leading_lagging_fixed_presslight_dr	SIM_TRAIN	266	197.7	8.4	-15.17	11.55	0.75	1339	0.0000	0.1083
bullhead_1_barrier_leading_lagging_fixed_presslight_dr	SIM_TRAIN	267	173.3	8.6	-12.58	9.60	0.77	1354	0.0000	0.1611
bullhead_1_barrier_leading_lagging_fixed_presslight_dr	REAL_TEST	267	155.0	100.0	-36.08	12.49	0.79	1277	0.0000	0.0667
bullhead_1_barrier_leading_lagging_fixed_presslight_dr	SIM_TRAIN	268	130.9	9.1	-9.75	6.66	0.61	1389	0.0000	0.0306
bullhead_1_barrier_leading_lagging_fixed_presslight_dr	SIM_TRAIN	269	140.2	9.9	-13.93	10.41	0.59	1388	0.0000	0.0639
bullhead_1_barrier_leading_lagging_fixed_presslight_dr	SIM_TRAIN	270	133.2	10.8	-10.61	7.66	0.76	1389	0.0000	0.1028
bullhead_1_barrier_leading_lagging_fixed_presslight_dr	REAL_TEST	270	155.0	100.0	-36.07	12.46	0.79	1278	0.0000	0.1667
bullhead_1_barrier_leading_lagging_fixed_presslight_dr	SIM_TRAIN	271	161.4	9.7	-12.18	9.22	0.74	1363	0.0000	0.1500
bullhead_1_barrier_leading_lagging_fixed_presslight_dr	SIM_TRAIN	272	126.2	8.4	-7.76	5.12	0.63	1395	0.0000	0.0833
bullhead_1_barrier_leading_lagging_fixed_presslight_dr	SIM_TRAIN	273	125.9	8.2	-7.62	4.95	0.62	1398	0.0000	0.0444
bullhead_1_barrier_leading_lagging_fixed_presslight_dr	REAL_TEST	273	159.7	100.0	-37.93	14.38	0.81	1271	0.0000	0.1694
bullhead_1_barrier_leading_lagging_fixed_presslight_dr	SIM_TRAIN	274	127.5	8.0	-8.29	5.51	0.64	1394	0.0000	0.0778
bullhead_1_barrier_leading_lagging_fixed_presslight_dr	SIM_TRAIN	275	136.0	8.5	-11.66	8.68	0.67	1393	0.0000	0.0944
bullhead_1_barrier_leading_lagging_fixed_presslight_dr	SIM_TRAIN	276	127.4	8.2	-8.24	5.46	0.62	1399	0.0000	0.0750
bullhead_1_barrier_leading_lagging_fixed_presslight_dr	REAL_TEST	276	158.5	100.0	-37.46	13.89	0.80	1275	0.0000	0.1667
bullhead_1_barrier_leading_lagging_fixed_presslight_dr	SIM_TRAIN	277	973.1	8.4	-192.36	186.69	0.87	638	0.0000	0.1444
bullhead_1_barrier_leading_lagging_fixed_presslight_dr	SIM_TRAIN	278	142.9	11.0	-12.77	9.99	0.73	1384	0.0000	0.1472
bullhead_1_barrier_leading_lagging_fixed_presslight_dr	SIM_TRAIN	279	177.3	9.0	-11.89	8.85	0.69	1355	0.0000	0.1389
bullhead_1_barrier_leading_lagging_fixed_presslight_dr	REAL_TEST	279	153.3	100.0	-38.54	14.78	0.80	1348	0.0000	0.1694
bullhead_1_barrier_leading_lagging_fixed_presslight_dr	SIM_TRAIN	280	126.5	7.9	-7.87	5.17	0.67	1396	0.0000	0.0583
bullhead_1_barrier_leading_lagging_fixed_presslight_dr	SIM_TRAIN	281	128.8	7.6	-8.85	5.89	0.58	1398	0.0000	0.1056
bullhead_1_barrier_leading_lagging_fixed_presslight_dr	SIM_TRAIN	282	130.4	7.8	-9.64	6.72	0.68	1390	0.0000	0.1111
bullhead_1_barrier_leading_lagging_fixed_presslight_dr	REAL_TEST	282	154.5	100.0	-35.95	12.39	0.79	1278	0.0000	0.1667
bullhead_1_barrier_leading_lagging_fixed_presslight_dr	SIM_TRAIN	283	136.7	7.2	-12.08	9.10	0.67	1391	0.0000	0.0667
bullhead_1_barrier_leading_lagging_fixed_presslight_dr	SIM_TRAIN	284	178.1	7.4	-14.57	11.30	0.72	1356	0.0000	0.0833
bullhead_1_barrier_leading_lagging_fixed_presslight_dr	SIM_TRAIN	285	137.2	9.6	-12.04	8.87	0.73	1398	0.0000	0.1111
bullhead_1_barrier_leading_lagging_fixed_presslight_dr	REAL_TEST	285	160.4	100.0	-38.18	14.65	0.80	1275	0.0000	0.1667
bullhead_1_barrier_leading_lagging_fixed_presslight_dr	SIM_TRAIN	286	125.6	9.0	-7.50	4.81	0.66	1398	0.0000	0.0667
bullhead_1_barrier_leading_lagging_fixed_presslight_dr	SIM_TRAIN	287	131.3	8.3	-9.93	6.84	0.63	1391	0.0000	0.0917
bullhead_1_barrier_leading_lagging_fixed_presslight_dr	SIM_TRAIN	288	128.0	7.9	-8.51	5.53	0.64	1398	0.0000	0.1194
bullhead_1_barrier_leading_lagging_fixed_presslight_dr	REAL_TEST	288	154.8	100.0	-36.01	12.41	0.79	1278	0.0000	0.1667
bullhead_1_barrier_leading_lagging_fixed_presslight_dr	SIM_TRAIN	289	138.8	7.7	-12.70	9.95	0.82	1386	0.0000	0.1361
bullhead_1_barrier_leading_lagging_fixed_presslight_dr	SIM_TRAIN	290	129.0	8.5	-8.94	6.04	0.69	1390	0.0000	0.1250
bullhead_1_barrier_leading_lagging_fixed_presslight_dr	SIM_TRAIN	291	156.1	17.1	-17.86	14.67	0.74	1344	0.0000	0.1028
bullhead_1_barrier_leading_lagging_fixed_presslight_dr	REAL_TEST	291	154.6	100.0	-35.96	12.38	0.78	1277	0.0000	0.0722
bullhead_1_barrier_leading_lagging_fixed_presslight_dr	SIM_TRAIN	292	187.4	6.5	-12.01	9.08	0.74	1355	0.0000	0.1111
bullhead_1_barrier_leading_lagging_fixed_presslight_dr	SIM_TRAIN	293	127.3	6.1	-8.21	5.34	0.64	1395	0.0000	0.1056
bullhead_1_barrier_leading_lagging_fixed_presslight_dr	SIM_TRAIN	294	136.5	6.5	-11.92	8.89	0.64	1393	0.0000	0.1167
bullhead_1_barrier_leading_lagging_fixed_presslight_dr	REAL_TEST	294	156.3	100.0	-36.65	13.07	0.80	1276	0.0000	0.1500
bullhead_1_barrier_leading_lagging_fixed_presslight_dr	SIM_TRAIN	295	152.8	7.2	-11.37	8.42	0.74	1371	0.0000	0.1278
bullhead_1_barrier_leading_lagging_fixed_presslight_dr	SIM_TRAIN	296	129.4	7.2	-9.20	6.24	0.67	1397	0.0000	0.0861
bullhead_1_barrier_leading_lagging_fixed_presslight_dr	SIM_TRAIN	297	130.9	7.0	-9.69	6.98	0.75	1396	0.0000	0.1139
bullhead_1_barrier_leading_lagging_fixed_presslight_dr	REAL_TEST	297	147.2	100.0	-35.67	11.85	0.76	1367	0.0000	0.1444
bullhead_1_barrier_leading_lagging_fixed_presslight_dr	SIM_TRAIN	298	130.2	6.9	-9.48	6.57	0.69	1398	0.0000	0.0833
bullhead_1_barrier_leading_lagging_fixed_presslight_dr	SIM_TRAIN	299	134.2	6.9	-10.74	7.88	0.72	1397	0.0000	0.0833
