SIM_TRAIN step:0, travel time:665.8105263157895, q_loss:0, rewards:-196.51414, queue:90.58981, delay:0.7215637, throughput:3052
sim step:3600/3600
episode:0/200, sim_loss:0
SIM_TRAIN step:1, travel time:704.9549095902953, q_loss:0, rewards:-222.76448, queue:99.3213, delay:0.7827392, throughput:2924
sim step:3600/3600
episode:1/200, sim_loss:0
SIM_TRAIN step:2, travel time:716.3241758241758, q_loss:2213.3074, rewards:-196.49892, queue:110.94907, delay:0.6998933, throughput:2567
sim step:3600/3600
episode:2/200, sim_loss:2213.3074
REAL_TEST step:2, travel time:1528.5471204188482, q_loss:100, rewards:-105.17581, queue:287.1756, delay:2.3716824, throughput:787
SIM_TRAIN step:3, travel time:1255.0018310826276, q_loss:1094.1912, rewards:-176.49197, queue:223.4537, delay:0.84658295, throughput:2378
sim step:3600/3600
episode:3/200, sim_loss:1094.1912
SIM_TRAIN step:4, travel time:403.2631578947368, q_loss:479.2717, rewards:-95.07055, queue:86.880554, delay:0.88683033, throughput:3904
sim step:3600/3600
episode:4/200, sim_loss:479.2717
REAL_TEST step:4, travel time:254.66650450012162, q_loss:100, rewards:-116.98643, queue:57.66556, delay:2.418801, throughput:3732
SIM_TRAIN step:5, travel time:388.6120393682765, q_loss:1043.8348, rewards:-89.25501, queue:82.760185, delay:0.8591974, throughput:3929
sim step:3600/3600
episode:5/200, sim_loss:1043.8348
SIM_TRAIN step:6, travel time:322.43514070006864, q_loss:2083.293, rewards:-58.69553, queue:65.09167, delay:0.7889757, throughput:3969
sim step:3600/3600
episode:6/200, sim_loss:2083.293
REAL_TEST step:6, travel time:256.13776257938446, q_loss:100, rewards:-121.24086, queue:56.894386, delay:2.4080174, throughput:3709
SIM_TRAIN step:7, travel time:311.19153318077804, q_loss:2924.8474, rewards:-66.029144, queue:57.920372, delay:0.82491475, throughput:3966
sim step:3600/3600
episode:7/200, sim_loss:2924.8474
SIM_TRAIN step:8, travel time:353.06408789196615, q_loss:3469.643, rewards:-79.672485, queue:73.675, delay:0.83790064, throughput:3838
sim step:3600/3600
episode:8/200, sim_loss:3469.643
REAL_TEST step:8, travel time:906.9336997595328, q_loss:100, rewards:-187.69218, queue:149.53677, delay:2.5035744, throughput:1755
SIM_TRAIN step:9, travel time:865.6321812771802, q_loss:3350.3684, rewards:-131.35497, queue:189.2287, delay:0.84978276, throughput:2645
sim step:3600/3600
episode:9/200, sim_loss:3350.3684
SIM_TRAIN step:10, travel time:375.9126058110272, q_loss:1903.064, rewards:-79.12253, queue:63.933334, delay:0.84025085, throughput:3970
sim step:3600/3600
episode:10/200, sim_loss:1903.064
REAL_TEST step:10, travel time:259.63202177678795, q_loss:100, rewards:-133.30777, queue:57.695515, delay:2.3617668, throughput:3686
SIM_TRAIN step:11, travel time:390.92147435897436, q_loss:1533.781, rewards:-97.06888, queue:47.913887, delay:0.8425467, throughput:3986
sim step:3600/3600
episode:11/200, sim_loss:1533.781
SIM_TRAIN step:12, travel time:370.09544518196384, q_loss:1441.2933, rewards:-100.94441, queue:53.262962, delay:0.87561375, throughput:3958
sim step:3600/3600
episode:12/200, sim_loss:1441.2933
REAL_TEST step:12, travel time:277.76675294794364, q_loss:100, rewards:-151.08527, queue:56.607468, delay:2.4004855, throughput:3172
SIM_TRAIN step:13, travel time:407.28855835240273, q_loss:1440.1031, rewards:-72.10082, queue:56.787037, delay:0.80182934, throughput:4005
sim step:3600/3600
episode:13/200, sim_loss:1440.1031
SIM_TRAIN step:14, travel time:491.0455586080586, q_loss:1309.492, rewards:-84.14082, queue:45.45926, delay:0.8139819, throughput:3749
sim step:3600/3600
episode:14/200, sim_loss:1309.492
REAL_TEST step:14, travel time:258.5401069518717, q_loss:100, rewards:-129.04222, queue:50.854286, delay:2.3623257, throughput:3268
SIM_TRAIN step:15, travel time:566.2438186813187, q_loss:1226.6395, rewards:-88.26391, queue:60.52222, delay:0.8454106, throughput:3359
sim step:3600/3600
episode:15/200, sim_loss:1226.6395
SIM_TRAIN step:16, travel time:367.4993135011442, q_loss:1176.4915, rewards:-73.67442, queue:70.35926, delay:0.83258635, throughput:4027
sim step:3600/3600
episode:16/200, sim_loss:1176.4915
REAL_TEST step:16, travel time:230.83775080505325, q_loss:100, rewards:-123.31032, queue:47.72722, delay:2.454653, throughput:3756
SIM_TRAIN step:17, travel time:331.06958113984894, q_loss:1168.5471, rewards:-61.769737, queue:60.67963, delay:0.81592727, throughput:4116
sim step:3600/3600
episode:17/200, sim_loss:1168.5471
SIM_TRAIN step:18, travel time:483.3666742961776, q_loss:1125.0175, rewards:-96.06307, queue:52.066666, delay:0.8577706, throughput:3643
sim step:3600/3600
episode:18/200, sim_loss:1125.0175
REAL_TEST step:18, travel time:245.64815724815725, q_loss:100, rewards:-109.65031, queue:47.65013, delay:2.4131958, throughput:3749
SIM_TRAIN step:19, travel time:308.16937514305334, q_loss:1214.6398, rewards:-71.461685, queue:47.83889, delay:0.82033443, throughput:3973
sim step:3600/3600
episode:19/200, sim_loss:1214.6398
SIM_TRAIN step:20, travel time:305.66964285714283, q_loss:1172.7823, rewards:-92.59082, queue:47.21389, delay:0.86003804, throughput:3953
sim step:3600/3600
episode:20/200, sim_loss:1172.7823
REAL_TEST step:20, travel time:237.32367849384505, q_loss:100, rewards:-101.65139, queue:51.69974, delay:2.4185104, throughput:3797
SIM_TRAIN step:21, travel time:280.67421642644706, q_loss:1164.6321, rewards:-72.91832, queue:40.91111, delay:0.85083383, throughput:4027
sim step:3600/3600
episode:21/200, sim_loss:1164.6321
SIM_TRAIN step:22, travel time:288.31617478837796, q_loss:1131.4785, rewards:-65.81418, queue:43.791668, delay:0.75246894, throughput:4006
sim step:3600/3600
episode:22/200, sim_loss:1131.4785
REAL_TEST step:22, travel time:213.35445496479727, q_loss:100, rewards:-76.97167, queue:44.226917, delay:2.2610688, throughput:3824
SIM_TRAIN step:23, travel time:286.42141386410435, q_loss:1029.0391, rewards:-68.430016, queue:43.087963, delay:0.81459904, throughput:4014
sim step:3600/3600
episode:23/200, sim_loss:1029.0391
SIM_TRAIN step:24, travel time:277.3867276887872, q_loss:1006.2264, rewards:-59.108334, queue:43.475925, delay:0.77155674, throughput:4038
sim step:3600/3600
episode:24/200, sim_loss:1006.2264
REAL_TEST step:24, travel time:226.666431759455, q_loss:100, rewards:-87.25054, queue:47.15156, delay:2.3736887, throughput:3947
SIM_TRAIN step:25, travel time:255.28695652173914, q_loss:1012.28253, rewards:-64.59999, queue:34.942593, delay:0.8211773, throughput:4030
sim step:3600/3600
episode:25/200, sim_loss:1012.28253
SIM_TRAIN step:26, travel time:272.2995423340961, q_loss:878.58295, rewards:-65.53585, queue:41.00926, delay:0.8273443, throughput:4037
sim step:3600/3600
episode:26/200, sim_loss:878.58295
REAL_TEST step:26, travel time:239.1338697878566, q_loss:100, rewards:-113.60916, queue:49.64661, delay:2.372934, throughput:3789
SIM_TRAIN step:27, travel time:273.66308079652094, q_loss:747.8736, rewards:-78.675, queue:35.732407, delay:0.83638966, throughput:4047
sim step:3600/3600
episode:27/200, sim_loss:747.8736
SIM_TRAIN step:28, travel time:263.06317235065234, q_loss:717.6374, rewards:-54.444443, queue:34.06389, delay:0.746357, throughput:4034
sim step:3600/3600
episode:28/200, sim_loss:717.6374
REAL_TEST step:28, travel time:198.03898543917333, q_loss:100, rewards:-79.480576, queue:39.164497, delay:2.3904483, throughput:4003
SIM_TRAIN step:29, travel time:255.31380178530557, q_loss:668.6232, rewards:-57.12889, queue:27.07037, delay:0.76577413, throughput:4031
sim step:3600/3600
episode:29/200, sim_loss:668.6232
SIM_TRAIN step:30, travel time:216.1135531135531, q_loss:608.84814, rewards:-51.351395, queue:25.237038, delay:0.7432695, throughput:4112
sim step:3600/3600
episode:30/200, sim_loss:608.84814
REAL_TEST step:30, travel time:189.78002894356007, q_loss:100, rewards:-83.42472, queue:35.273197, delay:2.349466, throughput:3899
SIM_TRAIN step:31, travel time:234.39190116678105, q_loss:544.6025, rewards:-54.623074, queue:27.919445, delay:0.75339025, throughput:4130
sim step:3600/3600
episode:31/200, sim_loss:544.6025
SIM_TRAIN step:32, travel time:226.98168917372396, q_loss:516.2814, rewards:-48.935276, queue:26.089815, delay:0.74994004, throughput:4057
sim step:3600/3600
episode:32/200, sim_loss:516.2814
REAL_TEST step:32, travel time:223.51336111792105, q_loss:100, rewards:-121.15, queue:45.44096, delay:2.4083402, throughput:3795
SIM_TRAIN step:33, travel time:248.8756868131868, q_loss:446.77194, rewards:-54.341667, queue:32.960186, delay:0.7638958, throughput:4054
sim step:3600/3600
episode:33/200, sim_loss:446.77194
SIM_TRAIN step:34, travel time:268.01670098375655, q_loss:413.0139, rewards:-75.338326, queue:32.039814, delay:0.818403, throughput:4037
sim step:3600/3600
episode:34/200, sim_loss:413.0139
REAL_TEST step:34, travel time:205.24185167690126, q_loss:100, rewards:-89.97477, queue:38.416096, delay:2.3860428, throughput:3956
SIM_TRAIN step:35, travel time:216.6070038910506, q_loss:399.88043, rewards:-41.344704, queue:30.51111, delay:0.7641282, throughput:4102
sim step:3600/3600
episode:35/200, sim_loss:399.88043
SIM_TRAIN step:36, travel time:210.84740334019676, q_loss:387.58713, rewards:-57.080532, queue:24.515741, delay:0.79291916, throughput:4146
sim step:3600/3600
episode:36/200, sim_loss:387.58713
REAL_TEST step:36, travel time:199.61308097747963, q_loss:100, rewards:-90.15223, queue:36.98443, delay:2.3476923, throughput:3931
SIM_TRAIN step:37, travel time:221.5295194508009, q_loss:377.29004, rewards:-48.42277, queue:25.182407, delay:0.7538485, throughput:4156
sim step:3600/3600
episode:37/200, sim_loss:377.29004
SIM_TRAIN step:38, travel time:192.92223238792315, q_loss:353.39447, rewards:-43.302784, queue:21.999075, delay:0.742295, throughput:4186
sim step:3600/3600
episode:38/200, sim_loss:353.39447
REAL_TEST step:38, travel time:169.94891024138738, q_loss:100, rewards:-61.955544, queue:29.824968, delay:2.278401, throughput:4055
SIM_TRAIN step:39, travel time:211.87025171624714, q_loss:328.09778, rewards:-53.59583, queue:26.033333, delay:0.7153118, throughput:4140
sim step:3600/3600
episode:39/200, sim_loss:328.09778
SIM_TRAIN step:40, travel time:206.20347905699245, q_loss:330.26926, rewards:-44.704437, queue:24.898148, delay:0.7432991, throughput:4178
sim step:3600/3600
episode:40/200, sim_loss:330.26926
REAL_TEST step:40, travel time:172.84126611957797, q_loss:100, rewards:-65.62583, queue:31.027279, delay:2.3089356, throughput:4048
SIM_TRAIN step:41, travel time:198.4115358205539, q_loss:332.2756, rewards:-54.48665, queue:22.61574, delay:0.7867842, throughput:4159
sim step:3600/3600
episode:41/200, sim_loss:332.2756
SIM_TRAIN step:42, travel time:199.0185397116045, q_loss:315.21686, rewards:-53.38444, queue:20.685184, delay:0.7856926, throughput:4146
sim step:3600/3600
episode:42/200, sim_loss:315.21686
REAL_TEST step:42, travel time:159.67584745762713, q_loss:100, rewards:-57.882206, queue:25.693703, delay:2.3744717, throughput:4057
SIM_TRAIN step:43, travel time:179.60032029283917, q_loss:316.58182, rewards:-31.7525, queue:16.555555, delay:0.7340242, throughput:4191
sim step:3600/3600
episode:43/200, sim_loss:316.58182
SIM_TRAIN step:44, travel time:210.57561198810342, q_loss:294.65726, rewards:-45.498047, queue:26.54537, delay:0.7294448, throughput:4173
sim step:3600/3600
episode:44/200, sim_loss:294.65726
REAL_TEST step:44, travel time:265.79933367503844, q_loss:100, rewards:-83.19389, queue:50.577175, delay:2.3283744, throughput:3582
SIM_TRAIN step:45, travel time:188.60059510185397, q_loss:283.5354, rewards:-42.136948, queue:18.517593, delay:0.7465739, throughput:4174
sim step:3600/3600
episode:45/200, sim_loss:283.5354
SIM_TRAIN step:46, travel time:180.62439917601282, q_loss:262.06766, rewards:-35.520832, queue:15.766666, delay:0.73785603, throughput:4185
sim step:3600/3600
episode:46/200, sim_loss:262.06766
REAL_TEST step:46, travel time:168.53269500233534, q_loss:100, rewards:-62.178364, queue:29.305624, delay:2.3977761, throughput:4069
SIM_TRAIN step:47, travel time:182.5483870967742, q_loss:266.2227, rewards:-41.136932, queue:18.566668, delay:0.7533496, throughput:4213
sim step:3600/3600
episode:47/200, sim_loss:266.2227
SIM_TRAIN step:48, travel time:178.6637674525063, q_loss:255.5768, rewards:-39.754726, queue:17.188889, delay:0.70811385, throughput:4194
sim step:3600/3600
episode:48/200, sim_loss:255.5768
REAL_TEST step:48, travel time:162.37832167832167, q_loss:100, rewards:-60.775284, queue:27.09825, delay:2.3291667, throughput:4092
SIM_TRAIN step:49, travel time:167.03272311212814, q_loss:227.32465, rewards:-31.500834, queue:15.260185, delay:0.74166644, throughput:4222
sim step:3600/3600
episode:49/200, sim_loss:227.32465
SIM_TRAIN step:50, travel time:179.3071641107805, q_loss:215.07407, rewards:-33.13167, queue:16.50926, delay:0.7301204, throughput:4204
sim step:3600/3600
episode:50/200, sim_loss:215.07407
REAL_TEST step:50, travel time:165.77460837035306, q_loss:100, rewards:-58.998047, queue:28.221502, delay:2.3378422, throughput:4056
SIM_TRAIN step:51, travel time:167.93476768139163, q_loss:221.603, rewards:-28.39805, queue:11.713889, delay:0.6924777, throughput:4193
sim step:3600/3600
episode:51/200, sim_loss:221.603
SIM_TRAIN step:52, travel time:181.4810155535224, q_loss:211.7354, rewards:-37.231934, queue:14.850926, delay:0.7008846, throughput:4168
sim step:3600/3600
episode:52/200, sim_loss:211.7354
REAL_TEST step:52, travel time:160.88040949278735, q_loss:100, rewards:-59.372776, queue:27.432566, delay:2.3371665, throughput:4102
SIM_TRAIN step:53, travel time:186.06155606407322, q_loss:197.14589, rewards:-38.891106, queue:17.0, delay:0.702398, throughput:4167
sim step:3600/3600
episode:53/200, sim_loss:197.14589
SIM_TRAIN step:54, travel time:176.98832684824902, q_loss:188.80968, rewards:-34.82972, queue:13.952778, delay:0.7155202, throughput:4183
sim step:3600/3600
episode:54/200, sim_loss:188.80968
REAL_TEST step:54, travel time:163.0420659032484, q_loss:100, rewards:-59.2675, queue:26.91566, delay:2.3077302, throughput:4078
SIM_TRAIN step:55, travel time:181.29807692307693, q_loss:158.77237, rewards:-35.601944, queue:15.50463, delay:0.70163566, throughput:4185
sim step:3600/3600
episode:55/200, sim_loss:158.77237
SIM_TRAIN step:56, travel time:175.63020594965676, q_loss:143.68883, rewards:-29.708048, queue:12.613889, delay:0.73984253, throughput:4193
sim step:3600/3600
episode:56/200, sim_loss:143.68883
REAL_TEST step:56, travel time:163.2440336920917, q_loss:100, rewards:-60.3028, queue:27.176182, delay:2.3445232, throughput:4068
SIM_TRAIN step:57, travel time:171.0897435897436, q_loss:141.12761, rewards:-30.298616, queue:12.490741, delay:0.75698763, throughput:4209
sim step:3600/3600
episode:57/200, sim_loss:141.12761
SIM_TRAIN step:58, travel time:175.25663919413918, q_loss:124.92066, rewards:-30.996115, queue:12.866667, delay:0.7472209, throughput:4191
sim step:3600/3600
episode:58/200, sim_loss:124.92066
REAL_TEST step:58, travel time:151.49536393138618, q_loss:100, rewards:-48.04889, queue:23.60262, delay:2.3323796, throughput:4125
SIM_TRAIN step:59, travel time:172.89789377289378, q_loss:107.374084, rewards:-30.190552, queue:12.412963, delay:0.73569477, throughput:4203
sim step:3600/3600
episode:59/200, sim_loss:107.374084
SIM_TRAIN step:60, travel time:179.88258182650492, q_loss:105.02999, rewards:-37.242226, queue:15.049074, delay:0.7603448, throughput:4180
sim step:3600/3600
episode:60/200, sim_loss:105.02999
REAL_TEST step:60, travel time:159.46587467971116, q_loss:100, rewards:-54.562794, queue:25.635025, delay:2.2994115, throughput:4093
SIM_TRAIN step:61, travel time:169.86515567765568, q_loss:93.97669, rewards:-34.04416, queue:14.987037, delay:0.7135122, throughput:4211
sim step:3600/3600
episode:61/200, sim_loss:93.97669
SIM_TRAIN step:62, travel time:169.49908424908426, q_loss:86.74479, rewards:-34.112778, queue:14.317593, delay:0.6983171, throughput:4207
sim step:3600/3600
episode:62/200, sim_loss:86.74479
REAL_TEST step:62, travel time:159.66976528003718, q_loss:100, rewards:-54.68832, queue:25.788269, delay:2.3146963, throughput:4113
SIM_TRAIN step:63, travel time:175.07139588100688, q_loss:83.45317, rewards:-33.139164, queue:18.137037, delay:0.7067618, throughput:4208
sim step:3600/3600
episode:63/200, sim_loss:83.45317
SIM_TRAIN step:64, travel time:164.90114416475973, q_loss:73.812874, rewards:-25.290281, queue:13.511111, delay:0.7366863, throughput:4258
sim step:3600/3600
episode:64/200, sim_loss:73.812874
REAL_TEST step:64, travel time:157.20876826722338, q_loss:100, rewards:-46.92194, queue:24.885498, delay:2.2596316, throughput:4126
SIM_TRAIN step:65, travel time:154.14351110093844, q_loss:65.275764, rewards:-19.789165, queue:9.366667, delay:0.6999532, throughput:4242
sim step:3600/3600
episode:65/200, sim_loss:65.275764
SIM_TRAIN step:66, travel time:154.93292124542126, q_loss:61.8477, rewards:-20.219717, queue:9.287037, delay:0.7011467, throughput:4240
sim step:3600/3600
episode:66/200, sim_loss:61.8477
REAL_TEST step:66, travel time:155.71756788117892, q_loss:100, rewards:-49.78252, queue:24.628119, delay:2.264997, throughput:4105
SIM_TRAIN step:67, travel time:156.80617848970252, q_loss:55.82405, rewards:-20.483889, queue:9.463889, delay:0.69877994, throughput:4238
sim step:3600/3600
episode:67/200, sim_loss:55.82405
SIM_TRAIN step:68, travel time:153.3354691075515, q_loss:54.835632, rewards:-19.59195, queue:9.089815, delay:0.69418645, throughput:4242
sim step:3600/3600
episode:68/200, sim_loss:54.835632
REAL_TEST step:68, travel time:158.9566024599675, q_loss:100, rewards:-48.612236, queue:25.595964, delay:2.2783873, throughput:4116
SIM_TRAIN step:69, travel time:151.7955586080586, q_loss:51.535408, rewards:-18.849718, queue:8.957407, delay:0.6871283, throughput:4248
sim step:3600/3600
episode:69/200, sim_loss:51.535408
SIM_TRAIN step:70, travel time:157.1551842526894, q_loss:47.852436, rewards:-20.268335, queue:9.782408, delay:0.6851038, throughput:4240
sim step:3600/3600
episode:70/200, sim_loss:47.852436
REAL_TEST step:70, travel time:155.4907192575406, q_loss:100, rewards:-45.163326, queue:24.603003, delay:2.309066, throughput:4137
SIM_TRAIN step:71, travel time:153.10164835164835, q_loss:45.19808, rewards:-17.736385, queue:8.394444, delay:0.66594183, throughput:4244
sim step:3600/3600
episode:71/200, sim_loss:45.19808
SIM_TRAIN step:72, travel time:151.2694597069597, q_loss:41.36922, rewards:-17.854446, queue:8.4777775, delay:0.6822945, throughput:4246
sim step:3600/3600
episode:72/200, sim_loss:41.36922
REAL_TEST step:72, travel time:147.59986194201565, q_loss:100, rewards:-40.420555, queue:22.533316, delay:2.339991, throughput:4164
SIM_TRAIN step:73, travel time:155.58182650492103, q_loss:41.575226, rewards:-20.178616, queue:9.137963, delay:0.68078876, throughput:4240
sim step:3600/3600
episode:73/200, sim_loss:41.575226
SIM_TRAIN step:74, travel time:155.05928130006868, q_loss:38.73289, rewards:-20.547773, queue:9.087963, delay:0.68218493, throughput:4232
sim step:3600/3600
episode:74/200, sim_loss:38.73289
REAL_TEST step:74, travel time:157.04526558891456, q_loss:100, rewards:-45.033333, queue:25.415394, delay:2.2972825, throughput:4145
SIM_TRAIN step:75, travel time:160.66216525520713, q_loss:39.320965, rewards:-28.69361, queue:12.723148, delay:0.7297646, throughput:4241
sim step:3600/3600
episode:75/200, sim_loss:39.320965
SIM_TRAIN step:76, travel time:154.03615560640733, q_loss:36.826275, rewards:-21.866943, queue:9.54537, delay:0.7138205, throughput:4245
sim step:3600/3600
episode:76/200, sim_loss:36.826275
REAL_TEST step:76, travel time:157.72339930151338, q_loss:100, rewards:-47.11223, queue:24.985018, delay:2.3012223, throughput:4120
SIM_TRAIN step:77, travel time:153.11650263218127, q_loss:33.915756, rewards:-19.505272, queue:8.840741, delay:0.68000454, throughput:4249
sim step:3600/3600
episode:77/200, sim_loss:33.915756
SIM_TRAIN step:78, travel time:150.9704737926299, q_loss:26.39281, rewards:-22.898617, queue:10.51574, delay:0.6984245, throughput:4237
sim step:3600/3600
episode:78/200, sim_loss:26.39281
REAL_TEST step:78, travel time:145.1378520723609, q_loss:100, rewards:-37.145832, queue:22.217505, delay:2.314511, throughput:4198
SIM_TRAIN step:79, travel time:146.80590524147402, q_loss:26.119846, rewards:-18.724173, queue:8.351851, delay:0.70420015, throughput:4257
sim step:3600/3600
episode:79/200, sim_loss:26.119846
SIM_TRAIN step:80, travel time:154.06385900663767, q_loss:27.18241, rewards:-20.983044, queue:9.12037, delay:0.7152512, throughput:4248
sim step:3600/3600
episode:80/200, sim_loss:27.18241
REAL_TEST step:80, travel time:158.00928720687253, q_loss:100, rewards:-49.135, queue:24.265663, delay:2.30271, throughput:4131
SIM_TRAIN step:81, travel time:155.27878233005265, q_loss:27.263277, rewards:-20.677216, queue:8.926852, delay:0.6969453, throughput:4240
sim step:3600/3600
episode:81/200, sim_loss:27.263277
SIM_TRAIN step:82, travel time:152.04715037766078, q_loss:27.408182, rewards:-22.054996, queue:9.471296, delay:0.7244363, throughput:4260
sim step:3600/3600
episode:82/200, sim_loss:27.408182
REAL_TEST step:82, travel time:161.82841199720994, q_loss:100, rewards:-50.068607, queue:26.596785, delay:2.3656642, throughput:4105
SIM_TRAIN step:83, travel time:152.95355753832075, q_loss:28.78296, rewards:-19.053616, queue:8.590741, delay:0.70633954, throughput:4246
sim step:3600/3600
episode:83/200, sim_loss:28.78296
SIM_TRAIN step:84, travel time:157.50926985580224, q_loss:27.931076, rewards:-24.128052, queue:10.533334, delay:0.7289739, throughput:4243
sim step:3600/3600
episode:84/200, sim_loss:27.931076
REAL_TEST step:84, travel time:153.80083468583354, q_loss:100, rewards:-46.136116, queue:23.333069, delay:2.2604246, throughput:4121
SIM_TRAIN step:85, travel time:151.13507326007326, q_loss:28.256691, rewards:-21.018332, queue:9.309259, delay:0.71957207, throughput:4260
sim step:3600/3600
episode:85/200, sim_loss:28.256691
SIM_TRAIN step:86, travel time:164.72664835164835, q_loss:30.64205, rewards:-26.405838, queue:12.302778, delay:0.72089875, throughput:4246
sim step:3600/3600
episode:86/200, sim_loss:30.64205
REAL_TEST step:86, travel time:157.0951609168789, q_loss:100, rewards:-48.40139, queue:24.361895, delay:2.243198, throughput:4119
SIM_TRAIN step:87, travel time:159.19111924925613, q_loss:37.162556, rewards:-24.543886, queue:10.6472225, delay:0.7069175, throughput:4242
sim step:3600/3600
episode:87/200, sim_loss:37.162556
SIM_TRAIN step:88, travel time:153.01991758241758, q_loss:37.71171, rewards:-25.291113, queue:10.876852, delay:0.73440075, throughput:4252
sim step:3600/3600
episode:88/200, sim_loss:37.71171
REAL_TEST step:88, travel time:161.50278035217795, q_loss:100, rewards:-45.406376, queue:26.29947, delay:2.322328, throughput:4130
SIM_TRAIN step:89, travel time:150.5113298237583, q_loss:34.151306, rewards:-25.980274, queue:11.097222, delay:0.76476675, throughput:4258
sim step:3600/3600
episode:89/200, sim_loss:34.151306
SIM_TRAIN step:90, travel time:147.70238095238096, q_loss:38.450012, rewards:-22.886393, queue:10.336111, delay:0.7237854, throughput:4280
sim step:3600/3600
episode:90/200, sim_loss:38.450012
REAL_TEST step:90, travel time:172.17193308550185, q_loss:100, rewards:-56.399727, queue:29.94975, delay:2.370898, throughput:4088
SIM_TRAIN step:91, travel time:157.95858123569795, q_loss:40.38081, rewards:-23.71278, queue:10.468518, delay:0.719848, throughput:4237
sim step:3600/3600
episode:91/200, sim_loss:40.38081
SIM_TRAIN step:92, travel time:153.77048054919908, q_loss:47.570366, rewards:-21.548882, queue:9.631481, delay:0.7030129, throughput:4253
sim step:3600/3600
episode:92/200, sim_loss:47.570366
REAL_TEST step:92, travel time:166.5398250460405, q_loss:100, rewards:-61.32219, queue:28.292822, delay:2.2222662, throughput:4134
SIM_TRAIN step:93, travel time:145.54990842490844, q_loss:40.34909, rewards:-20.473612, queue:8.955556, delay:0.7397118, throughput:4268
sim step:3600/3600
episode:93/200, sim_loss:40.34909
SIM_TRAIN step:94, travel time:144.52505147563485, q_loss:39.08052, rewards:-18.598618, queue:8.15463, delay:0.7198524, throughput:4273
sim step:3600/3600
episode:94/200, sim_loss:39.08052
REAL_TEST step:94, travel time:159.0175074867542, q_loss:100, rewards:-44.714725, queue:26.98699, delay:2.2498143, throughput:4142
SIM_TRAIN step:95, travel time:146.8179945054945, q_loss:37.79911, rewards:-22.414442, queue:9.512963, delay:0.7243615, throughput:4266
sim step:3600/3600
episode:95/200, sim_loss:37.79911
SIM_TRAIN step:96, travel time:147.8988326848249, q_loss:36.739246, rewards:-22.103893, queue:9.666667, delay:0.7492093, throughput:4266
sim step:3600/3600
episode:96/200, sim_loss:36.739246
REAL_TEST step:96, travel time:168.2013113161729, q_loss:100, rewards:-54.273617, queue:27.58844, delay:2.3018756, throughput:3917
SIM_TRAIN step:97, travel time:143.83775743707093, q_loss:36.5182, rewards:-19.766111, queue:8.939815, delay:0.7273771, throughput:4273
sim step:3600/3600
episode:97/200, sim_loss:36.5182
SIM_TRAIN step:98, travel time:144.90091533180777, q_loss:35.9193, rewards:-20.434446, queue:9.312963, delay:0.7323589, throughput:4262
sim step:3600/3600
episode:98/200, sim_loss:35.9193
REAL_TEST step:98, travel time:150.07052607397196, q_loss:100, rewards:-42.418064, queue:22.89272, delay:2.2945523, throughput:4158
SIM_TRAIN step:99, travel time:147.2945080091533, q_loss:34.860317, rewards:-22.858887, queue:10.069445, delay:0.74744856, throughput:4270
sim step:3600/3600
episode:99/200, sim_loss:34.860317
SIM_TRAIN step:100, travel time:148.15934065934067, q_loss:27.99088, rewards:-21.57167, queue:9.805555, delay:0.7332497, throughput:4262
sim step:3600/3600
episode:100/200, sim_loss:27.99088
REAL_TEST step:100, travel time:153.59834177798248, q_loss:100, rewards:-48.002506, queue:24.168272, delay:2.3066602, throughput:4128
SIM_TRAIN step:101, travel time:148.5169413919414, q_loss:25.240973, rewards:-20.827217, queue:9.444445, delay:0.71603084, throughput:4270
sim step:3600/3600
episode:101/200, sim_loss:25.240973
SIM_TRAIN step:102, travel time:151.18073667353008, q_loss:23.997826, rewards:-22.688047, queue:10.075926, delay:0.7462572, throughput:4256
sim step:3600/3600
episode:102/200, sim_loss:23.997826
REAL_TEST step:102, travel time:193.0334815589851, q_loss:100, rewards:-71.448906, queue:34.282536, delay:2.3576841, throughput:3596
SIM_TRAIN step:103, travel time:149.93224994277867, q_loss:23.247292, rewards:-22.10555, queue:9.806481, delay:0.71983427, throughput:4256
sim step:3600/3600
episode:103/200, sim_loss:23.247292
SIM_TRAIN step:104, travel time:148.15521978021977, q_loss:20.14265, rewards:-24.304443, queue:10.774074, delay:0.7311968, throughput:4264
sim step:3600/3600
episode:104/200, sim_loss:20.14265
REAL_TEST step:104, travel time:160.51107521919704, q_loss:100, rewards:-42.876953, queue:27.016972, delay:2.390815, throughput:4141
SIM_TRAIN step:105, travel time:150.0263218127718, q_loss:20.192207, rewards:-27.606947, queue:11.963889, delay:0.7322953, throughput:4255
sim step:3600/3600
episode:105/200, sim_loss:20.192207
SIM_TRAIN step:106, travel time:143.44528388278388, q_loss:21.143858, rewards:-21.607777, queue:9.582407, delay:0.73044974, throughput:4280
sim step:3600/3600
episode:106/200, sim_loss:21.143858
REAL_TEST step:106, travel time:195.66551632598885, q_loss:100, rewards:-74.3561, queue:35.817974, delay:2.29198, throughput:3561
SIM_TRAIN step:107, travel time:145.73609521629663, q_loss:21.483301, rewards:-20.028614, queue:9.101851, delay:0.70516384, throughput:4273
sim step:3600/3600
episode:107/200, sim_loss:21.483301
SIM_TRAIN step:108, travel time:141.8031586175326, q_loss:21.499884, rewards:-19.569994, queue:8.733334, delay:0.72036767, throughput:4277
sim step:3600/3600
episode:108/200, sim_loss:21.499884
REAL_TEST step:108, travel time:189.39269406392694, q_loss:100, rewards:-69.28584, queue:34.30897, delay:2.3612423, throughput:3738
SIM_TRAIN step:109, travel time:139.8679633867277, q_loss:21.147787, rewards:-17.205833, queue:7.962963, delay:0.70222133, throughput:4286
sim step:3600/3600
episode:109/200, sim_loss:21.147787
SIM_TRAIN step:110, travel time:140.6891737239643, q_loss:21.61414, rewards:-17.497225, queue:8.030556, delay:0.69953805, throughput:4281
sim step:3600/3600
episode:110/200, sim_loss:21.61414
REAL_TEST step:110, travel time:195.10324795352523, q_loss:100, rewards:-71.952774, queue:35.415035, delay:2.2574627, throughput:3581
SIM_TRAIN step:111, travel time:141.03112840466926, q_loss:23.248238, rewards:-19.045557, queue:8.5203705, delay:0.72887903, throughput:4284
sim step:3600/3600
episode:111/200, sim_loss:23.248238
SIM_TRAIN step:112, travel time:139.36095216296636, q_loss:22.773212, rewards:-16.720827, queue:7.7527776, delay:0.6990977, throughput:4280
sim step:3600/3600
episode:112/200, sim_loss:22.773212
REAL_TEST step:112, travel time:187.62985290571498, q_loss:100, rewards:-71.2475, queue:34.644657, delay:2.4018168, throughput:3921
SIM_TRAIN step:113, travel time:138.3916227969787, q_loss:21.454443, rewards:-15.662504, queue:7.4805555, delay:0.69719476, throughput:4289
sim step:3600/3600
episode:113/200, sim_loss:21.454443
SIM_TRAIN step:114, travel time:139.58388647287708, q_loss:20.51289, rewards:-17.666113, queue:8.078704, delay:0.7285092, throughput:4279
sim step:3600/3600
episode:114/200, sim_loss:20.51289
REAL_TEST step:114, travel time:189.51016311166876, q_loss:100, rewards:-69.86804, queue:34.768135, delay:2.3239691, throughput:3734
SIM_TRAIN step:115, travel time:136.96566720073244, q_loss:20.672567, rewards:-14.358327, queue:7.0064816, delay:0.7096271, throughput:4282
sim step:3600/3600
episode:115/200, sim_loss:20.672567
SIM_TRAIN step:116, travel time:231.2799267566949, q_loss:35.097122, rewards:-38.3675, queue:23.935184, delay:0.727587, throughput:4172
sim step:3600/3600
episode:116/200, sim_loss:35.097122
REAL_TEST step:116, travel time:202.57646742057082, q_loss:100, rewards:-75.07583, queue:37.332207, delay:2.2767124, throughput:3488
SIM_TRAIN step:117, travel time:148.56557564660105, q_loss:62.79301, rewards:-25.419716, queue:11.157408, delay:0.7225706, throughput:4258
sim step:3600/3600
episode:117/200, sim_loss:62.79301
SIM_TRAIN step:118, travel time:148.63189201555707, q_loss:66.10379, rewards:-22.46417, queue:10.52963, delay:0.6962729, throughput:4260
sim step:3600/3600
episode:118/200, sim_loss:66.10379
REAL_TEST step:118, travel time:194.12836970474967, q_loss:100, rewards:-72.5278, queue:36.153408, delay:2.348581, throughput:3668
SIM_TRAIN step:119, travel time:163.8, q_loss:83.615005, rewards:-28.776115, queue:14.476851, delay:0.74632144, throughput:4269
sim step:3600/3600
episode:119/200, sim_loss:83.615005
SIM_TRAIN step:120, travel time:164.33722527472528, q_loss:93.91345, rewards:-30.962503, queue:14.465741, delay:0.743143, throughput:4236
sim step:3600/3600
episode:120/200, sim_loss:93.91345
REAL_TEST step:120, travel time:200.01829432337908, q_loss:100, rewards:-74.04553, queue:35.885483, delay:2.2757242, throughput:3506
SIM_TRAIN step:121, travel time:146.80242673992674, q_loss:82.046135, rewards:-24.249723, queue:10.906482, delay:0.73735327, throughput:4279
sim step:3600/3600
episode:121/200, sim_loss:82.046135
SIM_TRAIN step:122, travel time:139.84458686198215, q_loss:91.5796, rewards:-16.306383, queue:7.6351852, delay:0.71045524, throughput:4288
sim step:3600/3600
episode:122/200, sim_loss:91.5796
REAL_TEST step:122, travel time:196.2899666410059, q_loss:100, rewards:-75.816925, queue:35.20659, delay:2.3007274, throughput:3693
SIM_TRAIN step:123, travel time:142.10183066361557, q_loss:86.04734, rewards:-18.569443, queue:9.056481, delay:0.6806942, throughput:4268
sim step:3600/3600
episode:123/200, sim_loss:86.04734
SIM_TRAIN step:124, travel time:157.98191805905242, q_loss:82.40377, rewards:-23.668333, queue:12.762037, delay:0.6970405, throughput:4228
sim step:3600/3600
episode:124/200, sim_loss:82.40377
REAL_TEST step:124, travel time:176.60498471667057, q_loss:100, rewards:-59.85414, queue:31.91692, delay:2.3531995, throughput:4045
SIM_TRAIN step:125, travel time:141.73769741359578, q_loss:105.89557, rewards:-18.100836, queue:8.810185, delay:0.7075446, throughput:4288
sim step:3600/3600
episode:125/200, sim_loss:105.89557
SIM_TRAIN step:126, travel time:139.7518883039597, q_loss:104.020065, rewards:-16.053616, queue:7.9796295, delay:0.7010609, throughput:4288
sim step:3600/3600
episode:126/200, sim_loss:104.020065
REAL_TEST step:126, travel time:161.82590625721542, q_loss:100, rewards:-46.316673, queue:26.692059, delay:2.2375336, throughput:4137
SIM_TRAIN step:127, travel time:141.41666666666666, q_loss:93.39961, rewards:-17.377504, queue:8.781482, delay:0.6839693, throughput:4275
sim step:3600/3600
episode:127/200, sim_loss:93.39961
SIM_TRAIN step:128, travel time:147.487302676733, q_loss:107.34382, rewards:-24.42583, queue:11.193519, delay:0.7182667, throughput:4260
sim step:3600/3600
episode:128/200, sim_loss:107.34382
REAL_TEST step:128, travel time:150.21109826589594, q_loss:100, rewards:-43.61696, queue:23.470118, delay:2.2827032, throughput:4137
SIM_TRAIN step:129, travel time:143.31807780320366, q_loss:88.09361, rewards:-21.65028, queue:9.636111, delay:0.7325197, throughput:4273
sim step:3600/3600
episode:129/200, sim_loss:88.09361
SIM_TRAIN step:130, travel time:141.606684981685, q_loss:69.418365, rewards:-18.166386, queue:8.1027775, delay:0.71478564, throughput:4278
sim step:3600/3600
episode:130/200, sim_loss:69.418365
REAL_TEST step:130, travel time:153.76203703703703, q_loss:100, rewards:-47.029167, queue:24.99727, delay:2.2634742, throughput:4120
SIM_TRAIN step:131, travel time:144.92929061784898, q_loss:48.472908, rewards:-21.496113, queue:9.276852, delay:0.72772634, throughput:4279
sim step:3600/3600
episode:131/200, sim_loss:48.472908
SIM_TRAIN step:132, travel time:139.54006410256412, q_loss:49.239567, rewards:-16.938616, queue:7.8925924, delay:0.70477146, throughput:4290
sim step:3600/3600
episode:132/200, sim_loss:49.239567
REAL_TEST step:132, travel time:149.1837577426015, q_loss:100, rewards:-37.766937, queue:22.955418, delay:2.3036332, throughput:4172
SIM_TRAIN step:133, travel time:146.3070938215103, q_loss:50.25952, rewards:-21.125553, queue:9.167593, delay:0.73221064, throughput:4275
sim step:3600/3600
episode:133/200, sim_loss:50.25952
SIM_TRAIN step:134, travel time:137.76310368505378, q_loss:41.490704, rewards:-15.376391, queue:7.0805554, delay:0.69387585, throughput:4286
sim step:3600/3600
episode:134/200, sim_loss:41.490704
REAL_TEST step:134, travel time:151.93049482163406, q_loss:100, rewards:-45.654472, queue:24.047693, delay:2.2905426, throughput:4163
SIM_TRAIN step:135, travel time:141.04805491990848, q_loss:45.813553, rewards:-18.201946, queue:8.028704, delay:0.71785194, throughput:4279
sim step:3600/3600
episode:135/200, sim_loss:45.813553
SIM_TRAIN step:136, travel time:148.05104142824445, q_loss:51.00655, rewards:-21.29056, queue:9.175, delay:0.72782046, throughput:4269
sim step:3600/3600
episode:136/200, sim_loss:51.00655
REAL_TEST step:136, travel time:155.66605208573404, q_loss:100, rewards:-42.609436, queue:25.000925, delay:2.2724078, throughput:4155
SIM_TRAIN step:137, travel time:146.33493589743588, q_loss:51.74909, rewards:-19.240274, queue:8.50463, delay:0.72746366, throughput:4269
sim step:3600/3600
episode:137/200, sim_loss:51.74909
SIM_TRAIN step:138, travel time:143.5201465201465, q_loss:39.812885, rewards:-18.91111, queue:8.17037, delay:0.71373564, throughput:4283
sim step:3600/3600
episode:138/200, sim_loss:39.812885
REAL_TEST step:138, travel time:166.44452537023548, q_loss:100, rewards:-59.02833, queue:28.240698, delay:2.3310966, throughput:3923
SIM_TRAIN step:139, travel time:143.284046692607, q_loss:17.612947, rewards:-20.395838, queue:8.893518, delay:0.69685566, throughput:4269
sim step:3600/3600
episode:139/200, sim_loss:17.612947
SIM_TRAIN step:140, travel time:143.9750514991989, q_loss:16.8493, rewards:-21.238329, queue:9.2712965, delay:0.7106887, throughput:4279
sim step:3600/3600
episode:140/200, sim_loss:16.8493
REAL_TEST step:140, travel time:151.7898367440791, q_loss:100, rewards:-43.39278, queue:23.641684, delay:2.3052595, throughput:4169
SIM_TRAIN step:141, travel time:148.37766079194324, q_loss:16.358501, rewards:-20.91333, queue:9.14074, delay:0.7228313, throughput:4266
sim step:3600/3600
episode:141/200, sim_loss:16.358501
SIM_TRAIN step:142, travel time:145.15064102564102, q_loss:15.420095, rewards:-21.306944, queue:9.798148, delay:0.6993232, throughput:4272
sim step:3600/3600
episode:142/200, sim_loss:15.420095
REAL_TEST step:142, travel time:164.31129807692307, q_loss:100, rewards:-53.44305, queue:27.674906, delay:2.2832365, throughput:3961
SIM_TRAIN step:143, travel time:149.32356979405034, q_loss:14.956905, rewards:-26.928043, queue:11.152778, delay:0.73526114, throughput:4265
sim step:3600/3600
episode:143/200, sim_loss:14.956905
SIM_TRAIN step:144, travel time:150.8216983291371, q_loss:15.145081, rewards:-26.48472, queue:11.338889, delay:0.74102783, throughput:4267
sim step:3600/3600
episode:144/200, sim_loss:15.145081
REAL_TEST step:144, travel time:192.7823236296879, q_loss:100, rewards:-76.30584, queue:34.15931, delay:2.302953, throughput:3605
SIM_TRAIN step:145, travel time:148.55639441775338, q_loss:16.229172, rewards:-26.346668, queue:11.113889, delay:0.7323332, throughput:4257
sim step:3600/3600
episode:145/200, sim_loss:16.229172
SIM_TRAIN step:146, travel time:142.6407967032967, q_loss:16.383087, rewards:-20.494444, queue:9.025, delay:0.7405868, throughput:4277
sim step:3600/3600
episode:146/200, sim_loss:16.383087
REAL_TEST step:146, travel time:155.3297185048454, q_loss:100, rewards:-48.434998, queue:25.167416, delay:2.322369, throughput:4136
SIM_TRAIN step:147, travel time:141.9810025177386, q_loss:16.94773, rewards:-17.700562, queue:8.333333, delay:0.718715, throughput:4270
sim step:3600/3600
episode:147/200, sim_loss:16.94773
SIM_TRAIN step:148, travel time:140.87871853546912, q_loss:16.692698, rewards:-18.612223, queue:8.51574, delay:0.725621, throughput:4284
sim step:3600/3600
episode:148/200, sim_loss:16.692698
REAL_TEST step:148, travel time:166.28998365631566, q_loss:100, rewards:-57.525547, queue:28.461754, delay:2.2891886, throughput:4072
SIM_TRAIN step:149, travel time:139.12728937728937, q_loss:17.01439, rewards:-16.130838, queue:7.7796297, delay:0.6728768, throughput:4283
sim step:3600/3600
episode:149/200, sim_loss:17.01439
SIM_TRAIN step:150, travel time:140.79972533760585, q_loss:17.157238, rewards:-18.086672, queue:8.426852, delay:0.70607036, throughput:4277
sim step:3600/3600
episode:150/200, sim_loss:17.157238
REAL_TEST step:150, travel time:177.02284082798002, q_loss:100, rewards:-64.1225, queue:31.347237, delay:2.3245084, throughput:3994
SIM_TRAIN step:151, travel time:137.63166323495767, q_loss:17.622765, rewards:-14.885276, queue:7.286111, delay:0.6911132, throughput:4289
sim step:3600/3600
episode:151/200, sim_loss:17.622765
SIM_TRAIN step:152, travel time:138.3792629892424, q_loss:17.73223, rewards:-15.672775, queue:7.5694447, delay:0.73040164, throughput:4295
sim step:3600/3600
episode:152/200, sim_loss:17.73223
REAL_TEST step:152, travel time:188.27180685358255, q_loss:100, rewards:-67.40415, queue:34.00343, delay:2.256048, throughput:3641
SIM_TRAIN step:153, travel time:145.06202792401007, q_loss:17.722675, rewards:-21.074165, queue:10.064815, delay:0.6669101, throughput:4270
sim step:3600/3600
episode:153/200, sim_loss:17.722675
SIM_TRAIN step:154, travel time:145.68421052631578, q_loss:19.30123, rewards:-22.43361, queue:10.459259, delay:0.6933566, throughput:4275
sim step:3600/3600
episode:154/200, sim_loss:19.30123
REAL_TEST step:154, travel time:184.11593059936908, q_loss:100, rewards:-62.57723, queue:32.410442, delay:2.3093224, throughput:3600
SIM_TRAIN step:155, travel time:140.31478937728937, q_loss:19.503262, rewards:-17.398333, queue:8.337037, delay:0.7102361, throughput:4288
sim step:3600/3600
episode:155/200, sim_loss:19.503262
SIM_TRAIN step:156, travel time:139.19977116704806, q_loss:20.379557, rewards:-16.473604, queue:7.8805556, delay:0.6912533, throughput:4288
sim step:3600/3600
episode:156/200, sim_loss:20.379557
REAL_TEST step:156, travel time:186.33505021890292, q_loss:100, rewards:-65.81414, queue:32.61368, delay:2.3187726, throughput:3683
SIM_TRAIN step:157, travel time:142.8642399267399, q_loss:20.141855, rewards:-19.54306, queue:9.240741, delay:0.6783133, throughput:4277
sim step:3600/3600
episode:157/200, sim_loss:20.141855
SIM_TRAIN step:158, travel time:136.52929061784897, q_loss:18.7736, rewards:-13.680006, queue:6.8861113, delay:0.6940184, throughput:4285
sim step:3600/3600
episode:158/200, sim_loss:18.7736
REAL_TEST step:158, travel time:176.15733922434953, q_loss:100, rewards:-55.53361, queue:30.448057, delay:2.2955868, throughput:3868
SIM_TRAIN step:159, travel time:138.73792629892424, q_loss:17.385742, rewards:-16.091387, queue:7.711111, delay:0.69020796, throughput:4286
sim step:3600/3600
episode:159/200, sim_loss:17.385742
SIM_TRAIN step:160, travel time:140.07371794871796, q_loss:17.05966, rewards:-17.89028, queue:8.2703705, delay:0.70429504, throughput:4278
sim step:3600/3600
episode:160/200, sim_loss:17.05966
REAL_TEST step:160, travel time:209.16706634692247, q_loss:100, rewards:-72.831955, queue:37.509598, delay:2.2814481, throughput:3547
SIM_TRAIN step:161, travel time:141.49267399267399, q_loss:17.084267, rewards:-19.6825, queue:8.790741, delay:0.7289525, throughput:4278
sim step:3600/3600
episode:161/200, sim_loss:17.084267
SIM_TRAIN step:162, travel time:145.67994505494505, q_loss:17.371132, rewards:-21.260838, queue:9.332407, delay:0.73650557, throughput:4272
sim step:3600/3600
episode:162/200, sim_loss:17.371132
REAL_TEST step:162, travel time:171.49834671705244, q_loss:100, rewards:-53.171654, queue:27.8804, delay:2.3200972, throughput:4022
SIM_TRAIN step:163, travel time:143.3451590753033, q_loss:16.79203, rewards:-20.494438, queue:8.982408, delay:0.7322676, throughput:4288
sim step:3600/3600
episode:163/200, sim_loss:16.79203
SIM_TRAIN step:164, travel time:142.30556191348134, q_loss:17.638218, rewards:-18.810555, queue:8.564815, delay:0.71461487, throughput:4276
sim step:3600/3600
episode:164/200, sim_loss:17.638218
REAL_TEST step:164, travel time:210.20765164862823, q_loss:100, rewards:-66.8, queue:37.26762, delay:2.2535753, throughput:3749
SIM_TRAIN step:165, travel time:143.64911879148548, q_loss:17.924446, rewards:-20.09083, queue:9.062037, delay:0.73114395, throughput:4280
sim step:3600/3600
episode:165/200, sim_loss:17.924446
SIM_TRAIN step:166, travel time:144.1098649576562, q_loss:18.129795, rewards:-18.481386, queue:8.612037, delay:0.7158586, throughput:4270
sim step:3600/3600
episode:166/200, sim_loss:18.129795
REAL_TEST step:166, travel time:229.3620221948212, q_loss:100, rewards:-73.42971, queue:39.748116, delay:2.3569078, throughput:3818
SIM_TRAIN step:167, travel time:171.58178906428734, q_loss:19.68253, rewards:-24.06417, queue:17.533333, delay:0.71510655, throughput:4009
sim step:3600/3600
episode:167/200, sim_loss:19.68253
SIM_TRAIN step:168, travel time:147.42687113756008, q_loss:53.54154, rewards:-23.959728, queue:10.700926, delay:0.72547144, throughput:4274
sim step:3600/3600
episode:168/200, sim_loss:53.54154
REAL_TEST step:168, travel time:169.9594209776934, q_loss:100, rewards:-54.346684, queue:29.735569, delay:2.3042014, throughput:3998
SIM_TRAIN step:169, travel time:144.58032036613272, q_loss:64.35568, rewards:-20.397774, queue:9.14074, delay:0.7223342, throughput:4274
sim step:3600/3600
episode:169/200, sim_loss:64.35568
SIM_TRAIN step:170, travel time:140.5732600732601, q_loss:72.18257, rewards:-19.18694, queue:8.600926, delay:0.72605723, throughput:4281
sim step:3600/3600
episode:170/200, sim_loss:72.18257
REAL_TEST step:170, travel time:156.02489052777136, q_loss:100, rewards:-43.187214, queue:24.195898, delay:2.3177338, throughput:4157
SIM_TRAIN step:171, travel time:141.858352402746, q_loss:70.349594, rewards:-17.643883, queue:8.2296295, delay:0.71848667, throughput:4277
sim step:3600/3600
episode:171/200, sim_loss:70.349594
SIM_TRAIN step:172, travel time:142.38901601830665, q_loss:61.138527, rewards:-19.4175, queue:9.27963, delay:0.7229074, throughput:4276
sim step:3600/3600
episode:172/200, sim_loss:61.138527
REAL_TEST step:172, travel time:194.86442405708462, q_loss:100, rewards:-66.950294, queue:34.739613, delay:2.4028037, throughput:3700
SIM_TRAIN step:173, travel time:146.47115384615384, q_loss:65.77042, rewards:-22.863333, queue:10.462037, delay:0.70586276, throughput:4263
sim step:3600/3600
episode:173/200, sim_loss:65.77042
SIM_TRAIN step:174, travel time:141.8745995423341, q_loss:61.11901, rewards:-19.103605, queue:8.686111, delay:0.72035646, throughput:4286
sim step:3600/3600
episode:174/200, sim_loss:61.11901
REAL_TEST step:174, travel time:183.49338422391858, q_loss:100, rewards:-60.378613, queue:32.797092, delay:2.246034, throughput:3729
SIM_TRAIN step:175, travel time:140.53731684981685, q_loss:71.30466, rewards:-18.295284, queue:8.344444, delay:0.70966446, throughput:4290
sim step:3600/3600
episode:175/200, sim_loss:71.30466
SIM_TRAIN step:176, travel time:135.03479056992447, q_loss:65.370544, rewards:-11.985274, queue:6.212963, delay:0.6863071, throughput:4287
sim step:3600/3600
episode:176/200, sim_loss:65.370544
REAL_TEST step:176, travel time:155.32421875, q_loss:100, rewards:-45.06167, queue:25.404228, delay:2.3390079, throughput:4168
SIM_TRAIN step:177, travel time:141.85786221103228, q_loss:55.513123, rewards:-18.134445, queue:8.887037, delay:0.6771514, throughput:4285
sim step:3600/3600
episode:177/200, sim_loss:55.513123
SIM_TRAIN step:178, travel time:143.4033882783883, q_loss:64.70892, rewards:-18.486664, queue:8.266666, delay:0.7259344, throughput:4268
sim step:3600/3600
episode:178/200, sim_loss:64.70892
REAL_TEST step:178, travel time:147.7832409972299, q_loss:100, rewards:-38.982227, queue:22.394226, delay:2.3619854, throughput:4157
SIM_TRAIN step:179, travel time:140.74736842105264, q_loss:64.306625, rewards:-18.009996, queue:7.927778, delay:0.7230488, throughput:4283
sim step:3600/3600
episode:179/200, sim_loss:64.306625
SIM_TRAIN step:180, travel time:137.62042124542126, q_loss:59.62967, rewards:-15.29805, queue:7.288889, delay:0.7157028, throughput:4288
sim step:3600/3600
episode:180/200, sim_loss:59.62967
REAL_TEST step:180, travel time:149.01376778338687, q_loss:100, rewards:-38.1911, queue:22.8037, delay:2.246728, throughput:4187
SIM_TRAIN step:181, travel time:140.80086976424812, q_loss:54.981125, rewards:-17.94, queue:8.1453705, delay:0.72208023, throughput:4274
sim step:3600/3600
episode:181/200, sim_loss:54.981125
SIM_TRAIN step:182, travel time:139.23770304278196, q_loss:17.875336, rewards:-16.36139, queue:7.9037037, delay:0.7024115, throughput:4282
sim step:3600/3600
episode:182/200, sim_loss:17.875336
REAL_TEST step:182, travel time:148.38826495530597, q_loss:100, rewards:-37.710552, queue:22.23408, delay:2.3573244, throughput:4191
SIM_TRAIN step:183, travel time:140.40796703296704, q_loss:17.48193, rewards:-18.439726, queue:8.403704, delay:0.712348, throughput:4276
sim step:3600/3600
episode:183/200, sim_loss:17.48193
SIM_TRAIN step:184, travel time:143.0263218127718, q_loss:17.466885, rewards:-17.326942, queue:8.077778, delay:0.68270254, throughput:4286
sim step:3600/3600
episode:184/200, sim_loss:17.466885
REAL_TEST step:184, travel time:158.90595539204415, q_loss:100, rewards:-45.71777, queue:25.415115, delay:2.302789, throughput:4157
SIM_TRAIN step:185, travel time:138.6937514305333, q_loss:17.27567, rewards:-15.528337, queue:7.7212963, delay:0.6910026, throughput:4285
sim step:3600/3600
episode:185/200, sim_loss:17.27567
SIM_TRAIN step:186, travel time:139.00091554131382, q_loss:16.744097, rewards:-15.56083, queue:7.764815, delay:0.6918541, throughput:4290
sim step:3600/3600
episode:186/200, sim_loss:16.744097
REAL_TEST step:186, travel time:170.0864813494892, q_loss:100, rewards:-56.553905, queue:28.854288, delay:2.317505, throughput:4001
SIM_TRAIN step:187, travel time:137.06840539922214, q_loss:16.016783, rewards:-13.7766695, queue:7.0574074, delay:0.70612454, throughput:4291
sim step:3600/3600
episode:187/200, sim_loss:16.016783
SIM_TRAIN step:188, travel time:143.70450904097046, q_loss:15.721149, rewards:-19.970833, queue:9.605556, delay:0.695041, throughput:4276
sim step:3600/3600
episode:188/200, sim_loss:15.721149
REAL_TEST step:188, travel time:181.09939246658567, q_loss:100, rewards:-63.754745, queue:32.286205, delay:2.3214934, throughput:3916
SIM_TRAIN step:189, travel time:140.7898832684825, q_loss:15.426667, rewards:-16.755838, queue:8.381481, delay:0.68652654, throughput:4289
sim step:3600/3600
episode:189/200, sim_loss:15.426667
SIM_TRAIN step:190, travel time:147.54383154039826, q_loss:16.345324, rewards:-23.67083, queue:11.260185, delay:0.7150154, throughput:4258
sim step:3600/3600
episode:190/200, sim_loss:16.345324
REAL_TEST step:190, travel time:178.36386886770518, q_loss:100, rewards:-67.170006, queue:31.41462, delay:2.3537183, throughput:4092
SIM_TRAIN step:191, travel time:140.9279505946935, q_loss:16.418911, rewards:-18.620836, queue:8.456482, delay:0.7159502, throughput:4280
sim step:3600/3600
episode:191/200, sim_loss:16.418911
SIM_TRAIN step:192, travel time:140.8350114416476, q_loss:16.915901, rewards:-17.838055, queue:8.135185, delay:0.6926889, throughput:4282
sim step:3600/3600
episode:192/200, sim_loss:16.915901
REAL_TEST step:192, travel time:171.160553633218, q_loss:100, rewards:-51.275284, queue:29.556366, delay:2.3291988, throughput:4153
SIM_TRAIN step:193, travel time:139.72951945080092, q_loss:17.967958, rewards:-16.812223, queue:7.9675927, delay:0.70898163, throughput:4284
sim step:3600/3600
episode:193/200, sim_loss:17.967958
SIM_TRAIN step:194, travel time:139.73449301899748, q_loss:17.541866, rewards:-17.027225, queue:7.95, delay:0.70194113, throughput:4283
sim step:3600/3600
episode:194/200, sim_loss:17.541866
REAL_TEST step:194, travel time:161.61924589405504, q_loss:100, rewards:-48.776394, queue:26.04938, delay:2.301307, throughput:4135
SIM_TRAIN step:195, travel time:143.03617216117217, q_loss:17.066572, rewards:-18.054441, queue:8.356482, delay:0.7130954, throughput:4273
sim step:3600/3600
episode:195/200, sim_loss:17.066572
SIM_TRAIN step:196, travel time:139.1483176928359, q_loss:16.965307, rewards:-14.966948, queue:7.326852, delay:0.7129912, throughput:4281
sim step:3600/3600
episode:196/200, sim_loss:16.965307
REAL_TEST step:196, travel time:166.4733686880332, q_loss:100, rewards:-52.656662, queue:27.68861, delay:2.2978714, throughput:4121
SIM_TRAIN step:197, travel time:143.81994966826812, q_loss:16.961115, rewards:-20.32334, queue:8.92037, delay:0.73366046, throughput:4269
sim step:3600/3600
episode:197/200, sim_loss:16.961115
SIM_TRAIN step:198, travel time:139.88601510643167, q_loss:16.51997, rewards:-17.149727, queue:7.937963, delay:0.71939534, throughput:4281
sim step:3600/3600
episode:198/200, sim_loss:16.51997
REAL_TEST step:198, travel time:227.89719853836783, q_loss:100, rewards:-70.56918, queue:38.364582, delay:2.2885697, throughput:3878
SIM_TRAIN step:199, travel time:137.31952391851684, q_loss:16.246222, rewards:-15.659166, queue:7.2777777, delay:0.7208585, throughput:4283
sim step:3600/3600
episode:199/200, sim_loss:16.246222
Total time taken: 5403.418412923813
