bullhead_3_dz20_presslight_latent_observation	REAL_TEST	2	692.2	100.0	-112.90	150.50	0.70	2146
bullhead_3_dz20_presslight_latent_observation	REAL_TEST	4	230.5	100.0	-115.43	37.65	0.73	3824
bullhead_3_dz20_presslight_latent_observation	REAL_TEST	6	915.8	100.0	-189.55	145.27	0.85	1743
bullhead_3_dz20_presslight_latent_observation	REAL_TEST	8	887.6	100.0	-182.85	143.51	0.83	1798
bullhead_3_dz20_presslight_latent_observation	REAL_TEST	10	579.7	100.0	-387.40	138.21	0.76	2514
bullhead_3_dz20_presslight_latent_observation	REAL_TEST	12	318.5	100.0	-151.12	58.17	0.78	3019
bullhead_3_dz20_presslight_latent_observation	REAL_TEST	14	865.1	100.0	-170.40	138.77	0.80	1861
bullhead_3_dz20_presslight_latent_observation	REAL_TEST	16	318.5	100.0	-151.12	58.17	0.78	3019
bullhead_3_dz20_presslight_latent_observation	REAL_TEST	18	242.5	100.0	-123.47	42.35	0.79	3711
bullhead_3_dz20_presslight_latent_observation	REAL_TEST	20	251.4	100.0	-116.55	45.60	0.77	3755
bullhead_3_dz20_presslight_latent_observation	REAL_TEST	22	265.8	100.0	-123.47	51.10	0.79	3665
bullhead_3_dz20_presslight_latent_observation	REAL_TEST	24	265.8	100.0	-123.47	51.10	0.79	3665
bullhead_3_dz20_presslight_latent_observation	REAL_TEST	26	265.8	100.0	-123.47	51.10	0.79	3665
bullhead_3_dz20_presslight_latent_observation	REAL_TEST	28	1753.0	100.0	-313.73	268.37	0.78	495
bullhead_3_dz20_presslight_latent_observation	REAL_TEST	30	2044.5	100.0	-348.19	304.15	0.79	298
bullhead_3_dz20_presslight_latent_observation	REAL_TEST	32	618.6	100.0	-359.75	162.05	0.82	2662
bullhead_3_dz20_presslight_latent_observation	REAL_TEST	34	1354.3	100.0	-82.75	180.18	0.71	1276
bullhead_3_dz20_presslight_latent_observation	REAL_TEST	36	2329.5	100.0	-349.88	312.88	0.79	180
bullhead_3_dz20_presslight_latent_observation	REAL_TEST	38	2153.4	100.0	-335.03	353.01	0.80	194
bullhead_3_dz20_presslight_latent_observation	REAL_TEST	40	2354.8	100.0	-349.95	316.83	0.78	114
bullhead_3_dz20_presslight_latent_observation	REAL_TEST	42	2261.9	100.0	-352.14	360.85	0.82	103
bullhead_3_dz20_presslight_latent_observation	REAL_TEST	44	2354.8	100.0	-349.95	316.83	0.78	114
bullhead_3_dz20_presslight_latent_observation	REAL_TEST	46	1935.7	100.0	-329.77	301.66	0.77	387
bullhead_3_dz20_presslight_latent_observation	REAL_TEST	48	2135.8	100.0	-331.84	339.28	0.79	257
bullhead_3_dz20_presslight_latent_observation	REAL_TEST	50	1733.4	100.0	-323.91	235.85	0.76	728
bullhead_3_dz20_presslight_latent_observation	REAL_TEST	52	2241.1	100.0	-330.07	307.63	0.73	205
bullhead_3_dz20_presslight_latent_observation	REAL_TEST	54	1747.8	100.0	-323.98	240.03	0.76	719
bullhead_3_dz20_presslight_latent_observation	REAL_TEST	56	2161.6	100.0	-329.69	303.99	0.72	262
bullhead_3_dz20_presslight_latent_observation	REAL_TEST	58	1743.8	100.0	-323.95	238.67	0.77	721
bullhead_3_dz20_presslight_latent_observation	REAL_TEST	60	2240.5	100.0	-331.00	370.23	0.75	195
bullhead_3_dz20_presslight_latent_observation	REAL_TEST	62	1726.7	100.0	-329.60	240.74	0.76	737
bullhead_3_dz20_presslight_latent_observation	REAL_TEST	64	2242.4	100.0	-331.33	379.52	0.75	180
bullhead_3_dz20_presslight_latent_observation	REAL_TEST	66	1664.6	100.0	-324.82	251.80	0.71	836
bullhead_3_dz20_presslight_latent_observation	REAL_TEST	68	1767.6	100.0	-163.45	316.06	0.73	470
bullhead_3_dz20_presslight_latent_observation	REAL_TEST	70	1572.8	100.0	-205.46	213.02	0.75	797
bullhead_3_dz20_presslight_latent_observation	REAL_TEST	72	1597.4	100.0	-200.16	287.51	0.72	618
bullhead_3_dz20_presslight_latent_observation	REAL_TEST	74	1677.9	100.0	-330.78	252.61	0.73	817
bullhead_3_dz20_presslight_latent_observation	REAL_TEST	76	1610.0	100.0	-161.55	298.49	0.72	607
bullhead_3_dz20_presslight_latent_observation	REAL_TEST	78	1280.4	100.0	-91.41	168.70	0.73	1252
bullhead_3_dz20_presslight_latent_observation	REAL_TEST	80	1408.8	100.0	-84.50	255.23	0.71	973
bullhead_3_dz20_presslight_latent_observation	REAL_TEST	82	1236.3	100.0	-88.00	166.20	0.72	1306
bullhead_3_dz20_presslight_latent_observation	REAL_TEST	84	1367.6	100.0	-82.06	263.61	0.68	1062
bullhead_3_dz20_presslight_latent_observation	REAL_TEST	86	910.8	100.0	-89.29	130.05	0.68	1914
bullhead_3_dz20_presslight_latent_observation	REAL_TEST	88	1336.4	100.0	-84.34	264.35	0.69	1110
bullhead_3_dz20_presslight_latent_observation	REAL_TEST	90	1526.2	100.0	-329.68	243.06	0.70	977
bullhead_3_dz20_presslight_latent_observation	REAL_TEST	92	1823.6	100.0	-329.31	326.76	0.72	509
bullhead_3_dz20_presslight_latent_observation	REAL_TEST	94	1650.3	100.0	-330.02	249.88	0.72	844
bullhead_3_dz20_presslight_latent_observation	REAL_TEST	96	1795.4	100.0	-329.11	297.08	0.72	540
bullhead_3_dz20_presslight_latent_observation	REAL_TEST	98	1577.5	100.0	-331.36	244.94	0.72	914
bullhead_3_dz20_presslight_latent_observation	REAL_TEST	100	1836.1	100.0	-314.01	303.43	0.73	499
bullhead_3_dz20_presslight_latent_observation	REAL_TEST	102	1723.0	100.0	-323.10	252.66	0.74	768
bullhead_3_dz20_presslight_latent_observation	REAL_TEST	104	1842.0	100.0	-328.67	294.88	0.72	508
bullhead_3_dz20_presslight_latent_observation	REAL_TEST	106	1694.4	100.0	-330.76	252.26	0.73	801
bullhead_3_dz20_presslight_latent_observation	REAL_TEST	108	1866.1	100.0	-327.71	308.18	0.72	486
bullhead_3_dz20_presslight_latent_observation	REAL_TEST	110	1689.4	100.0	-331.37	252.94	0.73	807
bullhead_3_dz20_presslight_latent_observation	REAL_TEST	112	1843.7	100.0	-322.65	303.01	0.72	501
bullhead_3_dz20_presslight_latent_observation	REAL_TEST	114	1599.5	100.0	-295.45	238.27	0.73	851
bullhead_3_dz20_presslight_latent_observation	REAL_TEST	116	1863.1	100.0	-321.64	304.50	0.72	486
bullhead_3_dz20_presslight_latent_observation	REAL_TEST	118	1897.6	100.0	-338.05	264.39	0.77	622
bullhead_3_dz20_presslight_latent_observation	REAL_TEST	120	1682.6	100.0	-318.01	248.34	0.75	799
bullhead_3_dz20_presslight_latent_observation	REAL_TEST	122	1431.4	100.0	-206.48	231.98	0.73	827
bullhead_3_dz20_presslight_latent_observation	REAL_TEST	124	1223.7	100.0	-284.43	198.34	0.73	1397
bullhead_3_dz20_presslight_latent_observation	REAL_TEST	126	1255.3	100.0	-207.73	194.17	0.71	1162
bullhead_3_dz20_presslight_latent_observation	REAL_TEST	128	1500.7	100.0	-275.65	224.61	0.74	925
bullhead_3_dz20_presslight_latent_observation	REAL_TEST	130	1523.1	100.0	-327.59	242.54	0.71	977
bullhead_3_dz20_presslight_latent_observation	REAL_TEST	132	1570.4	100.0	-333.06	246.67	0.72	931
bullhead_3_dz20_presslight_latent_observation	REAL_TEST	134	1228.5	100.0	-327.05	224.60	0.68	1401
bullhead_3_dz20_presslight_latent_observation	REAL_TEST	136	1273.1	100.0	-328.63	219.46	0.67	1406
bullhead_3_dz20_presslight_latent_observation	REAL_TEST	138	1810.4	100.0	-324.60	254.01	0.75	698
bullhead_3_dz20_presslight_latent_observation	REAL_TEST	140	838.8	100.0	-332.52	194.68	0.70	2331
bullhead_3_dz20_presslight_latent_observation	REAL_TEST	142	1734.1	100.0	-337.00	250.98	0.76	774
bullhead_3_dz20_presslight_latent_observation	REAL_TEST	144	1457.1	100.0	-346.94	269.74	0.75	1028
bullhead_3_dz20_presslight_latent_observation	REAL_TEST	146	1540.9	100.0	-330.23	253.88	0.71	1053
bullhead_3_dz20_presslight_latent_observation	REAL_TEST	148	1317.7	100.0	-334.67	274.16	0.71	1230
bullhead_3_dz20_presslight_latent_observation	REAL_TEST	150	1665.0	100.0	-333.28	252.26	0.74	834
bullhead_3_dz20_presslight_latent_observation	REAL_TEST	152	1248.5	100.0	-334.72	238.47	0.69	1440
bullhead_3_dz20_presslight_latent_observation	REAL_TEST	154	1858.1	100.0	-332.02	261.89	0.75	656
bullhead_3_dz20_presslight_latent_observation	REAL_TEST	156	1344.7	100.0	-327.39	246.37	0.68	1194
bullhead_3_dz20_presslight_latent_observation	REAL_TEST	158	1866.6	100.0	-332.46	260.21	0.75	645
bullhead_3_dz20_presslight_latent_observation	REAL_TEST	160	1327.2	100.0	-329.81	236.87	0.71	1232
bullhead_3_dz20_presslight_latent_observation	REAL_TEST	162	1871.8	100.0	-331.85	261.99	0.76	642
bullhead_3_dz20_presslight_latent_observation	REAL_TEST	164	1309.9	100.0	-319.99	231.05	0.68	1246
bullhead_3_dz20_presslight_latent_observation	REAL_TEST	166	1174.4	100.0	-312.36	215.52	0.68	1522
bullhead_3_dz20_presslight_latent_observation	REAL_TEST	168	1064.1	100.0	-338.92	200.06	0.73	1743
bullhead_3_dz20_presslight_latent_observation	REAL_TEST	170	249.7	100.0	-68.27	37.10	0.60	3905
bullhead_3_dz20_presslight_latent_observation	REAL_TEST	172	1303.7	100.0	-347.16	226.06	0.75	1369
bullhead_3_dz20_presslight_latent_observation	REAL_TEST	174	415.9	100.0	-304.36	112.64	0.62	3386
bullhead_3_dz20_presslight_latent_observation	REAL_TEST	176	1270.7	100.0	-327.99	218.73	0.66	1409
bullhead_3_dz20_presslight_latent_observation	REAL_TEST	178	404.2	100.0	-296.47	109.75	0.57	3472
bullhead_3_dz20_presslight_latent_observation	REAL_TEST	180	1864.6	100.0	-330.35	261.18	0.75	648
bullhead_3_dz20_presslight_latent_observation	REAL_TEST	182	402.8	100.0	-295.38	109.79	0.61	3496
bullhead_3_dz20_presslight_latent_observation	REAL_TEST	184	1831.7	100.0	-323.46	258.63	0.74	680
bullhead_3_dz20_presslight_latent_observation	REAL_TEST	186	389.1	100.0	-285.52	106.15	0.58	3560
bullhead_3_dz20_presslight_latent_observation	REAL_TEST	188	1234.3	100.0	-316.79	191.50	0.68	1350
bullhead_3_dz20_presslight_latent_observation	REAL_TEST	190	1006.6	100.0	-177.64	157.19	0.66	1817
bullhead_3_dz20_presslight_latent_observation	REAL_TEST	192	1239.0	100.0	-317.38	189.98	0.67	1335
bullhead_3_dz20_presslight_latent_observation	REAL_TEST	194	1512.0	100.0	-317.88	275.12	0.71	952
bullhead_3_dz20_presslight_latent_observation	REAL_TEST	196	429.3	100.0	-298.51	114.55	0.65	3433
bullhead_3_dz20_presslight_latent_observation	REAL_TEST	198	1978.4	100.0	-314.05	295.48	0.77	390
