bullhead_1_sensor70_presslight_latent_observation	REAL_TEST	1	2455.9	100.0	-474.93	163.49	0.17	61
bullhead_1_sensor70_presslight_latent_observation	REAL_TEST	2	924.1	100.0	-271.16	0.00	0.00	714
bullhead_1_sensor70_presslight_latent_observation	REAL_TEST	3	924.1	100.0	-271.16	0.00	0.09	714
bullhead_1_sensor70_presslight_latent_observation	REAL_TEST	4	292.1	100.0	-87.25	33.29	0.08	1172
bullhead_1_sensor70_presslight_latent_observation	REAL_TEST	5	924.1	100.0	-271.16	164.16	0.22	714
bullhead_1_sensor70_presslight_latent_observation	REAL_TEST	6	292.1	100.0	-87.25	64.28	0.79	1172
bullhead_1_sensor70_presslight_latent_observation	REAL_TEST	7	292.1	100.0	-87.25	4.91	0.33	1172
bullhead_1_sensor70_presslight_latent_observation	REAL_TEST	8	292.1	100.0	-87.25	5.79	0.26	1172
bullhead_1_sensor70_presslight_latent_observation	REAL_TEST	9	292.1	100.0	-87.25	33.29	0.20	1172
bullhead_1_sensor70_presslight_latent_observation	REAL_TEST	10	265.9	100.0	-77.51	0.01	0.15	1188
bullhead_1_sensor70_presslight_latent_observation	REAL_TEST	11	163.6	100.0	-39.27	11.69	0.56	1274
bullhead_1_sensor70_presslight_latent_observation	REAL_TEST	12	1049.4	100.0	-244.27	5.79	0.25	565
bullhead_1_sensor70_presslight_latent_observation	REAL_TEST	13	245.5	100.0	-69.88	26.30	0.63	1221
bullhead_1_sensor70_presslight_latent_observation	REAL_TEST	14	228.6	100.0	-63.81	9.45	0.16	1246
bullhead_1_sensor70_presslight_latent_observation	REAL_TEST	15	248.9	100.0	-71.18	18.44	0.66	1209
bullhead_1_sensor70_presslight_latent_observation	REAL_TEST	16	196.5	100.0	-51.71	22.25	0.73	1262
bullhead_1_sensor70_presslight_latent_observation	REAL_TEST	17	292.1	100.0	-87.25	0.00	0.00	1172
bullhead_1_sensor70_presslight_latent_observation	REAL_TEST	18	252.2	100.0	-72.63	13.01	0.18	1237
bullhead_1_sensor70_presslight_latent_observation	REAL_TEST	19	1049.4	100.0	-244.27	0.00	0.02	565
bullhead_1_sensor70_presslight_latent_observation	REAL_TEST	20	1049.4	100.0	-244.27	5.79	0.27	565
bullhead_1_sensor70_presslight_latent_observation	REAL_TEST	21	2527.1	100.0	-475.53	0.00	0.02	45
bullhead_1_sensor70_presslight_latent_observation	REAL_TEST	22	1049.4	100.0	-244.27	4.91	0.28	565
bullhead_1_sensor70_presslight_latent_observation	REAL_TEST	23	1049.4	100.0	-244.27	5.79	0.31	565
bullhead_1_sensor70_presslight_latent_observation	REAL_TEST	24	924.1	100.0	-271.16	5.79	0.36	714
bullhead_1_sensor70_presslight_latent_observation	REAL_TEST	25	251.1	100.0	-71.89	1.79	0.07	1208
bullhead_1_sensor70_presslight_latent_observation	REAL_TEST	26	383.2	100.0	-121.87	30.17	0.39	1167
bullhead_1_sensor70_presslight_latent_observation	REAL_TEST	27	280.9	100.0	-83.49	16.19	0.14	1226
bullhead_1_sensor70_presslight_latent_observation	REAL_TEST	28	1049.4	100.0	-244.27	0.00	0.00	565
bullhead_1_sensor70_presslight_latent_observation	REAL_TEST	29	217.0	100.0	-59.34	9.88	0.39	1232
bullhead_1_sensor70_presslight_latent_observation	REAL_TEST	30	207.2	100.0	-55.65	1.21	0.09	1237
bullhead_1_sensor70_presslight_latent_observation	REAL_TEST	31	1049.4	100.0	-244.27	10.69	0.52	565
bullhead_1_sensor70_presslight_latent_observation	REAL_TEST	32	206.1	100.0	-55.20	0.00	0.02	1236
bullhead_1_sensor70_presslight_latent_observation	REAL_TEST	33	1049.4	100.0	-244.27	5.79	0.25	565
bullhead_1_sensor70_presslight_latent_observation	REAL_TEST	34	323.4	100.0	-103.33	31.60	0.43	1196
bullhead_1_sensor70_presslight_latent_observation	REAL_TEST	35	160.5	100.0	-39.89	5.14	0.21	1317
bullhead_1_sensor70_presslight_latent_observation	REAL_TEST	36	361.4	100.0	-116.49	25.16	0.14	1243
bullhead_1_sensor70_presslight_latent_observation	REAL_TEST	37	222.1	100.0	-65.79	19.81	0.37	1334
bullhead_1_sensor70_presslight_latent_observation	REAL_TEST	38	201.5	100.0	-55.68	2.99	0.21	1283
bullhead_1_sensor70_presslight_latent_observation	REAL_TEST	39	953.4	100.0	-290.93	21.17	0.40	740
bullhead_1_sensor70_presslight_latent_observation	REAL_TEST	40	2527.1	100.0	-475.53	4.91	0.27	45
bullhead_1_sensor70_presslight_latent_observation	REAL_TEST	41	427.9	100.0	-143.57	3.23	0.13	1100
bullhead_1_sensor70_presslight_latent_observation	REAL_TEST	42	1227.7	100.0	-380.33	120.99	0.16	577
bullhead_1_sensor70_presslight_latent_observation	REAL_TEST	43	576.1	100.0	-196.07	112.04	0.32	1000
bullhead_1_sensor70_presslight_latent_observation	REAL_TEST	44	2527.1	100.0	-475.53	0.00	0.00	45
bullhead_1_sensor70_presslight_latent_observation	REAL_TEST	45	2629.3	100.0	-479.83	153.75	0.16	15
bullhead_1_sensor70_presslight_latent_observation	REAL_TEST	46	2462.2	100.0	-472.71	153.07	0.16	57
bullhead_1_sensor70_presslight_latent_observation	REAL_TEST	47	2431.3	100.0	-470.70	222.95	0.26	63
bullhead_1_sensor70_presslight_latent_observation	REAL_TEST	48	302.9	100.0	-91.73	19.93	0.42	1206
bullhead_1_sensor70_presslight_latent_observation	REAL_TEST	49	162.4	100.0	-40.08	11.49	0.44	1313
bullhead_1_sensor70_presslight_latent_observation	REAL_TEST	50	400.9	100.0	-133.94	53.10	0.23	1086
bullhead_1_sensor70_presslight_latent_observation	REAL_TEST	51	278.7	100.0	-84.79	8.12	0.56	1212
bullhead_1_sensor70_presslight_latent_observation	REAL_TEST	52	2527.1	100.0	-475.53	0.00	0.00	45
bullhead_1_sensor70_presslight_latent_observation	REAL_TEST	53	209.1	100.0	-56.42	2.15	0.14	1237
bullhead_1_sensor70_presslight_latent_observation	REAL_TEST	54	676.7	100.0	-240.08	22.14	0.33	996
bullhead_1_sensor70_presslight_latent_observation	REAL_TEST	55	290.4	100.0	-86.85	0.00	0.14	1175
bullhead_1_sensor70_presslight_latent_observation	REAL_TEST	56	288.2	100.0	-86.55	0.01	0.06	1183
bullhead_1_sensor70_presslight_latent_observation	REAL_TEST	57	2527.1	100.0	-475.53	80.92	0.08	45
bullhead_1_sensor70_presslight_latent_observation	REAL_TEST	58	254.0	100.0	-75.33	9.12	0.08	1259
bullhead_1_sensor70_presslight_latent_observation	REAL_TEST	59	2527.1	100.0	-475.53	0.00	0.00	45
bullhead_1_sensor70_presslight_latent_observation	REAL_TEST	60	279.5	100.0	-85.11	19.95	0.50	1247
bullhead_1_sensor70_presslight_latent_observation	REAL_TEST	61	1341.7	100.0	-417.25	132.73	0.16	542
bullhead_1_sensor70_presslight_latent_observation	REAL_TEST	62	404.4	100.0	-130.17	27.50	0.08	1161
bullhead_1_sensor70_presslight_latent_observation	REAL_TEST	63	1377.8	100.0	-428.93	136.81	0.16	523
bullhead_1_sensor70_presslight_latent_observation	REAL_TEST	64	287.8	100.0	-86.60	10.00	0.55	1186
bullhead_1_sensor70_presslight_latent_observation	REAL_TEST	65	2527.1	100.0	-475.53	0.00	0.00	45
bullhead_1_sensor70_presslight_latent_observation	REAL_TEST	66	208.7	100.0	-57.69	11.21	0.53	1277
bullhead_1_sensor70_presslight_latent_observation	REAL_TEST	67	291.6	100.0	-87.14	0.00	0.14	1173
bullhead_1_sensor70_presslight_latent_observation	REAL_TEST	68	290.5	100.0	-86.87	5.39	0.30	1175
bullhead_1_sensor70_presslight_latent_observation	REAL_TEST	69	966.6	100.0	-294.43	9.11	0.10	729
bullhead_1_sensor70_presslight_latent_observation	REAL_TEST	70	274.5	100.0	-82.84	0.41	0.06	1215
bullhead_1_sensor70_presslight_latent_observation	REAL_TEST	71	237.1	100.0	-68.66	8.69	0.18	1269
bullhead_1_sensor70_presslight_latent_observation	REAL_TEST	72	550.6	100.0	-190.26	53.71	0.18	1124
bullhead_1_sensor70_presslight_latent_observation	REAL_TEST	73	1155.6	100.0	-356.76	180.04	0.56	608
bullhead_1_sensor70_presslight_latent_observation	REAL_TEST	74	2527.1	100.0	-475.53	0.00	0.00	45
bullhead_1_sensor70_presslight_latent_observation	REAL_TEST	75	2527.1	100.0	-475.53	76.98	0.33	45
bullhead_1_sensor70_presslight_latent_observation	REAL_TEST	76	1211.1	100.0	-296.47	19.09	0.08	548
bullhead_1_sensor70_presslight_latent_observation	REAL_TEST	77	156.2	100.0	-36.61	0.77	0.19	1274
bullhead_1_sensor70_presslight_latent_observation	REAL_TEST	78	1078.8	100.0	-262.67	12.92	0.33	584
bullhead_1_sensor70_presslight_latent_observation	REAL_TEST	79	215.4	100.0	-58.71	29.61	0.47	1247
bullhead_1_sensor70_presslight_latent_observation	REAL_TEST	80	385.1	100.0	-123.06	36.74	0.65	1168
bullhead_1_sensor70_presslight_latent_observation	REAL_TEST	81	2464.7	100.0	-473.18	71.45	0.10	57
bullhead_1_sensor70_presslight_latent_observation	REAL_TEST	82	1086.8	100.0	-264.72	13.06	0.33	580
bullhead_1_sensor70_presslight_latent_observation	REAL_TEST	83	892.4	100.0	-270.37	2.40	0.15	753
bullhead_1_sensor70_presslight_latent_observation	REAL_TEST	84	965.7	100.0	-294.13	24.21	0.40	731
bullhead_1_sensor70_presslight_latent_observation	REAL_TEST	85	418.2	100.0	-143.53	43.89	0.40	922
bullhead_1_sensor70_presslight_latent_observation	REAL_TEST	86	273.3	100.0	-80.25	12.94	0.14	1195
bullhead_1_sensor70_presslight_latent_observation	REAL_TEST	87	288.1	100.0	-86.23	11.84	0.08	1212
bullhead_1_sensor70_presslight_latent_observation	REAL_TEST	88	288.5	100.0	-88.24	8.66	0.39	1210
bullhead_1_sensor70_presslight_latent_observation	REAL_TEST	89	247.1	100.0	-70.87	16.93	0.35	1215
bullhead_1_sensor70_presslight_latent_observation	REAL_TEST	90	191.5	100.0	-50.18	10.74	0.19	1266
bullhead_1_sensor70_presslight_latent_observation	REAL_TEST	91	2527.1	100.0	-475.53	0.00	0.00	45
bullhead_1_sensor70_presslight_latent_observation	REAL_TEST	92	1049.4	100.0	-244.27	0.00	0.06	565
bullhead_1_sensor70_presslight_latent_observation	REAL_TEST	93	782.3	100.0	-262.92	131.27	0.53	709
bullhead_1_sensor70_presslight_latent_observation	REAL_TEST	94	962.8	100.0	-245.89	0.55	0.15	636
bullhead_1_sensor70_presslight_latent_observation	REAL_TEST	95	284.1	100.0	-87.13	2.12	0.13	1220
bullhead_1_sensor70_presslight_latent_observation	REAL_TEST	96	346.1	100.0	-107.97	16.10	0.14	1171
bullhead_1_sensor70_presslight_latent_observation	REAL_TEST	97	1568.0	100.0	-418.16	133.84	0.16	423
bullhead_1_sensor70_presslight_latent_observation	REAL_TEST	98	206.1	100.0	-55.36	20.91	0.22	1255
bullhead_1_sensor70_presslight_latent_observation	REAL_TEST	99	282.5	100.0	-83.83	7.60	0.13	1195
bullhead_1_sensor70_presslight_latent_observation	REAL_TEST	100	2678.8	100.0	-481.58	81.07	0.08	5
bullhead_1_sensor70_presslight_latent_observation	REAL_TEST	101	2527.1	100.0	-475.53	0.00	0.00	45
bullhead_1_sensor70_presslight_latent_observation	REAL_TEST	102	296.9	100.0	-91.51	8.64	0.32	1206
bullhead_1_sensor70_presslight_latent_observation	REAL_TEST	103	1046.4	100.0	-244.11	4.74	0.31	567
bullhead_1_sensor70_presslight_latent_observation	REAL_TEST	104	957.0	100.0	-291.34	21.53	0.41	734
bullhead_1_sensor70_presslight_latent_observation	REAL_TEST	105	271.1	100.0	-81.78	0.04	0.04	1217
bullhead_1_sensor70_presslight_latent_observation	REAL_TEST	106	2527.1	100.0	-475.53	0.00	0.00	45
bullhead_1_sensor70_presslight_latent_observation	REAL_TEST	107	864.6	100.0	-270.78	22.59	0.41	769
bullhead_1_sensor70_presslight_latent_observation	REAL_TEST	108	204.2	100.0	-54.72	20.97	0.28	1256
bullhead_1_sensor70_presslight_latent_observation	REAL_TEST	109	2527.1	100.0	-475.53	0.00	0.00	45
bullhead_1_sensor70_presslight_latent_observation	REAL_TEST	110	958.8	100.0	-291.91	8.26	0.08	727
bullhead_1_sensor70_presslight_latent_observation	REAL_TEST	111	2498.8	100.0	-476.42	0.00	0.00	53
bullhead_1_sensor70_presslight_latent_observation	REAL_TEST	112	405.8	100.0	-133.70	21.38	0.33	1172
bullhead_1_sensor70_presslight_latent_observation	REAL_TEST	113	210.7	100.0	-57.07	28.38	0.52	1254
bullhead_1_sensor70_presslight_latent_observation	REAL_TEST	114	2527.1	100.0	-475.53	0.00	0.02	45
bullhead_1_sensor70_presslight_latent_observation	REAL_TEST	115	278.4	100.0	-85.04	3.71	0.30	1218
bullhead_1_sensor70_presslight_latent_observation	REAL_TEST	116	992.3	100.0	-302.79	16.84	0.35	723
bullhead_1_sensor70_presslight_latent_observation	REAL_TEST	117	1800.3	100.0	-452.55	79.63	0.33	328
bullhead_1_sensor70_presslight_latent_observation	REAL_TEST	118	175.7	100.0	-46.44	13.19	0.31	1330
bullhead_1_sensor70_presslight_latent_observation	REAL_TEST	119	1089.2	100.0	-268.90	9.47	0.23	595
bullhead_1_sensor70_presslight_latent_observation	REAL_TEST	120	277.1	100.0	-84.45	1.60	0.17	1223
bullhead_1_sensor70_presslight_latent_observation	REAL_TEST	121	300.8	100.0	-93.23	3.68	0.08	1207
bullhead_1_sensor70_presslight_latent_observation	REAL_TEST	122	174.5	100.0	-43.61	9.59	0.28	1275
bullhead_1_sensor70_presslight_latent_observation	REAL_TEST	123	271.3	100.0	-84.43	13.94	0.16	1287
bullhead_1_sensor70_presslight_latent_observation	REAL_TEST	124	312.3	100.0	-101.46	8.31	0.25	1232
bullhead_1_sensor70_presslight_latent_observation	REAL_TEST	125	2498.8	100.0	-476.42	0.00	0.01	53
bullhead_1_sensor70_presslight_latent_observation	REAL_TEST	126	1038.4	100.0	-254.93	10.16	0.15	601
bullhead_1_sensor70_presslight_latent_observation	REAL_TEST	127	277.4	100.0	-82.53	5.45	0.36	1187
bullhead_1_sensor70_presslight_latent_observation	REAL_TEST	128	887.4	100.0	-280.21	6.28	0.10	799
bullhead_1_sensor70_presslight_latent_observation	REAL_TEST	129	238.8	100.0	-69.77	3.81	0.13	1259
bullhead_1_sensor70_presslight_latent_observation	REAL_TEST	130	205.9	100.0	-57.45	13.16	0.22	1299
bullhead_1_sensor70_presslight_latent_observation	REAL_TEST	131	666.4	100.0	-224.43	25.87	0.16	972
bullhead_1_sensor70_presslight_latent_observation	REAL_TEST	132	912.3	100.0	-277.57	11.94	0.40	749
bullhead_1_sensor70_presslight_latent_observation	REAL_TEST	133	345.6	100.0	-113.34	27.17	0.63	1231
bullhead_1_sensor70_presslight_latent_observation	REAL_TEST	134	948.3	100.0	-289.26	7.98	0.08	739
bullhead_1_sensor70_presslight_latent_observation	REAL_TEST	135	272.0	100.0	-80.36	14.47	0.14	1242
bullhead_1_sensor70_presslight_latent_observation	REAL_TEST	136	375.9	100.0	-120.08	29.44	0.21	1184
bullhead_1_sensor70_presslight_latent_observation	REAL_TEST	137	134.7	100.0	-30.59	3.55	0.29	1373
bullhead_1_sensor70_presslight_latent_observation	REAL_TEST	138	761.1	100.0	-278.81	27.66	0.29	988
bullhead_1_sensor70_presslight_latent_observation	REAL_TEST	139	168.8	100.0	-42.99	8.71	0.18	1318
bullhead_1_sensor70_presslight_latent_observation	REAL_TEST	140	2498.8	100.0	-476.42	88.29	0.33	53
bullhead_1_sensor70_presslight_latent_observation	REAL_TEST	141	190.5	100.0	-50.94	2.12	0.30	1282
bullhead_1_sensor70_presslight_latent_observation	REAL_TEST	142	2498.8	100.0	-476.42	0.00	0.00	53
bullhead_1_sensor70_presslight_latent_observation	REAL_TEST	143	1728.2	100.0	-416.85	59.03	0.08	359
bullhead_1_sensor70_presslight_latent_observation	REAL_TEST	144	275.5	100.0	-86.36	3.80	0.16	1261
bullhead_1_sensor70_presslight_latent_observation	REAL_TEST	145	982.3	100.0	-306.82	149.43	0.24	515
bullhead_1_sensor70_presslight_latent_observation	REAL_TEST	146	198.8	100.0	-54.44	3.16	0.18	1284
bullhead_1_sensor70_presslight_latent_observation	REAL_TEST	147	217.3	100.0	-60.26	24.62	0.23	1234
bullhead_1_sensor70_presslight_latent_observation	REAL_TEST	148	428.6	100.0	-143.68	19.62	0.08	1165
bullhead_1_sensor70_presslight_latent_observation	REAL_TEST	149	290.8	100.0	-86.98	0.00	0.08	1175
bullhead_1_sensor70_presslight_latent_observation	REAL_TEST	150	2498.8	100.0	-476.42	0.00	0.00	53
bullhead_1_sensor70_presslight_latent_observation	REAL_TEST	151	1690.7	100.0	-409.33	56.55	0.08	375
bullhead_1_sensor70_presslight_latent_observation	REAL_TEST	152	188.9	100.0	-52.07	2.67	0.17	1321
bullhead_1_sensor70_presslight_latent_observation	REAL_TEST	153	362.4	100.0	-117.88	15.58	0.15	1189
bullhead_1_sensor70_presslight_latent_observation	REAL_TEST	154	1057.9	100.0	-324.10	24.89	0.33	693
bullhead_1_sensor70_presslight_latent_observation	REAL_TEST	155	953.8	100.0	-291.09	12.69	0.32	737
bullhead_1_sensor70_presslight_latent_observation	REAL_TEST	156	1777.1	100.0	-428.54	67.36	0.31	338
bullhead_1_sensor70_presslight_latent_observation	REAL_TEST	157	183.0	100.0	-49.71	12.91	0.38	1354
bullhead_1_sensor70_presslight_latent_observation	REAL_TEST	158	390.3	100.0	-129.45	25.25	0.40	1191
bullhead_1_sensor70_presslight_latent_observation	REAL_TEST	159	1663.2	100.0	-437.95	147.59	0.60	324
bullhead_1_sensor70_presslight_latent_observation	REAL_TEST	160	277.0	100.0	-84.40	1.58	0.17	1223
bullhead_1_sensor70_presslight_latent_observation	REAL_TEST	161	317.2	100.0	-100.41	9.18	0.21	1208
bullhead_1_sensor70_presslight_latent_observation	REAL_TEST	162	574.2	100.0	-194.83	62.49	0.42	889
bullhead_1_sensor70_presslight_latent_observation	REAL_TEST	163	964.6	100.0	-304.28	117.52	0.22	633
bullhead_1_sensor70_presslight_latent_observation	REAL_TEST	164	954.6	100.0	-291.32	8.14	0.08	738
bullhead_1_sensor70_presslight_latent_observation	REAL_TEST	165	386.9	100.0	-128.38	32.69	0.16	1189
bullhead_1_sensor70_presslight_latent_observation	REAL_TEST	166	312.5	100.0	-98.10	20.99	0.24	1242
bullhead_1_sensor70_presslight_latent_observation	REAL_TEST	167	324.6	100.0	-106.04	13.27	0.33	1242
bullhead_1_sensor70_presslight_latent_observation	REAL_TEST	168	2478.2	100.0	-476.54	80.92	0.08	59
bullhead_1_sensor70_presslight_latent_observation	REAL_TEST	169	289.7	100.0	-86.85	0.01	0.12	1179
bullhead_1_sensor70_presslight_latent_observation	REAL_TEST	170	256.1	100.0	-78.88	16.44	0.23	1308
bullhead_1_sensor70_presslight_latent_observation	REAL_TEST	171	946.6	100.0	-288.73	7.25	0.11	741
bullhead_1_sensor70_presslight_latent_observation	REAL_TEST	172	1029.4	100.0	-315.66	21.70	0.32	714
bullhead_1_sensor70_presslight_latent_observation	REAL_TEST	173	2498.8	100.0	-476.42	0.00	0.00	53
bullhead_1_sensor70_presslight_latent_observation	REAL_TEST	174	339.2	100.0	-108.25	26.63	0.41	1190
bullhead_1_sensor70_presslight_latent_observation	REAL_TEST	175	938.9	100.0	-286.23	13.24	0.18	739
bullhead_1_sensor70_presslight_latent_observation	REAL_TEST	176	981.5	100.0	-314.81	98.26	0.16	656
bullhead_1_sensor70_presslight_latent_observation	REAL_TEST	177	971.8	100.0	-296.90	10.01	0.08	728
bullhead_1_sensor70_presslight_latent_observation	REAL_TEST	178	202.7	100.0	-55.96	2.01	0.14	1288
bullhead_1_sensor70_presslight_latent_observation	REAL_TEST	179	930.0	100.0	-283.32	5.31	0.08	745
bullhead_1_sensor70_presslight_latent_observation	REAL_TEST	180	436.3	100.0	-146.65	20.74	0.08	1168
bullhead_1_sensor70_presslight_latent_observation	REAL_TEST	181	813.4	100.0	-287.40	26.00	0.10	936
bullhead_1_sensor70_presslight_latent_observation	REAL_TEST	182	264.0	100.0	-82.17	15.00	0.21	1301
bullhead_1_sensor70_presslight_latent_observation	REAL_TEST	183	2498.8	100.0	-476.42	0.00	0.00	53
bullhead_1_sensor70_presslight_latent_observation	REAL_TEST	184	179.2	100.0	-45.33	10.22	0.20	1275
bullhead_1_sensor70_presslight_latent_observation	REAL_TEST	185	373.2	100.0	-122.03	13.56	0.07	1186
bullhead_1_sensor70_presslight_latent_observation	REAL_TEST	186	314.7	100.0	-102.13	9.17	0.09	1243
bullhead_1_sensor70_presslight_latent_observation	REAL_TEST	187	954.6	100.0	-291.32	8.14	0.08	738
bullhead_1_sensor70_presslight_latent_observation	REAL_TEST	188	228.1	100.0	-63.96	14.03	0.43	1240
bullhead_1_sensor70_presslight_latent_observation	REAL_TEST	189	220.3	100.0	-62.63	22.69	0.29	1288
bullhead_1_sensor70_presslight_latent_observation	REAL_TEST	190	964.3	100.0	-294.47	19.02	0.16	735
bullhead_1_sensor70_presslight_latent_observation	REAL_TEST	191	289.7	100.0	-86.78	10.18	0.60	1178
bullhead_1_sensor70_presslight_latent_observation	REAL_TEST	192	401.1	100.0	-132.91	16.61	0.08	1179
bullhead_1_sensor70_presslight_latent_observation	REAL_TEST	193	1135.5	100.0	-278.02	17.39	0.32	571
bullhead_1_sensor70_presslight_latent_observation	REAL_TEST	194	255.9	100.0	-74.13	7.60	0.20	1210
bullhead_1_sensor70_presslight_latent_observation	REAL_TEST	195	922.9	100.0	-280.77	19.88	0.48	748
bullhead_1_sensor70_presslight_latent_observation	REAL_TEST	196	384.7	100.0	-126.54	25.14	0.46	1186
bullhead_1_sensor70_presslight_latent_observation	REAL_TEST	197	2527.1	100.0	-475.53	4.91	0.25	45
bullhead_1_sensor70_presslight_latent_observation	REAL_TEST	198	940.4	100.0	-286.70	13.51	0.16	743
bullhead_1_sensor70_presslight_latent_observation	REAL_TEST	199	319.3	100.0	-101.32	17.86	0.22	1236
