bullhead_1_combine2_dqn_latent_observation	REAL_TEST	2	1056.6	100.0	-110.97	89.47	1.43	565
bullhead_1_combine2_dqn_latent_observation	REAL_TEST	4	292.1	100.0	-56.55	34.78	1.41	1172
bullhead_1_combine2_dqn_latent_observation	REAL_TEST	6	282.8	100.0	-72.30	61.54	1.23	1176
bullhead_1_combine2_dqn_latent_observation	REAL_TEST	8	820.8	100.0	-262.46	242.31	1.73	781
bullhead_1_combine2_dqn_latent_observation	REAL_TEST	10	292.1	100.0	-90.83	69.71	1.64	1172
bullhead_1_combine2_dqn_latent_observation	REAL_TEST	12	1049.4	100.0	-255.20	233.79	1.77	565
bullhead_1_combine2_dqn_latent_observation	REAL_TEST	14	924.1	100.0	-181.01	170.95	1.14	714
bullhead_1_combine2_dqn_latent_observation	REAL_TEST	16	591.7	100.0	-150.83	130.03	1.40	942
bullhead_1_combine2_dqn_latent_observation	REAL_TEST	18	2705.7	100.0	-495.75	475.55	1.83	1
bullhead_1_combine2_dqn_latent_observation	REAL_TEST	20	292.1	100.0	-90.69	68.49	1.66	1172
bullhead_1_combine2_dqn_latent_observation	REAL_TEST	22	292.1	100.0	-90.85	69.59	1.69	1172
bullhead_1_combine2_dqn_latent_observation	REAL_TEST	24	292.1	100.0	-75.89	64.53	1.26	1172
bullhead_1_combine2_dqn_latent_observation	REAL_TEST	26	924.1	100.0	-280.76	259.59	1.64	714
bullhead_1_combine2_dqn_latent_observation	REAL_TEST	28	924.1	100.0	-185.03	173.36	1.14	714
bullhead_1_combine2_dqn_latent_observation	REAL_TEST	30	209.1	100.0	-37.31	15.92	1.36	1237
bullhead_1_combine2_dqn_latent_observation	REAL_TEST	32	292.1	100.0	-90.88	69.19	1.67	1172
bullhead_1_combine2_dqn_latent_observation	REAL_TEST	34	929.1	100.0	-280.88	261.31	1.72	715
bullhead_1_combine2_dqn_latent_observation	REAL_TEST	36	2498.8	100.0	-485.01	472.25	1.67	53
bullhead_1_combine2_dqn_latent_observation	REAL_TEST	38	292.1	100.0	-88.35	66.79	1.34	1172
bullhead_1_combine2_dqn_latent_observation	REAL_TEST	40	292.1	100.0	-53.06	42.99	1.09	1172
bullhead_1_combine2_dqn_latent_observation	REAL_TEST	42	2108.9	100.0	-468.20	456.39	1.68	156
bullhead_1_combine2_dqn_latent_observation	REAL_TEST	44	1033.7	100.0	-254.93	234.40	1.72	577
bullhead_1_combine2_dqn_latent_observation	REAL_TEST	46	292.1	100.0	-91.17	69.11	1.60	1172
bullhead_1_combine2_dqn_latent_observation	REAL_TEST	48	924.1	100.0	-280.28	259.31	1.71	714
bullhead_1_combine2_dqn_latent_observation	REAL_TEST	50	292.1	100.0	-74.57	62.91	0.96	1172
bullhead_1_combine2_dqn_latent_observation	REAL_TEST	52	162.3	100.0	-40.35	18.91	1.51	1271
bullhead_1_combine2_dqn_latent_observation	REAL_TEST	54	2527.1	100.0	-385.87	383.97	1.12	45
bullhead_1_combine2_dqn_latent_observation	REAL_TEST	56	292.1	100.0	-69.20	47.79	1.40	1172
bullhead_1_combine2_dqn_latent_observation	REAL_TEST	58	2527.1	100.0	-482.20	470.77	1.62	45
bullhead_1_combine2_dqn_latent_observation	REAL_TEST	60	292.1	100.0	-89.50	68.77	1.54	1172
bullhead_1_combine2_dqn_latent_observation	REAL_TEST	62	1072.4	100.0	-259.42	238.14	1.71	564
bullhead_1_combine2_dqn_latent_observation	REAL_TEST	64	291.3	100.0	-73.42	64.27	1.23	1176
bullhead_1_combine2_dqn_latent_observation	REAL_TEST	66	950.9	100.0	-177.72	160.49	1.53	651
bullhead_1_combine2_dqn_latent_observation	REAL_TEST	68	271.4	100.0	-78.31	62.16	1.56	1221
bullhead_1_combine2_dqn_latent_observation	REAL_TEST	70	2110.2	100.0	-470.59	458.89	1.65	176
bullhead_1_combine2_dqn_latent_observation	REAL_TEST	72	285.5	100.0	-87.86	65.19	1.67	1180
bullhead_1_combine2_dqn_latent_observation	REAL_TEST	74	158.2	100.0	-33.99	14.60	1.33	1315
bullhead_1_combine2_dqn_latent_observation	REAL_TEST	76	276.4	100.0	-76.95	64.05	1.46	1216
bullhead_1_combine2_dqn_latent_observation	REAL_TEST	78	276.7	100.0	-81.47	66.57	1.69	1215
bullhead_1_combine2_dqn_latent_observation	REAL_TEST	80	858.2	100.0	-270.64	248.83	1.71	763
bullhead_1_combine2_dqn_latent_observation	REAL_TEST	82	159.8	100.0	-39.89	18.88	1.55	1279
bullhead_1_combine2_dqn_latent_observation	REAL_TEST	84	284.2	100.0	-78.24	65.99	1.42	1214
bullhead_1_combine2_dqn_latent_observation	REAL_TEST	86	155.1	100.0	-25.54	13.90	1.22	1276
bullhead_1_combine2_dqn_latent_observation	REAL_TEST	88	1292.5	100.0	-324.22	313.49	1.51	467
bullhead_1_combine2_dqn_latent_observation	REAL_TEST	90	144.9	100.0	-28.91	16.72	1.52	1310
bullhead_1_combine2_dqn_latent_observation	REAL_TEST	92	2460.9	100.0	-385.79	384.29	1.02	61
bullhead_1_combine2_dqn_latent_observation	REAL_TEST	94	276.9	100.0	-78.54	65.69	1.50	1216
bullhead_1_combine2_dqn_latent_observation	REAL_TEST	96	2251.6	100.0	-457.46	457.94	0.90	118
bullhead_1_combine2_dqn_latent_observation	REAL_TEST	98	155.2	100.0	-40.72	19.33	1.73	1276
bullhead_1_combine2_dqn_latent_observation	REAL_TEST	100	418.0	100.0	-127.23	114.28	1.51	1159
bullhead_1_combine2_dqn_latent_observation	REAL_TEST	102	227.3	100.0	-28.14	12.86	1.36	1257
bullhead_1_combine2_dqn_latent_observation	REAL_TEST	104	397.7	100.0	-122.79	110.52	1.57	1158
bullhead_1_combine2_dqn_latent_observation	REAL_TEST	106	141.4	100.0	-27.79	15.24	1.58	1323
bullhead_1_combine2_dqn_latent_observation	REAL_TEST	108	717.3	100.0	-243.96	232.04	1.61	861
bullhead_1_combine2_dqn_latent_observation	REAL_TEST	110	278.7	100.0	-78.23	65.86	1.61	1212
bullhead_1_combine2_dqn_latent_observation	REAL_TEST	112	285.1	100.0	-80.07	68.28	1.53	1200
bullhead_1_combine2_dqn_latent_observation	REAL_TEST	114	149.2	100.0	-35.57	18.31	1.60	1316
bullhead_1_combine2_dqn_latent_observation	REAL_TEST	116	298.9	100.0	-82.36	69.73	1.42	1190
bullhead_1_combine2_dqn_latent_observation	REAL_TEST	118	1460.5	100.0	-344.40	333.18	1.45	386
bullhead_1_combine2_dqn_latent_observation	REAL_TEST	120	288.0	100.0	-78.76	66.23	1.45	1214
bullhead_1_combine2_dqn_latent_observation	REAL_TEST	122	352.4	100.0	-107.65	95.71	1.59	1187
bullhead_1_combine2_dqn_latent_observation	REAL_TEST	124	276.8	100.0	-77.53	66.34	1.56	1217
bullhead_1_combine2_dqn_latent_observation	REAL_TEST	126	856.3	100.0	-249.97	247.69	1.10	813
bullhead_1_combine2_dqn_latent_observation	REAL_TEST	128	148.9	100.0	-25.58	15.90	1.24	1318
bullhead_1_combine2_dqn_latent_observation	REAL_TEST	130	431.9	100.0	-140.13	127.49	1.60	1147
bullhead_1_combine2_dqn_latent_observation	REAL_TEST	132	287.7	100.0	-55.54	35.60	1.48	1199
bullhead_1_combine2_dqn_latent_observation	REAL_TEST	134	226.5	100.0	-56.47	44.86	1.62	1294
bullhead_1_combine2_dqn_latent_observation	REAL_TEST	136	152.4	100.0	-31.59	18.16	1.65	1321
bullhead_1_combine2_dqn_latent_observation	REAL_TEST	138	153.5	100.0	-32.89	19.29	1.61	1314
bullhead_1_combine2_dqn_latent_observation	REAL_TEST	140	139.8	100.0	-27.87	15.22	1.49	1321
bullhead_1_combine2_dqn_latent_observation	REAL_TEST	142	631.3	100.0	-199.87	188.48	1.49	969
bullhead_1_combine2_dqn_latent_observation	REAL_TEST	144	869.3	100.0	-241.50	229.27	1.49	810
bullhead_1_combine2_dqn_latent_observation	REAL_TEST	146	645.1	100.0	-203.49	189.41	1.43	897
bullhead_1_combine2_dqn_latent_observation	REAL_TEST	148	209.7	100.0	-51.88	40.90	1.22	1190
bullhead_1_combine2_dqn_latent_observation	REAL_TEST	150	646.3	100.0	-218.24	205.55	1.64	869
bullhead_1_combine2_dqn_latent_observation	REAL_TEST	152	283.6	100.0	-71.93	63.28	1.16	1217
bullhead_1_combine2_dqn_latent_observation	REAL_TEST	154	807.4	100.0	-269.92	267.53	1.23	881
bullhead_1_combine2_dqn_latent_observation	REAL_TEST	156	179.1	100.0	-43.94	27.74	1.71	1329
bullhead_1_combine2_dqn_latent_observation	REAL_TEST	158	168.8	100.0	-32.26	26.03	1.57	1348
bullhead_1_combine2_dqn_latent_observation	REAL_TEST	160	2333.1	100.0	-468.85	466.76	1.25	98
bullhead_1_combine2_dqn_latent_observation	REAL_TEST	162	1082.6	100.0	-355.65	346.11	1.54	614
bullhead_1_combine2_dqn_latent_observation	REAL_TEST	164	357.1	100.0	-111.34	102.38	1.57	1221
bullhead_1_combine2_dqn_latent_observation	REAL_TEST	166	142.7	100.0	-11.07	7.90	0.90	1331
bullhead_1_combine2_dqn_latent_observation	REAL_TEST	168	2338.8	100.0	-477.35	470.31	1.65	97
bullhead_1_combine2_dqn_latent_observation	REAL_TEST	170	261.4	100.0	-35.01	27.42	1.13	1270
bullhead_1_combine2_dqn_latent_observation	REAL_TEST	172	796.8	100.0	-230.41	213.17	1.53	671
bullhead_1_combine2_dqn_latent_observation	REAL_TEST	174	179.4	100.0	-36.15	30.41	1.50	1350
bullhead_1_combine2_dqn_latent_observation	REAL_TEST	176	177.8	100.0	-32.29	26.55	1.41	1340
bullhead_1_combine2_dqn_latent_observation	REAL_TEST	178	1548.0	100.0	-434.79	422.78	1.67	377
bullhead_1_combine2_dqn_latent_observation	REAL_TEST	180	178.5	100.0	-37.26	29.74	1.61	1346
bullhead_1_combine2_dqn_latent_observation	REAL_TEST	182	736.1	100.0	-256.37	245.72	1.66	909
bullhead_1_combine2_dqn_latent_observation	REAL_TEST	184	224.8	100.0	-60.54	48.38	1.54	1307
bullhead_1_combine2_dqn_latent_observation	REAL_TEST	186	1646.8	100.0	-430.45	424.64	1.55	319
bullhead_1_combine2_dqn_latent_observation	REAL_TEST	188	179.3	100.0	-27.33	23.72	1.19	1295
bullhead_1_combine2_dqn_latent_observation	REAL_TEST	190	2002.7	100.0	-468.07	462.75	1.50	216
bullhead_1_combine2_dqn_latent_observation	REAL_TEST	192	2041.9	100.0	-387.70	383.12	1.43	198
bullhead_1_combine2_dqn_latent_observation	REAL_TEST	194	1521.5	100.0	-414.31	407.72	1.61	401
bullhead_1_combine2_dqn_latent_observation	REAL_TEST	196	319.2	100.0	-62.08	56.48	1.25	1346
bullhead_1_combine2_dqn_latent_observation	REAL_TEST	198	1291.9	100.0	-388.15	381.78	1.58	477
