bullhead_1_sensor50_dqn_latent_observation	REAL_TEST	2	1049.4	100.0	-32.04	10.69	0.59	565
bullhead_1_sensor50_dqn_latent_observation	REAL_TEST	4	292.1	100.0	-32.04	10.69	0.59	1172
bullhead_1_sensor50_dqn_latent_observation	REAL_TEST	6	292.1	100.0	-37.59	26.09	0.41	1172
bullhead_1_sensor50_dqn_latent_observation	REAL_TEST	8	172.7	100.0	-38.96	17.62	0.71	1272
bullhead_1_sensor50_dqn_latent_observation	REAL_TEST	10	310.7	100.0	-22.54	22.45	0.23	1184
bullhead_1_sensor50_dqn_latent_observation	REAL_TEST	12	1049.4	100.0	-90.19	78.73	0.41	565
bullhead_1_sensor50_dqn_latent_observation	REAL_TEST	14	924.1	100.0	-14.70	4.91	0.34	714
bullhead_1_sensor50_dqn_latent_observation	REAL_TEST	16	924.1	100.0	-80.75	80.92	0.14	714
bullhead_1_sensor50_dqn_latent_observation	REAL_TEST	18	2705.7	100.0	-308.61	309.14	0.33	1
bullhead_1_sensor50_dqn_latent_observation	REAL_TEST	20	292.1	100.0	-14.70	4.91	0.39	1172
bullhead_1_sensor50_dqn_latent_observation	REAL_TEST	22	292.1	100.0	-70.81	59.38	0.50	1172
bullhead_1_sensor50_dqn_latent_observation	REAL_TEST	24	292.1	100.0	-53.46	53.59	0.31	1172
bullhead_1_sensor50_dqn_latent_observation	REAL_TEST	26	924.1	100.0	-162.29	162.57	0.27	714
bullhead_1_sensor50_dqn_latent_observation	REAL_TEST	28	924.1	100.0	-163.86	164.16	0.25	714
bullhead_1_sensor50_dqn_latent_observation	REAL_TEST	30	212.2	100.0	-35.15	13.79	0.62	1235
bullhead_1_sensor50_dqn_latent_observation	REAL_TEST	32	292.1	100.0	-33.22	33.29	0.11	1172
bullhead_1_sensor50_dqn_latent_observation	REAL_TEST	34	928.6	100.0	-98.39	88.77	0.39	716
bullhead_1_sensor50_dqn_latent_observation	REAL_TEST	36	2498.8	100.0	-328.41	317.38	0.58	53
bullhead_1_sensor50_dqn_latent_observation	REAL_TEST	38	292.1	100.0	-33.22	33.29	0.20	1172
bullhead_1_sensor50_dqn_latent_observation	REAL_TEST	40	292.1	100.0	-47.91	38.19	0.41	1172
bullhead_1_sensor50_dqn_latent_observation	REAL_TEST	42	315.6	100.0	-70.13	60.47	0.41	1185
bullhead_1_sensor50_dqn_latent_observation	REAL_TEST	44	176.3	100.0	-23.55	11.95	0.43	1274
bullhead_1_sensor50_dqn_latent_observation	REAL_TEST	46	292.1	100.0	-85.50	64.28	0.74	1172
bullhead_1_sensor50_dqn_latent_observation	REAL_TEST	48	924.1	100.0	-195.12	174.11	0.69	714
bullhead_1_sensor50_dqn_latent_observation	REAL_TEST	50	292.1	100.0	-70.81	59.38	0.50	1172
bullhead_1_sensor50_dqn_latent_observation	REAL_TEST	52	371.2	100.0	-46.71	36.88	0.48	1179
bullhead_1_sensor50_dqn_latent_observation	REAL_TEST	54	2527.1	100.0	-156.69	156.99	0.16	45
bullhead_1_sensor50_dqn_latent_observation	REAL_TEST	56	292.1	100.0	-65.26	43.98	0.60	1172
bullhead_1_sensor50_dqn_latent_observation	REAL_TEST	58	645.4	100.0	-77.06	67.34	0.43	993
bullhead_1_sensor50_dqn_latent_observation	REAL_TEST	60	1017.0	100.0	-219.86	218.93	0.37	637
bullhead_1_sensor50_dqn_latent_observation	REAL_TEST	62	263.3	100.0	-24.13	14.36	0.48	1200
bullhead_1_sensor50_dqn_latent_observation	REAL_TEST	64	922.7	100.0	-97.81	88.19	0.39	721
bullhead_1_sensor50_dqn_latent_observation	REAL_TEST	66	292.1	100.0	-65.26	43.98	0.61	1172
bullhead_1_sensor50_dqn_latent_observation	REAL_TEST	68	383.1	100.0	-58.78	58.83	0.24	1192
bullhead_1_sensor50_dqn_latent_observation	REAL_TEST	70	1354.5	100.0	-296.25	287.11	0.64	322
bullhead_1_sensor50_dqn_latent_observation	REAL_TEST	72	774.4	100.0	-171.82	150.71	0.75	773
bullhead_1_sensor50_dqn_latent_observation	REAL_TEST	74	292.1	100.0	-37.59	26.09	0.33	1172
bullhead_1_sensor50_dqn_latent_observation	REAL_TEST	76	2527.1	100.0	-396.95	387.83	0.66	45
bullhead_1_sensor50_dqn_latent_observation	REAL_TEST	78	2527.2	100.0	-233.95	224.44	0.51	45
bullhead_1_sensor50_dqn_latent_observation	REAL_TEST	80	292.1	100.0	-52.29	30.99	0.60	1172
bullhead_1_sensor50_dqn_latent_observation	REAL_TEST	82	729.7	100.0	-106.42	85.21	0.66	987
bullhead_1_sensor50_dqn_latent_observation	REAL_TEST	84	292.1	100.0	-34.94	25.20	0.35	1172
bullhead_1_sensor50_dqn_latent_observation	REAL_TEST	86	2651.6	100.0	-405.06	396.62	0.62	11
bullhead_1_sensor50_dqn_latent_observation	REAL_TEST	88	1345.6	100.0	-204.13	204.38	0.26	619
bullhead_1_sensor50_dqn_latent_observation	REAL_TEST	90	2527.1	100.0	-171.39	161.90	0.43	45
bullhead_1_sensor50_dqn_latent_observation	REAL_TEST	92	989.9	100.0	-105.36	105.33	0.20	854
bullhead_1_sensor50_dqn_latent_observation	REAL_TEST	94	354.4	100.0	-31.27	29.04	0.31	1189
bullhead_1_sensor50_dqn_latent_observation	REAL_TEST	96	292.1	100.0	0.00	0.00	0.03	1172
bullhead_1_sensor50_dqn_latent_observation	REAL_TEST	98	2588.2	100.0	-342.11	327.47	0.71	25
bullhead_1_sensor50_dqn_latent_observation	REAL_TEST	100	2527.2	100.0	-161.96	152.36	0.43	45
bullhead_1_sensor50_dqn_latent_observation	REAL_TEST	102	2527.2	100.0	-237.44	237.91	0.24	45
bullhead_1_sensor50_dqn_latent_observation	REAL_TEST	104	2527.1	100.0	-478.48	469.49	0.74	45
bullhead_1_sensor50_dqn_latent_observation	REAL_TEST	106	779.1	100.0	-163.98	145.24	0.71	903
bullhead_1_sensor50_dqn_latent_observation	REAL_TEST	108	2527.1	100.0	-382.25	382.93	0.42	45
bullhead_1_sensor50_dqn_latent_observation	REAL_TEST	110	2527.1	100.0	-299.92	300.43	0.34	45
bullhead_1_sensor50_dqn_latent_observation	REAL_TEST	112	2527.1	100.0	-241.85	232.43	0.51	45
bullhead_1_sensor50_dqn_latent_observation	REAL_TEST	114	170.2	100.0	-22.25	12.47	0.45	1271
bullhead_1_sensor50_dqn_latent_observation	REAL_TEST	116	2518.0	100.0	-170.03	159.26	0.52	46
bullhead_1_sensor50_dqn_latent_observation	REAL_TEST	118	2527.1	100.0	-171.40	161.90	0.43	45
bullhead_1_sensor50_dqn_latent_observation	REAL_TEST	120	1833.0	100.0	-79.16	68.97	0.37	184
bullhead_1_sensor50_dqn_latent_observation	REAL_TEST	122	2651.3	100.0	-325.88	316.63	0.58	11
bullhead_1_sensor50_dqn_latent_observation	REAL_TEST	124	2527.1	100.0	-252.92	243.56	0.51	45
bullhead_1_sensor50_dqn_latent_observation	REAL_TEST	126	2527.1	100.0	-310.19	310.73	0.34	45
bullhead_1_sensor50_dqn_latent_observation	REAL_TEST	128	805.6	100.0	-153.74	144.19	0.57	893
bullhead_1_sensor50_dqn_latent_observation	REAL_TEST	130	2527.2	100.0	-310.24	310.74	0.34	45
bullhead_1_sensor50_dqn_latent_observation	REAL_TEST	132	2527.1	100.0	-238.22	238.65	0.24	45
bullhead_1_sensor50_dqn_latent_observation	REAL_TEST	134	160.4	100.0	-34.75	13.39	0.60	1276
bullhead_1_sensor50_dqn_latent_observation	REAL_TEST	136	2556.6	100.0	-322.93	313.67	0.58	35
bullhead_1_sensor50_dqn_latent_observation	REAL_TEST	138	2527.1	100.0	-168.99	159.49	0.43	45
bullhead_1_sensor50_dqn_latent_observation	REAL_TEST	140	152.8	100.0	-14.84	5.17	0.35	1278
bullhead_1_sensor50_dqn_latent_observation	REAL_TEST	142	1122.9	100.0	-126.83	117.00	0.38	788
bullhead_1_sensor50_dqn_latent_observation	REAL_TEST	144	2498.8	100.0	-17.34	5.79	0.25	53
bullhead_1_sensor50_dqn_latent_observation	REAL_TEST	146	2511.1	100.0	-248.88	240.12	0.50	49
bullhead_1_sensor50_dqn_latent_observation	REAL_TEST	148	1284.9	100.0	-212.23	200.97	0.49	661
bullhead_1_sensor50_dqn_latent_observation	REAL_TEST	150	2589.0	100.0	-180.15	163.55	0.56	26
bullhead_1_sensor50_dqn_latent_observation	REAL_TEST	152	2566.8	100.0	-390.49	386.48	0.54	31
bullhead_1_sensor50_dqn_latent_observation	REAL_TEST	154	283.1	100.0	-0.49	0.58	0.06	1220
bullhead_1_sensor50_dqn_latent_observation	REAL_TEST	156	1421.8	100.0	-135.11	123.88	0.48	307
bullhead_1_sensor50_dqn_latent_observation	REAL_TEST	158	2634.1	100.0	-264.75	246.26	0.70	15
bullhead_1_sensor50_dqn_latent_observation	REAL_TEST	160	1809.6	100.0	-145.28	137.02	0.39	195
bullhead_1_sensor50_dqn_latent_observation	REAL_TEST	162	2503.1	100.0	-249.70	241.45	0.47	51
bullhead_1_sensor50_dqn_latent_observation	REAL_TEST	164	292.1	100.0	-34.94	25.20	0.35	1172
bullhead_1_sensor50_dqn_latent_observation	REAL_TEST	166	551.2	100.0	-8.19	8.18	0.09	1051
bullhead_1_sensor50_dqn_latent_observation	REAL_TEST	168	292.1	100.0	0.00	0.00	0.01	1172
bullhead_1_sensor50_dqn_latent_observation	REAL_TEST	170	280.2	100.0	-28.36	23.74	0.40	1264
bullhead_1_sensor50_dqn_latent_observation	REAL_TEST	172	2665.3	100.0	-235.63	236.03	0.25	8
bullhead_1_sensor50_dqn_latent_observation	REAL_TEST	174	840.1	100.0	-119.47	119.45	0.27	966
bullhead_1_sensor50_dqn_latent_observation	REAL_TEST	176	2585.5	100.0	-178.34	162.77	0.57	25
bullhead_1_sensor50_dqn_latent_observation	REAL_TEST	178	2174.1	100.0	-235.24	225.85	0.49	111
bullhead_1_sensor50_dqn_latent_observation	REAL_TEST	180	2647.0	100.0	-411.83	393.79	0.86	12
bullhead_1_sensor50_dqn_latent_observation	REAL_TEST	182	926.7	100.0	-137.47	137.55	0.24	1091
bullhead_1_sensor50_dqn_latent_observation	REAL_TEST	184	2502.4	100.0	-249.72	241.46	0.49	51
bullhead_1_sensor50_dqn_latent_observation	REAL_TEST	186	2163.5	100.0	-229.68	220.19	0.47	99
bullhead_1_sensor50_dqn_latent_observation	REAL_TEST	188	891.3	100.0	-129.67	124.51	0.41	505
bullhead_1_sensor50_dqn_latent_observation	REAL_TEST	190	1213.3	100.0	-253.68	246.38	0.52	602
bullhead_1_sensor50_dqn_latent_observation	REAL_TEST	192	2421.6	100.0	-308.95	309.48	0.33	74
bullhead_1_sensor50_dqn_latent_observation	REAL_TEST	194	960.9	100.0	-145.05	143.82	0.35	803
bullhead_1_sensor50_dqn_latent_observation	REAL_TEST	196	704.2	100.0	-36.43	24.85	0.33	988
bullhead_1_sensor50_dqn_latent_observation	REAL_TEST	198	2512.7	100.0	-154.69	154.95	0.16	47
