hz4x4_sensor70_dqn_latent_observation	REAL_TEST	2	1926.4	100.0	-526.54	32.97	0.09	287
hz4x4_sensor70_dqn_latent_observation	REAL_TEST	4	1335.6	100.0	-168.85	10.58	0.09	896
hz4x4_sensor70_dqn_latent_observation	REAL_TEST	6	1386.3	100.0	-197.80	12.38	0.08	867
hz4x4_sensor70_dqn_latent_observation	REAL_TEST	8	1308.4	100.0	-254.88	15.94	0.12	1006
hz4x4_sensor70_dqn_latent_observation	REAL_TEST	10	1426.9	100.0	-84.72	5.29	0.08	904
hz4x4_sensor70_dqn_latent_observation	REAL_TEST	12	1209.5	100.0	-147.43	9.22	0.08	1169
hz4x4_sensor70_dqn_latent_observation	REAL_TEST	14	1205.7	100.0	-47.86	2.99	0.04	1140
hz4x4_sensor70_dqn_latent_observation	REAL_TEST	16	1269.1	100.0	-76.38	4.76	0.09	1082
hz4x4_sensor70_dqn_latent_observation	REAL_TEST	18	1455.4	100.0	-143.76	9.00	0.08	763
hz4x4_sensor70_dqn_latent_observation	REAL_TEST	20	1011.7	100.0	-113.82	7.11	0.07	1506
hz4x4_sensor70_dqn_latent_observation	REAL_TEST	22	1416.2	100.0	-103.70	6.49	0.06	890
hz4x4_sensor70_dqn_latent_observation	REAL_TEST	24	1273.2	100.0	-53.60	3.34	0.08	1140
hz4x4_sensor70_dqn_latent_observation	REAL_TEST	26	1093.9	100.0	-127.03	7.95	0.11	1408
hz4x4_sensor70_dqn_latent_observation	REAL_TEST	28	1257.8	100.0	-107.92	6.74	0.07	1050
hz4x4_sensor70_dqn_latent_observation	REAL_TEST	30	1153.7	100.0	-70.77	4.40	0.08	1236
hz4x4_sensor70_dqn_latent_observation	REAL_TEST	32	1326.9	100.0	-155.42	9.72	0.09	945
hz4x4_sensor70_dqn_latent_observation	REAL_TEST	34	1188.5	100.0	-74.70	4.66	0.05	1182
hz4x4_sensor70_dqn_latent_observation	REAL_TEST	36	1152.1	100.0	-133.32	8.33	0.08	1244
hz4x4_sensor70_dqn_latent_observation	REAL_TEST	38	1274.0	100.0	-141.07	8.83	0.08	1072
hz4x4_sensor70_dqn_latent_observation	REAL_TEST	40	1532.7	100.0	-162.49	10.17	0.08	743
hz4x4_sensor70_dqn_latent_observation	REAL_TEST	42	1122.4	100.0	-145.79	9.12	0.07	1334
hz4x4_sensor70_dqn_latent_observation	REAL_TEST	44	1117.7	100.0	-58.01	3.61	0.08	1370
hz4x4_sensor70_dqn_latent_observation	REAL_TEST	46	1164.8	100.0	-164.41	10.28	0.07	1175
hz4x4_sensor70_dqn_latent_observation	REAL_TEST	48	1263.5	100.0	-67.14	4.20	0.05	1153
hz4x4_sensor70_dqn_latent_observation	REAL_TEST	50	1367.9	100.0	-74.11	4.63	0.07	895
hz4x4_sensor70_dqn_latent_observation	REAL_TEST	52	1645.3	100.0	-254.46	15.92	0.10	615
hz4x4_sensor70_dqn_latent_observation	REAL_TEST	54	1383.2	100.0	-109.67	6.85	0.07	893
hz4x4_sensor70_dqn_latent_observation	REAL_TEST	56	964.8	100.0	-39.20	2.42	0.07	1529
hz4x4_sensor70_dqn_latent_observation	REAL_TEST	58	1614.4	100.0	-159.67	9.99	0.09	664
hz4x4_sensor70_dqn_latent_observation	REAL_TEST	60	1275.3	100.0	-55.49	3.45	0.08	1099
hz4x4_sensor70_dqn_latent_observation	REAL_TEST	62	1435.4	100.0	-109.13	6.82	0.08	857
hz4x4_sensor70_dqn_latent_observation	REAL_TEST	64	1237.0	100.0	-66.24	4.14	0.08	1100
hz4x4_sensor70_dqn_latent_observation	REAL_TEST	66	1137.0	100.0	-69.01	4.28	0.05	1298
hz4x4_sensor70_dqn_latent_observation	REAL_TEST	68	1220.0	100.0	-50.72	3.16	0.07	1126
hz4x4_sensor70_dqn_latent_observation	REAL_TEST	70	1487.3	100.0	-92.10	5.76	0.06	788
hz4x4_sensor70_dqn_latent_observation	REAL_TEST	72	1477.0	100.0	-114.62	7.17	0.07	843
hz4x4_sensor70_dqn_latent_observation	REAL_TEST	74	1321.5	100.0	-96.13	5.99	0.11	1028
hz4x4_sensor70_dqn_latent_observation	REAL_TEST	76	1172.6	100.0	-48.32	3.02	0.06	1162
hz4x4_sensor70_dqn_latent_observation	REAL_TEST	78	1436.5	100.0	-96.36	6.01	0.06	891
hz4x4_sensor70_dqn_latent_observation	REAL_TEST	80	1275.9	100.0	-145.66	9.12	0.08	1089
hz4x4_sensor70_dqn_latent_observation	REAL_TEST	82	1130.4	100.0	-103.06	6.43	0.07	1354
hz4x4_sensor70_dqn_latent_observation	REAL_TEST	84	1133.5	100.0	-93.37	5.83	0.05	1264
hz4x4_sensor70_dqn_latent_observation	REAL_TEST	86	1569.6	100.0	-8.57	0.54	0.02	680
hz4x4_sensor70_dqn_latent_observation	REAL_TEST	88	881.8	100.0	-82.74	5.16	0.08	1730
hz4x4_sensor70_dqn_latent_observation	REAL_TEST	90	1510.9	100.0	-120.73	7.55	0.07	781
hz4x4_sensor70_dqn_latent_observation	REAL_TEST	92	1278.1	100.0	-160.74	10.06	0.08	962
hz4x4_sensor70_dqn_latent_observation	REAL_TEST	94	1246.8	100.0	-44.93	2.81	0.07	1167
hz4x4_sensor70_dqn_latent_observation	REAL_TEST	96	1196.9	100.0	-141.43	8.84	0.08	1167
hz4x4_sensor70_dqn_latent_observation	REAL_TEST	98	1326.8	100.0	-217.11	13.59	0.08	879
hz4x4_sensor70_dqn_latent_observation	REAL_TEST	100	1155.4	100.0	-64.18	4.00	0.07	1302
hz4x4_sensor70_dqn_latent_observation	REAL_TEST	102	1215.3	100.0	-136.62	8.54	0.07	1125
hz4x4_sensor70_dqn_latent_observation	REAL_TEST	104	1381.3	100.0	-104.65	6.54	0.04	1027
hz4x4_sensor70_dqn_latent_observation	REAL_TEST	106	1260.3	100.0	-147.94	9.25	0.08	1008
hz4x4_sensor70_dqn_latent_observation	REAL_TEST	108	1231.5	100.0	-259.02	16.20	0.09	1012
hz4x4_sensor70_dqn_latent_observation	REAL_TEST	110	1203.7	100.0	-139.42	8.70	0.06	1183
hz4x4_sensor70_dqn_latent_observation	REAL_TEST	112	1290.7	100.0	-84.09	5.27	0.06	980
hz4x4_sensor70_dqn_latent_observation	REAL_TEST	114	1347.6	100.0	-78.63	4.91	0.06	830
hz4x4_sensor70_dqn_latent_observation	REAL_TEST	116	1065.8	100.0	-54.77	3.42	0.06	1371
hz4x4_sensor70_dqn_latent_observation	REAL_TEST	118	1228.0	100.0	-43.89	2.73	0.04	1106
hz4x4_sensor70_dqn_latent_observation	REAL_TEST	120	1754.7	100.0	-185.05	11.57	0.07	556
hz4x4_sensor70_dqn_latent_observation	REAL_TEST	122	1518.8	100.0	-136.83	8.56	0.08	749
hz4x4_sensor70_dqn_latent_observation	REAL_TEST	124	1510.3	100.0	-249.69	15.62	0.07	784
hz4x4_sensor70_dqn_latent_observation	REAL_TEST	126	1260.9	100.0	-56.73	3.54	0.06	1111
hz4x4_sensor70_dqn_latent_observation	REAL_TEST	128	1231.6	100.0	-63.44	3.95	0.07	1163
hz4x4_sensor70_dqn_latent_observation	REAL_TEST	130	1040.6	100.0	-125.64	7.85	0.05	1494
hz4x4_sensor70_dqn_latent_observation	REAL_TEST	132	1212.0	100.0	-149.51	9.34	0.08	1181
hz4x4_sensor70_dqn_latent_observation	REAL_TEST	134	1219.0	100.0	-80.13	5.02	0.07	1137
hz4x4_sensor70_dqn_latent_observation	REAL_TEST	136	1480.6	100.0	-190.02	11.89	0.06	831
hz4x4_sensor70_dqn_latent_observation	REAL_TEST	138	1234.1	100.0	-96.98	6.06	0.06	1230
hz4x4_sensor70_dqn_latent_observation	REAL_TEST	140	1442.1	100.0	-155.14	9.71	0.06	819
hz4x4_sensor70_dqn_latent_observation	REAL_TEST	142	1257.0	100.0	-133.63	8.36	0.07	1077
hz4x4_sensor70_dqn_latent_observation	REAL_TEST	144	1531.2	100.0	-173.51	10.85	0.07	720
hz4x4_sensor70_dqn_latent_observation	REAL_TEST	146	1033.6	100.0	-197.30	12.35	0.08	1391
hz4x4_sensor70_dqn_latent_observation	REAL_TEST	148	1253.7	100.0	-162.99	10.20	0.06	1098
hz4x4_sensor70_dqn_latent_observation	REAL_TEST	150	1406.8	100.0	-143.44	8.98	0.07	845
hz4x4_sensor70_dqn_latent_observation	REAL_TEST	152	1076.2	100.0	-74.15	4.63	0.08	1451
hz4x4_sensor70_dqn_latent_observation	REAL_TEST	154	1375.5	100.0	-146.04	9.15	0.07	888
hz4x4_sensor70_dqn_latent_observation	REAL_TEST	156	1440.1	100.0	-45.47	2.84	0.05	842
hz4x4_sensor70_dqn_latent_observation	REAL_TEST	158	1685.6	100.0	-172.79	10.81	0.05	581
hz4x4_sensor70_dqn_latent_observation	REAL_TEST	160	1415.2	100.0	-27.38	1.71	0.05	809
hz4x4_sensor70_dqn_latent_observation	REAL_TEST	162	1101.1	100.0	-185.04	11.57	0.08	1414
hz4x4_sensor70_dqn_latent_observation	REAL_TEST	164	1415.2	100.0	-35.70	2.23	0.04	831
hz4x4_sensor70_dqn_latent_observation	REAL_TEST	166	1285.1	100.0	-151.36	9.47	0.09	1092
hz4x4_sensor70_dqn_latent_observation	REAL_TEST	168	1216.4	100.0	-117.89	7.36	0.06	1182
hz4x4_sensor70_dqn_latent_observation	REAL_TEST	170	1684.8	100.0	-112.94	7.05	0.06	591
hz4x4_sensor70_dqn_latent_observation	REAL_TEST	172	1388.8	100.0	-70.41	4.40	0.08	859
hz4x4_sensor70_dqn_latent_observation	REAL_TEST	174	1110.0	100.0	-139.34	8.71	0.07	1273
hz4x4_sensor70_dqn_latent_observation	REAL_TEST	176	1160.8	100.0	-69.95	4.37	0.09	1245
hz4x4_sensor70_dqn_latent_observation	REAL_TEST	178	1481.3	100.0	-71.33	4.46	0.05	827
hz4x4_sensor70_dqn_latent_observation	REAL_TEST	180	1311.2	100.0	-216.29	13.54	0.08	1071
hz4x4_sensor70_dqn_latent_observation	REAL_TEST	182	1634.5	100.0	-219.83	13.76	0.06	639
hz4x4_sensor70_dqn_latent_observation	REAL_TEST	184	1355.8	100.0	-293.95	18.39	0.08	966
hz4x4_sensor70_dqn_latent_observation	REAL_TEST	186	1408.0	100.0	-137.78	8.61	0.07	985
hz4x4_sensor70_dqn_latent_observation	REAL_TEST	188	1451.5	100.0	-90.30	5.65	0.07	805
hz4x4_sensor70_dqn_latent_observation	REAL_TEST	190	1389.4	100.0	-50.05	3.12	0.05	802
hz4x4_sensor70_dqn_latent_observation	REAL_TEST	192	1150.5	100.0	-30.34	1.88	0.06	1306
hz4x4_sensor70_dqn_latent_observation	REAL_TEST	194	1675.9	100.0	-168.12	10.53	0.08	557
hz4x4_sensor70_dqn_latent_observation	REAL_TEST	196	1211.6	100.0	-131.45	8.22	0.09	1153
hz4x4_sensor70_dqn_latent_observation	REAL_TEST	198	1459.6	100.0	-159.89	10.01	0.08	793
