cologne3_setting2_dqn_ugat	SIM_TEST	0	62.0	100.0	-20.91	3.69	0.17	2781
cologne3_setting2_dqn_ugat	REAL_TRAIN	0	249.9	100.0	-48.80	7.62	0.43	2080
cologne3_setting2_dqn_ugat	SIM_TRAIN	0	132.4	0.0	-66.94	9.97	0.32	2781
cologne3_setting2_dqn_ugat	SIM_TEST	1	63.6	100.0	-22.74	3.97	0.18	2782
cologne3_setting2_dqn_ugat	REAL_TRAIN	1	249.9	100.0	-48.80	7.62	0.43	2080
cologne3_setting2_dqn_ugat	SIM_TRAIN	0	611.9	0.0	-166.64	30.44	0.47	1877
cologne3_setting2_dqn_ugat	SIM_TEST	2	66.6	100.0	-22.16	3.88	0.18	2782
cologne3_setting2_dqn_ugat	REAL_TRAIN	2	249.9	100.0	-48.80	7.62	0.43	2080
cologne3_setting2_dqn_ugat	SIM_TRAIN	0	562.6	735.4	-184.43	31.27	0.52	1938
cologne3_setting2_dqn_ugat	SIM_TEST	3	595.5	100.0	-165.89	30.27	0.47	1891
cologne3_setting2_dqn_ugat	REAL_TRAIN	3	871.2	100.0	-240.68	34.79	0.70	1000
cologne3_setting2_dqn_ugat	SIM_TRAIN	0	81.9	674.2	-51.57	6.98	0.26	2772
cologne3_setting2_dqn_ugat	SIM_TEST	4	68.0	100.0	-18.93	3.33	0.17	2784
cologne3_setting2_dqn_ugat	REAL_TRAIN	4	807.1	100.0	-239.65	34.66	0.72	1055
cologne3_setting2_dqn_ugat	SIM_TRAIN	0	65.9	650.2	-22.84	3.86	0.19	2782
cologne3_setting2_dqn_ugat	SIM_TEST	5	52.0	100.0	-4.35	0.84	0.13	2791
cologne3_setting2_dqn_ugat	REAL_TRAIN	5	817.3	100.0	-241.01	34.73	0.69	1045
cologne3_setting2_dqn_ugat	SIM_TRAIN	0	598.0	510.1	-157.85	28.62	0.44	1882
cologne3_setting2_dqn_ugat	SIM_TEST	6	66.1	100.0	-18.90	3.29	0.17	2783
cologne3_setting2_dqn_ugat	REAL_TRAIN	6	796.4	100.0	-245.64	35.55	0.75	1061
cologne3_setting2_dqn_ugat	SIM_TRAIN	0	63.3	554.9	-21.86	3.85	0.18	2784
cologne3_setting2_dqn_ugat	SIM_TEST	7	65.6	100.0	-18.90	3.31	0.17	2784
cologne3_setting2_dqn_ugat	REAL_TRAIN	7	910.4	100.0	-320.51	46.31	0.81	893
cologne3_setting2_dqn_ugat	SIM_TRAIN	0	66.8	497.2	-22.61	3.90	0.17	2782
cologne3_setting2_dqn_ugat	SIM_TEST	8	57.5	100.0	-6.65	1.28	0.15	2782
cologne3_setting2_dqn_ugat	REAL_TRAIN	8	907.2	100.0	-319.21	46.05	0.82	892
cologne3_setting2_dqn_ugat	SIM_TRAIN	0	59.4	467.3	-16.71	2.95	0.19	2783
cologne3_setting2_dqn_ugat	SIM_TEST	9	57.5	100.0	-6.60	1.27	0.15	2784
cologne3_setting2_dqn_ugat	REAL_TRAIN	9	930.8	100.0	-324.42	47.17	0.84	868
cologne3_setting2_dqn_ugat	SIM_TRAIN	0	66.4	441.3	-22.91	4.01	0.18	2784
cologne3_setting2_dqn_ugat	SIM_TEST	10	59.0	100.0	-16.24	2.89	0.17	2785
cologne3_setting2_dqn_ugat	REAL_TRAIN	10	915.4	100.0	-316.51	45.45	0.77	884
cologne3_setting2_dqn_ugat	SIM_TRAIN	0	65.4	392.9	-17.58	3.09	0.17	2790
cologne3_setting2_dqn_ugat	SIM_TEST	11	53.2	100.0	-6.81	1.30	0.15	2784
cologne3_setting2_dqn_ugat	REAL_TRAIN	11	816.9	100.0	-312.87	44.94	0.85	976
cologne3_setting2_dqn_ugat	SIM_TRAIN	0	64.2	354.1	-23.28	4.01	0.17	2784
cologne3_setting2_dqn_ugat	SIM_TEST	12	54.1	100.0	-7.68	1.44	0.16	2781
cologne3_setting2_dqn_ugat	REAL_TRAIN	12	836.0	100.0	-318.11	45.86	0.83	939
cologne3_setting2_dqn_ugat	SIM_TRAIN	0	53.6	334.0	-7.48	1.40	0.16	2786
cologne3_setting2_dqn_ugat	SIM_TEST	13	64.2	100.0	-22.43	3.90	0.17	2785
cologne3_setting2_dqn_ugat	REAL_TRAIN	13	822.0	100.0	-315.85	45.67	0.84	985
cologne3_setting2_dqn_ugat	SIM_TRAIN	0	61.0	261.6	-20.75	3.59	0.17	2783
cologne3_setting2_dqn_ugat	SIM_TEST	14	63.2	100.0	-20.70	3.58	0.17	2789
cologne3_setting2_dqn_ugat	REAL_TRAIN	14	832.9	100.0	-309.14	44.37	0.82	969
cologne3_setting2_dqn_ugat	SIM_TRAIN	0	53.7	208.7	-8.05	1.50	0.16	2783
cologne3_setting2_dqn_ugat	SIM_TEST	15	64.5	100.0	-23.96	4.17	0.17	2782
cologne3_setting2_dqn_ugat	REAL_TRAIN	15	1007.2	100.0	-328.54	48.51	0.87	762
cologne3_setting2_dqn_ugat	SIM_TRAIN	0	64.5	176.5	-21.40	3.71	0.18	2783
cologne3_setting2_dqn_ugat	SIM_TEST	16	65.3	100.0	-18.42	3.23	0.17	2783
cologne3_setting2_dqn_ugat	REAL_TRAIN	16	972.7	100.0	-321.89	47.00	0.83	788
cologne3_setting2_dqn_ugat	SIM_TRAIN	0	63.7	135.6	-21.31	3.73	0.17	2784
cologne3_setting2_dqn_ugat	SIM_TEST	17	65.2	100.0	-19.99	3.52	0.17	2785
cologne3_setting2_dqn_ugat	REAL_TRAIN	17	1115.1	100.0	-348.54	52.91	0.88	673
cologne3_setting2_dqn_ugat	SIM_TRAIN	0	66.6	100.2	-18.39	3.21	0.18	2785
cologne3_setting2_dqn_ugat	SIM_TEST	18	906.2	100.0	-130.48	27.68	0.35	1428
cologne3_setting2_dqn_ugat	REAL_TRAIN	18	1847.0	100.0	-365.45	57.04	0.93	246
cologne3_setting2_dqn_ugat	SIM_TRAIN	0	78.4	78.1	-21.42	3.85	0.21	2785
cologne3_setting2_dqn_ugat	SIM_TEST	19	59.8	100.0	-18.31	3.19	0.17	2785
cologne3_setting2_dqn_ugat	REAL_TRAIN	19	1115.6	100.0	-339.65	51.10	0.88	664
cologne3_setting2_dqn_ugat	SIM_TRAIN	0	63.6	66.5	-24.49	4.00	0.19	2783
cologne3_setting2_dqn_ugat	SIM_TEST	20	63.2	100.0	-17.18	3.02	0.17	2785
cologne3_setting2_dqn_ugat	REAL_TRAIN	20	863.0	100.0	-317.26	46.14	0.83	900
cologne3_setting2_dqn_ugat	SIM_TRAIN	0	64.2	46.7	-18.23	3.07	0.17	2782
cologne3_setting2_dqn_ugat	SIM_TEST	21	66.7	100.0	-16.33	2.84	0.16	2791
cologne3_setting2_dqn_ugat	REAL_TRAIN	21	784.9	100.0	-294.72	42.51	0.77	1037
cologne3_setting2_dqn_ugat	SIM_TRAIN	0	63.1	36.1	-18.87	3.05	0.18	2777
cologne3_setting2_dqn_ugat	SIM_TEST	22	52.3	100.0	-6.22	1.17	0.14	2784
cologne3_setting2_dqn_ugat	REAL_TRAIN	22	1035.3	100.0	-334.42	49.29	0.84	740
cologne3_setting2_dqn_ugat	SIM_TRAIN	0	65.2	34.7	-21.11	3.52	0.18	2780
cologne3_setting2_dqn_ugat	SIM_TEST	23	63.8	100.0	-19.19	3.32	0.17	2784
cologne3_setting2_dqn_ugat	REAL_TRAIN	23	897.6	100.0	-318.60	46.38	0.80	881
cologne3_setting2_dqn_ugat	SIM_TRAIN	0	62.6	34.9	-18.36	3.06	0.18	2784
cologne3_setting2_dqn_ugat	SIM_TEST	24	64.5	100.0	-18.47	3.22	0.17	2784
cologne3_setting2_dqn_ugat	REAL_TRAIN	24	958.0	100.0	-336.34	49.65	0.87	818
cologne3_setting2_dqn_ugat	SIM_TRAIN	0	64.0	34.3	-19.90	3.15	0.19	2776
cologne3_setting2_dqn_ugat	SIM_TEST	25	59.8	100.0	-13.10	2.30	0.16	2785
cologne3_setting2_dqn_ugat	REAL_TRAIN	25	907.8	100.0	-316.98	46.26	0.80	848
cologne3_setting2_dqn_ugat	SIM_TRAIN	0	61.5	38.8	-23.09	3.76	0.18	2777
cologne3_setting2_dqn_ugat	SIM_TEST	26	64.4	100.0	-18.55	3.23	0.17	2783
cologne3_setting2_dqn_ugat	REAL_TRAIN	26	970.2	100.0	-324.57	47.23	0.79	800
cologne3_setting2_dqn_ugat	SIM_TRAIN	0	64.4	37.7	-20.32	3.36	0.17	2779
cologne3_setting2_dqn_ugat	SIM_TEST	27	57.0	100.0	-6.71	1.19	0.14	2781
cologne3_setting2_dqn_ugat	REAL_TRAIN	27	917.8	100.0	-318.76	46.45	0.82	840
cologne3_setting2_dqn_ugat	SIM_TRAIN	0	56.9	39.7	-7.04	1.29	0.14	2784
cologne3_setting2_dqn_ugat	SIM_TEST	28	56.9	100.0	-6.26	1.18	0.15	2783
cologne3_setting2_dqn_ugat	REAL_TRAIN	28	1100.0	100.0	-334.78	49.49	0.85	710
cologne3_setting2_dqn_ugat	SIM_TRAIN	0	68.0	38.3	-18.45	3.19	0.17	2783
cologne3_setting2_dqn_ugat	SIM_TEST	29	66.0	100.0	-18.62	3.23	0.17	2781
cologne3_setting2_dqn_ugat	REAL_TRAIN	29	861.2	100.0	-313.75	45.50	0.79	936
cologne3_setting2_dqn_ugat	SIM_TRAIN	0	63.0	36.7	-16.66	2.86	0.16	2791
cologne3_setting2_dqn_ugat	SIM_TEST	30	61.9	100.0	-14.75	2.56	0.16	2791
cologne3_setting2_dqn_ugat	REAL_TRAIN	30	943.8	100.0	-322.70	47.01	0.81	823
cologne3_setting2_dqn_ugat	SIM_TRAIN	0	62.4	36.3	-17.98	3.05	0.17	2783
cologne3_setting2_dqn_ugat	SIM_TEST	31	57.2	100.0	-6.41	1.18	0.14	2782
cologne3_setting2_dqn_ugat	REAL_TRAIN	31	674.5	100.0	-272.44	38.71	0.72	1174
cologne3_setting2_dqn_ugat	SIM_TRAIN	0	57.1	32.8	-6.36	1.18	0.14	2783
cologne3_setting2_dqn_ugat	SIM_TEST	32	64.0	100.0	-18.31	3.20	0.16	2790
cologne3_setting2_dqn_ugat	REAL_TRAIN	32	798.9	100.0	-307.97	44.34	0.80	1000
cologne3_setting2_dqn_ugat	SIM_TRAIN	0	64.6	33.9	-17.86	3.11	0.16	2783
cologne3_setting2_dqn_ugat	SIM_TEST	33	61.6	100.0	-15.48	2.69	0.16	2791
cologne3_setting2_dqn_ugat	REAL_TRAIN	33	616.9	100.0	-259.29	36.77	0.71	1160
cologne3_setting2_dqn_ugat	SIM_TRAIN	0	63.4	32.4	-18.63	3.19	0.17	2783
cologne3_setting2_dqn_ugat	SIM_TEST	34	56.5	100.0	-4.57	0.91	0.13	2790
cologne3_setting2_dqn_ugat	REAL_TRAIN	34	1115.7	100.0	-258.80	40.22	0.74	590
cologne3_setting2_dqn_ugat	SIM_TRAIN	0	58.0	34.2	-6.48	1.22	0.14	2783
cologne3_setting2_dqn_ugat	SIM_TEST	35	63.8	100.0	-17.66	3.10	0.17	2784
cologne3_setting2_dqn_ugat	REAL_TRAIN	35	843.6	100.0	-288.43	43.49	0.81	857
cologne3_setting2_dqn_ugat	SIM_TRAIN	0	63.8	32.9	-18.64	3.27	0.18	2784
cologne3_setting2_dqn_ugat	SIM_TEST	36	68.1	100.0	-23.05	4.30	0.19	2761
cologne3_setting2_dqn_ugat	REAL_TRAIN	36	1061.6	100.0	-322.38	47.85	0.87	709
cologne3_setting2_dqn_ugat	SIM_TRAIN	0	65.2	31.9	-24.43	4.24	0.18	2781
cologne3_setting2_dqn_ugat	SIM_TEST	37	55.6	100.0	-6.03	1.12	0.14	2783
cologne3_setting2_dqn_ugat	REAL_TRAIN	37	305.7	100.0	-207.62	29.20	0.67	2017
cologne3_setting2_dqn_ugat	SIM_TRAIN	0	64.1	33.6	-17.11	3.04	0.18	2781
cologne3_setting2_dqn_ugat	SIM_TEST	38	55.8	100.0	-6.38	1.18	0.15	2783
cologne3_setting2_dqn_ugat	REAL_TRAIN	38	826.8	100.0	-297.67	43.17	0.78	971
cologne3_setting2_dqn_ugat	SIM_TRAIN	0	64.4	32.6	-19.34	3.35	0.17	2791
cologne3_setting2_dqn_ugat	SIM_TEST	39	64.3	100.0	-19.80	3.43	0.17	2783
cologne3_setting2_dqn_ugat	REAL_TRAIN	39	680.8	100.0	-274.34	39.18	0.73	1149
cologne3_setting2_dqn_ugat	SIM_TRAIN	0	62.3	33.1	-16.84	2.95	0.17	2780
cologne3_setting2_dqn_ugat	SIM_TEST	40	62.0	100.0	-14.50	2.53	0.15	2790
cologne3_setting2_dqn_ugat	REAL_TRAIN	40	801.7	100.0	-311.94	44.83	0.80	1005
cologne3_setting2_dqn_ugat	SIM_TRAIN	0	62.2	32.8	-16.95	2.90	0.17	2784
cologne3_setting2_dqn_ugat	SIM_TEST	41	62.2	100.0	-16.04	2.79	0.16	2784
cologne3_setting2_dqn_ugat	REAL_TRAIN	41	847.3	100.0	-303.13	43.66	0.77	953
cologne3_setting2_dqn_ugat	SIM_TRAIN	0	65.7	33.9	-16.62	2.88	0.17	2784
cologne3_setting2_dqn_ugat	SIM_TEST	42	62.7	100.0	-16.63	2.93	0.17	2782
cologne3_setting2_dqn_ugat	REAL_TRAIN	42	699.9	100.0	-267.99	37.84	0.71	1152
cologne3_setting2_dqn_ugat	SIM_TRAIN	0	56.7	32.9	-6.51	1.22	0.15	2783
cologne3_setting2_dqn_ugat	SIM_TEST	43	63.5	100.0	-17.18	3.03	0.16	2784
cologne3_setting2_dqn_ugat	REAL_TRAIN	43	657.7	100.0	-265.74	37.32	0.70	1201
cologne3_setting2_dqn_ugat	SIM_TRAIN	0	64.9	33.5	-18.35	3.19	0.17	2783
cologne3_setting2_dqn_ugat	SIM_TEST	44	69.1	100.0	-19.69	3.43	0.17	2784
cologne3_setting2_dqn_ugat	REAL_TRAIN	44	717.8	100.0	-265.43	37.21	0.72	1125
cologne3_setting2_dqn_ugat	SIM_TRAIN	0	59.1	33.1	-7.17	1.32	0.14	2781
cologne3_setting2_dqn_ugat	SIM_TEST	45	56.2	100.0	-6.78	1.26	0.14	2783
cologne3_setting2_dqn_ugat	REAL_TRAIN	45	683.2	100.0	-272.68	38.79	0.72	1147
cologne3_setting2_dqn_ugat	SIM_TRAIN	0	60.9	32.0	-6.87	1.26	0.14	2781
cologne3_setting2_dqn_ugat	SIM_TEST	46	63.3	100.0	-17.53	3.03	0.16	2784
cologne3_setting2_dqn_ugat	REAL_TRAIN	46	855.2	100.0	-295.43	42.68	0.81	930
cologne3_setting2_dqn_ugat	SIM_TRAIN	0	67.8	31.6	-20.68	3.52	0.17	2777
cologne3_setting2_dqn_ugat	SIM_TEST	47	60.2	100.0	-13.85	2.34	0.18	2783
cologne3_setting2_dqn_ugat	REAL_TRAIN	47	1009.1	100.0	-317.88	48.08	0.84	758
cologne3_setting2_dqn_ugat	SIM_TRAIN	0	65.7	33.5	-22.32	3.62	0.18	2777
cologne3_setting2_dqn_ugat	SIM_TEST	48	62.6	100.0	-16.60	2.90	0.16	2783
cologne3_setting2_dqn_ugat	REAL_TRAIN	48	681.0	100.0	-267.72	37.61	0.72	1168
cologne3_setting2_dqn_ugat	SIM_TRAIN	0	52.0	34.6	-6.49	1.17	0.14	2781
cologne3_setting2_dqn_ugat	SIM_TEST	49	63.0	100.0	-17.88	3.09	0.17	2784
cologne3_setting2_dqn_ugat	REAL_TRAIN	49	816.1	100.0	-263.37	39.76	0.76	932
cologne3_setting2_dqn_ugat	SIM_TRAIN	0	62.2	33.9	-16.34	2.85	0.16	2787
cologne3_setting2_dqn_ugat	SIM_TEST	50	63.8	100.0	-17.18	2.98	0.17	2784
cologne3_setting2_dqn_ugat	REAL_TRAIN	50	708.3	100.0	-258.70	35.76	0.71	1129
cologne3_setting2_dqn_ugat	SIM_TRAIN	0	64.0	36.3	-19.36	3.34	0.17	2785
cologne3_setting2_dqn_ugat	SIM_TEST	51	64.1	100.0	-18.32	3.20	0.17	2783
cologne3_setting2_dqn_ugat	REAL_TRAIN	51	951.7	100.0	-307.78	46.21	0.82	800
cologne3_setting2_dqn_ugat	SIM_TRAIN	0	67.6	34.8	-22.73	3.92	0.18	2784
cologne3_setting2_dqn_ugat	SIM_TEST	52	63.0	100.0	-15.40	2.77	0.17	2789
cologne3_setting2_dqn_ugat	REAL_TRAIN	52	1332.8	100.0	-286.58	43.63	0.74	459
cologne3_setting2_dqn_ugat	SIM_TRAIN	0	55.4	32.3	-4.36	0.84	0.14	2791
cologne3_setting2_dqn_ugat	SIM_TEST	53	63.5	100.0	-17.90	3.10	0.16	2791
cologne3_setting2_dqn_ugat	REAL_TRAIN	53	640.4	100.0	-247.50	35.81	0.75	1213
cologne3_setting2_dqn_ugat	SIM_TRAIN	0	58.1	30.4	-5.14	1.00	0.14	2790
cologne3_setting2_dqn_ugat	SIM_TEST	54	54.7	100.0	-4.00	0.77	0.13	2790
cologne3_setting2_dqn_ugat	REAL_TRAIN	54	561.7	100.0	-222.36	31.18	0.67	1344
cologne3_setting2_dqn_ugat	SIM_TRAIN	0	60.8	29.2	-14.05	2.44	0.16	2790
cologne3_setting2_dqn_ugat	SIM_TEST	55	63.3	100.0	-18.04	3.15	0.16	2783
cologne3_setting2_dqn_ugat	REAL_TRAIN	55	601.4	100.0	-237.87	34.57	0.69	1247
cologne3_setting2_dqn_ugat	SIM_TRAIN	0	59.6	29.5	-6.62	1.18	0.15	2784
cologne3_setting2_dqn_ugat	SIM_TEST	56	62.1	100.0	-16.27	2.80	0.16	2782
cologne3_setting2_dqn_ugat	REAL_TRAIN	56	176.3	100.0	-115.14	15.25	0.52	2608
cologne3_setting2_dqn_ugat	SIM_TRAIN	0	66.0	31.4	-15.86	2.74	0.16	2790
cologne3_setting2_dqn_ugat	SIM_TEST	57	64.6	100.0	-18.62	3.21	0.17	2783
cologne3_setting2_dqn_ugat	REAL_TRAIN	57	181.0	100.0	-134.93	18.53	0.59	2635
cologne3_setting2_dqn_ugat	SIM_TRAIN	0	63.5	28.9	-18.41	3.12	0.18	2781
cologne3_setting2_dqn_ugat	SIM_TEST	58	55.9	100.0	-4.21	0.81	0.13	2790
cologne3_setting2_dqn_ugat	REAL_TRAIN	58	141.9	100.0	-68.86	9.52	0.45	2760
cologne3_setting2_dqn_ugat	SIM_TRAIN	0	56.1	29.9	-6.59	1.13	0.15	2781
cologne3_setting2_dqn_ugat	SIM_TEST	59	55.2	100.0	-3.93	0.77	0.13	2790
cologne3_setting2_dqn_ugat	REAL_TRAIN	59	697.4	100.0	-245.32	35.48	0.72	1122
cologne3_setting2_dqn_ugat	SIM_TRAIN	0	63.7	30.2	-19.56	3.03	0.20	2779
cologne3_setting2_dqn_ugat	SIM_TEST	60	62.8	100.0	-16.68	2.89	0.16	2783
cologne3_setting2_dqn_ugat	REAL_TRAIN	60	255.1	100.0	-149.27	20.01	0.56	2205
cologne3_setting2_dqn_ugat	SIM_TRAIN	0	63.4	29.4	-17.78	2.90	0.19	2791
cologne3_setting2_dqn_ugat	SIM_TEST	61	58.3	100.0	-3.49	0.68	0.12	2790
cologne3_setting2_dqn_ugat	REAL_TRAIN	61	378.0	100.0	-156.37	23.57	0.61	1663
cologne3_setting2_dqn_ugat	SIM_TRAIN	0	64.6	28.2	-20.01	3.34	0.19	2781
cologne3_setting2_dqn_ugat	SIM_TEST	62	57.0	100.0	-14.46	2.50	0.16	2786
cologne3_setting2_dqn_ugat	REAL_TRAIN	62	241.9	100.0	-153.14	20.72	0.57	2212
cologne3_setting2_dqn_ugat	SIM_TRAIN	0	54.2	29.9	-6.89	1.21	0.15	2782
cologne3_setting2_dqn_ugat	SIM_TEST	63	50.7	100.0	-3.75	0.73	0.13	2790
cologne3_setting2_dqn_ugat	REAL_TRAIN	63	135.0	100.0	-59.44	8.29	0.43	2758
cologne3_setting2_dqn_ugat	SIM_TRAIN	0	52.8	29.9	-8.01	1.31	0.15	2780
cologne3_setting2_dqn_ugat	SIM_TEST	64	57.9	100.0	-15.72	2.73	0.16	2784
cologne3_setting2_dqn_ugat	REAL_TRAIN	64	661.6	100.0	-202.97	29.21	0.63	1249
cologne3_setting2_dqn_ugat	SIM_TRAIN	0	61.8	29.2	-21.80	3.48	0.19	2785
cologne3_setting2_dqn_ugat	SIM_TEST	65	59.3	100.0	-17.02	2.99	0.16	2785
cologne3_setting2_dqn_ugat	REAL_TRAIN	65	664.8	100.0	-236.21	33.48	0.69	1171
cologne3_setting2_dqn_ugat	SIM_TRAIN	0	61.5	30.4	-16.22	2.78	0.16	2791
cologne3_setting2_dqn_ugat	SIM_TEST	66	51.2	100.0	-5.11	0.93	0.13	2784
cologne3_setting2_dqn_ugat	REAL_TRAIN	66	258.1	100.0	-181.82	24.90	0.64	2141
cologne3_setting2_dqn_ugat	SIM_TRAIN	0	55.1	30.5	-6.12	1.15	0.14	2785
cologne3_setting2_dqn_ugat	SIM_TEST	67	57.7	100.0	-15.29	2.64	0.15	2790
cologne3_setting2_dqn_ugat	REAL_TRAIN	67	633.3	100.0	-243.32	34.74	0.77	1207
cologne3_setting2_dqn_ugat	SIM_TRAIN	0	58.2	26.7	-17.18	2.88	0.19	2784
cologne3_setting2_dqn_ugat	SIM_TEST	68	51.9	100.0	-6.13	1.12	0.13	2780
cologne3_setting2_dqn_ugat	REAL_TRAIN	68	668.6	100.0	-235.68	33.51	0.65	1188
cologne3_setting2_dqn_ugat	SIM_TRAIN	0	66.0	29.9	-20.64	3.52	0.17	2782
cologne3_setting2_dqn_ugat	SIM_TEST	69	60.6	100.0	-19.48	3.37	0.16	2782
cologne3_setting2_dqn_ugat	REAL_TRAIN	69	179.4	100.0	-84.30	12.86	0.47	2629
cologne3_setting2_dqn_ugat	SIM_TRAIN	0	64.9	29.8	-23.59	3.88	0.20	2781
cologne3_setting2_dqn_ugat	SIM_TEST	70	60.3	100.0	-19.33	3.35	0.16	2785
cologne3_setting2_dqn_ugat	REAL_TRAIN	70	652.9	100.0	-234.90	33.44	0.68	1205
cologne3_setting2_dqn_ugat	SIM_TRAIN	0	62.1	32.9	-21.11	3.56	0.18	2784
cologne3_setting2_dqn_ugat	SIM_TEST	71	52.4	100.0	-5.44	1.05	0.13	2784
cologne3_setting2_dqn_ugat	REAL_TRAIN	71	679.3	100.0	-210.07	30.17	0.64	1222
cologne3_setting2_dqn_ugat	SIM_TRAIN	0	52.7	34.3	-6.00	1.12	0.14	2787
cologne3_setting2_dqn_ugat	SIM_TEST	72	52.8	100.0	-6.58	1.25	0.14	2781
cologne3_setting2_dqn_ugat	REAL_TRAIN	72	691.3	100.0	-208.81	29.82	0.63	1208
cologne3_setting2_dqn_ugat	SIM_TRAIN	0	50.9	33.1	-3.67	0.75	0.13	2791
cologne3_setting2_dqn_ugat	SIM_TEST	73	64.6	100.0	-20.27	3.52	0.16	2783
cologne3_setting2_dqn_ugat	REAL_TRAIN	73	140.9	100.0	-58.16	8.94	0.41	2763
cologne3_setting2_dqn_ugat	SIM_TRAIN	0	57.8	32.4	-14.50	2.53	0.16	2791
cologne3_setting2_dqn_ugat	SIM_TEST	74	63.7	100.0	-19.97	3.45	0.16	2782
cologne3_setting2_dqn_ugat	REAL_TRAIN	74	653.2	100.0	-215.84	31.31	0.70	1249
cologne3_setting2_dqn_ugat	SIM_TRAIN	0	64.3	30.0	-16.61	2.82	0.17	2784
cologne3_setting2_dqn_ugat	SIM_TEST	75	63.6	100.0	-19.87	3.44	0.16	2783
cologne3_setting2_dqn_ugat	REAL_TRAIN	75	688.0	100.0	-210.38	30.26	0.64	1213
cologne3_setting2_dqn_ugat	SIM_TRAIN	0	65.3	28.9	-15.79	2.72	0.17	2783
cologne3_setting2_dqn_ugat	SIM_TEST	76	58.6	100.0	-15.40	2.70	0.15	2791
cologne3_setting2_dqn_ugat	REAL_TRAIN	76	196.7	100.0	-28.41	4.51	0.35	2201
cologne3_setting2_dqn_ugat	SIM_TRAIN	0	58.4	27.6	-16.53	2.86	0.17	2784
cologne3_setting2_dqn_ugat	SIM_TEST	77	58.7	100.0	-15.60	2.73	0.16	2783
cologne3_setting2_dqn_ugat	REAL_TRAIN	77	461.1	100.0	-75.49	15.11	0.47	1485
cologne3_setting2_dqn_ugat	SIM_TRAIN	0	60.3	31.3	-18.41	3.18	0.17	2784
cologne3_setting2_dqn_ugat	SIM_TEST	78	61.0	100.0	-19.91	3.46	0.16	2782
cologne3_setting2_dqn_ugat	REAL_TRAIN	78	230.5	100.0	-140.75	18.76	0.57	2246
cologne3_setting2_dqn_ugat	SIM_TRAIN	0	62.9	31.8	-19.31	3.32	0.17	2784
cologne3_setting2_dqn_ugat	SIM_TEST	79	69.3	100.0	-17.22	3.03	0.16	2790
cologne3_setting2_dqn_ugat	REAL_TRAIN	79	723.1	100.0	-239.86	34.83	0.71	1146
cologne3_setting2_dqn_ugat	SIM_TRAIN	0	51.4	30.9	-5.37	1.03	0.14	2784
cologne3_setting2_dqn_ugat	SIM_TEST	80	61.2	100.0	-20.11	3.51	0.16	2785
cologne3_setting2_dqn_ugat	REAL_TRAIN	80	736.7	100.0	-256.25	36.56	0.75	1091
cologne3_setting2_dqn_ugat	SIM_TRAIN	0	60.9	32.7	-15.63	2.70	0.17	2784
cologne3_setting2_dqn_ugat	SIM_TEST	81	63.8	100.0	-18.03	3.14	0.15	2791
cologne3_setting2_dqn_ugat	REAL_TRAIN	81	660.0	100.0	-226.28	32.80	0.67	1241
cologne3_setting2_dqn_ugat	SIM_TRAIN	0	65.6	30.9	-25.28	4.16	0.20	2781
cologne3_setting2_dqn_ugat	SIM_TEST	82	63.4	100.0	-17.06	3.00	0.16	2782
cologne3_setting2_dqn_ugat	REAL_TRAIN	82	134.4	100.0	-18.56	3.29	0.34	2762
cologne3_setting2_dqn_ugat	SIM_TRAIN	0	66.5	32.4	-16.49	2.87	0.17	2783
cologne3_setting2_dqn_ugat	SIM_TEST	83	61.7	100.0	-13.83	2.45	0.15	2791
cologne3_setting2_dqn_ugat	REAL_TRAIN	83	255.1	100.0	-139.03	20.68	0.54	2233
cologne3_setting2_dqn_ugat	SIM_TRAIN	0	66.1	30.2	-17.42	3.05	0.16	2784
cologne3_setting2_dqn_ugat	SIM_TEST	84	60.0	100.0	-6.13	1.16	0.14	2783
cologne3_setting2_dqn_ugat	REAL_TRAIN	84	636.0	100.0	-238.00	34.11	0.70	1238
cologne3_setting2_dqn_ugat	SIM_TRAIN	0	59.2	28.9	-6.31	1.16	0.14	2784
cologne3_setting2_dqn_ugat	SIM_TEST	85	60.2	100.0	-17.90	3.11	0.15	2789
cologne3_setting2_dqn_ugat	REAL_TRAIN	85	614.8	100.0	-221.50	32.41	0.67	1281
cologne3_setting2_dqn_ugat	SIM_TRAIN	0	63.9	34.7	-20.42	3.53	0.16	2784
cologne3_setting2_dqn_ugat	SIM_TEST	86	59.6	100.0	-3.30	0.64	0.12	2791
cologne3_setting2_dqn_ugat	REAL_TRAIN	86	771.7	100.0	-230.72	32.87	0.66	1098
cologne3_setting2_dqn_ugat	SIM_TRAIN	0	64.2	35.7	-24.41	4.01	0.19	2779
cologne3_setting2_dqn_ugat	SIM_TEST	87	66.6	100.0	-17.38	3.02	0.16	2783
cologne3_setting2_dqn_ugat	REAL_TRAIN	87	702.5	100.0	-242.91	34.93	0.68	1172
cologne3_setting2_dqn_ugat	SIM_TRAIN	0	59.7	34.2	-5.98	1.11	0.14	2783
cologne3_setting2_dqn_ugat	SIM_TEST	88	65.9	100.0	-17.40	3.02	0.16	2783
cologne3_setting2_dqn_ugat	REAL_TRAIN	88	656.2	100.0	-212.42	30.70	0.71	1260
cologne3_setting2_dqn_ugat	SIM_TRAIN	0	62.7	35.9	-17.45	2.99	0.18	2785
cologne3_setting2_dqn_ugat	SIM_TEST	89	63.8	100.0	-19.03	3.28	0.17	2781
cologne3_setting2_dqn_ugat	REAL_TRAIN	89	665.2	100.0	-220.74	31.75	0.66	1257
cologne3_setting2_dqn_ugat	SIM_TRAIN	0	63.3	36.7	-19.61	3.22	0.18	2786
cologne3_setting2_dqn_ugat	SIM_TEST	90	65.7	100.0	-18.93	3.27	0.17	2783
cologne3_setting2_dqn_ugat	REAL_TRAIN	90	780.9	100.0	-233.27	33.32	0.67	1087
cologne3_setting2_dqn_ugat	SIM_TRAIN	0	65.3	36.5	-19.99	3.37	0.19	2784
cologne3_setting2_dqn_ugat	SIM_TEST	91	63.4	100.0	-17.72	3.05	0.17	2783
cologne3_setting2_dqn_ugat	REAL_TRAIN	91	198.7	100.0	-85.56	12.80	0.46	2400
cologne3_setting2_dqn_ugat	SIM_TRAIN	0	65.0	37.8	-19.78	3.32	0.19	2784
cologne3_setting2_dqn_ugat	SIM_TEST	92	63.7	100.0	-16.17	2.85	0.15	2791
cologne3_setting2_dqn_ugat	REAL_TRAIN	92	506.2	100.0	-163.82	24.94	0.57	1484
cologne3_setting2_dqn_ugat	SIM_TRAIN	0	65.2	38.1	-19.99	3.30	0.19	2781
cologne3_setting2_dqn_ugat	SIM_TEST	93	58.9	100.0	-5.94	1.10	0.13	2784
cologne3_setting2_dqn_ugat	REAL_TRAIN	93	754.7	100.0	-231.63	33.27	0.66	1126
cologne3_setting2_dqn_ugat	SIM_TRAIN	0	61.8	38.6	-15.04	2.63	0.16	2792
cologne3_setting2_dqn_ugat	SIM_TEST	94	57.7	100.0	-3.36	0.70	0.12	2790
cologne3_setting2_dqn_ugat	REAL_TRAIN	94	741.3	100.0	-230.30	32.97	0.68	1138
cologne3_setting2_dqn_ugat	SIM_TRAIN	0	61.0	36.4	-6.75	1.25	0.15	2786
cologne3_setting2_dqn_ugat	SIM_TEST	95	64.0	100.0	-18.45	3.23	0.16	2792
cologne3_setting2_dqn_ugat	REAL_TRAIN	95	629.1	100.0	-206.59	29.49	0.64	1253
cologne3_setting2_dqn_ugat	SIM_TRAIN	0	60.4	40.5	-6.56	1.22	0.15	2786
cologne3_setting2_dqn_ugat	SIM_TEST	96	58.7	100.0	-4.25	0.85	0.13	2791
cologne3_setting2_dqn_ugat	REAL_TRAIN	96	671.2	100.0	-204.04	29.29	0.62	1234
cologne3_setting2_dqn_ugat	SIM_TRAIN	0	64.6	35.4	-25.04	4.07	0.20	2782
cologne3_setting2_dqn_ugat	SIM_TEST	97	60.4	100.0	-4.20	0.85	0.14	2791
cologne3_setting2_dqn_ugat	REAL_TRAIN	97	686.0	100.0	-211.27	30.52	0.64	1232
cologne3_setting2_dqn_ugat	SIM_TRAIN	0	55.1	35.0	-7.31	1.28	0.15	2782
cologne3_setting2_dqn_ugat	SIM_TEST	98	63.8	100.0	-19.12	3.33	0.16	2784
cologne3_setting2_dqn_ugat	REAL_TRAIN	98	499.9	100.0	-168.49	25.56	0.60	1507
cologne3_setting2_dqn_ugat	SIM_TRAIN	0	64.4	34.1	-20.89	3.63	0.17	2783
cologne3_setting2_dqn_ugat	SIM_TEST	99	65.6	100.0	-15.00	2.64	0.16	2791
cologne3_setting2_dqn_ugat	REAL_TRAIN	99	560.8	100.0	-123.28	21.99	0.60	1312
cologne3_setting2_dqn_ugat	SIM_TRAIN	0	58.5	34.8	-15.37	2.69	0.17	2783
