bullhead_3_barrier_leading_fixed_dqn_dr_noshield	SIM_TRAIN	0	206.8	0.0	-56.69	14.07	0.58	4128	0.4852	0.1444
bullhead_3_barrier_leading_fixed_dqn_dr_noshield	SIM_TRAIN	1	257.2	0.0	-62.65	16.07	0.59	4022	0.5065	0.1917
bullhead_3_barrier_leading_fixed_dqn_dr_noshield	SIM_TRAIN	2	219.8	16.0	-54.42	13.26	0.63	4116	0.4806	0.1435
bullhead_3_barrier_leading_fixed_dqn_dr_noshield	SIM_TRAIN	3	204.4	17.4	-44.89	10.46	0.65	4158	0.4111	0.1278
bullhead_3_barrier_leading_fixed_dqn_dr_noshield	REAL_TEST	3	170.0	100.0	-43.84	11.39	0.60	4138	0.3694	0.1648
bullhead_3_barrier_leading_fixed_dqn_dr_noshield	SIM_TRAIN	4	161.7	18.7	-38.61	9.36	0.59	4249	0.3741	0.1259
bullhead_3_barrier_leading_fixed_dqn_dr_noshield	SIM_TRAIN	5	158.2	17.4	-46.89	12.11	0.61	4273	0.4398	0.1750
bullhead_3_barrier_leading_fixed_dqn_dr_noshield	SIM_TRAIN	6	191.1	15.6	-47.93	12.47	0.61	4195	0.4370	0.1519
bullhead_3_barrier_leading_fixed_dqn_dr_noshield	REAL_TEST	6	181.0	100.0	-47.93	13.33	0.58	4159	0.3843	0.1537
bullhead_3_barrier_leading_fixed_dqn_dr_noshield	SIM_TRAIN	7	191.9	14.8	-45.25	11.04	0.65	4184	0.4352	0.1574
bullhead_3_barrier_leading_fixed_dqn_dr_noshield	SIM_TRAIN	8	153.0	14.3	-43.37	11.07	0.63	4276	0.4028	0.1139
bullhead_3_barrier_leading_fixed_dqn_dr_noshield	SIM_TRAIN	9	198.6	14.1	-47.98	12.15	0.63	4138	0.4269	0.1435
bullhead_3_barrier_leading_fixed_dqn_dr_noshield	REAL_TEST	9	171.6	100.0	-41.33	11.06	0.56	4145	0.4352	0.1472
bullhead_3_barrier_leading_fixed_dqn_dr_noshield	SIM_TRAIN	10	187.8	13.9	-50.15	12.68	0.62	4181	0.4352	0.1861
bullhead_3_barrier_leading_fixed_dqn_dr_noshield	SIM_TRAIN	11	188.2	13.9	-44.03	10.82	0.59	4189	0.3861	0.1537
bullhead_3_barrier_leading_fixed_dqn_dr_noshield	SIM_TRAIN	12	210.4	13.1	-54.15	13.99	0.65	4113	0.4824	0.2000
bullhead_3_barrier_leading_fixed_dqn_dr_noshield	REAL_TEST	12	169.9	100.0	-40.57	10.97	0.56	4147	0.4352	0.1583
bullhead_3_barrier_leading_fixed_dqn_dr_noshield	SIM_TRAIN	13	178.2	13.1	-41.89	10.25	0.60	4199	0.4157	0.1352
bullhead_3_barrier_leading_fixed_dqn_dr_noshield	SIM_TRAIN	14	203.5	12.4	-51.90	13.45	0.62	4129	0.4713	0.1556
bullhead_3_barrier_leading_fixed_dqn_dr_noshield	SIM_TRAIN	15	197.7	12.6	-56.32	14.70	0.67	4141	0.4954	0.1815
bullhead_3_barrier_leading_fixed_dqn_dr_noshield	REAL_TEST	15	162.7	100.0	-36.51	9.50	0.56	4168	0.4685	0.1537
bullhead_3_barrier_leading_fixed_dqn_dr_noshield	SIM_TRAIN	16	163.5	12.8	-42.88	10.36	0.63	4250	0.3676	0.1028
bullhead_3_barrier_leading_fixed_dqn_dr_noshield	SIM_TRAIN	17	148.2	12.8	-37.67	8.95	0.62	4285	0.3843	0.1204
bullhead_3_barrier_leading_fixed_dqn_dr_noshield	SIM_TRAIN	18	172.7	12.3	-45.00	11.43	0.63	4215	0.3741	0.1259
bullhead_3_barrier_leading_fixed_dqn_dr_noshield	REAL_TEST	18	163.9	100.0	-35.97	9.54	0.54	4172	0.4556	0.1574
bullhead_3_barrier_leading_fixed_dqn_dr_noshield	SIM_TRAIN	19	163.0	12.7	-44.04	11.33	0.61	4241	0.3917	0.1324
bullhead_3_barrier_leading_fixed_dqn_dr_noshield	SIM_TRAIN	20	209.5	12.6	-44.42	10.94	0.64	4162	0.4278	0.1546
bullhead_3_barrier_leading_fixed_dqn_dr_noshield	SIM_TRAIN	21	158.0	12.3	-42.01	10.46	0.63	4266	0.3926	0.1352
bullhead_3_barrier_leading_fixed_dqn_dr_noshield	REAL_TEST	21	166.2	100.0	-38.81	10.27	0.56	4156	0.4620	0.1472
bullhead_3_barrier_leading_fixed_dqn_dr_noshield	SIM_TRAIN	22	155.8	12.1	-41.35	9.96	0.59	4254	0.3704	0.1407
bullhead_3_barrier_leading_fixed_dqn_dr_noshield	SIM_TRAIN	23	172.9	12.1	-39.95	9.76	0.58	4199	0.3343	0.1315
bullhead_3_barrier_leading_fixed_dqn_dr_noshield	SIM_TRAIN	24	171.7	12.6	-40.98	10.10	0.59	4216	0.4046	0.1444
bullhead_3_barrier_leading_fixed_dqn_dr_noshield	REAL_TEST	24	181.2	100.0	-48.85	13.32	0.56	4140	0.3917	0.1593
bullhead_3_barrier_leading_fixed_dqn_dr_noshield	SIM_TRAIN	25	224.6	12.5	-55.68	14.28	0.66	4092	0.4481	0.1750
bullhead_3_barrier_leading_fixed_dqn_dr_noshield	SIM_TRAIN	26	222.2	12.0	-42.80	10.44	0.59	4072	0.3611	0.1361
bullhead_3_barrier_leading_fixed_dqn_dr_noshield	SIM_TRAIN	27	224.6	11.7	-49.28	12.21	0.60	4102	0.4556	0.1778
bullhead_3_barrier_leading_fixed_dqn_dr_noshield	REAL_TEST	27	186.1	100.0	-55.43	15.00	0.55	4169	0.4157	0.1741
bullhead_3_barrier_leading_fixed_dqn_dr_noshield	SIM_TRAIN	28	215.4	12.0	-52.65	13.26	0.58	4113	0.4630	0.1648
bullhead_3_barrier_leading_fixed_dqn_dr_noshield	SIM_TRAIN	29	169.2	12.3	-41.87	9.99	0.61	4231	0.3944	0.1176
bullhead_3_barrier_leading_fixed_dqn_dr_noshield	SIM_TRAIN	30	177.8	12.0	-40.49	9.75	0.60	4199	0.3556	0.1287
bullhead_3_barrier_leading_fixed_dqn_dr_noshield	REAL_TEST	30	198.1	100.0	-64.35	17.71	0.57	4015	0.4296	0.1694
bullhead_3_barrier_leading_fixed_dqn_dr_noshield	SIM_TRAIN	31	159.8	12.1	-50.33	13.22	0.59	4238	0.4417	0.1463
bullhead_3_barrier_leading_fixed_dqn_dr_noshield	SIM_TRAIN	32	174.5	12.3	-44.36	11.28	0.62	4223	0.3954	0.1528
bullhead_3_barrier_leading_fixed_dqn_dr_noshield	SIM_TRAIN	33	295.8	12.8	-69.00	18.68	0.61	3925	0.5315	0.1935
bullhead_3_barrier_leading_fixed_dqn_dr_noshield	REAL_TEST	33	181.4	100.0	-50.66	13.93	0.56	4157	0.4148	0.1685
bullhead_3_barrier_leading_fixed_dqn_dr_noshield	SIM_TRAIN	34	192.7	12.8	-47.25	11.76	0.60	4147	0.4213	0.1426
bullhead_3_barrier_leading_fixed_dqn_dr_noshield	SIM_TRAIN	35	196.3	12.5	-42.91	10.66	0.60	4167	0.3917	0.1231
bullhead_3_barrier_leading_fixed_dqn_dr_noshield	SIM_TRAIN	36	247.2	12.6	-54.47	13.76	0.58	4056	0.4944	0.1824
bullhead_3_barrier_leading_fixed_dqn_dr_noshield	REAL_TEST	36	188.1	100.0	-53.83	15.03	0.58	4163	0.4528	0.1454
bullhead_3_barrier_leading_fixed_dqn_dr_noshield	SIM_TRAIN	37	207.1	12.7	-42.10	10.40	0.59	4141	0.3907	0.1148
bullhead_3_barrier_leading_fixed_dqn_dr_noshield	SIM_TRAIN	38	270.9	13.0	-44.86	10.57	0.59	3963	0.4565	0.1454
bullhead_3_barrier_leading_fixed_dqn_dr_noshield	SIM_TRAIN	39	248.2	12.1	-42.75	10.01	0.62	4016	0.4343	0.1241
bullhead_3_barrier_leading_fixed_dqn_dr_noshield	REAL_TEST	39	171.7	100.0	-41.14	11.35	0.56	4135	0.4509	0.1500
bullhead_3_barrier_leading_fixed_dqn_dr_noshield	SIM_TRAIN	40	170.3	12.7	-42.37	10.18	0.59	4229	0.4065	0.1333
bullhead_3_barrier_leading_fixed_dqn_dr_noshield	SIM_TRAIN	41	229.6	12.4	-50.38	12.69	0.68	4102	0.4704	0.1639
bullhead_3_barrier_leading_fixed_dqn_dr_noshield	SIM_TRAIN	42	229.1	12.3	-46.98	11.66	0.58	4090	0.4833	0.1435
bullhead_3_barrier_leading_fixed_dqn_dr_noshield	REAL_TEST	42	174.0	100.0	-42.52	11.72	0.56	4190	0.4315	0.1593
bullhead_3_barrier_leading_fixed_dqn_dr_noshield	SIM_TRAIN	43	213.0	12.2	-44.53	10.90	0.60	4109	0.4037	0.1500
bullhead_3_barrier_leading_fixed_dqn_dr_noshield	SIM_TRAIN	44	222.8	12.2	-48.05	12.12	0.60	4090	0.4926	0.1685
bullhead_3_barrier_leading_fixed_dqn_dr_noshield	SIM_TRAIN	45	175.4	11.8	-43.10	10.73	0.61	4198	0.3852	0.1389
bullhead_3_barrier_leading_fixed_dqn_dr_noshield	REAL_TEST	45	180.4	100.0	-47.98	13.35	0.56	4160	0.4435	0.1519
bullhead_3_barrier_leading_fixed_dqn_dr_noshield	SIM_TRAIN	46	202.9	11.4	-49.35	12.64	0.61	4157	0.4472	0.1435
bullhead_3_barrier_leading_fixed_dqn_dr_noshield	SIM_TRAIN	47	173.4	12.0	-42.93	10.67	0.58	4214	0.4306	0.1407
bullhead_3_barrier_leading_fixed_dqn_dr_noshield	SIM_TRAIN	48	186.0	11.9	-47.31	12.04	0.65	4180	0.4250	0.1444
bullhead_3_barrier_leading_fixed_dqn_dr_noshield	REAL_TEST	48	176.6	100.0	-44.08	12.26	0.54	4101	0.4306	0.1491
bullhead_3_barrier_leading_fixed_dqn_dr_noshield	SIM_TRAIN	49	165.2	12.0	-37.34	8.93	0.60	4229	0.4056	0.1009
bullhead_3_barrier_leading_fixed_dqn_dr_noshield	SIM_TRAIN	50	220.9	11.8	-52.41	13.69	0.56	4118	0.4713	0.1713
bullhead_3_barrier_leading_fixed_dqn_dr_noshield	SIM_TRAIN	51	191.2	11.4	-42.63	10.60	0.58	4151	0.4028	0.1380
bullhead_3_barrier_leading_fixed_dqn_dr_noshield	REAL_TEST	51	173.0	100.0	-40.01	11.22	0.54	4161	0.4306	0.1593
bullhead_3_barrier_leading_fixed_dqn_dr_noshield	SIM_TRAIN	52	168.8	11.6	-51.37	13.18	0.66	4232	0.4426	0.1537
bullhead_3_barrier_leading_fixed_dqn_dr_noshield	SIM_TRAIN	53	165.8	12.7	-43.42	10.47	0.60	4231	0.4306	0.1454
bullhead_3_barrier_leading_fixed_dqn_dr_noshield	SIM_TRAIN	54	192.9	12.2	-41.87	10.24	0.62	4184	0.4148	0.1065
bullhead_3_barrier_leading_fixed_dqn_dr_noshield	REAL_TEST	54	175.6	100.0	-42.02	11.76	0.53	4163	0.3880	0.1713
bullhead_3_barrier_leading_fixed_dqn_dr_noshield	SIM_TRAIN	55	248.0	11.9	-52.85	13.62	0.58	4026	0.4796	0.1843
bullhead_3_barrier_leading_fixed_dqn_dr_noshield	SIM_TRAIN	56	177.4	12.1	-44.63	11.08	0.60	4226	0.4324	0.1454
bullhead_3_barrier_leading_fixed_dqn_dr_noshield	SIM_TRAIN	57	175.3	12.0	-44.66	11.30	0.59	4213	0.4481	0.1481
bullhead_3_barrier_leading_fixed_dqn_dr_noshield	REAL_TEST	57	167.1	100.0	-36.58	9.99	0.53	4183	0.3954	0.1574
bullhead_3_barrier_leading_fixed_dqn_dr_noshield	SIM_TRAIN	58	144.8	11.7	-34.85	8.68	0.60	4295	0.3704	0.1259
bullhead_3_barrier_leading_fixed_dqn_dr_noshield	SIM_TRAIN	59	145.7	11.5	-35.08	8.46	0.59	4282	0.3389	0.1102
bullhead_3_barrier_leading_fixed_dqn_dr_noshield	SIM_TRAIN	60	177.9	11.4	-50.16	12.92	0.57	4192	0.4185	0.1556
bullhead_3_barrier_leading_fixed_dqn_dr_noshield	REAL_TEST	60	173.1	100.0	-40.80	11.25	0.53	4175	0.3657	0.1713
bullhead_3_barrier_leading_fixed_dqn_dr_noshield	SIM_TRAIN	61	145.5	11.3	-36.68	8.87	0.57	4283	0.3731	0.1213
bullhead_3_barrier_leading_fixed_dqn_dr_noshield	SIM_TRAIN	62	231.2	11.7	-51.10	13.16	0.63	4070	0.4685	0.1519
bullhead_3_barrier_leading_fixed_dqn_dr_noshield	SIM_TRAIN	63	196.1	11.7	-48.62	12.30	0.59	4174	0.4426	0.1583
bullhead_3_barrier_leading_fixed_dqn_dr_noshield	REAL_TEST	63	179.2	100.0	-45.29	12.80	0.54	4155	0.3556	0.1574
bullhead_3_barrier_leading_fixed_dqn_dr_noshield	SIM_TRAIN	64	154.5	11.7	-42.22	10.77	0.65	4273	0.4259	0.1259
bullhead_3_barrier_leading_fixed_dqn_dr_noshield	SIM_TRAIN	65	162.2	12.8	-41.88	10.61	0.57	4238	0.3741	0.1176
bullhead_3_barrier_leading_fixed_dqn_dr_noshield	SIM_TRAIN	66	145.6	12.7	-31.19	7.37	0.60	4267	0.3519	0.1139
bullhead_3_barrier_leading_fixed_dqn_dr_noshield	REAL_TEST	66	165.6	100.0	-37.18	10.04	0.52	4173	0.3806	0.1787
bullhead_3_barrier_leading_fixed_dqn_dr_noshield	SIM_TRAIN	67	148.6	12.2	-37.24	9.14	0.60	4271	0.3648	0.1269
bullhead_3_barrier_leading_fixed_dqn_dr_noshield	SIM_TRAIN	68	184.4	11.8	-49.19	12.14	0.62	4183	0.4676	0.1583
bullhead_3_barrier_leading_fixed_dqn_dr_noshield	SIM_TRAIN	69	155.1	12.1	-36.03	8.33	0.61	4257	0.3769	0.1037
bullhead_3_barrier_leading_fixed_dqn_dr_noshield	REAL_TEST	69	167.2	100.0	-38.97	10.56	0.54	4167	0.4120	0.1676
bullhead_3_barrier_leading_fixed_dqn_dr_noshield	SIM_TRAIN	70	170.2	12.5	-55.25	14.11	0.62	4233	0.4620	0.1750
bullhead_3_barrier_leading_fixed_dqn_dr_noshield	SIM_TRAIN	71	157.0	12.9	-40.64	10.18	0.61	4249	0.4037	0.1093
bullhead_3_barrier_leading_fixed_dqn_dr_noshield	SIM_TRAIN	72	190.6	13.4	-46.22	11.63	0.61	4181	0.4278	0.1407
bullhead_3_barrier_leading_fixed_dqn_dr_noshield	REAL_TEST	72	173.6	100.0	-41.36	11.45	0.54	4181	0.3796	0.1731
bullhead_3_barrier_leading_fixed_dqn_dr_noshield	SIM_TRAIN	73	184.0	13.6	-44.23	10.86	0.60	4185	0.4009	0.1046
bullhead_3_barrier_leading_fixed_dqn_dr_noshield	SIM_TRAIN	74	179.0	14.0	-45.99	11.73	0.59	4203	0.4657	0.1519
bullhead_3_barrier_leading_fixed_dqn_dr_noshield	SIM_TRAIN	75	149.4	14.3	-39.94	9.68	0.59	4276	0.3889	0.1204
bullhead_3_barrier_leading_fixed_dqn_dr_noshield	REAL_TEST	75	174.1	100.0	-43.03	11.83	0.55	4188	0.4222	0.1648
bullhead_3_barrier_leading_fixed_dqn_dr_noshield	SIM_TRAIN	76	161.2	14.2	-44.81	10.94	0.59	4268	0.3917	0.1324
bullhead_3_barrier_leading_fixed_dqn_dr_noshield	SIM_TRAIN	77	187.3	14.7	-42.67	10.56	0.59	4180	0.4222	0.1222
bullhead_3_barrier_leading_fixed_dqn_dr_noshield	SIM_TRAIN	78	211.7	14.5	-49.62	12.52	0.59	4116	0.4852	0.1685
bullhead_3_barrier_leading_fixed_dqn_dr_noshield	REAL_TEST	78	178.8	100.0	-47.61	13.03	0.56	4156	0.4296	0.1574
bullhead_3_barrier_leading_fixed_dqn_dr_noshield	SIM_TRAIN	79	244.7	14.7	-74.93	20.34	0.67	4089	0.5556	0.2028
bullhead_3_barrier_leading_fixed_dqn_dr_noshield	SIM_TRAIN	80	184.6	14.9	-46.91	11.93	0.62	4183	0.4806	0.1519
bullhead_3_barrier_leading_fixed_dqn_dr_noshield	SIM_TRAIN	81	176.6	14.7	-47.13	12.01	0.63	4212	0.4639	0.1602
bullhead_3_barrier_leading_fixed_dqn_dr_noshield	REAL_TEST	81	185.7	100.0	-55.33	15.05	0.57	4121	0.4315	0.1500
bullhead_3_barrier_leading_fixed_dqn_dr_noshield	SIM_TRAIN	82	197.5	15.2	-44.25	11.08	0.62	4151	0.4250	0.1296
bullhead_3_barrier_leading_fixed_dqn_dr_noshield	SIM_TRAIN	83	215.1	14.6	-47.34	11.81	0.60	4098	0.4741	0.1361
bullhead_3_barrier_leading_fixed_dqn_dr_noshield	SIM_TRAIN	84	176.3	14.6	-43.31	10.77	0.60	4219	0.3917	0.1361
bullhead_3_barrier_leading_fixed_dqn_dr_noshield	REAL_TEST	84	197.5	100.0	-64.34	17.80	0.58	4140	0.4704	0.1537
bullhead_3_barrier_leading_fixed_dqn_dr_noshield	SIM_TRAIN	85	189.7	14.7	-44.22	11.06	0.60	4175	0.4222	0.1074
bullhead_3_barrier_leading_fixed_dqn_dr_noshield	SIM_TRAIN	86	198.5	14.7	-42.09	9.95	0.61	4177	0.4315	0.1435
bullhead_3_barrier_leading_fixed_dqn_dr_noshield	SIM_TRAIN	87	154.5	14.6	-43.05	10.73	0.59	4240	0.4148	0.1278
bullhead_3_barrier_leading_fixed_dqn_dr_noshield	REAL_TEST	87	190.5	100.0	-58.95	16.21	0.56	4121	0.4713	0.1565
bullhead_3_barrier_leading_fixed_dqn_dr_noshield	SIM_TRAIN	88	214.3	15.0	-45.78	11.71	0.60	4137	0.4315	0.1148
bullhead_3_barrier_leading_fixed_dqn_dr_noshield	SIM_TRAIN	89	234.5	14.4	-42.59	10.37	0.59	4120	0.3861	0.1213
bullhead_3_barrier_leading_fixed_dqn_dr_noshield	SIM_TRAIN	90	221.9	14.1	-45.54	11.44	0.56	4085	0.3806	0.1472
bullhead_3_barrier_leading_fixed_dqn_dr_noshield	REAL_TEST	90	177.6	100.0	-49.04	13.25	0.55	4150	0.4444	0.1657
bullhead_3_barrier_leading_fixed_dqn_dr_noshield	SIM_TRAIN	91	187.6	13.5	-48.53	12.55	0.57	4204	0.4287	0.1306
bullhead_3_barrier_leading_fixed_dqn_dr_noshield	SIM_TRAIN	92	220.5	13.3	-53.57	13.92	0.66	4086	0.4991	0.1824
bullhead_3_barrier_leading_fixed_dqn_dr_noshield	SIM_TRAIN	93	279.9	13.7	-75.94	21.11	0.64	3978	0.5426	0.2028
bullhead_3_barrier_leading_fixed_dqn_dr_noshield	REAL_TEST	93	177.4	100.0	-44.32	12.29	0.55	4159	0.4352	0.1676
bullhead_3_barrier_leading_fixed_dqn_dr_noshield	SIM_TRAIN	94	149.3	13.5	-34.94	8.16	0.61	4268	0.3843	0.1083
bullhead_3_barrier_leading_fixed_dqn_dr_noshield	SIM_TRAIN	95	149.3	13.0	-38.63	9.09	0.65	4277	0.4231	0.1204
bullhead_3_barrier_leading_fixed_dqn_dr_noshield	SIM_TRAIN	96	212.0	12.9	-52.14	13.65	0.63	4125	0.4870	0.1491
bullhead_3_barrier_leading_fixed_dqn_dr_noshield	REAL_TEST	96	183.1	100.0	-48.92	13.68	0.56	4059	0.4509	0.1630
bullhead_3_barrier_leading_fixed_dqn_dr_noshield	SIM_TRAIN	97	175.8	13.1	-46.51	11.91	0.59	4230	0.4574	0.1565
bullhead_3_barrier_leading_fixed_dqn_dr_noshield	SIM_TRAIN	98	176.6	13.7	-48.10	11.98	0.58	4202	0.4407	0.1630
bullhead_3_barrier_leading_fixed_dqn_dr_noshield	SIM_TRAIN	99	181.2	13.7	-43.16	10.29	0.59	4150	0.4093	0.1519
bullhead_3_barrier_leading_fixed_dqn_dr_noshield	REAL_TEST	99	176.7	100.0	-44.69	12.37	0.55	4180	0.4204	0.1593
bullhead_3_barrier_leading_fixed_dqn_dr_noshield	SIM_TRAIN	100	175.3	14.0	-48.01	12.44	0.64	4224	0.4657	0.1454
bullhead_3_barrier_leading_fixed_dqn_dr_noshield	SIM_TRAIN	101	174.4	14.5	-44.95	10.87	0.59	4201	0.4204	0.1324
bullhead_3_barrier_leading_fixed_dqn_dr_noshield	SIM_TRAIN	102	147.7	14.5	-38.85	9.85	0.57	4293	0.3824	0.1472
bullhead_3_barrier_leading_fixed_dqn_dr_noshield	REAL_TEST	102	169.5	100.0	-38.50	10.59	0.54	4158	0.4222	0.1630
bullhead_3_barrier_leading_fixed_dqn_dr_noshield	SIM_TRAIN	103	345.6	13.9	-54.17	13.49	0.57	3782	0.5250	0.1759
bullhead_3_barrier_leading_fixed_dqn_dr_noshield	SIM_TRAIN	104	146.5	13.7	-35.24	8.61	0.60	4278	0.3870	0.1102
bullhead_3_barrier_leading_fixed_dqn_dr_noshield	SIM_TRAIN	105	160.7	14.7	-39.86	9.61	0.63	4232	0.4009	0.1287
bullhead_3_barrier_leading_fixed_dqn_dr_noshield	REAL_TEST	105	171.9	100.0	-40.35	11.11	0.55	4158	0.4278	0.1630
bullhead_3_barrier_leading_fixed_dqn_dr_noshield	SIM_TRAIN	106	244.7	14.5	-53.12	13.90	0.57	4042	0.4833	0.1343
bullhead_3_barrier_leading_fixed_dqn_dr_noshield	SIM_TRAIN	107	168.2	14.7	-54.57	14.36	0.65	4238	0.4463	0.1491
bullhead_3_barrier_leading_fixed_dqn_dr_noshield	SIM_TRAIN	108	158.0	14.8	-45.13	11.21	0.63	4285	0.4556	0.1389
bullhead_3_barrier_leading_fixed_dqn_dr_noshield	REAL_TEST	108	164.0	100.0	-35.52	9.60	0.55	4177	0.4278	0.1602
bullhead_3_barrier_leading_fixed_dqn_dr_noshield	SIM_TRAIN	109	162.7	15.3	-38.60	9.46	0.58	4242	0.3963	0.1102
bullhead_3_barrier_leading_fixed_dqn_dr_noshield	SIM_TRAIN	110	145.0	16.0	-36.75	8.43	0.62	4269	0.3759	0.1120
bullhead_3_barrier_leading_fixed_dqn_dr_noshield	SIM_TRAIN	111	160.6	15.9	-42.49	10.41	0.65	4251	0.4343	0.1380
bullhead_3_barrier_leading_fixed_dqn_dr_noshield	REAL_TEST	111	172.9	100.0	-40.28	11.26	0.56	4146	0.4407	0.1463
bullhead_3_barrier_leading_fixed_dqn_dr_noshield	SIM_TRAIN	112	189.6	15.2	-65.37	17.21	0.68	4169	0.5009	0.1778
bullhead_3_barrier_leading_fixed_dqn_dr_noshield	SIM_TRAIN	113	178.6	15.9	-47.30	11.89	0.64	4197	0.4639	0.1213
bullhead_3_barrier_leading_fixed_dqn_dr_noshield	SIM_TRAIN	114	181.4	16.0	-51.56	13.27	0.59	4228	0.4130	0.1722
bullhead_3_barrier_leading_fixed_dqn_dr_noshield	REAL_TEST	114	181.8	100.0	-46.78	13.27	0.56	4138	0.4380	0.1565
bullhead_3_barrier_leading_fixed_dqn_dr_noshield	SIM_TRAIN	115	149.9	15.6	-39.29	9.49	0.58	4291	0.3759	0.1333
bullhead_3_barrier_leading_fixed_dqn_dr_noshield	SIM_TRAIN	116	252.4	16.2	-55.96	14.23	0.68	4025	0.4991	0.1806
bullhead_3_barrier_leading_fixed_dqn_dr_noshield	SIM_TRAIN	117	164.2	16.4	-50.38	12.24	0.63	4230	0.4278	0.1463
bullhead_3_barrier_leading_fixed_dqn_dr_noshield	REAL_TEST	117	194.7	100.0	-58.16	16.39	0.58	4153	0.4833	0.1398
bullhead_3_barrier_leading_fixed_dqn_dr_noshield	SIM_TRAIN	118	216.3	15.5	-49.22	12.68	0.61	4113	0.4306	0.1639
bullhead_3_barrier_leading_fixed_dqn_dr_noshield	SIM_TRAIN	119	249.2	15.7	-42.59	10.31	0.56	3990	0.4148	0.1241
bullhead_3_barrier_leading_fixed_dqn_dr_noshield	SIM_TRAIN	120	197.3	14.7	-47.47	11.82	0.63	4141	0.4454	0.1380
bullhead_3_barrier_leading_fixed_dqn_dr_noshield	REAL_TEST	120	180.8	100.0	-47.81	13.47	0.57	4026	0.4741	0.1583
bullhead_3_barrier_leading_fixed_dqn_dr_noshield	SIM_TRAIN	121	171.5	15.1	-40.21	9.48	0.61	4190	0.3731	0.1333
bullhead_3_barrier_leading_fixed_dqn_dr_noshield	SIM_TRAIN	122	205.4	15.0	-46.08	11.61	0.58	4135	0.4194	0.1361
bullhead_3_barrier_leading_fixed_dqn_dr_noshield	SIM_TRAIN	123	233.4	14.7	-52.57	13.35	0.58	4057	0.4917	0.1500
bullhead_3_barrier_leading_fixed_dqn_dr_noshield	REAL_TEST	123	171.6	100.0	-39.71	10.99	0.55	4161	0.4426	0.1648
bullhead_3_barrier_leading_fixed_dqn_dr_noshield	SIM_TRAIN	124	148.6	14.7	-37.87	9.50	0.60	4282	0.3787	0.1083
bullhead_3_barrier_leading_fixed_dqn_dr_noshield	SIM_TRAIN	125	253.0	14.4	-47.51	11.80	0.62	4000	0.4685	0.1546
bullhead_3_barrier_leading_fixed_dqn_dr_noshield	SIM_TRAIN	126	188.8	13.9	-40.55	10.02	0.58	4196	0.4120	0.1463
bullhead_3_barrier_leading_fixed_dqn_dr_noshield	REAL_TEST	126	173.4	100.0	-41.60	11.52	0.56	4167	0.4556	0.1824
bullhead_3_barrier_leading_fixed_dqn_dr_noshield	SIM_TRAIN	127	225.4	13.4	-56.90	15.00	0.67	4110	0.5167	0.1694
bullhead_3_barrier_leading_fixed_dqn_dr_noshield	SIM_TRAIN	128	158.6	13.1	-46.00	11.71	0.66	4271	0.4602	0.1546
bullhead_3_barrier_leading_fixed_dqn_dr_noshield	SIM_TRAIN	129	156.2	12.9	-41.64	10.14	0.61	4260	0.4380	0.1185
bullhead_3_barrier_leading_fixed_dqn_dr_noshield	REAL_TEST	129	169.4	100.0	-37.91	10.56	0.55	4147	0.4611	0.1537
bullhead_3_barrier_leading_fixed_dqn_dr_noshield	SIM_TRAIN	130	194.7	13.2	-57.28	15.06	0.65	4192	0.4861	0.1685
bullhead_3_barrier_leading_fixed_dqn_dr_noshield	SIM_TRAIN	131	273.7	13.2	-51.07	13.01	0.56	3942	0.5194	0.1787
bullhead_3_barrier_leading_fixed_dqn_dr_noshield	SIM_TRAIN	132	199.3	12.8	-49.38	12.72	0.60	4194	0.4389	0.1694
bullhead_3_barrier_leading_fixed_dqn_dr_noshield	REAL_TEST	132	168.0	100.0	-36.48	10.09	0.54	4153	0.4315	0.1787
bullhead_3_barrier_leading_fixed_dqn_dr_noshield	SIM_TRAIN	133	175.4	13.1	-58.98	15.04	0.64	4213	0.5083	0.1815
bullhead_3_barrier_leading_fixed_dqn_dr_noshield	SIM_TRAIN	134	204.3	13.0	-54.08	14.19	0.57	4135	0.4065	0.1787
bullhead_3_barrier_leading_fixed_dqn_dr_noshield	SIM_TRAIN	135	155.8	13.1	-34.55	8.00	0.60	4251	0.3796	0.0991
bullhead_3_barrier_leading_fixed_dqn_dr_noshield	REAL_TEST	135	160.5	100.0	-31.35	8.46	0.53	4174	0.4315	0.1806
bullhead_3_barrier_leading_fixed_dqn_dr_noshield	SIM_TRAIN	136	201.9	13.1	-43.39	10.79	0.57	4121	0.3759	0.1296
bullhead_3_barrier_leading_fixed_dqn_dr_noshield	SIM_TRAIN	137	151.3	12.6	-40.90	10.18	0.62	4235	0.4167	0.1130
bullhead_3_barrier_leading_fixed_dqn_dr_noshield	SIM_TRAIN	138	186.5	13.4	-45.11	11.15	0.57	4179	0.4463	0.1537
bullhead_3_barrier_leading_fixed_dqn_dr_noshield	REAL_TEST	138	270.0	100.0	-137.41	36.50	0.62	3806	0.4435	0.1574
bullhead_3_barrier_leading_fixed_dqn_dr_noshield	SIM_TRAIN	139	169.6	12.9	-41.03	10.13	0.64	4211	0.4278	0.1259
bullhead_3_barrier_leading_fixed_dqn_dr_noshield	SIM_TRAIN	140	191.0	12.5	-53.58	14.02	0.58	4167	0.4778	0.1722
bullhead_3_barrier_leading_fixed_dqn_dr_noshield	SIM_TRAIN	141	197.5	13.0	-44.50	11.21	0.56	4148	0.4167	0.1463
bullhead_3_barrier_leading_fixed_dqn_dr_noshield	REAL_TEST	141	224.3	100.0	-94.52	25.13	0.61	3972	0.5435	0.1880
bullhead_3_barrier_leading_fixed_dqn_dr_noshield	SIM_TRAIN	142	178.3	13.5	-41.22	10.17	0.57	4189	0.3981	0.1194
bullhead_3_barrier_leading_fixed_dqn_dr_noshield	SIM_TRAIN	143	169.5	13.3	-44.91	11.09	0.59	4236	0.4343	0.1315
bullhead_3_barrier_leading_fixed_dqn_dr_noshield	SIM_TRAIN	144	174.6	13.5	-42.33	10.46	0.59	4217	0.3806	0.1352
bullhead_3_barrier_leading_fixed_dqn_dr_noshield	REAL_TEST	144	163.4	100.0	-34.90	9.45	0.56	4165	0.4370	0.1648
bullhead_3_barrier_leading_fixed_dqn_dr_noshield	SIM_TRAIN	145	194.9	13.7	-48.57	12.20	0.60	4143	0.4704	0.1630
bullhead_3_barrier_leading_fixed_dqn_dr_noshield	SIM_TRAIN	146	193.1	13.5	-47.86	12.48	0.59	4148	0.4269	0.1370
bullhead_3_barrier_leading_fixed_dqn_dr_noshield	SIM_TRAIN	147	178.9	13.7	-43.97	10.93	0.59	4214	0.4120	0.1426
bullhead_3_barrier_leading_fixed_dqn_dr_noshield	REAL_TEST	147	165.1	100.0	-34.66	9.59	0.55	4162	0.4509	0.1593
bullhead_3_barrier_leading_fixed_dqn_dr_noshield	SIM_TRAIN	148	241.7	13.8	-59.38	15.33	0.60	4036	0.4981	0.1731
bullhead_3_barrier_leading_fixed_dqn_dr_noshield	SIM_TRAIN	149	184.6	14.1	-42.93	10.24	0.61	4176	0.4315	0.1130
bullhead_3_barrier_leading_fixed_dqn_dr_noshield	SIM_TRAIN	150	216.0	14.3	-43.99	10.66	0.62	4081	0.4787	0.1639
bullhead_3_barrier_leading_fixed_dqn_dr_noshield	REAL_TEST	150	169.0	100.0	-37.41	10.32	0.56	4173	0.4352	0.1537
bullhead_3_barrier_leading_fixed_dqn_dr_noshield	SIM_TRAIN	151	233.4	14.6	-43.51	10.30	0.58	4031	0.4333	0.1352
bullhead_3_barrier_leading_fixed_dqn_dr_noshield	SIM_TRAIN	152	204.3	14.8	-47.19	12.32	0.58	4152	0.4472	0.1222
bullhead_3_barrier_leading_fixed_dqn_dr_noshield	SIM_TRAIN	153	194.3	14.6	-44.71	11.04	0.58	4160	0.4065	0.1611
bullhead_3_barrier_leading_fixed_dqn_dr_noshield	REAL_TEST	153	243.3	100.0	-107.66	29.48	0.61	3894	0.4648	0.1380
bullhead_3_barrier_leading_fixed_dqn_dr_noshield	SIM_TRAIN	154	192.7	14.2	-46.64	11.87	0.63	4189	0.4620	0.1435
bullhead_3_barrier_leading_fixed_dqn_dr_noshield	SIM_TRAIN	155	158.0	14.3	-37.12	9.05	0.60	4245	0.4130	0.1083
bullhead_3_barrier_leading_fixed_dqn_dr_noshield	SIM_TRAIN	156	168.4	14.5	-39.45	9.31	0.63	4202	0.4389	0.1426
bullhead_3_barrier_leading_fixed_dqn_dr_noshield	REAL_TEST	156	163.5	100.0	-33.24	9.18	0.55	4151	0.4556	0.1463
bullhead_3_barrier_leading_fixed_dqn_dr_noshield	SIM_TRAIN	157	155.0	14.1	-34.97	8.41	0.58	4242	0.3778	0.0870
bullhead_3_barrier_leading_fixed_dqn_dr_noshield	SIM_TRAIN	158	204.2	14.2	-49.28	12.51	0.58	4152	0.4426	0.1306
bullhead_3_barrier_leading_fixed_dqn_dr_noshield	SIM_TRAIN	159	248.0	14.2	-81.99	21.81	0.70	4035	0.4870	0.1741
bullhead_3_barrier_leading_fixed_dqn_dr_noshield	REAL_TEST	159	294.7	100.0	-146.82	40.45	0.62	3778	0.4676	0.1361
bullhead_3_barrier_leading_fixed_dqn_dr_noshield	SIM_TRAIN	160	180.8	14.0	-42.92	10.48	0.62	4204	0.4398	0.1194
bullhead_3_barrier_leading_fixed_dqn_dr_noshield	SIM_TRAIN	161	191.7	13.9	-44.31	11.09	0.60	4162	0.4370	0.1407
bullhead_3_barrier_leading_fixed_dqn_dr_noshield	SIM_TRAIN	162	213.8	13.9	-45.00	10.99	0.64	4103	0.5028	0.1250
bullhead_3_barrier_leading_fixed_dqn_dr_noshield	REAL_TEST	162	168.2	100.0	-38.03	10.48	0.56	4095	0.4509	0.1528
bullhead_3_barrier_leading_fixed_dqn_dr_noshield	SIM_TRAIN	163	190.6	14.0	-45.73	11.51	0.62	4164	0.4787	0.1250
bullhead_3_barrier_leading_fixed_dqn_dr_noshield	SIM_TRAIN	164	168.4	13.5	-36.21	8.43	0.59	4221	0.3898	0.1139
bullhead_3_barrier_leading_fixed_dqn_dr_noshield	SIM_TRAIN	165	186.8	14.2	-42.99	10.51	0.60	4171	0.4315	0.1306
bullhead_3_barrier_leading_fixed_dqn_dr_noshield	REAL_TEST	165	173.6	100.0	-40.37	11.30	0.56	4149	0.4306	0.1546
bullhead_3_barrier_leading_fixed_dqn_dr_noshield	SIM_TRAIN	166	174.1	13.4	-47.09	12.15	0.64	4214	0.4481	0.1676
bullhead_3_barrier_leading_fixed_dqn_dr_noshield	SIM_TRAIN	167	152.2	13.5	-42.90	11.02	0.62	4274	0.4148	0.1222
bullhead_3_barrier_leading_fixed_dqn_dr_noshield	SIM_TRAIN	168	178.7	13.3	-41.93	10.44	0.59	4208	0.4231	0.1343
bullhead_3_barrier_leading_fixed_dqn_dr_noshield	REAL_TEST	168	229.4	100.0	-97.82	26.27	0.59	3919	0.4731	0.1481
bullhead_3_barrier_leading_fixed_dqn_dr_noshield	SIM_TRAIN	169	162.2	12.8	-48.55	11.74	0.59	4238	0.4426	0.1694
bullhead_3_barrier_leading_fixed_dqn_dr_noshield	SIM_TRAIN	170	242.2	15.3	-98.22	23.23	0.60	4092	0.4213	0.1833
bullhead_3_barrier_leading_fixed_dqn_dr_noshield	SIM_TRAIN	171	167.9	17.0	-43.36	10.63	0.62	4211	0.4519	0.1398
bullhead_3_barrier_leading_fixed_dqn_dr_noshield	REAL_TEST	171	169.9	100.0	-37.34	10.53	0.59	4182	0.4278	0.1269
bullhead_3_barrier_leading_fixed_dqn_dr_noshield	SIM_TRAIN	172	247.2	15.8	-52.54	13.46	0.59	4021	0.4352	0.1528
bullhead_3_barrier_leading_fixed_dqn_dr_noshield	SIM_TRAIN	173	168.4	15.3	-45.77	11.80	0.60	4236	0.4176	0.1361
bullhead_3_barrier_leading_fixed_dqn_dr_noshield	SIM_TRAIN	174	217.6	14.7	-46.88	11.38	0.58	4092	0.4519	0.1481
bullhead_3_barrier_leading_fixed_dqn_dr_noshield	REAL_TEST	174	180.3	100.0	-49.00	13.57	0.59	4108	0.3500	0.1620
bullhead_3_barrier_leading_fixed_dqn_dr_noshield	SIM_TRAIN	175	164.4	14.5	-44.50	10.88	0.67	4244	0.4046	0.1380
bullhead_3_barrier_leading_fixed_dqn_dr_noshield	SIM_TRAIN	176	189.6	14.4	-48.30	12.19	0.62	4152	0.4713	0.1833
bullhead_3_barrier_leading_fixed_dqn_dr_noshield	SIM_TRAIN	177	250.4	14.1	-58.99	15.28	0.65	3977	0.5065	0.2009
bullhead_3_barrier_leading_fixed_dqn_dr_noshield	REAL_TEST	177	205.5	100.0	-72.55	20.06	0.58	3962	0.3546	0.1620
bullhead_3_barrier_leading_fixed_dqn_dr_noshield	SIM_TRAIN	178	201.6	15.4	-66.00	16.78	0.60	4184	0.4019	0.1611
bullhead_3_barrier_leading_fixed_dqn_dr_noshield	SIM_TRAIN	179	160.1	16.5	-43.27	10.90	0.58	4230	0.3981	0.1157
bullhead_3_barrier_leading_fixed_dqn_dr_noshield	SIM_TRAIN	180	222.4	16.9	-41.95	9.88	0.59	4071	0.4306	0.1435
bullhead_3_barrier_leading_fixed_dqn_dr_noshield	REAL_TEST	180	225.5	100.0	-94.28	25.43	0.59	3963	0.3602	0.1741
bullhead_3_barrier_leading_fixed_dqn_dr_noshield	SIM_TRAIN	181	221.2	17.2	-48.25	12.20	0.57	4100	0.4806	0.1722
bullhead_3_barrier_leading_fixed_dqn_dr_noshield	SIM_TRAIN	182	189.0	17.4	-47.36	11.61	0.60	4178	0.4519	0.1361
bullhead_3_barrier_leading_fixed_dqn_dr_noshield	SIM_TRAIN	183	165.1	17.5	-46.06	11.52	0.64	4235	0.4185	0.1435
bullhead_3_barrier_leading_fixed_dqn_dr_noshield	REAL_TEST	183	165.0	100.0	-36.13	9.94	0.57	4125	0.3380	0.1639
bullhead_3_barrier_leading_fixed_dqn_dr_noshield	SIM_TRAIN	184	158.9	16.2	-44.96	11.08	0.58	4255	0.4315	0.1417
bullhead_3_barrier_leading_fixed_dqn_dr_noshield	SIM_TRAIN	185	255.4	15.3	-75.56	20.05	0.69	4013	0.5380	0.2148
bullhead_3_barrier_leading_fixed_dqn_dr_noshield	SIM_TRAIN	186	279.6	14.7	-53.60	13.51	0.59	3890	0.5454	0.1741
bullhead_3_barrier_leading_fixed_dqn_dr_noshield	REAL_TEST	186	215.9	100.0	-84.63	22.99	0.60	4048	0.4222	0.1611
bullhead_3_barrier_leading_fixed_dqn_dr_noshield	SIM_TRAIN	187	192.2	14.5	-44.25	11.13	0.61	4164	0.4324	0.1222
bullhead_3_barrier_leading_fixed_dqn_dr_noshield	SIM_TRAIN	188	154.7	14.8	-42.03	10.27	0.59	4279	0.4176	0.1093
bullhead_3_barrier_leading_fixed_dqn_dr_noshield	SIM_TRAIN	189	193.7	15.4	-43.30	10.56	0.58	4172	0.4130	0.1231
bullhead_3_barrier_leading_fixed_dqn_dr_noshield	REAL_TEST	189	170.3	100.0	-38.49	10.77	0.56	4172	0.4102	0.1426
bullhead_3_barrier_leading_fixed_dqn_dr_noshield	SIM_TRAIN	190	173.1	14.7	-45.67	11.09	0.57	4199	0.4370	0.1426
bullhead_3_barrier_leading_fixed_dqn_dr_noshield	SIM_TRAIN	191	236.5	15.3	-52.02	13.50	0.57	4042	0.5037	0.1667
bullhead_3_barrier_leading_fixed_dqn_dr_noshield	SIM_TRAIN	192	188.8	15.6	-45.69	11.71	0.62	4201	0.4556	0.1287
bullhead_3_barrier_leading_fixed_dqn_dr_noshield	REAL_TEST	192	261.7	100.0	-129.22	34.82	0.65	3913	0.4824	0.1565
bullhead_3_barrier_leading_fixed_dqn_dr_noshield	SIM_TRAIN	193	202.4	15.0	-43.97	10.84	0.60	4155	0.4611	0.1454
bullhead_3_barrier_leading_fixed_dqn_dr_noshield	SIM_TRAIN	194	167.1	14.8	-45.45	11.21	0.65	4236	0.5009	0.1435
bullhead_3_barrier_leading_fixed_dqn_dr_noshield	SIM_TRAIN	195	196.4	14.9	-46.17	11.51	0.62	4134	0.4907	0.1611
bullhead_3_barrier_leading_fixed_dqn_dr_noshield	REAL_TEST	195	279.2	100.0	-140.54	38.37	0.63	3940	0.4731	0.1593
bullhead_3_barrier_leading_fixed_dqn_dr_noshield	SIM_TRAIN	196	217.2	14.6	-44.43	10.72	0.60	4116	0.4741	0.1315
bullhead_3_barrier_leading_fixed_dqn_dr_noshield	SIM_TRAIN	197	197.6	14.9	-47.26	11.92	0.61	4165	0.4972	0.1556
bullhead_3_barrier_leading_fixed_dqn_dr_noshield	SIM_TRAIN	198	263.0	14.4	-59.86	15.94	0.57	4001	0.4944	0.1648
bullhead_3_barrier_leading_fixed_dqn_dr_noshield	REAL_TEST	198	237.0	100.0	-105.71	28.54	0.60	3969	0.4519	0.1528
bullhead_3_barrier_leading_fixed_dqn_dr_noshield	SIM_TRAIN	199	229.8	14.7	-46.52	11.55	0.60	4059	0.5056	0.1528
bullhead_3_barrier_leading_fixed_dqn_dr_noshield	SIM_TRAIN	200	215.5	14.0	-47.09	11.45	0.62	4085	0.4833	0.1361
bullhead_3_barrier_leading_fixed_dqn_dr_noshield	SIM_TRAIN	201	210.7	13.5	-45.29	11.20	0.58	4125	0.4898	0.1296
bullhead_3_barrier_leading_fixed_dqn_dr_noshield	REAL_TEST	201	273.0	100.0	-141.48	36.58	0.62	3529	0.4324	0.1380
bullhead_3_barrier_leading_fixed_dqn_dr_noshield	SIM_TRAIN	202	199.8	14.3	-52.62	13.02	0.62	4176	0.4583	0.1778
bullhead_3_barrier_leading_fixed_dqn_dr_noshield	SIM_TRAIN	203	220.4	14.4	-40.64	9.55	0.61	4092	0.4657	0.1231
bullhead_3_barrier_leading_fixed_dqn_dr_noshield	SIM_TRAIN	204	166.3	13.9	-38.34	9.12	0.57	4236	0.3778	0.0935
bullhead_3_barrier_leading_fixed_dqn_dr_noshield	REAL_TEST	204	304.6	100.0	-157.54	40.21	0.62	3202	0.4019	0.1333
bullhead_3_barrier_leading_fixed_dqn_dr_noshield	SIM_TRAIN	205	209.2	13.6	-44.94	11.40	0.58	4117	0.4204	0.1352
bullhead_3_barrier_leading_fixed_dqn_dr_noshield	SIM_TRAIN	206	235.1	14.1	-72.24	19.45	0.69	4056	0.5352	0.1769
bullhead_3_barrier_leading_fixed_dqn_dr_noshield	SIM_TRAIN	207	171.8	14.4	-53.19	13.95	0.58	4223	0.4370	0.1648
bullhead_3_barrier_leading_fixed_dqn_dr_noshield	REAL_TEST	207	298.4	100.0	-154.91	39.29	0.62	3188	0.3917	0.1343
bullhead_3_barrier_leading_fixed_dqn_dr_noshield	SIM_TRAIN	208	239.1	14.2	-44.42	10.92	0.60	4074	0.4611	0.1426
bullhead_3_barrier_leading_fixed_dqn_dr_noshield	SIM_TRAIN	209	220.5	14.3	-47.28	11.96	0.59	4106	0.4778	0.1556
bullhead_3_barrier_leading_fixed_dqn_dr_noshield	SIM_TRAIN	210	197.2	14.0	-45.76	11.17	0.60	4137	0.4565	0.1519
bullhead_3_barrier_leading_fixed_dqn_dr_noshield	REAL_TEST	210	308.5	100.0	-159.81	40.96	0.63	3184	0.4583	0.1296
bullhead_3_barrier_leading_fixed_dqn_dr_noshield	SIM_TRAIN	211	176.2	14.7	-50.19	12.97	0.57	4169	0.4815	0.1444
bullhead_3_barrier_leading_fixed_dqn_dr_noshield	SIM_TRAIN	212	173.9	14.1	-46.67	11.78	0.59	4231	0.3815	0.1389
bullhead_3_barrier_leading_fixed_dqn_dr_noshield	SIM_TRAIN	213	205.2	14.1	-42.18	10.45	0.58	4156	0.4241	0.1120
bullhead_3_barrier_leading_fixed_dqn_dr_noshield	REAL_TEST	213	270.1	100.0	-141.14	36.62	0.63	3653	0.4611	0.1444
bullhead_3_barrier_leading_fixed_dqn_dr_noshield	SIM_TRAIN	214	198.5	14.1	-47.49	12.15	0.62	4179	0.4704	0.1389
bullhead_3_barrier_leading_fixed_dqn_dr_noshield	SIM_TRAIN	215	173.2	14.1	-44.27	10.77	0.57	4191	0.4306	0.1333
bullhead_3_barrier_leading_fixed_dqn_dr_noshield	SIM_TRAIN	216	152.2	14.4	-43.96	11.18	0.61	4262	0.4343	0.1296
bullhead_3_barrier_leading_fixed_dqn_dr_noshield	REAL_TEST	216	159.1	100.0	-32.36	8.57	0.56	4181	0.4241	0.1630
bullhead_3_barrier_leading_fixed_dqn_dr_noshield	SIM_TRAIN	217	190.9	14.9	-50.07	12.63	0.61	4161	0.4778	0.1324
bullhead_3_barrier_leading_fixed_dqn_dr_noshield	SIM_TRAIN	218	185.7	15.2	-42.99	10.41	0.60	4184	0.4519	0.1148
bullhead_3_barrier_leading_fixed_dqn_dr_noshield	SIM_TRAIN	219	218.8	16.2	-44.33	10.71	0.59	4041	0.4528	0.1407
bullhead_3_barrier_leading_fixed_dqn_dr_noshield	REAL_TEST	219	257.3	100.0	-124.43	32.95	0.63	3793	0.4630	0.1657
bullhead_3_barrier_leading_fixed_dqn_dr_noshield	SIM_TRAIN	220	153.4	15.4	-43.25	11.06	0.61	4268	0.4343	0.1083
bullhead_3_barrier_leading_fixed_dqn_dr_noshield	SIM_TRAIN	221	159.1	15.4	-40.96	10.00	0.61	4270	0.4204	0.1157
bullhead_3_barrier_leading_fixed_dqn_dr_noshield	SIM_TRAIN	222	221.3	15.7	-56.38	14.45	0.60	4110	0.4676	0.1741
bullhead_3_barrier_leading_fixed_dqn_dr_noshield	REAL_TEST	222	248.9	100.0	-127.36	32.46	0.62	3777	0.4417	0.1565
bullhead_3_barrier_leading_fixed_dqn_dr_noshield	SIM_TRAIN	223	199.3	16.6	-43.54	10.72	0.64	4152	0.4435	0.1194
bullhead_3_barrier_leading_fixed_dqn_dr_noshield	SIM_TRAIN	224	172.6	17.2	-42.14	10.00	0.62	4228	0.4361	0.1269
bullhead_3_barrier_leading_fixed_dqn_dr_noshield	SIM_TRAIN	225	170.0	16.7	-48.20	12.06	0.58	4221	0.4676	0.1481
bullhead_3_barrier_leading_fixed_dqn_dr_noshield	REAL_TEST	225	221.2	100.0	-116.47	26.76	0.60	3310	0.4907	0.1435
bullhead_3_barrier_leading_fixed_dqn_dr_noshield	SIM_TRAIN	226	238.1	17.6	-48.40	12.07	0.59	4033	0.4722	0.1519
bullhead_3_barrier_leading_fixed_dqn_dr_noshield	SIM_TRAIN	227	212.2	17.1	-49.42	12.21	0.64	4103	0.4750	0.1463
bullhead_3_barrier_leading_fixed_dqn_dr_noshield	SIM_TRAIN	228	196.3	17.2	-45.01	10.97	0.64	4148	0.4565	0.1407
bullhead_3_barrier_leading_fixed_dqn_dr_noshield	REAL_TEST	228	214.6	100.0	-106.84	24.94	0.59	3417	0.4009	0.1444
bullhead_3_barrier_leading_fixed_dqn_dr_noshield	SIM_TRAIN	229	272.0	17.3	-53.49	13.68	0.62	3978	0.5333	0.1685
bullhead_3_barrier_leading_fixed_dqn_dr_noshield	SIM_TRAIN	230	244.0	17.7	-50.82	12.80	0.60	4053	0.4750	0.1639
bullhead_3_barrier_leading_fixed_dqn_dr_noshield	SIM_TRAIN	231	184.5	16.7	-45.06	11.22	0.60	4181	0.4546	0.1417
bullhead_3_barrier_leading_fixed_dqn_dr_noshield	REAL_TEST	231	220.4	100.0	-115.68	26.59	0.59	3324	0.3657	0.1528
bullhead_3_barrier_leading_fixed_dqn_dr_noshield	SIM_TRAIN	232	202.9	16.8	-44.23	10.92	0.57	4121	0.4194	0.1463
bullhead_3_barrier_leading_fixed_dqn_dr_noshield	SIM_TRAIN	233	205.0	16.9	-45.94	11.43	0.57	4146	0.4083	0.1417
bullhead_3_barrier_leading_fixed_dqn_dr_noshield	SIM_TRAIN	234	288.7	17.2	-54.11	13.70	0.58	3903	0.5176	0.1778
bullhead_3_barrier_leading_fixed_dqn_dr_noshield	REAL_TEST	234	220.5	100.0	-116.05	26.65	0.58	3313	0.3528	0.1546
bullhead_3_barrier_leading_fixed_dqn_dr_noshield	SIM_TRAIN	235	211.9	18.2	-77.82	20.77	0.70	4137	0.4981	0.1583
bullhead_3_barrier_leading_fixed_dqn_dr_noshield	SIM_TRAIN	236	173.4	18.9	-44.43	10.97	0.59	4201	0.4565	0.1361
bullhead_3_barrier_leading_fixed_dqn_dr_noshield	SIM_TRAIN	237	170.2	17.9	-47.90	12.27	0.65	4238	0.4657	0.1324
bullhead_3_barrier_leading_fixed_dqn_dr_noshield	REAL_TEST	237	219.5	100.0	-113.93	26.33	0.59	3348	0.4102	0.1528
bullhead_3_barrier_leading_fixed_dqn_dr_noshield	SIM_TRAIN	238	153.2	18.5	-41.80	10.12	0.64	4267	0.4028	0.1454
bullhead_3_barrier_leading_fixed_dqn_dr_noshield	SIM_TRAIN	239	228.0	19.5	-53.46	13.40	0.61	4091	0.4880	0.1565
bullhead_3_barrier_leading_fixed_dqn_dr_noshield	SIM_TRAIN	240	174.9	17.5	-44.44	10.89	0.58	4202	0.4009	0.1287
bullhead_3_barrier_leading_fixed_dqn_dr_noshield	REAL_TEST	240	219.6	100.0	-115.02	26.58	0.58	3356	0.3565	0.1491
bullhead_3_barrier_leading_fixed_dqn_dr_noshield	SIM_TRAIN	241	297.1	18.4	-56.86	14.45	0.60	3922	0.5491	0.1657
bullhead_3_barrier_leading_fixed_dqn_dr_noshield	SIM_TRAIN	242	208.8	18.5	-44.96	10.83	0.65	4088	0.4639	0.1620
bullhead_3_barrier_leading_fixed_dqn_dr_noshield	SIM_TRAIN	243	274.8	18.1	-57.02	14.93	0.57	3957	0.4611	0.1500
bullhead_3_barrier_leading_fixed_dqn_dr_noshield	REAL_TEST	243	176.0	100.0	-64.06	15.22	0.58	4010	0.4861	0.1843
bullhead_3_barrier_leading_fixed_dqn_dr_noshield	SIM_TRAIN	244	177.8	19.9	-40.87	9.91	0.60	4203	0.3954	0.1315
bullhead_3_barrier_leading_fixed_dqn_dr_noshield	SIM_TRAIN	245	171.1	20.4	-44.68	11.20	0.59	4234	0.4083	0.1259
bullhead_3_barrier_leading_fixed_dqn_dr_noshield	SIM_TRAIN	246	152.1	23.3	-43.09	10.84	0.62	4276	0.4222	0.1194
bullhead_3_barrier_leading_fixed_dqn_dr_noshield	REAL_TEST	246	175.8	100.0	-63.99	15.15	0.58	3990	0.4519	0.1806
bullhead_3_barrier_leading_fixed_dqn_dr_noshield	SIM_TRAIN	247	241.4	29.5	-52.82	13.33	0.58	4047	0.5102	0.1694
bullhead_3_barrier_leading_fixed_dqn_dr_noshield	SIM_TRAIN	248	196.1	36.2	-51.41	12.34	0.61	4158	0.4565	0.1528
bullhead_3_barrier_leading_fixed_dqn_dr_noshield	SIM_TRAIN	249	145.6	39.0	-36.67	8.71	0.62	4269	0.3796	0.0889
bullhead_3_barrier_leading_fixed_dqn_dr_noshield	REAL_TEST	249	177.3	100.0	-65.13	15.50	0.58	4008	0.4472	0.1704
bullhead_3_barrier_leading_fixed_dqn_dr_noshield	SIM_TRAIN	250	185.6	42.9	-52.32	12.99	0.61	4184	0.4611	0.1537
bullhead_3_barrier_leading_fixed_dqn_dr_noshield	SIM_TRAIN	251	203.3	59.7	-59.52	14.29	0.61	4083	0.4074	0.1296
bullhead_3_barrier_leading_fixed_dqn_dr_noshield	SIM_TRAIN	252	215.0	71.8	-68.82	16.63	0.67	4125	0.4704	0.1657
bullhead_3_barrier_leading_fixed_dqn_dr_noshield	REAL_TEST	252	177.7	100.0	-66.52	15.70	0.58	4004	0.3676	0.1639
bullhead_3_barrier_leading_fixed_dqn_dr_noshield	SIM_TRAIN	253	161.1	47.7	-49.58	12.12	0.64	4268	0.4435	0.1204
bullhead_3_barrier_leading_fixed_dqn_dr_noshield	SIM_TRAIN	254	156.7	28.3	-39.64	9.55	0.58	4270	0.3528	0.0981
bullhead_3_barrier_leading_fixed_dqn_dr_noshield	SIM_TRAIN	255	272.6	23.5	-55.26	13.81	0.60	3985	0.4991	0.1935
bullhead_3_barrier_leading_fixed_dqn_dr_noshield	REAL_TEST	255	191.1	100.0	-73.48	18.61	0.60	4170	0.4824	0.1694
bullhead_3_barrier_leading_fixed_dqn_dr_noshield	SIM_TRAIN	256	163.0	20.6	-47.32	11.93	0.60	4273	0.4176	0.1380
bullhead_3_barrier_leading_fixed_dqn_dr_noshield	SIM_TRAIN	257	221.3	18.9	-45.74	11.31	0.58	4107	0.4426	0.1463
bullhead_3_barrier_leading_fixed_dqn_dr_noshield	SIM_TRAIN	258	156.8	18.9	-48.37	12.14	0.60	4275	0.4343	0.1398
bullhead_3_barrier_leading_fixed_dqn_dr_noshield	REAL_TEST	258	203.8	100.0	-82.76	21.49	0.60	4070	0.4407	0.1620
bullhead_3_barrier_leading_fixed_dqn_dr_noshield	SIM_TRAIN	259	166.0	18.2	-44.78	10.89	0.65	4235	0.4269	0.1370
bullhead_3_barrier_leading_fixed_dqn_dr_noshield	SIM_TRAIN	260	160.0	18.1	-45.46	11.71	0.61	4252	0.4639	0.1509
bullhead_3_barrier_leading_fixed_dqn_dr_noshield	SIM_TRAIN	261	179.2	17.8	-45.00	11.43	0.62	4211	0.4509	0.1509
bullhead_3_barrier_leading_fixed_dqn_dr_noshield	REAL_TEST	261	204.1	100.0	-79.08	20.98	0.59	4089	0.4444	0.1500
bullhead_3_barrier_leading_fixed_dqn_dr_noshield	SIM_TRAIN	262	178.1	17.3	-50.17	12.44	0.61	4211	0.4620	0.1648
bullhead_3_barrier_leading_fixed_dqn_dr_noshield	SIM_TRAIN	263	150.5	17.1	-37.49	9.21	0.60	4255	0.4074	0.1148
bullhead_3_barrier_leading_fixed_dqn_dr_noshield	SIM_TRAIN	264	162.9	17.5	-42.72	10.63	0.62	4226	0.4435	0.1111
bullhead_3_barrier_leading_fixed_dqn_dr_noshield	REAL_TEST	264	178.7	100.0	-50.99	13.60	0.58	4190	0.4065	0.1500
bullhead_3_barrier_leading_fixed_dqn_dr_noshield	SIM_TRAIN	265	187.9	16.2	-48.75	12.64	0.66	4178	0.4741	0.1472
bullhead_3_barrier_leading_fixed_dqn_dr_noshield	SIM_TRAIN	266	201.1	15.5	-65.10	16.70	0.70	4167	0.5009	0.1824
bullhead_3_barrier_leading_fixed_dqn_dr_noshield	SIM_TRAIN	267	180.8	14.9	-47.86	12.27	0.61	4210	0.4380	0.1370
bullhead_3_barrier_leading_fixed_dqn_dr_noshield	REAL_TEST	267	182.0	100.0	-58.95	15.36	0.59	4100	0.3870	0.1593
bullhead_3_barrier_leading_fixed_dqn_dr_noshield	SIM_TRAIN	268	156.5	14.5	-38.03	9.08	0.60	4265	0.3954	0.1000
bullhead_3_barrier_leading_fixed_dqn_dr_noshield	SIM_TRAIN	269	210.4	14.2	-47.71	11.95	0.61	4133	0.4778	0.1343
bullhead_3_barrier_leading_fixed_dqn_dr_noshield	SIM_TRAIN	270	164.4	13.8	-42.42	10.60	0.61	4210	0.4250	0.1222
bullhead_3_barrier_leading_fixed_dqn_dr_noshield	REAL_TEST	270	196.0	100.0	-69.59	18.50	0.59	4146	0.4037	0.1500
bullhead_3_barrier_leading_fixed_dqn_dr_noshield	SIM_TRAIN	271	152.2	13.7	-43.61	10.98	0.59	4284	0.4500	0.1370
bullhead_3_barrier_leading_fixed_dqn_dr_noshield	SIM_TRAIN	272	173.5	13.9	-44.38	11.14	0.62	4228	0.4500	0.1435
bullhead_3_barrier_leading_fixed_dqn_dr_noshield	SIM_TRAIN	273	196.0	13.5	-43.07	10.53	0.59	4141	0.4148	0.1241
bullhead_3_barrier_leading_fixed_dqn_dr_noshield	REAL_TEST	273	168.0	100.0	-39.64	10.70	0.56	4166	0.3787	0.1565
bullhead_3_barrier_leading_fixed_dqn_dr_noshield	SIM_TRAIN	274	199.7	13.8	-49.61	12.54	0.58	4162	0.4806	0.1667
bullhead_3_barrier_leading_fixed_dqn_dr_noshield	SIM_TRAIN	275	197.1	13.5	-46.29	11.47	0.62	4171	0.4324	0.1333
bullhead_3_barrier_leading_fixed_dqn_dr_noshield	SIM_TRAIN	276	203.4	13.5	-44.40	10.82	0.63	4146	0.4806	0.1306
bullhead_3_barrier_leading_fixed_dqn_dr_noshield	REAL_TEST	276	179.8	100.0	-57.73	14.94	0.58	4150	0.4083	0.1611
bullhead_3_barrier_leading_fixed_dqn_dr_noshield	SIM_TRAIN	277	181.8	13.6	-48.58	12.25	0.58	4201	0.4907	0.1676
bullhead_3_barrier_leading_fixed_dqn_dr_noshield	SIM_TRAIN	278	200.8	14.2	-41.71	10.36	0.58	4143	0.4185	0.1019
bullhead_3_barrier_leading_fixed_dqn_dr_noshield	SIM_TRAIN	279	159.9	14.1	-48.17	11.96	0.60	4280	0.4241	0.1546
bullhead_3_barrier_leading_fixed_dqn_dr_noshield	REAL_TEST	279	189.9	100.0	-63.61	16.86	0.59	4149	0.4583	0.1361
bullhead_3_barrier_leading_fixed_dqn_dr_noshield	SIM_TRAIN	280	185.7	13.8	-37.10	8.71	0.59	4203	0.4398	0.1019
bullhead_3_barrier_leading_fixed_dqn_dr_noshield	SIM_TRAIN	281	201.2	13.8	-44.89	10.82	0.57	4149	0.4398	0.1269
bullhead_3_barrier_leading_fixed_dqn_dr_noshield	SIM_TRAIN	282	145.9	13.6	-35.38	8.31	0.59	4287	0.3963	0.1083
bullhead_3_barrier_leading_fixed_dqn_dr_noshield	REAL_TEST	282	161.8	100.0	-35.69	9.37	0.54	4165	0.4074	0.1435
bullhead_3_barrier_leading_fixed_dqn_dr_noshield	SIM_TRAIN	283	195.7	13.4	-50.12	12.86	0.62	4197	0.4750	0.1417
bullhead_3_barrier_leading_fixed_dqn_dr_noshield	SIM_TRAIN	284	162.0	13.4	-45.38	11.50	0.59	4239	0.4407	0.1611
bullhead_3_barrier_leading_fixed_dqn_dr_noshield	SIM_TRAIN	285	171.4	13.5	-49.14	12.37	0.62	4225	0.4500	0.1398
bullhead_3_barrier_leading_fixed_dqn_dr_noshield	REAL_TEST	285	165.3	100.0	-40.65	10.64	0.56	4160	0.4398	0.1500
bullhead_3_barrier_leading_fixed_dqn_dr_noshield	SIM_TRAIN	286	222.9	13.6	-49.32	12.51	0.62	4055	0.4722	0.1426
bullhead_3_barrier_leading_fixed_dqn_dr_noshield	SIM_TRAIN	287	173.7	13.8	-55.65	14.80	0.67	4217	0.4926	0.1722
bullhead_3_barrier_leading_fixed_dqn_dr_noshield	SIM_TRAIN	288	177.8	14.3	-40.34	9.84	0.60	4181	0.4185	0.1241
bullhead_3_barrier_leading_fixed_dqn_dr_noshield	REAL_TEST	288	163.2	100.0	-36.94	9.73	0.55	4148	0.4250	0.1556
bullhead_3_barrier_leading_fixed_dqn_dr_noshield	SIM_TRAIN	289	192.8	13.9	-47.02	12.01	0.62	4168	0.4639	0.1546
bullhead_3_barrier_leading_fixed_dqn_dr_noshield	SIM_TRAIN	290	238.8	14.4	-76.55	20.52	0.68	4040	0.5111	0.1778
bullhead_3_barrier_leading_fixed_dqn_dr_noshield	SIM_TRAIN	291	181.5	14.4	-38.05	9.14	0.60	4188	0.3954	0.1185
bullhead_3_barrier_leading_fixed_dqn_dr_noshield	REAL_TEST	291	168.1	100.0	-41.12	10.93	0.56	4169	0.4676	0.1343
bullhead_3_barrier_leading_fixed_dqn_dr_noshield	SIM_TRAIN	292	241.1	13.7	-49.14	12.24	0.60	3997	0.4954	0.1685
bullhead_3_barrier_leading_fixed_dqn_dr_noshield	SIM_TRAIN	293	215.4	13.9	-45.45	11.14	0.57	4107	0.4667	0.1583
bullhead_3_barrier_leading_fixed_dqn_dr_noshield	SIM_TRAIN	294	186.8	13.6	-46.76	12.07	0.58	4196	0.4565	0.1574
bullhead_3_barrier_leading_fixed_dqn_dr_noshield	REAL_TEST	294	170.5	100.0	-45.04	11.78	0.55	4183	0.4769	0.1380
bullhead_3_barrier_leading_fixed_dqn_dr_noshield	SIM_TRAIN	295	269.4	14.2	-53.53	13.72	0.63	3951	0.5583	0.1694
bullhead_3_barrier_leading_fixed_dqn_dr_noshield	SIM_TRAIN	296	215.6	13.6	-41.67	10.07	0.60	4095	0.4454	0.1454
bullhead_3_barrier_leading_fixed_dqn_dr_noshield	SIM_TRAIN	297	183.4	13.8	-42.08	10.51	0.58	4203	0.4500	0.1389
bullhead_3_barrier_leading_fixed_dqn_dr_noshield	REAL_TEST	297	168.7	100.0	-36.92	10.25	0.55	4185	0.4657	0.1407
bullhead_3_barrier_leading_fixed_dqn_dr_noshield	SIM_TRAIN	298	276.5	13.2	-46.77	11.28	0.58	3943	0.4833	0.1296
bullhead_3_barrier_leading_fixed_dqn_dr_noshield	SIM_TRAIN	299	172.7	12.8	-51.19	13.18	0.65	4247	0.5056	0.1963
