hz4x4_setting1_presslight_domain_randomization	SIM_TRAIN	0	732.0	0.0	-222.49	15.80	0.13	2392
hz4x4_setting1_presslight_domain_randomization	SIM_TRAIN	1	823.2	0.0	-254.78	19.07	0.14	2289
hz4x4_setting1_presslight_domain_randomization	SIM_TRAIN	2	797.0	87.0	-235.08	17.07	0.14	2618
hz4x4_setting1_presslight_domain_randomization	SIM_TRAIN	3	449.4	43.7	-79.41	7.56	0.14	2901
hz4x4_setting1_presslight_domain_randomization	REAL_TEST	3	642.4	100.0	-138.97	19.86	0.25	2216
hz4x4_setting1_presslight_domain_randomization	SIM_TRAIN	4	382.1	43.2	-36.36	4.40	0.14	2915
hz4x4_setting1_presslight_domain_randomization	SIM_TRAIN	5	372.5	40.0	-31.73	3.72	0.13	2918
hz4x4_setting1_presslight_domain_randomization	SIM_TRAIN	6	376.7	36.2	-38.30	4.16	0.13	2916
hz4x4_setting1_presslight_domain_randomization	REAL_TEST	6	493.6	100.0	-111.13	11.62	0.22	2496
hz4x4_setting1_presslight_domain_randomization	SIM_TRAIN	7	361.0	34.3	-28.33	3.15	0.12	2917
hz4x4_setting1_presslight_domain_randomization	SIM_TRAIN	8	355.1	32.0	-23.34	2.95	0.12	2927
hz4x4_setting1_presslight_domain_randomization	SIM_TRAIN	9	363.5	29.4	-25.13	3.49	0.12	2926
hz4x4_setting1_presslight_domain_randomization	REAL_TEST	9	489.9	100.0	-105.27	11.28	0.22	2483
hz4x4_setting1_presslight_domain_randomization	SIM_TRAIN	10	347.7	28.1	-21.52	2.50	0.11	2931
hz4x4_setting1_presslight_domain_randomization	SIM_TRAIN	11	352.0	26.9	-23.77	2.49	0.12	2928
hz4x4_setting1_presslight_domain_randomization	SIM_TRAIN	12	347.3	26.0	-21.95	2.42	0.11	2927
hz4x4_setting1_presslight_domain_randomization	REAL_TEST	12	403.3	100.0	-83.12	6.35	0.18	2657
hz4x4_setting1_presslight_domain_randomization	SIM_TRAIN	13	342.7	25.0	-21.26	2.26	0.11	2931
hz4x4_setting1_presslight_domain_randomization	SIM_TRAIN	14	343.8	23.9	-22.20	2.22	0.10	2926
hz4x4_setting1_presslight_domain_randomization	SIM_TRAIN	15	340.6	22.5	-20.97	2.15	0.11	2931
hz4x4_setting1_presslight_domain_randomization	REAL_TEST	15	413.7	100.0	-84.47	6.82	0.20	2666
hz4x4_setting1_presslight_domain_randomization	SIM_TRAIN	16	341.4	20.6	-21.99	2.08	0.11	2930
hz4x4_setting1_presslight_domain_randomization	SIM_TRAIN	17	349.3	18.5	-26.99	2.28	0.11	2927
hz4x4_setting1_presslight_domain_randomization	SIM_TRAIN	18	338.2	17.7	-20.87	2.02	0.10	2929
hz4x4_setting1_presslight_domain_randomization	REAL_TEST	18	406.3	100.0	-91.57	6.49	0.18	2671
hz4x4_setting1_presslight_domain_randomization	SIM_TRAIN	19	343.0	16.7	-24.60	1.84	0.11	2931
hz4x4_setting1_presslight_domain_randomization	SIM_TRAIN	20	337.9	16.0	-21.51	1.86	0.10	2928
hz4x4_setting1_presslight_domain_randomization	SIM_TRAIN	21	342.3	15.7	-22.94	1.87	0.11	2926
hz4x4_setting1_presslight_domain_randomization	REAL_TEST	21	412.7	100.0	-92.88	6.85	0.18	2665
hz4x4_setting1_presslight_domain_randomization	SIM_TRAIN	22	334.5	15.3	-19.90	1.87	0.10	2932
hz4x4_setting1_presslight_domain_randomization	SIM_TRAIN	23	336.3	15.0	-20.00	2.00	0.10	2931
hz4x4_setting1_presslight_domain_randomization	SIM_TRAIN	24	345.9	14.6	-24.51	2.04	0.11	2925
hz4x4_setting1_presslight_domain_randomization	REAL_TEST	24	397.8	100.0	-84.26	6.16	0.17	2668
hz4x4_setting1_presslight_domain_randomization	SIM_TRAIN	25	339.2	14.3	-20.43	2.03	0.10	2928
hz4x4_setting1_presslight_domain_randomization	SIM_TRAIN	26	333.7	14.2	-19.50	1.85	0.09	2928
hz4x4_setting1_presslight_domain_randomization	SIM_TRAIN	27	350.4	14.1	-27.83	1.84	0.11	2929
hz4x4_setting1_presslight_domain_randomization	REAL_TEST	27	406.4	100.0	-86.68	6.58	0.17	2674
hz4x4_setting1_presslight_domain_randomization	SIM_TRAIN	28	334.7	14.2	-20.09	1.83	0.10	2930
hz4x4_setting1_presslight_domain_randomization	SIM_TRAIN	29	334.1	13.6	-19.76	1.79	0.09	2931
hz4x4_setting1_presslight_domain_randomization	SIM_TRAIN	30	335.0	13.5	-20.16	1.88	0.09	2931
hz4x4_setting1_presslight_domain_randomization	REAL_TEST	30	405.9	100.0	-85.13	6.62	0.18	2672
hz4x4_setting1_presslight_domain_randomization	SIM_TRAIN	31	335.2	13.4	-19.32	1.77	0.10	2929
hz4x4_setting1_presslight_domain_randomization	SIM_TRAIN	32	334.1	13.3	-20.12	1.75	0.09	2932
hz4x4_setting1_presslight_domain_randomization	SIM_TRAIN	33	328.4	13.2	-19.85	1.62	0.08	2932
hz4x4_setting1_presslight_domain_randomization	REAL_TEST	33	401.0	100.0	-84.77	6.17	0.18	2674
hz4x4_setting1_presslight_domain_randomization	SIM_TRAIN	34	339.1	12.8	-23.11	1.80	0.10	2931
hz4x4_setting1_presslight_domain_randomization	SIM_TRAIN	35	343.1	13.0	-23.47	1.91	0.11	2927
hz4x4_setting1_presslight_domain_randomization	SIM_TRAIN	36	337.0	13.2	-20.42	1.93	0.10	2928
hz4x4_setting1_presslight_domain_randomization	REAL_TEST	36	471.1	100.0	-86.93	10.26	0.20	2512
hz4x4_setting1_presslight_domain_randomization	SIM_TRAIN	37	337.4	13.1	-21.07	1.88	0.10	2927
hz4x4_setting1_presslight_domain_randomization	SIM_TRAIN	38	336.5	13.0	-20.36	1.90	0.10	2928
hz4x4_setting1_presslight_domain_randomization	SIM_TRAIN	39	353.6	12.9	-26.91	2.04	0.11	2929
hz4x4_setting1_presslight_domain_randomization	REAL_TEST	39	401.8	100.0	-84.80	6.21	0.18	2675
hz4x4_setting1_presslight_domain_randomization	SIM_TRAIN	40	332.5	12.8	-20.00	1.78	0.09	2932
hz4x4_setting1_presslight_domain_randomization	SIM_TRAIN	41	332.2	13.0	-19.48	1.74	0.09	2931
hz4x4_setting1_presslight_domain_randomization	SIM_TRAIN	42	332.8	12.7	-19.75	1.79	0.09	2926
hz4x4_setting1_presslight_domain_randomization	REAL_TEST	42	407.9	100.0	-86.92	6.57	0.18	2673
hz4x4_setting1_presslight_domain_randomization	SIM_TRAIN	43	336.6	12.6	-20.51	1.84	0.10	2932
hz4x4_setting1_presslight_domain_randomization	SIM_TRAIN	44	334.6	12.8	-20.22	1.90	0.09	2930
hz4x4_setting1_presslight_domain_randomization	SIM_TRAIN	45	343.8	12.6	-23.94	1.85	0.11	2927
hz4x4_setting1_presslight_domain_randomization	REAL_TEST	45	401.5	100.0	-85.96	6.33	0.18	2681
hz4x4_setting1_presslight_domain_randomization	SIM_TRAIN	46	337.6	12.5	-21.01	2.05	0.10	2927
hz4x4_setting1_presslight_domain_randomization	SIM_TRAIN	47	336.4	12.6	-20.16	1.68	0.10	2930
hz4x4_setting1_presslight_domain_randomization	SIM_TRAIN	48	348.8	12.7	-25.20	2.09	0.12	2933
hz4x4_setting1_presslight_domain_randomization	REAL_TEST	48	398.3	100.0	-83.04	6.09	0.18	2676
hz4x4_setting1_presslight_domain_randomization	SIM_TRAIN	49	338.7	12.5	-22.09	1.92	0.10	2925
hz4x4_setting1_presslight_domain_randomization	SIM_TRAIN	50	339.0	12.4	-21.40	1.93	0.11	2927
hz4x4_setting1_presslight_domain_randomization	SIM_TRAIN	51	337.8	12.5	-21.46	1.78	0.10	2930
hz4x4_setting1_presslight_domain_randomization	REAL_TEST	51	404.0	100.0	-87.17	6.50	0.18	2677
hz4x4_setting1_presslight_domain_randomization	SIM_TRAIN	52	332.7	12.6	-19.29	1.77	0.10	2930
hz4x4_setting1_presslight_domain_randomization	SIM_TRAIN	53	341.1	12.4	-22.62	1.86	0.10	2925
hz4x4_setting1_presslight_domain_randomization	SIM_TRAIN	54	348.4	12.2	-26.05	1.84	0.11	2928
hz4x4_setting1_presslight_domain_randomization	REAL_TEST	54	407.3	100.0	-84.82	6.64	0.18	2679
hz4x4_setting1_presslight_domain_randomization	SIM_TRAIN	55	333.5	12.3	-19.12	1.68	0.09	2930
hz4x4_setting1_presslight_domain_randomization	SIM_TRAIN	56	333.3	12.3	-20.02	1.72	0.09	2928
hz4x4_setting1_presslight_domain_randomization	SIM_TRAIN	57	332.7	12.3	-19.75	1.71	0.09	2929
hz4x4_setting1_presslight_domain_randomization	REAL_TEST	57	405.5	100.0	-85.64	6.45	0.18	2679
hz4x4_setting1_presslight_domain_randomization	SIM_TRAIN	58	333.4	12.3	-20.33	1.83	0.09	2928
hz4x4_setting1_presslight_domain_randomization	SIM_TRAIN	59	338.2	12.4	-21.96	1.79	0.10	2930
hz4x4_setting1_presslight_domain_randomization	SIM_TRAIN	60	348.9	12.3	-26.75	1.86	0.11	2927
hz4x4_setting1_presslight_domain_randomization	REAL_TEST	60	400.3	100.0	-85.88	6.13	0.18	2672
hz4x4_setting1_presslight_domain_randomization	SIM_TRAIN	61	332.2	12.2	-19.17	1.76	0.09	2925
hz4x4_setting1_presslight_domain_randomization	SIM_TRAIN	62	335.2	12.1	-20.63	1.75	0.10	2930
hz4x4_setting1_presslight_domain_randomization	SIM_TRAIN	63	334.8	12.2	-19.71	1.78	0.09	2928
hz4x4_setting1_presslight_domain_randomization	REAL_TEST	63	397.9	100.0	-83.95	6.05	0.17	2680
hz4x4_setting1_presslight_domain_randomization	SIM_TRAIN	64	332.7	12.0	-18.83	1.74	0.09	2930
hz4x4_setting1_presslight_domain_randomization	SIM_TRAIN	65	331.6	11.9	-18.77	1.70	0.09	2929
hz4x4_setting1_presslight_domain_randomization	SIM_TRAIN	66	336.5	12.1	-20.48	1.86	0.10	2929
hz4x4_setting1_presslight_domain_randomization	REAL_TEST	66	399.9	100.0	-86.17	6.14	0.17	2677
hz4x4_setting1_presslight_domain_randomization	SIM_TRAIN	67	331.2	12.1	-19.09	1.76	0.09	2932
hz4x4_setting1_presslight_domain_randomization	SIM_TRAIN	68	335.8	11.9	-21.19	1.89	0.10	2928
hz4x4_setting1_presslight_domain_randomization	SIM_TRAIN	69	332.0	11.8	-19.56	1.79	0.09	2929
hz4x4_setting1_presslight_domain_randomization	REAL_TEST	69	399.8	100.0	-87.00	6.15	0.18	2678
hz4x4_setting1_presslight_domain_randomization	SIM_TRAIN	70	331.3	12.0	-18.93	1.65	0.09	2932
hz4x4_setting1_presslight_domain_randomization	SIM_TRAIN	71	332.1	11.8	-19.64	1.76	0.09	2930
hz4x4_setting1_presslight_domain_randomization	SIM_TRAIN	72	333.7	11.6	-20.28	1.77	0.09	2929
hz4x4_setting1_presslight_domain_randomization	REAL_TEST	72	402.4	100.0	-85.03	6.20	0.17	2675
hz4x4_setting1_presslight_domain_randomization	SIM_TRAIN	73	330.6	11.6	-18.83	1.63	0.09	2928
hz4x4_setting1_presslight_domain_randomization	SIM_TRAIN	74	331.4	11.5	-19.54	1.68	0.09	2929
hz4x4_setting1_presslight_domain_randomization	SIM_TRAIN	75	336.2	11.4	-22.05	1.93	0.09	2929
hz4x4_setting1_presslight_domain_randomization	REAL_TEST	75	402.7	100.0	-85.01	6.27	0.17	2682
hz4x4_setting1_presslight_domain_randomization	SIM_TRAIN	76	330.2	11.3	-19.06	1.68	0.09	2931
hz4x4_setting1_presslight_domain_randomization	SIM_TRAIN	77	331.9	11.2	-19.69	1.68	0.09	2925
hz4x4_setting1_presslight_domain_randomization	SIM_TRAIN	78	335.1	11.3	-20.42	1.72	0.10	2928
hz4x4_setting1_presslight_domain_randomization	REAL_TEST	78	400.0	100.0	-84.15	6.05	0.18	2684
hz4x4_setting1_presslight_domain_randomization	SIM_TRAIN	79	330.3	11.2	-18.58	1.68	0.09	2929
hz4x4_setting1_presslight_domain_randomization	SIM_TRAIN	80	321.0	11.2	-18.59	1.34	0.06	2932
hz4x4_setting1_presslight_domain_randomization	SIM_TRAIN	81	342.0	11.1	-23.39	1.91	0.10	2931
hz4x4_setting1_presslight_domain_randomization	REAL_TEST	81	400.9	100.0	-85.87	6.15	0.18	2664
hz4x4_setting1_presslight_domain_randomization	SIM_TRAIN	82	339.7	10.9	-21.83	1.77	0.10	2930
hz4x4_setting1_presslight_domain_randomization	SIM_TRAIN	83	332.6	10.8	-19.19	1.78	0.09	2930
hz4x4_setting1_presslight_domain_randomization	SIM_TRAIN	84	336.7	10.8	-19.88	1.91	0.10	2932
hz4x4_setting1_presslight_domain_randomization	REAL_TEST	84	400.4	100.0	-85.16	6.18	0.18	2673
hz4x4_setting1_presslight_domain_randomization	SIM_TRAIN	85	333.3	10.9	-19.25	1.85	0.09	2928
hz4x4_setting1_presslight_domain_randomization	SIM_TRAIN	86	353.3	11.0	-27.44	2.13	0.12	2929
hz4x4_setting1_presslight_domain_randomization	SIM_TRAIN	87	342.4	11.3	-23.60	1.91	0.10	2932
hz4x4_setting1_presslight_domain_randomization	REAL_TEST	87	414.4	100.0	-89.18	6.89	0.20	2666
hz4x4_setting1_presslight_domain_randomization	SIM_TRAIN	88	334.2	11.4	-20.78	1.76	0.09	2925
hz4x4_setting1_presslight_domain_randomization	SIM_TRAIN	89	340.8	11.5	-23.72	1.82	0.10	2929
hz4x4_setting1_presslight_domain_randomization	SIM_TRAIN	90	336.7	11.4	-21.45	1.86	0.10	2925
hz4x4_setting1_presslight_domain_randomization	REAL_TEST	90	408.6	100.0	-90.44	6.55	0.18	2666
hz4x4_setting1_presslight_domain_randomization	SIM_TRAIN	91	334.6	11.4	-20.75	1.80	0.09	2932
hz4x4_setting1_presslight_domain_randomization	SIM_TRAIN	92	330.8	11.5	-19.75	1.74	0.09	2928
hz4x4_setting1_presslight_domain_randomization	SIM_TRAIN	93	331.1	11.5	-19.55	1.61	0.09	2926
hz4x4_setting1_presslight_domain_randomization	REAL_TEST	93	397.0	100.0	-84.96	5.97	0.17	2685
hz4x4_setting1_presslight_domain_randomization	SIM_TRAIN	94	328.8	11.3	-19.50	1.62	0.08	2928
hz4x4_setting1_presslight_domain_randomization	SIM_TRAIN	95	349.8	11.3	-27.82	1.78	0.11	2927
hz4x4_setting1_presslight_domain_randomization	SIM_TRAIN	96	331.4	11.4	-19.94	1.63	0.09	2931
hz4x4_setting1_presslight_domain_randomization	REAL_TEST	96	398.5	100.0	-85.96	6.04	0.17	2683
hz4x4_setting1_presslight_domain_randomization	SIM_TRAIN	97	329.1	11.4	-18.78	1.63	0.08	2930
hz4x4_setting1_presslight_domain_randomization	SIM_TRAIN	98	329.8	11.3	-19.16	1.59	0.09	2929
hz4x4_setting1_presslight_domain_randomization	SIM_TRAIN	99	335.1	11.3	-20.39	1.70	0.10	2931
hz4x4_setting1_presslight_domain_randomization	REAL_TEST	99	400.3	100.0	-83.73	6.04	0.18	2678
hz4x4_setting1_presslight_domain_randomization	SIM_TRAIN	100	347.8	11.1	-24.64	1.97	0.11	2927
hz4x4_setting1_presslight_domain_randomization	SIM_TRAIN	101	332.1	11.3	-19.52	1.70	0.09	2929
hz4x4_setting1_presslight_domain_randomization	SIM_TRAIN	102	330.2	11.1	-18.91	1.63	0.09	2931
hz4x4_setting1_presslight_domain_randomization	REAL_TEST	102	394.1	100.0	-82.74	5.77	0.17	2685
hz4x4_setting1_presslight_domain_randomization	SIM_TRAIN	103	340.3	11.1	-22.22	1.80	0.10	2927
hz4x4_setting1_presslight_domain_randomization	SIM_TRAIN	104	331.3	11.1	-19.17	1.65	0.09	2928
hz4x4_setting1_presslight_domain_randomization	SIM_TRAIN	105	331.4	11.0	-18.45	1.71	0.09	2928
hz4x4_setting1_presslight_domain_randomization	REAL_TEST	105	393.1	100.0	-83.36	5.83	0.17	2692
hz4x4_setting1_presslight_domain_randomization	SIM_TRAIN	106	331.0	10.8	-19.56	1.67	0.09	2929
hz4x4_setting1_presslight_domain_randomization	SIM_TRAIN	107	334.4	10.9	-20.27	1.71	0.09	2930
hz4x4_setting1_presslight_domain_randomization	SIM_TRAIN	108	335.2	11.0	-20.33	1.87	0.09	2928
hz4x4_setting1_presslight_domain_randomization	REAL_TEST	108	398.9	100.0	-85.22	6.08	0.17	2676
hz4x4_setting1_presslight_domain_randomization	SIM_TRAIN	109	331.0	10.9	-19.46	1.75	0.09	2933
hz4x4_setting1_presslight_domain_randomization	SIM_TRAIN	110	333.8	10.7	-20.33	1.70	0.09	2929
hz4x4_setting1_presslight_domain_randomization	SIM_TRAIN	111	332.7	11.1	-22.54	1.67	0.09	2928
hz4x4_setting1_presslight_domain_randomization	REAL_TEST	111	411.2	100.0	-83.51	6.62	0.18	2669
hz4x4_setting1_presslight_domain_randomization	SIM_TRAIN	112	331.4	11.0	-19.22	1.76	0.09	2929
hz4x4_setting1_presslight_domain_randomization	SIM_TRAIN	113	330.5	11.0	-19.61	1.64	0.09	2931
hz4x4_setting1_presslight_domain_randomization	SIM_TRAIN	114	339.7	10.8	-21.87	1.82	0.10	2930
hz4x4_setting1_presslight_domain_randomization	REAL_TEST	114	404.8	100.0	-85.65	6.41	0.18	2660
hz4x4_setting1_presslight_domain_randomization	SIM_TRAIN	115	339.3	10.6	-23.22	1.76	0.10	2927
hz4x4_setting1_presslight_domain_randomization	SIM_TRAIN	116	340.8	10.7	-24.24	1.77	0.10	2927
hz4x4_setting1_presslight_domain_randomization	SIM_TRAIN	117	335.8	10.8	-20.39	1.81	0.10	2929
hz4x4_setting1_presslight_domain_randomization	REAL_TEST	117	454.1	100.0	-86.82	8.91	0.19	2627
hz4x4_setting1_presslight_domain_randomization	SIM_TRAIN	118	334.6	10.8	-20.41	1.74	0.09	2930
hz4x4_setting1_presslight_domain_randomization	SIM_TRAIN	119	333.7	11.0	-19.85	1.64	0.09	2929
hz4x4_setting1_presslight_domain_randomization	SIM_TRAIN	120	331.7	10.9	-19.20	1.82	0.09	2929
hz4x4_setting1_presslight_domain_randomization	REAL_TEST	120	406.0	100.0	-82.38	6.41	0.18	2679
hz4x4_setting1_presslight_domain_randomization	SIM_TRAIN	121	340.3	11.0	-23.01	1.80	0.10	2930
hz4x4_setting1_presslight_domain_randomization	SIM_TRAIN	122	332.2	11.0	-19.43	1.67	0.09	2931
hz4x4_setting1_presslight_domain_randomization	SIM_TRAIN	123	330.5	10.9	-18.95	1.69	0.09	2928
hz4x4_setting1_presslight_domain_randomization	REAL_TEST	123	404.0	100.0	-83.44	6.26	0.17	2676
hz4x4_setting1_presslight_domain_randomization	SIM_TRAIN	124	352.0	11.1	-27.49	2.02	0.11	2928
hz4x4_setting1_presslight_domain_randomization	SIM_TRAIN	125	337.3	11.2	-21.20	1.88	0.10	2928
hz4x4_setting1_presslight_domain_randomization	SIM_TRAIN	126	336.9	11.2	-20.78	1.97	0.10	2929
hz4x4_setting1_presslight_domain_randomization	REAL_TEST	126	424.8	100.0	-85.82	7.58	0.20	2602
hz4x4_setting1_presslight_domain_randomization	SIM_TRAIN	127	335.7	11.3	-21.15	1.78	0.09	2926
hz4x4_setting1_presslight_domain_randomization	SIM_TRAIN	128	332.2	11.5	-19.33	1.73	0.09	2931
hz4x4_setting1_presslight_domain_randomization	SIM_TRAIN	129	332.3	11.7	-19.91	1.77	0.09	2931
hz4x4_setting1_presslight_domain_randomization	REAL_TEST	129	400.1	100.0	-83.48	6.02	0.18	2672
hz4x4_setting1_presslight_domain_randomization	SIM_TRAIN	130	342.9	11.9	-20.34	2.26	0.10	2927
hz4x4_setting1_presslight_domain_randomization	SIM_TRAIN	131	332.6	12.0	-19.41	1.73	0.09	2930
hz4x4_setting1_presslight_domain_randomization	SIM_TRAIN	132	341.8	12.0	-22.30	1.92	0.11	2929
hz4x4_setting1_presslight_domain_randomization	REAL_TEST	132	416.0	100.0	-86.59	6.93	0.19	2649
hz4x4_setting1_presslight_domain_randomization	SIM_TRAIN	133	344.5	12.1	-23.94	1.92	0.11	2929
hz4x4_setting1_presslight_domain_randomization	SIM_TRAIN	134	337.4	12.2	-20.31	1.86	0.10	2928
hz4x4_setting1_presslight_domain_randomization	SIM_TRAIN	135	343.5	12.2	-25.04	1.81	0.10	2931
hz4x4_setting1_presslight_domain_randomization	REAL_TEST	135	401.8	100.0	-86.33	6.04	0.17	2679
hz4x4_setting1_presslight_domain_randomization	SIM_TRAIN	136	336.0	12.4	-20.14	1.91	0.10	2930
hz4x4_setting1_presslight_domain_randomization	SIM_TRAIN	137	330.5	12.4	-19.37	1.71	0.09	2932
hz4x4_setting1_presslight_domain_randomization	SIM_TRAIN	138	327.7	12.1	-18.86	1.62	0.08	2928
hz4x4_setting1_presslight_domain_randomization	REAL_TEST	138	409.5	100.0	-85.35	6.50	0.18	2686
hz4x4_setting1_presslight_domain_randomization	SIM_TRAIN	139	334.2	11.9	-20.25	1.79	0.09	2927
hz4x4_setting1_presslight_domain_randomization	SIM_TRAIN	140	350.4	12.0	-28.84	1.92	0.11	2926
hz4x4_setting1_presslight_domain_randomization	SIM_TRAIN	141	331.3	12.1	-19.59	1.64	0.09	2929
hz4x4_setting1_presslight_domain_randomization	REAL_TEST	141	398.7	100.0	-86.53	5.91	0.17	2678
hz4x4_setting1_presslight_domain_randomization	SIM_TRAIN	142	336.6	11.9	-20.72	1.83	0.10	2929
hz4x4_setting1_presslight_domain_randomization	SIM_TRAIN	143	331.9	11.9	-18.90	1.75	0.09	2932
hz4x4_setting1_presslight_domain_randomization	SIM_TRAIN	144	332.8	11.5	-19.75	1.70	0.09	2930
hz4x4_setting1_presslight_domain_randomization	REAL_TEST	144	398.7	100.0	-83.36	5.98	0.17	2677
hz4x4_setting1_presslight_domain_randomization	SIM_TRAIN	145	332.3	11.4	-19.89	1.80	0.09	2932
hz4x4_setting1_presslight_domain_randomization	SIM_TRAIN	146	332.6	11.4	-19.23	1.74	0.09	2932
hz4x4_setting1_presslight_domain_randomization	SIM_TRAIN	147	334.7	11.4	-19.54	1.76	0.09	2931
hz4x4_setting1_presslight_domain_randomization	REAL_TEST	147	398.5	100.0	-84.10	5.90	0.17	2674
hz4x4_setting1_presslight_domain_randomization	SIM_TRAIN	148	340.4	11.3	-21.88	1.80	0.10	2929
hz4x4_setting1_presslight_domain_randomization	SIM_TRAIN	149	354.8	11.6	-34.83	2.91	0.09	2930
hz4x4_setting1_presslight_domain_randomization	SIM_TRAIN	150	344.8	11.5	-25.03	1.91	0.11	2928
hz4x4_setting1_presslight_domain_randomization	REAL_TEST	150	401.3	100.0	-86.07	6.20	0.17	2681
hz4x4_setting1_presslight_domain_randomization	SIM_TRAIN	151	346.2	11.6	-25.54	1.94	0.10	2930
hz4x4_setting1_presslight_domain_randomization	SIM_TRAIN	152	330.7	11.6	-18.81	1.66	0.09	2929
hz4x4_setting1_presslight_domain_randomization	SIM_TRAIN	153	332.6	11.8	-19.13	1.73	0.09	2931
hz4x4_setting1_presslight_domain_randomization	REAL_TEST	153	405.6	100.0	-88.83	6.39	0.18	2673
hz4x4_setting1_presslight_domain_randomization	SIM_TRAIN	154	334.3	11.7	-22.77	1.63	0.09	2927
hz4x4_setting1_presslight_domain_randomization	SIM_TRAIN	155	336.8	11.6	-21.36	1.87	0.10	2930
hz4x4_setting1_presslight_domain_randomization	SIM_TRAIN	156	323.1	11.4	-12.99	1.36	0.07	2935
hz4x4_setting1_presslight_domain_randomization	REAL_TEST	156	403.4	100.0	-85.96	6.27	0.18	2664
hz4x4_setting1_presslight_domain_randomization	SIM_TRAIN	157	331.7	11.4	-19.11	1.68	0.09	2930
hz4x4_setting1_presslight_domain_randomization	SIM_TRAIN	158	332.8	11.4	-20.11	1.70	0.09	2929
hz4x4_setting1_presslight_domain_randomization	SIM_TRAIN	159	332.3	11.3	-19.67	1.67	0.09	2931
hz4x4_setting1_presslight_domain_randomization	REAL_TEST	159	406.0	100.0	-88.44	6.45	0.19	2655
hz4x4_setting1_presslight_domain_randomization	SIM_TRAIN	160	332.3	11.4	-19.32	1.79	0.09	2933
hz4x4_setting1_presslight_domain_randomization	SIM_TRAIN	161	330.9	11.3	-19.24	1.64	0.09	2931
hz4x4_setting1_presslight_domain_randomization	SIM_TRAIN	162	340.9	11.3	-22.53	1.93	0.10	2931
hz4x4_setting1_presslight_domain_randomization	REAL_TEST	162	398.0	100.0	-86.48	6.05	0.17	2682
hz4x4_setting1_presslight_domain_randomization	SIM_TRAIN	163	330.7	11.3	-18.73	1.75	0.09	2932
hz4x4_setting1_presslight_domain_randomization	SIM_TRAIN	164	338.2	11.3	-21.90	1.68	0.09	2930
hz4x4_setting1_presslight_domain_randomization	SIM_TRAIN	165	329.4	11.0	-18.88	1.61	0.08	2931
hz4x4_setting1_presslight_domain_randomization	REAL_TEST	165	402.8	100.0	-84.50	6.26	0.18	2681
hz4x4_setting1_presslight_domain_randomization	SIM_TRAIN	166	329.9	10.8	-19.26	1.63	0.09	2932
hz4x4_setting1_presslight_domain_randomization	SIM_TRAIN	167	331.8	10.8	-19.79	1.58	0.09	2926
hz4x4_setting1_presslight_domain_randomization	SIM_TRAIN	168	329.1	10.7	-19.06	1.59	0.09	2928
hz4x4_setting1_presslight_domain_randomization	REAL_TEST	168	403.3	100.0	-88.51	6.31	0.18	2672
hz4x4_setting1_presslight_domain_randomization	SIM_TRAIN	169	332.9	10.6	-20.78	1.69	0.09	2929
hz4x4_setting1_presslight_domain_randomization	SIM_TRAIN	170	340.0	10.7	-23.07	1.82	0.10	2927
hz4x4_setting1_presslight_domain_randomization	SIM_TRAIN	171	331.4	10.7	-19.72	1.64	0.09	2929
hz4x4_setting1_presslight_domain_randomization	REAL_TEST	171	407.6	100.0	-89.62	6.52	0.18	2679
hz4x4_setting1_presslight_domain_randomization	SIM_TRAIN	172	330.9	10.8	-19.54	1.69	0.09	2930
hz4x4_setting1_presslight_domain_randomization	SIM_TRAIN	173	334.7	10.8	-20.39	1.81	0.10	2927
hz4x4_setting1_presslight_domain_randomization	SIM_TRAIN	174	336.5	10.6	-21.21	1.73	0.10	2929
hz4x4_setting1_presslight_domain_randomization	REAL_TEST	174	401.4	100.0	-89.04	6.18	0.18	2672
hz4x4_setting1_presslight_domain_randomization	SIM_TRAIN	175	330.2	10.7	-19.28	1.70	0.09	2926
hz4x4_setting1_presslight_domain_randomization	SIM_TRAIN	176	329.4	10.6	-19.62	1.61	0.08	2932
hz4x4_setting1_presslight_domain_randomization	SIM_TRAIN	177	329.6	10.2	-20.03	1.61	0.09	2933
hz4x4_setting1_presslight_domain_randomization	REAL_TEST	177	400.5	100.0	-88.04	6.14	0.18	2670
hz4x4_setting1_presslight_domain_randomization	SIM_TRAIN	178	330.5	10.3	-19.66	1.64	0.09	2931
hz4x4_setting1_presslight_domain_randomization	SIM_TRAIN	179	328.0	10.1	-19.26	1.59	0.08	2931
hz4x4_setting1_presslight_domain_randomization	SIM_TRAIN	180	337.3	9.9	-20.93	1.66	0.10	2928
hz4x4_setting1_presslight_domain_randomization	REAL_TEST	180	404.3	100.0	-87.13	6.36	0.18	2677
hz4x4_setting1_presslight_domain_randomization	SIM_TRAIN	181	332.7	10.0	-19.39	1.75	0.09	2926
hz4x4_setting1_presslight_domain_randomization	SIM_TRAIN	182	333.9	10.1	-19.83	1.76	0.09	2931
hz4x4_setting1_presslight_domain_randomization	SIM_TRAIN	183	333.6	10.0	-20.45	1.75	0.10	2928
hz4x4_setting1_presslight_domain_randomization	REAL_TEST	183	395.5	100.0	-85.27	5.88	0.17	2683
hz4x4_setting1_presslight_domain_randomization	SIM_TRAIN	184	329.9	10.0	-19.25	1.67	0.09	2931
hz4x4_setting1_presslight_domain_randomization	SIM_TRAIN	185	334.0	9.9	-19.80	1.73	0.09	2929
hz4x4_setting1_presslight_domain_randomization	SIM_TRAIN	186	331.5	10.0	-19.13	1.77	0.09	2929
hz4x4_setting1_presslight_domain_randomization	REAL_TEST	186	401.8	100.0	-86.21	6.14	0.17	2687
hz4x4_setting1_presslight_domain_randomization	SIM_TRAIN	187	330.3	10.2	-19.14	1.63	0.09	2931
hz4x4_setting1_presslight_domain_randomization	SIM_TRAIN	188	333.4	10.1	-20.72	1.75	0.09	2928
hz4x4_setting1_presslight_domain_randomization	SIM_TRAIN	189	341.4	10.0	-21.09	1.88	0.11	2928
hz4x4_setting1_presslight_domain_randomization	REAL_TEST	189	399.4	100.0	-85.49	6.10	0.17	2676
hz4x4_setting1_presslight_domain_randomization	SIM_TRAIN	190	332.6	10.2	-19.46	1.73	0.09	2928
hz4x4_setting1_presslight_domain_randomization	SIM_TRAIN	191	332.1	10.2	-20.40	1.63	0.09	2926
hz4x4_setting1_presslight_domain_randomization	SIM_TRAIN	192	333.1	10.3	-20.27	1.74	0.09	2930
hz4x4_setting1_presslight_domain_randomization	REAL_TEST	192	406.5	100.0	-87.22	6.42	0.18	2681
hz4x4_setting1_presslight_domain_randomization	SIM_TRAIN	193	330.8	10.3	-19.68	1.57	0.09	2934
hz4x4_setting1_presslight_domain_randomization	SIM_TRAIN	194	338.4	10.3	-21.96	1.82	0.10	2929
hz4x4_setting1_presslight_domain_randomization	SIM_TRAIN	195	330.8	10.4	-19.23	1.73	0.09	2932
hz4x4_setting1_presslight_domain_randomization	REAL_TEST	195	414.2	100.0	-92.99	7.02	0.18	2675
hz4x4_setting1_presslight_domain_randomization	SIM_TRAIN	196	342.8	10.5	-25.18	1.85	0.10	2930
hz4x4_setting1_presslight_domain_randomization	SIM_TRAIN	197	329.6	10.5	-19.49	1.67	0.09	2931
hz4x4_setting1_presslight_domain_randomization	SIM_TRAIN	198	330.1	10.4	-19.35	1.60	0.09	2928
hz4x4_setting1_presslight_domain_randomization	REAL_TEST	198	400.2	100.0	-83.96	6.17	0.18	2685
hz4x4_setting1_presslight_domain_randomization	SIM_TRAIN	199	354.0	10.4	-27.98	2.06	0.12	2927
hz4x4_setting1_presslight_domain_randomization	SIM_TRAIN	200	337.3	10.7	-22.91	1.76	0.10	2929
hz4x4_setting1_presslight_domain_randomization	SIM_TRAIN	201	331.7	10.9	-18.21	1.70	0.09	2929
hz4x4_setting1_presslight_domain_randomization	REAL_TEST	201	403.6	100.0	-84.23	6.35	0.18	2666
hz4x4_setting1_presslight_domain_randomization	SIM_TRAIN	202	332.2	11.0	-19.67	1.69	0.09	2931
hz4x4_setting1_presslight_domain_randomization	SIM_TRAIN	203	330.2	11.1	-19.52	1.69	0.09	2926
hz4x4_setting1_presslight_domain_randomization	SIM_TRAIN	204	328.3	10.9	-18.85	1.56	0.08	2930
hz4x4_setting1_presslight_domain_randomization	REAL_TEST	204	394.1	100.0	-82.93	5.81	0.17	2687
hz4x4_setting1_presslight_domain_randomization	SIM_TRAIN	205	344.8	11.0	-25.06	1.86	0.10	2928
hz4x4_setting1_presslight_domain_randomization	SIM_TRAIN	206	330.2	11.1	-19.14	1.64	0.09	2931
hz4x4_setting1_presslight_domain_randomization	SIM_TRAIN	207	334.8	11.1	-20.25	1.75	0.10	2925
hz4x4_setting1_presslight_domain_randomization	REAL_TEST	207	393.6	100.0	-82.22	5.79	0.17	2685
hz4x4_setting1_presslight_domain_randomization	SIM_TRAIN	208	335.2	11.1	-21.91	1.70	0.09	2927
hz4x4_setting1_presslight_domain_randomization	SIM_TRAIN	209	331.3	11.1	-20.29	1.79	0.09	2929
hz4x4_setting1_presslight_domain_randomization	SIM_TRAIN	210	332.2	10.9	-19.56	1.68	0.09	2927
hz4x4_setting1_presslight_domain_randomization	REAL_TEST	210	392.3	100.0	-82.18	5.66	0.17	2687
hz4x4_setting1_presslight_domain_randomization	SIM_TRAIN	211	338.7	10.9	-22.75	1.77	0.09	2929
hz4x4_setting1_presslight_domain_randomization	SIM_TRAIN	212	332.9	10.8	-19.95	1.56	0.09	2926
hz4x4_setting1_presslight_domain_randomization	SIM_TRAIN	213	332.0	10.8	-18.79	1.75	0.09	2932
hz4x4_setting1_presslight_domain_randomization	REAL_TEST	213	395.4	100.0	-80.70	5.81	0.17	2682
hz4x4_setting1_presslight_domain_randomization	SIM_TRAIN	214	330.4	10.5	-18.68	1.66	0.09	2928
hz4x4_setting1_presslight_domain_randomization	SIM_TRAIN	215	329.6	10.5	-21.64	1.47	0.08	2932
hz4x4_setting1_presslight_domain_randomization	SIM_TRAIN	216	329.9	10.4	-19.61	1.64	0.08	2930
hz4x4_setting1_presslight_domain_randomization	REAL_TEST	216	395.4	100.0	-82.57	5.81	0.17	2677
hz4x4_setting1_presslight_domain_randomization	SIM_TRAIN	217	336.9	10.5	-21.15	1.83	0.10	2928
hz4x4_setting1_presslight_domain_randomization	SIM_TRAIN	218	353.8	10.6	-28.42	2.10	0.11	2927
hz4x4_setting1_presslight_domain_randomization	SIM_TRAIN	219	351.5	10.8	-27.54	2.01	0.11	2923
hz4x4_setting1_presslight_domain_randomization	REAL_TEST	219	408.5	100.0	-90.93	6.85	0.17	2596
hz4x4_setting1_presslight_domain_randomization	SIM_TRAIN	220	332.7	10.8	-19.49	1.76	0.09	2929
hz4x4_setting1_presslight_domain_randomization	SIM_TRAIN	221	342.1	10.9	-23.88	1.83	0.10	2927
hz4x4_setting1_presslight_domain_randomization	SIM_TRAIN	222	342.3	11.0	-23.83	1.79	0.11	2927
hz4x4_setting1_presslight_domain_randomization	REAL_TEST	222	413.0	100.0	-90.74	7.25	0.18	2602
hz4x4_setting1_presslight_domain_randomization	SIM_TRAIN	223	333.7	10.9	-19.76	1.81	0.09	2927
hz4x4_setting1_presslight_domain_randomization	SIM_TRAIN	224	331.4	11.1	-19.34	1.77	0.09	2931
hz4x4_setting1_presslight_domain_randomization	SIM_TRAIN	225	330.7	11.0	-18.99	1.70	0.09	2928
hz4x4_setting1_presslight_domain_randomization	REAL_TEST	225	392.6	100.0	-81.90	5.72	0.17	2680
hz4x4_setting1_presslight_domain_randomization	SIM_TRAIN	226	329.3	11.1	-18.77	1.67	0.09	2930
hz4x4_setting1_presslight_domain_randomization	SIM_TRAIN	227	332.8	11.1	-19.34	1.68	0.09	2929
hz4x4_setting1_presslight_domain_randomization	SIM_TRAIN	228	329.9	11.1	-19.77	1.64	0.08	2932
hz4x4_setting1_presslight_domain_randomization	REAL_TEST	228	393.9	100.0	-83.39	5.73	0.17	2679
hz4x4_setting1_presslight_domain_randomization	SIM_TRAIN	229	329.1	11.0	-18.96	1.66	0.08	2929
hz4x4_setting1_presslight_domain_randomization	SIM_TRAIN	230	331.0	11.0	-18.60	1.68	0.09	2927
hz4x4_setting1_presslight_domain_randomization	SIM_TRAIN	231	338.1	10.8	-21.85	1.90	0.10	2933
hz4x4_setting1_presslight_domain_randomization	REAL_TEST	231	397.5	100.0	-84.91	5.93	0.17	2670
hz4x4_setting1_presslight_domain_randomization	SIM_TRAIN	232	331.0	10.9	-19.10	1.72	0.09	2929
hz4x4_setting1_presslight_domain_randomization	SIM_TRAIN	233	332.0	10.9	-19.21	1.77	0.09	2928
hz4x4_setting1_presslight_domain_randomization	SIM_TRAIN	234	339.8	10.8	-22.15	1.80	0.10	2929
hz4x4_setting1_presslight_domain_randomization	REAL_TEST	234	389.3	100.0	-81.61	5.43	0.17	2688
hz4x4_setting1_presslight_domain_randomization	SIM_TRAIN	235	332.1	10.8	-19.43	1.78	0.09	2926
hz4x4_setting1_presslight_domain_randomization	SIM_TRAIN	236	329.6	10.7	-19.21	1.68	0.08	2928
hz4x4_setting1_presslight_domain_randomization	SIM_TRAIN	237	335.2	10.7	-21.30	1.75	0.09	2925
hz4x4_setting1_presslight_domain_randomization	REAL_TEST	237	392.5	100.0	-82.95	5.61	0.17	2685
hz4x4_setting1_presslight_domain_randomization	SIM_TRAIN	238	351.0	10.8	-26.54	1.82	0.11	2924
hz4x4_setting1_presslight_domain_randomization	SIM_TRAIN	239	329.5	11.0	-19.59	1.54	0.08	2928
hz4x4_setting1_presslight_domain_randomization	SIM_TRAIN	240	333.6	10.8	-19.85	1.73	0.09	2929
hz4x4_setting1_presslight_domain_randomization	REAL_TEST	240	396.9	100.0	-81.45	5.80	0.17	2674
hz4x4_setting1_presslight_domain_randomization	SIM_TRAIN	241	334.5	10.9	-20.05	1.78	0.09	2929
hz4x4_setting1_presslight_domain_randomization	SIM_TRAIN	242	332.4	10.7	-19.19	1.71	0.09	2931
hz4x4_setting1_presslight_domain_randomization	SIM_TRAIN	243	332.5	10.7	-19.06	1.78	0.09	2931
hz4x4_setting1_presslight_domain_randomization	REAL_TEST	243	395.4	100.0	-81.35	5.83	0.17	2684
hz4x4_setting1_presslight_domain_randomization	SIM_TRAIN	244	333.0	10.8	-19.60	1.65	0.09	2928
hz4x4_setting1_presslight_domain_randomization	SIM_TRAIN	245	332.0	10.6	-19.66	1.71	0.09	2929
hz4x4_setting1_presslight_domain_randomization	SIM_TRAIN	246	336.1	10.5	-20.95	1.58	0.10	2930
hz4x4_setting1_presslight_domain_randomization	REAL_TEST	246	393.9	100.0	-80.72	5.80	0.17	2683
hz4x4_setting1_presslight_domain_randomization	SIM_TRAIN	247	342.5	10.5	-24.69	1.74	0.10	2930
hz4x4_setting1_presslight_domain_randomization	SIM_TRAIN	248	328.7	10.4	-18.15	1.60	0.08	2931
hz4x4_setting1_presslight_domain_randomization	SIM_TRAIN	249	334.4	10.4	-19.71	1.88	0.09	2930
hz4x4_setting1_presslight_domain_randomization	REAL_TEST	249	388.7	100.0	-79.49	5.45	0.17	2679
hz4x4_setting1_presslight_domain_randomization	SIM_TRAIN	250	349.3	10.7	-26.82	1.88	0.11	2929
hz4x4_setting1_presslight_domain_randomization	SIM_TRAIN	251	332.3	10.9	-19.74	1.65	0.09	2930
hz4x4_setting1_presslight_domain_randomization	SIM_TRAIN	252	338.8	10.7	-21.56	1.84	0.09	2928
hz4x4_setting1_presslight_domain_randomization	REAL_TEST	252	416.9	100.0	-84.05	6.96	0.18	2612
hz4x4_setting1_presslight_domain_randomization	SIM_TRAIN	253	332.4	10.7	-19.50	1.76	0.09	2931
hz4x4_setting1_presslight_domain_randomization	SIM_TRAIN	254	330.6	10.8	-19.75	1.60	0.08	2928
hz4x4_setting1_presslight_domain_randomization	SIM_TRAIN	255	330.7	10.6	-19.58	1.56	0.09	2931
hz4x4_setting1_presslight_domain_randomization	REAL_TEST	255	395.1	100.0	-82.13	5.71	0.17	2685
hz4x4_setting1_presslight_domain_randomization	SIM_TRAIN	256	336.7	10.7	-22.38	1.54	0.10	2930
hz4x4_setting1_presslight_domain_randomization	SIM_TRAIN	257	332.0	10.8	-19.96	1.76	0.09	2929
hz4x4_setting1_presslight_domain_randomization	SIM_TRAIN	258	350.2	10.8	-28.93	1.92	0.10	2926
hz4x4_setting1_presslight_domain_randomization	REAL_TEST	258	397.9	100.0	-79.44	5.93	0.17	2684
hz4x4_setting1_presslight_domain_randomization	SIM_TRAIN	259	335.1	11.1	-20.93	1.94	0.09	2929
hz4x4_setting1_presslight_domain_randomization	SIM_TRAIN	260	331.8	11.1	-19.84	1.70	0.09	2930
hz4x4_setting1_presslight_domain_randomization	SIM_TRAIN	261	334.7	11.2	-20.88	1.85	0.09	2930
hz4x4_setting1_presslight_domain_randomization	REAL_TEST	261	397.8	100.0	-81.98	5.84	0.17	2676
hz4x4_setting1_presslight_domain_randomization	SIM_TRAIN	262	336.7	11.1	-21.74	1.83	0.10	2928
hz4x4_setting1_presslight_domain_randomization	SIM_TRAIN	263	330.2	11.1	-19.19	1.72	0.09	2931
hz4x4_setting1_presslight_domain_randomization	SIM_TRAIN	264	338.2	10.8	-22.25	1.90	0.10	2930
hz4x4_setting1_presslight_domain_randomization	REAL_TEST	264	394.8	100.0	-81.51	5.55	0.17	2687
hz4x4_setting1_presslight_domain_randomization	SIM_TRAIN	265	336.1	10.6	-20.66	1.69	0.10	2929
hz4x4_setting1_presslight_domain_randomization	SIM_TRAIN	266	340.7	10.9	-23.34	1.93	0.10	2925
hz4x4_setting1_presslight_domain_randomization	SIM_TRAIN	267	323.5	10.7	-19.14	1.46	0.07	2931
hz4x4_setting1_presslight_domain_randomization	REAL_TEST	267	563.7	100.0	-103.04	15.93	0.21	2208
hz4x4_setting1_presslight_domain_randomization	SIM_TRAIN	268	330.3	10.9	-19.04	1.73	0.09	2929
hz4x4_setting1_presslight_domain_randomization	SIM_TRAIN	269	329.5	10.8	-18.82	1.60	0.09	2926
hz4x4_setting1_presslight_domain_randomization	SIM_TRAIN	270	334.2	10.7	-19.77	1.89	0.09	2932
hz4x4_setting1_presslight_domain_randomization	REAL_TEST	270	392.1	100.0	-80.04	5.53	0.17	2681
hz4x4_setting1_presslight_domain_randomization	SIM_TRAIN	271	345.1	10.9	-24.06	1.90	0.11	2930
hz4x4_setting1_presslight_domain_randomization	SIM_TRAIN	272	344.7	11.1	-24.26	1.86	0.11	2926
hz4x4_setting1_presslight_domain_randomization	SIM_TRAIN	273	333.2	11.2	-18.90	1.82	0.09	2933
hz4x4_setting1_presslight_domain_randomization	REAL_TEST	273	470.6	100.0	-87.86	10.75	0.19	2392
hz4x4_setting1_presslight_domain_randomization	SIM_TRAIN	274	338.3	11.3	-21.72	1.86	0.10	2928
hz4x4_setting1_presslight_domain_randomization	SIM_TRAIN	275	332.2	11.3	-19.17	1.74	0.09	2931
hz4x4_setting1_presslight_domain_randomization	SIM_TRAIN	276	329.0	11.2	-18.49	1.64	0.08	2932
hz4x4_setting1_presslight_domain_randomization	REAL_TEST	276	397.6	100.0	-85.45	5.90	0.17	2681
hz4x4_setting1_presslight_domain_randomization	SIM_TRAIN	277	335.0	11.3	-20.97	1.70	0.10	2933
hz4x4_setting1_presslight_domain_randomization	SIM_TRAIN	278	333.5	11.1	-19.56	1.74	0.09	2929
hz4x4_setting1_presslight_domain_randomization	SIM_TRAIN	279	343.0	11.0	-25.53	1.88	0.10	2928
hz4x4_setting1_presslight_domain_randomization	REAL_TEST	279	402.4	100.0	-83.83	6.10	0.17	2684
hz4x4_setting1_presslight_domain_randomization	SIM_TRAIN	280	333.2	11.2	-19.95	1.79	0.09	2932
hz4x4_setting1_presslight_domain_randomization	SIM_TRAIN	281	344.8	11.4	-24.73	1.94	0.10	2928
hz4x4_setting1_presslight_domain_randomization	SIM_TRAIN	282	328.9	11.4	-18.74	1.61	0.09	2930
hz4x4_setting1_presslight_domain_randomization	REAL_TEST	282	444.6	100.0	-100.54	8.93	0.19	2504
hz4x4_setting1_presslight_domain_randomization	SIM_TRAIN	283	348.6	11.6	-26.30	1.96	0.11	2926
hz4x4_setting1_presslight_domain_randomization	SIM_TRAIN	284	332.2	11.4	-20.52	1.70	0.09	2926
hz4x4_setting1_presslight_domain_randomization	SIM_TRAIN	285	330.6	11.4	-18.97	1.64	0.09	2930
hz4x4_setting1_presslight_domain_randomization	REAL_TEST	285	390.7	100.0	-81.81	5.47	0.16	2678
hz4x4_setting1_presslight_domain_randomization	SIM_TRAIN	286	330.0	11.3	-19.41	1.69	0.09	2931
hz4x4_setting1_presslight_domain_randomization	SIM_TRAIN	287	329.9	11.2	-18.83	1.66	0.09	2930
hz4x4_setting1_presslight_domain_randomization	SIM_TRAIN	288	335.6	11.2	-21.18	1.68	0.10	2928
hz4x4_setting1_presslight_domain_randomization	REAL_TEST	288	395.3	100.0	-82.34	5.72	0.16	2684
hz4x4_setting1_presslight_domain_randomization	SIM_TRAIN	289	329.7	11.2	-19.57	1.61	0.08	2931
hz4x4_setting1_presslight_domain_randomization	SIM_TRAIN	290	335.9	11.1	-20.86	1.72	0.09	2928
hz4x4_setting1_presslight_domain_randomization	SIM_TRAIN	291	329.3	11.0	-20.38	1.57	0.08	2930
hz4x4_setting1_presslight_domain_randomization	REAL_TEST	291	431.4	100.0	-107.48	7.67	0.18	2648
hz4x4_setting1_presslight_domain_randomization	SIM_TRAIN	292	334.2	11.0	-19.52	1.76	0.09	2931
hz4x4_setting1_presslight_domain_randomization	SIM_TRAIN	293	329.7	11.0	-18.36	1.65	0.08	2932
hz4x4_setting1_presslight_domain_randomization	SIM_TRAIN	294	331.5	10.9	-18.14	1.67	0.09	2930
hz4x4_setting1_presslight_domain_randomization	REAL_TEST	294	393.4	100.0	-79.66	5.67	0.17	2690
hz4x4_setting1_presslight_domain_randomization	SIM_TRAIN	295	331.2	10.8	-18.50	1.61	0.09	2931
hz4x4_setting1_presslight_domain_randomization	SIM_TRAIN	296	329.1	10.8	-18.38	1.54	0.08	2929
hz4x4_setting1_presslight_domain_randomization	SIM_TRAIN	297	337.8	10.6	-21.76	1.74	0.09	2929
hz4x4_setting1_presslight_domain_randomization	REAL_TEST	297	391.9	100.0	-82.72	5.62	0.16	2686
hz4x4_setting1_presslight_domain_randomization	SIM_TRAIN	298	331.9	10.7	-19.79	1.60	0.09	2932
hz4x4_setting1_presslight_domain_randomization	SIM_TRAIN	299	334.7	10.4	-19.96	1.66	0.09	2931
hz4x4_setting1_presslight_domain_randomization	REAL_TEST	300	391.6	100.0	-82.85	5.57	0.16	2680
