ingolstadt7_dz10_dqn_latent_observation	REAL_TEST	2	2193.5	100.0	-142.86	19.29	0.36	78
ingolstadt7_dz10_dqn_latent_observation	REAL_TEST	4	734.2	100.0	-100.62	13.05	0.21	771
ingolstadt7_dz10_dqn_latent_observation	REAL_TEST	6	785.7	100.0	-109.23	14.38	0.22	849
ingolstadt7_dz10_dqn_latent_observation	REAL_TEST	8	769.8	100.0	-115.89	14.38	0.20	707
ingolstadt7_dz10_dqn_latent_observation	REAL_TEST	10	589.2	100.0	-111.34	13.93	0.18	994
ingolstadt7_dz10_dqn_latent_observation	REAL_TEST	12	558.1	100.0	-92.80	11.98	0.17	905
ingolstadt7_dz10_dqn_latent_observation	REAL_TEST	14	279.1	100.0	-77.60	10.15	0.17	1786
ingolstadt7_dz10_dqn_latent_observation	REAL_TEST	16	569.0	100.0	-132.22	17.68	0.24	1208
ingolstadt7_dz10_dqn_latent_observation	REAL_TEST	18	544.2	100.0	-151.56	19.01	0.25	1340
ingolstadt7_dz10_dqn_latent_observation	REAL_TEST	20	511.2	100.0	-109.67	15.28	0.27	1264
ingolstadt7_dz10_dqn_latent_observation	REAL_TEST	22	632.2	100.0	-115.65	14.51	0.20	994
ingolstadt7_dz10_dqn_latent_observation	REAL_TEST	24	686.5	100.0	-146.94	19.52	0.27	1023
ingolstadt7_dz10_dqn_latent_observation	REAL_TEST	26	609.0	100.0	-120.16	15.12	0.21	1039
ingolstadt7_dz10_dqn_latent_observation	REAL_TEST	28	636.0	100.0	-121.89	16.21	0.26	993
ingolstadt7_dz10_dqn_latent_observation	REAL_TEST	30	662.7	100.0	-117.34	14.70	0.20	916
ingolstadt7_dz10_dqn_latent_observation	REAL_TEST	32	667.3	100.0	-120.10	15.21	0.21	890
ingolstadt7_dz10_dqn_latent_observation	REAL_TEST	34	1217.7	100.0	-121.48	15.66	0.22	480
ingolstadt7_dz10_dqn_latent_observation	REAL_TEST	36	945.4	100.0	-123.35	16.15	0.22	728
ingolstadt7_dz10_dqn_latent_observation	REAL_TEST	38	117.7	100.0	-13.38	2.05	0.10	2465
ingolstadt7_dz10_dqn_latent_observation	REAL_TEST	40	713.3	100.0	-124.11	15.60	0.22	878
ingolstadt7_dz10_dqn_latent_observation	REAL_TEST	42	152.0	100.0	-41.85	5.74	0.14	2387
ingolstadt7_dz10_dqn_latent_observation	REAL_TEST	44	695.0	100.0	-118.78	14.77	0.20	912
ingolstadt7_dz10_dqn_latent_observation	REAL_TEST	46	642.6	100.0	-121.26	15.34	0.21	884
ingolstadt7_dz10_dqn_latent_observation	REAL_TEST	48	707.6	100.0	-121.00	15.21	0.21	881
ingolstadt7_dz10_dqn_latent_observation	REAL_TEST	50	141.0	100.0	-40.60	5.78	0.14	2681
ingolstadt7_dz10_dqn_latent_observation	REAL_TEST	52	608.0	100.0	-119.17	15.04	0.19	952
ingolstadt7_dz10_dqn_latent_observation	REAL_TEST	54	595.9	100.0	-113.00	14.43	0.20	1045
ingolstadt7_dz10_dqn_latent_observation	REAL_TEST	56	581.5	100.0	-116.92	15.00	0.21	1050
ingolstadt7_dz10_dqn_latent_observation	REAL_TEST	58	605.0	100.0	-114.61	14.35	0.18	988
ingolstadt7_dz10_dqn_latent_observation	REAL_TEST	60	146.8	100.0	-49.01	6.97	0.14	2659
ingolstadt7_dz10_dqn_latent_observation	REAL_TEST	62	571.5	100.0	-113.21	14.64	0.20	1076
ingolstadt7_dz10_dqn_latent_observation	REAL_TEST	64	661.0	100.0	-132.89	16.62	0.23	1010
ingolstadt7_dz10_dqn_latent_observation	REAL_TEST	66	626.7	100.0	-116.56	14.88	0.22	975
ingolstadt7_dz10_dqn_latent_observation	REAL_TEST	68	605.7	100.0	-119.75	15.08	0.21	953
ingolstadt7_dz10_dqn_latent_observation	REAL_TEST	70	612.9	100.0	-120.56	15.03	0.19	935
ingolstadt7_dz10_dqn_latent_observation	REAL_TEST	72	885.4	100.0	-192.52	25.04	0.29	870
ingolstadt7_dz10_dqn_latent_observation	REAL_TEST	74	640.3	100.0	-118.04	15.09	0.21	998
ingolstadt7_dz10_dqn_latent_observation	REAL_TEST	76	886.6	100.0	-185.00	24.15	0.28	851
ingolstadt7_dz10_dqn_latent_observation	REAL_TEST	78	640.9	100.0	-120.20	15.13	0.20	969
ingolstadt7_dz10_dqn_latent_observation	REAL_TEST	80	678.9	100.0	-147.81	19.14	0.25	1081
ingolstadt7_dz10_dqn_latent_observation	REAL_TEST	82	568.4	100.0	-118.84	15.07	0.21	1077
ingolstadt7_dz10_dqn_latent_observation	REAL_TEST	84	757.6	100.0	-177.53	23.34	0.27	987
ingolstadt7_dz10_dqn_latent_observation	REAL_TEST	86	610.0	100.0	-120.63	15.13	0.20	949
ingolstadt7_dz10_dqn_latent_observation	REAL_TEST	88	633.4	100.0	-130.82	16.69	0.23	968
ingolstadt7_dz10_dqn_latent_observation	REAL_TEST	90	604.9	100.0	-120.17	15.18	0.21	1019
ingolstadt7_dz10_dqn_latent_observation	REAL_TEST	92	610.2	100.0	-137.12	17.52	0.22	1071
ingolstadt7_dz10_dqn_latent_observation	REAL_TEST	94	595.4	100.0	-114.89	14.49	0.19	991
ingolstadt7_dz10_dqn_latent_observation	REAL_TEST	96	467.3	100.0	-142.19	18.55	0.20	1423
ingolstadt7_dz10_dqn_latent_observation	REAL_TEST	98	590.6	100.0	-116.70	14.83	0.19	1003
ingolstadt7_dz10_dqn_latent_observation	REAL_TEST	100	659.9	100.0	-115.66	14.58	0.18	917
ingolstadt7_dz10_dqn_latent_observation	REAL_TEST	102	581.7	100.0	-117.06	14.63	0.18	1001
ingolstadt7_dz10_dqn_latent_observation	REAL_TEST	104	618.4	100.0	-121.78	15.15	0.19	907
ingolstadt7_dz10_dqn_latent_observation	REAL_TEST	106	579.6	100.0	-122.31	15.33	0.20	1016
ingolstadt7_dz10_dqn_latent_observation	REAL_TEST	108	654.9	100.0	-134.84	16.97	0.22	881
ingolstadt7_dz10_dqn_latent_observation	REAL_TEST	110	592.7	100.0	-118.33	14.74	0.18	953
ingolstadt7_dz10_dqn_latent_observation	REAL_TEST	112	598.4	100.0	-121.32	15.13	0.19	942
ingolstadt7_dz10_dqn_latent_observation	REAL_TEST	114	769.6	100.0	-150.67	19.02	0.25	923
ingolstadt7_dz10_dqn_latent_observation	REAL_TEST	116	604.4	100.0	-118.00	14.71	0.18	939
ingolstadt7_dz10_dqn_latent_observation	REAL_TEST	118	977.0	100.0	-151.10	19.92	0.25	756
ingolstadt7_dz10_dqn_latent_observation	REAL_TEST	120	580.6	100.0	-119.48	14.88	0.19	1007
ingolstadt7_dz10_dqn_latent_observation	REAL_TEST	122	583.8	100.0	-115.50	14.39	0.18	978
ingolstadt7_dz10_dqn_latent_observation	REAL_TEST	124	640.1	100.0	-122.03	15.46	0.21	906
ingolstadt7_dz10_dqn_latent_observation	REAL_TEST	126	597.1	100.0	-119.19	14.91	0.20	975
ingolstadt7_dz10_dqn_latent_observation	REAL_TEST	128	587.3	100.0	-115.30	14.48	0.20	962
ingolstadt7_dz10_dqn_latent_observation	REAL_TEST	130	592.8	100.0	-116.33	14.66	0.20	967
ingolstadt7_dz10_dqn_latent_observation	REAL_TEST	132	614.5	100.0	-110.74	14.07	0.19	1013
ingolstadt7_dz10_dqn_latent_observation	REAL_TEST	134	574.6	100.0	-116.80	14.67	0.18	1002
ingolstadt7_dz10_dqn_latent_observation	REAL_TEST	136	901.4	100.0	-129.84	17.16	0.24	829
ingolstadt7_dz10_dqn_latent_observation	REAL_TEST	138	707.7	100.0	-119.30	15.22	0.21	923
ingolstadt7_dz10_dqn_latent_observation	REAL_TEST	140	654.8	100.0	-147.82	19.09	0.24	964
ingolstadt7_dz10_dqn_latent_observation	REAL_TEST	142	602.5	100.0	-123.93	15.56	0.20	967
ingolstadt7_dz10_dqn_latent_observation	REAL_TEST	144	611.5	100.0	-118.20	14.80	0.19	926
ingolstadt7_dz10_dqn_latent_observation	REAL_TEST	146	577.4	100.0	-107.83	13.68	0.17	1014
ingolstadt7_dz10_dqn_latent_observation	REAL_TEST	148	795.7	100.0	-153.27	19.33	0.27	870
ingolstadt7_dz10_dqn_latent_observation	REAL_TEST	150	584.2	100.0	-121.38	15.35	0.20	1025
ingolstadt7_dz10_dqn_latent_observation	REAL_TEST	152	594.1	100.0	-119.56	14.88	0.20	946
ingolstadt7_dz10_dqn_latent_observation	REAL_TEST	154	597.2	100.0	-113.43	14.21	0.17	943
ingolstadt7_dz10_dqn_latent_observation	REAL_TEST	156	635.5	100.0	-119.02	15.13	0.23	1054
ingolstadt7_dz10_dqn_latent_observation	REAL_TEST	158	601.9	100.0	-124.49	15.48	0.21	949
ingolstadt7_dz10_dqn_latent_observation	REAL_TEST	160	582.2	100.0	-112.52	14.09	0.17	977
ingolstadt7_dz10_dqn_latent_observation	REAL_TEST	162	571.5	100.0	-114.23	14.29	0.18	1001
ingolstadt7_dz10_dqn_latent_observation	REAL_TEST	164	584.0	100.0	-113.75	14.23	0.18	962
ingolstadt7_dz10_dqn_latent_observation	REAL_TEST	166	661.2	100.0	-115.02	14.57	0.18	882
ingolstadt7_dz10_dqn_latent_observation	REAL_TEST	168	189.6	100.0	-43.51	5.82	0.16	2359
ingolstadt7_dz10_dqn_latent_observation	REAL_TEST	170	588.0	100.0	-117.11	14.67	0.19	982
ingolstadt7_dz10_dqn_latent_observation	REAL_TEST	172	333.8	100.0	-63.99	8.50	0.20	1976
ingolstadt7_dz10_dqn_latent_observation	REAL_TEST	174	131.3	100.0	-30.96	3.63	0.10	2257
ingolstadt7_dz10_dqn_latent_observation	REAL_TEST	176	841.1	100.0	-117.64	15.41	0.21	819
ingolstadt7_dz10_dqn_latent_observation	REAL_TEST	178	602.9	100.0	-117.67	14.76	0.20	958
ingolstadt7_dz10_dqn_latent_observation	REAL_TEST	180	653.9	100.0	-110.91	13.96	0.18	922
ingolstadt7_dz10_dqn_latent_observation	REAL_TEST	182	991.6	100.0	-120.28	15.68	0.22	713
ingolstadt7_dz10_dqn_latent_observation	REAL_TEST	184	650.4	100.0	-111.59	14.07	0.20	928
ingolstadt7_dz10_dqn_latent_observation	REAL_TEST	186	666.0	100.0	-111.13	14.07	0.18	916
ingolstadt7_dz10_dqn_latent_observation	REAL_TEST	188	873.6	100.0	-114.50	14.92	0.20	815
ingolstadt7_dz10_dqn_latent_observation	REAL_TEST	190	662.9	100.0	-107.84	13.60	0.18	912
ingolstadt7_dz10_dqn_latent_observation	REAL_TEST	192	636.2	100.0	-111.47	14.04	0.19	990
ingolstadt7_dz10_dqn_latent_observation	REAL_TEST	194	673.4	100.0	-109.36	13.76	0.19	890
ingolstadt7_dz10_dqn_latent_observation	REAL_TEST	196	825.9	100.0	-151.85	19.57	0.27	829
ingolstadt7_dz10_dqn_latent_observation	REAL_TEST	198	666.3	100.0	-108.93	13.68	0.18	914
