cologne1_combine3_presslight_latent_observation	REAL_TEST	2	338.4	100.0	-57.96	20.29	1.07	1084
cologne1_combine3_presslight_latent_observation	REAL_TEST	4	278.9	100.0	-55.68	50.48	1.20	1345
cologne1_combine3_presslight_latent_observation	REAL_TEST	6	107.5	100.0	-49.45	27.77	1.28	1974
cologne1_combine3_presslight_latent_observation	REAL_TEST	8	372.2	100.0	-143.89	70.60	0.96	1303
cologne1_combine3_presslight_latent_observation	REAL_TEST	10	68.7	100.0	-27.79	17.84	1.13	1995
cologne1_combine3_presslight_latent_observation	REAL_TEST	12	61.4	100.0	-22.99	19.61	1.44	1997
cologne1_combine3_presslight_latent_observation	REAL_TEST	14	117.2	100.0	-55.11	30.50	1.32	1966
cologne1_combine3_presslight_latent_observation	REAL_TEST	16	63.8	100.0	-23.92	13.55	0.93	1990
cologne1_combine3_presslight_latent_observation	REAL_TEST	18	96.3	100.0	-43.29	23.36	1.24	1979
cologne1_combine3_presslight_latent_observation	REAL_TEST	20	144.1	100.0	-48.56	23.58	1.10	1668
cologne1_combine3_presslight_latent_observation	REAL_TEST	22	65.9	100.0	-25.62	22.97	1.42	1996
cologne1_combine3_presslight_latent_observation	REAL_TEST	24	71.1	100.0	-29.01	24.25	1.27	1998
cologne1_combine3_presslight_latent_observation	REAL_TEST	26	63.2	100.0	-23.56	16.71	1.06	1998
cologne1_combine3_presslight_latent_observation	REAL_TEST	28	95.4	100.0	-38.13	19.65	0.91	1887
cologne1_combine3_presslight_latent_observation	REAL_TEST	30	70.4	100.0	-28.44	22.59	1.26	1994
cologne1_combine3_presslight_latent_observation	REAL_TEST	32	113.4	100.0	-52.64	28.76	1.32	1990
cologne1_combine3_presslight_latent_observation	REAL_TEST	34	67.4	100.0	-26.53	19.73	1.25	1989
cologne1_combine3_presslight_latent_observation	REAL_TEST	36	110.4	100.0	-51.30	27.91	1.33	1992
cologne1_combine3_presslight_latent_observation	REAL_TEST	38	57.6	100.0	-20.98	14.20	1.07	1995
cologne1_combine3_presslight_latent_observation	REAL_TEST	40	76.2	100.0	-31.71	27.34	1.26	1998
cologne1_combine3_presslight_latent_observation	REAL_TEST	42	73.6	100.0	-29.16	20.76	1.13	1998
cologne1_combine3_presslight_latent_observation	REAL_TEST	44	62.7	100.0	-23.52	18.93	1.27	1994
cologne1_combine3_presslight_latent_observation	REAL_TEST	46	61.2	100.0	-22.84	16.81	1.23	1991
cologne1_combine3_presslight_latent_observation	REAL_TEST	48	67.4	100.0	-25.35	20.19	1.21	1997
cologne1_combine3_presslight_latent_observation	REAL_TEST	50	76.9	100.0	-32.15	28.59	1.46	1998
cologne1_combine3_presslight_latent_observation	REAL_TEST	52	66.1	100.0	-24.77	13.35	1.06	1993
cologne1_combine3_presslight_latent_observation	REAL_TEST	54	63.6	100.0	-23.52	18.02	1.22	1996
cologne1_combine3_presslight_latent_observation	REAL_TEST	56	66.7	100.0	-26.54	24.05	1.43	1992
cologne1_combine3_presslight_latent_observation	REAL_TEST	58	59.4	100.0	-22.23	16.65	1.24	1997
cologne1_combine3_presslight_latent_observation	REAL_TEST	60	61.9	100.0	-22.81	9.23	0.91	1988
cologne1_combine3_presslight_latent_observation	REAL_TEST	62	67.2	100.0	-25.03	22.05	1.45	1990
cologne1_combine3_presslight_latent_observation	REAL_TEST	64	82.0	100.0	-34.79	29.60	1.31	1994
cologne1_combine3_presslight_latent_observation	REAL_TEST	66	86.6	100.0	-33.67	26.37	1.27	1996
cologne1_combine3_presslight_latent_observation	REAL_TEST	68	63.5	100.0	-23.59	17.05	1.09	1995
cologne1_combine3_presslight_latent_observation	REAL_TEST	70	69.5	100.0	-25.56	20.49	1.30	1994
cologne1_combine3_presslight_latent_observation	REAL_TEST	72	236.8	100.0	-112.80	89.79	0.62	1711
cologne1_combine3_presslight_latent_observation	REAL_TEST	74	77.6	100.0	-29.45	24.06	1.35	1993
cologne1_combine3_presslight_latent_observation	REAL_TEST	76	109.3	100.0	-42.61	40.02	1.50	1822
cologne1_combine3_presslight_latent_observation	REAL_TEST	78	100.8	100.0	-45.91	12.77	0.89	1995
cologne1_combine3_presslight_latent_observation	REAL_TEST	80	105.9	100.0	-41.74	37.22	1.32	1838
cologne1_combine3_presslight_latent_observation	REAL_TEST	82	100.2	100.0	-45.04	24.88	1.18	1991
cologne1_combine3_presslight_latent_observation	REAL_TEST	84	320.3	100.0	-132.02	14.40	0.81	1405
cologne1_combine3_presslight_latent_observation	REAL_TEST	86	227.5	100.0	-53.75	17.62	0.94	1532
cologne1_combine3_presslight_latent_observation	REAL_TEST	88	61.7	100.0	-23.88	18.11	1.22	1998
cologne1_combine3_presslight_latent_observation	REAL_TEST	90	133.7	100.0	-47.15	30.37	1.16	1778
cologne1_combine3_presslight_latent_observation	REAL_TEST	92	110.3	100.0	-51.33	23.95	0.93	1976
cologne1_combine3_presslight_latent_observation	REAL_TEST	94	69.5	100.0	-26.71	15.27	1.07	1991
cologne1_combine3_presslight_latent_observation	REAL_TEST	96	106.2	100.0	-43.12	25.88	1.27	1884
cologne1_combine3_presslight_latent_observation	REAL_TEST	98	79.1	100.0	-32.95	23.80	1.29	1995
cologne1_combine3_presslight_latent_observation	REAL_TEST	100	67.9	100.0	-26.69	23.30	1.42	1994
cologne1_combine3_presslight_latent_observation	REAL_TEST	102	68.9	100.0	-27.32	16.44	1.09	1988
cologne1_combine3_presslight_latent_observation	REAL_TEST	104	116.5	100.0	-44.61	41.66	1.50	1854
cologne1_combine3_presslight_latent_observation	REAL_TEST	106	66.1	100.0	-25.32	11.61	0.72	1989
cologne1_combine3_presslight_latent_observation	REAL_TEST	108	64.5	100.0	-24.44	15.46	1.12	1993
cologne1_combine3_presslight_latent_observation	REAL_TEST	110	73.6	100.0	-29.83	27.40	1.43	1991
cologne1_combine3_presslight_latent_observation	REAL_TEST	112	67.1	100.0	-25.69	22.75	1.46	1997
cologne1_combine3_presslight_latent_observation	REAL_TEST	114	70.0	100.0	-28.42	22.23	1.34	1995
cologne1_combine3_presslight_latent_observation	REAL_TEST	116	69.8	100.0	-28.28	23.03	1.27	1994
cologne1_combine3_presslight_latent_observation	REAL_TEST	118	68.2	100.0	-26.58	20.78	1.27	1991
cologne1_combine3_presslight_latent_observation	REAL_TEST	120	64.4	100.0	-24.80	16.56	1.10	1986
cologne1_combine3_presslight_latent_observation	REAL_TEST	122	73.2	100.0	-28.96	21.68	1.10	1974
cologne1_combine3_presslight_latent_observation	REAL_TEST	124	76.6	100.0	-31.17	25.22	1.24	1994
cologne1_combine3_presslight_latent_observation	REAL_TEST	126	62.6	100.0	-23.69	14.11	0.96	1993
cologne1_combine3_presslight_latent_observation	REAL_TEST	128	92.1	100.0	-41.12	13.15	0.55	1993
cologne1_combine3_presslight_latent_observation	REAL_TEST	130	75.5	100.0	-29.58	14.19	1.05	1971
cologne1_combine3_presslight_latent_observation	REAL_TEST	132	171.1	100.0	-49.10	27.10	0.97	1627
cologne1_combine3_presslight_latent_observation	REAL_TEST	134	67.6	100.0	-26.31	17.17	1.07	1987
cologne1_combine3_presslight_latent_observation	REAL_TEST	136	68.2	100.0	-26.08	19.53	1.30	1990
cologne1_combine3_presslight_latent_observation	REAL_TEST	138	95.1	100.0	-38.71	27.84	1.13	1985
cologne1_combine3_presslight_latent_observation	REAL_TEST	140	132.4	100.0	-62.37	41.81	0.91	1951
cologne1_combine3_presslight_latent_observation	REAL_TEST	142	110.2	100.0	-42.68	39.66	1.58	1821
cologne1_combine3_presslight_latent_observation	REAL_TEST	144	85.3	100.0	-36.73	17.71	0.85	1987
cologne1_combine3_presslight_latent_observation	REAL_TEST	146	76.4	100.0	-30.97	16.06	0.93	1970
cologne1_combine3_presslight_latent_observation	REAL_TEST	148	85.6	100.0	-37.08	34.30	1.46	1992
cologne1_combine3_presslight_latent_observation	REAL_TEST	150	65.3	100.0	-24.96	18.14	1.08	1997
cologne1_combine3_presslight_latent_observation	REAL_TEST	152	140.4	100.0	-45.14	41.56	1.50	1808
cologne1_combine3_presslight_latent_observation	REAL_TEST	154	75.8	100.0	-31.92	23.64	1.08	1998
cologne1_combine3_presslight_latent_observation	REAL_TEST	156	74.6	100.0	-30.91	21.75	1.08	1992
cologne1_combine3_presslight_latent_observation	REAL_TEST	158	63.6	100.0	-24.96	6.69	0.56	1987
cologne1_combine3_presslight_latent_observation	REAL_TEST	160	64.7	100.0	-24.43	15.76	1.06	1991
cologne1_combine3_presslight_latent_observation	REAL_TEST	162	72.9	100.0	-26.59	21.22	1.26	1978
cologne1_combine3_presslight_latent_observation	REAL_TEST	164	67.5	100.0	-25.57	22.28	1.48	1993
cologne1_combine3_presslight_latent_observation	REAL_TEST	166	124.2	100.0	-46.19	37.48	1.33	1773
cologne1_combine3_presslight_latent_observation	REAL_TEST	168	97.5	100.0	-43.82	22.97	1.08	1998
cologne1_combine3_presslight_latent_observation	REAL_TEST	170	74.9	100.0	-30.14	11.65	0.72	1979
cologne1_combine3_presslight_latent_observation	REAL_TEST	172	101.6	100.0	-42.04	27.10	1.27	1936
cologne1_combine3_presslight_latent_observation	REAL_TEST	174	83.3	100.0	-36.22	28.15	1.09	1993
cologne1_combine3_presslight_latent_observation	REAL_TEST	176	64.7	100.0	-24.66	19.55	1.28	1993
cologne1_combine3_presslight_latent_observation	REAL_TEST	178	90.4	100.0	-39.53	21.02	1.10	1982
cologne1_combine3_presslight_latent_observation	REAL_TEST	180	62.8	100.0	-24.34	19.31	1.32	1997
cologne1_combine3_presslight_latent_observation	REAL_TEST	182	95.8	100.0	-39.33	17.07	0.78	1926
cologne1_combine3_presslight_latent_observation	REAL_TEST	184	209.3	100.0	-51.61	10.03	0.74	1592
cologne1_combine3_presslight_latent_observation	REAL_TEST	186	104.4	100.0	-47.60	22.95	1.09	1988
cologne1_combine3_presslight_latent_observation	REAL_TEST	188	84.9	100.0	-33.43	29.66	1.51	1958
cologne1_combine3_presslight_latent_observation	REAL_TEST	190	75.1	100.0	-29.11	17.75	1.07	1997
cologne1_combine3_presslight_latent_observation	REAL_TEST	192	254.4	100.0	-54.83	5.25	0.66	1426
cologne1_combine3_presslight_latent_observation	REAL_TEST	194	71.0	100.0	-28.52	16.84	0.93	1965
cologne1_combine3_presslight_latent_observation	REAL_TEST	196	61.7	100.0	-22.50	13.72	1.08	1992
cologne1_combine3_presslight_latent_observation	REAL_TEST	198	94.1	100.0	-37.54	33.56	1.53	1964
