cologne1_sensor50_presslight_latent_observation	REAL_TEST	2	371.3	100.0	-57.23	15.24	0.31	1001
cologne1_sensor50_presslight_latent_observation	REAL_TEST	4	120.8	100.0	-43.23	9.53	0.26	1772
cologne1_sensor50_presslight_latent_observation	REAL_TEST	6	456.9	100.0	-141.06	61.44	0.30	1001
cologne1_sensor50_presslight_latent_observation	REAL_TEST	8	456.9	100.0	-141.06	60.84	0.29	1001
cologne1_sensor50_presslight_latent_observation	REAL_TEST	10	456.9	100.0	-141.06	51.09	0.15	1001
cologne1_sensor50_presslight_latent_observation	REAL_TEST	12	61.2	100.0	-22.60	11.56	0.36	1998
cologne1_sensor50_presslight_latent_observation	REAL_TEST	14	456.9	100.0	-141.06	51.12	0.20	1001
cologne1_sensor50_presslight_latent_observation	REAL_TEST	16	66.4	100.0	-23.84	10.38	0.33	1997
cologne1_sensor50_presslight_latent_observation	REAL_TEST	18	86.0	100.0	-35.14	2.94	0.23	1997
cologne1_sensor50_presslight_latent_observation	REAL_TEST	20	456.9	100.0	-141.06	61.42	0.26	1001
cologne1_sensor50_presslight_latent_observation	REAL_TEST	22	139.5	100.0	-34.50	7.91	0.18	1476
cologne1_sensor50_presslight_latent_observation	REAL_TEST	24	58.3	100.0	-20.22	8.89	0.34	1994
cologne1_sensor50_presslight_latent_observation	REAL_TEST	26	60.3	100.0	-22.17	10.49	0.36	1997
cologne1_sensor50_presslight_latent_observation	REAL_TEST	28	458.0	100.0	-146.86	68.48	0.23	1031
cologne1_sensor50_presslight_latent_observation	REAL_TEST	30	331.9	100.0	-56.63	6.65	0.18	1121
cologne1_sensor50_presslight_latent_observation	REAL_TEST	32	453.0	100.0	-139.95	70.06	0.42	1003
cologne1_sensor50_presslight_latent_observation	REAL_TEST	34	69.2	100.0	-25.09	11.11	0.33	1997
cologne1_sensor50_presslight_latent_observation	REAL_TEST	36	457.6	100.0	-142.16	62.48	0.31	1006
cologne1_sensor50_presslight_latent_observation	REAL_TEST	38	238.4	100.0	-53.69	7.55	0.15	1548
cologne1_sensor50_presslight_latent_observation	REAL_TEST	40	61.5	100.0	-21.68	7.39	0.29	1988
cologne1_sensor50_presslight_latent_observation	REAL_TEST	42	100.2	100.0	-40.34	17.58	0.32	1977
cologne1_sensor50_presslight_latent_observation	REAL_TEST	44	76.1	100.0	-29.46	12.53	0.34	1990
cologne1_sensor50_presslight_latent_observation	REAL_TEST	46	167.7	100.0	-44.89	0.89	0.12	1823
cologne1_sensor50_presslight_latent_observation	REAL_TEST	48	98.8	100.0	-38.79	8.34	0.26	1990
cologne1_sensor50_presslight_latent_observation	REAL_TEST	50	101.6	100.0	-38.82	9.54	0.33	1998
cologne1_sensor50_presslight_latent_observation	REAL_TEST	52	456.9	100.0	-141.06	61.41	0.25	1001
cologne1_sensor50_presslight_latent_observation	REAL_TEST	54	76.1	100.0	-28.87	9.87	0.28	1995
cologne1_sensor50_presslight_latent_observation	REAL_TEST	56	72.5	100.0	-25.87	12.77	0.33	1997
cologne1_sensor50_presslight_latent_observation	REAL_TEST	58	63.1	100.0	-24.16	3.49	0.24	1997
cologne1_sensor50_presslight_latent_observation	REAL_TEST	60	186.6	100.0	-46.42	0.94	0.11	1764
cologne1_sensor50_presslight_latent_observation	REAL_TEST	62	453.1	100.0	-139.96	70.06	0.42	1003
cologne1_sensor50_presslight_latent_observation	REAL_TEST	64	153.1	100.0	-44.84	13.57	0.25	1499
cologne1_sensor50_presslight_latent_observation	REAL_TEST	66	80.0	100.0	-31.22	10.25	0.27	1994
cologne1_sensor50_presslight_latent_observation	REAL_TEST	68	66.7	100.0	-25.07	8.95	0.26	1988
cologne1_sensor50_presslight_latent_observation	REAL_TEST	70	218.0	100.0	-51.86	15.21	0.21	1679
cologne1_sensor50_presslight_latent_observation	REAL_TEST	72	105.3	100.0	-42.15	4.38	0.17	1917
cologne1_sensor50_presslight_latent_observation	REAL_TEST	74	266.0	100.0	-53.85	23.93	0.32	1413
cologne1_sensor50_presslight_latent_observation	REAL_TEST	76	67.4	100.0	-25.53	7.81	0.24	1983
cologne1_sensor50_presslight_latent_observation	REAL_TEST	78	371.3	100.0	-57.23	7.44	0.12	1001
cologne1_sensor50_presslight_latent_observation	REAL_TEST	80	62.7	100.0	-21.92	7.92	0.29	1998
cologne1_sensor50_presslight_latent_observation	REAL_TEST	82	97.2	100.0	-42.22	4.17	0.22	1998
cologne1_sensor50_presslight_latent_observation	REAL_TEST	84	456.9	100.0	-141.06	9.73	0.12	1001
cologne1_sensor50_presslight_latent_observation	REAL_TEST	86	371.3	100.0	-57.23	15.18	0.30	1001
cologne1_sensor50_presslight_latent_observation	REAL_TEST	88	127.2	100.0	-45.31	5.63	0.20	1965
cologne1_sensor50_presslight_latent_observation	REAL_TEST	90	139.7	100.0	-67.34	4.79	0.27	1951
cologne1_sensor50_presslight_latent_observation	REAL_TEST	92	453.9	100.0	-140.60	60.94	0.25	1005
cologne1_sensor50_presslight_latent_observation	REAL_TEST	94	170.4	100.0	-47.71	16.39	0.29	1537
cologne1_sensor50_presslight_latent_observation	REAL_TEST	96	99.0	100.0	-38.75	14.00	0.33	1921
cologne1_sensor50_presslight_latent_observation	REAL_TEST	98	168.5	100.0	-48.35	16.81	0.29	1537
cologne1_sensor50_presslight_latent_observation	REAL_TEST	100	456.9	100.0	-141.06	0.04	0.06	1001
cologne1_sensor50_presslight_latent_observation	REAL_TEST	102	262.0	100.0	-54.54	16.48	0.19	1434
cologne1_sensor50_presslight_latent_observation	REAL_TEST	104	456.9	100.0	-146.57	69.88	0.26	1031
cologne1_sensor50_presslight_latent_observation	REAL_TEST	106	367.6	100.0	-57.00	25.05	0.26	1007
cologne1_sensor50_presslight_latent_observation	REAL_TEST	108	456.9	100.0	-141.06	60.81	0.26	1001
cologne1_sensor50_presslight_latent_observation	REAL_TEST	110	90.1	100.0	-33.09	23.60	0.47	1996
cologne1_sensor50_presslight_latent_observation	REAL_TEST	112	58.7	100.0	-20.41	10.86	0.44	1997
cologne1_sensor50_presslight_latent_observation	REAL_TEST	114	132.9	100.0	-63.25	5.56	0.32	1989
cologne1_sensor50_presslight_latent_observation	REAL_TEST	116	101.5	100.0	-40.38	11.40	0.22	1925
cologne1_sensor50_presslight_latent_observation	REAL_TEST	118	450.8	100.0	-140.22	60.61	0.26	1010
cologne1_sensor50_presslight_latent_observation	REAL_TEST	120	258.3	100.0	-54.38	39.63	0.42	1409
cologne1_sensor50_presslight_latent_observation	REAL_TEST	122	57.2	100.0	-20.02	8.72	0.34	1988
cologne1_sensor50_presslight_latent_observation	REAL_TEST	124	60.1	100.0	-20.84	7.00	0.31	1997
cologne1_sensor50_presslight_latent_observation	REAL_TEST	126	70.9	100.0	-27.23	5.28	0.20	1923
cologne1_sensor50_presslight_latent_observation	REAL_TEST	128	371.3	100.0	-57.23	7.63	0.16	1001
cologne1_sensor50_presslight_latent_observation	REAL_TEST	130	122.9	100.0	-57.41	3.75	0.22	1997
cologne1_sensor50_presslight_latent_observation	REAL_TEST	132	1282.1	100.0	-163.38	24.48	0.34	330
cologne1_sensor50_presslight_latent_observation	REAL_TEST	134	456.9	100.0	-141.06	51.09	0.14	1001
cologne1_sensor50_presslight_latent_observation	REAL_TEST	136	71.5	100.0	-25.89	13.09	0.36	1997
cologne1_sensor50_presslight_latent_observation	REAL_TEST	138	453.1	100.0	-139.96	60.31	0.26	1003
cologne1_sensor50_presslight_latent_observation	REAL_TEST	140	126.3	100.0	-47.12	15.79	0.25	1879
cologne1_sensor50_presslight_latent_observation	REAL_TEST	142	453.0	100.0	-139.95	70.03	0.38	1003
cologne1_sensor50_presslight_latent_observation	REAL_TEST	144	77.9	100.0	-28.26	16.56	0.38	1995
cologne1_sensor50_presslight_latent_observation	REAL_TEST	146	70.3	100.0	-26.04	7.74	0.25	1996
cologne1_sensor50_presslight_latent_observation	REAL_TEST	148	453.1	100.0	-139.96	70.04	0.38	1003
cologne1_sensor50_presslight_latent_observation	REAL_TEST	150	72.0	100.0	-25.65	9.54	0.29	1998
cologne1_sensor50_presslight_latent_observation	REAL_TEST	152	137.9	100.0	-66.27	4.03	0.26	1966
cologne1_sensor50_presslight_latent_observation	REAL_TEST	154	456.9	100.0	-141.06	0.04	0.06	1001
cologne1_sensor50_presslight_latent_observation	REAL_TEST	156	457.6	100.0	-142.16	52.76	0.19	1006
cologne1_sensor50_presslight_latent_observation	REAL_TEST	158	371.3	100.0	-57.23	0.01	0.03	1001
cologne1_sensor50_presslight_latent_observation	REAL_TEST	160	72.8	100.0	-28.80	7.13	0.30	1922
cologne1_sensor50_presslight_latent_observation	REAL_TEST	162	371.3	100.0	-57.23	25.35	0.29	1001
cologne1_sensor50_presslight_latent_observation	REAL_TEST	164	58.5	100.0	-20.74	9.45	0.39	1986
cologne1_sensor50_presslight_latent_observation	REAL_TEST	166	456.9	100.0	-141.06	51.11	0.17	1001
cologne1_sensor50_presslight_latent_observation	REAL_TEST	168	453.9	100.0	-140.59	70.65	0.36	1005
cologne1_sensor50_presslight_latent_observation	REAL_TEST	170	114.7	100.0	-53.59	2.41	0.18	1994
cologne1_sensor50_presslight_latent_observation	REAL_TEST	172	453.1	100.0	-139.96	70.03	0.37	1003
cologne1_sensor50_presslight_latent_observation	REAL_TEST	174	72.2	100.0	-25.58	10.24	0.29	1998
cologne1_sensor50_presslight_latent_observation	REAL_TEST	176	84.8	100.0	-31.72	21.28	0.43	1992
cologne1_sensor50_presslight_latent_observation	REAL_TEST	178	453.0	100.0	-139.95	70.07	0.43	1003
cologne1_sensor50_presslight_latent_observation	REAL_TEST	180	453.9	100.0	-140.59	60.83	0.29	1005
cologne1_sensor50_presslight_latent_observation	REAL_TEST	182	371.3	100.0	-57.23	17.67	0.18	1001
cologne1_sensor50_presslight_latent_observation	REAL_TEST	184	96.0	100.0	-40.20	3.52	0.16	1995
cologne1_sensor50_presslight_latent_observation	REAL_TEST	186	126.0	100.0	-59.30	5.82	0.27	1963
cologne1_sensor50_presslight_latent_observation	REAL_TEST	188	81.8	100.0	-30.95	18.93	0.40	1997
cologne1_sensor50_presslight_latent_observation	REAL_TEST	190	456.9	100.0	-141.06	51.11	0.19	1001
cologne1_sensor50_presslight_latent_observation	REAL_TEST	192	371.3	100.0	-57.23	0.18	0.07	1001
cologne1_sensor50_presslight_latent_observation	REAL_TEST	194	456.9	100.0	-141.06	51.09	0.14	1001
cologne1_sensor50_presslight_latent_observation	REAL_TEST	196	91.6	100.0	-35.38	5.79	0.20	1975
cologne1_sensor50_presslight_latent_observation	REAL_TEST	198	60.9	100.0	-21.82	6.69	0.24	1988
