ingolstadt1_setting4_presslight_naive	REAL_TEST	3	218.9	100.0	-41.27	39.12	0.43	1191	0.0000	0.0000
ingolstadt1_setting4_presslight_naive	REAL_TEST	6	209.6	100.0	-39.17	37.09	0.39	1176	0.0000	0.0000
ingolstadt1_setting4_presslight_naive	REAL_TEST	9	206.4	100.0	-35.13	32.59	0.41	1177	0.0000	0.0000
ingolstadt1_setting4_presslight_naive	REAL_TEST	12	199.1	100.0	-33.27	30.67	0.35	1206	0.0000	0.0000
ingolstadt1_setting4_presslight_naive	REAL_TEST	15	190.1	100.0	-30.47	27.77	0.39	1229	0.0000	0.0000
ingolstadt1_setting4_presslight_naive	REAL_TEST	18	205.3	100.0	-33.41	30.88	0.39	1169	0.0000	0.0000
ingolstadt1_setting4_presslight_naive	REAL_TEST	21	203.4	100.0	-32.96	30.43	0.38	1174	0.0000	0.0000
ingolstadt1_setting4_presslight_naive	REAL_TEST	24	201.6	100.0	-32.95	30.40	0.38	1185	0.0000	0.0000
ingolstadt1_setting4_presslight_naive	REAL_TEST	27	184.6	100.0	-29.65	26.87	0.37	1257	0.0000	0.0000
ingolstadt1_setting4_presslight_naive	REAL_TEST	30	203.4	100.0	-32.96	30.43	0.38	1174	0.0000	0.0000
ingolstadt1_setting4_presslight_naive	REAL_TEST	33	192.9	100.0	-32.22	29.57	0.37	1232	0.0000	0.0000
ingolstadt1_setting4_presslight_naive	REAL_TEST	36	186.9	100.0	-29.75	27.02	0.37	1239	0.0000	0.0000
ingolstadt1_setting4_presslight_naive	REAL_TEST	39	186.9	100.0	-29.75	27.02	0.37	1239	0.0000	0.0000
ingolstadt1_setting4_presslight_naive	REAL_TEST	42	184.6	100.0	-29.53	26.77	0.37	1253	0.0000	0.0000
ingolstadt1_setting4_presslight_naive	REAL_TEST	45	186.9	100.0	-29.75	27.02	0.37	1239	0.0000	0.0000
ingolstadt1_setting4_presslight_naive	REAL_TEST	48	189.6	100.0	-30.10	27.41	0.38	1224	0.0000	0.0000
ingolstadt1_setting4_presslight_naive	REAL_TEST	51	189.6	100.0	-30.10	27.41	0.38	1224	0.0000	0.0000
ingolstadt1_setting4_presslight_naive	REAL_TEST	54	189.6	100.0	-30.10	27.41	0.38	1224	0.0000	0.0000
ingolstadt1_setting4_presslight_naive	REAL_TEST	57	190.0	100.0	-30.25	27.54	0.33	1225	0.0000	0.0000
ingolstadt1_setting4_presslight_naive	REAL_TEST	60	156.6	100.0	-24.33	21.03	0.37	1420	0.0000	0.0000
ingolstadt1_setting4_presslight_naive	REAL_TEST	63	159.3	100.0	-25.52	22.27	0.35	1405	0.0000	0.0000
ingolstadt1_setting4_presslight_naive	REAL_TEST	66	152.6	100.0	-23.37	19.99	0.37	1443	0.0000	0.0000
ingolstadt1_setting4_presslight_naive	REAL_TEST	69	152.6	100.0	-23.37	19.99	0.37	1443	0.0000	0.0000
ingolstadt1_setting4_presslight_naive	REAL_TEST	72	152.6	100.0	-23.37	19.99	0.37	1443	0.0000	0.0000
ingolstadt1_setting4_presslight_naive	REAL_TEST	75	157.6	100.0	-14.41	10.99	0.34	1283	0.0000	0.0000
ingolstadt1_setting4_presslight_naive	REAL_TEST	78	157.6	100.0	-14.41	10.99	0.34	1283	0.0000	0.0000
ingolstadt1_setting4_presslight_naive	REAL_TEST	81	157.1	100.0	-23.06	19.71	0.32	1420	0.0000	0.0000
ingolstadt1_setting4_presslight_naive	REAL_TEST	84	163.5	100.0	-24.13	20.83	0.38	1379	0.0000	0.0000
ingolstadt1_setting4_presslight_naive	REAL_TEST	87	156.5	100.0	-22.14	18.69	0.40	1392	0.0000	0.0000
ingolstadt1_setting4_presslight_naive	REAL_TEST	90	160.0	100.0	-25.85	22.44	0.41	1424	0.0000	0.0000
ingolstadt1_setting4_presslight_naive	REAL_TEST	93	159.6	100.0	-18.17	14.72	0.37	1309	0.0000	0.0000
ingolstadt1_setting4_presslight_naive	REAL_TEST	96	165.6	100.0	-17.93	14.51	0.38	1258	0.0000	0.0000
ingolstadt1_setting4_presslight_naive	REAL_TEST	99	170.6	100.0	-16.66	13.27	0.37	1243	0.0000	0.0000
ingolstadt1_setting4_presslight_naive	REAL_TEST	102	165.6	100.0	-17.93	14.51	0.38	1258	0.0000	0.0000
ingolstadt1_setting4_presslight_naive	REAL_TEST	105	169.4	100.0	-16.38	12.95	0.37	1232	0.0000	0.0000
ingolstadt1_setting4_presslight_naive	REAL_TEST	108	159.6	100.0	-13.84	10.46	0.32	1233	0.0000	0.0000
ingolstadt1_setting4_presslight_naive	REAL_TEST	111	150.1	100.0	-20.15	16.65	0.32	1449	0.0000	0.0000
ingolstadt1_setting4_presslight_naive	REAL_TEST	114	148.5	100.0	-14.09	10.63	0.33	1338	0.0000	0.0000
ingolstadt1_setting4_presslight_naive	REAL_TEST	117	131.1	100.0	-11.06	7.48	0.31	1431	0.0000	0.0000
ingolstadt1_setting4_presslight_naive	REAL_TEST	120	136.8	100.0	-15.85	12.27	0.36	1503	0.0000	0.0000
ingolstadt1_setting4_presslight_naive	REAL_TEST	123	137.8	100.0	-14.65	11.09	0.36	1463	0.0000	0.0000
ingolstadt1_setting4_presslight_naive	REAL_TEST	126	159.7	100.0	-25.58	22.18	0.40	1449	0.0000	0.0000
ingolstadt1_setting4_presslight_naive	REAL_TEST	129	154.3	100.0	-23.85	20.48	0.38	1491	0.0000	0.0000
ingolstadt1_setting4_presslight_naive	REAL_TEST	132	155.4	100.0	-19.78	16.37	0.37	1414	0.0000	0.0000
ingolstadt1_setting4_presslight_naive	REAL_TEST	135	140.2	100.0	-22.11	18.61	0.37	1570	0.0000	0.0000
ingolstadt1_setting4_presslight_naive	REAL_TEST	138	150.0	100.0	-28.37	24.86	0.40	1612	0.0000	0.0000
ingolstadt1_setting4_presslight_naive	REAL_TEST	141	153.2	100.0	-21.63	18.12	0.40	1465	0.0000	0.0000
ingolstadt1_setting4_presslight_naive	REAL_TEST	144	153.3	100.0	-14.75	11.27	0.35	1321	0.0000	0.0000
ingolstadt1_setting4_presslight_naive	REAL_TEST	147	146.9	100.0	-25.71	22.19	0.38	1581	0.0000	0.0000
ingolstadt1_setting4_presslight_naive	REAL_TEST	150	154.6	100.0	-31.64	28.46	0.40	1545	0.0000	0.0000
ingolstadt1_setting4_presslight_naive	REAL_TEST	153	118.5	100.0	-16.40	12.91	0.32	1636	0.0000	0.0000
ingolstadt1_setting4_presslight_naive	REAL_TEST	156	129.4	100.0	-19.34	15.88	0.34	1632	0.0000	0.0000
ingolstadt1_setting4_presslight_naive	REAL_TEST	159	120.7	100.0	-13.78	10.26	0.31	1571	0.0000	0.0000
ingolstadt1_setting4_presslight_naive	REAL_TEST	162	136.7	100.0	-13.42	9.98	0.32	1447	0.0000	0.0000
ingolstadt1_setting4_presslight_naive	REAL_TEST	165	138.6	100.0	-12.85	9.44	0.29	1411	0.0000	0.0000
ingolstadt1_setting4_presslight_naive	REAL_TEST	168	133.6	100.0	-10.42	6.81	0.31	1409	0.0000	0.0000
ingolstadt1_setting4_presslight_naive	REAL_TEST	171	133.6	100.0	-10.42	6.81	0.31	1409	0.0000	0.0000
ingolstadt1_setting4_presslight_naive	REAL_TEST	174	156.2	100.0	-22.79	19.30	0.35	1470	0.0000	0.0000
ingolstadt1_setting4_presslight_naive	REAL_TEST	177	151.1	100.0	-7.50	3.98	0.29	1222	0.0000	0.0000
ingolstadt1_setting4_presslight_naive	REAL_TEST	180	126.0	100.0	-7.96	4.29	0.30	1412	0.0000	0.0000
ingolstadt1_setting4_presslight_naive	REAL_TEST	183	128.2	100.0	-8.70	5.00	0.30	1409	0.0000	0.0000
ingolstadt1_setting4_presslight_naive	REAL_TEST	186	150.8	100.0	-7.63	4.05	0.26	1190	0.0000	0.0000
ingolstadt1_setting4_presslight_naive	REAL_TEST	189	131.9	100.0	-11.36	7.70	0.28	1433	0.0000	0.0000
ingolstadt1_setting4_presslight_naive	REAL_TEST	192	126.2	100.0	-8.91	5.21	0.30	1435	0.0000	0.0000
ingolstadt1_setting4_presslight_naive	REAL_TEST	195	114.0	100.0	-11.51	7.79	0.30	1576	0.0000	0.0000
ingolstadt1_setting4_presslight_naive	REAL_TEST	198	126.2	100.0	-8.91	5.21	0.30	1435	0.0000	0.0000
ingolstadt1_setting4_presslight_naive	REAL_TEST	201	149.8	100.0	-8.10	4.54	0.29	1191	0.0000	0.0000
ingolstadt1_setting4_presslight_naive	REAL_TEST	204	149.8	100.0	-8.10	4.54	0.29	1191	0.0000	0.0000
ingolstadt1_setting4_presslight_naive	REAL_TEST	207	157.2	100.0	-32.72	29.81	0.37	1492	0.0000	0.0000
ingolstadt1_setting4_presslight_naive	REAL_TEST	210	151.0	100.0	-31.25	28.26	0.36	1521	0.0000	0.0000
ingolstadt1_setting4_presslight_naive	REAL_TEST	213	184.1	100.0	-35.83	33.34	0.38	1301	0.0000	0.0000
ingolstadt1_setting4_presslight_naive	REAL_TEST	216	177.9	100.0	-35.16	32.63	0.37	1326	0.0000	0.0000
ingolstadt1_setting4_presslight_naive	REAL_TEST	219	125.2	100.0	-15.30	11.83	0.30	1572	0.0000	0.0000
ingolstadt1_setting4_presslight_naive	REAL_TEST	222	127.1	100.0	-9.48	5.95	0.28	1448	0.0000	0.0000
ingolstadt1_setting4_presslight_naive	REAL_TEST	225	137.3	100.0	-6.39	2.83	0.27	1281	0.0000	0.0000
ingolstadt1_setting4_presslight_naive	REAL_TEST	228	123.5	100.0	-11.80	8.26	0.29	1469	0.0000	0.0000
ingolstadt1_setting4_presslight_naive	REAL_TEST	231	138.4	100.0	-6.65	3.02	0.29	1284	0.0000	0.0000
ingolstadt1_setting4_presslight_naive	REAL_TEST	234	148.9	100.0	-7.57	3.98	0.29	1191	0.0000	0.0000
ingolstadt1_setting4_presslight_naive	REAL_TEST	237	147.7	100.0	-6.82	3.26	0.29	1183	0.0000	0.0000
ingolstadt1_setting4_presslight_naive	REAL_TEST	240	140.7	100.0	-26.88	23.44	0.34	1616	0.0000	0.0000
ingolstadt1_setting4_presslight_naive	REAL_TEST	243	178.6	100.0	-35.47	33.01	0.37	1312	0.0000	0.0000
ingolstadt1_setting4_presslight_naive	REAL_TEST	246	185.4	100.0	-36.89	34.54	0.37	1290	0.0000	0.0000
ingolstadt1_setting4_presslight_naive	REAL_TEST	249	111.7	100.0	-9.79	6.14	0.30	1556	0.0000	0.0000
ingolstadt1_setting4_presslight_naive	REAL_TEST	252	136.8	100.0	-6.56	2.95	0.27	1285	0.0000	0.0000
ingolstadt1_setting4_presslight_naive	REAL_TEST	255	189.4	100.0	-37.27	34.99	0.37	1259	0.0000	0.0000
ingolstadt1_setting4_presslight_naive	REAL_TEST	258	177.2	100.0	-36.90	34.52	0.37	1290	0.0000	0.0000
ingolstadt1_setting4_presslight_naive	REAL_TEST	261	184.5	100.0	-36.87	34.51	0.37	1290	0.0000	0.0000
ingolstadt1_setting4_presslight_naive	REAL_TEST	264	149.9	100.0	-35.54	33.01	0.36	1349	0.0000	0.0000
ingolstadt1_setting4_presslight_naive	REAL_TEST	267	163.2	100.0	-43.02	40.67	0.40	1307	0.0000	0.0000
ingolstadt1_setting4_presslight_naive	REAL_TEST	270	144.6	100.0	-37.12	34.59	0.38	1431	0.0000	0.0000
ingolstadt1_setting4_presslight_naive	REAL_TEST	273	94.2	100.0	-16.74	13.21	0.32	1702	0.0000	0.0000
ingolstadt1_setting4_presslight_naive	REAL_TEST	276	120.2	100.0	-14.00	10.32	0.33	1571	0.0000	0.0000
ingolstadt1_setting4_presslight_naive	REAL_TEST	279	88.9	100.0	-15.16	11.49	0.30	1692	0.0000	0.0000
ingolstadt1_setting4_presslight_naive	REAL_TEST	282	108.6	100.0	-15.03	11.32	0.34	1669	0.0000	0.0000
ingolstadt1_setting4_presslight_naive	REAL_TEST	285	97.9	100.0	-13.02	9.35	0.31	1621	0.0000	0.0000
ingolstadt1_setting4_presslight_naive	REAL_TEST	288	116.5	100.0	-8.39	4.72	0.29	1430	0.0000	0.0000
ingolstadt1_setting4_presslight_naive	REAL_TEST	291	112.1	100.0	-26.14	22.51	0.36	1646	0.0000	0.0000
ingolstadt1_setting4_presslight_naive	REAL_TEST	294	134.8	100.0	-33.17	30.00	0.38	1566	0.0000	0.0000
ingolstadt1_setting4_presslight_naive	REAL_TEST	297	102.1	100.0	-9.17	5.38	0.28	1530	0.0000	0.0000
