bullhead_1_setting2_presslight_gat	SIM_TEST	0	121.0	100.0	-5.67	3.09	0.63	1399
bullhead_1_setting2_presslight_gat	REAL_TRAIN	0	136.9	100.0	-31.55	5.97	0.60	1370
bullhead_1_setting2_presslight_gat	SIM_TRAIN	0	373.8	0.0	-68.57	66.31	0.90	1195
bullhead_1_setting2_presslight_gat	SIM_TEST	1	120.8	100.0	-5.60	3.03	0.62	1399
bullhead_1_setting2_presslight_gat	REAL_TRAIN	1	136.9	100.0	-31.55	5.97	0.60	1370
bullhead_1_setting2_presslight_gat	SIM_TRAIN	0	373.8	0.0	-68.55	66.31	0.90	1195
bullhead_1_setting2_presslight_gat	SIM_TEST	2	120.3	100.0	-5.38	2.91	0.62	1398
bullhead_1_setting2_presslight_gat	REAL_TRAIN	2	136.9	100.0	-31.55	5.97	0.60	1370
bullhead_1_setting2_presslight_gat	SIM_TRAIN	0	373.8	6.1	-68.56	66.31	0.90	1195
bullhead_1_setting2_presslight_gat	SIM_TEST	3	124.2	100.0	-6.94	4.31	0.77	1397
bullhead_1_setting2_presslight_gat	REAL_TRAIN	3	141.4	100.0	-33.44	7.85	0.75	1368
bullhead_1_setting2_presslight_gat	SIM_TRAIN	0	373.8	4.4	-68.56	66.31	0.90	1195
bullhead_1_setting2_presslight_gat	SIM_TEST	4	733.5	100.0	-182.19	178.03	0.91	852
bullhead_1_setting2_presslight_gat	REAL_TRAIN	4	143.2	100.0	-34.12	8.54	0.79	1366
bullhead_1_setting2_presslight_gat	SIM_TRAIN	0	314.9	6.2	-45.17	42.07	0.90	1242
bullhead_1_setting2_presslight_gat	SIM_TEST	5	136.6	100.0	-11.87	9.45	0.76	1389
bullhead_1_setting2_presslight_gat	REAL_TRAIN	5	171.5	100.0	-45.19	19.41	0.75	1358
bullhead_1_setting2_presslight_gat	SIM_TRAIN	0	373.8	5.9	-68.57	66.31	0.90	1195
bullhead_1_setting2_presslight_gat	SIM_TEST	6	130.9	100.0	-9.64	7.17	0.78	1394
bullhead_1_setting2_presslight_gat	REAL_TRAIN	6	152.8	100.0	-37.92	12.39	0.77	1365
bullhead_1_setting2_presslight_gat	SIM_TRAIN	0	373.8	4.7	-68.57	66.31	0.90	1195
bullhead_1_setting2_presslight_gat	SIM_TEST	7	128.8	100.0	-8.83	6.37	0.80	1394
bullhead_1_setting2_presslight_gat	REAL_TRAIN	7	150.7	100.0	-37.10	11.57	0.77	1364
bullhead_1_setting2_presslight_gat	SIM_TRAIN	0	360.2	4.5	-68.16	65.95	0.90	1201
bullhead_1_setting2_presslight_gat	SIM_TEST	8	245.2	100.0	-35.63	30.17	0.90	1304
bullhead_1_setting2_presslight_gat	REAL_TRAIN	8	221.9	100.0	-61.05	33.66	0.91	1260
bullhead_1_setting2_presslight_gat	SIM_TRAIN	0	535.7	11.3	-137.93	125.59	0.95	1084
bullhead_1_setting2_presslight_gat	SIM_TEST	9	257.2	100.0	-22.24	19.16	0.89	1295
bullhead_1_setting2_presslight_gat	REAL_TRAIN	9	165.3	100.0	-40.40	15.45	0.81	1272
bullhead_1_setting2_presslight_gat	SIM_TRAIN	0	373.8	10.5	-68.57	66.31	0.90	1195
bullhead_1_setting2_presslight_gat	SIM_TEST	10	145.2	100.0	-15.35	12.52	0.88	1389
bullhead_1_setting2_presslight_gat	REAL_TRAIN	10	159.5	100.0	-37.80	12.73	0.81	1276
bullhead_1_setting2_presslight_gat	SIM_TRAIN	0	346.3	7.2	-67.70	65.51	0.90	1208
bullhead_1_setting2_presslight_gat	SIM_TEST	11	137.7	100.0	-12.31	9.53	0.88	1392
bullhead_1_setting2_presslight_gat	REAL_TRAIN	11	149.8	100.0	-35.12	9.66	0.82	1318
bullhead_1_setting2_presslight_gat	SIM_TRAIN	0	307.5	5.8	-63.38	61.37	0.79	1246
bullhead_1_setting2_presslight_gat	SIM_TEST	12	142.6	100.0	-13.65	10.87	0.79	1395
bullhead_1_setting2_presslight_gat	REAL_TRAIN	12	146.0	100.0	-34.97	9.32	0.69	1367
bullhead_1_setting2_presslight_gat	SIM_TRAIN	0	349.4	6.4	-81.11	75.91	0.70	1208
bullhead_1_setting2_presslight_gat	SIM_TEST	13	136.9	100.0	-12.05	9.55	0.79	1387
bullhead_1_setting2_presslight_gat	REAL_TRAIN	13	143.2	100.0	-34.07	8.56	0.70	1369
bullhead_1_setting2_presslight_gat	SIM_TRAIN	0	348.3	7.3	-80.59	75.49	0.70	1212
bullhead_1_setting2_presslight_gat	SIM_TEST	14	132.6	100.0	-10.33	7.60	0.80	1392
bullhead_1_setting2_presslight_gat	REAL_TRAIN	14	144.2	100.0	-33.61	7.52	0.65	1369
bullhead_1_setting2_presslight_gat	SIM_TRAIN	0	279.4	8.9	-68.91	64.84	0.64	1254
bullhead_1_setting2_presslight_gat	SIM_TEST	15	202.7	100.0	-24.89	20.86	0.90	1354
bullhead_1_setting2_presslight_gat	REAL_TRAIN	15	220.8	100.0	-60.52	32.93	0.94	1267
bullhead_1_setting2_presslight_gat	SIM_TRAIN	0	565.1	11.7	-150.09	136.61	0.96	1043
bullhead_1_setting2_presslight_gat	SIM_TEST	16	135.1	100.0	-11.23	8.46	0.86	1392
bullhead_1_setting2_presslight_gat	REAL_TRAIN	16	1128.5	100.0	-323.52	301.98	0.92	520
bullhead_1_setting2_presslight_gat	SIM_TRAIN	0	182.1	14.1	-13.45	10.22	0.85	1352
bullhead_1_setting2_presslight_gat	SIM_TEST	17	138.8	100.0	-12.70	10.09	0.88	1391
bullhead_1_setting2_presslight_gat	REAL_TRAIN	17	156.4	100.0	-38.99	13.66	0.82	1344
bullhead_1_setting2_presslight_gat	SIM_TRAIN	0	178.8	17.0	-28.95	25.09	0.69	1354
bullhead_1_setting2_presslight_gat	SIM_TEST	18	136.0	100.0	-11.58	9.06	0.87	1392
bullhead_1_setting2_presslight_gat	REAL_TRAIN	18	137.8	100.0	-31.73	6.29	0.65	1366
bullhead_1_setting2_presslight_gat	SIM_TRAIN	0	137.1	18.1	-11.98	9.49	0.83	1391
bullhead_1_setting2_presslight_gat	SIM_TEST	19	133.2	100.0	-10.58	7.97	0.87	1396
bullhead_1_setting2_presslight_gat	REAL_TRAIN	19	135.8	100.0	-31.01	5.51	0.74	1371
bullhead_1_setting2_presslight_gat	SIM_TRAIN	0	136.0	17.2	-11.54	8.93	0.86	1390
bullhead_1_setting2_presslight_gat	SIM_TEST	20	130.8	100.0	-9.56	7.06	0.87	1392
bullhead_1_setting2_presslight_gat	REAL_TRAIN	20	150.4	100.0	-37.01	11.59	0.82	1366
bullhead_1_setting2_presslight_gat	SIM_TRAIN	0	178.5	17.7	-28.85	25.00	0.61	1371
bullhead_1_setting2_presslight_gat	SIM_TEST	21	129.3	100.0	-8.98	6.46	0.85	1395
bullhead_1_setting2_presslight_gat	REAL_TRAIN	21	161.4	100.0	-40.06	14.78	0.82	1316
bullhead_1_setting2_presslight_gat	SIM_TRAIN	0	129.9	17.0	-9.24	6.69	0.81	1392
bullhead_1_setting2_presslight_gat	SIM_TEST	22	126.8	100.0	-7.99	5.50	0.85	1396
bullhead_1_setting2_presslight_gat	REAL_TRAIN	22	152.7	100.0	-37.87	12.43	0.82	1363
bullhead_1_setting2_presslight_gat	SIM_TRAIN	0	127.6	15.6	-8.31	5.86	0.81	1393
bullhead_1_setting2_presslight_gat	SIM_TEST	23	125.5	100.0	-7.51	5.01	0.80	1396
bullhead_1_setting2_presslight_gat	REAL_TRAIN	23	160.6	100.0	-39.81	14.59	0.82	1316
bullhead_1_setting2_presslight_gat	SIM_TRAIN	0	135.6	14.5	-11.38	8.79	0.67	1395
bullhead_1_setting2_presslight_gat	SIM_TEST	24	127.3	100.0	-8.11	5.48	0.72	1396
bullhead_1_setting2_presslight_gat	REAL_TRAIN	24	168.2	100.0	-42.71	17.58	0.82	1310
bullhead_1_setting2_presslight_gat	SIM_TRAIN	0	246.3	14.2	-43.07	39.06	0.70	1308
bullhead_1_setting2_presslight_gat	SIM_TEST	25	130.4	100.0	-9.38	6.74	0.72	1394
bullhead_1_setting2_presslight_gat	REAL_TRAIN	25	179.4	100.0	-45.86	20.86	0.82	1269
bullhead_1_setting2_presslight_gat	SIM_TRAIN	0	254.9	13.9	-43.47	39.70	0.70	1313
bullhead_1_setting2_presslight_gat	SIM_TEST	26	135.0	100.0	-11.22	8.60	0.73	1391
bullhead_1_setting2_presslight_gat	REAL_TRAIN	26	195.8	100.0	-51.96	26.99	0.81	1261
bullhead_1_setting2_presslight_gat	SIM_TRAIN	0	305.3	13.3	-58.25	55.86	0.85	1233
bullhead_1_setting2_presslight_gat	SIM_TEST	27	127.2	100.0	-8.03	5.27	0.68	1396
bullhead_1_setting2_presslight_gat	REAL_TRAIN	27	187.5	100.0	-48.85	23.83	0.82	1266
bullhead_1_setting2_presslight_gat	SIM_TRAIN	0	251.8	11.4	-42.20	38.46	0.71	1314
bullhead_1_setting2_presslight_gat	SIM_TEST	28	123.6	100.0	-6.70	4.23	0.74	1398
bullhead_1_setting2_presslight_gat	REAL_TRAIN	28	186.7	100.0	-48.55	23.52	0.82	1266
bullhead_1_setting2_presslight_gat	SIM_TRAIN	0	220.1	9.2	-38.48	35.13	0.71	1324
bullhead_1_setting2_presslight_gat	SIM_TEST	29	127.9	100.0	-8.35	5.58	0.85	1396
bullhead_1_setting2_presslight_gat	REAL_TRAIN	29	177.5	100.0	-45.14	20.12	0.81	1272
bullhead_1_setting2_presslight_gat	SIM_TRAIN	0	127.9	7.5	-8.43	5.90	0.84	1397
bullhead_1_setting2_presslight_gat	SIM_TEST	30	130.2	100.0	-9.32	6.45	0.82	1394
bullhead_1_setting2_presslight_gat	REAL_TRAIN	30	183.6	100.0	-47.41	22.41	0.81	1270
bullhead_1_setting2_presslight_gat	SIM_TRAIN	0	129.0	6.8	-8.83	6.19	0.85	1396
bullhead_1_setting2_presslight_gat	SIM_TEST	31	144.2	100.0	-11.19	8.25	0.80	1381
bullhead_1_setting2_presslight_gat	REAL_TRAIN	31	176.4	100.0	-45.90	20.77	0.83	1308
bullhead_1_setting2_presslight_gat	SIM_TRAIN	0	129.5	7.1	-9.09	6.46	0.85	1394
bullhead_1_setting2_presslight_gat	SIM_TEST	32	177.9	100.0	-11.76	8.50	0.77	1354
bullhead_1_setting2_presslight_gat	REAL_TRAIN	32	174.2	100.0	-45.18	20.04	0.83	1312
bullhead_1_setting2_presslight_gat	SIM_TRAIN	0	178.5	6.3	-12.00	8.80	0.79	1355
bullhead_1_setting2_presslight_gat	SIM_TEST	33	127.2	100.0	-8.10	5.17	0.77	1393
bullhead_1_setting2_presslight_gat	REAL_TRAIN	33	129.8	100.0	-28.43	2.98	0.61	1373
bullhead_1_setting2_presslight_gat	SIM_TRAIN	0	126.7	6.0	-7.80	5.12	0.79	1398
bullhead_1_setting2_presslight_gat	SIM_TEST	34	126.1	100.0	-7.66	4.97	0.77	1396
bullhead_1_setting2_presslight_gat	REAL_TRAIN	34	142.9	100.0	-34.01	8.55	0.75	1368
bullhead_1_setting2_presslight_gat	SIM_TRAIN	0	123.2	5.4	-6.60	4.04	0.78	1397
bullhead_1_setting2_presslight_gat	SIM_TEST	35	126.0	100.0	-7.63	4.95	0.79	1396
bullhead_1_setting2_presslight_gat	REAL_TRAIN	35	142.5	100.0	-33.87	8.44	0.74	1368
bullhead_1_setting2_presslight_gat	SIM_TRAIN	0	123.9	4.9	-6.83	4.20	0.76	1397
bullhead_1_setting2_presslight_gat	SIM_TEST	36	124.9	100.0	-7.21	4.46	0.80	1396
bullhead_1_setting2_presslight_gat	REAL_TRAIN	36	130.0	100.0	-28.35	2.91	0.57	1371
bullhead_1_setting2_presslight_gat	SIM_TRAIN	0	123.2	4.7	-6.53	3.91	0.77	1397
bullhead_1_setting2_presslight_gat	SIM_TEST	37	125.2	100.0	-7.33	4.63	0.82	1397
bullhead_1_setting2_presslight_gat	REAL_TRAIN	37	130.2	100.0	-28.44	2.99	0.61	1371
bullhead_1_setting2_presslight_gat	SIM_TRAIN	0	122.7	4.8	-6.28	3.62	0.75	1399
bullhead_1_setting2_presslight_gat	SIM_TEST	38	122.4	100.0	-6.15	3.40	0.76	1396
bullhead_1_setting2_presslight_gat	REAL_TRAIN	38	130.1	100.0	-28.31	2.84	0.60	1374
bullhead_1_setting2_presslight_gat	SIM_TRAIN	0	122.5	4.5	-6.16	3.41	0.72	1396
bullhead_1_setting2_presslight_gat	SIM_TEST	39	123.1	100.0	-6.45	3.77	0.73	1395
bullhead_1_setting2_presslight_gat	REAL_TRAIN	39	129.2	100.0	-28.18	2.74	0.56	1373
bullhead_1_setting2_presslight_gat	SIM_TRAIN	0	121.4	4.6	-5.76	3.05	0.71	1398
bullhead_1_setting2_presslight_gat	SIM_TEST	40	122.6	100.0	-6.25	3.51	0.72	1396
bullhead_1_setting2_presslight_gat	REAL_TRAIN	40	133.4	100.0	-30.25	4.78	0.66	1369
bullhead_1_setting2_presslight_gat	SIM_TRAIN	0	121.3	4.5	-5.70	3.01	0.68	1398
bullhead_1_setting2_presslight_gat	SIM_TEST	41	121.7	100.0	-5.93	3.31	0.73	1398
bullhead_1_setting2_presslight_gat	REAL_TRAIN	41	141.5	100.0	-33.43	7.94	0.68	1370
bullhead_1_setting2_presslight_gat	SIM_TRAIN	0	120.6	4.1	-5.45	2.82	0.65	1399
bullhead_1_setting2_presslight_gat	SIM_TEST	42	122.8	100.0	-6.32	3.62	0.70	1398
bullhead_1_setting2_presslight_gat	REAL_TRAIN	42	147.2	100.0	-35.72	10.30	0.71	1366
bullhead_1_setting2_presslight_gat	SIM_TRAIN	0	120.9	3.8	-5.52	2.95	0.66	1397
bullhead_1_setting2_presslight_gat	SIM_TEST	43	120.2	100.0	-5.34	2.74	0.65	1398
bullhead_1_setting2_presslight_gat	REAL_TRAIN	43	148.2	100.0	-36.01	10.59	0.60	1363
bullhead_1_setting2_presslight_gat	SIM_TRAIN	0	119.8	3.3	-5.17	2.61	0.63	1397
bullhead_1_setting2_presslight_gat	SIM_TEST	44	121.8	100.0	-5.90	3.41	0.68	1399
bullhead_1_setting2_presslight_gat	REAL_TRAIN	44	156.4	100.0	-39.34	13.89	0.77	1362
bullhead_1_setting2_presslight_gat	SIM_TRAIN	0	122.5	3.1	-6.16	3.56	0.59	1399
bullhead_1_setting2_presslight_gat	SIM_TEST	45	121.2	100.0	-5.74	3.21	0.73	1398
bullhead_1_setting2_presslight_gat	REAL_TRAIN	45	147.9	100.0	-36.06	10.60	0.75	1362
bullhead_1_setting2_presslight_gat	SIM_TRAIN	0	119.8	3.0	-5.15	2.63	0.58	1399
bullhead_1_setting2_presslight_gat	SIM_TEST	46	121.9	100.0	-6.00	3.52	0.70	1398
bullhead_1_setting2_presslight_gat	REAL_TRAIN	46	148.1	100.0	-36.15	10.68	0.75	1364
bullhead_1_setting2_presslight_gat	SIM_TRAIN	0	120.1	2.8	-5.24	2.74	0.55	1399
bullhead_1_setting2_presslight_gat	SIM_TEST	47	120.7	100.0	-5.45	2.98	0.64	1398
bullhead_1_setting2_presslight_gat	REAL_TRAIN	47	148.8	100.0	-36.34	10.86	0.78	1368
bullhead_1_setting2_presslight_gat	SIM_TRAIN	0	119.7	2.8	-5.08	2.59	0.51	1398
bullhead_1_setting2_presslight_gat	SIM_TEST	48	128.0	100.0	-8.50	6.03	0.79	1394
bullhead_1_setting2_presslight_gat	REAL_TRAIN	48	165.8	100.0	-41.79	16.52	0.82	1314
bullhead_1_setting2_presslight_gat	SIM_TRAIN	0	119.9	2.7	-5.15	2.68	0.56	1398
bullhead_1_setting2_presslight_gat	SIM_TEST	49	119.1	100.0	-4.87	2.34	0.57	1399
bullhead_1_setting2_presslight_gat	REAL_TRAIN	49	150.7	100.0	-37.16	11.70	0.79	1360
bullhead_1_setting2_presslight_gat	SIM_TRAIN	0	119.5	2.4	-5.03	2.51	0.51	1398
bullhead_1_setting2_presslight_gat	SIM_TEST	50	119.7	100.0	-5.06	2.58	0.58	1398
bullhead_1_setting2_presslight_gat	REAL_TRAIN	50	156.1	100.0	-39.25	13.79	0.81	1360
bullhead_1_setting2_presslight_gat	SIM_TRAIN	0	265.9	2.5	-51.71	49.44	0.76	1247
bullhead_1_setting2_presslight_gat	SIM_TEST	51	120.5	100.0	-5.44	2.94	0.59	1398
bullhead_1_setting2_presslight_gat	REAL_TRAIN	51	157.0	100.0	-39.66	14.22	0.81	1358
bullhead_1_setting2_presslight_gat	SIM_TRAIN	0	121.5	2.4	-5.80	3.31	0.55	1398
bullhead_1_setting2_presslight_gat	SIM_TEST	52	120.2	100.0	-5.23	2.76	0.59	1397
bullhead_1_setting2_presslight_gat	REAL_TRAIN	52	137.0	100.0	-30.85	4.98	0.49	1366
bullhead_1_setting2_presslight_gat	SIM_TRAIN	0	120.9	2.5	-5.55	3.04	0.51	1398
bullhead_1_setting2_presslight_gat	SIM_TEST	53	124.0	100.0	-6.87	4.47	0.75	1395
bullhead_1_setting2_presslight_gat	REAL_TRAIN	53	155.4	100.0	-39.02	13.61	0.76	1357
bullhead_1_setting2_presslight_gat	SIM_TRAIN	0	119.6	2.5	-5.08	2.65	0.57	1397
bullhead_1_setting2_presslight_gat	SIM_TEST	54	119.3	100.0	-4.94	2.45	0.60	1397
bullhead_1_setting2_presslight_gat	REAL_TRAIN	54	129.9	100.0	-28.26	2.68	0.46	1373
bullhead_1_setting2_presslight_gat	SIM_TRAIN	0	120.0	2.6	-5.23	2.73	0.54	1398
bullhead_1_setting2_presslight_gat	SIM_TEST	55	120.1	100.0	-5.29	2.85	0.62	1397
bullhead_1_setting2_presslight_gat	REAL_TRAIN	55	152.4	100.0	-37.76	12.29	0.72	1359
bullhead_1_setting2_presslight_gat	SIM_TRAIN	0	264.9	2.6	-50.12	47.86	0.78	1247
bullhead_1_setting2_presslight_gat	SIM_TEST	56	119.5	100.0	-5.03	2.54	0.61	1397
bullhead_1_setting2_presslight_gat	REAL_TRAIN	56	128.6	100.0	-27.67	2.07	0.40	1373
bullhead_1_setting2_presslight_gat	SIM_TRAIN	0	119.7	2.7	-5.09	2.56	0.50	1399
bullhead_1_setting2_presslight_gat	SIM_TEST	57	119.4	100.0	-4.99	2.50	0.59	1397
bullhead_1_setting2_presslight_gat	REAL_TRAIN	57	128.1	100.0	-27.79	2.39	0.43	1375
bullhead_1_setting2_presslight_gat	SIM_TRAIN	0	300.0	2.5	-59.52	57.31	0.81	1229
bullhead_1_setting2_presslight_gat	SIM_TEST	58	118.7	100.0	-4.64	2.14	0.51	1398
bullhead_1_setting2_presslight_gat	REAL_TRAIN	58	129.7	100.0	-28.50	3.03	0.51	1369
bullhead_1_setting2_presslight_gat	SIM_TRAIN	0	316.1	2.8	-65.40	63.21	0.83	1222
bullhead_1_setting2_presslight_gat	SIM_TEST	59	119.9	100.0	-5.20	2.74	0.60	1399
bullhead_1_setting2_presslight_gat	REAL_TRAIN	59	136.4	100.0	-31.38	5.86	0.59	1369
bullhead_1_setting2_presslight_gat	SIM_TRAIN	0	319.3	2.9	-65.26	63.01	0.80	1221
bullhead_1_setting2_presslight_gat	SIM_TEST	60	119.8	100.0	-5.15	2.67	0.60	1397
bullhead_1_setting2_presslight_gat	REAL_TRAIN	60	136.8	100.0	-31.48	5.92	0.67	1372
bullhead_1_setting2_presslight_gat	SIM_TRAIN	0	296.6	3.0	-59.31	57.15	0.81	1231
bullhead_1_setting2_presslight_gat	SIM_TEST	61	119.4	100.0	-4.99	2.52	0.61	1397
bullhead_1_setting2_presslight_gat	REAL_TRAIN	61	130.8	100.0	-29.10	3.63	0.64	1372
bullhead_1_setting2_presslight_gat	SIM_TRAIN	0	149.9	3.1	-16.79	14.36	0.63	1334
bullhead_1_setting2_presslight_gat	SIM_TEST	62	119.4	100.0	-5.00	2.53	0.60	1397
bullhead_1_setting2_presslight_gat	REAL_TRAIN	62	137.2	100.0	-31.65	6.09	0.72	1373
bullhead_1_setting2_presslight_gat	SIM_TRAIN	0	303.0	3.2	-60.25	58.11	0.82	1227
bullhead_1_setting2_presslight_gat	SIM_TEST	63	119.5	100.0	-5.04	2.54	0.61	1397
bullhead_1_setting2_presslight_gat	REAL_TRAIN	63	133.2	100.0	-30.05	4.51	0.69	1373
bullhead_1_setting2_presslight_gat	SIM_TRAIN	0	130.7	3.5	-9.63	7.19	0.56	1369
bullhead_1_setting2_presslight_gat	SIM_TEST	64	119.9	100.0	-5.23	2.73	0.64	1397
bullhead_1_setting2_presslight_gat	REAL_TRAIN	64	134.9	100.0	-30.76	5.19	0.66	1372
bullhead_1_setting2_presslight_gat	SIM_TRAIN	0	295.5	3.3	-59.34	57.20	0.80	1232
bullhead_1_setting2_presslight_gat	SIM_TEST	65	119.3	100.0	-4.96	2.47	0.60	1397
bullhead_1_setting2_presslight_gat	REAL_TRAIN	65	139.8	100.0	-32.69	7.14	0.72	1369
bullhead_1_setting2_presslight_gat	SIM_TRAIN	0	237.5	3.5	-42.67	40.40	0.77	1262
bullhead_1_setting2_presslight_gat	SIM_TEST	66	119.7	100.0	-5.13	2.64	0.59	1399
bullhead_1_setting2_presslight_gat	REAL_TRAIN	66	148.3	100.0	-36.10	10.58	0.73	1365
bullhead_1_setting2_presslight_gat	SIM_TRAIN	0	322.8	3.5	-65.62	63.50	0.84	1218
bullhead_1_setting2_presslight_gat	SIM_TEST	67	119.3	100.0	-4.92	2.40	0.57	1397
bullhead_1_setting2_presslight_gat	REAL_TRAIN	67	143.6	100.0	-34.21	8.70	0.70	1367
bullhead_1_setting2_presslight_gat	SIM_TRAIN	0	148.7	3.6	-16.68	14.32	0.64	1336
bullhead_1_setting2_presslight_gat	SIM_TEST	68	119.2	100.0	-4.86	2.37	0.56	1398
bullhead_1_setting2_presslight_gat	REAL_TRAIN	68	144.9	100.0	-34.70	9.17	0.69	1367
bullhead_1_setting2_presslight_gat	SIM_TRAIN	0	319.1	4.2	-65.28	63.16	0.82	1220
bullhead_1_setting2_presslight_gat	SIM_TEST	69	118.8	100.0	-4.67	1.97	0.53	1399
bullhead_1_setting2_presslight_gat	REAL_TRAIN	69	136.1	100.0	-31.21	5.69	0.63	1370
bullhead_1_setting2_presslight_gat	SIM_TRAIN	0	119.1	4.0	-4.83	2.26	0.50	1399
bullhead_1_setting2_presslight_gat	SIM_TEST	70	119.0	100.0	-4.81	2.28	0.57	1399
bullhead_1_setting2_presslight_gat	REAL_TRAIN	70	142.1	100.0	-33.73	8.24	0.67	1369
bullhead_1_setting2_presslight_gat	SIM_TRAIN	0	128.8	3.9	-8.82	6.33	0.53	1367
bullhead_1_setting2_presslight_gat	SIM_TEST	71	119.1	100.0	-4.83	2.33	0.52	1398
bullhead_1_setting2_presslight_gat	REAL_TRAIN	71	143.4	100.0	-34.19	8.67	0.64	1366
bullhead_1_setting2_presslight_gat	SIM_TRAIN	0	312.3	4.1	-64.88	62.76	0.82	1224
bullhead_1_setting2_presslight_gat	SIM_TEST	72	118.9	100.0	-4.74	2.24	0.51	1398
bullhead_1_setting2_presslight_gat	REAL_TRAIN	72	142.6	100.0	-33.88	8.39	0.63	1366
bullhead_1_setting2_presslight_gat	SIM_TRAIN	0	315.5	4.1	-65.19	63.06	0.82	1222
bullhead_1_setting2_presslight_gat	SIM_TEST	73	118.9	100.0	-4.70	1.82	0.47	1397
bullhead_1_setting2_presslight_gat	REAL_TRAIN	73	135.7	100.0	-31.10	5.62	0.65	1370
bullhead_1_setting2_presslight_gat	SIM_TRAIN	0	118.9	3.9	-4.70	2.00	0.47	1397
bullhead_1_setting2_presslight_gat	SIM_TEST	74	118.5	100.0	-4.56	1.88	0.50	1397
bullhead_1_setting2_presslight_gat	REAL_TRAIN	74	138.3	100.0	-32.16	6.67	0.63	1370
bullhead_1_setting2_presslight_gat	SIM_TRAIN	0	118.4	3.9	-4.54	1.95	0.47	1398
bullhead_1_setting2_presslight_gat	SIM_TEST	75	118.5	100.0	-4.63	2.12	0.53	1399
bullhead_1_setting2_presslight_gat	REAL_TRAIN	75	142.5	100.0	-33.81	8.29	0.65	1370
bullhead_1_setting2_presslight_gat	SIM_TRAIN	0	188.8	4.1	-30.01	27.55	0.67	1298
bullhead_1_setting2_presslight_gat	SIM_TEST	76	118.5	100.0	-4.55	1.98	0.50	1399
bullhead_1_setting2_presslight_gat	REAL_TRAIN	76	139.8	100.0	-32.66	7.12	0.62	1370
bullhead_1_setting2_presslight_gat	SIM_TRAIN	0	120.0	3.7	-5.22	2.53	0.47	1399
bullhead_1_setting2_presslight_gat	SIM_TEST	77	118.3	100.0	-4.50	1.87	0.52	1399
bullhead_1_setting2_presslight_gat	REAL_TRAIN	77	131.9	100.0	-29.54	4.03	0.61	1372
bullhead_1_setting2_presslight_gat	SIM_TRAIN	0	120.6	3.9	-5.45	2.79	0.48	1396
bullhead_1_setting2_presslight_gat	SIM_TEST	78	119.6	100.0	-5.07	2.59	0.59	1398
bullhead_1_setting2_presslight_gat	REAL_TRAIN	78	136.4	100.0	-31.22	5.69	0.52	1368
bullhead_1_setting2_presslight_gat	SIM_TRAIN	0	119.4	3.9	-4.97	2.48	0.47	1399
bullhead_1_setting2_presslight_gat	SIM_TEST	79	119.5	100.0	-5.00	2.58	0.59	1398
bullhead_1_setting2_presslight_gat	REAL_TRAIN	79	135.9	100.0	-31.15	5.62	0.60	1370
bullhead_1_setting2_presslight_gat	SIM_TRAIN	0	119.9	3.6	-5.20	2.65	0.48	1399
bullhead_1_setting2_presslight_gat	SIM_TEST	80	118.6	100.0	-4.65	2.18	0.51	1398
bullhead_1_setting2_presslight_gat	REAL_TRAIN	80	135.3	100.0	-30.86	5.33	0.58	1371
bullhead_1_setting2_presslight_gat	SIM_TRAIN	0	220.1	3.7	-40.16	37.61	0.71	1280
bullhead_1_setting2_presslight_gat	SIM_TEST	81	120.5	100.0	-5.44	3.03	0.61	1399
bullhead_1_setting2_presslight_gat	REAL_TRAIN	81	138.2	100.0	-31.99	6.47	0.54	1367
bullhead_1_setting2_presslight_gat	SIM_TRAIN	0	119.7	3.8	-5.11	2.63	0.49	1399
bullhead_1_setting2_presslight_gat	SIM_TEST	82	119.9	100.0	-5.18	2.74	0.60	1398
bullhead_1_setting2_presslight_gat	REAL_TRAIN	82	133.4	100.0	-30.01	4.48	0.54	1369
bullhead_1_setting2_presslight_gat	SIM_TRAIN	0	267.3	3.9	-53.73	51.45	0.76	1248
bullhead_1_setting2_presslight_gat	SIM_TEST	83	121.2	100.0	-5.79	3.38	0.64	1397
bullhead_1_setting2_presslight_gat	REAL_TRAIN	83	136.9	100.0	-31.46	5.94	0.53	1367
bullhead_1_setting2_presslight_gat	SIM_TRAIN	0	289.0	4.0	-58.88	56.72	0.79	1236
bullhead_1_setting2_presslight_gat	SIM_TEST	84	119.0	100.0	-4.75	2.22	0.46	1398
bullhead_1_setting2_presslight_gat	REAL_TRAIN	84	135.0	100.0	-30.65	5.07	0.52	1371
bullhead_1_setting2_presslight_gat	SIM_TRAIN	0	300.6	3.9	-64.32	62.15	0.79	1232
bullhead_1_setting2_presslight_gat	SIM_TEST	85	119.6	100.0	-5.07	2.58	0.59	1399
bullhead_1_setting2_presslight_gat	REAL_TRAIN	85	129.3	100.0	-28.42	2.93	0.54	1372
bullhead_1_setting2_presslight_gat	SIM_TRAIN	0	119.6	3.6	-5.13	2.60	0.48	1392
bullhead_1_setting2_presslight_gat	SIM_TEST	86	119.7	100.0	-5.19	2.71	0.62	1396
bullhead_1_setting2_presslight_gat	REAL_TRAIN	86	129.5	100.0	-28.52	3.01	0.52	1374
bullhead_1_setting2_presslight_gat	SIM_TRAIN	0	211.1	3.6	-37.19	34.90	0.70	1282
bullhead_1_setting2_presslight_gat	SIM_TEST	87	119.6	100.0	-5.05	2.60	0.55	1398
bullhead_1_setting2_presslight_gat	REAL_TRAIN	87	132.3	100.0	-29.59	4.01	0.52	1371
bullhead_1_setting2_presslight_gat	SIM_TRAIN	0	306.5	3.6	-64.58	62.46	0.80	1228
bullhead_1_setting2_presslight_gat	SIM_TEST	88	118.6	100.0	-4.64	2.16	0.47	1398
bullhead_1_setting2_presslight_gat	REAL_TRAIN	88	131.7	100.0	-29.18	3.56	0.53	1373
bullhead_1_setting2_presslight_gat	SIM_TRAIN	0	293.0	3.6	-63.45	61.30	0.76	1237
bullhead_1_setting2_presslight_gat	SIM_TEST	89	118.8	100.0	-4.72	2.24	0.53	1398
bullhead_1_setting2_presslight_gat	REAL_TRAIN	89	129.5	100.0	-28.24	2.68	0.51	1375
bullhead_1_setting2_presslight_gat	SIM_TRAIN	0	119.3	3.7	-4.94	2.33	0.48	1399
bullhead_1_setting2_presslight_gat	SIM_TEST	90	118.6	100.0	-4.69	2.19	0.52	1398
bullhead_1_setting2_presslight_gat	REAL_TRAIN	90	129.1	100.0	-28.28	2.78	0.46	1374
bullhead_1_setting2_presslight_gat	SIM_TRAIN	0	264.7	4.0	-53.57	51.36	0.77	1250
bullhead_1_setting2_presslight_gat	SIM_TEST	91	120.0	100.0	-5.27	2.76	0.53	1400
bullhead_1_setting2_presslight_gat	REAL_TRAIN	91	134.9	100.0	-30.32	4.62	0.55	1368
bullhead_1_setting2_presslight_gat	SIM_TRAIN	0	278.5	4.0	-58.17	56.04	0.77	1243
bullhead_1_setting2_presslight_gat	SIM_TEST	92	119.3	100.0	-4.93	2.29	0.63	1399
bullhead_1_setting2_presslight_gat	REAL_TRAIN	92	1715.8	100.0	-398.12	387.15	0.91	200
bullhead_1_setting2_presslight_gat	SIM_TRAIN	0	118.5	4.2	-4.63	2.10	0.49	1397
bullhead_1_setting2_presslight_gat	SIM_TEST	93	120.3	100.0	-5.30	2.62	0.69	1398
bullhead_1_setting2_presslight_gat	REAL_TRAIN	93	2154.9	100.0	-442.13	433.13	0.95	99
bullhead_1_setting2_presslight_gat	SIM_TRAIN	0	118.8	4.2	-4.70	2.05	0.52	1399
bullhead_1_setting2_presslight_gat	SIM_TEST	94	120.0	100.0	-5.27	2.78	0.68	1398
bullhead_1_setting2_presslight_gat	REAL_TRAIN	94	128.9	100.0	-28.28	2.80	0.52	1374
bullhead_1_setting2_presslight_gat	SIM_TRAIN	0	118.8	4.3	-4.74	2.22	0.51	1399
bullhead_1_setting2_presslight_gat	SIM_TEST	95	119.6	100.0	-5.09	2.61	0.63	1398
bullhead_1_setting2_presslight_gat	REAL_TRAIN	95	130.6	100.0	-28.80	3.25	0.43	1373
bullhead_1_setting2_presslight_gat	SIM_TRAIN	0	119.1	4.5	-4.86	2.24	0.48	1399
bullhead_1_setting2_presslight_gat	SIM_TEST	96	118.9	100.0	-4.78	2.28	0.54	1399
bullhead_1_setting2_presslight_gat	REAL_TRAIN	96	130.9	100.0	-28.96	3.43	0.42	1373
bullhead_1_setting2_presslight_gat	SIM_TRAIN	0	122.2	4.2	-6.06	3.25	0.49	1398
bullhead_1_setting2_presslight_gat	SIM_TEST	97	119.8	100.0	-5.17	2.76	0.63	1399
bullhead_1_setting2_presslight_gat	REAL_TRAIN	97	134.6	100.0	-30.54	4.95	0.57	1371
bullhead_1_setting2_presslight_gat	SIM_TRAIN	0	203.0	3.8	-35.51	33.16	0.68	1293
bullhead_1_setting2_presslight_gat	SIM_TEST	98	119.6	100.0	-5.15	2.69	0.59	1397
bullhead_1_setting2_presslight_gat	REAL_TRAIN	98	137.7	100.0	-31.69	6.13	0.45	1370
bullhead_1_setting2_presslight_gat	SIM_TRAIN	0	257.4	4.4	-52.67	50.52	0.75	1259
bullhead_1_setting2_presslight_gat	SIM_TEST	99	119.2	100.0	-4.96	2.41	0.60	1398
bullhead_1_setting2_presslight_gat	REAL_TRAIN	99	128.6	100.0	-27.98	2.39	0.40	1372
bullhead_1_setting2_presslight_gat	SIM_TRAIN	0	119.0	4.3	-4.77	2.11	0.48	1399
