ingolstadt1_sensor70_presslight_latent_observation	REAL_TEST	2	450.1	100.0	-83.72	7.84	0.11	624
ingolstadt1_sensor70_presslight_latent_observation	REAL_TEST	4	158.2	100.0	-5.92	0.04	0.04	1138
ingolstadt1_sensor70_presslight_latent_observation	REAL_TEST	6	158.2	100.0	-5.92	0.00	0.00	1138
ingolstadt1_sensor70_presslight_latent_observation	REAL_TEST	8	158.2	100.0	-5.92	0.00	0.00	1138
ingolstadt1_sensor70_presslight_latent_observation	REAL_TEST	10	158.2	100.0	-5.92	0.04	0.03	1138
ingolstadt1_sensor70_presslight_latent_observation	REAL_TEST	12	158.2	100.0	-5.92	0.51	0.06	1138
ingolstadt1_sensor70_presslight_latent_observation	REAL_TEST	14	158.2	100.0	-5.92	0.05	0.04	1138
ingolstadt1_sensor70_presslight_latent_observation	REAL_TEST	16	157.6	100.0	-5.76	1.21	0.11	1138
ingolstadt1_sensor70_presslight_latent_observation	REAL_TEST	18	156.8	100.0	-5.56	1.05	0.12	1138
ingolstadt1_sensor70_presslight_latent_observation	REAL_TEST	20	157.6	100.0	-5.76	1.36	0.16	1138
ingolstadt1_sensor70_presslight_latent_observation	REAL_TEST	22	158.2	100.0	-5.92	0.04	0.04	1138
ingolstadt1_sensor70_presslight_latent_observation	REAL_TEST	24	450.1	100.0	-83.72	7.84	0.11	624
ingolstadt1_sensor70_presslight_latent_observation	REAL_TEST	26	158.2	100.0	-5.92	0.88	0.10	1138
ingolstadt1_sensor70_presslight_latent_observation	REAL_TEST	28	158.2	100.0	-5.92	1.85	0.21	1138
ingolstadt1_sensor70_presslight_latent_observation	REAL_TEST	30	158.2	100.0	-5.92	0.92	0.14	1138
ingolstadt1_sensor70_presslight_latent_observation	REAL_TEST	32	158.2	100.0	-5.92	0.01	0.01	1138
ingolstadt1_sensor70_presslight_latent_observation	REAL_TEST	34	158.2	100.0	-5.92	0.54	0.07	1138
ingolstadt1_sensor70_presslight_latent_observation	REAL_TEST	36	158.2	100.0	-5.92	0.00	0.00	1138
ingolstadt1_sensor70_presslight_latent_observation	REAL_TEST	38	158.2	100.0	-5.92	0.04	0.04	1138
ingolstadt1_sensor70_presslight_latent_observation	REAL_TEST	40	158.2	100.0	-5.92	0.00	0.00	1138
ingolstadt1_sensor70_presslight_latent_observation	REAL_TEST	42	50.2	100.0	-10.91	1.04	0.09	1699
ingolstadt1_sensor70_presslight_latent_observation	REAL_TEST	44	158.2	100.0	-5.92	1.01	0.15	1138
ingolstadt1_sensor70_presslight_latent_observation	REAL_TEST	46	158.2	100.0	-5.92	0.00	0.00	1138
ingolstadt1_sensor70_presslight_latent_observation	REAL_TEST	48	158.2	100.0	-5.92	0.92	0.14	1138
ingolstadt1_sensor70_presslight_latent_observation	REAL_TEST	50	45.1	100.0	-9.53	1.70	0.08	1695
ingolstadt1_sensor70_presslight_latent_observation	REAL_TEST	52	96.1	100.0	-31.01	0.76	0.05	1656
ingolstadt1_sensor70_presslight_latent_observation	REAL_TEST	54	157.2	100.0	-5.65	1.12	0.15	1138
ingolstadt1_sensor70_presslight_latent_observation	REAL_TEST	56	158.2	100.0	-5.92	0.01	0.01	1138
ingolstadt1_sensor70_presslight_latent_observation	REAL_TEST	58	174.8	100.0	-65.99	6.73	0.11	1493
ingolstadt1_sensor70_presslight_latent_observation	REAL_TEST	60	158.2	100.0	-5.92	0.88	0.10	1138
ingolstadt1_sensor70_presslight_latent_observation	REAL_TEST	62	450.1	100.0	-83.72	0.00	0.00	624
ingolstadt1_sensor70_presslight_latent_observation	REAL_TEST	64	157.4	100.0	-5.70	1.16	0.13	1138
ingolstadt1_sensor70_presslight_latent_observation	REAL_TEST	66	134.3	100.0	-49.19	0.91	0.08	1550
ingolstadt1_sensor70_presslight_latent_observation	REAL_TEST	68	158.2	100.0	-5.92	0.08	0.06	1138
ingolstadt1_sensor70_presslight_latent_observation	REAL_TEST	70	158.2	100.0	-5.92	1.01	0.14	1138
ingolstadt1_sensor70_presslight_latent_observation	REAL_TEST	72	158.2	100.0	-5.92	0.88	0.10	1138
ingolstadt1_sensor70_presslight_latent_observation	REAL_TEST	74	157.6	100.0	-5.76	0.36	0.02	1138
ingolstadt1_sensor70_presslight_latent_observation	REAL_TEST	76	256.3	100.0	-53.69	8.74	0.18	776
ingolstadt1_sensor70_presslight_latent_observation	REAL_TEST	78	154.7	100.0	-6.23	0.17	0.05	1147
ingolstadt1_sensor70_presslight_latent_observation	REAL_TEST	80	158.2	100.0	-5.92	0.88	0.10	1138
ingolstadt1_sensor70_presslight_latent_observation	REAL_TEST	82	134.4	100.0	-6.19	1.31	0.15	1161
ingolstadt1_sensor70_presslight_latent_observation	REAL_TEST	84	237.7	100.0	-50.33	0.16	0.01	798
ingolstadt1_sensor70_presslight_latent_observation	REAL_TEST	86	158.2	100.0	-5.92	1.00	0.13	1138
ingolstadt1_sensor70_presslight_latent_observation	REAL_TEST	88	117.1	100.0	-41.93	8.59	0.12	1656
ingolstadt1_sensor70_presslight_latent_observation	REAL_TEST	90	157.6	100.0	-5.76	0.36	0.01	1138
ingolstadt1_sensor70_presslight_latent_observation	REAL_TEST	92	450.1	100.0	-83.72	7.84	0.11	624
ingolstadt1_sensor70_presslight_latent_observation	REAL_TEST	94	153.6	100.0	-5.95	1.48	0.13	1144
ingolstadt1_sensor70_presslight_latent_observation	REAL_TEST	96	106.9	100.0	-38.73	9.66	0.18	1647
ingolstadt1_sensor70_presslight_latent_observation	REAL_TEST	98	158.2	100.0	-5.92	0.00	0.00	1138
ingolstadt1_sensor70_presslight_latent_observation	REAL_TEST	100	158.2	100.0	-5.92	0.04	0.04	1138
ingolstadt1_sensor70_presslight_latent_observation	REAL_TEST	102	158.2	100.0	-5.92	0.04	0.04	1138
ingolstadt1_sensor70_presslight_latent_observation	REAL_TEST	104	158.2	100.0	-5.92	0.92	0.14	1138
ingolstadt1_sensor70_presslight_latent_observation	REAL_TEST	106	158.2	100.0	-5.92	0.03	0.02	1138
ingolstadt1_sensor70_presslight_latent_observation	REAL_TEST	108	158.2	100.0	-5.92	0.04	0.04	1138
ingolstadt1_sensor70_presslight_latent_observation	REAL_TEST	110	158.2	100.0	-5.92	0.96	0.11	1138
ingolstadt1_sensor70_presslight_latent_observation	REAL_TEST	112	158.2	100.0	-5.92	0.04	0.04	1138
ingolstadt1_sensor70_presslight_latent_observation	REAL_TEST	114	158.2	100.0	-5.92	0.08	0.06	1138
ingolstadt1_sensor70_presslight_latent_observation	REAL_TEST	116	158.2	100.0	-5.92	1.01	0.14	1138
ingolstadt1_sensor70_presslight_latent_observation	REAL_TEST	118	52.5	100.0	-6.60	0.29	0.06	1704
ingolstadt1_sensor70_presslight_latent_observation	REAL_TEST	120	49.2	100.0	-10.86	0.93	0.10	1698
ingolstadt1_sensor70_presslight_latent_observation	REAL_TEST	122	152.5	100.0	-5.87	0.05	0.01	1142
ingolstadt1_sensor70_presslight_latent_observation	REAL_TEST	124	158.1	100.0	-5.92	1.88	0.25	1138
ingolstadt1_sensor70_presslight_latent_observation	REAL_TEST	126	158.2	100.0	-5.92	1.01	0.15	1138
ingolstadt1_sensor70_presslight_latent_observation	REAL_TEST	128	158.2	100.0	-5.92	0.00	0.00	1138
ingolstadt1_sensor70_presslight_latent_observation	REAL_TEST	130	47.8	100.0	-10.80	0.96	0.09	1702
ingolstadt1_sensor70_presslight_latent_observation	REAL_TEST	132	158.2	100.0	-5.92	0.00	0.00	1138
ingolstadt1_sensor70_presslight_latent_observation	REAL_TEST	134	158.2	100.0	-5.92	1.85	0.21	1138
ingolstadt1_sensor70_presslight_latent_observation	REAL_TEST	136	158.2	100.0	-5.92	0.92	0.14	1138
ingolstadt1_sensor70_presslight_latent_observation	REAL_TEST	138	157.7	100.0	-6.91	1.91	0.26	1140
ingolstadt1_sensor70_presslight_latent_observation	REAL_TEST	140	158.2	100.0	-5.92	0.00	0.00	1138
ingolstadt1_sensor70_presslight_latent_observation	REAL_TEST	142	158.2	100.0	-5.92	1.84	0.21	1138
ingolstadt1_sensor70_presslight_latent_observation	REAL_TEST	144	147.4	100.0	-53.53	2.50	0.15	1498
ingolstadt1_sensor70_presslight_latent_observation	REAL_TEST	146	149.0	100.0	-6.32	1.05	0.17	1160
ingolstadt1_sensor70_presslight_latent_observation	REAL_TEST	148	154.3	100.0	-5.67	1.16	0.15	1139
ingolstadt1_sensor70_presslight_latent_observation	REAL_TEST	150	157.3	100.0	-5.70	2.17	0.24	1138
ingolstadt1_sensor70_presslight_latent_observation	REAL_TEST	152	166.8	100.0	-5.60	0.17	0.03	1118
ingolstadt1_sensor70_presslight_latent_observation	REAL_TEST	154	450.1	100.0	-83.72	0.00	0.00	624
ingolstadt1_sensor70_presslight_latent_observation	REAL_TEST	156	52.5	100.0	-6.60	0.29	0.06	1704
ingolstadt1_sensor70_presslight_latent_observation	REAL_TEST	158	154.3	100.0	-5.67	0.27	0.05	1139
ingolstadt1_sensor70_presslight_latent_observation	REAL_TEST	160	450.1	100.0	-83.72	7.84	0.11	624
ingolstadt1_sensor70_presslight_latent_observation	REAL_TEST	162	450.1	100.0	-83.72	0.00	0.01	624
ingolstadt1_sensor70_presslight_latent_observation	REAL_TEST	164	155.6	100.0	-5.98	1.04	0.15	1145
ingolstadt1_sensor70_presslight_latent_observation	REAL_TEST	166	158.2	100.0	-5.92	0.04	0.03	1138
ingolstadt1_sensor70_presslight_latent_observation	REAL_TEST	168	158.2	100.0	-5.92	0.00	0.00	1138
ingolstadt1_sensor70_presslight_latent_observation	REAL_TEST	170	158.2	100.0	-5.92	0.96	0.16	1138
ingolstadt1_sensor70_presslight_latent_observation	REAL_TEST	172	157.2	100.0	-5.65	0.19	0.01	1138
ingolstadt1_sensor70_presslight_latent_observation	REAL_TEST	174	450.1	100.0	-83.72	7.84	0.11	624
ingolstadt1_sensor70_presslight_latent_observation	REAL_TEST	176	158.9	100.0	-6.19	1.87	0.21	1138
ingolstadt1_sensor70_presslight_latent_observation	REAL_TEST	178	158.2	100.0	-5.92	0.01	0.01	1138
ingolstadt1_sensor70_presslight_latent_observation	REAL_TEST	180	158.2	100.0	-5.92	0.88	0.10	1138
ingolstadt1_sensor70_presslight_latent_observation	REAL_TEST	182	158.2	100.0	-5.92	0.95	0.16	1138
ingolstadt1_sensor70_presslight_latent_observation	REAL_TEST	184	158.2	100.0	-5.92	0.99	0.13	1138
ingolstadt1_sensor70_presslight_latent_observation	REAL_TEST	186	158.3	100.0	-5.70	0.46	0.06	1159
ingolstadt1_sensor70_presslight_latent_observation	REAL_TEST	188	158.2	100.0	-5.92	0.01	0.01	1138
ingolstadt1_sensor70_presslight_latent_observation	REAL_TEST	190	47.6	100.0	-10.88	0.17	0.01	1697
ingolstadt1_sensor70_presslight_latent_observation	REAL_TEST	192	158.2	100.0	-5.92	0.00	0.00	1138
ingolstadt1_sensor70_presslight_latent_observation	REAL_TEST	194	158.2	100.0	-5.92	0.00	0.00	1138
ingolstadt1_sensor70_presslight_latent_observation	REAL_TEST	196	120.4	100.0	-11.29	0.71	0.08	1299
ingolstadt1_sensor70_presslight_latent_observation	REAL_TEST	198	450.1	100.0	-83.72	0.00	0.01	624
