SIM_TRAIN step:0, travel time:77.09248795850316, q_loss:0, rewards:-30.518042, queue:2.353125, delay:0.22385094, throughput:21322, raw_metrics:{'fairness': 511.875}
SIM_TRAIN step:1, travel time:77.40323178072043, q_loss:0, rewards:-30.790276, queue:2.4409723, delay:0.22460514, throughput:21330, raw_metrics:{'fairness': 321.812}
SIM_TRAIN step:2, travel time:78.74497545614523, q_loss:6.1535764, rewards:-32.80083, queue:3.03125, delay:0.22447686, throughput:21146, raw_metrics:{'fairness': 839.312}
SIM_TRAIN step:3, travel time:276.65157197758947, q_loss:19.03998, rewards:-268.30725, queue:50.95972, delay:0.3578456, throughput:19036, raw_metrics:{'fairness': 815.312}
SIM_TRAIN step:4, travel time:163.7880892840604, q_loss:44.743263, rewards:-271.25946, queue:29.812847, delay:0.3393541, throughput:20501, raw_metrics:{'fairness': 1122.875}
SIM_TRAIN step:5, travel time:130.75952590397705, q_loss:36.67636, rewards:-212.24393, queue:17.37743, delay:0.2903776, throughput:20779, raw_metrics:{'fairness': 725.25}
SIM_TRAIN step:6, travel time:179.63657836235643, q_loss:23.199759, rewards:-245.02252, queue:29.729513, delay:0.34824735, throughput:20774, raw_metrics:{'fairness': 1085.812}
SIM_TRAIN step:7, travel time:124.13520396351345, q_loss:14.610029, rewards:-150.1753, queue:16.394966, delay:0.30480406, throughput:20621, raw_metrics:{'fairness': 744.188}
SIM_TRAIN step:8, travel time:93.00629746249305, q_loss:6.4085875, rewards:-98.836685, queue:7.79184, delay:0.27949446, throughput:21253, raw_metrics:{'fairness': 821.25}
SIM_TRAIN step:9, travel time:127.21860099069488, q_loss:5.046006, rewards:-174.5642, queue:19.967361, delay:0.31786117, throughput:20481, raw_metrics:{'fairness': 723.562}
SIM_TRAIN step:10, travel time:87.87626765454966, q_loss:4.247867, rewards:-69.67749, queue:5.9032984, delay:0.2664497, throughput:21288, raw_metrics:{'fairness': 640.375}
SIM_TRAIN step:11, travel time:101.91428571428571, q_loss:2.9929636, rewards:-111.051956, queue:10.629514, delay:0.2906413, throughput:21049, raw_metrics:{'fairness': 551.875}
SIM_TRAIN step:12, travel time:95.90356199916624, q_loss:2.7350879, rewards:-67.63917, queue:9.167535, delay:0.26982227, throughput:20982, raw_metrics:{'fairness': 642.688}
SIM_TRAIN step:13, travel time:94.60402871034962, q_loss:3.2679443, rewards:-83.501656, queue:8.35243, delay:0.27967864, throughput:21253, raw_metrics:{'fairness': 508.312}
SIM_TRAIN step:14, travel time:86.29890700259355, q_loss:2.9722564, rewards:-71.15194, queue:5.4782987, delay:0.26570335, throughput:21298, raw_metrics:{'fairness': 438.688}
SIM_TRAIN step:15, travel time:86.99115331171839, q_loss:3.5254643, rewards:-66.96806, queue:5.6597223, delay:0.27007505, throughput:21303, raw_metrics:{'fairness': 463.5}
SIM_TRAIN step:16, travel time:92.51192737042012, q_loss:3.2051568, rewards:-79.26556, queue:7.5600696, delay:0.28098637, throughput:21271, raw_metrics:{'fairness': 357.375}
SIM_TRAIN step:17, travel time:104.13411132722052, q_loss:4.1062317, rewards:-109.49471, queue:9.069271, delay:0.27651995, throughput:21004, raw_metrics:{'fairness': 718.562}
SIM_TRAIN step:18, travel time:108.27085455050458, q_loss:3.537555, rewards:-114.577774, queue:10.729688, delay:0.28642815, throughput:21187, raw_metrics:{'fairness': 201.0}
SIM_TRAIN step:19, travel time:93.2627825120415, q_loss:3.4715261, rewards:-99.54893, queue:7.5149307, delay:0.27682012, throughput:21177, raw_metrics:{'fairness': 592.25}
SIM_TRAIN step:20, travel time:92.29176121891354, q_loss:3.6343586, rewards:-95.53999, queue:7.396875, delay:0.2681775, throughput:21274, raw_metrics:{'fairness': 425.562}
SIM_TRAIN step:21, travel time:84.33824142241978, q_loss:3.3842077, rewards:-63.874447, queue:4.767361, delay:0.2626858, throughput:21320, raw_metrics:{'fairness': 269.375}
SIM_TRAIN step:22, travel time:86.94452162637769, q_loss:3.7117677, rewards:-72.47806, queue:5.6630206, delay:0.26635933, throughput:21258, raw_metrics:{'fairness': 661.938}
SIM_TRAIN step:23, travel time:86.06580226904376, q_loss:3.2257676, rewards:-73.76997, queue:5.381597, delay:0.26094756, throughput:21281, raw_metrics:{'fairness': 421.25}
SIM_TRAIN step:24, travel time:84.46976011855145, q_loss:4.3158226, rewards:-57.455555, queue:4.83125, delay:0.26015684, throughput:21283, raw_metrics:{'fairness': 706.812}
SIM_TRAIN step:25, travel time:86.46806835548557, q_loss:3.93483, rewards:-71.87109, queue:5.5703125, delay:0.27130684, throughput:21276, raw_metrics:{'fairness': 421.812}
REAL_TRAIN step:1, travel time:112.65252152521525, q_loss:100, rewards:-144.63498, queue:11.900173, delay:0.29705355, throughput:20307, R_real:-5.6590, components:{'queue': 0.709, 'delay': 0.0, 'waiting': 0.0, 'pressure': 0.0, 'switches': 0.0, 'ssm_conflicts': 4.95, 'collisions': 0.0}, raw_metrics:{'fairness': 284.062, 'emission': 4706.624, 'fuel': 1525.834, 'emergency_stops': 81.0, 'collisions': 4.0, 'ssm_conflicts': 8910.0}, init;w=queue=0.593;delay=0.844;waiting=0.858;pressure=0.847;switches=0.624
SIM_TRAIN step:26, travel time:101.3485367660678, q_loss:3.024043, rewards:-107.74889, queue:10.719271, delay:0.29457623, throughput:21278, raw_metrics:{'fairness': 386.812}
SIM_TRAIN step:27, travel time:95.58946929702695, q_loss:0.5702748, rewards:-107.28724, queue:7.823785, delay:0.2859046, throughput:21114, raw_metrics:{'fairness': 543.188}
SIM_TRAIN step:28, travel time:90.23937007874015, q_loss:0.53300494, rewards:-94.0375, queue:6.8078127, delay:0.27563363, throughput:21269, raw_metrics:{'fairness': 824.75}
SIM_TRAIN step:29, travel time:103.89618447860715, q_loss:0.5200684, rewards:-114.796104, queue:8.077778, delay:0.2758777, throughput:21163, raw_metrics:{'fairness': 594.312}
SIM_TRAIN step:30, travel time:114.71126956199649, q_loss:0.48696595, rewards:-131.56389, queue:9.054861, delay:0.284883, throughput:20914, raw_metrics:{'fairness': 262.812}
SIM_TRAIN step:31, travel time:142.9166203446359, q_loss:0.48866394, rewards:-152.35304, queue:10.915625, delay:0.29006928, throughput:20600, raw_metrics:{'fairness': 425.438}
REAL_TRAIN step:2, travel time:295.2455510458945, q_loss:100, rewards:-589.4606, queue:62.638195, delay:0.34406483, throughput:16811, R_real:-7.6903, components:{'queue': 2.808, 'delay': 0.0, 'waiting': 0.0, 'pressure': 0.0, 'switches': 0.0, 'ssm_conflicts': 4.882, 'collisions': 0.0}, raw_metrics:{'fairness': 198.0, 'emission': 9554.056, 'fuel': 3097.349, 'emergency_stops': 60.0, 'collisions': 4.0, 'ssm_conflicts': 8788.0}, init;w=queue=0.384;delay=0.298;waiting=0.057;pressure=0.273;switches=0.478
SIM_TRAIN step:32, travel time:102.87426480803964, q_loss:0.75854355, rewards:-133.96278, queue:9.817882, delay:0.30046275, throughput:21111, raw_metrics:{'fairness': 346.0}
SIM_TRAIN step:33, travel time:94.37237195517274, q_loss:0.635087, rewards:-122.14835, queue:7.8472223, delay:0.28402752, throughput:21214, raw_metrics:{'fairness': 342.812}
SIM_TRAIN step:34, travel time:89.13313266959945, q_loss:0.5747378, rewards:-94.584465, queue:6.423611, delay:0.27395487, throughput:21284, raw_metrics:{'fairness': 274.562}
SIM_TRAIN step:35, travel time:88.88897120103714, q_loss:0.56038165, rewards:-93.41697, queue:6.274653, delay:0.27152938, throughput:21232, raw_metrics:{'fairness': 411.75}
SIM_TRAIN step:36, travel time:86.80068537556728, q_loss:0.54438066, rewards:-86.79669, queue:5.69375, delay:0.26900703, throughput:21265, raw_metrics:{'fairness': 423.562}
SIM_TRAIN step:37, travel time:84.00189849972217, q_loss:0.5249594, rewards:-69.72834, queue:4.7487845, delay:0.2661801, throughput:21294, raw_metrics:{'fairness': 385.312}
REAL_TRAIN step:3, travel time:231.84400757692111, q_loss:100, rewards:-307.8359, queue:38.307117, delay:0.36639166, throughput:18373, R_real:-8.1695, components:{'queue': 2.206, 'delay': 0.0, 'waiting': 0.0, 'pressure': 0.0, 'switches': 0.0, 'ssm_conflicts': 5.963, 'collisions': 0.0}, raw_metrics:{'fairness': 194.938, 'emission': 7920.142, 'fuel': 2567.638, 'emergency_stops': 59.0, 'collisions': 1.0, 'ssm_conflicts': 10734.0}, init;w=queue=0.812;delay=0.48;waiting=0.393;pressure=0.836;switches=0.337
SIM_TRAIN step:38, travel time:91.5765561319007, q_loss:0.8964342, rewards:-100.812225, queue:7.499132, delay:0.2912422, throughput:21223, raw_metrics:{'fairness': 716.562}
SIM_TRAIN step:39, travel time:87.85032879503567, q_loss:0.8233502, rewards:-73.51609, queue:6.1510415, delay:0.27034438, throughput:21170, raw_metrics:{'fairness': 279.938}
SIM_TRAIN step:40, travel time:91.51750324134099, q_loss:0.65931773, rewards:-94.92336, queue:7.0746527, delay:0.26999995, throughput:21302, raw_metrics:{'fairness': 476.25}
SIM_TRAIN step:41, travel time:81.17405195165995, q_loss:0.62076586, rewards:-56.320004, queue:3.8411458, delay:0.26079386, throughput:21304, raw_metrics:{'fairness': 564.438}
SIM_TRAIN step:42, travel time:82.66313157041634, q_loss:0.56927407, rewards:-63.22695, queue:4.3046875, delay:0.26096663, throughput:21296, raw_metrics:{'fairness': 502.75}
SIM_TRAIN step:43, travel time:81.78003055131232, q_loss:0.50386524, rewards:-58.305546, queue:4.0399303, delay:0.26398847, throughput:21305, raw_metrics:{'fairness': 530.5}
REAL_TRAIN step:4, travel time:104.7483755532536, q_loss:100, rewards:-142.34554, queue:9.240625, delay:0.28517222, throughput:20624, R_real:-6.0039, components:{'queue': 0.453, 'delay': 0.0, 'waiting': 0.0, 'pressure': 0.0, 'switches': 0.0, 'ssm_conflicts': 5.551, 'collisions': 0.0}, raw_metrics:{'fairness': 169.062, 'emission': 4454.786, 'fuel': 1444.19, 'emergency_stops': 44.0, 'collisions': 4.0, 'ssm_conflicts': 9991.0}, init;w=queue=0.648;delay=0.368;waiting=0.957;pressure=0.14;switches=0.87
SIM_TRAIN step:44, travel time:84.12882015187998, q_loss:1.0764538, rewards:-66.23443, queue:4.9449654, delay:0.27438483, throughput:21268, raw_metrics:{'fairness': 492.125}
SIM_TRAIN step:45, travel time:82.14398851426455, q_loss:0.7544584, rewards:-61.614452, queue:4.140278, delay:0.26023155, throughput:21273, raw_metrics:{'fairness': 557.062}
SIM_TRAIN step:46, travel time:80.84214669383219, q_loss:0.59927285, rewards:-52.684994, queue:3.6631944, delay:0.25533527, throughput:21304, raw_metrics:{'fairness': 481.812}
SIM_TRAIN step:47, travel time:81.17337346608011, q_loss:0.5067793, rewards:-54.7675, queue:3.7725694, delay:0.2562482, throughput:21300, raw_metrics:{'fairness': 377.625}
SIM_TRAIN step:48, travel time:82.1194147335278, q_loss:0.42655745, rewards:-61.96222, queue:4.119965, delay:0.2567212, throughput:21288, raw_metrics:{'fairness': 472.5}
SIM_TRAIN step:49, travel time:81.64412037037037, q_loss:0.39223784, rewards:-60.06389, queue:3.961111, delay:0.2592322, throughput:21304, raw_metrics:{'fairness': 255.062}
REAL_TRAIN step:5, travel time:99.57585751978891, q_loss:100, rewards:-152.05612, queue:8.172743, delay:0.2661012, throughput:20628, R_real:-4.8039, components:{'queue': 0.38, 'delay': 0.0, 'waiting': 0.0, 'pressure': 0.0, 'switches': 0.0, 'ssm_conflicts': 4.424, 'collisions': 0.0}, raw_metrics:{'fairness': 117.625, 'emission': 4270.265, 'fuel': 1384.37, 'emergency_stops': 68.0, 'collisions': 3.0, 'ssm_conflicts': 7963.0}, init;w=queue=0.474;delay=0.801;waiting=0.52;pressure=0.679;switches=0.721
SIM_TRAIN step:50, travel time:95.62350652959155, q_loss:0.8199617, rewards:-104.169716, queue:7.6541667, delay:0.2868981, throughput:21266, raw_metrics:{'fairness': 339.375}
SIM_TRAIN step:51, travel time:84.73899152660091, q_loss:0.5230862, rewards:-72.19389, queue:5.003646, delay:0.2726309, throughput:21277, raw_metrics:{'fairness': 508.125}
SIM_TRAIN step:52, travel time:84.38207918499653, q_loss:0.42288178, rewards:-66.57417, queue:4.9524307, delay:0.27212492, throughput:21260, raw_metrics:{'fairness': 342.812}
SIM_TRAIN step:53, travel time:83.60178753357414, q_loss:0.31593743, rewards:-65.72584, queue:4.707465, delay:0.2681754, throughput:21267, raw_metrics:{'fairness': 356.0}
SIM_TRAIN step:54, travel time:88.92789329875423, q_loss:0.26441666, rewards:-94.082756, queue:6.3348956, delay:0.2723788, throughput:21189, raw_metrics:{'fairness': 309.125}
SIM_TRAIN step:55, travel time:110.46177355869415, q_loss:0.27772066, rewards:-118.68082, queue:8.989757, delay:0.2766172, throughput:21012, raw_metrics:{'fairness': 450.875}
REAL_TRAIN step:6, travel time:123.70625432269539, q_loss:100, rewards:-238.50443, queue:15.607118, delay:0.30791074, throughput:19505, R_real:-5.3994, components:{'queue': 0.961, 'delay': 0.0, 'waiting': 0.0, 'pressure': 0.0, 'switches': 0.0, 'ssm_conflicts': 4.439, 'collisions': 0.0}, raw_metrics:{'fairness': 183.875, 'emission': 4822.672, 'fuel': 1563.458, 'emergency_stops': 75.0, 'collisions': 3.0, 'ssm_conflicts': 7990.0}, init;w=queue=0.582;delay=0.537;waiting=0.759;pressure=0.106;switches=0.474
SIM_TRAIN step:56, travel time:111.44078551248205, q_loss:0.43711624, rewards:-138.72774, queue:10.563021, delay:0.3012304, throughput:21054, raw_metrics:{'fairness': 175.125}
SIM_TRAIN step:57, travel time:110.90226851851853, q_loss:0.44125393, rewards:-121.64887, queue:9.567708, delay:0.28218976, throughput:20939, raw_metrics:{'fairness': 513.875}
SIM_TRAIN step:58, travel time:119.3697665802149, q_loss:0.40243447, rewards:-121.36747, queue:10.124479, delay:0.2792392, throughput:20798, raw_metrics:{'fairness': 618.625}
SIM_TRAIN step:59, travel time:121.0030566876621, q_loss:0.38151473, rewards:-110.28303, queue:9.483854, delay:0.27656636, throughput:20958, raw_metrics:{'fairness': 458.062}
SIM_TRAIN step:60, travel time:112.1766231360563, q_loss:0.37914065, rewards:-106.33724, queue:8.22309, delay:0.26942003, throughput:21003, raw_metrics:{'fairness': 463.188}
SIM_TRAIN step:61, travel time:124.95062757630494, q_loss:0.3699788, rewards:-111.19502, queue:9.531424, delay:0.26911524, throughput:20892, raw_metrics:{'fairness': 346.25}
REAL_TRAIN step:7, travel time:164.6637172667758, q_loss:100, rewards:-240.88475, queue:26.572742, delay:0.33757, throughput:18519, R_real:-5.8722, components:{'queue': 1.594, 'delay': 0.0, 'waiting': 0.0, 'pressure': 0.0, 'switches': 0.0, 'ssm_conflicts': 4.278, 'collisions': 0.0}, raw_metrics:{'fairness': 205.438, 'emission': 5873.519, 'fuel': 1904.138, 'emergency_stops': 94.0, 'collisions': 3.0, 'ssm_conflicts': 7700.0}, init;w=queue=0.186;delay=0.737;waiting=0.217;pressure=0.135;switches=0.324
SIM_TRAIN step:62, travel time:91.63683089461011, q_loss:0.705799, rewards:-89.39223, queue:7.253993, delay:0.27482784, throughput:21243, raw_metrics:{'fairness': 403.188}
SIM_TRAIN step:63, travel time:101.22376586088728, q_loss:0.58477306, rewards:-105.16805, queue:7.575868, delay:0.26062888, throughput:21077, raw_metrics:{'fairness': 513.438}
SIM_TRAIN step:64, travel time:96.0302875932015, q_loss:0.5326688, rewards:-102.00472, queue:7.028125, delay:0.26580033, throughput:21184, raw_metrics:{'fairness': 356.938}
SIM_TRAIN step:65, travel time:90.0259343305701, q_loss:0.49217337, rewards:-97.278625, queue:6.7206597, delay:0.27168578, throughput:21211, raw_metrics:{'fairness': 496.625}
SIM_TRAIN step:66, travel time:92.53190996665431, q_loss:0.46923777, rewards:-104.60664, queue:7.358333, delay:0.2687432, throughput:21196, raw_metrics:{'fairness': 589.562}
SIM_TRAIN step:67, travel time:89.0259343305701, q_loss:0.45924675, rewards:-87.415535, queue:6.08125, delay:0.2667502, throughput:21212, raw_metrics:{'fairness': 346.062}
REAL_TRAIN step:8, travel time:102.74243869859747, q_loss:100, rewards:-179.05971, queue:9.345659, delay:0.279927, throughput:20350, R_real:-4.6979, components:{'queue': 0.507, 'delay': 0.0, 'waiting': 0.0, 'pressure': 0.0, 'switches': 0.0, 'ssm_conflicts': 4.191, 'collisions': 0.0}, raw_metrics:{'fairness': 135.438, 'emission': 4321.251, 'fuel': 1400.9, 'emergency_stops': 102.0, 'collisions': 1.0, 'ssm_conflicts': 7544.0}, init;w=queue=0.15;delay=0.222;waiting=0.386;pressure=0.903;switches=0.45
SIM_TRAIN step:68, travel time:95.4143326697838, q_loss:0.97542506, rewards:-95.69387, queue:8.285417, delay:0.2802648, throughput:21202, raw_metrics:{'fairness': 696.875}
SIM_TRAIN step:69, travel time:87.21119651787367, q_loss:0.7705731, rewards:-80.20501, queue:5.784375, delay:0.26413468, throughput:21247, raw_metrics:{'fairness': 332.125}
SIM_TRAIN step:70, travel time:87.98698833117244, q_loss:0.6753038, rewards:-75.586945, queue:5.749132, delay:0.26486012, throughput:21173, raw_metrics:{'fairness': 649.312}
SIM_TRAIN step:71, travel time:93.59104380846532, q_loss:0.58873993, rewards:-88.7539, queue:6.5185766, delay:0.26433063, throughput:21162, raw_metrics:{'fairness': 655.75}
SIM_TRAIN step:72, travel time:82.1464024446708, q_loss:0.53732955, rewards:-49.433605, queue:4.114236, delay:0.25898218, throughput:21289, raw_metrics:{'fairness': 666.188}
SIM_TRAIN step:73, travel time:81.6805240498125, q_loss:0.48336914, rewards:-50.814724, queue:3.9505208, delay:0.25575274, throughput:21304, raw_metrics:{'fairness': 491.25}
REAL_TRAIN step:9, travel time:114.02306344881276, q_loss:100, rewards:-189.38138, queue:11.586111, delay:0.2694712, throughput:19920, R_real:-4.7055, components:{'queue': 0.657, 'delay': 0.0, 'waiting': 0.0, 'pressure': 0.0, 'switches': 0.0, 'ssm_conflicts': 4.048, 'collisions': 0.0}, raw_metrics:{'fairness': 149.312, 'emission': 4597.031, 'fuel': 1490.306, 'emergency_stops': 99.0, 'collisions': 2.0, 'ssm_conflicts': 7287.0}, init;w=queue=0.613;delay=0.902;waiting=0.099;pressure=0.97;switches=0.653
SIM_TRAIN step:74, travel time:96.16841910232063, q_loss:0.7870722, rewards:-93.874695, queue:8.850695, delay:0.2861037, throughput:21283, raw_metrics:{'fairness': 612.188}
SIM_TRAIN step:75, travel time:83.64835826425231, q_loss:0.5911883, rewards:-61.350574, queue:4.6364584, delay:0.27000406, throughput:21265, raw_metrics:{'fairness': 633.188}
SIM_TRAIN step:76, travel time:83.67904435595888, q_loss:0.52074665, rewards:-60.311687, queue:4.582986, delay:0.2644382, throughput:21308, raw_metrics:{'fairness': 334.062}
SIM_TRAIN step:77, travel time:82.3949439762941, q_loss:0.48210222, rewards:-56.513893, queue:4.1543403, delay:0.25771096, throughput:21295, raw_metrics:{'fairness': 412.625}
SIM_TRAIN step:78, travel time:83.08302847881454, q_loss:0.43616313, rewards:-59.59861, queue:4.3864584, delay:0.25961274, throughput:21307, raw_metrics:{'fairness': 403.188}
SIM_TRAIN step:79, travel time:82.68946515397083, q_loss:0.40531397, rewards:-53.86696, queue:4.2194443, delay:0.25359175, throughput:21303, raw_metrics:{'fairness': 620.688}
REAL_TRAIN step:10, travel time:119.33794699796873, q_loss:100, rewards:-182.06775, queue:15.613021, delay:0.2612308, throughput:20285, R_real:-5.4521, components:{'queue': 0.873, 'delay': 0.0, 'waiting': 0.0, 'pressure': 0.0, 'switches': 0.0, 'ssm_conflicts': 4.579, 'collisions': 0.0}, raw_metrics:{'fairness': 190.438, 'emission': 4908.526, 'fuel': 1591.289, 'emergency_stops': 97.0, 'collisions': 0.0, 'ssm_conflicts': 8242.0}, init;w=queue=0.171;delay=0.358;waiting=0.751;pressure=0.608;switches=0.325
SIM_TRAIN step:80, travel time:112.33552540175057, q_loss:0.934131, rewards:-121.803085, queue:14.151736, delay:0.29434752, throughput:21229, raw_metrics:{'fairness': 526.062}
SIM_TRAIN step:81, travel time:87.61094647156881, q_loss:0.7169294, rewards:-59.0575, queue:5.7913194, delay:0.26101938, throughput:21283, raw_metrics:{'fairness': 433.688}
SIM_TRAIN step:82, travel time:85.6131123252153, q_loss:0.58942246, rewards:-65.10362, queue:5.1413193, delay:0.25907552, throughput:21301, raw_metrics:{'fairness': 389.75}
SIM_TRAIN step:83, travel time:85.51227192738723, q_loss:0.51770157, rewards:-65.915565, queue:5.1092014, delay:0.26376536, throughput:21293, raw_metrics:{'fairness': 205.812}
SIM_TRAIN step:84, travel time:84.05070383404335, q_loss:0.4557663, rewards:-62.569725, queue:4.591146, delay:0.25943816, throughput:21277, raw_metrics:{'fairness': 413.25}
SIM_TRAIN step:85, travel time:83.38445864592016, q_loss:0.39702335, rewards:-56.71083, queue:4.427257, delay:0.26418635, throughput:21279, raw_metrics:{'fairness': 787.688}
REAL_TRAIN step:11, travel time:86.61431309306782, q_loss:100, rewards:-100.85638, queue:4.138889, delay:0.2276229, throughput:20876, R_real:-3.6532, components:{'queue': 0.211, 'delay': 0.0, 'waiting': 0.0, 'pressure': 0.0, 'switches': 0.0, 'ssm_conflicts': 3.442, 'collisions': 0.0}, raw_metrics:{'fairness': 73.938, 'emission': 3866.634, 'fuel': 1253.515, 'emergency_stops': 116.0, 'collisions': 1.0, 'ssm_conflicts': 6196.0}, bo;w=queue=0.085;delay=0.051;waiting=0.237;pressure=0.628;switches=0.885
SIM_TRAIN step:86, travel time:91.35889954147561, q_loss:0.92205656, rewards:-91.12415, queue:7.2189236, delay:0.2829395, throughput:21254, raw_metrics:{'fairness': 645.062}
SIM_TRAIN step:87, travel time:83.45603556049451, q_loss:0.53924304, rewards:-55.569717, queue:4.4560766, delay:0.26395196, throughput:21307, raw_metrics:{'fairness': 301.625}
SIM_TRAIN step:88, travel time:81.77182016020744, q_loss:0.4974084, rewards:-50.33722, queue:3.957118, delay:0.26380417, throughput:21298, raw_metrics:{'fairness': 352.062}
SIM_TRAIN step:89, travel time:82.08603445082423, q_loss:0.4538208, rewards:-46.636127, queue:4.0081596, delay:0.26179084, throughput:21320, raw_metrics:{'fairness': 341.375}
SIM_TRAIN step:90, travel time:82.34301194776327, q_loss:0.414966, rewards:-45.325264, queue:4.10434, delay:0.26390907, throughput:21295, raw_metrics:{'fairness': 686.0}
SIM_TRAIN step:91, travel time:81.76381234659381, q_loss:0.3982083, rewards:-43.363358, queue:3.9163194, delay:0.26033363, throughput:21304, raw_metrics:{'fairness': 402.5}
REAL_TRAIN step:12, travel time:85.38868810138464, q_loss:100, rewards:-108.50193, queue:4.0005207, delay:0.23109864, throughput:20825, R_real:-3.4638, components:{'queue': 0.199, 'delay': 0.0, 'waiting': 0.0, 'pressure': 0.0, 'switches': 0.0, 'ssm_conflicts': 3.265, 'collisions': 0.0}, raw_metrics:{'fairness': 175.562, 'emission': 3809.518, 'fuel': 1234.999, 'emergency_stops': 110.0, 'collisions': 0.0, 'ssm_conflicts': 5877.0}, bo;w=waiting=1.0;pressure=1.0
SIM_TRAIN step:92, travel time:95.58226851851852, q_loss:0.93267906, rewards:-73.58277, queue:8.321354, delay:0.28517556, throughput:21281, raw_metrics:{'fairness': 582.125}
SIM_TRAIN step:93, travel time:83.65007639242558, q_loss:0.6968545, rewards:-53.072777, queue:4.5125, delay:0.26666233, throughput:21300, raw_metrics:{'fairness': 588.0}
SIM_TRAIN step:94, travel time:82.0839546191248, q_loss:0.59651804, rewards:-45.406113, queue:3.947743, delay:0.2570656, throughput:21318, raw_metrics:{'fairness': 321.875}
SIM_TRAIN step:95, travel time:81.58999536822603, q_loss:0.4948884, rewards:-41.477226, queue:3.8001735, delay:0.25383773, throughput:21296, raw_metrics:{'fairness': 435.5}
SIM_TRAIN step:96, travel time:81.42213475341514, q_loss:0.47646925, rewards:-40.80915, queue:3.6980903, delay:0.25148645, throughput:21300, raw_metrics:{'fairness': 511.312}
SIM_TRAIN step:97, travel time:81.7247940005555, q_loss:0.4665957, rewards:-42.484436, queue:3.7690973, delay:0.24802683, throughput:21302, raw_metrics:{'fairness': 601.625}
REAL_TRAIN step:13, travel time:88.57183111820787, q_loss:100, rewards:-108.033356, queue:4.715104, delay:0.21908902, throughput:20776, R_real:-3.5032, components:{'queue': 0.225, 'delay': 0.0, 'waiting': 0.0, 'pressure': 0.0, 'switches': 0.0, 'ssm_conflicts': 3.278, 'collisions': 0.0}, raw_metrics:{'fairness': 125.25, 'emission': 3914.146, 'fuel': 1268.918, 'emergency_stops': 136.0, 'collisions': 1.0, 'ssm_conflicts': 5900.0}, bo;w=delay=1.0;pressure=1.0
SIM_TRAIN step:98, travel time:108.10010186128345, q_loss:0.6185546, rewards:-90.180565, queue:10.701216, delay:0.2817339, throughput:21237, raw_metrics:{'fairness': 693.5}
SIM_TRAIN step:99, travel time:90.07111111111111, q_loss:0.5242926, rewards:-71.128044, queue:6.509028, delay:0.25498813, throughput:21247, raw_metrics:{'fairness': 484.375}
SIM_TRAIN step:100, travel time:88.28848557803602, q_loss:0.5658967, rewards:-69.61389, queue:5.8203125, delay:0.25704184, throughput:21269, raw_metrics:{'fairness': 431.5}
SIM_TRAIN step:101, travel time:89.91072007409123, q_loss:0.41794044, rewards:-76.80306, queue:6.3588543, delay:0.25848907, throughput:21218, raw_metrics:{'fairness': 577.312}
SIM_TRAIN step:102, travel time:91.82187340834375, q_loss:0.43903652, rewards:-83.74694, queue:6.8581595, delay:0.25808433, throughput:21213, raw_metrics:{'fairness': 707.75}
SIM_TRAIN step:103, travel time:94.58323303397833, q_loss:0.42218587, rewards:-88.70387, queue:7.679167, delay:0.26170695, throughput:21219, raw_metrics:{'fairness': 535.125}
REAL_TRAIN step:14, travel time:180.20041312388912, q_loss:100, rewards:-223.0989, queue:29.199827, delay:0.31150225, throughput:19675, R_real:-8.3766, components:{'queue': 1.7, 'delay': 0.0, 'waiting': 0.0, 'pressure': 0.0, 'switches': 0.0, 'ssm_conflicts': 6.677, 'collisions': 0.0}, raw_metrics:{'fairness': 235.438, 'emission': 6796.022, 'fuel': 2203.201, 'emergency_stops': 91.0, 'collisions': 7.0, 'ssm_conflicts': 12018.0}, bo;w=queue=0.013;waiting=1.0;pressure=0.294;switches=0.006
SIM_TRAIN step:104, travel time:103.6950722489811, q_loss:0.7535482, rewards:-119.872246, queue:9.894618, delay:0.27555653, throughput:21218, raw_metrics:{'fairness': 648.125}
SIM_TRAIN step:105, travel time:89.99731394433381, q_loss:0.56823415, rewards:-71.95083, queue:6.3020835, delay:0.25571102, throughput:21268, raw_metrics:{'fairness': 606.062}
SIM_TRAIN step:106, travel time:90.66447459824943, q_loss:0.50474364, rewards:-68.57887, queue:6.4130206, delay:0.25662962, throughput:21258, raw_metrics:{'fairness': 715.25}
SIM_TRAIN step:107, travel time:89.22744317392713, q_loss:0.4452424, rewards:-73.7861, queue:6.0444446, delay:0.25604552, throughput:21249, raw_metrics:{'fairness': 288.375}
SIM_TRAIN step:108, travel time:86.82724452470251, q_loss:0.4475412, rewards:-64.98558, queue:5.3777776, delay:0.25350142, throughput:21264, raw_metrics:{'fairness': 448.688}
SIM_TRAIN step:109, travel time:85.89289187311877, q_loss:0.4616957, rewards:-61.256397, queue:5.055382, delay:0.25228563, throughput:21300, raw_metrics:{'fairness': 583.438}
REAL_TRAIN step:15, travel time:164.5787677909924, q_loss:100, rewards:-172.9278, queue:24.999653, delay:0.28907904, throughput:19485, R_real:-7.0534, components:{'queue': 1.376, 'delay': 0.0, 'waiting': 0.0, 'pressure': 0.0, 'switches': 0.0, 'ssm_conflicts': 5.677, 'collisions': 0.0}, raw_metrics:{'fairness': 144.312, 'emission': 6182.447, 'fuel': 2004.285, 'emergency_stops': 90.0, 'collisions': 2.0, 'ssm_conflicts': 10219.0}, bo;w=queue=0.038;delay=0.094;waiting=0.807;pressure=0.694;switches=0.905
SIM_TRAIN step:110, travel time:92.03306780288996, q_loss:0.7626731, rewards:-73.094734, queue:6.98125, delay:0.27472094, throughput:21300, raw_metrics:{'fairness': 484.75}
SIM_TRAIN step:111, travel time:83.71164706971577, q_loss:0.60612506, rewards:-58.60334, queue:4.451389, delay:0.25243607, throughput:21288, raw_metrics:{'fairness': 515.375}
SIM_TRAIN step:112, travel time:85.54272217848377, q_loss:0.5826537, rewards:-65.356125, queue:5.00434, delay:0.25334075, throughput:21279, raw_metrics:{'fairness': 583.562}
SIM_TRAIN step:113, travel time:86.52548965134046, q_loss:0.5483383, rewards:-64.534454, queue:5.239757, delay:0.25459835, throughput:21285, raw_metrics:{'fairness': 347.75}
SIM_TRAIN step:114, travel time:87.20306566638881, q_loss:0.48002768, rewards:-73.46803, queue:5.509896, delay:0.25786844, throughput:21291, raw_metrics:{'fairness': 589.0}
SIM_TRAIN step:115, travel time:85.60552880162993, q_loss:0.46550632, rewards:-62.45026, queue:5.001736, delay:0.25715578, throughput:21284, raw_metrics:{'fairness': 707.688}
REAL_TRAIN step:16, travel time:92.74983572702526, q_loss:100, rewards:-124.14887, queue:6.249653, delay:0.24871644, throughput:20777, R_real:-4.8569, components:{'queue': 0.31, 'delay': 0.0, 'waiting': 0.0, 'pressure': 0.0, 'switches': 0.0, 'ssm_conflicts': 4.547, 'collisions': 0.0}, raw_metrics:{'fairness': 179.875, 'emission': 4073.484, 'fuel': 1320.574, 'emergency_stops': 90.0, 'collisions': 3.0, 'ssm_conflicts': 8185.0}, bo;w=queue=0.645;waiting=1.0;pressure=0.992;switches=0.295
SIM_TRAIN step:116, travel time:100.95823687378461, q_loss:0.6631947, rewards:-104.221115, queue:9.172569, delay:0.29034677, throughput:21285, raw_metrics:{'fairness': 526.938}
SIM_TRAIN step:117, travel time:84.61105965172285, q_loss:0.64242494, rewards:-50.967506, queue:4.76875, delay:0.26217487, throughput:21303, raw_metrics:{'fairness': 421.438}
SIM_TRAIN step:118, travel time:82.76486386367846, q_loss:0.56757617, rewards:-48.475292, queue:4.2118053, delay:0.26613417, throughput:21315, raw_metrics:{'fairness': 381.75}
SIM_TRAIN step:119, travel time:81.9125462962963, q_loss:0.5205916, rewards:-48.079727, queue:3.9302084, delay:0.26910716, throughput:21316, raw_metrics:{'fairness': 390.188}
SIM_TRAIN step:120, travel time:81.69920844327177, q_loss:0.46024957, rewards:-46.19417, queue:3.8612847, delay:0.26637796, throughput:21306, raw_metrics:{'fairness': 387.375}
SIM_TRAIN step:121, travel time:82.05940914984257, q_loss:0.43058497, rewards:-46.46389, queue:3.9388888, delay:0.2626083, throughput:21303, raw_metrics:{'fairness': 649.688}
REAL_TRAIN step:17, travel time:87.28541265894056, q_loss:100, rewards:-104.381096, queue:4.2807293, delay:0.23807119, throughput:20821, R_real:-4.2605, components:{'queue': 0.212, 'delay': 0.0, 'waiting': 0.0, 'pressure': 0.0, 'switches': 0.0, 'ssm_conflicts': 4.049, 'collisions': 0.0}, raw_metrics:{'fairness': 110.0, 'emission': 3881.815, 'fuel': 1258.437, 'emergency_stops': 91.0, 'collisions': 4.0, 'ssm_conflicts': 7288.0}, bo;w=queue=0.1;delay=0.388;waiting=0.322;pressure=0.666;switches=0.936
SIM_TRAIN step:122, travel time:89.1965360748356, q_loss:0.60810685, rewards:-73.91807, queue:6.5019097, delay:0.28145516, throughput:21290, raw_metrics:{'fairness': 539.188}
SIM_TRAIN step:123, travel time:84.23116462144014, q_loss:0.5746105, rewards:-55.301952, queue:4.727778, delay:0.27189487, throughput:21278, raw_metrics:{'fairness': 488.688}
SIM_TRAIN step:124, travel time:81.97869877286409, q_loss:0.44428033, rewards:-48.985825, queue:4.0019097, delay:0.26686862, throughput:21314, raw_metrics:{'fairness': 342.0}
SIM_TRAIN step:125, travel time:81.3328240033338, q_loss:0.38869527, rewards:-43.876106, queue:3.800521, delay:0.2641672, throughput:21307, raw_metrics:{'fairness': 284.125}
SIM_TRAIN step:126, travel time:81.10287513310801, q_loss:0.34771034, rewards:-44.22248, queue:3.7684028, delay:0.2695871, throughput:21303, raw_metrics:{'fairness': 667.562}
SIM_TRAIN step:127, travel time:81.0082422670865, q_loss:0.32795528, rewards:-42.908333, queue:3.7302084, delay:0.26820785, throughput:21295, raw_metrics:{'fairness': 536.438}
REAL_TRAIN step:18, travel time:103.31888690420232, q_loss:100, rewards:-146.31308, queue:9.753993, delay:0.2441242, throughput:20440, R_real:-3.8446, components:{'queue': 0.431, 'delay': 0.0, 'waiting': 0.0, 'pressure': 0.0, 'switches': 0.0, 'ssm_conflicts': 3.413, 'collisions': 0.0}, raw_metrics:{'fairness': 125.188, 'emission': 4376.615, 'fuel': 1418.849, 'emergency_stops': 75.0, 'collisions': 5.0, 'ssm_conflicts': 6144.0}, bo;w=queue=0.066;delay=0.452;waiting=0.149;pressure=0.638;switches=0.725
SIM_TRAIN step:128, travel time:99.11301972404853, q_loss:0.5282918, rewards:-80.95667, queue:9.077778, delay:0.2971672, throughput:21300, raw_metrics:{'fairness': 569.562}
SIM_TRAIN step:129, travel time:82.94382959018292, q_loss:0.48021606, rewards:-53.709175, queue:4.4416666, delay:0.27983582, throughput:21285, raw_metrics:{'fairness': 445.5}
SIM_TRAIN step:130, travel time:82.54517667762701, q_loss:0.41070107, rewards:-49.967762, queue:4.2711806, delay:0.27740997, throughput:21292, raw_metrics:{'fairness': 337.938}
SIM_TRAIN step:131, travel time:81.91055141441734, q_loss:0.3594732, rewards:-44.147488, queue:4.0307293, delay:0.2697454, throughput:21304, raw_metrics:{'fairness': 413.125}
SIM_TRAIN step:132, travel time:81.00115762178181, q_loss:0.34141442, rewards:-43.784996, queue:3.7277777, delay:0.26810285, throughput:21307, raw_metrics:{'fairness': 398.0}
SIM_TRAIN step:133, travel time:80.76825485021068, q_loss:0.3174901, rewards:-43.312206, queue:3.6711805, delay:0.26928744, throughput:21296, raw_metrics:{'fairness': 437.562}
REAL_TRAIN step:19, travel time:119.35240352064997, q_loss:100, rewards:-177.6214, queue:13.501736, delay:0.30472934, throughput:19722, R_real:-4.9231, components:{'queue': 0.776, 'delay': 0.0, 'waiting': 0.0, 'pressure': 0.0, 'switches': 0.0, 'ssm_conflicts': 4.147, 'collisions': 0.0}, raw_metrics:{'fairness': 215.312, 'emission': 4771.004, 'fuel': 1546.708, 'emergency_stops': 71.0, 'collisions': 5.0, 'ssm_conflicts': 7465.0}, bo;w=queue=0.47;delay=0.762;waiting=0.324;pressure=0.868;switches=0.845
SIM_TRAIN step:134, travel time:111.23257859887947, q_loss:0.7191134, rewards:-111.348045, queue:12.687326, delay:0.3186654, throughput:21276, raw_metrics:{'fairness': 657.562}
SIM_TRAIN step:135, travel time:83.06765768268964, q_loss:0.9276288, rewards:-53.44557, queue:4.490278, delay:0.2719514, throughput:21291, raw_metrics:{'fairness': 588.812}
SIM_TRAIN step:136, travel time:82.18126678396148, q_loss:0.93824005, rewards:-50.14556, queue:4.1256943, delay:0.26915708, throughput:21308, raw_metrics:{'fairness': 547.875}
SIM_TRAIN step:137, travel time:80.36326587319965, q_loss:0.8245639, rewards:-42.455544, queue:3.5114584, delay:0.26362723, throughput:21312, raw_metrics:{'fairness': 346.438}
SIM_TRAIN step:138, travel time:80.7805307275506, q_loss:0.7510783, rewards:-42.03334, queue:3.6465278, delay:0.2654628, throughput:21314, raw_metrics:{'fairness': 313.75}
SIM_TRAIN step:139, travel time:81.36662499421216, q_loss:0.7426916, rewards:-42.160545, queue:3.843229, delay:0.26677653, throughput:21314, raw_metrics:{'fairness': 734.25}
REAL_TRAIN step:20, travel time:87.0101456082668, q_loss:100, rewards:-112.77279, queue:4.505382, delay:0.22901548, throughput:20778, R_real:-3.5551, components:{'queue': 0.225, 'delay': 0.0, 'waiting': 0.0, 'pressure': 0.0, 'switches': 0.0, 'ssm_conflicts': 3.33, 'collisions': 0.0}, raw_metrics:{'fairness': 158.375, 'emission': 3863.56, 'fuel': 1252.519, 'emergency_stops': 114.0, 'collisions': 1.0, 'ssm_conflicts': 5994.0}, bo;w=queue=0.044;waiting=1.0;pressure=0.974;switches=0.837
SIM_TRAIN step:140, travel time:88.61462962962963, q_loss:0.88854575, rewards:-71.838005, queue:6.4685764, delay:0.28816748, throughput:21300, raw_metrics:{'fairness': 351.688}
SIM_TRAIN step:141, travel time:83.95361111111112, q_loss:1.0441064, rewards:-63.778355, queue:4.6092014, delay:0.2789227, throughput:21304, raw_metrics:{'fairness': 365.188}
SIM_TRAIN step:142, travel time:81.77170239362934, q_loss:0.8677733, rewards:-51.928894, queue:4.016493, delay:0.26511547, throughput:21287, raw_metrics:{'fairness': 442.812}
SIM_TRAIN step:143, travel time:81.50557947863129, q_loss:0.79064083, rewards:-48.458885, queue:3.886979, delay:0.2671809, throughput:21297, raw_metrics:{'fairness': 321.5}
SIM_TRAIN step:144, travel time:82.0334846239348, q_loss:0.7072938, rewards:-51.530003, queue:4.040625, delay:0.26717213, throughput:21300, raw_metrics:{'fairness': 276.938}
SIM_TRAIN step:145, travel time:82.81943608500393, q_loss:0.66146374, rewards:-51.05221, queue:4.3064237, delay:0.26625967, throughput:21307, raw_metrics:{'fairness': 353.188}
REAL_TRAIN step:21, travel time:90.16323750469748, q_loss:100, rewards:-115.034454, queue:5.5916667, delay:0.2404071, throughput:20766, R_real:-4.2470, components:{'queue': 0.275, 'delay': 0.0, 'waiting': 0.0, 'pressure': 0.0, 'switches': 0.0, 'ssm_conflicts': 3.972, 'collisions': 0.0}, raw_metrics:{'fairness': 187.938, 'emission': 3979.369, 'fuel': 1290.063, 'emergency_stops': 104.0, 'collisions': 2.0, 'ssm_conflicts': 7150.0}, bo;w=queue=0.055;waiting=1.0;pressure=0.971
SIM_TRAIN step:146, travel time:116.01250289418847, q_loss:1.0085659, rewards:-129.5567, queue:13.8034725, delay:0.30351523, throughput:21261, raw_metrics:{'fairness': 472.25}
SIM_TRAIN step:147, travel time:84.17463771470901, q_loss:1.1471895, rewards:-62.45528, queue:4.83125, delay:0.27355477, throughput:21278, raw_metrics:{'fairness': 525.812}
SIM_TRAIN step:148, travel time:82.55720240852247, q_loss:0.8427971, rewards:-51.759983, queue:4.1739583, delay:0.26385444, throughput:21313, raw_metrics:{'fairness': 369.25}
SIM_TRAIN step:149, travel time:81.00078736510584, q_loss:0.63164866, rewards:-48.700565, queue:3.6675348, delay:0.26068658, throughput:21307, raw_metrics:{'fairness': 359.562}
SIM_TRAIN step:150, travel time:80.8459222896309, q_loss:0.56403565, rewards:-47.129166, queue:3.6444445, delay:0.26130566, throughput:21300, raw_metrics:{'fairness': 520.625}
SIM_TRAIN step:151, travel time:80.90219052470708, q_loss:0.549272, rewards:-47.056683, queue:3.636979, delay:0.2597662, throughput:21314, raw_metrics:{'fairness': 459.312}
REAL_TRAIN step:22, travel time:91.46270199173243, q_loss:100, rewards:-112.07359, queue:5.328993, delay:0.22577722, throughput:20750, R_real:-3.9662, components:{'queue': 0.261, 'delay': 0.0, 'waiting': 0.0, 'pressure': 0.0, 'switches': 0.0, 'ssm_conflicts': 3.706, 'collisions': 0.0}, raw_metrics:{'fairness': 177.938, 'emission': 4018.112, 'fuel': 1302.623, 'emergency_stops': 102.0, 'collisions': 1.0, 'ssm_conflicts': 6670.0}, bo;w=waiting=1.0;pressure=1.0;switches=0.872
SIM_TRAIN step:152, travel time:129.0691028669353, q_loss:0.81688094, rewards:-143.94473, queue:16.477951, delay:0.32577798, throughput:21026, raw_metrics:{'fairness': 622.625}
SIM_TRAIN step:153, travel time:83.76156517712434, q_loss:0.9090259, rewards:-58.75473, queue:4.6765623, delay:0.2623089, throughput:21296, raw_metrics:{'fairness': 320.938}
SIM_TRAIN step:154, travel time:83.07512041496851, q_loss:0.777876, rewards:-58.00528, queue:4.4782987, delay:0.2660703, throughput:21278, raw_metrics:{'fairness': 451.625}
SIM_TRAIN step:155, travel time:82.40023153507757, q_loss:0.7044387, rewards:-53.171104, queue:4.227778, delay:0.2650515, throughput:21283, raw_metrics:{'fairness': 701.875}
SIM_TRAIN step:156, travel time:83.64121324380643, q_loss:0.6616514, rewards:-53.151665, queue:4.6607637, delay:0.27153376, throughput:21291, raw_metrics:{'fairness': 425.562}
SIM_TRAIN step:157, travel time:82.8163888888889, q_loss:0.6310876, rewards:-50.90472, queue:4.394618, delay:0.27473885, throughput:21292, raw_metrics:{'fairness': 410.0}
REAL_TRAIN step:23, travel time:86.5812214960741, q_loss:100, rewards:-113.68863, queue:4.4576387, delay:0.23251224, throughput:20789, R_real:-3.7333, components:{'queue': 0.22, 'delay': 0.0, 'waiting': 0.0, 'pressure': 0.0, 'switches': 0.0, 'ssm_conflicts': 3.513, 'collisions': 0.0}, raw_metrics:{'fairness': 128.312, 'emission': 3847.114, 'fuel': 1247.187, 'emergency_stops': 104.0, 'collisions': 4.0, 'ssm_conflicts': 6324.0}, bo;w=queue=0.323;delay=0.459;pressure=0.645;switches=1.0
SIM_TRAIN step:158, travel time:102.89989813871655, q_loss:0.93451184, rewards:-123.01524, queue:11.424132, delay:0.31945518, throughput:21255, raw_metrics:{'fairness': 424.625}
SIM_TRAIN step:159, travel time:87.43976294101306, q_loss:1.0735854, rewards:-66.345825, queue:6.0536456, delay:0.28465715, throughput:21262, raw_metrics:{'fairness': 541.438}
SIM_TRAIN step:160, travel time:84.32242081867012, q_loss:0.9036616, rewards:-58.682194, queue:4.974653, delay:0.2828649, throughput:21310, raw_metrics:{'fairness': 426.375}
SIM_TRAIN step:161, travel time:83.83161209651276, q_loss:0.8024133, rewards:-57.773067, queue:4.829514, delay:0.2786122, throughput:21299, raw_metrics:{'fairness': 559.062}
SIM_TRAIN step:162, travel time:81.5709390627894, q_loss:0.7473261, rewards:-52.12582, queue:4.008333, delay:0.27261484, throughput:21317, raw_metrics:{'fairness': 374.438}
SIM_TRAIN step:163, travel time:82.38183670634002, q_loss:0.64838135, rewards:-52.461105, queue:4.216493, delay:0.2722421, throughput:21307, raw_metrics:{'fairness': 301.625}
REAL_TRAIN step:24, travel time:100.89127222460556, q_loss:100, rewards:-162.4175, queue:8.315278, delay:0.2584668, throughput:20382, R_real:-4.7488, components:{'queue': 0.45, 'delay': 0.0, 'waiting': 0.0, 'pressure': 0.0, 'switches': 0.0, 'ssm_conflicts': 4.298, 'collisions': 0.0}, raw_metrics:{'fairness': 147.25, 'emission': 4272.452, 'fuel': 1385.079, 'emergency_stops': 74.0, 'collisions': 3.0, 'ssm_conflicts': 7737.0}, bo;w=queue=0.244;delay=0.986;waiting=0.278;pressure=1.0;switches=0.918
SIM_TRAIN step:164, travel time:111.76713280237081, q_loss:0.9625949, rewards:-134.22917, queue:14.021875, delay:0.3127066, throughput:21063, raw_metrics:{'fairness': 451.625}
SIM_TRAIN step:165, travel time:86.63643098578507, q_loss:0.9918767, rewards:-81.84085, queue:5.8118057, delay:0.2911626, throughput:21243, raw_metrics:{'fairness': 401.25}
SIM_TRAIN step:166, travel time:87.5806780288996, q_loss:0.8023643, rewards:-79.87916, queue:6.0380206, delay:0.2879987, throughput:21196, raw_metrics:{'fairness': 457.312}
SIM_TRAIN step:167, travel time:86.93591702551281, q_loss:0.728048, rewards:-73.23609, queue:5.702083, delay:0.2849318, throughput:21297, raw_metrics:{'fairness': 460.125}
SIM_TRAIN step:168, travel time:85.65279192517826, q_loss:0.6794678, rewards:-69.90054, queue:5.28559, delay:0.28267583, throughput:21275, raw_metrics:{'fairness': 686.5}
SIM_TRAIN step:169, travel time:83.57024448972032, q_loss:0.59769094, rewards:-55.76583, queue:4.6072917, delay:0.27846214, throughput:21269, raw_metrics:{'fairness': 378.0}
REAL_TRAIN step:25, travel time:116.66084139217516, q_loss:100, rewards:-243.60243, queue:14.392709, delay:0.2862935, throughput:19662, R_real:-4.2049, components:{'queue': 0.787, 'delay': 0.0, 'waiting': 0.0, 'pressure': 0.0, 'switches': 0.0, 'ssm_conflicts': 3.418, 'collisions': 0.0}, raw_metrics:{'fairness': 156.0, 'emission': 4624.29, 'fuel': 1499.144, 'emergency_stops': 84.0, 'collisions': 2.0, 'ssm_conflicts': 6153.0}, bo;w=queue=1.0;delay=0.107;waiting=0.138;pressure=0.648;switches=0.587
SIM_TRAIN step:170, travel time:243.9837006853121, q_loss:0.9402787, rewards:-339.50314, queue:31.371355, delay:0.3719276, throughput:20070, raw_metrics:{'fairness': 736.5}
SIM_TRAIN step:171, travel time:182.00115805076894, q_loss:0.8474105, rewards:-168.4878, queue:23.172916, delay:0.3551876, throughput:20030, raw_metrics:{'fairness': 556.062}
SIM_TRAIN step:172, travel time:192.50849812439216, q_loss:0.86565703, rewards:-205.48192, queue:21.664236, delay:0.33088657, throughput:20185, raw_metrics:{'fairness': 699.188}
SIM_TRAIN step:173, travel time:221.3498495021996, q_loss:0.7373118, rewards:-235.68976, queue:26.0875, delay:0.35235146, throughput:19700, raw_metrics:{'fairness': 516.875}
SIM_TRAIN step:174, travel time:212.7170449282075, q_loss:0.8946816, rewards:-215.40894, queue:23.779861, delay:0.32979536, throughput:20032, raw_metrics:{'fairness': 459.438}
SIM_TRAIN step:175, travel time:177.11554135407982, q_loss:0.8393303, rewards:-200.1576, queue:17.824306, delay:0.3115866, throughput:20357, raw_metrics:{'fairness': 590.5}
REAL_TRAIN step:26, travel time:163.451125934099, q_loss:100, rewards:-370.75925, queue:28.21007, delay:0.29662144, throughput:18851, R_real:-6.2897, components:{'queue': 1.446, 'delay': 0.0, 'waiting': 0.0, 'pressure': 0.0, 'switches': 0.0, 'ssm_conflicts': 4.843, 'collisions': 0.0}, raw_metrics:{'fairness': 202.625, 'emission': 5965.355, 'fuel': 1933.909, 'emergency_stops': 129.0, 'collisions': 3.0, 'ssm_conflicts': 8718.0}, bo;w=queue=1.0;delay=0.752;waiting=0.188
SIM_TRAIN step:176, travel time:161.95882925022, q_loss:2.6907406, rewards:-188.01805, queue:19.711632, delay:0.32482922, throughput:20624, raw_metrics:{'fairness': 450.75}
SIM_TRAIN step:177, travel time:123.65817861938052, q_loss:2.1309671, rewards:-147.59276, queue:11.205209, delay:0.2887461, throughput:20926, raw_metrics:{'fairness': 547.375}
SIM_TRAIN step:178, travel time:116.0267179107242, q_loss:2.1665912, rewards:-130.04662, queue:10.939236, delay:0.28701392, throughput:21007, raw_metrics:{'fairness': 647.062}
SIM_TRAIN step:179, travel time:99.27140541792082, q_loss:3.4609566, rewards:-120.96862, queue:9.508507, delay:0.28628948, throughput:21117, raw_metrics:{'fairness': 630.438}
SIM_TRAIN step:180, travel time:98.29479581442726, q_loss:5.290062, rewards:-114.34557, queue:8.970139, delay:0.28863806, throughput:21215, raw_metrics:{'fairness': 680.25}
SIM_TRAIN step:181, travel time:118.61930555555556, q_loss:4.796601, rewards:-119.70167, queue:14.65625, delay:0.2942454, throughput:21117, raw_metrics:{'fairness': 380.312}
REAL_TRAIN step:27, travel time:224.5980836858468, q_loss:100, rewards:-393.5559, queue:51.57448, delay:0.29149285, throughput:18382, R_real:-6.8965, components:{'queue': 2.695, 'delay': 0.0, 'waiting': 0.0, 'pressure': 0.0, 'switches': 0.0, 'ssm_conflicts': 4.201, 'collisions': 0.0}, raw_metrics:{'fairness': 123.812, 'emission': 7661.488, 'fuel': 2483.788, 'emergency_stops': 108.0, 'collisions': 2.0, 'ssm_conflicts': 7562.0}, bo;w=delay=0.312;waiting=0.454;pressure=0.988
SIM_TRAIN step:182, travel time:161.6814540402871, q_loss:3.9252713, rewards:-145.1894, queue:19.88125, delay:0.3179989, throughput:20434, raw_metrics:{'fairness': 663.25}
SIM_TRAIN step:183, travel time:118.65705024311183, q_loss:3.0035205, rewards:-114.54362, queue:10.427778, delay:0.28677446, throughput:20971, raw_metrics:{'fairness': 300.062}
SIM_TRAIN step:184, travel time:94.92145966472168, q_loss:3.0480509, rewards:-89.294464, queue:8.091319, delay:0.2840829, throughput:21218, raw_metrics:{'fairness': 435.938}
SIM_TRAIN step:185, travel time:105.9380817857639, q_loss:3.925223, rewards:-119.97895, queue:10.046701, delay:0.28575695, throughput:21051, raw_metrics:{'fairness': 552.125}
SIM_TRAIN step:186, travel time:111.64035006482682, q_loss:3.5070431, rewards:-127.79195, queue:9.632465, delay:0.29530835, throughput:21028, raw_metrics:{'fairness': 296.938}
SIM_TRAIN step:187, travel time:101.83448307792027, q_loss:4.149417, rewards:-126.05448, queue:8.465625, delay:0.28537422, throughput:21192, raw_metrics:{'fairness': 377.312}
REAL_TRAIN step:28, travel time:169.58720315354293, q_loss:100, rewards:-281.7436, queue:29.045486, delay:0.26863807, throughput:19713, R_real:-5.9865, components:{'queue': 1.499, 'delay': 0.0, 'waiting': 0.0, 'pressure': 0.0, 'switches': 0.0, 'ssm_conflicts': 4.487, 'collisions': 0.0}, raw_metrics:{'fairness': 183.0, 'emission': 6405.484, 'fuel': 2076.594, 'emergency_stops': 88.0, 'collisions': 1.0, 'ssm_conflicts': 8077.0}, bo;w=delay=0.195;pressure=0.654;switches=0.586
SIM_TRAIN step:188, travel time:110.48384109639781, q_loss:3.4011767, rewards:-126.5148, queue:13.542361, delay:0.3022339, throughput:21265, raw_metrics:{'fairness': 528.438}
SIM_TRAIN step:189, travel time:92.99314719636986, q_loss:2.1555212, rewards:-88.59278, queue:7.8519096, delay:0.2858451, throughput:21274, raw_metrics:{'fairness': 472.062}
SIM_TRAIN step:190, travel time:87.53947307496412, q_loss:1.9466068, rewards:-90.51081, queue:6.1640625, delay:0.3007672, throughput:21255, raw_metrics:{'fairness': 552.188}
SIM_TRAIN step:191, travel time:85.87585089141005, q_loss:1.7662008, rewards:-75.27888, queue:5.4180555, delay:0.2868662, throughput:21297, raw_metrics:{'fairness': 360.688}
SIM_TRAIN step:192, travel time:85.83601926461054, q_loss:1.9678891, rewards:-78.79917, queue:5.4038196, delay:0.29147503, throughput:21265, raw_metrics:{'fairness': 751.312}
SIM_TRAIN step:193, travel time:87.11727108517438, q_loss:1.4451463, rewards:-82.77, queue:5.800868, delay:0.2963712, throughput:21257, raw_metrics:{'fairness': 431.625}
REAL_TRAIN step:29, travel time:91.52605855538324, q_loss:100, rewards:-138.18169, queue:6.05625, delay:0.25091162, throughput:20774, R_real:-4.1054, components:{'queue': 0.336, 'delay': 0.0, 'waiting': 0.0, 'pressure': 0.0, 'switches': 0.0, 'ssm_conflicts': 3.769, 'collisions': 0.0}, raw_metrics:{'fairness': 112.188, 'emission': 4012.325, 'fuel': 1300.747, 'emergency_stops': 93.0, 'collisions': 0.0, 'ssm_conflicts': 6785.0}, bo;w=queue=0.642;delay=0.008;waiting=0.076;pressure=0.616;switches=0.759
SIM_TRAIN step:194, travel time:102.796147077892, q_loss:2.3418741, rewards:-139.10144, queue:11.3972225, delay:0.32082686, throughput:21143, raw_metrics:{'fairness': 389.062}
SIM_TRAIN step:195, travel time:98.26532691239119, q_loss:2.1481693, rewards:-139.50641, queue:9.819271, delay:0.31282708, throughput:21181, raw_metrics:{'fairness': 528.688}
SIM_TRAIN step:196, travel time:94.25281289067927, q_loss:1.3888699, rewards:-107.800285, queue:8.2473955, delay:0.30043587, throughput:21240, raw_metrics:{'fairness': 454.438}
SIM_TRAIN step:197, travel time:91.83148096693526, q_loss:0.7776616, rewards:-114.37806, queue:7.4890623, delay:0.30323917, throughput:21211, raw_metrics:{'fairness': 767.0}
SIM_TRAIN step:198, travel time:88.87706625920266, q_loss:0.6195205, rewards:-94.35027, queue:6.296007, delay:0.29417735, throughput:21288, raw_metrics:{'fairness': 264.5}
SIM_TRAIN step:199, travel time:87.2794294711494, q_loss:0.55147284, rewards:-86.44331, queue:5.8192706, delay:0.29670694, throughput:21279, raw_metrics:{'fairness': 649.875}
REAL_TRAIN step:30, travel time:153.62149802637913, q_loss:100, rewards:-174.97726, queue:20.905209, delay:0.29847005, throughput:19216, R_real:-6.3324, components:{'queue': 1.188, 'delay': 0.0, 'waiting': 0.0, 'pressure': 0.0, 'switches': 0.0, 'ssm_conflicts': 5.144, 'collisions': 0.0}, raw_metrics:{'fairness': 324.562, 'emission': 5922.529, 'fuel': 1920.023, 'emergency_stops': 76.0, 'collisions': 2.0, 'ssm_conflicts': 9260.0}, bo;w=queue=0.967;delay=0.446;waiting=0.039;pressure=0.583;switches=0.98
SIM_TRAIN step:200, travel time:100.0662037037037, q_loss:0.87446094, rewards:-137.94247, queue:10.249479, delay:0.33011842, throughput:21239, raw_metrics:{'fairness': 721.812}
SIM_TRAIN step:201, travel time:88.63642678521812, q_loss:0.71177185, rewards:-90.24722, queue:6.309896, delay:0.2959766, throughput:21260, raw_metrics:{'fairness': 476.812}
SIM_TRAIN step:202, travel time:86.33202111893294, q_loss:0.6026093, rewards:-73.0361, queue:5.4802084, delay:0.27938738, throughput:21279, raw_metrics:{'fairness': 499.75}
SIM_TRAIN step:203, travel time:85.0008796703551, q_loss:0.52207565, rewards:-70.246124, queue:5.0279512, delay:0.27652672, throughput:21287, raw_metrics:{'fairness': 466.125}
SIM_TRAIN step:204, travel time:84.30448673426865, q_loss:0.44783098, rewards:-63.26638, queue:4.8185763, delay:0.27592576, throughput:21284, raw_metrics:{'fairness': 356.125}
SIM_TRAIN step:205, travel time:82.30191212556137, q_loss:0.3982066, rewards:-48.409733, queue:4.134375, delay:0.26642177, throughput:21303, raw_metrics:{'fairness': 511.188}
REAL_TRAIN step:31, travel time:94.62421819891841, q_loss:100, rewards:-135.75833, queue:6.7737846, delay:0.2572731, throughput:20714, R_real:-4.9639, components:{'queue': 0.365, 'delay': 0.0, 'waiting': 0.0, 'pressure': 0.0, 'switches': 0.0, 'ssm_conflicts': 4.599, 'collisions': 0.0}, raw_metrics:{'fairness': 99.188, 'emission': 4118.958, 'fuel': 1335.317, 'emergency_stops': 123.0, 'collisions': 4.0, 'ssm_conflicts': 8278.0}, bo;w=queue=0.739;delay=0.69;waiting=0.816;pressure=0.623
SIM_TRAIN step:206, travel time:88.12975826618505, q_loss:0.8336256, rewards:-74.67998, queue:6.1041665, delay:0.288235, throughput:21256, raw_metrics:{'fairness': 287.188}
SIM_TRAIN step:207, travel time:85.61453703703704, q_loss:0.60459805, rewards:-71.123604, queue:5.2145834, delay:0.27301326, throughput:21275, raw_metrics:{'fairness': 321.938}
SIM_TRAIN step:208, travel time:84.2322048812115, q_loss:0.5246183, rewards:-67.08112, queue:4.7498264, delay:0.2703414, throughput:21295, raw_metrics:{'fairness': 406.375}
SIM_TRAIN step:209, travel time:81.59411029309626, q_loss:0.4519336, rewards:-52.172493, queue:3.9378471, delay:0.26924837, throughput:21292, raw_metrics:{'fairness': 286.812}
SIM_TRAIN step:210, travel time:82.33645076160933, q_loss:0.41196704, rewards:-58.19667, queue:4.1243057, delay:0.2649536, throughput:21305, raw_metrics:{'fairness': 654.375}
SIM_TRAIN step:211, travel time:82.34954153931648, q_loss:0.3781153, rewards:-58.521114, queue:4.14375, delay:0.26371747, throughput:21288, raw_metrics:{'fairness': 404.375}
REAL_TRAIN step:32, travel time:142.85670542079328, q_loss:100, rewards:-190.86272, queue:20.890625, delay:0.28866905, throughput:19738, R_real:-5.7313, components:{'queue': 1.221, 'delay': 0.0, 'waiting': 0.0, 'pressure': 0.0, 'switches': 0.0, 'ssm_conflicts': 4.51, 'collisions': 0.0}, raw_metrics:{'fairness': 159.188, 'emission': 5576.905, 'fuel': 1807.975, 'emergency_stops': 111.0, 'collisions': 3.0, 'ssm_conflicts': 8118.0}, bo;w=queue=0.45;delay=0.976;waiting=0.006;pressure=0.969;switches=0.69
SIM_TRAIN step:212, travel time:89.78915941492316, q_loss:0.60178554, rewards:-81.92055, queue:6.7046876, delay:0.292696, throughput:21294, raw_metrics:{'fairness': 469.688}
SIM_TRAIN step:213, travel time:82.78837693910627, q_loss:0.5349315, rewards:-57.633606, queue:4.250868, delay:0.26374748, throughput:21301, raw_metrics:{'fairness': 233.438}
SIM_TRAIN step:214, travel time:82.04954850659875, q_loss:0.46579945, rewards:-53.38001, queue:4.038368, delay:0.26129928, throughput:21296, raw_metrics:{'fairness': 371.75}
SIM_TRAIN step:215, travel time:80.74935173180218, q_loss:0.39611146, rewards:-46.690277, queue:3.5758681, delay:0.25558344, throughput:21316, raw_metrics:{'fairness': 342.062}
SIM_TRAIN step:216, travel time:81.59816632709762, q_loss:0.35483086, rewards:-49.655556, queue:3.8532987, delay:0.25841615, throughput:21300, raw_metrics:{'fairness': 388.875}
SIM_TRAIN step:217, travel time:81.60911237671898, q_loss:0.31998116, rewards:-48.69056, queue:3.896007, delay:0.25761256, throughput:21315, raw_metrics:{'fairness': 608.188}
REAL_TRAIN step:33, travel time:157.96514939421732, q_loss:100, rewards:-239.5589, queue:26.169966, delay:0.2901568, throughput:19341, R_real:-5.9697, components:{'queue': 1.53, 'delay': 0.0, 'waiting': 0.0, 'pressure': 0.0, 'switches': 0.0, 'ssm_conflicts': 4.44, 'collisions': 0.0}, raw_metrics:{'fairness': 140.0, 'emission': 5994.487, 'fuel': 1943.353, 'emergency_stops': 107.0, 'collisions': 4.0, 'ssm_conflicts': 7992.0}, bo;w=delay=0.328;waiting=0.006;pressure=1.0;switches=0.054
SIM_TRAIN step:218, travel time:106.28722271106378, q_loss:0.50050616, rewards:-100.002, queue:10.285069, delay:0.3008781, throughput:21262, raw_metrics:{'fairness': 634.188}
SIM_TRAIN step:219, travel time:85.4385274369067, q_loss:0.5166037, rewards:-62.411934, queue:5.166493, delay:0.27553934, throughput:21293, raw_metrics:{'fairness': 550.062}
SIM_TRAIN step:220, travel time:84.35184070386664, q_loss:0.5053574, rewards:-58.626953, queue:4.7998266, delay:0.27093315, throughput:21281, raw_metrics:{'fairness': 476.0}
SIM_TRAIN step:221, travel time:83.86106481481481, q_loss:0.46528858, rewards:-59.879177, queue:4.682465, delay:0.27025092, throughput:21265, raw_metrics:{'fairness': 717.375}
SIM_TRAIN step:222, travel time:82.13773619859207, q_loss:0.4164655, rewards:-49.820553, queue:4.079167, delay:0.263986, throughput:21289, raw_metrics:{'fairness': 607.875}
SIM_TRAIN step:223, travel time:82.16921367046402, q_loss:0.38053, rewards:-47.988323, queue:4.0456595, delay:0.26384857, throughput:21292, raw_metrics:{'fairness': 355.812}
REAL_TRAIN step:34, travel time:116.35138049032017, q_loss:100, rewards:-194.66582, queue:12.868576, delay:0.25772113, throughput:20402, R_real:-5.2204, components:{'queue': 0.58, 'delay': 0.0, 'waiting': 0.0, 'pressure': 0.0, 'switches': 0.0, 'ssm_conflicts': 4.641, 'collisions': 0.0}, raw_metrics:{'fairness': 167.688, 'emission': 4842.981, 'fuel': 1570.041, 'emergency_stops': 110.0, 'collisions': 6.0, 'ssm_conflicts': 8353.0}, bo;w=delay=0.539;waiting=0.159;pressure=0.662;switches=0.643
SIM_TRAIN step:224, travel time:89.90965919614743, q_loss:0.52261215, rewards:-75.95945, queue:6.7671876, delay:0.29341313, throughput:21277, raw_metrics:{'fairness': 376.938}
SIM_TRAIN step:225, travel time:81.92868389367416, q_loss:0.5132338, rewards:-55.865826, queue:4.0489583, delay:0.27226585, throughput:21323, raw_metrics:{'fairness': 617.938}
SIM_TRAIN step:226, travel time:82.54618697041256, q_loss:0.46167824, rewards:-59.339996, queue:4.210417, delay:0.2749346, throughput:21311, raw_metrics:{'fairness': 264.5}
SIM_TRAIN step:227, travel time:81.20115740740741, q_loss:0.42874664, rewards:-49.652782, queue:3.7954862, delay:0.27196455, throughput:21296, raw_metrics:{'fairness': 412.75}
SIM_TRAIN step:228, travel time:80.82331157709578, q_loss:0.3757571, rewards:-47.752506, queue:3.7315972, delay:0.27637583, throughput:21317, raw_metrics:{'fairness': 373.0}
SIM_TRAIN step:229, travel time:81.00731583090244, q_loss:0.36140755, rewards:-47.76195, queue:3.801736, delay:0.27765527, throughput:21319, raw_metrics:{'fairness': 410.5}
REAL_TRAIN step:35, travel time:110.87448421456673, q_loss:100, rewards:-175.05634, queue:10.983507, delay:0.27714813, throughput:20211, R_real:-4.7800, components:{'queue': 0.622, 'delay': 0.0, 'waiting': 0.0, 'pressure': 0.0, 'switches': 0.0, 'ssm_conflicts': 4.158, 'collisions': 0.0}, raw_metrics:{'fairness': 155.938, 'emission': 4553.037, 'fuel': 1476.043, 'emergency_stops': 89.0, 'collisions': 2.0, 'ssm_conflicts': 7485.0}, bo;w=delay=0.032;waiting=0.34;pressure=0.603;switches=0.95
SIM_TRAIN step:230, travel time:92.19590589107077, q_loss:0.46789518, rewards:-96.08501, queue:7.497743, delay:0.31230867, throughput:21199, raw_metrics:{'fairness': 442.312}
SIM_TRAIN step:231, travel time:91.57963228824156, q_loss:0.47172204, rewards:-104.58303, queue:6.970486, delay:0.2932981, throughput:21260, raw_metrics:{'fairness': 267.812}
SIM_TRAIN step:232, travel time:85.7827899221934, q_loss:0.40115607, rewards:-80.310555, queue:5.327778, delay:0.28892896, throughput:21279, raw_metrics:{'fairness': 559.938}
SIM_TRAIN step:233, travel time:85.27571997407168, q_loss:0.34362704, rewards:-70.16525, queue:5.206771, delay:0.28843266, throughput:21297, raw_metrics:{'fairness': 327.25}
SIM_TRAIN step:234, travel time:83.13596369361859, q_loss:0.30091494, rewards:-61.01862, queue:4.5029516, delay:0.286905, throughput:21294, raw_metrics:{'fairness': 429.25}
SIM_TRAIN step:235, travel time:83.54727289563849, q_loss:0.26316482, rewards:-64.80415, queue:4.661632, delay:0.28765413, throughput:21274, raw_metrics:{'fairness': 422.438}
REAL_TRAIN step:36, travel time:158.61525060972573, q_loss:100, rewards:-310.09192, queue:24.881424, delay:0.2854073, throughput:18997, R_real:-5.2158, components:{'queue': 1.236, 'delay': 0.0, 'waiting': 0.0, 'pressure': 0.0, 'switches': 0.0, 'ssm_conflicts': 3.98, 'collisions': 0.0}, raw_metrics:{'fairness': 153.938, 'emission': 5853.032, 'fuel': 1897.495, 'emergency_stops': 63.0, 'collisions': 4.0, 'ssm_conflicts': 7164.0}, bo;w=queue=0.495;waiting=0.254;pressure=0.64;switches=0.006
SIM_TRAIN step:236, travel time:100.63718043719896, q_loss:0.4524822, rewards:-110.32945, queue:9.685764, delay:0.3147315, throughput:21289, raw_metrics:{'fairness': 497.0}
SIM_TRAIN step:237, travel time:85.08019261042689, q_loss:0.3984047, rewards:-74.58222, queue:5.15191, delay:0.29046148, throughput:21254, raw_metrics:{'fairness': 337.438}
SIM_TRAIN step:238, travel time:85.99666574048346, q_loss:0.34882402, rewards:-76.55832, queue:5.41684, delay:0.28927958, throughput:21278, raw_metrics:{'fairness': 493.312}
SIM_TRAIN step:239, travel time:86.81101231823655, q_loss:0.31059673, rewards:-80.89723, queue:5.6862845, delay:0.28860787, throughput:21264, raw_metrics:{'fairness': 360.438}
SIM_TRAIN step:240, travel time:86.80990970131975, q_loss:0.29521462, rewards:-82.778625, queue:5.696875, delay:0.28993228, throughput:21286, raw_metrics:{'fairness': 420.5}
SIM_TRAIN step:241, travel time:85.34736500879875, q_loss:0.27947372, rewards:-75.71722, queue:5.1996527, delay:0.28820682, throughput:21290, raw_metrics:{'fairness': 364.812}
REAL_TRAIN step:37, travel time:203.93118616644756, q_loss:100, rewards:-167.84329, queue:30.103125, delay:0.2973763, throughput:17722, R_real:-5.6552, components:{'queue': 1.665, 'delay': 0.0, 'waiting': 0.0, 'pressure': 0.0, 'switches': 0.0, 'ssm_conflicts': 3.991, 'collisions': 0.0}, raw_metrics:{'fairness': 207.188, 'emission': 7076.555, 'fuel': 2294.156, 'emergency_stops': 67.0, 'collisions': 3.0, 'ssm_conflicts': 7183.0}, bo;w=queue=0.55;delay=0.078;pressure=0.621;switches=0.635
SIM_TRAIN step:242, travel time:93.63265117140476, q_loss:0.48890534, rewards:-93.366104, queue:7.407986, delay:0.3008631, throughput:21230, raw_metrics:{'fairness': 456.312}
SIM_TRAIN step:243, travel time:88.06390960033345, q_loss:0.40051243, rewards:-85.52472, queue:6.050521, delay:0.29325873, throughput:21275, raw_metrics:{'fairness': 539.0}
SIM_TRAIN step:244, travel time:85.10015279899986, q_loss:0.35111636, rewards:-75.86414, queue:5.159375, delay:0.2843171, throughput:21283, raw_metrics:{'fairness': 397.125}
SIM_TRAIN step:245, travel time:85.61072520144485, q_loss:0.32496533, rewards:-78.89499, queue:5.274653, delay:0.28482038, throughput:21280, raw_metrics:{'fairness': 506.5}
SIM_TRAIN step:246, travel time:84.97925445705025, q_loss:0.29346097, rewards:-74.072205, queue:5.1074653, delay:0.2861905, throughput:21262, raw_metrics:{'fairness': 372.625}
SIM_TRAIN step:247, travel time:84.47284093540172, q_loss:0.27436498, rewards:-69.33638, queue:4.905208, delay:0.28377402, throughput:21276, raw_metrics:{'fairness': 398.312}
REAL_TRAIN step:38, travel time:91.08488262910798, q_loss:100, rewards:-130.84055, queue:5.6706595, delay:0.25452825, throughput:20779, R_real:-3.9204, components:{'queue': 0.303, 'delay': 0.0, 'waiting': 0.0, 'pressure': 0.0, 'switches': 0.0, 'ssm_conflicts': 3.617, 'collisions': 0.0}, raw_metrics:{'fairness': 179.0, 'emission': 4005.781, 'fuel': 1298.626, 'emergency_stops': 98.0, 'collisions': 1.0, 'ssm_conflicts': 6511.0}, bo;w=queue=0.205;delay=0.457;waiting=0.058;pressure=0.49;switches=0.584
SIM_TRAIN step:248, travel time:90.1850925925926, q_loss:0.46912596, rewards:-89.02609, queue:6.884375, delay:0.30731034, throughput:21262, raw_metrics:{'fairness': 432.938}
SIM_TRAIN step:249, travel time:85.58797925541766, q_loss:0.41236877, rewards:-77.17444, queue:5.2970486, delay:0.28398943, throughput:21280, raw_metrics:{'fairness': 808.875}
SIM_TRAIN step:250, travel time:85.24666543164135, q_loss:0.34290025, rewards:-76.23803, queue:5.1829863, delay:0.28270632, throughput:21267, raw_metrics:{'fairness': 484.375}
SIM_TRAIN step:251, travel time:84.42653391988887, q_loss:0.28792137, rewards:-68.76332, queue:4.893229, delay:0.27440763, throughput:21277, raw_metrics:{'fairness': 323.25}
SIM_TRAIN step:252, travel time:83.63133768578969, q_loss:0.271369, rewards:-66.543045, queue:4.630729, delay:0.27696165, throughput:21284, raw_metrics:{'fairness': 463.125}
SIM_TRAIN step:253, travel time:84.52352069636078, q_loss:0.24791606, rewards:-68.828865, queue:4.866493, delay:0.27440944, throughput:21285, raw_metrics:{'fairness': 506.375}
REAL_TRAIN step:39, travel time:91.96313190688926, q_loss:100, rewards:-135.1861, queue:6.025521, delay:0.2540199, throughput:20726, R_real:-4.5388, components:{'queue': 0.304, 'delay': 0.0, 'waiting': 0.0, 'pressure': 0.0, 'switches': 0.0, 'ssm_conflicts': 4.235, 'collisions': 0.0}, raw_metrics:{'fairness': 115.875, 'emission': 4026.81, 'fuel': 1305.443, 'emergency_stops': 74.0, 'collisions': 2.0, 'ssm_conflicts': 7623.0}, bo;w=queue=0.612;delay=0.05;waiting=0.238;pressure=0.617;switches=0.225
SIM_TRAIN step:254, travel time:92.8147719379486, q_loss:0.47292536, rewards:-81.97806, queue:7.2644095, delay:0.2966892, throughput:21272, raw_metrics:{'fairness': 371.375}
SIM_TRAIN step:255, travel time:86.16469825390209, q_loss:0.45438313, rewards:-79.77555, queue:5.449132, delay:0.279783, throughput:21275, raw_metrics:{'fairness': 483.938}
SIM_TRAIN step:256, travel time:84.85780432467472, q_loss:0.41368076, rewards:-71.7292, queue:5.005903, delay:0.27564323, throughput:21290, raw_metrics:{'fairness': 465.0}
SIM_TRAIN step:257, travel time:84.9472075576549, q_loss:0.38693872, rewards:-70.28889, queue:5.027257, delay:0.27990294, throughput:21279, raw_metrics:{'fairness': 460.625}
SIM_TRAIN step:258, travel time:83.78684880759435, q_loss:0.38853285, rewards:-64.80248, queue:4.6868057, delay:0.27880386, throughput:21271, raw_metrics:{'fairness': 490.562}
SIM_TRAIN step:259, travel time:82.88668673304005, q_loss:0.37149382, rewards:-61.739178, queue:4.401215, delay:0.27433315, throughput:21280, raw_metrics:{'fairness': 383.812}
REAL_TRAIN step:40, travel time:145.461972667855, q_loss:100, rewards:-232.86499, queue:19.293924, delay:0.32163492, throughput:19142, R_real:-4.9487, components:{'queue': 1.136, 'delay': 0.0, 'waiting': 0.0, 'pressure': 0.0, 'switches': 0.0, 'ssm_conflicts': 3.812, 'collisions': 0.0}, raw_metrics:{'fairness': 168.0, 'emission': 5460.179, 'fuel': 1770.135, 'emergency_stops': 68.0, 'collisions': 1.0, 'ssm_conflicts': 6862.0}, bo;w=queue=0.512;delay=1.0;pressure=1.0;switches=0.714
DynShaping selected R_real=-3.4638 w={'waiting': 1.0, 'pressure': 1.0}
Saved method state to data/output_data/sim2real_rewards/cityflow_presslight/tempe_16/baseline_rewards_v2_dynamic_reward_shaping_physical_safety_heavy_s0/model/tempe_16_physical_safety_heavy_presslight_dynamic_reward_shaping/method_state.json
real rollouts used: 40/100
REAL_TEST step:0, travel time:85.38868810138464, q_loss:100, rewards:-108.50193, queue:4.0005207, delay:0.23109864, throughput:20825, R_real:-3.4638, components:{'queue': 0.199, 'delay': 0.0, 'waiting': 0.0, 'pressure': 0.0, 'switches': 0.0, 'ssm_conflicts': 3.265, 'collisions': 0.0}, raw_metrics:{'fairness': 175.562, 'emission': 3809.518, 'fuel': 1234.999, 'emergency_stops': 110.0, 'collisions': 0.0, 'ssm_conflicts': 5877.0}
Total time taken: 14451.282619953156
