cologne3_noise20_presslight_latent_observation	REAL_TEST	2	873.3	100.0	-95.28	73.38	8.10	1105
cologne3_noise20_presslight_latent_observation	REAL_TEST	4	586.7	100.0	-124.69	77.01	8.40	1500
cologne3_noise20_presslight_latent_observation	REAL_TEST	6	515.7	100.0	-47.11	62.04	8.19	1674
cologne3_noise20_presslight_latent_observation	REAL_TEST	8	209.9	100.0	-39.19	59.59	8.14	2406
cologne3_noise20_presslight_latent_observation	REAL_TEST	10	483.6	100.0	-63.98	62.67	8.07	1507
cologne3_noise20_presslight_latent_observation	REAL_TEST	12	93.1	100.0	-20.32	52.43	8.16	2796
cologne3_noise20_presslight_latent_observation	REAL_TEST	14	408.9	100.0	-100.61	74.51	8.53	1830
cologne3_noise20_presslight_latent_observation	REAL_TEST	16	195.0	100.0	-58.51	63.53	8.18	2464
cologne3_noise20_presslight_latent_observation	REAL_TEST	18	395.1	100.0	-105.24	73.95	8.01	1881
cologne3_noise20_presslight_latent_observation	REAL_TEST	20	267.2	100.0	-111.03	72.89	8.23	2473
cologne3_noise20_presslight_latent_observation	REAL_TEST	22	270.9	100.0	-107.51	71.94	8.25	2452
cologne3_noise20_presslight_latent_observation	REAL_TEST	24	378.1	100.0	-110.78	75.84	8.29	2007
cologne3_noise20_presslight_latent_observation	REAL_TEST	26	235.9	100.0	-101.30	69.70	8.38	2494
cologne3_noise20_presslight_latent_observation	REAL_TEST	28	407.5	100.0	-113.43	74.69	8.42	1871
cologne3_noise20_presslight_latent_observation	REAL_TEST	30	1202.9	100.0	-152.90	84.89	8.07	680
cologne3_noise20_presslight_latent_observation	REAL_TEST	32	484.2	100.0	-116.10	78.24	8.49	1727
cologne3_noise20_presslight_latent_observation	REAL_TEST	34	404.5	100.0	-106.65	72.66	8.19	2026
cologne3_noise20_presslight_latent_observation	REAL_TEST	36	663.2	100.0	-127.11	79.63	8.01	1490
cologne3_noise20_presslight_latent_observation	REAL_TEST	38	834.7	100.0	-111.59	76.37	8.29	1155
cologne3_noise20_presslight_latent_observation	REAL_TEST	40	890.4	100.0	-100.91	75.03	8.05	1048
cologne3_noise20_presslight_latent_observation	REAL_TEST	42	653.7	100.0	-91.65	71.99	8.10	1480
cologne3_noise20_presslight_latent_observation	REAL_TEST	44	643.4	100.0	-103.61	73.55	8.27	1568
cologne3_noise20_presslight_latent_observation	REAL_TEST	46	787.6	100.0	-109.52	77.84	8.32	1318
cologne3_noise20_presslight_latent_observation	REAL_TEST	48	731.9	100.0	-91.61	71.73	8.34	1362
cologne3_noise20_presslight_latent_observation	REAL_TEST	50	796.6	100.0	-102.03	75.69	8.23	1219
cologne3_noise20_presslight_latent_observation	REAL_TEST	52	414.1	100.0	-100.14	71.41	8.18	1940
cologne3_noise20_presslight_latent_observation	REAL_TEST	54	331.3	100.0	-102.02	73.35	8.36	2119
cologne3_noise20_presslight_latent_observation	REAL_TEST	56	368.2	100.0	-101.11	69.02	8.29	2045
cologne3_noise20_presslight_latent_observation	REAL_TEST	58	363.9	100.0	-108.87	71.99	8.24	2037
cologne3_noise20_presslight_latent_observation	REAL_TEST	60	390.4	100.0	-106.24	73.62	8.69	1894
cologne3_noise20_presslight_latent_observation	REAL_TEST	62	298.4	100.0	-97.35	70.65	8.07	2250
cologne3_noise20_presslight_latent_observation	REAL_TEST	64	317.3	100.0	-96.19	69.81	8.35	2295
cologne3_noise20_presslight_latent_observation	REAL_TEST	66	709.9	100.0	-122.51	79.87	8.47	1486
cologne3_noise20_presslight_latent_observation	REAL_TEST	68	545.7	100.0	-137.67	79.67	8.19	1772
cologne3_noise20_presslight_latent_observation	REAL_TEST	70	758.1	100.0	-145.10	83.87	8.40	1311
cologne3_noise20_presslight_latent_observation	REAL_TEST	72	575.2	100.0	-120.54	75.49	8.18	1603
cologne3_noise20_presslight_latent_observation	REAL_TEST	74	711.7	100.0	-126.90	78.01	8.50	1354
cologne3_noise20_presslight_latent_observation	REAL_TEST	76	909.5	100.0	-133.52	82.35	8.22	1101
cologne3_noise20_presslight_latent_observation	REAL_TEST	78	858.1	100.0	-134.25	82.78	8.17	1179
cologne3_noise20_presslight_latent_observation	REAL_TEST	80	860.1	100.0	-121.84	77.44	8.53	1073
cologne3_noise20_presslight_latent_observation	REAL_TEST	82	1066.5	100.0	-141.22	83.45	8.41	818
cologne3_noise20_presslight_latent_observation	REAL_TEST	84	766.7	100.0	-100.43	73.83	8.21	1238
cologne3_noise20_presslight_latent_observation	REAL_TEST	86	773.5	100.0	-105.34	74.48	8.34	1212
cologne3_noise20_presslight_latent_observation	REAL_TEST	88	766.8	100.0	-100.98	72.38	8.37	1208
cologne3_noise20_presslight_latent_observation	REAL_TEST	90	775.3	100.0	-111.04	78.12	8.20	1205
cologne3_noise20_presslight_latent_observation	REAL_TEST	92	678.8	100.0	-98.69	73.71	8.29	1220
cologne3_noise20_presslight_latent_observation	REAL_TEST	94	440.2	100.0	-108.81	74.78	8.60	1864
cologne3_noise20_presslight_latent_observation	REAL_TEST	96	343.8	100.0	-109.67	73.66	8.58	2107
cologne3_noise20_presslight_latent_observation	REAL_TEST	98	274.9	100.0	-100.40	71.98	8.43	2282
cologne3_noise20_presslight_latent_observation	REAL_TEST	100	369.5	100.0	-113.01	74.42	8.47	1992
cologne3_noise20_presslight_latent_observation	REAL_TEST	102	293.3	100.0	-104.00	72.89	8.21	2211
cologne3_noise20_presslight_latent_observation	REAL_TEST	104	443.5	100.0	-107.04	75.84	8.49	1769
cologne3_noise20_presslight_latent_observation	REAL_TEST	106	468.7	100.0	-109.63	78.29	8.27	1712
cologne3_noise20_presslight_latent_observation	REAL_TEST	108	477.6	100.0	-128.43	81.11	8.42	1678
cologne3_noise20_presslight_latent_observation	REAL_TEST	110	640.7	100.0	-143.50	83.09	8.17	1406
cologne3_noise20_presslight_latent_observation	REAL_TEST	112	606.4	100.0	-159.76	85.98	8.29	1523
cologne3_noise20_presslight_latent_observation	REAL_TEST	114	695.9	100.0	-177.56	89.41	8.61	1388
cologne3_noise20_presslight_latent_observation	REAL_TEST	116	454.0	100.0	-118.21	79.93	8.40	1783
cologne3_noise20_presslight_latent_observation	REAL_TEST	118	447.3	100.0	-117.84	77.57	8.23	1824
cologne3_noise20_presslight_latent_observation	REAL_TEST	120	460.7	100.0	-131.68	76.79	8.18	1902
cologne3_noise20_presslight_latent_observation	REAL_TEST	122	852.3	100.0	-148.69	84.65	8.18	1211
cologne3_noise20_presslight_latent_observation	REAL_TEST	124	472.9	100.0	-122.05	77.52	8.41	1778
cologne3_noise20_presslight_latent_observation	REAL_TEST	126	442.1	100.0	-115.96	77.78	8.40	1801
cologne3_noise20_presslight_latent_observation	REAL_TEST	128	410.9	100.0	-111.09	74.95	8.44	1897
cologne3_noise20_presslight_latent_observation	REAL_TEST	130	474.3	100.0	-116.60	78.15	8.37	1770
cologne3_noise20_presslight_latent_observation	REAL_TEST	132	437.0	100.0	-113.68	77.30	8.70	1789
cologne3_noise20_presslight_latent_observation	REAL_TEST	134	478.2	100.0	-111.70	78.91	8.11	1677
cologne3_noise20_presslight_latent_observation	REAL_TEST	136	460.3	100.0	-103.84	74.04	8.46	1739
cologne3_noise20_presslight_latent_observation	REAL_TEST	138	452.7	100.0	-110.27	76.80	8.52	1726
cologne3_noise20_presslight_latent_observation	REAL_TEST	140	431.8	100.0	-116.85	77.64	8.43	1805
cologne3_noise20_presslight_latent_observation	REAL_TEST	142	667.7	100.0	-146.37	83.95	8.59	1504
cologne3_noise20_presslight_latent_observation	REAL_TEST	144	1315.0	100.0	-188.89	92.60	8.67	600
cologne3_noise20_presslight_latent_observation	REAL_TEST	146	1338.3	100.0	-186.56	90.30	8.56	573
cologne3_noise20_presslight_latent_observation	REAL_TEST	148	1337.5	100.0	-181.90	88.60	8.65	560
cologne3_noise20_presslight_latent_observation	REAL_TEST	150	853.9	100.0	-172.19	87.52	8.27	1100
cologne3_noise20_presslight_latent_observation	REAL_TEST	152	1142.7	100.0	-183.58	90.20	8.33	783
cologne3_noise20_presslight_latent_observation	REAL_TEST	154	1033.3	100.0	-145.37	82.77	8.43	904
cologne3_noise20_presslight_latent_observation	REAL_TEST	156	1102.4	100.0	-148.38	84.82	8.49	847
cologne3_noise20_presslight_latent_observation	REAL_TEST	158	963.0	100.0	-129.25	79.03	8.22	1013
cologne3_noise20_presslight_latent_observation	REAL_TEST	160	546.5	100.0	-122.53	76.65	8.14	1763
cologne3_noise20_presslight_latent_observation	REAL_TEST	162	772.3	100.0	-90.67	74.58	8.51	1205
cologne3_noise20_presslight_latent_observation	REAL_TEST	164	921.4	100.0	-144.48	81.82	8.45	1020
cologne3_noise20_presslight_latent_observation	REAL_TEST	166	847.2	100.0	-128.98	80.81	8.30	1182
cologne3_noise20_presslight_latent_observation	REAL_TEST	168	689.6	100.0	-133.28	78.85	8.36	1336
cologne3_noise20_presslight_latent_observation	REAL_TEST	170	662.4	100.0	-145.97	82.85	8.30	1442
cologne3_noise20_presslight_latent_observation	REAL_TEST	172	488.6	100.0	-154.74	83.16	8.26	1700
cologne3_noise20_presslight_latent_observation	REAL_TEST	174	485.1	100.0	-132.23	80.12	7.97	1731
cologne3_noise20_presslight_latent_observation	REAL_TEST	176	510.7	100.0	-124.77	78.85	8.47	1660
cologne3_noise20_presslight_latent_observation	REAL_TEST	178	476.3	100.0	-129.70	79.77	8.45	1809
cologne3_noise20_presslight_latent_observation	REAL_TEST	180	375.9	100.0	-116.80	75.87	8.11	1924
cologne3_noise20_presslight_latent_observation	REAL_TEST	182	357.0	100.0	-117.93	77.40	8.10	2011
cologne3_noise20_presslight_latent_observation	REAL_TEST	184	370.2	100.0	-118.96	76.12	8.46	1929
cologne3_noise20_presslight_latent_observation	REAL_TEST	186	261.1	100.0	-101.33	70.84	8.38	2282
cologne3_noise20_presslight_latent_observation	REAL_TEST	188	462.0	100.0	-112.13	77.69	8.30	1678
cologne3_noise20_presslight_latent_observation	REAL_TEST	190	578.9	100.0	-141.73	81.48	8.22	1515
cologne3_noise20_presslight_latent_observation	REAL_TEST	192	652.3	100.0	-142.91	84.23	8.19	1392
cologne3_noise20_presslight_latent_observation	REAL_TEST	194	765.5	100.0	-158.23	85.68	8.56	1255
cologne3_noise20_presslight_latent_observation	REAL_TEST	196	761.7	100.0	-186.18	92.26	8.42	1246
cologne3_noise20_presslight_latent_observation	REAL_TEST	198	671.8	100.0	-142.11	83.54	8.49	1289
