hz4x4_noise5_presslight_latent_observation	SIM_TRAIN	0	1296.5	0.0	-405.62	48.36	0.26	1863
hz4x4_noise5_presslight_latent_observation	SIM_TRAIN	1	1293.8	0.0	-397.19	48.71	0.26	1897
hz4x4_noise5_presslight_latent_observation	SIM_TRAIN	2	1272.4	315.5	-399.84	47.11	0.24	1960
hz4x4_noise5_presslight_latent_observation	REAL_TEST	2	1637.4	100.0	-706.60	84.99	2.11	567
hz4x4_noise5_presslight_latent_observation	SIM_TRAIN	3	1256.3	94.8	-298.02	42.36	0.27	2556
hz4x4_noise5_presslight_latent_observation	SIM_TRAIN	4	1067.6	73.2	-203.75	36.17	0.29	2596
hz4x4_noise5_presslight_latent_observation	REAL_TEST	4	1436.8	100.0	-560.33	73.43	2.14	902
hz4x4_noise5_presslight_latent_observation	SIM_TRAIN	5	1108.3	85.0	-263.93	36.98	0.27	2435
hz4x4_noise5_presslight_latent_observation	SIM_TRAIN	6	999.8	82.6	-142.34	34.48	0.30	2713
hz4x4_noise5_presslight_latent_observation	REAL_TEST	6	1072.7	100.0	-318.72	60.38	2.14	1380
hz4x4_noise5_presslight_latent_observation	SIM_TRAIN	7	923.5	80.6	-160.38	32.07	0.28	2726
hz4x4_noise5_presslight_latent_observation	SIM_TRAIN	8	1006.8	78.8	-193.75	38.35	0.29	2601
hz4x4_noise5_presslight_latent_observation	REAL_TEST	8	1047.5	100.0	-164.30	61.75	2.14	1443
hz4x4_noise5_presslight_latent_observation	SIM_TRAIN	9	948.8	82.5	-135.51	34.17	0.29	2766
hz4x4_noise5_presslight_latent_observation	SIM_TRAIN	10	877.7	84.9	-134.03	29.43	0.28	2788
hz4x4_noise5_presslight_latent_observation	REAL_TEST	10	1008.9	100.0	-266.22	60.01	2.15	1588
hz4x4_noise5_presslight_latent_observation	SIM_TRAIN	11	918.0	86.0	-135.18	31.15	0.29	2866
hz4x4_noise5_presslight_latent_observation	SIM_TRAIN	12	817.2	87.5	-77.45	27.29	0.28	2830
hz4x4_noise5_presslight_latent_observation	REAL_TEST	12	888.2	100.0	-181.89	53.29	2.16	1698
hz4x4_noise5_presslight_latent_observation	SIM_TRAIN	13	826.4	92.0	-98.95	26.78	0.28	2861
hz4x4_noise5_presslight_latent_observation	SIM_TRAIN	14	967.4	96.8	-133.26	34.02	0.28	2724
hz4x4_noise5_presslight_latent_observation	REAL_TEST	14	1087.2	100.0	-305.11	62.80	2.16	1364
hz4x4_noise5_presslight_latent_observation	SIM_TRAIN	15	823.2	104.5	-142.85	26.64	0.28	2814
hz4x4_noise5_presslight_latent_observation	SIM_TRAIN	16	828.4	111.9	-105.15	26.34	0.28	2823
hz4x4_noise5_presslight_latent_observation	REAL_TEST	16	1150.0	100.0	-373.62	66.46	2.16	1220
hz4x4_noise5_presslight_latent_observation	SIM_TRAIN	17	783.6	115.8	-106.13	24.17	0.28	2839
hz4x4_noise5_presslight_latent_observation	SIM_TRAIN	18	850.0	116.0	-140.63	25.15	0.26	2792
hz4x4_noise5_presslight_latent_observation	REAL_TEST	18	1031.3	100.0	-368.55	60.33	2.17	1457
hz4x4_noise5_presslight_latent_observation	SIM_TRAIN	19	699.0	117.4	-105.04	20.04	0.27	2835
hz4x4_noise5_presslight_latent_observation	SIM_TRAIN	20	729.3	116.5	-130.56	21.07	0.26	2771
hz4x4_noise5_presslight_latent_observation	REAL_TEST	20	859.6	100.0	-294.24	50.32	2.12	1729
hz4x4_noise5_presslight_latent_observation	SIM_TRAIN	21	693.9	113.8	-101.05	19.65	0.26	2848
hz4x4_noise5_presslight_latent_observation	SIM_TRAIN	22	664.4	110.5	-73.23	18.16	0.26	2880
hz4x4_noise5_presslight_latent_observation	REAL_TEST	22	869.6	100.0	-283.12	50.78	2.11	1666
hz4x4_noise5_presslight_latent_observation	SIM_TRAIN	23	664.5	109.4	-86.21	18.38	0.26	2864
hz4x4_noise5_presslight_latent_observation	SIM_TRAIN	24	673.0	107.8	-84.27	19.40	0.26	2844
hz4x4_noise5_presslight_latent_observation	REAL_TEST	24	827.8	100.0	-300.00	49.98	2.11	1778
hz4x4_noise5_presslight_latent_observation	SIM_TRAIN	25	647.2	109.3	-90.16	17.84	0.25	2760
hz4x4_noise5_presslight_latent_observation	SIM_TRAIN	26	666.5	106.7	-94.58	18.87	0.25	2785
hz4x4_noise5_presslight_latent_observation	REAL_TEST	26	765.6	100.0	-225.41	48.32	2.13	1906
hz4x4_noise5_presslight_latent_observation	SIM_TRAIN	27	636.8	107.0	-77.81	17.19	0.25	2830
hz4x4_noise5_presslight_latent_observation	SIM_TRAIN	28	636.4	108.9	-115.47	18.18	0.25	2719
hz4x4_noise5_presslight_latent_observation	REAL_TEST	28	708.2	100.0	-216.48	43.58	2.13	2035
hz4x4_noise5_presslight_latent_observation	SIM_TRAIN	29	561.6	107.8	-89.47	12.91	0.23	2825
hz4x4_noise5_presslight_latent_observation	SIM_TRAIN	30	631.6	105.3	-84.65	16.98	0.25	2834
hz4x4_noise5_presslight_latent_observation	REAL_TEST	30	728.3	100.0	-192.59	44.93	2.15	1978
hz4x4_noise5_presslight_latent_observation	SIM_TRAIN	31	646.0	102.8	-82.01	17.76	0.26	2839
hz4x4_noise5_presslight_latent_observation	SIM_TRAIN	32	602.7	100.1	-94.75	15.55	0.24	2854
hz4x4_noise5_presslight_latent_observation	REAL_TEST	32	614.4	100.0	-93.82	37.80	2.12	2220
hz4x4_noise5_presslight_latent_observation	SIM_TRAIN	33	607.8	99.8	-74.09	15.59	0.24	2873
hz4x4_noise5_presslight_latent_observation	SIM_TRAIN	34	591.5	97.1	-75.23	14.89	0.24	2862
hz4x4_noise5_presslight_latent_observation	REAL_TEST	34	737.7	100.0	-146.84	44.97	2.15	2031
hz4x4_noise5_presslight_latent_observation	SIM_TRAIN	35	599.0	94.4	-82.47	15.60	0.25	2865
hz4x4_noise5_presslight_latent_observation	SIM_TRAIN	36	636.9	92.4	-95.44	16.70	0.26	2865
hz4x4_noise5_presslight_latent_observation	REAL_TEST	36	971.6	100.0	-399.98	56.58	2.14	1526
hz4x4_noise5_presslight_latent_observation	SIM_TRAIN	37	584.8	88.3	-82.29	13.99	0.25	2862
hz4x4_noise5_presslight_latent_observation	SIM_TRAIN	38	541.5	84.4	-62.36	12.03	0.23	2895
hz4x4_noise5_presslight_latent_observation	REAL_TEST	38	601.0	100.0	-124.16	37.74	2.12	2281
hz4x4_noise5_presslight_latent_observation	SIM_TRAIN	39	584.6	79.7	-70.68	14.28	0.24	2892
hz4x4_noise5_presslight_latent_observation	SIM_TRAIN	40	532.7	77.4	-60.29	11.80	0.23	2900
hz4x4_noise5_presslight_latent_observation	REAL_TEST	40	587.4	100.0	-103.42	36.91	2.14	2321
hz4x4_noise5_presslight_latent_observation	SIM_TRAIN	41	572.8	75.1	-70.57	14.10	0.23	2857
hz4x4_noise5_presslight_latent_observation	SIM_TRAIN	42	526.8	73.7	-58.47	11.44	0.23	2894
hz4x4_noise5_presslight_latent_observation	REAL_TEST	42	582.6	100.0	-151.94	36.66	2.11	2362
hz4x4_noise5_presslight_latent_observation	SIM_TRAIN	43	528.4	71.0	-69.98	11.90	0.23	2864
hz4x4_noise5_presslight_latent_observation	SIM_TRAIN	44	541.2	69.5	-59.93	12.50	0.23	2864
hz4x4_noise5_presslight_latent_observation	REAL_TEST	44	650.5	100.0	-151.34	40.68	2.14	2180
hz4x4_noise5_presslight_latent_observation	SIM_TRAIN	45	542.5	67.8	-60.68	11.97	0.23	2892
hz4x4_noise5_presslight_latent_observation	SIM_TRAIN	46	562.0	68.2	-76.07	12.72	0.23	2872
hz4x4_noise5_presslight_latent_observation	REAL_TEST	46	621.2	100.0	-122.31	38.87	2.14	2219
hz4x4_noise5_presslight_latent_observation	SIM_TRAIN	47	587.5	67.0	-63.32	14.85	0.24	2861
hz4x4_noise5_presslight_latent_observation	SIM_TRAIN	48	609.2	66.7	-92.11	15.75	0.25	2846
hz4x4_noise5_presslight_latent_observation	REAL_TEST	48	586.7	100.0	-133.72	37.18	2.12	2332
hz4x4_noise5_presslight_latent_observation	SIM_TRAIN	49	555.8	67.4	-67.87	13.18	0.24	2853
hz4x4_noise5_presslight_latent_observation	SIM_TRAIN	50	530.9	67.8	-69.58	11.53	0.23	2845
hz4x4_noise5_presslight_latent_observation	REAL_TEST	50	556.4	100.0	-139.98	35.60	2.14	2361
hz4x4_noise5_presslight_latent_observation	SIM_TRAIN	51	532.1	66.4	-57.39	11.72	0.24	2893
hz4x4_noise5_presslight_latent_observation	SIM_TRAIN	52	585.6	67.2	-67.54	14.49	0.24	2844
hz4x4_noise5_presslight_latent_observation	REAL_TEST	52	599.9	100.0	-109.99	37.72	2.12	2263
hz4x4_noise5_presslight_latent_observation	SIM_TRAIN	53	534.1	66.1	-56.41	12.43	0.23	2876
hz4x4_noise5_presslight_latent_observation	SIM_TRAIN	54	520.8	66.0	-56.08	11.06	0.23	2895
hz4x4_noise5_presslight_latent_observation	REAL_TEST	54	586.2	100.0	-146.40	37.22	2.12	2305
hz4x4_noise5_presslight_latent_observation	SIM_TRAIN	55	539.9	67.2	-65.11	11.71	0.22	2898
hz4x4_noise5_presslight_latent_observation	SIM_TRAIN	56	533.4	66.2	-69.00	11.55	0.23	2879
hz4x4_noise5_presslight_latent_observation	REAL_TEST	56	518.7	100.0	-110.62	33.27	2.14	2450
hz4x4_noise5_presslight_latent_observation	SIM_TRAIN	57	488.0	65.9	-51.28	9.30	0.21	2883
hz4x4_noise5_presslight_latent_observation	SIM_TRAIN	58	543.2	65.2	-59.88	12.08	0.23	2887
hz4x4_noise5_presslight_latent_observation	REAL_TEST	58	534.3	100.0	-115.22	34.07	2.11	2393
hz4x4_noise5_presslight_latent_observation	SIM_TRAIN	59	525.7	62.7	-61.87	10.69	0.22	2911
hz4x4_noise5_presslight_latent_observation	SIM_TRAIN	60	506.0	63.4	-50.89	10.04	0.22	2907
hz4x4_noise5_presslight_latent_observation	REAL_TEST	60	650.2	100.0	-141.66	41.00	2.13	2078
hz4x4_noise5_presslight_latent_observation	SIM_TRAIN	61	495.3	61.1	-53.30	9.90	0.22	2905
hz4x4_noise5_presslight_latent_observation	SIM_TRAIN	62	496.1	59.3	-51.47	9.78	0.21	2914
hz4x4_noise5_presslight_latent_observation	REAL_TEST	62	716.8	100.0	-137.06	44.29	2.14	2000
hz4x4_noise5_presslight_latent_observation	SIM_TRAIN	63	511.0	57.3	-54.24	10.33	0.23	2909
hz4x4_noise5_presslight_latent_observation	SIM_TRAIN	64	497.5	56.0	-56.51	9.71	0.21	2909
hz4x4_noise5_presslight_latent_observation	REAL_TEST	64	542.2	100.0	-87.62	34.64	2.13	2383
hz4x4_noise5_presslight_latent_observation	SIM_TRAIN	65	480.0	55.2	-49.97	8.93	0.21	2899
hz4x4_noise5_presslight_latent_observation	SIM_TRAIN	66	505.9	54.0	-52.82	10.50	0.21	2866
hz4x4_noise5_presslight_latent_observation	REAL_TEST	66	563.2	100.0	-127.55	35.56	2.11	2383
hz4x4_noise5_presslight_latent_observation	SIM_TRAIN	67	501.7	52.1	-49.04	10.27	0.22	2910
hz4x4_noise5_presslight_latent_observation	SIM_TRAIN	68	513.0	50.4	-63.60	10.96	0.22	2872
hz4x4_noise5_presslight_latent_observation	REAL_TEST	68	676.3	100.0	-127.85	42.05	2.13	2124
hz4x4_noise5_presslight_latent_observation	SIM_TRAIN	69	513.3	49.8	-45.10	10.60	0.22	2899
hz4x4_noise5_presslight_latent_observation	SIM_TRAIN	70	486.4	49.9	-53.49	9.10	0.21	2917
hz4x4_noise5_presslight_latent_observation	REAL_TEST	70	534.9	100.0	-140.08	34.14	2.12	2400
hz4x4_noise5_presslight_latent_observation	SIM_TRAIN	71	488.0	50.6	-53.09	9.40	0.22	2890
hz4x4_noise5_presslight_latent_observation	SIM_TRAIN	72	473.2	49.7	-50.55	8.72	0.20	2888
hz4x4_noise5_presslight_latent_observation	REAL_TEST	72	796.7	100.0	-222.40	48.51	2.13	1866
hz4x4_noise5_presslight_latent_observation	SIM_TRAIN	73	480.0	48.3	-53.25	9.12	0.21	2892
hz4x4_noise5_presslight_latent_observation	SIM_TRAIN	74	484.7	46.8	-64.71	9.37	0.21	2877
hz4x4_noise5_presslight_latent_observation	REAL_TEST	74	635.4	100.0	-182.40	40.21	2.11	2141
hz4x4_noise5_presslight_latent_observation	SIM_TRAIN	75	505.0	44.5	-50.14	9.94	0.22	2922
hz4x4_noise5_presslight_latent_observation	SIM_TRAIN	76	474.1	43.9	-47.84	8.47	0.20	2918
hz4x4_noise5_presslight_latent_observation	REAL_TEST	76	564.5	100.0	-156.75	35.71	2.12	2360
hz4x4_noise5_presslight_latent_observation	SIM_TRAIN	77	476.5	43.8	-52.57	9.01	0.21	2899
hz4x4_noise5_presslight_latent_observation	SIM_TRAIN	78	486.6	42.8	-62.37	9.61	0.22	2902
hz4x4_noise5_presslight_latent_observation	REAL_TEST	78	586.1	100.0	-145.25	36.82	2.12	2318
hz4x4_noise5_presslight_latent_observation	SIM_TRAIN	79	499.2	43.8	-57.32	9.66	0.21	2909
hz4x4_noise5_presslight_latent_observation	SIM_TRAIN	80	508.5	44.0	-64.68	10.72	0.22	2851
hz4x4_noise5_presslight_latent_observation	REAL_TEST	80	580.8	100.0	-181.68	36.59	2.13	2327
hz4x4_noise5_presslight_latent_observation	SIM_TRAIN	81	511.8	43.9	-62.06	10.68	0.23	2903
hz4x4_noise5_presslight_latent_observation	SIM_TRAIN	82	475.2	42.8	-53.37	8.87	0.21	2907
hz4x4_noise5_presslight_latent_observation	REAL_TEST	82	585.1	100.0	-125.33	36.77	2.13	2329
hz4x4_noise5_presslight_latent_observation	SIM_TRAIN	83	465.8	41.4	-45.30	8.40	0.20	2912
hz4x4_noise5_presslight_latent_observation	SIM_TRAIN	84	478.6	41.4	-51.40	9.33	0.21	2892
hz4x4_noise5_presslight_latent_observation	REAL_TEST	84	668.1	100.0	-163.96	41.59	2.13	2156
hz4x4_noise5_presslight_latent_observation	SIM_TRAIN	85	470.0	40.3	-46.84	8.62	0.20	2897
hz4x4_noise5_presslight_latent_observation	SIM_TRAIN	86	459.1	39.6	-49.69	7.81	0.20	2911
hz4x4_noise5_presslight_latent_observation	REAL_TEST	86	595.8	100.0	-102.43	37.22	2.14	2356
hz4x4_noise5_presslight_latent_observation	SIM_TRAIN	87	466.7	39.6	-40.48	8.43	0.20	2919
hz4x4_noise5_presslight_latent_observation	SIM_TRAIN	88	462.8	39.6	-43.03	8.21	0.20	2904
hz4x4_noise5_presslight_latent_observation	REAL_TEST	88	606.2	100.0	-123.28	37.87	2.13	2331
hz4x4_noise5_presslight_latent_observation	SIM_TRAIN	89	454.0	39.1	-44.69	7.80	0.21	2911
hz4x4_noise5_presslight_latent_observation	SIM_TRAIN	90	501.0	37.5	-46.03	10.03	0.22	2903
hz4x4_noise5_presslight_latent_observation	REAL_TEST	90	692.8	100.0	-176.40	42.85	2.14	2073
hz4x4_noise5_presslight_latent_observation	SIM_TRAIN	91	509.1	38.2	-57.97	10.53	0.23	2901
hz4x4_noise5_presslight_latent_observation	SIM_TRAIN	92	452.0	38.6	-40.76	7.41	0.20	2910
hz4x4_noise5_presslight_latent_observation	REAL_TEST	92	601.3	100.0	-135.05	38.11	2.14	2276
hz4x4_noise5_presslight_latent_observation	SIM_TRAIN	93	506.3	38.8	-53.73	10.64	0.22	2880
hz4x4_noise5_presslight_latent_observation	SIM_TRAIN	94	469.1	38.1	-51.96	8.55	0.21	2906
hz4x4_noise5_presslight_latent_observation	REAL_TEST	94	583.8	100.0	-159.93	36.80	2.13	2333
hz4x4_noise5_presslight_latent_observation	SIM_TRAIN	95	488.2	36.8	-45.87	9.64	0.22	2913
hz4x4_noise5_presslight_latent_observation	SIM_TRAIN	96	473.8	35.9	-51.99	8.95	0.21	2870
hz4x4_noise5_presslight_latent_observation	REAL_TEST	96	662.3	100.0	-141.38	41.31	2.15	2187
hz4x4_noise5_presslight_latent_observation	SIM_TRAIN	97	461.9	35.6	-54.42	8.13	0.21	2889
hz4x4_noise5_presslight_latent_observation	SIM_TRAIN	98	453.2	35.4	-42.84	7.71	0.20	2919
hz4x4_noise5_presslight_latent_observation	REAL_TEST	98	565.7	100.0	-123.67	35.92	2.14	2400
hz4x4_noise5_presslight_latent_observation	SIM_TRAIN	99	456.5	35.5	-47.20	7.89	0.20	2899
hz4x4_noise5_presslight_latent_observation	SIM_TRAIN	100	471.4	36.0	-45.90	8.70	0.21	2896
hz4x4_noise5_presslight_latent_observation	REAL_TEST	100	671.2	100.0	-106.99	41.45	2.12	2183
hz4x4_noise5_presslight_latent_observation	SIM_TRAIN	101	444.3	36.0	-44.08	7.24	0.20	2904
hz4x4_noise5_presslight_latent_observation	SIM_TRAIN	102	459.3	35.6	-47.26	7.89	0.20	2908
hz4x4_noise5_presslight_latent_observation	REAL_TEST	102	508.8	100.0	-107.75	32.73	2.12	2515
hz4x4_noise5_presslight_latent_observation	SIM_TRAIN	103	457.5	35.7	-54.06	7.74	0.20	2900
hz4x4_noise5_presslight_latent_observation	SIM_TRAIN	104	465.6	35.5	-56.46	8.37	0.20	2890
hz4x4_noise5_presslight_latent_observation	REAL_TEST	104	594.8	100.0	-111.07	36.95	2.15	2320
hz4x4_noise5_presslight_latent_observation	SIM_TRAIN	105	475.2	36.0	-51.03	8.73	0.21	2881
hz4x4_noise5_presslight_latent_observation	SIM_TRAIN	106	459.0	37.0	-45.46	7.86	0.21	2908
hz4x4_noise5_presslight_latent_observation	REAL_TEST	106	604.2	100.0	-117.08	38.17	2.12	2282
hz4x4_noise5_presslight_latent_observation	SIM_TRAIN	107	445.5	38.2	-41.78	7.27	0.19	2917
hz4x4_noise5_presslight_latent_observation	SIM_TRAIN	108	489.1	38.4	-50.69	9.84	0.21	2882
hz4x4_noise5_presslight_latent_observation	REAL_TEST	108	518.1	100.0	-106.13	33.58	2.13	2466
hz4x4_noise5_presslight_latent_observation	SIM_TRAIN	109	456.1	39.6	-40.82	7.63	0.20	2902
hz4x4_noise5_presslight_latent_observation	SIM_TRAIN	110	437.9	40.3	-38.68	6.74	0.19	2911
hz4x4_noise5_presslight_latent_observation	REAL_TEST	110	661.7	100.0	-153.15	41.90	2.12	2148
hz4x4_noise5_presslight_latent_observation	SIM_TRAIN	111	442.7	39.9	-39.68	7.08	0.19	2920
hz4x4_noise5_presslight_latent_observation	SIM_TRAIN	112	433.1	39.3	-41.68	6.46	0.18	2914
hz4x4_noise5_presslight_latent_observation	REAL_TEST	112	702.6	100.0	-150.92	44.25	2.12	1997
hz4x4_noise5_presslight_latent_observation	SIM_TRAIN	113	458.2	39.0	-55.29	7.58	0.20	2898
hz4x4_noise5_presslight_latent_observation	SIM_TRAIN	114	439.2	40.8	-41.39	6.65	0.19	2920
hz4x4_noise5_presslight_latent_observation	REAL_TEST	114	669.6	100.0	-116.51	41.73	2.14	2107
hz4x4_noise5_presslight_latent_observation	SIM_TRAIN	115	454.4	40.6	-44.06	7.35	0.20	2897
hz4x4_noise5_presslight_latent_observation	SIM_TRAIN	116	475.3	42.0	-55.79	8.81	0.21	2892
hz4x4_noise5_presslight_latent_observation	REAL_TEST	116	628.2	100.0	-120.28	39.68	2.12	2188
hz4x4_noise5_presslight_latent_observation	SIM_TRAIN	117	433.5	41.1	-40.85	6.64	0.18	2893
hz4x4_noise5_presslight_latent_observation	SIM_TRAIN	118	441.8	41.2	-45.04	7.13	0.19	2900
hz4x4_noise5_presslight_latent_observation	REAL_TEST	118	710.8	100.0	-163.73	44.60	2.14	2016
hz4x4_noise5_presslight_latent_observation	SIM_TRAIN	119	570.0	40.8	-76.76	13.17	0.22	2830
hz4x4_noise5_presslight_latent_observation	SIM_TRAIN	120	441.8	41.7	-42.82	7.12	0.20	2895
hz4x4_noise5_presslight_latent_observation	REAL_TEST	120	639.7	100.0	-124.89	40.00	2.14	2240
hz4x4_noise5_presslight_latent_observation	SIM_TRAIN	121	476.6	42.7	-51.31	8.57	0.20	2871
hz4x4_noise5_presslight_latent_observation	SIM_TRAIN	122	462.6	43.3	-41.89	8.19	0.20	2908
hz4x4_noise5_presslight_latent_observation	REAL_TEST	122	620.2	100.0	-166.81	39.40	2.12	2233
hz4x4_noise5_presslight_latent_observation	SIM_TRAIN	123	450.9	42.1	-45.33	7.67	0.19	2904
hz4x4_noise5_presslight_latent_observation	SIM_TRAIN	124	458.6	41.1	-44.56	7.86	0.20	2907
hz4x4_noise5_presslight_latent_observation	REAL_TEST	124	549.8	100.0	-124.23	35.26	2.13	2379
hz4x4_noise5_presslight_latent_observation	SIM_TRAIN	125	439.5	41.8	-35.84	6.73	0.19	2921
hz4x4_noise5_presslight_latent_observation	SIM_TRAIN	126	442.5	42.8	-38.06	6.88	0.19	2914
hz4x4_noise5_presslight_latent_observation	REAL_TEST	126	616.6	100.0	-149.54	38.98	2.12	2310
hz4x4_noise5_presslight_latent_observation	SIM_TRAIN	127	441.2	44.4	-42.53	6.84	0.19	2916
hz4x4_noise5_presslight_latent_observation	SIM_TRAIN	128	491.2	44.1	-42.79	10.17	0.20	2910
hz4x4_noise5_presslight_latent_observation	REAL_TEST	128	610.6	100.0	-145.16	38.90	2.13	2266
hz4x4_noise5_presslight_latent_observation	SIM_TRAIN	129	466.6	44.7	-49.48	8.32	0.21	2881
hz4x4_noise5_presslight_latent_observation	SIM_TRAIN	130	489.2	44.6	-57.44	8.75	0.20	2896
hz4x4_noise5_presslight_latent_observation	REAL_TEST	130	543.6	100.0	-122.45	34.70	2.13	2424
hz4x4_noise5_presslight_latent_observation	SIM_TRAIN	131	450.8	45.6	-46.75	7.61	0.20	2891
hz4x4_noise5_presslight_latent_observation	SIM_TRAIN	132	463.3	46.7	-47.36	7.86	0.20	2902
hz4x4_noise5_presslight_latent_observation	REAL_TEST	132	517.4	100.0	-113.43	33.26	2.11	2462
hz4x4_noise5_presslight_latent_observation	SIM_TRAIN	133	411.1	46.8	-38.31	5.26	0.18	2908
hz4x4_noise5_presslight_latent_observation	SIM_TRAIN	134	447.5	45.4	-42.99	7.13	0.19	2912
hz4x4_noise5_presslight_latent_observation	REAL_TEST	134	548.6	100.0	-128.38	35.08	2.12	2379
hz4x4_noise5_presslight_latent_observation	SIM_TRAIN	135	453.4	44.6	-39.78	7.52	0.19	2914
hz4x4_noise5_presslight_latent_observation	SIM_TRAIN	136	439.5	43.7	-40.55	6.92	0.19	2904
hz4x4_noise5_presslight_latent_observation	REAL_TEST	136	561.1	100.0	-116.70	35.92	2.11	2331
hz4x4_noise5_presslight_latent_observation	SIM_TRAIN	137	451.0	43.0	-38.92	7.38	0.19	2915
hz4x4_noise5_presslight_latent_observation	SIM_TRAIN	138	436.6	42.0	-41.25	6.58	0.18	2907
hz4x4_noise5_presslight_latent_observation	REAL_TEST	138	563.3	100.0	-106.00	36.10	2.14	2315
hz4x4_noise5_presslight_latent_observation	SIM_TRAIN	139	435.9	42.3	-38.72	6.60	0.19	2911
hz4x4_noise5_presslight_latent_observation	SIM_TRAIN	140	486.5	41.4	-43.77	9.63	0.20	2897
hz4x4_noise5_presslight_latent_observation	REAL_TEST	140	592.9	100.0	-113.76	37.56	2.13	2345
hz4x4_noise5_presslight_latent_observation	SIM_TRAIN	141	461.4	42.2	-41.83	8.08	0.19	2923
hz4x4_noise5_presslight_latent_observation	SIM_TRAIN	142	435.5	39.8	-48.83	6.65	0.18	2890
hz4x4_noise5_presslight_latent_observation	REAL_TEST	142	557.6	100.0	-124.53	35.61	2.12	2389
hz4x4_noise5_presslight_latent_observation	SIM_TRAIN	143	425.8	37.1	-38.48	6.11	0.19	2918
hz4x4_noise5_presslight_latent_observation	SIM_TRAIN	144	450.5	36.1	-40.32	7.36	0.20	2905
hz4x4_noise5_presslight_latent_observation	REAL_TEST	144	643.3	100.0	-151.91	40.79	2.13	2139
hz4x4_noise5_presslight_latent_observation	SIM_TRAIN	145	489.8	36.5	-42.18	9.03	0.21	2922
hz4x4_noise5_presslight_latent_observation	SIM_TRAIN	146	470.8	36.3	-52.71	8.13	0.20	2904
hz4x4_noise5_presslight_latent_observation	REAL_TEST	146	597.0	100.0	-104.92	38.39	2.13	2223
hz4x4_noise5_presslight_latent_observation	SIM_TRAIN	147	531.1	37.7	-55.50	12.90	0.20	2837
hz4x4_noise5_presslight_latent_observation	SIM_TRAIN	148	495.5	41.0	-50.00	9.92	0.20	2901
hz4x4_noise5_presslight_latent_observation	REAL_TEST	148	569.4	100.0	-115.56	36.37	2.12	2356
hz4x4_noise5_presslight_latent_observation	SIM_TRAIN	149	551.2	43.3	-49.70	12.49	0.21	2906
hz4x4_noise5_presslight_latent_observation	SIM_TRAIN	150	505.5	47.7	-44.00	9.95	0.20	2926
hz4x4_noise5_presslight_latent_observation	REAL_TEST	150	619.8	100.0	-114.99	38.62	2.11	2206
hz4x4_noise5_presslight_latent_observation	SIM_TRAIN	151	468.5	48.9	-35.02	8.46	0.19	2916
hz4x4_noise5_presslight_latent_observation	SIM_TRAIN	152	475.0	50.7	-42.89	8.73	0.19	2903
hz4x4_noise5_presslight_latent_observation	REAL_TEST	152	517.7	100.0	-113.58	32.76	2.12	2511
hz4x4_noise5_presslight_latent_observation	SIM_TRAIN	153	432.7	52.1	-34.99	6.39	0.18	2921
hz4x4_noise5_presslight_latent_observation	SIM_TRAIN	154	435.2	51.4	-36.37	6.51	0.18	2923
hz4x4_noise5_presslight_latent_observation	REAL_TEST	154	492.2	100.0	-101.52	31.82	2.12	2488
hz4x4_noise5_presslight_latent_observation	SIM_TRAIN	155	441.6	50.3	-35.67	6.89	0.18	2913
hz4x4_noise5_presslight_latent_observation	SIM_TRAIN	156	441.5	50.6	-33.37	6.91	0.19	2918
hz4x4_noise5_presslight_latent_observation	REAL_TEST	156	518.2	100.0	-113.85	32.93	2.13	2475
hz4x4_noise5_presslight_latent_observation	SIM_TRAIN	157	453.6	51.3	-36.38	7.59	0.18	2911
hz4x4_noise5_presslight_latent_observation	SIM_TRAIN	158	447.4	49.1	-43.90	7.14	0.19	2900
hz4x4_noise5_presslight_latent_observation	REAL_TEST	158	498.0	100.0	-102.53	32.11	2.12	2530
hz4x4_noise5_presslight_latent_observation	SIM_TRAIN	159	455.4	47.7	-39.02	7.44	0.19	2918
hz4x4_noise5_presslight_latent_observation	SIM_TRAIN	160	432.6	47.0	-42.25	6.65	0.19	2897
hz4x4_noise5_presslight_latent_observation	REAL_TEST	160	476.6	100.0	-107.12	31.45	2.10	2564
hz4x4_noise5_presslight_latent_observation	SIM_TRAIN	161	448.5	43.7	-49.22	7.26	0.19	2906
hz4x4_noise5_presslight_latent_observation	SIM_TRAIN	162	424.0	40.6	-37.00	5.95	0.18	2919
hz4x4_noise5_presslight_latent_observation	REAL_TEST	162	469.7	100.0	-90.27	30.76	2.10	2570
hz4x4_noise5_presslight_latent_observation	SIM_TRAIN	163	437.4	38.9	-34.53	6.74	0.18	2928
hz4x4_noise5_presslight_latent_observation	SIM_TRAIN	164	410.7	36.6	-36.63	5.11	0.17	2918
hz4x4_noise5_presslight_latent_observation	REAL_TEST	164	533.3	100.0	-95.09	33.84	2.11	2482
hz4x4_noise5_presslight_latent_observation	SIM_TRAIN	165	445.6	35.3	-33.19	6.62	0.17	2924
hz4x4_noise5_presslight_latent_observation	SIM_TRAIN	166	423.4	34.8	-38.33	5.75	0.17	2920
hz4x4_noise5_presslight_latent_observation	REAL_TEST	166	543.5	100.0	-99.96	35.06	2.09	2434
hz4x4_noise5_presslight_latent_observation	SIM_TRAIN	167	431.5	33.8	-34.78	6.15	0.18	2923
hz4x4_noise5_presslight_latent_observation	SIM_TRAIN	168	429.5	33.4	-38.81	6.03	0.18	2923
hz4x4_noise5_presslight_latent_observation	REAL_TEST	168	516.8	100.0	-104.87	33.41	2.11	2504
hz4x4_noise5_presslight_latent_observation	SIM_TRAIN	169	427.3	33.2	-41.59	6.00	0.18	2919
hz4x4_noise5_presslight_latent_observation	SIM_TRAIN	170	421.5	33.7	-35.51	5.96	0.18	2922
hz4x4_noise5_presslight_latent_observation	REAL_TEST	170	595.7	100.0	-135.57	38.73	2.11	2214
hz4x4_noise5_presslight_latent_observation	SIM_TRAIN	171	405.7	33.9	-34.17	5.03	0.18	2923
hz4x4_noise5_presslight_latent_observation	SIM_TRAIN	172	460.8	33.6	-61.46	7.98	0.18	2905
hz4x4_noise5_presslight_latent_observation	REAL_TEST	172	503.8	100.0	-93.78	32.72	2.11	2470
hz4x4_noise5_presslight_latent_observation	SIM_TRAIN	173	464.1	34.1	-51.30	8.59	0.18	2888
hz4x4_noise5_presslight_latent_observation	SIM_TRAIN	174	440.9	35.9	-42.43	6.66	0.18	2919
hz4x4_noise5_presslight_latent_observation	REAL_TEST	174	721.6	100.0	-277.33	45.18	2.12	2017
hz4x4_noise5_presslight_latent_observation	SIM_TRAIN	175	411.5	36.6	-38.17	5.45	0.17	2914
hz4x4_noise5_presslight_latent_observation	SIM_TRAIN	176	450.0	36.4	-39.54	7.27	0.19	2901
hz4x4_noise5_presslight_latent_observation	REAL_TEST	176	563.2	100.0	-119.81	35.78	2.14	2406
hz4x4_noise5_presslight_latent_observation	SIM_TRAIN	177	418.6	35.2	-36.37	5.68	0.18	2925
hz4x4_noise5_presslight_latent_observation	SIM_TRAIN	178	407.7	34.7	-34.88	5.05	0.18	2920
hz4x4_noise5_presslight_latent_observation	REAL_TEST	178	551.2	100.0	-134.87	35.47	2.13	2436
hz4x4_noise5_presslight_latent_observation	SIM_TRAIN	179	412.1	34.5	-34.42	5.36	0.18	2919
hz4x4_noise5_presslight_latent_observation	SIM_TRAIN	180	434.4	33.2	-40.54	6.37	0.18	2918
hz4x4_noise5_presslight_latent_observation	REAL_TEST	180	714.2	100.0	-313.78	45.17	2.11	2018
hz4x4_noise5_presslight_latent_observation	SIM_TRAIN	181	427.3	33.2	-36.94	6.08	0.18	2916
hz4x4_noise5_presslight_latent_observation	SIM_TRAIN	182	415.6	33.7	-37.44	5.45	0.17	2923
hz4x4_noise5_presslight_latent_observation	REAL_TEST	182	741.6	100.0	-274.14	45.36	2.13	1946
hz4x4_noise5_presslight_latent_observation	SIM_TRAIN	183	415.4	31.9	-45.49	5.16	0.17	2921
hz4x4_noise5_presslight_latent_observation	SIM_TRAIN	184	417.8	30.8	-36.73	5.53	0.18	2911
hz4x4_noise5_presslight_latent_observation	REAL_TEST	184	596.8	100.0	-179.94	38.42	2.11	2289
hz4x4_noise5_presslight_latent_observation	SIM_TRAIN	185	405.9	30.3	-38.84	4.99	0.18	2918
hz4x4_noise5_presslight_latent_observation	SIM_TRAIN	186	398.2	29.9	-32.60	4.67	0.17	2919
hz4x4_noise5_presslight_latent_observation	REAL_TEST	186	547.1	100.0	-110.90	35.19	2.11	2341
hz4x4_noise5_presslight_latent_observation	SIM_TRAIN	187	398.6	28.1	-34.70	4.57	0.17	2922
hz4x4_noise5_presslight_latent_observation	SIM_TRAIN	188	395.2	27.1	-34.24	4.48	0.16	2918
hz4x4_noise5_presslight_latent_observation	REAL_TEST	188	555.8	100.0	-112.47	35.99	2.12	2357
hz4x4_noise5_presslight_latent_observation	SIM_TRAIN	189	394.4	26.1	-31.89	4.46	0.17	2922
hz4x4_noise5_presslight_latent_observation	SIM_TRAIN	190	395.1	25.3	-33.91	4.42	0.17	2922
hz4x4_noise5_presslight_latent_observation	REAL_TEST	190	596.2	100.0	-123.84	38.35	2.13	2256
hz4x4_noise5_presslight_latent_observation	SIM_TRAIN	191	400.8	24.6	-36.45	4.71	0.17	2922
hz4x4_noise5_presslight_latent_observation	SIM_TRAIN	192	494.9	24.2	-45.12	10.51	0.20	2895
hz4x4_noise5_presslight_latent_observation	REAL_TEST	192	685.1	100.0	-156.26	43.27	2.13	2087
hz4x4_noise5_presslight_latent_observation	SIM_TRAIN	193	475.1	26.3	-45.63	8.43	0.20	2900
hz4x4_noise5_presslight_latent_observation	SIM_TRAIN	194	428.4	27.3	-56.42	6.33	0.18	2860
hz4x4_noise5_presslight_latent_observation	REAL_TEST	194	608.9	100.0	-138.42	39.60	2.13	2198
hz4x4_noise5_presslight_latent_observation	SIM_TRAIN	195	413.7	27.0	-36.44	5.46	0.18	2919
hz4x4_noise5_presslight_latent_observation	SIM_TRAIN	196	431.8	27.3	-35.73	6.69	0.18	2921
hz4x4_noise5_presslight_latent_observation	REAL_TEST	196	532.9	100.0	-110.90	34.77	2.11	2439
hz4x4_noise5_presslight_latent_observation	SIM_TRAIN	197	415.1	28.1	-35.40	5.49	0.18	2916
hz4x4_noise5_presslight_latent_observation	SIM_TRAIN	198	488.0	28.9	-45.17	8.86	0.19	2913
hz4x4_noise5_presslight_latent_observation	REAL_TEST	198	491.7	100.0	-105.51	32.17	2.10	2506
hz4x4_noise5_presslight_latent_observation	SIM_TRAIN	199	418.8	30.6	-34.81	5.69	0.17	2912
