hz4x4_combine3_presslight_domain_randomization	REAL_TEST	3	815.9	100.0	-182.69	33.70	1.06	1990
hz4x4_combine3_presslight_domain_randomization	REAL_TEST	6	859.8	100.0	-157.79	34.89	1.06	1868
hz4x4_combine3_presslight_domain_randomization	REAL_TEST	9	756.3	100.0	-125.99	31.99	1.07	2008
hz4x4_combine3_presslight_domain_randomization	REAL_TEST	12	682.3	100.0	-145.21	25.98	1.10	2165
hz4x4_combine3_presslight_domain_randomization	REAL_TEST	15	710.0	100.0	-135.92	29.57	1.05	2113
hz4x4_combine3_presslight_domain_randomization	REAL_TEST	18	725.9	100.0	-100.11	31.49	1.08	2116
hz4x4_combine3_presslight_domain_randomization	REAL_TEST	21	670.7	100.0	-134.18	25.52	1.05	2196
hz4x4_combine3_presslight_domain_randomization	REAL_TEST	24	615.0	100.0	-102.63	25.08	1.02	2335
hz4x4_combine3_presslight_domain_randomization	REAL_TEST	27	758.0	100.0	-150.08	28.47	0.99	2084
hz4x4_combine3_presslight_domain_randomization	REAL_TEST	30	675.9	100.0	-134.59	22.95	1.04	2194
hz4x4_combine3_presslight_domain_randomization	REAL_TEST	33	637.3	100.0	-75.61	23.07	1.04	2253
hz4x4_combine3_presslight_domain_randomization	REAL_TEST	36	568.8	100.0	-91.76	22.65	1.07	2420
hz4x4_combine3_presslight_domain_randomization	REAL_TEST	39	649.7	100.0	-136.22	22.53	1.05	2223
hz4x4_combine3_presslight_domain_randomization	REAL_TEST	42	574.4	100.0	-118.54	20.18	1.07	2357
hz4x4_combine3_presslight_domain_randomization	REAL_TEST	45	555.1	100.0	-103.45	21.13	1.05	2419
hz4x4_combine3_presslight_domain_randomization	REAL_TEST	48	698.3	100.0	-185.84	20.54	1.00	2133
hz4x4_combine3_presslight_domain_randomization	REAL_TEST	51	589.5	100.0	-143.97	21.05	1.05	2371
hz4x4_combine3_presslight_domain_randomization	REAL_TEST	54	529.2	100.0	-90.81	19.27	1.02	2469
hz4x4_combine3_presslight_domain_randomization	REAL_TEST	57	533.8	100.0	-76.11	20.77	1.07	2445
hz4x4_combine3_presslight_domain_randomization	REAL_TEST	60	646.8	100.0	-136.75	27.15	1.04	2270
hz4x4_combine3_presslight_domain_randomization	REAL_TEST	63	588.8	100.0	-134.99	20.40	1.02	2410
hz4x4_combine3_presslight_domain_randomization	REAL_TEST	66	564.4	100.0	-148.77	20.34	1.04	2452
hz4x4_combine3_presslight_domain_randomization	REAL_TEST	69	569.3	100.0	-135.96	24.34	1.09	2437
hz4x4_combine3_presslight_domain_randomization	REAL_TEST	72	555.3	100.0	-77.72	21.94	1.02	2483
hz4x4_combine3_presslight_domain_randomization	REAL_TEST	75	594.0	100.0	-148.31	18.02	1.01	2304
hz4x4_combine3_presslight_domain_randomization	REAL_TEST	78	492.5	100.0	-96.65	15.60	1.02	2562
hz4x4_combine3_presslight_domain_randomization	REAL_TEST	81	635.3	100.0	-212.76	25.31	0.98	2225
hz4x4_combine3_presslight_domain_randomization	REAL_TEST	84	469.5	100.0	-95.69	18.53	1.08	2573
hz4x4_combine3_presslight_domain_randomization	REAL_TEST	87	591.6	100.0	-220.38	22.35	1.01	2311
hz4x4_combine3_presslight_domain_randomization	REAL_TEST	90	490.3	100.0	-81.53	16.99	1.07	2551
hz4x4_combine3_presslight_domain_randomization	REAL_TEST	93	598.5	100.0	-144.91	22.34	1.08	2371
hz4x4_combine3_presslight_domain_randomization	REAL_TEST	96	473.0	100.0	-110.49	16.31	1.06	2575
hz4x4_combine3_presslight_domain_randomization	REAL_TEST	99	473.9	100.0	-81.30	17.80	1.08	2554
hz4x4_combine3_presslight_domain_randomization	REAL_TEST	102	440.6	100.0	-73.34	15.64	1.01	2610
hz4x4_combine3_presslight_domain_randomization	REAL_TEST	105	480.0	100.0	-106.02	16.22	1.05	2559
hz4x4_combine3_presslight_domain_randomization	REAL_TEST	108	465.6	100.0	-80.46	16.92	1.01	2571
hz4x4_combine3_presslight_domain_randomization	REAL_TEST	111	446.4	100.0	-76.52	16.70	1.04	2604
hz4x4_combine3_presslight_domain_randomization	REAL_TEST	114	439.6	100.0	-76.77	17.39	1.09	2601
hz4x4_combine3_presslight_domain_randomization	REAL_TEST	117	429.2	100.0	-73.73	16.21	1.05	2628
hz4x4_combine3_presslight_domain_randomization	REAL_TEST	120	433.2	100.0	-82.96	15.97	1.04	2655
hz4x4_combine3_presslight_domain_randomization	REAL_TEST	123	470.4	100.0	-74.83	17.75	1.04	2579
hz4x4_combine3_presslight_domain_randomization	REAL_TEST	126	439.1	100.0	-85.25	16.88	1.08	2653
hz4x4_combine3_presslight_domain_randomization	REAL_TEST	129	482.0	100.0	-75.69	18.05	1.05	2544
hz4x4_combine3_presslight_domain_randomization	REAL_TEST	132	628.2	100.0	-148.25	26.05	1.05	2276
hz4x4_combine3_presslight_domain_randomization	REAL_TEST	135	457.9	100.0	-84.55	17.74	1.05	2598
hz4x4_combine3_presslight_domain_randomization	REAL_TEST	138	499.0	100.0	-78.42	18.97	1.04	2510
hz4x4_combine3_presslight_domain_randomization	REAL_TEST	141	434.0	100.0	-73.79	16.70	1.07	2625
hz4x4_combine3_presslight_domain_randomization	REAL_TEST	144	485.0	100.0	-75.10	15.65	1.06	2561
hz4x4_combine3_presslight_domain_randomization	REAL_TEST	147	460.4	100.0	-72.79	16.06	1.03	2561
hz4x4_combine3_presslight_domain_randomization	REAL_TEST	150	429.9	100.0	-75.61	16.46	1.05	2611
hz4x4_combine3_presslight_domain_randomization	REAL_TEST	153	475.4	100.0	-79.12	19.46	1.06	2559
hz4x4_combine3_presslight_domain_randomization	REAL_TEST	156	464.2	100.0	-73.74	17.55	1.03	2609
hz4x4_combine3_presslight_domain_randomization	REAL_TEST	159	443.5	100.0	-73.41	15.50	1.04	2617
hz4x4_combine3_presslight_domain_randomization	REAL_TEST	162	531.8	100.0	-102.76	22.79	1.04	2444
hz4x4_combine3_presslight_domain_randomization	REAL_TEST	165	412.3	100.0	-73.72	13.94	0.97	2669
hz4x4_combine3_presslight_domain_randomization	REAL_TEST	168	429.7	100.0	-75.92	15.61	1.02	2629
hz4x4_combine3_presslight_domain_randomization	REAL_TEST	171	587.9	100.0	-129.37	21.41	0.97	2344
hz4x4_combine3_presslight_domain_randomization	REAL_TEST	174	433.8	100.0	-77.95	17.04	1.07	2650
hz4x4_combine3_presslight_domain_randomization	REAL_TEST	177	462.2	100.0	-75.10	17.16	1.05	2621
hz4x4_combine3_presslight_domain_randomization	REAL_TEST	180	472.3	100.0	-96.93	16.70	1.10	2567
hz4x4_combine3_presslight_domain_randomization	REAL_TEST	183	457.5	100.0	-94.65	15.73	1.05	2622
hz4x4_combine3_presslight_domain_randomization	REAL_TEST	186	451.4	100.0	-76.49	16.07	1.08	2596
hz4x4_combine3_presslight_domain_randomization	REAL_TEST	189	518.0	100.0	-148.63	17.00	1.07	2542
hz4x4_combine3_presslight_domain_randomization	REAL_TEST	192	424.7	100.0	-82.33	16.35	1.05	2644
hz4x4_combine3_presslight_domain_randomization	REAL_TEST	195	441.0	100.0	-77.87	17.39	1.07	2646
hz4x4_combine3_presslight_domain_randomization	REAL_TEST	198	452.6	100.0	-80.22	16.24	0.98	2589
hz4x4_combine3_presslight_domain_randomization	REAL_TEST	201	453.2	100.0	-74.76	17.48	1.04	2613
hz4x4_combine3_presslight_domain_randomization	REAL_TEST	204	421.7	100.0	-79.46	17.50	1.13	2650
hz4x4_combine3_presslight_domain_randomization	REAL_TEST	207	426.6	100.0	-80.45	15.65	1.08	2656
hz4x4_combine3_presslight_domain_randomization	REAL_TEST	210	469.0	100.0	-138.05	15.40	1.05	2597
hz4x4_combine3_presslight_domain_randomization	REAL_TEST	213	487.2	100.0	-163.14	20.58	1.03	2553
hz4x4_combine3_presslight_domain_randomization	REAL_TEST	216	416.3	100.0	-81.17	14.29	0.99	2662
hz4x4_combine3_presslight_domain_randomization	REAL_TEST	219	466.0	100.0	-93.36	18.64	1.02	2580
hz4x4_combine3_presslight_domain_randomization	REAL_TEST	222	420.1	100.0	-77.96	15.20	1.02	2658
hz4x4_combine3_presslight_domain_randomization	REAL_TEST	225	411.0	100.0	-83.02	15.57	1.10	2685
hz4x4_combine3_presslight_domain_randomization	REAL_TEST	228	434.4	100.0	-95.96	16.38	1.03	2651
hz4x4_combine3_presslight_domain_randomization	REAL_TEST	231	428.7	100.0	-85.33	15.08	1.03	2662
hz4x4_combine3_presslight_domain_randomization	REAL_TEST	234	448.6	100.0	-108.32	16.35	1.10	2628
hz4x4_combine3_presslight_domain_randomization	REAL_TEST	237	444.9	100.0	-79.44	17.50	1.06	2650
hz4x4_combine3_presslight_domain_randomization	REAL_TEST	240	512.0	100.0	-179.10	22.47	1.08	2496
hz4x4_combine3_presslight_domain_randomization	REAL_TEST	243	550.8	100.0	-203.09	22.79	1.02	2426
hz4x4_combine3_presslight_domain_randomization	REAL_TEST	246	437.3	100.0	-98.66	15.43	1.04	2650
hz4x4_combine3_presslight_domain_randomization	REAL_TEST	249	435.6	100.0	-84.78	16.85	1.08	2657
hz4x4_combine3_presslight_domain_randomization	REAL_TEST	252	441.2	100.0	-86.02	17.12	1.07	2624
hz4x4_combine3_presslight_domain_randomization	REAL_TEST	255	408.4	100.0	-79.26	16.26	1.09	2680
hz4x4_combine3_presslight_domain_randomization	REAL_TEST	258	439.9	100.0	-85.48	15.58	1.02	2663
hz4x4_combine3_presslight_domain_randomization	REAL_TEST	261	416.3	100.0	-85.55	15.79	1.05	2662
hz4x4_combine3_presslight_domain_randomization	REAL_TEST	264	431.4	100.0	-78.33	15.65	1.07	2652
hz4x4_combine3_presslight_domain_randomization	REAL_TEST	267	513.8	100.0	-160.20	19.85	0.99	2528
hz4x4_combine3_presslight_domain_randomization	REAL_TEST	270	401.4	100.0	-75.48	15.15	1.06	2688
hz4x4_combine3_presslight_domain_randomization	REAL_TEST	273	464.8	100.0	-141.08	14.99	1.04	2608
hz4x4_combine3_presslight_domain_randomization	REAL_TEST	276	450.4	100.0	-80.18	16.34	1.00	2624
hz4x4_combine3_presslight_domain_randomization	REAL_TEST	279	450.6	100.0	-102.66	16.96	1.02	2661
hz4x4_combine3_presslight_domain_randomization	REAL_TEST	282	489.6	100.0	-169.73	15.50	1.03	2535
hz4x4_combine3_presslight_domain_randomization	REAL_TEST	285	398.9	100.0	-74.19	14.54	1.04	2678
hz4x4_combine3_presslight_domain_randomization	REAL_TEST	288	459.0	100.0	-115.53	17.28	1.02	2657
hz4x4_combine3_presslight_domain_randomization	REAL_TEST	291	487.2	100.0	-143.26	19.94	1.07	2561
hz4x4_combine3_presslight_domain_randomization	REAL_TEST	294	463.4	100.0	-132.60	16.02	1.07	2626
hz4x4_combine3_presslight_domain_randomization	REAL_TEST	297	546.1	100.0	-221.98	24.16	1.05	2430
