hz4x4_sensor20_presslight_domain_randomization	REAL_TEST	3	1216.8	100.0	-309.00	38.76	0.21	1139
hz4x4_sensor20_presslight_domain_randomization	REAL_TEST	6	899.7	100.0	-136.38	24.98	0.22	1684
hz4x4_sensor20_presslight_domain_randomization	REAL_TEST	9	1098.9	100.0	-161.11	41.39	0.27	1259
hz4x4_sensor20_presslight_domain_randomization	REAL_TEST	12	920.5	100.0	-200.73	25.14	0.26	1609
hz4x4_sensor20_presslight_domain_randomization	REAL_TEST	15	1148.3	100.0	-218.66	44.16	0.25	1220
hz4x4_sensor20_presslight_domain_randomization	REAL_TEST	18	999.1	100.0	-179.49	21.88	0.24	1474
hz4x4_sensor20_presslight_domain_randomization	REAL_TEST	21	987.5	100.0	-237.32	24.87	0.22	1525
hz4x4_sensor20_presslight_domain_randomization	REAL_TEST	24	951.4	100.0	-266.56	31.22	0.24	1569
hz4x4_sensor20_presslight_domain_randomization	REAL_TEST	27	895.4	100.0	-203.26	28.68	0.23	1623
hz4x4_sensor20_presslight_domain_randomization	REAL_TEST	30	1030.2	100.0	-151.25	36.78	0.25	1387
hz4x4_sensor20_presslight_domain_randomization	REAL_TEST	33	1091.5	100.0	-188.65	29.19	0.27	1306
hz4x4_sensor20_presslight_domain_randomization	REAL_TEST	36	1162.7	100.0	-322.07	35.08	0.26	1134
hz4x4_sensor20_presslight_domain_randomization	REAL_TEST	39	1124.7	100.0	-287.84	36.08	0.24	1213
hz4x4_sensor20_presslight_domain_randomization	REAL_TEST	42	1008.3	100.0	-202.49	33.70	0.25	1464
hz4x4_sensor20_presslight_domain_randomization	REAL_TEST	45	1095.8	100.0	-246.39	37.33	0.25	1206
hz4x4_sensor20_presslight_domain_randomization	REAL_TEST	48	1291.7	100.0	-391.27	43.04	0.24	967
hz4x4_sensor20_presslight_domain_randomization	REAL_TEST	51	1337.6	100.0	-409.55	48.48	0.25	885
hz4x4_sensor20_presslight_domain_randomization	REAL_TEST	54	1162.8	100.0	-306.31	37.27	0.24	1210
hz4x4_sensor20_presslight_domain_randomization	REAL_TEST	57	1190.8	100.0	-289.61	39.55	0.24	1065
hz4x4_sensor20_presslight_domain_randomization	REAL_TEST	60	1214.2	100.0	-310.62	44.52	0.24	1075
hz4x4_sensor20_presslight_domain_randomization	REAL_TEST	63	1193.3	100.0	-349.94	45.49	0.25	1148
hz4x4_sensor20_presslight_domain_randomization	REAL_TEST	66	989.9	100.0	-260.18	30.90	0.25	1475
hz4x4_sensor20_presslight_domain_randomization	REAL_TEST	69	1125.6	100.0	-245.85	42.24	0.27	1176
hz4x4_sensor20_presslight_domain_randomization	REAL_TEST	72	986.9	100.0	-217.69	27.59	0.21	1540
hz4x4_sensor20_presslight_domain_randomization	REAL_TEST	75	1227.7	100.0	-364.25	39.46	0.24	1056
hz4x4_sensor20_presslight_domain_randomization	REAL_TEST	78	994.6	100.0	-212.94	25.97	0.23	1419
hz4x4_sensor20_presslight_domain_randomization	REAL_TEST	81	1095.5	100.0	-207.42	34.54	0.24	1254
hz4x4_sensor20_presslight_domain_randomization	REAL_TEST	84	980.4	100.0	-211.09	31.33	0.24	1602
hz4x4_sensor20_presslight_domain_randomization	REAL_TEST	87	1344.0	100.0	-479.68	43.27	0.22	897
hz4x4_sensor20_presslight_domain_randomization	REAL_TEST	90	1134.2	100.0	-332.03	40.62	0.24	1262
hz4x4_sensor20_presslight_domain_randomization	REAL_TEST	93	1148.8	100.0	-324.16	40.79	0.25	1238
hz4x4_sensor20_presslight_domain_randomization	REAL_TEST	96	948.4	100.0	-288.60	22.47	0.23	1594
hz4x4_sensor20_presslight_domain_randomization	REAL_TEST	99	1064.0	100.0	-234.52	24.55	0.24	1334
hz4x4_sensor20_presslight_domain_randomization	REAL_TEST	102	986.7	100.0	-263.26	29.87	0.22	1402
hz4x4_sensor20_presslight_domain_randomization	REAL_TEST	105	1343.5	100.0	-544.18	40.29	0.20	897
hz4x4_sensor20_presslight_domain_randomization	REAL_TEST	108	1273.9	100.0	-514.36	45.20	0.24	1049
hz4x4_sensor20_presslight_domain_randomization	REAL_TEST	111	1174.7	100.0	-384.63	34.78	0.23	1076
hz4x4_sensor20_presslight_domain_randomization	REAL_TEST	114	1040.0	100.0	-390.67	33.73	0.23	1371
hz4x4_sensor20_presslight_domain_randomization	REAL_TEST	117	1106.7	100.0	-315.45	38.35	0.24	1328
hz4x4_sensor20_presslight_domain_randomization	REAL_TEST	120	1261.2	100.0	-525.61	45.88	0.24	1029
hz4x4_sensor20_presslight_domain_randomization	REAL_TEST	123	1227.9	100.0	-345.14	48.09	0.25	1074
hz4x4_sensor20_presslight_domain_randomization	REAL_TEST	126	1228.5	100.0	-392.80	39.54	0.25	1068
hz4x4_sensor20_presslight_domain_randomization	REAL_TEST	129	1249.9	100.0	-288.87	49.11	0.23	1034
hz4x4_sensor20_presslight_domain_randomization	REAL_TEST	132	1287.0	100.0	-368.17	50.11	0.25	993
hz4x4_sensor20_presslight_domain_randomization	REAL_TEST	135	1240.6	100.0	-496.97	35.33	0.23	1024
hz4x4_sensor20_presslight_domain_randomization	REAL_TEST	138	1269.0	100.0	-419.86	44.65	0.23	1052
hz4x4_sensor20_presslight_domain_randomization	REAL_TEST	141	1214.5	100.0	-471.32	40.15	0.22	1084
hz4x4_sensor20_presslight_domain_randomization	REAL_TEST	144	1312.6	100.0	-481.28	40.14	0.23	932
hz4x4_sensor20_presslight_domain_randomization	REAL_TEST	147	1267.8	100.0	-402.95	51.12	0.23	1007
hz4x4_sensor20_presslight_domain_randomization	REAL_TEST	150	1452.9	100.0	-599.43	42.48	0.23	688
hz4x4_sensor20_presslight_domain_randomization	REAL_TEST	153	1397.3	100.0	-520.95	47.87	0.23	785
hz4x4_sensor20_presslight_domain_randomization	REAL_TEST	156	1455.6	100.0	-570.56	49.19	0.22	687
hz4x4_sensor20_presslight_domain_randomization	REAL_TEST	159	1238.5	100.0	-356.08	36.43	0.21	1103
hz4x4_sensor20_presslight_domain_randomization	REAL_TEST	162	1259.6	100.0	-395.59	45.94	0.23	1014
hz4x4_sensor20_presslight_domain_randomization	REAL_TEST	165	1142.8	100.0	-265.96	30.95	0.22	1190
hz4x4_sensor20_presslight_domain_randomization	REAL_TEST	168	1079.4	100.0	-271.75	41.47	0.23	1327
hz4x4_sensor20_presslight_domain_randomization	REAL_TEST	171	1095.9	100.0	-263.87	38.32	0.22	1238
hz4x4_sensor20_presslight_domain_randomization	REAL_TEST	174	1065.6	100.0	-312.04	34.50	0.23	1452
hz4x4_sensor20_presslight_domain_randomization	REAL_TEST	177	1092.0	100.0	-259.58	39.94	0.21	1418
hz4x4_sensor20_presslight_domain_randomization	REAL_TEST	180	1187.5	100.0	-508.13	31.82	0.21	1043
hz4x4_sensor20_presslight_domain_randomization	REAL_TEST	183	1183.8	100.0	-400.15	30.57	0.22	1174
hz4x4_sensor20_presslight_domain_randomization	REAL_TEST	186	988.2	100.0	-288.82	31.08	0.24	1545
hz4x4_sensor20_presslight_domain_randomization	REAL_TEST	189	951.7	100.0	-191.80	27.12	0.24	1500
hz4x4_sensor20_presslight_domain_randomization	REAL_TEST	192	1373.4	100.0	-489.68	49.06	0.23	792
hz4x4_sensor20_presslight_domain_randomization	REAL_TEST	195	1140.4	100.0	-397.91	40.05	0.23	1166
hz4x4_sensor20_presslight_domain_randomization	REAL_TEST	198	1189.6	100.0	-403.62	30.09	0.20	1113
hz4x4_sensor20_presslight_domain_randomization	REAL_TEST	201	1233.4	100.0	-354.97	48.93	0.25	984
hz4x4_sensor20_presslight_domain_randomization	REAL_TEST	204	1128.2	100.0	-390.94	41.03	0.24	1250
hz4x4_sensor20_presslight_domain_randomization	REAL_TEST	207	1141.0	100.0	-456.06	32.92	0.22	1128
hz4x4_sensor20_presslight_domain_randomization	REAL_TEST	210	1132.4	100.0	-438.17	28.72	0.21	1128
hz4x4_sensor20_presslight_domain_randomization	REAL_TEST	213	1100.0	100.0	-395.14	37.90	0.23	1217
hz4x4_sensor20_presslight_domain_randomization	REAL_TEST	216	958.8	100.0	-328.19	31.50	0.22	1528
hz4x4_sensor20_presslight_domain_randomization	REAL_TEST	219	1082.7	100.0	-467.54	33.78	0.23	1197
hz4x4_sensor20_presslight_domain_randomization	REAL_TEST	222	1062.5	100.0	-487.65	30.90	0.20	1290
hz4x4_sensor20_presslight_domain_randomization	REAL_TEST	225	988.0	100.0	-343.15	23.15	0.23	1414
hz4x4_sensor20_presslight_domain_randomization	REAL_TEST	228	1009.5	100.0	-326.24	33.11	0.21	1411
hz4x4_sensor20_presslight_domain_randomization	REAL_TEST	231	1125.2	100.0	-428.21	30.67	0.21	1193
hz4x4_sensor20_presslight_domain_randomization	REAL_TEST	234	820.1	100.0	-194.54	24.99	0.23	1778
hz4x4_sensor20_presslight_domain_randomization	REAL_TEST	237	1226.2	100.0	-556.80	43.58	0.23	1112
hz4x4_sensor20_presslight_domain_randomization	REAL_TEST	240	1383.3	100.0	-637.89	49.92	0.24	849
hz4x4_sensor20_presslight_domain_randomization	REAL_TEST	243	1144.1	100.0	-412.62	36.13	0.21	1157
hz4x4_sensor20_presslight_domain_randomization	REAL_TEST	246	1253.2	100.0	-404.42	37.49	0.24	1222
hz4x4_sensor20_presslight_domain_randomization	REAL_TEST	249	934.4	100.0	-227.88	33.44	0.26	1561
hz4x4_sensor20_presslight_domain_randomization	REAL_TEST	252	1132.4	100.0	-343.28	38.75	0.24	1210
hz4x4_sensor20_presslight_domain_randomization	REAL_TEST	255	1160.0	100.0	-446.71	35.46	0.21	1108
hz4x4_sensor20_presslight_domain_randomization	REAL_TEST	258	892.0	100.0	-319.55	29.13	0.19	1730
hz4x4_sensor20_presslight_domain_randomization	REAL_TEST	261	1065.0	100.0	-389.97	35.14	0.22	1267
hz4x4_sensor20_presslight_domain_randomization	REAL_TEST	264	1354.4	100.0	-477.32	51.54	0.25	866
hz4x4_sensor20_presslight_domain_randomization	REAL_TEST	267	1141.5	100.0	-403.42	33.51	0.21	1154
hz4x4_sensor20_presslight_domain_randomization	REAL_TEST	270	1081.5	100.0	-410.37	33.62	0.24	1235
hz4x4_sensor20_presslight_domain_randomization	REAL_TEST	273	1364.2	100.0	-697.79	36.69	0.19	832
hz4x4_sensor20_presslight_domain_randomization	REAL_TEST	276	1196.0	100.0	-451.47	37.85	0.22	1121
hz4x4_sensor20_presslight_domain_randomization	REAL_TEST	279	1105.5	100.0	-453.20	32.53	0.21	1397
hz4x4_sensor20_presslight_domain_randomization	REAL_TEST	282	1329.2	100.0	-488.28	43.74	0.21	869
hz4x4_sensor20_presslight_domain_randomization	REAL_TEST	285	1116.7	100.0	-443.59	36.20	0.23	1269
hz4x4_sensor20_presslight_domain_randomization	REAL_TEST	288	1075.3	100.0	-254.65	38.15	0.24	1439
hz4x4_sensor20_presslight_domain_randomization	REAL_TEST	291	1053.8	100.0	-393.14	39.18	0.25	1464
hz4x4_sensor20_presslight_domain_randomization	REAL_TEST	294	1404.4	100.0	-544.68	43.44	0.23	874
hz4x4_sensor20_presslight_domain_randomization	REAL_TEST	297	1365.7	100.0	-505.32	48.09	0.24	918
