SIM_TRAIN step:0, travel time:999.2116594898973, q_loss:0, rewards:-72.720566, queue:17.661509, delay:0.30437705, throughput:1575
sim step:3600/3600
episode:0/200, sim_loss:0
SIM_TRAIN step:1, travel time:1004.1136137793972, q_loss:0, rewards:-61.14139, queue:14.51627, delay:0.27430975, throughput:1743
sim step:3600/3600
episode:1/200, sim_loss:0
SIM_TRAIN step:2, travel time:854.4841059602649, q_loss:77.90718, rewards:-63.38695, queue:15.149206, delay:0.2609922, throughput:2122
sim step:3600/3600
episode:2/200, sim_loss:77.90718
REAL_TEST step:2, travel time:426.43716577540107, q_loss:100, rewards:-42.331112, queue:30.100399, delay:2.0886247, throughput:1254
SIM_TRAIN step:3, travel time:609.1781456953643, q_loss:35.46667, rewards:-41.435555, queue:6.476984, delay:0.1190269, throughput:2251
sim step:3600/3600
episode:3/200, sim_loss:35.46667
SIM_TRAIN step:4, travel time:814.0470354421994, q_loss:46.97196, rewards:-27.118612, queue:10.161508, delay:0.1922671, throughput:1910
sim step:3600/3600
episode:4/200, sim_loss:46.97196
REAL_TEST step:4, travel time:629.8706992230855, q_loss:100, rewards:-23.39389, queue:35.42723, delay:2.1513026, throughput:1247
SIM_TRAIN step:5, travel time:1414.9546207353428, q_loss:69.63879, rewards:-30.084164, queue:18.537699, delay:0.29409212, throughput:1015
sim step:3600/3600
episode:5/200, sim_loss:69.63879
SIM_TRAIN step:6, travel time:770.6445842994369, q_loss:84.20308, rewards:-30.19834, queue:9.161508, delay:0.20300019, throughput:1804
sim step:3600/3600
episode:6/200, sim_loss:84.20308
REAL_TEST step:6, travel time:631.3799102132435, q_loss:100, rewards:-27.809423, queue:35.137157, delay:2.1034813, throughput:1233
SIM_TRAIN step:7, travel time:519.6076158940398, q_loss:91.31086, rewards:-25.914448, queue:9.098016, delay:0.18099774, throughput:2310
sim step:3600/3600
episode:7/200, sim_loss:91.31086
SIM_TRAIN step:8, travel time:742.7946339847632, q_loss:104.83384, rewards:-31.179726, queue:9.532936, delay:0.18669719, throughput:1771
sim step:3600/3600
episode:8/200, sim_loss:104.83384
REAL_TEST step:8, travel time:246.15844700944388, q_loss:100, rewards:-18.453331, queue:27.916525, delay:2.0934744, throughput:1673
SIM_TRAIN step:9, travel time:496.80364238410596, q_loss:102.98051, rewards:-15.609724, queue:2.1988096, delay:0.10332041, throughput:2193
sim step:3600/3600
episode:9/200, sim_loss:102.98051
SIM_TRAIN step:10, travel time:524.787417218543, q_loss:101.43533, rewards:-16.366945, queue:2.3170636, delay:0.08759421, throughput:2018
sim step:3600/3600
episode:10/200, sim_loss:101.43533
REAL_TEST step:10, travel time:129.94661266568482, q_loss:100, rewards:-19.065, queue:24.241411, delay:2.1042595, throughput:2583
SIM_TRAIN step:11, travel time:431.606421714664, q_loss:92.46862, rewards:-12.261668, queue:1.7424604, delay:0.083917685, throughput:2307
sim step:3600/3600
episode:11/200, sim_loss:92.46862
SIM_TRAIN step:12, travel time:417.3341059602649, q_loss:85.36674, rewards:-10.711944, queue:1.5265872, delay:0.075241216, throughput:2331
sim step:3600/3600
episode:12/200, sim_loss:85.36674
REAL_TEST step:12, travel time:117.02619047619048, q_loss:100, rewards:-17.762777, queue:25.066229, delay:2.0608246, throughput:2821
SIM_TRAIN step:13, travel time:379.5569536423841, q_loss:85.32434, rewards:-10.192779, queue:1.4630952, delay:0.07335497, throughput:2437
sim step:3600/3600
episode:13/200, sim_loss:85.32434
SIM_TRAIN step:14, travel time:433.60562913907285, q_loss:83.931625, rewards:-8.803332, queue:1.2587302, delay:0.06848646, throughput:2295
sim step:3600/3600
episode:14/200, sim_loss:83.931625
REAL_TEST step:14, travel time:189.09970348406227, q_loss:100, rewards:-22.116945, queue:28.757559, delay:2.08023, throughput:2514
SIM_TRAIN step:15, travel time:325.3328916859887, q_loss:68.14794, rewards:-7.783889, queue:1.0960318, delay:0.06978814, throughput:2474
sim step:3600/3600
episode:15/200, sim_loss:68.14794
SIM_TRAIN step:16, travel time:276.9208609271523, q_loss:55.288723, rewards:-8.950555, queue:1.2480159, delay:0.08445039, throughput:2587
sim step:3600/3600
episode:16/200, sim_loss:55.288723
REAL_TEST step:16, travel time:108.58910891089108, q_loss:100, rewards:-20.051668, queue:25.388453, delay:2.0687113, throughput:2921
SIM_TRAIN step:17, travel time:221.0446871896723, q_loss:41.578262, rewards:-5.2061105, queue:0.74960315, delay:0.06319829, throughput:2674
sim step:3600/3600
episode:17/200, sim_loss:41.578262
SIM_TRAIN step:18, travel time:265.1833829857663, q_loss:31.21541, rewards:-5.5825, queue:0.8234127, delay:0.065417774, throughput:2651
sim step:3600/3600
episode:18/200, sim_loss:31.21541
REAL_TEST step:18, travel time:118.07745745050364, q_loss:100, rewards:-24.35194, queue:25.59844, delay:2.1078377, throughput:2770
SIM_TRAIN step:19, travel time:203.84668874172186, q_loss:22.318413, rewards:-4.6055555, queue:0.73253965, delay:0.054810468, throughput:2778
sim step:3600/3600
episode:19/200, sim_loss:22.318413
SIM_TRAIN step:20, travel time:228.68741721854303, q_loss:15.932875, rewards:-5.6961107, queue:0.9329365, delay:0.061871022, throughput:2682
sim step:3600/3600
episode:20/200, sim_loss:15.932875
REAL_TEST step:20, travel time:114.25610163824808, q_loss:100, rewards:-22.301386, queue:24.941822, delay:2.1024153, throughput:2891
SIM_TRAIN step:21, travel time:198.94207216153592, q_loss:11.62877, rewards:-4.2919445, queue:0.61071426, delay:0.05757903, throughput:2694
sim step:3600/3600
episode:21/200, sim_loss:11.62877
SIM_TRAIN step:22, travel time:286.6762661370407, q_loss:6.3973913, rewards:-4.7430553, queue:0.6880952, delay:0.06535174, throughput:2630
sim step:3600/3600
episode:22/200, sim_loss:6.3973913
REAL_TEST step:22, travel time:368.7016434892541, q_loss:100, rewards:-34.93167, queue:30.861174, delay:2.149019, throughput:1902
SIM_TRAIN step:23, travel time:208.74809665673618, q_loss:4.4310374, rewards:-4.8369446, queue:0.7448413, delay:0.056513663, throughput:2779
sim step:3600/3600
episode:23/200, sim_loss:4.4310374
SIM_TRAIN step:24, travel time:206.87222773915923, q_loss:4.344032, rewards:-3.9808335, queue:0.5928571, delay:0.053435177, throughput:2789
sim step:3600/3600
episode:24/200, sim_loss:4.344032
REAL_TEST step:24, travel time:191.80337309749075, q_loss:100, rewards:-20.577219, queue:27.542526, delay:2.0847492, throughput:2260
SIM_TRAIN step:25, travel time:207.2871319880913, q_loss:4.204373, rewards:-4.4330554, queue:0.6634921, delay:0.053272113, throughput:2778
sim step:3600/3600
episode:25/200, sim_loss:4.204373
SIM_TRAIN step:26, travel time:227.2728476821192, q_loss:4.130802, rewards:-4.807499, queue:0.7126984, delay:0.057133894, throughput:2729
sim step:3600/3600
episode:26/200, sim_loss:4.130802
REAL_TEST step:26, travel time:116.65720294426919, q_loss:100, rewards:-19.764166, queue:24.79332, delay:2.057188, throughput:2750
SIM_TRAIN step:27, travel time:174.76199933796755, q_loss:4.213617, rewards:-4.5041666, queue:0.66507936, delay:0.05634813, throughput:2841
sim step:3600/3600
episode:27/200, sim_loss:4.213617
SIM_TRAIN step:28, travel time:135.9427341939755, q_loss:4.2495894, rewards:-4.6169434, queue:0.6956349, delay:0.055576712, throughput:2902
sim step:3600/3600
episode:28/200, sim_loss:4.2495894
REAL_TEST step:28, travel time:149.1575735821967, q_loss:100, rewards:-19.540833, queue:24.568674, delay:2.0782633, throughput:2623
SIM_TRAIN step:29, travel time:111.76655629139073, q_loss:4.3149643, rewards:-4.4263897, queue:0.684127, delay:0.05603311, throughput:2971
sim step:3600/3600
episode:29/200, sim_loss:4.3149643
SIM_TRAIN step:30, travel time:75.4456953642384, q_loss:4.2944794, rewards:-3.3674994, queue:0.5694444, delay:0.05168363, throughput:3002
sim step:3600/3600
episode:30/200, sim_loss:4.2944794
REAL_TEST step:30, travel time:178.98887610280016, q_loss:100, rewards:-21.446943, queue:25.47773, delay:2.025605, throughput:2393
SIM_TRAIN step:31, travel time:67.59026167605167, q_loss:4.2263103, rewards:-3.0180545, queue:0.5488095, delay:0.049187157, throughput:3012
sim step:3600/3600
episode:31/200, sim_loss:4.2263103
SIM_TRAIN step:32, travel time:116.92182842000662, q_loss:4.1992784, rewards:-3.9141667, queue:0.63611114, delay:0.058730666, throughput:2860
sim step:3600/3600
episode:32/200, sim_loss:4.1992784
REAL_TEST step:32, travel time:186.76092949980307, q_loss:100, rewards:-23.523329, queue:25.478273, delay:2.109193, throughput:2374
SIM_TRAIN step:33, travel time:72.71069182389937, q_loss:4.2123218, rewards:-3.1708336, queue:0.6134921, delay:0.052291308, throughput:3011
sim step:3600/3600
episode:33/200, sim_loss:4.2123218
SIM_TRAIN step:34, travel time:67.37086092715232, q_loss:4.283255, rewards:-3.2022226, queue:0.5968254, delay:0.052151587, throughput:3012
sim step:3600/3600
episode:34/200, sim_loss:4.283255
REAL_TEST step:34, travel time:167.03229357798165, q_loss:100, rewards:-21.743326, queue:24.901937, delay:2.046737, throughput:2572
SIM_TRAIN step:35, travel time:79.98179410791128, q_loss:4.34781, rewards:-3.4058332, queue:0.55833334, delay:0.053726923, throughput:2932
sim step:3600/3600
episode:35/200, sim_loss:4.34781
SIM_TRAIN step:36, travel time:72.12479311486263, q_loss:4.4960594, rewards:-3.338333, queue:0.5809524, delay:0.053862877, throughput:3012
sim step:3600/3600
episode:36/200, sim_loss:4.4960594
REAL_TEST step:36, travel time:139.58034800409416, q_loss:100, rewards:-19.402773, queue:24.78133, delay:2.0897312, throughput:2783
SIM_TRAIN step:37, travel time:67.38186631369953, q_loss:4.5274053, rewards:-3.0041666, queue:0.51309526, delay:0.049070965, throughput:3011
sim step:3600/3600
episode:37/200, sim_loss:4.5274053
SIM_TRAIN step:38, travel time:65.74544852697782, q_loss:4.440681, rewards:-2.9402778, queue:0.51111114, delay:0.04750734, throughput:3011
sim step:3600/3600
episode:38/200, sim_loss:4.440681
REAL_TEST step:38, travel time:154.00315678709225, q_loss:100, rewards:-22.254444, queue:24.840061, delay:2.05958, throughput:2687
SIM_TRAIN step:39, travel time:86.51010268300762, q_loss:4.3584056, rewards:-3.4716651, queue:0.5694444, delay:0.05188391, throughput:2916
sim step:3600/3600
episode:39/200, sim_loss:4.3584056
SIM_TRAIN step:40, travel time:132.32384105960264, q_loss:4.4328833, rewards:-4.2944446, queue:0.67698413, delay:0.05695428, throughput:2883
sim step:3600/3600
episode:40/200, sim_loss:4.4328833
REAL_TEST step:40, travel time:207.06699958385352, q_loss:100, rewards:-24.794722, queue:27.238642, delay:2.0813937, throughput:2238
SIM_TRAIN step:41, travel time:106.05292755540853, q_loss:4.505595, rewards:-3.9283326, queue:0.643254, delay:0.05341317, throughput:2947
sim step:3600/3600
episode:41/200, sim_loss:4.505595
SIM_TRAIN step:42, travel time:119.5597880092746, q_loss:4.2429333, rewards:-4.221667, queue:0.65555555, delay:0.05876916, throughput:2894
sim step:3600/3600
episode:42/200, sim_loss:4.2429333
REAL_TEST step:42, travel time:132.8373665480427, q_loss:100, rewards:-22.398333, queue:25.464691, delay:2.063361, throughput:2649
SIM_TRAIN step:43, travel time:145.90361046704206, q_loss:4.245228, rewards:-4.545834, queue:0.68650794, delay:0.056437295, throughput:2837
sim step:3600/3600
episode:43/200, sim_loss:4.245228
SIM_TRAIN step:44, travel time:131.9712206417466, q_loss:4.1655235, rewards:-3.4561102, queue:0.5543651, delay:0.05358111, throughput:2812
sim step:3600/3600
episode:44/200, sim_loss:4.1655235
REAL_TEST step:44, travel time:190.725, q_loss:100, rewards:-21.122772, queue:27.982683, delay:2.0753024, throughput:2266
SIM_TRAIN step:45, travel time:130.1950331125828, q_loss:4.285724, rewards:-4.0252776, queue:0.62023807, delay:0.057077244, throughput:2868
sim step:3600/3600
episode:45/200, sim_loss:4.285724
SIM_TRAIN step:46, travel time:136.8198078834051, q_loss:4.268109, rewards:-4.680555, queue:0.71666664, delay:0.06340152, throughput:2886
sim step:3600/3600
episode:46/200, sim_loss:4.268109
REAL_TEST step:46, travel time:166.5531007751938, q_loss:100, rewards:-24.223616, queue:26.783728, delay:2.0468528, throughput:2421
SIM_TRAIN step:47, travel time:107.49453823237339, q_loss:4.1767135, rewards:-4.3127775, queue:0.6376984, delay:0.05735584, throughput:2900
sim step:3600/3600
episode:47/200, sim_loss:4.1767135
SIM_TRAIN step:48, travel time:139.94139072847682, q_loss:4.161315, rewards:-4.3680563, queue:0.68650794, delay:0.0608122, throughput:2840
sim step:3600/3600
episode:48/200, sim_loss:4.161315
REAL_TEST step:48, travel time:117.81347150259067, q_loss:100, rewards:-21.339165, queue:24.845516, delay:2.0453334, throughput:2779
SIM_TRAIN step:49, travel time:145.04173567406426, q_loss:4.063968, rewards:-3.6866672, queue:0.53809524, delay:0.053653773, throughput:2789
sim step:3600/3600
episode:49/200, sim_loss:4.063968
SIM_TRAIN step:50, travel time:100.6325719960278, q_loss:3.896964, rewards:-3.8255558, queue:0.59126985, delay:0.054480743, throughput:2899
sim step:3600/3600
episode:50/200, sim_loss:3.896964
REAL_TEST step:50, travel time:184.4887573964497, q_loss:100, rewards:-22.010561, queue:28.202288, delay:2.0548208, throughput:2367
SIM_TRAIN step:51, travel time:97.46823295830576, q_loss:3.9518082, rewards:-3.567778, queue:0.5543651, delay:0.052643295, throughput:2897
sim step:3600/3600
episode:51/200, sim_loss:3.9518082
SIM_TRAIN step:52, travel time:84.21066578337198, q_loss:4.0043154, rewards:-3.2036107, queue:0.50595236, delay:0.04984354, throughput:2922
sim step:3600/3600
episode:52/200, sim_loss:4.0043154
REAL_TEST step:52, travel time:177.2180572349859, q_loss:100, rewards:-21.373613, queue:27.418669, delay:2.0974734, throughput:2283
SIM_TRAIN step:53, travel time:134.98213103904698, q_loss:3.9803932, rewards:-4.475556, queue:0.72738093, delay:0.061251808, throughput:2908
sim step:3600/3600
episode:53/200, sim_loss:3.9803932
SIM_TRAIN step:54, travel time:86.35794701986755, q_loss:3.9852407, rewards:-3.3522213, queue:0.52738094, delay:0.05000058, throughput:2921
sim step:3600/3600
episode:54/200, sim_loss:3.9852407
REAL_TEST step:54, travel time:183.7419224555735, q_loss:100, rewards:-20.641949, queue:27.595247, delay:2.1153052, throughput:2316
SIM_TRAIN step:55, travel time:68.21104862719153, q_loss:4.145662, rewards:-2.7966669, queue:0.48849207, delay:0.046905912, throughput:3011
sim step:3600/3600
episode:55/200, sim_loss:4.145662
SIM_TRAIN step:56, travel time:145.70374048328367, q_loss:4.1820636, rewards:-3.5547223, queue:0.5623016, delay:0.05304355, throughput:2789
sim step:3600/3600
episode:56/200, sim_loss:4.1820636
REAL_TEST step:56, travel time:133.6580717488789, q_loss:100, rewards:-21.44805, queue:25.152878, delay:2.0762913, throughput:2547
SIM_TRAIN step:57, travel time:112.75753560781716, q_loss:4.3060026, rewards:-4.0624995, queue:0.63809526, delay:0.056543775, throughput:2908
sim step:3600/3600
episode:57/200, sim_loss:4.3060026
SIM_TRAIN step:58, travel time:153.9195097714475, q_loss:4.326534, rewards:-4.4974995, queue:0.6785714, delay:0.05978416, throughput:2817
sim step:3600/3600
episode:58/200, sim_loss:4.326534
REAL_TEST step:58, travel time:161.00597371565112, q_loss:100, rewards:-21.701103, queue:26.669668, delay:2.0931206, throughput:2362
SIM_TRAIN step:59, travel time:114.2523178807947, q_loss:4.3383613, rewards:-4.417778, queue:0.66626984, delay:0.05630929, throughput:2924
sim step:3600/3600
episode:59/200, sim_loss:4.3383613
SIM_TRAIN step:60, travel time:141.55132450331126, q_loss:4.2624426, rewards:-4.0258336, queue:0.6027778, delay:0.057226803, throughput:2824
sim step:3600/3600
episode:60/200, sim_loss:4.2624426
REAL_TEST step:60, travel time:178.60261651676205, q_loss:100, rewards:-20.283888, queue:27.730587, delay:2.1078508, throughput:2266
SIM_TRAIN step:61, travel time:89.86353097052005, q_loss:4.253088, rewards:-3.1752775, queue:0.5075397, delay:0.049906302, throughput:2899
sim step:3600/3600
episode:61/200, sim_loss:4.253088
SIM_TRAIN step:62, travel time:128.18284200066248, q_loss:4.211518, rewards:-4.058889, queue:0.6230159, delay:0.057294525, throughput:2846
sim step:3600/3600
episode:62/200, sim_loss:4.211518
REAL_TEST step:62, travel time:122.73931933381607, q_loss:100, rewards:-19.238333, queue:24.875551, delay:2.1022635, throughput:2634
SIM_TRAIN step:63, travel time:108.28784365684001, q_loss:4.1060967, rewards:-3.9674997, queue:0.62341267, delay:0.05623562, throughput:2901
sim step:3600/3600
episode:63/200, sim_loss:4.1060967
SIM_TRAIN step:64, travel time:75.83118172790466, q_loss:4.2085376, rewards:-3.4177768, queue:0.5718254, delay:0.052543726, throughput:3012
sim step:3600/3600
episode:64/200, sim_loss:4.2085376
REAL_TEST step:64, travel time:115.11723898716615, q_loss:100, rewards:-18.245556, queue:24.15722, delay:2.0929053, throughput:2762
SIM_TRAIN step:65, travel time:77.91630830301025, q_loss:4.1356874, rewards:-3.5216675, queue:0.60436505, delay:0.056763235, throughput:2986
sim step:3600/3600
episode:65/200, sim_loss:4.1356874
SIM_TRAIN step:66, travel time:76.59781529294935, q_loss:4.1856413, rewards:-3.4594436, queue:0.55714285, delay:0.05205404, throughput:3012
sim step:3600/3600
episode:66/200, sim_loss:4.1856413
REAL_TEST step:66, travel time:113.106013208203, q_loss:100, rewards:-17.793331, queue:24.652962, delay:2.0668123, throughput:2770
SIM_TRAIN step:67, travel time:91.84546657842489, q_loss:4.184276, rewards:-3.9302783, queue:0.61944443, delay:0.0562873, throughput:3012
sim step:3600/3600
episode:67/200, sim_loss:4.184276
SIM_TRAIN step:68, travel time:83.79364027823783, q_loss:4.1691127, rewards:-3.219999, queue:0.59484124, delay:0.05108054, throughput:3011
sim step:3600/3600
episode:68/200, sim_loss:4.1691127
REAL_TEST step:68, travel time:121.37293388429752, q_loss:100, rewards:-19.41583, queue:24.23592, delay:2.0594385, throughput:2778
SIM_TRAIN step:69, travel time:69.75066225165563, q_loss:4.129638, rewards:-3.0361104, queue:0.53333336, delay:0.0498194, throughput:3012
sim step:3600/3600
episode:69/200, sim_loss:4.129638
SIM_TRAIN step:70, travel time:66.31202384895661, q_loss:4.249556, rewards:-3.1172223, queue:0.540873, delay:0.048259262, throughput:3012
sim step:3600/3600
episode:70/200, sim_loss:4.249556
REAL_TEST step:70, travel time:118.97234704459039, q_loss:100, rewards:-19.098057, queue:24.6708, delay:2.0443158, throughput:2745
SIM_TRAIN step:71, travel time:70.94170255051341, q_loss:4.2754545, rewards:-2.7952778, queue:0.48214287, delay:0.046561338, throughput:3012
sim step:3600/3600
episode:71/200, sim_loss:4.2754545
SIM_TRAIN step:72, travel time:89.87048691619742, q_loss:4.2681656, rewards:-3.7911112, queue:0.62738097, delay:0.053314827, throughput:3002
sim step:3600/3600
episode:72/200, sim_loss:4.2681656
REAL_TEST step:72, travel time:127.51161103047896, q_loss:100, rewards:-20.35, queue:24.929121, delay:2.0855944, throughput:2626
SIM_TRAIN step:73, travel time:108.30009937065253, q_loss:4.1263647, rewards:-3.978612, queue:0.606746, delay:0.053349983, throughput:2897
sim step:3600/3600
episode:73/200, sim_loss:4.1263647
SIM_TRAIN step:74, travel time:84.69205298013244, q_loss:4.1003423, rewards:-3.0683339, queue:0.47420636, delay:0.048907064, throughput:2903
sim step:3600/3600
episode:74/200, sim_loss:4.1003423
REAL_TEST step:74, travel time:120.71186440677967, q_loss:100, rewards:-17.610836, queue:23.92676, delay:2.068691, throughput:2713
SIM_TRAIN step:75, travel time:133.4112582781457, q_loss:4.0254617, rewards:-3.0980546, queue:0.49444443, delay:0.05122883, throughput:2826
sim step:3600/3600
episode:75/200, sim_loss:4.0254617
SIM_TRAIN step:76, travel time:150.0427293805896, q_loss:4.0819225, rewards:-3.9805548, queue:0.5896825, delay:0.05571798, throughput:2807
sim step:3600/3600
episode:76/200, sim_loss:4.0819225
REAL_TEST step:76, travel time:114.07276657060518, q_loss:100, rewards:-17.028057, queue:24.334536, delay:2.0565388, throughput:2666
SIM_TRAIN step:77, travel time:106.2658060244952, q_loss:4.205921, rewards:-3.6758337, queue:0.5595238, delay:0.052710935, throughput:2900
sim step:3600/3600
episode:77/200, sim_loss:4.205921
SIM_TRAIN step:78, travel time:79.35276581649553, q_loss:4.3019733, rewards:-3.1988893, queue:0.55, delay:0.050496362, throughput:2958
sim step:3600/3600
episode:78/200, sim_loss:4.3019733
REAL_TEST step:78, travel time:124.99493304379298, q_loss:100, rewards:-20.095554, queue:25.06931, delay:2.0708032, throughput:2649
SIM_TRAIN step:79, travel time:93.9053293611387, q_loss:4.1505494, rewards:-3.5433323, queue:0.55198413, delay:0.052548375, throughput:2910
sim step:3600/3600
episode:79/200, sim_loss:4.1505494
SIM_TRAIN step:80, travel time:102.96194573130377, q_loss:4.013313, rewards:-3.8486114, queue:0.59246033, delay:0.053661566, throughput:2898
sim step:3600/3600
episode:80/200, sim_loss:4.013313
REAL_TEST step:80, travel time:123.89882016446192, q_loss:100, rewards:-20.798887, queue:24.861727, delay:2.089692, throughput:2634
SIM_TRAIN step:81, travel time:109.64195896757114, q_loss:4.04824, rewards:-3.8391662, queue:0.59246033, delay:0.055670522, throughput:2879
sim step:3600/3600
episode:81/200, sim_loss:4.04824
SIM_TRAIN step:82, travel time:112.18509933774834, q_loss:3.9798243, rewards:-3.7141676, queue:0.5595238, delay:0.052898224, throughput:2897
sim step:3600/3600
episode:82/200, sim_loss:3.9798243
REAL_TEST step:82, travel time:133.1904761904762, q_loss:100, rewards:-21.91167, queue:24.606262, delay:2.0628603, throughput:2665
SIM_TRAIN step:83, travel time:65.2800925925926, q_loss:3.9229183, rewards:-2.6025, queue:0.47460318, delay:0.04625475, throughput:3012
sim step:3600/3600
episode:83/200, sim_loss:3.9229183
SIM_TRAIN step:84, travel time:75.30473666777078, q_loss:3.916968, rewards:-3.3377774, queue:0.5706349, delay:0.05265438, throughput:3011
sim step:3600/3600
episode:84/200, sim_loss:3.916968
REAL_TEST step:84, travel time:120.35356386732533, q_loss:100, rewards:-20.71861, queue:24.664726, delay:2.0651624, throughput:2702
SIM_TRAIN step:85, travel time:65.20125786163523, q_loss:3.8413475, rewards:-2.662221, queue:0.4718254, delay:0.046880115, throughput:3011
sim step:3600/3600
episode:85/200, sim_loss:3.8413475
SIM_TRAIN step:86, travel time:74.72119205298013, q_loss:3.8440473, rewards:-2.9116676, queue:0.5452381, delay:0.04931739, throughput:3012
sim step:3600/3600
episode:86/200, sim_loss:3.8440473
REAL_TEST step:86, travel time:116.27216494845361, q_loss:100, rewards:-20.06833, queue:24.58349, delay:2.097164, throughput:2788
SIM_TRAIN step:87, travel time:88.58496190791652, q_loss:3.9758618, rewards:-3.5597222, queue:0.61269844, delay:0.053440463, throughput:3012
sim step:3600/3600
episode:87/200, sim_loss:3.9758618
SIM_TRAIN step:88, travel time:65.28779358253391, q_loss:4.0169086, rewards:-2.5863898, queue:0.48968253, delay:0.04697142, throughput:3012
sim step:3600/3600
episode:88/200, sim_loss:4.0169086
REAL_TEST step:88, travel time:123.1774193548387, q_loss:100, rewards:-21.135834, queue:24.632359, delay:2.0731473, throughput:2720
SIM_TRAIN step:89, travel time:64.89499834382245, q_loss:3.9245217, rewards:-2.645833, queue:0.44642857, delay:0.045406356, throughput:3012
sim step:3600/3600
episode:89/200, sim_loss:3.9245217
SIM_TRAIN step:90, travel time:77.861350099272, q_loss:4.0210056, rewards:-3.1269453, queue:0.5587302, delay:0.052054547, throughput:3008
sim step:3600/3600
episode:90/200, sim_loss:4.0210056
REAL_TEST step:90, travel time:135.65631691648824, q_loss:100, rewards:-24.67638, queue:25.696863, delay:2.0421288, throughput:2680
SIM_TRAIN step:91, travel time:105.40251572327044, q_loss:4.085343, rewards:-3.8147228, queue:0.5896825, delay:0.05531474, throughput:2942
sim step:3600/3600
episode:91/200, sim_loss:4.085343
SIM_TRAIN step:92, travel time:71.04763479986768, q_loss:4.207854, rewards:-2.5777779, queue:0.4674603, delay:0.046959702, throughput:2986
sim step:3600/3600
episode:92/200, sim_loss:4.207854
REAL_TEST step:92, travel time:133.28649237472766, q_loss:100, rewards:-23.577776, queue:24.76493, delay:2.0738506, throughput:2636
SIM_TRAIN step:93, travel time:67.11493872143093, q_loss:4.172685, rewards:-2.5838892, queue:0.46666667, delay:0.045232918, throughput:3011
sim step:3600/3600
episode:93/200, sim_loss:4.172685
SIM_TRAIN step:94, travel time:107.35494541845848, q_loss:4.169743, rewards:-4.0027776, queue:0.61944443, delay:0.056572616, throughput:2905
sim step:3600/3600
episode:94/200, sim_loss:4.169743
REAL_TEST step:94, travel time:163.09535988308366, q_loss:100, rewards:-29.951385, queue:25.809944, delay:2.1065338, throughput:2611
SIM_TRAIN step:95, travel time:105.00860927152318, q_loss:4.1162024, rewards:-3.9347222, queue:0.6218254, delay:0.055487376, throughput:2909
sim step:3600/3600
episode:95/200, sim_loss:4.1162024
SIM_TRAIN step:96, travel time:82.79403973509933, q_loss:4.099763, rewards:-3.4441679, queue:0.56666666, delay:0.0532966, throughput:2968
sim step:3600/3600
episode:96/200, sim_loss:4.099763
REAL_TEST step:96, travel time:123.56517055655296, q_loss:100, rewards:-20.978052, queue:24.421036, delay:2.0748255, throughput:2653
SIM_TRAIN step:97, travel time:140.69990062934747, q_loss:4.072732, rewards:-3.6180563, queue:0.5472222, delay:0.05531382, throughput:2804
sim step:3600/3600
episode:97/200, sim_loss:4.072732
SIM_TRAIN step:98, travel time:84.92050347797284, q_loss:4.072147, rewards:-3.6713889, queue:0.584127, delay:0.052425846, throughput:2908
sim step:3600/3600
episode:98/200, sim_loss:4.072147
REAL_TEST step:98, travel time:123.32361411087113, q_loss:100, rewards:-20.991108, queue:24.88472, delay:2.115537, throughput:2655
SIM_TRAIN step:99, travel time:145.2742630009937, q_loss:4.2295837, rewards:-3.7241666, queue:0.56150794, delay:0.054231554, throughput:2814
sim step:3600/3600
episode:99/200, sim_loss:4.2295837
SIM_TRAIN step:100, travel time:135.19496855345912, q_loss:4.12227, rewards:-3.7224996, queue:0.58849204, delay:0.055534054, throughput:2821
sim step:3600/3600
episode:100/200, sim_loss:4.12227
REAL_TEST step:100, travel time:127.44153903623459, q_loss:100, rewards:-18.706112, queue:24.45356, delay:2.071943, throughput:2560
SIM_TRAIN step:101, travel time:74.23171135385634, q_loss:4.348347, rewards:-3.2233331, queue:0.54960316, delay:0.050969195, throughput:3005
sim step:3600/3600
episode:101/200, sim_loss:4.348347
SIM_TRAIN step:102, travel time:141.03642384105962, q_loss:4.1947527, rewards:-4.2036114, queue:0.63968253, delay:0.059852514, throughput:2870
sim step:3600/3600
episode:102/200, sim_loss:4.1947527
REAL_TEST step:102, travel time:141.06906579425663, q_loss:100, rewards:-24.14417, queue:24.681408, delay:2.0714695, throughput:2618
SIM_TRAIN step:103, travel time:98.25057927838463, q_loss:4.223602, rewards:-3.893056, queue:0.5952381, delay:0.05454643, throughput:2901
sim step:3600/3600
episode:103/200, sim_loss:4.223602
SIM_TRAIN step:104, travel time:74.3224097980801, q_loss:4.2829823, rewards:-2.827778, queue:0.50476193, delay:0.04754086, throughput:3012
sim step:3600/3600
episode:104/200, sim_loss:4.2829823
REAL_TEST step:104, travel time:133.27545327754532, q_loss:100, rewards:-21.890835, queue:25.314098, delay:2.0990374, throughput:2735
SIM_TRAIN step:105, travel time:101.73999338405558, q_loss:4.1962304, rewards:-3.894724, queue:0.59484124, delay:0.055617016, throughput:2911
sim step:3600/3600
episode:105/200, sim_loss:4.1962304
SIM_TRAIN step:106, travel time:88.36941410129096, q_loss:4.1637573, rewards:-3.4130557, queue:0.5488095, delay:0.0528523, throughput:2903
sim step:3600/3600
episode:106/200, sim_loss:4.1637573
REAL_TEST step:106, travel time:129.743498396865, q_loss:100, rewards:-21.535557, queue:24.706213, delay:2.0676503, throughput:2690
SIM_TRAIN step:107, travel time:116.09400860642171, q_loss:4.159842, rewards:-3.7619467, queue:0.5801587, delay:0.056588992, throughput:2896
sim step:3600/3600
episode:107/200, sim_loss:4.159842
SIM_TRAIN step:108, travel time:84.1860927152318, q_loss:4.2095475, rewards:-3.0450006, queue:0.51349205, delay:0.050331727, throughput:2947
sim step:3600/3600
episode:108/200, sim_loss:4.2095475
REAL_TEST step:108, travel time:135.5624551328069, q_loss:100, rewards:-20.624441, queue:24.856077, delay:2.105634, throughput:2631
SIM_TRAIN step:109, travel time:83.05130751406818, q_loss:4.1476502, rewards:-3.5369437, queue:0.5599206, delay:0.0516821, throughput:2918
sim step:3600/3600
episode:109/200, sim_loss:4.1476502
SIM_TRAIN step:110, travel time:93.71878105332891, q_loss:4.1239367, rewards:-3.7197235, queue:0.5809524, delay:0.054465435, throughput:2898
sim step:3600/3600
episode:110/200, sim_loss:4.1239367
REAL_TEST step:110, travel time:126.76295518207283, q_loss:100, rewards:-21.31333, queue:24.658104, delay:2.1099086, throughput:2731
SIM_TRAIN step:111, travel time:94.67350993377484, q_loss:4.103861, rewards:-4.1255565, queue:0.64246035, delay:0.05736713, throughput:2989
sim step:3600/3600
episode:111/200, sim_loss:4.103861
SIM_TRAIN step:112, travel time:85.39238410596026, q_loss:4.1326594, rewards:-3.2652788, queue:0.5920635, delay:0.05361919, throughput:3011
sim step:3600/3600
episode:112/200, sim_loss:4.1326594
REAL_TEST step:112, travel time:136.66834713719842, q_loss:100, rewards:-20.34305, queue:24.67718, delay:2.0620105, throughput:2661
SIM_TRAIN step:113, travel time:67.75909993381866, q_loss:4.2745085, rewards:-3.1250002, queue:0.52738094, delay:0.048885483, throughput:3012
sim step:3600/3600
episode:113/200, sim_loss:4.2745085
SIM_TRAIN step:114, travel time:119.48443708609271, q_loss:4.3136253, rewards:-3.4611118, queue:0.54007936, delay:0.055740986, throughput:2894
sim step:3600/3600
episode:114/200, sim_loss:4.3136253
REAL_TEST step:114, travel time:121.85804860866503, q_loss:100, rewards:-21.571943, queue:24.825985, delay:2.0695324, throughput:2709
SIM_TRAIN step:115, travel time:71.10390469887491, q_loss:4.3225703, rewards:-3.4011111, queue:0.5674603, delay:0.049176045, throughput:3012
sim step:3600/3600
episode:115/200, sim_loss:4.3225703
SIM_TRAIN step:116, travel time:91.76946008612123, q_loss:4.395731, rewards:-3.7711108, queue:0.5972222, delay:0.054410875, throughput:3002
sim step:3600/3600
episode:116/200, sim_loss:4.395731
REAL_TEST step:116, travel time:132.0469774217043, q_loss:100, rewards:-20.036945, queue:24.6388, delay:2.0525398, throughput:2622
SIM_TRAIN step:117, travel time:66.08043694141013, q_loss:4.351116, rewards:-3.0102773, queue:0.51349205, delay:0.04708775, throughput:3012
sim step:3600/3600
episode:117/200, sim_loss:4.351116
SIM_TRAIN step:118, travel time:112.43429328037074, q_loss:4.3688083, rewards:-3.9861119, queue:0.59246033, delay:0.0561186, throughput:2890
sim step:3600/3600
episode:118/200, sim_loss:4.3688083
REAL_TEST step:118, travel time:139.34939301972685, q_loss:100, rewards:-19.889446, queue:24.348862, delay:2.0725899, throughput:2497
SIM_TRAIN step:119, travel time:95.09400860642171, q_loss:4.198814, rewards:-3.7025003, queue:0.59246033, delay:0.055445958, throughput:2947
sim step:3600/3600
episode:119/200, sim_loss:4.198814
SIM_TRAIN step:120, travel time:96.42549668874172, q_loss:4.313788, rewards:-3.547777, queue:0.5623016, delay:0.05357751, throughput:2894
sim step:3600/3600
episode:120/200, sim_loss:4.313788
REAL_TEST step:120, travel time:141.8480463096961, q_loss:100, rewards:-24.852777, queue:25.254864, delay:2.0721455, throughput:2634
SIM_TRAIN step:121, travel time:88.9874213836478, q_loss:4.155709, rewards:-3.3483338, queue:0.5492064, delay:0.052687697, throughput:2906
sim step:3600/3600
episode:121/200, sim_loss:4.155709
SIM_TRAIN step:122, travel time:85.3988745448527, q_loss:4.2314167, rewards:-3.200278, queue:0.49444443, delay:0.049345743, throughput:2901
sim step:3600/3600
episode:122/200, sim_loss:4.2314167
REAL_TEST step:122, travel time:134.0594418267488, q_loss:100, rewards:-22.169722, queue:24.677887, delay:2.0546415, throughput:2647
SIM_TRAIN step:123, travel time:128.97154202514892, q_loss:4.226401, rewards:-3.2883327, queue:0.5285714, delay:0.052218083, throughput:2827
sim step:3600/3600
episode:123/200, sim_loss:4.226401
SIM_TRAIN step:124, travel time:140.3424975157337, q_loss:4.3166013, rewards:-3.8275, queue:0.5738095, delay:0.056091134, throughput:2811
sim step:3600/3600
episode:124/200, sim_loss:4.3166013
REAL_TEST step:124, travel time:122.43299711815563, q_loss:100, rewards:-19.163609, queue:24.631271, delay:2.0772223, throughput:2660
SIM_TRAIN step:125, travel time:115.67572043723086, q_loss:4.3811584, rewards:-3.9261115, queue:0.5865079, delay:0.054619502, throughput:2857
sim step:3600/3600
episode:125/200, sim_loss:4.3811584
SIM_TRAIN step:126, travel time:114.2728476821192, q_loss:4.29152, rewards:-4.148612, queue:0.62142855, delay:0.056366283, throughput:2911
sim step:3600/3600
episode:126/200, sim_loss:4.29152
REAL_TEST step:126, travel time:121.23877980364657, q_loss:100, rewards:-19.529444, queue:24.751785, delay:2.0659144, throughput:2732
SIM_TRAIN step:127, travel time:134.39238410596028, q_loss:4.2944584, rewards:-3.445834, queue:0.52103174, delay:0.052545063, throughput:2801
sim step:3600/3600
episode:127/200, sim_loss:4.2944584
SIM_TRAIN step:128, travel time:74.49751573368665, q_loss:4.2853312, rewards:-2.9222221, queue:0.49960318, delay:0.049325798, throughput:2962
sim step:3600/3600
episode:128/200, sim_loss:4.2853312
REAL_TEST step:128, travel time:130.15657470440703, q_loss:100, rewards:-22.129726, queue:24.98897, delay:2.0494392, throughput:2684
SIM_TRAIN step:129, travel time:80.06450545815414, q_loss:4.2393894, rewards:-3.0750008, queue:0.50357145, delay:0.0495426, throughput:2924
sim step:3600/3600
episode:129/200, sim_loss:4.2393894
SIM_TRAIN step:130, travel time:71.79457492557063, q_loss:4.119157, rewards:-3.1011114, queue:0.5051587, delay:0.048539847, throughput:3012
sim step:3600/3600
episode:130/200, sim_loss:4.119157
REAL_TEST step:130, travel time:140.9063063063063, q_loss:100, rewards:-25.162497, queue:25.167032, delay:2.0993896, throughput:2645
SIM_TRAIN step:131, travel time:66.49139072847682, q_loss:4.116512, rewards:-3.006111, queue:0.5095238, delay:0.049224224, throughput:3012
sim step:3600/3600
episode:131/200, sim_loss:4.116512
SIM_TRAIN step:132, travel time:83.70927152317881, q_loss:3.992675, rewards:-3.1997223, queue:0.50476193, delay:0.051753215, throughput:2928
sim step:3600/3600
episode:132/200, sim_loss:3.992675
REAL_TEST step:132, travel time:142.85242862439748, q_loss:100, rewards:-25.709724, queue:25.560131, delay:2.098448, throughput:2567
SIM_TRAIN step:133, travel time:121.02183984116479, q_loss:4.1878533, rewards:-4.1819453, queue:0.6293651, delay:0.058531497, throughput:2919
sim step:3600/3600
episode:133/200, sim_loss:4.1878533
SIM_TRAIN step:134, travel time:95.81881417687975, q_loss:4.1550865, rewards:-3.903333, queue:0.6130952, delay:0.056157794, throughput:2975
sim step:3600/3600
episode:134/200, sim_loss:4.1550865
REAL_TEST step:134, travel time:130.90071942446042, q_loss:100, rewards:-22.161663, queue:25.050653, delay:2.1072671, throughput:2626
SIM_TRAIN step:135, travel time:80.5071215634316, q_loss:4.225993, rewards:-3.7616668, queue:0.6059524, delay:0.053451072, throughput:3006
sim step:3600/3600
episode:135/200, sim_loss:4.225993
SIM_TRAIN step:136, travel time:80.84276729559748, q_loss:4.2805676, rewards:-3.7202775, queue:0.6079365, delay:0.05413649, throughput:3012
sim step:3600/3600
episode:136/200, sim_loss:4.2805676
REAL_TEST step:136, travel time:133.13508709562745, q_loss:100, rewards:-21.82194, queue:25.141283, delay:2.072532, throughput:2667
SIM_TRAIN step:137, travel time:82.57535607817158, q_loss:4.2072096, rewards:-3.520833, queue:0.5384921, delay:0.05318291, throughput:2923
sim step:3600/3600
episode:137/200, sim_loss:4.2072096
SIM_TRAIN step:138, travel time:84.31733951025811, q_loss:4.211865, rewards:-3.401389, queue:0.5138889, delay:0.051001552, throughput:2915
sim step:3600/3600
episode:138/200, sim_loss:4.211865
REAL_TEST step:138, travel time:132.7338651196519, q_loss:100, rewards:-22.60056, queue:24.598736, delay:2.1046214, throughput:2634
SIM_TRAIN step:139, travel time:99.56920529801324, q_loss:4.2432227, rewards:-3.9897227, queue:0.5876984, delay:0.0562939, throughput:2909
sim step:3600/3600
episode:139/200, sim_loss:4.2432227
SIM_TRAIN step:140, travel time:102.93741721854305, q_loss:4.1218786, rewards:-3.9722223, queue:0.61904764, delay:0.055638548, throughput:2912
sim step:3600/3600
episode:140/200, sim_loss:4.1218786
REAL_TEST step:140, travel time:140.70118782479585, q_loss:100, rewards:-22.747776, queue:24.816162, delay:2.078268, throughput:2572
SIM_TRAIN step:141, travel time:107.14399205561072, q_loss:4.2688923, rewards:-4.135555, queue:0.63968253, delay:0.054308787, throughput:2994
sim step:3600/3600
episode:141/200, sim_loss:4.2688923
SIM_TRAIN step:142, travel time:86.30850711684873, q_loss:4.2138476, rewards:-3.2205567, queue:0.5, delay:0.051562622, throughput:2899
sim step:3600/3600
episode:142/200, sim_loss:4.2138476
REAL_TEST step:142, travel time:130.68694362017803, q_loss:100, rewards:-21.686943, queue:24.809351, delay:2.0904868, throughput:2581
SIM_TRAIN step:143, travel time:102.01754385964912, q_loss:4.111359, rewards:-3.1033325, queue:0.48015872, delay:0.050798543, throughput:2857
sim step:3600/3600
episode:143/200, sim_loss:4.111359
SIM_TRAIN step:144, travel time:83.70009930486594, q_loss:4.280061, rewards:-3.1338892, queue:0.4765873, delay:0.04834237, throughput:2907
sim step:3600/3600
episode:144/200, sim_loss:4.280061
REAL_TEST step:144, travel time:124.35109045405792, q_loss:100, rewards:-21.093607, queue:24.618671, delay:2.0750668, throughput:2688
SIM_TRAIN step:145, travel time:88.17670416942423, q_loss:4.2580223, rewards:-3.4133332, queue:0.50912696, delay:0.05028417, throughput:2899
sim step:3600/3600
episode:145/200, sim_loss:4.2580223
SIM_TRAIN step:146, travel time:77.6612582781457, q_loss:4.1543884, rewards:-2.8505554, queue:0.46626985, delay:0.048068292, throughput:3012
sim step:3600/3600
episode:146/200, sim_loss:4.1543884
REAL_TEST step:146, travel time:139.77133105802048, q_loss:100, rewards:-23.707502, queue:24.942402, delay:2.1129436, throughput:2512
SIM_TRAIN step:147, travel time:81.78907284768212, q_loss:4.0656652, rewards:-3.3436105, queue:0.5686508, delay:0.051773004, throughput:3012
sim step:3600/3600
episode:147/200, sim_loss:4.0656652
SIM_TRAIN step:148, travel time:81.4725165562914, q_loss:4.261654, rewards:-2.8263888, queue:0.44960317, delay:0.048546482, throughput:2922
sim step:3600/3600
episode:148/200, sim_loss:4.261654
REAL_TEST step:148, travel time:129.46341463414635, q_loss:100, rewards:-20.96861, queue:24.564142, delay:2.082006, throughput:2662
SIM_TRAIN step:149, travel time:80.52201257861635, q_loss:4.1560307, rewards:-2.9161105, queue:0.44325396, delay:0.048462488, throughput:2928
sim step:3600/3600
episode:149/200, sim_loss:4.1560307
SIM_TRAIN step:150, travel time:87.66622516556292, q_loss:4.1289916, rewards:-3.6783328, queue:0.56904763, delay:0.053340137, throughput:2924
sim step:3600/3600
episode:150/200, sim_loss:4.1289916
REAL_TEST step:150, travel time:121.13581984517946, q_loss:100, rewards:-20.57667, queue:24.418196, delay:2.0548348, throughput:2721
SIM_TRAIN step:151, travel time:118.18052335210335, q_loss:4.179854, rewards:-4.1783347, queue:0.6345238, delay:0.0575736, throughput:2910
sim step:3600/3600
episode:151/200, sim_loss:4.179854
SIM_TRAIN step:152, travel time:102.42223692918597, q_loss:4.1395264, rewards:-4.2136116, queue:0.65, delay:0.05572899, throughput:2906
sim step:3600/3600
episode:152/200, sim_loss:4.1395264
REAL_TEST step:152, travel time:128.27725201542236, q_loss:100, rewards:-21.87972, queue:24.780792, delay:2.1064067, throughput:2734
SIM_TRAIN step:153, travel time:79.08377483443708, q_loss:4.162044, rewards:-3.340833, queue:0.51626986, delay:0.05030428, throughput:2941
sim step:3600/3600
episode:153/200, sim_loss:4.162044
SIM_TRAIN step:154, travel time:78.56074147633234, q_loss:4.263592, rewards:-3.322222, queue:0.52380955, delay:0.05066454, throughput:3011
sim step:3600/3600
episode:154/200, sim_loss:4.263592
REAL_TEST step:154, travel time:132.26283441793203, q_loss:100, rewards:-21.253334, queue:24.310947, delay:2.090454, throughput:2640
SIM_TRAIN step:155, travel time:78.68807947019867, q_loss:4.2626452, rewards:-2.7872233, queue:0.4702381, delay:0.047135495, throughput:2956
sim step:3600/3600
episode:155/200, sim_loss:4.2626452
SIM_TRAIN step:156, travel time:144.3098311817279, q_loss:4.3056774, rewards:-4.36, queue:0.64484125, delay:0.05763987, throughput:2889
sim step:3600/3600
episode:156/200, sim_loss:4.3056774
REAL_TEST step:156, travel time:125.83549046321527, q_loss:100, rewards:-22.683613, queue:24.698444, delay:2.0993025, throughput:2817
SIM_TRAIN step:157, travel time:72.0225165562914, q_loss:4.3681865, rewards:-3.164444, queue:0.52301586, delay:0.049405493, throughput:3011
sim step:3600/3600
episode:157/200, sim_loss:4.3681865
SIM_TRAIN step:158, travel time:81.7856906260351, q_loss:4.3827105, rewards:-3.3625004, queue:0.54960316, delay:0.052016757, throughput:2974
sim step:3600/3600
episode:158/200, sim_loss:4.3827105
REAL_TEST step:158, travel time:131.92250530785563, q_loss:100, rewards:-25.210833, queue:24.921244, delay:2.073856, throughput:2707
SIM_TRAIN step:159, travel time:79.43958953988745, q_loss:4.238259, rewards:-3.2716665, queue:0.52698416, delay:0.051826905, throughput:2948
sim step:3600/3600
episode:159/200, sim_loss:4.238259
SIM_TRAIN step:160, travel time:87.34315998675058, q_loss:4.41769, rewards:-3.3827772, queue:0.53253967, delay:0.052093584, throughput:2917
sim step:3600/3600
episode:160/200, sim_loss:4.41769
REAL_TEST step:160, travel time:118.66135593220339, q_loss:100, rewards:-21.833057, queue:24.521656, delay:2.0760207, throughput:2835
SIM_TRAIN step:161, travel time:83.67030784508441, q_loss:4.462366, rewards:-2.8836114, queue:0.4956349, delay:0.049310446, throughput:2922
sim step:3600/3600
episode:161/200, sim_loss:4.462366
SIM_TRAIN step:162, travel time:82.2658060244952, q_loss:4.3035746, rewards:-2.9672215, queue:0.49960318, delay:0.049795512, throughput:2944
sim step:3600/3600
episode:162/200, sim_loss:4.3035746
REAL_TEST step:162, travel time:126.5682229460731, q_loss:100, rewards:-21.027773, queue:24.874512, delay:2.0590537, throughput:2635
SIM_TRAIN step:163, travel time:83.80993377483443, q_loss:4.2193017, rewards:-3.2688887, queue:0.5170635, delay:0.051210247, throughput:2929
sim step:3600/3600
episode:163/200, sim_loss:4.2193017
SIM_TRAIN step:164, travel time:73.57350993377483, q_loss:4.261477, rewards:-3.2088895, queue:0.56150794, delay:0.052709978, throughput:2989
sim step:3600/3600
episode:164/200, sim_loss:4.261477
REAL_TEST step:164, travel time:113.40361445783132, q_loss:100, rewards:-21.557222, queue:24.79122, delay:2.1011448, throughput:2875
SIM_TRAIN step:165, travel time:83.9933796756041, q_loss:4.257031, rewards:-3.0049992, queue:0.49444443, delay:0.049096916, throughput:2912
sim step:3600/3600
episode:165/200, sim_loss:4.257031
SIM_TRAIN step:166, travel time:108.72980132450331, q_loss:4.2315717, rewards:-3.9216661, queue:0.5996032, delay:0.054672338, throughput:2934
sim step:3600/3600
episode:166/200, sim_loss:4.2315717
REAL_TEST step:166, travel time:123.337752965806, q_loss:100, rewards:-21.78, queue:24.795778, delay:2.0856621, throughput:2728
SIM_TRAIN step:167, travel time:99.37106918238993, q_loss:4.255566, rewards:-3.8400004, queue:0.62222224, delay:0.05496149, throughput:2989
sim step:3600/3600
episode:167/200, sim_loss:4.255566
SIM_TRAIN step:168, travel time:79.50446871896723, q_loss:4.2115874, rewards:-2.9852777, queue:0.51666665, delay:0.05006639, throughput:3003
sim step:3600/3600
episode:168/200, sim_loss:4.2115874
REAL_TEST step:168, travel time:129.14320557491288, q_loss:100, rewards:-23.830282, queue:25.23986, delay:2.0628853, throughput:2709
SIM_TRAIN step:169, travel time:71.10393909301555, q_loss:4.2919016, rewards:-2.880277, queue:0.50238097, delay:0.049031768, throughput:3011
sim step:3600/3600
episode:169/200, sim_loss:4.2919016
SIM_TRAIN step:170, travel time:80.28666004634228, q_loss:4.342957, rewards:-3.0180554, queue:0.48531747, delay:0.049155526, throughput:2928
sim step:3600/3600
episode:170/200, sim_loss:4.342957
REAL_TEST step:170, travel time:125.68167202572347, q_loss:100, rewards:-20.59222, queue:24.47185, delay:2.0668046, throughput:2673
SIM_TRAIN step:171, travel time:117.55761589403974, q_loss:4.2503777, rewards:-4.2938886, queue:0.64047617, delay:0.05742787, throughput:2910
sim step:3600/3600
episode:171/200, sim_loss:4.2503777
SIM_TRAIN step:172, travel time:113.43126863199736, q_loss:4.300463, rewards:-3.8761117, queue:0.5968254, delay:0.055396132, throughput:2897
sim step:3600/3600
episode:172/200, sim_loss:4.300463
REAL_TEST step:172, travel time:133.62558558558558, q_loss:100, rewards:-21.397505, queue:24.879692, delay:2.095872, throughput:2648
SIM_TRAIN step:173, travel time:111.25636784651009, q_loss:4.219112, rewards:-3.625556, queue:0.5420635, delay:0.05264878, throughput:2916
sim step:3600/3600
episode:173/200, sim_loss:4.219112
SIM_TRAIN step:174, travel time:87.06591586618086, q_loss:4.185153, rewards:-3.6308331, queue:0.5686508, delay:0.052678414, throughput:2903
sim step:3600/3600
episode:174/200, sim_loss:4.185153
REAL_TEST step:174, travel time:124.87743535246192, q_loss:100, rewards:-20.415558, queue:24.484205, delay:2.069411, throughput:2704
SIM_TRAIN step:175, travel time:85.7480132450331, q_loss:4.2952375, rewards:-3.2486112, queue:0.5472222, delay:0.051537335, throughput:2912
sim step:3600/3600
episode:175/200, sim_loss:4.2952375
SIM_TRAIN step:176, travel time:83.0572468563865, q_loss:4.3027425, rewards:-3.2258322, queue:0.5170635, delay:0.052014656, throughput:2914
sim step:3600/3600
episode:176/200, sim_loss:4.3027425
REAL_TEST step:176, travel time:127.82995658465991, q_loss:100, rewards:-21.60389, queue:24.729631, delay:2.0305912, throughput:2643
SIM_TRAIN step:177, travel time:85.81839232550446, q_loss:4.3530855, rewards:-3.227221, queue:0.534127, delay:0.051388696, throughput:2915
sim step:3600/3600
episode:177/200, sim_loss:4.3530855
SIM_TRAIN step:178, travel time:81.19033432638199, q_loss:4.298945, rewards:-3.068612, queue:0.4781746, delay:0.049401935, throughput:2919
sim step:3600/3600
episode:178/200, sim_loss:4.298945
REAL_TEST step:178, travel time:125.74551446356647, q_loss:100, rewards:-21.165554, queue:24.762623, delay:2.1042895, throughput:2619
SIM_TRAIN step:179, travel time:83.48178807947019, q_loss:4.1323624, rewards:-3.1263888, queue:0.490873, delay:0.050562438, throughput:2918
sim step:3600/3600
episode:179/200, sim_loss:4.1323624
SIM_TRAIN step:180, travel time:85.68996356409407, q_loss:4.0670643, rewards:-2.9636102, queue:0.465873, delay:0.049862128, throughput:2898
sim step:3600/3600
episode:180/200, sim_loss:4.0670643
REAL_TEST step:180, travel time:121.66056034482759, q_loss:100, rewards:-19.76472, queue:24.409515, delay:2.041089, throughput:2663
SIM_TRAIN step:181, travel time:103.98840675720437, q_loss:4.122747, rewards:-3.7177784, queue:0.5484127, delay:0.05320914, throughput:2901
sim step:3600/3600
episode:181/200, sim_loss:4.122747
SIM_TRAIN step:182, travel time:88.8682119205298, q_loss:4.141059, rewards:-3.5561106, queue:0.5392857, delay:0.05373153, throughput:2900
sim step:3600/3600
episode:182/200, sim_loss:4.141059
REAL_TEST step:182, travel time:130.2661921708185, q_loss:100, rewards:-23.46861, queue:25.538494, delay:2.0669303, throughput:2673
SIM_TRAIN step:183, travel time:85.58807947019868, q_loss:4.0892806, rewards:-3.3136122, queue:0.50555557, delay:0.05113707, throughput:2920
sim step:3600/3600
episode:183/200, sim_loss:4.0892806
SIM_TRAIN step:184, travel time:87.88186631369953, q_loss:4.183286, rewards:-3.6338897, queue:0.6079365, delay:0.05465216, throughput:2916
sim step:3600/3600
episode:184/200, sim_loss:4.183286
REAL_TEST step:184, travel time:119.5660830758668, q_loss:100, rewards:-21.602781, queue:24.593775, delay:2.061879, throughput:2799
SIM_TRAIN step:185, travel time:88.49155908639523, q_loss:4.184232, rewards:-3.7083323, queue:0.6015873, delay:0.05509379, throughput:3007
sim step:3600/3600
episode:185/200, sim_loss:4.184232
SIM_TRAIN step:186, travel time:64.22317880794702, q_loss:4.288321, rewards:-2.815, queue:0.46547619, delay:0.0462057, throughput:3012
sim step:3600/3600
episode:186/200, sim_loss:4.288321
REAL_TEST step:186, travel time:135.91628399858706, q_loss:100, rewards:-22.398333, queue:26.438976, delay:2.0535984, throughput:2602
SIM_TRAIN step:187, travel time:89.2933774834437, q_loss:4.31253, rewards:-3.793889, queue:0.58690476, delay:0.052446146, throughput:2986
sim step:3600/3600
episode:187/200, sim_loss:4.31253
SIM_TRAIN step:188, travel time:93.15282831624215, q_loss:4.1831017, rewards:-3.8975005, queue:0.57738096, delay:0.05498484, throughput:2915
sim step:3600/3600
episode:188/200, sim_loss:4.1831017
REAL_TEST step:188, travel time:125.20437698552772, q_loss:100, rewards:-21.116667, queue:24.539297, delay:2.094199, throughput:2701
SIM_TRAIN step:189, travel time:103.54202514890801, q_loss:4.2754455, rewards:-3.883334, queue:0.5738095, delay:0.053270843, throughput:2932
sim step:3600/3600
episode:189/200, sim_loss:4.2754455
SIM_TRAIN step:190, travel time:86.07982775753561, q_loss:4.267514, rewards:-3.3888888, queue:0.51349205, delay:0.051125742, throughput:2946
sim step:3600/3600
episode:190/200, sim_loss:4.267514
REAL_TEST step:190, travel time:109.7790110998991, q_loss:100, rewards:-20.93917, queue:24.632608, delay:2.0567114, throughput:2876
SIM_TRAIN step:191, travel time:70.00860072775389, q_loss:4.290758, rewards:-3.1658323, queue:0.51349205, delay:0.05073818, throughput:3012
sim step:3600/3600
episode:191/200, sim_loss:4.290758
SIM_TRAIN step:192, travel time:118.17279046673286, q_loss:4.2817287, rewards:-4.1355557, queue:0.62738097, delay:0.05531551, throughput:2967
sim step:3600/3600
episode:192/200, sim_loss:4.2817287
REAL_TEST step:192, travel time:113.4691231661549, q_loss:100, rewards:-19.824997, queue:24.761913, delay:2.0669236, throughput:2814
SIM_TRAIN step:193, travel time:68.59523020867837, q_loss:4.311527, rewards:-3.1224997, queue:0.49920633, delay:0.048970114, throughput:3011
sim step:3600/3600
episode:193/200, sim_loss:4.311527
SIM_TRAIN step:194, travel time:87.42251655629138, q_loss:4.349782, rewards:-3.134445, queue:0.51785713, delay:0.049872376, throughput:2897
sim step:3600/3600
episode:194/200, sim_loss:4.349782
REAL_TEST step:194, travel time:132.26545723805998, q_loss:100, rewards:-21.721941, queue:24.811901, delay:2.0580058, throughput:2571
SIM_TRAIN step:195, travel time:126.10202053660153, q_loss:4.3917155, rewards:-3.470278, queue:0.5619048, delay:0.053288598, throughput:2833
sim step:3600/3600
episode:195/200, sim_loss:4.3917155
SIM_TRAIN step:196, travel time:114.44668874172186, q_loss:4.419239, rewards:-3.5400007, queue:0.52738094, delay:0.053648274, throughput:2906
sim step:3600/3600
episode:196/200, sim_loss:4.419239
REAL_TEST step:196, travel time:133.06664290805418, q_loss:100, rewards:-23.002224, queue:24.796019, delay:2.116263, throughput:2680
SIM_TRAIN step:197, travel time:119.98741721854304, q_loss:4.500435, rewards:-3.660834, queue:0.5587302, delay:0.0536911, throughput:2900
sim step:3600/3600
episode:197/200, sim_loss:4.500435
SIM_TRAIN step:198, travel time:119.09771447499172, q_loss:4.449076, rewards:-4.253055, queue:0.60952383, delay:0.056355212, throughput:2901
sim step:3600/3600
episode:198/200, sim_loss:4.449076
REAL_TEST step:198, travel time:126.60232220609579, q_loss:100, rewards:-20.84, queue:24.968184, delay:2.0808842, throughput:2609
SIM_TRAIN step:199, travel time:100.03908578999669, q_loss:4.4001675, rewards:-4.036666, queue:0.5952381, delay:0.055680387, throughput:2914
sim step:3600/3600
episode:199/200, sim_loss:4.4001675
Total time taken: 8958.609188318253
