exp_name	mode	step	travel_time	loss	rewards	queue	delay	throughput	train_reward	R_real	components	detail	fairness	emission	fuel	emergency_stops	ssm_conflicts	collisions	phi_raw
bullhead_1_efficiency_aligned_dqn_reward_inference	SIM_TRAIN	0	156.3	0.0	-20.33	15.54	0.69	1396	-0.17	0.0000			1042.0000						
bullhead_1_efficiency_aligned_dqn_reward_inference	SIM_TRAIN	1	125.8	0.0	-8.39	4.69	0.66	1398	-0.07	0.0000			247.0000						
bullhead_1_efficiency_aligned_dqn_reward_inference	SIM_TRAIN	2	122.1	0.0	-4.75	3.12	0.54	1397	-0.04	0.0000			214.0000						
bullhead_1_efficiency_aligned_dqn_reward_inference	REAL_TRAIN	1	923.0	100.0	-276.30	255.65	0.86	715		-160.1319	queue=2.3067;delay=0.8551;waiting=156.9701;pressure=0.0;switches=0.0	probe[queue]	1.0000	1617.9384	524.5254	0.0000	362.0000	0.0000	queue=23.0669;delay=0.8551;waiting=31394.0262;pressure=271.4861;switches=0.0056
bullhead_1_efficiency_aligned_dqn_reward_inference	SIM_TRAIN	3	830.0	0.1	-223.78	222.80	0.59	889	-0.59	0.0000			217.0000						
bullhead_1_efficiency_aligned_dqn_reward_inference	SIM_TRAIN	4	855.2	0.0	-195.56	193.83	0.61	836	-0.61	0.0000			250.0000						
bullhead_1_efficiency_aligned_dqn_reward_inference	SIM_TRAIN	5	630.0	0.0	-194.53	185.38	0.78	1201	-0.78	0.0000			632.0000						
bullhead_1_efficiency_aligned_dqn_reward_inference	REAL_TRAIN	2	2194.3	100.0	-457.51	449.18	0.75	115		-256.6451	queue=3.8196;delay=0.7454;waiting=252.0801;pressure=0.0;switches=0.0	probe[delay]	59.0000	2532.6863	821.0826	1.0000	640.0000	0.0000	queue=38.1956;delay=0.7454;waiting=50416.0266;pressure=456.9556;switches=0.0833
bullhead_1_efficiency_aligned_dqn_reward_inference	SIM_TRAIN	6	934.8	11.7	-258.45	253.42	0.72	885	-14.88	0.0000			145.0000						
bullhead_1_efficiency_aligned_dqn_reward_inference	SIM_TRAIN	7	184.4	6.5	-37.21	21.48	0.78	1377	-5.03	0.0000			290.0000						
bullhead_1_efficiency_aligned_dqn_reward_inference	SIM_TRAIN	8	148.9	4.9	-17.81	13.24	0.71	1391	-0.74	0.0000			777.0000						
bullhead_1_efficiency_aligned_dqn_reward_inference	REAL_TRAIN	3	239.1	100.0	-65.43	46.11	0.90	1271		-30.1177	queue=0.5476;delay=0.9025;waiting=28.6675;pressure=0.0;switches=0.0	probe[waiting]	700.0000	604.5562	195.9913	8.0000	737.0000	0.0000	queue=5.4764;delay=0.9025;waiting=5733.4965;pressure=70.1306;switches=0.4972
bullhead_1_efficiency_aligned_dqn_reward_inference	SIM_TRAIN	9	931.8	44.9	-249.52	246.14	0.67	674	-26.19	0.0000			448.0000						
bullhead_1_efficiency_aligned_dqn_reward_inference	SIM_TRAIN	10	248.3	3.8	-54.16	31.74	0.89	1286	-3.46	0.0000			1011.0000						
bullhead_1_efficiency_aligned_dqn_reward_inference	SIM_TRAIN	11	223.0	1.4	-45.49	22.55	0.89	1331	-2.53	0.0000			1029.0000						
bullhead_1_efficiency_aligned_dqn_reward_inference	REAL_TRAIN	4	193.7	100.0	-48.11	26.83	0.81	1258		-26.1776	queue=0.4018;delay=0.8079;waiting=24.9679;pressure=0.0;switches=0.0	probe[pressure]	712.0000	491.8618	159.4565	2.0000	540.0000	0.0000	queue=4.0178;delay=0.8079;waiting=4993.5792;pressure=50.6;switches=0.4972
bullhead_1_efficiency_aligned_dqn_reward_inference	SIM_TRAIN	12	824.9	0.0	-241.48	234.92	0.75	706	-0.57	0.0000			495.0000						
bullhead_1_efficiency_aligned_dqn_reward_inference	SIM_TRAIN	13	1490.4	0.0	-368.48	359.76	0.74	220	-0.28	0.0000			210.0000						
bullhead_1_efficiency_aligned_dqn_reward_inference	SIM_TRAIN	14	1522.5	0.0	-380.35	368.85	0.75	233	-0.20	0.0000			183.0000						
bullhead_1_efficiency_aligned_dqn_reward_inference	REAL_TRAIN	5	2696.2	100.0	-495.01	475.01	0.98	3		-296.9015	queue=4.1322;delay=0.983;waiting=291.7864;pressure=0.0;switches=0.0	probe[switches]	3.0000	2652.6936	859.9885	0.0000	631.0000	0.0000	queue=41.3218;delay=0.983;waiting=58357.2713;pressure=481.7333;switches=0.0083
bullhead_1_efficiency_aligned_dqn_reward_inference	SIM_TRAIN	15	786.6	0.1	-218.76	213.43	0.76	1398	-1.82	0.0000			770.0000						
bullhead_1_efficiency_aligned_dqn_reward_inference	SIM_TRAIN	16	179.7	0.0	-36.80	23.51	0.81	1374	-0.30	0.0000			815.0000						
bullhead_1_efficiency_aligned_dqn_reward_inference	SIM_TRAIN	17	196.4	0.0	-43.61	27.01	0.83	1384	-0.36	0.0000			224.0000						
bullhead_1_efficiency_aligned_dqn_reward_inference	REAL_TRAIN	6	196.0	100.0	-47.87	31.14	0.83	1331		-5.8233	queue=0.3998;delay=0.8329;waiting=4.5906;pressure=0.0;switches=0.0	probe[queue]	514.0000	523.5757	169.7378	2.0000	625.0000	0.0000	queue=3.9981;delay=0.8329;waiting=918.1192;pressure=54.7944;switches=0.3583
bullhead_1_efficiency_aligned_dqn_reward_inference	SIM_TRAIN	18	717.6	0.0	-198.85	197.39	0.61	1043	-0.61	0.0000			50.0000						
bullhead_1_efficiency_aligned_dqn_reward_inference	SIM_TRAIN	19	384.5	0.0	-102.49	92.93	0.74	1365	-0.74	0.0000			1067.0000						
bullhead_1_efficiency_aligned_dqn_reward_inference	SIM_TRAIN	20	564.3	0.0	-165.62	164.86	0.56	1154	-0.56	0.0000			252.0000						
bullhead_1_efficiency_aligned_dqn_reward_inference	REAL_TRAIN	7	2679.2	100.0	-495.39	475.63	0.98	5		-296.0400	queue=4.1351;delay=0.9779;waiting=290.927;pressure=0.0;switches=0.0	probe[delay]	3.0000	2656.5340	861.2335	0.0000	634.0000	0.0000	queue=41.3514;delay=0.9779;waiting=58185.3919;pressure=482.4167;switches=0.0444
bullhead_1_efficiency_aligned_dqn_reward_inference	SIM_TRAIN	21	395.6	8.0	-97.93	92.07	0.73	1375	-6.54	0.0000			977.0000						
bullhead_1_efficiency_aligned_dqn_reward_inference	SIM_TRAIN	22	202.3	4.0	-43.17	22.84	0.88	1371	-5.53	0.0000			818.0000						
bullhead_1_efficiency_aligned_dqn_reward_inference	SIM_TRAIN	23	176.3	3.2	-30.24	23.09	0.72	1397	-2.04	0.0000			1029.0000						
bullhead_1_efficiency_aligned_dqn_reward_inference	REAL_TRAIN	8	2291.2	100.0	-465.26	445.06	0.98	70		-263.4478	queue=3.8843;delay=0.9828;waiting=258.5807;pressure=0.0;switches=0.0	probe[waiting]	39.0000	2506.0482	812.4468	0.0000	643.0000	0.0000	queue=38.8433;delay=0.9828;waiting=51716.1329;pressure=453.0111;switches=0.0306
bullhead_1_efficiency_aligned_dqn_reward_inference	SIM_TRAIN	24	707.8	15.6	-177.23	174.46	0.68	780	-18.77	0.0000			226.0000						
bullhead_1_efficiency_aligned_dqn_reward_inference	SIM_TRAIN	25	231.3	1.6	-48.01	24.56	0.88	1319	-2.73	0.0000			1035.0000						
bullhead_1_efficiency_aligned_dqn_reward_inference	SIM_TRAIN	26	209.1	0.9	-41.73	18.00	0.89	1332	-2.07	0.0000			1066.0000						
bullhead_1_efficiency_aligned_dqn_reward_inference	REAL_TRAIN	9	215.5	100.0	-56.46	35.04	0.82	1255		-26.8775	queue=0.4702;delay=0.824;waiting=25.5833;pressure=0.0;switches=0.0	probe[pressure]	696.0000	538.3366	174.5232	0.0000	719.0000	0.0000	queue=4.7021;delay=0.824;waiting=5116.665;pressure=58.7278;switches=0.4694
bullhead_1_efficiency_aligned_dqn_reward_inference	SIM_TRAIN	27	954.4	0.0	-238.84	234.48	0.69	788	-0.61	0.0000			699.0000						
bullhead_1_efficiency_aligned_dqn_reward_inference	SIM_TRAIN	28	1361.4	0.0	-338.73	318.50	0.91	372	-0.23	0.0000			360.0000						
bullhead_1_efficiency_aligned_dqn_reward_inference	SIM_TRAIN	29	1433.6	0.0	-350.18	327.51	0.93	249	-0.17	0.0000			238.0000						
bullhead_1_efficiency_aligned_dqn_reward_inference	REAL_TRAIN	10	2521.1	100.0	-479.51	470.43	0.76	46		-285.2957	queue=4.0027;delay=0.7602;waiting=280.5327;pressure=0.0;switches=0.0	probe[switches]	1.0000	2632.9736	853.5953	0.0000	628.0000	0.0000	queue=40.0273;delay=0.7602;waiting=56106.5417;pressure=477.2611;switches=0.0056
bullhead_1_efficiency_aligned_dqn_reward_inference	SIM_TRAIN	30	315.6	0.0	-77.89	72.49	0.68	1387	-0.65	0.0000			1045.0000						
bullhead_1_efficiency_aligned_dqn_reward_inference	SIM_TRAIN	31	157.5	0.0	-27.69	14.66	0.79	1381	-0.23	0.0000			773.0000						
bullhead_1_efficiency_aligned_dqn_reward_inference	SIM_TRAIN	32	137.6	0.0	-16.10	9.29	0.71	1391	-0.13	0.0000			1042.0000						
bullhead_1_efficiency_aligned_dqn_reward_inference	REAL_TRAIN	11	199.5	100.0	-44.20	30.98	0.77	1295		-18.0260	queue=0.3695;delay=0.7721;waiting=16.8843;pressure=0.0;switches=0.0	probe[queue]	717.0000	513.8095	166.5719	0.0000	167.0000	0.0000	queue=3.6954;delay=0.7721;waiting=3376.8699;pressure=54.5639;switches=0.2139
bullhead_1_efficiency_aligned_dqn_reward_inference	SIM_TRAIN	33	591.5	0.0	-175.14	172.94	0.64	1010	-0.64	0.0000			504.0000						
bullhead_1_efficiency_aligned_dqn_reward_inference	SIM_TRAIN	34	408.6	0.0	-114.52	107.67	0.75	1358	-0.75	0.0000			1029.0000						
bullhead_1_efficiency_aligned_dqn_reward_inference	SIM_TRAIN	35	226.8	0.0	-45.06	41.30	0.65	1357	-0.65	0.0000			212.0000						
bullhead_1_efficiency_aligned_dqn_reward_inference	REAL_TRAIN	12	921.9	100.0	-275.96	255.59	0.86	716		-159.5366	queue=2.3039;delay=0.8568;waiting=156.3759;pressure=0.0;switches=0.0	probe[delay]	2.0000	1617.4652	524.3720	0.0000	374.0000	0.0000	queue=23.0389;delay=0.8568;waiting=31275.1817;pressure=271.4222;switches=0.0222
bullhead_1_efficiency_aligned_dqn_reward_inference	SIM_TRAIN	36	543.0	3.6	-144.43	141.47	0.66	1208	-7.44	0.0000			662.0000						
bullhead_1_efficiency_aligned_dqn_reward_inference	SIM_TRAIN	37	211.8	4.0	-48.24	35.60	0.82	1393	-3.95	0.0000			812.0000						
bullhead_1_efficiency_aligned_dqn_reward_inference	SIM_TRAIN	38	195.8	2.8	-36.97	31.00	0.72	1371	-2.60	0.0000			280.0000						
bullhead_1_efficiency_aligned_dqn_reward_inference	REAL_TRAIN	13	2329.3	100.0	-471.66	452.61	0.97	71		-267.7142	queue=3.9375;delay=0.9711;waiting=262.8056;pressure=0.0;switches=0.0	probe[waiting]	65.0000	2547.5256	825.8935	0.0000	667.0000	0.0000	queue=39.3755;delay=0.9711;waiting=52561.1185;pressure=460.3944;switches=0.0472
bullhead_1_efficiency_aligned_dqn_reward_inference	SIM_TRAIN	39	868.6	27.9	-232.69	229.98	0.64	745	-24.72	0.0000			586.0000						
bullhead_1_efficiency_aligned_dqn_reward_inference	SIM_TRAIN	40	248.8	2.9	-60.60	42.47	0.87	1325	-4.57	0.0000			1031.0000						
bullhead_1_efficiency_aligned_dqn_reward_inference	SIM_TRAIN	41	225.1	1.4	-48.75	24.96	0.89	1331	-2.76	0.0000			802.0000						
bullhead_1_efficiency_aligned_dqn_reward_inference	REAL_TRAIN	14	217.1	100.0	-57.22	35.99	0.82	1234		-35.2722	queue=0.4781;delay=0.8177;waiting=33.9764;pressure=0.0;switches=0.0	probe[pressure]	528.0000	534.2661	173.2039	0.0000	146.0000	0.0000	queue=4.7812;delay=0.8177;waiting=6795.2729;pressure=59.5389;switches=0.2833
bullhead_1_efficiency_aligned_dqn_reward_inference	SIM_TRAIN	42	642.3	0.0	-145.86	138.62	0.80	912	-0.51	0.0000			801.0000						
bullhead_1_efficiency_aligned_dqn_reward_inference	SIM_TRAIN	43	283.5	0.0	-68.66	44.04	0.90	1284	-0.16	0.0000			1002.0000						
bullhead_1_efficiency_aligned_dqn_reward_inference	SIM_TRAIN	44	474.8	0.0	-128.09	105.25	0.90	960	-0.14	0.0000			571.0000						
bullhead_1_efficiency_aligned_dqn_reward_inference	REAL_TRAIN	15	292.1	100.0	-85.50	64.28	0.81	1172		-51.5311	queue=0.7139;delay=0.8137;waiting=50.0035;pressure=0.0;switches=0.0	probe[switches]	661.0000	684.0737	221.7708	0.0000	115.0000	0.0000	queue=7.1391;delay=0.8137;waiting=10000.6977;pressure=87.4056;switches=0.0028
bullhead_1_efficiency_aligned_dqn_reward_inference	REAL_TRAIN	0	127.3	100.0	-5.08	3.98	0.53	1374		-0.7223	queue=0.0461;delay=0.5332;waiting=0.143;pressure=0.0;switches=0.0	final;warmstart	682.0000	373.7379	121.1614	5.0000	174.0000	0.0000	queue=0.4611;delay=0.5332;waiting=28.6012;pressure=27.975;switches=0.4194
bullhead_1_efficiency_aligned_dqn_reward_inference	SIM_TRAIN	45	125.1	0.0	-5.14	4.05	0.49	1399	-0.56	0.0000			0.0000						
bullhead_1_efficiency_aligned_dqn_reward_inference	SIM_TRAIN	46	127.1	0.0	-5.97	4.72	0.50	1396	-0.59	0.0000			230.0000						
bullhead_1_efficiency_aligned_dqn_reward_inference	REAL_TRAIN	2	127.3	100.0	-5.08	3.98	0.53	1374		-0.7223	queue=0.0461;delay=0.5332;waiting=0.143;pressure=0.0;switches=0.0	final;ckpt	682.0000	373.7379	121.1614	5.0000	174.0000	0.0000	queue=0.4611;delay=0.5332;waiting=28.6012;pressure=27.975;switches=0.4194
bullhead_1_efficiency_aligned_dqn_reward_inference	SIM_TRAIN	47	126.0	1.8	-5.53	4.37	0.48	1395	-0.56	0.0000			0.0000						
bullhead_1_efficiency_aligned_dqn_reward_inference	SIM_TRAIN	48	200.6	0.7	-35.65	31.19	0.65	1379	-1.91	0.0000			241.0000						
bullhead_1_efficiency_aligned_dqn_reward_inference	REAL_TRAIN	4	264.5	100.0	-70.55	56.89	0.74	1224		-33.4663	queue=0.5907;delay=0.7416;waiting=32.134;pressure=0.0;switches=0.0	final;ckpt	654.0000	649.7956	210.6579	0.0000	156.0000	0.0000	queue=5.9074;delay=0.7416;waiting=6426.8007;pressure=80.1222;switches=0.1361
bullhead_1_efficiency_aligned_dqn_reward_inference	SIM_TRAIN	49	125.1	0.2	-5.33	4.16	0.49	1399	-0.61	0.0000			0.0000						
bullhead_1_efficiency_aligned_dqn_reward_inference	SIM_TRAIN	50	125.7	0.2	-5.76	4.16	0.52	1400	-0.60	0.0000			0.0000						
bullhead_1_efficiency_aligned_dqn_reward_inference	REAL_TRAIN	6	155.0	100.0	-22.21	14.32	0.75	1366		-2.2655	queue=0.1881;delay=0.7453;waiting=1.3321;pressure=0.0;switches=0.0	final;ckpt	153.0000	438.0376	142.0069	11.0000	614.0000	0.0000	queue=1.8815;delay=0.7453;waiting=266.4264;pressure=38.6806;switches=0.75
bullhead_1_efficiency_aligned_dqn_reward_inference	SIM_TRAIN	51	122.0	0.1	-4.00	2.89	0.48	1397	-0.53	0.0000			274.0000						
bullhead_1_efficiency_aligned_dqn_reward_inference	SIM_TRAIN	52	122.8	0.1	-4.11	3.14	0.47	1399	-0.52	0.0000			0.0000						
bullhead_1_efficiency_aligned_dqn_reward_inference	REAL_TRAIN	8	133.4	100.0	-8.11	6.06	0.58	1369		-0.8173	queue=0.0738;delay=0.5808;waiting=0.1627;pressure=0.0;switches=0.0	final;ckpt	154.0000	389.4911	126.2684	11.0000	360.0000	1.0000	queue=0.7384;delay=0.5808;waiting=32.531;pressure=30.3417;switches=0.8694
bullhead_1_efficiency_aligned_dqn_reward_inference	SIM_TRAIN	53	122.7	0.1	-3.88	3.13	0.45	1388	-0.49	0.0000			232.0000						
bullhead_1_efficiency_aligned_dqn_reward_inference	SIM_TRAIN	54	123.0	0.0	-4.15	3.28	0.46	1399	-0.52	0.0000			0.0000						
bullhead_1_efficiency_aligned_dqn_reward_inference	REAL_TRAIN	10	136.0	100.0	-11.47	7.39	0.69	1371		-1.1362	queue=0.0991;delay=0.687;waiting=0.3501;pressure=0.0;switches=0.0	final;ckpt	681.0000	393.1520	127.4553	7.0000	246.0000	0.0000	queue=0.9905;delay=0.687;waiting=70.0171;pressure=31.3528;switches=0.4194
bullhead_1_efficiency_aligned_dqn_reward_inference	SIM_TRAIN	55	122.2	0.0	-3.70	2.95	0.45	1398	-0.49	0.0000			0.0000						
bullhead_1_efficiency_aligned_dqn_reward_inference	SIM_TRAIN	56	121.4	0.0	-3.42	2.73	0.44	1392	-0.48	0.0000			251.0000						
bullhead_1_efficiency_aligned_dqn_reward_inference	REAL_TRAIN	12	135.5	100.0	-11.12	7.03	0.66	1374		-1.0501	queue=0.0966;delay=0.6572;waiting=0.2964;pressure=0.0;switches=0.0	final;ckpt	682.0000	393.3950	127.5340	7.0000	402.0000	0.0000	queue=0.9657;delay=0.6572;waiting=59.2734;pressure=31.1028;switches=0.4944
bullhead_1_efficiency_aligned_dqn_reward_inference	SIM_TRAIN	57	122.7	0.0	-3.93	3.17	0.45	1400	-0.50	0.0000			0.0000						
bullhead_1_efficiency_aligned_dqn_reward_inference	SIM_TRAIN	58	121.7	0.0	-3.45	2.83	0.44	1397	-0.48	0.0000			246.0000						
bullhead_1_efficiency_aligned_dqn_reward_inference	REAL_TRAIN	14	2684.1	100.0	-496.01	475.80	0.99	4		-297.0175	queue=4.1405;delay=0.9906;waiting=291.8864;pressure=0.0;switches=0.0	final;ckpt	2.0000	2657.4185	861.5203	0.0000	634.0000	0.0000	queue=41.4053;delay=0.9906;waiting=58377.2863;pressure=482.5722;switches=0.0083
bullhead_1_efficiency_aligned_dqn_reward_inference	SIM_TRAIN	59	121.7	0.0	-3.40	2.76	0.43	1397	-0.47	0.0000			234.0000						
bullhead_1_efficiency_aligned_dqn_reward_inference	SIM_TRAIN	60	122.3	0.0	-3.59	3.01	0.44	1397	-0.48	0.0000			251.0000						
bullhead_1_efficiency_aligned_dqn_reward_inference	REAL_TRAIN	16	2684.1	100.0	-496.01	475.80	0.99	4		-297.0175	queue=4.1405;delay=0.9906;waiting=291.8864;pressure=0.0;switches=0.0	final;ckpt	2.0000	2657.4185	861.5203	0.0000	634.0000	0.0000	queue=41.4053;delay=0.9906;waiting=58377.2863;pressure=482.5722;switches=0.0083
bullhead_1_efficiency_aligned_dqn_reward_inference	SIM_TRAIN	61	121.5	0.0	-3.29	2.67	0.44	1398	-0.47	0.0000			272.0000						
bullhead_1_efficiency_aligned_dqn_reward_inference	SIM_TRAIN	62	122.7	0.0	-3.78	3.17	0.44	1398	-0.49	0.0000			0.0000						
bullhead_1_efficiency_aligned_dqn_reward_inference	REAL_TRAIN	18	2684.1	100.0	-496.00	475.78	0.99	4		-297.0113	queue=4.1403;delay=0.9905;waiting=291.8805;pressure=0.0;switches=0.0	final;ckpt	2.0000	2657.4356	861.5258	0.0000	633.0000	0.0000	queue=41.4032;delay=0.9905;waiting=58376.0944;pressure=482.5667;switches=0.0083
bullhead_1_efficiency_aligned_dqn_reward_inference	SIM_TRAIN	63	122.5	0.0	-3.71	3.12	0.44	1398	-0.48	0.0000			0.0000						
bullhead_1_efficiency_aligned_dqn_reward_inference	SIM_TRAIN	64	122.9	0.0	-3.84	3.22	0.43	1399	-0.48	0.0000			0.0000						
bullhead_1_efficiency_aligned_dqn_reward_inference	REAL_TRAIN	20	2684.1	100.0	-496.00	475.78	0.99	4		-297.0113	queue=4.1403;delay=0.9905;waiting=291.8805;pressure=0.0;switches=0.0	final;ckpt	2.0000	2657.4356	861.5258	0.0000	633.0000	0.0000	queue=41.4032;delay=0.9905;waiting=58376.0944;pressure=482.5667;switches=0.0083
bullhead_1_efficiency_aligned_dqn_reward_inference	SIM_TRAIN	65	121.2	0.0	-3.23	2.65	0.43	1399	-0.47	0.0000			0.0000						
bullhead_1_efficiency_aligned_dqn_reward_inference	SIM_TRAIN	66	123.1	0.0	-3.91	3.22	0.44	1398	-0.48	0.0000			0.0000						
bullhead_1_efficiency_aligned_dqn_reward_inference	REAL_TRAIN	22	2684.1	100.0	-496.00	475.78	0.99	4		-297.0113	queue=4.1403;delay=0.9905;waiting=291.8805;pressure=0.0;switches=0.0	final;ckpt	2.0000	2657.4356	861.5258	0.0000	633.0000	0.0000	queue=41.4032;delay=0.9905;waiting=58376.0944;pressure=482.5667;switches=0.0083
bullhead_1_efficiency_aligned_dqn_reward_inference	SIM_TRAIN	67	123.0	0.0	-3.78	3.15	0.43	1396	-0.47	0.0000			0.0000						
bullhead_1_efficiency_aligned_dqn_reward_inference	SIM_TRAIN	68	121.6	0.0	-3.35	2.78	0.43	1397	-0.47	0.0000			254.0000						
bullhead_1_efficiency_aligned_dqn_reward_inference	REAL_TRAIN	24	2684.1	100.0	-496.00	475.78	0.99	4		-297.0113	queue=4.1403;delay=0.9905;waiting=291.8805;pressure=0.0;switches=0.0	final;ckpt	2.0000	2657.4356	861.5258	0.0000	633.0000	0.0000	queue=41.4032;delay=0.9905;waiting=58376.0944;pressure=482.5667;switches=0.0083
bullhead_1_efficiency_aligned_dqn_reward_inference	SIM_TRAIN	69	122.4	0.0	-3.64	3.00	0.43	1398	-0.47	0.0000			0.0000						
bullhead_1_efficiency_aligned_dqn_reward_inference	SIM_TRAIN	70	123.2	0.0	-3.90	3.30	0.43	1396	-0.48	0.0000			249.0000						
bullhead_1_efficiency_aligned_dqn_reward_inference	REAL_TRAIN	26	2684.1	100.0	-496.01	475.80	0.99	4		-297.0175	queue=4.1405;delay=0.9906;waiting=291.8864;pressure=0.0;switches=0.0	final;ckpt	2.0000	2657.4185	861.5203	0.0000	634.0000	0.0000	queue=41.4053;delay=0.9906;waiting=58377.2863;pressure=482.5722;switches=0.0083
bullhead_1_efficiency_aligned_dqn_reward_inference	SIM_TRAIN	71	121.8	0.0	-3.51	2.87	0.44	1396	-0.48	0.0000			291.0000						
bullhead_1_efficiency_aligned_dqn_reward_inference	SIM_TRAIN	72	122.1	0.0	-3.52	2.98	0.43	1393	-0.47	0.0000			258.0000						
bullhead_1_efficiency_aligned_dqn_reward_inference	REAL_TRAIN	28	2684.1	100.0	-496.01	475.80	0.99	4		-297.0175	queue=4.1405;delay=0.9906;waiting=291.8864;pressure=0.0;switches=0.0	final;ckpt	2.0000	2657.4185	861.5203	0.0000	634.0000	0.0000	queue=41.4053;delay=0.9906;waiting=58377.2863;pressure=482.5722;switches=0.0083
bullhead_1_efficiency_aligned_dqn_reward_inference	SIM_TRAIN	73	123.4	0.0	-4.03	3.38	0.44	1398	-0.48	0.0000			0.0000						
bullhead_1_efficiency_aligned_dqn_reward_inference	SIM_TRAIN	74	121.6	0.0	-3.36	2.78	0.43	1397	-0.47	0.0000			236.0000						
bullhead_1_efficiency_aligned_dqn_reward_inference	REAL_TRAIN	30	2314.8	100.0	-466.75	447.94	0.96	68		-264.2165	queue=3.8969;delay=0.964;waiting=259.3556;pressure=0.0;switches=0.0	final;ckpt	32.0000	2521.0861	817.3219	0.0000	679.0000	0.0000	queue=38.9692;delay=0.964;waiting=51871.1201;pressure=455.7667;switches=0.0417
bullhead_1_efficiency_aligned_dqn_reward_inference	SIM_TRAIN	75	120.8	0.0	-3.19	2.59	0.43	1398	-0.47	0.0000			0.0000						
bullhead_1_efficiency_aligned_dqn_reward_inference	SIM_TRAIN	76	124.2	0.0	-5.02	3.74	0.47	1399	-0.57	0.0000			0.0000						
bullhead_1_efficiency_aligned_dqn_reward_inference	REAL_TRAIN	32	129.5	100.0	-5.70	4.47	0.52	1371		-0.6629	queue=0.0537;delay=0.5207;waiting=0.0886;pressure=0.0;switches=0.0	final;ckpt	680.0000	381.3933	123.6431	14.0000	501.0000	0.0000	queue=0.5368;delay=0.5207;waiting=17.715;pressure=28.8333;switches=0.8944
bullhead_1_efficiency_aligned_dqn_reward_inference	SIM_TRAIN	77	121.8	0.0	-3.37	2.85	0.43	1397	-0.47	0.0000			234.0000						
bullhead_1_efficiency_aligned_dqn_reward_inference	SIM_TRAIN	78	121.6	0.0	-3.35	2.80	0.43	1398	-0.47	0.0000			0.0000						
bullhead_1_efficiency_aligned_dqn_reward_inference	REAL_TRAIN	34	132.8	100.0	-6.49	5.64	0.55	1370		-0.6902	queue=0.0602;delay=0.547;waiting=0.083;pressure=0.0;switches=0.0	final;ckpt	528.0000	389.6010	126.3040	6.0000	725.0000	0.0000	queue=0.6023;delay=0.547;waiting=16.6074;pressure=30.0667;switches=0.7667
bullhead_1_efficiency_aligned_dqn_reward_inference	SIM_TRAIN	79	121.6	0.0	-3.40	2.76	0.43	1398	-0.47	0.0000			0.0000						
bullhead_1_efficiency_aligned_dqn_reward_inference	SIM_TRAIN	80	121.3	0.0	-3.20	2.65	0.42	1400	-0.46	0.0000			0.0000						
bullhead_1_efficiency_aligned_dqn_reward_inference	REAL_TRAIN	36	139.3	100.0	-9.46	8.08	0.60	1369		-0.8120	queue=0.0835;delay=0.6028;waiting=0.1257;pressure=0.0;switches=0.0	final;ckpt	677.0000	405.0423	131.3099	8.0000	931.0000	0.0000	queue=0.8352;delay=0.6028;waiting=25.1421;pressure=32.55;switches=0.6667
bullhead_1_efficiency_aligned_dqn_reward_inference	SIM_TRAIN	81	122.6	0.0	-3.66	3.05	0.43	1398	-0.47	0.0000			0.0000						
bullhead_1_efficiency_aligned_dqn_reward_inference	SIM_TRAIN	82	121.5	0.0	-3.29	2.70	0.43	1398	-0.47	0.0000			0.0000						
bullhead_1_efficiency_aligned_dqn_reward_inference	REAL_TRAIN	38	142.3	100.0	-10.46	9.11	0.60	1370		-0.8131	queue=0.0909;delay=0.5966;waiting=0.1256;pressure=0.0;switches=0.0	final;ckpt	678.0000	411.8970	133.5322	5.0000	990.0000	0.0000	queue=0.909;delay=0.5966;waiting=25.1287;pressure=33.6361;switches=0.6306
bullhead_1_efficiency_aligned_dqn_reward_inference	SIM_TRAIN	83	121.6	0.0	-3.29	2.75	0.43	1394	-0.47	0.0000			244.0000						
bullhead_1_efficiency_aligned_dqn_reward_inference	SIM_TRAIN	84	123.3	0.0	-4.03	3.38	0.43	1398	-0.48	0.0000			0.0000						
bullhead_1_efficiency_aligned_dqn_reward_inference	REAL_TRAIN	40	153.2	100.0	-14.73	13.40	0.59	1367		-0.9059	queue=0.1252;delay=0.5935;waiting=0.1871;pressure=0.0;switches=0.0	final;ckpt	156.0000	436.8731	141.6292	1.0000	1108.0000	0.0000	queue=1.2521;delay=0.5935;waiting=37.4222;pressure=37.8583;switches=0.625
bullhead_1_efficiency_aligned_dqn_reward_inference	SIM_TRAIN	85	122.6	0.0	-3.83	3.14	0.44	1398	-0.49	0.0000			0.0000						
bullhead_1_efficiency_aligned_dqn_reward_inference	SIM_TRAIN	86	121.4	0.0	-3.49	2.77	0.44	1397	-0.48	0.0000			0.0000						
bullhead_1_efficiency_aligned_dqn_reward_inference	REAL_TRAIN	42	148.2	100.0	-13.22	11.51	0.62	1365		-0.9153	queue=0.1132;delay=0.6174;waiting=0.1848;pressure=0.0;switches=0.0	final;ckpt	675.0000	425.3984	137.9092	7.0000	1059.0000	0.0000	queue=1.1322;delay=0.6174;waiting=36.9507;pressure=36.0167;switches=0.7139
bullhead_1_efficiency_aligned_dqn_reward_inference	SIM_TRAIN	87	123.0	0.0	-3.86	3.22	0.44	1399	-0.48	0.0000			0.0000						
bullhead_1_efficiency_aligned_dqn_reward_inference	SIM_TRAIN	88	122.5	0.0	-3.64	3.04	0.43	1397	-0.47	0.0000			0.0000						
bullhead_1_efficiency_aligned_dqn_reward_inference	REAL_TRAIN	44	2484.5	100.0	-480.96	461.62	0.98	38		-279.7779	queue=4.0148;delay=0.977;waiting=274.7861;pressure=0.0;switches=0.0	final;ckpt	19.0000	2588.4917	839.1745	0.0000	657.0000	0.0000	queue=40.1484;delay=0.977;waiting=54957.2118;pressure=468.975;switches=0.0222
bullhead_1_efficiency_aligned_dqn_reward_inference	SIM_TRAIN	89	123.2	0.0	-3.88	3.27	0.43	1396	-0.48	0.0000			238.0000						
bullhead_1_efficiency_aligned_dqn_reward_inference	SIM_TRAIN	90	122.6	0.0	-3.64	3.07	0.43	1397	-0.47	0.0000			223.0000						
bullhead_1_efficiency_aligned_dqn_reward_inference	REAL_TRAIN	46	2504.4	100.0	-481.88	462.76	0.97	34		-280.8639	queue=4.0225;delay=0.9712;waiting=275.8702;pressure=0.0;switches=0.0	final;ckpt	11.0000	2593.3757	840.7579	0.0000	656.0000	0.0000	queue=40.2255;delay=0.9712;waiting=55174.0426;pressure=470.025;switches=0.025
bullhead_1_efficiency_aligned_dqn_reward_inference	SIM_TRAIN	91	122.0	0.0	-3.54	2.91	0.44	1396	-0.48	0.0000			250.0000						
bullhead_1_efficiency_aligned_dqn_reward_inference	SIM_TRAIN	92	121.3	0.0	-3.21	2.61	0.43	1397	-0.46	0.0000			182.0000						
bullhead_1_efficiency_aligned_dqn_reward_inference	REAL_TRAIN	48	2524.1	100.0	-483.57	464.45	0.97	31		-282.6966	queue=4.0366;delay=0.9693;waiting=277.6907;pressure=0.0;switches=0.0	final;ckpt	10.0000	2601.9407	843.5346	0.0000	653.0000	0.0000	queue=40.3657;delay=0.9693;waiting=55538.1449;pressure=471.6667;switches=0.025
bullhead_1_efficiency_aligned_dqn_reward_inference	SIM_TRAIN	93	121.9	0.0	-3.47	2.90	0.43	1398	-0.47	0.0000			214.0000						
bullhead_1_efficiency_aligned_dqn_reward_inference	SIM_TRAIN	94	122.1	0.0	-3.46	2.91	0.43	1399	-0.47	0.0000			0.0000						
bullhead_1_efficiency_aligned_dqn_reward_inference	REAL_TRAIN	50	2354.8	100.0	-469.26	450.15	0.97	61		-267.3996	queue=3.9176;delay=0.9706;waiting=262.5114;pressure=0.0;switches=0.0	final;ckpt	30.0000	2531.4417	820.6792	0.0000	678.0000	0.0000	queue=39.1762;delay=0.9706;waiting=52502.2704;pressure=457.8583;switches=0.0306
bullhead_1_efficiency_aligned_dqn_reward_inference	SIM_TRAIN	95	122.0	0.0	-3.42	2.87	0.42	1400	-0.46	0.0000			0.0000						
bullhead_1_efficiency_aligned_dqn_reward_inference	SIM_TRAIN	96	123.3	0.0	-3.95	3.31	0.43	1396	-0.48	0.0000			288.0000						
bullhead_1_efficiency_aligned_dqn_reward_inference	REAL_TRAIN	52	1156.3	100.0	-323.56	309.19	0.87	379		-133.3596	queue=2.7046;delay=0.8707;waiting=129.7844;pressure=0.0;switches=0.0	final;ckpt	185.0000	1841.6120	597.0395	0.0000	859.0000	0.0000	queue=27.0456;delay=0.8707;waiting=25956.8713;pressure=322.4611;switches=0.1806
bullhead_1_efficiency_aligned_dqn_reward_inference	SIM_TRAIN	97	122.0	0.0	-3.42	2.88	0.42	1396	-0.46	0.0000			251.0000						
bullhead_1_efficiency_aligned_dqn_reward_inference	SIM_TRAIN	98	123.9	0.0	-4.10	3.47	0.43	1398	-0.48	0.0000			0.0000						
bullhead_1_efficiency_aligned_dqn_reward_inference	REAL_TRAIN	54	2431.7	100.0	-476.51	457.47	0.96	47		-274.9597	queue=3.9781;delay=0.9608;waiting=270.0208;pressure=0.0;switches=0.0	final;ckpt	22.0000	2567.7391	832.4466	0.0000	647.0000	0.0000	queue=39.7806;delay=0.9608;waiting=54004.1639;pressure=464.95;switches=0.0417
bullhead_1_efficiency_aligned_dqn_reward_inference	SIM_TRAIN	99	124.0	0.0	-4.40	3.62	0.45	1398	-0.51	0.0000			259.0000						
bullhead_1_efficiency_aligned_dqn_reward_inference	SIM_TRAIN	100	121.5	0.0	-3.24	2.69	0.43	1398	-0.47	0.0000			0.0000						
bullhead_1_efficiency_aligned_dqn_reward_inference	REAL_TRAIN	56	2295.6	100.0	-464.79	445.97	0.96	71		-262.4306	queue=3.8806;delay=0.9598;waiting=257.5902;pressure=0.0;switches=0.0	final;ckpt	32.0000	2510.9499	814.0358	0.0000	671.0000	0.0000	queue=38.8056;delay=0.9598;waiting=51518.044;pressure=453.8611;switches=0.0528
bullhead_1_efficiency_aligned_dqn_reward_inference	SIM_TRAIN	101	122.5	0.0	-3.60	3.04	0.43	1396	-0.47	0.0000			279.0000						
bullhead_1_efficiency_aligned_dqn_reward_inference	SIM_TRAIN	102	121.4	0.0	-3.23	2.70	0.43	1398	-0.47	0.0000			0.0000						
bullhead_1_efficiency_aligned_dqn_reward_inference	REAL_TRAIN	58	144.2	100.0	-10.21	9.94	0.50	1364		-0.7154	queue=0.0878;delay=0.4971;waiting=0.1305;pressure=0.0;switches=0.0	final;ckpt	152.0000	416.5621	135.0446	4.0000	939.0000	1.0000	queue=0.878;delay=0.4971;waiting=26.1053;pressure=34.3806;switches=0.65
bullhead_1_efficiency_aligned_dqn_reward_inference	SIM_TRAIN	103	122.3	0.0	-3.58	3.00	0.43	1400	-0.48	0.0000			0.0000						
bullhead_1_efficiency_aligned_dqn_reward_inference	SIM_TRAIN	104	120.7	0.0	-3.00	2.47	0.43	1398	-0.46	0.0000			0.0000						
bullhead_1_efficiency_aligned_dqn_reward_inference	REAL_TRAIN	60	167.2	100.0	-21.82	20.82	0.55	1284		-1.2985	queue=0.1847;delay=0.5452;waiting=0.5686;pressure=0.0;switches=0.0	final;ckpt	618.0000	465.0840	150.7751	1.0000	1127.0000	0.0000	queue=1.8465;delay=0.5452;waiting=113.7185;pressure=45.025;switches=0.5333
bullhead_1_efficiency_aligned_dqn_reward_inference	SIM_TRAIN	105	122.2	0.0	-3.56	2.96	0.43	1399	-0.47	0.0000			0.0000						
bullhead_1_efficiency_aligned_dqn_reward_inference	SIM_TRAIN	106	121.2	0.0	-3.13	2.62	0.42	1397	-0.46	0.0000			245.0000						
bullhead_1_efficiency_aligned_dqn_reward_inference	REAL_TRAIN	62	125.7	100.0	-2.76	3.06	0.39	1373		-0.4383	queue=0.0295;delay=0.3927;waiting=0.016;pressure=0.0;switches=0.0	final;ckpt	153.0000	373.0774	120.9472	17.0000	380.0000	0.0000	queue=0.2954;delay=0.3927;waiting=3.2069;pressure=27.3556;switches=0.9806
bullhead_1_efficiency_aligned_dqn_reward_inference	SIM_TRAIN	107	122.1	0.0	-3.58	2.97	0.43	1390	-0.48	0.0000			233.0000						
bullhead_1_efficiency_aligned_dqn_reward_inference	SIM_TRAIN	108	121.6	0.0	-3.28	2.71	0.43	1400	-0.47	0.0000			0.0000						
bullhead_1_efficiency_aligned_dqn_reward_inference	REAL_TRAIN	64	127.9	100.0	-3.73	3.84	0.42	1375		-0.4902	queue=0.0366;delay=0.4231;waiting=0.0305;pressure=0.0;switches=0.0	final;ckpt	153.0000	377.9925	122.5406	7.0000	453.0000	0.0000	queue=0.366;delay=0.4231;waiting=6.1007;pressure=28.1806;switches=0.9278
bullhead_1_efficiency_aligned_dqn_reward_inference	SIM_TRAIN	109	120.6	0.0	-2.98	2.41	0.43	1396	-0.46	0.0000			242.0000						
bullhead_1_efficiency_aligned_dqn_reward_inference	SIM_TRAIN	110	122.3	0.0	-3.58	3.01	0.43	1396	-0.48	0.0000			230.0000						
bullhead_1_efficiency_aligned_dqn_reward_inference	REAL_TRAIN	66	127.6	100.0	-3.30	3.74	0.40	1375		-0.4586	queue=0.0333;delay=0.396;waiting=0.0293;pressure=0.0;switches=0.0	final;ckpt	153.0000	377.2964	122.3149	11.0000	396.0000	0.0000	queue=0.3331;delay=0.396;waiting=5.8509;pressure=28.0639;switches=0.9889
bullhead_1_efficiency_aligned_dqn_reward_inference	SIM_TRAIN	111	121.0	0.0	-3.13	2.61	0.43	1396	-0.46	0.0000			230.0000						
bullhead_1_efficiency_aligned_dqn_reward_inference	SIM_TRAIN	112	121.7	0.0	-3.39	2.82	0.43	1398	-0.47	0.0000			0.0000						
bullhead_1_efficiency_aligned_dqn_reward_inference	REAL_TRAIN	68	132.7	100.0	-5.62	5.66	0.45	1375		-0.6115	queue=0.0516;delay=0.4515;waiting=0.1084;pressure=0.0;switches=0.0	final;ckpt	154.0000	388.8294	126.0539	17.0000	455.0000	0.0000	queue=0.516;delay=0.4515;waiting=21.6813;pressure=29.9611;switches=0.95
bullhead_1_efficiency_aligned_dqn_reward_inference	SIM_TRAIN	113	121.8	0.0	-3.43	2.79	0.43	1399	-0.47	0.0000			0.0000						
bullhead_1_efficiency_aligned_dqn_reward_inference	SIM_TRAIN	114	122.5	0.0	-3.62	3.05	0.42	1396	-0.47	0.0000			226.0000						
bullhead_1_efficiency_aligned_dqn_reward_inference	REAL_TRAIN	70	132.1	100.0	-5.44	5.38	0.48	1373		-0.6108	queue=0.0502;delay=0.4779;waiting=0.0827;pressure=0.0;switches=0.0	final;ckpt	154.0000	387.1798	125.5191	10.0000	487.0000	0.0000	queue=0.5023;delay=0.4779;waiting=16.5345;pressure=29.7528;switches=0.9528
bullhead_1_efficiency_aligned_dqn_reward_inference	SIM_TRAIN	115	122.9	0.0	-3.68	3.11	0.42	1398	-0.46	0.0000			0.0000						
bullhead_1_efficiency_aligned_dqn_reward_inference	SIM_TRAIN	116	122.8	0.0	-3.82	3.16	0.44	1393	-0.48	0.0000			276.0000						
bullhead_1_efficiency_aligned_dqn_reward_inference	REAL_TRAIN	72	162.4	100.0	-17.34	17.12	0.49	1363		-1.2954	queue=0.1455;delay=0.4942;waiting=0.6557;pressure=0.0;switches=0.0	final;ckpt	162.0000	457.2202	148.2256	3.0000	1095.0000	0.0000	queue=1.4551;delay=0.4942;waiting=131.1412;pressure=41.4583;switches=0.6556
bullhead_1_efficiency_aligned_dqn_reward_inference	SIM_TRAIN	117	126.8	0.0	-5.67	4.57	0.46	1398	-0.56	0.0000			0.0000						
bullhead_1_efficiency_aligned_dqn_reward_inference	SIM_TRAIN	118	123.6	0.0	-4.12	3.51	0.44	1385	-0.49	0.0000			238.0000						
bullhead_1_efficiency_aligned_dqn_reward_inference	REAL_TRAIN	74	185.2	100.0	-27.10	26.16	0.57	1354		-1.7881	queue=0.2256;delay=0.5725;waiting=0.99;pressure=0.0;switches=0.0	final;ckpt	678.0000	509.4313	165.1520	3.0000	1224.0000	0.0000	queue=2.2558;delay=0.5725;waiting=197.9968;pressure=50.35;switches=0.575
bullhead_1_efficiency_aligned_dqn_reward_inference	SIM_TRAIN	119	122.8	0.0	-3.77	3.14	0.43	1398	-0.48	0.0000			0.0000						
bullhead_1_efficiency_aligned_dqn_reward_inference	SIM_TRAIN	120	123.1	0.0	-3.78	3.23	0.43	1398	-0.47	0.0000			0.0000						
bullhead_1_efficiency_aligned_dqn_reward_inference	REAL_TRAIN	76	162.6	100.0	-17.76	17.25	0.53	1358		-1.1366	queue=0.149;delay=0.5252;waiting=0.4624;pressure=0.0;switches=0.0	final;ckpt	144.0000	458.0430	148.4924	3.0000	1070.0000	0.0000	queue=1.4896;delay=0.5252;waiting=92.4898;pressure=41.5972;switches=0.6167
bullhead_1_efficiency_aligned_dqn_reward_inference	SIM_TRAIN	121	122.9	0.0	-3.78	3.19	0.43	1395	-0.48	0.0000			239.0000						
bullhead_1_efficiency_aligned_dqn_reward_inference	SIM_TRAIN	122	122.1	0.0	-3.45	2.87	0.43	1398	-0.47	0.0000			0.0000						
bullhead_1_efficiency_aligned_dqn_reward_inference	REAL_TRAIN	78	162.5	100.0	-17.45	17.29	0.49	1347		-0.9194	queue=0.1463;delay=0.4924;waiting=0.2806;pressure=0.0;switches=0.0	final;ckpt	153.0000	458.1819	148.5374	3.0000	1181.0000	1.0000	queue=1.4634;delay=0.4924;waiting=56.1289;pressure=41.6806;switches=0.6194
bullhead_1_efficiency_aligned_dqn_reward_inference	SIM_TRAIN	123	122.8	0.0	-3.81	3.15	0.43	1399	-0.48	0.0000			0.0000						
bullhead_1_efficiency_aligned_dqn_reward_inference	SIM_TRAIN	124	123.2	0.0	-3.91	3.27	0.43	1396	-0.48	0.0000			0.0000						
bullhead_1_efficiency_aligned_dqn_reward_inference	REAL_TRAIN	80	159.4	100.0	-16.24	16.16	0.48	1354		-0.9633	queue=0.1373;delay=0.478;waiting=0.348;pressure=0.0;switches=0.0	final;ckpt	145.0000	451.1417	146.2550	4.0000	1072.0000	0.0000	queue=1.3727;delay=0.478;waiting=69.5998;pressure=40.4694;switches=0.6056
bullhead_1_efficiency_aligned_dqn_reward_inference	SIM_TRAIN	125	122.8	0.0	-3.87	3.16	0.43	1400	-0.48	0.0000			0.0000						
bullhead_1_efficiency_aligned_dqn_reward_inference	SIM_TRAIN	126	121.7	0.0	-3.29	2.75	0.43	1397	-0.46	0.0000			0.0000						
bullhead_1_efficiency_aligned_dqn_reward_inference	REAL_TRAIN	82	133.1	100.0	-5.55	5.78	0.44	1371		-0.5458	queue=0.0516;delay=0.4357;waiting=0.0586;pressure=0.0;switches=0.0	final;ckpt	155.0000	390.1608	126.4855	8.0000	594.0000	0.0000	queue=0.5155;delay=0.4357;waiting=11.716;pressure=30.1083;switches=0.9194
bullhead_1_efficiency_aligned_dqn_reward_inference	SIM_TRAIN	127	121.6	0.0	-3.33	2.74	0.43	1400	-0.46	0.0000			0.0000						
bullhead_1_efficiency_aligned_dqn_reward_inference	SIM_TRAIN	128	122.0	0.0	-3.45	2.84	0.43	1396	-0.47	0.0000			226.0000						
bullhead_1_efficiency_aligned_dqn_reward_inference	REAL_TRAIN	84	159.8	100.0	-16.31	16.15	0.49	1356		-1.0911	queue=0.1377;delay=0.4852;waiting=0.4682;pressure=0.0;switches=0.0	final;ckpt	146.0000	451.9840	146.5281	7.0000	1053.0000	0.0000	queue=1.3771;delay=0.4852;waiting=93.6437;pressure=40.4583;switches=0.6139
bullhead_1_efficiency_aligned_dqn_reward_inference	SIM_TRAIN	129	121.7	0.0	-3.39	2.78	0.43	1396	-0.47	0.0000			271.0000						
bullhead_1_efficiency_aligned_dqn_reward_inference	SIM_TRAIN	130	123.3	0.0	-3.92	3.29	0.43	1396	-0.48	0.0000			246.0000						
bullhead_1_efficiency_aligned_dqn_reward_inference	REAL_TRAIN	86	163.9	100.0	-17.91	17.79	0.49	1364		-1.0509	queue=0.1508;delay=0.4858;waiting=0.4142;pressure=0.0;switches=0.0	final;ckpt	145.0000	461.1126	149.4875	6.0000	1096.0000	0.0000	queue=1.5081;delay=0.4858;waiting=82.8438;pressure=42.1111;switches=0.6556
bullhead_1_efficiency_aligned_dqn_reward_inference	SIM_TRAIN	131	122.3	0.0	-3.63	2.92	0.43	1399	-0.47	0.0000			0.0000						
bullhead_1_efficiency_aligned_dqn_reward_inference	SIM_TRAIN	132	121.8	0.0	-3.37	2.80	0.43	1396	-0.47	0.0000			253.0000						
bullhead_1_efficiency_aligned_dqn_reward_inference	REAL_TRAIN	88	132.0	100.0	-5.13	5.33	0.43	1374		-0.5116	queue=0.0478;delay=0.4264;waiting=0.0374;pressure=0.0;switches=0.0	final;ckpt	151.0000	388.1625	125.8376	11.0000	668.0000	1.0000	queue=0.4778;delay=0.4264;waiting=7.4833;pressure=29.6861;switches=0.975
bullhead_1_efficiency_aligned_dqn_reward_inference	SIM_TRAIN	133	121.4	0.0	-3.27	2.68	0.43	1398	-0.47	0.0000			0.0000						
bullhead_1_efficiency_aligned_dqn_reward_inference	SIM_TRAIN	134	121.8	0.0	-3.37	2.82	0.43	1397	-0.47	0.0000			0.0000						
bullhead_1_efficiency_aligned_dqn_reward_inference	REAL_TRAIN	90	134.0	100.0	-6.13	6.05	0.46	1372		-0.5582	queue=0.0563;delay=0.4613;waiting=0.0406;pressure=0.0;switches=0.0	final;ckpt	153.0000	392.4350	127.2227	8.0000	765.0000	0.0000	queue=0.5627;delay=0.4613;waiting=8.1222;pressure=30.4889;switches=0.8056
bullhead_1_efficiency_aligned_dqn_reward_inference	SIM_TRAIN	135	121.8	0.0	-3.47	2.81	0.44	1400	-0.48	0.0000			0.0000						
bullhead_1_efficiency_aligned_dqn_reward_inference	SIM_TRAIN	136	121.1	0.0	-3.15	2.60	0.43	1395	-0.46	0.0000			233.0000						
bullhead_1_efficiency_aligned_dqn_reward_inference	REAL_TRAIN	92	133.0	100.0	-5.57	5.65	0.43	1374		-0.5414	queue=0.0512;delay=0.432;waiting=0.0582;pressure=0.0;switches=0.0	final;ckpt	153.0000	390.0321	126.4438	10.0000	637.0000	1.0000	queue=0.5118;delay=0.432;waiting=11.6495;pressure=30.0389;switches=0.9444
bullhead_1_efficiency_aligned_dqn_reward_inference	SIM_TRAIN	137	121.2	0.0	-3.22	2.61	0.43	1397	-0.47	0.0000			241.0000						
bullhead_1_efficiency_aligned_dqn_reward_inference	SIM_TRAIN	138	121.3	0.0	-3.28	2.65	0.44	1399	-0.47	0.0000			0.0000						
bullhead_1_efficiency_aligned_dqn_reward_inference	REAL_TRAIN	94	133.4	100.0	-5.47	5.76	0.42	1370		-0.5143	queue=0.0505;delay=0.4243;waiting=0.0396;pressure=0.0;switches=0.0	final;ckpt	154.0000	391.2103	126.8257	6.0000	731.0000	0.0000	queue=0.5046;delay=0.4243;waiting=7.912;pressure=30.1722;switches=0.9556
bullhead_1_efficiency_aligned_dqn_reward_inference	SIM_TRAIN	139	121.7	0.0	-3.50	2.83	0.43	1396	-0.48	0.0000			267.0000						
bullhead_1_efficiency_aligned_dqn_reward_inference	SIM_TRAIN	140	121.8	0.0	-3.37	2.83	0.43	1399	-0.47	0.0000			0.0000						
bullhead_1_efficiency_aligned_dqn_reward_inference	REAL_TRAIN	96	150.2	100.0	-12.27	12.31	0.47	1359		-1.1087	queue=0.1049;delay=0.4651;waiting=0.5387;pressure=0.0;switches=0.0	final;ckpt	148.0000	429.1501	139.1255	7.0000	848.0000	0.0000	queue=1.0491;delay=0.4651;waiting=107.7308;pressure=36.7194;switches=0.7361
bullhead_1_efficiency_aligned_dqn_reward_inference	SIM_TRAIN	141	121.9	0.0	-3.42	2.84	0.43	1399	-0.47	0.0000			0.0000						
bullhead_1_efficiency_aligned_dqn_reward_inference	SIM_TRAIN	142	121.8	0.0	-3.38	2.82	0.43	1399	-0.47	0.0000			0.0000						
bullhead_1_efficiency_aligned_dqn_reward_inference	REAL_TRAIN	98	134.0	100.0	-5.77	6.18	0.42	1373		-0.6231	queue=0.053;delay=0.4215;waiting=0.1487;pressure=0.0;switches=0.0	final;ckpt	154.0000	391.6128	126.9562	21.0000	475.0000	0.0000	queue=0.5296;delay=0.4215;waiting=29.731;pressure=30.4889;switches=0.9833
bullhead_1_efficiency_aligned_dqn_reward_inference	SIM_TRAIN	143	122.1	0.0	-3.50	2.88	0.43	1400	-0.47	0.0000			0.0000						
bullhead_1_efficiency_aligned_dqn_reward_inference	SIM_TRAIN	144	121.6	0.0	-3.29	2.71	0.43	1399	-0.46	0.0000			0.0000						
bullhead_1_efficiency_aligned_dqn_reward_inference	REAL_TRAIN	100	136.9	100.0	-7.01	7.32	0.43	1368		-0.7158	queue=0.0634;delay=0.4262;waiting=0.2262;pressure=0.0;switches=0.0	final;ckpt	150.0000	397.3808	128.8262	10.0000	445.0000	0.0000	queue=0.6345;delay=0.4262;waiting=45.2389;pressure=31.6222;switches=0.9917
bullhead_1_efficiency_aligned_dqn_reward_inference	SIM_TRAIN	145	121.8	0.0	-3.39	2.83	0.43	1399	-0.47	0.0000			0.0000						
bullhead_1_efficiency_aligned_dqn_reward_inference	SIM_TRAIN	146	121.6	0.0	-3.29	2.72	0.42	1397	-0.46	0.0000			241.0000						
bullhead_1_efficiency_aligned_dqn_reward_inference	REAL_TRAIN	102	137.5	100.0	-6.98	7.27	0.43	1367		-0.5912	queue=0.0617;delay=0.4337;waiting=0.0958;pressure=0.0;switches=0.0	final;ckpt	152.0000	401.0088	130.0023	8.0000	771.0000	0.0000	queue=0.6167;delay=0.4337;waiting=19.1697;pressure=31.6778;switches=0.9861
bullhead_1_efficiency_aligned_dqn_reward_inference	SIM_TRAIN	147	122.4	0.0	-3.63	3.08	0.43	1399	-0.48	0.0000			0.0000						
bullhead_1_efficiency_aligned_dqn_reward_inference	SIM_TRAIN	148	121.8	0.0	-3.38	2.84	0.42	1397	-0.46	0.0000			0.0000						
bullhead_1_efficiency_aligned_dqn_reward_inference	REAL_TRAIN	104	145.3	100.0	-10.13	10.35	0.44	1372		-0.8373	queue=0.0873;delay=0.4422;waiting=0.3078;pressure=0.0;switches=0.0	final;ckpt	151.0000	418.1326	135.5537	8.0000	817.0000	0.0000	queue=0.8734;delay=0.4422;waiting=61.5549;pressure=34.7111;switches=0.8528
bullhead_1_efficiency_aligned_dqn_reward_inference	SIM_TRAIN	149	122.7	0.0	-3.67	3.04	0.43	1399	-0.47	0.0000			0.0000						
bullhead_1_efficiency_aligned_dqn_reward_inference	SIM_TRAIN	150	122.4	0.0	-3.58	2.96	0.42	1399	-0.47	0.0000			0.0000						
bullhead_1_efficiency_aligned_dqn_reward_inference	REAL_TRAIN	106	132.3	100.0	-5.04	5.48	0.43	1373		-0.5480	queue=0.0475;delay=0.4257;waiting=0.0748;pressure=0.0;switches=0.0	final;ckpt	154.0000	387.7637	125.7084	15.0000	498.0000	0.0000	queue=0.4745;delay=0.4257;waiting=14.9669;pressure=29.7944;switches=0.9889
bullhead_1_efficiency_aligned_dqn_reward_inference	SIM_TRAIN	151	123.2	0.0	-3.93	3.30	0.43	1397	-0.47	0.0000			0.0000						
bullhead_1_efficiency_aligned_dqn_reward_inference	SIM_TRAIN	152	124.5	0.0	-5.49	3.85	0.48	1398	-0.61	0.0000			0.0000						
bullhead_1_efficiency_aligned_dqn_reward_inference	REAL_TRAIN	108	144.2	100.0	-9.71	10.02	0.43	1363		-1.1601	queue=0.0848;delay=0.4305;waiting=0.6448;pressure=0.0;switches=0.0	final;ckpt	0.0000	414.4260	134.3521	14.0000	625.0000	0.0000	queue=0.8477;delay=0.4305;waiting=128.9694;pressure=34.3778;switches=0.9139
bullhead_1_efficiency_aligned_dqn_reward_inference	SIM_TRAIN	153	123.7	0.0	-4.05	3.42	0.43	1399	-0.48	0.0000			0.0000						
bullhead_1_efficiency_aligned_dqn_reward_inference	SIM_TRAIN	154	122.6	0.0	-3.72	3.10	0.43	1398	-0.47	0.0000			0.0000						
bullhead_1_efficiency_aligned_dqn_reward_inference	REAL_TRAIN	110	133.9	100.0	-5.67	6.11	0.42	1370		-0.5911	queue=0.0523;delay=0.4199;waiting=0.1189;pressure=0.0;switches=0.0	final;ckpt	153.0000	391.3465	126.8699	16.0000	475.0000	0.0000	queue=0.5227;delay=0.4199;waiting=23.7829;pressure=30.4167;switches=0.9861
bullhead_1_efficiency_aligned_dqn_reward_inference	SIM_TRAIN	155	122.5	0.0	-3.79	3.14	0.43	1396	-0.48	0.0000			201.0000						
bullhead_1_efficiency_aligned_dqn_reward_inference	SIM_TRAIN	156	121.9	0.0	-3.44	2.88	0.43	1397	-0.47	0.0000			0.0000						
bullhead_1_efficiency_aligned_dqn_reward_inference	REAL_TRAIN	112	133.4	100.0	-5.49	5.93	0.42	1370		-0.5619	queue=0.0503;delay=0.4175;waiting=0.0942;pressure=0.0;switches=0.0	final;ckpt	154.0000	390.4376	126.5752	5.0000	512.0000	0.0000	queue=0.503;delay=0.4175;waiting=18.835;pressure=30.2278;switches=0.9861
bullhead_1_efficiency_aligned_dqn_reward_inference	SIM_TRAIN	157	121.6	0.0	-3.29	2.74	0.43	1399	-0.46	0.0000			0.0000						
bullhead_1_efficiency_aligned_dqn_reward_inference	SIM_TRAIN	158	122.9	0.0	-3.72	3.12	0.43	1400	-0.47	0.0000			0.0000						
bullhead_1_efficiency_aligned_dqn_reward_inference	REAL_TRAIN	114	131.8	100.0	-4.80	5.28	0.42	1369		-0.5056	queue=0.0451;delay=0.4171;waiting=0.0433;pressure=0.0;switches=0.0	final;ckpt	154.0000	387.0618	125.4808	8.0000	600.0000	0.0000	queue=0.4512;delay=0.4171;waiting=8.6646;pressure=29.6083;switches=0.9778
bullhead_1_efficiency_aligned_dqn_reward_inference	SIM_TRAIN	159	122.2	0.0	-3.52	2.95	0.43	1399	-0.47	0.0000			0.0000						
bullhead_1_efficiency_aligned_dqn_reward_inference	SIM_TRAIN	160	122.2	0.0	-3.52	2.94	0.42	1395	-0.46	0.0000			223.0000						
bullhead_1_efficiency_aligned_dqn_reward_inference	REAL_TRAIN	116	131.7	100.0	-4.98	5.35	0.42	1372		-0.5877	queue=0.0468;delay=0.4227;waiting=0.1183;pressure=0.0;switches=0.0	final;ckpt	157.0000	386.0060	125.1386	9.0000	414.0000	0.0000	queue=0.4681;delay=0.4227;waiting=23.6505;pressure=29.6056;switches=0.9944
bullhead_1_efficiency_aligned_dqn_reward_inference	SIM_TRAIN	161	121.9	0.0	-3.40	2.86	0.43	1398	-0.47	0.0000			0.0000						
bullhead_1_efficiency_aligned_dqn_reward_inference	SIM_TRAIN	162	122.5	0.0	-3.67	3.09	0.43	1394	-0.47	0.0000			181.0000						
bullhead_1_efficiency_aligned_dqn_reward_inference	REAL_TRAIN	118	131.0	100.0	-4.50	5.01	0.41	1370		-0.5073	queue=0.0428;delay=0.4125;waiting=0.052;pressure=0.0;switches=0.0	final;ckpt	154.0000	385.0724	124.8359	7.0000	499.0000	0.0000	queue=0.4275;delay=0.4125;waiting=10.3972;pressure=29.3306;switches=0.9861
bullhead_1_efficiency_aligned_dqn_reward_inference	SIM_TRAIN	163	122.5	0.0	-3.75	3.10	0.44	1399	-0.48	0.0000			0.0000						
bullhead_1_efficiency_aligned_dqn_reward_inference	SIM_TRAIN	164	120.8	0.0	-3.08	2.51	0.43	1397	-0.46	0.0000			0.0000						
bullhead_1_efficiency_aligned_dqn_reward_inference	REAL_TRAIN	120	137.2	100.0	-7.13	7.48	0.44	1370		-0.7317	queue=0.0645;delay=0.4419;waiting=0.2252;pressure=0.0;switches=0.0	final;ckpt	157.0000	398.4598	129.1760	13.0000	487.0000	0.0000	queue=0.6454;delay=0.4419;waiting=45.0382;pressure=31.75;switches=0.9917
bullhead_1_efficiency_aligned_dqn_reward_inference	SIM_TRAIN	165	121.9	0.0	-3.40	2.87	0.43	1400	-0.47	0.0000			0.0000						
bullhead_1_efficiency_aligned_dqn_reward_inference	SIM_TRAIN	166	121.3	0.0	-3.26	2.76	0.43	1398	-0.47	0.0000			0.0000						
bullhead_1_efficiency_aligned_dqn_reward_inference	REAL_TRAIN	122	138.7	100.0	-7.64	8.04	0.44	1370		-0.8089	queue=0.0689;delay=0.4397;waiting=0.3003;pressure=0.0;switches=0.0	final;ckpt	162.0000	402.0109	130.3272	10.0000	490.0000	0.0000	queue=0.6887;delay=0.4397;waiting=60.0678;pressure=32.3083;switches=0.9944
bullhead_1_efficiency_aligned_dqn_reward_inference	SIM_TRAIN	167	122.1	0.0	-3.48	2.91	0.43	1399	-0.47	0.0000			0.0000						
bullhead_1_efficiency_aligned_dqn_reward_inference	SIM_TRAIN	168	122.2	0.0	-3.56	2.99	0.43	1397	-0.47	0.0000			260.0000						
bullhead_1_efficiency_aligned_dqn_reward_inference	REAL_TRAIN	124	138.4	100.0	-7.55	7.94	0.43	1370		-0.7846	queue=0.0678;delay=0.4336;waiting=0.2833;pressure=0.0;switches=0.0	final;ckpt	159.0000	401.4481	130.1448	11.0000	513.0000	0.0000	queue=0.6775;delay=0.4336;waiting=56.6502;pressure=32.2111;switches=0.9833
bullhead_1_efficiency_aligned_dqn_reward_inference	SIM_TRAIN	169	121.5	0.0	-3.25	2.71	0.43	1397	-0.46	0.0000			252.0000						
bullhead_1_efficiency_aligned_dqn_reward_inference	SIM_TRAIN	170	121.7	0.0	-3.35	2.80	0.43	1396	-0.47	0.0000			259.0000						
bullhead_1_efficiency_aligned_dqn_reward_inference	REAL_TRAIN	126	135.6	100.0	-6.36	6.72	0.43	1369		-0.6078	queue=0.0572;delay=0.4283;waiting=0.1223;pressure=0.0;switches=0.0	final;ckpt	153.0000	395.7303	128.2911	14.0000	557.0000	0.0000	queue=0.5718;delay=0.4283;waiting=24.4586;pressure=31.075;switches=0.9667
bullhead_1_efficiency_aligned_dqn_reward_inference	SIM_TRAIN	171	121.3	0.0	-3.21	2.72	0.43	1399	-0.47	0.0000			0.0000						
bullhead_1_efficiency_aligned_dqn_reward_inference	SIM_TRAIN	172	121.0	0.0	-3.12	2.57	0.43	1396	-0.47	0.0000			211.0000						
bullhead_1_efficiency_aligned_dqn_reward_inference	REAL_TRAIN	128	133.7	100.0	-5.63	6.00	0.42	1370		-0.5527	queue=0.0516;delay=0.424;waiting=0.0772;pressure=0.0;switches=0.0	final;ckpt	154.0000	391.5896	126.9487	13.0000	580.0000	0.0000	queue=0.5157;delay=0.424;waiting=15.4324;pressure=30.2972;switches=0.9861
bullhead_1_efficiency_aligned_dqn_reward_inference	SIM_TRAIN	173	121.1	0.0	-3.16	2.63	0.43	1398	-0.47	0.0000			212.0000						
bullhead_1_efficiency_aligned_dqn_reward_inference	SIM_TRAIN	174	123.0	0.0	-3.87	3.26	0.43	1399	-0.48	0.0000			0.0000						
bullhead_1_efficiency_aligned_dqn_reward_inference	REAL_TRAIN	130	143.3	100.0	-9.57	9.70	0.46	1371		-0.8223	queue=0.0835;delay=0.4645;waiting=0.2743;pressure=0.0;switches=0.0	final;ckpt	0.0000	413.5414	134.0653	7.0000	696.0000	0.0000	queue=0.8354;delay=0.4645;waiting=54.8535;pressure=33.9806;switches=0.8778
bullhead_1_efficiency_aligned_dqn_reward_inference	SIM_TRAIN	175	120.7	0.0	-3.03	2.54	0.43	1400	-0.46	0.0000			0.0000						
bullhead_1_efficiency_aligned_dqn_reward_inference	SIM_TRAIN	176	120.4	0.0	-2.90	2.40	0.43	1397	-0.46	0.0000			199.0000						
bullhead_1_efficiency_aligned_dqn_reward_inference	REAL_TRAIN	132	140.1	100.0	-8.07	8.32	0.44	1376		-0.6873	queue=0.0704;delay=0.4441;waiting=0.1727;pressure=0.0;switches=0.0	final;ckpt	155.0000	406.6871	131.8432	9.0000	751.0000	0.0000	queue=0.7042;delay=0.4441;waiting=34.55;pressure=32.7222;switches=0.8417
bullhead_1_efficiency_aligned_dqn_reward_inference	SIM_TRAIN	177	121.1	0.0	-3.24	2.68	0.43	1397	-0.47	0.0000			265.0000						
bullhead_1_efficiency_aligned_dqn_reward_inference	SIM_TRAIN	178	122.4	0.0	-3.61	3.01	0.43	1399	-0.47	0.0000			0.0000						
bullhead_1_efficiency_aligned_dqn_reward_inference	REAL_TRAIN	134	141.8	100.0	-9.00	9.31	0.44	1365		-1.0043	queue=0.0802;delay=0.4414;waiting=0.4826;pressure=0.0;switches=0.0	final;ckpt	159.0000	408.5943	132.4615	7.0000	478.0000	0.0000	queue=0.8019;delay=0.4414;waiting=96.5294;pressure=33.5694;switches=0.9889
bullhead_1_efficiency_aligned_dqn_reward_inference	SIM_TRAIN	179	121.6	0.0	-3.34	2.76	0.43	1398	-0.46	0.0000			0.0000						
bullhead_1_efficiency_aligned_dqn_reward_inference	SIM_TRAIN	180	121.9	0.0	-3.40	2.85	0.42	1400	-0.46	0.0000			0.0000						
bullhead_1_efficiency_aligned_dqn_reward_inference	REAL_TRAIN	136	133.7	100.0	-5.59	5.96	0.41	1371		-0.5149	queue=0.0509;delay=0.4117;waiting=0.0524;pressure=0.0;switches=0.0	final;ckpt	152.0000	391.4856	126.9150	11.0000	666.0000	0.0000	queue=0.5088;delay=0.4117;waiting=10.4808;pressure=30.3083;switches=0.9806
bullhead_1_efficiency_aligned_dqn_reward_inference	SIM_TRAIN	181	122.2	0.0	-3.55	2.94	0.43	1400	-0.47	0.0000			0.0000						
bullhead_1_efficiency_aligned_dqn_reward_inference	SIM_TRAIN	182	121.9	0.0	-3.49	2.91	0.42	1396	-0.46	0.0000			0.0000						
bullhead_1_efficiency_aligned_dqn_reward_inference	REAL_TRAIN	138	135.9	100.0	-6.50	6.82	0.42	1371		-0.5795	queue=0.0582;delay=0.4182;waiting=0.1031;pressure=0.0;switches=0.0	final;ckpt	0.0000	396.5280	128.5497	18.0000	609.0000	0.0000	queue=0.5819;delay=0.4182;waiting=20.6213;pressure=31.1778;switches=0.9778
bullhead_1_efficiency_aligned_dqn_reward_inference	SIM_TRAIN	183	122.4	0.0	-3.58	3.03	0.43	1398	-0.47	0.0000			0.0000						
bullhead_1_efficiency_aligned_dqn_reward_inference	SIM_TRAIN	184	122.0	0.0	-3.49	2.91	0.43	1399	-0.47	0.0000			0.0000						
bullhead_1_efficiency_aligned_dqn_reward_inference	REAL_TRAIN	140	131.7	100.0	-4.82	5.26	0.41	1371		-0.5392	queue=0.0452;delay=0.4146;waiting=0.0794;pressure=0.0;switches=0.0	final;ckpt	154.0000	386.4555	125.2843	15.0000	462.0000	0.0000	queue=0.4519;delay=0.4146;waiting=15.8799;pressure=29.5806;switches=0.9861
bullhead_1_efficiency_aligned_dqn_reward_inference	SIM_TRAIN	185	122.0	0.0	-3.47	2.85	0.43	1400	-0.47	0.0000			0.0000						
bullhead_1_efficiency_aligned_dqn_reward_inference	SIM_TRAIN	186	123.2	0.0	-3.86	3.23	0.43	1400	-0.47	0.0000			0.0000						
bullhead_1_efficiency_aligned_dqn_reward_inference	REAL_TRAIN	142	134.7	100.0	-5.95	6.36	0.43	1370		-0.5822	queue=0.0543;delay=0.4263;waiting=0.1016;pressure=0.0;switches=0.0	final;ckpt	153.0000	393.5723	127.5915	12.0000	585.0000	0.0000	queue=0.5431;delay=0.4263;waiting=20.3111;pressure=30.6694;switches=0.9889
bullhead_1_efficiency_aligned_dqn_reward_inference	SIM_TRAIN	187	121.9	0.0	-3.47	2.90	0.43	1398	-0.47	0.0000			0.0000						
bullhead_1_efficiency_aligned_dqn_reward_inference	SIM_TRAIN	188	121.0	0.0	-3.11	2.58	0.43	1399	-0.46	0.0000			0.0000						
bullhead_1_efficiency_aligned_dqn_reward_inference	REAL_TRAIN	144	136.6	100.0	-6.86	7.25	0.42	1372		-0.6847	queue=0.062;delay=0.422;waiting=0.2007;pressure=0.0;switches=0.0	final;ckpt	152.0000	397.3126	128.8041	12.0000	449.0000	0.0000	queue=0.6199;delay=0.422;waiting=40.1373;pressure=31.4944;switches=0.9944
bullhead_1_efficiency_aligned_dqn_reward_inference	SIM_TRAIN	189	121.2	0.0	-3.28	2.71	0.43	1400	-0.47	0.0000			0.0000						
bullhead_1_efficiency_aligned_dqn_reward_inference	SIM_TRAIN	190	121.3	0.0	-3.21	2.67	0.43	1398	-0.47	0.0000			0.0000						
bullhead_1_efficiency_aligned_dqn_reward_inference	REAL_TRAIN	146	139.8	100.0	-8.03	8.21	0.44	1375		-0.6474	queue=0.0705;delay=0.4421;waiting=0.1348;pressure=0.0;switches=0.0	final;ckpt	0.0000	405.7559	131.5413	9.0000	746.0000	0.0000	queue=0.7049;delay=0.4421;waiting=26.9579;pressure=32.5889;switches=0.8639
bullhead_1_efficiency_aligned_dqn_reward_inference	SIM_TRAIN	191	122.1	0.0	-3.50	2.94	0.43	1399	-0.47	0.0000			0.0000						
bullhead_1_efficiency_aligned_dqn_reward_inference	SIM_TRAIN	192	121.8	0.0	-3.46	2.84	0.43	1398	-0.47	0.0000			0.0000						
bullhead_1_efficiency_aligned_dqn_reward_inference	REAL_TRAIN	148	137.2	100.0	-7.04	7.26	0.46	1368		-0.6344	queue=0.0631;delay=0.4579;waiting=0.1134;pressure=0.0;switches=0.0	final;ckpt	152.0000	399.8096	129.6136	9.0000	704.0000	0.0000	queue=0.6308;delay=0.4579;waiting=22.6731;pressure=31.6083;switches=0.9861
bullhead_1_efficiency_aligned_dqn_reward_inference	SIM_TRAIN	193	122.3	0.0	-3.73	3.06	0.44	1399	-0.49	0.0000			0.0000						
bullhead_1_efficiency_aligned_dqn_reward_inference	SIM_TRAIN	194	121.3	0.0	-3.30	2.74	0.43	1398	-0.47	0.0000			0.0000						
bullhead_1_efficiency_aligned_dqn_reward_inference	REAL_TRAIN	150	129.7	100.0	-4.06	4.52	0.40	1375		-0.4922	queue=0.0392;delay=0.4032;waiting=0.0499;pressure=0.0;switches=0.0	final;ckpt	0.0000	381.8816	123.8014	25.0000	426.0000	0.0000	queue=0.3917;delay=0.4032;waiting=9.9704;pressure=28.8;switches=0.9889
bullhead_1_efficiency_aligned_dqn_reward_inference	SIM_TRAIN	195	121.7	0.0	-3.33	2.78	0.43	1398	-0.47	0.0000			0.0000						
bullhead_1_efficiency_aligned_dqn_reward_inference	SIM_TRAIN	196	121.3	0.0	-3.23	2.66	0.43	1398	-0.46	0.0000			0.0000						
bullhead_1_efficiency_aligned_dqn_reward_inference	REAL_TRAIN	152	133.7	100.0	-5.60	6.01	0.43	1368		-0.5764	queue=0.0516;delay=0.4296;waiting=0.0952;pressure=0.0;switches=0.0	final;ckpt	153.0000	391.0381	126.7699	12.0000	544.0000	1.0000	queue=0.5164;delay=0.4296;waiting=19.0396;pressure=30.3194;switches=0.9972
bullhead_1_efficiency_aligned_dqn_reward_inference	SIM_TRAIN	197	122.0	0.0	-3.41	2.86	0.43	1399	-0.46	0.0000			0.0000						
bullhead_1_efficiency_aligned_dqn_reward_inference	SIM_TRAIN	198	122.9	0.0	-3.87	3.17	0.44	1400	-0.48	0.0000			0.0000						
bullhead_1_efficiency_aligned_dqn_reward_inference	REAL_TRAIN	154	133.3	100.0	-5.38	5.81	0.43	1376		-0.5529	queue=0.0497;delay=0.4306;waiting=0.0726;pressure=0.0;switches=0.0	final;ckpt	0.0000	390.3435	126.5447	10.0000	578.0000	0.0000	queue=0.4972;delay=0.4306;waiting=14.5211;pressure=30.1694;switches=0.9972
bullhead_1_efficiency_aligned_dqn_reward_inference	SIM_TRAIN	199	122.4	0.0	-3.71	3.05	0.43	1399	-0.48	0.0000			0.0000						
bullhead_1_efficiency_aligned_dqn_reward_inference	REAL_TRAIN	155	131.8	100.0	-4.90	5.36	0.41	1373		-0.5362	queue=0.0459;delay=0.4148;waiting=0.0755;pressure=0.0;switches=0.0	final;ckpt	154.0000	386.7789	125.3891	17.0000	452.0000	0.0000	queue=0.4593;delay=0.4148;waiting=15.109;pressure=29.6306;switches=0.9917
bullhead_1_efficiency_aligned_dqn_reward_inference	REAL_TEST	0	125.7	100.0	-2.76	3.06	0.39	1373		-0.4383	queue=0.0295;delay=0.3927;waiting=0.016;pressure=0.0;switches=0.0		153.0000	373.0774	120.9472	17.0000	380.0000	0.0000	queue=0.2954;delay=0.3927;waiting=3.2069;pressure=27.3556;switches=0.9806
