tempe_16_barrier_leading_fixed_dqn_dr	SIM_TRAIN	0	102.1	0.0	-145.41	10.85	0.30	21196	0.0000	0.0556
tempe_16_barrier_leading_fixed_dqn_dr	SIM_TRAIN	1	102.7	0.0	-145.86	11.04	0.29	21178	0.0000	0.0580
tempe_16_barrier_leading_fixed_dqn_dr	SIM_TRAIN	2	99.2	7.5	-134.73	9.80	0.30	21258	0.0000	0.0644
tempe_16_barrier_leading_fixed_dqn_dr	SIM_TRAIN	3	92.7	5.6	-94.96	7.91	0.27	21261	0.0000	0.0804
tempe_16_barrier_leading_fixed_dqn_dr	REAL_TEST	3	240.3	100.0	-470.73	36.91	0.32	17815	0.0000	0.1092
tempe_16_barrier_leading_fixed_dqn_dr	SIM_TRAIN	4	87.2	4.4	-74.23	5.79	0.27	21278	0.0000	0.0618
tempe_16_barrier_leading_fixed_dqn_dr	SIM_TRAIN	5	97.4	3.8	-123.21	9.13	0.30	21247	0.0000	0.0792
tempe_16_barrier_leading_fixed_dqn_dr	SIM_TRAIN	6	89.2	3.6	-91.47	6.56	0.29	21254	0.0000	0.0729
tempe_16_barrier_leading_fixed_dqn_dr	REAL_TEST	6	125.8	100.0	-187.41	14.91	0.29	20177	0.0000	0.0872
tempe_16_barrier_leading_fixed_dqn_dr	SIM_TRAIN	7	89.2	3.2	-87.95	6.48	0.27	21268	0.0000	0.0701
tempe_16_barrier_leading_fixed_dqn_dr	SIM_TRAIN	8	88.6	3.1	-83.76	6.27	0.27	21271	0.0000	0.0667
tempe_16_barrier_leading_fixed_dqn_dr	SIM_TRAIN	9	88.7	2.9	-82.41	6.22	0.27	21280	0.0000	0.0550
tempe_16_barrier_leading_fixed_dqn_dr	REAL_TEST	9	130.5	100.0	-198.04	16.14	0.30	20077	0.0000	0.0898
tempe_16_barrier_leading_fixed_dqn_dr	SIM_TRAIN	10	89.2	2.8	-85.48	6.47	0.28	21256	0.0000	0.0703
tempe_16_barrier_leading_fixed_dqn_dr	SIM_TRAIN	11	85.9	2.7	-70.13	5.28	0.26	21294	0.0000	0.0618
tempe_16_barrier_leading_fixed_dqn_dr	SIM_TRAIN	12	88.3	2.5	-80.18	6.04	0.26	21276	0.0000	0.0653
tempe_16_barrier_leading_fixed_dqn_dr	REAL_TEST	12	203.0	100.0	-374.48	30.74	0.32	18606	0.0000	0.0931
tempe_16_barrier_leading_fixed_dqn_dr	SIM_TRAIN	13	85.9	2.4	-68.71	5.21	0.26	21280	0.0000	0.0552
tempe_16_barrier_leading_fixed_dqn_dr	SIM_TRAIN	14	88.9	2.3	-84.64	6.34	0.27	21299	0.0000	0.0620
tempe_16_barrier_leading_fixed_dqn_dr	SIM_TRAIN	15	89.0	2.1	-84.06	6.35	0.27	21260	0.0000	0.0604
tempe_16_barrier_leading_fixed_dqn_dr	REAL_TEST	15	265.8	100.0	-596.63	46.03	0.33	17365	0.0000	0.1017
tempe_16_barrier_leading_fixed_dqn_dr	SIM_TRAIN	16	98.4	2.0	-90.23	6.56	0.28	21132	0.0000	0.0644
tempe_16_barrier_leading_fixed_dqn_dr	SIM_TRAIN	17	85.8	1.8	-72.98	5.27	0.26	21293	0.0000	0.0658
tempe_16_barrier_leading_fixed_dqn_dr	SIM_TRAIN	18	86.9	1.7	-77.33	5.58	0.27	21292	0.0000	0.0661
tempe_16_barrier_leading_fixed_dqn_dr	REAL_TEST	18	256.8	100.0	-602.41	46.93	0.34	17675	0.0000	0.1092
tempe_16_barrier_leading_fixed_dqn_dr	SIM_TRAIN	19	89.3	1.7	-89.01	6.50	0.27	21280	0.0000	0.0677
tempe_16_barrier_leading_fixed_dqn_dr	SIM_TRAIN	20	90.8	1.6	-94.87	7.06	0.28	21260	0.0000	0.0726
tempe_16_barrier_leading_fixed_dqn_dr	SIM_TRAIN	21	87.9	1.6	-81.13	5.90	0.27	21284	0.0000	0.0627
tempe_16_barrier_leading_fixed_dqn_dr	REAL_TEST	21	243.0	100.0	-569.72	44.89	0.33	17953	0.0000	0.1031
tempe_16_barrier_leading_fixed_dqn_dr	SIM_TRAIN	22	85.5	1.7	-65.02	5.10	0.25	21274	0.0000	0.0592
tempe_16_barrier_leading_fixed_dqn_dr	SIM_TRAIN	23	88.3	1.6	-80.87	6.15	0.29	21273	0.0000	0.0731
tempe_16_barrier_leading_fixed_dqn_dr	SIM_TRAIN	24	86.7	1.6	-75.18	5.56	0.26	21289	0.0000	0.0609
tempe_16_barrier_leading_fixed_dqn_dr	REAL_TEST	24	236.5	100.0	-543.38	43.42	0.33	18014	0.0000	0.1078
tempe_16_barrier_leading_fixed_dqn_dr	SIM_TRAIN	25	90.4	1.6	-96.03	6.82	0.29	21259	0.0000	0.0774
tempe_16_barrier_leading_fixed_dqn_dr	SIM_TRAIN	26	85.2	1.5	-64.85	5.02	0.25	21286	0.0000	0.0583
tempe_16_barrier_leading_fixed_dqn_dr	SIM_TRAIN	27	90.0	1.5	-89.71	6.81	0.29	21266	0.0000	0.0705
tempe_16_barrier_leading_fixed_dqn_dr	REAL_TEST	27	190.1	100.0	-370.43	35.08	0.30	19438	0.0000	0.0997
tempe_16_barrier_leading_fixed_dqn_dr	SIM_TRAIN	28	86.6	1.4	-75.00	5.48	0.27	21289	0.0000	0.0663
tempe_16_barrier_leading_fixed_dqn_dr	SIM_TRAIN	29	84.5	1.4	-62.16	4.76	0.25	21290	0.0000	0.0576
tempe_16_barrier_leading_fixed_dqn_dr	SIM_TRAIN	30	88.5	1.4	-81.16	6.14	0.27	21283	0.0000	0.0632
tempe_16_barrier_leading_fixed_dqn_dr	REAL_TEST	30	205.0	100.0	-412.28	39.52	0.31	19121	0.0000	0.1062
tempe_16_barrier_leading_fixed_dqn_dr	SIM_TRAIN	31	85.4	1.4	-66.17	5.08	0.26	21299	0.0000	0.0609
tempe_16_barrier_leading_fixed_dqn_dr	SIM_TRAIN	32	88.3	1.4	-78.78	6.04	0.26	21273	0.0000	0.0616
tempe_16_barrier_leading_fixed_dqn_dr	SIM_TRAIN	33	85.5	1.4	-69.86	5.18	0.26	21280	0.0000	0.0641
tempe_16_barrier_leading_fixed_dqn_dr	REAL_TEST	33	196.3	100.0	-396.59	38.14	0.31	19359	0.0000	0.1142
tempe_16_barrier_leading_fixed_dqn_dr	SIM_TRAIN	34	88.1	1.3	-82.06	6.10	0.28	21259	0.0000	0.0755
tempe_16_barrier_leading_fixed_dqn_dr	SIM_TRAIN	35	131.3	1.9	-272.64	19.10	0.31	20792	0.0000	0.0898
tempe_16_barrier_leading_fixed_dqn_dr	SIM_TRAIN	36	91.8	3.8	-95.50	7.43	0.27	21229	0.0000	0.0698
tempe_16_barrier_leading_fixed_dqn_dr	REAL_TEST	36	252.2	100.0	-580.03	49.11	0.35	17623	0.0000	0.1118
tempe_16_barrier_leading_fixed_dqn_dr	SIM_TRAIN	37	89.3	2.5	-85.68	6.54	0.28	21252	0.0000	0.0682
tempe_16_barrier_leading_fixed_dqn_dr	SIM_TRAIN	38	88.9	2.3	-85.03	6.28	0.28	21295	0.0000	0.0646
tempe_16_barrier_leading_fixed_dqn_dr	SIM_TRAIN	39	88.2	2.1	-84.81	6.15	0.28	21266	0.0000	0.0642
tempe_16_barrier_leading_fixed_dqn_dr	REAL_TEST	39	149.4	100.0	-271.42	23.93	0.30	20271	0.0000	0.0951
tempe_16_barrier_leading_fixed_dqn_dr	SIM_TRAIN	40	106.1	3.6	-155.12	11.79	0.29	21246	0.0000	0.0752
tempe_16_barrier_leading_fixed_dqn_dr	SIM_TRAIN	41	90.1	6.0	-97.18	6.81	0.29	21263	0.0000	0.0734
tempe_16_barrier_leading_fixed_dqn_dr	SIM_TRAIN	42	87.3	6.5	-78.24	5.75	0.27	21272	0.0000	0.0719
tempe_16_barrier_leading_fixed_dqn_dr	REAL_TEST	42	187.7	100.0	-391.46	36.64	0.31	18743	0.0000	0.1082
tempe_16_barrier_leading_fixed_dqn_dr	SIM_TRAIN	43	86.0	6.1	-72.70	5.37	0.27	21268	0.0000	0.0649
tempe_16_barrier_leading_fixed_dqn_dr	SIM_TRAIN	44	87.9	7.0	-79.63	6.01	0.27	21254	0.0000	0.0611
tempe_16_barrier_leading_fixed_dqn_dr	SIM_TRAIN	45	88.8	7.6	-85.72	6.26	0.28	21279	0.0000	0.0707
tempe_16_barrier_leading_fixed_dqn_dr	REAL_TEST	45	143.0	100.0	-255.63	20.74	0.30	20089	0.0000	0.0976
tempe_16_barrier_leading_fixed_dqn_dr	SIM_TRAIN	46	87.6	8.2	-77.30	5.81	0.26	21280	0.0000	0.0601
tempe_16_barrier_leading_fixed_dqn_dr	SIM_TRAIN	47	88.8	10.1	-88.77	6.36	0.29	21261	0.0000	0.0628
tempe_16_barrier_leading_fixed_dqn_dr	SIM_TRAIN	48	86.5	8.8	-71.18	5.44	0.26	21276	0.0000	0.0566
tempe_16_barrier_leading_fixed_dqn_dr	REAL_TEST	48	377.6	100.0	-891.46	67.21	0.39	13947	0.0000	0.1153
tempe_16_barrier_leading_fixed_dqn_dr	SIM_TRAIN	49	86.8	10.1	-73.63	5.52	0.26	21289	0.0000	0.0611
tempe_16_barrier_leading_fixed_dqn_dr	SIM_TRAIN	50	86.7	8.6	-77.32	5.60	0.28	21281	0.0000	0.0726
tempe_16_barrier_leading_fixed_dqn_dr	SIM_TRAIN	51	86.7	9.6	-75.67	5.61	0.28	21261	0.0000	0.0707
tempe_16_barrier_leading_fixed_dqn_dr	REAL_TEST	51	146.6	100.0	-225.39	20.27	0.30	20086	0.0000	0.0839
tempe_16_barrier_leading_fixed_dqn_dr	SIM_TRAIN	52	93.0	8.0	-107.53	7.87	0.30	21218	0.0000	0.0748
tempe_16_barrier_leading_fixed_dqn_dr	SIM_TRAIN	53	87.9	7.7	-81.94	6.00	0.28	21288	0.0000	0.0667
tempe_16_barrier_leading_fixed_dqn_dr	SIM_TRAIN	54	101.7	3.8	-130.16	9.33	0.28	21264	0.0000	0.0691
tempe_16_barrier_leading_fixed_dqn_dr	REAL_TEST	54	246.9	100.0	-517.60	42.40	0.34	17449	0.0000	0.0977
tempe_16_barrier_leading_fixed_dqn_dr	SIM_TRAIN	55	86.3	1.5	-71.88	5.42	0.27	21267	0.0000	0.0554
tempe_16_barrier_leading_fixed_dqn_dr	SIM_TRAIN	56	86.0	1.5	-67.68	5.23	0.25	21291	0.0000	0.0576
tempe_16_barrier_leading_fixed_dqn_dr	SIM_TRAIN	57	88.3	1.5	-86.29	6.13	0.28	21288	0.0000	0.0727
tempe_16_barrier_leading_fixed_dqn_dr	REAL_TEST	57	211.3	100.0	-370.09	31.76	0.32	17975	0.0000	0.1012
tempe_16_barrier_leading_fixed_dqn_dr	SIM_TRAIN	58	88.1	1.5	-82.15	6.04	0.27	21281	0.0000	0.0602
tempe_16_barrier_leading_fixed_dqn_dr	SIM_TRAIN	59	94.2	1.5	-101.94	7.38	0.28	21187	0.0000	0.0729
tempe_16_barrier_leading_fixed_dqn_dr	SIM_TRAIN	60	87.0	1.5	-78.28	5.66	0.27	21278	0.0000	0.0675
tempe_16_barrier_leading_fixed_dqn_dr	REAL_TEST	60	259.3	100.0	-645.16	47.70	0.35	17236	0.0000	0.1148
tempe_16_barrier_leading_fixed_dqn_dr	SIM_TRAIN	61	90.4	1.5	-100.15	6.85	0.29	21247	0.0000	0.0661
tempe_16_barrier_leading_fixed_dqn_dr	SIM_TRAIN	62	85.8	1.5	-72.31	5.20	0.26	21275	0.0000	0.0649
tempe_16_barrier_leading_fixed_dqn_dr	SIM_TRAIN	63	88.6	1.5	-83.65	6.20	0.27	21276	0.0000	0.0625
tempe_16_barrier_leading_fixed_dqn_dr	REAL_TEST	63	360.2	100.0	-897.88	69.45	0.37	15310	0.0000	0.1307
tempe_16_barrier_leading_fixed_dqn_dr	SIM_TRAIN	64	95.1	1.5	-107.64	8.47	0.27	21218	0.0000	0.0639
tempe_16_barrier_leading_fixed_dqn_dr	SIM_TRAIN	65	85.9	1.6	-68.25	5.24	0.27	21292	0.0000	0.0648
tempe_16_barrier_leading_fixed_dqn_dr	SIM_TRAIN	66	97.6	1.7	-118.31	8.28	0.28	21276	0.0000	0.0747
tempe_16_barrier_leading_fixed_dqn_dr	REAL_TEST	66	291.5	100.0	-750.17	54.02	0.37	16538	0.0000	0.1233
tempe_16_barrier_leading_fixed_dqn_dr	SIM_TRAIN	67	85.6	1.9	-70.31	5.16	0.26	21266	0.0000	0.0630
tempe_16_barrier_leading_fixed_dqn_dr	SIM_TRAIN	68	85.8	1.6	-67.95	5.20	0.26	21305	0.0000	0.0611
tempe_16_barrier_leading_fixed_dqn_dr	SIM_TRAIN	69	87.4	1.5	-79.54	5.73	0.27	21272	0.0000	0.0701
tempe_16_barrier_leading_fixed_dqn_dr	REAL_TEST	69	240.7	100.0	-598.31	42.29	0.36	18037	0.0000	0.1208
tempe_16_barrier_leading_fixed_dqn_dr	SIM_TRAIN	70	86.9	1.5	-75.97	5.68	0.27	21293	0.0000	0.0714
tempe_16_barrier_leading_fixed_dqn_dr	SIM_TRAIN	71	88.5	1.4	-80.33	6.18	0.27	21261	0.0000	0.0696
tempe_16_barrier_leading_fixed_dqn_dr	SIM_TRAIN	72	85.3	1.4	-65.54	5.08	0.25	21289	0.0000	0.0575
tempe_16_barrier_leading_fixed_dqn_dr	REAL_TEST	72	185.0	100.0	-382.40	33.24	0.32	19469	0.0000	0.1073
tempe_16_barrier_leading_fixed_dqn_dr	SIM_TRAIN	73	90.3	1.4	-98.77	6.94	0.29	21273	0.0000	0.0755
tempe_16_barrier_leading_fixed_dqn_dr	SIM_TRAIN	74	88.9	1.4	-86.65	6.35	0.28	21256	0.0000	0.0766
tempe_16_barrier_leading_fixed_dqn_dr	SIM_TRAIN	75	86.6	1.4	-72.89	5.48	0.27	21299	0.0000	0.0689
tempe_16_barrier_leading_fixed_dqn_dr	REAL_TEST	75	179.5	100.0	-377.31	35.12	0.31	19510	0.0000	0.1069
tempe_16_barrier_leading_fixed_dqn_dr	SIM_TRAIN	76	85.8	1.3	-69.68	5.22	0.27	21259	0.0000	0.0644
tempe_16_barrier_leading_fixed_dqn_dr	SIM_TRAIN	77	86.3	1.3	-69.93	5.39	0.26	21288	0.0000	0.0701
tempe_16_barrier_leading_fixed_dqn_dr	SIM_TRAIN	78	87.4	1.3	-75.99	5.71	0.26	21274	0.0000	0.0681
tempe_16_barrier_leading_fixed_dqn_dr	REAL_TEST	78	197.6	100.0	-416.74	39.91	0.31	19095	0.0000	0.1141
tempe_16_barrier_leading_fixed_dqn_dr	SIM_TRAIN	79	89.9	1.2	-87.90	6.65	0.27	21266	0.0000	0.0741
tempe_16_barrier_leading_fixed_dqn_dr	SIM_TRAIN	80	86.7	1.2	-77.46	5.64	0.28	21280	0.0000	0.0740
tempe_16_barrier_leading_fixed_dqn_dr	SIM_TRAIN	81	92.4	1.2	-99.04	7.59	0.27	21207	0.0000	0.0635
tempe_16_barrier_leading_fixed_dqn_dr	REAL_TEST	81	173.2	100.0	-347.28	32.28	0.32	19215	0.0000	0.1142
tempe_16_barrier_leading_fixed_dqn_dr	SIM_TRAIN	82	89.4	1.2	-92.18	6.55	0.30	21275	0.0000	0.0694
tempe_16_barrier_leading_fixed_dqn_dr	SIM_TRAIN	83	85.4	1.2	-67.13	5.07	0.26	21271	0.0000	0.0622
tempe_16_barrier_leading_fixed_dqn_dr	SIM_TRAIN	84	90.4	1.2	-91.32	6.79	0.27	21250	0.0000	0.0703
tempe_16_barrier_leading_fixed_dqn_dr	REAL_TEST	84	207.6	100.0	-446.51	42.99	0.32	18812	0.0000	0.1101
tempe_16_barrier_leading_fixed_dqn_dr	SIM_TRAIN	85	86.8	1.2	-76.82	5.63	0.27	21275	0.0000	0.0731
tempe_16_barrier_leading_fixed_dqn_dr	SIM_TRAIN	86	86.7	1.2	-76.97	5.61	0.28	21277	0.0000	0.0710
tempe_16_barrier_leading_fixed_dqn_dr	SIM_TRAIN	87	87.0	1.2	-78.11	5.66	0.27	21286	0.0000	0.0670
tempe_16_barrier_leading_fixed_dqn_dr	REAL_TEST	87	214.6	100.0	-454.67	40.61	0.33	18901	0.0000	0.1059
tempe_16_barrier_leading_fixed_dqn_dr	SIM_TRAIN	88	87.3	1.1	-78.25	5.79	0.28	21270	0.0000	0.0750
tempe_16_barrier_leading_fixed_dqn_dr	SIM_TRAIN	89	87.4	1.1	-79.42	5.88	0.27	21289	0.0000	0.0696
tempe_16_barrier_leading_fixed_dqn_dr	SIM_TRAIN	90	90.9	1.2	-97.88	7.14	0.28	21252	0.0000	0.0722
tempe_16_barrier_leading_fixed_dqn_dr	REAL_TEST	90	184.5	100.0	-378.37	35.01	0.31	19459	0.0000	0.1148
tempe_16_barrier_leading_fixed_dqn_dr	SIM_TRAIN	91	88.3	1.2	-80.80	6.12	0.27	21280	0.0000	0.0660
tempe_16_barrier_leading_fixed_dqn_dr	SIM_TRAIN	92	86.0	1.2	-69.79	5.30	0.26	21276	0.0000	0.0583
tempe_16_barrier_leading_fixed_dqn_dr	SIM_TRAIN	93	91.4	1.2	-96.07	7.25	0.29	21277	0.0000	0.0715
tempe_16_barrier_leading_fixed_dqn_dr	REAL_TEST	93	336.3	100.0	-791.78	64.75	0.34	16258	0.0000	0.1236
tempe_16_barrier_leading_fixed_dqn_dr	SIM_TRAIN	94	87.7	1.2	-82.64	5.99	0.28	21283	0.0000	0.0719
tempe_16_barrier_leading_fixed_dqn_dr	SIM_TRAIN	95	86.7	1.1	-71.50	5.54	0.26	21269	0.0000	0.0675
tempe_16_barrier_leading_fixed_dqn_dr	SIM_TRAIN	96	86.3	1.1	-69.16	5.34	0.25	21295	0.0000	0.0609
tempe_16_barrier_leading_fixed_dqn_dr	REAL_TEST	96	180.1	100.0	-311.32	28.10	0.31	19207	0.0000	0.1135
tempe_16_barrier_leading_fixed_dqn_dr	SIM_TRAIN	97	90.9	1.1	-96.27	6.99	0.28	21250	0.0000	0.0736
tempe_16_barrier_leading_fixed_dqn_dr	SIM_TRAIN	98	88.7	1.2	-83.51	6.33	0.28	21257	0.0000	0.0826
tempe_16_barrier_leading_fixed_dqn_dr	SIM_TRAIN	99	84.7	1.2	-65.11	4.90	0.25	21290	0.0000	0.0622
tempe_16_barrier_leading_fixed_dqn_dr	REAL_TEST	99	197.8	100.0	-380.55	32.23	0.32	18946	0.0000	0.1153
tempe_16_barrier_leading_fixed_dqn_dr	SIM_TRAIN	100	85.1	1.2	-65.29	4.98	0.26	21287	0.0000	0.0623
tempe_16_barrier_leading_fixed_dqn_dr	SIM_TRAIN	101	88.8	1.2	-86.42	6.33	0.27	21285	0.0000	0.0771
tempe_16_barrier_leading_fixed_dqn_dr	SIM_TRAIN	102	90.9	1.2	-94.88	7.05	0.28	21249	0.0000	0.0792
tempe_16_barrier_leading_fixed_dqn_dr	REAL_TEST	102	213.8	100.0	-424.29	35.06	0.33	18746	0.0000	0.1215
tempe_16_barrier_leading_fixed_dqn_dr	SIM_TRAIN	103	87.8	1.2	-78.17	5.90	0.27	21271	0.0000	0.0655
tempe_16_barrier_leading_fixed_dqn_dr	SIM_TRAIN	104	87.1	1.2	-80.67	5.71	0.27	21300	0.0000	0.0705
tempe_16_barrier_leading_fixed_dqn_dr	SIM_TRAIN	105	91.2	1.2	-100.43	7.20	0.30	21229	0.0000	0.0835
tempe_16_barrier_leading_fixed_dqn_dr	REAL_TEST	105	254.5	100.0	-620.12	47.02	0.34	17619	0.0000	0.1248
tempe_16_barrier_leading_fixed_dqn_dr	SIM_TRAIN	106	86.9	1.2	-74.77	5.60	0.27	21276	0.0000	0.0658
tempe_16_barrier_leading_fixed_dqn_dr	SIM_TRAIN	107	90.4	1.2	-96.60	6.90	0.30	21252	0.0000	0.0766
tempe_16_barrier_leading_fixed_dqn_dr	SIM_TRAIN	108	89.9	1.2	-89.29	6.61	0.27	21267	0.0000	0.0828
tempe_16_barrier_leading_fixed_dqn_dr	REAL_TEST	108	191.3	100.0	-359.64	30.72	0.31	18921	0.0000	0.1078
tempe_16_barrier_leading_fixed_dqn_dr	SIM_TRAIN	109	86.8	1.2	-74.77	5.60	0.27	21272	0.0000	0.0601
tempe_16_barrier_leading_fixed_dqn_dr	SIM_TRAIN	110	85.7	1.2	-71.25	5.18	0.27	21285	0.0000	0.0688
tempe_16_barrier_leading_fixed_dqn_dr	SIM_TRAIN	111	87.9	1.2	-81.80	6.00	0.28	21269	0.0000	0.0722
tempe_16_barrier_leading_fixed_dqn_dr	REAL_TEST	111	327.8	100.0	-804.90	61.83	0.35	16048	0.0000	0.1269
tempe_16_barrier_leading_fixed_dqn_dr	SIM_TRAIN	112	90.7	1.2	-97.02	6.96	0.29	21278	0.0000	0.0778
tempe_16_barrier_leading_fixed_dqn_dr	SIM_TRAIN	113	89.5	1.2	-91.51	6.56	0.30	21281	0.0000	0.0729
tempe_16_barrier_leading_fixed_dqn_dr	SIM_TRAIN	114	86.0	1.2	-68.59	5.25	0.26	21291	0.0000	0.0615
tempe_16_barrier_leading_fixed_dqn_dr	REAL_TEST	114	317.4	100.0	-775.90	59.04	0.35	16255	0.0000	0.1151
tempe_16_barrier_leading_fixed_dqn_dr	SIM_TRAIN	115	87.1	1.2	-75.63	5.71	0.27	21265	0.0000	0.0665
tempe_16_barrier_leading_fixed_dqn_dr	SIM_TRAIN	116	88.6	1.1	-83.89	6.19	0.27	21275	0.0000	0.0802
tempe_16_barrier_leading_fixed_dqn_dr	SIM_TRAIN	117	87.3	1.2	-75.08	5.71	0.26	21276	0.0000	0.0620
tempe_16_barrier_leading_fixed_dqn_dr	REAL_TEST	117	190.0	100.0	-453.43	32.54	0.32	19085	0.0000	0.1139
tempe_16_barrier_leading_fixed_dqn_dr	SIM_TRAIN	118	89.1	1.2	-84.60	6.38	0.27	21251	0.0000	0.0719
tempe_16_barrier_leading_fixed_dqn_dr	SIM_TRAIN	119	89.6	1.1	-86.23	6.60	0.28	21276	0.0000	0.0773
tempe_16_barrier_leading_fixed_dqn_dr	SIM_TRAIN	120	86.3	1.1	-73.86	5.33	0.26	21286	0.0000	0.0589
tempe_16_barrier_leading_fixed_dqn_dr	REAL_TEST	120	198.0	100.0	-488.37	34.61	0.33	18692	0.0000	0.1149
tempe_16_barrier_leading_fixed_dqn_dr	SIM_TRAIN	121	86.0	1.1	-69.27	5.24	0.26	21277	0.0000	0.0569
tempe_16_barrier_leading_fixed_dqn_dr	SIM_TRAIN	122	86.9	1.1	-80.02	5.71	0.28	21280	0.0000	0.0736
tempe_16_barrier_leading_fixed_dqn_dr	SIM_TRAIN	123	85.3	1.1	-66.11	5.01	0.26	21283	0.0000	0.0599
tempe_16_barrier_leading_fixed_dqn_dr	REAL_TEST	123	197.6	100.0	-476.68	34.78	0.33	18695	0.0000	0.1181
tempe_16_barrier_leading_fixed_dqn_dr	SIM_TRAIN	124	87.1	1.1	-74.77	5.66	0.27	21276	0.0000	0.0639
tempe_16_barrier_leading_fixed_dqn_dr	SIM_TRAIN	125	87.9	1.1	-78.54	5.93	0.26	21284	0.0000	0.0648
tempe_16_barrier_leading_fixed_dqn_dr	SIM_TRAIN	126	90.2	1.1	-91.77	6.81	0.28	21280	0.0000	0.0818
tempe_16_barrier_leading_fixed_dqn_dr	REAL_TEST	126	218.6	100.0	-541.05	40.74	0.33	17939	0.0000	0.1160
tempe_16_barrier_leading_fixed_dqn_dr	SIM_TRAIN	127	87.4	1.1	-76.37	5.74	0.28	21283	0.0000	0.0745
tempe_16_barrier_leading_fixed_dqn_dr	SIM_TRAIN	128	86.5	1.1	-75.16	5.57	0.27	21256	0.0000	0.0722
tempe_16_barrier_leading_fixed_dqn_dr	SIM_TRAIN	129	94.7	1.1	-104.89	8.31	0.27	21270	0.0000	0.0675
tempe_16_barrier_leading_fixed_dqn_dr	REAL_TEST	129	131.1	100.0	-216.28	17.42	0.30	20316	0.0000	0.1033
tempe_16_barrier_leading_fixed_dqn_dr	SIM_TRAIN	130	87.6	1.2	-77.62	5.79	0.26	21279	0.0000	0.0641
tempe_16_barrier_leading_fixed_dqn_dr	SIM_TRAIN	131	87.4	1.2	-73.97	5.81	0.26	21254	0.0000	0.0630
tempe_16_barrier_leading_fixed_dqn_dr	SIM_TRAIN	132	85.5	1.1	-67.46	5.12	0.26	21277	0.0000	0.0635
tempe_16_barrier_leading_fixed_dqn_dr	REAL_TEST	132	148.8	100.0	-263.32	22.58	0.31	19615	0.0000	0.1090
tempe_16_barrier_leading_fixed_dqn_dr	SIM_TRAIN	133	86.9	1.1	-74.53	5.58	0.28	21285	0.0000	0.0714
tempe_16_barrier_leading_fixed_dqn_dr	SIM_TRAIN	134	89.4	1.1	-91.40	6.63	0.31	21247	0.0000	0.0854
tempe_16_barrier_leading_fixed_dqn_dr	SIM_TRAIN	135	88.0	1.1	-77.75	5.98	0.27	21275	0.0000	0.0720
tempe_16_barrier_leading_fixed_dqn_dr	REAL_TEST	135	147.7	100.0	-252.43	19.21	0.31	19823	0.0000	0.1035
tempe_16_barrier_leading_fixed_dqn_dr	SIM_TRAIN	136	86.5	1.1	-71.74	5.45	0.27	21286	0.0000	0.0639
tempe_16_barrier_leading_fixed_dqn_dr	SIM_TRAIN	137	92.4	1.1	-97.23	7.58	0.28	21255	0.0000	0.0783
tempe_16_barrier_leading_fixed_dqn_dr	SIM_TRAIN	138	85.7	1.1	-70.94	5.30	0.27	21294	0.0000	0.0724
tempe_16_barrier_leading_fixed_dqn_dr	REAL_TEST	138	130.3	100.0	-203.00	16.51	0.30	20374	0.0000	0.0958
tempe_16_barrier_leading_fixed_dqn_dr	SIM_TRAIN	139	86.5	1.1	-75.23	5.50	0.27	21278	0.0000	0.0726
tempe_16_barrier_leading_fixed_dqn_dr	SIM_TRAIN	140	87.0	1.1	-78.55	5.61	0.27	21279	0.0000	0.0710
tempe_16_barrier_leading_fixed_dqn_dr	SIM_TRAIN	141	85.5	1.1	-67.61	5.12	0.26	21294	0.0000	0.0634
tempe_16_barrier_leading_fixed_dqn_dr	REAL_TEST	141	173.2	100.0	-320.80	29.46	0.30	19520	0.0000	0.1111
tempe_16_barrier_leading_fixed_dqn_dr	SIM_TRAIN	142	119.9	1.6	-212.76	14.42	0.29	20782	0.0000	0.0764
tempe_16_barrier_leading_fixed_dqn_dr	SIM_TRAIN	143	85.9	4.1	-69.23	5.28	0.27	21289	0.0000	0.0615
tempe_16_barrier_leading_fixed_dqn_dr	SIM_TRAIN	144	84.3	4.5	-60.76	4.68	0.25	21282	0.0000	0.0604
tempe_16_barrier_leading_fixed_dqn_dr	REAL_TEST	144	244.2	100.0	-531.14	39.97	0.34	17655	0.0000	0.1177
tempe_16_barrier_leading_fixed_dqn_dr	SIM_TRAIN	145	88.6	2.7	-78.99	6.16	0.27	21269	0.0000	0.0625
tempe_16_barrier_leading_fixed_dqn_dr	SIM_TRAIN	146	86.2	2.1	-74.94	5.40	0.26	21287	0.0000	0.0665
tempe_16_barrier_leading_fixed_dqn_dr	SIM_TRAIN	147	93.2	2.1	-105.56	7.83	0.27	21229	0.0000	0.0698
tempe_16_barrier_leading_fixed_dqn_dr	REAL_TEST	147	317.2	100.0	-723.52	58.56	0.34	16459	0.0000	0.1076
tempe_16_barrier_leading_fixed_dqn_dr	SIM_TRAIN	148	95.0	2.2	-93.87	7.35	0.26	21178	0.0000	0.0665
tempe_16_barrier_leading_fixed_dqn_dr	SIM_TRAIN	149	89.3	2.5	-89.53	6.51	0.29	21281	0.0000	0.0745
tempe_16_barrier_leading_fixed_dqn_dr	SIM_TRAIN	150	89.4	2.8	-86.28	6.55	0.28	21275	0.0000	0.0764
tempe_16_barrier_leading_fixed_dqn_dr	REAL_TEST	150	259.0	100.0	-595.64	46.01	0.33	17077	0.0000	0.1198
tempe_16_barrier_leading_fixed_dqn_dr	SIM_TRAIN	151	86.5	3.1	-75.75	5.49	0.28	21284	0.0000	0.0681
tempe_16_barrier_leading_fixed_dqn_dr	SIM_TRAIN	152	91.6	3.3	-94.70	7.32	0.28	21259	0.0000	0.0677
tempe_16_barrier_leading_fixed_dqn_dr	SIM_TRAIN	153	92.8	3.5	-98.00	6.96	0.28	21254	0.0000	0.0681
tempe_16_barrier_leading_fixed_dqn_dr	REAL_TEST	153	223.5	100.0	-495.16	37.36	0.33	18105	0.0000	0.1033
tempe_16_barrier_leading_fixed_dqn_dr	SIM_TRAIN	154	90.5	3.5	-95.10	6.85	0.28	21252	0.0000	0.0731
tempe_16_barrier_leading_fixed_dqn_dr	SIM_TRAIN	155	86.7	3.1	-76.61	5.52	0.28	21297	0.0000	0.0609
tempe_16_barrier_leading_fixed_dqn_dr	SIM_TRAIN	156	98.6	2.7	-127.50	9.58	0.29	21256	0.0000	0.0741
tempe_16_barrier_leading_fixed_dqn_dr	REAL_TEST	156	156.8	100.0	-242.91	20.38	0.31	20174	0.0000	0.0958
tempe_16_barrier_leading_fixed_dqn_dr	SIM_TRAIN	157	86.5	1.7	-69.48	5.44	0.25	21276	0.0000	0.0592
tempe_16_barrier_leading_fixed_dqn_dr	SIM_TRAIN	158	89.9	1.7	-85.03	6.61	0.27	21271	0.0000	0.0684
tempe_16_barrier_leading_fixed_dqn_dr	SIM_TRAIN	159	85.3	1.7	-66.62	5.11	0.27	21290	0.0000	0.0665
tempe_16_barrier_leading_fixed_dqn_dr	REAL_TEST	159	248.5	100.0	-454.15	45.17	0.31	18453	0.0000	0.0967
tempe_16_barrier_leading_fixed_dqn_dr	SIM_TRAIN	160	87.4	1.7	-78.48	5.84	0.28	21272	0.0000	0.0729
tempe_16_barrier_leading_fixed_dqn_dr	SIM_TRAIN	161	90.1	1.6	-88.03	6.80	0.26	21199	0.0000	0.0712
tempe_16_barrier_leading_fixed_dqn_dr	SIM_TRAIN	162	91.1	1.6	-97.59	7.10	0.28	21262	0.0000	0.0670
tempe_16_barrier_leading_fixed_dqn_dr	REAL_TEST	162	255.7	100.0	-466.98	45.90	0.32	18230	0.0000	0.1101
tempe_16_barrier_leading_fixed_dqn_dr	SIM_TRAIN	163	87.4	1.5	-80.93	5.82	0.28	21277	0.0000	0.0691
tempe_16_barrier_leading_fixed_dqn_dr	SIM_TRAIN	164	88.0	1.5	-81.30	6.07	0.29	21271	0.0000	0.0747
tempe_16_barrier_leading_fixed_dqn_dr	SIM_TRAIN	165	86.5	1.5	-72.08	5.46	0.25	21278	0.0000	0.0632
tempe_16_barrier_leading_fixed_dqn_dr	REAL_TEST	165	253.6	100.0	-472.33	46.63	0.32	18320	0.0000	0.1005
tempe_16_barrier_leading_fixed_dqn_dr	SIM_TRAIN	166	87.8	1.5	-83.57	5.96	0.27	21280	0.0000	0.0724
tempe_16_barrier_leading_fixed_dqn_dr	SIM_TRAIN	167	86.5	1.5	-71.12	5.45	0.26	21294	0.0000	0.0604
tempe_16_barrier_leading_fixed_dqn_dr	SIM_TRAIN	168	85.3	1.4	-69.72	5.03	0.26	21289	0.0000	0.0642
tempe_16_barrier_leading_fixed_dqn_dr	REAL_TEST	168	274.1	100.0	-535.24	50.85	0.33	18033	0.0000	0.1170
tempe_16_barrier_leading_fixed_dqn_dr	SIM_TRAIN	169	85.9	1.4	-69.47	5.27	0.27	21264	0.0000	0.0675
tempe_16_barrier_leading_fixed_dqn_dr	SIM_TRAIN	170	86.9	1.2	-77.81	5.63	0.28	21284	0.0000	0.0727
tempe_16_barrier_leading_fixed_dqn_dr	SIM_TRAIN	171	89.8	1.2	-92.04	6.62	0.28	21250	0.0000	0.0719
tempe_16_barrier_leading_fixed_dqn_dr	REAL_TEST	171	374.8	100.0	-811.12	69.29	0.35	15856	0.0000	0.1153
tempe_16_barrier_leading_fixed_dqn_dr	SIM_TRAIN	172	88.4	1.2	-86.92	6.27	0.28	21271	0.0000	0.0740
tempe_16_barrier_leading_fixed_dqn_dr	SIM_TRAIN	173	84.3	1.2	-60.72	4.68	0.25	21289	0.0000	0.0585
tempe_16_barrier_leading_fixed_dqn_dr	SIM_TRAIN	174	87.5	1.2	-77.34	5.78	0.27	21287	0.0000	0.0703
tempe_16_barrier_leading_fixed_dqn_dr	REAL_TEST	174	345.7	100.0	-739.52	64.41	0.34	16075	0.0000	0.1163
tempe_16_barrier_leading_fixed_dqn_dr	SIM_TRAIN	175	87.2	1.1	-74.19	5.71	0.27	21294	0.0000	0.0634
tempe_16_barrier_leading_fixed_dqn_dr	SIM_TRAIN	176	88.4	1.1	-82.06	6.13	0.28	21269	0.0000	0.0694
tempe_16_barrier_leading_fixed_dqn_dr	SIM_TRAIN	177	88.2	1.1	-85.40	6.03	0.28	21294	0.0000	0.0667
tempe_16_barrier_leading_fixed_dqn_dr	REAL_TEST	177	290.2	100.0	-629.60	49.80	0.34	17071	0.0000	0.1130
tempe_16_barrier_leading_fixed_dqn_dr	SIM_TRAIN	178	92.0	1.1	-99.78	7.52	0.28	21235	0.0000	0.0776
tempe_16_barrier_leading_fixed_dqn_dr	SIM_TRAIN	179	85.2	1.1	-65.98	5.05	0.26	21284	0.0000	0.0675
tempe_16_barrier_leading_fixed_dqn_dr	SIM_TRAIN	180	84.9	1.1	-68.31	4.91	0.26	21300	0.0000	0.0632
tempe_16_barrier_leading_fixed_dqn_dr	REAL_TEST	180	292.6	100.0	-628.44	49.44	0.33	17275	0.0000	0.1144
tempe_16_barrier_leading_fixed_dqn_dr	SIM_TRAIN	181	125.0	1.9	-231.48	15.51	0.30	20837	0.0000	0.0809
tempe_16_barrier_leading_fixed_dqn_dr	SIM_TRAIN	182	87.5	4.7	-76.69	5.88	0.28	21251	0.0000	0.0724
tempe_16_barrier_leading_fixed_dqn_dr	SIM_TRAIN	183	84.8	6.2	-63.40	4.89	0.25	21277	0.0000	0.0611
tempe_16_barrier_leading_fixed_dqn_dr	REAL_TEST	183	278.7	100.0	-598.56	46.55	0.34	17161	0.0000	0.1101
tempe_16_barrier_leading_fixed_dqn_dr	SIM_TRAIN	184	87.7	6.6	-82.01	6.00	0.29	21241	0.0000	0.0759
tempe_16_barrier_leading_fixed_dqn_dr	SIM_TRAIN	185	87.6	6.5	-78.55	5.81	0.26	21281	0.0000	0.0655
tempe_16_barrier_leading_fixed_dqn_dr	SIM_TRAIN	186	85.1	7.0	-68.41	4.91	0.26	21285	0.0000	0.0618
tempe_16_barrier_leading_fixed_dqn_dr	REAL_TEST	186	385.2	100.0	-811.07	68.81	0.34	15474	0.0000	0.1094
tempe_16_barrier_leading_fixed_dqn_dr	SIM_TRAIN	187	86.5	6.5	-75.09	5.47	0.27	21280	0.0000	0.0620
tempe_16_barrier_leading_fixed_dqn_dr	SIM_TRAIN	188	88.0	6.8	-78.87	5.98	0.26	21248	0.0000	0.0668
tempe_16_barrier_leading_fixed_dqn_dr	SIM_TRAIN	189	85.5	6.2	-70.92	5.15	0.26	21291	0.0000	0.0632
tempe_16_barrier_leading_fixed_dqn_dr	REAL_TEST	189	239.7	100.0	-520.05	40.03	0.33	17999	0.0000	0.1050
tempe_16_barrier_leading_fixed_dqn_dr	SIM_TRAIN	190	89.9	6.0	-88.27	6.70	0.29	21259	0.0000	0.0712
tempe_16_barrier_leading_fixed_dqn_dr	SIM_TRAIN	191	85.7	5.4	-72.47	5.28	0.27	21280	0.0000	0.0727
tempe_16_barrier_leading_fixed_dqn_dr	SIM_TRAIN	192	84.4	6.3	-61.67	4.75	0.25	21287	0.0000	0.0608
tempe_16_barrier_leading_fixed_dqn_dr	REAL_TEST	192	117.3	100.0	-141.58	12.23	0.29	20770	0.0000	0.0915
tempe_16_barrier_leading_fixed_dqn_dr	SIM_TRAIN	193	89.3	6.1	-84.94	6.46	0.27	21272	0.0000	0.0696
tempe_16_barrier_leading_fixed_dqn_dr	SIM_TRAIN	194	86.4	5.5	-75.51	5.41	0.26	21289	0.0000	0.0649
tempe_16_barrier_leading_fixed_dqn_dr	SIM_TRAIN	195	86.0	3.4	-68.64	5.29	0.25	21277	0.0000	0.0642
tempe_16_barrier_leading_fixed_dqn_dr	REAL_TEST	195	286.4	100.0	-673.29	60.29	0.32	17551	0.0000	0.1089
tempe_16_barrier_leading_fixed_dqn_dr	SIM_TRAIN	196	90.3	1.0	-94.05	6.96	0.28	21234	0.0000	0.0616
tempe_16_barrier_leading_fixed_dqn_dr	SIM_TRAIN	197	85.0	1.1	-67.79	4.94	0.26	21279	0.0000	0.0637
tempe_16_barrier_leading_fixed_dqn_dr	SIM_TRAIN	198	87.9	1.0	-80.95	6.00	0.28	21255	0.0000	0.0708
tempe_16_barrier_leading_fixed_dqn_dr	REAL_TEST	198	279.2	100.0	-618.07	56.75	0.32	17716	0.0000	0.1031
tempe_16_barrier_leading_fixed_dqn_dr	SIM_TRAIN	199	87.4	1.0	-76.92	5.74	0.26	21292	0.0000	0.0658
tempe_16_barrier_leading_fixed_dqn_dr	SIM_TRAIN	200	89.4	1.1	-85.32	6.46	0.27	21256	0.0000	0.0741
tempe_16_barrier_leading_fixed_dqn_dr	SIM_TRAIN	201	87.5	1.1	-79.22	5.84	0.27	21265	0.0000	0.0663
tempe_16_barrier_leading_fixed_dqn_dr	REAL_TEST	201	465.7	100.0	-1117.11	92.58	0.37	14514	0.0000	0.1196
tempe_16_barrier_leading_fixed_dqn_dr	SIM_TRAIN	202	85.0	1.1	-63.11	4.92	0.25	21284	0.0000	0.0604
tempe_16_barrier_leading_fixed_dqn_dr	SIM_TRAIN	203	88.1	1.1	-84.37	6.05	0.27	21268	0.0000	0.0753
tempe_16_barrier_leading_fixed_dqn_dr	SIM_TRAIN	204	88.8	1.1	-88.67	6.33	0.28	21255	0.0000	0.0753
tempe_16_barrier_leading_fixed_dqn_dr	REAL_TEST	204	304.8	100.0	-696.68	57.60	0.34	17187	0.0000	0.1207
tempe_16_barrier_leading_fixed_dqn_dr	SIM_TRAIN	205	86.1	1.1	-69.32	5.33	0.25	21286	0.0000	0.0613
tempe_16_barrier_leading_fixed_dqn_dr	SIM_TRAIN	206	86.5	1.1	-73.83	5.48	0.28	21268	0.0000	0.0677
tempe_16_barrier_leading_fixed_dqn_dr	SIM_TRAIN	207	86.3	1.1	-74.86	5.47	0.26	21267	0.0000	0.0700
tempe_16_barrier_leading_fixed_dqn_dr	REAL_TEST	207	268.3	100.0	-559.38	49.07	0.33	17915	0.0000	0.1108
tempe_16_barrier_leading_fixed_dqn_dr	SIM_TRAIN	208	86.4	1.1	-74.28	5.45	0.27	21292	0.0000	0.0696
tempe_16_barrier_leading_fixed_dqn_dr	SIM_TRAIN	209	87.4	1.1	-76.50	5.85	0.27	21288	0.0000	0.0748
tempe_16_barrier_leading_fixed_dqn_dr	SIM_TRAIN	210	86.3	1.0	-75.81	5.46	0.28	21261	0.0000	0.0691
tempe_16_barrier_leading_fixed_dqn_dr	REAL_TEST	210	349.8	100.0	-778.33	60.18	0.35	15431	0.0000	0.1090
tempe_16_barrier_leading_fixed_dqn_dr	SIM_TRAIN	211	88.8	1.1	-85.85	6.33	0.27	21279	0.0000	0.0705
tempe_16_barrier_leading_fixed_dqn_dr	SIM_TRAIN	212	114.1	1.1	-107.20	8.72	0.28	20954	0.0000	0.0762
tempe_16_barrier_leading_fixed_dqn_dr	SIM_TRAIN	213	89.6	1.2	-89.82	6.49	0.27	21266	0.0000	0.0719
tempe_16_barrier_leading_fixed_dqn_dr	REAL_TEST	213	408.3	100.0	-901.06	69.06	0.36	14385	0.0000	0.1191
tempe_16_barrier_leading_fixed_dqn_dr	SIM_TRAIN	214	85.7	1.2	-68.20	5.19	0.26	21295	0.0000	0.0599
tempe_16_barrier_leading_fixed_dqn_dr	SIM_TRAIN	215	84.3	1.2	-61.45	4.73	0.25	21265	0.0000	0.0615
tempe_16_barrier_leading_fixed_dqn_dr	SIM_TRAIN	216	88.1	1.3	-85.86	6.05	0.28	21243	0.0000	0.0665
tempe_16_barrier_leading_fixed_dqn_dr	REAL_TEST	216	410.5	100.0	-914.08	70.34	0.37	14416	0.0000	0.1182
tempe_16_barrier_leading_fixed_dqn_dr	SIM_TRAIN	217	86.9	1.3	-80.33	5.71	0.29	21261	0.0000	0.0653
tempe_16_barrier_leading_fixed_dqn_dr	SIM_TRAIN	218	88.3	1.3	-79.90	6.12	0.28	21255	0.0000	0.0642
tempe_16_barrier_leading_fixed_dqn_dr	SIM_TRAIN	219	85.2	1.3	-65.54	5.01	0.25	21295	0.0000	0.0616
tempe_16_barrier_leading_fixed_dqn_dr	REAL_TEST	219	320.5	100.0	-712.97	56.07	0.34	15901	0.0000	0.1161
tempe_16_barrier_leading_fixed_dqn_dr	SIM_TRAIN	220	91.2	1.3	-98.23	7.15	0.29	21263	0.0000	0.0821
tempe_16_barrier_leading_fixed_dqn_dr	SIM_TRAIN	221	85.7	1.2	-73.09	5.22	0.27	21296	0.0000	0.0688
tempe_16_barrier_leading_fixed_dqn_dr	SIM_TRAIN	222	86.3	1.3	-77.66	5.45	0.26	21269	0.0000	0.0648
tempe_16_barrier_leading_fixed_dqn_dr	REAL_TEST	222	257.6	100.0	-585.43	43.23	0.34	17059	0.0000	0.1003
tempe_16_barrier_leading_fixed_dqn_dr	SIM_TRAIN	223	84.4	1.3	-61.81	4.73	0.26	21289	0.0000	0.0609
tempe_16_barrier_leading_fixed_dqn_dr	SIM_TRAIN	224	90.1	1.3	-90.46	6.78	0.27	21280	0.0000	0.0736
tempe_16_barrier_leading_fixed_dqn_dr	SIM_TRAIN	225	84.9	1.3	-66.05	4.95	0.26	21291	0.0000	0.0644
tempe_16_barrier_leading_fixed_dqn_dr	REAL_TEST	225	421.6	100.0	-1006.45	84.28	0.36	14607	0.0000	0.1151
tempe_16_barrier_leading_fixed_dqn_dr	SIM_TRAIN	226	85.6	1.2	-66.70	5.14	0.26	21291	0.0000	0.0587
tempe_16_barrier_leading_fixed_dqn_dr	SIM_TRAIN	227	87.9	1.2	-81.67	5.97	0.29	21276	0.0000	0.0731
tempe_16_barrier_leading_fixed_dqn_dr	SIM_TRAIN	228	85.9	1.2	-66.99	5.22	0.25	21303	0.0000	0.0538
tempe_16_barrier_leading_fixed_dqn_dr	REAL_TEST	228	301.8	100.0	-702.01	61.91	0.32	17182	0.0000	0.1123
tempe_16_barrier_leading_fixed_dqn_dr	SIM_TRAIN	229	89.5	1.1	-87.74	6.55	0.27	21276	0.0000	0.0729
tempe_16_barrier_leading_fixed_dqn_dr	SIM_TRAIN	230	89.5	1.1	-87.16	6.55	0.28	21272	0.0000	0.0788
tempe_16_barrier_leading_fixed_dqn_dr	SIM_TRAIN	231	87.6	1.1	-82.20	5.92	0.29	21288	0.0000	0.0774
tempe_16_barrier_leading_fixed_dqn_dr	REAL_TEST	231	246.9	100.0	-507.08	48.60	0.31	18438	0.0000	0.1094
tempe_16_barrier_leading_fixed_dqn_dr	SIM_TRAIN	232	89.5	1.1	-85.40	6.49	0.27	21280	0.0000	0.0745
tempe_16_barrier_leading_fixed_dqn_dr	SIM_TRAIN	233	91.8	1.1	-98.33	7.35	0.29	21255	0.0000	0.0823
tempe_16_barrier_leading_fixed_dqn_dr	SIM_TRAIN	234	85.9	1.1	-68.90	5.25	0.26	21292	0.0000	0.0674
tempe_16_barrier_leading_fixed_dqn_dr	REAL_TEST	234	192.3	100.0	-339.80	28.30	0.31	19636	0.0000	0.1078
tempe_16_barrier_leading_fixed_dqn_dr	SIM_TRAIN	235	87.1	1.1	-73.77	5.75	0.27	21264	0.0000	0.0660
tempe_16_barrier_leading_fixed_dqn_dr	SIM_TRAIN	236	90.1	1.1	-90.47	6.71	0.27	21260	0.0000	0.0821
tempe_16_barrier_leading_fixed_dqn_dr	SIM_TRAIN	237	93.2	1.3	-107.80	7.68	0.29	21238	0.0000	0.0780
tempe_16_barrier_leading_fixed_dqn_dr	REAL_TEST	237	150.0	100.0	-234.41	20.64	0.30	20540	0.0000	0.1045
tempe_16_barrier_leading_fixed_dqn_dr	SIM_TRAIN	238	108.2	1.3	-96.34	6.98	0.29	21034	0.0000	0.0701
tempe_16_barrier_leading_fixed_dqn_dr	SIM_TRAIN	239	86.7	1.3	-72.86	5.56	0.28	21286	0.0000	0.0708
tempe_16_barrier_leading_fixed_dqn_dr	SIM_TRAIN	240	86.4	1.2	-71.08	5.49	0.26	21261	0.0000	0.0710
tempe_16_barrier_leading_fixed_dqn_dr	REAL_TEST	240	144.2	100.0	-201.46	18.22	0.29	20194	0.0000	0.1089
tempe_16_barrier_leading_fixed_dqn_dr	SIM_TRAIN	241	86.1	1.2	-69.81	5.31	0.27	21284	0.0000	0.0675
tempe_16_barrier_leading_fixed_dqn_dr	SIM_TRAIN	242	86.2	1.2	-70.42	5.35	0.26	21290	0.0000	0.0642
tempe_16_barrier_leading_fixed_dqn_dr	SIM_TRAIN	243	84.8	1.1	-64.32	4.88	0.26	21282	0.0000	0.0639
tempe_16_barrier_leading_fixed_dqn_dr	REAL_TEST	243	192.7	100.0	-324.27	28.71	0.30	18948	0.0000	0.1026
tempe_16_barrier_leading_fixed_dqn_dr	SIM_TRAIN	244	89.6	1.1	-86.90	6.52	0.27	21262	0.0000	0.0696
tempe_16_barrier_leading_fixed_dqn_dr	SIM_TRAIN	245	88.5	1.1	-79.34	6.16	0.27	21253	0.0000	0.0689
tempe_16_barrier_leading_fixed_dqn_dr	SIM_TRAIN	246	98.3	1.2	-124.62	9.74	0.30	21269	0.0000	0.0872
tempe_16_barrier_leading_fixed_dqn_dr	REAL_TEST	246	300.3	100.0	-588.34	50.85	0.33	16914	0.0000	0.1125
tempe_16_barrier_leading_fixed_dqn_dr	SIM_TRAIN	247	85.5	1.2	-65.41	5.15	0.25	21280	0.0000	0.0590
tempe_16_barrier_leading_fixed_dqn_dr	SIM_TRAIN	248	90.6	1.2	-89.01	6.94	0.28	21270	0.0000	0.0814
tempe_16_barrier_leading_fixed_dqn_dr	SIM_TRAIN	249	87.1	1.2	-76.64	5.70	0.27	21283	0.0000	0.0722
tempe_16_barrier_leading_fixed_dqn_dr	REAL_TEST	249	390.0	100.0	-856.92	66.46	0.35	15146	0.0000	0.1177
tempe_16_barrier_leading_fixed_dqn_dr	SIM_TRAIN	250	86.5	1.2	-73.95	5.43	0.26	21303	0.0000	0.0628
tempe_16_barrier_leading_fixed_dqn_dr	SIM_TRAIN	251	87.8	1.1	-80.52	5.93	0.27	21278	0.0000	0.0703
tempe_16_barrier_leading_fixed_dqn_dr	SIM_TRAIN	252	90.3	1.2	-93.27	6.84	0.29	21286	0.0000	0.0733
tempe_16_barrier_leading_fixed_dqn_dr	REAL_TEST	252	374.1	100.0	-842.63	64.23	0.35	14991	0.0000	0.1158
tempe_16_barrier_leading_fixed_dqn_dr	SIM_TRAIN	253	85.2	1.2	-64.79	4.98	0.25	21282	0.0000	0.0599
tempe_16_barrier_leading_fixed_dqn_dr	SIM_TRAIN	254	87.1	1.2	-80.01	5.65	0.28	21272	0.0000	0.0701
tempe_16_barrier_leading_fixed_dqn_dr	SIM_TRAIN	255	87.8	1.2	-80.17	5.90	0.27	21273	0.0000	0.0688
tempe_16_barrier_leading_fixed_dqn_dr	REAL_TEST	255	223.7	100.0	-482.59	35.07	0.32	17913	0.0000	0.1083
tempe_16_barrier_leading_fixed_dqn_dr	SIM_TRAIN	256	180.0	2.1	-280.63	18.62	0.31	19983	0.0000	0.0898
tempe_16_barrier_leading_fixed_dqn_dr	SIM_TRAIN	257	94.0	3.7	-112.52	8.08	0.29	21250	0.0000	0.0762
tempe_16_barrier_leading_fixed_dqn_dr	SIM_TRAIN	258	85.3	4.6	-67.65	5.05	0.27	21304	0.0000	0.0536
tempe_16_barrier_leading_fixed_dqn_dr	REAL_TEST	258	254.0	100.0	-569.49	41.90	0.34	16926	0.0000	0.1050
tempe_16_barrier_leading_fixed_dqn_dr	SIM_TRAIN	259	98.3	4.2	-121.80	9.41	0.27	21244	0.0000	0.0738
tempe_16_barrier_leading_fixed_dqn_dr	SIM_TRAIN	260	86.4	4.1	-70.74	5.41	0.26	21270	0.0000	0.0536
tempe_16_barrier_leading_fixed_dqn_dr	SIM_TRAIN	261	87.3	4.0	-80.34	5.76	0.27	21300	0.0000	0.0694
tempe_16_barrier_leading_fixed_dqn_dr	REAL_TEST	261	382.7	100.0	-847.43	64.76	0.36	14695	0.0000	0.1069
tempe_16_barrier_leading_fixed_dqn_dr	SIM_TRAIN	262	85.7	4.0	-67.87	5.15	0.25	21282	0.0000	0.0585
tempe_16_barrier_leading_fixed_dqn_dr	SIM_TRAIN	263	89.6	4.1	-94.89	6.62	0.29	21256	0.0000	0.0759
tempe_16_barrier_leading_fixed_dqn_dr	SIM_TRAIN	264	86.3	4.1	-74.15	5.45	0.27	21292	0.0000	0.0677
tempe_16_barrier_leading_fixed_dqn_dr	REAL_TEST	264	214.6	100.0	-453.24	34.07	0.33	17900	0.0000	0.1092
tempe_16_barrier_leading_fixed_dqn_dr	SIM_TRAIN	265	85.4	3.6	-66.02	5.08	0.26	21297	0.0000	0.0627
tempe_16_barrier_leading_fixed_dqn_dr	SIM_TRAIN	266	89.0	4.3	-87.27	6.51	0.29	21245	0.0000	0.0762
tempe_16_barrier_leading_fixed_dqn_dr	SIM_TRAIN	267	86.0	3.8	-72.21	5.25	0.26	21284	0.0000	0.0632
tempe_16_barrier_leading_fixed_dqn_dr	REAL_TEST	267	308.3	100.0	-657.00	60.83	0.34	17089	0.0000	0.1089
tempe_16_barrier_leading_fixed_dqn_dr	SIM_TRAIN	268	87.3	3.7	-78.68	5.80	0.27	21285	0.0000	0.0696
tempe_16_barrier_leading_fixed_dqn_dr	SIM_TRAIN	269	89.8	4.2	-96.87	6.79	0.29	21235	0.0000	0.0696
tempe_16_barrier_leading_fixed_dqn_dr	SIM_TRAIN	270	102.7	3.7	-138.36	11.19	0.29	21273	0.0000	0.0866
tempe_16_barrier_leading_fixed_dqn_dr	REAL_TEST	270	336.7	100.0	-834.21	77.61	0.33	17168	0.0000	0.1054
tempe_16_barrier_leading_fixed_dqn_dr	SIM_TRAIN	271	86.0	2.5	-70.19	5.31	0.27	21271	0.0000	0.0670
tempe_16_barrier_leading_fixed_dqn_dr	SIM_TRAIN	272	90.9	2.7	-99.25	6.98	0.29	21247	0.0000	0.0786
tempe_16_barrier_leading_fixed_dqn_dr	SIM_TRAIN	273	88.1	1.8	-81.05	6.02	0.26	21257	0.0000	0.0658
tempe_16_barrier_leading_fixed_dqn_dr	REAL_TEST	273	295.7	100.0	-619.65	62.01	0.32	17393	0.0000	0.1120
tempe_16_barrier_leading_fixed_dqn_dr	SIM_TRAIN	274	85.8	1.3	-69.66	5.28	0.27	21272	0.0000	0.0674
tempe_16_barrier_leading_fixed_dqn_dr	SIM_TRAIN	275	85.4	1.3	-69.58	5.05	0.26	21299	0.0000	0.0693
tempe_16_barrier_leading_fixed_dqn_dr	SIM_TRAIN	276	88.9	1.3	-82.54	6.38	0.28	21271	0.0000	0.0750
tempe_16_barrier_leading_fixed_dqn_dr	REAL_TEST	276	284.1	100.0	-617.30	61.49	0.32	17808	0.0000	0.1012
tempe_16_barrier_leading_fixed_dqn_dr	SIM_TRAIN	277	88.4	1.3	-81.59	6.16	0.27	21268	0.0000	0.0677
tempe_16_barrier_leading_fixed_dqn_dr	SIM_TRAIN	278	88.6	1.2	-80.37	6.30	0.28	21249	0.0000	0.0698
tempe_16_barrier_leading_fixed_dqn_dr	SIM_TRAIN	279	86.7	1.2	-77.91	5.54	0.27	21258	0.0000	0.0672
tempe_16_barrier_leading_fixed_dqn_dr	REAL_TEST	279	336.7	100.0	-811.51	76.57	0.33	16864	0.0000	0.1085
tempe_16_barrier_leading_fixed_dqn_dr	SIM_TRAIN	280	87.5	1.2	-76.44	5.83	0.27	21264	0.0000	0.0731
tempe_16_barrier_leading_fixed_dqn_dr	SIM_TRAIN	281	88.4	1.2	-79.82	6.14	0.26	21279	0.0000	0.0712
tempe_16_barrier_leading_fixed_dqn_dr	SIM_TRAIN	282	86.6	1.2	-76.46	5.57	0.26	21266	0.0000	0.0679
tempe_16_barrier_leading_fixed_dqn_dr	REAL_TEST	282	279.4	100.0	-575.77	57.16	0.32	17804	0.0000	0.1094
tempe_16_barrier_leading_fixed_dqn_dr	SIM_TRAIN	283	88.5	1.2	-84.39	6.10	0.27	21259	0.0000	0.0642
tempe_16_barrier_leading_fixed_dqn_dr	SIM_TRAIN	284	86.1	1.1	-70.63	5.29	0.26	21270	0.0000	0.0635
tempe_16_barrier_leading_fixed_dqn_dr	SIM_TRAIN	285	89.4	1.1	-89.99	6.52	0.29	21277	0.0000	0.0767
tempe_16_barrier_leading_fixed_dqn_dr	REAL_TEST	285	249.3	100.0	-508.37	48.05	0.32	17889	0.0000	0.1175
tempe_16_barrier_leading_fixed_dqn_dr	SIM_TRAIN	286	86.0	1.1	-71.98	5.28	0.26	21290	0.0000	0.0625
tempe_16_barrier_leading_fixed_dqn_dr	SIM_TRAIN	287	87.3	1.0	-78.48	5.68	0.26	21273	0.0000	0.0691
tempe_16_barrier_leading_fixed_dqn_dr	SIM_TRAIN	288	86.6	1.0	-75.70	5.59	0.28	21285	0.0000	0.0755
tempe_16_barrier_leading_fixed_dqn_dr	REAL_TEST	288	247.8	100.0	-501.21	47.42	0.32	18109	0.0000	0.1215
tempe_16_barrier_leading_fixed_dqn_dr	SIM_TRAIN	289	94.1	1.1	-107.41	8.24	0.27	21238	0.0000	0.0800
tempe_16_barrier_leading_fixed_dqn_dr	SIM_TRAIN	290	89.2	1.1	-87.15	6.42	0.28	21275	0.0000	0.0700
tempe_16_barrier_leading_fixed_dqn_dr	SIM_TRAIN	291	87.1	1.1	-78.06	5.68	0.27	21282	0.0000	0.0707
tempe_16_barrier_leading_fixed_dqn_dr	REAL_TEST	291	290.6	100.0	-690.03	54.53	0.34	17072	0.0000	0.1262
tempe_16_barrier_leading_fixed_dqn_dr	SIM_TRAIN	292	86.1	1.1	-71.97	5.33	0.27	21300	0.0000	0.0667
tempe_16_barrier_leading_fixed_dqn_dr	SIM_TRAIN	293	89.0	1.1	-84.55	6.37	0.27	21248	0.0000	0.0667
tempe_16_barrier_leading_fixed_dqn_dr	SIM_TRAIN	294	87.0	1.1	-74.98	5.64	0.27	21275	0.0000	0.0616
tempe_16_barrier_leading_fixed_dqn_dr	REAL_TEST	294	253.4	100.0	-580.38	44.15	0.33	17172	0.0000	0.1208
tempe_16_barrier_leading_fixed_dqn_dr	SIM_TRAIN	295	85.8	1.1	-74.03	5.27	0.27	21290	0.0000	0.0682
tempe_16_barrier_leading_fixed_dqn_dr	SIM_TRAIN	296	89.3	1.1	-90.48	6.40	0.27	21264	0.0000	0.0793
tempe_16_barrier_leading_fixed_dqn_dr	SIM_TRAIN	297	88.0	1.1	-84.95	6.08	0.29	21246	0.0000	0.0710
tempe_16_barrier_leading_fixed_dqn_dr	REAL_TEST	297	382.3	100.0	-858.71	68.27	0.36	14841	0.0000	0.1201
tempe_16_barrier_leading_fixed_dqn_dr	SIM_TRAIN	298	87.4	1.1	-75.96	5.79	0.26	21282	0.0000	0.0595
tempe_16_barrier_leading_fixed_dqn_dr	SIM_TRAIN	299	86.9	1.1	-76.77	5.69	0.27	21280	0.0000	0.0707
