tempe_1x1_sensor20_dqn_latent_observation	REAL_TEST	1	981.3	100.0	-184.22	287.48	0.48	1165
tempe_1x1_sensor20_dqn_latent_observation	REAL_TEST	2	1693.8	100.0	-325.33	496.90	0.57	380
tempe_1x1_sensor20_dqn_latent_observation	REAL_TEST	3	1311.7	100.0	-242.41	374.98	0.60	598
tempe_1x1_sensor20_dqn_latent_observation	REAL_TEST	4	1197.9	100.0	-240.92	395.02	0.56	738
tempe_1x1_sensor20_dqn_latent_observation	REAL_TEST	5	697.2	100.0	-156.91	241.01	0.57	1217
tempe_1x1_sensor20_dqn_latent_observation	REAL_TEST	6	1174.9	100.0	-269.67	442.87	0.59	749
tempe_1x1_sensor20_dqn_latent_observation	REAL_TEST	7	1313.5	100.0	-269.06	449.49	0.62	624
tempe_1x1_sensor20_dqn_latent_observation	REAL_TEST	8	1027.1	100.0	-289.33	483.32	0.67	977
tempe_1x1_sensor20_dqn_latent_observation	REAL_TEST	9	1313.5	100.0	-237.95	397.56	0.62	624
tempe_1x1_sensor20_dqn_latent_observation	REAL_TEST	10	1076.1	100.0	-188.47	284.64	0.60	806
tempe_1x1_sensor20_dqn_latent_observation	REAL_TEST	11	922.9	100.0	-158.04	243.06	0.48	1081
tempe_1x1_sensor20_dqn_latent_observation	REAL_TEST	12	465.3	100.0	-56.60	84.82	0.35	1476
tempe_1x1_sensor20_dqn_latent_observation	REAL_TEST	13	761.3	100.0	-198.45	314.20	0.54	1126
tempe_1x1_sensor20_dqn_latent_observation	REAL_TEST	14	298.0	100.0	-48.87	79.94	0.49	1642
tempe_1x1_sensor20_dqn_latent_observation	REAL_TEST	15	636.6	100.0	-175.07	270.16	0.56	1253
tempe_1x1_sensor20_dqn_latent_observation	REAL_TEST	16	717.8	100.0	-168.44	257.39	0.57	1454
tempe_1x1_sensor20_dqn_latent_observation	REAL_TEST	17	962.0	100.0	-185.19	279.16	0.62	917
tempe_1x1_sensor20_dqn_latent_observation	REAL_TEST	18	1008.6	100.0	-119.20	189.67	0.45	814
tempe_1x1_sensor20_dqn_latent_observation	REAL_TEST	19	552.1	100.0	-122.94	205.21	0.55	1348
tempe_1x1_sensor20_dqn_latent_observation	REAL_TEST	20	473.3	100.0	-99.42	142.55	0.49	1479
tempe_1x1_sensor20_dqn_latent_observation	REAL_TEST	21	497.3	100.0	-84.83	136.13	0.48	1432
tempe_1x1_sensor20_dqn_latent_observation	REAL_TEST	22	419.0	100.0	-77.71	112.49	0.50	1543
tempe_1x1_sensor20_dqn_latent_observation	REAL_TEST	23	607.5	100.0	-139.82	233.66	0.62	1310
tempe_1x1_sensor20_dqn_latent_observation	REAL_TEST	24	399.2	100.0	-79.46	128.03	0.55	1641
tempe_1x1_sensor20_dqn_latent_observation	REAL_TEST	25	576.0	100.0	-68.61	114.07	0.36	1218
tempe_1x1_sensor20_dqn_latent_observation	REAL_TEST	26	272.5	100.0	-45.23	73.80	0.57	1742
tempe_1x1_sensor20_dqn_latent_observation	REAL_TEST	27	412.9	100.0	-87.45	144.67	0.53	1606
tempe_1x1_sensor20_dqn_latent_observation	REAL_TEST	28	339.8	100.0	-56.40	92.19	0.49	1723
tempe_1x1_sensor20_dqn_latent_observation	REAL_TEST	29	393.3	100.0	-51.90	83.72	0.43	1655
tempe_1x1_sensor20_dqn_latent_observation	REAL_TEST	30	1076.1	100.0	-178.70	277.53	0.48	806
tempe_1x1_sensor20_dqn_latent_observation	REAL_TEST	31	316.4	100.0	-41.86	65.68	0.48	1660
tempe_1x1_sensor20_dqn_latent_observation	REAL_TEST	32	1286.6	100.0	-265.30	413.02	0.65	633
tempe_1x1_sensor20_dqn_latent_observation	REAL_TEST	33	189.6	100.0	-11.25	18.27	0.36	1796
tempe_1x1_sensor20_dqn_latent_observation	REAL_TEST	34	1139.8	100.0	-243.88	376.87	0.59	765
tempe_1x1_sensor20_dqn_latent_observation	REAL_TEST	35	1076.1	100.0	-115.96	184.52	0.51	806
tempe_1x1_sensor20_dqn_latent_observation	REAL_TEST	36	174.6	100.0	-10.26	17.22	0.41	1813
tempe_1x1_sensor20_dqn_latent_observation	REAL_TEST	37	267.2	100.0	-30.35	48.83	0.46	1739
tempe_1x1_sensor20_dqn_latent_observation	REAL_TEST	38	262.4	100.0	-38.44	55.85	0.47	1764
tempe_1x1_sensor20_dqn_latent_observation	REAL_TEST	39	186.6	100.0	-12.94	20.54	0.45	1810
tempe_1x1_sensor20_dqn_latent_observation	REAL_TEST	40	335.7	100.0	-41.65	67.23	0.49	1712
tempe_1x1_sensor20_dqn_latent_observation	REAL_TEST	41	505.8	100.0	-78.33	125.97	0.43	1454
tempe_1x1_sensor20_dqn_latent_observation	REAL_TEST	42	259.8	100.0	-31.27	47.35	0.48	1792
tempe_1x1_sensor20_dqn_latent_observation	REAL_TEST	43	570.1	100.0	-120.28	184.17	0.51	1223
tempe_1x1_sensor20_dqn_latent_observation	REAL_TEST	44	478.4	100.0	-85.42	138.59	0.48	1529
tempe_1x1_sensor20_dqn_latent_observation	REAL_TEST	45	314.4	100.0	-50.71	81.86	0.46	1631
tempe_1x1_sensor20_dqn_latent_observation	REAL_TEST	46	187.3	100.0	-12.96	19.66	0.44	1815
tempe_1x1_sensor20_dqn_latent_observation	REAL_TEST	47	285.4	100.0	-43.93	68.89	0.56	1763
tempe_1x1_sensor20_dqn_latent_observation	REAL_TEST	48	215.5	100.0	-24.57	37.73	0.50	1786
tempe_1x1_sensor20_dqn_latent_observation	REAL_TEST	49	169.2	100.0	-8.99	14.36	0.38	1818
tempe_1x1_sensor20_dqn_latent_observation	REAL_TEST	50	947.1	100.0	-162.73	250.76	0.44	924
tempe_1x1_sensor20_dqn_latent_observation	REAL_TEST	51	394.6	100.0	-78.78	123.21	0.50	1452
tempe_1x1_sensor20_dqn_latent_observation	REAL_TEST	52	194.7	100.0	-16.62	24.71	0.48	1809
tempe_1x1_sensor20_dqn_latent_observation	REAL_TEST	53	394.5	100.0	-65.63	107.57	0.47	1412
tempe_1x1_sensor20_dqn_latent_observation	REAL_TEST	54	328.6	100.0	-29.25	46.35	0.39	1737
tempe_1x1_sensor20_dqn_latent_observation	REAL_TEST	55	270.3	100.0	-43.24	68.26	0.46	1761
tempe_1x1_sensor20_dqn_latent_observation	REAL_TEST	56	318.7	100.0	-47.92	72.06	0.53	1732
tempe_1x1_sensor20_dqn_latent_observation	REAL_TEST	57	253.7	100.0	-27.30	42.01	0.41	1755
tempe_1x1_sensor20_dqn_latent_observation	REAL_TEST	58	946.6	100.0	-164.53	253.67	0.53	936
tempe_1x1_sensor20_dqn_latent_observation	REAL_TEST	59	636.4	100.0	-120.32	185.83	0.47	1231
tempe_1x1_sensor20_dqn_latent_observation	REAL_TEST	60	201.7	100.0	-22.30	34.07	0.52	1797
tempe_1x1_sensor20_dqn_latent_observation	REAL_TEST	61	992.3	100.0	-140.45	213.05	0.43	870
tempe_1x1_sensor20_dqn_latent_observation	REAL_TEST	62	198.0	100.0	-17.42	26.57	0.48	1807
tempe_1x1_sensor20_dqn_latent_observation	REAL_TEST	63	347.3	100.0	-64.41	102.20	0.52	1702
tempe_1x1_sensor20_dqn_latent_observation	REAL_TEST	64	1006.7	100.0	-141.06	209.39	0.53	885
tempe_1x1_sensor20_dqn_latent_observation	REAL_TEST	65	279.0	100.0	-46.93	75.43	0.53	1752
tempe_1x1_sensor20_dqn_latent_observation	REAL_TEST	66	985.8	100.0	-142.77	215.39	0.42	899
tempe_1x1_sensor20_dqn_latent_observation	REAL_TEST	67	295.3	100.0	-42.86	68.69	0.45	1681
tempe_1x1_sensor20_dqn_latent_observation	REAL_TEST	68	418.9	100.0	-66.01	98.14	0.46	1556
tempe_1x1_sensor20_dqn_latent_observation	REAL_TEST	69	228.2	100.0	-29.66	47.08	0.47	1793
tempe_1x1_sensor20_dqn_latent_observation	REAL_TEST	70	1076.1	100.0	-161.77	249.26	0.40	806
tempe_1x1_sensor20_dqn_latent_observation	REAL_TEST	71	1071.6	100.0	-186.84	282.16	0.60	808
tempe_1x1_sensor20_dqn_latent_observation	REAL_TEST	72	219.3	100.0	-25.14	40.21	0.42	1805
tempe_1x1_sensor20_dqn_latent_observation	REAL_TEST	73	1076.1	100.0	-176.20	268.77	0.52	806
tempe_1x1_sensor20_dqn_latent_observation	REAL_TEST	74	187.8	100.0	-14.18	23.14	0.42	1812
tempe_1x1_sensor20_dqn_latent_observation	REAL_TEST	75	221.9	100.0	-24.38	38.00	0.48	1798
tempe_1x1_sensor20_dqn_latent_observation	REAL_TEST	76	269.4	100.0	-16.33	26.32	0.31	1709
tempe_1x1_sensor20_dqn_latent_observation	REAL_TEST	77	209.5	100.0	-17.36	28.09	0.33	1792
tempe_1x1_sensor20_dqn_latent_observation	REAL_TEST	78	214.0	100.0	-23.45	35.33	0.48	1800
tempe_1x1_sensor20_dqn_latent_observation	REAL_TEST	79	189.2	100.0	-11.64	19.64	0.37	1807
tempe_1x1_sensor20_dqn_latent_observation	REAL_TEST	80	216.7	100.0	-26.54	39.74	0.50	1792
tempe_1x1_sensor20_dqn_latent_observation	REAL_TEST	81	218.8	100.0	-25.25	36.74	0.47	1788
tempe_1x1_sensor20_dqn_latent_observation	REAL_TEST	82	236.4	100.0	-28.14	40.49	0.43	1792
tempe_1x1_sensor20_dqn_latent_observation	REAL_TEST	83	191.7	100.0	-17.40	28.58	0.48	1810
tempe_1x1_sensor20_dqn_latent_observation	REAL_TEST	84	710.1	100.0	-69.05	107.98	0.55	1246
tempe_1x1_sensor20_dqn_latent_observation	REAL_TEST	85	1076.1	100.0	-206.35	314.52	0.62	806
tempe_1x1_sensor20_dqn_latent_observation	REAL_TEST	86	233.8	100.0	-14.58	23.64	0.35	1783
tempe_1x1_sensor20_dqn_latent_observation	REAL_TEST	87	180.0	100.0	-9.70	15.07	0.36	1807
tempe_1x1_sensor20_dqn_latent_observation	REAL_TEST	88	209.8	100.0	-19.21	29.11	0.45	1798
tempe_1x1_sensor20_dqn_latent_observation	REAL_TEST	89	1071.6	100.0	-205.62	313.55	0.59	808
tempe_1x1_sensor20_dqn_latent_observation	REAL_TEST	90	292.8	100.0	-46.39	76.11	0.47	1740
tempe_1x1_sensor20_dqn_latent_observation	REAL_TEST	91	258.4	100.0	-39.15	56.52	0.52	1765
tempe_1x1_sensor20_dqn_latent_observation	REAL_TEST	92	198.8	100.0	-16.84	27.66	0.44	1804
tempe_1x1_sensor20_dqn_latent_observation	REAL_TEST	93	236.2	100.0	-35.71	53.04	0.60	1788
tempe_1x1_sensor20_dqn_latent_observation	REAL_TEST	94	193.5	100.0	-7.60	12.48	0.27	1812
tempe_1x1_sensor20_dqn_latent_observation	REAL_TEST	95	196.0	100.0	-16.71	25.27	0.44	1815
tempe_1x1_sensor20_dqn_latent_observation	REAL_TEST	96	197.7	100.0	-14.67	23.86	0.35	1818
tempe_1x1_sensor20_dqn_latent_observation	REAL_TEST	97	947.2	100.0	-79.77	127.14	0.45	877
tempe_1x1_sensor20_dqn_latent_observation	REAL_TEST	98	300.4	100.0	-46.11	76.70	0.48	1715
tempe_1x1_sensor20_dqn_latent_observation	REAL_TEST	99	255.6	100.0	-27.24	39.03	0.42	1766
tempe_1x1_sensor20_dqn_latent_observation	REAL_TEST	100	217.0	100.0	-23.87	39.15	0.46	1824
tempe_1x1_sensor20_dqn_latent_observation	REAL_TEST	101	214.2	100.0	-20.44	33.40	0.39	1801
tempe_1x1_sensor20_dqn_latent_observation	REAL_TEST	102	723.1	100.0	-146.14	211.69	0.55	1236
tempe_1x1_sensor20_dqn_latent_observation	REAL_TEST	103	387.7	100.0	-59.95	100.06	0.42	1554
tempe_1x1_sensor20_dqn_latent_observation	REAL_TEST	104	302.7	100.0	-37.26	51.68	0.41	1751
tempe_1x1_sensor20_dqn_latent_observation	REAL_TEST	105	253.7	100.0	-36.85	60.54	0.46	1750
tempe_1x1_sensor20_dqn_latent_observation	REAL_TEST	106	189.5	100.0	-16.19	24.51	0.45	1805
tempe_1x1_sensor20_dqn_latent_observation	REAL_TEST	107	296.5	100.0	-25.94	42.67	0.36	1756
tempe_1x1_sensor20_dqn_latent_observation	REAL_TEST	108	221.8	100.0	-17.93	28.09	0.38	1771
tempe_1x1_sensor20_dqn_latent_observation	REAL_TEST	109	389.5	100.0	-70.90	117.37	0.46	1632
tempe_1x1_sensor20_dqn_latent_observation	REAL_TEST	110	227.2	100.0	-19.28	28.79	0.41	1814
tempe_1x1_sensor20_dqn_latent_observation	REAL_TEST	111	333.0	100.0	-15.47	24.94	0.31	1668
tempe_1x1_sensor20_dqn_latent_observation	REAL_TEST	112	173.6	100.0	-10.25	15.33	0.43	1821
tempe_1x1_sensor20_dqn_latent_observation	REAL_TEST	113	1127.6	100.0	-243.79	393.92	0.61	774
tempe_1x1_sensor20_dqn_latent_observation	REAL_TEST	114	167.2	100.0	-7.44	11.32	0.32	1827
tempe_1x1_sensor20_dqn_latent_observation	REAL_TEST	115	188.2	100.0	-12.01	19.73	0.37	1743
tempe_1x1_sensor20_dqn_latent_observation	REAL_TEST	116	179.0	100.0	-11.21	17.29	0.41	1817
tempe_1x1_sensor20_dqn_latent_observation	REAL_TEST	117	313.2	100.0	-53.45	88.26	0.46	1706
tempe_1x1_sensor20_dqn_latent_observation	REAL_TEST	118	186.5	100.0	-11.94	18.24	0.43	1804
tempe_1x1_sensor20_dqn_latent_observation	REAL_TEST	119	275.0	100.0	-19.06	29.99	0.34	1700
tempe_1x1_sensor20_dqn_latent_observation	REAL_TEST	120	431.0	100.0	-65.88	96.26	0.44	1660
tempe_1x1_sensor20_dqn_latent_observation	REAL_TEST	121	181.7	100.0	-14.83	23.14	0.52	1815
tempe_1x1_sensor20_dqn_latent_observation	REAL_TEST	122	380.4	100.0	-66.35	102.57	0.55	1617
tempe_1x1_sensor20_dqn_latent_observation	REAL_TEST	123	196.4	100.0	-18.43	28.15	0.39	1802
tempe_1x1_sensor20_dqn_latent_observation	REAL_TEST	124	239.6	100.0	-14.00	23.58	0.36	1776
tempe_1x1_sensor20_dqn_latent_observation	REAL_TEST	125	929.8	100.0	-160.58	245.02	0.56	986
tempe_1x1_sensor20_dqn_latent_observation	REAL_TEST	126	330.3	100.0	-56.99	93.93	0.52	1651
tempe_1x1_sensor20_dqn_latent_observation	REAL_TEST	127	256.5	100.0	-21.57	30.34	0.41	1742
tempe_1x1_sensor20_dqn_latent_observation	REAL_TEST	128	321.1	100.0	-45.01	69.73	0.52	1702
tempe_1x1_sensor20_dqn_latent_observation	REAL_TEST	129	198.1	100.0	-18.87	28.18	0.50	1811
tempe_1x1_sensor20_dqn_latent_observation	REAL_TEST	130	164.2	100.0	-6.94	11.18	0.36	1827
tempe_1x1_sensor20_dqn_latent_observation	REAL_TEST	131	501.2	100.0	-86.25	128.44	0.48	1568
tempe_1x1_sensor20_dqn_latent_observation	REAL_TEST	132	219.1	100.0	-16.72	27.08	0.37	1800
tempe_1x1_sensor20_dqn_latent_observation	REAL_TEST	133	188.8	100.0	-14.69	20.81	0.37	1814
tempe_1x1_sensor20_dqn_latent_observation	REAL_TEST	134	170.2	100.0	-6.51	10.76	0.29	1829
tempe_1x1_sensor20_dqn_latent_observation	REAL_TEST	135	173.2	100.0	-8.85	14.11	0.42	1825
tempe_1x1_sensor20_dqn_latent_observation	REAL_TEST	136	295.1	100.0	-42.49	64.22	0.52	1682
tempe_1x1_sensor20_dqn_latent_observation	REAL_TEST	137	310.4	100.0	-38.46	63.73	0.39	1614
tempe_1x1_sensor20_dqn_latent_observation	REAL_TEST	138	197.5	100.0	-20.86	30.67	0.53	1797
tempe_1x1_sensor20_dqn_latent_observation	REAL_TEST	139	217.2	100.0	-14.49	23.12	0.43	1805
tempe_1x1_sensor20_dqn_latent_observation	REAL_TEST	140	261.8	100.0	-29.68	47.08	0.46	1759
tempe_1x1_sensor20_dqn_latent_observation	REAL_TEST	141	471.8	100.0	-83.48	125.00	0.53	1598
tempe_1x1_sensor20_dqn_latent_observation	REAL_TEST	142	826.2	100.0	-162.21	240.73	0.57	1252
tempe_1x1_sensor20_dqn_latent_observation	REAL_TEST	143	190.5	100.0	-14.08	22.67	0.37	1806
tempe_1x1_sensor20_dqn_latent_observation	REAL_TEST	144	628.2	100.0	-42.05	67.25	0.45	1339
tempe_1x1_sensor20_dqn_latent_observation	REAL_TEST	145	198.7	100.0	-15.21	24.71	0.41	1809
tempe_1x1_sensor20_dqn_latent_observation	REAL_TEST	146	195.5	100.0	-18.39	27.71	0.50	1816
tempe_1x1_sensor20_dqn_latent_observation	REAL_TEST	147	196.7	100.0	-15.15	22.20	0.42	1813
tempe_1x1_sensor20_dqn_latent_observation	REAL_TEST	148	183.9	100.0	-14.51	23.76	0.46	1806
tempe_1x1_sensor20_dqn_latent_observation	REAL_TEST	149	856.4	100.0	-161.60	240.37	0.56	1125
tempe_1x1_sensor20_dqn_latent_observation	REAL_TEST	150	251.2	100.0	-37.50	60.80	0.54	1762
tempe_1x1_sensor20_dqn_latent_observation	REAL_TEST	151	172.4	100.0	-8.97	13.83	0.40	1822
tempe_1x1_sensor20_dqn_latent_observation	REAL_TEST	152	178.7	100.0	-12.93	19.89	0.48	1819
tempe_1x1_sensor20_dqn_latent_observation	REAL_TEST	153	171.7	100.0	-9.25	15.32	0.38	1823
tempe_1x1_sensor20_dqn_latent_observation	REAL_TEST	154	188.6	100.0	-15.43	23.58	0.49	1820
tempe_1x1_sensor20_dqn_latent_observation	REAL_TEST	155	190.8	100.0	-14.81	23.26	0.37	1810
tempe_1x1_sensor20_dqn_latent_observation	REAL_TEST	156	375.0	100.0	-51.22	79.09	0.41	1581
tempe_1x1_sensor20_dqn_latent_observation	REAL_TEST	157	326.1	100.0	-45.76	70.11	0.46	1534
tempe_1x1_sensor20_dqn_latent_observation	REAL_TEST	158	296.6	100.0	-34.29	55.60	0.35	1703
tempe_1x1_sensor20_dqn_latent_observation	REAL_TEST	159	196.5	100.0	-10.91	16.85	0.33	1801
tempe_1x1_sensor20_dqn_latent_observation	REAL_TEST	160	204.2	100.0	-15.12	24.45	0.43	1807
tempe_1x1_sensor20_dqn_latent_observation	REAL_TEST	161	862.8	100.0	-135.21	200.07	0.51	1013
tempe_1x1_sensor20_dqn_latent_observation	REAL_TEST	162	447.9	100.0	-81.08	133.16	0.50	1563
tempe_1x1_sensor20_dqn_latent_observation	REAL_TEST	163	177.9	100.0	-7.81	12.15	0.36	1816
tempe_1x1_sensor20_dqn_latent_observation	REAL_TEST	164	763.8	100.0	-144.24	208.47	0.53	1157
tempe_1x1_sensor20_dqn_latent_observation	REAL_TEST	165	227.4	100.0	-21.80	32.94	0.40	1805
tempe_1x1_sensor20_dqn_latent_observation	REAL_TEST	166	186.4	100.0	-16.32	24.94	0.53	1814
tempe_1x1_sensor20_dqn_latent_observation	REAL_TEST	167	384.4	100.0	-83.10	128.59	0.53	1615
tempe_1x1_sensor20_dqn_latent_observation	REAL_TEST	168	193.8	100.0	-17.99	29.14	0.50	1802
tempe_1x1_sensor20_dqn_latent_observation	REAL_TEST	169	167.9	100.0	-7.73	11.42	0.36	1827
tempe_1x1_sensor20_dqn_latent_observation	REAL_TEST	170	182.5	100.0	-14.11	21.07	0.49	1825
tempe_1x1_sensor20_dqn_latent_observation	REAL_TEST	171	176.8	100.0	-12.45	20.59	0.45	1799
tempe_1x1_sensor20_dqn_latent_observation	REAL_TEST	172	232.2	100.0	-29.04	43.58	0.50	1718
tempe_1x1_sensor20_dqn_latent_observation	REAL_TEST	173	183.1	100.0	-14.36	21.20	0.45	1815
tempe_1x1_sensor20_dqn_latent_observation	REAL_TEST	174	235.2	100.0	-21.44	33.28	0.42	1784
tempe_1x1_sensor20_dqn_latent_observation	REAL_TEST	175	166.2	100.0	-7.09	11.50	0.36	1825
tempe_1x1_sensor20_dqn_latent_observation	REAL_TEST	176	183.7	100.0	-15.15	23.56	0.44	1801
tempe_1x1_sensor20_dqn_latent_observation	REAL_TEST	177	246.6	100.0	-14.75	24.04	0.28	1782
tempe_1x1_sensor20_dqn_latent_observation	REAL_TEST	178	191.8	100.0	-18.04	25.79	0.47	1818
tempe_1x1_sensor20_dqn_latent_observation	REAL_TEST	179	241.0	100.0	-26.22	42.94	0.46	1790
tempe_1x1_sensor20_dqn_latent_observation	REAL_TEST	180	367.6	100.0	-61.95	100.11	0.47	1619
tempe_1x1_sensor20_dqn_latent_observation	REAL_TEST	181	218.9	100.0	-20.81	30.23	0.43	1805
tempe_1x1_sensor20_dqn_latent_observation	REAL_TEST	182	173.6	100.0	-7.29	12.01	0.33	1786
tempe_1x1_sensor20_dqn_latent_observation	REAL_TEST	183	226.9	100.0	-28.31	45.02	0.47	1762
tempe_1x1_sensor20_dqn_latent_observation	REAL_TEST	184	291.1	100.0	-46.52	73.91	0.46	1700
tempe_1x1_sensor20_dqn_latent_observation	REAL_TEST	185	208.9	100.0	-13.61	21.87	0.39	1799
tempe_1x1_sensor20_dqn_latent_observation	REAL_TEST	186	294.6	100.0	-52.31	84.93	0.57	1740
tempe_1x1_sensor20_dqn_latent_observation	REAL_TEST	187	363.1	100.0	-51.47	78.26	0.39	1652
tempe_1x1_sensor20_dqn_latent_observation	REAL_TEST	188	198.1	100.0	-21.69	32.02	0.58	1802
tempe_1x1_sensor20_dqn_latent_observation	REAL_TEST	189	175.4	100.0	-9.73	15.41	0.40	1828
tempe_1x1_sensor20_dqn_latent_observation	REAL_TEST	190	275.3	100.0	-27.55	43.45	0.38	1738
tempe_1x1_sensor20_dqn_latent_observation	REAL_TEST	191	408.5	100.0	-61.89	91.82	0.45	1630
tempe_1x1_sensor20_dqn_latent_observation	REAL_TEST	192	189.8	100.0	-9.67	15.61	0.31	1810
tempe_1x1_sensor20_dqn_latent_observation	REAL_TEST	193	184.9	100.0	-14.41	21.77	0.46	1811
tempe_1x1_sensor20_dqn_latent_observation	REAL_TEST	194	196.4	100.0	-10.71	16.34	0.30	1785
tempe_1x1_sensor20_dqn_latent_observation	REAL_TEST	195	683.9	100.0	-62.00	98.81	0.54	1249
tempe_1x1_sensor20_dqn_latent_observation	REAL_TEST	196	163.9	100.0	-5.97	9.69	0.34	1830
tempe_1x1_sensor20_dqn_latent_observation	REAL_TEST	197	193.3	100.0	-11.19	17.62	0.37	1805
tempe_1x1_sensor20_dqn_latent_observation	REAL_TEST	198	1107.4	100.0	-254.58	412.39	0.65	786
tempe_1x1_sensor20_dqn_latent_observation	REAL_TEST	199	461.6	100.0	-79.37	130.16	0.48	1452
