hz4x4_setting3_dqn_gat	SIM_TEST	0	355.1	100.0	-25.28	1.44	0.09	2929
hz4x4_setting3_dqn_gat	REAL_TRAIN	0	441.6	100.0	-132.75	8.14	0.16	2557
hz4x4_setting3_dqn_gat	SIM_TRAIN	0	1185.1	0.0	-781.28	48.93	0.29	2477
hz4x4_setting3_dqn_gat	SIM_TEST	1	355.1	100.0	-25.28	1.44	0.09	2929
hz4x4_setting3_dqn_gat	REAL_TRAIN	1	441.6	100.0	-132.75	8.14	0.16	2557
hz4x4_setting3_dqn_gat	SIM_TRAIN	0	1183.2	0.0	-790.95	49.54	0.30	2449
hz4x4_setting3_dqn_gat	SIM_TEST	2	355.1	100.0	-25.28	1.44	0.09	2929
hz4x4_setting3_dqn_gat	REAL_TRAIN	2	441.6	100.0	-132.75	8.14	0.16	2557
hz4x4_setting3_dqn_gat	SIM_TRAIN	0	1152.9	21.4	-760.55	47.63	0.30	2422
hz4x4_setting3_dqn_gat	SIM_TEST	3	1224.1	100.0	-681.00	42.63	0.21	1714
hz4x4_setting3_dqn_gat	REAL_TRAIN	3	1037.5	100.0	-594.66	37.21	0.22	1273
hz4x4_setting3_dqn_gat	SIM_TRAIN	0	1368.5	3.8	-793.99	49.73	0.22	1556
hz4x4_setting3_dqn_gat	SIM_TEST	4	1118.7	100.0	-495.71	30.99	0.20	1784
hz4x4_setting3_dqn_gat	REAL_TRAIN	4	1230.5	100.0	-626.03	39.16	0.24	1009
hz4x4_setting3_dqn_gat	SIM_TRAIN	0	1449.8	3.1	-783.67	49.07	0.19	1115
hz4x4_setting3_dqn_gat	SIM_TEST	5	960.2	100.0	-487.50	30.47	0.19	2161
hz4x4_setting3_dqn_gat	REAL_TRAIN	5	947.8	100.0	-527.32	32.96	0.22	1566
hz4x4_setting3_dqn_gat	SIM_TRAIN	0	1290.6	3.7	-779.79	48.85	0.28	1906
hz4x4_setting3_dqn_gat	SIM_TEST	6	1326.6	100.0	-697.10	43.62	0.19	1564
hz4x4_setting3_dqn_gat	REAL_TRAIN	6	1484.2	100.0	-856.05	53.59	0.22	703
hz4x4_setting3_dqn_gat	SIM_TRAIN	0	1453.9	4.0	-839.37	52.58	0.25	1607
hz4x4_setting3_dqn_gat	SIM_TEST	7	1185.5	100.0	-686.44	42.95	0.19	1848
hz4x4_setting3_dqn_gat	REAL_TRAIN	7	1289.6	100.0	-834.63	52.25	0.22	976
hz4x4_setting3_dqn_gat	SIM_TRAIN	0	1358.8	4.9	-853.75	53.47	0.26	1593
hz4x4_setting3_dqn_gat	SIM_TEST	8	1367.4	100.0	-818.64	51.24	0.21	1527
hz4x4_setting3_dqn_gat	REAL_TRAIN	8	1431.4	100.0	-962.37	60.27	0.24	700
hz4x4_setting3_dqn_gat	SIM_TRAIN	0	1539.3	6.2	-893.21	55.93	0.21	1046
hz4x4_setting3_dqn_gat	SIM_TEST	9	1218.0	100.0	-743.16	46.50	0.23	1928
hz4x4_setting3_dqn_gat	REAL_TRAIN	9	1352.4	100.0	-765.94	47.94	0.25	895
hz4x4_setting3_dqn_gat	SIM_TRAIN	0	1493.0	6.7	-802.65	50.26	0.29	1283
hz4x4_setting3_dqn_gat	SIM_TEST	10	1275.2	100.0	-739.12	46.25	0.22	1854
hz4x4_setting3_dqn_gat	REAL_TRAIN	10	1322.2	100.0	-781.49	48.91	0.26	886
hz4x4_setting3_dqn_gat	SIM_TRAIN	0	1523.3	6.7	-797.10	49.91	0.26	1257
hz4x4_setting3_dqn_gat	SIM_TEST	11	1213.4	100.0	-647.90	40.53	0.21	1749
hz4x4_setting3_dqn_gat	REAL_TRAIN	11	1350.7	100.0	-710.94	44.49	0.23	875
hz4x4_setting3_dqn_gat	SIM_TRAIN	0	1506.5	7.4	-790.09	49.48	0.26	1186
hz4x4_setting3_dqn_gat	SIM_TEST	12	1151.9	100.0	-673.64	42.14	0.21	1941
hz4x4_setting3_dqn_gat	REAL_TRAIN	12	1169.1	100.0	-746.36	46.70	0.24	1151
hz4x4_setting3_dqn_gat	SIM_TRAIN	0	1360.9	8.6	-785.07	49.16	0.26	1599
hz4x4_setting3_dqn_gat	SIM_TEST	13	970.4	100.0	-534.84	33.42	0.21	2358
hz4x4_setting3_dqn_gat	REAL_TRAIN	13	1149.4	100.0	-683.22	42.74	0.25	1210
hz4x4_setting3_dqn_gat	SIM_TRAIN	0	1233.4	9.9	-750.90	47.01	0.27	1917
hz4x4_setting3_dqn_gat	SIM_TEST	14	950.0	100.0	-516.73	32.28	0.20	2177
hz4x4_setting3_dqn_gat	REAL_TRAIN	14	1085.3	100.0	-650.57	40.69	0.25	1305
hz4x4_setting3_dqn_gat	SIM_TRAIN	0	1306.1	11.0	-728.71	45.63	0.25	1595
hz4x4_setting3_dqn_gat	SIM_TEST	15	794.6	100.0	-405.84	25.34	0.18	2238
hz4x4_setting3_dqn_gat	REAL_TRAIN	15	764.8	100.0	-441.33	27.56	0.24	1829
hz4x4_setting3_dqn_gat	SIM_TRAIN	0	1166.5	12.2	-683.71	42.81	0.27	2192
hz4x4_setting3_dqn_gat	SIM_TEST	16	807.9	100.0	-365.81	22.82	0.16	2197
hz4x4_setting3_dqn_gat	REAL_TRAIN	16	835.9	100.0	-502.93	31.43	0.25	1713
hz4x4_setting3_dqn_gat	SIM_TRAIN	0	1129.5	13.1	-634.86	39.74	0.26	2306
hz4x4_setting3_dqn_gat	SIM_TEST	17	773.7	100.0	-419.81	26.22	0.19	2436
hz4x4_setting3_dqn_gat	REAL_TRAIN	17	870.1	100.0	-521.90	32.62	0.24	1707
hz4x4_setting3_dqn_gat	SIM_TRAIN	0	1154.1	13.9	-659.16	41.28	0.27	1991
hz4x4_setting3_dqn_gat	SIM_TEST	18	746.3	100.0	-352.65	21.96	0.18	2624
hz4x4_setting3_dqn_gat	REAL_TRAIN	18	876.1	100.0	-519.14	32.45	0.25	1661
hz4x4_setting3_dqn_gat	SIM_TRAIN	0	1020.1	13.8	-638.47	39.97	0.27	2464
hz4x4_setting3_dqn_gat	SIM_TEST	19	883.5	100.0	-470.66	29.40	0.18	2114
hz4x4_setting3_dqn_gat	REAL_TRAIN	19	870.3	100.0	-531.26	33.20	0.24	1704
hz4x4_setting3_dqn_gat	SIM_TRAIN	0	1067.0	14.4	-600.22	37.57	0.26	2230
hz4x4_setting3_dqn_gat	SIM_TEST	20	879.7	100.0	-392.91	24.51	0.18	2426
hz4x4_setting3_dqn_gat	REAL_TRAIN	20	1115.4	100.0	-613.93	38.37	0.22	1281
hz4x4_setting3_dqn_gat	SIM_TRAIN	0	1100.8	19.0	-595.54	37.27	0.26	2260
hz4x4_setting3_dqn_gat	SIM_TEST	21	657.6	100.0	-281.73	17.50	0.20	2917
hz4x4_setting3_dqn_gat	REAL_TRAIN	21	729.5	100.0	-374.33	23.33	0.24	2034
hz4x4_setting3_dqn_gat	SIM_TRAIN	0	997.6	18.6	-601.81	37.65	0.28	2658
hz4x4_setting3_dqn_gat	SIM_TEST	22	847.1	100.0	-337.21	21.02	0.16	2338
hz4x4_setting3_dqn_gat	REAL_TRAIN	22	1011.3	100.0	-512.98	32.05	0.20	1386
hz4x4_setting3_dqn_gat	SIM_TRAIN	0	1038.0	15.6	-553.05	34.60	0.24	2106
hz4x4_setting3_dqn_gat	SIM_TEST	23	779.1	100.0	-397.26	24.78	0.18	2663
hz4x4_setting3_dqn_gat	REAL_TRAIN	23	903.6	100.0	-472.01	29.46	0.22	1672
hz4x4_setting3_dqn_gat	SIM_TRAIN	0	987.2	16.0	-605.40	37.88	0.26	2388
hz4x4_setting3_dqn_gat	SIM_TEST	24	678.5	100.0	-248.55	15.46	0.16	2522
hz4x4_setting3_dqn_gat	REAL_TRAIN	24	831.0	100.0	-436.98	27.27	0.21	1820
hz4x4_setting3_dqn_gat	SIM_TRAIN	0	1033.1	21.6	-542.00	33.90	0.24	2142
hz4x4_setting3_dqn_gat	SIM_TEST	25	675.9	100.0	-263.80	16.41	0.16	2522
hz4x4_setting3_dqn_gat	REAL_TRAIN	25	850.6	100.0	-435.71	27.19	0.21	1651
hz4x4_setting3_dqn_gat	SIM_TRAIN	0	986.4	20.4	-449.59	28.10	0.24	2438
hz4x4_setting3_dqn_gat	SIM_TEST	26	506.0	100.0	-143.66	8.84	0.16	2814
hz4x4_setting3_dqn_gat	REAL_TRAIN	26	591.2	100.0	-259.96	16.15	0.22	2316
hz4x4_setting3_dqn_gat	SIM_TRAIN	0	1005.7	19.8	-493.85	30.89	0.24	2052
hz4x4_setting3_dqn_gat	SIM_TEST	27	472.9	100.0	-124.00	7.63	0.16	2894
hz4x4_setting3_dqn_gat	REAL_TRAIN	27	551.9	100.0	-226.67	14.06	0.21	2369
hz4x4_setting3_dqn_gat	SIM_TRAIN	0	849.2	18.2	-463.16	28.96	0.25	2499
hz4x4_setting3_dqn_gat	SIM_TEST	28	634.1	100.0	-213.10	13.23	0.15	2610
hz4x4_setting3_dqn_gat	REAL_TRAIN	28	733.9	100.0	-353.24	22.02	0.19	1873
hz4x4_setting3_dqn_gat	SIM_TRAIN	0	872.1	17.6	-415.68	25.99	0.23	2417
hz4x4_setting3_dqn_gat	SIM_TEST	29	552.1	100.0	-183.43	11.36	0.15	2699
hz4x4_setting3_dqn_gat	REAL_TRAIN	29	651.7	100.0	-306.23	19.06	0.20	2082
hz4x4_setting3_dqn_gat	SIM_TRAIN	0	929.7	19.0	-453.46	28.35	0.23	2297
hz4x4_setting3_dqn_gat	SIM_TEST	30	560.5	100.0	-195.76	12.14	0.15	2646
hz4x4_setting3_dqn_gat	REAL_TRAIN	30	615.4	100.0	-282.62	17.58	0.21	2248
hz4x4_setting3_dqn_gat	SIM_TRAIN	0	843.1	17.7	-434.83	27.18	0.22	2556
hz4x4_setting3_dqn_gat	SIM_TEST	31	729.9	100.0	-262.49	16.36	0.14	2417
hz4x4_setting3_dqn_gat	REAL_TRAIN	31	608.6	100.0	-303.51	18.91	0.21	2108
hz4x4_setting3_dqn_gat	SIM_TRAIN	0	887.5	17.2	-388.41	24.28	0.21	2281
hz4x4_setting3_dqn_gat	SIM_TEST	32	707.7	100.0	-293.59	18.29	0.15	2441
hz4x4_setting3_dqn_gat	REAL_TRAIN	32	713.5	100.0	-361.72	22.54	0.21	2043
hz4x4_setting3_dqn_gat	SIM_TRAIN	0	908.2	16.4	-445.24	27.83	0.22	2305
hz4x4_setting3_dqn_gat	SIM_TEST	33	689.3	100.0	-299.92	18.67	0.17	2709
hz4x4_setting3_dqn_gat	REAL_TRAIN	33	760.3	100.0	-410.27	25.58	0.21	1912
hz4x4_setting3_dqn_gat	SIM_TRAIN	0	985.9	16.5	-543.81	34.01	0.23	2435
hz4x4_setting3_dqn_gat	SIM_TEST	34	752.0	100.0	-350.74	21.86	0.18	2687
hz4x4_setting3_dqn_gat	REAL_TRAIN	34	761.5	100.0	-417.02	26.01	0.21	1927
hz4x4_setting3_dqn_gat	SIM_TRAIN	0	770.8	16.4	-413.26	25.84	0.22	2598
hz4x4_setting3_dqn_gat	SIM_TEST	35	540.7	100.0	-188.73	11.68	0.17	2903
hz4x4_setting3_dqn_gat	REAL_TRAIN	35	558.0	100.0	-229.69	14.24	0.21	2371
hz4x4_setting3_dqn_gat	SIM_TRAIN	0	717.2	16.0	-357.30	22.32	0.21	2689
hz4x4_setting3_dqn_gat	SIM_TEST	36	472.1	100.0	-127.07	7.82	0.15	2903
hz4x4_setting3_dqn_gat	REAL_TRAIN	36	555.8	100.0	-229.91	14.26	0.22	2357
hz4x4_setting3_dqn_gat	SIM_TRAIN	0	710.7	14.9	-347.59	21.70	0.22	2727
hz4x4_setting3_dqn_gat	SIM_TEST	37	473.9	100.0	-131.57	8.10	0.16	2900
hz4x4_setting3_dqn_gat	REAL_TRAIN	37	531.7	100.0	-212.02	13.13	0.22	2394
hz4x4_setting3_dqn_gat	SIM_TRAIN	0	682.8	14.5	-326.96	20.42	0.21	2677
hz4x4_setting3_dqn_gat	SIM_TEST	38	638.9	100.0	-274.88	17.10	0.16	2660
hz4x4_setting3_dqn_gat	REAL_TRAIN	38	628.7	100.0	-304.42	18.95	0.21	2099
hz4x4_setting3_dqn_gat	SIM_TRAIN	0	759.0	13.9	-414.43	25.91	0.21	2491
hz4x4_setting3_dqn_gat	SIM_TEST	39	550.4	100.0	-190.88	11.83	0.15	2681
hz4x4_setting3_dqn_gat	REAL_TRAIN	39	608.2	100.0	-276.64	17.20	0.21	2193
hz4x4_setting3_dqn_gat	SIM_TRAIN	0	822.4	14.5	-461.96	28.88	0.22	2551
hz4x4_setting3_dqn_gat	SIM_TEST	40	576.9	100.0	-204.31	12.69	0.15	2625
hz4x4_setting3_dqn_gat	REAL_TRAIN	40	640.4	100.0	-307.18	19.11	0.20	2114
hz4x4_setting3_dqn_gat	SIM_TRAIN	0	665.2	13.8	-309.39	19.31	0.21	2705
hz4x4_setting3_dqn_gat	SIM_TEST	41	480.9	100.0	-138.35	8.52	0.14	2874
hz4x4_setting3_dqn_gat	REAL_TRAIN	41	572.9	100.0	-249.74	15.50	0.20	2296
hz4x4_setting3_dqn_gat	SIM_TRAIN	0	685.8	13.4	-325.65	20.32	0.20	2740
hz4x4_setting3_dqn_gat	SIM_TEST	42	583.8	100.0	-194.13	12.05	0.14	2629
hz4x4_setting3_dqn_gat	REAL_TRAIN	42	614.0	100.0	-282.84	17.58	0.20	2170
hz4x4_setting3_dqn_gat	SIM_TRAIN	0	639.0	13.1	-279.98	17.45	0.20	2775
hz4x4_setting3_dqn_gat	SIM_TEST	43	740.8	100.0	-281.32	17.53	0.15	2464
hz4x4_setting3_dqn_gat	REAL_TRAIN	43	685.1	100.0	-321.32	20.00	0.19	1976
hz4x4_setting3_dqn_gat	SIM_TRAIN	0	887.1	13.2	-398.89	24.92	0.20	2321
hz4x4_setting3_dqn_gat	SIM_TEST	44	550.8	100.0	-183.16	11.35	0.14	2732
hz4x4_setting3_dqn_gat	REAL_TRAIN	44	645.7	100.0	-317.29	19.74	0.20	2164
hz4x4_setting3_dqn_gat	SIM_TRAIN	0	644.4	13.2	-297.36	18.55	0.19	2676
hz4x4_setting3_dqn_gat	SIM_TEST	45	524.9	100.0	-165.05	10.21	0.15	2807
hz4x4_setting3_dqn_gat	REAL_TRAIN	45	623.6	100.0	-300.12	18.67	0.20	2219
hz4x4_setting3_dqn_gat	SIM_TRAIN	0	608.3	13.2	-249.22	15.53	0.19	2688
hz4x4_setting3_dqn_gat	SIM_TEST	46	507.2	100.0	-156.93	9.70	0.15	2822
hz4x4_setting3_dqn_gat	REAL_TRAIN	46	621.9	100.0	-287.57	17.89	0.20	2233
hz4x4_setting3_dqn_gat	SIM_TRAIN	0	590.3	12.7	-243.38	15.17	0.19	2740
hz4x4_setting3_dqn_gat	SIM_TEST	47	818.5	100.0	-306.91	19.12	0.15	2442
hz4x4_setting3_dqn_gat	REAL_TRAIN	47	897.6	100.0	-481.17	30.04	0.20	1664
hz4x4_setting3_dqn_gat	SIM_TRAIN	0	842.8	11.5	-394.88	24.68	0.18	2327
hz4x4_setting3_dqn_gat	SIM_TEST	48	506.9	100.0	-167.25	10.36	0.16	2921
hz4x4_setting3_dqn_gat	REAL_TRAIN	48	551.1	100.0	-227.02	14.08	0.20	2364
hz4x4_setting3_dqn_gat	SIM_TRAIN	0	659.9	11.0	-306.15	19.11	0.19	2789
hz4x4_setting3_dqn_gat	SIM_TEST	49	474.5	100.0	-135.12	8.33	0.15	2912
hz4x4_setting3_dqn_gat	REAL_TRAIN	49	559.7	100.0	-236.73	14.69	0.20	2307
hz4x4_setting3_dqn_gat	SIM_TRAIN	0	619.5	10.5	-268.24	16.72	0.18	2788
hz4x4_setting3_dqn_gat	SIM_TEST	50	492.1	100.0	-151.81	9.38	0.15	2883
hz4x4_setting3_dqn_gat	REAL_TRAIN	50	577.2	100.0	-255.90	15.90	0.20	2230
hz4x4_setting3_dqn_gat	SIM_TRAIN	0	629.8	10.2	-276.04	17.20	0.18	2781
hz4x4_setting3_dqn_gat	SIM_TEST	51	509.1	100.0	-178.75	11.09	0.15	2873
hz4x4_setting3_dqn_gat	REAL_TRAIN	51	555.6	100.0	-236.75	14.69	0.21	2313
hz4x4_setting3_dqn_gat	SIM_TRAIN	0	631.4	10.0	-282.46	17.60	0.19	2784
hz4x4_setting3_dqn_gat	SIM_TEST	52	475.3	100.0	-142.22	8.78	0.14	2843
hz4x4_setting3_dqn_gat	REAL_TRAIN	52	642.4	100.0	-320.31	19.93	0.20	2151
hz4x4_setting3_dqn_gat	SIM_TRAIN	0	580.3	9.7	-233.82	14.56	0.18	2734
hz4x4_setting3_dqn_gat	SIM_TEST	53	456.5	100.0	-119.81	7.37	0.14	2889
hz4x4_setting3_dqn_gat	REAL_TRAIN	53	562.7	100.0	-236.37	14.66	0.20	2365
hz4x4_setting3_dqn_gat	SIM_TRAIN	0	638.8	9.0	-289.84	18.08	0.19	2683
hz4x4_setting3_dqn_gat	SIM_TEST	54	436.2	100.0	-105.82	6.49	0.14	2918
hz4x4_setting3_dqn_gat	REAL_TRAIN	54	533.6	100.0	-210.39	13.03	0.20	2407
hz4x4_setting3_dqn_gat	SIM_TRAIN	0	617.3	8.5	-266.94	16.63	0.18	2768
hz4x4_setting3_dqn_gat	SIM_TEST	55	460.2	100.0	-127.27	7.85	0.15	2902
hz4x4_setting3_dqn_gat	REAL_TRAIN	55	543.9	100.0	-223.35	13.83	0.20	2395
hz4x4_setting3_dqn_gat	SIM_TRAIN	0	631.0	8.1	-278.45	17.36	0.18	2801
hz4x4_setting3_dqn_gat	SIM_TEST	56	463.5	100.0	-132.79	8.19	0.14	2882
hz4x4_setting3_dqn_gat	REAL_TRAIN	56	570.9	100.0	-258.23	16.05	0.20	2311
hz4x4_setting3_dqn_gat	SIM_TRAIN	0	665.6	7.9	-307.93	19.21	0.19	2766
hz4x4_setting3_dqn_gat	SIM_TEST	57	599.7	100.0	-182.33	11.32	0.13	2496
hz4x4_setting3_dqn_gat	REAL_TRAIN	57	571.5	100.0	-250.74	15.58	0.18	2245
hz4x4_setting3_dqn_gat	SIM_TRAIN	0	769.1	7.6	-324.04	20.23	0.18	2373
hz4x4_setting3_dqn_gat	SIM_TEST	58	433.6	100.0	-104.31	6.40	0.14	2920
hz4x4_setting3_dqn_gat	REAL_TRAIN	58	518.2	100.0	-199.62	12.34	0.20	2445
hz4x4_setting3_dqn_gat	SIM_TRAIN	0	501.0	8.6	-161.03	9.99	0.18	2834
hz4x4_setting3_dqn_gat	SIM_TEST	59	781.2	100.0	-305.10	19.02	0.14	2251
hz4x4_setting3_dqn_gat	REAL_TRAIN	59	520.3	100.0	-199.83	12.36	0.21	2414
hz4x4_setting3_dqn_gat	SIM_TRAIN	0	983.8	9.3	-460.89	28.80	0.17	2083
hz4x4_setting3_dqn_gat	SIM_TEST	60	487.0	100.0	-136.76	8.44	0.15	2888
hz4x4_setting3_dqn_gat	REAL_TRAIN	60	535.5	100.0	-214.43	13.29	0.20	2383
hz4x4_setting3_dqn_gat	SIM_TRAIN	0	638.7	9.8	-283.78	17.69	0.18	2781
hz4x4_setting3_dqn_gat	SIM_TEST	61	514.2	100.0	-118.24	7.26	0.14	2864
hz4x4_setting3_dqn_gat	REAL_TRAIN	61	578.7	100.0	-263.84	16.39	0.20	2319
hz4x4_setting3_dqn_gat	SIM_TRAIN	0	733.6	9.5	-396.61	24.78	0.18	2725
hz4x4_setting3_dqn_gat	SIM_TEST	62	565.5	100.0	-138.38	8.54	0.12	2589
hz4x4_setting3_dqn_gat	REAL_TRAIN	62	553.5	100.0	-239.65	14.88	0.20	2378
hz4x4_setting3_dqn_gat	SIM_TRAIN	0	586.9	9.7	-246.95	15.38	0.17	2818
hz4x4_setting3_dqn_gat	SIM_TEST	63	506.2	100.0	-99.45	6.10	0.13	2817
hz4x4_setting3_dqn_gat	REAL_TRAIN	63	588.6	100.0	-264.81	16.44	0.19	2226
hz4x4_setting3_dqn_gat	SIM_TRAIN	0	589.5	9.6	-255.10	15.90	0.18	2829
hz4x4_setting3_dqn_gat	SIM_TEST	64	453.4	100.0	-95.49	5.84	0.13	2908
hz4x4_setting3_dqn_gat	REAL_TRAIN	64	492.9	100.0	-176.57	10.92	0.20	2462
hz4x4_setting3_dqn_gat	SIM_TRAIN	0	543.8	8.9	-215.04	13.38	0.17	2832
hz4x4_setting3_dqn_gat	SIM_TEST	65	421.1	100.0	-93.65	5.73	0.14	2921
hz4x4_setting3_dqn_gat	REAL_TRAIN	65	500.5	100.0	-180.91	11.18	0.20	2482
hz4x4_setting3_dqn_gat	SIM_TRAIN	0	568.1	8.4	-233.12	14.51	0.17	2833
hz4x4_setting3_dqn_gat	SIM_TEST	66	412.4	100.0	-87.99	5.38	0.13	2921
hz4x4_setting3_dqn_gat	REAL_TRAIN	66	543.4	100.0	-213.46	13.22	0.20	2425
hz4x4_setting3_dqn_gat	SIM_TRAIN	0	529.2	8.1	-198.24	12.32	0.17	2871
hz4x4_setting3_dqn_gat	SIM_TEST	67	423.9	100.0	-95.37	5.83	0.14	2920
hz4x4_setting3_dqn_gat	REAL_TRAIN	67	507.9	100.0	-186.50	11.53	0.20	2465
hz4x4_setting3_dqn_gat	SIM_TRAIN	0	518.9	7.9	-182.73	11.34	0.17	2896
hz4x4_setting3_dqn_gat	SIM_TEST	68	392.4	100.0	-67.42	4.08	0.13	2921
hz4x4_setting3_dqn_gat	REAL_TRAIN	68	468.7	100.0	-155.68	9.59	0.20	2533
hz4x4_setting3_dqn_gat	SIM_TRAIN	0	504.5	7.7	-173.08	10.74	0.17	2896
hz4x4_setting3_dqn_gat	SIM_TEST	69	415.0	100.0	-86.80	5.30	0.13	2922
hz4x4_setting3_dqn_gat	REAL_TRAIN	69	487.8	100.0	-168.98	10.42	0.19	2495
hz4x4_setting3_dqn_gat	SIM_TRAIN	0	508.3	7.5	-164.25	10.19	0.15	2860
hz4x4_setting3_dqn_gat	SIM_TEST	70	394.8	100.0	-67.15	4.06	0.13	2924
hz4x4_setting3_dqn_gat	REAL_TRAIN	70	479.8	100.0	-160.22	9.88	0.20	2510
hz4x4_setting3_dqn_gat	SIM_TRAIN	0	489.7	7.3	-158.69	9.84	0.16	2902
hz4x4_setting3_dqn_gat	SIM_TEST	71	410.8	100.0	-86.29	5.27	0.13	2926
hz4x4_setting3_dqn_gat	REAL_TRAIN	71	501.8	100.0	-179.85	11.11	0.19	2482
hz4x4_setting3_dqn_gat	SIM_TRAIN	0	449.0	7.1	-123.33	7.61	0.16	2891
hz4x4_setting3_dqn_gat	SIM_TEST	72	414.5	100.0	-86.72	5.30	0.13	2923
hz4x4_setting3_dqn_gat	REAL_TRAIN	72	494.1	100.0	-173.04	10.67	0.19	2497
hz4x4_setting3_dqn_gat	SIM_TRAIN	0	489.7	6.4	-160.30	9.94	0.16	2901
hz4x4_setting3_dqn_gat	SIM_TEST	73	416.3	100.0	-86.53	5.28	0.13	2926
hz4x4_setting3_dqn_gat	REAL_TRAIN	73	471.5	100.0	-156.07	9.61	0.18	2512
hz4x4_setting3_dqn_gat	SIM_TRAIN	0	450.9	6.0	-126.05	7.78	0.16	2895
hz4x4_setting3_dqn_gat	SIM_TEST	74	419.0	100.0	-85.84	5.24	0.12	2923
hz4x4_setting3_dqn_gat	REAL_TRAIN	74	486.5	100.0	-164.84	10.16	0.18	2507
hz4x4_setting3_dqn_gat	SIM_TRAIN	0	496.0	5.6	-159.36	9.88	0.17	2907
hz4x4_setting3_dqn_gat	SIM_TEST	75	412.7	100.0	-84.77	5.17	0.13	2927
hz4x4_setting3_dqn_gat	REAL_TRAIN	75	483.6	100.0	-164.10	10.12	0.19	2480
hz4x4_setting3_dqn_gat	SIM_TRAIN	0	438.0	5.7	-113.75	7.03	0.16	2903
hz4x4_setting3_dqn_gat	SIM_TEST	76	419.0	100.0	-88.99	5.44	0.13	2925
hz4x4_setting3_dqn_gat	REAL_TRAIN	76	470.6	100.0	-154.67	9.52	0.18	2503
hz4x4_setting3_dqn_gat	SIM_TRAIN	0	465.4	5.4	-133.67	8.26	0.16	2874
hz4x4_setting3_dqn_gat	SIM_TEST	77	417.0	100.0	-85.88	5.23	0.12	2921
hz4x4_setting3_dqn_gat	REAL_TRAIN	77	475.1	100.0	-157.63	9.71	0.18	2503
hz4x4_setting3_dqn_gat	SIM_TRAIN	0	451.5	5.1	-118.99	7.34	0.16	2878
hz4x4_setting3_dqn_gat	SIM_TEST	78	411.5	100.0	-76.27	4.64	0.12	2925
hz4x4_setting3_dqn_gat	REAL_TRAIN	78	489.5	100.0	-167.96	10.35	0.18	2510
hz4x4_setting3_dqn_gat	SIM_TRAIN	0	474.9	5.0	-119.28	7.36	0.15	2804
hz4x4_setting3_dqn_gat	SIM_TEST	79	409.9	100.0	-83.53	5.09	0.12	2922
hz4x4_setting3_dqn_gat	REAL_TRAIN	79	484.4	100.0	-163.01	10.05	0.19	2501
hz4x4_setting3_dqn_gat	SIM_TRAIN	0	443.0	5.2	-115.48	7.13	0.15	2864
hz4x4_setting3_dqn_gat	SIM_TEST	80	480.8	100.0	-140.86	8.70	0.13	2925
hz4x4_setting3_dqn_gat	REAL_TRAIN	80	489.9	100.0	-170.00	10.49	0.18	2460
hz4x4_setting3_dqn_gat	SIM_TRAIN	0	558.6	5.4	-218.10	13.57	0.15	2836
hz4x4_setting3_dqn_gat	SIM_TEST	81	649.9	100.0	-259.08	16.12	0.12	2645
hz4x4_setting3_dqn_gat	REAL_TRAIN	81	671.7	100.0	-321.83	20.03	0.18	2122
hz4x4_setting3_dqn_gat	SIM_TRAIN	0	760.8	6.0	-385.99	24.12	0.16	2518
hz4x4_setting3_dqn_gat	SIM_TEST	82	574.5	100.0	-220.10	13.67	0.13	2734
hz4x4_setting3_dqn_gat	REAL_TRAIN	82	493.5	100.0	-168.67	10.41	0.18	2503
hz4x4_setting3_dqn_gat	SIM_TRAIN	0	477.1	6.7	-144.42	8.95	0.15	2877
hz4x4_setting3_dqn_gat	SIM_TEST	83	411.2	100.0	-81.56	4.98	0.12	2918
hz4x4_setting3_dqn_gat	REAL_TRAIN	83	472.3	100.0	-157.10	9.68	0.18	2511
hz4x4_setting3_dqn_gat	SIM_TRAIN	0	445.5	6.3	-113.85	7.03	0.15	2885
hz4x4_setting3_dqn_gat	SIM_TEST	84	411.8	100.0	-86.15	5.27	0.12	2916
hz4x4_setting3_dqn_gat	REAL_TRAIN	84	478.4	100.0	-158.37	9.75	0.18	2510
hz4x4_setting3_dqn_gat	SIM_TRAIN	0	485.4	5.7	-153.06	9.48	0.16	2861
hz4x4_setting3_dqn_gat	SIM_TEST	85	405.7	100.0	-77.68	4.73	0.12	2913
hz4x4_setting3_dqn_gat	REAL_TRAIN	85	499.1	100.0	-178.33	11.00	0.19	2515
hz4x4_setting3_dqn_gat	SIM_TRAIN	0	431.1	5.2	-108.56	6.69	0.15	2896
hz4x4_setting3_dqn_gat	SIM_TEST	86	403.2	100.0	-75.86	4.61	0.12	2914
hz4x4_setting3_dqn_gat	REAL_TRAIN	86	519.2	100.0	-191.01	11.81	0.18	2462
hz4x4_setting3_dqn_gat	SIM_TRAIN	0	431.2	4.9	-107.47	6.62	0.15	2898
hz4x4_setting3_dqn_gat	SIM_TEST	87	396.0	100.0	-69.80	4.23	0.12	2914
hz4x4_setting3_dqn_gat	REAL_TRAIN	87	492.1	100.0	-169.12	10.43	0.18	2510
hz4x4_setting3_dqn_gat	SIM_TRAIN	0	427.3	4.8	-102.66	6.32	0.14	2904
hz4x4_setting3_dqn_gat	SIM_TEST	88	401.2	100.0	-74.86	4.55	0.12	2917
hz4x4_setting3_dqn_gat	REAL_TRAIN	88	467.3	100.0	-148.89	9.15	0.19	2547
hz4x4_setting3_dqn_gat	SIM_TRAIN	0	429.3	4.7	-104.90	6.46	0.14	2907
hz4x4_setting3_dqn_gat	SIM_TEST	89	403.2	100.0	-74.45	4.52	0.12	2916
hz4x4_setting3_dqn_gat	REAL_TRAIN	89	477.9	100.0	-160.36	9.88	0.18	2496
hz4x4_setting3_dqn_gat	SIM_TRAIN	0	430.7	4.6	-105.64	6.50	0.15	2907
hz4x4_setting3_dqn_gat	SIM_TEST	90	391.3	100.0	-64.21	3.88	0.12	2919
hz4x4_setting3_dqn_gat	REAL_TRAIN	90	470.4	100.0	-152.36	9.37	0.19	2531
hz4x4_setting3_dqn_gat	SIM_TRAIN	0	429.0	4.6	-104.98	6.46	0.14	2897
hz4x4_setting3_dqn_gat	SIM_TEST	91	392.9	100.0	-66.44	4.02	0.12	2921
hz4x4_setting3_dqn_gat	REAL_TRAIN	91	469.9	100.0	-150.92	9.29	0.18	2520
hz4x4_setting3_dqn_gat	SIM_TRAIN	0	425.4	4.5	-101.96	6.28	0.14	2910
hz4x4_setting3_dqn_gat	SIM_TEST	92	394.2	100.0	-67.72	4.10	0.12	2919
hz4x4_setting3_dqn_gat	REAL_TRAIN	92	454.0	100.0	-137.85	8.48	0.18	2538
hz4x4_setting3_dqn_gat	SIM_TRAIN	0	433.5	4.6	-104.91	6.46	0.14	2914
hz4x4_setting3_dqn_gat	SIM_TEST	93	394.8	100.0	-68.11	4.13	0.12	2921
hz4x4_setting3_dqn_gat	REAL_TRAIN	93	463.6	100.0	-147.99	9.11	0.18	2518
hz4x4_setting3_dqn_gat	SIM_TRAIN	0	425.1	4.3	-97.84	6.02	0.14	2914
hz4x4_setting3_dqn_gat	SIM_TEST	94	386.8	100.0	-62.04	3.74	0.12	2917
hz4x4_setting3_dqn_gat	REAL_TRAIN	94	457.0	100.0	-140.89	8.67	0.18	2525
hz4x4_setting3_dqn_gat	SIM_TRAIN	0	426.4	4.2	-100.40	6.18	0.14	2896
hz4x4_setting3_dqn_gat	SIM_TEST	95	384.0	100.0	-60.36	3.64	0.11	2919
hz4x4_setting3_dqn_gat	REAL_TRAIN	95	457.9	100.0	-140.70	8.64	0.18	2529
hz4x4_setting3_dqn_gat	SIM_TRAIN	0	423.3	4.1	-99.53	6.13	0.14	2909
hz4x4_setting3_dqn_gat	SIM_TEST	96	392.9	100.0	-63.75	3.85	0.12	2916
hz4x4_setting3_dqn_gat	REAL_TRAIN	96	463.2	100.0	-143.88	8.85	0.18	2541
hz4x4_setting3_dqn_gat	SIM_TRAIN	0	428.2	3.7	-99.61	6.13	0.14	2897
hz4x4_setting3_dqn_gat	SIM_TEST	97	407.6	100.0	-82.33	5.03	0.12	2917
hz4x4_setting3_dqn_gat	REAL_TRAIN	97	454.0	100.0	-146.00	8.99	0.19	2519
hz4x4_setting3_dqn_gat	SIM_TRAIN	0	422.5	3.6	-99.09	6.10	0.14	2905
hz4x4_setting3_dqn_gat	SIM_TEST	98	391.2	100.0	-63.63	3.84	0.12	2919
hz4x4_setting3_dqn_gat	REAL_TRAIN	98	466.2	100.0	-146.39	8.99	0.18	2522
hz4x4_setting3_dqn_gat	SIM_TRAIN	0	423.5	3.4	-98.24	6.04	0.13	2904
hz4x4_setting3_dqn_gat	SIM_TEST	99	393.0	100.0	-63.60	3.84	0.11	2919
hz4x4_setting3_dqn_gat	REAL_TRAIN	99	468.9	100.0	-151.19	9.30	0.17	2532
hz4x4_setting3_dqn_gat	SIM_TRAIN	0	428.0	3.1	-100.97	6.21	0.14	2896
