hz4x4_setting1_dqn_naive	SIM_TRAIN	0	476.5	0.0	-54.66	3.25	0.11	2790	0.0000	0.0000
hz4x4_setting1_dqn_naive	SIM_TRAIN	1	491.7	0.0	-54.24	3.22	0.11	2775	0.0000	0.0000
hz4x4_setting1_dqn_naive	SIM_TRAIN	2	479.4	2.5	-58.29	3.48	0.11	2788	0.0000	0.0000
hz4x4_setting1_dqn_naive	SIM_TRAIN	3	401.1	2.4	-35.49	2.08	0.10	2898	0.0000	0.0000
hz4x4_setting1_dqn_naive	REAL_TEST	3	997.1	100.0	-599.47	37.51	0.28	1636	0.0000	0.0000
hz4x4_setting1_dqn_naive	SIM_TRAIN	4	375.3	2.1	-33.82	1.97	0.10	2930	0.0000	0.0000
hz4x4_setting1_dqn_naive	SIM_TRAIN	5	362.1	2.0	-30.27	1.74	0.10	2922	0.0000	0.0000
hz4x4_setting1_dqn_naive	SIM_TRAIN	6	362.1	1.8	-28.42	1.63	0.09	2918	0.0000	0.0000
hz4x4_setting1_dqn_naive	REAL_TEST	6	1055.9	100.0	-652.33	40.83	0.28	1445	0.0000	0.0000
hz4x4_setting1_dqn_naive	SIM_TRAIN	7	370.5	1.6	-30.59	1.78	0.10	2927	0.0000	0.0000
hz4x4_setting1_dqn_naive	SIM_TRAIN	8	369.3	1.5	-29.28	1.69	0.10	2928	0.0000	0.0000
hz4x4_setting1_dqn_naive	SIM_TRAIN	9	368.4	1.4	-29.27	1.68	0.10	2928	0.0000	0.0000
hz4x4_setting1_dqn_naive	REAL_TEST	9	1037.2	100.0	-701.02	43.89	0.30	1532	0.0000	0.0000
hz4x4_setting1_dqn_naive	SIM_TRAIN	10	369.5	1.4	-28.30	1.62	0.09	2919	0.0000	0.0000
hz4x4_setting1_dqn_naive	SIM_TRAIN	11	372.3	1.3	-28.37	1.63	0.09	2922	0.0000	0.0000
hz4x4_setting1_dqn_naive	SIM_TRAIN	12	375.1	1.3	-28.07	1.61	0.09	2917	0.0000	0.0000
hz4x4_setting1_dqn_naive	REAL_TEST	12	1023.2	100.0	-692.51	43.34	0.28	1619	0.0000	0.0000
hz4x4_setting1_dqn_naive	SIM_TRAIN	13	377.0	1.2	-29.24	1.68	0.10	2924	0.0000	0.0000
hz4x4_setting1_dqn_naive	SIM_TRAIN	14	373.5	1.2	-28.82	1.66	0.09	2917	0.0000	0.0000
hz4x4_setting1_dqn_naive	SIM_TRAIN	15	370.6	1.1	-27.42	1.57	0.09	2929	0.0000	0.0000
hz4x4_setting1_dqn_naive	REAL_TEST	15	1061.1	100.0	-658.79	41.23	0.29	1547	0.0000	0.0000
hz4x4_setting1_dqn_naive	SIM_TRAIN	16	367.3	1.0	-27.81	1.60	0.09	2921	0.0000	0.0000
hz4x4_setting1_dqn_naive	SIM_TRAIN	17	378.1	0.9	-28.89	1.66	0.09	2913	0.0000	0.0000
hz4x4_setting1_dqn_naive	SIM_TRAIN	18	378.6	0.8	-28.38	1.63	0.09	2918	0.0000	0.0000
hz4x4_setting1_dqn_naive	REAL_TEST	18	1028.2	100.0	-658.08	41.19	0.30	1542	0.0000	0.0000
hz4x4_setting1_dqn_naive	SIM_TRAIN	19	369.7	0.8	-27.27	1.56	0.09	2927	0.0000	0.0000
hz4x4_setting1_dqn_naive	SIM_TRAIN	20	377.2	0.8	-27.66	1.59	0.09	2922	0.0000	0.0000
hz4x4_setting1_dqn_naive	SIM_TRAIN	21	373.3	0.8	-28.86	1.66	0.09	2923	0.0000	0.0000
hz4x4_setting1_dqn_naive	REAL_TEST	21	959.9	100.0	-634.55	39.73	0.29	1592	0.0000	0.0000
hz4x4_setting1_dqn_naive	SIM_TRAIN	22	377.4	0.7	-27.92	1.60	0.09	2928	0.0000	0.0000
hz4x4_setting1_dqn_naive	SIM_TRAIN	23	380.5	0.8	-28.49	1.64	0.09	2907	0.0000	0.0000
hz4x4_setting1_dqn_naive	SIM_TRAIN	24	371.3	0.8	-27.89	1.60	0.09	2917	0.0000	0.0000
hz4x4_setting1_dqn_naive	REAL_TEST	24	975.2	100.0	-647.45	40.52	0.29	1632	0.0000	0.0000
hz4x4_setting1_dqn_naive	SIM_TRAIN	25	376.6	0.7	-27.30	1.57	0.09	2922	0.0000	0.0000
hz4x4_setting1_dqn_naive	SIM_TRAIN	26	381.5	0.7	-27.98	1.61	0.09	2925	0.0000	0.0000
hz4x4_setting1_dqn_naive	SIM_TRAIN	27	384.3	0.7	-27.62	1.59	0.09	2910	0.0000	0.0000
hz4x4_setting1_dqn_naive	REAL_TEST	27	932.2	100.0	-592.70	37.09	0.29	1903	0.0000	0.0000
hz4x4_setting1_dqn_naive	SIM_TRAIN	28	375.9	0.7	-27.49	1.58	0.09	2925	0.0000	0.0000
hz4x4_setting1_dqn_naive	SIM_TRAIN	29	381.4	0.7	-27.05	1.55	0.09	2906	0.0000	0.0000
hz4x4_setting1_dqn_naive	SIM_TRAIN	30	370.3	0.7	-27.66	1.59	0.09	2924	0.0000	0.0000
hz4x4_setting1_dqn_naive	REAL_TEST	30	970.1	100.0	-637.38	39.89	0.28	1703	0.0000	0.0000
hz4x4_setting1_dqn_naive	SIM_TRAIN	31	381.9	0.7	-27.70	1.59	0.09	2898	0.0000	0.0000
hz4x4_setting1_dqn_naive	SIM_TRAIN	32	372.9	0.7	-27.22	1.56	0.09	2920	0.0000	0.0000
hz4x4_setting1_dqn_naive	SIM_TRAIN	33	373.0	0.7	-27.10	1.56	0.09	2923	0.0000	0.0000
hz4x4_setting1_dqn_naive	REAL_TEST	33	1042.1	100.0	-712.20	44.59	0.29	1493	0.0000	0.0000
hz4x4_setting1_dqn_naive	SIM_TRAIN	34	376.3	0.7	-28.07	1.61	0.09	2924	0.0000	0.0000
hz4x4_setting1_dqn_naive	SIM_TRAIN	35	380.0	0.7	-28.20	1.62	0.09	2912	0.0000	0.0000
hz4x4_setting1_dqn_naive	SIM_TRAIN	36	388.7	0.7	-28.17	1.62	0.09	2892	0.0000	0.0000
hz4x4_setting1_dqn_naive	REAL_TEST	36	971.0	100.0	-633.48	39.65	0.29	1651	0.0000	0.0000
hz4x4_setting1_dqn_naive	SIM_TRAIN	37	388.1	0.7	-28.81	1.66	0.09	2899	0.0000	0.0000
hz4x4_setting1_dqn_naive	SIM_TRAIN	38	381.2	0.7	-27.73	1.60	0.09	2922	0.0000	0.0000
hz4x4_setting1_dqn_naive	SIM_TRAIN	39	383.8	0.7	-28.85	1.66	0.09	2913	0.0000	0.0000
hz4x4_setting1_dqn_naive	REAL_TEST	39	973.7	100.0	-646.07	40.44	0.29	1608	0.0000	0.0000
hz4x4_setting1_dqn_naive	SIM_TRAIN	40	375.3	0.7	-27.64	1.59	0.09	2913	0.0000	0.0000
hz4x4_setting1_dqn_naive	SIM_TRAIN	41	373.4	0.7	-26.43	1.51	0.09	2920	0.0000	0.0000
hz4x4_setting1_dqn_naive	SIM_TRAIN	42	376.1	0.7	-27.98	1.61	0.09	2926	0.0000	0.0000
hz4x4_setting1_dqn_naive	REAL_TEST	42	1006.7	100.0	-678.90	42.50	0.28	1636	0.0000	0.0000
hz4x4_setting1_dqn_naive	SIM_TRAIN	43	385.8	0.7	-27.59	1.58	0.09	2910	0.0000	0.0000
hz4x4_setting1_dqn_naive	SIM_TRAIN	44	389.9	0.7	-28.84	1.66	0.09	2910	0.0000	0.0000
hz4x4_setting1_dqn_naive	SIM_TRAIN	45	379.9	0.7	-27.48	1.57	0.09	2916	0.0000	0.0000
hz4x4_setting1_dqn_naive	REAL_TEST	45	1022.3	100.0	-687.48	43.04	0.29	1556	0.0000	0.0000
hz4x4_setting1_dqn_naive	SIM_TRAIN	46	375.4	0.7	-27.78	1.59	0.09	2922	0.0000	0.0000
hz4x4_setting1_dqn_naive	SIM_TRAIN	47	375.9	0.7	-28.02	1.62	0.09	2924	0.0000	0.0000
hz4x4_setting1_dqn_naive	SIM_TRAIN	48	376.0	0.7	-28.00	1.61	0.09	2924	0.0000	0.0000
hz4x4_setting1_dqn_naive	REAL_TEST	48	1065.2	100.0	-671.00	41.99	0.27	1559	0.0000	0.0000
hz4x4_setting1_dqn_naive	SIM_TRAIN	49	377.3	0.7	-28.09	1.61	0.09	2929	0.0000	0.0000
hz4x4_setting1_dqn_naive	SIM_TRAIN	50	379.8	0.7	-27.19	1.56	0.09	2918	0.0000	0.0000
hz4x4_setting1_dqn_naive	SIM_TRAIN	51	379.7	0.7	-26.77	1.54	0.09	2910	0.0000	0.0000
hz4x4_setting1_dqn_naive	REAL_TEST	51	1017.5	100.0	-683.33	42.79	0.29	1570	0.0000	0.0000
hz4x4_setting1_dqn_naive	SIM_TRAIN	52	387.2	0.7	-27.61	1.58	0.09	2899	0.0000	0.0000
hz4x4_setting1_dqn_naive	SIM_TRAIN	53	374.8	0.7	-27.78	1.59	0.09	2921	0.0000	0.0000
hz4x4_setting1_dqn_naive	SIM_TRAIN	54	380.5	0.6	-27.54	1.58	0.09	2921	0.0000	0.0000
hz4x4_setting1_dqn_naive	REAL_TEST	54	964.6	100.0	-632.53	39.59	0.28	1667	0.0000	0.0000
hz4x4_setting1_dqn_naive	SIM_TRAIN	55	369.3	0.6	-27.70	1.59	0.09	2925	0.0000	0.0000
hz4x4_setting1_dqn_naive	SIM_TRAIN	56	370.7	0.6	-26.63	1.52	0.09	2929	0.0000	0.0000
hz4x4_setting1_dqn_naive	SIM_TRAIN	57	371.7	0.6	-27.93	1.61	0.09	2919	0.0000	0.0000
hz4x4_setting1_dqn_naive	REAL_TEST	57	996.0	100.0	-665.18	41.64	0.29	1653	0.0000	0.0000
hz4x4_setting1_dqn_naive	SIM_TRAIN	58	379.4	0.7	-28.63	1.65	0.09	2925	0.0000	0.0000
hz4x4_setting1_dqn_naive	SIM_TRAIN	59	373.8	0.7	-27.29	1.56	0.09	2927	0.0000	0.0000
hz4x4_setting1_dqn_naive	SIM_TRAIN	60	376.2	0.7	-28.15	1.62	0.09	2926	0.0000	0.0000
hz4x4_setting1_dqn_naive	REAL_TEST	60	998.9	100.0	-673.86	42.18	0.29	1604	0.0000	0.0000
hz4x4_setting1_dqn_naive	SIM_TRAIN	61	369.1	0.7	-27.32	1.57	0.09	2925	0.0000	0.0000
hz4x4_setting1_dqn_naive	SIM_TRAIN	62	371.4	0.7	-27.11	1.56	0.09	2929	0.0000	0.0000
hz4x4_setting1_dqn_naive	SIM_TRAIN	63	368.4	0.7	-27.57	1.58	0.09	2924	0.0000	0.0000
hz4x4_setting1_dqn_naive	REAL_TEST	63	955.7	100.0	-623.93	39.05	0.29	1698	0.0000	0.0000
hz4x4_setting1_dqn_naive	SIM_TRAIN	64	368.0	0.7	-27.47	1.58	0.09	2924	0.0000	0.0000
hz4x4_setting1_dqn_naive	SIM_TRAIN	65	375.1	0.7	-28.77	1.66	0.09	2925	0.0000	0.0000
hz4x4_setting1_dqn_naive	SIM_TRAIN	66	373.2	0.7	-26.79	1.53	0.09	2926	0.0000	0.0000
hz4x4_setting1_dqn_naive	REAL_TEST	66	943.8	100.0	-614.33	38.47	0.29	1621	0.0000	0.0000
hz4x4_setting1_dqn_naive	SIM_TRAIN	67	373.9	0.7	-27.67	1.59	0.09	2926	0.0000	0.0000
hz4x4_setting1_dqn_naive	SIM_TRAIN	68	379.6	0.7	-26.90	1.54	0.09	2921	0.0000	0.0000
hz4x4_setting1_dqn_naive	SIM_TRAIN	69	372.4	0.7	-28.23	1.63	0.09	2928	0.0000	0.0000
hz4x4_setting1_dqn_naive	REAL_TEST	69	1058.9	100.0	-690.81	43.24	0.29	1550	0.0000	0.0000
hz4x4_setting1_dqn_naive	SIM_TRAIN	70	369.9	0.7	-26.90	1.54	0.09	2922	0.0000	0.0000
hz4x4_setting1_dqn_naive	SIM_TRAIN	71	374.0	0.7	-27.17	1.55	0.09	2922	0.0000	0.0000
hz4x4_setting1_dqn_naive	SIM_TRAIN	72	373.8	0.7	-26.61	1.52	0.09	2925	0.0000	0.0000
hz4x4_setting1_dqn_naive	REAL_TEST	72	999.2	100.0	-666.03	41.70	0.29	1598	0.0000	0.0000
hz4x4_setting1_dqn_naive	SIM_TRAIN	73	377.4	0.7	-27.12	1.56	0.09	2921	0.0000	0.0000
hz4x4_setting1_dqn_naive	SIM_TRAIN	74	370.8	0.7	-27.34	1.58	0.09	2926	0.0000	0.0000
hz4x4_setting1_dqn_naive	SIM_TRAIN	75	383.5	0.7	-27.77	1.59	0.09	2917	0.0000	0.0000
hz4x4_setting1_dqn_naive	REAL_TEST	75	1099.6	100.0	-693.54	43.41	0.27	1424	0.0000	0.0000
hz4x4_setting1_dqn_naive	SIM_TRAIN	76	381.6	0.6	-27.47	1.57	0.09	2913	0.0000	0.0000
hz4x4_setting1_dqn_naive	SIM_TRAIN	77	376.9	0.7	-28.35	1.63	0.09	2916	0.0000	0.0000
hz4x4_setting1_dqn_naive	SIM_TRAIN	78	371.9	0.6	-26.76	1.53	0.09	2925	0.0000	0.0000
hz4x4_setting1_dqn_naive	REAL_TEST	78	996.9	100.0	-649.68	40.68	0.29	1558	0.0000	0.0000
hz4x4_setting1_dqn_naive	SIM_TRAIN	79	379.5	0.6	-27.85	1.60	0.09	2919	0.0000	0.0000
hz4x4_setting1_dqn_naive	SIM_TRAIN	80	373.6	0.6	-27.20	1.56	0.09	2917	0.0000	0.0000
hz4x4_setting1_dqn_naive	SIM_TRAIN	81	387.7	0.6	-28.26	1.63	0.09	2912	0.0000	0.0000
hz4x4_setting1_dqn_naive	REAL_TEST	81	1004.7	100.0	-646.91	40.50	0.28	1568	0.0000	0.0000
hz4x4_setting1_dqn_naive	SIM_TRAIN	82	370.8	0.6	-26.93	1.55	0.09	2929	0.0000	0.0000
hz4x4_setting1_dqn_naive	SIM_TRAIN	83	371.7	0.6	-26.87	1.54	0.09	2926	0.0000	0.0000
hz4x4_setting1_dqn_naive	SIM_TRAIN	84	373.5	0.6	-28.26	1.63	0.09	2926	0.0000	0.0000
hz4x4_setting1_dqn_naive	REAL_TEST	84	928.5	100.0	-606.08	37.94	0.28	1628	0.0000	0.0000
hz4x4_setting1_dqn_naive	SIM_TRAIN	85	378.5	0.6	-27.27	1.56	0.09	2919	0.0000	0.0000
hz4x4_setting1_dqn_naive	SIM_TRAIN	86	368.9	0.6	-26.72	1.53	0.09	2924	0.0000	0.0000
hz4x4_setting1_dqn_naive	SIM_TRAIN	87	373.1	0.6	-27.11	1.55	0.09	2925	0.0000	0.0000
hz4x4_setting1_dqn_naive	REAL_TEST	87	952.6	100.0	-605.79	37.92	0.28	1623	0.0000	0.0000
hz4x4_setting1_dqn_naive	SIM_TRAIN	88	371.5	0.6	-27.88	1.60	0.09	2923	0.0000	0.0000
hz4x4_setting1_dqn_naive	SIM_TRAIN	89	367.5	0.7	-26.82	1.54	0.09	2928	0.0000	0.0000
hz4x4_setting1_dqn_naive	SIM_TRAIN	90	369.0	0.7	-27.14	1.55	0.09	2928	0.0000	0.0000
hz4x4_setting1_dqn_naive	REAL_TEST	90	1026.8	100.0	-661.39	41.39	0.28	1559	0.0000	0.0000
hz4x4_setting1_dqn_naive	SIM_TRAIN	91	375.8	0.7	-27.38	1.57	0.09	2921	0.0000	0.0000
hz4x4_setting1_dqn_naive	SIM_TRAIN	92	376.1	0.7	-26.69	1.53	0.09	2919	0.0000	0.0000
hz4x4_setting1_dqn_naive	SIM_TRAIN	93	380.7	0.7	-26.95	1.55	0.09	2919	0.0000	0.0000
hz4x4_setting1_dqn_naive	REAL_TEST	93	977.2	100.0	-650.42	40.72	0.30	1599	0.0000	0.0000
hz4x4_setting1_dqn_naive	SIM_TRAIN	94	378.0	0.7	-27.34	1.56	0.09	2925	0.0000	0.0000
hz4x4_setting1_dqn_naive	SIM_TRAIN	95	375.8	0.7	-26.94	1.55	0.09	2922	0.0000	0.0000
hz4x4_setting1_dqn_naive	SIM_TRAIN	96	370.4	0.7	-27.05	1.54	0.09	2927	0.0000	0.0000
hz4x4_setting1_dqn_naive	REAL_TEST	96	949.1	100.0	-593.00	37.12	0.29	1637	0.0000	0.0000
hz4x4_setting1_dqn_naive	SIM_TRAIN	97	371.7	0.7	-26.87	1.54	0.09	2926	0.0000	0.0000
hz4x4_setting1_dqn_naive	SIM_TRAIN	98	369.9	0.7	-26.82	1.53	0.09	2927	0.0000	0.0000
hz4x4_setting1_dqn_naive	SIM_TRAIN	99	368.1	0.7	-25.52	1.46	0.09	2925	0.0000	0.0000
hz4x4_setting1_dqn_naive	REAL_TEST	99	1024.8	100.0	-671.85	42.06	0.28	1453	0.0000	0.0000
hz4x4_setting1_dqn_naive	SIM_TRAIN	100	374.9	0.7	-28.22	1.62	0.09	2929	0.0000	0.0000
hz4x4_setting1_dqn_naive	SIM_TRAIN	101	371.3	0.6	-26.63	1.53	0.09	2926	0.0000	0.0000
hz4x4_setting1_dqn_naive	SIM_TRAIN	102	361.4	0.6	-26.53	1.52	0.09	2920	0.0000	0.0000
hz4x4_setting1_dqn_naive	REAL_TEST	102	966.0	100.0	-632.81	39.62	0.28	1619	0.0000	0.0000
hz4x4_setting1_dqn_naive	SIM_TRAIN	103	368.5	0.7	-29.08	1.68	0.09	2924	0.0000	0.0000
hz4x4_setting1_dqn_naive	SIM_TRAIN	104	368.5	0.7	-27.39	1.57	0.09	2923	0.0000	0.0000
hz4x4_setting1_dqn_naive	SIM_TRAIN	105	379.4	0.7	-28.11	1.62	0.09	2916	0.0000	0.0000
hz4x4_setting1_dqn_naive	REAL_TEST	105	959.6	100.0	-628.44	39.35	0.29	1577	0.0000	0.0000
hz4x4_setting1_dqn_naive	SIM_TRAIN	106	371.1	0.7	-26.81	1.55	0.09	2919	0.0000	0.0000
hz4x4_setting1_dqn_naive	SIM_TRAIN	107	371.9	0.7	-26.77	1.53	0.09	2928	0.0000	0.0000
hz4x4_setting1_dqn_naive	SIM_TRAIN	108	373.0	0.7	-26.79	1.53	0.09	2923	0.0000	0.0000
hz4x4_setting1_dqn_naive	REAL_TEST	108	1109.8	100.0	-713.08	44.63	0.28	1407	0.0000	0.0000
hz4x4_setting1_dqn_naive	SIM_TRAIN	109	368.1	0.7	-25.10	1.43	0.09	2921	0.0000	0.0000
hz4x4_setting1_dqn_naive	SIM_TRAIN	110	375.6	0.7	-27.62	1.58	0.09	2921	0.0000	0.0000
hz4x4_setting1_dqn_naive	SIM_TRAIN	111	374.2	0.7	-26.28	1.50	0.09	2928	0.0000	0.0000
hz4x4_setting1_dqn_naive	REAL_TEST	111	937.4	100.0	-604.88	37.86	0.28	1622	0.0000	0.0000
hz4x4_setting1_dqn_naive	SIM_TRAIN	112	377.9	0.7	-29.03	1.67	0.09	2926	0.0000	0.0000
hz4x4_setting1_dqn_naive	SIM_TRAIN	113	368.2	0.7	-25.27	1.44	0.09	2929	0.0000	0.0000
hz4x4_setting1_dqn_naive	SIM_TRAIN	114	375.8	0.7	-26.40	1.51	0.09	2920	0.0000	0.0000
hz4x4_setting1_dqn_naive	REAL_TEST	114	973.0	100.0	-616.43	38.59	0.28	1588	0.0000	0.0000
hz4x4_setting1_dqn_naive	SIM_TRAIN	115	376.8	0.7	-26.32	1.51	0.09	2916	0.0000	0.0000
hz4x4_setting1_dqn_naive	SIM_TRAIN	116	370.2	0.6	-26.51	1.52	0.09	2928	0.0000	0.0000
hz4x4_setting1_dqn_naive	SIM_TRAIN	117	371.5	0.6	-26.70	1.53	0.09	2929	0.0000	0.0000
hz4x4_setting1_dqn_naive	REAL_TEST	117	1039.7	100.0	-695.52	43.55	0.29	1475	0.0000	0.0000
hz4x4_setting1_dqn_naive	SIM_TRAIN	118	373.2	0.6	-27.01	1.54	0.09	2921	0.0000	0.0000
hz4x4_setting1_dqn_naive	SIM_TRAIN	119	376.7	0.6	-26.36	1.50	0.09	2911	0.0000	0.0000
hz4x4_setting1_dqn_naive	SIM_TRAIN	120	375.9	0.6	-27.05	1.54	0.09	2913	0.0000	0.0000
hz4x4_setting1_dqn_naive	REAL_TEST	120	1049.4	100.0	-688.85	43.13	0.29	1445	0.0000	0.0000
hz4x4_setting1_dqn_naive	SIM_TRAIN	121	376.3	0.6	-26.84	1.54	0.09	2917	0.0000	0.0000
hz4x4_setting1_dqn_naive	SIM_TRAIN	122	372.5	0.6	-26.61	1.53	0.09	2919	0.0000	0.0000
hz4x4_setting1_dqn_naive	SIM_TRAIN	123	381.6	0.6	-27.20	1.56	0.09	2907	0.0000	0.0000
hz4x4_setting1_dqn_naive	REAL_TEST	123	869.2	100.0	-540.87	33.85	0.28	1883	0.0000	0.0000
hz4x4_setting1_dqn_naive	SIM_TRAIN	124	375.1	0.6	-26.89	1.54	0.09	2921	0.0000	0.0000
hz4x4_setting1_dqn_naive	SIM_TRAIN	125	376.9	0.6	-26.56	1.52	0.09	2919	0.0000	0.0000
hz4x4_setting1_dqn_naive	SIM_TRAIN	126	380.0	0.6	-27.08	1.55	0.09	2917	0.0000	0.0000
hz4x4_setting1_dqn_naive	REAL_TEST	126	905.6	100.0	-559.12	34.99	0.29	1703	0.0000	0.0000
hz4x4_setting1_dqn_naive	SIM_TRAIN	127	386.1	0.6	-27.33	1.57	0.09	2911	0.0000	0.0000
hz4x4_setting1_dqn_naive	SIM_TRAIN	128	377.7	0.6	-27.79	1.60	0.09	2923	0.0000	0.0000
hz4x4_setting1_dqn_naive	SIM_TRAIN	129	368.8	0.6	-26.70	1.53	0.09	2929	0.0000	0.0000
hz4x4_setting1_dqn_naive	REAL_TEST	129	1044.3	100.0	-685.61	42.92	0.29	1515	0.0000	0.0000
hz4x4_setting1_dqn_naive	SIM_TRAIN	130	381.5	0.6	-27.57	1.58	0.09	2927	0.0000	0.0000
hz4x4_setting1_dqn_naive	SIM_TRAIN	131	379.1	0.7	-27.03	1.55	0.09	2922	0.0000	0.0000
hz4x4_setting1_dqn_naive	SIM_TRAIN	132	372.3	0.7	-26.92	1.54	0.09	2929	0.0000	0.0000
hz4x4_setting1_dqn_naive	REAL_TEST	132	1039.1	100.0	-683.03	42.76	0.28	1519	0.0000	0.0000
hz4x4_setting1_dqn_naive	SIM_TRAIN	133	379.2	0.7	-26.45	1.51	0.09	2927	0.0000	0.0000
hz4x4_setting1_dqn_naive	SIM_TRAIN	134	381.5	0.7	-26.55	1.52	0.09	2917	0.0000	0.0000
hz4x4_setting1_dqn_naive	SIM_TRAIN	135	371.7	0.7	-25.49	1.46	0.09	2927	0.0000	0.0000
hz4x4_setting1_dqn_naive	REAL_TEST	135	895.4	100.0	-565.39	35.39	0.27	1702	0.0000	0.0000
hz4x4_setting1_dqn_naive	SIM_TRAIN	136	374.6	0.7	-26.86	1.54	0.09	2925	0.0000	0.0000
hz4x4_setting1_dqn_naive	SIM_TRAIN	137	377.5	0.7	-27.70	1.59	0.09	2922	0.0000	0.0000
hz4x4_setting1_dqn_naive	SIM_TRAIN	138	375.2	0.7	-27.05	1.55	0.09	2922	0.0000	0.0000
hz4x4_setting1_dqn_naive	REAL_TEST	138	977.9	100.0	-632.61	39.60	0.29	1641	0.0000	0.0000
hz4x4_setting1_dqn_naive	SIM_TRAIN	139	369.0	0.7	-26.02	1.49	0.09	2920	0.0000	0.0000
hz4x4_setting1_dqn_naive	SIM_TRAIN	140	365.0	0.7	-26.78	1.53	0.09	2927	0.0000	0.0000
hz4x4_setting1_dqn_naive	SIM_TRAIN	141	374.8	0.7	-27.25	1.56	0.09	2919	0.0000	0.0000
hz4x4_setting1_dqn_naive	REAL_TEST	141	949.7	100.0	-606.33	37.95	0.29	1606	0.0000	0.0000
hz4x4_setting1_dqn_naive	SIM_TRAIN	142	374.7	0.7	-27.01	1.55	0.09	2914	0.0000	0.0000
hz4x4_setting1_dqn_naive	SIM_TRAIN	143	377.0	0.6	-26.13	1.50	0.09	2914	0.0000	0.0000
hz4x4_setting1_dqn_naive	SIM_TRAIN	144	378.9	0.6	-27.49	1.58	0.09	2919	0.0000	0.0000
hz4x4_setting1_dqn_naive	REAL_TEST	144	968.1	100.0	-635.59	39.78	0.29	1684	0.0000	0.0000
hz4x4_setting1_dqn_naive	SIM_TRAIN	145	377.6	0.7	-27.06	1.55	0.09	2916	0.0000	0.0000
hz4x4_setting1_dqn_naive	SIM_TRAIN	146	372.3	0.7	-26.39	1.51	0.09	2921	0.0000	0.0000
hz4x4_setting1_dqn_naive	SIM_TRAIN	147	372.6	0.7	-27.20	1.56	0.09	2913	0.0000	0.0000
hz4x4_setting1_dqn_naive	REAL_TEST	147	938.7	100.0	-601.09	37.62	0.29	1723	0.0000	0.0000
hz4x4_setting1_dqn_naive	SIM_TRAIN	148	383.6	0.7	-28.19	1.62	0.09	2915	0.0000	0.0000
hz4x4_setting1_dqn_naive	SIM_TRAIN	149	382.9	0.7	-27.69	1.59	0.09	2908	0.0000	0.0000
hz4x4_setting1_dqn_naive	SIM_TRAIN	150	378.5	0.7	-28.11	1.62	0.09	2906	0.0000	0.0000
hz4x4_setting1_dqn_naive	REAL_TEST	150	941.4	100.0	-612.28	38.32	0.29	1607	0.0000	0.0000
hz4x4_setting1_dqn_naive	SIM_TRAIN	151	374.1	0.7	-26.99	1.54	0.09	2911	0.0000	0.0000
hz4x4_setting1_dqn_naive	SIM_TRAIN	152	380.8	0.7	-27.59	1.58	0.09	2907	0.0000	0.0000
hz4x4_setting1_dqn_naive	SIM_TRAIN	153	382.5	0.7	-27.05	1.56	0.09	2909	0.0000	0.0000
hz4x4_setting1_dqn_naive	REAL_TEST	153	938.2	100.0	-602.40	37.70	0.28	1811	0.0000	0.0000
hz4x4_setting1_dqn_naive	SIM_TRAIN	154	385.5	0.7	-26.69	1.52	0.09	2904	0.0000	0.0000
hz4x4_setting1_dqn_naive	SIM_TRAIN	155	391.2	0.7	-27.51	1.58	0.09	2904	0.0000	0.0000
hz4x4_setting1_dqn_naive	SIM_TRAIN	156	396.0	0.8	-28.72	1.65	0.09	2895	0.0000	0.0000
hz4x4_setting1_dqn_naive	REAL_TEST	156	1022.9	100.0	-657.74	41.17	0.28	1568	0.0000	0.0000
hz4x4_setting1_dqn_naive	SIM_TRAIN	157	397.4	0.8	-27.47	1.58	0.09	2912	0.0000	0.0000
hz4x4_setting1_dqn_naive	SIM_TRAIN	158	377.2	0.8	-28.12	1.62	0.09	2918	0.0000	0.0000
hz4x4_setting1_dqn_naive	SIM_TRAIN	159	375.0	0.8	-25.48	1.46	0.09	2926	0.0000	0.0000
hz4x4_setting1_dqn_naive	REAL_TEST	159	1027.4	100.0	-643.16	40.25	0.28	1463	0.0000	0.0000
hz4x4_setting1_dqn_naive	SIM_TRAIN	160	375.1	0.8	-27.54	1.57	0.09	2919	0.0000	0.0000
hz4x4_setting1_dqn_naive	SIM_TRAIN	161	377.8	0.8	-25.84	1.47	0.09	2920	0.0000	0.0000
hz4x4_setting1_dqn_naive	SIM_TRAIN	162	382.1	0.8	-26.92	1.54	0.09	2908	0.0000	0.0000
hz4x4_setting1_dqn_naive	REAL_TEST	162	944.2	100.0	-600.34	37.58	0.29	1633	0.0000	0.0000
hz4x4_setting1_dqn_naive	SIM_TRAIN	163	388.1	0.8	-30.60	1.77	0.09	2907	0.0000	0.0000
hz4x4_setting1_dqn_naive	SIM_TRAIN	164	384.4	0.8	-27.36	1.56	0.09	2910	0.0000	0.0000
hz4x4_setting1_dqn_naive	SIM_TRAIN	165	384.7	0.8	-26.67	1.52	0.09	2905	0.0000	0.0000
hz4x4_setting1_dqn_naive	REAL_TEST	165	894.5	100.0	-561.12	35.12	0.29	1819	0.0000	0.0000
hz4x4_setting1_dqn_naive	SIM_TRAIN	166	384.0	0.8	-26.54	1.51	0.09	2912	0.0000	0.0000
hz4x4_setting1_dqn_naive	SIM_TRAIN	167	381.2	0.7	-26.01	1.48	0.09	2905	0.0000	0.0000
hz4x4_setting1_dqn_naive	SIM_TRAIN	168	387.7	0.7	-27.56	1.58	0.09	2903	0.0000	0.0000
hz4x4_setting1_dqn_naive	REAL_TEST	168	929.0	100.0	-591.82	37.05	0.29	1708	0.0000	0.0000
hz4x4_setting1_dqn_naive	SIM_TRAIN	169	379.0	0.7	-26.70	1.53	0.09	2892	0.0000	0.0000
hz4x4_setting1_dqn_naive	SIM_TRAIN	170	383.7	0.7	-27.57	1.58	0.09	2914	0.0000	0.0000
hz4x4_setting1_dqn_naive	SIM_TRAIN	171	385.9	0.7	-26.95	1.54	0.09	2903	0.0000	0.0000
hz4x4_setting1_dqn_naive	REAL_TEST	171	909.8	100.0	-594.89	37.24	0.28	1700	0.0000	0.0000
hz4x4_setting1_dqn_naive	SIM_TRAIN	172	379.4	0.7	-26.76	1.53	0.09	2910	0.0000	0.0000
hz4x4_setting1_dqn_naive	SIM_TRAIN	173	376.5	0.7	-26.83	1.54	0.09	2922	0.0000	0.0000
hz4x4_setting1_dqn_naive	SIM_TRAIN	174	380.9	0.7	-27.23	1.56	0.09	2913	0.0000	0.0000
hz4x4_setting1_dqn_naive	REAL_TEST	174	945.6	100.0	-621.82	38.93	0.28	1580	0.0000	0.0000
hz4x4_setting1_dqn_naive	SIM_TRAIN	175	374.4	0.7	-26.86	1.53	0.09	2914	0.0000	0.0000
hz4x4_setting1_dqn_naive	SIM_TRAIN	176	374.6	0.7	-26.64	1.52	0.09	2922	0.0000	0.0000
hz4x4_setting1_dqn_naive	SIM_TRAIN	177	375.5	0.7	-27.27	1.56	0.09	2914	0.0000	0.0000
hz4x4_setting1_dqn_naive	REAL_TEST	177	946.2	100.0	-614.95	38.50	0.29	1616	0.0000	0.0000
hz4x4_setting1_dqn_naive	SIM_TRAIN	178	374.3	0.7	-25.78	1.47	0.09	2915	0.0000	0.0000
hz4x4_setting1_dqn_naive	SIM_TRAIN	179	384.0	0.7	-28.66	1.65	0.09	2903	0.0000	0.0000
hz4x4_setting1_dqn_naive	SIM_TRAIN	180	378.0	0.7	-27.90	1.60	0.09	2916	0.0000	0.0000
hz4x4_setting1_dqn_naive	REAL_TEST	180	1005.0	100.0	-644.53	40.34	0.29	1564	0.0000	0.0000
hz4x4_setting1_dqn_naive	SIM_TRAIN	181	374.2	0.7	-27.36	1.57	0.09	2921	0.0000	0.0000
hz4x4_setting1_dqn_naive	SIM_TRAIN	182	378.0	0.7	-26.43	1.51	0.09	2911	0.0000	0.0000
hz4x4_setting1_dqn_naive	SIM_TRAIN	183	370.8	0.7	-27.14	1.56	0.09	2911	0.0000	0.0000
hz4x4_setting1_dqn_naive	REAL_TEST	183	900.9	100.0	-580.46	36.34	0.28	1664	0.0000	0.0000
hz4x4_setting1_dqn_naive	SIM_TRAIN	184	384.9	0.7	-27.33	1.56	0.09	2909	0.0000	0.0000
hz4x4_setting1_dqn_naive	SIM_TRAIN	185	375.9	0.7	-27.17	1.55	0.09	2900	0.0000	0.0000
hz4x4_setting1_dqn_naive	SIM_TRAIN	186	377.9	0.7	-27.11	1.56	0.09	2911	0.0000	0.0000
hz4x4_setting1_dqn_naive	REAL_TEST	186	864.7	100.0	-545.72	34.16	0.29	1727	0.0000	0.0000
hz4x4_setting1_dqn_naive	SIM_TRAIN	187	375.8	0.7	-27.24	1.57	0.09	2914	0.0000	0.0000
hz4x4_setting1_dqn_naive	SIM_TRAIN	188	377.3	0.7	-26.24	1.50	0.09	2915	0.0000	0.0000
hz4x4_setting1_dqn_naive	SIM_TRAIN	189	383.7	0.7	-27.08	1.55	0.09	2910	0.0000	0.0000
hz4x4_setting1_dqn_naive	REAL_TEST	189	993.0	100.0	-651.23	40.76	0.28	1606	0.0000	0.0000
hz4x4_setting1_dqn_naive	SIM_TRAIN	190	380.6	0.7	-26.35	1.51	0.09	2906	0.0000	0.0000
hz4x4_setting1_dqn_naive	SIM_TRAIN	191	378.9	0.7	-26.52	1.52	0.09	2898	0.0000	0.0000
hz4x4_setting1_dqn_naive	SIM_TRAIN	192	373.1	0.7	-26.25	1.51	0.09	2921	0.0000	0.0000
hz4x4_setting1_dqn_naive	REAL_TEST	192	948.4	100.0	-615.65	38.53	0.28	1691	0.0000	0.0000
hz4x4_setting1_dqn_naive	SIM_TRAIN	193	381.2	0.7	-26.54	1.52	0.09	2905	0.0000	0.0000
hz4x4_setting1_dqn_naive	SIM_TRAIN	194	386.3	0.7	-27.60	1.58	0.09	2909	0.0000	0.0000
hz4x4_setting1_dqn_naive	SIM_TRAIN	195	380.5	0.7	-27.24	1.56	0.09	2910	0.0000	0.0000
hz4x4_setting1_dqn_naive	REAL_TEST	195	1005.7	100.0	-646.25	40.46	0.30	1530	0.0000	0.0000
hz4x4_setting1_dqn_naive	SIM_TRAIN	196	386.8	0.7	-26.42	1.52	0.09	2900	0.0000	0.0000
hz4x4_setting1_dqn_naive	SIM_TRAIN	197	378.1	0.7	-26.96	1.54	0.09	2914	0.0000	0.0000
hz4x4_setting1_dqn_naive	SIM_TRAIN	198	364.3	0.7	-27.33	1.57	0.09	2927	0.0000	0.0000
hz4x4_setting1_dqn_naive	REAL_TEST	198	913.3	100.0	-592.30	37.07	0.28	1676	0.0000	0.0000
hz4x4_setting1_dqn_naive	SIM_TRAIN	199	372.3	0.7	-25.53	1.46	0.09	2922	0.0000	0.0000
hz4x4_setting1_dqn_naive	SIM_TRAIN	200	379.9	0.7	-26.51	1.51	0.09	2895	0.0000	0.0000
hz4x4_setting1_dqn_naive	SIM_TRAIN	201	380.7	0.7	-26.84	1.53	0.09	2901	0.0000	0.0000
hz4x4_setting1_dqn_naive	REAL_TEST	201	920.7	100.0	-587.12	36.75	0.29	1760	0.0000	0.0000
hz4x4_setting1_dqn_naive	SIM_TRAIN	202	392.7	0.6	-27.03	1.54	0.09	2909	0.0000	0.0000
hz4x4_setting1_dqn_naive	SIM_TRAIN	203	378.2	0.6	-27.02	1.55	0.09	2913	0.0000	0.0000
hz4x4_setting1_dqn_naive	SIM_TRAIN	204	374.2	0.6	-26.42	1.52	0.09	2915	0.0000	0.0000
hz4x4_setting1_dqn_naive	REAL_TEST	204	1027.8	100.0	-673.58	42.17	0.30	1481	0.0000	0.0000
hz4x4_setting1_dqn_naive	SIM_TRAIN	205	376.3	0.7	-26.60	1.52	0.09	2925	0.0000	0.0000
hz4x4_setting1_dqn_naive	SIM_TRAIN	206	382.5	0.6	-26.57	1.53	0.09	2908	0.0000	0.0000
hz4x4_setting1_dqn_naive	SIM_TRAIN	207	379.5	0.6	-26.39	1.50	0.09	2920	0.0000	0.0000
hz4x4_setting1_dqn_naive	REAL_TEST	207	979.0	100.0	-642.41	40.21	0.28	1721	0.0000	0.0000
hz4x4_setting1_dqn_naive	SIM_TRAIN	208	377.8	0.6	-26.49	1.52	0.09	2914	0.0000	0.0000
hz4x4_setting1_dqn_naive	SIM_TRAIN	209	376.0	0.6	-26.08	1.49	0.09	2912	0.0000	0.0000
hz4x4_setting1_dqn_naive	SIM_TRAIN	210	384.6	0.6	-26.50	1.52	0.09	2915	0.0000	0.0000
hz4x4_setting1_dqn_naive	REAL_TEST	210	887.0	100.0	-569.29	35.63	0.28	1706	0.0000	0.0000
hz4x4_setting1_dqn_naive	SIM_TRAIN	211	383.0	0.6	-27.95	1.61	0.09	2911	0.0000	0.0000
hz4x4_setting1_dqn_naive	SIM_TRAIN	212	377.6	0.6	-26.05	1.48	0.09	2919	0.0000	0.0000
hz4x4_setting1_dqn_naive	SIM_TRAIN	213	377.0	0.6	-26.44	1.51	0.09	2911	0.0000	0.0000
hz4x4_setting1_dqn_naive	REAL_TEST	213	942.3	100.0	-611.18	38.26	0.28	1630	0.0000	0.0000
hz4x4_setting1_dqn_naive	SIM_TRAIN	214	376.9	0.6	-25.61	1.47	0.09	2915	0.0000	0.0000
hz4x4_setting1_dqn_naive	SIM_TRAIN	215	378.9	0.6	-26.30	1.51	0.09	2914	0.0000	0.0000
hz4x4_setting1_dqn_naive	SIM_TRAIN	216	378.0	0.6	-27.35	1.57	0.09	2917	0.0000	0.0000
hz4x4_setting1_dqn_naive	REAL_TEST	216	991.5	100.0	-649.21	40.64	0.28	1529	0.0000	0.0000
hz4x4_setting1_dqn_naive	SIM_TRAIN	217	384.5	0.6	-27.00	1.55	0.09	2920	0.0000	0.0000
hz4x4_setting1_dqn_naive	SIM_TRAIN	218	384.1	0.6	-27.08	1.54	0.09	2916	0.0000	0.0000
hz4x4_setting1_dqn_naive	SIM_TRAIN	219	382.4	0.6	-27.07	1.54	0.09	2914	0.0000	0.0000
hz4x4_setting1_dqn_naive	REAL_TEST	219	964.5	100.0	-635.56	39.78	0.29	1625	0.0000	0.0000
hz4x4_setting1_dqn_naive	SIM_TRAIN	220	388.3	0.6	-27.66	1.59	0.09	2905	0.0000	0.0000
hz4x4_setting1_dqn_naive	SIM_TRAIN	221	384.9	0.6	-27.23	1.56	0.09	2913	0.0000	0.0000
hz4x4_setting1_dqn_naive	SIM_TRAIN	222	376.1	0.6	-26.62	1.52	0.09	2924	0.0000	0.0000
hz4x4_setting1_dqn_naive	REAL_TEST	222	921.1	100.0	-593.84	37.16	0.29	1689	0.0000	0.0000
hz4x4_setting1_dqn_naive	SIM_TRAIN	223	374.6	0.6	-26.85	1.54	0.09	2924	0.0000	0.0000
hz4x4_setting1_dqn_naive	SIM_TRAIN	224	382.1	0.6	-27.49	1.58	0.09	2903	0.0000	0.0000
hz4x4_setting1_dqn_naive	SIM_TRAIN	225	383.5	0.6	-27.91	1.60	0.09	2915	0.0000	0.0000
hz4x4_setting1_dqn_naive	REAL_TEST	225	914.7	100.0	-578.04	36.18	0.28	1804	0.0000	0.0000
hz4x4_setting1_dqn_naive	SIM_TRAIN	226	379.4	0.6	-27.33	1.57	0.09	2915	0.0000	0.0000
hz4x4_setting1_dqn_naive	SIM_TRAIN	227	387.4	0.6	-27.80	1.60	0.09	2919	0.0000	0.0000
hz4x4_setting1_dqn_naive	SIM_TRAIN	228	381.2	0.6	-27.07	1.56	0.09	2924	0.0000	0.0000
hz4x4_setting1_dqn_naive	REAL_TEST	228	935.5	100.0	-610.37	38.21	0.29	1676	0.0000	0.0000
hz4x4_setting1_dqn_naive	SIM_TRAIN	229	380.6	0.7	-27.60	1.59	0.09	2913	0.0000	0.0000
hz4x4_setting1_dqn_naive	SIM_TRAIN	230	373.6	0.7	-26.02	1.50	0.09	2920	0.0000	0.0000
hz4x4_setting1_dqn_naive	SIM_TRAIN	231	380.0	0.6	-27.07	1.55	0.09	2916	0.0000	0.0000
hz4x4_setting1_dqn_naive	REAL_TEST	231	939.9	100.0	-595.27	37.27	0.30	1649	0.0000	0.0000
hz4x4_setting1_dqn_naive	SIM_TRAIN	232	380.7	0.6	-26.41	1.51	0.09	2913	0.0000	0.0000
hz4x4_setting1_dqn_naive	SIM_TRAIN	233	376.2	0.6	-26.61	1.53	0.09	2920	0.0000	0.0000
hz4x4_setting1_dqn_naive	SIM_TRAIN	234	380.6	0.6	-27.81	1.60	0.09	2920	0.0000	0.0000
hz4x4_setting1_dqn_naive	REAL_TEST	234	957.4	100.0	-625.16	39.14	0.29	1718	0.0000	0.0000
hz4x4_setting1_dqn_naive	SIM_TRAIN	235	371.3	0.6	-27.88	1.60	0.09	2924	0.0000	0.0000
hz4x4_setting1_dqn_naive	SIM_TRAIN	236	372.2	0.6	-27.25	1.57	0.09	2919	0.0000	0.0000
hz4x4_setting1_dqn_naive	SIM_TRAIN	237	381.6	0.6	-27.22	1.55	0.09	2907	0.0000	0.0000
hz4x4_setting1_dqn_naive	REAL_TEST	237	990.4	100.0	-655.40	41.03	0.29	1633	0.0000	0.0000
hz4x4_setting1_dqn_naive	SIM_TRAIN	238	381.5	0.6	-27.04	1.55	0.09	2914	0.0000	0.0000
hz4x4_setting1_dqn_naive	SIM_TRAIN	239	375.3	0.7	-26.44	1.51	0.09	2908	0.0000	0.0000
hz4x4_setting1_dqn_naive	SIM_TRAIN	240	387.7	0.7	-28.62	1.64	0.09	2911	0.0000	0.0000
hz4x4_setting1_dqn_naive	REAL_TEST	240	966.8	100.0	-638.05	39.94	0.28	1577	0.0000	0.0000
hz4x4_setting1_dqn_naive	SIM_TRAIN	241	376.2	0.7	-26.45	1.51	0.09	2925	0.0000	0.0000
hz4x4_setting1_dqn_naive	SIM_TRAIN	242	373.6	0.6	-26.86	1.54	0.09	2922	0.0000	0.0000
hz4x4_setting1_dqn_naive	SIM_TRAIN	243	377.5	0.7	-26.60	1.51	0.09	2917	0.0000	0.0000
hz4x4_setting1_dqn_naive	REAL_TEST	243	955.3	100.0	-628.72	39.37	0.28	1582	0.0000	0.0000
hz4x4_setting1_dqn_naive	SIM_TRAIN	244	380.8	0.7	-26.50	1.51	0.09	2910	0.0000	0.0000
hz4x4_setting1_dqn_naive	SIM_TRAIN	245	380.7	0.7	-26.10	1.48	0.09	2918	0.0000	0.0000
hz4x4_setting1_dqn_naive	SIM_TRAIN	246	382.6	0.6	-27.04	1.55	0.09	2906	0.0000	0.0000
hz4x4_setting1_dqn_naive	REAL_TEST	246	932.9	100.0	-605.28	37.89	0.29	1662	0.0000	0.0000
hz4x4_setting1_dqn_naive	SIM_TRAIN	247	381.9	0.6	-26.40	1.51	0.09	2916	0.0000	0.0000
hz4x4_setting1_dqn_naive	SIM_TRAIN	248	392.9	0.6	-27.79	1.59	0.09	2910	0.0000	0.0000
hz4x4_setting1_dqn_naive	SIM_TRAIN	249	382.1	0.7	-26.70	1.53	0.09	2910	0.0000	0.0000
hz4x4_setting1_dqn_naive	REAL_TEST	249	917.0	100.0	-594.24	37.20	0.28	1724	0.0000	0.0000
hz4x4_setting1_dqn_naive	SIM_TRAIN	250	385.3	0.7	-27.12	1.55	0.09	2910	0.0000	0.0000
hz4x4_setting1_dqn_naive	SIM_TRAIN	251	385.5	0.7	-27.47	1.58	0.09	2910	0.0000	0.0000
hz4x4_setting1_dqn_naive	SIM_TRAIN	252	382.3	0.7	-26.93	1.54	0.09	2915	0.0000	0.0000
hz4x4_setting1_dqn_naive	REAL_TEST	252	1035.9	100.0	-649.71	40.66	0.28	1558	0.0000	0.0000
hz4x4_setting1_dqn_naive	SIM_TRAIN	253	387.4	0.7	-27.75	1.60	0.09	2914	0.0000	0.0000
hz4x4_setting1_dqn_naive	SIM_TRAIN	254	384.1	0.7	-27.03	1.55	0.09	2911	0.0000	0.0000
hz4x4_setting1_dqn_naive	SIM_TRAIN	255	392.9	0.7	-28.66	1.64	0.09	2912	0.0000	0.0000
hz4x4_setting1_dqn_naive	REAL_TEST	255	997.2	100.0	-627.46	39.28	0.29	1510	0.0000	0.0000
hz4x4_setting1_dqn_naive	SIM_TRAIN	256	384.5	0.7	-27.95	1.61	0.09	2915	0.0000	0.0000
hz4x4_setting1_dqn_naive	SIM_TRAIN	257	387.9	0.7	-27.47	1.58	0.09	2913	0.0000	0.0000
hz4x4_setting1_dqn_naive	SIM_TRAIN	258	392.2	0.7	-27.65	1.59	0.09	2908	0.0000	0.0000
hz4x4_setting1_dqn_naive	REAL_TEST	258	929.2	100.0	-599.76	37.53	0.28	1764	0.0000	0.0000
hz4x4_setting1_dqn_naive	SIM_TRAIN	259	380.0	0.7	-27.91	1.61	0.09	2916	0.0000	0.0000
hz4x4_setting1_dqn_naive	SIM_TRAIN	260	377.2	0.7	-27.18	1.57	0.09	2924	0.0000	0.0000
hz4x4_setting1_dqn_naive	SIM_TRAIN	261	420.5	0.9	-44.97	2.67	0.10	2899	0.0000	0.0000
hz4x4_setting1_dqn_naive	REAL_TEST	261	950.8	100.0	-619.69	38.79	0.29	1718	0.0000	0.0000
hz4x4_setting1_dqn_naive	SIM_TRAIN	262	382.1	0.8	-27.38	1.57	0.09	2917	0.0000	0.0000
hz4x4_setting1_dqn_naive	SIM_TRAIN	263	376.4	0.8	-27.28	1.57	0.09	2919	0.0000	0.0000
hz4x4_setting1_dqn_naive	SIM_TRAIN	264	379.3	0.8	-27.62	1.59	0.09	2915	0.0000	0.0000
hz4x4_setting1_dqn_naive	REAL_TEST	264	926.8	100.0	-594.75	37.23	0.29	1745	0.0000	0.0000
hz4x4_setting1_dqn_naive	SIM_TRAIN	265	379.7	0.8	-27.25	1.56	0.09	2907	0.0000	0.0000
hz4x4_setting1_dqn_naive	SIM_TRAIN	266	384.0	0.8	-27.15	1.55	0.09	2904	0.0000	0.0000
hz4x4_setting1_dqn_naive	SIM_TRAIN	267	383.1	0.8	-27.43	1.58	0.09	2913	0.0000	0.0000
hz4x4_setting1_dqn_naive	REAL_TEST	267	998.4	100.0	-673.53	42.16	0.29	1543	0.0000	0.0000
hz4x4_setting1_dqn_naive	SIM_TRAIN	268	379.6	0.8	-27.48	1.58	0.09	2918	0.0000	0.0000
hz4x4_setting1_dqn_naive	SIM_TRAIN	269	383.0	0.8	-27.86	1.60	0.09	2917	0.0000	0.0000
hz4x4_setting1_dqn_naive	SIM_TRAIN	270	383.7	0.8	-27.83	1.60	0.09	2909	0.0000	0.0000
hz4x4_setting1_dqn_naive	REAL_TEST	270	984.5	100.0	-662.06	41.44	0.27	1610	0.0000	0.0000
hz4x4_setting1_dqn_naive	SIM_TRAIN	271	381.3	0.8	-27.10	1.56	0.09	2902	0.0000	0.0000
hz4x4_setting1_dqn_naive	SIM_TRAIN	272	384.4	0.8	-26.69	1.52	0.09	2898	0.0000	0.0000
hz4x4_setting1_dqn_naive	SIM_TRAIN	273	392.1	0.8	-27.97	1.61	0.09	2905	0.0000	0.0000
hz4x4_setting1_dqn_naive	REAL_TEST	273	960.2	100.0	-639.53	40.04	0.28	1613	0.0000	0.0000
hz4x4_setting1_dqn_naive	SIM_TRAIN	274	390.3	0.8	-27.22	1.56	0.09	2906	0.0000	0.0000
hz4x4_setting1_dqn_naive	SIM_TRAIN	275	385.2	0.7	-25.53	1.45	0.09	2903	0.0000	0.0000
hz4x4_setting1_dqn_naive	SIM_TRAIN	276	391.6	0.7	-27.20	1.57	0.09	2896	0.0000	0.0000
hz4x4_setting1_dqn_naive	REAL_TEST	276	966.2	100.0	-636.85	39.86	0.27	1691	0.0000	0.0000
hz4x4_setting1_dqn_naive	SIM_TRAIN	277	384.3	0.7	-27.36	1.57	0.09	2899	0.0000	0.0000
hz4x4_setting1_dqn_naive	SIM_TRAIN	278	388.6	0.7	-28.88	1.67	0.09	2905	0.0000	0.0000
hz4x4_setting1_dqn_naive	SIM_TRAIN	279	383.5	0.7	-27.56	1.58	0.09	2908	0.0000	0.0000
hz4x4_setting1_dqn_naive	REAL_TEST	279	947.3	100.0	-616.46	38.58	0.28	1748	0.0000	0.0000
hz4x4_setting1_dqn_naive	SIM_TRAIN	280	384.8	0.7	-27.39	1.57	0.09	2920	0.0000	0.0000
hz4x4_setting1_dqn_naive	SIM_TRAIN	281	372.4	0.7	-26.67	1.53	0.09	2928	0.0000	0.0000
hz4x4_setting1_dqn_naive	SIM_TRAIN	282	387.9	0.7	-27.68	1.59	0.09	2914	0.0000	0.0000
hz4x4_setting1_dqn_naive	REAL_TEST	282	959.7	100.0	-626.33	39.20	0.28	1700	0.0000	0.0000
hz4x4_setting1_dqn_naive	SIM_TRAIN	283	384.0	0.7	-27.29	1.56	0.09	2906	0.0000	0.0000
hz4x4_setting1_dqn_naive	SIM_TRAIN	284	380.8	0.7	-27.56	1.59	0.09	2913	0.0000	0.0000
hz4x4_setting1_dqn_naive	SIM_TRAIN	285	380.4	0.7	-27.83	1.60	0.09	2916	0.0000	0.0000
hz4x4_setting1_dqn_naive	REAL_TEST	285	994.4	100.0	-657.38	41.14	0.29	1631	0.0000	0.0000
hz4x4_setting1_dqn_naive	SIM_TRAIN	286	388.2	0.7	-27.86	1.60	0.09	2912	0.0000	0.0000
hz4x4_setting1_dqn_naive	SIM_TRAIN	287	372.7	0.7	-26.91	1.55	0.09	2923	0.0000	0.0000
hz4x4_setting1_dqn_naive	SIM_TRAIN	288	382.0	0.7	-27.10	1.55	0.09	2914	0.0000	0.0000
hz4x4_setting1_dqn_naive	REAL_TEST	288	1055.4	100.0	-670.31	41.97	0.27	1387	0.0000	0.0000
hz4x4_setting1_dqn_naive	SIM_TRAIN	289	377.8	0.7	-26.70	1.53	0.09	2917	0.0000	0.0000
hz4x4_setting1_dqn_naive	SIM_TRAIN	290	378.7	0.7	-26.99	1.55	0.09	2916	0.0000	0.0000
hz4x4_setting1_dqn_naive	SIM_TRAIN	291	378.4	0.7	-26.75	1.53	0.09	2917	0.0000	0.0000
hz4x4_setting1_dqn_naive	REAL_TEST	291	1030.0	100.0	-650.64	40.73	0.28	1538	0.0000	0.0000
hz4x4_setting1_dqn_naive	SIM_TRAIN	292	378.0	0.7	-26.45	1.52	0.09	2910	0.0000	0.0000
hz4x4_setting1_dqn_naive	SIM_TRAIN	293	385.9	0.7	-26.52	1.52	0.09	2912	0.0000	0.0000
hz4x4_setting1_dqn_naive	SIM_TRAIN	294	381.1	0.7	-27.07	1.55	0.09	2912	0.0000	0.0000
hz4x4_setting1_dqn_naive	REAL_TEST	294	984.7	100.0	-647.29	40.51	0.28	1631	0.0000	0.0000
hz4x4_setting1_dqn_naive	SIM_TRAIN	295	375.1	0.7	-26.07	1.49	0.09	2914	0.0000	0.0000
hz4x4_setting1_dqn_naive	SIM_TRAIN	296	377.1	0.7	-27.86	1.60	0.09	2910	0.0000	0.0000
hz4x4_setting1_dqn_naive	SIM_TRAIN	297	371.4	0.7	-26.77	1.53	0.09	2925	0.0000	0.0000
hz4x4_setting1_dqn_naive	REAL_TEST	297	933.4	100.0	-601.87	37.67	0.28	1753	0.0000	0.0000
hz4x4_setting1_dqn_naive	SIM_TRAIN	298	381.3	0.7	-27.04	1.56	0.09	2910	0.0000	0.0000
hz4x4_setting1_dqn_naive	SIM_TRAIN	299	386.1	0.7	-26.63	1.53	0.09	2916	0.0000	0.0000
