ingolstadt1_combine3_presslight_latent_observation	REAL_TEST	2	48.3	100.0	-6.82	10.63	1.05	1702
ingolstadt1_combine3_presslight_latent_observation	REAL_TEST	4	158.2	100.0	-5.92	11.06	1.17	1138
ingolstadt1_combine3_presslight_latent_observation	REAL_TEST	6	158.2	100.0	-5.92	14.13	1.37	1138
ingolstadt1_combine3_presslight_latent_observation	REAL_TEST	8	158.2	100.0	-5.92	8.20	0.80	1138
ingolstadt1_combine3_presslight_latent_observation	REAL_TEST	10	158.2	100.0	-5.92	13.38	1.31	1138
ingolstadt1_combine3_presslight_latent_observation	REAL_TEST	12	158.2	100.0	-5.92	12.52	1.23	1138
ingolstadt1_combine3_presslight_latent_observation	REAL_TEST	14	158.2	100.0	-5.92	10.14	1.07	1138
ingolstadt1_combine3_presslight_latent_observation	REAL_TEST	16	158.2	100.0	-5.92	13.44	1.35	1138
ingolstadt1_combine3_presslight_latent_observation	REAL_TEST	18	158.2	100.0	-5.92	9.40	0.95	1138
ingolstadt1_combine3_presslight_latent_observation	REAL_TEST	20	53.8	100.0	-6.33	12.21	1.16	1657
ingolstadt1_combine3_presslight_latent_observation	REAL_TEST	22	41.9	100.0	-6.78	8.66	0.94	1704
ingolstadt1_combine3_presslight_latent_observation	REAL_TEST	24	47.3	100.0	-6.67	9.11	0.89	1697
ingolstadt1_combine3_presslight_latent_observation	REAL_TEST	26	119.5	100.0	-6.37	10.24	0.99	1418
ingolstadt1_combine3_presslight_latent_observation	REAL_TEST	28	108.3	100.0	-6.64	11.78	1.26	1557
ingolstadt1_combine3_presslight_latent_observation	REAL_TEST	30	123.7	100.0	-6.71	8.97	0.96	1416
ingolstadt1_combine3_presslight_latent_observation	REAL_TEST	32	122.7	100.0	-6.83	11.00	0.99	1428
ingolstadt1_combine3_presslight_latent_observation	REAL_TEST	34	149.9	100.0	-6.64	11.71	1.17	1190
ingolstadt1_combine3_presslight_latent_observation	REAL_TEST	36	68.1	100.0	-6.45	9.69	0.99	1609
ingolstadt1_combine3_presslight_latent_observation	REAL_TEST	38	143.4	100.0	-6.59	11.24	1.10	1227
ingolstadt1_combine3_presslight_latent_observation	REAL_TEST	40	125.7	100.0	-6.81	7.48	0.77	1391
ingolstadt1_combine3_presslight_latent_observation	REAL_TEST	42	118.8	100.0	-6.51	9.44	1.05	1435
ingolstadt1_combine3_presslight_latent_observation	REAL_TEST	44	120.1	100.0	-10.89	12.11	0.98	1485
ingolstadt1_combine3_presslight_latent_observation	REAL_TEST	46	133.4	100.0	-6.45	12.13	1.19	1305
ingolstadt1_combine3_presslight_latent_observation	REAL_TEST	48	117.5	100.0	-6.42	11.88	1.14	1436
ingolstadt1_combine3_presslight_latent_observation	REAL_TEST	50	128.9	100.0	-6.68	8.77	0.87	1347
ingolstadt1_combine3_presslight_latent_observation	REAL_TEST	52	109.3	100.0	-6.75	13.83	1.35	1467
ingolstadt1_combine3_presslight_latent_observation	REAL_TEST	54	143.8	100.0	-6.18	11.35	1.14	1284
ingolstadt1_combine3_presslight_latent_observation	REAL_TEST	56	124.8	100.0	-6.78	10.94	0.99	1381
ingolstadt1_combine3_presslight_latent_observation	REAL_TEST	58	135.1	100.0	-6.76	8.99	0.96	1301
ingolstadt1_combine3_presslight_latent_observation	REAL_TEST	60	110.7	100.0	-8.28	14.35	1.44	1507
ingolstadt1_combine3_presslight_latent_observation	REAL_TEST	62	95.3	100.0	-7.31	13.82	1.40	1586
ingolstadt1_combine3_presslight_latent_observation	REAL_TEST	64	99.3	100.0	-7.30	14.09	1.38	1539
ingolstadt1_combine3_presslight_latent_observation	REAL_TEST	66	65.3	100.0	-7.09	10.44	1.04	1673
ingolstadt1_combine3_presslight_latent_observation	REAL_TEST	68	117.4	100.0	-6.61	10.34	1.00	1466
ingolstadt1_combine3_presslight_latent_observation	REAL_TEST	70	112.9	100.0	-7.07	11.79	1.13	1484
ingolstadt1_combine3_presslight_latent_observation	REAL_TEST	72	48.1	100.0	-7.45	10.66	1.08	1704
ingolstadt1_combine3_presslight_latent_observation	REAL_TEST	74	117.1	100.0	-6.34	9.04	0.94	1452
ingolstadt1_combine3_presslight_latent_observation	REAL_TEST	76	49.4	100.0	-6.83	11.17	1.09	1678
ingolstadt1_combine3_presslight_latent_observation	REAL_TEST	78	77.3	100.0	-8.22	11.99	1.12	1632
ingolstadt1_combine3_presslight_latent_observation	REAL_TEST	80	63.6	100.0	-6.61	9.13	0.93	1672
ingolstadt1_combine3_presslight_latent_observation	REAL_TEST	82	58.8	100.0	-6.62	9.44	0.95	1690
ingolstadt1_combine3_presslight_latent_observation	REAL_TEST	84	48.5	100.0	-7.03	11.70	1.12	1694
ingolstadt1_combine3_presslight_latent_observation	REAL_TEST	86	113.9	100.0	-8.06	12.07	1.10	1491
ingolstadt1_combine3_presslight_latent_observation	REAL_TEST	88	47.5	100.0	-8.59	13.06	1.16	1674
ingolstadt1_combine3_presslight_latent_observation	REAL_TEST	90	48.5	100.0	-6.92	9.83	0.99	1695
ingolstadt1_combine3_presslight_latent_observation	REAL_TEST	92	51.4	100.0	-7.22	10.74	1.02	1671
ingolstadt1_combine3_presslight_latent_observation	REAL_TEST	94	76.9	100.0	-7.81	14.20	1.35	1643
ingolstadt1_combine3_presslight_latent_observation	REAL_TEST	96	52.1	100.0	-7.17	13.10	1.27	1665
ingolstadt1_combine3_presslight_latent_observation	REAL_TEST	98	129.6	100.0	-12.52	13.79	1.12	1460
ingolstadt1_combine3_presslight_latent_observation	REAL_TEST	100	48.1	100.0	-7.85	11.41	1.09	1684
ingolstadt1_combine3_presslight_latent_observation	REAL_TEST	102	107.1	100.0	-7.96	12.16	1.16	1538
ingolstadt1_combine3_presslight_latent_observation	REAL_TEST	104	79.9	100.0	-7.17	13.85	1.36	1650
ingolstadt1_combine3_presslight_latent_observation	REAL_TEST	106	56.2	100.0	-8.08	11.24	1.04	1705
ingolstadt1_combine3_presslight_latent_observation	REAL_TEST	108	51.7	100.0	-6.52	4.95	0.52	1674
ingolstadt1_combine3_presslight_latent_observation	REAL_TEST	110	46.0	100.0	-7.18	11.05	1.11	1697
ingolstadt1_combine3_presslight_latent_observation	REAL_TEST	112	44.5	100.0	-7.04	11.81	1.20	1697
ingolstadt1_combine3_presslight_latent_observation	REAL_TEST	114	45.1	100.0	-6.68	10.93	1.00	1699
ingolstadt1_combine3_presslight_latent_observation	REAL_TEST	116	41.6	100.0	-6.64	14.05	1.27	1698
ingolstadt1_combine3_presslight_latent_observation	REAL_TEST	118	102.4	100.0	-6.96	6.98	0.70	1558
ingolstadt1_combine3_presslight_latent_observation	REAL_TEST	120	66.8	100.0	-7.39	12.80	1.20	1682
ingolstadt1_combine3_presslight_latent_observation	REAL_TEST	122	60.4	100.0	-8.78	10.46	1.01	1680
ingolstadt1_combine3_presslight_latent_observation	REAL_TEST	124	75.2	100.0	-7.97	13.28	1.30	1640
ingolstadt1_combine3_presslight_latent_observation	REAL_TEST	126	43.2	100.0	-6.89	10.90	1.14	1698
ingolstadt1_combine3_presslight_latent_observation	REAL_TEST	128	43.1	100.0	-7.57	12.08	1.08	1692
ingolstadt1_combine3_presslight_latent_observation	REAL_TEST	130	42.4	100.0	-7.99	11.09	1.08	1702
ingolstadt1_combine3_presslight_latent_observation	REAL_TEST	132	44.0	100.0	-8.61	12.45	1.10	1701
ingolstadt1_combine3_presslight_latent_observation	REAL_TEST	134	43.1	100.0	-8.35	13.20	1.22	1700
ingolstadt1_combine3_presslight_latent_observation	REAL_TEST	136	43.4	100.0	-7.33	11.26	1.11	1704
ingolstadt1_combine3_presslight_latent_observation	REAL_TEST	138	43.0	100.0	-7.94	10.97	1.11	1699
ingolstadt1_combine3_presslight_latent_observation	REAL_TEST	140	48.1	100.0	-10.19	10.53	0.98	1695
ingolstadt1_combine3_presslight_latent_observation	REAL_TEST	142	49.5	100.0	-11.25	15.26	1.22	1685
ingolstadt1_combine3_presslight_latent_observation	REAL_TEST	144	44.4	100.0	-7.89	9.76	0.93	1697
ingolstadt1_combine3_presslight_latent_observation	REAL_TEST	146	42.7	100.0	-8.08	11.96	1.13	1697
ingolstadt1_combine3_presslight_latent_observation	REAL_TEST	148	51.5	100.0	-12.38	15.77	1.21	1692
ingolstadt1_combine3_presslight_latent_observation	REAL_TEST	150	45.4	100.0	-8.86	11.92	1.04	1704
ingolstadt1_combine3_presslight_latent_observation	REAL_TEST	152	46.3	100.0	-8.39	9.75	0.86	1702
ingolstadt1_combine3_presslight_latent_observation	REAL_TEST	154	62.7	100.0	-14.95	12.08	0.81	1698
ingolstadt1_combine3_presslight_latent_observation	REAL_TEST	156	69.3	100.0	-16.02	13.78	0.95	1668
ingolstadt1_combine3_presslight_latent_observation	REAL_TEST	158	51.4	100.0	-8.46	11.94	1.12	1685
ingolstadt1_combine3_presslight_latent_observation	REAL_TEST	160	46.4	100.0	-8.43	8.42	0.83	1702
ingolstadt1_combine3_presslight_latent_observation	REAL_TEST	162	56.7	100.0	-7.21	7.81	0.78	1680
ingolstadt1_combine3_presslight_latent_observation	REAL_TEST	164	44.2	100.0	-8.52	8.79	0.78	1701
ingolstadt1_combine3_presslight_latent_observation	REAL_TEST	166	42.8	100.0	-8.34	13.77	1.21	1702
ingolstadt1_combine3_presslight_latent_observation	REAL_TEST	168	51.1	100.0	-11.90	13.69	1.20	1695
ingolstadt1_combine3_presslight_latent_observation	REAL_TEST	170	47.7	100.0	-8.59	12.75	1.22	1697
ingolstadt1_combine3_presslight_latent_observation	REAL_TEST	172	43.8	100.0	-7.57	8.55	0.82	1698
ingolstadt1_combine3_presslight_latent_observation	REAL_TEST	174	46.4	100.0	-9.33	10.23	0.89	1705
ingolstadt1_combine3_presslight_latent_observation	REAL_TEST	176	53.5	100.0	-12.60	12.45	1.11	1701
ingolstadt1_combine3_presslight_latent_observation	REAL_TEST	178	46.0	100.0	-9.27	13.19	1.02	1693
ingolstadt1_combine3_presslight_latent_observation	REAL_TEST	180	48.5	100.0	-10.91	14.05	1.08	1686
ingolstadt1_combine3_presslight_latent_observation	REAL_TEST	182	44.6	100.0	-6.78	10.73	1.04	1701
ingolstadt1_combine3_presslight_latent_observation	REAL_TEST	184	43.5	100.0	-7.85	12.91	1.19	1702
ingolstadt1_combine3_presslight_latent_observation	REAL_TEST	186	44.4	100.0	-9.36	15.58	1.27	1696
ingolstadt1_combine3_presslight_latent_observation	REAL_TEST	188	66.5	100.0	-19.05	14.93	0.80	1639
ingolstadt1_combine3_presslight_latent_observation	REAL_TEST	190	62.2	100.0	-16.92	15.69	1.07	1666
ingolstadt1_combine3_presslight_latent_observation	REAL_TEST	192	51.2	100.0	-11.31	8.91	0.82	1702
ingolstadt1_combine3_presslight_latent_observation	REAL_TEST	194	57.9	100.0	-12.36	11.65	0.93	1692
ingolstadt1_combine3_presslight_latent_observation	REAL_TEST	196	47.6	100.0	-10.35	10.15	0.91	1705
ingolstadt1_combine3_presslight_latent_observation	REAL_TEST	198	87.8	100.0	-26.46	11.61	0.85	1573
