MORLGrid: 16 grid policies
SIM_TRAIN step:0, travel time:144.0796460176991, q_loss:0, rewards:-10.951113, queue:5.961111, delay:0.36239392, throughput:1874, raw_metrics:{'fairness': 563.0}
SIM_TRAIN step:1, travel time:143.67758710348414, q_loss:0, rewards:-10.776388, queue:5.825, delay:0.36817923, throughput:1873, raw_metrics:{'fairness': 582.0}
SIM_TRAIN step:2, travel time:143.72528616024974, q_loss:6.1810217, rewards:-10.783335, queue:5.7555556, delay:0.35792953, throughput:1874, raw_metrics:{'fairness': 566.0}
SIM_TRAIN step:3, travel time:187.63854166666667, q_loss:9.556825, rewards:-37.44834, queue:29.858334, delay:0.4610429, throughput:1784, raw_metrics:{'fairness': 570.0}
SIM_TRAIN step:4, travel time:204.43964620187305, q_loss:2.299245, rewards:-43.705555, queue:36.894444, delay:0.5001411, throughput:1861, raw_metrics:{'fairness': 514.0}
SIM_TRAIN step:5, travel time:210.0832899531494, q_loss:0.643369, rewards:-48.13834, queue:40.644444, delay:0.55821556, throughput:1808, raw_metrics:{'fairness': 560.0}
SIM_TRAIN step:6, travel time:179.738813735692, q_loss:0.15640806, rewards:-31.15501, queue:24.444445, delay:0.4860651, throughput:1842, raw_metrics:{'fairness': 568.0}
SIM_TRAIN step:7, travel time:159.075, q_loss:0.08776583, rewards:-18.903893, queue:13.316667, delay:0.43457857, throughput:1873, raw_metrics:{'fairness': 523.0}
SIM_TRAIN step:8, travel time:150.93541666666667, q_loss:0.07194, rewards:-14.599159, queue:9.283334, delay:0.40358776, throughput:1874, raw_metrics:{'fairness': 565.0}
REAL_TRAIN step:1, travel time:181.0041819132253, q_loss:100, rewards:-60.86582, queue:22.966667, delay:0.53141177, throughput:1825, R_real:-1.3229, components:{'queue': 0.058, 'delay': 0.0, 'waiting': 0.0, 'pressure': 0.0, 'switches': 0.0, 'emission': 1.265}, raw_metrics:{'fairness': 340.0, 'emission': 669.839, 'fuel': 217.154, 'emergency_stops': 5.0, 'collisions': 0.0, 'ssm_conflicts': 795.0}, grid;w=queue=0.2;delay=0.2;waiting=0.2;pressure=0.2;switches=0.2
SIM_TRAIN step:9, travel time:143.94849115504684, q_loss:0, rewards:-10.865278, queue:5.922222, delay:0.3648222, throughput:1873, raw_metrics:{'fairness': 603.0}
SIM_TRAIN step:10, travel time:144.1290322580645, q_loss:0, rewards:-11.023894, queue:6.0194445, delay:0.36673534, throughput:1874, raw_metrics:{'fairness': 572.0}
SIM_TRAIN step:11, travel time:143.69651223321188, q_loss:6.990836, rewards:-10.818334, queue:5.786111, delay:0.36450905, throughput:1868, raw_metrics:{'fairness': 543.0}
SIM_TRAIN step:12, travel time:232.33107756376887, q_loss:12.196068, rewards:-64.12611, queue:54.144444, delay:0.4799012, throughput:1707, raw_metrics:{'fairness': 594.0}
SIM_TRAIN step:13, travel time:390.43958333333336, q_loss:4.5240526, rewards:-146.70667, queue:131.24445, delay:0.56865054, throughput:1735, raw_metrics:{'fairness': 518.0}
SIM_TRAIN step:14, travel time:373.03591879229566, q_loss:1.7217921, rewards:-142.11922, queue:129.30278, delay:0.57706267, throughput:1598, raw_metrics:{'fairness': 560.0}
SIM_TRAIN step:15, travel time:395.8346333853354, q_loss:0.33248568, rewards:-152.14275, queue:139.48611, delay:0.65772855, throughput:1660, raw_metrics:{'fairness': 536.0}
SIM_TRAIN step:16, travel time:249.46930280957335, q_loss:0.13648725, rewards:-69.304436, queue:59.322224, delay:0.5273705, throughput:1813, raw_metrics:{'fairness': 549.0}
SIM_TRAIN step:17, travel time:355.51927083333334, q_loss:0.09374856, rewards:-125.43473, queue:116.43056, delay:0.59870565, throughput:1835, raw_metrics:{'fairness': 559.0}
REAL_TRAIN step:2, travel time:233.99895452169366, q_loss:100, rewards:-90.856094, queue:53.308334, delay:0.5396186, throughput:1733, R_real:-1.9209, components:{'queue': 0.142, 'delay': 0.0, 'waiting': 0.0, 'pressure': 0.0, 'switches': 0.0, 'emission': 1.779}, raw_metrics:{'fairness': 321.0, 'emission': 824.202, 'fuel': 267.198, 'emergency_stops': 6.0, 'collisions': 1.0, 'ssm_conflicts': 1017.0}, grid;w=queue=1.0
SIM_TRAIN step:18, travel time:144.44583333333333, q_loss:0, rewards:-10.964997, queue:6.086111, delay:0.37213606, throughput:1872, raw_metrics:{'fairness': 487.0}
SIM_TRAIN step:19, travel time:144.01405517959395, q_loss:0, rewards:-10.835275, queue:5.925, delay:0.36376053, throughput:1873, raw_metrics:{'fairness': 566.0}
SIM_TRAIN step:20, travel time:143.91302083333332, q_loss:7.0980024, rewards:-10.803334, queue:5.7694445, delay:0.3582676, throughput:1872, raw_metrics:{'fairness': 562.0}
SIM_TRAIN step:21, travel time:180.5830296720458, q_loss:9.775821, rewards:-33.14889, queue:26.005556, delay:0.43066737, throughput:1797, raw_metrics:{'fairness': 587.0}
SIM_TRAIN step:22, travel time:240.54294638209265, q_loss:4.0619535, rewards:-65.62138, queue:55.952778, delay:0.52696586, throughput:1779, raw_metrics:{'fairness': 473.0}
SIM_TRAIN step:23, travel time:286.3052522100884, q_loss:1.1284318, rewards:-88.525604, queue:77.86389, delay:0.5495315, throughput:1817, raw_metrics:{'fairness': 588.0}
SIM_TRAIN step:24, travel time:238.56012493492972, q_loss:0.23070066, rewards:-61.899136, queue:53.425, delay:0.5340898, throughput:1861, raw_metrics:{'fairness': 464.0}
SIM_TRAIN step:25, travel time:257.6645833333333, q_loss:0.07781092, rewards:-75.68888, queue:66.727776, delay:0.61585975, throughput:1751, raw_metrics:{'fairness': 525.0}
SIM_TRAIN step:26, travel time:409.7773152965661, q_loss:0.0347435, rewards:-160.68224, queue:149.92223, delay:0.6271787, throughput:1676, raw_metrics:{'fairness': 551.0}
REAL_TRAIN step:3, travel time:456.5875588081547, q_loss:100, rewards:-211.55449, queue:177.56667, delay:0.64172006, throughput:1592, R_real:-4.3831, components:{'queue': 0.498, 'delay': 0.0, 'waiting': 0.0, 'pressure': 0.0, 'switches': 0.0, 'emission': 3.885}, raw_metrics:{'fairness': 255.0, 'emission': 1472.584, 'fuel': 477.399, 'emergency_stops': 7.0, 'collisions': 0.0, 'ssm_conflicts': 1404.0}, grid;w=delay=1.0
SIM_TRAIN step:27, travel time:144.16666666666666, q_loss:0, rewards:-10.979996, queue:5.961111, delay:0.36525968, throughput:1873, raw_metrics:{'fairness': 518.0}
SIM_TRAIN step:28, travel time:144.01768990634756, q_loss:0, rewards:-10.955834, queue:6.0111113, delay:0.37283197, throughput:1871, raw_metrics:{'fairness': 545.0}
SIM_TRAIN step:29, travel time:144.13951067152524, q_loss:6.8334913, rewards:-11.061939, queue:5.9444447, delay:0.35845914, throughput:1875, raw_metrics:{'fairness': 527.0}
SIM_TRAIN step:30, travel time:201.65052083333333, q_loss:9.437001, rewards:-42.656662, queue:35.65278, delay:0.47195154, throughput:1833, raw_metrics:{'fairness': 578.0}
SIM_TRAIN step:31, travel time:208.92708333333334, q_loss:3.0802891, rewards:-45.801655, queue:38.77778, delay:0.50870997, throughput:1866, raw_metrics:{'fairness': 562.0}
SIM_TRAIN step:32, travel time:182.7600208224883, q_loss:1.0924332, rewards:-33.673607, queue:26.672222, delay:0.51345277, throughput:1809, raw_metrics:{'fairness': 597.0}
SIM_TRAIN step:33, travel time:178.33645833333333, q_loss:0.29771358, rewards:-29.451385, queue:23.211111, delay:0.48640063, throughput:1867, raw_metrics:{'fairness': 560.0}
SIM_TRAIN step:34, travel time:157.52472670484124, q_loss:0.12110049, rewards:-18.612234, queue:12.913889, delay:0.42254737, throughput:1855, raw_metrics:{'fairness': 574.0}
SIM_TRAIN step:35, travel time:156.10775637688704, q_loss:0.09689575, rewards:-17.892221, queue:12.088889, delay:0.41002473, throughput:1863, raw_metrics:{'fairness': 529.0}
REAL_TRAIN step:4, travel time:497.755939524838, q_loss:100, rewards:-234.72583, queue:202.31111, delay:0.6290633, throughput:1112, R_real:-4.6407, components:{'queue': 0.545, 'delay': 0.0, 'waiting': 0.0, 'pressure': 0.0, 'switches': 0.0, 'emission': 4.096}, raw_metrics:{'fairness': 195.0, 'emission': 1517.377, 'fuel': 491.922, 'emergency_stops': 1.0, 'collisions': 0.0, 'ssm_conflicts': 1438.0}, grid;w=waiting=1.0
SIM_TRAIN step:36, travel time:144.41519250780436, q_loss:0, rewards:-11.147499, queue:6.141667, delay:0.36455533, throughput:1874, raw_metrics:{'fairness': 593.0}
SIM_TRAIN step:37, travel time:143.85260416666668, q_loss:0, rewards:-10.783057, queue:5.8, delay:0.36099383, throughput:1874, raw_metrics:{'fairness': 509.0}
SIM_TRAIN step:38, travel time:144.46850598646537, q_loss:6.1903105, rewards:-11.3797245, queue:6.163889, delay:0.36348313, throughput:1866, raw_metrics:{'fairness': 489.0}
SIM_TRAIN step:39, travel time:149.2404997397189, q_loss:8.541089, rewards:-14.023887, queue:8.486111, delay:0.37612665, throughput:1868, raw_metrics:{'fairness': 466.0}
SIM_TRAIN step:40, travel time:158.2828125, q_loss:2.7741175, rewards:-19.363335, queue:13.691667, delay:0.44784635, throughput:1852, raw_metrics:{'fairness': 585.0}
SIM_TRAIN step:41, travel time:153.24570536179073, q_loss:0.7304941, rewards:-15.780276, queue:10.583333, delay:0.42291027, throughput:1871, raw_metrics:{'fairness': 558.0}
SIM_TRAIN step:42, travel time:146.17221644120707, q_loss:0.2517636, rewards:-12.156387, queue:7.0555553, delay:0.3868182, throughput:1872, raw_metrics:{'fairness': 569.0}
SIM_TRAIN step:43, travel time:145.7917751171265, q_loss:0.20305464, rewards:-11.846664, queue:6.866667, delay:0.37594676, throughput:1874, raw_metrics:{'fairness': 571.0}
SIM_TRAIN step:44, travel time:145.59375, q_loss:0.19438896, rewards:-11.871944, queue:6.797222, delay:0.3803493, throughput:1872, raw_metrics:{'fairness': 519.0}
REAL_TRAIN step:5, travel time:182.03554626241507, q_loss:100, rewards:-61.55643, queue:23.838888, delay:0.5062703, throughput:1813, R_real:-1.3298, components:{'queue': 0.061, 'delay': 0.0, 'waiting': 0.0, 'pressure': 0.0, 'switches': 0.0, 'emission': 1.269}, raw_metrics:{'fairness': 349.0, 'emission': 669.314, 'fuel': 216.984, 'emergency_stops': 11.0, 'collisions': 0.0, 'ssm_conflicts': 386.0}, grid;w=pressure=1.0
SIM_TRAIN step:45, travel time:144.6283185840708, q_loss:0, rewards:-11.220555, queue:6.2472224, delay:0.37007475, throughput:1874, raw_metrics:{'fairness': 635.0}
SIM_TRAIN step:46, travel time:143.9359708485164, q_loss:0, rewards:-10.844722, queue:5.866667, delay:0.37113604, throughput:1874, raw_metrics:{'fairness': 549.0}
SIM_TRAIN step:47, travel time:144.78813118167622, q_loss:6.5864944, rewards:-11.326107, queue:6.241667, delay:0.37628266, throughput:1874, raw_metrics:{'fairness': 563.0}
SIM_TRAIN step:48, travel time:181.56533055700157, q_loss:10.196225, rewards:-34.45027, queue:26.872223, delay:0.43006438, throughput:1766, raw_metrics:{'fairness': 542.0}
SIM_TRAIN step:49, travel time:280.88715548621946, q_loss:3.991958, rewards:-89.73641, queue:78.90278, delay:0.5429132, throughput:1712, raw_metrics:{'fairness': 603.0}
SIM_TRAIN step:50, travel time:1079.2692708333334, q_loss:0.859443, rewards:-505.68164, queue:490.0639, delay:0.71980846, throughput:846, raw_metrics:{'fairness': 203.0}
SIM_TRAIN step:51, travel time:476.8917230609058, q_loss:0.27975366, rewards:-200.49557, queue:183.79167, delay:0.65917176, throughput:1521, raw_metrics:{'fairness': 544.0}
SIM_TRAIN step:52, travel time:1074.4315460697553, q_loss:0.20184593, rewards:-489.46753, queue:472.85834, delay:0.722338, throughput:1078, raw_metrics:{'fairness': 247.0}
SIM_TRAIN step:53, travel time:897.3864583333333, q_loss:0.1519499, rewards:-419.0548, queue:405.09723, delay:0.70050395, throughput:824, raw_metrics:{'fairness': 294.0}
REAL_TRAIN step:6, travel time:1553.0770298403886, q_loss:100, rewards:-610.9217, queue:591.51666, delay:0.73193413, throughput:525, R_real:-11.8823, components:{'queue': 1.611, 'delay': 0.0, 'waiting': 0.0, 'pressure': 0.0, 'switches': 0.0, 'emission': 10.272}, raw_metrics:{'fairness': 281.0, 'emission': 3477.052, 'fuel': 1127.239, 'emergency_stops': 1.0, 'collisions': 0.0, 'ssm_conflicts': 1138.0}, grid;w=switches=1.0
SIM_TRAIN step:54, travel time:143.88657648283038, q_loss:0, rewards:-10.788887, queue:5.838889, delay:0.3673542, throughput:1872, raw_metrics:{'fairness': 556.0}
SIM_TRAIN step:55, travel time:143.75364583333334, q_loss:0, rewards:-10.677496, queue:5.702778, delay:0.3627134, throughput:1874, raw_metrics:{'fairness': 559.0}
SIM_TRAIN step:56, travel time:144.1311816762103, q_loss:7.076687, rewards:-10.949441, queue:5.9555554, delay:0.3615832, throughput:1872, raw_metrics:{'fairness': 529.0}
SIM_TRAIN step:57, travel time:261.4685059864654, q_loss:8.3684225, rewards:-79.15805, queue:68.69722, delay:0.5095402, throughput:1713, raw_metrics:{'fairness': 563.0}
SIM_TRAIN step:58, travel time:317.14159292035396, q_loss:3.1403663, rewards:-105.29135, queue:93.48333, delay:0.5401252, throughput:1801, raw_metrics:{'fairness': 533.0}
SIM_TRAIN step:59, travel time:218.90119604784192, q_loss:1.0358906, rewards:-52.004715, queue:44.663887, delay:0.53125995, throughput:1843, raw_metrics:{'fairness': 581.0}
SIM_TRAIN step:60, travel time:224.4108164326573, q_loss:0.15998843, rewards:-58.730556, queue:50.113888, delay:0.55082047, throughput:1725, raw_metrics:{'fairness': 502.0}
SIM_TRAIN step:61, travel time:379.5106715252473, q_loss:0.062599845, rewards:-146.22083, queue:134.68611, delay:0.640822, throughput:1583, raw_metrics:{'fairness': 577.0}
SIM_TRAIN step:62, travel time:376.8042686100989, q_loss:0.03653535, rewards:-145.79297, queue:130.65834, delay:0.6304261, throughput:1618, raw_metrics:{'fairness': 614.0}
REAL_TRAIN step:7, travel time:707.9430707303047, q_loss:100, rewards:-317.70865, queue:287.54166, delay:0.70745873, throughput:1252, R_real:-6.6399, components:{'queue': 0.839, 'delay': 0.0, 'waiting': 0.0, 'pressure': 0.0, 'switches': 0.0, 'emission': 5.801}, raw_metrics:{'fairness': 350.0, 'emission': 1980.464, 'fuel': 642.052, 'emergency_stops': 1.0, 'collisions': 0.0, 'ssm_conflicts': 834.0}, grid;w=queue=0.5;delay=0.5
SIM_TRAIN step:63, travel time:143.89079563182528, q_loss:0, rewards:-10.882504, queue:5.8805556, delay:0.36415163, throughput:1874, raw_metrics:{'fairness': 569.0}
SIM_TRAIN step:64, travel time:143.94068678459936, q_loss:0, rewards:-10.932496, queue:5.888889, delay:0.35832313, throughput:1875, raw_metrics:{'fairness': 593.0}
SIM_TRAIN step:65, travel time:144.3940655908381, q_loss:6.669623, rewards:-11.143614, queue:6.061111, delay:0.36115283, throughput:1870, raw_metrics:{'fairness': 583.0}
SIM_TRAIN step:66, travel time:207.43987506507028, q_loss:8.783409, rewards:-46.263054, queue:38.805557, delay:0.47000864, throughput:1833, raw_metrics:{'fairness': 464.0}
SIM_TRAIN step:67, travel time:280.71644120707595, q_loss:3.2377305, rewards:-87.14751, queue:76.51667, delay:0.54006237, throughput:1765, raw_metrics:{'fairness': 452.0}
SIM_TRAIN step:68, travel time:230.91462779802185, q_loss:1.0201881, rewards:-58.540543, queue:51.058334, delay:0.56909096, throughput:1827, raw_metrics:{'fairness': 520.0}
SIM_TRAIN step:69, travel time:202.529381175247, q_loss:0.2312114, rewards:-46.22027, queue:38.508335, delay:0.4784974, throughput:1745, raw_metrics:{'fairness': 460.0}
SIM_TRAIN step:70, travel time:191.56555671175857, q_loss:0.13036864, rewards:-36.35639, queue:30.327778, delay:0.4920646, throughput:1861, raw_metrics:{'fairness': 551.0}
SIM_TRAIN step:71, travel time:155.20551508844954, q_loss:0.10583551, rewards:-17.180275, queue:11.469444, delay:0.40381157, throughput:1858, raw_metrics:{'fairness': 564.0}
REAL_TRAIN step:8, travel time:159.58442237323575, q_loss:100, rewards:-49.136112, queue:11.091666, delay:0.40693015, throughput:1828, R_real:-1.1144, components:{'queue': 0.03, 'delay': 0.0, 'waiting': 0.0, 'pressure': 0.0, 'switches': 0.0, 'emission': 1.085}, raw_metrics:{'fairness': 331.0, 'emission': 605.035, 'fuel': 196.145, 'emergency_stops': 12.0, 'collisions': 0.0, 'ssm_conflicts': 790.0}, grid;w=queue=0.5;waiting=0.5
SIM_TRAIN step:72, travel time:144.159375, q_loss:0, rewards:-10.926113, queue:5.927778, delay:0.3665307, throughput:1872, raw_metrics:{'fairness': 552.0}
SIM_TRAIN step:73, travel time:144.10561914672218, q_loss:0, rewards:-10.949447, queue:5.9944444, delay:0.367814, throughput:1874, raw_metrics:{'fairness': 600.0}
SIM_TRAIN step:74, travel time:144.6495059802392, q_loss:7.1337996, rewards:-11.351946, queue:6.263889, delay:0.36531928, throughput:1870, raw_metrics:{'fairness': 584.0}
SIM_TRAIN step:75, travel time:174.73229166666667, q_loss:8.711657, rewards:-29.417507, queue:22.36389, delay:0.42526677, throughput:1820, raw_metrics:{'fairness': 571.0}
SIM_TRAIN step:76, travel time:183.90426638917793, q_loss:2.2930236, rewards:-33.013603, queue:26.6, delay:0.48559383, throughput:1853, raw_metrics:{'fairness': 588.0}
SIM_TRAIN step:77, travel time:242.38293444328824, q_loss:0.63686246, rewards:-67.12361, queue:58.502777, delay:0.5689818, throughput:1754, raw_metrics:{'fairness': 494.0}
SIM_TRAIN step:78, travel time:184.1108220603538, q_loss:0.4906453, rewards:-32.424995, queue:26.26111, delay:0.5126571, throughput:1866, raw_metrics:{'fairness': 586.0}
SIM_TRAIN step:79, travel time:199.56659729448492, q_loss:0.30443633, rewards:-40.84416, queue:34.633335, delay:0.5040834, throughput:1863, raw_metrics:{'fairness': 504.0}
SIM_TRAIN step:80, travel time:193.08641332639252, q_loss:0.28810924, rewards:-37.14999, queue:30.897223, delay:0.50628775, throughput:1872, raw_metrics:{'fairness': 578.0}
REAL_TRAIN step:9, travel time:318.2660742289597, q_loss:100, rewards:-137.69469, queue:100.72222, delay:0.6126861, throughput:1616, R_real:-2.7073, components:{'queue': 0.255, 'delay': 0.0, 'waiting': 0.0, 'pressure': 0.0, 'switches': 0.0, 'emission': 2.452}, raw_metrics:{'fairness': 359.0, 'emission': 1066.18, 'fuel': 345.646, 'emergency_stops': 8.0, 'collisions': 0.0, 'ssm_conflicts': 1306.0}, grid;w=queue=0.5;pressure=0.5
SIM_TRAIN step:81, travel time:143.93288241415192, q_loss:0, rewards:-10.942498, queue:5.9555554, delay:0.36705115, throughput:1871, raw_metrics:{'fairness': 483.0}
SIM_TRAIN step:82, travel time:144.141592920354, q_loss:0, rewards:-10.924726, queue:5.952778, delay:0.36337823, throughput:1875, raw_metrics:{'fairness': 603.0}
SIM_TRAIN step:83, travel time:143.98127925117004, q_loss:6.9721856, rewards:-11.016114, queue:5.9444447, delay:0.3676999, throughput:1871, raw_metrics:{'fairness': 529.0}
SIM_TRAIN step:84, travel time:212.86100989068194, q_loss:10.188574, rewards:-53.467487, queue:44.491665, delay:0.47822943, throughput:1713, raw_metrics:{'fairness': 644.0}
SIM_TRAIN step:85, travel time:359.12018730489075, q_loss:3.4224985, rewards:-130.8394, queue:117.275, delay:0.5918443, throughput:1723, raw_metrics:{'fairness': 525.0}
SIM_TRAIN step:86, travel time:301.9157566302652, q_loss:1.0272512, rewards:-97.24748, queue:86.75833, delay:0.57825595, throughput:1821, raw_metrics:{'fairness': 514.0}
SIM_TRAIN step:87, travel time:321.09474232170743, q_loss:0.16569921, rewards:-110.60138, queue:100.083336, delay:0.6015836, throughput:1712, raw_metrics:{'fairness': 594.0}
SIM_TRAIN step:88, travel time:258.7558563248308, q_loss:0.07517607, rewards:-74.107704, queue:65.022224, delay:0.56748253, throughput:1818, raw_metrics:{'fairness': 557.0}
SIM_TRAIN step:89, travel time:180.50312174817898, q_loss:0.04814485, rewards:-31.159441, queue:24.733334, delay:0.46619, throughput:1851, raw_metrics:{'fairness': 460.0}
REAL_TRAIN step:10, travel time:921.4630205096333, q_loss:100, rewards:-393.9259, queue:366.03888, delay:0.7157965, throughput:918, R_real:-7.8424, components:{'queue': 1.015, 'delay': 0.0, 'waiting': 0.0, 'pressure': 0.0, 'switches': 0.0, 'emission': 6.827}, raw_metrics:{'fairness': 553.0, 'emission': 2350.928, 'fuel': 762.156, 'emergency_stops': 1.0, 'collisions': 0.0, 'ssm_conflicts': 734.0}, grid;w=queue=0.5;switches=0.5
SIM_TRAIN step:90, travel time:143.89375, q_loss:0, rewards:-10.763613, queue:5.7944446, delay:0.37051162, throughput:1872, raw_metrics:{'fairness': 580.0}
SIM_TRAIN step:91, travel time:144.43177083333333, q_loss:0, rewards:-11.119437, queue:6.0583334, delay:0.36995456, throughput:1874, raw_metrics:{'fairness': 588.0}
SIM_TRAIN step:92, travel time:144.18990634755463, q_loss:6.591136, rewards:-11.046664, queue:6.0305557, delay:0.3636766, throughput:1874, raw_metrics:{'fairness': 564.0}
SIM_TRAIN step:93, travel time:198.45364583333333, q_loss:8.929168, rewards:-43.554726, queue:35.558334, delay:0.43997714, throughput:1758, raw_metrics:{'fairness': 547.0}
SIM_TRAIN step:94, travel time:294.1078125, q_loss:3.3022516, rewards:-92.5617, queue:81.33611, delay:0.53833896, throughput:1817, raw_metrics:{'fairness': 558.0}
SIM_TRAIN step:95, travel time:219.77598752598752, q_loss:0.9526279, rewards:-53.51, queue:46.41111, delay:0.5460526, throughput:1835, raw_metrics:{'fairness': 577.0}
SIM_TRAIN step:96, travel time:206.68662155127538, q_loss:0.21861382, rewards:-45.52308, queue:38.105556, delay:0.51188195, throughput:1821, raw_metrics:{'fairness': 511.0}
SIM_TRAIN step:97, travel time:170.01874023945862, q_loss:0.10525116, rewards:-24.803055, queue:19.172222, delay:0.45687935, throughput:1868, raw_metrics:{'fairness': 565.0}
SIM_TRAIN step:98, travel time:172.89901093180634, q_loss:0.07404261, rewards:-26.908884, queue:20.580555, delay:0.43930116, throughput:1860, raw_metrics:{'fairness': 595.0}
REAL_TRAIN step:11, travel time:170.08050182958704, q_loss:100, rewards:-54.790543, queue:16.48889, delay:0.496035, throughput:1827, R_real:-1.2225, components:{'queue': 0.044, 'delay': 0.0, 'waiting': 0.0, 'pressure': 0.0, 'switches': 0.0, 'emission': 1.179}, raw_metrics:{'fairness': 29.0, 'emission': 637.141, 'fuel': 206.554, 'emergency_stops': 8.0, 'collisions': 0.0, 'ssm_conflicts': 962.0}, grid;w=delay=0.5;waiting=0.5
SIM_TRAIN step:99, travel time:144.01768990634756, q_loss:0, rewards:-10.9422245, queue:5.922222, delay:0.3704381, throughput:1873, raw_metrics:{'fairness': 615.0}
SIM_TRAIN step:100, travel time:143.39438085327782, q_loss:0, rewards:-10.567219, queue:5.641667, delay:0.35842943, throughput:1870, raw_metrics:{'fairness': 570.0}
SIM_TRAIN step:101, travel time:143.82561166059344, q_loss:6.362718, rewards:-10.805834, queue:5.8305554, delay:0.36072087, throughput:1873, raw_metrics:{'fairness': 566.0}
SIM_TRAIN step:102, travel time:185.88391462779802, q_loss:8.662859, rewards:-35.817772, queue:28.530556, delay:0.43413112, throughput:1803, raw_metrics:{'fairness': 575.0}
SIM_TRAIN step:103, travel time:173.20833333333334, q_loss:2.5289123, rewards:-26.661388, queue:20.813889, delay:0.4593231, throughput:1862, raw_metrics:{'fairness': 528.0}
SIM_TRAIN step:104, travel time:185.198334200937, q_loss:0.8473459, rewards:-36.580017, queue:29.383333, delay:0.4962329, throughput:1754, raw_metrics:{'fairness': 495.0}
SIM_TRAIN step:105, travel time:255.51067152524726, q_loss:0.42684627, rewards:-70.599724, queue:62.46389, delay:0.53925675, throughput:1871, raw_metrics:{'fairness': 574.0}
SIM_TRAIN step:106, travel time:147.85587929240376, q_loss:0.27579087, rewards:-13.071392, queue:7.8638887, delay:0.3905195, throughput:1874, raw_metrics:{'fairness': 571.0}
SIM_TRAIN step:107, travel time:145.64479166666666, q_loss:0.18242548, rewards:-11.714446, queue:6.725, delay:0.39322904, throughput:1873, raw_metrics:{'fairness': 577.0}
REAL_TRAIN step:12, travel time:220.79508625196027, q_loss:100, rewards:-82.71138, queue:44.877777, delay:0.60032004, throughput:1790, R_real:-1.7107, components:{'queue': 0.112, 'delay': 0.0, 'waiting': 0.0, 'pressure': 0.0, 'switches': 0.0, 'emission': 1.598}, raw_metrics:{'fairness': 288.0, 'emission': 786.827, 'fuel': 255.081, 'emergency_stops': 6.0, 'collisions': 0.0, 'ssm_conflicts': 1012.0}, grid;w=delay=0.5;pressure=0.5
SIM_TRAIN step:108, travel time:143.7130977130977, q_loss:0, rewards:-10.833609, queue:5.8694444, delay:0.36850002, throughput:1872, raw_metrics:{'fairness': 593.0}
SIM_TRAIN step:109, travel time:144.21343050494534, q_loss:0, rewards:-10.977223, queue:5.9972224, delay:0.37096053, throughput:1876, raw_metrics:{'fairness': 591.0}
SIM_TRAIN step:110, travel time:144.3734375, q_loss:6.6634293, rewards:-11.161944, queue:6.052778, delay:0.36540654, throughput:1872, raw_metrics:{'fairness': 564.0}
SIM_TRAIN step:111, travel time:215.90942217595003, q_loss:8.644401, rewards:-54.111946, queue:45.291668, delay:0.46064308, throughput:1725, raw_metrics:{'fairness': 549.0}
SIM_TRAIN step:112, travel time:295.0072840790843, q_loss:2.9031146, rewards:-97.67913, queue:86.702774, delay:0.52596253, throughput:1674, raw_metrics:{'fairness': 563.0}
SIM_TRAIN step:113, travel time:272.29567933368037, q_loss:0.92086554, rewards:-83.90921, queue:74.08889, delay:0.57225746, throughput:1739, raw_metrics:{'fairness': 528.0}
SIM_TRAIN step:114, travel time:540.8672566371681, q_loss:0.18345456, rewards:-217.448, queue:202.6, delay:0.65659297, throughput:1529, raw_metrics:{'fairness': 512.0}
SIM_TRAIN step:115, travel time:320.76210307131703, q_loss:0.051482815, rewards:-111.107475, queue:100.15833, delay:0.57421863, throughput:1692, raw_metrics:{'fairness': 497.0}
SIM_TRAIN step:116, travel time:533.4484375, q_loss:0.036131334, rewards:-203.77144, queue:188.25833, delay:0.6249152, throughput:1560, raw_metrics:{'fairness': 554.0}
REAL_TRAIN step:13, travel time:627.8904612159329, q_loss:100, rewards:-308.10336, queue:275.02222, delay:0.6869488, throughput:1324, R_real:-6.2553, components:{'queue': 0.766, 'delay': 0.0, 'waiting': 0.0, 'pressure': 0.0, 'switches': 0.0, 'emission': 5.489}, raw_metrics:{'fairness': 351.0, 'emission': 1951.711, 'fuel': 632.73, 'emergency_stops': 3.0, 'collisions': 0.0, 'ssm_conflicts': 1210.0}, grid;w=delay=0.5;switches=0.5
SIM_TRAIN step:117, travel time:144.96197916666668, q_loss:0, rewards:-11.435556, queue:6.327778, delay:0.3725795, throughput:1874, raw_metrics:{'fairness': 584.0}
SIM_TRAIN step:118, travel time:143.76875, q_loss:0, rewards:-10.771393, queue:5.7805557, delay:0.36210793, throughput:1871, raw_metrics:{'fairness': 527.0}
SIM_TRAIN step:119, travel time:143.68626430801248, q_loss:6.399989, rewards:-10.848609, queue:5.811111, delay:0.35892123, throughput:1871, raw_metrics:{'fairness': 522.0}
SIM_TRAIN step:120, travel time:175.97241020301925, q_loss:8.463073, rewards:-28.69082, queue:22.394444, delay:0.42948866, throughput:1846, raw_metrics:{'fairness': 550.0}
SIM_TRAIN step:121, travel time:173.1212909942738, q_loss:2.6871579, rewards:-26.851118, queue:21.088888, delay:0.48128358, throughput:1865, raw_metrics:{'fairness': 611.0}
SIM_TRAIN step:122, travel time:159.24440977639105, q_loss:0.48559633, rewards:-19.046936, queue:13.616667, delay:0.45122287, throughput:1875, raw_metrics:{'fairness': 600.0}
SIM_TRAIN step:123, travel time:146.93440916189485, q_loss:0.12389687, rewards:-12.416116, queue:7.336111, delay:0.3791842, throughput:1876, raw_metrics:{'fairness': 593.0}
SIM_TRAIN step:124, travel time:145.26756897449246, q_loss:0.08826086, rewards:-11.615273, queue:6.5916667, delay:0.37587288, throughput:1868, raw_metrics:{'fairness': 567.0}
SIM_TRAIN step:125, travel time:144.6694429984383, q_loss:0.08293575, rewards:-11.334995, queue:6.211111, delay:0.3641429, throughput:1874, raw_metrics:{'fairness': 599.0}
REAL_TRAIN step:14, travel time:154.7109252483011, q_loss:100, rewards:-46.506107, queue:8.702778, delay:0.390512, throughput:1833, R_real:-1.0555, components:{'queue': 0.023, 'delay': 0.0, 'waiting': 0.0, 'pressure': 0.0, 'switches': 0.0, 'emission': 1.033}, raw_metrics:{'fairness': 309.0, 'emission': 589.658, 'fuel': 191.16, 'emergency_stops': 11.0, 'collisions': 0.0, 'ssm_conflicts': 410.0}, grid;w=waiting=0.5;pressure=0.5
SIM_TRAIN step:126, travel time:143.980218636127, q_loss:0, rewards:-10.805832, queue:5.861111, delay:0.36166656, throughput:1872, raw_metrics:{'fairness': 556.0}
SIM_TRAIN step:127, travel time:144.77147319104634, q_loss:0, rewards:-11.3425, queue:6.2555556, delay:0.36421746, throughput:1872, raw_metrics:{'fairness': 594.0}
SIM_TRAIN step:128, travel time:144.39125910509887, q_loss:7.073793, rewards:-11.176113, queue:6.05, delay:0.36649385, throughput:1874, raw_metrics:{'fairness': 579.0}
SIM_TRAIN step:129, travel time:190.9063475546306, q_loss:9.224207, rewards:-36.843334, queue:29.977777, delay:0.4656574, throughput:1846, raw_metrics:{'fairness': 531.0}
SIM_TRAIN step:130, travel time:236.45, q_loss:2.7076106, rewards:-62.51028, queue:53.427776, delay:0.52529585, throughput:1806, raw_metrics:{'fairness': 582.0}
SIM_TRAIN step:131, travel time:201.87252861602497, q_loss:0.62424845, rewards:-42.565273, queue:35.305557, delay:0.48290935, throughput:1861, raw_metrics:{'fairness': 540.0}
SIM_TRAIN step:132, travel time:205.015625, q_loss:0.099613145, rewards:-47.62554, queue:39.83889, delay:0.51721984, throughput:1743, raw_metrics:{'fairness': 559.0}
SIM_TRAIN step:133, travel time:193.12239583333334, q_loss:0.08503874, rewards:-37.530552, queue:30.63611, delay:0.49598566, throughput:1859, raw_metrics:{'fairness': 481.0}
SIM_TRAIN step:134, travel time:168.60020822488286, q_loss:0.044484988, rewards:-24.341116, queue:18.255556, delay:0.45508996, throughput:1866, raw_metrics:{'fairness': 569.0}
REAL_TRAIN step:15, travel time:174.06481965499216, q_loss:100, rewards:-56.99807, queue:18.88611, delay:0.43139178, throughput:1833, R_real:-1.2487, components:{'queue': 0.048, 'delay': 0.0, 'waiting': 0.0, 'pressure': 0.0, 'switches': 0.0, 'emission': 1.201}, raw_metrics:{'fairness': 303.0, 'emission': 649.035, 'fuel': 210.41, 'emergency_stops': 5.0, 'collisions': 0.0, 'ssm_conflicts': 892.0}, grid;w=waiting=0.5;switches=0.5
SIM_TRAIN step:135, travel time:143.6215512753774, q_loss:0, rewards:-10.696387, queue:5.727778, delay:0.36452714, throughput:1872, raw_metrics:{'fairness': 537.0}
SIM_TRAIN step:136, travel time:144.23217074440396, q_loss:0, rewards:-11.004168, queue:6.0277777, delay:0.369133, throughput:1872, raw_metrics:{'fairness': 615.0}
SIM_TRAIN step:137, travel time:144.3595213319459, q_loss:6.1799984, rewards:-11.088883, queue:6.0833335, delay:0.35871744, throughput:1875, raw_metrics:{'fairness': 606.0}
SIM_TRAIN step:138, travel time:167.06458333333333, q_loss:8.8908615, rewards:-24.47472, queue:18.266666, delay:0.4199173, throughput:1836, raw_metrics:{'fairness': 573.0}
SIM_TRAIN step:139, travel time:154.19427083333332, q_loss:3.5977285, rewards:-16.466948, queue:10.916667, delay:0.42577827, throughput:1866, raw_metrics:{'fairness': 505.0}
SIM_TRAIN step:140, travel time:182.56526261050442, q_loss:0.9617436, rewards:-31.957495, queue:25.961111, delay:0.49266225, throughput:1855, raw_metrics:{'fairness': 503.0}
SIM_TRAIN step:141, travel time:180.23192927717108, q_loss:0.3988056, rewards:-30.495838, queue:24.883333, delay:0.5277943, throughput:1869, raw_metrics:{'fairness': 576.0}
SIM_TRAIN step:142, travel time:149.70343392299688, q_loss:0.16724597, rewards:-13.883888, queue:8.736111, delay:0.4120353, throughput:1869, raw_metrics:{'fairness': 519.0}
SIM_TRAIN step:143, travel time:148.9323269130661, q_loss:0.11010582, rewards:-13.600834, queue:8.266666, delay:0.39417356, throughput:1872, raw_metrics:{'fairness': 530.0}
REAL_TRAIN step:16, travel time:203.42394145321484, q_loss:100, rewards:-73.792786, queue:35.78611, delay:0.5969597, throughput:1779, R_real:-1.5576, components:{'queue': 0.091, 'delay': 0.0, 'waiting': 0.0, 'pressure': 0.0, 'switches': 0.0, 'emission': 1.466}, raw_metrics:{'fairness': 354.0, 'emission': 733.802, 'fuel': 237.891, 'emergency_stops': 10.0, 'collisions': 0.0, 'ssm_conflicts': 851.0}, grid;w=pressure=0.5;switches=0.5
SIM_TRAIN step:144, travel time:145.79739583333333, q_loss:0, rewards:-11.813342, queue:6.813889, delay:0.36870536, throughput:1873, raw_metrics:{'fairness': 560.0}
SIM_TRAIN step:145, travel time:146.4046875, q_loss:0, rewards:-12.209443, queue:7.102778, delay:0.3746418, throughput:1874, raw_metrics:{'fairness': 526.0}
REAL_TRAIN step:18, travel time:154.7109252483011, q_loss:100, rewards:-46.506107, queue:8.702778, delay:0.390512, throughput:1833, R_real:-1.0555, components:{'queue': 0.023, 'delay': 0.0, 'waiting': 0.0, 'pressure': 0.0, 'switches': 0.0, 'emission': 1.033}, raw_metrics:{'fairness': 309.0, 'emission': 589.658, 'fuel': 191.16, 'emergency_stops': 11.0, 'collisions': 0.0, 'ssm_conflicts': 410.0}, refine;w=waiting=0.5;pressure=0.5;ckpt2
SIM_TRAIN step:146, travel time:145.29672045809474, q_loss:0.0469659, rewards:-11.697227, queue:6.5972223, delay:0.37092206, throughput:1868, raw_metrics:{'fairness': 607.0}
SIM_TRAIN step:147, travel time:146.13014055179593, q_loss:0.032697637, rewards:-11.980275, queue:6.891667, delay:0.3816773, throughput:1873, raw_metrics:{'fairness': 576.0}
REAL_TRAIN step:20, travel time:158.6826973340303, q_loss:100, rewards:-48.63889, queue:10.997222, delay:0.46317604, throughput:1830, R_real:-1.0960, components:{'queue': 0.029, 'delay': 0.0, 'waiting': 0.0, 'pressure': 0.0, 'switches': 0.0, 'emission': 1.067}, raw_metrics:{'fairness': 338.0, 'emission': 601.022, 'fuel': 194.845, 'emergency_stops': 22.0, 'collisions': 0.0, 'ssm_conflicts': 247.0}, refine;w=waiting=0.5;pressure=0.5;ckpt4
SIM_TRAIN step:148, travel time:146.4125, q_loss:0.029107334, rewards:-12.118884, queue:6.952778, delay:0.37913677, throughput:1873, raw_metrics:{'fairness': 587.0}
SIM_TRAIN step:149, travel time:144.0775637688704, q_loss:0.025467498, rewards:-10.883607, queue:5.95, delay:0.36995706, throughput:1875, raw_metrics:{'fairness': 582.0}
REAL_TRAIN step:22, travel time:158.64558285415578, q_loss:100, rewards:-48.625282, queue:10.933333, delay:0.46330574, throughput:1830, R_real:-1.0972, components:{'queue': 0.029, 'delay': 0.0, 'waiting': 0.0, 'pressure': 0.0, 'switches': 0.0, 'emission': 1.069}, raw_metrics:{'fairness': 302.0, 'emission': 600.92, 'fuel': 194.811, 'emergency_stops': 18.0, 'collisions': 0.0, 'ssm_conflicts': 320.0}, refine;w=waiting=0.5;pressure=0.5;ckpt6
SIM_TRAIN step:150, travel time:143.73191046330035, q_loss:0.02368644, rewards:-10.710277, queue:5.825, delay:0.36372575, throughput:1874, raw_metrics:{'fairness': 604.0}
SIM_TRAIN step:151, travel time:144.06038521603332, q_loss:0.020716336, rewards:-10.9180565, queue:6.0111113, delay:0.37242335, throughput:1874, raw_metrics:{'fairness': 480.0}
REAL_TRAIN step:24, travel time:158.20073183481443, q_loss:100, rewards:-48.279167, queue:10.627778, delay:0.46357155, throughput:1836, R_real:-1.0904, components:{'queue': 0.028, 'delay': 0.0, 'waiting': 0.0, 'pressure': 0.0, 'switches': 0.0, 'emission': 1.062}, raw_metrics:{'fairness': 337.0, 'emission': 599.833, 'fuel': 194.459, 'emergency_stops': 19.0, 'collisions': 0.0, 'ssm_conflicts': 269.0}, refine;w=waiting=0.5;pressure=0.5;ckpt8
SIM_TRAIN step:152, travel time:143.84427083333333, q_loss:0.019764911, rewards:-10.792221, queue:5.8083334, delay:0.3696618, throughput:1874, raw_metrics:{'fairness': 517.0}
SIM_TRAIN step:153, travel time:143.6171875, q_loss:0.01842219, rewards:-10.604998, queue:5.7194443, delay:0.36213604, throughput:1872, raw_metrics:{'fairness': 554.0}
REAL_TRAIN step:26, travel time:156.76947203345532, q_loss:100, rewards:-47.582508, queue:9.869445, delay:0.44726613, throughput:1833, R_real:-1.0778, components:{'queue': 0.026, 'delay': 0.0, 'waiting': 0.0, 'pressure': 0.0, 'switches': 0.0, 'emission': 1.052}, raw_metrics:{'fairness': 303.0, 'emission': 595.348, 'fuel': 193.005, 'emergency_stops': 28.0, 'collisions': 0.0, 'ssm_conflicts': 275.0}, refine;w=waiting=0.5;pressure=0.5;ckpt10
SIM_TRAIN step:154, travel time:143.89849036959916, q_loss:0.017391589, rewards:-10.820001, queue:5.9194446, delay:0.38032925, throughput:1873, raw_metrics:{'fairness': 564.0}
SIM_TRAIN step:155, travel time:143.79906298802706, q_loss:0.017765693, rewards:-10.761389, queue:5.8861113, delay:0.3831089, throughput:1872, raw_metrics:{'fairness': 533.0}
REAL_TRAIN step:28, travel time:155.50392054364872, q_loss:100, rewards:-46.98277, queue:9.338889, delay:0.43990368, throughput:1829, R_real:-1.0675, components:{'queue': 0.025, 'delay': 0.0, 'waiting': 0.0, 'pressure': 0.0, 'switches': 0.0, 'emission': 1.043}, raw_metrics:{'fairness': 308.0, 'emission': 591.524, 'fuel': 191.765, 'emergency_stops': 19.0, 'collisions': 0.0, 'ssm_conflicts': 269.0}, refine;w=waiting=0.5;pressure=0.5;ckpt12
SIM_TRAIN step:156, travel time:143.41875, q_loss:0.018017378, rewards:-10.558055, queue:5.588889, delay:0.36417693, throughput:1875, raw_metrics:{'fairness': 648.0}
SIM_TRAIN step:157, travel time:143.70900572618427, q_loss:0.017256496, rewards:-10.704718, queue:5.7805557, delay:0.36008883, throughput:1875, raw_metrics:{'fairness': 577.0}
REAL_TRAIN step:30, travel time:154.46471510716154, q_loss:100, rewards:-46.311394, queue:8.697222, delay:0.4103959, throughput:1828, R_real:-1.0543, components:{'queue': 0.023, 'delay': 0.0, 'waiting': 0.0, 'pressure': 0.0, 'switches': 0.0, 'emission': 1.031}, raw_metrics:{'fairness': 26.0, 'emission': 588.324, 'fuel': 190.728, 'emergency_stops': 19.0, 'collisions': 0.0, 'ssm_conflicts': 315.0}, refine;w=waiting=0.5;pressure=0.5;ckpt14
SIM_TRAIN step:158, travel time:143.66736074960957, q_loss:0.016798312, rewards:-10.786944, queue:5.811111, delay:0.37445703, throughput:1873, raw_metrics:{'fairness': 574.0}
SIM_TRAIN step:159, travel time:143.48335067637876, q_loss:0.01641294, rewards:-10.658337, queue:5.702778, delay:0.36831594, throughput:1873, raw_metrics:{'fairness': 587.0}
REAL_TRAIN step:32, travel time:154.41557762676425, q_loss:100, rewards:-46.258606, queue:8.569445, delay:0.4289265, throughput:1832, R_real:-1.0554, components:{'queue': 0.023, 'delay': 0.0, 'waiting': 0.0, 'pressure': 0.0, 'switches': 0.0, 'emission': 1.033}, raw_metrics:{'fairness': 304.0, 'emission': 588.675, 'fuel': 190.841, 'emergency_stops': 18.0, 'collisions': 0.0, 'ssm_conflicts': 302.0}, refine;w=waiting=0.5;pressure=0.5;ckpt16
SIM_TRAIN step:160, travel time:143.94270833333334, q_loss:0.0152284885, rewards:-10.80722, queue:5.802778, delay:0.36280042, throughput:1874, raw_metrics:{'fairness': 566.0}
SIM_TRAIN step:161, travel time:143.87044745057233, q_loss:0.014737894, rewards:-10.921389, queue:5.875, delay:0.36773518, throughput:1873, raw_metrics:{'fairness': 528.0}
REAL_TRAIN step:34, travel time:153.27130162049139, q_loss:100, rewards:-45.651394, queue:8.013889, delay:0.4132644, throughput:1834, R_real:-1.0439, components:{'queue': 0.021, 'delay': 0.0, 'waiting': 0.0, 'pressure': 0.0, 'switches': 0.0, 'emission': 1.022}, raw_metrics:{'fairness': 335.0, 'emission': 585.015, 'fuel': 189.655, 'emergency_stops': 32.0, 'collisions': 0.0, 'ssm_conflicts': 296.0}, refine;w=waiting=0.5;pressure=0.5;ckpt18
SIM_TRAIN step:162, travel time:143.9646017699115, q_loss:0.013471099, rewards:-10.881386, queue:5.8722224, delay:0.36414438, throughput:1874, raw_metrics:{'fairness': 600.0}
SIM_TRAIN step:163, travel time:143.65955231650182, q_loss:0.013451194, rewards:-10.694168, queue:5.727778, delay:0.36453658, throughput:1873, raw_metrics:{'fairness': 579.0}
REAL_TRAIN step:36, travel time:154.2472556194459, q_loss:100, rewards:-46.23417, queue:8.594444, delay:0.4290763, throughput:1835, R_real:-1.0564, components:{'queue': 0.023, 'delay': 0.0, 'waiting': 0.0, 'pressure': 0.0, 'switches': 0.0, 'emission': 1.033}, raw_metrics:{'fairness': 306.0, 'emission': 588.096, 'fuel': 190.654, 'emergency_stops': 23.0, 'collisions': 0.0, 'ssm_conflicts': 300.0}, refine;w=waiting=0.5;pressure=0.5;ckpt20
SIM_TRAIN step:164, travel time:144.54342173686948, q_loss:0.013857057, rewards:-11.272499, queue:6.1944447, delay:0.37353233, throughput:1875, raw_metrics:{'fairness': 603.0}
SIM_TRAIN step:165, travel time:143.32222800624675, q_loss:0.014229615, rewards:-10.52111, queue:5.602778, delay:0.36123195, throughput:1874, raw_metrics:{'fairness': 537.0}
REAL_TRAIN step:38, travel time:154.189754312598, q_loss:100, rewards:-46.168613, queue:8.4777775, delay:0.41481563, throughput:1836, R_real:-1.0539, components:{'queue': 0.023, 'delay': 0.0, 'waiting': 0.0, 'pressure': 0.0, 'switches': 0.0, 'emission': 1.031}, raw_metrics:{'fairness': 333.0, 'emission': 587.94, 'fuel': 190.603, 'emergency_stops': 21.0, 'collisions': 0.0, 'ssm_conflicts': 317.0}, refine;w=waiting=0.5;pressure=0.5;ckpt22
SIM_TRAIN step:166, travel time:143.65833333333333, q_loss:0.0140027115, rewards:-10.657498, queue:5.6555557, delay:0.36686432, throughput:1875, raw_metrics:{'fairness': 612.0}
SIM_TRAIN step:167, travel time:143.50390421655388, q_loss:0.01336256, rewards:-10.615557, queue:5.6805553, delay:0.36635447, throughput:1873, raw_metrics:{'fairness': 551.0}
REAL_TRAIN step:40, travel time:154.01202300052273, q_loss:100, rewards:-46.044434, queue:8.294444, delay:0.41390187, throughput:1835, R_real:-1.0536, components:{'queue': 0.022, 'delay': 0.0, 'waiting': 0.0, 'pressure': 0.0, 'switches': 0.0, 'emission': 1.031}, raw_metrics:{'fairness': 336.0, 'emission': 587.304, 'fuel': 190.397, 'emergency_stops': 12.0, 'collisions': 0.0, 'ssm_conflicts': 304.0}, refine;w=waiting=0.5;pressure=0.5;ckpt24
SIM_TRAIN step:168, travel time:143.23829344432883, q_loss:0.01313325, rewards:-10.588888, queue:5.608333, delay:0.36738536, throughput:1871, raw_metrics:{'fairness': 549.0}
SIM_TRAIN step:169, travel time:143.09573361082207, q_loss:0.013487436, rewards:-10.447222, queue:5.5333333, delay:0.36017174, throughput:1873, raw_metrics:{'fairness': 617.0}
REAL_TRAIN step:42, travel time:152.75901725039205, q_loss:100, rewards:-45.396408, queue:7.6944447, delay:0.4069906, throughput:1834, R_real:-1.0416, components:{'queue': 0.021, 'delay': 0.0, 'waiting': 0.0, 'pressure': 0.0, 'switches': 0.0, 'emission': 1.021}, raw_metrics:{'fairness': 333.0, 'emission': 583.749, 'fuel': 189.245, 'emergency_stops': 24.0, 'collisions': 0.0, 'ssm_conflicts': 297.0}, refine;w=waiting=0.5;pressure=0.5;ckpt26
SIM_TRAIN step:170, travel time:143.38625715773034, q_loss:0.013191976, rewards:-10.553336, queue:5.577778, delay:0.36218873, throughput:1872, raw_metrics:{'fairness': 517.0}
SIM_TRAIN step:171, travel time:143.467464862051, q_loss:0.013111125, rewards:-10.556942, queue:5.663889, delay:0.35961714, throughput:1872, raw_metrics:{'fairness': 551.0}
REAL_TRAIN step:44, travel time:153.40303188708833, q_loss:100, rewards:-45.74887, queue:8.025, delay:0.40913814, throughput:1833, R_real:-1.0487, components:{'queue': 0.022, 'delay': 0.0, 'waiting': 0.0, 'pressure': 0.0, 'switches': 0.0, 'emission': 1.027}, raw_metrics:{'fairness': 333.0, 'emission': 585.849, 'fuel': 189.926, 'emergency_stops': 18.0, 'collisions': 0.0, 'ssm_conflicts': 319.0}, refine;w=waiting=0.5;pressure=0.5;ckpt28
SIM_TRAIN step:172, travel time:143.13943808532778, q_loss:0.012733556, rewards:-10.445837, queue:5.522222, delay:0.36603826, throughput:1874, raw_metrics:{'fairness': 573.0}
SIM_TRAIN step:173, travel time:143.4958376690947, q_loss:0.012246087, rewards:-10.647218, queue:5.7222223, delay:0.36527804, throughput:1872, raw_metrics:{'fairness': 546.0}
REAL_TRAIN step:46, travel time:153.93256664924203, q_loss:100, rewards:-46.02558, queue:8.202778, delay:0.40771204, throughput:1829, R_real:-1.0532, components:{'queue': 0.022, 'delay': 0.0, 'waiting': 0.0, 'pressure': 0.0, 'switches': 0.0, 'emission': 1.031}, raw_metrics:{'fairness': 335.0, 'emission': 587.373, 'fuel': 190.42, 'emergency_stops': 24.0, 'collisions': 0.0, 'ssm_conflicts': 333.0}, refine;w=waiting=0.5;pressure=0.5;ckpt30
SIM_TRAIN step:174, travel time:143.67360749609577, q_loss:0.012624371, rewards:-10.665273, queue:5.741667, delay:0.36701265, throughput:1875, raw_metrics:{'fairness': 513.0}
SIM_TRAIN step:175, travel time:143.6642373763665, q_loss:0.012557933, rewards:-10.736948, queue:5.711111, delay:0.36624497, throughput:1874, raw_metrics:{'fairness': 548.0}
REAL_TRAIN step:48, travel time:153.79665446941976, q_loss:100, rewards:-45.943897, queue:8.1, delay:0.39368838, throughput:1835, R_real:-1.0556, components:{'queue': 0.022, 'delay': 0.0, 'waiting': 0.0, 'pressure': 0.0, 'switches': 0.0, 'emission': 1.033}, raw_metrics:{'fairness': 304.0, 'emission': 587.189, 'fuel': 190.36, 'emergency_stops': 14.0, 'collisions': 0.0, 'ssm_conflicts': 411.0}, refine;w=waiting=0.5;pressure=0.5;ckpt32
SIM_TRAIN step:176, travel time:143.53854166666667, q_loss:0.012114408, rewards:-10.637499, queue:5.6222224, delay:0.3676872, throughput:1874, raw_metrics:{'fairness': 499.0}
SIM_TRAIN step:177, travel time:143.35398230088495, q_loss:0.012274473, rewards:-10.619163, queue:5.633333, delay:0.36613092, throughput:1874, raw_metrics:{'fairness': 502.0}
REAL_TRAIN step:50, travel time:152.82854155776266, q_loss:100, rewards:-45.476124, queue:7.6833334, delay:0.392078, throughput:1830, R_real:-1.0465, components:{'queue': 0.021, 'delay': 0.0, 'waiting': 0.0, 'pressure': 0.0, 'switches': 0.0, 'emission': 1.025}, raw_metrics:{'fairness': 331.0, 'emission': 584.253, 'fuel': 189.408, 'emergency_stops': 10.0, 'collisions': 0.0, 'ssm_conflicts': 368.0}, refine;w=waiting=0.5;pressure=0.5;ckpt34
SIM_TRAIN step:178, travel time:143.72008324661812, q_loss:0.011482086, rewards:-10.807501, queue:5.8166666, delay:0.36838612, throughput:1873, raw_metrics:{'fairness': 583.0}
SIM_TRAIN step:179, travel time:143.7855283706403, q_loss:0.011166247, rewards:-10.693891, queue:5.7805557, delay:0.3676954, throughput:1873, raw_metrics:{'fairness': 560.0}
REAL_TRAIN step:52, travel time:154.50653423941452, q_loss:100, rewards:-46.39388, queue:8.616667, delay:0.4253226, throughput:1831, R_real:-1.0617, components:{'queue': 0.023, 'delay': 0.0, 'waiting': 0.0, 'pressure': 0.0, 'switches': 0.0, 'emission': 1.038}, raw_metrics:{'fairness': 336.0, 'emission': 588.925, 'fuel': 190.923, 'emergency_stops': 17.0, 'collisions': 0.0, 'ssm_conflicts': 346.0}, refine;w=waiting=0.5;pressure=0.5;ckpt36
SIM_TRAIN step:180, travel time:143.42998438313379, q_loss:0.011104991, rewards:-10.591941, queue:5.7194443, delay:0.37484407, throughput:1875, raw_metrics:{'fairness': 580.0}
SIM_TRAIN step:181, travel time:143.5897969807392, q_loss:0.010857667, rewards:-10.696395, queue:5.7388887, delay:0.3589778, throughput:1871, raw_metrics:{'fairness': 569.0}
REAL_TRAIN step:54, travel time:152.41714584422374, q_loss:100, rewards:-45.193336, queue:7.411111, delay:0.3936633, throughput:1836, R_real:-1.0397, components:{'queue': 0.02, 'delay': 0.0, 'waiting': 0.0, 'pressure': 0.0, 'switches': 0.0, 'emission': 1.019}, raw_metrics:{'fairness': 334.0, 'emission': 582.979, 'fuel': 188.995, 'emergency_stops': 18.0, 'collisions': 0.0, 'ssm_conflicts': 344.0}, refine;w=waiting=0.5;pressure=0.5;ckpt38
SIM_TRAIN step:182, travel time:143.4294638209266, q_loss:0.0107624745, rewards:-10.528611, queue:5.6055555, delay:0.36534458, throughput:1875, raw_metrics:{'fairness': 490.0}
SIM_TRAIN step:183, travel time:143.4661810613944, q_loss:0.010736824, rewards:-10.68167, queue:5.7, delay:0.36304665, throughput:1874, raw_metrics:{'fairness': 582.0}
REAL_TRAIN step:56, travel time:154.16989022477784, q_loss:100, rewards:-46.173595, queue:8.433333, delay:0.42372465, throughput:1838, R_real:-1.0579, components:{'queue': 0.023, 'delay': 0.0, 'waiting': 0.0, 'pressure': 0.0, 'switches': 0.0, 'emission': 1.035}, raw_metrics:{'fairness': 335.0, 'emission': 588.434, 'fuel': 190.763, 'emergency_stops': 16.0, 'collisions': 0.0, 'ssm_conflicts': 318.0}, refine;w=waiting=0.5;pressure=0.5;ckpt40
SIM_TRAIN step:184, travel time:143.65416666666667, q_loss:0.010486743, rewards:-10.655, queue:5.727778, delay:0.36508688, throughput:1874, raw_metrics:{'fairness': 524.0}
SIM_TRAIN step:185, travel time:143.6215512753774, q_loss:0.010413978, rewards:-10.679447, queue:5.741667, delay:0.37043792, throughput:1876, raw_metrics:{'fairness': 554.0}
REAL_TRAIN step:58, travel time:154.60376372190277, q_loss:100, rewards:-46.423325, queue:8.7, delay:0.42329937, throughput:1831, R_real:-1.0611, components:{'queue': 0.023, 'delay': 0.0, 'waiting': 0.0, 'pressure': 0.0, 'switches': 0.0, 'emission': 1.038}, raw_metrics:{'fairness': 334.0, 'emission': 589.257, 'fuel': 191.03, 'emergency_stops': 21.0, 'collisions': 0.0, 'ssm_conflicts': 312.0}, refine;w=waiting=0.5;pressure=0.5;ckpt42
SIM_TRAIN step:186, travel time:143.54606975533576, q_loss:0.010682401, rewards:-10.656947, queue:5.7194443, delay:0.36170056, throughput:1874, raw_metrics:{'fairness': 550.0}
SIM_TRAIN step:187, travel time:143.7625, q_loss:0.010705816, rewards:-10.730834, queue:5.727778, delay:0.3621228, throughput:1874, raw_metrics:{'fairness': 536.0}
REAL_TRAIN step:60, travel time:154.167276529012, q_loss:100, rewards:-46.15137, queue:8.388889, delay:0.426421, throughput:1837, R_real:-1.0563, components:{'queue': 0.023, 'delay': 0.0, 'waiting': 0.0, 'pressure': 0.0, 'switches': 0.0, 'emission': 1.034}, raw_metrics:{'fairness': 300.0, 'emission': 587.937, 'fuel': 190.602, 'emergency_stops': 23.0, 'collisions': 0.0, 'ssm_conflicts': 310.0}, refine;w=waiting=0.5;pressure=0.5;ckpt44
SIM_TRAIN step:188, travel time:143.33506763787722, q_loss:0.010560214, rewards:-10.529444, queue:5.6277776, delay:0.36183378, throughput:1873, raw_metrics:{'fairness': 531.0}
SIM_TRAIN step:189, travel time:143.55260416666667, q_loss:0.010116748, rewards:-10.593059, queue:5.647222, delay:0.3627215, throughput:1874, raw_metrics:{'fairness': 593.0}
REAL_TRAIN step:62, travel time:155.46471510716154, q_loss:100, rewards:-46.86778, queue:9.108334, delay:0.44667435, throughput:1837, R_real:-1.0719, components:{'queue': 0.025, 'delay': 0.0, 'waiting': 0.0, 'pressure': 0.0, 'switches': 0.0, 'emission': 1.047}, raw_metrics:{'fairness': 335.0, 'emission': 591.958, 'fuel': 191.906, 'emergency_stops': 13.0, 'collisions': 0.0, 'ssm_conflicts': 328.0}, refine;w=waiting=0.5;pressure=0.5;ckpt46
SIM_TRAIN step:190, travel time:143.37011972930765, q_loss:0.009953733, rewards:-10.525831, queue:5.6138887, delay:0.36603755, throughput:1873, raw_metrics:{'fairness': 522.0}
SIM_TRAIN step:191, travel time:143.22372528616026, q_loss:0.010015498, rewards:-10.590554, queue:5.577778, delay:0.36002108, throughput:1874, raw_metrics:{'fairness': 503.0}
REAL_TRAIN step:64, travel time:156.25875588081547, q_loss:100, rewards:-47.305294, queue:9.591666, delay:0.45511818, throughput:1828, R_real:-1.0803, components:{'queue': 0.026, 'delay': 0.0, 'waiting': 0.0, 'pressure': 0.0, 'switches': 0.0, 'emission': 1.054}, raw_metrics:{'fairness': 335.0, 'emission': 594.213, 'fuel': 192.637, 'emergency_stops': 14.0, 'collisions': 0.0, 'ssm_conflicts': 338.0}, refine;w=waiting=0.5;pressure=0.5;ckpt48
SIM_TRAIN step:192, travel time:142.95887558563248, q_loss:0.010284294, rewards:-10.360832, queue:5.4083333, delay:0.35119018, throughput:1875, raw_metrics:{'fairness': 578.0}
SIM_TRAIN step:193, travel time:143.54711087975014, q_loss:0.009945167, rewards:-10.666945, queue:5.697222, delay:0.36584362, throughput:1874, raw_metrics:{'fairness': 533.0}
REAL_TRAIN step:66, travel time:155.4354417145844, q_loss:100, rewards:-46.938877, queue:9.216666, delay:0.44633597, throughput:1833, R_real:-1.0722, components:{'queue': 0.025, 'delay': 0.0, 'waiting': 0.0, 'pressure': 0.0, 'switches': 0.0, 'emission': 1.047}, raw_metrics:{'fairness': 333.0, 'emission': 591.879, 'fuel': 191.88, 'emergency_stops': 15.0, 'collisions': 0.0, 'ssm_conflicts': 316.0}, refine;w=waiting=0.5;pressure=0.5;ckpt50
SIM_TRAIN step:194, travel time:143.83506763787722, q_loss:0.009685519, rewards:-10.843058, queue:5.7916665, delay:0.36267653, throughput:1873, raw_metrics:{'fairness': 583.0}
SIM_TRAIN step:195, travel time:143.79906298802706, q_loss:0.010307411, rewards:-10.777777, queue:5.741667, delay:0.3634207, throughput:1873, raw_metrics:{'fairness': 500.0}
REAL_TRAIN step:68, travel time:155.43648719289075, q_loss:100, rewards:-46.921955, queue:9.161111, delay:0.43074608, throughput:1834, R_real:-1.0722, components:{'queue': 0.025, 'delay': 0.0, 'waiting': 0.0, 'pressure': 0.0, 'switches': 0.0, 'emission': 1.047}, raw_metrics:{'fairness': 333.0, 'emission': 592.02, 'fuel': 191.926, 'emergency_stops': 25.0, 'collisions': 0.0, 'ssm_conflicts': 354.0}, refine;w=waiting=0.5;pressure=0.5;ckpt52
SIM_TRAIN step:196, travel time:143.67725143154607, q_loss:0.010298621, rewards:-10.768612, queue:5.775, delay:0.36977047, throughput:1875, raw_metrics:{'fairness': 519.0}
SIM_TRAIN step:197, travel time:143.7376366475794, q_loss:0.010693054, rewards:-10.756947, queue:5.7916665, delay:0.36674935, throughput:1875, raw_metrics:{'fairness': 483.0}
REAL_TRAIN step:70, travel time:155.6325143753267, q_loss:100, rewards:-46.96666, queue:9.230556, delay:0.444096, throughput:1833, R_real:-1.0715, components:{'queue': 0.025, 'delay': 0.0, 'waiting': 0.0, 'pressure': 0.0, 'switches': 0.0, 'emission': 1.047}, raw_metrics:{'fairness': 335.0, 'emission': 592.127, 'fuel': 191.961, 'emergency_stops': 14.0, 'collisions': 0.0, 'ssm_conflicts': 315.0}, refine;w=waiting=0.5;pressure=0.5;ckpt54
SIM_TRAIN step:198, travel time:143.54659031754295, q_loss:0.010955984, rewards:-10.62167, queue:5.688889, delay:0.36409616, throughput:1871, raw_metrics:{'fairness': 527.0}
SIM_TRAIN step:199, travel time:143.50052029136316, q_loss:0.011290987, rewards:-10.660554, queue:5.663889, delay:0.36416572, throughput:1874, raw_metrics:{'fairness': 600.0}
REAL_TRAIN step:72, travel time:155.05070569785676, q_loss:100, rewards:-46.636383, queue:8.841666, delay:0.4202592, throughput:1837, R_real:-1.0658, components:{'queue': 0.024, 'delay': 0.0, 'waiting': 0.0, 'pressure': 0.0, 'switches': 0.0, 'emission': 1.042}, raw_metrics:{'fairness': 303.0, 'emission': 590.636, 'fuel': 191.477, 'emergency_stops': 15.0, 'collisions': 0.0, 'ssm_conflicts': 335.0}, refine;w=waiting=0.5;pressure=0.5;ckpt56
SIM_TRAIN step:200, travel time:143.7234375, q_loss:0.01133403, rewards:-10.764447, queue:5.758333, delay:0.3647984, throughput:1875, raw_metrics:{'fairness': 602.0}
SIM_TRAIN step:201, travel time:143.79958355023425, q_loss:0.010957054, rewards:-10.815834, queue:5.7944446, delay:0.36926982, throughput:1875, raw_metrics:{'fairness': 492.0}
REAL_TRAIN step:74, travel time:155.59539989545218, q_loss:100, rewards:-46.906403, queue:9.208333, delay:0.4254599, throughput:1831, R_real:-1.0691, components:{'queue': 0.025, 'delay': 0.0, 'waiting': 0.0, 'pressure': 0.0, 'switches': 0.0, 'emission': 1.044}, raw_metrics:{'fairness': 303.0, 'emission': 592.097, 'fuel': 191.951, 'emergency_stops': 20.0, 'collisions': 0.0, 'ssm_conflicts': 318.0}, refine;w=waiting=0.5;pressure=0.5;ckpt58
SIM_TRAIN step:202, travel time:143.36647579385738, q_loss:0.010894589, rewards:-10.649167, queue:5.6583333, delay:0.35749227, throughput:1875, raw_metrics:{'fairness': 486.0}
SIM_TRAIN step:203, travel time:143.51587714731912, q_loss:0.010863838, rewards:-10.724446, queue:5.7166667, delay:0.37073615, throughput:1874, raw_metrics:{'fairness': 543.0}
REAL_TRAIN step:76, travel time:155.1244119184527, q_loss:100, rewards:-46.72111, queue:9.0, delay:0.43283546, throughput:1829, R_real:-1.0666, components:{'queue': 0.024, 'delay': 0.0, 'waiting': 0.0, 'pressure': 0.0, 'switches': 0.0, 'emission': 1.042}, raw_metrics:{'fairness': 27.0, 'emission': 591.031, 'fuel': 191.605, 'emergency_stops': 17.0, 'collisions': 0.0, 'ssm_conflicts': 287.0}, refine;w=waiting=0.5;pressure=0.5;ckpt60
SIM_TRAIN step:204, travel time:143.43466944299843, q_loss:0.011622043, rewards:-10.577501, queue:5.633333, delay:0.3676921, throughput:1873, raw_metrics:{'fairness': 513.0}
SIM_TRAIN step:205, travel time:143.18636127017177, q_loss:0.011422716, rewards:-10.47389, queue:5.508333, delay:0.36213472, throughput:1873, raw_metrics:{'fairness': 552.0}
REAL_TRAIN step:78, travel time:154.65603763721901, q_loss:100, rewards:-46.422787, queue:8.688889, delay:0.4209579, throughput:1834, R_real:-1.0600, components:{'queue': 0.023, 'delay': 0.0, 'waiting': 0.0, 'pressure': 0.0, 'switches': 0.0, 'emission': 1.037}, raw_metrics:{'fairness': 336.0, 'emission': 589.565, 'fuel': 191.13, 'emergency_stops': 28.0, 'collisions': 0.0, 'ssm_conflicts': 316.0}, refine;w=waiting=0.5;pressure=0.5;ckpt62
SIM_TRAIN step:206, travel time:143.62988027069235, q_loss:0.011437453, rewards:-10.744167, queue:5.736111, delay:0.36335966, throughput:1875, raw_metrics:{'fairness': 586.0}
SIM_TRAIN step:207, travel time:143.65885416666666, q_loss:0.011364624, rewards:-10.675276, queue:5.713889, delay:0.3684389, throughput:1872, raw_metrics:{'fairness': 470.0}
REAL_TRAIN step:80, travel time:154.10925248301098, q_loss:100, rewards:-46.132515, queue:8.455556, delay:0.41719058, throughput:1831, R_real:-1.0537, components:{'queue': 0.023, 'delay': 0.0, 'waiting': 0.0, 'pressure': 0.0, 'switches': 0.0, 'emission': 1.031}, raw_metrics:{'fairness': 333.0, 'emission': 587.843, 'fuel': 190.572, 'emergency_stops': 19.0, 'collisions': 0.0, 'ssm_conflicts': 305.0}, refine;w=waiting=0.5;pressure=0.5;ckpt64
SIM_TRAIN step:208, travel time:143.64270833333333, q_loss:0.011463344, rewards:-10.588619, queue:5.7055554, delay:0.3633011, throughput:1876, raw_metrics:{'fairness': 584.0}
SIM_TRAIN step:209, travel time:143.75793857365954, q_loss:0.011370875, rewards:-10.8319435, queue:5.8083334, delay:0.36843228, throughput:1874, raw_metrics:{'fairness': 607.0}
REAL_TRAIN step:82, travel time:155.28437009932043, q_loss:100, rewards:-46.746098, queue:8.988889, delay:0.39715797, throughput:1832, R_real:-1.0644, components:{'queue': 0.024, 'delay': 0.0, 'waiting': 0.0, 'pressure': 0.0, 'switches': 0.0, 'emission': 1.04}, raw_metrics:{'fairness': 333.0, 'emission': 591.214, 'fuel': 191.665, 'emergency_stops': 24.0, 'collisions': 0.0, 'ssm_conflicts': 386.0}, refine;w=waiting=0.5;pressure=0.5;ckpt66
SIM_TRAIN step:210, travel time:143.77708333333334, q_loss:0.0113502, rewards:-10.723331, queue:5.7472224, delay:0.3694646, throughput:1875, raw_metrics:{'fairness': 568.0}
SIM_TRAIN step:211, travel time:143.3309053069719, q_loss:0.011088984, rewards:-10.560284, queue:5.588889, delay:0.35583848, throughput:1875, raw_metrics:{'fairness': 556.0}
REAL_TRAIN step:84, travel time:154.6842655514898, q_loss:100, rewards:-46.438602, queue:8.744445, delay:0.40221593, throughput:1834, R_real:-1.0571, components:{'queue': 0.023, 'delay': 0.0, 'waiting': 0.0, 'pressure': 0.0, 'switches': 0.0, 'emission': 1.034}, raw_metrics:{'fairness': 301.0, 'emission': 589.467, 'fuel': 191.098, 'emergency_stops': 18.0, 'collisions': 0.0, 'ssm_conflicts': 380.0}, refine;w=waiting=0.5;pressure=0.5;ckpt68
SIM_TRAIN step:212, travel time:143.8011452368558, q_loss:0.010796001, rewards:-10.772497, queue:5.8444443, delay:0.3737318, throughput:1875, raw_metrics:{'fairness': 567.0}
SIM_TRAIN step:213, travel time:143.3765625, q_loss:0.0103685055, rewards:-10.489162, queue:5.561111, delay:0.3622035, throughput:1873, raw_metrics:{'fairness': 572.0}
REAL_TRAIN step:86, travel time:155.29430214323054, q_loss:100, rewards:-46.80082, queue:9.030556, delay:0.40284026, throughput:1829, R_real:-1.0630, components:{'queue': 0.024, 'delay': 0.0, 'waiting': 0.0, 'pressure': 0.0, 'switches': 0.0, 'emission': 1.039}, raw_metrics:{'fairness': 301.0, 'emission': 591.213, 'fuel': 191.665, 'emergency_stops': 18.0, 'collisions': 0.0, 'ssm_conflicts': 442.0}, refine;w=waiting=0.5;pressure=0.5;ckpt70
SIM_TRAIN step:214, travel time:143.24765868886576, q_loss:0.010545042, rewards:-10.511948, queue:5.625, delay:0.36621803, throughput:1871, raw_metrics:{'fairness': 555.0}
SIM_TRAIN step:215, travel time:143.11238293444327, q_loss:0.0107322335, rewards:-10.5077715, queue:5.55, delay:0.35757083, throughput:1873, raw_metrics:{'fairness': 617.0}
REAL_TRAIN step:88, travel time:156.53267119707266, q_loss:100, rewards:-47.38944, queue:9.627778, delay:0.40507087, throughput:1826, R_real:-1.0742, components:{'queue': 0.025, 'delay': 0.0, 'waiting': 0.0, 'pressure': 0.0, 'switches': 0.0, 'emission': 1.049}, raw_metrics:{'fairness': 334.0, 'emission': 594.962, 'fuel': 192.88, 'emergency_stops': 11.0, 'collisions': 0.0, 'ssm_conflicts': 511.0}, refine;w=waiting=0.5;pressure=0.5;ckpt72
SIM_TRAIN step:216, travel time:143.0811654526535, q_loss:0.010366845, rewards:-10.38861, queue:5.525, delay:0.35878068, throughput:1872, raw_metrics:{'fairness': 544.0}
SIM_TRAIN step:217, travel time:143.24466423737636, q_loss:0.01030831, rewards:-10.4025, queue:5.508333, delay:0.35921615, throughput:1874, raw_metrics:{'fairness': 585.0}
REAL_TRAIN step:90, travel time:155.81756403554627, q_loss:100, rewards:-47.044716, queue:9.230556, delay:0.40116102, throughput:1833, R_real:-1.0692, components:{'queue': 0.024, 'delay': 0.0, 'waiting': 0.0, 'pressure': 0.0, 'switches': 0.0, 'emission': 1.045}, raw_metrics:{'fairness': 306.0, 'emission': 593.378, 'fuel': 192.366, 'emergency_stops': 15.0, 'collisions': 0.0, 'ssm_conflicts': 504.0}, refine;w=waiting=0.5;pressure=0.5;ckpt74
SIM_TRAIN step:218, travel time:143.51875, q_loss:0.010024008, rewards:-10.551667, queue:5.5972223, delay:0.36229032, throughput:1873, raw_metrics:{'fairness': 571.0}
SIM_TRAIN step:219, travel time:143.38521603331597, q_loss:0.010480375, rewards:-10.458882, queue:5.6055555, delay:0.37019882, throughput:1873, raw_metrics:{'fairness': 559.0}
REAL_TRAIN step:92, travel time:155.18452692106638, q_loss:100, rewards:-46.6986, queue:8.913889, delay:0.39847517, throughput:1833, R_real:-1.0595, components:{'queue': 0.023, 'delay': 0.0, 'waiting': 0.0, 'pressure': 0.0, 'switches': 0.0, 'emission': 1.036}, raw_metrics:{'fairness': 301.0, 'emission': 590.56, 'fuel': 191.453, 'emergency_stops': 18.0, 'collisions': 0.0, 'ssm_conflicts': 478.0}, refine;w=waiting=0.5;pressure=0.5;ckpt76
SIM_TRAIN step:220, travel time:143.2108276939094, q_loss:0.010201185, rewards:-10.478606, queue:5.5416665, delay:0.36102796, throughput:1876, raw_metrics:{'fairness': 572.0}
SIM_TRAIN step:221, travel time:143.32239583333333, q_loss:0.009484466, rewards:-10.506943, queue:5.575, delay:0.36381996, throughput:1873, raw_metrics:{'fairness': 580.0}
REAL_TRAIN step:94, travel time:156.5671719811814, q_loss:100, rewards:-47.374718, queue:9.619445, delay:0.40086594, throughput:1834, R_real:-1.0759, components:{'queue': 0.025, 'delay': 0.0, 'waiting': 0.0, 'pressure': 0.0, 'switches': 0.0, 'emission': 1.05}, raw_metrics:{'fairness': 335.0, 'emission': 595.492, 'fuel': 193.052, 'emergency_stops': 19.0, 'collisions': 0.0, 'ssm_conflicts': 470.0}, refine;w=waiting=0.5;pressure=0.5;ckpt78
SIM_TRAIN step:222, travel time:142.99583550234254, q_loss:0.009565583, rewards:-10.31278, queue:5.4027777, delay:0.3561591, throughput:1873, raw_metrics:{'fairness': 564.0}
SIM_TRAIN step:223, travel time:143.0875, q_loss:0.009858798, rewards:-10.367775, queue:5.483333, delay:0.36568713, throughput:1874, raw_metrics:{'fairness': 579.0}
REAL_TRAIN step:96, travel time:154.874542603241, q_loss:100, rewards:-46.471382, queue:8.688889, delay:0.39565286, throughput:1833, R_real:-1.0569, components:{'queue': 0.023, 'delay': 0.0, 'waiting': 0.0, 'pressure': 0.0, 'switches': 0.0, 'emission': 1.034}, raw_metrics:{'fairness': 302.0, 'emission': 589.975, 'fuel': 191.263, 'emergency_stops': 13.0, 'collisions': 0.0, 'ssm_conflicts': 468.0}, refine;w=waiting=0.5;pressure=0.5;ckpt80
SIM_TRAIN step:224, travel time:143.4752990119605, q_loss:0.009743659, rewards:-10.67222, queue:5.7, delay:0.36309233, throughput:1874, raw_metrics:{'fairness': 614.0}
SIM_TRAIN step:225, travel time:143.49375, q_loss:0.010203775, rewards:-10.564165, queue:5.6666665, delay:0.3674995, throughput:1872, raw_metrics:{'fairness': 533.0}
REAL_TRAIN step:98, travel time:155.723470987977, q_loss:100, rewards:-47.00472, queue:9.258333, delay:0.41040823, throughput:1833, R_real:-1.0713, components:{'queue': 0.025, 'delay': 0.0, 'waiting': 0.0, 'pressure': 0.0, 'switches': 0.0, 'emission': 1.047}, raw_metrics:{'fairness': 333.0, 'emission': 592.898, 'fuel': 192.211, 'emergency_stops': 23.0, 'collisions': 0.0, 'ssm_conflicts': 428.0}, refine;w=waiting=0.5;pressure=0.5;ckpt82
SIM_TRAIN step:226, travel time:143.4859375, q_loss:0.010002905, rewards:-10.558886, queue:5.625, delay:0.36330023, throughput:1873, raw_metrics:{'fairness': 572.0}
SIM_TRAIN step:227, travel time:143.35346173867777, q_loss:0.0098902825, rewards:-10.536669, queue:5.5583334, delay:0.36120164, throughput:1874, raw_metrics:{'fairness': 570.0}
REAL_TRAIN step:100, travel time:155.6858337689493, q_loss:100, rewards:-47.05471, queue:9.305555, delay:0.40523285, throughput:1831, R_real:-1.0670, components:{'queue': 0.024, 'delay': 0.0, 'waiting': 0.0, 'pressure': 0.0, 'switches': 0.0, 'emission': 1.043}, raw_metrics:{'fairness': 305.0, 'emission': 592.307, 'fuel': 192.019, 'emergency_stops': 18.0, 'collisions': 0.0, 'ssm_conflicts': 448.0}, refine;w=waiting=0.5;pressure=0.5;ckpt84
SIM_TRAIN step:228, travel time:143.2826652785008, q_loss:0.0094485795, rewards:-10.511948, queue:5.5666666, delay:0.36551344, throughput:1874, raw_metrics:{'fairness': 559.0}
SIM_TRAIN step:229, travel time:143.5546875, q_loss:0.009602392, rewards:-10.624447, queue:5.6138887, delay:0.36356395, throughput:1874, raw_metrics:{'fairness': 592.0}
REAL_TRAIN step:102, travel time:154.78985886042864, q_loss:100, rewards:-46.425823, queue:8.755555, delay:0.40279648, throughput:1837, R_real:-1.0552, components:{'queue': 0.023, 'delay': 0.0, 'waiting': 0.0, 'pressure': 0.0, 'switches': 0.0, 'emission': 1.032}, raw_metrics:{'fairness': 303.0, 'emission': 589.715, 'fuel': 191.179, 'emergency_stops': 20.0, 'collisions': 0.0, 'ssm_conflicts': 391.0}, refine;w=waiting=0.5;pressure=0.5;ckpt86
SIM_TRAIN step:230, travel time:143.540625, q_loss:0.009779679, rewards:-10.593059, queue:5.6361113, delay:0.36279815, throughput:1875, raw_metrics:{'fairness': 584.0}
SIM_TRAIN step:231, travel time:143.48308172826654, q_loss:0.009529234, rewards:-10.526668, queue:5.6138887, delay:0.35872155, throughput:1873, raw_metrics:{'fairness': 565.0}
REAL_TRAIN step:104, travel time:155.15263983272348, q_loss:100, rewards:-46.680283, queue:8.944445, delay:0.3985148, throughput:1833, R_real:-1.0585, components:{'queue': 0.023, 'delay': 0.0, 'waiting': 0.0, 'pressure': 0.0, 'switches': 0.0, 'emission': 1.035}, raw_metrics:{'fairness': 301.0, 'emission': 590.727, 'fuel': 191.507, 'emergency_stops': 16.0, 'collisions': 0.0, 'ssm_conflicts': 465.0}, refine;w=waiting=0.5;pressure=0.5;ckpt88
SIM_TRAIN step:232, travel time:143.47762747138398, q_loss:0.009644117, rewards:-10.63222, queue:5.6916666, delay:0.36406496, throughput:1875, raw_metrics:{'fairness': 459.0}
SIM_TRAIN step:233, travel time:143.55, q_loss:0.009256222, rewards:-10.59722, queue:5.625, delay:0.356759, throughput:1877, raw_metrics:{'fairness': 523.0}
REAL_TRAIN step:106, travel time:154.9790904338735, q_loss:100, rewards:-46.567772, queue:8.919444, delay:0.40198618, throughput:1830, R_real:-1.0575, components:{'queue': 0.023, 'delay': 0.0, 'waiting': 0.0, 'pressure': 0.0, 'switches': 0.0, 'emission': 1.034}, raw_metrics:{'fairness': 26.0, 'emission': 590.237, 'fuel': 191.348, 'emergency_stops': 24.0, 'collisions': 0.0, 'ssm_conflicts': 410.0}, refine;w=waiting=0.5;pressure=0.5;ckpt90
SIM_TRAIN step:234, travel time:143.3834547346514, q_loss:0.009317426, rewards:-10.598892, queue:5.5972223, delay:0.35795814, throughput:1875, raw_metrics:{'fairness': 578.0}
SIM_TRAIN step:235, travel time:142.83922996878252, q_loss:0.009562911, rewards:-10.302778, queue:5.3861113, delay:0.36491194, throughput:1873, raw_metrics:{'fairness': 589.0}
REAL_TRAIN step:108, travel time:155.6424464192368, q_loss:100, rewards:-46.864994, queue:9.158334, delay:0.4002796, throughput:1836, R_real:-1.0631, components:{'queue': 0.024, 'delay': 0.0, 'waiting': 0.0, 'pressure': 0.0, 'switches': 0.0, 'emission': 1.039}, raw_metrics:{'fairness': 301.0, 'emission': 592.392, 'fuel': 192.047, 'emergency_stops': 18.0, 'collisions': 0.0, 'ssm_conflicts': 456.0}, refine;w=waiting=0.5;pressure=0.5;ckpt92
SIM_TRAIN step:236, travel time:143.62434963579605, q_loss:0.00937833, rewards:-10.6855545, queue:5.7194443, delay:0.36951178, throughput:1877, raw_metrics:{'fairness': 540.0}
REAL_TRAIN step:109, travel time:154.65969681129116, q_loss:100, rewards:-46.441086, queue:8.758333, delay:0.39928687, throughput:1832, R_real:-1.0544, components:{'queue': 0.023, 'delay': 0.0, 'waiting': 0.0, 'pressure': 0.0, 'switches': 0.0, 'emission': 1.032}, raw_metrics:{'fairness': 306.0, 'emission': 589.321, 'fuel': 191.051, 'emergency_stops': 19.0, 'collisions': 0.0, 'ssm_conflicts': 434.0}, refine;w=waiting=0.5;pressure=0.5;ckpt93
MORLGrid selected policy with R_real=-1.0397
Saved method state to data/output_data/sim2real_rewards/cityflow_presslight/tempe_1x1/baseline_rewards_v2_morl_grid_emission_heavy_s0/model/tempe_1x1_emission_heavy_presslight_morl_grid/method_state.json
real rollouts used: 63/100
REAL_TEST step:0, travel time:152.41714584422374, q_loss:100, rewards:-45.193336, queue:7.411111, delay:0.3936633, throughput:1836, R_real:-1.0397, components:{'queue': 0.02, 'delay': 0.0, 'waiting': 0.0, 'pressure': 0.0, 'switches': 0.0, 'emission': 1.019}, raw_metrics:{'fairness': 334.0, 'emission': 582.979, 'fuel': 188.995, 'emergency_stops': 18.0, 'collisions': 0.0, 'ssm_conflicts': 344.0}
Total time taken: 2368.4666588306427
