bullhead_1_barrier_leading_fixed_presslight_gat	REAL_TRAIN	0	160.7	100.0	-38.17	14.33	0.80	1278	0.7167	0.2833
bullhead_1_barrier_leading_fixed_presslight_gat	REAL_TRAIN	1	160.7	100.0	-38.17	14.33	0.80	1278	0.7167	0.2833
bullhead_1_barrier_leading_fixed_presslight_gat	REAL_TRAIN	2	161.1	100.0	-38.32	14.44	0.80	1278	0.7167	0.2833
bullhead_1_barrier_leading_fixed_presslight_gat	REAL_TRAIN	3	158.9	100.0	-37.57	13.80	0.80	1278	0.7167	0.2833
bullhead_1_barrier_leading_fixed_presslight_gat	REAL_TRAIN	4	158.6	100.0	-37.42	13.67	0.80	1277	0.7167	0.2833
bullhead_1_barrier_leading_fixed_presslight_gat	REAL_TRAIN	5	159.0	100.0	-37.63	13.93	0.81	1277	0.7167	0.2833
bullhead_1_barrier_leading_fixed_presslight_gat	REAL_TRAIN	6	159.0	100.0	-37.63	13.93	0.81	1277	0.7167	0.2833
bullhead_1_barrier_leading_fixed_presslight_gat	REAL_TRAIN	7	160.1	100.0	-38.04	14.38	0.81	1276	0.7167	0.2833
bullhead_1_barrier_leading_fixed_presslight_gat	REAL_TRAIN	8	160.3	100.0	-38.16	14.49	0.81	1272	0.7194	0.2806
bullhead_1_barrier_leading_fixed_presslight_gat	REAL_TRAIN	9	158.3	100.0	-37.36	13.65	0.81	1274	0.7194	0.2750
bullhead_1_barrier_leading_fixed_presslight_gat	REAL_TRAIN	10	162.7	100.0	-39.05	15.22	0.81	1276	0.7333	0.2556
bullhead_1_barrier_leading_fixed_presslight_gat	REAL_TRAIN	11	161.3	100.0	-38.55	14.75	0.81	1275	0.7083	0.2389
bullhead_1_barrier_leading_fixed_presslight_gat	REAL_TRAIN	12	160.2	100.0	-38.10	14.38	0.80	1276	0.6333	0.1333
bullhead_1_barrier_leading_fixed_presslight_gat	REAL_TRAIN	13	159.4	100.0	-37.81	14.06	0.79	1272	0.6917	0.1694
bullhead_1_barrier_leading_fixed_presslight_gat	REAL_TRAIN	14	161.9	100.0	-38.76	14.95	0.79	1272	0.7000	0.2056
bullhead_1_barrier_leading_fixed_presslight_gat	REAL_TRAIN	15	156.6	100.0	-36.78	13.18	0.80	1276	0.2250	0.1583
bullhead_1_barrier_leading_fixed_presslight_gat	REAL_TRAIN	16	159.2	100.0	-37.77	14.08	0.80	1276	0.3639	0.1472
bullhead_1_barrier_leading_fixed_presslight_gat	REAL_TRAIN	17	157.3	100.0	-37.04	13.43	0.80	1275	0.1944	0.1611
bullhead_1_barrier_leading_fixed_presslight_gat	REAL_TRAIN	18	156.3	100.0	-36.69	13.09	0.80	1278	0.2083	0.1583
bullhead_1_barrier_leading_fixed_presslight_gat	REAL_TRAIN	19	156.2	100.0	-36.61	12.98	0.80	1278	0.2278	0.1528
bullhead_1_barrier_leading_fixed_presslight_gat	REAL_TRAIN	20	163.2	100.0	-39.21	15.65	0.81	1271	0.1806	0.1639
bullhead_1_barrier_leading_fixed_presslight_gat	REAL_TRAIN	21	177.4	100.0	-44.49	20.97	0.81	1264	0.3278	0.1639
bullhead_1_barrier_leading_fixed_presslight_gat	REAL_TRAIN	22	178.5	100.0	-44.90	21.39	0.81	1264	0.4722	0.1944
bullhead_1_barrier_leading_fixed_presslight_gat	REAL_TRAIN	23	177.8	100.0	-44.64	21.08	0.81	1264	0.6944	0.2639
bullhead_1_barrier_leading_fixed_presslight_gat	REAL_TRAIN	24	174.6	100.0	-43.46	19.87	0.81	1276	0.7139	0.2750
bullhead_1_barrier_leading_fixed_presslight_gat	REAL_TRAIN	25	171.7	100.0	-42.37	18.76	0.82	1272	0.7167	0.2750
bullhead_1_barrier_leading_fixed_presslight_gat	REAL_TRAIN	26	175.0	100.0	-43.62	20.03	0.82	1265	0.7167	0.2778
bullhead_1_barrier_leading_fixed_presslight_gat	REAL_TRAIN	27	175.5	100.0	-43.81	20.21	0.81	1264	0.7111	0.2778
bullhead_1_barrier_leading_fixed_presslight_gat	REAL_TRAIN	28	178.6	100.0	-44.97	21.40	0.82	1264	0.7083	0.2750
bullhead_1_barrier_leading_fixed_presslight_gat	REAL_TRAIN	29	182.3	100.0	-46.32	22.77	0.82	1263	0.7111	0.2750
bullhead_1_barrier_leading_fixed_presslight_gat	REAL_TRAIN	30	172.7	100.0	-42.74	19.13	0.81	1269	0.7167	0.2833
bullhead_1_barrier_leading_fixed_presslight_gat	REAL_TRAIN	31	175.9	100.0	-43.93	20.36	0.82	1265	0.7111	0.2778
bullhead_1_barrier_leading_fixed_presslight_gat	REAL_TRAIN	32	185.8	100.0	-47.63	24.06	0.82	1269	0.7167	0.2833
bullhead_1_barrier_leading_fixed_presslight_gat	REAL_TRAIN	33	174.2	100.0	-43.31	19.71	0.82	1273	0.7167	0.2833
bullhead_1_barrier_leading_fixed_presslight_gat	REAL_TRAIN	34	175.6	100.0	-43.82	20.20	0.81	1272	0.7167	0.2833
bullhead_1_barrier_leading_fixed_presslight_gat	REAL_TRAIN	35	172.7	100.0	-42.74	19.13	0.81	1269	0.7167	0.2833
bullhead_1_barrier_leading_fixed_presslight_gat	REAL_TRAIN	36	172.3	100.0	-42.61	19.00	0.81	1266	0.7167	0.2833
bullhead_1_barrier_leading_fixed_presslight_gat	REAL_TRAIN	37	158.7	100.0	-37.53	13.79	0.80	1273	0.7083	0.2833
bullhead_1_barrier_leading_fixed_presslight_gat	REAL_TRAIN	38	165.3	100.0	-39.99	16.33	0.82	1276	0.7194	0.2778
bullhead_1_barrier_leading_fixed_presslight_gat	REAL_TRAIN	39	163.5	100.0	-39.33	15.68	0.81	1274	0.7194	0.2806
bullhead_1_barrier_leading_fixed_presslight_gat	REAL_TRAIN	40	166.0	100.0	-40.28	16.65	0.81	1275	0.7194	0.2806
bullhead_1_barrier_leading_fixed_presslight_gat	REAL_TRAIN	41	168.1	100.0	-41.05	17.44	0.81	1273	0.7167	0.2833
bullhead_1_barrier_leading_fixed_presslight_gat	REAL_TRAIN	42	169.4	100.0	-41.51	17.89	0.81	1275	0.7194	0.2806
bullhead_1_barrier_leading_fixed_presslight_gat	REAL_TRAIN	43	170.9	100.0	-42.12	18.49	0.81	1275	0.7194	0.2806
bullhead_1_barrier_leading_fixed_presslight_gat	REAL_TRAIN	44	164.0	100.0	-39.54	15.91	0.81	1272	0.7194	0.2806
bullhead_1_barrier_leading_fixed_presslight_gat	REAL_TRAIN	45	167.5	100.0	-40.81	17.20	0.81	1268	0.7194	0.2806
bullhead_1_barrier_leading_fixed_presslight_gat	REAL_TRAIN	46	164.5	100.0	-39.70	16.09	0.81	1273	0.7194	0.2806
bullhead_1_barrier_leading_fixed_presslight_gat	REAL_TRAIN	47	164.9	100.0	-39.88	16.24	0.82	1269	0.7194	0.2806
bullhead_1_barrier_leading_fixed_presslight_gat	REAL_TRAIN	48	163.5	100.0	-39.32	15.69	0.81	1277	0.7194	0.2806
bullhead_1_barrier_leading_fixed_presslight_gat	REAL_TRAIN	49	164.7	100.0	-39.82	16.17	0.82	1276	0.7194	0.2806
bullhead_1_barrier_leading_fixed_presslight_gat	REAL_TRAIN	50	165.2	100.0	-39.97	16.36	0.81	1274	0.7194	0.2806
bullhead_1_barrier_leading_fixed_presslight_gat	REAL_TRAIN	51	168.4	100.0	-41.16	17.54	0.81	1271	0.7194	0.2806
bullhead_1_barrier_leading_fixed_presslight_gat	REAL_TRAIN	52	172.6	100.0	-42.70	19.10	0.82	1265	0.7167	0.2833
bullhead_1_barrier_leading_fixed_presslight_gat	REAL_TRAIN	53	206.9	100.0	-55.49	32.09	0.82	1237	0.3694	0.2056
bullhead_1_barrier_leading_fixed_presslight_gat	REAL_TRAIN	54	202.1	100.0	-53.69	30.20	0.82	1250	0.4056	0.2111
bullhead_1_barrier_leading_fixed_presslight_gat	REAL_TRAIN	55	196.3	100.0	-51.53	28.02	0.82	1250	0.6833	0.2583
bullhead_1_barrier_leading_fixed_presslight_gat	REAL_TRAIN	56	161.9	100.0	-38.76	15.11	0.81	1275	0.7194	0.2806
bullhead_1_barrier_leading_fixed_presslight_gat	REAL_TRAIN	57	164.7	100.0	-39.80	16.16	0.82	1270	0.7194	0.2806
bullhead_1_barrier_leading_fixed_presslight_gat	REAL_TRAIN	58	164.7	100.0	-39.80	16.16	0.82	1270	0.7194	0.2806
bullhead_1_barrier_leading_fixed_presslight_gat	REAL_TRAIN	59	167.5	100.0	-40.82	17.21	0.81	1267	0.7194	0.2806
bullhead_1_barrier_leading_fixed_presslight_gat	REAL_TRAIN	60	167.2	100.0	-40.73	17.13	0.81	1270	0.7194	0.2806
bullhead_1_barrier_leading_fixed_presslight_gat	REAL_TRAIN	61	170.9	100.0	-42.12	18.49	0.81	1275	0.7194	0.2806
bullhead_1_barrier_leading_fixed_presslight_gat	REAL_TRAIN	62	169.6	100.0	-41.60	17.99	0.81	1272	0.7167	0.2833
bullhead_1_barrier_leading_fixed_presslight_gat	REAL_TRAIN	63	167.1	100.0	-40.70	17.08	0.81	1270	0.7167	0.2833
bullhead_1_barrier_leading_fixed_presslight_gat	REAL_TRAIN	64	168.3	100.0	-41.10	17.48	0.81	1273	0.7167	0.2833
bullhead_1_barrier_leading_fixed_presslight_gat	REAL_TRAIN	65	171.3	100.0	-42.26	18.64	0.82	1273	0.7167	0.2833
bullhead_1_barrier_leading_fixed_presslight_gat	REAL_TRAIN	66	168.4	100.0	-41.15	17.52	0.81	1274	0.7167	0.2833
bullhead_1_barrier_leading_fixed_presslight_gat	REAL_TRAIN	67	171.6	100.0	-42.34	18.74	0.82	1262	0.7167	0.2833
bullhead_1_barrier_leading_fixed_presslight_gat	REAL_TRAIN	68	171.6	100.0	-42.34	18.74	0.82	1262	0.7167	0.2833
bullhead_1_barrier_leading_fixed_presslight_gat	REAL_TRAIN	69	171.6	100.0	-42.34	18.74	0.82	1262	0.7167	0.2833
bullhead_1_barrier_leading_fixed_presslight_gat	REAL_TRAIN	70	171.6	100.0	-42.34	18.74	0.82	1262	0.7167	0.2833
bullhead_1_barrier_leading_fixed_presslight_gat	REAL_TRAIN	71	173.4	100.0	-43.00	19.40	0.82	1267	0.7167	0.2833
bullhead_1_barrier_leading_fixed_presslight_gat	REAL_TRAIN	72	173.4	100.0	-43.00	19.40	0.82	1267	0.7167	0.2833
bullhead_1_barrier_leading_fixed_presslight_gat	REAL_TRAIN	73	171.6	100.0	-42.34	18.74	0.82	1262	0.7167	0.2833
bullhead_1_barrier_leading_fixed_presslight_gat	REAL_TRAIN	74	173.4	100.0	-43.00	19.40	0.82	1267	0.7167	0.2833
bullhead_1_barrier_leading_fixed_presslight_gat	REAL_TRAIN	75	172.3	100.0	-42.61	19.00	0.82	1266	0.7167	0.2833
bullhead_1_barrier_leading_fixed_presslight_gat	REAL_TRAIN	76	171.9	100.0	-42.45	18.86	0.81	1269	0.7167	0.2833
bullhead_1_barrier_leading_fixed_presslight_gat	REAL_TRAIN	77	167.5	100.0	-40.82	17.21	0.81	1267	0.7194	0.2806
bullhead_1_barrier_leading_fixed_presslight_gat	REAL_TRAIN	78	172.1	100.0	-42.54	18.95	0.82	1265	0.7167	0.2833
bullhead_1_barrier_leading_fixed_presslight_gat	REAL_TRAIN	79	167.5	100.0	-40.82	17.21	0.81	1267	0.7194	0.2806
bullhead_1_barrier_leading_fixed_presslight_gat	REAL_TRAIN	80	166.1	100.0	-40.33	16.74	0.81	1275	0.7194	0.2806
bullhead_1_barrier_leading_fixed_presslight_gat	REAL_TRAIN	81	165.1	100.0	-39.90	16.29	0.82	1275	0.7167	0.2833
bullhead_1_barrier_leading_fixed_presslight_gat	REAL_TRAIN	82	165.6	100.0	-41.73	18.03	0.81	1320	0.6972	0.2806
bullhead_1_barrier_leading_fixed_presslight_gat	REAL_TRAIN	83	167.4	100.0	-40.78	17.17	0.81	1269	0.7194	0.2806
bullhead_1_barrier_leading_fixed_presslight_gat	REAL_TRAIN	84	164.1	100.0	-39.57	15.94	0.81	1279	0.7167	0.2833
bullhead_1_barrier_leading_fixed_presslight_gat	REAL_TRAIN	85	162.0	100.0	-40.26	16.51	0.82	1319	0.7056	0.2833
bullhead_1_barrier_leading_fixed_presslight_gat	REAL_TRAIN	86	167.4	100.0	-40.77	17.16	0.82	1270	0.7167	0.2833
bullhead_1_barrier_leading_fixed_presslight_gat	REAL_TRAIN	87	171.7	100.0	-42.38	18.75	0.82	1272	0.7167	0.2833
bullhead_1_barrier_leading_fixed_presslight_gat	REAL_TRAIN	88	164.0	100.0	-42.24	18.41	0.83	1358	0.7000	0.2778
bullhead_1_barrier_leading_fixed_presslight_gat	REAL_TRAIN	89	152.3	100.0	-37.73	13.86	0.78	1359	0.6250	0.2583
bullhead_1_barrier_leading_fixed_presslight_gat	REAL_TRAIN	90	151.7	100.0	-37.39	13.49	0.76	1374	0.6083	0.2500
bullhead_1_barrier_leading_fixed_presslight_gat	REAL_TRAIN	91	152.5	100.0	-37.77	13.87	0.77	1364	0.6167	0.2556
bullhead_1_barrier_leading_fixed_presslight_gat	REAL_TRAIN	92	156.5	100.0	-39.30	15.46	0.78	1370	0.6389	0.2639
bullhead_1_barrier_leading_fixed_presslight_gat	REAL_TRAIN	93	152.5	100.0	-37.77	13.87	0.77	1364	0.6222	0.2556
bullhead_1_barrier_leading_fixed_presslight_gat	REAL_TRAIN	94	151.8	100.0	-37.44	13.57	0.76	1374	0.6028	0.2500
bullhead_1_barrier_leading_fixed_presslight_gat	REAL_TRAIN	95	152.0	100.0	-37.52	13.63	0.77	1372	0.6111	0.2556
bullhead_1_barrier_leading_fixed_presslight_gat	REAL_TRAIN	96	158.7	100.0	-40.20	16.38	0.81	1357	0.6667	0.2694
bullhead_1_barrier_leading_fixed_presslight_gat	REAL_TRAIN	97	151.3	100.0	-37.23	13.33	0.76	1374	0.5889	0.2472
bullhead_1_barrier_leading_fixed_presslight_gat	REAL_TRAIN	98	151.5	100.0	-37.32	13.42	0.75	1374	0.5750	0.2500
bullhead_1_barrier_leading_fixed_presslight_gat	REAL_TRAIN	99	151.2	100.0	-37.21	13.32	0.75	1372	0.5556	0.2417
