bullhead_1_combine4_presslight_latent_observation	REAL_TEST	2	292.1	100.0	-87.25	37.65	2.06	1172
bullhead_1_combine4_presslight_latent_observation	REAL_TEST	4	2017.7	100.0	-457.07	320.83	2.03	188
bullhead_1_combine4_presslight_latent_observation	REAL_TEST	6	292.1	100.0	-87.25	72.70	2.29	1172
bullhead_1_combine4_presslight_latent_observation	REAL_TEST	8	292.1	100.0	-87.25	44.04	1.22	1172
bullhead_1_combine4_presslight_latent_observation	REAL_TEST	10	292.1	100.0	-87.25	72.93	2.52	1172
bullhead_1_combine4_presslight_latent_observation	REAL_TEST	12	292.1	100.0	-87.25	69.36	2.06	1172
bullhead_1_combine4_presslight_latent_observation	REAL_TEST	14	292.1	100.0	-87.25	31.18	1.34	1172
bullhead_1_combine4_presslight_latent_observation	REAL_TEST	16	220.4	100.0	-60.59	41.64	2.06	1226
bullhead_1_combine4_presslight_latent_observation	REAL_TEST	18	208.4	100.0	-55.99	39.65	2.08	1238
bullhead_1_combine4_presslight_latent_observation	REAL_TEST	20	208.7	100.0	-56.21	43.68	2.42	1236
bullhead_1_combine4_presslight_latent_observation	REAL_TEST	22	212.0	100.0	-57.47	38.00	1.88	1238
bullhead_1_combine4_presslight_latent_observation	REAL_TEST	24	213.1	100.0	-57.87	37.75	1.98	1237
bullhead_1_combine4_presslight_latent_observation	REAL_TEST	26	206.4	100.0	-55.36	17.77	1.88	1237
bullhead_1_combine4_presslight_latent_observation	REAL_TEST	28	155.2	100.0	-36.22	14.04	1.41	1279
bullhead_1_combine4_presslight_latent_observation	REAL_TEST	30	282.3	100.0	-83.62	66.24	2.23	1180
bullhead_1_combine4_presslight_latent_observation	REAL_TEST	32	206.2	100.0	-55.25	41.11	2.36	1238
bullhead_1_combine4_presslight_latent_observation	REAL_TEST	34	240.3	100.0	-67.95	20.21	2.04	1211
bullhead_1_combine4_presslight_latent_observation	REAL_TEST	36	159.5	100.0	-37.86	20.69	1.75	1278
bullhead_1_combine4_presslight_latent_observation	REAL_TEST	38	211.5	100.0	-57.16	39.05	1.90	1240
bullhead_1_combine4_presslight_latent_observation	REAL_TEST	40	209.1	100.0	-56.38	17.49	1.57	1234
bullhead_1_combine4_presslight_latent_observation	REAL_TEST	42	230.5	100.0	-64.30	40.76	1.40	1219
bullhead_1_combine4_presslight_latent_observation	REAL_TEST	44	155.8	100.0	-36.47	18.28	1.83	1277
bullhead_1_combine4_presslight_latent_observation	REAL_TEST	46	225.5	100.0	-62.48	37.49	1.19	1221
bullhead_1_combine4_presslight_latent_observation	REAL_TEST	48	194.4	100.0	-50.87	21.34	2.35	1246
bullhead_1_combine4_presslight_latent_observation	REAL_TEST	50	147.6	100.0	-34.38	20.48	2.28	1314
bullhead_1_combine4_presslight_latent_observation	REAL_TEST	52	197.1	100.0	-51.83	37.98	2.45	1234
bullhead_1_combine4_presslight_latent_observation	REAL_TEST	54	583.2	100.0	-199.63	69.55	1.66	953
bullhead_1_combine4_presslight_latent_observation	REAL_TEST	56	240.5	100.0	-68.01	54.92	2.44	1212
bullhead_1_combine4_presslight_latent_observation	REAL_TEST	58	240.5	100.0	-68.03	47.51	1.68	1212
bullhead_1_combine4_presslight_latent_observation	REAL_TEST	60	235.9	100.0	-66.31	45.47	1.66	1217
bullhead_1_combine4_presslight_latent_observation	REAL_TEST	62	177.6	100.0	-44.46	26.14	2.32	1275
bullhead_1_combine4_presslight_latent_observation	REAL_TEST	64	693.1	100.0	-227.28	12.45	1.24	876
bullhead_1_combine4_presslight_latent_observation	REAL_TEST	66	240.8	100.0	-68.13	54.21	2.18	1211
bullhead_1_combine4_presslight_latent_observation	REAL_TEST	68	208.3	100.0	-56.07	41.10	2.25	1238
bullhead_1_combine4_presslight_latent_observation	REAL_TEST	70	209.4	100.0	-56.49	32.03	1.50	1234
bullhead_1_combine4_presslight_latent_observation	REAL_TEST	72	289.8	100.0	-86.42	32.94	1.43	1176
bullhead_1_combine4_presslight_latent_observation	REAL_TEST	74	156.9	100.0	-36.90	23.01	2.32	1277
bullhead_1_combine4_presslight_latent_observation	REAL_TEST	76	164.8	100.0	-39.87	21.64	1.97	1272
bullhead_1_combine4_presslight_latent_observation	REAL_TEST	78	171.5	100.0	-42.37	16.27	1.21	1266
bullhead_1_combine4_presslight_latent_observation	REAL_TEST	80	200.8	100.0	-53.26	21.99	2.02	1254
bullhead_1_combine4_presslight_latent_observation	REAL_TEST	82	240.7	100.0	-68.10	41.34	0.93	1211
bullhead_1_combine4_presslight_latent_observation	REAL_TEST	84	147.6	100.0	-34.40	16.39	1.37	1318
bullhead_1_combine4_presslight_latent_observation	REAL_TEST	86	162.1	100.0	-39.81	25.45	2.10	1316
bullhead_1_combine4_presslight_latent_observation	REAL_TEST	88	292.1	100.0	-87.25	10.17	0.93	1172
bullhead_1_combine4_presslight_latent_observation	REAL_TEST	90	240.6	100.0	-68.05	43.74	1.22	1213
bullhead_1_combine4_presslight_latent_observation	REAL_TEST	92	208.7	100.0	-56.23	22.87	1.58	1237
bullhead_1_combine4_presslight_latent_observation	REAL_TEST	94	166.8	100.0	-40.60	17.96	1.32	1266
bullhead_1_combine4_presslight_latent_observation	REAL_TEST	96	218.1	100.0	-59.69	40.43	1.91	1228
bullhead_1_combine4_presslight_latent_observation	REAL_TEST	98	924.1	100.0	-271.16	262.43	2.49	714
bullhead_1_combine4_presslight_latent_observation	REAL_TEST	100	162.4	100.0	-38.97	26.95	2.42	1272
bullhead_1_combine4_presslight_latent_observation	REAL_TEST	102	153.3	100.0	-36.53	22.09	2.25	1308
bullhead_1_combine4_presslight_latent_observation	REAL_TEST	104	170.8	100.0	-43.06	15.54	1.73	1293
bullhead_1_combine4_presslight_latent_observation	REAL_TEST	106	141.1	100.0	-31.82	13.65	1.41	1322
bullhead_1_combine4_presslight_latent_observation	REAL_TEST	108	221.9	100.0	-63.07	34.31	2.21	1250
bullhead_1_combine4_presslight_latent_observation	REAL_TEST	110	153.9	100.0	-36.32	23.95	2.36	1296
bullhead_1_combine4_presslight_latent_observation	REAL_TEST	112	924.1	100.0	-271.16	179.06	2.03	714
bullhead_1_combine4_presslight_latent_observation	REAL_TEST	114	292.1	100.0	-87.25	27.63	1.02	1172
bullhead_1_combine4_presslight_latent_observation	REAL_TEST	116	161.2	100.0	-38.46	18.05	1.67	1269
bullhead_1_combine4_presslight_latent_observation	REAL_TEST	118	156.2	100.0	-36.88	20.12	1.81	1281
bullhead_1_combine4_presslight_latent_observation	REAL_TEST	120	143.7	100.0	-32.94	21.67	2.33	1314
bullhead_1_combine4_presslight_latent_observation	REAL_TEST	122	145.0	100.0	-33.42	20.23	2.23	1321
bullhead_1_combine4_presslight_latent_observation	REAL_TEST	124	195.8	100.0	-52.29	13.39	1.31	1263
bullhead_1_combine4_presslight_latent_observation	REAL_TEST	126	158.8	100.0	-37.73	20.27	1.83	1283
bullhead_1_combine4_presslight_latent_observation	REAL_TEST	128	194.2	100.0	-51.46	15.54	1.68	1269
bullhead_1_combine4_presslight_latent_observation	REAL_TEST	130	203.2	100.0	-54.16	14.04	1.42	1246
bullhead_1_combine4_presslight_latent_observation	REAL_TEST	132	150.7	100.0	-35.15	20.41	2.21	1296
bullhead_1_combine4_presslight_latent_observation	REAL_TEST	134	149.8	100.0	-35.27	13.41	1.35	1319
bullhead_1_combine4_presslight_latent_observation	REAL_TEST	136	173.7	100.0	-44.39	16.52	1.81	1309
bullhead_1_combine4_presslight_latent_observation	REAL_TEST	138	141.5	100.0	-32.05	19.03	2.25	1322
bullhead_1_combine4_presslight_latent_observation	REAL_TEST	140	152.2	100.0	-36.02	13.40	1.34	1313
bullhead_1_combine4_presslight_latent_observation	REAL_TEST	142	160.5	100.0	-38.19	25.91	2.48	1282
bullhead_1_combine4_presslight_latent_observation	REAL_TEST	144	176.6	100.0	-45.60	28.11	1.81	1287
bullhead_1_combine4_presslight_latent_observation	REAL_TEST	146	143.2	100.0	-32.73	21.91	2.34	1319
bullhead_1_combine4_presslight_latent_observation	REAL_TEST	148	890.0	100.0	-264.43	12.27	1.22	730
bullhead_1_combine4_presslight_latent_observation	REAL_TEST	150	147.4	100.0	-34.40	22.67	2.30	1309
bullhead_1_combine4_presslight_latent_observation	REAL_TEST	152	229.1	100.0	-66.15	46.70	1.79	1267
bullhead_1_combine4_presslight_latent_observation	REAL_TEST	154	146.7	100.0	-34.05	14.29	1.11	1318
bullhead_1_combine4_presslight_latent_observation	REAL_TEST	156	142.8	100.0	-32.54	21.47	2.53	1323
bullhead_1_combine4_presslight_latent_observation	REAL_TEST	158	163.0	100.0	-40.37	23.80	1.77	1312
bullhead_1_combine4_presslight_latent_observation	REAL_TEST	160	143.5	100.0	-32.73	21.56	2.46	1318
bullhead_1_combine4_presslight_latent_observation	REAL_TEST	162	223.2	100.0	-63.33	43.69	1.70	1257
bullhead_1_combine4_presslight_latent_observation	REAL_TEST	164	149.4	100.0	-34.94	10.22	0.98	1317
bullhead_1_combine4_presslight_latent_observation	REAL_TEST	166	167.5	100.0	-42.05	23.19	2.12	1273
bullhead_1_combine4_presslight_latent_observation	REAL_TEST	168	574.5	100.0	-196.25	128.91	2.25	980
bullhead_1_combine4_presslight_latent_observation	REAL_TEST	170	174.1	100.0	-44.61	32.52	2.45	1297
bullhead_1_combine4_presslight_latent_observation	REAL_TEST	172	192.1	100.0	-51.53	30.77	1.66	1278
bullhead_1_combine4_presslight_latent_observation	REAL_TEST	174	150.1	100.0	-35.32	13.91	1.39	1307
bullhead_1_combine4_presslight_latent_observation	REAL_TEST	176	143.3	100.0	-32.80	22.41	2.45	1319
bullhead_1_combine4_presslight_latent_observation	REAL_TEST	178	210.3	100.0	-57.56	32.29	1.49	1250
bullhead_1_combine4_presslight_latent_observation	REAL_TEST	180	149.6	100.0	-35.16	21.59	2.27	1321
bullhead_1_combine4_presslight_latent_observation	REAL_TEST	182	156.7	100.0	-37.91	11.76	1.23	1317
bullhead_1_combine4_presslight_latent_observation	REAL_TEST	184	200.5	100.0	-53.44	4.10	0.36	1247
bullhead_1_combine4_presslight_latent_observation	REAL_TEST	186	143.6	100.0	-32.82	16.42	1.61	1322
bullhead_1_combine4_presslight_latent_observation	REAL_TEST	188	163.2	100.0	-39.78	19.70	1.55	1296
bullhead_1_combine4_presslight_latent_observation	REAL_TEST	190	148.1	100.0	-34.56	16.35	1.53	1310
bullhead_1_combine4_presslight_latent_observation	REAL_TEST	192	148.7	100.0	-34.87	18.61	1.99	1319
bullhead_1_combine4_presslight_latent_observation	REAL_TEST	194	146.4	100.0	-33.98	16.05	1.50	1316
bullhead_1_combine4_presslight_latent_observation	REAL_TEST	196	155.0	100.0	-36.97	21.62	2.26	1311
bullhead_1_combine4_presslight_latent_observation	REAL_TEST	198	146.9	100.0	-34.29	17.26	1.77	1320
