bullhead_3_setting4_presslight_ugat	SIM_TEST	0	127.5	100.0	-2.38	2.89	0.56	4301
bullhead_3_setting4_presslight_ugat	REAL_TRAIN	0	1004.5	100.0	-280.54	182.06	0.83	939
bullhead_3_setting4_presslight_ugat	SIM_TRAIN	0	387.0	0.0	-61.45	30.97	0.53	3683
bullhead_3_setting4_presslight_ugat	SIM_TEST	1	127.4	100.0	-2.07	2.89	0.56	4302
bullhead_3_setting4_presslight_ugat	REAL_TRAIN	1	1004.5	100.0	-280.54	182.06	0.83	939
bullhead_3_setting4_presslight_ugat	SIM_TRAIN	0	342.4	0.0	-57.55	67.81	0.73	3948
bullhead_3_setting4_presslight_ugat	SIM_TEST	2	127.8	100.0	-2.78	3.06	0.57	4300
bullhead_3_setting4_presslight_ugat	REAL_TRAIN	2	1004.5	100.0	-280.54	182.06	0.83	939
bullhead_3_setting4_presslight_ugat	SIM_TRAIN	0	386.7	370.9	-89.54	87.77	0.83	3868
bullhead_3_setting4_presslight_ugat	SIM_TEST	3	173.0	100.0	-25.68	12.41	0.70	4204
bullhead_3_setting4_presslight_ugat	REAL_TRAIN	3	488.8	100.0	-112.09	70.19	0.74	2042
bullhead_3_setting4_presslight_ugat	SIM_TRAIN	0	248.6	446.2	-79.14	41.69	0.81	4071
bullhead_3_setting4_presslight_ugat	SIM_TEST	4	363.5	100.0	-107.32	35.88	0.78	3523
bullhead_3_setting4_presslight_ugat	REAL_TRAIN	4	622.9	100.0	-198.74	101.42	0.81	1466
bullhead_3_setting4_presslight_ugat	SIM_TRAIN	0	383.9	541.3	-150.20	87.91	0.83	3700
bullhead_3_setting4_presslight_ugat	SIM_TEST	5	371.8	100.0	-68.67	27.83	0.78	3544
bullhead_3_setting4_presslight_ugat	REAL_TRAIN	5	262.8	100.0	-102.94	28.07	0.69	2355
bullhead_3_setting4_presslight_ugat	SIM_TRAIN	0	333.1	519.3	-56.30	66.54	0.78	3960
bullhead_3_setting4_presslight_ugat	SIM_TEST	6	394.8	100.0	-62.17	28.18	0.76	3530
bullhead_3_setting4_presslight_ugat	REAL_TRAIN	6	369.5	100.0	-104.92	47.23	0.71	2167
bullhead_3_setting4_presslight_ugat	SIM_TRAIN	0	179.0	466.9	-29.03	16.79	0.74	4223
bullhead_3_setting4_presslight_ugat	SIM_TEST	7	181.1	100.0	-22.82	16.84	0.72	4206
bullhead_3_setting4_presslight_ugat	REAL_TRAIN	7	495.1	100.0	-101.52	69.00	0.72	2042
bullhead_3_setting4_presslight_ugat	SIM_TRAIN	0	174.9	464.2	-23.25	14.78	0.72	4215
bullhead_3_setting4_presslight_ugat	SIM_TEST	8	174.6	100.0	-24.13	14.45	0.70	4208
bullhead_3_setting4_presslight_ugat	REAL_TRAIN	8	472.3	100.0	-106.22	65.66	0.73	2039
bullhead_3_setting4_presslight_ugat	SIM_TRAIN	0	331.8	416.6	-52.13	63.66	0.76	3963
bullhead_3_setting4_presslight_ugat	SIM_TEST	9	181.0	100.0	-26.46	15.69	0.71	4194
bullhead_3_setting4_presslight_ugat	REAL_TRAIN	9	293.5	100.0	-97.40	34.00	0.71	2288
bullhead_3_setting4_presslight_ugat	SIM_TRAIN	0	176.8	378.7	-27.46	15.82	0.73	4210
bullhead_3_setting4_presslight_ugat	SIM_TEST	10	176.3	100.0	-29.30	14.24	0.69	4200
bullhead_3_setting4_presslight_ugat	REAL_TRAIN	10	413.6	100.0	-109.74	57.32	0.74	2101
bullhead_3_setting4_presslight_ugat	SIM_TRAIN	0	167.7	383.2	-30.69	14.42	0.74	4234
bullhead_3_setting4_presslight_ugat	SIM_TEST	11	169.8	100.0	-25.87	12.65	0.71	4212
bullhead_3_setting4_presslight_ugat	REAL_TRAIN	11	404.3	100.0	-99.40	52.91	0.71	2166
bullhead_3_setting4_presslight_ugat	SIM_TRAIN	0	298.3	352.9	-50.93	55.46	0.77	3986
bullhead_3_setting4_presslight_ugat	SIM_TEST	12	164.7	100.0	-26.40	13.96	0.70	4234
bullhead_3_setting4_presslight_ugat	REAL_TRAIN	12	401.0	100.0	-100.06	54.33	0.71	2143
bullhead_3_setting4_presslight_ugat	SIM_TRAIN	0	148.1	345.1	-19.35	10.50	0.71	4278
bullhead_3_setting4_presslight_ugat	SIM_TEST	13	158.9	100.0	-26.07	12.24	0.70	4236
bullhead_3_setting4_presslight_ugat	REAL_TRAIN	13	219.4	100.0	-74.59	19.52	0.64	2608
bullhead_3_setting4_presslight_ugat	SIM_TRAIN	0	138.4	313.5	-14.86	7.36	0.68	4283
bullhead_3_setting4_presslight_ugat	SIM_TEST	14	175.7	100.0	-19.75	18.59	0.70	4223
bullhead_3_setting4_presslight_ugat	REAL_TRAIN	14	465.7	100.0	-103.07	65.03	0.72	2068
bullhead_3_setting4_presslight_ugat	SIM_TRAIN	0	306.5	225.0	-44.58	61.63	0.71	3999
bullhead_3_setting4_presslight_ugat	SIM_TEST	15	321.1	100.0	-23.35	62.70	0.61	4057
bullhead_3_setting4_presslight_ugat	REAL_TRAIN	15	430.7	100.0	-106.84	59.21	0.73	2115
bullhead_3_setting4_presslight_ugat	SIM_TRAIN	0	144.3	124.1	-11.82	9.42	0.63	4286
bullhead_3_setting4_presslight_ugat	SIM_TEST	16	172.4	100.0	-17.78	14.61	0.67	4220
bullhead_3_setting4_presslight_ugat	REAL_TRAIN	16	527.8	100.0	-106.84	75.01	0.73	2001
bullhead_3_setting4_presslight_ugat	SIM_TRAIN	0	144.9	111.5	-12.16	9.75	0.66	4290
bullhead_3_setting4_presslight_ugat	SIM_TEST	17	255.2	100.0	-35.88	14.86	0.64	3781
bullhead_3_setting4_presslight_ugat	REAL_TRAIN	17	455.0	100.0	-107.83	62.54	0.73	2098
bullhead_3_setting4_presslight_ugat	SIM_TRAIN	0	148.9	112.8	-17.76	10.39	0.64	4295
bullhead_3_setting4_presslight_ugat	SIM_TEST	18	136.1	100.0	-11.08	6.56	0.65	4290
bullhead_3_setting4_presslight_ugat	REAL_TRAIN	18	483.2	100.0	-101.66	68.26	0.71	2077
bullhead_3_setting4_presslight_ugat	SIM_TRAIN	0	171.1	106.3	-44.80	17.14	0.76	4239
bullhead_3_setting4_presslight_ugat	SIM_TEST	19	154.9	100.0	-10.78	11.66	0.62	4265
bullhead_3_setting4_presslight_ugat	REAL_TRAIN	19	486.9	100.0	-109.72	70.83	0.72	2047
bullhead_3_setting4_presslight_ugat	SIM_TRAIN	0	281.3	96.1	-39.70	52.97	0.70	4023
bullhead_3_setting4_presslight_ugat	SIM_TEST	20	138.1	100.0	-15.12	7.25	0.66	4287
bullhead_3_setting4_presslight_ugat	REAL_TRAIN	20	1494.9	100.0	-351.12	227.44	0.88	549
bullhead_3_setting4_presslight_ugat	SIM_TRAIN	0	137.0	87.0	-10.92	6.80	0.66	4297
bullhead_3_setting4_presslight_ugat	SIM_TEST	21	343.4	100.0	-42.30	17.33	0.68	3643
bullhead_3_setting4_presslight_ugat	REAL_TRAIN	21	307.7	100.0	-118.75	36.81	0.74	2227
bullhead_3_setting4_presslight_ugat	SIM_TRAIN	0	136.5	79.1	-10.23	6.59	0.65	4292
bullhead_3_setting4_presslight_ugat	SIM_TEST	22	154.4	100.0	-26.56	10.28	0.65	4255
bullhead_3_setting4_presslight_ugat	REAL_TRAIN	22	1048.7	100.0	-289.24	173.76	0.85	911
bullhead_3_setting4_presslight_ugat	SIM_TRAIN	0	144.3	72.2	-14.09	7.58	0.67	4272
bullhead_3_setting4_presslight_ugat	SIM_TEST	23	137.1	100.0	-13.92	6.97	0.64	4287
bullhead_3_setting4_presslight_ugat	REAL_TRAIN	23	440.1	100.0	-115.49	62.52	0.76	2114
bullhead_3_setting4_presslight_ugat	SIM_TRAIN	0	138.4	65.5	-15.24	6.89	0.66	4286
bullhead_3_setting4_presslight_ugat	SIM_TEST	24	136.2	100.0	-9.42	5.39	0.63	4287
bullhead_3_setting4_presslight_ugat	REAL_TRAIN	24	1587.1	100.0	-349.61	250.74	0.89	448
bullhead_3_setting4_presslight_ugat	SIM_TRAIN	0	133.3	62.9	-7.94	5.49	0.65	4296
bullhead_3_setting4_presslight_ugat	SIM_TEST	25	135.7	100.0	-9.60	6.32	0.66	4291
bullhead_3_setting4_presslight_ugat	REAL_TRAIN	25	393.3	100.0	-112.49	53.20	0.73	2217
bullhead_3_setting4_presslight_ugat	SIM_TRAIN	0	136.6	61.6	-10.51	6.74	0.66	4291
bullhead_3_setting4_presslight_ugat	SIM_TEST	26	135.8	100.0	-11.04	5.79	0.61	4292
bullhead_3_setting4_presslight_ugat	REAL_TRAIN	26	1668.4	100.0	-378.04	281.57	0.91	397
bullhead_3_setting4_presslight_ugat	SIM_TRAIN	0	132.5	59.0	-7.99	4.87	0.64	4297
bullhead_3_setting4_presslight_ugat	SIM_TEST	27	131.2	100.0	-4.72	4.42	0.62	4298
bullhead_3_setting4_presslight_ugat	REAL_TRAIN	27	1375.5	100.0	-361.87	241.82	0.89	706
bullhead_3_setting4_presslight_ugat	SIM_TRAIN	0	132.9	54.7	-8.10	5.28	0.65	4294
bullhead_3_setting4_presslight_ugat	SIM_TEST	28	135.1	100.0	-8.81	6.04	0.65	4291
bullhead_3_setting4_presslight_ugat	REAL_TRAIN	28	1513.5	100.0	-348.91	250.15	0.91	559
bullhead_3_setting4_presslight_ugat	SIM_TRAIN	0	133.9	51.7	-7.02	5.62	0.65	4293
bullhead_3_setting4_presslight_ugat	SIM_TEST	29	132.0	100.0	-8.37	4.69	0.61	4291
bullhead_3_setting4_presslight_ugat	REAL_TRAIN	29	1846.4	100.0	-379.56	266.38	0.91	290
bullhead_3_setting4_presslight_ugat	SIM_TRAIN	0	133.8	48.5	-7.19	5.41	0.62	4297
bullhead_3_setting4_presslight_ugat	SIM_TEST	30	134.3	100.0	-3.70	5.51	0.59	4299
bullhead_3_setting4_presslight_ugat	REAL_TRAIN	30	1298.0	100.0	-335.86	211.36	0.88	701
bullhead_3_setting4_presslight_ugat	SIM_TRAIN	0	131.3	46.7	-5.70	4.50	0.60	4297
bullhead_3_setting4_presslight_ugat	SIM_TEST	31	133.8	100.0	-9.89	5.19	0.59	4292
bullhead_3_setting4_presslight_ugat	REAL_TRAIN	31	1663.9	100.0	-351.04	246.28	0.90	397
bullhead_3_setting4_presslight_ugat	SIM_TRAIN	0	133.1	43.6	-6.14	5.15	0.59	4297
bullhead_3_setting4_presslight_ugat	SIM_TEST	32	135.3	100.0	-12.22	5.58	0.60	4292
bullhead_3_setting4_presslight_ugat	REAL_TRAIN	32	469.5	100.0	-126.84	69.31	0.79	1955
bullhead_3_setting4_presslight_ugat	SIM_TRAIN	0	224.9	39.5	-26.28	39.84	0.68	4105
bullhead_3_setting4_presslight_ugat	SIM_TEST	33	129.7	100.0	-5.49	3.63	0.61	4301
bullhead_3_setting4_presslight_ugat	REAL_TRAIN	33	1610.0	100.0	-345.78	247.63	0.89	469
bullhead_3_setting4_presslight_ugat	SIM_TRAIN	0	128.9	42.3	-4.57	3.46	0.60	4298
bullhead_3_setting4_presslight_ugat	SIM_TEST	34	135.4	100.0	-12.88	5.46	0.65	4287
bullhead_3_setting4_presslight_ugat	REAL_TRAIN	34	418.1	100.0	-120.36	58.67	0.77	2180
bullhead_3_setting4_presslight_ugat	SIM_TRAIN	0	131.1	40.4	-6.63	4.26	0.62	4298
bullhead_3_setting4_presslight_ugat	SIM_TEST	35	131.2	100.0	-6.36	4.27	0.62	4298
bullhead_3_setting4_presslight_ugat	REAL_TRAIN	35	252.7	100.0	-85.48	28.99	0.70	2398
bullhead_3_setting4_presslight_ugat	SIM_TRAIN	0	238.3	39.8	-25.96	43.55	0.66	4118
bullhead_3_setting4_presslight_ugat	SIM_TEST	36	133.8	100.0	-9.44	4.88	0.60	4295
bullhead_3_setting4_presslight_ugat	REAL_TRAIN	36	434.2	100.0	-110.73	64.21	0.75	2154
bullhead_3_setting4_presslight_ugat	SIM_TRAIN	0	133.2	38.6	-6.40	5.00	0.59	4280
bullhead_3_setting4_presslight_ugat	SIM_TEST	37	141.3	100.0	-7.31	8.31	0.62	4290
bullhead_3_setting4_presslight_ugat	REAL_TRAIN	37	511.9	100.0	-116.38	76.95	0.76	2127
bullhead_3_setting4_presslight_ugat	SIM_TRAIN	0	136.5	38.6	-10.50	6.26	0.60	4297
bullhead_3_setting4_presslight_ugat	SIM_TEST	38	138.0	100.0	-9.40	5.37	0.61	4281
bullhead_3_setting4_presslight_ugat	REAL_TRAIN	38	499.7	100.0	-114.02	75.58	0.76	2143
bullhead_3_setting4_presslight_ugat	SIM_TRAIN	0	135.9	39.6	-7.98	6.24	0.60	4276
bullhead_3_setting4_presslight_ugat	SIM_TEST	39	132.3	100.0	-6.38	4.86	0.61	4298
bullhead_3_setting4_presslight_ugat	REAL_TRAIN	39	371.9	100.0	-109.89	51.00	0.75	2329
bullhead_3_setting4_presslight_ugat	SIM_TRAIN	0	332.3	41.3	-35.70	60.73	0.66	3844
bullhead_3_setting4_presslight_ugat	SIM_TEST	40	143.5	100.0	-11.81	9.54	0.67	4283
bullhead_3_setting4_presslight_ugat	REAL_TRAIN	40	369.0	100.0	-109.92	50.05	0.74	2300
bullhead_3_setting4_presslight_ugat	SIM_TRAIN	0	151.2	47.3	-15.41	8.83	0.61	4248
bullhead_3_setting4_presslight_ugat	SIM_TEST	41	155.8	100.0	-13.24	11.50	0.66	4255
bullhead_3_setting4_presslight_ugat	REAL_TRAIN	41	429.5	100.0	-111.06	61.81	0.73	2186
bullhead_3_setting4_presslight_ugat	SIM_TRAIN	0	147.5	52.6	-12.19	8.31	0.64	4277
bullhead_3_setting4_presslight_ugat	SIM_TEST	42	144.7	100.0	-8.83	6.68	0.60	4269
bullhead_3_setting4_presslight_ugat	REAL_TRAIN	42	498.6	100.0	-112.53	67.39	0.70	2201
bullhead_3_setting4_presslight_ugat	SIM_TRAIN	0	133.1	57.9	-7.46	5.17	0.59	4294
bullhead_3_setting4_presslight_ugat	SIM_TEST	43	135.8	100.0	-8.24	6.27	0.57	4292
bullhead_3_setting4_presslight_ugat	REAL_TRAIN	43	1564.0	100.0	-377.65	256.42	0.89	712
bullhead_3_setting4_presslight_ugat	SIM_TRAIN	0	132.3	58.3	-7.11	4.87	0.58	4298
bullhead_3_setting4_presslight_ugat	SIM_TEST	44	1226.6	100.0	-231.96	218.59	0.69	1549
bullhead_3_setting4_presslight_ugat	REAL_TRAIN	44	1295.4	100.0	-365.05	225.38	0.89	933
bullhead_3_setting4_presslight_ugat	SIM_TRAIN	0	132.4	58.0	-7.63	4.73	0.55	4297
bullhead_3_setting4_presslight_ugat	SIM_TEST	45	136.3	100.0	-7.59	5.44	0.57	4284
bullhead_3_setting4_presslight_ugat	REAL_TRAIN	45	1352.6	100.0	-368.81	235.27	0.87	889
bullhead_3_setting4_presslight_ugat	SIM_TRAIN	0	133.9	59.4	-5.68	5.52	0.59	4291
bullhead_3_setting4_presslight_ugat	SIM_TEST	46	132.1	100.0	-6.82	4.43	0.57	4294
bullhead_3_setting4_presslight_ugat	REAL_TRAIN	46	1241.5	100.0	-372.38	209.25	0.88	940
bullhead_3_setting4_presslight_ugat	SIM_TRAIN	0	134.4	56.6	-7.70	5.90	0.60	4283
bullhead_3_setting4_presslight_ugat	SIM_TEST	47	137.1	100.0	-9.25	6.55	0.60	4295
bullhead_3_setting4_presslight_ugat	REAL_TRAIN	47	1270.4	100.0	-367.98	210.06	0.88	759
bullhead_3_setting4_presslight_ugat	SIM_TRAIN	0	132.3	53.7	-5.04	4.96	0.60	4294
bullhead_3_setting4_presslight_ugat	SIM_TEST	48	302.4	100.0	-153.48	58.51	0.66	3765
bullhead_3_setting4_presslight_ugat	REAL_TRAIN	48	1083.4	100.0	-364.02	189.98	0.85	1187
bullhead_3_setting4_presslight_ugat	SIM_TRAIN	0	134.5	54.8	-8.53	5.57	0.59	4295
bullhead_3_setting4_presslight_ugat	SIM_TEST	49	128.9	100.0	-3.96	3.26	0.54	4299
bullhead_3_setting4_presslight_ugat	REAL_TRAIN	49	1625.3	100.0	-375.51	266.39	0.90	583
bullhead_3_setting4_presslight_ugat	SIM_TRAIN	0	131.6	51.7	-6.31	4.31	0.56	4300
bullhead_3_setting4_presslight_ugat	SIM_TEST	50	155.2	100.0	-22.07	8.63	0.59	4253
bullhead_3_setting4_presslight_ugat	REAL_TRAIN	50	1568.9	100.0	-360.67	267.82	0.91	591
bullhead_3_setting4_presslight_ugat	SIM_TRAIN	0	138.7	47.6	-9.62	5.76	0.58	4294
bullhead_3_setting4_presslight_ugat	SIM_TEST	51	140.6	100.0	-11.63	6.08	0.55	4273
bullhead_3_setting4_presslight_ugat	REAL_TRAIN	51	447.0	100.0	-103.58	62.05	0.72	2127
bullhead_3_setting4_presslight_ugat	SIM_TRAIN	0	139.4	46.4	-9.01	5.57	0.60	4279
bullhead_3_setting4_presslight_ugat	SIM_TEST	52	129.8	100.0	-4.13	3.82	0.58	4300
bullhead_3_setting4_presslight_ugat	REAL_TRAIN	52	452.4	100.0	-109.65	64.20	0.75	2098
bullhead_3_setting4_presslight_ugat	SIM_TRAIN	0	129.6	45.4	-3.84	3.80	0.58	4298
bullhead_3_setting4_presslight_ugat	SIM_TEST	53	129.4	100.0	-4.08	3.80	0.57	4298
bullhead_3_setting4_presslight_ugat	REAL_TRAIN	53	482.9	100.0	-120.58	69.77	0.78	2047
bullhead_3_setting4_presslight_ugat	SIM_TRAIN	0	129.0	41.3	-3.66	3.55	0.56	4299
bullhead_3_setting4_presslight_ugat	SIM_TEST	54	132.2	100.0	-6.51	4.93	0.57	4295
bullhead_3_setting4_presslight_ugat	REAL_TRAIN	54	333.2	100.0	-104.41	41.84	0.73	2339
bullhead_3_setting4_presslight_ugat	SIM_TRAIN	0	238.5	37.9	-24.12	42.35	0.66	4106
bullhead_3_setting4_presslight_ugat	SIM_TEST	55	129.6	100.0	-4.20	3.37	0.52	4300
bullhead_3_setting4_presslight_ugat	REAL_TRAIN	55	363.5	100.0	-105.20	45.88	0.72	2291
bullhead_3_setting4_presslight_ugat	SIM_TRAIN	0	128.8	39.0	-2.84	3.24	0.54	4303
bullhead_3_setting4_presslight_ugat	SIM_TEST	56	127.9	100.0	-2.63	2.92	0.53	4296
bullhead_3_setting4_presslight_ugat	REAL_TRAIN	56	341.5	100.0	-104.54	41.87	0.73	2291
bullhead_3_setting4_presslight_ugat	SIM_TRAIN	0	128.6	36.5	-3.19	3.29	0.56	4302
bullhead_3_setting4_presslight_ugat	SIM_TEST	57	127.6	100.0	-2.42	2.98	0.57	4300
bullhead_3_setting4_presslight_ugat	REAL_TRAIN	57	287.2	100.0	-89.51	31.80	0.68	2420
bullhead_3_setting4_presslight_ugat	SIM_TRAIN	0	136.7	34.4	-5.68	6.93	0.57	4255
bullhead_3_setting4_presslight_ugat	SIM_TEST	58	149.5	100.0	-12.14	8.27	0.59	4260
bullhead_3_setting4_presslight_ugat	REAL_TRAIN	58	233.3	100.0	-65.40	17.90	0.67	2785
bullhead_3_setting4_presslight_ugat	SIM_TRAIN	0	129.2	35.0	-3.26	3.71	0.55	4302
bullhead_3_setting4_presslight_ugat	SIM_TEST	59	127.3	100.0	-1.59	2.91	0.54	4300
bullhead_3_setting4_presslight_ugat	REAL_TRAIN	59	364.6	100.0	-111.20	46.46	0.74	2198
bullhead_3_setting4_presslight_ugat	SIM_TRAIN	0	129.5	33.5	-3.36	3.80	0.56	4300
bullhead_3_setting4_presslight_ugat	SIM_TEST	60	128.5	100.0	-1.86	3.29	0.53	4301
bullhead_3_setting4_presslight_ugat	REAL_TRAIN	60	365.2	100.0	-105.41	47.89	0.72	2274
bullhead_3_setting4_presslight_ugat	SIM_TRAIN	0	294.2	32.3	-36.25	59.69	0.69	4047
bullhead_3_setting4_presslight_ugat	SIM_TEST	61	127.4	100.0	-1.86	2.74	0.49	4301
bullhead_3_setting4_presslight_ugat	REAL_TRAIN	61	389.7	100.0	-116.07	51.43	0.74	2141
bullhead_3_setting4_presslight_ugat	SIM_TRAIN	0	128.5	35.1	-2.17	3.20	0.53	4300
bullhead_3_setting4_presslight_ugat	SIM_TEST	62	135.2	100.0	-6.40	6.12	0.54	4292
bullhead_3_setting4_presslight_ugat	REAL_TRAIN	62	337.6	100.0	-109.42	41.10	0.69	2270
bullhead_3_setting4_presslight_ugat	SIM_TRAIN	0	129.3	32.9	-3.03	3.58	0.53	4300
bullhead_3_setting4_presslight_ugat	SIM_TEST	63	129.0	100.0	-2.68	3.54	0.54	4298
bullhead_3_setting4_presslight_ugat	REAL_TRAIN	63	219.2	100.0	-62.05	17.49	0.64	2707
bullhead_3_setting4_presslight_ugat	SIM_TRAIN	0	129.8	31.7	-2.85	3.77	0.53	4300
bullhead_3_setting4_presslight_ugat	SIM_TEST	64	128.3	100.0	-2.33	3.20	0.54	4298
bullhead_3_setting4_presslight_ugat	REAL_TRAIN	64	361.5	100.0	-99.90	46.03	0.70	2238
bullhead_3_setting4_presslight_ugat	SIM_TRAIN	0	278.4	33.5	-31.37	58.25	0.68	4118
bullhead_3_setting4_presslight_ugat	SIM_TEST	65	127.6	100.0	-2.30	3.00	0.55	4302
bullhead_3_setting4_presslight_ugat	REAL_TRAIN	65	331.0	100.0	-97.15	39.91	0.69	2273
bullhead_3_setting4_presslight_ugat	SIM_TRAIN	0	128.5	37.1	-2.19	3.23	0.53	4297
bullhead_3_setting4_presslight_ugat	SIM_TEST	66	133.6	100.0	-7.83	4.61	0.52	4280
bullhead_3_setting4_presslight_ugat	REAL_TRAIN	66	387.2	100.0	-104.73	49.26	0.71	2193
bullhead_3_setting4_presslight_ugat	SIM_TRAIN	0	127.9	36.4	-1.77	3.03	0.52	4299
bullhead_3_setting4_presslight_ugat	SIM_TEST	67	127.7	100.0	-1.36	2.95	0.53	4300
bullhead_3_setting4_presslight_ugat	REAL_TRAIN	67	360.5	100.0	-98.80	44.68	0.70	2269
bullhead_3_setting4_presslight_ugat	SIM_TRAIN	0	128.7	35.7	-2.61	3.33	0.54	4300
bullhead_3_setting4_presslight_ugat	SIM_TEST	68	128.1	100.0	-3.40	3.24	0.57	4299
bullhead_3_setting4_presslight_ugat	REAL_TRAIN	68	290.8	100.0	-93.63	32.18	0.64	2306
bullhead_3_setting4_presslight_ugat	SIM_TRAIN	0	128.5	32.8	-2.78	3.15	0.54	4301
bullhead_3_setting4_presslight_ugat	SIM_TEST	69	132.2	100.0	-7.45	4.53	0.54	4290
bullhead_3_setting4_presslight_ugat	REAL_TRAIN	69	320.9	100.0	-98.51	37.39	0.67	2241
bullhead_3_setting4_presslight_ugat	SIM_TRAIN	0	129.4	30.7	-3.12	3.64	0.57	4299
bullhead_3_setting4_presslight_ugat	SIM_TEST	70	129.8	100.0	-2.89	3.61	0.53	4299
bullhead_3_setting4_presslight_ugat	REAL_TRAIN	70	333.5	100.0	-100.72	39.67	0.68	2239
bullhead_3_setting4_presslight_ugat	SIM_TRAIN	0	129.9	30.8	-2.60	3.90	0.57	4298
bullhead_3_setting4_presslight_ugat	SIM_TEST	71	129.7	100.0	-3.95	3.76	0.56	4300
bullhead_3_setting4_presslight_ugat	REAL_TRAIN	71	320.7	100.0	-99.16	37.92	0.69	2271
bullhead_3_setting4_presslight_ugat	SIM_TRAIN	0	129.1	31.6	-2.51	3.54	0.56	4302
bullhead_3_setting4_presslight_ugat	SIM_TEST	72	129.3	100.0	-2.78	3.70	0.53	4302
bullhead_3_setting4_presslight_ugat	REAL_TRAIN	72	319.8	100.0	-95.05	37.69	0.69	2292
bullhead_3_setting4_presslight_ugat	SIM_TRAIN	0	132.3	30.6	-2.80	4.74	0.57	4301
bullhead_3_setting4_presslight_ugat	SIM_TEST	73	128.3	100.0	-2.03	3.17	0.52	4301
bullhead_3_setting4_presslight_ugat	REAL_TRAIN	73	337.4	100.0	-102.15	41.11	0.71	2257
bullhead_3_setting4_presslight_ugat	SIM_TRAIN	0	129.1	29.9	-2.49	3.47	0.54	4302
bullhead_3_setting4_presslight_ugat	SIM_TEST	74	128.3	100.0	-3.42	3.26	0.56	4300
bullhead_3_setting4_presslight_ugat	REAL_TRAIN	74	328.4	100.0	-101.91	39.10	0.70	2270
bullhead_3_setting4_presslight_ugat	SIM_TRAIN	0	261.4	28.8	-29.80	51.38	0.67	4107
bullhead_3_setting4_presslight_ugat	SIM_TEST	75	128.3	100.0	-2.00	3.30	0.53	4300
bullhead_3_setting4_presslight_ugat	REAL_TRAIN	75	362.7	100.0	-106.53	44.91	0.72	2187
bullhead_3_setting4_presslight_ugat	SIM_TRAIN	0	128.1	29.6	-1.86	3.21	0.55	4303
bullhead_3_setting4_presslight_ugat	SIM_TEST	76	128.2	100.0	-1.61	3.25	0.54	4297
bullhead_3_setting4_presslight_ugat	REAL_TRAIN	76	340.5	100.0	-105.78	40.72	0.72	2242
bullhead_3_setting4_presslight_ugat	SIM_TRAIN	0	127.9	29.5	-1.58	3.14	0.54	4301
bullhead_3_setting4_presslight_ugat	SIM_TEST	77	128.4	100.0	-2.47	3.18	0.51	4298
bullhead_3_setting4_presslight_ugat	REAL_TRAIN	77	320.1	100.0	-107.79	37.32	0.66	2204
bullhead_3_setting4_presslight_ugat	SIM_TRAIN	0	127.9	29.4	-2.14	3.13	0.54	4299
bullhead_3_setting4_presslight_ugat	SIM_TEST	78	130.1	100.0	-3.19	3.70	0.54	4299
bullhead_3_setting4_presslight_ugat	REAL_TRAIN	78	307.3	100.0	-108.64	35.58	0.66	2213
bullhead_3_setting4_presslight_ugat	SIM_TRAIN	0	127.9	24.6	-2.15	3.21	0.56	4298
bullhead_3_setting4_presslight_ugat	SIM_TEST	79	128.3	100.0	-2.81	3.12	0.54	4299
bullhead_3_setting4_presslight_ugat	REAL_TRAIN	79	276.8	100.0	-106.99	29.75	0.61	2212
bullhead_3_setting4_presslight_ugat	SIM_TRAIN	0	137.5	21.8	-9.69	7.07	0.60	4283
bullhead_3_setting4_presslight_ugat	SIM_TEST	80	127.9	100.0	-3.04	3.09	0.55	4301
bullhead_3_setting4_presslight_ugat	REAL_TRAIN	80	274.5	100.0	-106.50	29.39	0.63	2213
bullhead_3_setting4_presslight_ugat	SIM_TRAIN	0	127.6	24.2	-1.70	2.87	0.53	4301
bullhead_3_setting4_presslight_ugat	SIM_TEST	81	128.4	100.0	-1.98	3.23	0.52	4301
bullhead_3_setting4_presslight_ugat	REAL_TRAIN	81	287.8	100.0	-105.73	32.31	0.62	2240
bullhead_3_setting4_presslight_ugat	SIM_TRAIN	0	128.4	25.1	-2.29	3.02	0.52	4301
bullhead_3_setting4_presslight_ugat	SIM_TEST	82	132.7	100.0	-4.59	4.53	0.50	4296
bullhead_3_setting4_presslight_ugat	REAL_TRAIN	82	235.2	100.0	-66.38	21.41	0.62	2751
bullhead_3_setting4_presslight_ugat	SIM_TRAIN	0	134.1	25.4	-3.93	5.21	0.57	4298
bullhead_3_setting4_presslight_ugat	SIM_TEST	83	127.4	100.0	-1.56	2.78	0.50	4302
bullhead_3_setting4_presslight_ugat	REAL_TRAIN	83	250.8	100.0	-75.95	24.63	0.63	2782
bullhead_3_setting4_presslight_ugat	SIM_TRAIN	0	131.2	26.7	-2.82	4.08	0.53	4294
bullhead_3_setting4_presslight_ugat	SIM_TEST	84	127.6	100.0	-1.91	2.95	0.51	4303
bullhead_3_setting4_presslight_ugat	REAL_TRAIN	84	227.5	100.0	-73.25	21.16	0.65	2745
bullhead_3_setting4_presslight_ugat	SIM_TRAIN	0	132.1	27.0	-2.45	4.66	0.55	4296
bullhead_3_setting4_presslight_ugat	SIM_TEST	85	129.5	100.0	-5.20	3.42	0.52	4294
bullhead_3_setting4_presslight_ugat	REAL_TRAIN	85	249.7	100.0	-73.87	23.58	0.65	2778
bullhead_3_setting4_presslight_ugat	SIM_TRAIN	0	127.5	28.1	-1.40	2.73	0.50	4301
bullhead_3_setting4_presslight_ugat	SIM_TEST	86	127.8	100.0	-2.23	2.93	0.51	4297
bullhead_3_setting4_presslight_ugat	REAL_TRAIN	86	245.5	100.0	-73.42	23.13	0.65	2760
bullhead_3_setting4_presslight_ugat	SIM_TRAIN	0	128.7	29.2	-2.29	3.00	0.52	4296
bullhead_3_setting4_presslight_ugat	SIM_TEST	87	127.0	100.0	-1.15	2.75	0.52	4298
bullhead_3_setting4_presslight_ugat	REAL_TRAIN	87	202.6	100.0	-58.32	14.54	0.61	2786
bullhead_3_setting4_presslight_ugat	SIM_TRAIN	0	128.4	29.5	-2.39	2.92	0.53	4301
bullhead_3_setting4_presslight_ugat	SIM_TEST	88	127.5	100.0	-2.21	3.13	0.56	4299
bullhead_3_setting4_presslight_ugat	REAL_TRAIN	88	196.8	100.0	-56.90	14.16	0.61	2769
bullhead_3_setting4_presslight_ugat	SIM_TRAIN	0	127.8	27.7	-1.24	2.95	0.53	4300
bullhead_3_setting4_presslight_ugat	SIM_TEST	89	127.4	100.0	-2.14	2.81	0.53	4301
bullhead_3_setting4_presslight_ugat	REAL_TRAIN	89	214.6	100.0	-74.27	18.62	0.61	2571
bullhead_3_setting4_presslight_ugat	SIM_TRAIN	0	128.6	24.2	-2.71	3.24	0.54	4304
bullhead_3_setting4_presslight_ugat	SIM_TEST	90	129.6	100.0	-4.67	3.65	0.57	4298
bullhead_3_setting4_presslight_ugat	REAL_TRAIN	90	197.2	100.0	-54.44	14.12	0.62	2786
bullhead_3_setting4_presslight_ugat	SIM_TRAIN	0	272.9	28.9	-26.14	50.24	0.65	4070
bullhead_3_setting4_presslight_ugat	SIM_TEST	91	127.0	100.0	-1.86	2.75	0.54	4302
bullhead_3_setting4_presslight_ugat	REAL_TRAIN	91	200.6	100.0	-56.76	15.51	0.62	2807
bullhead_3_setting4_presslight_ugat	SIM_TRAIN	0	127.7	36.0	-1.53	2.88	0.52	4304
bullhead_3_setting4_presslight_ugat	SIM_TEST	92	128.7	100.0	-3.18	3.26	0.53	4302
bullhead_3_setting4_presslight_ugat	REAL_TRAIN	92	597.3	100.0	-229.11	101.84	0.78	1763
bullhead_3_setting4_presslight_ugat	SIM_TRAIN	0	127.9	36.1	-2.03	2.94	0.54	4303
bullhead_3_setting4_presslight_ugat	SIM_TEST	93	131.3	100.0	-5.86	4.13	0.55	4295
bullhead_3_setting4_presslight_ugat	REAL_TRAIN	93	226.0	100.0	-65.57	20.27	0.63	2721
bullhead_3_setting4_presslight_ugat	SIM_TRAIN	0	129.6	34.4	-2.58	3.57	0.56	4301
bullhead_3_setting4_presslight_ugat	SIM_TEST	94	412.7	100.0	-55.52	90.71	0.70	3142
bullhead_3_setting4_presslight_ugat	REAL_TRAIN	94	273.2	100.0	-81.25	31.07	0.67	2638
bullhead_3_setting4_presslight_ugat	SIM_TRAIN	0	133.1	32.3	-4.09	5.13	0.60	4294
bullhead_3_setting4_presslight_ugat	SIM_TEST	95	130.2	100.0	-3.26	4.28	0.58	4297
bullhead_3_setting4_presslight_ugat	REAL_TRAIN	95	232.7	100.0	-89.19	25.88	0.66	2535
bullhead_3_setting4_presslight_ugat	SIM_TRAIN	0	129.3	35.6	-3.25	3.79	0.59	4301
bullhead_3_setting4_presslight_ugat	SIM_TEST	96	127.4	100.0	-1.44	2.99	0.54	4300
bullhead_3_setting4_presslight_ugat	REAL_TRAIN	96	448.9	100.0	-162.66	68.77	0.76	1849
bullhead_3_setting4_presslight_ugat	SIM_TRAIN	0	127.7	38.4	-2.38	2.95	0.58	4301
bullhead_3_setting4_presslight_ugat	SIM_TEST	97	129.0	100.0	-3.29	3.78	0.60	4291
bullhead_3_setting4_presslight_ugat	REAL_TRAIN	97	403.1	100.0	-162.69	62.47	0.75	2120
bullhead_3_setting4_presslight_ugat	SIM_TRAIN	0	131.6	36.3	-2.84	4.61	0.59	4298
bullhead_3_setting4_presslight_ugat	SIM_TEST	98	126.8	100.0	-1.96	2.74	0.56	4300
bullhead_3_setting4_presslight_ugat	REAL_TRAIN	98	255.8	100.0	-95.89	27.42	0.61	2380
bullhead_3_setting4_presslight_ugat	SIM_TRAIN	0	129.2	36.6	-1.97	3.56	0.57	4297
bullhead_3_setting4_presslight_ugat	SIM_TEST	99	129.9	100.0	-3.18	3.89	0.57	4299
bullhead_3_setting4_presslight_ugat	REAL_TRAIN	99	301.0	100.0	-108.14	36.19	0.69	2392
bullhead_3_setting4_presslight_ugat	SIM_TRAIN	0	129.1	40.7	-2.04	3.57	0.57	4304
