ingolstadt1_combine4_presslight_latent_observation	REAL_TEST	1	126.6	100.0	-6.42	17.77	1.72	1376
ingolstadt1_combine4_presslight_latent_observation	REAL_TEST	2	170.5	100.0	-22.62	30.46	1.91	1112
ingolstadt1_combine4_presslight_latent_observation	REAL_TEST	3	158.2	100.0	-5.92	20.12	1.89	1138
ingolstadt1_combine4_presslight_latent_observation	REAL_TEST	4	157.8	100.0	-6.54	11.00	1.09	1152
ingolstadt1_combine4_presslight_latent_observation	REAL_TEST	5	151.0	100.0	-6.85	21.84	2.06	1159
ingolstadt1_combine4_presslight_latent_observation	REAL_TEST	6	158.2	100.0	-5.92	17.09	1.66	1138
ingolstadt1_combine4_presslight_latent_observation	REAL_TEST	7	171.6	100.0	-5.95	17.05	1.72	1113
ingolstadt1_combine4_presslight_latent_observation	REAL_TEST	8	158.2	100.0	-5.92	21.35	2.14	1138
ingolstadt1_combine4_presslight_latent_observation	REAL_TEST	9	158.2	100.0	-5.92	14.96	1.52	1138
ingolstadt1_combine4_presslight_latent_observation	REAL_TEST	10	158.2	100.0	-5.92	19.12	1.90	1138
ingolstadt1_combine4_presslight_latent_observation	REAL_TEST	11	158.2	100.0	-5.92	14.27	1.56	1138
ingolstadt1_combine4_presslight_latent_observation	REAL_TEST	12	158.2	100.0	-5.92	14.64	1.44	1138
ingolstadt1_combine4_presslight_latent_observation	REAL_TEST	13	158.2	100.0	-5.92	16.70	1.63	1138
ingolstadt1_combine4_presslight_latent_observation	REAL_TEST	14	156.0	100.0	-6.02	18.35	2.01	1162
ingolstadt1_combine4_presslight_latent_observation	REAL_TEST	15	153.4	100.0	-6.55	14.72	1.58	1181
ingolstadt1_combine4_presslight_latent_observation	REAL_TEST	16	156.8	100.0	-6.28	17.45	1.60	1163
ingolstadt1_combine4_presslight_latent_observation	REAL_TEST	17	105.6	100.0	-6.64	18.80	1.89	1480
ingolstadt1_combine4_presslight_latent_observation	REAL_TEST	18	50.6	100.0	-7.64	15.15	1.57	1699
ingolstadt1_combine4_presslight_latent_observation	REAL_TEST	19	52.9	100.0	-6.31	15.40	1.51	1663
ingolstadt1_combine4_presslight_latent_observation	REAL_TEST	20	45.0	100.0	-7.28	12.40	1.24	1697
ingolstadt1_combine4_presslight_latent_observation	REAL_TEST	21	49.2	100.0	-9.63	14.53	1.65	1687
ingolstadt1_combine4_presslight_latent_observation	REAL_TEST	22	45.7	100.0	-9.61	13.35	1.24	1698
ingolstadt1_combine4_presslight_latent_observation	REAL_TEST	23	72.2	100.0	-7.18	16.55	1.72	1680
ingolstadt1_combine4_presslight_latent_observation	REAL_TEST	24	54.7	100.0	-7.08	17.13	1.62	1668
ingolstadt1_combine4_presslight_latent_observation	REAL_TEST	25	47.2	100.0	-7.46	15.29	1.45	1695
ingolstadt1_combine4_presslight_latent_observation	REAL_TEST	26	43.7	100.0	-6.80	21.90	2.10	1701
ingolstadt1_combine4_presslight_latent_observation	REAL_TEST	27	45.2	100.0	-6.93	19.56	1.87	1689
ingolstadt1_combine4_presslight_latent_observation	REAL_TEST	28	43.6	100.0	-7.05	15.95	1.37	1697
ingolstadt1_combine4_presslight_latent_observation	REAL_TEST	29	49.6	100.0	-6.45	14.49	1.53	1700
ingolstadt1_combine4_presslight_latent_observation	REAL_TEST	30	61.4	100.0	-6.75	18.69	2.04	1647
ingolstadt1_combine4_presslight_latent_observation	REAL_TEST	31	68.5	100.0	-7.08	17.73	1.81	1660
ingolstadt1_combine4_presslight_latent_observation	REAL_TEST	32	52.3	100.0	-7.47	22.39	2.14	1681
ingolstadt1_combine4_presslight_latent_observation	REAL_TEST	33	49.7	100.0	-6.77	13.76	1.34	1689
ingolstadt1_combine4_presslight_latent_observation	REAL_TEST	34	157.9	100.0	-6.62	15.14	1.38	1153
ingolstadt1_combine4_presslight_latent_observation	REAL_TEST	35	78.4	100.0	-6.74	18.08	1.74	1672
ingolstadt1_combine4_presslight_latent_observation	REAL_TEST	36	49.5	100.0	-7.10	15.55	1.53	1699
ingolstadt1_combine4_presslight_latent_observation	REAL_TEST	37	117.9	100.0	-6.84	13.31	1.30	1476
ingolstadt1_combine4_presslight_latent_observation	REAL_TEST	38	97.4	100.0	-6.98	17.67	1.72	1616
ingolstadt1_combine4_presslight_latent_observation	REAL_TEST	39	115.2	100.0	-6.65	17.94	1.74	1473
ingolstadt1_combine4_presslight_latent_observation	REAL_TEST	40	70.0	100.0	-6.77	12.35	1.27	1652
ingolstadt1_combine4_presslight_latent_observation	REAL_TEST	41	68.1	100.0	-6.95	15.25	1.54	1692
ingolstadt1_combine4_presslight_latent_observation	REAL_TEST	42	57.8	100.0	-6.43	15.68	1.54	1680
ingolstadt1_combine4_presslight_latent_observation	REAL_TEST	43	135.7	100.0	-6.72	17.47	1.68	1298
ingolstadt1_combine4_presslight_latent_observation	REAL_TEST	44	57.1	100.0	-6.58	17.47	1.59	1676
ingolstadt1_combine4_presslight_latent_observation	REAL_TEST	45	56.5	100.0	-6.49	15.57	1.57	1673
ingolstadt1_combine4_presslight_latent_observation	REAL_TEST	46	40.8	100.0	-6.83	14.98	1.38	1702
ingolstadt1_combine4_presslight_latent_observation	REAL_TEST	47	55.2	100.0	-6.74	21.28	2.11	1686
ingolstadt1_combine4_presslight_latent_observation	REAL_TEST	48	61.6	100.0	-6.70	19.59	1.99	1682
ingolstadt1_combine4_presslight_latent_observation	REAL_TEST	49	107.7	100.0	-7.21	17.88	1.70	1497
ingolstadt1_combine4_presslight_latent_observation	REAL_TEST	50	41.9	100.0	-6.54	17.01	1.69	1699
ingolstadt1_combine4_presslight_latent_observation	REAL_TEST	51	63.8	100.0	-6.89	17.94	1.78	1682
ingolstadt1_combine4_presslight_latent_observation	REAL_TEST	52	59.7	100.0	-6.41	18.94	1.94	1654
ingolstadt1_combine4_presslight_latent_observation	REAL_TEST	53	62.5	100.0	-6.93	17.60	1.67	1680
ingolstadt1_combine4_presslight_latent_observation	REAL_TEST	54	56.2	100.0	-6.49	7.64	0.80	1701
ingolstadt1_combine4_presslight_latent_observation	REAL_TEST	55	56.6	100.0	-6.60	16.62	1.74	1688
ingolstadt1_combine4_presslight_latent_observation	REAL_TEST	56	60.2	100.0	-6.61	16.47	1.67	1676
ingolstadt1_combine4_presslight_latent_observation	REAL_TEST	57	112.7	100.0	-6.63	16.99	1.62	1520
ingolstadt1_combine4_presslight_latent_observation	REAL_TEST	58	44.7	100.0	-7.08	22.84	2.01	1698
ingolstadt1_combine4_presslight_latent_observation	REAL_TEST	59	130.1	100.0	-6.42	8.07	0.91	1344
ingolstadt1_combine4_presslight_latent_observation	REAL_TEST	60	104.3	100.0	-6.81	19.90	1.87	1550
ingolstadt1_combine4_presslight_latent_observation	REAL_TEST	61	62.0	100.0	-7.13	16.08	1.59	1688
ingolstadt1_combine4_presslight_latent_observation	REAL_TEST	62	85.5	100.0	-7.02	17.65	1.81	1559
ingolstadt1_combine4_presslight_latent_observation	REAL_TEST	63	111.5	100.0	-6.52	17.20	1.82	1498
ingolstadt1_combine4_presslight_latent_observation	REAL_TEST	64	79.8	100.0	-7.11	18.16	1.72	1626
ingolstadt1_combine4_presslight_latent_observation	REAL_TEST	65	78.7	100.0	-6.84	17.73	1.75	1657
ingolstadt1_combine4_presslight_latent_observation	REAL_TEST	66	132.2	100.0	-6.41	17.37	1.76	1314
ingolstadt1_combine4_presslight_latent_observation	REAL_TEST	67	122.9	100.0	-6.51	19.29	1.95	1360
ingolstadt1_combine4_presslight_latent_observation	REAL_TEST	68	119.2	100.0	-7.03	15.99	1.55	1443
ingolstadt1_combine4_presslight_latent_observation	REAL_TEST	69	148.7	100.0	-6.73	14.99	1.63	1207
ingolstadt1_combine4_presslight_latent_observation	REAL_TEST	70	131.7	100.0	-6.53	15.47	1.40	1333
ingolstadt1_combine4_presslight_latent_observation	REAL_TEST	71	135.5	100.0	-6.61	17.20	1.77	1309
ingolstadt1_combine4_presslight_latent_observation	REAL_TEST	72	131.5	100.0	-6.19	11.21	1.31	1303
ingolstadt1_combine4_presslight_latent_observation	REAL_TEST	73	94.2	100.0	-6.77	17.33	1.80	1501
ingolstadt1_combine4_presslight_latent_observation	REAL_TEST	74	135.0	100.0	-6.70	20.26	1.94	1320
ingolstadt1_combine4_presslight_latent_observation	REAL_TEST	75	131.7	100.0	-7.35	18.58	1.69	1335
ingolstadt1_combine4_presslight_latent_observation	REAL_TEST	76	134.4	100.0	-6.53	15.07	1.38	1308
ingolstadt1_combine4_presslight_latent_observation	REAL_TEST	77	139.7	100.0	-6.74	14.09	1.30	1307
ingolstadt1_combine4_presslight_latent_observation	REAL_TEST	78	119.7	100.0	-6.27	15.33	1.48	1409
ingolstadt1_combine4_presslight_latent_observation	REAL_TEST	79	65.1	100.0	-6.56	17.07	1.73	1633
ingolstadt1_combine4_presslight_latent_observation	REAL_TEST	80	136.5	100.0	-6.29	12.21	1.31	1297
ingolstadt1_combine4_presslight_latent_observation	REAL_TEST	81	129.5	100.0	-6.48	10.32	1.04	1384
ingolstadt1_combine4_presslight_latent_observation	REAL_TEST	82	150.0	100.0	-6.88	12.54	1.25	1216
ingolstadt1_combine4_presslight_latent_observation	REAL_TEST	83	138.8	100.0	-7.01	12.60	1.22	1252
ingolstadt1_combine4_presslight_latent_observation	REAL_TEST	84	116.2	100.0	-6.88	19.43	1.92	1476
ingolstadt1_combine4_presslight_latent_observation	REAL_TEST	85	135.3	100.0	-6.77	18.99	1.94	1330
ingolstadt1_combine4_presslight_latent_observation	REAL_TEST	86	143.4	100.0	-6.56	9.95	1.02	1227
ingolstadt1_combine4_presslight_latent_observation	REAL_TEST	87	55.6	100.0	-6.98	7.86	0.64	1694
ingolstadt1_combine4_presslight_latent_observation	REAL_TEST	88	115.0	100.0	-7.03	15.27	1.59	1475
ingolstadt1_combine4_presslight_latent_observation	REAL_TEST	89	160.6	100.0	-6.54	17.02	1.62	1145
ingolstadt1_combine4_presslight_latent_observation	REAL_TEST	90	120.0	100.0	-7.19	15.66	1.48	1444
ingolstadt1_combine4_presslight_latent_observation	REAL_TEST	91	121.8	100.0	-6.35	16.68	1.66	1384
ingolstadt1_combine4_presslight_latent_observation	REAL_TEST	92	130.8	100.0	-6.64	19.40	1.89	1333
ingolstadt1_combine4_presslight_latent_observation	REAL_TEST	93	123.9	100.0	-6.89	21.82	2.02	1380
ingolstadt1_combine4_presslight_latent_observation	REAL_TEST	94	113.6	100.0	-6.83	13.01	1.21	1486
ingolstadt1_combine4_presslight_latent_observation	REAL_TEST	95	121.0	100.0	-6.24	12.56	1.33	1375
ingolstadt1_combine4_presslight_latent_observation	REAL_TEST	96	99.2	100.0	-6.34	13.38	1.33	1499
ingolstadt1_combine4_presslight_latent_observation	REAL_TEST	97	131.6	100.0	-6.66	15.32	1.47	1330
ingolstadt1_combine4_presslight_latent_observation	REAL_TEST	98	147.8	100.0	-7.03	13.29	1.26	1219
ingolstadt1_combine4_presslight_latent_observation	REAL_TEST	99	107.1	100.0	-6.69	12.64	1.42	1477
ingolstadt1_combine4_presslight_latent_observation	REAL_TEST	100	117.6	100.0	-6.59	19.47	1.96	1462
ingolstadt1_combine4_presslight_latent_observation	REAL_TEST	101	129.6	100.0	-6.51	15.18	1.53	1411
ingolstadt1_combine4_presslight_latent_observation	REAL_TEST	102	124.3	100.0	-6.26	15.78	1.48	1378
ingolstadt1_combine4_presslight_latent_observation	REAL_TEST	103	117.1	100.0	-6.60	13.25	1.34	1455
ingolstadt1_combine4_presslight_latent_observation	REAL_TEST	104	134.2	100.0	-6.68	11.28	1.11	1311
ingolstadt1_combine4_presslight_latent_observation	REAL_TEST	105	140.9	100.0	-6.57	17.58	1.75	1241
ingolstadt1_combine4_presslight_latent_observation	REAL_TEST	106	116.3	100.0	-6.28	12.28	1.28	1465
ingolstadt1_combine4_presslight_latent_observation	REAL_TEST	107	153.3	100.0	-6.39	14.61	1.52	1180
ingolstadt1_combine4_presslight_latent_observation	REAL_TEST	108	136.3	100.0	-6.61	18.75	1.68	1300
ingolstadt1_combine4_presslight_latent_observation	REAL_TEST	109	140.1	100.0	-6.57	17.18	1.69	1255
ingolstadt1_combine4_presslight_latent_observation	REAL_TEST	110	121.3	100.0	-6.53	16.90	1.68	1421
ingolstadt1_combine4_presslight_latent_observation	REAL_TEST	111	151.6	100.0	-6.36	8.55	0.86	1213
ingolstadt1_combine4_presslight_latent_observation	REAL_TEST	112	102.7	100.0	-7.19	16.62	1.66	1526
ingolstadt1_combine4_presslight_latent_observation	REAL_TEST	113	127.5	100.0	-6.53	16.85	1.77	1346
ingolstadt1_combine4_presslight_latent_observation	REAL_TEST	114	118.8	100.0	-6.69	15.00	1.43	1397
ingolstadt1_combine4_presslight_latent_observation	REAL_TEST	115	131.8	100.0	-6.28	16.98	1.66	1328
ingolstadt1_combine4_presslight_latent_observation	REAL_TEST	116	127.1	100.0	-6.75	18.43	1.76	1376
ingolstadt1_combine4_presslight_latent_observation	REAL_TEST	117	118.9	100.0	-6.57	17.55	1.66	1439
ingolstadt1_combine4_presslight_latent_observation	REAL_TEST	118	118.8	100.0	-6.77	17.36	1.71	1419
ingolstadt1_combine4_presslight_latent_observation	REAL_TEST	119	117.8	100.0	-6.70	15.63	1.47	1484
ingolstadt1_combine4_presslight_latent_observation	REAL_TEST	120	140.5	100.0	-6.48	16.78	1.65	1300
ingolstadt1_combine4_presslight_latent_observation	REAL_TEST	121	128.6	100.0	-6.46	22.07	2.18	1361
ingolstadt1_combine4_presslight_latent_observation	REAL_TEST	122	129.4	100.0	-6.72	17.42	1.80	1342
ingolstadt1_combine4_presslight_latent_observation	REAL_TEST	123	102.8	100.0	-6.80	11.37	1.20	1484
ingolstadt1_combine4_presslight_latent_observation	REAL_TEST	124	150.3	100.0	-6.47	13.03	1.22	1175
ingolstadt1_combine4_presslight_latent_observation	REAL_TEST	125	145.8	100.0	-6.73	19.92	1.93	1219
ingolstadt1_combine4_presslight_latent_observation	REAL_TEST	126	134.2	100.0	-6.28	19.08	1.93	1290
ingolstadt1_combine4_presslight_latent_observation	REAL_TEST	127	85.5	100.0	-6.62	15.12	1.55	1639
ingolstadt1_combine4_presslight_latent_observation	REAL_TEST	128	122.6	100.0	-6.81	19.33	1.91	1396
ingolstadt1_combine4_presslight_latent_observation	REAL_TEST	129	130.2	100.0	-6.60	17.61	1.71	1330
ingolstadt1_combine4_presslight_latent_observation	REAL_TEST	130	111.3	100.0	-7.13	19.25	1.94	1468
ingolstadt1_combine4_presslight_latent_observation	REAL_TEST	131	110.2	100.0	-6.95	20.14	2.03	1497
ingolstadt1_combine4_presslight_latent_observation	REAL_TEST	132	123.1	100.0	-6.81	17.18	1.72	1403
ingolstadt1_combine4_presslight_latent_observation	REAL_TEST	133	118.0	100.0	-6.51	9.23	0.94	1462
ingolstadt1_combine4_presslight_latent_observation	REAL_TEST	134	145.5	100.0	-6.77	10.63	1.13	1214
ingolstadt1_combine4_presslight_latent_observation	REAL_TEST	135	114.7	100.0	-6.98	19.63	2.01	1451
ingolstadt1_combine4_presslight_latent_observation	REAL_TEST	136	107.7	100.0	-7.24	14.77	1.55	1522
ingolstadt1_combine4_presslight_latent_observation	REAL_TEST	137	124.4	100.0	-6.76	15.19	1.50	1389
ingolstadt1_combine4_presslight_latent_observation	REAL_TEST	138	110.8	100.0	-6.75	21.60	2.04	1517
ingolstadt1_combine4_presslight_latent_observation	REAL_TEST	139	127.2	100.0	-6.53	17.36	1.64	1357
ingolstadt1_combine4_presslight_latent_observation	REAL_TEST	140	104.3	100.0	-6.89	14.79	1.50	1491
ingolstadt1_combine4_presslight_latent_observation	REAL_TEST	141	100.8	100.0	-6.73	19.62	1.89	1496
ingolstadt1_combine4_presslight_latent_observation	REAL_TEST	142	122.3	100.0	-6.54	11.58	1.07	1387
ingolstadt1_combine4_presslight_latent_observation	REAL_TEST	143	114.5	100.0	-6.66	14.44	1.51	1480
ingolstadt1_combine4_presslight_latent_observation	REAL_TEST	144	122.5	100.0	-6.62	21.01	2.11	1392
ingolstadt1_combine4_presslight_latent_observation	REAL_TEST	145	125.4	100.0	-6.65	17.87	1.72	1385
ingolstadt1_combine4_presslight_latent_observation	REAL_TEST	146	90.0	100.0	-7.14	13.09	1.27	1585
ingolstadt1_combine4_presslight_latent_observation	REAL_TEST	147	113.3	100.0	-6.44	14.84	1.47	1474
ingolstadt1_combine4_presslight_latent_observation	REAL_TEST	148	124.7	100.0	-6.38	19.99	1.96	1365
ingolstadt1_combine4_presslight_latent_observation	REAL_TEST	149	93.8	100.0	-7.13	17.03	1.63	1525
ingolstadt1_combine4_presslight_latent_observation	REAL_TEST	150	115.5	100.0	-6.65	17.24	1.75	1460
ingolstadt1_combine4_presslight_latent_observation	REAL_TEST	151	126.2	100.0	-6.78	18.27	1.80	1380
ingolstadt1_combine4_presslight_latent_observation	REAL_TEST	152	116.4	100.0	-7.01	16.71	1.63	1468
ingolstadt1_combine4_presslight_latent_observation	REAL_TEST	153	116.2	100.0	-6.70	15.29	1.58	1482
ingolstadt1_combine4_presslight_latent_observation	REAL_TEST	154	120.1	100.0	-6.81	15.22	1.53	1420
ingolstadt1_combine4_presslight_latent_observation	REAL_TEST	155	113.7	100.0	-6.63	15.77	1.54	1469
ingolstadt1_combine4_presslight_latent_observation	REAL_TEST	156	116.7	100.0	-6.77	11.84	0.94	1451
ingolstadt1_combine4_presslight_latent_observation	REAL_TEST	157	118.8	100.0	-6.88	18.24	1.68	1458
ingolstadt1_combine4_presslight_latent_observation	REAL_TEST	158	72.3	100.0	-7.37	11.11	1.11	1658
ingolstadt1_combine4_presslight_latent_observation	REAL_TEST	159	116.4	100.0	-7.19	12.13	1.30	1475
ingolstadt1_combine4_presslight_latent_observation	REAL_TEST	160	107.1	100.0	-7.60	14.51	1.43	1517
ingolstadt1_combine4_presslight_latent_observation	REAL_TEST	161	121.6	100.0	-6.91	18.12	1.87	1467
ingolstadt1_combine4_presslight_latent_observation	REAL_TEST	162	118.1	100.0	-6.84	17.31	1.67	1467
ingolstadt1_combine4_presslight_latent_observation	REAL_TEST	163	131.5	100.0	-6.41	18.48	1.74	1328
ingolstadt1_combine4_presslight_latent_observation	REAL_TEST	164	117.5	100.0	-6.91	14.90	1.52	1459
ingolstadt1_combine4_presslight_latent_observation	REAL_TEST	165	126.3	100.0	-6.55	16.32	1.65	1353
ingolstadt1_combine4_presslight_latent_observation	REAL_TEST	166	121.1	100.0	-6.69	15.53	1.52	1432
ingolstadt1_combine4_presslight_latent_observation	REAL_TEST	167	116.7	100.0	-6.94	9.74	0.95	1481
ingolstadt1_combine4_presslight_latent_observation	REAL_TEST	168	110.6	100.0	-6.60	18.21	1.79	1432
ingolstadt1_combine4_presslight_latent_observation	REAL_TEST	169	117.7	100.0	-6.73	15.49	1.49	1435
ingolstadt1_combine4_presslight_latent_observation	REAL_TEST	170	127.4	100.0	-6.87	16.44	1.50	1388
ingolstadt1_combine4_presslight_latent_observation	REAL_TEST	171	107.9	100.0	-6.98	16.73	1.67	1479
ingolstadt1_combine4_presslight_latent_observation	REAL_TEST	172	117.9	100.0	-6.82	16.79	1.65	1458
ingolstadt1_combine4_presslight_latent_observation	REAL_TEST	173	123.2	100.0	-6.70	10.98	1.03	1432
ingolstadt1_combine4_presslight_latent_observation	REAL_TEST	174	114.6	100.0	-6.56	18.13	1.64	1460
ingolstadt1_combine4_presslight_latent_observation	REAL_TEST	175	130.1	100.0	-6.90	19.76	2.01	1331
ingolstadt1_combine4_presslight_latent_observation	REAL_TEST	176	130.6	100.0	-6.64	16.57	1.62	1356
ingolstadt1_combine4_presslight_latent_observation	REAL_TEST	177	132.1	100.0	-6.67	13.04	1.24	1343
ingolstadt1_combine4_presslight_latent_observation	REAL_TEST	178	129.0	100.0	-6.52	19.13	1.79	1332
ingolstadt1_combine4_presslight_latent_observation	REAL_TEST	179	146.1	100.0	-6.87	12.55	1.33	1191
ingolstadt1_combine4_presslight_latent_observation	REAL_TEST	180	129.1	100.0	-6.75	15.25	1.49	1366
ingolstadt1_combine4_presslight_latent_observation	REAL_TEST	181	119.4	100.0	-6.39	12.52	1.23	1446
ingolstadt1_combine4_presslight_latent_observation	REAL_TEST	182	115.2	100.0	-6.72	14.58	1.46	1486
ingolstadt1_combine4_presslight_latent_observation	REAL_TEST	183	139.2	100.0	-6.88	16.48	1.77	1294
ingolstadt1_combine4_presslight_latent_observation	REAL_TEST	184	143.6	100.0	-6.54	12.25	1.38	1225
ingolstadt1_combine4_presslight_latent_observation	REAL_TEST	185	117.5	100.0	-6.66	14.31	1.46	1454
ingolstadt1_combine4_presslight_latent_observation	REAL_TEST	186	129.6	100.0	-6.74	21.09	2.10	1348
ingolstadt1_combine4_presslight_latent_observation	REAL_TEST	187	108.0	100.0	-6.90	11.32	1.17	1536
ingolstadt1_combine4_presslight_latent_observation	REAL_TEST	188	128.7	100.0	-6.67	22.00	2.15	1349
ingolstadt1_combine4_presslight_latent_observation	REAL_TEST	189	117.8	100.0	-7.33	17.90	1.73	1444
ingolstadt1_combine4_presslight_latent_observation	REAL_TEST	190	127.3	100.0	-6.75	15.07	1.40	1376
ingolstadt1_combine4_presslight_latent_observation	REAL_TEST	191	144.4	100.0	-6.64	17.77	1.70	1245
ingolstadt1_combine4_presslight_latent_observation	REAL_TEST	192	122.6	100.0	-6.85	17.94	1.79	1399
ingolstadt1_combine4_presslight_latent_observation	REAL_TEST	193	131.8	100.0	-6.50	16.61	1.80	1327
ingolstadt1_combine4_presslight_latent_observation	REAL_TEST	194	130.9	100.0	-6.68	6.96	0.66	1363
ingolstadt1_combine4_presslight_latent_observation	REAL_TEST	195	122.0	100.0	-6.63	21.51	2.10	1428
ingolstadt1_combine4_presslight_latent_observation	REAL_TEST	196	138.9	100.0	-6.42	13.26	1.34	1294
ingolstadt1_combine4_presslight_latent_observation	REAL_TEST	197	101.9	100.0	-6.80	18.12	1.87	1538
ingolstadt1_combine4_presslight_latent_observation	REAL_TEST	198	106.8	100.0	-6.95	13.56	1.37	1491
ingolstadt1_combine4_presslight_latent_observation	REAL_TEST	199	126.9	100.0	-6.57	14.66	1.42	1393
