exp_name	mode	step	travel_time	loss	rewards	queue	delay	throughput	train_reward	R_real	components	detail	fairness	emission	fuel	emergency_stops	ssm_conflicts	collisions	phi_raw
ingolstadt1_efficiency_aligned_dqn_morl_grid	SIM_TRAIN	0	35.1	0.0	-1.49	1.41	0.11	1704	-0.22	0.0000			0.0000						
ingolstadt1_efficiency_aligned_dqn_morl_grid	SIM_TRAIN	1	33.0	0.0	-1.22	1.16	0.10	1707	-0.21	0.0000			0.0000						
ingolstadt1_efficiency_aligned_dqn_morl_grid	SIM_TRAIN	2	32.7	1.9	-1.13	1.08	0.10	1707	-0.21	0.0000			0.0000						
ingolstadt1_efficiency_aligned_dqn_morl_grid	SIM_TRAIN	3	38.8	0.1	-3.16	3.08	0.12	1707	-0.25	0.0000			0.0000						
ingolstadt1_efficiency_aligned_dqn_morl_grid	SIM_TRAIN	4	34.3	0.0	-1.52	1.49	0.11	1688	-0.17	0.0000			0.0000						
ingolstadt1_efficiency_aligned_dqn_morl_grid	SIM_TRAIN	5	78.7	0.0	-1.49	1.32	0.14	1707	-0.16	0.0000			0.0000						
ingolstadt1_efficiency_aligned_dqn_morl_grid	SIM_TRAIN	6	58.8	0.0	-1.00	0.90	0.12	1707	-0.14	0.0000			0.0000						
ingolstadt1_efficiency_aligned_dqn_morl_grid	SIM_TRAIN	7	89.8	0.0	-1.05	0.91	0.13	1672	-0.15	0.0000			0.0000						
ingolstadt1_efficiency_aligned_dqn_morl_grid	SIM_TRAIN	8	44.4	0.0	-1.01	0.90	0.10	1707	-0.14	0.0000			0.0000						
ingolstadt1_efficiency_aligned_dqn_morl_grid	REAL_TRAIN	1	95.9	100.0	-2.93	2.31	0.26	1592		-0.4586	queue=0.0241;delay=0.2574;waiting=0.1771;pressure=0.0;switches=0.0	grid;w=queue=0.2;delay=0.2;waiting=0.2;pressure=0.2;switches=0.2	0.0000	85.4708	27.7084	1.0000	195.0000	0.0000	queue=0.2408;delay=0.2574;waiting=35.4171;pressure=6.0833;switches=0.1667
ingolstadt1_efficiency_aligned_dqn_morl_grid	SIM_TRAIN	9	36.4	0.0	-1.21	1.16	0.11	1704	-0.01	0.0000			0.0000						
ingolstadt1_efficiency_aligned_dqn_morl_grid	SIM_TRAIN	10	32.6	0.0	-1.12	1.04	0.10	1707	-0.01	0.0000			0.0000						
ingolstadt1_efficiency_aligned_dqn_morl_grid	SIM_TRAIN	11	33.8	1.7	-1.33	1.26	0.10	1707	-0.01	0.0000			0.0000						
ingolstadt1_efficiency_aligned_dqn_morl_grid	SIM_TRAIN	12	63.5	0.1	-9.42	9.26	0.16	1707	-0.08	0.0000			0.0000						
ingolstadt1_efficiency_aligned_dqn_morl_grid	SIM_TRAIN	13	69.3	0.0	-7.65	7.51	0.16	1707	-0.06	0.0000			0.0000						
ingolstadt1_efficiency_aligned_dqn_morl_grid	SIM_TRAIN	14	41.5	0.0	-4.22	4.18	0.14	1707	-0.04	0.0000			0.0000						
ingolstadt1_efficiency_aligned_dqn_morl_grid	SIM_TRAIN	15	39.7	0.0	-3.51	3.52	0.13	1705	-0.03	0.0000			0.0000						
ingolstadt1_efficiency_aligned_dqn_morl_grid	SIM_TRAIN	16	34.5	0.0	-1.60	1.51	0.11	1707	-0.01	0.0000			0.0000						
ingolstadt1_efficiency_aligned_dqn_morl_grid	SIM_TRAIN	17	33.8	0.0	-1.42	1.35	0.11	1707	-0.01	0.0000			0.0000						
ingolstadt1_efficiency_aligned_dqn_morl_grid	REAL_TRAIN	2	143.3	100.0	-3.51	2.81	0.22	1231		-0.5348	queue=0.0298;delay=0.2243;waiting=0.2807;pressure=0.0;switches=0.0	grid;w=queue=1.0	0.0000	77.4074	25.0944	4.0000	143.0000	0.0000	queue=0.2982;delay=0.2243;waiting=56.142;pressure=6.4333;switches=0.1639
ingolstadt1_efficiency_aligned_dqn_morl_grid	SIM_TRAIN	18	34.1	0.0	-1.54	1.48	0.11	1707	-0.11	0.0000			0.0000						
ingolstadt1_efficiency_aligned_dqn_morl_grid	SIM_TRAIN	19	34.5	0.0	-1.18	1.10	0.10	1707	-0.10	0.0000			0.0000						
ingolstadt1_efficiency_aligned_dqn_morl_grid	SIM_TRAIN	20	35.0	1.4	-1.34	1.25	0.11	1705	-0.11	0.0000			0.0000						
ingolstadt1_efficiency_aligned_dqn_morl_grid	SIM_TRAIN	21	38.5	0.1	-2.63	2.50	0.11	1707	-0.11	0.0000			0.0000						
ingolstadt1_efficiency_aligned_dqn_morl_grid	SIM_TRAIN	22	42.1	0.0	-4.08	4.07	0.12	1705	-0.12	0.0000			0.0000						
ingolstadt1_efficiency_aligned_dqn_morl_grid	SIM_TRAIN	23	35.5	0.0	-1.85	1.80	0.10	1707	-0.10	0.0000			0.0000						
ingolstadt1_efficiency_aligned_dqn_morl_grid	SIM_TRAIN	24	34.3	0.0	-1.72	1.72	0.10	1707	-0.10	0.0000			0.0000						
ingolstadt1_efficiency_aligned_dqn_morl_grid	SIM_TRAIN	25	33.8	0.0	-1.18	1.16	0.09	1707	-0.09	0.0000			0.0000						
ingolstadt1_efficiency_aligned_dqn_morl_grid	SIM_TRAIN	26	34.6	0.0	-1.34	1.35	0.10	1707	-0.10	0.0000			0.0000						
ingolstadt1_efficiency_aligned_dqn_morl_grid	REAL_TRAIN	3	73.7	100.0	-18.18	16.77	0.25	1478		-2.8504	queue=0.1527;delay=0.2514;waiting=2.4462;pressure=0.0;switches=0.0	grid;w=delay=1.0	158.0000	155.2490	50.3302	6.0000	263.0000	0.0000	queue=1.5274;delay=0.2514;waiting=489.2414;pressure=20.1472;switches=0.4167
ingolstadt1_efficiency_aligned_dqn_morl_grid	SIM_TRAIN	27	32.6	0.0	-1.03	1.01	0.09	1705	-0.01	0.0000			0.0000						
ingolstadt1_efficiency_aligned_dqn_morl_grid	SIM_TRAIN	28	37.2	0.0	-1.19	1.11	0.11	1705	-0.01	0.0000			0.0000						
ingolstadt1_efficiency_aligned_dqn_morl_grid	SIM_TRAIN	29	33.4	1.8	-1.07	0.97	0.10	1707	-0.01	0.0000			0.0000						
ingolstadt1_efficiency_aligned_dqn_morl_grid	SIM_TRAIN	30	45.0	0.1	-3.60	3.41	0.14	1707	-0.10	0.0000			0.0000						
ingolstadt1_efficiency_aligned_dqn_morl_grid	SIM_TRAIN	31	41.8	0.0	-2.66	2.51	0.13	1706	-0.02	0.0000			0.0000						
ingolstadt1_efficiency_aligned_dqn_morl_grid	SIM_TRAIN	32	42.7	0.0	-2.70	2.60	0.14	1704	-0.03	0.0000			0.0000						
ingolstadt1_efficiency_aligned_dqn_morl_grid	SIM_TRAIN	33	40.2	0.0	-2.52	2.47	0.13	1707	-0.03	0.0000			0.0000						
ingolstadt1_efficiency_aligned_dqn_morl_grid	SIM_TRAIN	34	35.5	0.0	-1.73	1.66	0.12	1707	-0.01	0.0000			0.0000						
ingolstadt1_efficiency_aligned_dqn_morl_grid	SIM_TRAIN	35	35.2	0.0	-1.94	1.87	0.12	1707	-0.01	0.0000			0.0000						
ingolstadt1_efficiency_aligned_dqn_morl_grid	REAL_TRAIN	4	134.3	100.0	-44.32	41.21	0.43	1624		-5.1268	queue=0.3696;delay=0.4293;waiting=4.328;pressure=0.0;switches=0.0	grid;w=waiting=1.0	151.0000	295.4587	95.7852	0.0000	631.0000	0.0000	queue=3.6956;delay=0.4293;waiting=865.5902;pressure=44.4861;switches=0.1111
ingolstadt1_efficiency_aligned_dqn_morl_grid	SIM_TRAIN	36	41.0	0.0	-1.33	1.27	0.12	1707	-0.40	0.0000			0.0000						
ingolstadt1_efficiency_aligned_dqn_morl_grid	SIM_TRAIN	37	40.1	0.0	-1.32	1.20	0.12	1707	-0.39	0.0000			0.0000						
ingolstadt1_efficiency_aligned_dqn_morl_grid	SIM_TRAIN	38	35.4	1.4	-1.26	1.15	0.11	1707	-0.40	0.0000			0.0000						
ingolstadt1_efficiency_aligned_dqn_morl_grid	SIM_TRAIN	39	34.8	0.3	-1.15	1.06	0.10	1707	-0.40	0.0000			0.0000						
ingolstadt1_efficiency_aligned_dqn_morl_grid	SIM_TRAIN	40	32.6	0.2	-1.05	0.96	0.10	1707	-0.36	0.0000			0.0000						
ingolstadt1_efficiency_aligned_dqn_morl_grid	SIM_TRAIN	41	36.0	0.2	-1.14	1.06	0.11	1707	-0.36	0.0000			0.0000						
ingolstadt1_efficiency_aligned_dqn_morl_grid	SIM_TRAIN	42	36.3	0.2	-0.91	0.86	0.10	1707	-0.36	0.0000			0.0000						
ingolstadt1_efficiency_aligned_dqn_morl_grid	SIM_TRAIN	43	33.5	0.1	-0.82	0.75	0.09	1707	-0.35	0.0000			0.0000						
ingolstadt1_efficiency_aligned_dqn_morl_grid	SIM_TRAIN	44	37.4	0.1	-0.87	0.79	0.10	1707	-0.35	0.0000			0.0000						
ingolstadt1_efficiency_aligned_dqn_morl_grid	REAL_TRAIN	5	42.8	100.0	-2.63	2.19	0.22	1703		-0.2608	queue=0.0224;delay=0.2151;waiting=0.0233;pressure=0.0;switches=0.0	grid;w=pressure=1.0	0.0000	86.0337	27.8909	0.0000	243.0000	0.0000	queue=0.2236;delay=0.2151;waiting=4.6675;pressure=6.1278;switches=0.5278
ingolstadt1_efficiency_aligned_dqn_morl_grid	SIM_TRAIN	45	34.6	0.0	-1.19	1.14	0.10	1706	-0.53	0.0000			0.0000						
ingolstadt1_efficiency_aligned_dqn_morl_grid	SIM_TRAIN	46	36.3	0.0	-1.21	1.11	0.11	1707	-0.55	0.0000			0.0000						
ingolstadt1_efficiency_aligned_dqn_morl_grid	SIM_TRAIN	47	32.8	1.6	-1.16	1.11	0.10	1707	-0.56	0.0000			0.0000						
ingolstadt1_efficiency_aligned_dqn_morl_grid	SIM_TRAIN	48	80.7	0.2	-1.27	1.15	0.12	1605	-0.22	0.0000			0.0000						
ingolstadt1_efficiency_aligned_dqn_morl_grid	SIM_TRAIN	49	257.9	0.0	-2.44	2.25	0.16	1486	-0.16	0.0000			0.0000						
ingolstadt1_efficiency_aligned_dqn_morl_grid	SIM_TRAIN	50	362.8	0.0	-3.82	3.60	0.17	1432	-0.13	0.0000			0.0000						
ingolstadt1_efficiency_aligned_dqn_morl_grid	SIM_TRAIN	51	340.8	0.0	-44.84	44.89	0.26	1364	-0.12	0.0000			0.0000						
ingolstadt1_efficiency_aligned_dqn_morl_grid	SIM_TRAIN	52	169.2	0.0	-37.91	37.76	0.26	1638	-0.14	0.0000			0.0000						
ingolstadt1_efficiency_aligned_dqn_morl_grid	SIM_TRAIN	53	63.9	0.0	-8.75	8.59	0.18	1706	-0.10	0.0000			0.0000						
ingolstadt1_efficiency_aligned_dqn_morl_grid	REAL_TRAIN	6	158.2	100.0	-3.01	2.38	0.28	1138		-2.0143	queue=0.0251;delay=0.2835;waiting=1.7057;pressure=0.0;switches=0.0	grid;w=switches=1.0	0.0000	71.7372	23.2562	0.0000	120.0000	0.0000	queue=0.2509;delay=0.2835;waiting=341.134;pressure=5.9139;switches=0.0
ingolstadt1_efficiency_aligned_dqn_morl_grid	SIM_TRAIN	54	41.3	0.0	-1.55	1.46	0.12	1706	-0.07	0.0000			0.0000						
ingolstadt1_efficiency_aligned_dqn_morl_grid	SIM_TRAIN	55	33.5	0.0	-1.43	1.32	0.10	1707	-0.06	0.0000			0.0000						
ingolstadt1_efficiency_aligned_dqn_morl_grid	SIM_TRAIN	56	34.0	1.6	-1.28	1.16	0.10	1707	-0.06	0.0000			0.0000						
ingolstadt1_efficiency_aligned_dqn_morl_grid	SIM_TRAIN	57	40.2	0.2	-4.36	4.25	0.12	1707	-0.08	0.0000			0.0000						
ingolstadt1_efficiency_aligned_dqn_morl_grid	SIM_TRAIN	58	80.1	0.0	-16.02	15.98	0.17	1706	-0.15	0.0000			0.0000						
ingolstadt1_efficiency_aligned_dqn_morl_grid	SIM_TRAIN	59	39.7	0.0	-3.48	3.45	0.12	1706	-0.08	0.0000			0.0000						
ingolstadt1_efficiency_aligned_dqn_morl_grid	SIM_TRAIN	60	46.4	0.0	-5.72	5.72	0.14	1707	-0.09	0.0000			0.0000						
ingolstadt1_efficiency_aligned_dqn_morl_grid	SIM_TRAIN	61	38.3	0.0	-3.29	3.21	0.10	1707	-0.07	0.0000			0.0000						
ingolstadt1_efficiency_aligned_dqn_morl_grid	SIM_TRAIN	62	32.9	0.0	-1.04	1.04	0.09	1707	-0.05	0.0000			0.0000						
ingolstadt1_efficiency_aligned_dqn_morl_grid	REAL_TRAIN	7	355.7	100.0	-77.95	72.83	0.46	717		-50.7733	queue=0.6505;delay=0.4579;waiting=49.6649;pressure=0.0;switches=0.0	grid;w=queue=0.5;delay=0.5	17.0000	418.9910	135.8344	1.0000	143.0000	0.0000	queue=6.5047;delay=0.4579;waiting=9932.9852;pressure=73.5583;switches=0.0528
ingolstadt1_efficiency_aligned_dqn_morl_grid	SIM_TRAIN	63	36.8	0.0	-1.91	1.90	0.12	1706	-0.02	0.0000			0.0000						
ingolstadt1_efficiency_aligned_dqn_morl_grid	SIM_TRAIN	64	46.9	0.0	-1.51	1.43	0.11	1707	-0.01	0.0000			0.0000						
ingolstadt1_efficiency_aligned_dqn_morl_grid	SIM_TRAIN	65	33.8	2.1	-1.25	1.23	0.10	1706	-0.01	0.0000			0.0000						
ingolstadt1_efficiency_aligned_dqn_morl_grid	SIM_TRAIN	66	61.5	0.2	-9.45	9.29	0.15	1706	-0.28	0.0000			0.0000						
ingolstadt1_efficiency_aligned_dqn_morl_grid	SIM_TRAIN	67	45.7	0.0	-3.58	3.39	0.15	1684	-0.03	0.0000			571.0000						
ingolstadt1_efficiency_aligned_dqn_morl_grid	SIM_TRAIN	68	54.1	0.0	-2.68	2.55	0.14	1704	-0.02	0.0000			0.0000						
ingolstadt1_efficiency_aligned_dqn_morl_grid	SIM_TRAIN	69	42.8	0.0	-4.70	4.66	0.14	1705	-0.06	0.0000			0.0000						
ingolstadt1_efficiency_aligned_dqn_morl_grid	SIM_TRAIN	70	37.2	0.0	-2.41	2.31	0.12	1707	-0.02	0.0000			0.0000						
ingolstadt1_efficiency_aligned_dqn_morl_grid	SIM_TRAIN	71	38.5	0.0	-2.46	2.39	0.12	1707	-0.02	0.0000			0.0000						
ingolstadt1_efficiency_aligned_dqn_morl_grid	REAL_TRAIN	8	91.1	100.0	-16.59	15.34	0.27	1622		-1.6430	queue=0.1383;delay=0.268;waiting=1.2367;pressure=0.0;switches=0.0	grid;w=queue=0.5;waiting=0.5	0.0000	156.2955	50.6694	2.0000	346.0000	0.0000	queue=1.3831;delay=0.268;waiting=247.3358;pressure=19.0083;switches=0.3222
ingolstadt1_efficiency_aligned_dqn_morl_grid	SIM_TRAIN	72	38.0	0.0	-1.36	1.27	0.11	1704	-0.21	0.0000			0.0000						
ingolstadt1_efficiency_aligned_dqn_morl_grid	SIM_TRAIN	73	37.7	0.0	-1.08	0.97	0.11	1705	-0.19	0.0000			0.0000						
ingolstadt1_efficiency_aligned_dqn_morl_grid	SIM_TRAIN	74	38.5	1.7	-1.41	1.30	0.11	1707	-0.22	0.0000			0.0000						
ingolstadt1_efficiency_aligned_dqn_morl_grid	SIM_TRAIN	75	33.4	0.2	-0.96	0.88	0.10	1706	-0.19	0.0000			0.0000						
ingolstadt1_efficiency_aligned_dqn_morl_grid	SIM_TRAIN	76	32.5	0.0	-0.96	0.91	0.10	1704	-0.18	0.0000			0.0000						
ingolstadt1_efficiency_aligned_dqn_morl_grid	SIM_TRAIN	77	33.6	0.0	-1.29	1.27	0.10	1707	-0.21	0.0000			0.0000						
ingolstadt1_efficiency_aligned_dqn_morl_grid	SIM_TRAIN	78	34.7	0.0	-0.87	0.78	0.11	1707	-0.18	0.0000			0.0000						
ingolstadt1_efficiency_aligned_dqn_morl_grid	SIM_TRAIN	79	32.7	0.0	-0.94	0.86	0.10	1706	-0.19	0.0000			0.0000						
ingolstadt1_efficiency_aligned_dqn_morl_grid	SIM_TRAIN	80	33.9	0.0	-1.01	0.92	0.10	1707	-0.19	0.0000			0.0000						
ingolstadt1_efficiency_aligned_dqn_morl_grid	REAL_TRAIN	9	39.9	100.0	-3.52	2.91	0.21	1700		-0.2667	queue=0.0288;delay=0.2125;waiting=0.0253;pressure=0.0;switches=0.0	grid;w=queue=0.5;pressure=0.5	157.0000	91.9292	29.8022	4.0000	445.0000	0.0000	queue=0.2883;delay=0.2125;waiting=5.0603;pressure=7.0028;switches=0.5889
ingolstadt1_efficiency_aligned_dqn_morl_grid	SIM_TRAIN	81	33.6	0.0	-1.22	1.19	0.11	1706	-0.26	0.0000			0.0000						
ingolstadt1_efficiency_aligned_dqn_morl_grid	SIM_TRAIN	82	41.5	0.0	-1.40	1.35	0.11	1707	-0.28	0.0000			0.0000						
ingolstadt1_efficiency_aligned_dqn_morl_grid	SIM_TRAIN	83	35.1	1.6	-0.84	0.77	0.10	1707	-0.23	0.0000			0.0000						
ingolstadt1_efficiency_aligned_dqn_morl_grid	SIM_TRAIN	84	91.3	0.2	-16.33	16.31	0.17	1676	-0.26	0.0000			0.0000						
ingolstadt1_efficiency_aligned_dqn_morl_grid	SIM_TRAIN	85	71.5	0.0	-2.97	2.83	0.13	1688	-0.11	0.0000			0.0000						
ingolstadt1_efficiency_aligned_dqn_morl_grid	SIM_TRAIN	86	405.1	0.0	-1.73	1.43	0.15	1341	-0.07	0.0000			0.0000						
ingolstadt1_efficiency_aligned_dqn_morl_grid	SIM_TRAIN	87	419.2	0.0	-1.52	1.24	0.16	1269	-0.06	0.0000			0.0000						
ingolstadt1_efficiency_aligned_dqn_morl_grid	SIM_TRAIN	88	455.7	0.0	-1.56	1.27	0.16	1325	-0.06	0.0000			0.0000						
ingolstadt1_efficiency_aligned_dqn_morl_grid	SIM_TRAIN	89	419.1	0.0	-2.03	1.76	0.17	1339	-0.04	0.0000			0.0000						
ingolstadt1_efficiency_aligned_dqn_morl_grid	REAL_TRAIN	10	157.4	100.0	-2.86	2.24	0.28	1138		-2.0113	queue=0.024;delay=0.2845;waiting=1.7028;pressure=0.0;switches=0.0	grid;w=queue=0.5;switches=0.5	0.0000	70.8714	22.9755	0.0000	120.0000	0.0000	queue=0.2397;delay=0.2845;waiting=340.5596;pressure=5.7194;switches=0.0056
ingolstadt1_efficiency_aligned_dqn_morl_grid	SIM_TRAIN	90	36.1	0.0	-1.14	1.05	0.11	1707	-0.06	0.0000			0.0000						
ingolstadt1_efficiency_aligned_dqn_morl_grid	SIM_TRAIN	91	33.0	0.0	-1.29	1.20	0.10	1707	-0.06	0.0000			0.0000						
ingolstadt1_efficiency_aligned_dqn_morl_grid	SIM_TRAIN	92	35.5	1.7	-1.21	1.09	0.11	1706	-0.06	0.0000			0.0000						
ingolstadt1_efficiency_aligned_dqn_morl_grid	SIM_TRAIN	93	40.2	0.1	-3.10	2.97	0.13	1707	-0.09	0.0000			0.0000						
ingolstadt1_efficiency_aligned_dqn_morl_grid	SIM_TRAIN	94	37.7	0.0	-2.49	2.44	0.12	1707	-0.07	0.0000			0.0000						
ingolstadt1_efficiency_aligned_dqn_morl_grid	SIM_TRAIN	95	40.6	0.0	-3.95	3.93	0.14	1707	-0.09	0.0000			0.0000						
ingolstadt1_efficiency_aligned_dqn_morl_grid	SIM_TRAIN	96	36.1	0.0	-2.31	2.31	0.11	1707	-0.06	0.0000			0.0000						
ingolstadt1_efficiency_aligned_dqn_morl_grid	SIM_TRAIN	97	34.3	0.0	-1.38	1.37	0.09	1707	-0.05	0.0000			0.0000						
ingolstadt1_efficiency_aligned_dqn_morl_grid	SIM_TRAIN	98	34.7	0.0	-1.68	1.65	0.10	1707	-0.05	0.0000			0.0000						
ingolstadt1_efficiency_aligned_dqn_morl_grid	REAL_TRAIN	11	40.7	100.0	-3.53	3.15	0.17	1701		-0.2405	queue=0.0295;delay=0.1696;waiting=0.0415;pressure=0.0;switches=0.0	grid;w=delay=0.5;waiting=0.5	0.0000	91.7969	29.7593	3.0000	394.0000	0.0000	queue=0.2948;delay=0.1696;waiting=8.2901;pressure=7.1;switches=0.5333
ingolstadt1_efficiency_aligned_dqn_morl_grid	SIM_TRAIN	99	32.8	0.0	-1.20	1.10	0.10	1707	-0.25	0.0000			0.0000						
ingolstadt1_efficiency_aligned_dqn_morl_grid	SIM_TRAIN	100	33.0	0.0	-1.12	1.09	0.10	1706	-0.24	0.0000			0.0000						
ingolstadt1_efficiency_aligned_dqn_morl_grid	SIM_TRAIN	101	32.6	1.6	-1.18	1.09	0.10	1707	-0.25	0.0000			0.0000						
ingolstadt1_efficiency_aligned_dqn_morl_grid	SIM_TRAIN	102	35.0	0.1	-1.39	1.34	0.12	1706	-0.26	0.0000			0.0000						
ingolstadt1_efficiency_aligned_dqn_morl_grid	SIM_TRAIN	103	32.7	0.1	-0.97	0.93	0.10	1707	-0.23	0.0000			0.0000						
ingolstadt1_efficiency_aligned_dqn_morl_grid	SIM_TRAIN	104	33.5	0.0	-1.11	1.01	0.10	1707	-0.25	0.0000			0.0000						
ingolstadt1_efficiency_aligned_dqn_morl_grid	SIM_TRAIN	105	32.5	0.0	-0.69	0.61	0.09	1707	-0.22	0.0000			0.0000						
ingolstadt1_efficiency_aligned_dqn_morl_grid	SIM_TRAIN	106	31.4	0.0	-0.49	0.45	0.08	1707	-0.20	0.0000			0.0000						
ingolstadt1_efficiency_aligned_dqn_morl_grid	SIM_TRAIN	107	32.0	0.0	-0.64	0.65	0.09	1705	-0.21	0.0000			0.0000						
ingolstadt1_efficiency_aligned_dqn_morl_grid	REAL_TRAIN	12	44.1	100.0	-1.66	1.38	0.18	1703		-0.2120	queue=0.0142;delay=0.1794;waiting=0.0183;pressure=0.0;switches=0.0	grid;w=delay=0.5;pressure=0.5	0.0000	80.8959	26.2253	5.0000	195.0000	0.0000	queue=0.1418;delay=0.1794;waiting=3.6696;pressure=5.2194;switches=0.4611
ingolstadt1_efficiency_aligned_dqn_morl_grid	SIM_TRAIN	108	32.6	0.0	-1.06	1.02	0.10	1707	-0.30	0.0000			0.0000						
ingolstadt1_efficiency_aligned_dqn_morl_grid	SIM_TRAIN	109	40.0	0.0	-1.23	1.15	0.11	1706	-0.31	0.0000			0.0000						
ingolstadt1_efficiency_aligned_dqn_morl_grid	SIM_TRAIN	110	33.0	1.5	-1.13	1.06	0.10	1706	-0.32	0.0000			0.0000						
ingolstadt1_efficiency_aligned_dqn_morl_grid	SIM_TRAIN	111	97.7	0.1	-18.94	18.99	0.16	1558	-0.22	0.0000			0.0000						
ingolstadt1_efficiency_aligned_dqn_morl_grid	SIM_TRAIN	112	41.7	0.0	-4.17	4.08	0.12	1688	-0.15	0.0000			0.0000						
ingolstadt1_efficiency_aligned_dqn_morl_grid	SIM_TRAIN	113	66.0	0.0	-10.44	10.37	0.16	1688	-0.17	0.0000			0.0000						
ingolstadt1_efficiency_aligned_dqn_morl_grid	SIM_TRAIN	114	195.6	0.0	-3.02	2.81	0.16	1501	-0.15	0.0000			0.0000						
ingolstadt1_efficiency_aligned_dqn_morl_grid	SIM_TRAIN	115	42.1	0.0	-0.69	0.63	0.10	1644	-0.10	0.0000			0.0000						
ingolstadt1_efficiency_aligned_dqn_morl_grid	SIM_TRAIN	116	71.9	0.0	-1.08	0.99	0.12	1605	-0.13	0.0000			0.0000						
ingolstadt1_efficiency_aligned_dqn_morl_grid	REAL_TRAIN	13	158.2	100.0	-3.01	2.38	0.28	1138		-2.0143	queue=0.0251;delay=0.2835;waiting=1.7057;pressure=0.0;switches=0.0	grid;w=delay=0.5;switches=0.5	0.0000	71.7372	23.2562	0.0000	120.0000	0.0000	queue=0.2509;delay=0.2835;waiting=341.134;pressure=5.9139;switches=0.0
ingolstadt1_efficiency_aligned_dqn_morl_grid	SIM_TRAIN	117	37.7	0.0	-1.33	1.23	0.11	1706	-0.21	0.0000			0.0000						
ingolstadt1_efficiency_aligned_dqn_morl_grid	SIM_TRAIN	118	33.8	0.0	-1.54	1.46	0.10	1706	-0.23	0.0000			0.0000						
ingolstadt1_efficiency_aligned_dqn_morl_grid	SIM_TRAIN	119	40.4	1.8	-1.35	1.26	0.11	1706	-0.22	0.0000			0.0000						
ingolstadt1_efficiency_aligned_dqn_morl_grid	SIM_TRAIN	120	42.7	0.2	-1.41	1.24	0.13	1707	-0.21	0.0000			0.0000						
ingolstadt1_efficiency_aligned_dqn_morl_grid	SIM_TRAIN	121	34.3	0.0	-1.07	1.01	0.10	1707	-0.20	0.0000			0.0000						
ingolstadt1_efficiency_aligned_dqn_morl_grid	SIM_TRAIN	122	32.0	0.0	-0.77	0.74	0.09	1706	-0.17	0.0000			0.0000						
ingolstadt1_efficiency_aligned_dqn_morl_grid	SIM_TRAIN	123	34.1	0.0	-0.67	0.62	0.09	1707	-0.17	0.0000			0.0000						
ingolstadt1_efficiency_aligned_dqn_morl_grid	SIM_TRAIN	124	33.5	0.0	-0.67	0.62	0.09	1706	-0.18	0.0000			0.0000						
ingolstadt1_efficiency_aligned_dqn_morl_grid	SIM_TRAIN	125	32.0	0.0	-0.61	0.58	0.09	1707	-0.17	0.0000			0.0000						
ingolstadt1_efficiency_aligned_dqn_morl_grid	REAL_TRAIN	14	68.8	100.0	-17.25	15.04	0.29	1619		-1.3778	queue=0.1437;delay=0.2905;waiting=0.9436;pressure=0.0;switches=0.0	grid;w=waiting=0.5;pressure=0.5	196.0000	152.5328	49.4495	5.0000	511.0000	0.0000	queue=1.4366;delay=0.2905;waiting=188.7288;pressure=18.7417;switches=0.3944
ingolstadt1_efficiency_aligned_dqn_morl_grid	SIM_TRAIN	126	33.6	0.0	-0.99	0.94	0.11	1704	-0.29	0.0000			0.0000						
ingolstadt1_efficiency_aligned_dqn_morl_grid	SIM_TRAIN	127	33.9	0.0	-1.32	1.21	0.11	1707	-0.27	0.0000			0.0000						
ingolstadt1_efficiency_aligned_dqn_morl_grid	SIM_TRAIN	128	34.0	1.6	-1.23	1.13	0.11	1706	-0.26	0.0000			0.0000						
ingolstadt1_efficiency_aligned_dqn_morl_grid	SIM_TRAIN	129	38.0	0.1	-2.75	2.71	0.11	1704	-0.18	0.0000			0.0000						
ingolstadt1_efficiency_aligned_dqn_morl_grid	SIM_TRAIN	130	58.8	0.0	-5.09	4.99	0.13	1704	-0.17	0.0000			0.0000						
ingolstadt1_efficiency_aligned_dqn_morl_grid	SIM_TRAIN	131	67.3	0.0	-1.62	1.43	0.14	1644	-0.11	0.0000			0.0000						
ingolstadt1_efficiency_aligned_dqn_morl_grid	SIM_TRAIN	132	37.6	0.0	-1.18	1.12	0.10	1707	-0.07	0.0000			0.0000						
ingolstadt1_efficiency_aligned_dqn_morl_grid	SIM_TRAIN	133	275.7	0.0	-2.34	2.09	0.17	1497	-0.15	0.0000			0.0000						
ingolstadt1_efficiency_aligned_dqn_morl_grid	SIM_TRAIN	134	87.7	0.0	-1.90	1.68	0.15	1673	-0.11	0.0000			0.0000						
ingolstadt1_efficiency_aligned_dqn_morl_grid	REAL_TRAIN	15	158.2	100.0	-3.01	2.38	0.28	1138		-2.0143	queue=0.0251;delay=0.2835;waiting=1.7057;pressure=0.0;switches=0.0	grid;w=waiting=0.5;switches=0.5	0.0000	71.7372	23.2562	0.0000	120.0000	0.0000	queue=0.2509;delay=0.2835;waiting=341.134;pressure=5.9139;switches=0.0
ingolstadt1_efficiency_aligned_dqn_morl_grid	SIM_TRAIN	135	33.4	0.0	-1.05	0.94	0.11	1706	-0.44	0.0000			0.0000						
ingolstadt1_efficiency_aligned_dqn_morl_grid	SIM_TRAIN	136	32.9	0.0	-0.98	0.95	0.10	1707	-0.44	0.0000			0.0000						
ingolstadt1_efficiency_aligned_dqn_morl_grid	SIM_TRAIN	137	34.1	1.3	-1.37	1.29	0.11	1707	-0.50	0.0000			0.0000						
ingolstadt1_efficiency_aligned_dqn_morl_grid	SIM_TRAIN	138	34.1	0.2	-0.98	0.90	0.10	1706	-0.35	0.0000			0.0000						
ingolstadt1_efficiency_aligned_dqn_morl_grid	SIM_TRAIN	139	214.6	0.1	-1.43	1.19	0.15	1409	-0.27	0.0000			0.0000						
ingolstadt1_efficiency_aligned_dqn_morl_grid	SIM_TRAIN	140	441.3	0.1	-1.45	1.17	0.16	1283	-0.27	0.0000			0.0000						
ingolstadt1_efficiency_aligned_dqn_morl_grid	SIM_TRAIN	141	399.7	0.1	-1.46	1.20	0.16	1344	-0.25	0.0000			0.0000						
ingolstadt1_efficiency_aligned_dqn_morl_grid	SIM_TRAIN	142	89.6	0.1	-0.92	0.82	0.11	1526	-0.23	0.0000			0.0000						
ingolstadt1_efficiency_aligned_dqn_morl_grid	SIM_TRAIN	143	393.2	0.1	-1.40	1.14	0.16	1345	-0.27	0.0000			0.0000						
ingolstadt1_efficiency_aligned_dqn_morl_grid	REAL_TRAIN	16	157.4	100.0	-2.86	2.24	0.28	1138		-2.0113	queue=0.024;delay=0.2845;waiting=1.7028;pressure=0.0;switches=0.0	grid;w=pressure=0.5;switches=0.5	0.0000	70.8714	22.9755	0.0000	120.0000	0.0000	queue=0.2397;delay=0.2845;waiting=340.5596;pressure=5.7194;switches=0.0056
ingolstadt1_efficiency_aligned_dqn_morl_grid	SIM_TRAIN	144	33.3	0.0	-1.12	1.04	0.10	1707	-0.25	0.0000			0.0000						
ingolstadt1_efficiency_aligned_dqn_morl_grid	SIM_TRAIN	145	33.3	0.0	-1.26	1.16	0.10	1707	-0.26	0.0000			0.0000						
ingolstadt1_efficiency_aligned_dqn_morl_grid	REAL_TRAIN	18	44.1	100.0	-1.66	1.38	0.18	1703		-0.2120	queue=0.0142;delay=0.1794;waiting=0.0183;pressure=0.0;switches=0.0	refine;w=delay=0.5;pressure=0.5;ckpt2	0.0000	80.8959	26.2253	5.0000	195.0000	0.0000	queue=0.1418;delay=0.1794;waiting=3.6696;pressure=5.2194;switches=0.4611
ingolstadt1_efficiency_aligned_dqn_morl_grid	SIM_TRAIN	146	33.3	0.0	-1.24	1.19	0.10	1707	-0.26	0.0000			0.0000						
ingolstadt1_efficiency_aligned_dqn_morl_grid	SIM_TRAIN	147	32.0	0.0	-0.60	0.56	0.09	1707	-0.22	0.0000			0.0000						
ingolstadt1_efficiency_aligned_dqn_morl_grid	REAL_TRAIN	20	39.6	100.0	-2.17	1.80	0.18	1701		-0.2144	queue=0.0182;delay=0.1807;waiting=0.0155;pressure=0.0;switches=0.0	refine;w=delay=0.5;pressure=0.5;ckpt4	0.0000	83.9070	27.2014	4.0000	278.0000	0.0000	queue=0.182;delay=0.1807;waiting=3.0995;pressure=5.6583;switches=0.4389
ingolstadt1_efficiency_aligned_dqn_morl_grid	SIM_TRAIN	148	32.2	0.0	-0.59	0.57	0.09	1707	-0.21	0.0000			0.0000						
ingolstadt1_efficiency_aligned_dqn_morl_grid	SIM_TRAIN	149	34.2	0.0	-0.50	0.43	0.08	1707	-0.20	0.0000			0.0000						
ingolstadt1_efficiency_aligned_dqn_morl_grid	REAL_TRAIN	22	47.4	100.0	-2.71	2.22	0.21	1704		-0.2663	queue=0.0227;delay=0.2128;waiting=0.0309;pressure=0.0;switches=0.0	refine;w=delay=0.5;pressure=0.5;ckpt6	0.0000	86.1713	27.9355	4.0000	269.0000	0.0000	queue=0.2274;delay=0.2128;waiting=6.1709;pressure=6.1361;switches=0.4139
ingolstadt1_efficiency_aligned_dqn_morl_grid	SIM_TRAIN	150	31.2	0.0	-0.50	0.48	0.08	1707	-0.20	0.0000			0.0000						
ingolstadt1_efficiency_aligned_dqn_morl_grid	SIM_TRAIN	151	47.6	0.0	-0.62	0.56	0.10	1707	-0.21	0.0000			0.0000						
ingolstadt1_efficiency_aligned_dqn_morl_grid	REAL_TRAIN	24	43.3	100.0	-2.19	1.77	0.19	1704		-0.2255	queue=0.0186;delay=0.1872;waiting=0.0196;pressure=0.0;switches=0.0	refine;w=delay=0.5;pressure=0.5;ckpt8	0.0000	83.7392	27.1470	4.0000	251.0000	0.0000	queue=0.1865;delay=0.1872;waiting=3.928;pressure=5.6611;switches=0.5056
ingolstadt1_efficiency_aligned_dqn_morl_grid	SIM_TRAIN	152	41.2	0.0	-0.74	0.64	0.10	1707	-0.22	0.0000			0.0000						
ingolstadt1_efficiency_aligned_dqn_morl_grid	SIM_TRAIN	153	44.1	0.0	-0.65	0.56	0.10	1707	-0.21	0.0000			0.0000						
ingolstadt1_efficiency_aligned_dqn_morl_grid	REAL_TRAIN	26	40.4	100.0	-1.85	1.53	0.17	1704		-0.2027	queue=0.0158;delay=0.1708;waiting=0.0161;pressure=0.0;switches=0.0	refine;w=delay=0.5;pressure=0.5;ckpt10	0.0000	82.0293	26.5927	1.0000	218.0000	0.0000	queue=0.1576;delay=0.1708;waiting=3.2269;pressure=5.325;switches=0.475
ingolstadt1_efficiency_aligned_dqn_morl_grid	SIM_TRAIN	154	31.2	0.0	-0.60	0.55	0.08	1707	-0.21	0.0000			0.0000						
ingolstadt1_efficiency_aligned_dqn_morl_grid	SIM_TRAIN	155	30.9	0.0	-0.52	0.53	0.08	1705	-0.21	0.0000			0.0000						
ingolstadt1_efficiency_aligned_dqn_morl_grid	REAL_TRAIN	28	46.5	100.0	-2.07	1.71	0.20	1705		-0.2419	queue=0.0174;delay=0.1966;waiting=0.0279;pressure=0.0;switches=0.0	refine;w=delay=0.5;pressure=0.5;ckpt12	0.0000	83.2725	26.9957	6.0000	175.0000	0.0000	queue=0.1745;delay=0.1966;waiting=5.5745;pressure=5.5583;switches=0.4806
ingolstadt1_efficiency_aligned_dqn_morl_grid	SIM_TRAIN	156	34.0	0.0	-0.67	0.62	0.09	1707	-0.22	0.0000			0.0000						
ingolstadt1_efficiency_aligned_dqn_morl_grid	SIM_TRAIN	157	36.3	0.0	-0.60	0.53	0.10	1707	-0.21	0.0000			0.0000						
ingolstadt1_efficiency_aligned_dqn_morl_grid	REAL_TRAIN	30	55.1	100.0	-2.10	1.69	0.21	1687		-0.2727	queue=0.0181;delay=0.2065;waiting=0.0481;pressure=0.0;switches=0.0	refine;w=delay=0.5;pressure=0.5;ckpt14	0.0000	82.0164	26.5885	0.0000	143.0000	0.0000	queue=0.1807;delay=0.2065;waiting=9.6228;pressure=5.4472;switches=0.3667
ingolstadt1_efficiency_aligned_dqn_morl_grid	SIM_TRAIN	158	39.3	0.0	-0.83	0.76	0.10	1707	-0.23	0.0000			0.0000						
ingolstadt1_efficiency_aligned_dqn_morl_grid	SIM_TRAIN	159	38.8	0.0	-0.62	0.55	0.10	1707	-0.21	0.0000			0.0000						
ingolstadt1_efficiency_aligned_dqn_morl_grid	REAL_TRAIN	32	51.1	100.0	-2.01	1.63	0.19	1702		-0.2309	queue=0.0167;delay=0.1859;waiting=0.0283;pressure=0.0;switches=0.0	refine;w=delay=0.5;pressure=0.5;ckpt16	0.0000	81.9601	26.5703	2.0000	168.0000	0.0000	queue=0.1671;delay=0.1859;waiting=5.662;pressure=5.4028;switches=0.3667
ingolstadt1_efficiency_aligned_dqn_morl_grid	SIM_TRAIN	160	78.0	0.0	-0.93	0.79	0.11	1614	-0.23	0.0000			0.0000						
ingolstadt1_efficiency_aligned_dqn_morl_grid	SIM_TRAIN	161	31.2	0.0	-0.64	0.56	0.08	1707	-0.21	0.0000			0.0000						
ingolstadt1_efficiency_aligned_dqn_morl_grid	REAL_TRAIN	34	43.5	100.0	-1.74	1.42	0.18	1705		-0.2147	queue=0.0151;delay=0.1811;waiting=0.0185;pressure=0.0;switches=0.0	refine;w=delay=0.5;pressure=0.5;ckpt18	0.0000	81.5811	26.4474	2.0000	174.0000	0.0000	queue=0.1506;delay=0.1811;waiting=3.6999;pressure=5.2417;switches=0.5194
ingolstadt1_efficiency_aligned_dqn_morl_grid	SIM_TRAIN	162	35.8	0.0	-0.56	0.52	0.09	1707	-0.21	0.0000			0.0000						
ingolstadt1_efficiency_aligned_dqn_morl_grid	SIM_TRAIN	163	38.6	0.0	-0.62	0.56	0.10	1707	-0.21	0.0000			0.0000						
ingolstadt1_efficiency_aligned_dqn_morl_grid	REAL_TRAIN	36	44.9	100.0	-2.05	1.64	0.19	1704		-0.2249	queue=0.017;delay=0.1871;waiting=0.0208;pressure=0.0;switches=0.0	refine;w=delay=0.5;pressure=0.5;ckpt20	0.0000	83.2841	26.9995	5.0000	230.0000	0.0000	queue=0.1701;delay=0.1871;waiting=4.1527;pressure=5.5361;switches=0.5417
ingolstadt1_efficiency_aligned_dqn_morl_grid	SIM_TRAIN	164	31.4	0.0	-0.63	0.57	0.09	1707	-0.22	0.0000			0.0000						
ingolstadt1_efficiency_aligned_dqn_morl_grid	SIM_TRAIN	165	31.0	0.0	-0.52	0.48	0.08	1707	-0.21	0.0000			0.0000						
ingolstadt1_efficiency_aligned_dqn_morl_grid	REAL_TRAIN	38	46.2	100.0	-1.63	1.29	0.19	1705		-0.2184	queue=0.0135;delay=0.1852;waiting=0.0197;pressure=0.0;switches=0.0	refine;w=delay=0.5;pressure=0.5;ckpt22	0.0000	81.1258	26.2998	2.0000	181.0000	0.0000	queue=0.1348;delay=0.1852;waiting=3.9442;pressure=5.1667;switches=0.4833
ingolstadt1_efficiency_aligned_dqn_morl_grid	SIM_TRAIN	166	36.1	0.0	-0.71	0.62	0.10	1706	-0.22	0.0000			0.0000						
ingolstadt1_efficiency_aligned_dqn_morl_grid	SIM_TRAIN	167	31.3	0.0	-0.53	0.43	0.09	1707	-0.21	0.0000			0.0000						
ingolstadt1_efficiency_aligned_dqn_morl_grid	REAL_TRAIN	40	41.8	100.0	-1.63	1.34	0.17	1705		-0.2050	queue=0.0141;delay=0.1749;waiting=0.0161;pressure=0.0;switches=0.0	refine;w=delay=0.5;pressure=0.5;ckpt24	0.0000	80.8717	26.2174	5.0000	188.0000	0.0000	queue=0.1407;delay=0.1749;waiting=3.2106;pressure=5.1639;switches=0.5333
ingolstadt1_efficiency_aligned_dqn_morl_grid	SIM_TRAIN	168	37.5	0.0	-0.59	0.56	0.09	1707	-0.21	0.0000			0.0000						
ingolstadt1_efficiency_aligned_dqn_morl_grid	SIM_TRAIN	169	40.4	0.0	-0.67	0.58	0.09	1707	-0.21	0.0000			0.0000						
ingolstadt1_efficiency_aligned_dqn_morl_grid	REAL_TRAIN	42	42.0	100.0	-1.80	1.46	0.17	1705		-0.2045	queue=0.0152;delay=0.1732;waiting=0.0161;pressure=0.0;switches=0.0	refine;w=delay=0.5;pressure=0.5;ckpt26	0.0000	81.9901	26.5800	4.0000	212.0000	0.0000	queue=0.1519;delay=0.1732;waiting=3.226;pressure=5.2861;switches=0.5667
ingolstadt1_efficiency_aligned_dqn_morl_grid	SIM_TRAIN	170	42.1	0.0	-0.80	0.69	0.11	1707	-0.23	0.0000			0.0000						
ingolstadt1_efficiency_aligned_dqn_morl_grid	SIM_TRAIN	171	34.5	0.0	-0.69	0.64	0.10	1706	-0.22	0.0000			0.0000						
ingolstadt1_efficiency_aligned_dqn_morl_grid	REAL_TRAIN	44	40.4	100.0	-1.63	1.34	0.18	1704		-0.2103	queue=0.0142;delay=0.1828;waiting=0.0133;pressure=0.0;switches=0.0	refine;w=delay=0.5;pressure=0.5;ckpt28	0.0000	81.2418	26.3374	4.0000	181.0000	0.0000	queue=0.142;delay=0.1828;waiting=2.6617;pressure=5.2361;switches=0.65
ingolstadt1_efficiency_aligned_dqn_morl_grid	SIM_TRAIN	172	32.2	0.0	-0.53	0.47	0.08	1706	-0.21	0.0000			0.0000						
ingolstadt1_efficiency_aligned_dqn_morl_grid	SIM_TRAIN	173	52.6	0.0	-0.72	0.64	0.10	1706	-0.21	0.0000			0.0000						
ingolstadt1_efficiency_aligned_dqn_morl_grid	REAL_TRAIN	46	51.0	100.0	-2.06	1.63	0.20	1704		-0.2496	queue=0.0173;delay=0.1968;waiting=0.0355;pressure=0.0;switches=0.0	refine;w=delay=0.5;pressure=0.5;ckpt30	0.0000	82.5332	26.7561	3.0000	165.0000	0.0000	queue=0.1731;delay=0.1968;waiting=7.1049;pressure=5.4444;switches=0.3972
ingolstadt1_efficiency_aligned_dqn_morl_grid	SIM_TRAIN	174	160.3	0.0	-1.33	1.05	0.15	1525	-0.26	0.0000			0.0000						
ingolstadt1_efficiency_aligned_dqn_morl_grid	SIM_TRAIN	175	31.2	0.0	-0.54	0.50	0.09	1707	-0.21	0.0000			0.0000						
ingolstadt1_efficiency_aligned_dqn_morl_grid	REAL_TRAIN	48	42.0	100.0	-1.83	1.52	0.17	1705		-0.2087	queue=0.0155;delay=0.1743;waiting=0.019;pressure=0.0;switches=0.0	refine;w=delay=0.5;pressure=0.5;ckpt32	0.0000	81.8669	26.5400	0.0000	189.0000	0.0000	queue=0.1549;delay=0.1743;waiting=3.794;pressure=5.3389;switches=0.4833
ingolstadt1_efficiency_aligned_dqn_morl_grid	SIM_TRAIN	176	35.1	0.0	-0.55	0.48	0.09	1707	-0.21	0.0000			0.0000						
ingolstadt1_efficiency_aligned_dqn_morl_grid	SIM_TRAIN	177	55.3	0.0	-0.96	0.88	0.11	1707	-0.24	0.0000			0.0000						
ingolstadt1_efficiency_aligned_dqn_morl_grid	REAL_TRAIN	50	43.9	100.0	-1.67	1.38	0.19	1702		-0.2164	queue=0.0148;delay=0.1887;waiting=0.0129;pressure=0.0;switches=0.0	refine;w=delay=0.5;pressure=0.5;ckpt34	0.0000	81.2264	26.3324	2.0000	178.0000	0.0000	queue=0.1481;delay=0.1887;waiting=2.5798;pressure=5.2056;switches=0.6139
ingolstadt1_efficiency_aligned_dqn_morl_grid	SIM_TRAIN	178	38.9	0.0	-0.71	0.62	0.10	1707	-0.22	0.0000			0.0000						
ingolstadt1_efficiency_aligned_dqn_morl_grid	SIM_TRAIN	179	34.1	0.0	-0.78	0.74	0.09	1706	-0.22	0.0000			0.0000						
ingolstadt1_efficiency_aligned_dqn_morl_grid	REAL_TRAIN	52	82.2	100.0	-2.75	2.13	0.22	1615		-0.3032	queue=0.0232;delay=0.2171;waiting=0.0629;pressure=0.0;switches=0.0	refine;w=delay=0.5;pressure=0.5;ckpt36	0.0000	83.3296	27.0143	2.0000	128.0000	0.0000	queue=0.2324;delay=0.2171;waiting=12.5768;pressure=5.8722;switches=0.3667
ingolstadt1_efficiency_aligned_dqn_morl_grid	SIM_TRAIN	180	47.2	0.0	-0.86	0.71	0.11	1706	-0.23	0.0000			0.0000						
ingolstadt1_efficiency_aligned_dqn_morl_grid	SIM_TRAIN	181	38.4	0.0	-0.73	0.66	0.09	1706	-0.22	0.0000			0.0000						
ingolstadt1_efficiency_aligned_dqn_morl_grid	REAL_TRAIN	54	45.5	100.0	-2.09	1.66	0.20	1702		-0.2362	queue=0.0178;delay=0.197;waiting=0.0214;pressure=0.0;switches=0.0	refine;w=delay=0.5;pressure=0.5;ckpt38	0.0000	83.1203	26.9464	8.0000	200.0000	0.0000	queue=0.1784;delay=0.197;waiting=4.2752;pressure=5.4917;switches=0.4889
ingolstadt1_efficiency_aligned_dqn_morl_grid	SIM_TRAIN	182	31.3	0.0	-0.52	0.46	0.08	1706	-0.21	0.0000			0.0000						
ingolstadt1_efficiency_aligned_dqn_morl_grid	SIM_TRAIN	183	58.6	0.0	-1.07	0.90	0.12	1706	-0.24	0.0000			0.0000						
ingolstadt1_efficiency_aligned_dqn_morl_grid	REAL_TRAIN	56	52.8	100.0	-1.91	1.58	0.21	1680		-0.2544	queue=0.0166;delay=0.2056;waiting=0.0322;pressure=0.0;switches=0.0	refine;w=delay=0.5;pressure=0.5;ckpt40	0.0000	81.5902	26.4504	3.0000	139.0000	0.0000	queue=0.1658;delay=0.2056;waiting=6.4454;pressure=5.3361;switches=0.4528
ingolstadt1_efficiency_aligned_dqn_morl_grid	SIM_TRAIN	184	33.8	0.0	-0.67	0.57	0.10	1706	-0.21	0.0000			0.0000						
ingolstadt1_efficiency_aligned_dqn_morl_grid	SIM_TRAIN	185	33.5	0.0	-0.65	0.56	0.09	1707	-0.21	0.0000			0.0000						
ingolstadt1_efficiency_aligned_dqn_morl_grid	REAL_TRAIN	58	42.7	100.0	-2.31	1.85	0.20	1697		-0.2402	queue=0.0198;delay=0.1989;waiting=0.0215;pressure=0.0;switches=0.0	refine;w=delay=0.5;pressure=0.5;ckpt42	0.0000	84.5973	27.4252	6.0000	247.0000	0.0000	queue=0.198;delay=0.1989;waiting=4.3093;pressure=5.7667;switches=0.5778
ingolstadt1_efficiency_aligned_dqn_morl_grid	SIM_TRAIN	186	39.3	0.0	-0.71	0.61	0.10	1706	-0.22	0.0000			0.0000						
ingolstadt1_efficiency_aligned_dqn_morl_grid	SIM_TRAIN	187	35.7	0.0	-0.94	0.87	0.10	1706	-0.23	0.0000			0.0000						
ingolstadt1_efficiency_aligned_dqn_morl_grid	REAL_TRAIN	60	61.9	100.0	-13.19	11.81	0.27	1696		-1.0027	queue=0.1105;delay=0.2662;waiting=0.6261;pressure=0.0;switches=0.0	refine;w=delay=0.5;pressure=0.5;ckpt44	0.0000	137.7968	44.6721	3.0000	413.0000	0.0000	queue=1.1046;delay=0.2662;waiting=125.2112;pressure=15.4833;switches=0.4306
ingolstadt1_efficiency_aligned_dqn_morl_grid	SIM_TRAIN	188	38.6	0.0	-0.72	0.62	0.10	1706	-0.22	0.0000			0.0000						
ingolstadt1_efficiency_aligned_dqn_morl_grid	SIM_TRAIN	189	50.6	0.0	-0.64	0.57	0.10	1707	-0.21	0.0000			0.0000						
ingolstadt1_efficiency_aligned_dqn_morl_grid	REAL_TRAIN	62	68.8	100.0	-2.86	2.28	0.22	1657		-0.3133	queue=0.0239;delay=0.2226;waiting=0.0668;pressure=0.0;switches=0.0	refine;w=delay=0.5;pressure=0.5;ckpt46	0.0000	85.0596	27.5751	1.0000	175.0000	0.0000	queue=0.2392;delay=0.2226;waiting=13.3586;pressure=6.0972;switches=0.3306
ingolstadt1_efficiency_aligned_dqn_morl_grid	SIM_TRAIN	190	32.9	0.0	-0.63	0.57	0.09	1688	-0.21	0.0000			0.0000						
ingolstadt1_efficiency_aligned_dqn_morl_grid	SIM_TRAIN	191	36.0	0.0	-0.72	0.64	0.10	1707	-0.22	0.0000			0.0000						
ingolstadt1_efficiency_aligned_dqn_morl_grid	REAL_TRAIN	64	60.0	100.0	-10.53	9.33	0.25	1705		-0.7392	queue=0.0878;delay=0.2507;waiting=0.4007;pressure=0.0;switches=0.0	refine;w=delay=0.5;pressure=0.5;ckpt48	0.0000	125.2494	40.6044	2.0000	371.0000	0.0000	queue=0.8779;delay=0.2507;waiting=80.1438;pressure=13.1528;switches=0.4722
ingolstadt1_efficiency_aligned_dqn_morl_grid	SIM_TRAIN	192	31.7	0.0	-0.61	0.56	0.09	1707	-0.21	0.0000			0.0000						
ingolstadt1_efficiency_aligned_dqn_morl_grid	SIM_TRAIN	193	34.5	0.0	-0.72	0.65	0.09	1706	-0.22	0.0000			0.0000						
ingolstadt1_efficiency_aligned_dqn_morl_grid	REAL_TRAIN	66	108.9	100.0	-3.64	2.91	0.26	1545		-0.4490	queue=0.0306;delay=0.2551;waiting=0.1633;pressure=0.0;switches=0.0	refine;w=delay=0.5;pressure=0.5;ckpt50	0.0000	87.3387	28.3140	1.0000	149.0000	0.0000	queue=0.3063;delay=0.2551;waiting=32.6639;pressure=6.6083;switches=0.2389
ingolstadt1_efficiency_aligned_dqn_morl_grid	SIM_TRAIN	194	31.2	0.0	-0.69	0.64	0.08	1706	-0.21	0.0000			0.0000						
ingolstadt1_efficiency_aligned_dqn_morl_grid	SIM_TRAIN	195	34.5	0.0	-0.69	0.62	0.10	1706	-0.22	0.0000			0.0000						
ingolstadt1_efficiency_aligned_dqn_morl_grid	REAL_TRAIN	68	39.7	100.0	-1.79	1.46	0.18	1703		-0.2082	queue=0.0152;delay=0.1772;waiting=0.0158;pressure=0.0;switches=0.0	refine;w=delay=0.5;pressure=0.5;ckpt52	0.0000	81.9382	26.5632	6.0000	238.0000	0.0000	queue=0.1517;delay=0.1772;waiting=3.1585;pressure=5.3278;switches=0.575
ingolstadt1_efficiency_aligned_dqn_morl_grid	SIM_TRAIN	196	33.0	0.0	-0.99	0.92	0.09	1706	-0.24	0.0000			0.0000						
ingolstadt1_efficiency_aligned_dqn_morl_grid	SIM_TRAIN	197	32.2	0.0	-0.70	0.64	0.09	1707	-0.22	0.0000			0.0000						
ingolstadt1_efficiency_aligned_dqn_morl_grid	REAL_TRAIN	70	44.1	100.0	-1.85	1.49	0.18	1705		-0.2121	queue=0.0157;delay=0.1804;waiting=0.016;pressure=0.0;switches=0.0	refine;w=delay=0.5;pressure=0.5;ckpt54	0.0000	81.8636	26.5390	2.0000	193.0000	0.0000	queue=0.1568;delay=0.1804;waiting=3.2069;pressure=5.3056;switches=0.5528
ingolstadt1_efficiency_aligned_dqn_morl_grid	SIM_TRAIN	198	36.8	0.0	-0.73	0.64	0.09	1706	-0.22	0.0000			0.0000						
ingolstadt1_efficiency_aligned_dqn_morl_grid	SIM_TRAIN	199	33.0	0.0	-0.68	0.59	0.09	1706	-0.21	0.0000			0.0000						
ingolstadt1_efficiency_aligned_dqn_morl_grid	REAL_TRAIN	72	87.4	100.0	-2.88	2.35	0.22	1663		-0.3309	queue=0.0245;delay=0.2215;waiting=0.0849;pressure=0.0;switches=0.0	refine;w=delay=0.5;pressure=0.5;ckpt56	0.0000	86.2276	27.9538	4.0000	180.0000	0.0000	queue=0.2453;delay=0.2215;waiting=16.9781;pressure=6.1194;switches=0.3611
ingolstadt1_efficiency_aligned_dqn_morl_grid	SIM_TRAIN	200	36.8	0.0	-0.73	0.68	0.10	1707	-0.22	0.0000			0.0000						
ingolstadt1_efficiency_aligned_dqn_morl_grid	SIM_TRAIN	201	31.8	0.0	-0.80	0.76	0.09	1707	-0.22	0.0000			0.0000						
ingolstadt1_efficiency_aligned_dqn_morl_grid	REAL_TRAIN	74	42.3	100.0	-1.74	1.44	0.17	1704		-0.2038	queue=0.0149;delay=0.1737;waiting=0.0152;pressure=0.0;switches=0.0	refine;w=delay=0.5;pressure=0.5;ckpt58	0.0000	81.2019	26.3245	3.0000	193.0000	0.0000	queue=0.1492;delay=0.1737;waiting=3.0383;pressure=5.25;switches=0.5278
ingolstadt1_efficiency_aligned_dqn_morl_grid	SIM_TRAIN	202	34.3	0.0	-0.64	0.57	0.09	1707	-0.21	0.0000			0.0000						
ingolstadt1_efficiency_aligned_dqn_morl_grid	SIM_TRAIN	203	46.2	0.0	-0.74	0.64	0.10	1707	-0.22	0.0000			0.0000						
ingolstadt1_efficiency_aligned_dqn_morl_grid	REAL_TRAIN	76	85.8	100.0	-2.96	2.30	0.22	1519		-0.3589	queue=0.0248;delay=0.2203;waiting=0.1139;pressure=0.0;switches=0.0	refine;w=delay=0.5;pressure=0.5;ckpt60	0.0000	81.8633	26.5389	0.0000	126.0000	0.0000	queue=0.2482;delay=0.2203;waiting=22.7715;pressure=6.0194;switches=0.2444
ingolstadt1_efficiency_aligned_dqn_morl_grid	SIM_TRAIN	204	31.7	0.0	-0.64	0.59	0.09	1707	-0.21	0.0000			0.0000						
ingolstadt1_efficiency_aligned_dqn_morl_grid	SIM_TRAIN	205	56.9	0.0	-0.94	0.81	0.11	1707	-0.23	0.0000			0.0000						
ingolstadt1_efficiency_aligned_dqn_morl_grid	REAL_TRAIN	78	47.2	100.0	-5.54	4.39	0.24	1686		-0.3739	queue=0.0462;delay=0.2362;waiting=0.0915;pressure=0.0;switches=0.0	refine;w=delay=0.5;pressure=0.5;ckpt62	163.0000	97.1685	31.5007	1.0000	304.0000	0.0000	queue=0.462;delay=0.2362;waiting=18.3024;pressure=8.2722;switches=0.4083
ingolstadt1_efficiency_aligned_dqn_morl_grid	SIM_TRAIN	206	33.0	0.0	-0.78	0.71	0.09	1707	-0.22	0.0000			0.0000						
ingolstadt1_efficiency_aligned_dqn_morl_grid	SIM_TRAIN	207	65.0	0.0	-0.81	0.71	0.11	1670	-0.23	0.0000			0.0000						
ingolstadt1_efficiency_aligned_dqn_morl_grid	REAL_TRAIN	80	49.1	100.0	-4.51	3.63	0.23	1681		-0.3292	queue=0.038;delay=0.2286;waiting=0.0626;pressure=0.0;switches=0.0	refine;w=delay=0.5;pressure=0.5;ckpt64	164.0000	93.0788	30.1749	3.0000	308.0000	0.0000	queue=0.3796;delay=0.2286;waiting=12.5171;pressure=7.5139;switches=0.4056
ingolstadt1_efficiency_aligned_dqn_morl_grid	SIM_TRAIN	208	36.9	0.0	-0.67	0.63	0.09	1706	-0.21	0.0000			0.0000						
ingolstadt1_efficiency_aligned_dqn_morl_grid	SIM_TRAIN	209	31.7	0.0	-0.57	0.51	0.09	1707	-0.21	0.0000			0.0000						
ingolstadt1_efficiency_aligned_dqn_morl_grid	REAL_TRAIN	82	144.2	100.0	-2.85	2.21	0.27	1238		-0.9500	queue=0.0236;delay=0.2728;waiting=0.6536;pressure=0.0;switches=0.0	refine;w=delay=0.5;pressure=0.5;ckpt66	0.0000	74.4669	24.1411	1.0000	113.0000	0.0000	queue=0.2364;delay=0.2728;waiting=130.7117;pressure=5.7833;switches=0.0889
ingolstadt1_efficiency_aligned_dqn_morl_grid	SIM_TRAIN	210	32.4	0.0	-0.51	0.46	0.09	1707	-0.20	0.0000			0.0000						
ingolstadt1_efficiency_aligned_dqn_morl_grid	SIM_TRAIN	211	32.0	0.0	-0.51	0.47	0.09	1707	-0.21	0.0000			0.0000						
ingolstadt1_efficiency_aligned_dqn_morl_grid	REAL_TRAIN	84	65.6	100.0	-2.86	2.21	0.23	1680		-0.3076	queue=0.024;delay=0.2281;waiting=0.0555;pressure=0.0;switches=0.0	refine;w=delay=0.5;pressure=0.5;ckpt68	0.0000	85.7465	27.7978	4.0000	163.0000	0.0000	queue=0.2402;delay=0.2281;waiting=11.0914;pressure=6.0472;switches=0.3417
ingolstadt1_efficiency_aligned_dqn_morl_grid	SIM_TRAIN	212	43.6	0.0	-0.78	0.67	0.11	1707	-0.22	0.0000			0.0000						
ingolstadt1_efficiency_aligned_dqn_morl_grid	SIM_TRAIN	213	33.1	0.0	-0.63	0.60	0.09	1707	-0.21	0.0000			0.0000						
ingolstadt1_efficiency_aligned_dqn_morl_grid	REAL_TRAIN	86	45.3	100.0	-2.44	1.98	0.20	1704		-0.2446	queue=0.0207;delay=0.2008;waiting=0.0231;pressure=0.0;switches=0.0	refine;w=delay=0.5;pressure=0.5;ckpt70	0.0000	84.3310	27.3389	3.0000	239.0000	0.0000	queue=0.2075;delay=0.2008;waiting=4.617;pressure=5.85;switches=0.5028
ingolstadt1_efficiency_aligned_dqn_morl_grid	SIM_TRAIN	214	43.5	0.0	-0.80	0.74	0.11	1706	-0.23	0.0000			0.0000						
ingolstadt1_efficiency_aligned_dqn_morl_grid	SIM_TRAIN	215	54.1	0.0	-1.11	1.00	0.12	1707	-0.25	0.0000			0.0000						
ingolstadt1_efficiency_aligned_dqn_morl_grid	REAL_TRAIN	88	152.7	100.0	-2.73	2.11	0.28	1143		-1.8840	queue=0.0228;delay=0.2823;waiting=1.5789;pressure=0.0;switches=0.0	refine;w=delay=0.5;pressure=0.5;ckpt72	0.0000	70.5543	22.8727	0.0000	110.0000	0.0000	queue=0.2281;delay=0.2823;waiting=315.7785;pressure=5.6361;switches=0.0389
ingolstadt1_efficiency_aligned_dqn_morl_grid	SIM_TRAIN	216	39.3	0.0	-0.85	0.76	0.10	1707	-0.23	0.0000			0.0000						
ingolstadt1_efficiency_aligned_dqn_morl_grid	SIM_TRAIN	217	33.3	0.0	-0.62	0.59	0.09	1707	-0.22	0.0000			0.0000						
ingolstadt1_efficiency_aligned_dqn_morl_grid	REAL_TRAIN	90	43.4	100.0	-2.12	1.71	0.19	1704		-0.2254	queue=0.0179;delay=0.1894;waiting=0.0181;pressure=0.0;switches=0.0	refine;w=delay=0.5;pressure=0.5;ckpt74	0.0000	83.0644	26.9283	4.0000	227.0000	0.0000	queue=0.1789;delay=0.1894;waiting=3.612;pressure=5.6056;switches=0.4694
ingolstadt1_efficiency_aligned_dqn_morl_grid	SIM_TRAIN	218	39.4	0.0	-0.62	0.54	0.10	1707	-0.22	0.0000			0.0000						
ingolstadt1_efficiency_aligned_dqn_morl_grid	SIM_TRAIN	219	31.5	0.0	-0.65	0.59	0.08	1706	-0.21	0.0000			0.0000						
ingolstadt1_efficiency_aligned_dqn_morl_grid	REAL_TRAIN	92	127.8	100.0	-2.71	2.10	0.27	1365		-1.1378	queue=0.0227;delay=0.2667;waiting=0.8484;pressure=0.0;switches=0.0	refine;w=delay=0.5;pressure=0.5;ckpt76	0.0000	77.9562	25.2723	0.0000	115.0000	0.0000	queue=0.2269;delay=0.2667;waiting=169.6834;pressure=5.7111;switches=0.1667
ingolstadt1_efficiency_aligned_dqn_morl_grid	SIM_TRAIN	220	39.6	0.0	-0.71	0.63	0.10	1707	-0.22	0.0000			0.0000						
ingolstadt1_efficiency_aligned_dqn_morl_grid	SIM_TRAIN	221	37.8	0.0	-0.77	0.70	0.10	1707	-0.23	0.0000			0.0000						
ingolstadt1_efficiency_aligned_dqn_morl_grid	REAL_TRAIN	94	54.3	100.0	-2.22	1.76	0.21	1617		-0.3054	queue=0.019;delay=0.2056;waiting=0.0808;pressure=0.0;switches=0.0	refine;w=delay=0.5;pressure=0.5;ckpt78	0.0000	81.4272	26.3975	4.0000	185.0000	0.0000	queue=0.1898;delay=0.2056;waiting=16.1564;pressure=5.5833;switches=0.4444
ingolstadt1_efficiency_aligned_dqn_morl_grid	SIM_TRAIN	222	31.9	0.0	-0.59	0.55	0.08	1707	-0.20	0.0000			0.0000						
ingolstadt1_efficiency_aligned_dqn_morl_grid	SIM_TRAIN	223	33.7	0.0	-0.73	0.65	0.10	1707	-0.22	0.0000			0.0000						
ingolstadt1_efficiency_aligned_dqn_morl_grid	REAL_TRAIN	96	114.5	100.0	-2.90	2.26	0.25	1517		-0.5112	queue=0.0244;delay=0.2466;waiting=0.2403;pressure=0.0;switches=0.0	refine;w=delay=0.5;pressure=0.5;ckpt80	0.0000	82.5453	26.7600	1.0000	142.0000	0.0000	queue=0.2436;delay=0.2466;waiting=48.0583;pressure=5.9278;switches=0.2778
ingolstadt1_efficiency_aligned_dqn_morl_grid	SIM_TRAIN	224	31.6	0.0	-0.60	0.54	0.08	1707	-0.21	0.0000			0.0000						
ingolstadt1_efficiency_aligned_dqn_morl_grid	SIM_TRAIN	225	32.2	0.0	-0.65	0.58	0.09	1707	-0.21	0.0000			0.0000						
ingolstadt1_efficiency_aligned_dqn_morl_grid	REAL_TRAIN	98	39.4	100.0	-2.08	1.75	0.19	1697		-0.2255	queue=0.018;delay=0.194;waiting=0.0135;pressure=0.0;switches=0.0	refine;w=delay=0.5;pressure=0.5;ckpt82	0.0000	83.6906	27.1313	4.0000	282.0000	0.0000	queue=0.18;delay=0.194;waiting=2.6925;pressure=5.6361;switches=0.55
ingolstadt1_efficiency_aligned_dqn_morl_grid	SIM_TRAIN	226	36.3	0.0	-0.58	0.53	0.09	1706	-0.21	0.0000			0.0000						
ingolstadt1_efficiency_aligned_dqn_morl_grid	SIM_TRAIN	227	34.3	0.0	-0.67	0.64	0.09	1707	-0.22	0.0000			0.0000						
ingolstadt1_efficiency_aligned_dqn_morl_grid	REAL_TRAIN	100	42.1	100.0	-1.74	1.44	0.18	1704		-0.2148	queue=0.015;delay=0.1806;waiting=0.0192;pressure=0.0;switches=0.0	refine;w=delay=0.5;pressure=0.5;ckpt84	0.0000	81.4949	26.4194	3.0000	188.0000	0.0000	queue=0.1496;delay=0.1806;waiting=3.8439;pressure=5.2611;switches=0.5139
ingolstadt1_efficiency_aligned_dqn_morl_grid	SIM_TRAIN	228	39.8	0.0	-0.76	0.72	0.09	1707	-0.22	0.0000			0.0000						
ingolstadt1_efficiency_aligned_dqn_morl_grid	SIM_TRAIN	229	33.0	0.0	-0.54	0.50	0.09	1706	-0.21	0.0000			0.0000						
ingolstadt1_efficiency_aligned_dqn_morl_grid	REAL_TRAIN	102	42.8	100.0	-1.89	1.56	0.19	1705		-0.2204	queue=0.0164;delay=0.1876;waiting=0.0164;pressure=0.0;switches=0.0	refine;w=delay=0.5;pressure=0.5;ckpt86	0.0000	82.6913	26.8073	5.0000	213.0000	0.0000	queue=0.1644;delay=0.1876;waiting=3.2832;pressure=5.4139;switches=0.5444
ingolstadt1_efficiency_aligned_dqn_morl_grid	SIM_TRAIN	230	38.4	0.0	-0.72	0.63	0.10	1707	-0.22	0.0000			0.0000						
ingolstadt1_efficiency_aligned_dqn_morl_grid	SIM_TRAIN	231	31.2	0.0	-0.58	0.52	0.08	1707	-0.20	0.0000			0.0000						
ingolstadt1_efficiency_aligned_dqn_morl_grid	REAL_TRAIN	104	135.0	100.0	-3.73	2.88	0.27	1159		-2.4064	queue=0.0314;delay=0.2728;waiting=2.1022;pressure=0.0;switches=0.0	refine;w=delay=0.5;pressure=0.5;ckpt88	0.0000	75.1076	24.3489	0.0000	122.0000	0.0000	queue=0.3139;delay=0.2728;waiting=420.4487;pressure=6.4417;switches=0.0667
ingolstadt1_efficiency_aligned_dqn_morl_grid	SIM_TRAIN	232	31.3	0.0	-0.52	0.48	0.09	1707	-0.21	0.0000			0.0000						
ingolstadt1_efficiency_aligned_dqn_morl_grid	SIM_TRAIN	233	37.7	0.0	-0.72	0.63	0.09	1705	-0.22	0.0000			0.0000						
ingolstadt1_efficiency_aligned_dqn_morl_grid	REAL_TRAIN	106	45.1	100.0	-1.98	1.60	0.20	1700		-0.2336	queue=0.0167;delay=0.1965;waiting=0.0204;pressure=0.0;switches=0.0	refine;w=delay=0.5;pressure=0.5;ckpt90	0.0000	82.6825	26.8044	6.0000	204.0000	0.0000	queue=0.1674;delay=0.1965;waiting=4.0799;pressure=5.4278;switches=0.5306
ingolstadt1_efficiency_aligned_dqn_morl_grid	SIM_TRAIN	234	35.3	0.0	-0.73	0.65	0.10	1706	-0.21	0.0000			0.0000						
ingolstadt1_efficiency_aligned_dqn_morl_grid	SIM_TRAIN	235	31.2	0.0	-0.64	0.59	0.08	1707	-0.21	0.0000			0.0000						
ingolstadt1_efficiency_aligned_dqn_morl_grid	REAL_TRAIN	108	48.9	100.0	-1.80	1.46	0.20	1685		-0.2458	queue=0.0155;delay=0.1992;waiting=0.0312;pressure=0.0;switches=0.0	refine;w=delay=0.5;pressure=0.5;ckpt92	0.0000	81.5381	26.4335	1.0000	163.0000	0.0000	queue=0.1548;delay=0.1992;waiting=6.2345;pressure=5.2528;switches=0.4167
ingolstadt1_efficiency_aligned_dqn_morl_grid	SIM_TRAIN	236	31.2	0.0	-0.52	0.44	0.08	1707	-0.21	0.0000			0.0000						
ingolstadt1_efficiency_aligned_dqn_morl_grid	REAL_TRAIN	109	43.3	100.0	-1.66	1.34	0.18	1703		-0.2120	queue=0.0142;delay=0.1774;waiting=0.0204;pressure=0.0;switches=0.0	refine;w=delay=0.5;pressure=0.5;ckpt93	0.0000	80.7371	26.1738	3.0000	178.0000	0.0000	queue=0.1417;delay=0.1774;waiting=4.0833;pressure=5.1806;switches=0.4278
ingolstadt1_efficiency_aligned_dqn_morl_grid	REAL_TEST	0	40.4	100.0	-1.85	1.53	0.17	1704		-0.2027	queue=0.0158;delay=0.1708;waiting=0.0161;pressure=0.0;switches=0.0		0.0000	82.0293	26.5927	1.0000	218.0000	0.0000	queue=0.1576;delay=0.1708;waiting=3.2269;pressure=5.325;switches=0.475
