ingolstadt7_sensor5_presslight_latent_observation	REAL_TEST	2	957.1	100.0	-51.83	10.56	0.24	495
ingolstadt7_sensor5_presslight_latent_observation	REAL_TEST	4	1408.4	100.0	-56.91	21.86	0.30	438
ingolstadt7_sensor5_presslight_latent_observation	REAL_TEST	6	1628.1	100.0	-79.45	19.57	0.30	293
ingolstadt7_sensor5_presslight_latent_observation	REAL_TEST	8	1150.4	100.0	-62.95	17.55	0.28	698
ingolstadt7_sensor5_presslight_latent_observation	REAL_TEST	10	1103.4	100.0	-48.73	12.21	0.25	610
ingolstadt7_sensor5_presslight_latent_observation	REAL_TEST	12	1394.7	100.0	-64.65	18.60	0.31	464
ingolstadt7_sensor5_presslight_latent_observation	REAL_TEST	14	1061.8	100.0	-64.63	16.66	0.26	636
ingolstadt7_sensor5_presslight_latent_observation	REAL_TEST	16	1075.1	100.0	-49.16	17.02	0.24	537
ingolstadt7_sensor5_presslight_latent_observation	REAL_TEST	18	858.1	100.0	-58.40	12.48	0.28	669
ingolstadt7_sensor5_presslight_latent_observation	REAL_TEST	20	1466.7	100.0	-70.71	15.01	0.30	416
ingolstadt7_sensor5_presslight_latent_observation	REAL_TEST	22	262.4	100.0	-29.26	4.20	0.17	1767
ingolstadt7_sensor5_presslight_latent_observation	REAL_TEST	24	1005.9	100.0	-56.49	13.24	0.28	690
ingolstadt7_sensor5_presslight_latent_observation	REAL_TEST	26	702.0	100.0	-45.81	14.22	0.24	1038
ingolstadt7_sensor5_presslight_latent_observation	REAL_TEST	28	766.0	100.0	-58.61	16.16	0.29	1000
ingolstadt7_sensor5_presslight_latent_observation	REAL_TEST	30	434.5	100.0	-38.16	9.17	0.23	1460
ingolstadt7_sensor5_presslight_latent_observation	REAL_TEST	32	408.6	100.0	-42.51	7.58	0.19	1163
ingolstadt7_sensor5_presslight_latent_observation	REAL_TEST	34	904.1	100.0	-55.63	14.07	0.28	831
ingolstadt7_sensor5_presslight_latent_observation	REAL_TEST	36	567.5	100.0	-29.62	11.07	0.23	1020
ingolstadt7_sensor5_presslight_latent_observation	REAL_TEST	38	676.4	100.0	-48.21	12.11	0.26	1032
ingolstadt7_sensor5_presslight_latent_observation	REAL_TEST	40	167.7	100.0	-21.68	3.37	0.16	2206
ingolstadt7_sensor5_presslight_latent_observation	REAL_TEST	42	881.5	100.0	-49.45	15.49	0.29	771
ingolstadt7_sensor5_presslight_latent_observation	REAL_TEST	44	494.6	100.0	-32.16	10.88	0.23	1383
ingolstadt7_sensor5_presslight_latent_observation	REAL_TEST	46	907.5	100.0	-55.49	15.36	0.30	829
ingolstadt7_sensor5_presslight_latent_observation	REAL_TEST	48	609.0	100.0	-63.54	12.83	0.26	1454
ingolstadt7_sensor5_presslight_latent_observation	REAL_TEST	50	731.1	100.0	-52.83	13.17	0.27	957
ingolstadt7_sensor5_presslight_latent_observation	REAL_TEST	52	640.9	100.0	-63.52	12.52	0.26	1354
ingolstadt7_sensor5_presslight_latent_observation	REAL_TEST	54	659.8	100.0	-60.73	11.28	0.27	1045
ingolstadt7_sensor5_presslight_latent_observation	REAL_TEST	56	1025.6	100.0	-80.19	13.94	0.29	619
ingolstadt7_sensor5_presslight_latent_observation	REAL_TEST	58	1073.1	100.0	-73.09	18.72	0.34	662
ingolstadt7_sensor5_presslight_latent_observation	REAL_TEST	60	1064.7	100.0	-73.60	17.55	0.31	732
ingolstadt7_sensor5_presslight_latent_observation	REAL_TEST	62	874.5	100.0	-41.94	12.92	0.24	708
ingolstadt7_sensor5_presslight_latent_observation	REAL_TEST	64	769.1	100.0	-61.91	13.80	0.28	882
ingolstadt7_sensor5_presslight_latent_observation	REAL_TEST	66	1013.4	100.0	-67.80	18.71	0.34	671
ingolstadt7_sensor5_presslight_latent_observation	REAL_TEST	68	723.1	100.0	-32.59	14.14	0.23	821
ingolstadt7_sensor5_presslight_latent_observation	REAL_TEST	70	574.4	100.0	-30.81	11.39	0.24	1086
ingolstadt7_sensor5_presslight_latent_observation	REAL_TEST	72	643.6	100.0	-35.86	16.24	0.26	1058
ingolstadt7_sensor5_presslight_latent_observation	REAL_TEST	74	721.7	100.0	-24.75	10.48	0.19	819
ingolstadt7_sensor5_presslight_latent_observation	REAL_TEST	76	525.2	100.0	-33.03	13.99	0.21	1111
ingolstadt7_sensor5_presslight_latent_observation	REAL_TEST	78	671.5	100.0	-32.07	10.71	0.21	903
ingolstadt7_sensor5_presslight_latent_observation	REAL_TEST	80	721.0	100.0	-27.35	13.85	0.19	802
ingolstadt7_sensor5_presslight_latent_observation	REAL_TEST	82	863.8	100.0	-60.65	13.11	0.29	774
ingolstadt7_sensor5_presslight_latent_observation	REAL_TEST	84	860.9	100.0	-50.16	13.97	0.24	756
ingolstadt7_sensor5_presslight_latent_observation	REAL_TEST	86	936.9	100.0	-45.39	16.65	0.27	743
ingolstadt7_sensor5_presslight_latent_observation	REAL_TEST	88	835.3	100.0	-53.95	14.62	0.26	725
ingolstadt7_sensor5_presslight_latent_observation	REAL_TEST	90	927.9	100.0	-43.99	15.40	0.25	745
ingolstadt7_sensor5_presslight_latent_observation	REAL_TEST	92	664.8	100.0	-40.47	14.80	0.21	888
ingolstadt7_sensor5_presslight_latent_observation	REAL_TEST	94	1039.8	100.0	-58.12	19.02	0.29	641
ingolstadt7_sensor5_presslight_latent_observation	REAL_TEST	96	423.2	100.0	-71.60	10.95	0.22	1645
ingolstadt7_sensor5_presslight_latent_observation	REAL_TEST	98	1039.2	100.0	-73.73	18.58	0.27	565
ingolstadt7_sensor5_presslight_latent_observation	REAL_TEST	100	987.3	100.0	-49.72	18.50	0.28	662
ingolstadt7_sensor5_presslight_latent_observation	REAL_TEST	102	586.4	100.0	-54.92	15.56	0.25	1058
ingolstadt7_sensor5_presslight_latent_observation	REAL_TEST	104	1019.4	100.0	-40.68	16.87	0.25	608
ingolstadt7_sensor5_presslight_latent_observation	REAL_TEST	106	734.9	100.0	-40.42	15.58	0.21	804
ingolstadt7_sensor5_presslight_latent_observation	REAL_TEST	108	1181.4	100.0	-53.27	16.82	0.28	520
ingolstadt7_sensor5_presslight_latent_observation	REAL_TEST	110	1090.1	100.0	-51.01	14.17	0.23	553
ingolstadt7_sensor5_presslight_latent_observation	REAL_TEST	112	744.9	100.0	-40.15	15.97	0.24	755
ingolstadt7_sensor5_presslight_latent_observation	REAL_TEST	114	1024.4	100.0	-66.69	17.47	0.32	593
ingolstadt7_sensor5_presslight_latent_observation	REAL_TEST	116	1216.6	100.0	-72.61	17.47	0.31	470
ingolstadt7_sensor5_presslight_latent_observation	REAL_TEST	118	1044.7	100.0	-59.80	16.17	0.30	596
ingolstadt7_sensor5_presslight_latent_observation	REAL_TEST	120	1010.3	100.0	-62.43	15.80	0.28	614
ingolstadt7_sensor5_presslight_latent_observation	REAL_TEST	122	927.0	100.0	-54.08	15.45	0.32	731
ingolstadt7_sensor5_presslight_latent_observation	REAL_TEST	124	718.4	100.0	-46.79	14.51	0.29	855
ingolstadt7_sensor5_presslight_latent_observation	REAL_TEST	126	1029.2	100.0	-65.84	17.01	0.31	632
ingolstadt7_sensor5_presslight_latent_observation	REAL_TEST	128	591.7	100.0	-50.14	13.38	0.27	1027
ingolstadt7_sensor5_presslight_latent_observation	REAL_TEST	130	526.9	100.0	-48.17	12.34	0.30	1542
ingolstadt7_sensor5_presslight_latent_observation	REAL_TEST	132	973.2	100.0	-76.52	14.00	0.28	795
ingolstadt7_sensor5_presslight_latent_observation	REAL_TEST	134	286.5	100.0	-53.40	7.25	0.20	1973
ingolstadt7_sensor5_presslight_latent_observation	REAL_TEST	136	605.4	100.0	-56.24	14.59	0.28	1064
ingolstadt7_sensor5_presslight_latent_observation	REAL_TEST	138	721.7	100.0	-39.89	16.10	0.27	914
ingolstadt7_sensor5_presslight_latent_observation	REAL_TEST	140	756.3	100.0	-51.01	18.32	0.28	922
ingolstadt7_sensor5_presslight_latent_observation	REAL_TEST	142	779.3	100.0	-47.11	12.64	0.23	844
ingolstadt7_sensor5_presslight_latent_observation	REAL_TEST	144	902.3	100.0	-70.80	19.70	0.31	805
ingolstadt7_sensor5_presslight_latent_observation	REAL_TEST	146	934.1	100.0	-63.49	15.14	0.29	688
ingolstadt7_sensor5_presslight_latent_observation	REAL_TEST	148	874.7	100.0	-71.60	15.05	0.28	792
ingolstadt7_sensor5_presslight_latent_observation	REAL_TEST	150	780.2	100.0	-39.61	16.90	0.28	866
ingolstadt7_sensor5_presslight_latent_observation	REAL_TEST	152	298.9	100.0	-27.03	11.05	0.20	1807
ingolstadt7_sensor5_presslight_latent_observation	REAL_TEST	154	855.4	100.0	-43.97	16.37	0.29	831
ingolstadt7_sensor5_presslight_latent_observation	REAL_TEST	156	832.8	100.0	-61.86	16.20	0.27	777
ingolstadt7_sensor5_presslight_latent_observation	REAL_TEST	158	910.9	100.0	-70.34	19.64	0.32	806
ingolstadt7_sensor5_presslight_latent_observation	REAL_TEST	160	909.7	100.0	-53.66	17.01	0.32	701
ingolstadt7_sensor5_presslight_latent_observation	REAL_TEST	162	643.7	100.0	-47.04	13.71	0.28	1029
ingolstadt7_sensor5_presslight_latent_observation	REAL_TEST	164	1051.6	100.0	-63.30	17.27	0.30	617
ingolstadt7_sensor5_presslight_latent_observation	REAL_TEST	166	985.5	100.0	-58.24	14.06	0.23	730
ingolstadt7_sensor5_presslight_latent_observation	REAL_TEST	168	854.3	100.0	-61.45	15.82	0.28	788
ingolstadt7_sensor5_presslight_latent_observation	REAL_TEST	170	666.7	100.0	-49.86	12.27	0.25	909
ingolstadt7_sensor5_presslight_latent_observation	REAL_TEST	172	785.2	100.0	-64.55	15.08	0.28	824
ingolstadt7_sensor5_presslight_latent_observation	REAL_TEST	174	801.4	100.0	-65.65	10.62	0.23	833
ingolstadt7_sensor5_presslight_latent_observation	REAL_TEST	176	594.4	100.0	-50.31	14.03	0.25	967
ingolstadt7_sensor5_presslight_latent_observation	REAL_TEST	178	1011.7	100.0	-60.14	15.41	0.28	623
ingolstadt7_sensor5_presslight_latent_observation	REAL_TEST	180	824.5	100.0	-49.15	15.31	0.27	711
ingolstadt7_sensor5_presslight_latent_observation	REAL_TEST	182	803.8	100.0	-43.82	11.47	0.27	773
ingolstadt7_sensor5_presslight_latent_observation	REAL_TEST	184	919.7	100.0	-60.51	14.97	0.26	668
ingolstadt7_sensor5_presslight_latent_observation	REAL_TEST	186	988.9	100.0	-57.69	15.62	0.29	613
ingolstadt7_sensor5_presslight_latent_observation	REAL_TEST	188	746.1	100.0	-54.76	14.37	0.23	807
ingolstadt7_sensor5_presslight_latent_observation	REAL_TEST	190	1017.5	100.0	-48.13	15.39	0.28	618
ingolstadt7_sensor5_presslight_latent_observation	REAL_TEST	192	750.5	100.0	-49.07	11.55	0.23	783
ingolstadt7_sensor5_presslight_latent_observation	REAL_TEST	194	1200.6	100.0	-65.91	16.46	0.27	528
ingolstadt7_sensor5_presslight_latent_observation	REAL_TEST	196	773.5	100.0	-62.67	8.53	0.22	964
ingolstadt7_sensor5_presslight_latent_observation	REAL_TEST	198	1384.6	100.0	-88.61	21.57	0.36	475
