exp_name	mode	step	travel_time	loss	rewards	queue	delay	throughput	train_reward	R_real	components	detail	fairness	emission	fuel	emergency_stops	ssm_conflicts	collisions	phi_raw
bullhead_3_fairness_heavy_presslight_morl_grid	SIM_TRAIN	0	130.0	0.0	-4.60	3.57	0.58	4303	-2.06	0.0000			718.3333						
bullhead_3_fairness_heavy_presslight_morl_grid	SIM_TRAIN	1	129.6	0.0	-4.33	3.48	0.57	4299	-2.11	0.0000			496.3333						
bullhead_3_fairness_heavy_presslight_morl_grid	SIM_TRAIN	2	131.5	28.0	-5.45	4.14	0.56	4285	-2.07	0.0000			27.3333						
bullhead_3_fairness_heavy_presslight_morl_grid	SIM_TRAIN	3	200.4	18.0	-18.35	14.70	0.55	4228	-2.31	0.0000			1035.0000						
bullhead_3_fairness_heavy_presslight_morl_grid	SIM_TRAIN	4	144.2	12.2	-9.44	7.76	0.52	4295	-2.12	0.0000			483.0000						
bullhead_3_fairness_heavy_presslight_morl_grid	SIM_TRAIN	5	148.2	9.3	-13.94	8.85	0.54	4287	-2.02	0.0000			397.6667						
bullhead_3_fairness_heavy_presslight_morl_grid	SIM_TRAIN	6	148.9	7.8	-13.43	9.30	0.54	4285	-2.02	0.0000			622.3333						
bullhead_3_fairness_heavy_presslight_morl_grid	SIM_TRAIN	7	153.7	7.1	-15.70	10.65	0.56	4286	-2.11	0.0000			482.0000						
bullhead_3_fairness_heavy_presslight_morl_grid	SIM_TRAIN	8	161.0	6.5	-19.94	12.59	0.57	4276	-2.12	0.0000			444.3333						
bullhead_3_fairness_heavy_presslight_morl_grid	REAL_TRAIN	1	1428.6	100.0	-296.10	250.74	0.85	735		-840.1675	queue=4.0174;delay=0.0;waiting=819.3618;pressure=0.0;switches=0.0;fairness=16.7884	grid;w=queue=0.167;delay=0.167;waiting=0.167;pressure=0.167;switches=0.167;fairness=0.167	180.0000	5634.4798	1826.6648	0.0000	1831.0000	0.0000	queue=80.3479;delay=2.5463;waiting=81936.1769;pressure=430.5833;switches=0.525;fairness=419.7092
bullhead_3_fairness_heavy_presslight_morl_grid	SIM_TRAIN	9	130.1	0.0	-4.55	3.58	0.57	4300	-0.05	0.0000			777.0000						
bullhead_3_fairness_heavy_presslight_morl_grid	SIM_TRAIN	10	129.1	0.0	-3.37	3.32	0.56	4302	-0.05	0.0000			157.0000						
bullhead_3_fairness_heavy_presslight_morl_grid	SIM_TRAIN	11	134.8	28.4	-6.34	5.16	0.57	4278	-0.07	0.0000			888.0000						
bullhead_3_fairness_heavy_presslight_morl_grid	SIM_TRAIN	12	151.6	19.8	-9.55	10.22	0.51	4293	-0.11	0.0000			1748.3333						
bullhead_3_fairness_heavy_presslight_morl_grid	SIM_TRAIN	13	143.0	11.9	-6.80	7.42	0.53	4288	-0.08	0.0000			1082.6667						
bullhead_3_fairness_heavy_presslight_morl_grid	SIM_TRAIN	14	172.8	10.3	-16.96	16.82	0.56	4283	-0.18	0.0000			970.0000						
bullhead_3_fairness_heavy_presslight_morl_grid	SIM_TRAIN	15	162.8	8.8	-17.81	15.89	0.52	4038	-0.17	0.0000			1328.0000						
bullhead_3_fairness_heavy_presslight_morl_grid	SIM_TRAIN	16	225.4	8.4	-41.01	36.49	0.54	3781	-0.38	0.0000			1196.3333						
bullhead_3_fairness_heavy_presslight_morl_grid	SIM_TRAIN	17	387.5	10.4	-30.02	43.47	0.54	3588	-0.46	0.0000			1482.3333						
bullhead_3_fairness_heavy_presslight_morl_grid	REAL_TRAIN	2	1021.7	100.0	-173.81	161.15	0.80	1317		-515.0818	queue=2.4842;delay=0.0;waiting=490.036;pressure=0.0;switches=0.0;fairness=22.5616	grid;w=queue=1.0	319.0000	4483.9711	1453.6744	7.0000	1721.0000	0.0000	queue=49.685;delay=2.3931;waiting=49003.5953;pressure=341.9083;switches=0.6;fairness=564.0411
bullhead_3_fairness_heavy_presslight_morl_grid	SIM_TRAIN	18	130.7	0.0	-5.20	3.83	0.58	4289	-0.58	0.0000			1226.0000						
bullhead_3_fairness_heavy_presslight_morl_grid	SIM_TRAIN	19	129.6	0.0	-4.17	3.53	0.57	4301	-0.57	0.0000			1395.6667						
bullhead_3_fairness_heavy_presslight_morl_grid	SIM_TRAIN	20	134.9	28.1	-7.09	5.30	0.57	4271	-0.57	0.0000			492.6667						
bullhead_3_fairness_heavy_presslight_morl_grid	SIM_TRAIN	21	158.5	16.8	-12.94	10.57	0.53	4292	-0.53	0.0000			0.0000						
bullhead_3_fairness_heavy_presslight_morl_grid	SIM_TRAIN	22	142.0	10.8	-8.93	6.94	0.52	4291	-0.52	0.0000			0.0000						
bullhead_3_fairness_heavy_presslight_morl_grid	SIM_TRAIN	23	540.4	13.8	-69.79	68.96	0.62	3883	-0.62	0.0000			1169.6667						
bullhead_3_fairness_heavy_presslight_morl_grid	SIM_TRAIN	24	254.7	16.0	-42.70	42.17	0.55	3712	-0.55	0.0000			1501.6667						
bullhead_3_fairness_heavy_presslight_morl_grid	SIM_TRAIN	25	455.7	16.3	-56.31	83.35	0.56	3552	-0.56	0.0000			954.6667						
bullhead_3_fairness_heavy_presslight_morl_grid	SIM_TRAIN	26	1112.1	22.6	-142.45	202.66	0.59	2179	-0.59	0.0000			528.6667						
bullhead_3_fairness_heavy_presslight_morl_grid	REAL_TRAIN	3	1921.1	100.0	-309.44	337.77	0.87	382		-1250.4476	queue=5.2464;delay=0.0;waiting=1236.743;pressure=0.0;switches=0.0;fairness=8.4582	grid;w=delay=1.0	88.6667	6458.2840	2093.7384	2.0000	1733.0000	0.0000	queue=104.9284;delay=2.6025;waiting=123674.3044;pressure=340.0278;switches=0.2472;fairness=211.4539
bullhead_3_fairness_heavy_presslight_morl_grid	SIM_TRAIN	27	129.6	0.0	-4.05	3.55	0.57	4297	-0.20	0.0000			638.3333						
bullhead_3_fairness_heavy_presslight_morl_grid	SIM_TRAIN	28	129.1	0.0	-3.57	3.31	0.57	4301	-0.16	0.0000			633.0000						
bullhead_3_fairness_heavy_presslight_morl_grid	SIM_TRAIN	29	132.6	27.4	-5.32	4.59	0.57	4276	-0.28	0.0000			462.6667						
bullhead_3_fairness_heavy_presslight_morl_grid	SIM_TRAIN	30	152.6	19.7	-10.14	9.69	0.53	4292	-0.42	0.0000			269.3333						
bullhead_3_fairness_heavy_presslight_morl_grid	SIM_TRAIN	31	137.6	12.1	-6.29	5.46	0.52	4294	-0.13	0.0000			441.6667						
bullhead_3_fairness_heavy_presslight_morl_grid	SIM_TRAIN	32	146.8	9.0	-11.64	10.34	0.53	4133	-0.45	0.0000			1876.0000						
bullhead_3_fairness_heavy_presslight_morl_grid	SIM_TRAIN	33	141.9	8.2	-8.59	6.83	0.54	4296	-0.17	0.0000			262.0000						
bullhead_3_fairness_heavy_presslight_morl_grid	SIM_TRAIN	34	143.7	7.3	-9.53	7.41	0.54	4290	-0.17	0.0000			232.3333						
bullhead_3_fairness_heavy_presslight_morl_grid	SIM_TRAIN	35	144.3	6.6	-8.88	7.69	0.53	4285	-0.16	0.0000			244.6667						
bullhead_3_fairness_heavy_presslight_morl_grid	REAL_TRAIN	4	954.7	100.0	-159.71	152.17	0.78	1361		-519.1765	queue=2.3567;delay=0.0;waiting=493.4515;pressure=0.0;switches=0.0;fairness=23.3683	grid;w=waiting=1.0	323.0000	4282.3809	1388.3206	1.0000	1463.0000	0.0000	queue=47.1337;delay=2.327;waiting=49345.1512;pressure=286.7889;switches=0.45;fairness=584.2081
bullhead_3_fairness_heavy_presslight_morl_grid	SIM_TRAIN	36	129.0	0.0	-3.25	3.31	0.56	4300	-0.66	0.0000			701.3333						
bullhead_3_fairness_heavy_presslight_morl_grid	SIM_TRAIN	37	129.6	0.0	-4.47	3.51	0.58	4299	-0.68	0.0000			1226.3333						
bullhead_3_fairness_heavy_presslight_morl_grid	SIM_TRAIN	38	130.8	27.4	-4.90	3.87	0.56	4286	-0.73	0.0000			231.6667						
bullhead_3_fairness_heavy_presslight_morl_grid	SIM_TRAIN	39	146.8	16.4	-10.87	8.70	0.53	4293	-1.12	0.0000			500.6667						
bullhead_3_fairness_heavy_presslight_morl_grid	SIM_TRAIN	40	135.2	9.6	-6.73	4.68	0.50	4294	-0.71	0.0000			302.3333						
bullhead_3_fairness_heavy_presslight_morl_grid	SIM_TRAIN	41	139.5	7.2	-9.80	5.86	0.53	4296	-0.79	0.0000			205.6667						
bullhead_3_fairness_heavy_presslight_morl_grid	SIM_TRAIN	42	142.3	6.2	-11.64	6.80	0.53	4291	-0.89	0.0000			555.6667						
bullhead_3_fairness_heavy_presslight_morl_grid	SIM_TRAIN	43	164.1	7.6	-20.12	13.67	0.58	4280	-1.77	0.0000			567.6667						
bullhead_3_fairness_heavy_presslight_morl_grid	SIM_TRAIN	44	151.1	7.2	-14.79	9.76	0.54	4281	-1.25	0.0000			232.3333						
bullhead_3_fairness_heavy_presslight_morl_grid	REAL_TRAIN	5	924.7	100.0	-176.65	149.89	0.80	1466		-527.9213	queue=2.3248;delay=0.0;waiting=499.3361;pressure=0.0;switches=0.0;fairness=26.2604	grid;w=pressure=1.0	371.0000	4229.0177	1371.0205	0.0000	1310.0000	0.0000	queue=46.4963;delay=2.409;waiting=49933.6083;pressure=306.4417;switches=0.2361;fairness=656.5097
bullhead_3_fairness_heavy_presslight_morl_grid	SIM_TRAIN	45	128.7	0.0	-3.50	3.27	0.57	4301	-0.66	0.0000			484.0000						
bullhead_3_fairness_heavy_presslight_morl_grid	SIM_TRAIN	46	129.7	0.0	-4.45	3.48	0.57	4299	-0.64	0.0000			0.0000						
bullhead_3_fairness_heavy_presslight_morl_grid	SIM_TRAIN	47	131.3	26.2	-3.96	4.13	0.56	4280	-0.64	0.0000			0.0000						
bullhead_3_fairness_heavy_presslight_morl_grid	SIM_TRAIN	48	158.1	18.0	-12.48	10.81	0.54	4299	-0.67	0.0000			206.3333						
bullhead_3_fairness_heavy_presslight_morl_grid	SIM_TRAIN	49	140.8	10.9	-7.87	6.73	0.53	4292	-0.70	0.0000			740.6667						
bullhead_3_fairness_heavy_presslight_morl_grid	SIM_TRAIN	50	159.2	8.6	-16.14	12.91	0.56	4257	-0.63	0.0000			1826.3333						
bullhead_3_fairness_heavy_presslight_morl_grid	SIM_TRAIN	51	641.0	16.2	-101.72	109.89	0.65	3153	-0.38	0.0000			1286.6667						
bullhead_3_fairness_heavy_presslight_morl_grid	SIM_TRAIN	52	929.5	26.9	-123.37	168.99	0.61	2939	-0.41	0.0000			1043.0000						
bullhead_3_fairness_heavy_presslight_morl_grid	SIM_TRAIN	53	1149.0	39.3	-187.39	224.53	0.64	1974	-0.34	0.0000			971.3333						
bullhead_3_fairness_heavy_presslight_morl_grid	REAL_TRAIN	6	1104.9	100.0	-163.89	166.44	0.78	1241		-497.5477	queue=2.5681;delay=0.0;waiting=476.6275;pressure=0.0;switches=0.0;fairness=18.3522	grid;w=switches=1.0	284.6667	4660.0888	1510.7708	3.0000	1866.0000	0.0000	queue=51.3614;delay=2.3519;waiting=47662.7473;pressure=220.7528;switches=0.4944;fairness=458.8042
bullhead_3_fairness_heavy_presslight_morl_grid	SIM_TRAIN	54	130.3	0.0	-5.00	3.75	0.57	4295	-10.42	0.0000			1160.6667						
bullhead_3_fairness_heavy_presslight_morl_grid	SIM_TRAIN	55	129.5	0.0	-4.07	3.43	0.56	4303	-9.64	0.0000			0.0000						
bullhead_3_fairness_heavy_presslight_morl_grid	SIM_TRAIN	56	133.2	46.9	-6.42	4.82	0.57	4267	-9.36	0.0000			705.6667						
bullhead_3_fairness_heavy_presslight_morl_grid	SIM_TRAIN	57	221.0	39.5	-73.86	29.10	0.63	4070	-10.10	0.0000			652.3333						
bullhead_3_fairness_heavy_presslight_morl_grid	SIM_TRAIN	58	217.3	38.7	-101.72	34.31	0.61	4123	-10.00	0.0000			936.3333						
bullhead_3_fairness_heavy_presslight_morl_grid	SIM_TRAIN	59	238.8	39.0	-112.74	36.32	0.63	4051	-7.89	0.0000			314.6667						
bullhead_3_fairness_heavy_presslight_morl_grid	SIM_TRAIN	60	235.2	37.4	-117.57	37.51	0.64	4116	-9.20	0.0000			337.0000						
bullhead_3_fairness_heavy_presslight_morl_grid	SIM_TRAIN	61	213.4	39.2	-96.53	30.24	0.63	4176	-8.74	0.0000			815.0000						
bullhead_3_fairness_heavy_presslight_morl_grid	SIM_TRAIN	62	272.1	39.3	-145.34	49.64	0.63	3910	-8.60	0.0000			1427.6667						
bullhead_3_fairness_heavy_presslight_morl_grid	REAL_TRAIN	7	1449.4	100.0	-365.69	249.29	0.85	1015		-1008.0840	queue=4.2334;delay=0.0;waiting=992.1658;pressure=0.0;switches=0.0;fairness=11.6848	grid;w=fairness=1.0	162.6667	5526.4922	1791.6539	1.0000	1524.0000	0.0000	queue=84.6674;delay=2.5389;waiting=99216.582;pressure=585.1278;switches=0.4806;fairness=292.12
bullhead_3_fairness_heavy_presslight_morl_grid	SIM_TRAIN	63	130.6	0.0	-4.98	3.79	0.58	4297	-0.32	0.0000			1149.3333						
bullhead_3_fairness_heavy_presslight_morl_grid	SIM_TRAIN	64	129.6	0.0	-3.95	3.50	0.57	4299	-0.31	0.0000			1650.3333						
bullhead_3_fairness_heavy_presslight_morl_grid	SIM_TRAIN	65	132.4	27.3	-5.51	4.55	0.57	4267	-0.32	0.0000			715.6667						
bullhead_3_fairness_heavy_presslight_morl_grid	SIM_TRAIN	66	175.8	22.2	-12.67	12.71	0.54	4297	-0.34	0.0000			372.6667						
bullhead_3_fairness_heavy_presslight_morl_grid	SIM_TRAIN	67	144.2	14.0	-9.50	8.01	0.51	4211	-0.30	0.0000			978.3333						
bullhead_3_fairness_heavy_presslight_morl_grid	SIM_TRAIN	68	268.3	11.8	-34.82	30.30	0.57	4180	-0.44	0.0000			472.3333						
bullhead_3_fairness_heavy_presslight_morl_grid	SIM_TRAIN	69	321.1	12.0	-74.03	65.45	0.55	3241	-0.63	0.0000			1210.6667						
bullhead_3_fairness_heavy_presslight_morl_grid	SIM_TRAIN	70	296.0	15.9	-21.39	27.34	0.54	3877	-0.42	0.0000			1380.6667						
bullhead_3_fairness_heavy_presslight_morl_grid	SIM_TRAIN	71	625.5	15.0	-84.69	113.82	0.58	2725	-0.89	0.0000			965.6667						
bullhead_3_fairness_heavy_presslight_morl_grid	REAL_TRAIN	8	1679.5	100.0	-369.66	278.39	0.90	729		-1092.5545	queue=4.591;delay=0.0;waiting=1072.5735;pressure=0.0;switches=0.0;fairness=15.39	grid;w=queue=0.5;delay=0.5	260.3333	6148.8387	1993.4158	0.0000	1685.0000	0.0000	queue=91.8196;delay=2.6925;waiting=107257.3534;pressure=519.8222;switches=0.6611;fairness=384.7497
bullhead_3_fairness_heavy_presslight_morl_grid	SIM_TRAIN	72	130.2	0.0	-4.39	3.70	0.57	4298	-0.13	0.0000			711.0000						
bullhead_3_fairness_heavy_presslight_morl_grid	SIM_TRAIN	73	130.9	0.0	-5.51	3.96	0.58	4294	-0.13	0.0000			1220.0000						
bullhead_3_fairness_heavy_presslight_morl_grid	SIM_TRAIN	74	136.4	29.0	-6.50	5.48	0.57	4279	-0.15	0.0000			1269.6667						
bullhead_3_fairness_heavy_presslight_morl_grid	SIM_TRAIN	75	162.2	19.0	-12.31	11.00	0.53	4294	-0.29	0.0000			1156.0000						
bullhead_3_fairness_heavy_presslight_morl_grid	SIM_TRAIN	76	141.8	12.4	-8.06	6.86	0.50	4284	-0.11	0.0000			1353.0000						
bullhead_3_fairness_heavy_presslight_morl_grid	SIM_TRAIN	77	145.2	9.5	-10.16	7.91	0.54	4267	-0.14	0.0000			1303.6667						
bullhead_3_fairness_heavy_presslight_morl_grid	SIM_TRAIN	78	172.0	9.4	-19.94	16.38	0.56	4280	-0.48	0.0000			1546.6667						
bullhead_3_fairness_heavy_presslight_morl_grid	SIM_TRAIN	79	208.5	9.1	-15.87	14.98	0.53	4146	-0.27	0.0000			668.0000						
bullhead_3_fairness_heavy_presslight_morl_grid	SIM_TRAIN	80	221.6	8.6	-16.25	15.60	0.53	4127	-0.27	0.0000			803.3333						
bullhead_3_fairness_heavy_presslight_morl_grid	REAL_TRAIN	9	1020.1	100.0	-173.09	159.81	0.79	1300		-527.9259	queue=2.4742;delay=0.0;waiting=502.7951;pressure=0.0;switches=0.0;fairness=22.6566	grid;w=queue=0.5;waiting=0.5	324.6667	4480.9988	1452.7113	6.0000	1553.0000	0.0000	queue=49.4837;delay=2.3601;waiting=50279.5069;pressure=297.1667;switches=0.5472;fairness=566.4158
bullhead_3_fairness_heavy_presslight_morl_grid	SIM_TRAIN	81	130.3	0.0	-5.00	3.66	0.58	4301	-0.35	0.0000			639.0000						
bullhead_3_fairness_heavy_presslight_morl_grid	SIM_TRAIN	82	129.6	0.0	-3.92	3.50	0.58	4299	-0.36	0.0000			642.3333						
bullhead_3_fairness_heavy_presslight_morl_grid	SIM_TRAIN	83	131.5	27.6	-4.96	4.24	0.57	4285	-0.39	0.0000			233.6667						
bullhead_3_fairness_heavy_presslight_morl_grid	SIM_TRAIN	84	153.1	19.3	-12.03	10.02	0.54	4292	-0.76	0.0000			899.3333						
bullhead_3_fairness_heavy_presslight_morl_grid	SIM_TRAIN	85	139.5	11.6	-8.03	6.27	0.53	4293	-0.51	0.0000			466.3333						
bullhead_3_fairness_heavy_presslight_morl_grid	SIM_TRAIN	86	140.2	8.8	-8.55	6.29	0.54	4294	-0.49	0.0000			1115.0000						
bullhead_3_fairness_heavy_presslight_morl_grid	SIM_TRAIN	87	146.6	10.1	-11.55	8.60	0.54	4283	-0.67	0.0000			640.6667						
bullhead_3_fairness_heavy_presslight_morl_grid	SIM_TRAIN	88	146.0	8.6	-12.28	8.10	0.55	4294	-0.56	0.0000			27.3333						
bullhead_3_fairness_heavy_presslight_morl_grid	SIM_TRAIN	89	148.6	7.8	-12.40	9.04	0.54	4260	-0.62	0.0000			909.3333						
bullhead_3_fairness_heavy_presslight_morl_grid	REAL_TRAIN	10	690.2	100.0	-118.73	108.80	0.74	1969		-375.3841	queue=1.6829;delay=0.0;waiting=345.5603;pressure=0.0;switches=0.0;fairness=28.1408	grid;w=queue=0.5;pressure=0.5	429.0000	3497.6231	1133.9051	4.0000	1285.0000	0.0000	queue=33.6586;delay=2.2309;waiting=34556.0328;pressure=257.025;switches=0.35;fairness=703.5206
bullhead_3_fairness_heavy_presslight_morl_grid	SIM_TRAIN	90	129.5	0.0	-4.09	3.44	0.57	4301	-0.35	0.0000			207.0000						
bullhead_3_fairness_heavy_presslight_morl_grid	SIM_TRAIN	91	129.7	0.0	-4.24	3.53	0.58	4304	-0.35	0.0000			0.0000						
bullhead_3_fairness_heavy_presslight_morl_grid	SIM_TRAIN	92	137.7	28.9	-6.49	6.30	0.58	4268	-0.35	0.0000			229.0000						
bullhead_3_fairness_heavy_presslight_morl_grid	SIM_TRAIN	93	160.1	22.6	-9.60	13.45	0.52	4279	-0.41	0.0000			1184.0000						
bullhead_3_fairness_heavy_presslight_morl_grid	SIM_TRAIN	94	145.6	15.8	-7.33	8.24	0.52	4288	-0.40	0.0000			1726.3333						
bullhead_3_fairness_heavy_presslight_morl_grid	SIM_TRAIN	95	283.2	13.9	-50.79	49.99	0.59	3842	-0.49	0.0000			2131.3333						
bullhead_3_fairness_heavy_presslight_morl_grid	SIM_TRAIN	96	373.8	18.0	-37.10	63.05	0.57	3714	-0.56	0.0000			1150.6667						
bullhead_3_fairness_heavy_presslight_morl_grid	SIM_TRAIN	97	706.1	23.2	-70.09	136.30	0.59	3192	-0.90	0.0000			1195.3333						
bullhead_3_fairness_heavy_presslight_morl_grid	SIM_TRAIN	98	838.6	33.4	-109.38	184.06	0.59	2827	-1.15	0.0000			893.0000						
bullhead_3_fairness_heavy_presslight_morl_grid	REAL_TRAIN	11	1702.7	100.0	-303.10	293.77	0.88	534		-1014.5880	queue=4.6375;delay=0.0;waiting=997.5421;pressure=0.0;switches=0.0;fairness=12.4084	grid;w=queue=0.5;switches=0.5	129.0000	6138.6502	1990.1143	3.0000	1670.0000	0.0000	queue=92.7497;delay=2.6255;waiting=99754.2101;pressure=362.9972;switches=0.3056;fairness=310.2108
bullhead_3_fairness_heavy_presslight_morl_grid	SIM_TRAIN	99	129.7	0.0	-4.01	3.51	0.57	4296	-5.17	0.0000			2148.0000						
bullhead_3_fairness_heavy_presslight_morl_grid	SIM_TRAIN	100	130.3	0.0	-4.69	3.72	0.57	4300	-5.65	0.0000			156.6667						
bullhead_3_fairness_heavy_presslight_morl_grid	SIM_TRAIN	101	134.0	33.2	-5.44	5.11	0.58	4277	-5.04	0.0000			388.0000						
bullhead_3_fairness_heavy_presslight_morl_grid	SIM_TRAIN	102	157.9	22.7	-19.62	12.87	0.57	4272	-5.27	0.0000			1014.3333						
bullhead_3_fairness_heavy_presslight_morl_grid	SIM_TRAIN	103	147.0	18.5	-18.12	9.08	0.57	4285	-5.53	0.0000			912.3333						
bullhead_3_fairness_heavy_presslight_morl_grid	SIM_TRAIN	104	144.3	16.2	-15.31	8.07	0.56	4295	-4.50	0.0000			206.3333						
bullhead_3_fairness_heavy_presslight_morl_grid	SIM_TRAIN	105	151.7	14.3	-23.15	9.91	0.58	4278	-4.72	0.0000			236.0000						
bullhead_3_fairness_heavy_presslight_morl_grid	SIM_TRAIN	106	143.4	12.8	-16.42	7.82	0.56	4295	-3.88	0.0000			234.0000						
bullhead_3_fairness_heavy_presslight_morl_grid	SIM_TRAIN	107	146.8	12.3	-19.14	8.89	0.57	4295	-4.20	0.0000			635.0000						
bullhead_3_fairness_heavy_presslight_morl_grid	REAL_TRAIN	12	409.9	100.0	-95.40	61.08	0.64	3015		-237.8044	queue=1.0303;delay=0.0;waiting=212.75;pressure=0.0;switches=0.0;fairness=24.0242	grid;w=queue=0.5;fairness=0.5	431.0000	2325.9519	754.0529	11.0000	827.0000	1.0000	queue=20.6056;delay=1.9292;waiting=21274.9973;pressure=177.1639;switches=0.9028;fairness=600.6042
bullhead_3_fairness_heavy_presslight_morl_grid	SIM_TRAIN	108	130.2	0.0	-4.46	3.64	0.57	4303	-0.37	0.0000			888.3333						
bullhead_3_fairness_heavy_presslight_morl_grid	SIM_TRAIN	109	130.0	0.0	-4.74	3.62	0.58	4297	-0.38	0.0000			1423.6667						
bullhead_3_fairness_heavy_presslight_morl_grid	SIM_TRAIN	110	134.0	28.2	-4.95	4.93	0.56	4285	-0.39	0.0000			764.0000						
bullhead_3_fairness_heavy_presslight_morl_grid	SIM_TRAIN	111	151.5	20.1	-8.78	10.41	0.51	4299	-0.48	0.0000			743.3333						
bullhead_3_fairness_heavy_presslight_morl_grid	SIM_TRAIN	112	141.3	13.1	-6.47	6.67	0.51	4289	-0.32	0.0000			1156.3333						
bullhead_3_fairness_heavy_presslight_morl_grid	SIM_TRAIN	113	197.4	10.3	-23.52	21.82	0.57	4216	-1.48	0.0000			182.0000						
bullhead_3_fairness_heavy_presslight_morl_grid	SIM_TRAIN	114	158.6	10.7	-12.50	12.06	0.53	4265	-0.39	0.0000			849.0000						
bullhead_3_fairness_heavy_presslight_morl_grid	SIM_TRAIN	115	186.9	9.5	-14.35	15.22	0.53	4185	-0.44	0.0000			929.0000						
bullhead_3_fairness_heavy_presslight_morl_grid	SIM_TRAIN	116	206.8	8.4	-14.69	18.42	0.54	4212	-0.54	0.0000			890.0000						
bullhead_3_fairness_heavy_presslight_morl_grid	REAL_TRAIN	13	989.6	100.0	-156.34	151.18	0.79	1371		-453.7591	queue=2.3192;delay=0.0;waiting=430.0869;pressure=0.0;switches=0.0;fairness=21.353	grid;w=delay=0.5;waiting=0.5	311.0000	4320.5364	1400.6898	1.0000	1807.0000	0.0000	queue=46.3846;delay=2.3618;waiting=43008.6851;pressure=291.3556;switches=0.6611;fairness=533.8253
bullhead_3_fairness_heavy_presslight_morl_grid	SIM_TRAIN	117	130.6	0.0	-5.27	3.78	0.59	4297	-0.60	0.0000			154.6667						
bullhead_3_fairness_heavy_presslight_morl_grid	SIM_TRAIN	118	129.8	0.0	-4.12	3.52	0.56	4301	-0.62	0.0000			1028.3333						
bullhead_3_fairness_heavy_presslight_morl_grid	SIM_TRAIN	119	134.5	29.0	-6.23	5.15	0.57	4286	-0.71	0.0000			202.6667						
bullhead_3_fairness_heavy_presslight_morl_grid	SIM_TRAIN	120	147.3	18.6	-10.07	9.08	0.53	4289	-0.95	0.0000			1553.6667						
bullhead_3_fairness_heavy_presslight_morl_grid	SIM_TRAIN	121	137.6	10.6	-6.83	5.63	0.52	4292	-0.73	0.0000			205.6667						
bullhead_3_fairness_heavy_presslight_morl_grid	SIM_TRAIN	122	145.1	8.4	-12.04	8.27	0.55	4293	-0.82	0.0000			1227.3333						
bullhead_3_fairness_heavy_presslight_morl_grid	SIM_TRAIN	123	144.1	7.8	-10.57	7.51	0.53	4297	-0.81	0.0000			513.0000						
bullhead_3_fairness_heavy_presslight_morl_grid	SIM_TRAIN	124	146.6	6.9	-12.13	8.41	0.55	4285	-0.84	0.0000			904.0000						
bullhead_3_fairness_heavy_presslight_morl_grid	SIM_TRAIN	125	149.9	6.3	-14.46	9.41	0.56	4284	-0.88	0.0000			569.3333						
bullhead_3_fairness_heavy_presslight_morl_grid	REAL_TRAIN	14	285.4	100.0	-63.63	38.05	0.58	3375		-99.7464	queue=0.6107;delay=0.0;waiting=70.8032;pressure=0.0;switches=0.0;fairness=28.3325	grid;w=delay=0.5;pressure=0.5	435.3333	1928.9147	625.3360	18.0000	1153.0000	0.0000	queue=12.2144;delay=1.7505;waiting=7080.3238;pressure=154.225;switches=1.0889;fairness=708.3119
bullhead_3_fairness_heavy_presslight_morl_grid	SIM_TRAIN	126	129.8	0.0	-4.40	3.55	0.57	4294	-0.60	0.0000			1332.3333						
bullhead_3_fairness_heavy_presslight_morl_grid	SIM_TRAIN	127	129.2	0.0	-3.79	3.36	0.56	4296	-0.60	0.0000			1376.3333						
bullhead_3_fairness_heavy_presslight_morl_grid	SIM_TRAIN	128	133.0	28.3	-5.55	4.68	0.57	4272	-0.60	0.0000			535.0000						
bullhead_3_fairness_heavy_presslight_morl_grid	SIM_TRAIN	129	153.6	18.2	-9.41	10.70	0.54	4288	-0.61	0.0000			824.0000						
bullhead_3_fairness_heavy_presslight_morl_grid	SIM_TRAIN	130	140.6	11.1	-8.08	6.63	0.54	4284	-0.62	0.0000			1419.6667						
bullhead_3_fairness_heavy_presslight_morl_grid	SIM_TRAIN	131	152.7	8.6	-14.29	12.62	0.54	4113	-0.58	0.0000			1378.0000						
bullhead_3_fairness_heavy_presslight_morl_grid	SIM_TRAIN	132	450.2	11.3	-72.10	77.66	0.63	3705	-0.54	0.0000			1380.0000						
bullhead_3_fairness_heavy_presslight_morl_grid	SIM_TRAIN	133	488.5	16.2	-66.54	106.61	0.59	3156	-0.53	0.0000			1586.3333						
bullhead_3_fairness_heavy_presslight_morl_grid	SIM_TRAIN	134	1012.8	25.2	-130.37	209.81	0.62	2239	-0.51	0.0000			1205.3333						
bullhead_3_fairness_heavy_presslight_morl_grid	REAL_TRAIN	15	2069.4	100.0	-369.30	353.61	0.90	431		-1410.8783	queue=5.6039;delay=0.0;waiting=1400.552;pressure=0.0;switches=0.0;fairness=4.7224	grid;w=delay=0.5;switches=0.5	94.3333	6351.0977	2058.9889	0.0000	1529.0000	0.0000	queue=112.0775;delay=2.7034;waiting=140055.1951;pressure=522.5944;switches=0.2583;fairness=118.0608
bullhead_3_fairness_heavy_presslight_morl_grid	SIM_TRAIN	135	129.6	0.0	-4.10	3.44	0.56	4300	-5.27	0.0000			364.0000						
bullhead_3_fairness_heavy_presslight_morl_grid	SIM_TRAIN	136	131.0	0.0	-4.71	3.87	0.57	4299	-5.61	0.0000			1206.3333						
bullhead_3_fairness_heavy_presslight_morl_grid	SIM_TRAIN	137	133.7	32.9	-6.99	5.04	0.57	4257	-5.12	0.0000			697.6667						
bullhead_3_fairness_heavy_presslight_morl_grid	SIM_TRAIN	138	168.0	23.5	-25.19	16.55	0.57	4278	-5.76	0.0000			902.6667						
bullhead_3_fairness_heavy_presslight_morl_grid	SIM_TRAIN	139	152.3	20.3	-21.61	10.74	0.55	4259	-5.30	0.0000			813.0000						
bullhead_3_fairness_heavy_presslight_morl_grid	SIM_TRAIN	140	150.2	17.8	-20.00	9.89	0.55	4278	-5.17	0.0000			232.6667						
bullhead_3_fairness_heavy_presslight_morl_grid	SIM_TRAIN	141	148.7	15.4	-21.11	9.50	0.53	4271	-4.99	0.0000			493.3333						
bullhead_3_fairness_heavy_presslight_morl_grid	SIM_TRAIN	142	149.0	14.2	-21.18	9.78	0.54	4270	-4.77	0.0000			1301.0000						
bullhead_3_fairness_heavy_presslight_morl_grid	SIM_TRAIN	143	153.6	13.6	-27.47	11.20	0.55	4258	-4.90	0.0000			650.3333						
bullhead_3_fairness_heavy_presslight_morl_grid	REAL_TRAIN	16	1694.6	100.0	-376.97	295.81	0.91	551		-1118.2980	queue=4.8443;delay=0.0;waiting=1098.4044;pressure=0.0;switches=0.0;fairness=15.0494	grid;w=delay=0.5;fairness=0.5	223.0000	6078.1677	1970.5052	0.0000	1670.0000	0.0000	queue=96.8853;delay=2.7401;waiting=109840.4353;pressure=525.2083;switches=0.6806;fairness=376.2339
bullhead_3_fairness_heavy_presslight_morl_grid	SIM_TRAIN	144	129.4	0.0	-3.69	3.44	0.57	4298	-0.42	0.0000			637.3333						
bullhead_3_fairness_heavy_presslight_morl_grid	SIM_TRAIN	145	130.0	0.0	-4.48	3.59	0.58	4298	-0.41	0.0000			1012.0000						
bullhead_3_fairness_heavy_presslight_morl_grid	SIM_TRAIN	146	133.5	27.8	-6.21	4.68	0.57	4294	-0.45	0.0000			1265.0000						
bullhead_3_fairness_heavy_presslight_morl_grid	SIM_TRAIN	147	180.0	18.8	-14.01	11.66	0.53	4290	-0.89	0.0000			1054.6667						
bullhead_3_fairness_heavy_presslight_morl_grid	SIM_TRAIN	148	138.8	11.1	-8.83	5.92	0.53	4280	-0.47	0.0000			641.0000						
bullhead_3_fairness_heavy_presslight_morl_grid	SIM_TRAIN	149	144.6	8.3	-10.81	7.79	0.54	4299	-0.59	0.0000			0.0000						
bullhead_3_fairness_heavy_presslight_morl_grid	SIM_TRAIN	150	145.5	7.1	-10.25	7.87	0.52	4279	-0.58	0.0000			502.3333						
bullhead_3_fairness_heavy_presslight_morl_grid	SIM_TRAIN	151	147.6	6.4	-11.85	8.44	0.53	4279	-0.55	0.0000			1597.0000						
bullhead_3_fairness_heavy_presslight_morl_grid	SIM_TRAIN	152	159.7	5.8	-15.10	11.01	0.53	4256	-0.72	0.0000			798.6667						
bullhead_3_fairness_heavy_presslight_morl_grid	REAL_TRAIN	17	815.0	100.0	-150.47	134.21	0.77	1632		-424.9051	queue=2.077;delay=0.0;waiting=395.5865;pressure=0.0;switches=0.0;fairness=27.2416	grid;w=waiting=0.5;pressure=0.5	376.3333	3901.7865	1264.9335	3.0000	1359.0000	0.0000	queue=41.5405;delay=2.3162;waiting=39558.647;pressure=274.6167;switches=0.4556;fairness=681.0403
bullhead_3_fairness_heavy_presslight_morl_grid	SIM_TRAIN	153	128.9	0.0	-3.33	3.26	0.56	4292	-0.40	0.0000			803.3333						
bullhead_3_fairness_heavy_presslight_morl_grid	SIM_TRAIN	154	130.1	0.0	-4.62	3.61	0.57	4300	-0.41	0.0000			490.0000						
bullhead_3_fairness_heavy_presslight_morl_grid	SIM_TRAIN	155	134.3	27.7	-7.11	5.03	0.57	4288	-0.45	0.0000			274.6667						
bullhead_3_fairness_heavy_presslight_morl_grid	SIM_TRAIN	156	146.5	19.7	-8.01	8.75	0.53	4295	-0.51	0.0000			206.6667						
bullhead_3_fairness_heavy_presslight_morl_grid	SIM_TRAIN	157	140.6	11.6	-7.34	6.50	0.52	4293	-0.41	0.0000			205.3333						
bullhead_3_fairness_heavy_presslight_morl_grid	SIM_TRAIN	158	156.5	10.1	-12.64	11.90	0.53	4284	-0.57	0.0000			715.6667						
bullhead_3_fairness_heavy_presslight_morl_grid	SIM_TRAIN	159	157.8	9.4	-13.96	11.67	0.54	4274	-0.43	0.0000			456.6667						
bullhead_3_fairness_heavy_presslight_morl_grid	SIM_TRAIN	160	165.8	8.3	-15.82	12.95	0.55	4256	-0.45	0.0000			1097.3333						
bullhead_3_fairness_heavy_presslight_morl_grid	SIM_TRAIN	161	179.2	7.6	-19.73	15.77	0.54	4235	-0.49	0.0000			474.0000						
bullhead_3_fairness_heavy_presslight_morl_grid	REAL_TRAIN	18	1031.1	100.0	-178.71	162.99	0.79	1307		-532.1755	queue=2.5174;delay=0.0;waiting=507.061;pressure=0.0;switches=0.0;fairness=22.5971	grid;w=waiting=0.5;switches=0.5	324.0000	4515.5503	1463.9124	7.0000	1738.0000	0.0000	queue=50.3476;delay=2.3773;waiting=50706.0983;pressure=327.2028;switches=0.6083;fairness=564.9283
bullhead_3_fairness_heavy_presslight_morl_grid	SIM_TRAIN	162	129.2	0.0	-4.14	3.34	0.58	4300	-5.23	0.0000			627.6667						
bullhead_3_fairness_heavy_presslight_morl_grid	SIM_TRAIN	163	129.2	0.0	-3.44	3.36	0.57	4298	-5.62	0.0000			980.6667						
bullhead_3_fairness_heavy_presslight_morl_grid	SIM_TRAIN	164	132.0	33.0	-5.36	4.39	0.56	4283	-5.56	0.0000			1075.6667						
bullhead_3_fairness_heavy_presslight_morl_grid	SIM_TRAIN	165	214.0	23.9	-26.51	15.79	0.58	4150	-5.38	0.0000			340.3333						
bullhead_3_fairness_heavy_presslight_morl_grid	SIM_TRAIN	166	147.0	18.7	-18.01	8.78	0.54	4294	-5.33	0.0000			205.0000						
bullhead_3_fairness_heavy_presslight_morl_grid	SIM_TRAIN	167	149.4	15.4	-21.96	9.66	0.56	4268	-4.74	0.0000			693.0000						
bullhead_3_fairness_heavy_presslight_morl_grid	SIM_TRAIN	168	163.5	13.8	-26.36	11.23	0.58	4256	-4.44	0.0000			225.3333						
bullhead_3_fairness_heavy_presslight_morl_grid	SIM_TRAIN	169	192.1	12.8	-33.31	13.77	0.58	4224	-5.00	0.0000			495.3333						
bullhead_3_fairness_heavy_presslight_morl_grid	SIM_TRAIN	170	172.1	12.2	-33.56	13.51	0.58	4206	-5.01	0.0000			209.6667						
bullhead_3_fairness_heavy_presslight_morl_grid	REAL_TRAIN	19	1490.4	100.0	-348.60	274.39	0.89	789		-966.4195	queue=4.4977;delay=0.0;waiting=945.2821;pressure=0.0;switches=0.0;fairness=16.6398	grid;w=waiting=0.5;fairness=0.5	262.3333	5702.0491	1848.5689	1.0000	1704.0000	0.0000	queue=89.9534;delay=2.6847;waiting=94528.2078;pressure=534.5083;switches=0.6056;fairness=415.995
bullhead_3_fairness_heavy_presslight_morl_grid	SIM_TRAIN	171	130.0	0.0	-4.77	3.56	0.57	4299	-0.65	0.0000			1294.6667						
bullhead_3_fairness_heavy_presslight_morl_grid	SIM_TRAIN	172	128.4	0.0	-3.02	3.14	0.56	4296	-0.65	0.0000			1382.3333						
bullhead_3_fairness_heavy_presslight_morl_grid	SIM_TRAIN	173	132.2	28.1	-5.67	4.37	0.56	4276	-0.69	0.0000			295.0000						
bullhead_3_fairness_heavy_presslight_morl_grid	SIM_TRAIN	174	153.0	18.7	-11.33	10.39	0.53	4291	-1.04	0.0000			0.0000						
bullhead_3_fairness_heavy_presslight_morl_grid	SIM_TRAIN	175	137.6	11.4	-7.71	5.63	0.53	4293	-0.79	0.0000			965.0000						
bullhead_3_fairness_heavy_presslight_morl_grid	SIM_TRAIN	176	147.7	9.1	-12.10	9.09	0.55	4283	-0.96	0.0000			204.6667						
bullhead_3_fairness_heavy_presslight_morl_grid	SIM_TRAIN	177	146.1	7.2	-10.61	8.26	0.53	4275	-0.96	0.0000			696.3333						
bullhead_3_fairness_heavy_presslight_morl_grid	SIM_TRAIN	178	148.0	6.7	-10.08	8.94	0.53	4291	-0.99	0.0000			494.0000						
bullhead_3_fairness_heavy_presslight_morl_grid	SIM_TRAIN	179	152.1	6.2	-12.86	9.86	0.54	4287	-0.98	0.0000			662.6667						
bullhead_3_fairness_heavy_presslight_morl_grid	REAL_TRAIN	20	859.6	100.0	-161.70	139.95	0.77	1591		-458.4868	queue=2.1654;delay=0.0;waiting=430.008;pressure=0.0;switches=0.0;fairness=26.3134	grid;w=pressure=0.5;switches=0.5	386.0000	4042.1244	1310.4302	3.0000	1399.0000	0.0000	queue=43.3071;delay=2.3211;waiting=43000.8022;pressure=289.6528;switches=0.4722;fairness=657.8358
bullhead_3_fairness_heavy_presslight_morl_grid	SIM_TRAIN	180	130.6	0.0	-4.88	3.83	0.58	4300	-5.93	0.0000			645.3333						
bullhead_3_fairness_heavy_presslight_morl_grid	SIM_TRAIN	181	129.8	0.0	-4.68	3.55	0.57	4291	-5.45	0.0000			1413.3333						
bullhead_3_fairness_heavy_presslight_morl_grid	SIM_TRAIN	182	132.6	32.0	-7.23	4.59	0.59	4277	-5.63	0.0000			922.0000						
bullhead_3_fairness_heavy_presslight_morl_grid	SIM_TRAIN	183	158.6	23.7	-19.22	12.65	0.55	4279	-5.60	0.0000			1396.3333						
bullhead_3_fairness_heavy_presslight_morl_grid	SIM_TRAIN	184	145.8	17.7	-16.52	8.53	0.53	4290	-4.96	0.0000			233.6667						
bullhead_3_fairness_heavy_presslight_morl_grid	SIM_TRAIN	185	141.5	14.5	-13.39	7.02	0.52	4283	-5.17	0.0000			205.6667						
bullhead_3_fairness_heavy_presslight_morl_grid	SIM_TRAIN	186	146.6	13.1	-18.52	8.61	0.53	4287	-4.97	0.0000			447.6667						
bullhead_3_fairness_heavy_presslight_morl_grid	SIM_TRAIN	187	145.3	12.2	-17.93	8.14	0.54	4292	-5.03	0.0000			739.0000						
bullhead_3_fairness_heavy_presslight_morl_grid	SIM_TRAIN	188	147.7	11.8	-21.74	9.07	0.54	4291	-5.24	0.0000			713.3333						
bullhead_3_fairness_heavy_presslight_morl_grid	REAL_TRAIN	21	708.7	100.0	-123.52	110.62	0.73	1998		-408.8795	queue=1.7066;delay=0.0;waiting=381.3596;pressure=0.0;switches=0.0;fairness=25.8134	grid;w=pressure=0.5;fairness=0.5	489.6667	3593.1443	1164.8729	4.0000	1393.0000	0.0000	queue=34.1311;delay=2.1826;waiting=38135.9601;pressure=275.4;switches=0.4778;fairness=645.3342
bullhead_3_fairness_heavy_presslight_morl_grid	SIM_TRAIN	189	130.2	0.0	-4.53	3.74	0.58	4300	-6.12	0.0000			1525.6667						
bullhead_3_fairness_heavy_presslight_morl_grid	SIM_TRAIN	190	129.7	0.0	-4.37	3.56	0.57	4300	-5.58	0.0000			528.0000						
bullhead_3_fairness_heavy_presslight_morl_grid	SIM_TRAIN	191	134.3	33.8	-7.06	5.13	0.57	4270	-5.83	0.0000			385.0000						
bullhead_3_fairness_heavy_presslight_morl_grid	SIM_TRAIN	192	153.9	22.5	-19.47	11.44	0.57	4283	-6.04	0.0000			1118.6667						
bullhead_3_fairness_heavy_presslight_morl_grid	SIM_TRAIN	193	146.3	18.1	-18.08	8.66	0.55	4275	-5.34	0.0000			232.3333						
bullhead_3_fairness_heavy_presslight_morl_grid	SIM_TRAIN	194	148.6	15.5	-20.85	9.13	0.58	4277	-4.31	0.0000			747.3333						
bullhead_3_fairness_heavy_presslight_morl_grid	SIM_TRAIN	195	147.5	14.0	-18.66	8.96	0.57	4269	-4.85	0.0000			816.6667						
bullhead_3_fairness_heavy_presslight_morl_grid	SIM_TRAIN	196	169.7	13.0	-42.00	15.24	0.62	4246	-4.66	0.0000			770.6667						
bullhead_3_fairness_heavy_presslight_morl_grid	SIM_TRAIN	197	219.1	12.5	-52.20	19.34	0.64	4098	-4.45	0.0000			513.6667						
bullhead_3_fairness_heavy_presslight_morl_grid	REAL_TRAIN	22	972.5	100.0	-275.16	209.07	0.81	1396		-620.9701	queue=3.4219;delay=0.0;waiting=596.0384;pressure=0.0;switches=0.0;fairness=21.5098	grid;w=switches=0.5;fairness=0.5	291.0000	4681.8027	1517.8103	4.0000	1732.0000	0.0000	queue=68.4389;delay=2.4222;waiting=59603.8413;pressure=365.9389;switches=0.9306;fairness=537.7442
bullhead_3_fairness_heavy_presslight_morl_grid	SIM_TRAIN	198	144.7	0.0	-14.61	7.83	0.56	4299	-0.73	0.0000			305.3333						
bullhead_3_fairness_heavy_presslight_morl_grid	SIM_TRAIN	199	143.9	0.0	-13.68	7.54	0.55	4286	-0.70	0.0000			508.3333						
bullhead_3_fairness_heavy_presslight_morl_grid	REAL_TRAIN	24	285.4	100.0	-63.63	38.05	0.58	3375		-99.7464	queue=0.6107;delay=0.0;waiting=70.8032;pressure=0.0;switches=0.0;fairness=28.3325	refine;w=delay=0.5;pressure=0.5;ckpt2	435.3333	1928.9147	625.3360	18.0000	1153.0000	0.0000	queue=12.2144;delay=1.7505;waiting=7080.3238;pressure=154.225;switches=1.0889;fairness=708.3119
bullhead_3_fairness_heavy_presslight_morl_grid	SIM_TRAIN	200	154.4	7.1	-18.01	10.29	0.55	4204	-0.77	0.0000			1009.6667						
bullhead_3_fairness_heavy_presslight_morl_grid	SIM_TRAIN	201	453.8	6.7	-30.55	40.14	0.54	3449	-1.12	0.0000			553.3333						
bullhead_3_fairness_heavy_presslight_morl_grid	REAL_TRAIN	26	2115.0	100.0	-355.05	328.57	0.91	219		-1268.5444	queue=5.2198;delay=0.0;waiting=1255.9731;pressure=0.0;switches=0.0;fairness=7.3515	refine;w=delay=0.5;pressure=0.5;ckpt4	68.3333	6579.6108	2133.0723	3.0000	1603.0000	0.0000	queue=104.3955;delay=2.7211;waiting=125597.3142;pressure=405.2528;switches=0.1639;fairness=183.7875
bullhead_3_fairness_heavy_presslight_morl_grid	SIM_TRAIN	202	650.5	14.8	-49.19	103.54	0.58	3156	-2.89	0.0000			773.0000						
bullhead_3_fairness_heavy_presslight_morl_grid	SIM_TRAIN	203	724.5	28.3	-46.73	136.56	0.55	2839	-3.57	0.0000			912.3333						
bullhead_3_fairness_heavy_presslight_morl_grid	REAL_TRAIN	28	2257.3	100.0	-377.99	369.47	0.92	135		-1494.5362	queue=5.8189;delay=0.0;waiting=1484.0364;pressure=0.0;switches=0.0;fairness=4.681	refine;w=delay=0.5;pressure=0.5;ckpt6	43.0000	6717.1994	2177.6780	1.0000	1546.0000	0.0000	queue=116.3774;delay=2.7649;waiting=148403.636;pressure=415.2722;switches=0.1361;fairness=117.0256
bullhead_3_fairness_heavy_presslight_morl_grid	SIM_TRAIN	204	896.8	38.0	-113.91	196.32	0.59	2670	-4.40	0.0000			1182.3333						
bullhead_3_fairness_heavy_presslight_morl_grid	SIM_TRAIN	205	973.2	41.6	-118.53	223.98	0.59	2217	-4.75	0.0000			1006.0000						
bullhead_3_fairness_heavy_presslight_morl_grid	REAL_TRAIN	30	1586.0	100.0	-329.26	299.41	0.88	593		-1061.0600	queue=4.7621;delay=0.0;waiting=1044.1535;pressure=0.0;switches=0.0;fairness=12.1445	refine;w=delay=0.5;pressure=0.5;ckpt8	123.6667	5872.3086	1903.7681	2.0000	1715.0000	0.0000	queue=95.2412;delay=2.6484;waiting=104415.3482;pressure=381.4917;switches=0.325;fairness=303.6114
bullhead_3_fairness_heavy_presslight_morl_grid	SIM_TRAIN	206	1037.3	45.2	-145.48	256.04	0.63	1900	-5.36	0.0000			1094.3333						
bullhead_3_fairness_heavy_presslight_morl_grid	SIM_TRAIN	207	995.0	49.3	-136.16	250.64	0.64	2237	-5.36	0.0000			1130.6667						
bullhead_3_fairness_heavy_presslight_morl_grid	REAL_TRAIN	32	2223.4	100.0	-373.53	373.26	0.92	173		-1505.3711	queue=5.8576;delay=0.0;waiting=1494.4387;pressure=0.0;switches=0.0;fairness=5.0748	refine;w=delay=0.5;pressure=0.5;ckpt10	48.0000	6754.4377	2189.7504	0.0000	1551.0000	0.0000	queue=117.1518;delay=2.7488;waiting=149443.8716;pressure=419.9694;switches=0.1361;fairness=126.8708
bullhead_3_fairness_heavy_presslight_morl_grid	SIM_TRAIN	208	1060.5	52.2	-130.86	267.16	0.64	1989	-6.05	0.0000			1048.6667						
bullhead_3_fairness_heavy_presslight_morl_grid	SIM_TRAIN	209	1055.3	57.0	-140.13	272.93	0.70	1939	-6.05	0.0000			977.3333						
bullhead_3_fairness_heavy_presslight_morl_grid	REAL_TRAIN	34	1839.6	100.0	-317.81	336.57	0.86	444		-1228.0056	queue=5.2397;delay=0.0;waiting=1213.4558;pressure=0.0;switches=0.0;fairness=9.31	refine;w=delay=0.5;pressure=0.5;ckpt12	102.0000	6370.1524	2065.1665	0.0000	1666.0000	0.0000	queue=104.7939;delay=2.5823;waiting=121345.5829;pressure=335.8222;switches=0.3167;fairness=232.7511
bullhead_3_fairness_heavy_presslight_morl_grid	SIM_TRAIN	210	1006.9	66.0	-122.52	254.97	0.66	2180	-5.77	0.0000			1106.0000						
bullhead_3_fairness_heavy_presslight_morl_grid	SIM_TRAIN	211	809.3	70.3	-69.89	201.89	0.62	2695	-4.18	0.0000			586.0000						
bullhead_3_fairness_heavy_presslight_morl_grid	REAL_TRAIN	36	900.3	100.0	-164.35	153.81	0.78	1686		-528.4045	queue=2.3877;delay=0.0;waiting=502.5652;pressure=0.0;switches=0.0;fairness=23.4516	refine;w=delay=0.5;pressure=0.5;ckpt14	395.3333	4334.3879	1405.1797	6.0000	1783.0000	0.0000	queue=47.754;delay=2.3493;waiting=50256.5166;pressure=275.9583;switches=0.9556;fairness=586.2908
bullhead_3_fairness_heavy_presslight_morl_grid	SIM_TRAIN	212	716.4	67.0	-52.09	167.53	0.60	3045	-3.11	0.0000			1101.6667						
bullhead_3_fairness_heavy_presslight_morl_grid	SIM_TRAIN	213	645.3	63.8	-47.30	125.91	0.60	3312	-2.32	0.0000			527.3333						
bullhead_3_fairness_heavy_presslight_morl_grid	REAL_TRAIN	38	611.2	100.0	-131.96	105.48	0.69	2289		-344.0654	queue=1.6485;delay=0.0;waiting=319.4206;pressure=0.0;switches=0.0;fairness=22.9963	refine;w=delay=0.5;pressure=0.5;ckpt16	389.3333	3350.9840	1086.3654	6.0000	1340.0000	0.0000	queue=32.9709;delay=2.067;waiting=31942.0596;pressure=232.0778;switches=0.8028;fairness=574.9067
bullhead_3_fairness_heavy_presslight_morl_grid	SIM_TRAIN	214	727.2	59.8	-55.60	157.31	0.63	3325	-2.43	0.0000			796.0000						
bullhead_3_fairness_heavy_presslight_morl_grid	SIM_TRAIN	215	358.7	57.8	-41.58	68.24	0.63	3941	-1.95	0.0000			1149.3333						
bullhead_3_fairness_heavy_presslight_morl_grid	REAL_TRAIN	40	833.5	100.0	-177.96	138.30	0.78	1910		-501.7489	queue=2.1691;delay=0.0;waiting=473.3528;pressure=0.0;switches=0.0;fairness=26.227	refine;w=delay=0.5;pressure=0.5;ckpt18	509.6667	4083.5311	1323.8537	0.0000	1157.0000	0.0000	queue=43.3828;delay=2.3473;waiting=47335.2785;pressure=285.3111;switches=0.1667;fairness=655.6747
bullhead_3_fairness_heavy_presslight_morl_grid	SIM_TRAIN	216	667.2	56.2	-64.83	164.09	0.63	2963	-2.89	0.0000			996.6667						
bullhead_3_fairness_heavy_presslight_morl_grid	SIM_TRAIN	217	483.6	53.0	-40.08	96.29	0.60	3626	-1.64	0.0000			776.3333						
bullhead_3_fairness_heavy_presslight_morl_grid	REAL_TRAIN	42	687.9	100.0	-141.08	112.64	0.71	2207		-393.9172	queue=1.7775;delay=0.0;waiting=368.2594;pressure=0.0;switches=0.0;fairness=23.8802	refine;w=delay=0.5;pressure=0.5;ckpt20	377.6667	3568.6564	1156.9330	2.0000	1128.0000	0.0000	queue=35.5505;delay=2.1447;waiting=36825.9437;pressure=279.5333;switches=0.3556;fairness=597.0061
bullhead_3_fairness_heavy_presslight_morl_grid	SIM_TRAIN	218	485.9	51.7	-50.18	99.15	0.61	3616	-2.17	0.0000			493.0000						
bullhead_3_fairness_heavy_presslight_morl_grid	SIM_TRAIN	219	665.7	48.2	-55.33	150.55	0.62	3046	-2.15	0.0000			1116.0000						
bullhead_3_fairness_heavy_presslight_morl_grid	REAL_TRAIN	44	491.1	100.0	-115.65	80.69	0.70	2865		-291.3363	queue=1.3239;delay=0.0;waiting=259.7721;pressure=0.0;switches=0.0;fairness=30.2403	refine;w=delay=0.5;pressure=0.5;ckpt22	578.0000	2727.3744	884.1917	2.0000	1034.0000	0.0000	queue=26.4773;delay=2.0884;waiting=25977.2108;pressure=226.5111;switches=0.5361;fairness=756.0075
bullhead_3_fairness_heavy_presslight_morl_grid	SIM_TRAIN	220	608.6	44.3	-53.52	125.93	0.62	3554	-1.87	0.0000			1373.6667						
bullhead_3_fairness_heavy_presslight_morl_grid	SIM_TRAIN	221	491.8	41.2	-51.81	102.35	0.61	3629	-1.63	0.0000			984.3333						
bullhead_3_fairness_heavy_presslight_morl_grid	REAL_TRAIN	46	552.2	100.0	-117.80	96.80	0.70	2884		-291.3898	queue=1.5457;delay=0.0;waiting=262.1205;pressure=0.0;switches=0.0;fairness=27.7236	refine;w=delay=0.5;pressure=0.5;ckpt24	576.6667	3064.5812	993.5122	2.0000	1182.0000	1.0000	queue=30.9133;delay=2.1111;waiting=26212.0469;pressure=182.3222;switches=0.5528;fairness=693.0908
bullhead_3_fairness_heavy_presslight_morl_grid	SIM_TRAIN	222	671.5	38.3	-67.53	139.14	0.62	3470	-1.85	0.0000			1180.3333						
bullhead_3_fairness_heavy_presslight_morl_grid	SIM_TRAIN	223	581.4	34.7	-69.53	112.59	0.60	3390	-1.80	0.0000			642.0000						
bullhead_3_fairness_heavy_presslight_morl_grid	REAL_TRAIN	48	1014.5	100.0	-192.17	204.14	0.76	2311		-588.0170	queue=3.1661;delay=0.0;waiting=563.9012;pressure=0.0;switches=0.0;fairness=20.9497	refine;w=delay=0.5;pressure=0.5;ckpt26	508.0000	4746.6948	1538.8450	1.0000	1560.0000	0.0000	queue=63.3225;delay=2.2893;waiting=56390.1181;pressure=238.6417;switches=0.3944;fairness=523.7436
bullhead_3_fairness_heavy_presslight_morl_grid	SIM_TRAIN	224	688.6	31.0	-81.19	159.40	0.64	3081	-2.21	0.0000			1189.0000						
bullhead_3_fairness_heavy_presslight_morl_grid	SIM_TRAIN	225	670.2	29.4	-74.48	151.30	0.64	3172	-2.10	0.0000			1119.3333						
bullhead_3_fairness_heavy_presslight_morl_grid	REAL_TRAIN	50	491.9	100.0	-107.42	84.19	0.69	2968		-274.6077	queue=1.3355;delay=0.0;waiting=243.9806;pressure=0.0;switches=0.0;fairness=29.2916	refine;w=delay=0.5;pressure=0.5;ckpt28	574.3333	2786.4905	903.3568	4.0000	1160.0000	0.0000	queue=26.7094;delay=2.0829;waiting=24398.0611;pressure=171.7306;switches=0.775;fairness=732.2903
bullhead_3_fairness_heavy_presslight_morl_grid	SIM_TRAIN	226	646.4	28.2	-47.26	135.20	0.62	3530	-1.43	0.0000			586.3333						
bullhead_3_fairness_heavy_presslight_morl_grid	SIM_TRAIN	227	533.6	26.4	-46.52	111.96	0.63	3648	-1.37	0.0000			1584.6667						
bullhead_3_fairness_heavy_presslight_morl_grid	REAL_TRAIN	52	1318.9	100.0	-211.88	262.31	0.78	1139		-921.2685	queue=4.0803;delay=0.0;waiting=899.9002;pressure=0.0;switches=0.0;fairness=17.2879	refine;w=delay=0.5;pressure=0.5;ckpt30	302.3333	5681.6423	1841.9535	2.0000	1452.0000	0.0000	queue=81.6069;delay=2.3449;waiting=89990.021;pressure=289.4222;switches=0.5111;fairness=432.1986
bullhead_3_fairness_heavy_presslight_morl_grid	SIM_TRAIN	228	569.2	25.6	-47.30	109.96	0.62	3408	-1.45	0.0000			782.3333						
bullhead_3_fairness_heavy_presslight_morl_grid	SIM_TRAIN	229	532.8	24.2	-40.59	94.89	0.63	3605	-1.21	0.0000			1023.0000						
bullhead_3_fairness_heavy_presslight_morl_grid	REAL_TRAIN	54	448.2	100.0	-109.75	73.57	0.73	2976		-265.2285	queue=1.2138;delay=0.0;waiting=231.7847;pressure=0.0;switches=0.0;fairness=32.23	refine;w=delay=0.5;pressure=0.5;ckpt32	574.6667	2554.5054	828.1486	4.0000	962.0000	0.0000	queue=24.2756;delay=2.1897;waiting=23178.4743;pressure=165.275;switches=0.6917;fairness=805.7506
bullhead_3_fairness_heavy_presslight_morl_grid	SIM_TRAIN	230	381.8	25.8	-52.28	86.16	0.64	3941	-1.98	0.0000			1258.0000						
bullhead_3_fairness_heavy_presslight_morl_grid	SIM_TRAIN	231	341.6	22.9	-44.05	77.63	0.63	4043	-1.74	0.0000			1961.6667						
bullhead_3_fairness_heavy_presslight_morl_grid	REAL_TRAIN	56	410.9	100.0	-102.32	66.25	0.70	3028		-240.8386	queue=1.0759;delay=0.0;waiting=208.7139;pressure=0.0;switches=0.0;fairness=31.0488	refine;w=delay=0.5;pressure=0.5;ckpt34	574.3333	2388.0237	774.1763	2.0000	846.0000	0.0000	queue=21.5183;delay=2.0949;waiting=20871.3921;pressure=175.1417;switches=0.5944;fairness=776.2192
bullhead_3_fairness_heavy_presslight_morl_grid	SIM_TRAIN	232	274.4	21.8	-39.95	54.62	0.64	4135	-1.40	0.0000			1971.3333						
bullhead_3_fairness_heavy_presslight_morl_grid	SIM_TRAIN	233	246.3	20.8	-30.21	45.33	0.62	4198	-1.13	0.0000			2721.0000						
bullhead_3_fairness_heavy_presslight_morl_grid	REAL_TRAIN	58	340.9	100.0	-86.98	55.56	0.66	3517		-150.3793	queue=0.888;delay=0.0;waiting=123.1111;pressure=0.0;switches=0.0;fairness=26.3801	refine;w=delay=0.5;pressure=0.5;ckpt36	303.0000	2281.1021	739.5121	7.0000	1129.0000	0.0000	queue=17.7603;delay=1.9866;waiting=12311.1126;pressure=132.3028;switches=0.8306;fairness=659.5028
bullhead_3_fairness_heavy_presslight_morl_grid	SIM_TRAIN	234	254.4	19.5	-29.74	46.33	0.61	4168	-1.12	0.0000			1275.0000						
bullhead_3_fairness_heavy_presslight_morl_grid	SIM_TRAIN	235	266.4	19.6	-32.22	48.51	0.61	4135	-1.15	0.0000			1269.3333						
bullhead_3_fairness_heavy_presslight_morl_grid	REAL_TRAIN	60	357.9	100.0	-95.46	59.86	0.67	3133		-196.9266	queue=0.966;delay=0.0;waiting=172.381;pressure=0.0;switches=0.0;fairness=23.5796	refine;w=delay=0.5;pressure=0.5;ckpt38	360.0000	2198.5064	712.7359	16.0000	1194.0000	0.0000	queue=19.3199;delay=2.0156;waiting=17238.0998;pressure=102.2694;switches=0.8083;fairness=589.49
bullhead_3_fairness_heavy_presslight_morl_grid	SIM_TRAIN	236	231.1	15.9	-23.36	36.10	0.59	4196	-1.00	0.0000			1212.0000						
bullhead_3_fairness_heavy_presslight_morl_grid	SIM_TRAIN	237	209.2	13.9	-20.95	30.61	0.58	4233	-0.91	0.0000			635.0000						
bullhead_3_fairness_heavy_presslight_morl_grid	REAL_TRAIN	62	1295.5	100.0	-105.84	180.05	0.82	1087		-652.8092	queue=2.7863;delay=0.0;waiting=631.885;pressure=0.0;switches=0.0;fairness=18.1379	refine;w=delay=0.5;pressure=0.5;ckpt40	206.3333	4973.7625	1612.4636	1.0000	1198.0000	0.0000	queue=55.7269;delay=2.4717;waiting=63188.4961;pressure=204.5333;switches=0.2028;fairness=453.4481
bullhead_3_fairness_heavy_presslight_morl_grid	SIM_TRAIN	238	199.6	12.3	-23.40	27.42	0.61	4230	-0.83	0.0000			763.6667						
bullhead_3_fairness_heavy_presslight_morl_grid	SIM_TRAIN	239	205.4	10.4	-24.30	28.94	0.62	4243	-0.96	0.0000			805.3333						
bullhead_3_fairness_heavy_presslight_morl_grid	REAL_TRAIN	64	311.1	100.0	-76.06	46.95	0.67	3545		-149.3715	queue=0.7637;delay=0.0;waiting=120.3642;pressure=0.0;switches=0.0;fairness=28.2436	refine;w=delay=0.5;pressure=0.5;ckpt42	458.6667	2112.7674	684.9393	2.0000	878.0000	0.0000	queue=15.2748;delay=2.0195;waiting=12036.4176;pressure=97.3556;switches=0.8111;fairness=706.0906
bullhead_3_fairness_heavy_presslight_morl_grid	SIM_TRAIN	240	202.8	8.7	-24.39	26.40	0.62	4219	-0.82	0.0000			799.3333						
bullhead_3_fairness_heavy_presslight_morl_grid	SIM_TRAIN	241	193.3	7.2	-25.28	26.76	0.64	4204	-0.88	0.0000			656.6667						
bullhead_3_fairness_heavy_presslight_morl_grid	REAL_TRAIN	66	746.3	100.0	-123.52	114.42	0.69	2072		-435.9300	queue=1.7734;delay=0.0;waiting=407.1489;pressure=0.0;switches=0.0;fairness=27.0078	refine;w=delay=0.5;pressure=0.5;ckpt44	505.0000	3714.3366	1204.1626	3.0000	961.0000	0.0000	queue=35.4672;delay=2.0732;waiting=40714.8883;pressure=270.2139;switches=0.2611;fairness=675.1947
bullhead_3_fairness_heavy_presslight_morl_grid	SIM_TRAIN	242	200.7	6.0	-25.67	29.25	0.61	4221	-0.85	0.0000			640.3333						
bullhead_3_fairness_heavy_presslight_morl_grid	SIM_TRAIN	243	206.0	5.1	-27.77	27.97	0.63	4192	-0.91	0.0000			1506.6667						
bullhead_3_fairness_heavy_presslight_morl_grid	REAL_TRAIN	68	750.2	100.0	-105.53	109.92	0.70	2170		-455.4739	queue=1.6656;delay=0.0;waiting=424.559;pressure=0.0;switches=0.0;fairness=29.2493	refine;w=delay=0.5;pressure=0.5;ckpt46	503.6667	3681.9738	1193.6709	3.0000	1002.0000	0.0000	queue=33.3121;delay=2.1079;waiting=42455.9022;pressure=291.6667;switches=0.2083;fairness=731.2322
bullhead_3_fairness_heavy_presslight_morl_grid	SIM_TRAIN	244	225.3	4.2	-24.82	26.22	0.60	4168	-0.81	0.0000			777.3333						
bullhead_3_fairness_heavy_presslight_morl_grid	SIM_TRAIN	245	224.0	3.5	-19.18	21.96	0.59	4029	-0.84	0.0000			798.3333						
bullhead_3_fairness_heavy_presslight_morl_grid	REAL_TRAIN	70	827.4	100.0	-158.70	131.43	0.72	1881		-513.3225	queue=2.021;delay=0.0;waiting=483.0988;pressure=0.0;switches=0.0;fairness=28.2027	refine;w=delay=0.5;pressure=0.5;ckpt48	504.3333	3951.9092	1281.1829	1.0000	968.0000	0.0000	queue=40.4201;delay=2.1572;waiting=48309.8756;pressure=376.5194;switches=0.1556;fairness=705.0686
bullhead_3_fairness_heavy_presslight_morl_grid	SIM_TRAIN	246	249.0	3.0	-18.76	18.71	0.60	4055	-0.74	0.0000			630.3333						
bullhead_3_fairness_heavy_presslight_morl_grid	SIM_TRAIN	247	262.5	2.6	-17.14	18.63	0.58	4024	-0.69	0.0000			656.3333						
bullhead_3_fairness_heavy_presslight_morl_grid	REAL_TRAIN	72	1121.2	100.0	-218.86	178.93	0.82	1524		-560.9397	queue=2.7677;delay=0.0;waiting=538.028;pressure=0.0;switches=0.0;fairness=20.1441	refine;w=delay=0.5;pressure=0.5;ckpt50	372.3333	4712.6519	1527.8118	1.0000	1657.0000	0.0000	queue=55.3531;delay=2.469;waiting=53802.8016;pressure=394.1139;switches=0.1667;fairness=503.6014
bullhead_3_fairness_heavy_presslight_morl_grid	SIM_TRAIN	248	281.2	2.3	-19.82	20.93	0.60	4049	-0.74	0.0000			813.0000						
bullhead_3_fairness_heavy_presslight_morl_grid	SIM_TRAIN	249	258.0	2.0	-18.14	19.15	0.59	4026	-0.68	0.0000			1980.6667						
bullhead_3_fairness_heavy_presslight_morl_grid	REAL_TRAIN	74	1477.0	100.0	-225.00	240.90	0.89	817		-839.8970	queue=3.6859;delay=0.0;waiting=819.9951;pressure=0.0;switches=0.0;fairness=16.216	refine;w=delay=0.5;pressure=0.5;ckpt52	219.3333	5409.4862	1753.7223	1.0000	1434.0000	1.0000	queue=73.7172;delay=2.6831;waiting=81999.513;pressure=317.2722;switches=0.5194;fairness=405.3992
bullhead_3_fairness_heavy_presslight_morl_grid	SIM_TRAIN	250	289.3	1.7	-17.18	18.20	0.56	3945	-0.67	0.0000			622.0000						
bullhead_3_fairness_heavy_presslight_morl_grid	SIM_TRAIN	251	273.1	1.6	-16.31	16.69	0.57	3982	-0.65	0.0000			674.3333						
bullhead_3_fairness_heavy_presslight_morl_grid	REAL_TRAIN	76	1684.1	100.0	-257.89	273.45	0.91	646		-994.0364	queue=4.1958;delay=0.0;waiting=976.8906;pressure=0.0;switches=0.0;fairness=12.9501	refine;w=delay=0.5;pressure=0.5;ckpt54	186.3333	5765.5295	1869.1496	0.0000	1494.0000	0.0000	queue=83.9153;delay=2.7233;waiting=97689.0577;pressure=317.1389;switches=0.575;fairness=323.7519
bullhead_3_fairness_heavy_presslight_morl_grid	SIM_TRAIN	252	255.1	1.4	-15.49	14.88	0.54	3999	-0.63	0.0000			1392.3333						
bullhead_3_fairness_heavy_presslight_morl_grid	SIM_TRAIN	253	669.8	1.6	-141.67	109.80	0.70	3787	-3.37	0.0000			1237.3333						
bullhead_3_fairness_heavy_presslight_morl_grid	REAL_TRAIN	78	1673.4	100.0	-185.47	228.15	0.81	724		-826.4053	queue=3.5799;delay=0.0;waiting=807.7544;pressure=0.0;switches=0.0;fairness=15.071	refine;w=delay=0.5;pressure=0.5;ckpt56	237.0000	5616.9359	1820.9767	3.0000	1443.0000	0.0000	queue=71.5986;delay=2.4419;waiting=80775.4393;pressure=376.5417;switches=0.5417;fairness=376.7744
bullhead_3_fairness_heavy_presslight_morl_grid	SIM_TRAIN	254	436.1	2.5	-46.36	55.33	0.63	3884	-3.86	0.0000			1038.6667						
bullhead_3_fairness_heavy_presslight_morl_grid	SIM_TRAIN	255	289.4	2.5	-20.51	18.59	0.62	3872	-0.77	0.0000			1273.0000						
bullhead_3_fairness_heavy_presslight_morl_grid	REAL_TRAIN	80	706.6	100.0	-133.33	114.47	0.71	2015		-310.7911	queue=1.8054;delay=0.0;waiting=287.4446;pressure=0.0;switches=0.0;fairness=21.5412	refine;w=delay=0.5;pressure=0.5;ckpt58	300.0000	3655.5939	1185.1179	7.0000	1488.0000	0.0000	queue=36.1073;delay=2.1292;waiting=28744.4576;pressure=277.1361;switches=0.5361;fairness=538.53
bullhead_3_fairness_heavy_presslight_morl_grid	SIM_TRAIN	256	335.1	2.3	-21.88	18.48	0.62	3776	-0.77	0.0000			989.3333						
bullhead_3_fairness_heavy_presslight_morl_grid	SIM_TRAIN	257	319.8	1.9	-22.16	17.32	0.62	3830	-0.75	0.0000			2672.6667						
bullhead_3_fairness_heavy_presslight_morl_grid	REAL_TRAIN	82	611.7	100.0	-111.66	97.03	0.69	2181		-266.8200	queue=1.5253;delay=0.0;waiting=243.2605;pressure=0.0;switches=0.0;fairness=22.0342	refine;w=delay=0.5;pressure=0.5;ckpt60	316.0000	3310.6352	1073.2845	2.0000	1334.0000	0.0000	queue=30.5062;delay=2.0697;waiting=24326.0505;pressure=224.6528;switches=0.5444;fairness=550.8556
bullhead_3_fairness_heavy_presslight_morl_grid	SIM_TRAIN	258	307.8	1.7	-21.28	16.25	0.61	3879	-0.74	0.0000			1590.0000						
bullhead_3_fairness_heavy_presslight_morl_grid	SIM_TRAIN	259	288.4	1.6	-20.42	15.97	0.62	3929	-0.73	0.0000			1120.6667						
bullhead_3_fairness_heavy_presslight_morl_grid	REAL_TRAIN	84	886.4	100.0	-160.23	142.10	0.72	1530		-471.4117	queue=2.2451;delay=0.0;waiting=449.3533;pressure=0.0;switches=0.0;fairness=19.8132	refine;w=delay=0.5;pressure=0.5;ckpt62	345.6667	4070.3516	1319.5809	9.0000	1469.0000	0.0000	queue=44.9029;delay=2.1573;waiting=44935.3336;pressure=305.4472;switches=0.5361;fairness=495.3294
bullhead_3_fairness_heavy_presslight_morl_grid	SIM_TRAIN	260	248.9	1.4	-19.10	15.40	0.60	3991	-0.70	0.0000			1179.3333						
bullhead_3_fairness_heavy_presslight_morl_grid	SIM_TRAIN	261	279.7	1.4	-18.38	14.14	0.59	3928	-0.70	0.0000			1120.6667						
bullhead_3_fairness_heavy_presslight_morl_grid	REAL_TRAIN	86	926.5	100.0	-184.69	150.61	0.73	1470		-478.3345	queue=2.3991;delay=0.0;waiting=455.0972;pressure=0.0;switches=0.0;fairness=20.8381	refine;w=delay=0.5;pressure=0.5;ckpt64	342.3333	4204.5350	1363.0823	3.0000	1637.0000	0.0000	queue=47.9819;delay=2.1949;waiting=45509.7245;pressure=347.7;switches=0.8028;fairness=520.9531
bullhead_3_fairness_heavy_presslight_morl_grid	SIM_TRAIN	262	289.1	1.3	-18.10	14.56	0.60	3881	-0.68	0.0000			2486.0000						
bullhead_3_fairness_heavy_presslight_morl_grid	SIM_TRAIN	263	293.4	1.3	-17.26	14.35	0.59	3898	-0.70	0.0000			1558.3333						
bullhead_3_fairness_heavy_presslight_morl_grid	REAL_TRAIN	88	1301.6	100.0	-296.66	223.55	0.75	930		-783.6235	queue=3.6426;delay=0.0;waiting=760.518;pressure=0.0;switches=0.0;fairness=19.4629	refine;w=delay=0.5;pressure=0.5;ckpt66	227.3333	5343.4591	1732.3170	1.0000	1579.0000	0.0000	queue=72.8529;delay=2.2467;waiting=76051.796;pressure=445.0083;switches=0.4222;fairness=486.5736
bullhead_3_fairness_heavy_presslight_morl_grid	SIM_TRAIN	264	258.5	1.2	-17.32	13.54	0.59	3977	-0.70	0.0000			1250.0000						
bullhead_3_fairness_heavy_presslight_morl_grid	SIM_TRAIN	265	276.8	1.2	-17.47	14.26	0.59	3920	-0.70	0.0000			1636.3333						
bullhead_3_fairness_heavy_presslight_morl_grid	REAL_TRAIN	90	883.8	100.0	-175.44	140.30	0.72	1674		-385.0061	queue=2.2196;delay=0.0;waiting=361.9387;pressure=0.0;switches=0.0;fairness=20.8478	refine;w=delay=0.5;pressure=0.5;ckpt68	361.3333	4133.4362	1340.0322	4.0000	1562.0000	0.0000	queue=44.3919;delay=2.164;waiting=36193.8739;pressure=326.5333;switches=0.5944;fairness=521.1939
bullhead_3_fairness_heavy_presslight_morl_grid	SIM_TRAIN	266	267.8	1.2	-17.57	13.71	0.59	3954	-0.68	0.0000			1263.6667						
bullhead_3_fairness_heavy_presslight_morl_grid	SIM_TRAIN	267	257.3	0.9	-16.60	14.03	0.58	4004	-0.70	0.0000			1688.6667						
bullhead_3_fairness_heavy_presslight_morl_grid	REAL_TRAIN	92	919.7	100.0	-150.49	142.81	0.72	1556		-456.0735	queue=2.2208;delay=0.0;waiting=433.493;pressure=0.0;switches=0.0;fairness=20.3597	refine;w=delay=0.5;pressure=0.5;ckpt70	329.6667	4095.7796	1327.8243	6.0000	1423.0000	0.0000	queue=44.4154;delay=2.1739;waiting=43349.2962;pressure=297.5139;switches=0.9639;fairness=508.9931
bullhead_3_fairness_heavy_presslight_morl_grid	SIM_TRAIN	268	250.7	0.6	-19.15	14.56	0.60	4015	-0.70	0.0000			2442.6667						
bullhead_3_fairness_heavy_presslight_morl_grid	SIM_TRAIN	269	252.2	0.5	-18.43	12.66	0.59	4003	-0.69	0.0000			1150.6667						
bullhead_3_fairness_heavy_presslight_morl_grid	REAL_TRAIN	94	411.5	100.0	-90.93	62.35	0.68	3393		-135.4268	queue=0.9893;delay=0.0;waiting=110.9417;pressure=0.0;switches=0.0;fairness=23.4958	refine;w=delay=0.5;pressure=0.5;ckpt72	578.6667	2641.0943	856.2205	4.0000	1340.0000	0.0000	queue=19.7862;delay=2.0333;waiting=11094.1655;pressure=209.4722;switches=0.5806;fairness=587.3947
bullhead_3_fairness_heavy_presslight_morl_grid	SIM_TRAIN	270	250.9	0.5	-18.29	12.35	0.59	3973	-0.67	0.0000			2030.6667						
bullhead_3_fairness_heavy_presslight_morl_grid	SIM_TRAIN	271	248.5	0.4	-17.80	11.95	0.58	3983	-0.67	0.0000			2124.0000						
bullhead_3_fairness_heavy_presslight_morl_grid	REAL_TRAIN	96	842.0	100.0	-152.78	142.18	0.77	1688		-329.2903	queue=2.1985;delay=0.0;waiting=307.0032;pressure=0.0;switches=0.0;fairness=20.0886	refine;w=delay=0.5;pressure=0.5;ckpt74	337.6667	4206.3126	1363.6581	1.0000	1644.0000	0.0000	queue=43.9706;delay=2.324;waiting=30700.3214;pressure=286.1083;switches=0.5444;fairness=502.2147
bullhead_3_fairness_heavy_presslight_morl_grid	SIM_TRAIN	272	258.9	0.4	-17.37	11.72	0.59	3985	-0.66	0.0000			1691.0000						
bullhead_3_fairness_heavy_presslight_morl_grid	SIM_TRAIN	273	252.6	0.4	-17.15	11.56	0.58	3992	-0.64	0.0000			1196.3333						
bullhead_3_fairness_heavy_presslight_morl_grid	REAL_TRAIN	98	1285.9	100.0	-283.20	259.19	0.87	899		-786.2429	queue=4.1137;delay=0.0;waiting=766.8848;pressure=0.0;switches=0.0;fairness=15.2445	refine;w=delay=0.5;pressure=0.5;ckpt76	169.3333	5402.0951	1751.3267	0.0000	1787.0000	0.0000	queue=82.2733;delay=2.6016;waiting=76688.4796;pressure=353.1111;switches=0.2556;fairness=381.1122
bullhead_3_fairness_heavy_presslight_morl_grid	SIM_TRAIN	274	253.3	0.4	-16.51	11.33	0.57	3988	-0.62	0.0000			105.6667						
bullhead_3_fairness_heavy_presslight_morl_grid	SIM_TRAIN	275	256.7	0.3	-16.47	10.88	0.58	3995	-0.64	0.0000			1570.6667						
bullhead_3_fairness_heavy_presslight_morl_grid	REAL_TRAIN	100	2361.1	100.0	-381.13	366.31	0.93	73		-1485.4978	queue=5.7754;delay=0.0;waiting=1475.9871;pressure=0.0;switches=0.0;fairness=3.7353	refine;w=delay=0.5;pressure=0.5;ckpt78	34.6667	6811.6348	2208.2936	0.0000	1536.0000	0.0000	queue=115.5089;delay=2.7882;waiting=147598.7079;pressure=413.8083;switches=0.1028;fairness=93.3831
bullhead_3_fairness_heavy_presslight_morl_grid	SIM_TRAIN	276	233.0	0.3	-15.91	10.64	0.58	4044	-0.65	0.0000			855.6667						
bullhead_3_fairness_heavy_presslight_morl_grid	SIM_TRAIN	277	227.4	0.3	-15.31	10.08	0.57	4052	-0.62	0.0000			2097.3333						
bullhead_3_fairness_heavy_presslight_morl_grid	REAL_TRAIN	102	1815.1	100.0	-383.02	291.27	0.88	564		-1283.4784	queue=4.8492;delay=0.0;waiting=1276.216;pressure=0.0;switches=0.0;fairness=2.4133	refine;w=delay=0.5;pressure=0.5;ckpt80	21.6667	5353.0022	1735.4124	0.0000	1184.0000	0.0000	queue=96.9833;delay=2.6476;waiting=127621.5951;pressure=831.5667;switches=0.1111;fairness=60.3317
bullhead_3_fairness_heavy_presslight_morl_grid	SIM_TRAIN	278	218.0	0.3	-16.29	9.26	0.58	4068	-0.62	0.0000			1696.6667						
bullhead_3_fairness_heavy_presslight_morl_grid	SIM_TRAIN	279	232.3	0.3	-17.12	8.94	0.59	4052	-0.63	0.0000			2447.3333						
bullhead_3_fairness_heavy_presslight_morl_grid	REAL_TRAIN	104	2382.0	100.0	-381.88	374.35	0.93	43		-1535.2718	queue=5.8848;delay=0.0;waiting=1526.8475;pressure=0.0;switches=0.0;fairness=2.5395	refine;w=delay=0.5;pressure=0.5;ckpt82	23.3333	6752.9245	2189.2601	0.0000	1561.0000	0.0000	queue=117.6966;delay=2.7888;waiting=152684.7536;pressure=410.9889;switches=0.0944;fairness=63.4867
bullhead_3_fairness_heavy_presslight_morl_grid	SIM_TRAIN	280	259.7	0.3	-16.05	10.11	0.56	4002	-0.64	0.0000			2508.0000						
bullhead_3_fairness_heavy_presslight_morl_grid	SIM_TRAIN	281	209.5	0.3	-15.70	7.74	0.58	4080	-0.60	0.0000			1643.3333						
bullhead_3_fairness_heavy_presslight_morl_grid	REAL_TRAIN	106	1905.1	100.0	-365.06	317.51	0.87	488		-1273.0828	queue=5.12;delay=0.0;waiting=1260.085;pressure=0.0;switches=0.0;fairness=7.8778	refine;w=delay=0.5;pressure=0.5;ckpt84	130.6667	5848.7005	1896.1146	0.0000	1505.0000	0.0000	queue=102.4008;delay=2.6182;waiting=126008.4968;pressure=596.4833;switches=0.2917;fairness=196.9453
bullhead_3_fairness_heavy_presslight_morl_grid	SIM_TRAIN	282	198.9	0.2	-14.59	7.08	0.55	4132	-0.58	0.0000			1106.6667						
bullhead_3_fairness_heavy_presslight_morl_grid	SIM_TRAIN	283	171.0	0.2	-14.91	6.68	0.57	4179	-0.60	0.0000			480.3333						
bullhead_3_fairness_heavy_presslight_morl_grid	REAL_TRAIN	108	895.8	100.0	-229.30	171.13	0.82	1511		-507.1521	queue=2.765;delay=0.0;waiting=478.4121;pressure=0.0;switches=0.0;fairness=25.9749	refine;w=delay=0.5;pressure=0.5;ckpt86	326.6667	4286.0429	1389.5077	5.0000	1763.0000	0.0000	queue=55.3;delay=2.4478;waiting=47841.2147;pressure=320.1083;switches=0.6556;fairness=649.3736
bullhead_3_fairness_heavy_presslight_morl_grid	SIM_TRAIN	284	242.5	0.2	-24.74	26.10	0.57	3728	-1.09	0.0000			2204.0000						
bullhead_3_fairness_heavy_presslight_morl_grid	SIM_TRAIN	285	195.6	0.3	-15.20	7.04	0.55	4138	-0.58	0.0000			834.0000						
bullhead_3_fairness_heavy_presslight_morl_grid	REAL_TRAIN	110	2401.0	100.0	-370.32	293.78	0.90	149		-1242.9399	queue=4.713;delay=0.0;waiting=1222.9595;pressure=0.0;switches=0.0;fairness=15.2674	refine;w=delay=0.5;pressure=0.5;ckpt88	182.6667	7200.8099	2334.4617	1.0000	1475.0000	0.0000	queue=94.26;delay=2.7027;waiting=122295.9492;pressure=416.1972;switches=0.3722;fairness=381.6858
bullhead_3_fairness_heavy_presslight_morl_grid	SIM_TRAIN	286	261.5	0.3	-26.11	22.40	0.56	4035	-0.94	0.0000			2274.3333						
bullhead_3_fairness_heavy_presslight_morl_grid	SIM_TRAIN	287	174.0	0.3	-16.46	7.64	0.58	4184	-0.63	0.0000			1156.0000						
bullhead_3_fairness_heavy_presslight_morl_grid	REAL_TRAIN	112	1452.4	100.0	-332.41	225.52	0.84	791		-883.2645	queue=3.7403;delay=0.0;waiting=861.0024;pressure=0.0;switches=0.0;fairness=18.5218	refine;w=delay=0.5;pressure=0.5;ckpt90	291.6667	5755.1685	1865.7914	5.0000	1666.0000	0.0000	queue=74.8057;delay=2.5062;waiting=86100.2392;pressure=450.7944;switches=0.7389;fairness=463.0447
bullhead_3_fairness_heavy_presslight_morl_grid	SIM_TRAIN	288	174.8	0.3	-17.07	8.14	0.56	4166	-0.63	0.0000			770.3333						
bullhead_3_fairness_heavy_presslight_morl_grid	SIM_TRAIN	289	192.3	0.3	-18.66	8.33	0.58	4151	-0.66	0.0000			378.3333						
bullhead_3_fairness_heavy_presslight_morl_grid	REAL_TRAIN	114	179.7	100.0	-54.02	16.77	0.66	4105		-89.3588	queue=0.3394;delay=0.0;waiting=51.8693;pressure=0.0;switches=0.0;fairness=37.1501	refine;w=delay=0.5;pressure=0.5;ckpt92	724.3333	1461.6186	473.8409	8.0000	1071.0000	0.0000	queue=6.7873;delay=1.9771;waiting=5186.9296;pressure=62.4944;switches=1.2056;fairness=928.7528
bullhead_3_fairness_heavy_presslight_morl_grid	SIM_TRAIN	290	170.1	0.3	-17.95	8.03	0.57	4196	-0.64	0.0000			1540.3333						
bullhead_3_fairness_heavy_presslight_morl_grid	REAL_TRAIN	115	186.3	100.0	-56.67	20.14	0.60	4103		-58.8943	queue=0.3447;delay=0.0;waiting=37.6748;pressure=0.0;switches=0.0;fairness=20.8748	refine;w=delay=0.5;pressure=0.5;ckpt93	401.3333	1512.1336	490.2175	7.0000	1146.0000	0.0000	queue=6.8938;delay=1.7962;waiting=3767.4836;pressure=67.3639;switches=1.1778;fairness=521.8703
bullhead_3_fairness_heavy_presslight_morl_grid	REAL_TEST	0	186.3	100.0	-56.67	20.14	0.60	4103		-58.8943	queue=0.3447;delay=0.0;waiting=37.6748;pressure=0.0;switches=0.0;fairness=20.8748		401.3333	1512.1336	490.2175	7.0000	1146.0000	0.0000	queue=6.8938;delay=1.7962;waiting=3767.4836;pressure=67.3639;switches=1.1778;fairness=521.8703
