SIM_TRAIN step:0, travel time:75.03998571938594, q_loss:0, rewards:-65.009346, queue:11.132619, delay:1.3436673, throughput:2783
sim step:3600/3600
episode:0/300, sim_loss:0
SIM_TRAIN step:1, travel time:74.67928571428571, q_loss:0, rewards:-65.75155, queue:11.295375, delay:1.362831, throughput:2785
sim step:3600/3600
episode:1/300, sim_loss:0
SIM_TRAIN step:2, travel time:77.15571428571428, q_loss:7201.886, rewards:-38.94801, queue:6.77567, delay:0.5284935, throughput:2784
sim step:3600/3600
episode:2/300, sim_loss:7201.886
SIM_TRAIN step:3, travel time:136.45607142857142, q_loss:1542.708, rewards:-71.74349, queue:13.238723, delay:1.0561697, throughput:2684
sim step:3600/3600
episode:3/300, sim_loss:1542.708
REAL_TEST step:3, travel time:1311.8473547267997, q_loss:100, rewards:-462.67868, queue:72.347046, delay:2.489665, throughput:605
SIM_TRAIN step:4, travel time:379.23107142857145, q_loss:698.91284, rewards:-61.564823, queue:11.639483, delay:0.6398921, throughput:2673
sim step:3600/3600
episode:4/300, sim_loss:698.91284
SIM_TRAIN step:5, travel time:710.1728571428572, q_loss:425.035, rewards:-108.98555, queue:21.40588, delay:0.84956545, throughput:1642
sim step:3600/3600
episode:5/300, sim_loss:425.035
SIM_TRAIN step:6, travel time:107.70653338093538, q_loss:439.5818, rewards:-65.462074, queue:11.735835, delay:1.1171881, throughput:2782
sim step:3600/3600
episode:6/300, sim_loss:439.5818
REAL_TEST step:6, travel time:394.56577319587626, q_loss:100, rewards:-252.26031, queue:40.558495, delay:2.350166, throughput:1924
SIM_TRAIN step:7, travel time:83.66178571428571, q_loss:336.12524, rewards:-60.437523, queue:10.55809, delay:1.1632092, throughput:2780
sim step:3600/3600
episode:7/300, sim_loss:336.12524
SIM_TRAIN step:8, travel time:139.9807142857143, q_loss:284.1135, rewards:-67.88999, queue:12.204058, delay:1.2171795, throughput:2780
sim step:3600/3600
episode:8/300, sim_loss:284.1135
SIM_TRAIN step:9, travel time:140.29586009992863, q_loss:274.4066, rewards:-46.46021, queue:8.178323, delay:0.8010915, throughput:2783
sim step:3600/3600
episode:9/300, sim_loss:274.4066
REAL_TEST step:9, travel time:150.54597701149424, q_loss:100, rewards:-114.3696, queue:19.624714, delay:2.1867585, throughput:2505
SIM_TRAIN step:10, travel time:93.46285714285715, q_loss:256.92383, rewards:-67.65414, queue:11.8097515, delay:1.3915303, throughput:2767
sim step:3600/3600
episode:10/300, sim_loss:256.92383
SIM_TRAIN step:11, travel time:109.87785714285714, q_loss:265.3909, rewards:-61.431747, queue:10.737308, delay:1.263431, throughput:2790
sim step:3600/3600
episode:11/300, sim_loss:265.3909
SIM_TRAIN step:12, travel time:151.82970367725812, q_loss:233.6676, rewards:-22.882763, queue:4.2069855, delay:0.5620068, throughput:2704
sim step:3600/3600
episode:12/300, sim_loss:233.6676
REAL_TEST step:12, travel time:99.54991243432575, q_loss:100, rewards:-90.465096, queue:15.881713, delay:2.2576852, throughput:2775
SIM_TRAIN step:13, travel time:141.72642857142858, q_loss:215.3322, rewards:-60.366158, queue:10.560954, delay:1.2987117, throughput:2788
sim step:3600/3600
episode:13/300, sim_loss:215.3322
SIM_TRAIN step:14, travel time:191.21857142857144, q_loss:237.55824, rewards:-29.637445, queue:5.4717846, delay:0.7452526, throughput:2666
sim step:3600/3600
episode:14/300, sim_loss:237.55824
SIM_TRAIN step:15, travel time:137.83113173866477, q_loss:219.32014, rewards:-59.000565, queue:10.32331, delay:1.1795088, throughput:2786
sim step:3600/3600
episode:15/300, sim_loss:219.32014
REAL_TEST step:15, travel time:154.31795058139534, q_loss:100, rewards:-86.24477, queue:15.51945, delay:2.1078045, throughput:2661
SIM_TRAIN step:16, travel time:217.10892857142858, q_loss:206.02007, rewards:-35.456997, queue:6.3767786, delay:0.5975452, throughput:2690
sim step:3600/3600
episode:16/300, sim_loss:206.02007
SIM_TRAIN step:17, travel time:181.94501963584435, q_loss:190.12569, rewards:-51.073112, queue:9.009971, delay:1.3610202, throughput:2681
sim step:3600/3600
episode:17/300, sim_loss:190.12569
SIM_TRAIN step:18, travel time:188.01570867547304, q_loss:171.70926, rewards:-48.85641, queue:8.64892, delay:1.2856263, throughput:2668
sim step:3600/3600
episode:18/300, sim_loss:171.70926
REAL_TEST step:18, travel time:171.06203566121843, q_loss:100, rewards:-110.0891, queue:20.16272, delay:2.1736727, throughput:2594
SIM_TRAIN step:19, travel time:226.20556745182012, q_loss:134.80974, rewards:-46.553997, queue:8.23639, delay:0.9577682, throughput:2657
sim step:3600/3600
episode:19/300, sim_loss:134.80974
SIM_TRAIN step:20, travel time:217.65655123170296, q_loss:96.74968, rewards:-46.554737, queue:8.133845, delay:1.1583282, throughput:2630
sim step:3600/3600
episode:20/300, sim_loss:96.74968
SIM_TRAIN step:21, travel time:241.6893966440557, q_loss:78.579994, rewards:-53.37327, queue:9.377176, delay:1.0755818, throughput:2624
sim step:3600/3600
episode:21/300, sim_loss:78.579994
REAL_TEST step:21, travel time:125.94314501619287, q_loss:100, rewards:-90.296936, queue:16.185854, delay:2.2074952, throughput:2688
SIM_TRAIN step:22, travel time:234.84118486795145, q_loss:78.7168, rewards:-57.19401, queue:9.954486, delay:1.1879652, throughput:2625
sim step:3600/3600
episode:22/300, sim_loss:78.7168
SIM_TRAIN step:23, travel time:235.22321428571428, q_loss:68.32523, rewards:-50.682667, queue:8.894909, delay:1.2713755, throughput:2615
sim step:3600/3600
episode:23/300, sim_loss:68.32523
SIM_TRAIN step:24, travel time:236.1825, q_loss:56.335945, rewards:-31.450195, queue:5.540333, delay:0.69036484, throughput:2614
sim step:3600/3600
episode:24/300, sim_loss:56.335945
REAL_TEST step:24, travel time:115.65821000704722, q_loss:100, rewards:-106.22741, queue:19.909111, delay:2.1890829, throughput:2737
SIM_TRAIN step:25, travel time:216.25107142857144, q_loss:45.238327, rewards:-47.30937, queue:8.169413, delay:0.9774778, throughput:2646
sim step:3600/3600
episode:25/300, sim_loss:45.238327
SIM_TRAIN step:26, travel time:223.27464285714285, q_loss:42.47046, rewards:-54.155132, queue:9.355148, delay:1.1624981, throughput:2640
sim step:3600/3600
episode:26/300, sim_loss:42.47046
SIM_TRAIN step:27, travel time:248.0375, q_loss:41.574017, rewards:-32.139816, queue:5.803029, delay:0.5002092, throughput:2609
sim step:3600/3600
episode:27/300, sim_loss:41.574017
REAL_TEST step:27, travel time:84.75770308123249, q_loss:100, rewards:-91.60881, queue:16.316957, delay:2.1149905, throughput:2795
SIM_TRAIN step:28, travel time:221.60563882940755, q_loss:40.36785, rewards:-31.17616, queue:5.659097, delay:0.5421704, throughput:2615
sim step:3600/3600
episode:28/300, sim_loss:40.36785
SIM_TRAIN step:29, travel time:238.35392857142858, q_loss:39.046837, rewards:-35.20613, queue:6.2472067, delay:0.80998874, throughput:2591
sim step:3600/3600
episode:29/300, sim_loss:39.046837
SIM_TRAIN step:30, travel time:232.24178571428573, q_loss:31.464407, rewards:-30.576761, queue:5.472376, delay:0.6531096, throughput:2616
sim step:3600/3600
episode:30/300, sim_loss:31.464407
REAL_TEST step:30, travel time:622.493911349245, q_loss:100, rewards:-350.73846, queue:54.068645, delay:2.310343, throughput:1433
SIM_TRAIN step:31, travel time:244.82357142857143, q_loss:29.37441, rewards:-40.843506, queue:7.544002, delay:0.7744144, throughput:2620
sim step:3600/3600
episode:31/300, sim_loss:29.37441
SIM_TRAIN step:32, travel time:213.3107384944702, q_loss:29.543615, rewards:-42.97153, queue:7.524189, delay:1.0520103, throughput:2640
sim step:3600/3600
episode:32/300, sim_loss:29.543615
SIM_TRAIN step:33, travel time:226.51196001428062, q_loss:28.88398, rewards:-46.830708, queue:8.0624895, delay:0.9778789, throughput:2612
sim step:3600/3600
episode:33/300, sim_loss:28.88398
REAL_TEST step:33, travel time:617.660237388724, q_loss:100, rewards:-337.0188, queue:51.96642, delay:2.3775823, throughput:1388
SIM_TRAIN step:34, travel time:151.80464285714285, q_loss:30.046646, rewards:-39.482388, queue:6.838509, delay:1.0250256, throughput:2707
sim step:3600/3600
episode:34/300, sim_loss:30.046646
SIM_TRAIN step:35, travel time:182.52052838272047, q_loss:29.544422, rewards:-67.54777, queue:11.781367, delay:1.4885539, throughput:2686
sim step:3600/3600
episode:35/300, sim_loss:29.544422
SIM_TRAIN step:36, travel time:89.90328336902213, q_loss:35.68543, rewards:-61.528137, queue:10.867904, delay:1.4083619, throughput:2789
sim step:3600/3600
episode:36/300, sim_loss:35.68543
REAL_TEST step:36, travel time:683.0614555256064, q_loss:100, rewards:-362.5603, queue:58.12655, delay:2.397062, throughput:1200
SIM_TRAIN step:37, travel time:177.03463048911104, q_loss:43.48155, rewards:-49.652252, queue:8.775613, delay:1.1506066, throughput:2690
sim step:3600/3600
episode:37/300, sim_loss:43.48155
SIM_TRAIN step:38, travel time:84.16107142857143, q_loss:46.867317, rewards:-36.041454, queue:6.2557764, delay:0.5553199, throughput:2773
sim step:3600/3600
episode:38/300, sim_loss:46.867317
SIM_TRAIN step:39, travel time:66.0017850767583, q_loss:51.897526, rewards:-34.217102, queue:6.037955, delay:0.86822283, throughput:2775
sim step:3600/3600
episode:39/300, sim_loss:51.897526
REAL_TEST step:39, travel time:202.45353894820087, q_loss:100, rewards:-124.83503, queue:23.461584, delay:2.2315705, throughput:2201
SIM_TRAIN step:40, travel time:115.80357142857143, q_loss:49.432972, rewards:-45.179604, queue:7.992486, delay:0.8191975, throughput:2778
sim step:3600/3600
episode:40/300, sim_loss:49.432972
SIM_TRAIN step:41, travel time:71.24491253123884, q_loss:61.70058, rewards:-50.275425, queue:8.763425, delay:1.0128174, throughput:2792
sim step:3600/3600
episode:41/300, sim_loss:61.70058
SIM_TRAIN step:42, travel time:102.12892857142857, q_loss:66.68213, rewards:-38.067406, queue:6.6964483, delay:0.60548776, throughput:2774
sim step:3600/3600
episode:42/300, sim_loss:66.68213
REAL_TEST step:42, travel time:620.545145631068, q_loss:100, rewards:-227.37274, queue:39.926685, delay:2.383586, throughput:1351
SIM_TRAIN step:43, travel time:189.40292648108493, q_loss:77.284424, rewards:-49.398563, queue:8.584827, delay:1.2543696, throughput:2641
sim step:3600/3600
episode:43/300, sim_loss:77.284424
SIM_TRAIN step:44, travel time:175.46178571428572, q_loss:74.80236, rewards:-38.34721, queue:6.6883826, delay:0.74474627, throughput:2684
sim step:3600/3600
episode:44/300, sim_loss:74.80236
SIM_TRAIN step:45, travel time:162.52338450553373, q_loss:74.29815, rewards:-24.769588, queue:4.2874565, delay:0.6225569, throughput:2686
sim step:3600/3600
episode:45/300, sim_loss:74.29815
REAL_TEST step:45, travel time:112.7497310864109, q_loss:100, rewards:-139.69543, queue:22.624537, delay:2.192639, throughput:2699
SIM_TRAIN step:46, travel time:220.71607142857144, q_loss:69.958496, rewards:-43.656624, queue:7.6689725, delay:1.0689383, throughput:2609
sim step:3600/3600
episode:46/300, sim_loss:69.958496
SIM_TRAIN step:47, travel time:191.54266333452338, q_loss:67.22004, rewards:-23.256182, queue:4.0657344, delay:0.50785136, throughput:2648
sim step:3600/3600
episode:47/300, sim_loss:67.22004
SIM_TRAIN step:48, travel time:230.87615988579586, q_loss:65.389984, rewards:-48.26903, queue:8.310607, delay:1.0951436, throughput:2596
sim step:3600/3600
episode:48/300, sim_loss:65.389984
REAL_TEST step:48, travel time:658.6896149358226, q_loss:100, rewards:-167.02754, queue:32.084076, delay:2.2720356, throughput:1241
SIM_TRAIN step:49, travel time:191.90007137758744, q_loss:59.226044, rewards:-32.238907, queue:5.5630393, delay:0.6523887, throughput:2661
sim step:3600/3600
episode:49/300, sim_loss:59.226044
SIM_TRAIN step:50, travel time:146.21607142857144, q_loss:52.02914, rewards:-35.472378, queue:6.190137, delay:0.9366611, throughput:2717
sim step:3600/3600
episode:50/300, sim_loss:52.02914
SIM_TRAIN step:51, travel time:136.47964285714286, q_loss:45.474056, rewards:-45.208622, queue:8.005652, delay:1.2203887, throughput:2730
sim step:3600/3600
episode:51/300, sim_loss:45.474056
REAL_TEST step:51, travel time:83.42612044817928, q_loss:100, rewards:-87.00234, queue:15.390352, delay:2.1724017, throughput:2802
SIM_TRAIN step:52, travel time:152.16785714285714, q_loss:40.470387, rewards:-46.814682, queue:8.355834, delay:1.2804884, throughput:2713
sim step:3600/3600
episode:52/300, sim_loss:40.470387
SIM_TRAIN step:53, travel time:84.01428571428572, q_loss:33.110046, rewards:-40.32624, queue:6.950403, delay:0.84027326, throughput:2767
sim step:3600/3600
episode:53/300, sim_loss:33.110046
SIM_TRAIN step:54, travel time:106.37571428571428, q_loss:36.293293, rewards:-39.931923, queue:7.03009, delay:0.669517, throughput:2770
sim step:3600/3600
episode:54/300, sim_loss:36.293293
REAL_TEST step:54, travel time:166.94376434583015, q_loss:100, rewards:-113.25228, queue:21.815756, delay:2.2162824, throughput:2494
SIM_TRAIN step:55, travel time:71.34857142857143, q_loss:41.44668, rewards:-38.809586, queue:6.846972, delay:1.050747, throughput:2791
sim step:3600/3600
episode:55/300, sim_loss:41.44668
SIM_TRAIN step:56, travel time:69.48642857142858, q_loss:36.652435, rewards:-42.266193, queue:7.2671437, delay:0.7663053, throughput:2773
sim step:3600/3600
episode:56/300, sim_loss:36.652435
SIM_TRAIN step:57, travel time:75.74035714285715, q_loss:43.25447, rewards:-63.66964, queue:11.219354, delay:1.3666556, throughput:2766
sim step:3600/3600
episode:57/300, sim_loss:43.25447
REAL_TEST step:57, travel time:158.0866466616654, q_loss:100, rewards:-103.14638, queue:18.99862, delay:2.181188, throughput:2566
SIM_TRAIN step:58, travel time:63.57678571428571, q_loss:59.6348, rewards:-44.74595, queue:7.796618, delay:1.2150416, throughput:2791
sim step:3600/3600
episode:58/300, sim_loss:59.6348
SIM_TRAIN step:59, travel time:80.82964285714286, q_loss:54.776047, rewards:-60.833485, queue:10.466385, delay:1.3697681, throughput:2789
sim step:3600/3600
episode:59/300, sim_loss:54.776047
SIM_TRAIN step:60, travel time:94.88107142857143, q_loss:56.371773, rewards:-49.335537, queue:8.495973, delay:1.0346054, throughput:2767
sim step:3600/3600
episode:60/300, sim_loss:56.371773
REAL_TEST step:60, travel time:484.77777777777777, q_loss:100, rewards:-197.39853, queue:35.13896, delay:2.3016827, throughput:1693
SIM_TRAIN step:61, travel time:67.58142857142857, q_loss:64.18023, rewards:-46.869427, queue:8.161892, delay:1.2451653, throughput:2784
sim step:3600/3600
episode:61/300, sim_loss:64.18023
SIM_TRAIN step:62, travel time:56.9364512674045, q_loss:61.99854, rewards:-44.12052, queue:7.7369313, delay:1.1899995, throughput:2791
sim step:3600/3600
episode:62/300, sim_loss:61.99854
SIM_TRAIN step:63, travel time:75.10996072831132, q_loss:56.283752, rewards:-35.653336, queue:6.226583, delay:0.5615283, throughput:2778
sim step:3600/3600
episode:63/300, sim_loss:56.283752
REAL_TEST step:63, travel time:134.21174311926606, q_loss:100, rewards:-91.79777, queue:16.955898, delay:2.1934814, throughput:2634
SIM_TRAIN step:64, travel time:71.09068189932167, q_loss:63.398987, rewards:-41.528355, queue:7.15792, delay:0.783175, throughput:2781
sim step:3600/3600
episode:64/300, sim_loss:63.398987
SIM_TRAIN step:65, travel time:63.17642857142857, q_loss:70.83492, rewards:-33.909683, queue:5.87432, delay:0.8552303, throughput:2784
sim step:3600/3600
episode:65/300, sim_loss:70.83492
SIM_TRAIN step:66, travel time:79.09964285714285, q_loss:74.11975, rewards:-38.470306, queue:6.789117, delay:0.50338835, throughput:2750
sim step:3600/3600
episode:66/300, sim_loss:74.11975
REAL_TEST step:66, travel time:1042.690019828156, q_loss:100, rewards:-331.98495, queue:51.847763, delay:2.3699286, throughput:863
SIM_TRAIN step:67, travel time:70.95037486611925, q_loss:86.59719, rewards:-58.677025, queue:10.225386, delay:1.1453779, throughput:2784
sim step:3600/3600
episode:67/300, sim_loss:86.59719
SIM_TRAIN step:68, travel time:66.95037486611925, q_loss:98.29708, rewards:-30.661507, queue:5.4714026, delay:0.7958268, throughput:2784
sim step:3600/3600
episode:68/300, sim_loss:98.29708
SIM_TRAIN step:69, travel time:134.37035714285713, q_loss:78.0079, rewards:-51.09592, queue:8.77029, delay:1.0861456, throughput:2756
sim step:3600/3600
episode:69/300, sim_loss:78.0079
REAL_TEST step:69, travel time:609.5883495145631, q_loss:100, rewards:-225.11601, queue:37.809498, delay:2.371915, throughput:1427
SIM_TRAIN step:70, travel time:75.64071428571428, q_loss:80.40374, rewards:-53.665325, queue:9.368114, delay:1.202259, throughput:2773
sim step:3600/3600
episode:70/300, sim_loss:80.40374
SIM_TRAIN step:71, travel time:76.32488397001072, q_loss:76.101616, rewards:-33.70833, queue:5.831454, delay:0.5727232, throughput:2769
sim step:3600/3600
episode:71/300, sim_loss:76.101616
SIM_TRAIN step:72, travel time:70.78436272759728, q_loss:67.72014, rewards:-44.685715, queue:7.6865273, delay:0.8776986, throughput:2782
sim step:3600/3600
episode:72/300, sim_loss:67.72014
REAL_TEST step:72, travel time:380.67529215358934, q_loss:100, rewards:-149.8432, queue:27.8864, delay:2.2255077, throughput:1855
SIM_TRAIN step:73, travel time:56.792857142857144, q_loss:79.123276, rewards:-50.459656, queue:8.798782, delay:1.3320656, throughput:2774
sim step:3600/3600
episode:73/300, sim_loss:79.123276
SIM_TRAIN step:74, travel time:69.56357142857142, q_loss:76.806656, rewards:-57.25184, queue:10.066223, delay:1.1536502, throughput:2778
sim step:3600/3600
episode:74/300, sim_loss:76.806656
SIM_TRAIN step:75, travel time:66.90753302392002, q_loss:80.91471, rewards:-56.978607, queue:9.821139, delay:1.2445748, throughput:2783
sim step:3600/3600
episode:75/300, sim_loss:80.91471
REAL_TEST step:75, travel time:104.64029797800639, q_loss:100, rewards:-134.46017, queue:20.5672, delay:2.208067, throughput:2747
SIM_TRAIN step:76, travel time:64.57107142857143, q_loss:97.339005, rewards:-43.14155, queue:7.5124097, delay:0.8508598, throughput:2785
sim step:3600/3600
episode:76/300, sim_loss:97.339005
SIM_TRAIN step:77, travel time:62.92, q_loss:100.734276, rewards:-33.17322, queue:5.830573, delay:0.87541693, throughput:2788
sim step:3600/3600
episode:77/300, sim_loss:100.734276
SIM_TRAIN step:78, travel time:75.53123884327026, q_loss:97.5307, rewards:-45.200527, queue:7.88012, delay:0.7857688, throughput:2771
sim step:3600/3600
episode:78/300, sim_loss:97.5307
REAL_TEST step:78, travel time:173.64089950808153, q_loss:100, rewards:-129.1089, queue:23.715334, delay:2.18972, throughput:2638
SIM_TRAIN step:79, travel time:79.0475, q_loss:107.4913, rewards:-46.631824, queue:7.9877152, delay:0.8489504, throughput:2741
sim step:3600/3600
episode:79/300, sim_loss:107.4913
SIM_TRAIN step:80, travel time:71.16172795430204, q_loss:115.48587, rewards:-47.43244, queue:8.271205, delay:0.8367873, throughput:2768
sim step:3600/3600
episode:80/300, sim_loss:115.48587
SIM_TRAIN step:81, travel time:67.30203498750446, q_loss:112.21995, rewards:-41.066853, queue:7.0338874, delay:0.71714705, throughput:2783
sim step:3600/3600
episode:81/300, sim_loss:112.21995
REAL_TEST step:81, travel time:112.15007062146893, q_loss:100, rewards:-84.61559, queue:15.326725, delay:2.0667627, throughput:2758
SIM_TRAIN step:82, travel time:69.52821428571428, q_loss:119.02129, rewards:-35.26378, queue:6.111566, delay:0.53726333, throughput:2783
sim step:3600/3600
episode:82/300, sim_loss:119.02129
SIM_TRAIN step:83, travel time:73.92683797287651, q_loss:130.92006, rewards:-54.358337, queue:9.470945, delay:1.0572821, throughput:2780
sim step:3600/3600
episode:83/300, sim_loss:130.92006
SIM_TRAIN step:84, travel time:76.53480899678686, q_loss:140.42883, rewards:-60.597424, queue:10.437871, delay:1.1534768, throughput:2782
sim step:3600/3600
episode:84/300, sim_loss:140.42883
REAL_TEST step:84, travel time:437.1807339449541, q_loss:100, rewards:-190.62851, queue:33.655483, delay:2.2700498, throughput:1809
SIM_TRAIN step:85, travel time:72.27, q_loss:121.993, rewards:-41.88303, queue:7.241349, delay:0.5863455, throughput:2783
sim step:3600/3600
episode:85/300, sim_loss:121.993
SIM_TRAIN step:86, travel time:67.82863263120313, q_loss:123.102, rewards:-55.28941, queue:9.55155, delay:1.2859662, throughput:2791
sim step:3600/3600
episode:86/300, sim_loss:123.102
SIM_TRAIN step:87, travel time:68.39735808639772, q_loss:120.20973, rewards:-59.914818, queue:10.377026, delay:1.1974652, throughput:2782
sim step:3600/3600
episode:87/300, sim_loss:120.20973
REAL_TEST step:87, travel time:166.76840600428878, q_loss:100, rewards:-116.319565, queue:21.261831, delay:2.2571816, throughput:2543
SIM_TRAIN step:88, travel time:61.75785714285714, q_loss:145.44109, rewards:-52.20708, queue:9.228655, delay:1.3801849, throughput:2782
sim step:3600/3600
episode:88/300, sim_loss:145.44109
SIM_TRAIN step:89, travel time:67.69867904319885, q_loss:112.29161, rewards:-53.5912, queue:9.217878, delay:1.0264802, throughput:2777
sim step:3600/3600
episode:89/300, sim_loss:112.29161
SIM_TRAIN step:90, travel time:65.06423982869379, q_loss:131.07195, rewards:-30.896013, queue:5.395975, delay:0.4985446, throughput:2783
sim step:3600/3600
episode:90/300, sim_loss:131.07195
REAL_TEST step:90, travel time:542.9546322827125, q_loss:100, rewards:-216.40115, queue:36.55605, delay:2.284638, throughput:1678
SIM_TRAIN step:91, travel time:66.14566226347733, q_loss:129.57294, rewards:-34.666443, queue:6.0685887, delay:0.5893913, throughput:2780
sim step:3600/3600
episode:91/300, sim_loss:129.57294
SIM_TRAIN step:92, travel time:71.07392857142857, q_loss:133.43599, rewards:-58.09186, queue:10.0432625, delay:1.1774638, throughput:2781
sim step:3600/3600
episode:92/300, sim_loss:133.43599
SIM_TRAIN step:93, travel time:61.448214285714286, q_loss:138.26453, rewards:-28.845953, queue:5.0671277, delay:0.7871974, throughput:2790
sim step:3600/3600
episode:93/300, sim_loss:138.26453
REAL_TEST step:93, travel time:181.81623277182237, q_loss:100, rewards:-204.59396, queue:30.823792, delay:2.1994114, throughput:2467
SIM_TRAIN step:94, travel time:69.61870760442699, q_loss:140.69568, rewards:-21.848377, queue:3.902294, delay:0.58755875, throughput:2791
sim step:3600/3600
episode:94/300, sim_loss:140.69568
SIM_TRAIN step:95, travel time:65.08535714285715, q_loss:136.61754, rewards:-45.70215, queue:7.9522758, delay:1.2259742, throughput:2779
sim step:3600/3600
episode:95/300, sim_loss:136.61754
SIM_TRAIN step:96, travel time:145.89892857142857, q_loss:115.33229, rewards:-39.68199, queue:6.9332266, delay:1.0906051, throughput:2725
sim step:3600/3600
episode:96/300, sim_loss:115.33229
REAL_TEST step:96, travel time:223.70903010033445, q_loss:100, rewards:-205.12448, queue:29.784248, delay:2.2290144, throughput:2218
SIM_TRAIN step:97, travel time:164.36928571428572, q_loss:105.62287, rewards:-48.114193, queue:8.390267, delay:1.3085799, throughput:2691
sim step:3600/3600
episode:97/300, sim_loss:105.62287
SIM_TRAIN step:98, travel time:213.67368796858264, q_loss:101.31234, rewards:-31.220709, queue:5.4129925, delay:0.5535799, throughput:2675
sim step:3600/3600
episode:98/300, sim_loss:101.31234
SIM_TRAIN step:99, travel time:183.94501963584435, q_loss:98.956, rewards:-63.6458, queue:11.239111, delay:1.5213214, throughput:2702
sim step:3600/3600
episode:99/300, sim_loss:98.956
REAL_TEST step:99, travel time:186.65185752585217, q_loss:100, rewards:-126.31363, queue:24.235905, delay:2.2468789, throughput:2321
SIM_TRAIN step:100, travel time:187.7525, q_loss:83.21964, rewards:-53.479496, queue:9.449735, delay:1.4628819, throughput:2662
sim step:3600/3600
episode:100/300, sim_loss:83.21964
SIM_TRAIN step:101, travel time:221.62857142857143, q_loss:71.810974, rewards:-45.45835, queue:7.8657894, delay:0.93526375, throughput:2641
sim step:3600/3600
episode:101/300, sim_loss:71.810974
SIM_TRAIN step:102, travel time:216.25740806854694, q_loss:58.89341, rewards:-44.454277, queue:7.669707, delay:0.92447734, throughput:2643
sim step:3600/3600
episode:102/300, sim_loss:58.89341
REAL_TEST step:102, travel time:117.87006051975793, q_loss:100, rewards:-149.02654, queue:22.566431, delay:2.1367424, throughput:2709
SIM_TRAIN step:103, travel time:190.3657142857143, q_loss:55.806828, rewards:-46.499317, queue:8.073197, delay:1.2837161, throughput:2666
sim step:3600/3600
episode:103/300, sim_loss:55.806828
SIM_TRAIN step:104, travel time:108.67904319885756, q_loss:44.858585, rewards:-33.321224, queue:5.791407, delay:0.6859112, throughput:2788
sim step:3600/3600
episode:104/300, sim_loss:44.858585
SIM_TRAIN step:105, travel time:131.54535714285714, q_loss:42.44348, rewards:-35.102806, queue:6.15777, delay:0.95591646, throughput:2769
sim step:3600/3600
episode:105/300, sim_loss:42.44348
REAL_TEST step:105, travel time:690.2539509536784, q_loss:100, rewards:-205.98172, queue:35.70582, delay:2.2821257, throughput:1299
SIM_TRAIN step:106, travel time:82.39985719385933, q_loss:33.448734, rewards:-52.620968, queue:9.12217, delay:1.0574661, throughput:2787
sim step:3600/3600
episode:106/300, sim_loss:33.448734
SIM_TRAIN step:107, travel time:64.75107142857142, q_loss:30.8768, rewards:-38.297504, queue:6.69218, delay:1.0117376, throughput:2778
sim step:3600/3600
episode:107/300, sim_loss:30.8768
SIM_TRAIN step:108, travel time:82.7250981792217, q_loss:28.081144, rewards:-41.148724, queue:7.2668567, delay:0.7921518, throughput:2769
sim step:3600/3600
episode:108/300, sim_loss:28.081144
REAL_TEST step:108, travel time:960.7883472057075, q_loss:100, rewards:-277.37057, queue:49.935314, delay:2.3470833, throughput:969
SIM_TRAIN step:109, travel time:118.27026062120672, q_loss:33.553974, rewards:-32.976387, queue:5.802576, delay:0.6066014, throughput:2792
sim step:3600/3600
episode:109/300, sim_loss:33.553974
SIM_TRAIN step:110, travel time:192.76142857142858, q_loss:39.527264, rewards:-46.22067, queue:8.158709, delay:1.2506921, throughput:2662
sim step:3600/3600
episode:110/300, sim_loss:39.527264
SIM_TRAIN step:111, travel time:212.0717857142857, q_loss:43.631462, rewards:-31.392244, queue:5.432335, delay:0.6207487, throughput:2644
sim step:3600/3600
episode:111/300, sim_loss:43.631462
REAL_TEST step:111, travel time:448.195219123506, q_loss:100, rewards:-144.7479, queue:27.149992, delay:2.25176, throughput:1735
SIM_TRAIN step:112, travel time:144.18671902891825, q_loss:43.207916, rewards:-45.138103, queue:7.846806, delay:0.8241388, throughput:2772
sim step:3600/3600
episode:112/300, sim_loss:43.207916
SIM_TRAIN step:113, travel time:166.96857142857144, q_loss:49.941586, rewards:-37.407528, queue:6.6427326, delay:0.88855416, throughput:2685
sim step:3600/3600
episode:113/300, sim_loss:49.941586
SIM_TRAIN step:114, travel time:167.00714285714287, q_loss:49.880722, rewards:-32.411144, queue:5.625785, delay:0.5574377, throughput:2719
sim step:3600/3600
episode:114/300, sim_loss:49.880722
REAL_TEST step:114, travel time:340.3517382413088, q_loss:100, rewards:-165.53802, queue:28.002333, delay:2.2680125, throughput:2081
SIM_TRAIN step:115, travel time:134.75714285714287, q_loss:53.212837, rewards:-53.336708, queue:9.262045, delay:1.1030201, throughput:2759
sim step:3600/3600
episode:115/300, sim_loss:53.212837
SIM_TRAIN step:116, travel time:124.33392857142857, q_loss:60.517124, rewards:-49.727592, queue:8.810171, delay:1.3015119, throughput:2738
sim step:3600/3600
episode:116/300, sim_loss:60.517124
SIM_TRAIN step:117, travel time:79.39164584077115, q_loss:57.09048, rewards:-42.184772, queue:7.38241, delay:0.7410231, throughput:2780
sim step:3600/3600
episode:117/300, sim_loss:57.09048
REAL_TEST step:117, travel time:164.424043715847, q_loss:100, rewards:-156.26546, queue:23.598991, delay:2.2326589, throughput:2536
SIM_TRAIN step:118, travel time:83.12178571428572, q_loss:71.24351, rewards:-34.33036, queue:6.0602474, delay:0.8852097, throughput:2771
sim step:3600/3600
episode:118/300, sim_loss:71.24351
SIM_TRAIN step:119, travel time:79.12, q_loss:65.42053, rewards:-53.535545, queue:9.205802, delay:1.0167555, throughput:2779
sim step:3600/3600
episode:119/300, sim_loss:65.42053
SIM_TRAIN step:120, travel time:105.83321428571429, q_loss:83.372696, rewards:-48.74717, queue:8.384192, delay:1.0996382, throughput:2789
sim step:3600/3600
episode:120/300, sim_loss:83.372696
REAL_TEST step:120, travel time:178.36263736263737, q_loss:100, rewards:-135.59625, queue:23.561426, delay:2.2898076, throughput:2592
SIM_TRAIN step:121, travel time:103.47323340471092, q_loss:97.22017, rewards:-54.076027, queue:9.388171, delay:1.0870543, throughput:2779
sim step:3600/3600
episode:121/300, sim_loss:97.22017
SIM_TRAIN step:122, travel time:104.75357142857143, q_loss:123.69402, rewards:-56.045162, queue:9.611732, delay:1.0502219, throughput:2760
sim step:3600/3600
episode:122/300, sim_loss:123.69402
SIM_TRAIN step:123, travel time:122.13852195644412, q_loss:140.5616, rewards:-64.65761, queue:11.105868, delay:1.396043, throughput:2779
sim step:3600/3600
episode:123/300, sim_loss:140.5616
REAL_TEST step:123, travel time:665.186372745491, q_loss:100, rewards:-293.6087, queue:45.551304, delay:2.4129527, throughput:1350
SIM_TRAIN step:124, travel time:117.9721528025705, q_loss:160.06482, rewards:-45.211224, queue:7.8416095, delay:1.17876, throughput:2735
sim step:3600/3600
episode:124/300, sim_loss:160.06482
SIM_TRAIN step:125, travel time:187.16416845110635, q_loss:156.48776, rewards:-46.482933, queue:8.168457, delay:0.9829827, throughput:2691
sim step:3600/3600
episode:125/300, sim_loss:156.48776
SIM_TRAIN step:126, travel time:137.9210996072831, q_loss:141.89886, rewards:-61.96365, queue:10.685547, delay:1.3684552, throughput:2791
sim step:3600/3600
episode:126/300, sim_loss:141.89886
REAL_TEST step:126, travel time:483.9373857404022, q_loss:100, rewards:-163.34041, queue:29.962917, delay:2.3137274, throughput:1743
SIM_TRAIN step:127, travel time:167.42857142857142, q_loss:142.4244, rewards:-42.6067, queue:7.553359, delay:1.1376266, throughput:2706
sim step:3600/3600
episode:127/300, sim_loss:142.4244
SIM_TRAIN step:128, travel time:170.23964285714285, q_loss:122.8513, rewards:-52.88884, queue:9.071747, delay:1.1947912, throughput:2734
sim step:3600/3600
episode:128/300, sim_loss:122.8513
SIM_TRAIN step:129, travel time:199.0421278114959, q_loss:125.81636, rewards:-50.64924, queue:8.8340845, delay:1.0719161, throughput:2731
sim step:3600/3600
episode:129/300, sim_loss:125.81636
REAL_TEST step:129, travel time:90.55112044817928, q_loss:100, rewards:-97.67048, queue:16.70731, delay:2.1684875, throughput:2809
SIM_TRAIN step:130, travel time:178.73035714285714, q_loss:121.308464, rewards:-45.961403, queue:7.903096, delay:1.1814116, throughput:2662
sim step:3600/3600
episode:130/300, sim_loss:121.308464
SIM_TRAIN step:131, travel time:198.67714285714285, q_loss:111.58009, rewards:-42.97876, queue:7.2180185, delay:0.80266756, throughput:2782
sim step:3600/3600
episode:131/300, sim_loss:111.58009
SIM_TRAIN step:132, travel time:228.26990360585506, q_loss:110.79507, rewards:-37.36474, queue:6.6038203, delay:0.77013767, throughput:2617
sim step:3600/3600
episode:132/300, sim_loss:110.79507
REAL_TEST step:132, travel time:1524.1273234200744, q_loss:100, rewards:-461.93002, queue:72.56168, delay:2.529366, throughput:434
SIM_TRAIN step:133, travel time:244.12964285714287, q_loss:101.801025, rewards:-46.063297, queue:8.143631, delay:1.0147784, throughput:2612
sim step:3600/3600
episode:133/300, sim_loss:101.801025
SIM_TRAIN step:134, travel time:238.23357142857142, q_loss:83.099014, rewards:-36.672733, queue:6.574185, delay:0.78529847, throughput:2611
sim step:3600/3600
episode:134/300, sim_loss:83.099014
SIM_TRAIN step:135, travel time:269.2528571428571, q_loss:74.60694, rewards:-33.91019, queue:6.3307176, delay:0.6740313, throughput:2611
sim step:3600/3600
episode:135/300, sim_loss:74.60694
REAL_TEST step:135, travel time:830.4714828897338, q_loss:100, rewards:-371.99362, queue:56.876644, delay:2.404182, throughput:1039
SIM_TRAIN step:136, travel time:215.2657142857143, q_loss:61.968216, rewards:-61.912342, queue:10.707096, delay:1.3172377, throughput:2646
sim step:3600/3600
episode:136/300, sim_loss:61.968216
SIM_TRAIN step:137, travel time:223.91181720813995, q_loss:58.727386, rewards:-28.980143, queue:5.089944, delay:0.6904917, throughput:2619
sim step:3600/3600
episode:137/300, sim_loss:58.727386
SIM_TRAIN step:138, travel time:232.59178571428572, q_loss:46.36578, rewards:-36.432396, queue:6.307631, delay:0.7231977, throughput:2616
sim step:3600/3600
episode:138/300, sim_loss:46.36578
REAL_TEST step:138, travel time:174.22376009227222, q_loss:100, rewards:-201.67448, queue:29.451183, delay:2.2511156, throughput:2447
SIM_TRAIN step:139, travel time:220.7125, q_loss:49.35353, rewards:-60.528076, queue:10.566133, delay:1.3862646, throughput:2636
sim step:3600/3600
episode:139/300, sim_loss:49.35353
SIM_TRAIN step:140, travel time:231.77936451267405, q_loss:53.5344, rewards:-21.454096, queue:3.7999024, delay:0.545499, throughput:2606
sim step:3600/3600
episode:140/300, sim_loss:53.5344
SIM_TRAIN step:141, travel time:243.20278471974294, q_loss:48.78905, rewards:-33.965755, queue:6.052704, delay:0.5458971, throughput:2610
sim step:3600/3600
episode:141/300, sim_loss:48.78905
REAL_TEST step:141, travel time:103.45413165266106, q_loss:100, rewards:-119.592575, queue:19.691874, delay:2.214261, throughput:2808
SIM_TRAIN step:142, travel time:217.2452695465905, q_loss:54.268543, rewards:-33.984013, queue:6.031005, delay:0.8433756, throughput:2618
sim step:3600/3600
episode:142/300, sim_loss:54.268543
SIM_TRAIN step:143, travel time:223.5207142857143, q_loss:47.512882, rewards:-34.914604, queue:6.1150208, delay:0.8551296, throughput:2618
sim step:3600/3600
episode:143/300, sim_loss:47.512882
SIM_TRAIN step:144, travel time:221.52819414703782, q_loss:44.18996, rewards:-47.244347, queue:8.377566, delay:1.2184287, throughput:2617
sim step:3600/3600
episode:144/300, sim_loss:44.18996
REAL_TEST step:144, travel time:236.4034021871203, q_loss:100, rewards:-190.06805, queue:27.30177, delay:2.1894426, throughput:2309
SIM_TRAIN step:145, travel time:222.4925, q_loss:41.887417, rewards:-43.28321, queue:7.572446, delay:1.1997579, throughput:2651
sim step:3600/3600
episode:145/300, sim_loss:41.887417
SIM_TRAIN step:146, travel time:76.57535714285714, q_loss:37.871883, rewards:-36.264297, queue:6.293076, delay:0.71758664, throughput:2784
sim step:3600/3600
episode:146/300, sim_loss:37.871883
SIM_TRAIN step:147, travel time:111.85464285714286, q_loss:37.058678, rewards:-45.838943, queue:7.8756213, delay:0.89957654, throughput:2759
sim step:3600/3600
episode:147/300, sim_loss:37.058678
REAL_TEST step:147, travel time:227.9757085020243, q_loss:100, rewards:-123.36796, queue:23.394156, delay:2.1932824, throughput:2058
SIM_TRAIN step:148, travel time:176.67083184576936, q_loss:45.322968, rewards:-26.110893, queue:4.5693665, delay:0.6984003, throughput:2672
sim step:3600/3600
episode:148/300, sim_loss:45.322968
SIM_TRAIN step:149, travel time:211.28214285714284, q_loss:44.703163, rewards:-53.318253, queue:9.161843, delay:1.1430968, throughput:2639
sim step:3600/3600
episode:149/300, sim_loss:44.703163
SIM_TRAIN step:150, travel time:152.66964285714286, q_loss:45.412918, rewards:-52.39242, queue:9.303836, delay:1.1537637, throughput:2727
sim step:3600/3600
episode:150/300, sim_loss:45.412918
REAL_TEST step:150, travel time:355.6182065217391, q_loss:100, rewards:-231.79062, queue:38.018597, delay:2.2945807, throughput:1933
SIM_TRAIN step:151, travel time:194.32714285714286, q_loss:42.690918, rewards:-27.993008, queue:4.9344378, delay:0.64231366, throughput:2640
sim step:3600/3600
episode:151/300, sim_loss:42.690918
SIM_TRAIN step:152, travel time:139.87361656551232, q_loss:41.0878, rewards:-46.17802, queue:7.962036, delay:0.8779153, throughput:2743
sim step:3600/3600
episode:152/300, sim_loss:41.0878
SIM_TRAIN step:153, travel time:181.14142857142858, q_loss:42.819542, rewards:-43.096485, queue:7.6564045, delay:0.74341273, throughput:2686
sim step:3600/3600
episode:153/300, sim_loss:42.819542
REAL_TEST step:153, travel time:332.513456686291, q_loss:100, rewards:-231.3732, queue:37.913414, delay:2.337706, throughput:2102
SIM_TRAIN step:154, travel time:207.68571428571428, q_loss:46.18926, rewards:-35.23842, queue:6.2029133, delay:0.9174809, throughput:2646
sim step:3600/3600
episode:154/300, sim_loss:46.18926
SIM_TRAIN step:155, travel time:226.7119914346895, q_loss:45.080948, rewards:-33.670723, queue:5.7992797, delay:0.62747955, throughput:2616
sim step:3600/3600
episode:155/300, sim_loss:45.080948
SIM_TRAIN step:156, travel time:156.43928571428572, q_loss:49.83677, rewards:-45.192974, queue:7.9972186, delay:1.2320732, throughput:2728
sim step:3600/3600
episode:156/300, sim_loss:49.83677
REAL_TEST step:156, travel time:132.70413165266106, q_loss:100, rewards:-181.39684, queue:26.531937, delay:2.3244796, throughput:2754
SIM_TRAIN step:157, travel time:141.10064239828694, q_loss:46.01407, rewards:-41.882313, queue:7.284424, delay:0.6911116, throughput:2772
sim step:3600/3600
episode:157/300, sim_loss:46.01407
SIM_TRAIN step:158, travel time:115.77008211353088, q_loss:49.399025, rewards:-48.643654, queue:8.494121, delay:0.9582831, throughput:2771
sim step:3600/3600
episode:158/300, sim_loss:49.399025
SIM_TRAIN step:159, travel time:131.80785714285713, q_loss:62.03932, rewards:-25.837915, queue:4.5679054, delay:0.69009674, throughput:2747
sim step:3600/3600
episode:159/300, sim_loss:62.03932
REAL_TEST step:159, travel time:104.1967787114846, q_loss:100, rewards:-110.58925, queue:19.054785, delay:2.2281992, throughput:2793
SIM_TRAIN step:160, travel time:230.56428571428572, q_loss:64.73117, rewards:-48.907097, queue:8.498778, delay:1.0347625, throughput:2610
sim step:3600/3600
episode:160/300, sim_loss:64.73117
SIM_TRAIN step:161, travel time:126.4075, q_loss:65.94413, rewards:-41.57594, queue:7.150974, delay:0.82715374, throughput:2739
sim step:3600/3600
episode:161/300, sim_loss:65.94413
SIM_TRAIN step:162, travel time:87.85576579792931, q_loss:65.743, rewards:-32.763996, queue:5.700609, delay:0.59208715, throughput:2774
sim step:3600/3600
episode:162/300, sim_loss:65.743
REAL_TEST step:162, travel time:227.63131115459882, q_loss:100, rewards:-193.57326, queue:29.114378, delay:2.2880712, throughput:2407
SIM_TRAIN step:163, travel time:67.66976079971438, q_loss:66.03997, rewards:-29.811436, queue:5.2117343, delay:0.5208986, throughput:2781
sim step:3600/3600
episode:163/300, sim_loss:66.03997
SIM_TRAIN step:164, travel time:76.02105638829407, q_loss:73.20967, rewards:-37.72652, queue:6.4943385, delay:0.54945666, throughput:2756
sim step:3600/3600
episode:164/300, sim_loss:73.20967
SIM_TRAIN step:165, travel time:71.81428571428572, q_loss:89.21163, rewards:-43.96884, queue:7.6345115, delay:0.8269442, throughput:2784
sim step:3600/3600
episode:165/300, sim_loss:89.21163
REAL_TEST step:165, travel time:548.2336543335023, q_loss:100, rewards:-145.31311, queue:28.13648, delay:2.2586472, throughput:1386
SIM_TRAIN step:166, travel time:73.63013209568011, q_loss:90.47117, rewards:-39.975056, queue:6.925629, delay:0.7977912, throughput:2777
sim step:3600/3600
episode:166/300, sim_loss:90.47117
SIM_TRAIN step:167, travel time:77.89900071377588, q_loss:100.594696, rewards:-34.76282, queue:6.2971663, delay:0.5826073, throughput:2767
sim step:3600/3600
episode:167/300, sim_loss:100.594696
SIM_TRAIN step:168, travel time:70.37142857142857, q_loss:85.88636, rewards:-34.82484, queue:6.0562787, delay:0.68176574, throughput:2782
sim step:3600/3600
episode:168/300, sim_loss:85.88636
REAL_TEST step:168, travel time:298.3096802452913, q_loss:100, rewards:-199.17201, queue:32.34099, delay:2.2232683, throughput:2032
SIM_TRAIN step:169, travel time:82.9614423420207, q_loss:87.43327, rewards:-38.78567, queue:6.79018, delay:0.71741164, throughput:2792
sim step:3600/3600
episode:169/300, sim_loss:87.43327
SIM_TRAIN step:170, travel time:72.33321428571429, q_loss:83.724464, rewards:-36.371616, queue:6.287956, delay:0.57013464, throughput:2784
sim step:3600/3600
episode:170/300, sim_loss:83.724464
SIM_TRAIN step:171, travel time:70.77964285714286, q_loss:102.624466, rewards:-49.735714, queue:8.71921, delay:1.0105803, throughput:2777
sim step:3600/3600
episode:171/300, sim_loss:102.624466
REAL_TEST step:171, travel time:206.21981776765375, q_loss:100, rewards:-126.23099, queue:22.9861, delay:2.2184818, throughput:2319
SIM_TRAIN step:172, travel time:77.41821428571428, q_loss:98.73407, rewards:-57.810223, queue:9.965824, delay:1.2727581, throughput:2779
sim step:3600/3600
episode:172/300, sim_loss:98.73407
SIM_TRAIN step:173, travel time:66.90759900107028, q_loss:97.646835, rewards:-42.097088, queue:7.243702, delay:0.8087143, throughput:2785
sim step:3600/3600
episode:173/300, sim_loss:97.646835
SIM_TRAIN step:174, travel time:81.80892857142857, q_loss:111.67192, rewards:-35.96981, queue:6.202436, delay:0.49668297, throughput:2756
sim step:3600/3600
episode:174/300, sim_loss:111.67192
REAL_TEST step:174, travel time:312.1041009463722, q_loss:100, rewards:-182.7174, queue:30.134838, delay:2.3090057, throughput:2302
SIM_TRAIN step:175, travel time:90.3723670117815, q_loss:113.01931, rewards:-43.01646, queue:7.486549, delay:0.62337047, throughput:2756
sim step:3600/3600
episode:175/300, sim_loss:113.01931
SIM_TRAIN step:176, travel time:66.98428571428572, q_loss:138.17381, rewards:-47.19408, queue:8.110802, delay:0.9474033, throughput:2780
sim step:3600/3600
episode:176/300, sim_loss:138.17381
SIM_TRAIN step:177, travel time:61.85642857142857, q_loss:134.87207, rewards:-32.256588, queue:5.6190095, delay:0.8711107, throughput:2789
sim step:3600/3600
episode:177/300, sim_loss:134.87207
REAL_TEST step:177, travel time:439.8551000953289, q_loss:100, rewards:-153.90341, queue:30.703537, delay:2.3541675, throughput:1708
SIM_TRAIN step:178, travel time:71.16708318457694, q_loss:119.42899, rewards:-62.58925, queue:10.81519, delay:1.363682, throughput:2781
sim step:3600/3600
episode:178/300, sim_loss:119.42899
SIM_TRAIN step:179, travel time:70.09607142857143, q_loss:103.847855, rewards:-58.46027, queue:10.169364, delay:1.1199634, throughput:2782
sim step:3600/3600
episode:179/300, sim_loss:103.847855
SIM_TRAIN step:180, travel time:68.33702249196716, q_loss:108.745316, rewards:-52.77098, queue:9.065175, delay:1.0866745, throughput:2784
sim step:3600/3600
episode:180/300, sim_loss:108.745316
REAL_TEST step:180, travel time:125.4599574769667, q_loss:100, rewards:-115.78519, queue:20.3108, delay:2.1828244, throughput:2673
SIM_TRAIN step:181, travel time:63.7375, q_loss:97.91181, rewards:-37.29218, queue:6.542605, delay:0.8401287, throughput:2781
sim step:3600/3600
episode:181/300, sim_loss:97.91181
SIM_TRAIN step:182, travel time:85.83470189218136, q_loss:85.7648, rewards:-49.14976, queue:8.489957, delay:0.92575634, throughput:2766
sim step:3600/3600
episode:182/300, sim_loss:85.7648
SIM_TRAIN step:183, travel time:71.70653338093538, q_loss:88.42373, rewards:-52.7963, queue:9.236398, delay:0.9226373, throughput:2778
sim step:3600/3600
episode:183/300, sim_loss:88.42373
REAL_TEST step:183, travel time:727.1853146853147, q_loss:100, rewards:-221.67116, queue:38.81093, delay:2.3028038, throughput:1255
SIM_TRAIN step:184, travel time:85.26928571428572, q_loss:119.55217, rewards:-53.807076, queue:9.339632, delay:1.0141705, throughput:2773
sim step:3600/3600
episode:184/300, sim_loss:119.55217
SIM_TRAIN step:185, travel time:78.02035714285714, q_loss:112.980804, rewards:-67.20443, queue:11.613551, delay:1.3978747, throughput:2785
sim step:3600/3600
episode:185/300, sim_loss:112.980804
SIM_TRAIN step:186, travel time:68.0775, q_loss:112.922295, rewards:-43.171055, queue:7.563645, delay:0.7654605, throughput:2785
sim step:3600/3600
episode:186/300, sim_loss:112.922295
REAL_TEST step:186, travel time:651.4874454148471, q_loss:100, rewards:-175.5119, queue:32.355297, delay:2.2148914, throughput:1226
SIM_TRAIN step:187, travel time:57.96035714285714, q_loss:118.54259, rewards:-50.07142, queue:8.856275, delay:1.3248929, throughput:2784
sim step:3600/3600
episode:187/300, sim_loss:118.54259
SIM_TRAIN step:188, travel time:81.20285714285714, q_loss:114.105156, rewards:-46.88267, queue:8.154276, delay:0.7910995, throughput:2766
sim step:3600/3600
episode:188/300, sim_loss:114.105156
SIM_TRAIN step:189, travel time:121.02035714285714, q_loss:129.80716, rewards:-23.403618, queue:4.2418895, delay:0.5744439, throughput:2753
sim step:3600/3600
episode:189/300, sim_loss:129.80716
REAL_TEST step:189, travel time:638.7778306374881, q_loss:100, rewards:-192.48654, queue:33.413605, delay:2.2735384, throughput:1616
SIM_TRAIN step:190, travel time:195.10321428571427, q_loss:117.67889, rewards:-57.270992, queue:10.088462, delay:1.3876972, throughput:2663
sim step:3600/3600
episode:190/300, sim_loss:117.67889
SIM_TRAIN step:191, travel time:219.66571428571427, q_loss:123.31484, rewards:-39.55455, queue:6.9218483, delay:0.7016207, throughput:2669
sim step:3600/3600
episode:191/300, sim_loss:123.31484
SIM_TRAIN step:192, travel time:222.75214285714284, q_loss:117.608086, rewards:-54.422413, queue:9.366761, delay:1.164412, throughput:2637
sim step:3600/3600
episode:192/300, sim_loss:117.608086
REAL_TEST step:192, travel time:772.1509955752213, q_loss:100, rewards:-216.54904, queue:36.524246, delay:2.2968311, throughput:1186
SIM_TRAIN step:193, travel time:252.3007142857143, q_loss:110.04996, rewards:-34.569847, queue:6.1235785, delay:0.5653468, throughput:2602
sim step:3600/3600
episode:193/300, sim_loss:110.04996
SIM_TRAIN step:194, travel time:250.91214285714287, q_loss:109.23491, rewards:-28.853392, queue:5.3790665, delay:0.47890347, throughput:2604
sim step:3600/3600
episode:194/300, sim_loss:109.23491
SIM_TRAIN step:195, travel time:225.4626918957515, q_loss:109.40817, rewards:-43.447327, queue:7.6456943, delay:0.77352214, throughput:2630
sim step:3600/3600
episode:195/300, sim_loss:109.40817
REAL_TEST step:195, travel time:658.3677606177606, q_loss:100, rewards:-222.6546, queue:37.793003, delay:2.3383427, throughput:1431
SIM_TRAIN step:196, travel time:227.69389939350697, q_loss:113.54848, rewards:-31.807938, queue:5.70894, delay:0.70258707, throughput:2627
sim step:3600/3600
episode:196/300, sim_loss:113.54848
SIM_TRAIN step:197, travel time:220.5125, q_loss:104.54884, rewards:-42.154026, queue:7.399595, delay:1.084558, throughput:2644
sim step:3600/3600
episode:197/300, sim_loss:104.54884
SIM_TRAIN step:198, travel time:223.59428571428572, q_loss:81.6165, rewards:-34.1759, queue:5.971789, delay:0.8482708, throughput:2632
sim step:3600/3600
episode:198/300, sim_loss:81.6165
REAL_TEST step:198, travel time:780.3784237003913, q_loss:100, rewards:-197.33656, queue:33.61728, delay:2.3515725, throughput:1144
SIM_TRAIN step:199, travel time:219.27357142857142, q_loss:74.4728, rewards:-42.592335, queue:7.5139875, delay:1.1049091, throughput:2621
sim step:3600/3600
episode:199/300, sim_loss:74.4728
SIM_TRAIN step:200, travel time:238.6057142857143, q_loss:70.822716, rewards:-31.17346, queue:5.4795036, delay:0.5493178, throughput:2612
sim step:3600/3600
episode:200/300, sim_loss:70.822716
SIM_TRAIN step:201, travel time:215.16351303106035, q_loss:65.072716, rewards:-43.062935, queue:7.5925183, delay:1.1367961, throughput:2622
sim step:3600/3600
episode:201/300, sim_loss:65.072716
REAL_TEST step:201, travel time:383.6448275862069, q_loss:100, rewards:-126.515366, queue:23.063816, delay:2.210373, throughput:1871
SIM_TRAIN step:202, travel time:226.94607142857143, q_loss:56.048397, rewards:-31.847635, queue:5.599216, delay:0.51883966, throughput:2616
sim step:3600/3600
episode:202/300, sim_loss:56.048397
SIM_TRAIN step:203, travel time:150.2375, q_loss:52.37555, rewards:-48.133442, queue:8.36028, delay:1.2741727, throughput:2700
sim step:3600/3600
episode:203/300, sim_loss:52.37555
SIM_TRAIN step:204, travel time:222.05178571428573, q_loss:40.80157, rewards:-43.580917, queue:7.60678, delay:0.9153301, throughput:2617
sim step:3600/3600
episode:204/300, sim_loss:40.80157
REAL_TEST step:204, travel time:767.9366626065773, q_loss:100, rewards:-215.35797, queue:37.762337, delay:2.3328445, throughput:1103
SIM_TRAIN step:205, travel time:229.09321428571428, q_loss:40.475273, rewards:-40.01591, queue:7.0556374, delay:0.7114563, throughput:2622
sim step:3600/3600
episode:205/300, sim_loss:40.475273
SIM_TRAIN step:206, travel time:146.33535714285713, q_loss:45.276005, rewards:-39.581734, queue:6.868013, delay:0.848212, throughput:2734
sim step:3600/3600
episode:206/300, sim_loss:45.276005
SIM_TRAIN step:207, travel time:207.21556031406138, q_loss:43.136467, rewards:-32.127888, queue:5.8400316, delay:0.54762244, throughput:2671
sim step:3600/3600
episode:207/300, sim_loss:43.136467
REAL_TEST step:207, travel time:522.7516666666667, q_loss:100, rewards:-251.2743, queue:40.378067, delay:2.361433, throughput:1502
SIM_TRAIN step:208, travel time:182.05855051767227, q_loss:40.246273, rewards:-38.724216, queue:6.85599, delay:1.0471752, throughput:2722
sim step:3600/3600
episode:208/300, sim_loss:40.246273
SIM_TRAIN step:209, travel time:119.16178571428571, q_loss:39.18291, rewards:-37.989258, queue:6.7611346, delay:1.0287857, throughput:2784
sim step:3600/3600
episode:209/300, sim_loss:39.18291
SIM_TRAIN step:210, travel time:85.35344519814352, q_loss:31.953722, rewards:-52.27334, queue:8.983608, delay:1.129757, throughput:2777
sim step:3600/3600
episode:210/300, sim_loss:31.953722
REAL_TEST step:210, travel time:500.549000487567, q_loss:100, rewards:-233.23395, queue:37.310944, delay:2.3432271, throughput:1528
SIM_TRAIN step:211, travel time:91.33178571428572, q_loss:36.53535, rewards:-66.71031, queue:11.740331, delay:1.4252844, throughput:2785
sim step:3600/3600
episode:211/300, sim_loss:36.53535
SIM_TRAIN step:212, travel time:213.44321428571428, q_loss:53.781727, rewards:-35.400303, queue:6.1719937, delay:0.71585774, throughput:2639
sim step:3600/3600
episode:212/300, sim_loss:53.781727
SIM_TRAIN step:213, travel time:212.1406640485541, q_loss:54.15767, rewards:-39.748077, queue:6.852785, delay:0.7524075, throughput:2697
sim step:3600/3600
episode:213/300, sim_loss:54.15767
REAL_TEST step:213, travel time:286.94525547445255, q_loss:100, rewards:-130.24672, queue:25.367865, delay:2.1336424, throughput:2216
SIM_TRAIN step:214, travel time:183.21171010353444, q_loss:57.738, rewards:-39.160435, queue:6.905667, delay:1.0424327, throughput:2665
sim step:3600/3600
episode:214/300, sim_loss:57.738
SIM_TRAIN step:215, travel time:212.86259814418273, q_loss:53.88159, rewards:-55.931484, queue:9.654684, delay:1.2934767, throughput:2641
sim step:3600/3600
episode:215/300, sim_loss:53.88159
SIM_TRAIN step:216, travel time:187.24562656194217, q_loss:55.251026, rewards:-43.686035, queue:7.6835647, delay:1.2035179, throughput:2659
sim step:3600/3600
episode:216/300, sim_loss:55.251026
REAL_TEST step:216, travel time:444.0991452991453, q_loss:100, rewards:-153.54893, queue:27.805857, delay:2.1682131, throughput:1965
SIM_TRAIN step:217, travel time:220.62571428571428, q_loss:47.012516, rewards:-20.76835, queue:3.6903667, delay:0.49476263, throughput:2620
sim step:3600/3600
episode:217/300, sim_loss:47.012516
SIM_TRAIN step:218, travel time:236.99392857142857, q_loss:48.57178, rewards:-59.352566, queue:10.2635565, delay:1.275159, throughput:2623
sim step:3600/3600
episode:218/300, sim_loss:48.57178
SIM_TRAIN step:219, travel time:207.06212067118886, q_loss:56.070206, rewards:-52.793987, queue:9.107362, delay:1.1325566, throughput:2656
sim step:3600/3600
episode:219/300, sim_loss:56.070206
REAL_TEST step:219, travel time:141.90504017531043, q_loss:100, rewards:-145.98378, queue:23.463516, delay:2.1576, throughput:2608
SIM_TRAIN step:220, travel time:213.625, q_loss:55.61562, rewards:-46.29242, queue:8.027883, delay:0.95299524, throughput:2630
sim step:3600/3600
episode:220/300, sim_loss:55.61562
SIM_TRAIN step:221, travel time:205.95751517315244, q_loss:53.695564, rewards:-56.79977, queue:9.810023, delay:1.2539485, throughput:2633
sim step:3600/3600
episode:221/300, sim_loss:53.695564
SIM_TRAIN step:222, travel time:243.6276329882185, q_loss:58.9939, rewards:-40.352448, queue:7.021435, delay:0.7463315, throughput:2615
sim step:3600/3600
episode:222/300, sim_loss:58.9939
REAL_TEST step:222, travel time:400.6461342395922, q_loss:100, rewards:-131.24907, queue:25.298462, delay:2.2464166, throughput:1809
SIM_TRAIN step:223, travel time:216.55785714285713, q_loss:64.15641, rewards:-44.68418, queue:7.78682, delay:0.921422, throughput:2629
sim step:3600/3600
episode:223/300, sim_loss:64.15641
SIM_TRAIN step:224, travel time:220.96358443413067, q_loss:68.6694, rewards:-36.009037, queue:6.3378787, delay:0.9031563, throughput:2614
sim step:3600/3600
episode:224/300, sim_loss:68.6694
SIM_TRAIN step:225, travel time:222.86857142857144, q_loss:63.284027, rewards:-53.386784, queue:9.242217, delay:1.1853918, throughput:2618
sim step:3600/3600
episode:225/300, sim_loss:63.284027
REAL_TEST step:225, travel time:442.01037165082107, q_loss:100, rewards:-181.61751, queue:30.754116, delay:2.2118971, throughput:1854
SIM_TRAIN step:226, travel time:130.08461263834346, q_loss:64.57742, rewards:-42.530315, queue:7.386545, delay:0.69207734, throughput:2749
sim step:3600/3600
episode:226/300, sim_loss:64.57742
SIM_TRAIN step:227, travel time:568.4707142857143, q_loss:82.83907, rewards:-107.3264, queue:21.178946, delay:0.8298969, throughput:1794
sim step:3600/3600
episode:227/300, sim_loss:82.83907
SIM_TRAIN step:228, travel time:113.8725, q_loss:137.66513, rewards:-54.42802, queue:9.699302, delay:0.9436653, throughput:2778
sim step:3600/3600
episode:228/300, sim_loss:137.66513
REAL_TEST step:228, travel time:580.9858329262335, q_loss:100, rewards:-182.76576, queue:31.65656, delay:2.3593946, throughput:1468
SIM_TRAIN step:229, travel time:75.27821428571428, q_loss:153.65598, rewards:-22.148159, queue:3.992977, delay:0.4824398, throughput:2791
sim step:3600/3600
episode:229/300, sim_loss:153.65598
SIM_TRAIN step:230, travel time:60.04962513388076, q_loss:159.28735, rewards:-30.462841, queue:5.3886366, delay:0.7081751, throughput:2780
sim step:3600/3600
episode:230/300, sim_loss:159.28735
SIM_TRAIN step:231, travel time:85.17172438414852, q_loss:166.5535, rewards:-67.10377, queue:11.778709, delay:1.3325342, throughput:2782
sim step:3600/3600
episode:231/300, sim_loss:166.5535
REAL_TEST step:231, travel time:887.669095324833, q_loss:100, rewards:-231.14293, queue:41.233505, delay:2.336399, throughput:1006
SIM_TRAIN step:232, travel time:67.50267761513746, q_loss:178.27615, rewards:-44.799732, queue:7.8562646, delay:0.8987002, throughput:2782
sim step:3600/3600
episode:232/300, sim_loss:178.27615
SIM_TRAIN step:233, travel time:73.36142857142858, q_loss:176.86215, rewards:-46.118443, queue:7.9958625, delay:0.7715592, throughput:2785
sim step:3600/3600
episode:233/300, sim_loss:176.86215
SIM_TRAIN step:234, travel time:305.6275, q_loss:196.33234, rewards:-112.57548, queue:22.653467, delay:1.4106369, throughput:2258
sim step:3600/3600
episode:234/300, sim_loss:196.33234
REAL_TEST step:234, travel time:949.0045103092783, q_loss:100, rewards:-354.7758, queue:52.69603, delay:2.2741926, throughput:942
SIM_TRAIN step:235, travel time:115.72464285714285, q_loss:387.08627, rewards:-60.302853, queue:11.063404, delay:0.82558125, throughput:2641
sim step:3600/3600
episode:235/300, sim_loss:387.08627
SIM_TRAIN step:236, travel time:95.21242413423778, q_loss:521.35925, rewards:-48.04161, queue:8.923275, delay:0.5669726, throughput:2696
sim step:3600/3600
episode:236/300, sim_loss:521.35925
SIM_TRAIN step:237, travel time:173.425, q_loss:562.2204, rewards:-53.282467, queue:9.456127, delay:0.8785943, throughput:2775
sim step:3600/3600
episode:237/300, sim_loss:562.2204
REAL_TEST step:237, travel time:1232.2284794851166, q_loss:100, rewards:-246.38594, queue:42.973618, delay:2.3473182, throughput:594
SIM_TRAIN step:238, travel time:205.74964285714285, q_loss:601.6795, rewards:-40.760902, queue:8.186794, delay:0.5150591, throughput:2776
sim step:3600/3600
episode:238/300, sim_loss:601.6795
SIM_TRAIN step:239, travel time:116.85290967511602, q_loss:538.12244, rewards:-61.07211, queue:10.718236, delay:1.0040518, throughput:2777
sim step:3600/3600
episode:239/300, sim_loss:538.12244
SIM_TRAIN step:240, travel time:92.86642857142857, q_loss:615.0745, rewards:-66.11225, queue:11.689525, delay:1.1743275, throughput:2782
sim step:3600/3600
episode:240/300, sim_loss:615.0745
REAL_TEST step:240, travel time:1116.3637807783955, q_loss:100, rewards:-265.362, queue:43.953625, delay:2.361263, throughput:705
SIM_TRAIN step:241, travel time:985.5471428571428, q_loss:600.47723, rewards:-142.80058, queue:26.553425, delay:1.4406235, throughput:1470
sim step:3600/3600
episode:241/300, sim_loss:600.47723
SIM_TRAIN step:242, travel time:71.33928571428571, q_loss:591.26086, rewards:-58.63056, queue:10.124977, delay:1.2050182, throughput:2770
sim step:3600/3600
episode:242/300, sim_loss:591.26086
SIM_TRAIN step:243, travel time:108.92186942561541, q_loss:564.6397, rewards:-75.93452, queue:13.458847, delay:1.367153, throughput:2770
sim step:3600/3600
episode:243/300, sim_loss:564.6397
REAL_TEST step:243, travel time:377.75, q_loss:100, rewards:-192.78526, queue:32.304245, delay:2.2256281, throughput:1844
SIM_TRAIN step:244, travel time:75.3966440556944, q_loss:502.19952, rewards:-57.72746, queue:9.958032, delay:1.1515627, throughput:2783
sim step:3600/3600
episode:244/300, sim_loss:502.19952
SIM_TRAIN step:245, travel time:86.89357142857143, q_loss:435.69226, rewards:-65.62523, queue:11.57968, delay:1.301323, throughput:2784
sim step:3600/3600
episode:245/300, sim_loss:435.69226
SIM_TRAIN step:246, travel time:90.16494109246698, q_loss:370.01904, rewards:-57.12549, queue:9.815686, delay:1.2313247, throughput:2783
sim step:3600/3600
episode:246/300, sim_loss:370.01904
REAL_TEST step:246, travel time:460.69149425287355, q_loss:100, rewards:-225.4099, queue:38.511055, delay:2.332046, throughput:1716
SIM_TRAIN step:247, travel time:67.25133880756873, q_loss:327.43222, rewards:-35.134487, queue:6.082053, delay:0.5122974, throughput:2791
sim step:3600/3600
episode:247/300, sim_loss:327.43222
SIM_TRAIN step:248, travel time:80.12321428571428, q_loss:306.81146, rewards:-52.342525, queue:9.122018, delay:0.89731777, throughput:2762
sim step:3600/3600
episode:248/300, sim_loss:306.81146
SIM_TRAIN step:249, travel time:70.6375, q_loss:241.83134, rewards:-60.879265, queue:10.454845, delay:1.2467937, throughput:2785
sim step:3600/3600
episode:249/300, sim_loss:241.83134
REAL_TEST step:249, travel time:593.10625, q_loss:100, rewards:-276.5677, queue:44.148407, delay:2.368078, throughput:1535
SIM_TRAIN step:250, travel time:69.62477686540521, q_loss:208.57544, rewards:-64.895546, queue:11.309245, delay:1.3505816, throughput:2781
sim step:3600/3600
episode:250/300, sim_loss:208.57544
SIM_TRAIN step:251, travel time:75.95321428571428, q_loss:222.13847, rewards:-49.99716, queue:8.776564, delay:0.8396927, throughput:2779
sim step:3600/3600
episode:251/300, sim_loss:222.13847
SIM_TRAIN step:252, travel time:65.77365226704748, q_loss:197.61134, rewards:-41.830456, queue:7.3785543, delay:0.73931533, throughput:2792
sim step:3600/3600
episode:252/300, sim_loss:197.61134
REAL_TEST step:252, travel time:98.94607843137256, q_loss:100, rewards:-91.21189, queue:15.955889, delay:2.1555884, throughput:2807
SIM_TRAIN step:253, travel time:111.07997143877186, q_loss:198.94319, rewards:-44.53224, queue:8.160985, delay:0.54920906, throughput:2782
sim step:3600/3600
episode:253/300, sim_loss:198.94319
SIM_TRAIN step:254, travel time:68.1375, q_loss:196.13065, rewards:-57.003384, queue:10.0436535, delay:1.1351836, throughput:2776
sim step:3600/3600
episode:254/300, sim_loss:196.13065
SIM_TRAIN step:255, travel time:71.23982869379014, q_loss:156.7107, rewards:-50.366417, queue:8.728869, delay:0.89980876, throughput:2778
sim step:3600/3600
episode:255/300, sim_loss:156.7107
REAL_TEST step:255, travel time:183.09000762776506, q_loss:100, rewards:-182.42917, queue:29.558605, delay:2.253985, throughput:2483
SIM_TRAIN step:256, travel time:71.37093895037486, q_loss:126.64358, rewards:-48.71447, queue:8.405962, delay:1.0118005, throughput:2783
sim step:3600/3600
episode:256/300, sim_loss:126.64358
SIM_TRAIN step:257, travel time:67.76758300606926, q_loss:113.92232, rewards:-46.330273, queue:7.9784904, delay:0.9465373, throughput:2777
sim step:3600/3600
episode:257/300, sim_loss:113.92232
SIM_TRAIN step:258, travel time:63.52928571428571, q_loss:105.888954, rewards:-49.106133, queue:8.469859, delay:1.0039471, throughput:2791
sim step:3600/3600
episode:258/300, sim_loss:105.888954
REAL_TEST step:258, travel time:153.2377358490566, q_loss:100, rewards:-117.45863, queue:20.709854, delay:2.1815853, throughput:2537
SIM_TRAIN step:259, travel time:67.62, q_loss:102.0196, rewards:-43.49984, queue:7.6108217, delay:0.7380058, throughput:2778
sim step:3600/3600
episode:259/300, sim_loss:102.0196
SIM_TRAIN step:260, travel time:71.14280614066405, q_loss:95.499664, rewards:-54.788097, queue:9.456836, delay:1.0390311, throughput:2783
sim step:3600/3600
episode:260/300, sim_loss:95.499664
SIM_TRAIN step:261, travel time:68.1525, q_loss:107.59618, rewards:-41.513405, queue:7.081773, delay:0.7556316, throughput:2791
sim step:3600/3600
episode:261/300, sim_loss:107.59618
REAL_TEST step:261, travel time:1088.7639751552795, q_loss:100, rewards:-241.42178, queue:42.818787, delay:2.378186, throughput:769
SIM_TRAIN step:262, travel time:72.70535714285714, q_loss:111.818665, rewards:-62.26266, queue:10.73791, delay:1.2518809, throughput:2780
sim step:3600/3600
episode:262/300, sim_loss:111.818665
SIM_TRAIN step:263, travel time:70.45107142857142, q_loss:107.75368, rewards:-70.395065, queue:12.358546, delay:1.5301113, throughput:2784
sim step:3600/3600
episode:263/300, sim_loss:107.75368
SIM_TRAIN step:264, travel time:64.86897536594074, q_loss:108.45537, rewards:-35.942207, queue:6.1883383, delay:0.64234173, throughput:2782
sim step:3600/3600
episode:264/300, sim_loss:108.45537
REAL_TEST step:264, travel time:175.6634436593529, q_loss:100, rewards:-111.69709, queue:21.043657, delay:2.2258236, throughput:2557
SIM_TRAIN step:265, travel time:65.84035714285714, q_loss:97.40564, rewards:-62.151627, queue:10.637967, delay:1.3417091, throughput:2783
sim step:3600/3600
episode:265/300, sim_loss:97.40564
SIM_TRAIN step:266, travel time:68.64928571428571, q_loss:101.83039, rewards:-51.612705, queue:8.884338, delay:0.9563789, throughput:2782
sim step:3600/3600
episode:266/300, sim_loss:101.83039
SIM_TRAIN step:267, travel time:75.81013561741614, q_loss:119.091606, rewards:-37.49332, queue:6.4575725, delay:0.5602783, throughput:2753
sim step:3600/3600
episode:267/300, sim_loss:119.091606
REAL_TEST step:267, travel time:299.82443703085903, q_loss:100, rewards:-138.73108, queue:27.185677, delay:2.26777, throughput:2173
SIM_TRAIN step:268, travel time:78.97393787932882, q_loss:121.69323, rewards:-46.032185, queue:8.034173, delay:0.7790143, throughput:2785
sim step:3600/3600
episode:268/300, sim_loss:121.69323
SIM_TRAIN step:269, travel time:81.29203855765797, q_loss:128.7663, rewards:-39.240166, queue:6.905025, delay:0.66116226, throughput:2768
sim step:3600/3600
episode:269/300, sim_loss:128.7663
SIM_TRAIN step:270, travel time:75.60821428571428, q_loss:138.37054, rewards:-33.709896, queue:6.0989757, delay:0.83537596, throughput:2772
sim step:3600/3600
episode:270/300, sim_loss:138.37054
REAL_TEST step:270, travel time:595.8661814109743, q_loss:100, rewards:-211.99394, queue:38.13656, delay:2.3498385, throughput:1329
SIM_TRAIN step:271, travel time:117.22349161013923, q_loss:153.23296, rewards:-64.982445, queue:11.489942, delay:1.4487226, throughput:2790
sim step:3600/3600
episode:271/300, sim_loss:153.23296
SIM_TRAIN step:272, travel time:128.89471805852963, q_loss:149.92894, rewards:-49.992558, queue:8.995399, delay:1.3335634, throughput:2755
sim step:3600/3600
episode:272/300, sim_loss:149.92894
SIM_TRAIN step:273, travel time:145.72571428571428, q_loss:149.96869, rewards:-61.449913, queue:10.747763, delay:1.3614446, throughput:2767
sim step:3600/3600
episode:273/300, sim_loss:149.96869
REAL_TEST step:273, travel time:86.13730297723292, q_loss:100, rewards:-85.24089, queue:15.053489, delay:2.2185822, throughput:2792
SIM_TRAIN step:274, travel time:197.7072474116387, q_loss:135.57083, rewards:-44.468002, queue:7.9966474, delay:1.1265143, throughput:2650
sim step:3600/3600
episode:274/300, sim_loss:135.57083
SIM_TRAIN step:275, travel time:222.2067857142857, q_loss:107.13599, rewards:-39.991013, queue:7.048804, delay:0.79261047, throughput:2638
sim step:3600/3600
episode:275/300, sim_loss:107.13599
SIM_TRAIN step:276, travel time:223.43555872902536, q_loss:101.27738, rewards:-26.79646, queue:4.8014116, delay:0.5353508, throughput:2623
sim step:3600/3600
episode:276/300, sim_loss:101.27738
REAL_TEST step:276, travel time:155.52798573975045, q_loss:100, rewards:-188.78491, queue:30.062025, delay:2.2786305, throughput:2688
SIM_TRAIN step:277, travel time:222.29239557300963, q_loss:99.258, rewards:-48.178825, queue:8.541937, delay:1.2309047, throughput:2620
sim step:3600/3600
episode:277/300, sim_loss:99.258
SIM_TRAIN step:278, travel time:207.34214285714285, q_loss:85.072845, rewards:-41.91543, queue:7.342334, delay:0.9892293, throughput:2626
sim step:3600/3600
episode:278/300, sim_loss:85.072845
SIM_TRAIN step:279, travel time:228.7107142857143, q_loss:79.35676, rewards:-49.608036, queue:8.566348, delay:0.99666727, throughput:2627
sim step:3600/3600
episode:279/300, sim_loss:79.35676
REAL_TEST step:279, travel time:87.4016106442577, q_loss:100, rewards:-93.45988, queue:16.021753, delay:2.1336415, throughput:2805
SIM_TRAIN step:280, travel time:162.32892857142858, q_loss:70.222336, rewards:-40.316673, queue:7.038983, delay:1.0991715, throughput:2700
sim step:3600/3600
episode:280/300, sim_loss:70.222336
SIM_TRAIN step:281, travel time:199.07321428571427, q_loss:54.41558, rewards:-47.031597, queue:8.334694, delay:1.2940004, throughput:2639
sim step:3600/3600
episode:281/300, sim_loss:54.41558
SIM_TRAIN step:282, travel time:241.04892857142858, q_loss:43.65846, rewards:-42.81209, queue:7.472768, delay:1.0389587, throughput:2616
sim step:3600/3600
episode:282/300, sim_loss:43.65846
REAL_TEST step:282, travel time:146.0, q_loss:100, rewards:-90.1919, queue:16.342329, delay:2.2303658, throughput:2672
SIM_TRAIN step:283, travel time:175.49857244825125, q_loss:36.395134, rewards:-33.08767, queue:5.790096, delay:0.5277868, throughput:2721
sim step:3600/3600
episode:283/300, sim_loss:36.395134
SIM_TRAIN step:284, travel time:231.26338329764454, q_loss:33.08377, rewards:-28.863222, queue:5.3217783, delay:0.61228865, throughput:2625
sim step:3600/3600
episode:284/300, sim_loss:33.08377
SIM_TRAIN step:285, travel time:242.7250981792217, q_loss:31.70123, rewards:-54.02646, queue:9.358304, delay:1.1881485, throughput:2619
sim step:3600/3600
episode:285/300, sim_loss:31.70123
REAL_TEST step:285, travel time:203.39128829826504, q_loss:100, rewards:-152.37845, queue:23.042028, delay:2.240113, throughput:2433
SIM_TRAIN step:286, travel time:195.11420413990007, q_loss:33.617153, rewards:-53.063053, queue:9.274963, delay:1.2095202, throughput:2679
sim step:3600/3600
episode:286/300, sim_loss:33.617153
SIM_TRAIN step:287, travel time:219.64453961456104, q_loss:32.842155, rewards:-41.548183, queue:7.1763263, delay:0.8193159, throughput:2629
sim step:3600/3600
episode:287/300, sim_loss:32.842155
SIM_TRAIN step:288, travel time:102.8875, q_loss:33.215683, rewards:-35.78062, queue:6.3168945, delay:0.9645247, throughput:2771
sim step:3600/3600
episode:288/300, sim_loss:33.215683
REAL_TEST step:288, travel time:151.8100185528757, q_loss:100, rewards:-128.8916, queue:20.748373, delay:2.286438, throughput:2573
SIM_TRAIN step:289, travel time:93.67832916815424, q_loss:34.072357, rewards:-64.7631, queue:11.261303, delay:1.3418164, throughput:2772
sim step:3600/3600
episode:289/300, sim_loss:34.072357
SIM_TRAIN step:290, travel time:94.555, q_loss:42.377033, rewards:-43.911873, queue:7.7947607, delay:1.1862965, throughput:2788
sim step:3600/3600
episode:290/300, sim_loss:42.377033
SIM_TRAIN step:291, travel time:142.42285714285714, q_loss:42.864136, rewards:-44.879692, queue:7.840782, delay:1.2292281, throughput:2743
sim step:3600/3600
episode:291/300, sim_loss:42.864136
REAL_TEST step:291, travel time:141.25229709035222, q_loss:100, rewards:-110.824524, queue:18.308739, delay:2.17876, throughput:2451
SIM_TRAIN step:292, travel time:80.35724482512491, q_loss:44.003513, rewards:-47.71532, queue:8.319439, delay:1.3064265, throughput:2790
sim step:3600/3600
episode:292/300, sim_loss:44.003513
SIM_TRAIN step:293, travel time:115.56821428571429, q_loss:48.25245, rewards:-38.519352, queue:6.7574835, delay:0.65682137, throughput:2756
sim step:3600/3600
episode:293/300, sim_loss:48.25245
SIM_TRAIN step:294, travel time:89.65822333214413, q_loss:46.451153, rewards:-36.32415, queue:6.421485, delay:0.56399834, throughput:2771
sim step:3600/3600
episode:294/300, sim_loss:46.451153
REAL_TEST step:294, travel time:186.73672143675964, q_loss:100, rewards:-152.20198, queue:24.500593, delay:2.2776947, throughput:2474
SIM_TRAIN step:295, travel time:85.54675231977158, q_loss:59.819004, rewards:-17.960848, queue:3.278649, delay:0.43381375, throughput:2775
sim step:3600/3600
episode:295/300, sim_loss:59.819004
SIM_TRAIN step:296, travel time:91.46519100321314, q_loss:70.866516, rewards:-69.970634, queue:12.343759, delay:1.5239855, throughput:2771
sim step:3600/3600
episode:296/300, sim_loss:70.866516
SIM_TRAIN step:297, travel time:73.02464285714285, q_loss:88.80981, rewards:-55.86877, queue:9.563743, delay:1.1337066, throughput:2791
sim step:3600/3600
episode:297/300, sim_loss:88.80981
REAL_TEST step:297, travel time:167.89944134078212, q_loss:100, rewards:-161.15277, queue:28.757502, delay:2.3416772, throughput:2573
SIM_TRAIN step:298, travel time:72.71357142857143, q_loss:72.82115, rewards:-37.85553, queue:6.5778747, delay:0.65208536, throughput:2783
sim step:3600/3600
episode:298/300, sim_loss:72.82115
SIM_TRAIN step:299, travel time:60.38285714285714, q_loss:78.31386, rewards:-34.134995, queue:6.0478344, delay:0.82174075, throughput:2784
sim step:3600/3600
episode:299/300, sim_loss:78.31386
Total time taken: 16896.507748365402
