cologne3_combine2_dqn_latent_observation	REAL_TEST	1	1039.5	100.0	-155.38	30.13	1.18	856
cologne3_combine2_dqn_latent_observation	REAL_TEST	2	1946.1	100.0	-391.58	58.03	1.57	213
cologne3_combine2_dqn_latent_observation	REAL_TEST	3	1038.5	100.0	-292.71	51.11	1.38	862
cologne3_combine2_dqn_latent_observation	REAL_TEST	4	935.9	100.0	-320.38	52.17	1.43	960
cologne3_combine2_dqn_latent_observation	REAL_TEST	5	241.1	100.0	-170.18	23.60	1.35	2251
cologne3_combine2_dqn_latent_observation	REAL_TEST	6	144.1	100.0	-154.69	20.10	1.23	2490
cologne3_combine2_dqn_latent_observation	REAL_TEST	7	138.5	100.0	-155.59	20.43	1.31	2492
cologne3_combine2_dqn_latent_observation	REAL_TEST	8	154.2	100.0	-155.76	20.79	1.30	2510
cologne3_combine2_dqn_latent_observation	REAL_TEST	9	314.0	100.0	-173.17	26.74	1.26	2055
cologne3_combine2_dqn_latent_observation	REAL_TEST	10	137.4	100.0	-159.67	21.28	1.37	2492
cologne3_combine2_dqn_latent_observation	REAL_TEST	11	140.3	100.0	-152.95	19.84	1.25	2491
cologne3_combine2_dqn_latent_observation	REAL_TEST	12	267.9	100.0	-150.12	19.14	1.15	2223
cologne3_combine2_dqn_latent_observation	REAL_TEST	13	140.4	100.0	-157.42	20.50	1.36	2495
cologne3_combine2_dqn_latent_observation	REAL_TEST	14	618.8	100.0	-162.13	28.38	1.30	1259
cologne3_combine2_dqn_latent_observation	REAL_TEST	15	139.7	100.0	-157.06	20.84	1.35	2497
cologne3_combine2_dqn_latent_observation	REAL_TEST	16	139.7	100.0	-149.74	19.46	1.25	2514
cologne3_combine2_dqn_latent_observation	REAL_TEST	17	139.0	100.0	-172.06	23.14	1.45	2527
cologne3_combine2_dqn_latent_observation	REAL_TEST	18	93.7	100.0	-48.40	8.73	1.12	2811
cologne3_combine2_dqn_latent_observation	REAL_TEST	19	145.4	100.0	-159.24	21.12	1.37	2498
cologne3_combine2_dqn_latent_observation	REAL_TEST	20	138.0	100.0	-154.98	20.37	1.22	2499
cologne3_combine2_dqn_latent_observation	REAL_TEST	21	312.9	100.0	-279.43	37.69	1.39	2068
cologne3_combine2_dqn_latent_observation	REAL_TEST	22	139.1	100.0	-158.06	20.89	1.29	2499
cologne3_combine2_dqn_latent_observation	REAL_TEST	23	255.6	100.0	-253.94	34.04	1.53	2246
cologne3_combine2_dqn_latent_observation	REAL_TEST	24	312.4	100.0	-283.50	40.75	1.53	2104
cologne3_combine2_dqn_latent_observation	REAL_TEST	25	151.4	100.0	-160.63	21.38	1.28	2496
cologne3_combine2_dqn_latent_observation	REAL_TEST	26	305.4	100.0	-281.41	39.25	1.50	2161
cologne3_combine2_dqn_latent_observation	REAL_TEST	27	144.9	100.0	-62.01	10.84	1.16	2544
cologne3_combine2_dqn_latent_observation	REAL_TEST	28	76.0	100.0	-48.72	8.64	1.21	2810
cologne3_combine2_dqn_latent_observation	REAL_TEST	29	202.9	100.0	-56.09	10.14	1.39	2198
cologne3_combine2_dqn_latent_observation	REAL_TEST	30	617.4	100.0	-204.23	31.49	1.37	1234
cologne3_combine2_dqn_latent_observation	REAL_TEST	31	549.6	100.0	-125.32	22.02	1.30	1453
cologne3_combine2_dqn_latent_observation	REAL_TEST	32	89.5	100.0	-70.32	11.39	1.30	2809
cologne3_combine2_dqn_latent_observation	REAL_TEST	33	86.1	100.0	-57.52	9.39	1.29	2801
cologne3_combine2_dqn_latent_observation	REAL_TEST	34	181.7	100.0	-141.10	21.84	1.34	2808
cologne3_combine2_dqn_latent_observation	REAL_TEST	35	182.1	100.0	-62.75	10.38	1.15	2489
cologne3_combine2_dqn_latent_observation	REAL_TEST	36	74.6	100.0	-44.80	7.93	1.10	2811
cologne3_combine2_dqn_latent_observation	REAL_TEST	37	152.3	100.0	-105.27	17.29	1.30	2801
cologne3_combine2_dqn_latent_observation	REAL_TEST	38	140.5	100.0	-72.47	11.90	1.39	2547
cologne3_combine2_dqn_latent_observation	REAL_TEST	39	74.2	100.0	-52.72	9.13	1.35	2808
cologne3_combine2_dqn_latent_observation	REAL_TEST	40	75.5	100.0	-49.94	8.49	1.29	2803
cologne3_combine2_dqn_latent_observation	REAL_TEST	41	78.7	100.0	-51.03	8.73	1.26	2815
cologne3_combine2_dqn_latent_observation	REAL_TEST	42	159.8	100.0	-70.03	11.89	1.19	2508
cologne3_combine2_dqn_latent_observation	REAL_TEST	43	104.8	100.0	-49.97	8.39	1.17	2809
cologne3_combine2_dqn_latent_observation	REAL_TEST	44	146.6	100.0	-77.01	12.06	1.33	2538
cologne3_combine2_dqn_latent_observation	REAL_TEST	45	75.5	100.0	-46.08	7.81	1.15	2809
cologne3_combine2_dqn_latent_observation	REAL_TEST	46	74.6	100.0	-47.45	8.16	1.21	2814
cologne3_combine2_dqn_latent_observation	REAL_TEST	47	78.3	100.0	-54.46	8.96	1.30	2812
cologne3_combine2_dqn_latent_observation	REAL_TEST	48	76.0	100.0	-54.72	9.15	1.32	2809
cologne3_combine2_dqn_latent_observation	REAL_TEST	49	78.4	100.0	-44.33	7.57	1.10	2803
cologne3_combine2_dqn_latent_observation	REAL_TEST	50	512.8	100.0	-94.17	18.05	1.20	1440
cologne3_combine2_dqn_latent_observation	REAL_TEST	51	535.9	100.0	-116.44	23.15	1.33	1380
cologne3_combine2_dqn_latent_observation	REAL_TEST	52	76.4	100.0	-51.83	8.71	1.31	2811
cologne3_combine2_dqn_latent_observation	REAL_TEST	53	75.4	100.0	-47.43	7.92	1.18	2804
cologne3_combine2_dqn_latent_observation	REAL_TEST	54	82.5	100.0	-31.60	6.11	0.85	2799
cologne3_combine2_dqn_latent_observation	REAL_TEST	55	487.2	100.0	-110.29	20.69	1.34	1487
cologne3_combine2_dqn_latent_observation	REAL_TEST	56	76.2	100.0	-51.23	8.41	1.25	2808
cologne3_combine2_dqn_latent_observation	REAL_TEST	57	517.2	100.0	-127.21	24.53	1.45	1428
cologne3_combine2_dqn_latent_observation	REAL_TEST	58	81.5	100.0	-50.28	8.53	1.29	2794
cologne3_combine2_dqn_latent_observation	REAL_TEST	59	86.2	100.0	-47.02	8.14	1.05	2802
cologne3_combine2_dqn_latent_observation	REAL_TEST	60	117.7	100.0	-50.21	8.77	1.20	2753
cologne3_combine2_dqn_latent_observation	REAL_TEST	61	79.9	100.0	-47.34	8.03	1.15	2796
cologne3_combine2_dqn_latent_observation	REAL_TEST	62	178.8	100.0	-53.71	9.67	1.28	2581
cologne3_combine2_dqn_latent_observation	REAL_TEST	63	90.4	100.0	-47.49	8.19	1.11	2791
cologne3_combine2_dqn_latent_observation	REAL_TEST	64	82.9	100.0	-47.33	8.07	1.22	2803
cologne3_combine2_dqn_latent_observation	REAL_TEST	65	111.3	100.0	-53.25	8.90	1.24	2786
cologne3_combine2_dqn_latent_observation	REAL_TEST	66	83.8	100.0	-42.44	7.21	1.16	2791
cologne3_combine2_dqn_latent_observation	REAL_TEST	67	477.2	100.0	-122.05	23.59	1.32	1483
cologne3_combine2_dqn_latent_observation	REAL_TEST	68	130.3	100.0	-70.76	11.45	1.23	2573
cologne3_combine2_dqn_latent_observation	REAL_TEST	69	197.2	100.0	-61.52	11.94	1.08	2173
cologne3_combine2_dqn_latent_observation	REAL_TEST	70	79.4	100.0	-41.33	6.57	1.09	2792
cologne3_combine2_dqn_latent_observation	REAL_TEST	71	78.8	100.0	-49.71	8.62	1.16	2812
cologne3_combine2_dqn_latent_observation	REAL_TEST	72	104.6	100.0	-46.77	8.45	1.10	2666
cologne3_combine2_dqn_latent_observation	REAL_TEST	73	80.0	100.0	-44.20	7.78	1.11	2813
cologne3_combine2_dqn_latent_observation	REAL_TEST	74	77.0	100.0	-51.99	9.01	1.30	2803
cologne3_combine2_dqn_latent_observation	REAL_TEST	75	79.6	100.0	-54.91	9.41	1.34	2805
cologne3_combine2_dqn_latent_observation	REAL_TEST	76	81.3	100.0	-42.54	7.31	1.19	2799
cologne3_combine2_dqn_latent_observation	REAL_TEST	77	98.3	100.0	-41.94	7.79	1.08	2765
cologne3_combine2_dqn_latent_observation	REAL_TEST	78	79.8	100.0	-47.16	8.23	1.18	2799
cologne3_combine2_dqn_latent_observation	REAL_TEST	79	185.9	100.0	-91.15	14.51	1.21	2423
cologne3_combine2_dqn_latent_observation	REAL_TEST	80	85.3	100.0	-36.75	6.84	1.00	2806
cologne3_combine2_dqn_latent_observation	REAL_TEST	81	91.0	100.0	-40.63	7.68	1.00	2812
cologne3_combine2_dqn_latent_observation	REAL_TEST	82	601.1	100.0	-118.78	23.21	1.29	1274
cologne3_combine2_dqn_latent_observation	REAL_TEST	83	140.3	100.0	-79.80	12.76	1.31	2547
cologne3_combine2_dqn_latent_observation	REAL_TEST	84	84.9	100.0	-51.20	8.77	1.28	2806
cologne3_combine2_dqn_latent_observation	REAL_TEST	85	77.3	100.0	-55.92	9.23	1.31	2805
cologne3_combine2_dqn_latent_observation	REAL_TEST	86	148.2	100.0	-78.98	12.58	1.23	2546
cologne3_combine2_dqn_latent_observation	REAL_TEST	87	75.8	100.0	-55.40	9.24	1.36	2813
cologne3_combine2_dqn_latent_observation	REAL_TEST	88	716.1	100.0	-266.85	38.88	1.44	1143
cologne3_combine2_dqn_latent_observation	REAL_TEST	89	83.9	100.0	-47.20	7.82	1.12	2808
cologne3_combine2_dqn_latent_observation	REAL_TEST	90	90.6	100.0	-53.03	9.07	1.30	2787
cologne3_combine2_dqn_latent_observation	REAL_TEST	91	612.2	100.0	-185.03	31.29	1.39	1286
cologne3_combine2_dqn_latent_observation	REAL_TEST	92	177.4	100.0	-101.79	16.54	1.38	2409
cologne3_combine2_dqn_latent_observation	REAL_TEST	93	153.1	100.0	-145.66	22.10	1.40	2454
cologne3_combine2_dqn_latent_observation	REAL_TEST	94	161.7	100.0	-125.92	18.38	1.31	2416
cologne3_combine2_dqn_latent_observation	REAL_TEST	95	631.3	100.0	-196.53	31.06	1.23	1279
cologne3_combine2_dqn_latent_observation	REAL_TEST	96	89.5	100.0	-33.18	6.03	0.86	2768
cologne3_combine2_dqn_latent_observation	REAL_TEST	97	77.2	100.0	-39.83	7.02	0.98	2812
cologne3_combine2_dqn_latent_observation	REAL_TEST	98	84.3	100.0	-52.96	9.30	1.36	2807
cologne3_combine2_dqn_latent_observation	REAL_TEST	99	230.5	100.0	-127.78	18.44	1.28	2230
cologne3_combine2_dqn_latent_observation	REAL_TEST	100	465.7	100.0	-182.99	28.72	1.41	1587
cologne3_combine2_dqn_latent_observation	REAL_TEST	101	172.4	100.0	-134.03	20.16	1.30	2457
cologne3_combine2_dqn_latent_observation	REAL_TEST	102	95.9	100.0	-73.10	11.21	1.20	2789
cologne3_combine2_dqn_latent_observation	REAL_TEST	103	141.0	100.0	-63.46	10.64	1.19	2536
cologne3_combine2_dqn_latent_observation	REAL_TEST	104	215.4	100.0	-113.70	18.34	1.26	2229
cologne3_combine2_dqn_latent_observation	REAL_TEST	105	551.0	100.0	-202.27	33.38	1.37	1362
cologne3_combine2_dqn_latent_observation	REAL_TEST	106	147.7	100.0	-69.79	10.54	1.08	2495
cologne3_combine2_dqn_latent_observation	REAL_TEST	107	86.9	100.0	-45.74	7.85	1.09	2808
cologne3_combine2_dqn_latent_observation	REAL_TEST	108	82.1	100.0	-55.93	9.05	1.19	2804
cologne3_combine2_dqn_latent_observation	REAL_TEST	109	80.1	100.0	-51.06	8.83	1.32	2804
cologne3_combine2_dqn_latent_observation	REAL_TEST	110	80.2	100.0	-50.36	7.96	1.18	2803
cologne3_combine2_dqn_latent_observation	REAL_TEST	111	106.5	100.0	-37.61	7.01	0.99	2720
cologne3_combine2_dqn_latent_observation	REAL_TEST	112	80.8	100.0	-62.62	9.89	1.32	2806
cologne3_combine2_dqn_latent_observation	REAL_TEST	113	204.2	100.0	-132.42	19.36	1.12	2436
cologne3_combine2_dqn_latent_observation	REAL_TEST	114	152.5	100.0	-149.12	21.19	1.13	2517
cologne3_combine2_dqn_latent_observation	REAL_TEST	115	87.7	100.0	-53.45	8.53	1.15	2798
cologne3_combine2_dqn_latent_observation	REAL_TEST	116	667.6	100.0	-254.24	35.94	1.51	1292
cologne3_combine2_dqn_latent_observation	REAL_TEST	117	186.5	100.0	-147.49	20.03	1.29	2419
cologne3_combine2_dqn_latent_observation	REAL_TEST	118	154.1	100.0	-76.27	12.14	1.29	2542
cologne3_combine2_dqn_latent_observation	REAL_TEST	119	134.1	100.0	-126.81	18.56	1.36	2545
cologne3_combine2_dqn_latent_observation	REAL_TEST	120	83.3	100.0	-62.62	9.67	1.23	2807
cologne3_combine2_dqn_latent_observation	REAL_TEST	121	101.1	100.0	-83.86	12.42	1.37	2785
cologne3_combine2_dqn_latent_observation	REAL_TEST	122	104.4	100.0	-92.75	13.63	1.27	2807
cologne3_combine2_dqn_latent_observation	REAL_TEST	123	79.9	100.0	-47.55	8.16	1.15	2804
cologne3_combine2_dqn_latent_observation	REAL_TEST	124	119.5	100.0	-66.33	10.47	1.17	2779
cologne3_combine2_dqn_latent_observation	REAL_TEST	125	513.3	100.0	-110.24	20.76	1.30	1439
cologne3_combine2_dqn_latent_observation	REAL_TEST	126	78.8	100.0	-52.69	8.56	1.25	2809
cologne3_combine2_dqn_latent_observation	REAL_TEST	127	85.9	100.0	-56.21	8.73	1.18	2810
cologne3_combine2_dqn_latent_observation	REAL_TEST	128	113.0	100.0	-74.71	11.92	1.33	2777
cologne3_combine2_dqn_latent_observation	REAL_TEST	129	80.6	100.0	-58.30	9.47	1.30	2802
cologne3_combine2_dqn_latent_observation	REAL_TEST	130	82.3	100.0	-55.91	9.13	1.23	2799
cologne3_combine2_dqn_latent_observation	REAL_TEST	131	98.8	100.0	-85.04	12.64	1.23	2810
cologne3_combine2_dqn_latent_observation	REAL_TEST	132	140.6	100.0	-37.34	7.10	0.93	2616
cologne3_combine2_dqn_latent_observation	REAL_TEST	133	76.0	100.0	-36.79	6.95	0.93	2805
cologne3_combine2_dqn_latent_observation	REAL_TEST	134	77.2	100.0	-42.28	6.84	1.05	2804
cologne3_combine2_dqn_latent_observation	REAL_TEST	135	80.2	100.0	-61.10	9.78	1.36	2805
cologne3_combine2_dqn_latent_observation	REAL_TEST	136	91.4	100.0	-50.89	8.45	1.25	2799
cologne3_combine2_dqn_latent_observation	REAL_TEST	137	94.4	100.0	-65.22	9.41	1.00	2809
cologne3_combine2_dqn_latent_observation	REAL_TEST	138	80.3	100.0	-56.84	9.18	1.26	2798
cologne3_combine2_dqn_latent_observation	REAL_TEST	139	204.7	100.0	-170.82	25.95	1.47	2175
cologne3_combine2_dqn_latent_observation	REAL_TEST	140	137.1	100.0	-156.71	20.56	1.36	2488
cologne3_combine2_dqn_latent_observation	REAL_TEST	141	102.2	100.0	-52.24	8.99	1.22	2737
cologne3_combine2_dqn_latent_observation	REAL_TEST	142	80.0	100.0	-57.83	9.27	1.32	2814
cologne3_combine2_dqn_latent_observation	REAL_TEST	143	121.6	100.0	-47.08	7.82	0.99	2604
cologne3_combine2_dqn_latent_observation	REAL_TEST	144	107.0	100.0	-103.58	14.39	1.32	2764
cologne3_combine2_dqn_latent_observation	REAL_TEST	145	135.3	100.0	-133.62	18.15	1.21	2626
cologne3_combine2_dqn_latent_observation	REAL_TEST	146	192.1	100.0	-143.60	19.30	1.15	2384
cologne3_combine2_dqn_latent_observation	REAL_TEST	147	143.2	100.0	-75.98	12.21	1.22	2545
cologne3_combine2_dqn_latent_observation	REAL_TEST	148	79.8	100.0	-53.46	8.85	1.33	2801
cologne3_combine2_dqn_latent_observation	REAL_TEST	149	91.0	100.0	-59.63	9.79	1.28	2768
cologne3_combine2_dqn_latent_observation	REAL_TEST	150	1065.2	100.0	-214.68	38.19	1.42	763
cologne3_combine2_dqn_latent_observation	REAL_TEST	151	84.2	100.0	-52.26	8.68	1.27	2791
cologne3_combine2_dqn_latent_observation	REAL_TEST	152	83.9	100.0	-54.20	9.12	1.37	2808
cologne3_combine2_dqn_latent_observation	REAL_TEST	153	86.4	100.0	-56.19	9.77	1.37	2791
cologne3_combine2_dqn_latent_observation	REAL_TEST	154	86.0	100.0	-55.27	9.30	1.39	2789
cologne3_combine2_dqn_latent_observation	REAL_TEST	155	82.9	100.0	-47.74	8.12	1.20	2796
cologne3_combine2_dqn_latent_observation	REAL_TEST	156	77.9	100.0	-50.56	8.43	1.28	2795
cologne3_combine2_dqn_latent_observation	REAL_TEST	157	84.2	100.0	-53.06	9.49	1.29	2810
cologne3_combine2_dqn_latent_observation	REAL_TEST	158	192.5	100.0	-96.08	14.78	1.30	2427
cologne3_combine2_dqn_latent_observation	REAL_TEST	159	141.3	100.0	-78.50	12.49	1.35	2541
cologne3_combine2_dqn_latent_observation	REAL_TEST	160	477.4	100.0	-107.01	19.90	1.27	1503
cologne3_combine2_dqn_latent_observation	REAL_TEST	161	82.4	100.0	-58.85	9.52	1.37	2806
cologne3_combine2_dqn_latent_observation	REAL_TEST	162	151.8	100.0	-97.37	14.76	1.34	2541
cologne3_combine2_dqn_latent_observation	REAL_TEST	163	170.4	100.0	-128.12	18.10	1.36	2472
cologne3_combine2_dqn_latent_observation	REAL_TEST	164	92.7	100.0	-54.10	8.92	1.23	2773
cologne3_combine2_dqn_latent_observation	REAL_TEST	165	79.2	100.0	-58.85	9.48	1.29	2807
cologne3_combine2_dqn_latent_observation	REAL_TEST	166	171.4	100.0	-102.77	15.51	1.35	2458
cologne3_combine2_dqn_latent_observation	REAL_TEST	167	99.7	100.0	-75.39	12.19	1.19	2799
cologne3_combine2_dqn_latent_observation	REAL_TEST	168	79.3	100.0	-55.50	9.07	1.32	2806
cologne3_combine2_dqn_latent_observation	REAL_TEST	169	78.8	100.0	-56.35	9.36	1.27	2812
cologne3_combine2_dqn_latent_observation	REAL_TEST	170	89.0	100.0	-72.42	11.30	1.32	2806
cologne3_combine2_dqn_latent_observation	REAL_TEST	171	143.0	100.0	-81.52	12.92	1.35	2547
cologne3_combine2_dqn_latent_observation	REAL_TEST	172	143.4	100.0	-80.63	13.05	1.31	2537
cologne3_combine2_dqn_latent_observation	REAL_TEST	173	76.2	100.0	-44.95	7.23	1.09	2810
cologne3_combine2_dqn_latent_observation	REAL_TEST	174	76.2	100.0	-48.69	8.07	1.16	2811
cologne3_combine2_dqn_latent_observation	REAL_TEST	175	78.8	100.0	-43.72	7.09	1.10	2812
cologne3_combine2_dqn_latent_observation	REAL_TEST	176	96.3	100.0	-48.54	8.89	1.19	2804
cologne3_combine2_dqn_latent_observation	REAL_TEST	177	79.5	100.0	-31.15	6.07	0.82	2805
cologne3_combine2_dqn_latent_observation	REAL_TEST	178	78.3	100.0	-50.06	8.32	1.25	2809
cologne3_combine2_dqn_latent_observation	REAL_TEST	179	140.2	100.0	-76.50	12.37	1.24	2550
cologne3_combine2_dqn_latent_observation	REAL_TEST	180	88.7	100.0	-51.82	9.17	1.27	2806
cologne3_combine2_dqn_latent_observation	REAL_TEST	181	83.1	100.0	-49.90	8.32	1.13	2805
cologne3_combine2_dqn_latent_observation	REAL_TEST	182	76.7	100.0	-48.77	8.52	1.19	2808
cologne3_combine2_dqn_latent_observation	REAL_TEST	183	75.8	100.0	-47.13	8.07	1.21	2811
cologne3_combine2_dqn_latent_observation	REAL_TEST	184	79.3	100.0	-52.34	8.55	1.12	2815
cologne3_combine2_dqn_latent_observation	REAL_TEST	185	74.6	100.0	-47.26	8.01	1.17	2805
cologne3_combine2_dqn_latent_observation	REAL_TEST	186	145.7	100.0	-85.15	13.71	1.41	2523
cologne3_combine2_dqn_latent_observation	REAL_TEST	187	83.4	100.0	-47.15	8.44	1.14	2811
cologne3_combine2_dqn_latent_observation	REAL_TEST	188	140.1	100.0	-83.57	13.43	1.39	2546
cologne3_combine2_dqn_latent_observation	REAL_TEST	189	83.9	100.0	-58.74	9.83	1.37	2777
cologne3_combine2_dqn_latent_observation	REAL_TEST	190	128.0	100.0	-53.28	8.99	1.28	2468
cologne3_combine2_dqn_latent_observation	REAL_TEST	191	429.0	100.0	-102.92	19.06	1.22	1597
cologne3_combine2_dqn_latent_observation	REAL_TEST	192	77.4	100.0	-49.19	8.73	1.22	2805
cologne3_combine2_dqn_latent_observation	REAL_TEST	193	89.3	100.0	-48.15	9.00	1.20	2806
cologne3_combine2_dqn_latent_observation	REAL_TEST	194	79.2	100.0	-50.30	8.43	1.24	2803
cologne3_combine2_dqn_latent_observation	REAL_TEST	195	105.4	100.0	-53.91	9.33	1.23	2774
cologne3_combine2_dqn_latent_observation	REAL_TEST	196	80.1	100.0	-48.10	8.02	1.19	2814
cologne3_combine2_dqn_latent_observation	REAL_TEST	197	137.7	100.0	-67.02	10.96	1.13	2554
cologne3_combine2_dqn_latent_observation	REAL_TEST	198	82.1	100.0	-54.40	9.20	1.21	2810
cologne3_combine2_dqn_latent_observation	REAL_TEST	199	75.7	100.0	-52.51	8.81	1.27	2811
